NCAPTC: : NetCDF: Variable not found
Warning: ieee_overflow is signaling
Warning: ieee_underflow is signaling
Warning: ieee_inexact is signaling
FORTRAN STOP
 solver
 /global/common/software/atom/perlmutter/data/greentable/
 /global/common/software/atom/perlmutter/data/greentable/

          EFITD Version  07/09/2014


 type mode (2=file, 3=snap, 4=time, 5=input, 6=com file, 7=snap_ext):

 number of time slices?

 type input file names:
 #
 table_dir = </global/common/software/atom/perlmutter/data/greentable/>

  ----- time =     5 ms ----- ( 0)
 it=  1 chi2=0.00E+00 zm= 7.53E-03 err=5.202E+00 dz= 7.535E-03 chigam= 0.00E+00
 it=  2 chi2=0.00E+00 zm= 1.09E-02 err=9.001E-01 dz= 3.377E-03 chigam= 0.00E+00
 it=  3 chi2=0.00E+00 zm= 1.35E-02 err=5.218E-01 dz= 2.548E-03 chigam= 0.00E+00
 it=  4 chi2=0.00E+00 zm= 1.54E-02 err=3.043E-01 dz= 1.915E-03 chigam= 0.00E+00
 it=  5 chi2=0.00E+00 zm= 1.68E-02 err=1.798E-01 dz= 1.450E-03 chigam= 0.00E+00
 it=  6 chi2=0.00E+00 zm= 1.79E-02 err=1.107E-01 dz= 1.097E-03 chigam= 0.00E+00
 it=  7 chi2=0.00E+00 zm= 1.87E-02 err=6.166E-02 dz= 8.131E-04 chigam= 0.00E+00
 it=  8 chi2=0.00E+00 zm= 1.93E-02 err=3.998E-02 dz= 6.060E-04 chigam= 0.00E+00
 it=  9 chi2=0.00E+00 zm= 1.98E-02 err=2.432E-02 dz= 4.468E-04 chigam= 0.00E+00
 it= 10 chi2=0.00E+00 zm= 2.01E-02 err=1.543E-02 dz= 3.288E-04 chigam= 0.00E+00
 it= 11 chi2=0.00E+00 zm= 2.04E-02 err=1.213E-02 dz= 2.398E-04 chigam= 0.00E+00
 it= 12 chi2=0.00E+00 zm= 2.05E-02 err=7.100E-03 dz= 1.750E-04 chigam= 0.00E+00
 it= 13 chi2=0.00E+00 zm= 2.07E-02 err=4.307E-03 dz= 1.274E-04 chigam= 0.00E+00
 it= 14 chi2=0.00E+00 zm= 2.08E-02 err=3.362E-03 dz= 9.163E-05 chigam= 0.00E+00
 it= 15 chi2=0.00E+00 zm= 2.08E-02 err=2.217E-03 dz= 6.642E-05 chigam= 0.00E+00
 it= 16 chi2=0.00E+00 zm= 2.09E-02 err=1.480E-03 dz= 4.813E-05 chigam= 0.00E+00
 it= 17 chi2=0.00E+00 zm= 2.09E-02 err=9.977E-04 dz= 3.487E-05 chigam= 0.00E+00
 it= 18 chi2=0.00E+00 zm= 2.09E-02 err=6.784E-04 dz= 2.527E-05 chigam= 0.00E+00
 it= 19 chi2=0.00E+00 zm= 2.09E-02 err=4.645E-04 dz= 1.831E-05 chigam= 0.00E+00
 it= 20 chi2=0.00E+00 zm= 2.10E-02 err=3.200E-04 dz= 1.326E-05 chigam= 0.00E+00
 it= 21 chi2=0.00E+00 zm= 2.10E-02 err=2.215E-04 dz= 9.614E-06 chigam= 0.00E+00
 it= 22 chi2=0.00E+00 zm= 2.10E-02 err=1.799E-03 dz= 5.750E-06 chigam= 0.00E+00
 it= 23 chi2=0.00E+00 zm= 2.10E-02 err=1.016E-03 dz= 3.781E-06 chigam= 0.00E+00
 it= 24 chi2=0.00E+00 zm= 2.10E-02 err=5.759E-04 dz= 2.469E-06 chigam= 0.00E+00
 it= 25 chi2=0.00E+00 zm= 2.10E-02 err=3.282E-04 dz= 1.603E-06 chigam= 0.00E+00
 it= 26 chi2=0.00E+00 zm= 2.10E-02 err=1.880E-04 dz= 1.035E-06 chigam= 0.00E+00
 it= 27 chi2=0.00E+00 zm= 2.10E-02 err=1.085E-04 dz= 6.644E-07 chigam= 0.00E+00
 it= 28 chi2=0.00E+00 zm= 2.10E-02 err=6.294E-05 dz= 4.234E-07 chigam= 0.00E+00

      ******************** EFITD129 x 129  output ********************

       data used:   
  0 flux loops
  0 magnetic probes(i)
  0 full rogowski
  0 diamagnetic loop


 shot #   =          1 time(ms) =          5 chi**2   =  0.000E+00
 betat(%) =      1.321 betap    =      0.671 li       =      0.856
 vol(cm3) =  0.782E+07 rout(cm) =    172.231 zout(cm) =      0.734
 elong    =      1.352 utriang  =     -0.371 ltriang  =     -0.338
 a(cm)    =     41.462 lin(cm)  = ********** lout(cm) =     10.483
 ltop(cm) = ********** q*       =      2.353 rc(cm)   =    177.255
 zc(cm)   =      1.829 bt0(t)   =      2.000 qout     =      2.230
