NCAPTC: : NetCDF: Variable not found
Warning: ieee_overflow is signaling
Warning: ieee_underflow is signaling
Warning: ieee_inexact is signaling
FORTRAN STOP
 solver
 /global/common/software/atom/perlmutter/data/greentable/
 /global/common/software/atom/perlmutter/data/greentable/

          EFITD Version  07/09/2014


 type mode (2=file, 3=snap, 4=time, 5=input, 6=com file, 7=snap_ext):

 number of time slices?

 type input file names:
 #
 table_dir = </global/common/software/atom/perlmutter/data/greentable/>

  ----- time =     2 ms ----- ( 0)
 it=  1 chi2=0.00E+00 zm= 7.53E-03 err=5.202E+00 dz= 7.535E-03 chigam= 0.00E+00
 it=  2 chi2=0.00E+00 zm= 1.07E-02 err=8.531E-01 dz= 3.152E-03 chigam= 0.00E+00
 it=  3 chi2=0.00E+00 zm= 1.31E-02 err=4.855E-01 dz= 2.374E-03 chigam= 0.00E+00
 it=  4 chi2=0.00E+00 zm= 1.49E-02 err=2.847E-01 dz= 1.798E-03 chigam= 0.00E+00
 it=  5 chi2=0.00E+00 zm= 1.62E-02 err=1.698E-01 dz= 1.367E-03 chigam= 0.00E+00
 it=  6 chi2=0.00E+00 zm= 1.73E-02 err=1.040E-01 dz= 1.045E-03 chigam= 0.00E+00
 it=  7 chi2=0.00E+00 zm= 1.81E-02 err=6.710E-02 dz= 7.969E-04 chigam= 0.00E+00
 it=  8 chi2=0.00E+00 zm= 1.87E-02 err=3.957E-02 dz= 5.942E-04 chigam= 0.00E+00
 it=  9 chi2=0.00E+00 zm= 1.91E-02 err=2.180E-02 dz= 4.383E-04 chigam= 0.00E+00
 it= 10 chi2=0.00E+00 zm= 1.94E-02 err=1.166E-02 dz= 3.207E-04 chigam= 0.00E+00
 it= 11 chi2=0.00E+00 zm= 1.97E-02 err=7.903E-03 dz= 2.353E-04 chigam= 0.00E+00
 it= 12 chi2=0.00E+00 zm= 1.98E-02 err=4.526E-03 dz= 1.726E-04 chigam= 0.00E+00
 it= 13 chi2=0.00E+00 zm= 2.00E-02 err=3.190E-03 dz= 1.261E-04 chigam= 0.00E+00
 it= 14 chi2=0.00E+00 zm= 2.01E-02 err=5.907E-03 dz= 9.749E-05 chigam= 0.00E+00
 it= 15 chi2=0.00E+00 zm= 2.01E-02 err=4.003E-03 dz= 7.435E-05 chigam= 0.00E+00
 it= 16 chi2=0.00E+00 zm= 2.02E-02 err=2.318E-03 dz= 5.492E-05 chigam= 0.00E+00
 it= 17 chi2=0.00E+00 zm= 2.02E-02 err=1.379E-03 dz= 4.039E-05 chigam= 0.00E+00
 it= 18 chi2=0.00E+00 zm= 2.03E-02 err=8.437E-04 dz= 2.961E-05 chigam= 0.00E+00
 it= 19 chi2=0.00E+00 zm= 2.03E-02 err=5.308E-04 dz= 2.165E-05 chigam= 0.00E+00
 it= 20 chi2=0.00E+00 zm= 2.03E-02 err=3.428E-04 dz= 1.580E-05 chigam= 0.00E+00
 it= 21 chi2=0.00E+00 zm= 2.03E-02 err=2.267E-04 dz= 1.151E-05 chigam= 0.00E+00
 it= 22 chi2=0.00E+00 zm= 2.03E-02 err=1.530E-04 dz= 8.384E-06 chigam= 0.00E+00
 it= 23 chi2=0.00E+00 zm= 2.03E-02 err=1.050E-04 dz= 6.100E-06 chigam= 0.00E+00
 it= 24 chi2=0.00E+00 zm= 2.03E-02 err=7.299E-05 dz= 4.436E-06 chigam= 0.00E+00

      ******************** EFITD129 x 129  output ********************

       data used:   
  0 flux loops
  0 magnetic probes(i)
  0 full rogowski
  0 diamagnetic loop


 shot #   =          1 time(ms) =          2 chi**2   =  0.000E+00
 betat(%) =      1.093 betap    =      0.551 li       =      0.860
 vol(cm3) =  0.776E+07 rout(cm) =    172.166 zout(cm) =      0.807
 elong    =      1.345 utriang  =     -0.373 ltriang  =     -0.309
 a(cm)    =     41.397 lin(cm)  = ********** lout(cm) =     10.612
 ltop(cm) = ********** q*       =      2.311 rc(cm)   =    176.616
 zc(cm)   =      1.824 bt0(t)   =      2.000 qout     =      2.205
