
 running toray 1.9 (12 July 2012)

  resetting kj=          102  (           52 )
 Reading in namelist from toray.in ... 

 Ray pattern = .gauss.   Number of rays =            48

 running GAFIT version 4.0 (12 July 2012)

 no GAFIT namelist input - using defaults

  TorGA_read_psiin:: nr =           129  (           65 )
  TorGA_read_psiin:: nz =           129  (           65 )
 Ray=   1  ISTOP= 7   IFLAG= 2  AT     0.857101E+02    0.449060E+03    0.737842E+01
 Ray=   2  ISTOP= 7   IFLAG= 2  AT     0.943104E+02    0.447966E+03    0.868637E+01
 Ray=   3  ISTOP= 7   IFLAG= 2  AT     0.877152E+02    0.450854E+03    0.165699E+02
 Ray=   4  ISTOP= 7   IFLAG= 2  AT     0.783734E+02    0.450911E+03    0.118700E+02
 Ray=   5  ISTOP= 7   IFLAG= 2  AT     0.786280E+02    0.449217E+03    0.632282E+00
 Ray=   6  ISTOP= 7   IFLAG= 2  AT     0.884010E+02    0.447502E+03   -0.130661E+01
 Ray=   7  ISTOP= 7   IFLAG= 2  AT     0.960407E+02    0.445924E+03   -0.544799E+01
 Ray=   8  ISTOP= 7   IFLAG= 2  AT     0.101624E+03    0.445382E+03    0.336052E+01
 Ray=   9  ISTOP= 7   IFLAG= 2  AT     0.102151E+03    0.447166E+03    0.127320E+02
 Ray=  10  ISTOP= 7   IFLAG= 2  AT     0.979028E+02    0.450041E+03    0.205784E+02
 Ray=  11  ISTOP= 7   IFLAG= 2  AT     0.900087E+02    0.453086E+03    0.249678E+02
 Ray=  12  ISTOP= 7   IFLAG= 2  AT     0.811507E+02    0.454374E+03    0.247711E+02
 Ray=  13  ISTOP= 7   IFLAG= 2  AT     0.735878E+02    0.453907E+03    0.199124E+02
 Ray=  14  ISTOP= 7   IFLAG= 2  AT     0.690881E+02    0.452451E+03    0.115872E+02
 Ray=  15  ISTOP= 7   IFLAG= 2  AT     0.685821E+02    0.450836E+03    0.182837E+01
 Ray=  16  ISTOP= 7   IFLAG= 2  AT     0.717356E+02    0.450192E+03   -0.681424E+01
 Ray=  17  ISTOP= 7   IFLAG= 2  AT     0.785266E+02    0.449233E+03   -0.116049E+02
 Ray=  18  ISTOP= 7   IFLAG= 2  AT     0.873574E+02    0.447782E+03   -0.110980E+02
 Ray=  19  ISTOP= 7   IFLAG= 2  AT     0.927880E+02    0.447340E+03   -0.191127E+02
 Ray=  20  ISTOP= 7   IFLAG= 2  AT     0.105494E+03    0.443697E+03   -0.739581E+01
 Ray=  21  ISTOP= 7   IFLAG= 2  AT     0.111269E+03    0.444159E+03    0.706442E+01
 Ray=  22  ISTOP= 7   IFLAG= 2  AT     0.108968E+03    0.448065E+03    0.208731E+02
 Ray=  23  ISTOP= 7   IFLAG= 2  AT     0.992021E+02    0.454171E+03    0.310833E+02
 Ray=  24  ISTOP= 7   IFLAG= 2  AT     0.858390E+02    0.458021E+03    0.352703E+02
 Ray=  25  ISTOP= 7   IFLAG= 2  AT     0.726087E+02    0.458469E+03    0.321277E+02
 Ray=  26  ISTOP= 7   IFLAG= 2  AT     0.632099E+02    0.455616E+03    0.222366E+02
 Ray=  27  ISTOP= 7   IFLAG= 2  AT     0.586556E+02    0.453069E+03    0.795357E+01
 Ray=  28  ISTOP= 7   IFLAG= 2  AT     0.599109E+02    0.451690E+03   -0.725366E+01
 Ray=  29  ISTOP= 7   IFLAG= 2  AT     0.666057E+02    0.451641E+03   -0.192134E+02
 Ray=  30  ISTOP= 7   IFLAG= 2  AT     0.781794E+02    0.450821E+03   -0.238612E+02
 Ray=  31  ISTOP= 7   IFLAG= 2  AT     0.995696E+02    0.448218E+03   -0.309609E+02
 Ray=  32  ISTOP= 7   IFLAG= 2  AT     0.113576E+03    0.442316E+03   -0.170299E+02
 Ray=  33  ISTOP= 7   IFLAG= 2  AT     0.122320E+03    0.440069E+03   -0.191581E+01
 Ray=  34  ISTOP= 7   IFLAG= 2  AT     0.124711E+03    0.442323E+03    0.128698E+02
 Ray=  35  ISTOP= 7   IFLAG= 2  AT     0.121076E+03    0.447917E+03    0.265985E+02
 Ray=  36  ISTOP= 7   IFLAG= 2  AT     0.112085E+03    0.455306E+03    0.381021E+02
 Ray=  37  ISTOP= 7   IFLAG= 2  AT     0.992218E+02    0.462398E+03    0.463226E+02
 Ray=  38  ISTOP= 7   IFLAG= 2  AT     0.847187E+02    0.466819E+03    0.501488E+02
 Ray=  39  ISTOP= 7   IFLAG= 2  AT     0.707240E+02    0.467554E+03    0.488683E+02
 Ray=  40  ISTOP= 7   IFLAG= 2  AT     0.590649E+02    0.464789E+03    0.424848E+02
 Ray=  41  ISTOP= 7   IFLAG= 2  AT     0.503360E+02    0.460622E+03    0.317228E+02
 Ray=  42  ISTOP= 7   IFLAG= 2  AT     0.452709E+02    0.456217E+03    0.177706E+02
 Ray=  43  ISTOP= 7   IFLAG= 2  AT     0.433654E+02    0.453733E+03    0.195870E+01
 Ray=  44  ISTOP= 7   IFLAG= 2  AT     0.443466E+02    0.453967E+03   -0.142672E+02
 Ray=  45  ISTOP= 7   IFLAG= 2  AT     0.483079E+02    0.456227E+03   -0.292133E+02
 Ray=  46  ISTOP= 7   IFLAG= 2  AT     0.554989E+02    0.459164E+03   -0.404660E+02
 Ray=  47  ISTOP= 7   IFLAG= 2  AT     0.671484E+02    0.459317E+03   -0.450044E+02
 Ray=  48  ISTOP= 7   IFLAG= 2  AT     0.827591E+02    0.455169E+03   -0.413853E+02
 TorGa_wrtnetcdf,  kopt=            1
 TorGa_wrtnetcdf,  kopt=            0

 TORAY-GA         total CPU time       2.32 sec

