NCAPTC: : NetCDF: Variable not found
Warning: ieee_overflow is signaling
Warning: ieee_underflow is signaling
Warning: ieee_inexact is signaling
FORTRAN STOP
 solver
 /global/common/software/atom/perlmutter/data/greentable/
 /global/common/software/atom/perlmutter/data/greentable/

          EFITD Version  07/09/2014


 type mode (2=file, 3=snap, 4=time, 5=input, 6=com file, 7=snap_ext):

 number of time slices?

 type input file names:
 #
 table_dir = </global/common/software/atom/perlmutter/data/greentable/>

  ----- time =     5 ms ----- ( 0)
 it=  1 chi2=0.00E+00 zm= 7.53E-03 err=5.202E+00 dz= 7.535E-03 chigam= 0.00E+00
 it=  2 chi2=0.00E+00 zm= 1.07E-02 err=8.610E-01 dz= 3.173E-03 chigam= 0.00E+00
 it=  3 chi2=0.00E+00 zm= 1.31E-02 err=4.920E-01 dz= 2.391E-03 chigam= 0.00E+00
 it=  4 chi2=0.00E+00 zm= 1.49E-02 err=2.876E-01 dz= 1.811E-03 chigam= 0.00E+00
 it=  5 chi2=0.00E+00 zm= 1.63E-02 err=1.717E-01 dz= 1.379E-03 chigam= 0.00E+00
 it=  6 chi2=0.00E+00 zm= 1.73E-02 err=1.047E-01 dz= 1.053E-03 chigam= 0.00E+00
 it=  7 chi2=0.00E+00 zm= 1.81E-02 err=6.888E-02 dz= 7.999E-04 chigam= 0.00E+00
 it=  8 chi2=0.00E+00 zm= 1.87E-02 err=3.658E-02 dz= 5.926E-04 chigam= 0.00E+00
 it=  9 chi2=0.00E+00 zm= 1.92E-02 err=2.055E-02 dz= 4.367E-04 chigam= 0.00E+00
 it= 10 chi2=0.00E+00 zm= 1.95E-02 err=1.228E-02 dz= 3.207E-04 chigam= 0.00E+00
 it= 11 chi2=0.00E+00 zm= 1.97E-02 err=1.241E-02 dz= 2.434E-04 chigam= 0.00E+00
 it= 12 chi2=0.00E+00 zm= 1.99E-02 err=7.671E-03 dz= 1.792E-04 chigam= 0.00E+00
 it= 13 chi2=0.00E+00 zm= 2.00E-02 err=4.834E-03 dz= 1.314E-04 chigam= 0.00E+00
 it= 14 chi2=0.00E+00 zm= 2.01E-02 err=2.051E-03 dz= 9.672E-05 chigam= 0.00E+00
 it= 15 chi2=0.00E+00 zm= 2.02E-02 err=1.502E-03 dz= 7.068E-05 chigam= 0.00E+00
 it= 16 chi2=0.00E+00 zm= 2.03E-02 err=1.083E-03 dz= 5.154E-05 chigam= 0.00E+00
 it= 17 chi2=0.00E+00 zm= 2.03E-02 err=7.726E-04 dz= 3.752E-05 chigam= 0.00E+00
 it= 18 chi2=0.00E+00 zm= 2.03E-02 err=5.482E-04 dz= 2.729E-05 chigam= 0.00E+00
 it= 19 chi2=0.00E+00 zm= 2.03E-02 err=3.877E-04 dz= 1.982E-05 chigam= 0.00E+00
 it= 20 chi2=0.00E+00 zm= 2.04E-02 err=2.739E-04 dz= 1.439E-05 chigam= 0.00E+00
 it= 21 chi2=0.00E+00 zm= 2.04E-02 err=1.935E-04 dz= 1.045E-05 chigam= 0.00E+00
 it= 22 chi2=0.00E+00 zm= 2.04E-02 err=1.367E-04 dz= 7.580E-06 chigam= 0.00E+00
 it= 23 chi2=0.00E+00 zm= 2.04E-02 err=9.674E-05 dz= 5.500E-06 chigam= 0.00E+00

      ******************** EFITD129 x 129  output ********************

       data used:   
  0 flux loops
  0 magnetic probes(i)
  0 full rogowski
  0 diamagnetic loop


 shot #   =          1 time(ms) =          5 chi**2   =  0.000E+00
 betat(%) =      1.132 betap    =      0.572 li       =      0.860
 vol(cm3) =  0.777E+07 rout(cm) =    172.177 zout(cm) =      0.803
 elong    =      1.346 utriang  =     -0.372 ltriang  =     -0.308
 a(cm)    =     41.408 lin(cm)  = ********** lout(cm) =     10.591
 ltop(cm) = ********** q*       =      2.317 rc(cm)   =    176.723
 zc(cm)   =      1.827 bt0(t)   =      2.000 qout     =      2.209
