========================================================================
= FASTRAN

nonlinear model = 0
ichi = 1
ineo = 0
reading state...
read formatted input, inprof...
init geometry...
read formatted input, inmetric...
nrho in inmetric = 101
rhob in inmetric = 1.263341e+00
solve avg grad-shafranv...
solve_avg_gs::Ip_temp = 9.973490e+00 
solve_avg_gs::Ip      = 1.000000e+01 
>>> tau_he = 5.000000, nhe(0)=2.395663e+00

 plasma volume = 148.673189
 stored energy(e,i,b,a) = 5.870173e+01 5.487955e+01 0.000000e+00 0.000000e+00
 betan = 1.289155
*power
 Pnb(e,i) = 0.000000e+00 0.000000e+00
 Prf(e,i) = 1.610913e+01 2.390685e+01
 Prad     = -7.516780e+01 
 Pei      = 1.638627e+00 
 Pfuse    = 5.754555e+01 
 Pfusi    = 1.850058e+01 
 Poh      = 0.000000e+00 
*confinement time
 taut, tauITER98y2, H98y2 : 2.777435e+00 2.432151e+00 1.141967e+00
 taue, taui : 4.677154e+02 3.254638e+00
 taut, tau89, H89 : 2.777435e+00 1.079047e+00 2.573971e+00
*temperature
 nea, nebar : 1.865087e+01 2.142786e+01 
 tea, tia : 7.703452e+00 7.756798e+00 (9.931226e-01)
 te0, ti0 : 1.881676e+01 1.901697e+01 (9.894721e-01)
 Sn : 0.000000e+00 
*current balance
 Ip,Ibs,Inb,Irf: 1.000000e+01 1.984689e+00 0.000000e+00 3.147471e-01
 fni,fbs: 0.230 0.198

Time advancing...
rho_bdry 0.900000 ...
te_bdry = 3.746797
ti_bdry = 3.746714
ne_bdry = 14.498656
rv_bdry = 279.463030
nrho_tr_bdry = 18
drho_bdry = 0.000000e+00
nrhob = 90
 [    0] t = 0.0000 
 5     -0.002   3.71e-03   1.25e-01   2.49e-03  -1.14e-02   0.00e+00 (  7.39e-01,  3.07e+01)
10     -0.000   1.98e-04  -1.40e-03  -8.74e-04  -1.26e-03   0.00e+00 (  4.99e-02,  6.28e+01)
15     -0.001   2.98e-04  -1.74e-03  -8.85e-04  -4.88e-03   0.00e+00 (  8.84e-02,  9.45e+01)
20     -0.001   2.88e-04  -3.12e-03  -2.48e-03  -1.18e-02   0.00e+00 (  9.57e-02,  1.16e+02)
25      0.003   1.37e-02  -1.45e-02  -4.31e-04   3.05e-02   0.00e+00 (  4.92e+00,  1.32e+02)
30      0.012   7.09e-02  -2.31e-02   1.76e-02   1.21e-01   0.00e+00 (  2.69e+01,  1.46e+02)
35      0.029   1.36e-01   2.40e-02   3.71e-02   3.21e-01   0.00e+00 (  5.28e+01,  1.54e+02)
40      0.046   1.99e-01   8.31e-02   4.85e-02   5.40e-01   0.00e+00 (  7.78e+01,  1.57e+02)
45      0.068   2.63e-01   1.95e-01   7.82e-02   8.50e-01   0.00e+00 (  1.02e+02,  1.55e+02)
50      0.118   3.79e-01   3.95e-01   2.08e-01   1.56e+00   0.00e+00 (  1.43e+02,  1.49e+02)
55      0.203   5.22e-01   7.13e-01   3.57e-01   2.79e+00   0.00e+00 (  1.88e+02,  1.40e+02)
60      0.272   6.40e-01   1.01e+00   5.85e-01   3.86e+00   0.00e+00 (  2.16e+02,  1.28e+02)
65      0.325   7.37e-01   1.29e+00   8.47e-01   4.76e+00   0.00e+00 (  2.29e+02,  1.15e+02)
70      0.358   8.20e-01   1.51e+00   1.09e+00   5.37e+00   0.00e+00 (  2.30e+02,  1.01e+02)
75      0.360   8.53e-01   1.61e+00   1.24e+00   5.53e+00   0.00e+00 (  2.11e+02,  8.62e+01)
80      0.339   8.14e-01   1.56e+00   1.24e+00   5.46e+00   0.00e+00 (  1.73e+02,  7.20e+01)
85      0.350   8.32e-01   1.53e+00   1.17e+00   6.82e+00   0.00e+00 (  1.61e+02,  5.80e+01)
90      0.562   1.24e+00   1.86e+00   1.23e+00   1.99e+01   0.00e+00 (  3.65e+02,  4.43e+01)
95      0.379   7.33e-01   1.05e+00   7.82e-01   2.39e+01   0.00e+00 (  3.84e+02,  2.82e+01)
 0 e: 1.249e-06 i: 6.773e-06 :: e: 0.000e+00 i: 0.000e+00 :: n: 2.762e+01 e:18.773 i:18.916 v:4.993e+03
 5     -0.002   3.69e-03   1.44e-01   2.74e-03  -8.07e-03   0.00e+00 (  7.06e-01,  3.07e+01)
10     -0.000   2.05e-04  -1.49e-03  -9.21e-04  -1.25e-03   0.00e+00 (  5.15e-02,  6.28e+01)
15     -0.001   2.89e-04  -2.40e-03  -1.46e-03  -6.70e-03   0.00e+00 (  8.67e-02,  9.45e+01)
20     -0.001   2.80e-04  -3.27e-03  -2.68e-03  -1.23e-02   0.00e+00 (  9.37e-02,  1.16e+02)
25      0.003   1.33e-02  -1.33e-02  -5.65e-04   2.50e-02   0.00e+00 (  4.82e+00,  1.32e+02)
30      0.013   7.31e-02  -2.29e-02   1.86e-02   1.28e-01   0.00e+00 (  2.78e+01,  1.46e+02)
35      0.031   1.39e-01   2.92e-02   3.93e-02   3.45e-01   0.00e+00 (  5.45e+01,  1.54e+02)
40      0.049   2.03e-01   9.29e-02   5.09e-02   5.76e-01   0.00e+00 (  8.01e+01,  1.57e+02)
45      0.073   2.72e-01   2.15e-01   8.46e-02   9.16e-01   0.00e+00 (  1.06e+02,  1.55e+02)
50      0.132   3.96e-01   4.35e-01   2.20e-01   1.74e+00   0.00e+00 (  1.50e+02,  1.49e+02)
55      0.200   5.17e-01   7.05e-01   3.50e-01   2.75e+00   0.00e+00 (  1.86e+02,  1.40e+02)
60      0.250   6.13e-01   9.46e-01   5.50e-01   3.56e+00   0.00e+00 (  2.06e+02,  1.28e+02)
65      0.278   6.64e-01   1.11e+00   7.30e-01   4.07e+00   0.00e+00 (  2.03e+02,  1.15e+02)
70      0.356   8.16e-01   1.50e+00   1.08e+00   5.34e+00   0.00e+00 (  2.28e+02,  1.01e+02)
75      0.359   8.50e-01   1.60e+00   1.23e+00   5.51e+00   0.00e+00 (  2.09e+02,  8.62e+01)
80      0.337   8.11e-01   1.55e+00   1.23e+00   5.44e+00   0.00e+00 (  1.72e+02,  7.20e+01)
85      0.362   8.59e-01   1.60e+00   1.22e+00   7.05e+00   0.00e+00 (  1.74e+02,  5.80e+01)
90      0.539   1.21e+00   1.78e+00   1.16e+00   1.91e+01   0.00e+00 (  3.30e+02,  4.43e+01)
95      0.379   7.33e-01   1.05e+00   7.82e-01   2.39e+01   0.00e+00 (  3.84e+02,  2.82e+01)
 1 e: 7.635e-02 i: 2.113e-01 :: e: 1.735e-02 i: 1.331e-02 :: n: 2.762e+01 e:22.120 i:27.548 v:4.993e+03
 5     -0.000   1.05e-02   4.81e-01   2.57e-03  -9.53e-04   0.00e+00 (  1.61e+00,  3.07e+01)
10      0.004   2.74e-02   6.97e-02   4.67e-03   2.30e-02   0.00e+00 (  1.10e+01,  6.28e+01)
15      0.033   2.25e-01   2.64e-01   5.07e-02   2.36e-01   0.00e+00 (  1.52e+02,  9.45e+01)
20     -0.006   2.52e-01   2.93e-01   8.25e-02  -4.76e-02   0.00e+00 (  2.07e+02,  1.16e+02)
25      0.046   3.05e-01   3.52e-01   1.00e-01   4.29e-01   0.00e+00 (  2.53e+02,  1.32e+02)
30      0.536   5.89e-01   7.87e-01   5.90e-01   5.48e+00   0.00e+00 (  4.11e+02,  1.46e+02)
35      0.491   6.29e-01   1.04e+00   6.24e-01   5.44e+00   0.00e+00 (  3.69e+02,  1.54e+02)
40      0.431   6.02e-01   1.09e+00   5.12e-01   5.12e+00   0.00e+00 (  3.05e+02,  1.57e+02)
45      0.338   5.16e-01   9.44e-01   4.00e-01   4.24e+00   0.00e+00 (  2.24e+02,  1.55e+02)
50      0.195   4.09e-01   6.94e-01   2.98e-01   2.57e+00   0.00e+00 (  1.42e+02,  1.49e+02)
55      0.069   2.44e-01   2.84e-01   1.75e-01   9.49e-01   0.00e+00 (  6.75e+01,  1.40e+02)
60      0.051   2.09e-01   2.03e-01   1.43e-01   7.23e-01   0.00e+00 (  4.83e+01,  1.28e+02)
65      0.090   2.66e-01   3.50e-01   2.48e-01   1.32e+00   0.00e+00 (  5.38e+01,  1.15e+02)
70      0.137   3.63e-01   5.76e-01   4.28e-01   2.06e+00   0.00e+00 (  6.91e+01,  1.01e+02)
75      0.173   4.53e-01   7.76e-01   5.98e-01   2.66e+00   0.00e+00 (  8.14e+01,  8.62e+01)
80      0.191   5.06e-01   9.02e-01   6.95e-01   3.07e+00   0.00e+00 (  8.56e+01,  7.20e+01)
85      0.240   6.43e-01   1.10e+00   7.98e-01   4.68e+00   0.00e+00 (  1.14e+02,  5.80e+01)
90      0.504   1.17e+00   1.68e+00   1.06e+00   1.79e+01   0.00e+00 (  3.03e+02,  4.43e+01)
95      0.379   7.33e-01   1.05e+00   7.82e-01   2.39e+01   0.00e+00 (  3.84e+02,  2.82e+01)
 2 e: 5.812e-02 i: 1.922e-02 :: e: 5.039e-01 i: 6.095e-01 :: n: 2.762e+01 e:28.406 i:29.273 v:4.993e+03
 5     -0.010   1.05e-02   5.03e-01   5.20e-03  -4.66e-02   0.00e+00 (  3.73e+00,  3.07e+01)
10     -0.157   5.35e-02   1.20e-01   7.77e-03  -9.42e-01   0.00e+00 (  4.40e+01,  6.28e+01)
15     -0.618   2.53e-01   2.58e-01   8.47e-03  -4.43e+00   0.00e+00 (  2.94e+02,  9.45e+01)
20     -0.350   7.60e-01   1.22e+00   1.36e+00  -2.89e+00   0.00e+00 (  1.03e+03,  1.16e+02)
25      0.220   7.59e-01   1.18e+00   1.38e+00   2.05e+00   0.00e+00 (  9.94e+02,  1.32e+02)
30      0.620   6.41e-01   9.54e-01   8.84e-01   6.34e+00   0.00e+00 (  6.48e+02,  1.46e+02)
35      0.410   5.64e-01   9.67e-01   6.08e-01   4.55e+00   0.00e+00 (  4.62e+02,  1.54e+02)
40      0.305   5.23e-01   9.21e-01   4.35e-01   3.62e+00   0.00e+00 (  3.48e+02,  1.57e+02)
45      0.247   4.70e-01   7.96e-01   3.21e-01   3.10e+00   0.00e+00 (  2.46e+02,  1.55e+02)
50      0.174   4.00e-01   6.32e-01   2.68e-01   2.29e+00   0.00e+00 (  1.54e+02,  1.49e+02)
55      0.066   2.49e-01   2.81e-01   1.67e-01   9.07e-01   0.00e+00 (  7.00e+01,  1.40e+02)
60      0.048   1.91e-01   1.81e-01   1.30e-01   6.82e-01   0.00e+00 (  4.11e+01,  1.28e+02)
65      0.074   2.05e-01   2.56e-01   1.87e-01   1.09e+00   0.00e+00 (  3.56e+01,  1.15e+02)
70      0.106   2.56e-01   3.86e-01   2.97e-01   1.60e+00   0.00e+00 (  3.91e+01,  1.01e+02)
75      0.137   3.13e-01   5.20e-01   4.14e-01   2.10e+00   0.00e+00 (  4.27e+01,  8.62e+01)
80      0.162   3.63e-01   6.36e-01   5.05e-01   2.61e+00   0.00e+00 (  4.47e+01,  7.20e+01)
85      0.216   5.08e-01   8.47e-01   6.21e-01   4.22e+00   0.00e+00 (  6.21e+01,  5.80e+01)
90      0.505   1.16e+00   1.64e+00   1.03e+00   1.79e+01   0.00e+00 (  2.64e+02,  4.43e+01)
95      0.379   7.33e-01   1.05e+00   7.82e-01   2.39e+01   0.00e+00 (  3.84e+02,  2.82e+01)
 3 e: 2.620e-02 i: 2.715e-02 :: e: 5.886e-01 i: 7.058e-01 :: n: 2.762e+01 e:25.642 i:29.102 v:4.993e+03
 5     -0.014   1.02e-02   4.32e-01   5.03e-03  -6.44e-02   0.00e+00 (  3.86e+00,  3.07e+01)
10     -0.248   7.64e-02   1.21e-01   2.61e-02  -1.49e+00   0.00e+00 (  6.40e+01,  6.28e+01)
15     -0.430   2.37e-01   2.70e-01   7.18e-03  -3.08e+00   0.00e+00 (  2.45e+02,  9.45e+01)
20     -0.121   3.00e-01   3.64e-01   6.28e-02  -9.97e-01   0.00e+00 (  3.02e+02,  1.16e+02)
25      0.180   5.60e-01   9.47e-01   7.00e-01   1.67e+00   0.00e+00 (  5.47e+02,  1.32e+02)
30      0.482   5.80e-01   7.98e-01   6.58e-01   4.93e+00   0.00e+00 (  4.91e+02,  1.46e+02)
35      0.341   5.24e-01   8.77e-01   5.18e-01   3.78e+00   0.00e+00 (  3.80e+02,  1.54e+02)
40      0.307   5.07e-01   8.78e-01   4.04e-01   3.64e+00   0.00e+00 (  3.10e+02,  1.57e+02)
45      0.294   4.80e-01   8.21e-01   3.24e-01   3.69e+00   0.00e+00 (  2.39e+02,  1.55e+02)
50      0.233   4.43e-01   7.64e-01   3.38e-01   3.07e+00   0.00e+00 (  1.68e+02,  1.49e+02)
55      0.138   3.38e-01   5.07e-01   2.83e-01   1.90e+00   0.00e+00 (  9.66e+01,  1.40e+02)
60      0.070   2.22e-01   2.57e-01   1.84e-01   9.97e-01   0.00e+00 (  4.88e+01,  1.28e+02)
65      0.092   2.33e-01   3.24e-01   2.33e-01   1.34e+00   0.00e+00 (  4.09e+01,  1.15e+02)
70      0.109   2.58e-01   4.00e-01   3.08e-01   1.63e+00   0.00e+00 (  3.91e+01,  1.01e+02)
75      0.124   2.86e-01   4.72e-01   3.79e-01   1.90e+00   0.00e+00 (  3.80e+01,  8.62e+01)
80      0.137   3.12e-01   5.36e-01   4.27e-01   2.21e+00   0.00e+00 (  3.65e+01,  7.20e+01)
85      0.187   4.46e-01   7.11e-01   5.10e-01   3.65e+00   0.00e+00 (  5.01e+01,  5.80e+01)
90      0.500   1.16e+00   1.62e+00   1.02e+00   1.77e+01   0.00e+00 (  2.56e+02,  4.43e+01)
95      0.379   7.33e-01   1.05e+00   7.82e-01   2.39e+01   0.00e+00 (  3.84e+02,  2.82e+01)
 4 e: 4.124e-03 i: 1.664e-02 :: e: 4.969e-01 i: 5.948e-01 :: n: 2.762e+01 e:25.158 i:26.348 v:4.993e+03
 5     -0.013   8.20e-03   3.53e-01   5.50e-03  -6.02e-02   0.00e+00 (  3.36e+00,  3.07e+01)
10     -0.275   8.32e-02   1.15e-01   3.26e-02  -1.65e+00   0.00e+00 (  7.07e+01,  6.28e+01)
15     -0.329   2.67e-01   4.59e-01  -6.08e-03  -2.36e+00   0.00e+00 (  2.64e+02,  9.45e+01)
20     -0.078   2.64e-01   3.68e-01   9.82e-02  -6.47e-01   0.00e+00 (  2.47e+02,  1.16e+02)
25      0.013   3.04e-01   4.01e-01   1.19e-01   1.20e-01   0.00e+00 (  2.62e+02,  1.32e+02)
30      0.219   5.00e-01   8.09e-01   4.86e-01   2.24e+00   0.00e+00 (  3.87e+02,  1.46e+02)
35      0.226   4.87e-01   8.04e-01   3.94e-01   2.50e+00   0.00e+00 (  3.38e+02,  1.54e+02)
40      0.188   4.63e-01   7.25e-01   2.95e-01   2.23e+00   0.00e+00 (  2.80e+02,  1.57e+02)
45      0.217   4.52e-01   7.37e-01   3.12e-01   2.73e+00   0.00e+00 (  2.29e+02,  1.55e+02)
50      0.199   4.32e-01   7.10e-01   3.19e-01   2.62e+00   0.00e+00 (  1.72e+02,  1.49e+02)
55      0.135   3.57e-01   5.25e-01   2.89e-01   1.85e+00   0.00e+00 (  1.10e+02,  1.40e+02)
60      0.073   2.51e-01   2.94e-01   2.06e-01   1.04e+00   0.00e+00 (  6.00e+01,  1.28e+02)
65      0.098   2.58e-01   3.62e-01   2.61e-01   1.43e+00   0.00e+00 (  4.87e+01,  1.15e+02)
70      0.111   2.72e-01   4.21e-01   3.23e-01   1.67e+00   0.00e+00 (  4.32e+01,  1.01e+02)
75      0.123   2.89e-01   4.76e-01   3.82e-01   1.90e+00   0.00e+00 (  3.93e+01,  8.62e+01)
80      0.135   3.07e-01   5.24e-01   4.20e-01   2.17e+00   0.00e+00 (  3.56e+01,  7.20e+01)
85      0.183   4.34e-01   6.83e-01   4.87e-01   3.57e+00   0.00e+00 (  4.64e+01,  5.80e+01)
90      0.498   1.16e+00   1.61e+00   1.01e+00   1.77e+01   0.00e+00 (  2.51e+02,  4.43e+01)
95      0.379   7.33e-01   1.05e+00   7.82e-01   2.39e+01   0.00e+00 (  3.84e+02,  2.82e+01)
 5 e: 1.265e-02 i: 7.401e-03 :: e: 4.045e-01 i: 5.010e-01 :: n: 2.762e+01 e:22.440 i:24.962 v:4.993e+03
 5     -0.011   6.58e-03   3.10e-01   4.67e-03  -5.17e-02   0.00e+00 (  2.48e+00,  3.07e+01)
10     -0.148   5.81e-02   7.52e-02   1.31e-02  -8.86e-01   0.00e+00 (  4.32e+01,  6.28e+01)
15     -0.090   2.09e-01   3.31e-01   5.24e-02  -6.42e-01   0.00e+00 (  1.72e+02,  9.45e+01)
20      0.001   2.35e-01   3.36e-01   9.86e-02   5.61e-03   0.00e+00 (  1.86e+02,  1.16e+02)
25      0.050   2.54e-01   3.24e-01   1.09e-01   4.62e-01   0.00e+00 (  1.83e+02,  1.32e+02)
30      0.048   2.94e-01   4.07e-01   1.62e-01   4.89e-01   0.00e+00 (  1.86e+02,  1.46e+02)
35      0.161   4.05e-01   6.06e-01   2.91e-01   1.78e+00   0.00e+00 (  2.34e+02,  1.54e+02)
40      0.170   3.98e-01   6.16e-01   2.47e-01   2.01e+00   0.00e+00 (  2.05e+02,  1.57e+02)
45      0.196   4.04e-01   6.43e-01   2.79e-01   2.47e+00   0.00e+00 (  1.79e+02,  1.55e+02)
50      0.175   3.83e-01   5.93e-01   2.49e-01   2.31e+00   0.00e+00 (  1.37e+02,  1.49e+02)
55      0.139   3.41e-01   5.00e-01   2.77e-01   1.91e+00   0.00e+00 (  9.83e+01,  1.40e+02)
60      0.088   2.58e-01   3.24e-01   2.26e-01   1.25e+00   0.00e+00 (  5.95e+01,  1.28e+02)
65      0.112   2.74e-01   4.02e-01   2.90e-01   1.64e+00   0.00e+00 (  5.04e+01,  1.15e+02)
70      0.123   2.87e-01   4.56e-01   3.49e-01   1.85e+00   0.00e+00 (  4.46e+01,  1.01e+02)
75      0.134   3.02e-01   5.05e-01   4.05e-01   2.06e+00   0.00e+00 (  4.01e+01,  8.62e+01)
80      0.144   3.19e-01   5.47e-01   4.39e-01   2.31e+00   0.00e+00 (  3.59e+01,  7.20e+01)
85      0.187   4.40e-01   6.88e-01   4.93e-01   3.64e+00   0.00e+00 (  4.47e+01,  5.80e+01)
90      0.498   1.15e+00   1.60e+00   1.01e+00   1.77e+01   0.00e+00 (  2.46e+02,  4.43e+01)
95      0.379   7.33e-01   1.05e+00   7.82e-01   2.39e+01   0.00e+00 (  3.84e+02,  2.82e+01)
 6 e: 1.365e-03 i: 6.217e-03 :: e: 3.076e-01 i: 3.797e-01 :: n: 2.762e+01 e:21.834 i:23.166 v:4.993e+03
 5     -0.009   5.52e-03   2.66e-01   4.58e-03  -4.38e-02   0.00e+00 (  2.06e+00,  3.07e+01)
10     -0.142   8.20e-02   9.96e-02   2.41e-02  -8.49e-01   0.00e+00 (  5.87e+01,  6.28e+01)
15     -0.041   1.69e-01   2.44e-01   7.24e-02  -2.97e-01   0.00e+00 (  1.30e+02,  9.45e+01)
20     -0.006   2.13e-01   3.19e-01   1.13e-01  -5.03e-02   0.00e+00 (  1.58e+02,  1.16e+02)
25      0.039   2.34e-01   3.17e-01   1.29e-01   3.61e-01   0.00e+00 (  1.60e+02,  1.32e+02)
30      0.135   3.65e-01   5.77e-01   2.96e-01   1.37e+00   0.00e+00 (  2.19e+02,  1.46e+02)
35      0.130   3.53e-01   5.35e-01   2.60e-01   1.44e+00   0.00e+00 (  1.91e+02,  1.54e+02)
40      0.136   3.54e-01   5.38e-01   2.16e-01   1.62e+00   0.00e+00 (  1.72e+02,  1.57e+02)
45      0.152   3.67e-01   5.54e-01   2.37e-01   1.91e+00   0.00e+00 (  1.56e+02,  1.55e+02)
50      0.144   3.55e-01   5.21e-01   2.33e-01   1.90e+00   0.00e+00 (  1.25e+02,  1.49e+02)
55      0.123   3.28e-01   4.65e-01   2.59e-01   1.69e+00   0.00e+00 (  9.52e+01,  1.40e+02)
60      0.082   2.59e-01   3.21e-01   2.24e-01   1.16e+00   0.00e+00 (  6.17e+01,  1.28e+02)
65      0.107   2.75e-01   3.99e-01   2.87e-01   1.56e+00   0.00e+00 (  5.27e+01,  1.15e+02)
70      0.116   2.85e-01   4.46e-01   3.41e-01   1.74e+00   0.00e+00 (  4.62e+01,  1.01e+02)
75      0.125   2.96e-01   4.89e-01   3.93e-01   1.93e+00   0.00e+00 (  4.09e+01,  8.62e+01)
80      0.134   3.06e-01   5.24e-01   4.20e-01   2.17e+00   0.00e+00 (  3.56e+01,  7.20e+01)
85      0.177   4.20e-01   6.52e-01   4.63e-01   3.44e+00   0.00e+00 (  4.34e+01,  5.80e+01)
90      0.494   1.15e+00   1.59e+00   1.00e+00   1.75e+01   0.00e+00 (  2.47e+02,  4.43e+01)
95      0.379   7.33e-01   1.05e+00   7.82e-01   2.39e+01   0.00e+00 (  3.84e+02,  2.82e+01)
 7 e: 5.398e-03 i: 1.774e-03 :: e: 2.796e-01 i: 3.426e-01 :: n: 2.762e+01 e:20.144 i:22.378 v:4.993e+03
 5     -0.008   5.06e-03   2.49e-01   4.16e-03  -3.88e-02   0.00e+00 (  1.77e+00,  3.07e+01)
10     -0.084   6.34e-02   7.80e-02   2.00e-02  -5.05e-01   0.00e+00 (  4.11e+01,  6.28e+01)
15     -0.026   1.45e-01   1.97e-01   7.05e-02  -1.85e-01   0.00e+00 (  1.01e+02,  9.45e+01)
20      0.011   1.84e-01   2.63e-01   1.13e-01   8.96e-02   0.00e+00 (  1.23e+02,  1.16e+02)
25      0.049   2.19e-01   2.99e-01   1.18e-01   4.55e-01   0.00e+00 (  1.34e+02,  1.32e+02)
30      0.106   3.05e-01   4.57e-01   2.20e-01   1.08e+00   0.00e+00 (  1.62e+02,  1.46e+02)
35      0.104   2.94e-01   4.30e-01   1.96e-01   1.15e+00   0.00e+00 (  1.42e+02,  1.54e+02)
40      0.109   3.00e-01   4.20e-01   1.71e-01   1.30e+00   0.00e+00 (  1.30e+02,  1.57e+02)
45      0.122   3.02e-01   4.18e-01   1.86e-01   1.53e+00   0.00e+00 (  1.15e+02,  1.55e+02)
50      0.121   3.06e-01   4.14e-01   1.84e-01   1.60e+00   0.00e+00 (  9.79e+01,  1.49e+02)
55      0.086   2.55e-01   3.27e-01   1.86e-01   1.19e+00   0.00e+00 (  6.82e+01,  1.40e+02)
60      0.085   2.45e-01   3.06e-01   2.15e-01   1.21e+00   0.00e+00 (  5.48e+01,  1.28e+02)
65      0.110   2.66e-01   3.89e-01   2.81e-01   1.61e+00   0.00e+00 (  4.82e+01,  1.15e+02)
70      0.120   2.78e-01   4.40e-01   3.38e-01   1.80e+00   0.00e+00 (  4.26e+01,  1.01e+02)
75      0.131   2.94e-01   4.90e-01   3.94e-01   2.01e+00   0.00e+00 (  3.82e+01,  8.62e+01)
80      0.142   3.11e-01   5.32e-01   4.29e-01   2.28e+00   0.00e+00 (  3.39e+01,  7.20e+01)
85      0.181   4.30e-01   6.54e-01   4.67e-01   3.54e+00   0.00e+00 (  4.05e+01,  5.80e+01)
90      0.495   1.15e+00   1.59e+00   9.96e-01   1.76e+01   0.00e+00 (  2.40e+02,  4.43e+01)
95      0.379   7.33e-01   1.05e+00   7.82e-01   2.39e+01   0.00e+00 (  3.84e+02,  2.82e+01)
 8 e: 3.493e-04 i: 2.461e-03 :: e: 2.635e-01 i: 3.055e-01 :: n: 2.762e+01 e:19.870 i:21.224 v:4.993e+03
 5     -0.007   4.47e-03   2.24e-01   4.07e-03  -3.39e-02   0.00e+00 (  1.55e+00,  3.07e+01)
10     -0.076   6.11e-02   7.26e-02   2.02e-02  -4.54e-01   0.00e+00 (  3.84e+01,  6.28e+01)
15     -0.023   1.41e-01   1.99e-01   8.09e-02  -1.63e-01   0.00e+00 (  9.46e+01,  9.45e+01)
20      0.013   1.76e-01   2.62e-01   1.22e-01   1.11e-01   0.00e+00 (  1.13e+02,  1.16e+02)
25      0.045   2.08e-01   2.94e-01   1.26e-01   4.19e-01   0.00e+00 (  1.23e+02,  1.32e+02)
30      0.099   2.85e-01   4.33e-01   2.16e-01   1.01e+00   0.00e+00 (  1.46e+02,  1.46e+02)
35      0.095   2.77e-01   4.07e-01   1.87e-01   1.05e+00   0.00e+00 (  1.29e+02,  1.54e+02)
40      0.100   2.83e-01   3.97e-01   1.66e-01   1.18e+00   0.00e+00 (  1.20e+02,  1.57e+02)
45      0.108   2.88e-01   3.92e-01   1.82e-01   1.36e+00   0.00e+00 (  1.08e+02,  1.55e+02)
50      0.108   2.92e-01   3.90e-01   1.82e-01   1.43e+00   0.00e+00 (  9.28e+01,  1.49e+02)
55      0.080   2.50e-01   3.20e-01   1.86e-01   1.10e+00   0.00e+00 (  6.75e+01,  1.40e+02)
60      0.078   2.41e-01   2.98e-01   2.10e-01   1.11e+00   0.00e+00 (  5.48e+01,  1.28e+02)
65      0.100   2.57e-01   3.70e-01   2.67e-01   1.46e+00   0.00e+00 (  4.77e+01,  1.15e+02)
70      0.108   2.65e-01   4.10e-01   3.16e-01   1.62e+00   0.00e+00 (  4.17e+01,  1.01e+02)
75      0.117   2.75e-01   4.49e-01   3.63e-01   1.79e+00   0.00e+00 (  3.67e+01,  8.62e+01)
80      0.126   2.85e-01   4.83e-01   3.88e-01   2.03e+00   0.00e+00 (  3.18e+01,  7.20e+01)
85      0.166   3.97e-01   5.95e-01   4.18e-01   3.23e+00   0.00e+00 (  3.78e+01,  5.80e+01)
90      0.490   1.15e+00   1.57e+00   9.83e-01   1.74e+01   0.00e+00 (  2.40e+02,  4.43e+01)
95      0.379   7.33e-01   1.05e+00   7.82e-01   2.39e+01   0.00e+00 (  3.84e+02,  2.82e+01)
 9 e: 2.934e-03 i: 4.137e-04 :: e: 2.662e-01 i: 3.082e-01 :: n: 2.762e+01 e:18.716 i:20.891 v:4.993e+03
 5     -0.007   4.29e-03   2.17e-01   3.76e-03  -3.16e-02   0.00e+00 (  1.40e+00,  3.07e+01)
10     -0.050   5.15e-02   6.28e-02   1.64e-02  -2.98e-01   0.00e+00 (  3.02e+01,  6.28e+01)
15     -0.028   1.25e-01   1.67e-01   7.31e-02  -2.00e-01   0.00e+00 (  7.82e+01,  9.45e+01)
20      0.024   1.57e-01   2.23e-01   1.19e-01   1.99e-01   0.00e+00 (  9.40e+01,  1.16e+02)
25      0.048   1.88e-01   2.49e-01   1.13e-01   4.43e-01   0.00e+00 (  1.03e+02,  1.32e+02)
30      0.056   1.94e-01   2.36e-01   1.22e-01   5.70e-01   0.00e+00 (  9.16e+01,  1.46e+02)
35      0.060   2.09e-01   2.49e-01   1.23e-01   6.62e-01   0.00e+00 (  9.03e+01,  1.54e+02)
40      0.087   2.51e-01   3.31e-01   1.35e-01   1.04e+00   0.00e+00 (  9.86e+01,  1.57e+02)
45      0.077   2.29e-01   2.73e-01   1.50e-01   9.66e-01   0.00e+00 (  7.93e+01,  1.55e+02)
50      0.096   2.60e-01   3.27e-01   1.61e-01   1.27e+00   0.00e+00 (  7.69e+01,  1.49e+02)
55      0.079   2.32e-01   2.90e-01   1.71e-01   1.08e+00   0.00e+00 (  5.87e+01,  1.40e+02)
60      0.079   2.28e-01   2.82e-01   1.99e-01   1.13e+00   0.00e+00 (  4.86e+01,  1.28e+02)
65      0.101   2.45e-01   3.52e-01   2.55e-01   1.48e+00   0.00e+00 (  4.27e+01,  1.15e+02)
70      0.110   2.54e-01   3.95e-01   3.06e-01   1.65e+00   0.00e+00 (  3.73e+01,  1.01e+02)
75      0.120   2.68e-01   4.41e-01   3.57e-01   1.84e+00   0.00e+00 (  3.32e+01,  8.62e+01)
80      0.131   2.86e-01   4.80e-01   3.89e-01   2.11e+00   0.00e+00 (  2.92e+01,  7.20e+01)
85      0.168   4.04e-01   5.89e-01   4.13e-01   3.28e+00   0.00e+00 (  3.43e+01,  5.80e+01)
90      0.490   1.15e+00   1.57e+00   9.77e-01   1.74e+01   0.00e+00 (  2.33e+02,  4.43e+01)
95      0.379   7.33e-01   1.05e+00   7.82e-01   2.39e+01   0.00e+00 (  3.84e+02,  2.82e+01)
10 e: 1.171e-04 i: 1.147e-03 :: e: 2.987e-01 i: 3.554e-01 :: n: 2.762e+01 e:18.770 i:20.175 v:4.993e+03
 5     -0.006   3.97e-03   2.03e-01   3.76e-03  -2.85e-02   0.00e+00 (  1.30e+00,  3.07e+01)
10     -0.059   5.13e-02   6.28e-02   1.69e-02  -3.56e-01   0.00e+00 (  2.97e+01,  6.28e+01)
15     -0.026   1.22e-01   1.74e-01   8.16e-02  -1.84e-01   0.00e+00 (  7.55e+01,  9.45e+01)
20      0.013   1.49e-01   2.31e-01   1.27e-01   1.11e-01   0.00e+00 (  8.84e+01,  1.16e+02)
25      0.046   1.85e-01   2.58e-01   1.22e-01   4.24e-01   0.00e+00 (  1.01e+02,  1.32e+02)
30      0.089   2.48e-01   3.79e-01   1.86e-01   9.14e-01   0.00e+00 (  1.18e+02,  1.46e+02)
35      0.059   2.08e-01   2.61e-01   1.30e-01   6.52e-01   0.00e+00 (  9.05e+01,  1.54e+02)
40      0.085   2.48e-01   3.35e-01   1.34e-01   1.01e+00   0.00e+00 (  9.76e+01,  1.57e+02)
45      0.091   2.54e-01   3.31e-01   1.66e-01   1.14e+00   0.00e+00 (  8.87e+01,  1.55e+02)
50      0.092   2.58e-01   3.29e-01   1.64e-01   1.22e+00   0.00e+00 (  7.74e+01,  1.49e+02)
55      0.074   2.31e-01   2.91e-01   1.73e-01   1.02e+00   0.00e+00 (  5.97e+01,  1.40e+02)
60      0.074   2.26e-01   2.77e-01   1.97e-01   1.05e+00   0.00e+00 (  4.95e+01,  1.28e+02)
65      0.092   2.38e-01   3.35e-01   2.44e-01   1.34e+00   0.00e+00 (  4.26e+01,  1.15e+02)
70      0.098   2.41e-01   3.66e-01   2.85e-01   1.47e+00   0.00e+00 (  3.65e+01,  1.01e+02)
75      0.105   2.47e-01   3.98e-01   3.25e-01   1.62e+00   0.00e+00 (  3.16e+01,  8.62e+01)
80      0.114   2.56e-01   4.27e-01   3.46e-01   1.84e+00   0.00e+00 (  2.68e+01,  7.20e+01)
85      0.152   3.69e-01   5.27e-01   3.63e-01   2.97e+00   0.00e+00 (  3.16e+01,  5.80e+01)
90      0.484   1.14e+00   1.55e+00   9.59e-01   1.72e+01   0.00e+00 (  2.31e+02,  4.43e+01)
95      0.379   7.33e-01   1.05e+00   7.82e-01   2.39e+01   0.00e+00 (  3.84e+02,  2.82e+01)
11 e: 1.622e-03 i: 1.341e-04 :: e: 2.767e-01 i: 3.270e-01 :: n: 2.762e+01 e:17.986 i:20.163 v:4.993e+03
 5     -0.006   3.95e-03   2.03e-01   3.56e-03  -2.76e-02   0.00e+00 (  1.23e+00,  3.07e+01)
10     -0.038   4.69e-02   6.77e-02   1.52e-02  -2.28e-01   0.00e+00 (  2.59e+01,  6.28e+01)
15     -0.018   1.13e-01   1.50e-01   7.22e-02  -1.30e-01   0.00e+00 (  6.66e+01,  9.45e+01)
20      0.029   1.54e-01   2.29e-01   9.60e-02   2.43e-01   0.00e+00 (  8.71e+01,  1.16e+02)
25      0.047   1.72e-01   2.23e-01   1.10e-01   4.32e-01   0.00e+00 (  8.90e+01,  1.32e+02)
30      0.059   1.90e-01   2.41e-01   1.16e-01   6.06e-01   0.00e+00 (  8.57e+01,  1.46e+02)
35      0.058   1.96e-01   2.32e-01   1.17e-01   6.38e-01   0.00e+00 (  8.16e+01,  1.54e+02)
40      0.065   2.03e-01   2.32e-01   9.94e-02   7.71e-01   0.00e+00 (  7.61e+01,  1.57e+02)
45      0.070   2.12e-01   2.44e-01   1.44e-01   8.77e-01   0.00e+00 (  7.01e+01,  1.55e+02)
50      0.086   2.39e-01   2.91e-01   1.47e-01   1.14e+00   0.00e+00 (  6.78e+01,  1.49e+02)
55      0.074   2.19e-01   2.71e-01   1.62e-01   1.02e+00   0.00e+00 (  5.37e+01,  1.40e+02)
60      0.076   2.17e-01   2.68e-01   1.91e-01   1.09e+00   0.00e+00 (  4.51e+01,  1.28e+02)
65      0.094   2.30e-01   3.26e-01   2.38e-01   1.38e+00   0.00e+00 (  3.89e+01,  1.15e+02)
70      0.101   2.35e-01   3.60e-01   2.80e-01   1.52e+00   0.00e+00 (  3.33e+01,  1.01e+02)
75      0.110   2.45e-01   3.97e-01   3.25e-01   1.69e+00   0.00e+00 (  2.90e+01,  8.62e+01)
80      0.120   2.62e-01   4.31e-01   3.52e-01   1.93e+00   0.00e+00 (  2.51e+01,  7.20e+01)
85      0.156   3.85e-01   5.26e-01   3.66e-01   3.03e+00   0.00e+00 (  2.92e+01,  5.80e+01)
90      0.485   1.14e+00   1.55e+00   9.58e-01   1.72e+01   0.00e+00 (  2.26e+02,  4.43e+01)
95      0.379   7.33e-01   1.05e+00   7.82e-01   2.39e+01   0.00e+00 (  3.84e+02,  2.82e+01)
12 e: 3.187e-04 i: 6.243e-04 :: e: 2.944e-01 i: 3.626e-01 :: n: 2.762e+01 e:18.279 i:19.678 v:4.993e+03
 5     -0.005   3.74e-03   1.94e-01   3.59e-03  -2.59e-02   0.00e+00 (  1.18e+00,  3.07e+01)
10     -0.040   4.84e-02   6.74e-02   1.57e-02  -2.41e-01   0.00e+00 (  2.68e+01,  6.28e+01)
15     -0.019   1.14e-01   1.60e-01   8.05e-02  -1.34e-01   0.00e+00 (  6.75e+01,  9.45e+01)
20      0.023   1.54e-01   2.43e-01   1.05e-01   1.93e-01   0.00e+00 (  8.75e+01,  1.16e+02)
25      0.045   1.75e-01   2.41e-01   1.20e-01   4.22e-01   0.00e+00 (  9.16e+01,  1.32e+02)
30      0.059   1.94e-01   2.61e-01   1.28e-01   6.04e-01   0.00e+00 (  8.94e+01,  1.46e+02)
35      0.058   2.02e-01   2.53e-01   1.27e-01   6.39e-01   0.00e+00 (  8.60e+01,  1.54e+02)
40      0.082   2.38e-01   3.21e-01   1.29e-01   9.68e-01   0.00e+00 (  9.17e+01,  1.57e+02)
45      0.071   2.18e-01   2.65e-01   1.49e-01   8.94e-01   0.00e+00 (  7.45e+01,  1.55e+02)
50      0.087   2.46e-01   3.09e-01   1.55e-01   1.14e+00   0.00e+00 (  7.20e+01,  1.49e+02)
55      0.072   2.24e-01   2.81e-01   1.68e-01   9.90e-01   0.00e+00 (  5.69e+01,  1.40e+02)
60      0.072   2.20e-01   2.71e-01   1.94e-01   1.03e+00   0.00e+00 (  4.75e+01,  1.28e+02)
65      0.088   2.28e-01   3.19e-01   2.34e-01   1.28e+00   0.00e+00 (  4.02e+01,  1.15e+02)
70      0.092   2.27e-01   3.40e-01   2.67e-01   1.37e+00   0.00e+00 (  3.36e+01,  1.01e+02)
75      0.097   2.29e-01   3.63e-01   2.99e-01   1.50e+00   0.00e+00 (  2.83e+01,  8.62e+01)
80      0.105   2.35e-01   3.86e-01   3.14e-01   1.69e+00   0.00e+00 (  2.34e+01,  7.20e+01)
85      0.142   3.52e-01   4.73e-01   3.24e-01   2.76e+00   0.00e+00 (  2.73e+01,  5.80e+01)
90      0.480   1.14e+00   1.53e+00   9.41e-01   1.70e+01   0.00e+00 (  2.25e+02,  4.43e+01)
95      0.379   7.33e-01   1.05e+00   7.82e-01   2.39e+01   0.00e+00 (  3.84e+02,  2.82e+01)
13 e: 1.019e-03 i: 2.379e-04 :: e: 2.685e-01 i: 3.212e-01 :: n: 2.762e+01 e:17.688 i:19.869 v:4.993e+03
 5     -0.005   3.82e-03   1.99e-01   3.46e-03  -2.56e-02   0.00e+00 (  1.16e+00,  3.07e+01)
10     -0.031   4.27e-02   6.56e-02   1.45e-02  -1.87e-01   0.00e+00 (  2.27e+01,  6.28e+01)
15     -0.014   1.06e-01   1.39e-01   7.02e-02  -9.95e-02   0.00e+00 (  6.03e+01,  9.45e+01)
20      0.018   1.45e-01   2.14e-01   9.12e-02   1.49e-01   0.00e+00 (  7.92e+01,  1.16e+02)
25      0.046   1.66e-01   2.12e-01   1.07e-01   4.29e-01   0.00e+00 (  8.39e+01,  1.32e+02)
30      0.059   1.87e-01   2.38e-01   1.15e-01   6.02e-01   0.00e+00 (  8.39e+01,  1.46e+02)
35      0.057   1.94e-01   2.30e-01   1.17e-01   6.33e-01   0.00e+00 (  8.04e+01,  1.54e+02)
40      0.064   2.00e-01   2.27e-01   9.82e-02   7.57e-01   0.00e+00 (  7.44e+01,  1.57e+02)
45      0.069   2.08e-01   2.41e-01   1.41e-01   8.71e-01   0.00e+00 (  6.86e+01,  1.55e+02)
50      0.084   2.34e-01   2.85e-01   1.44e-01   1.11e+00   0.00e+00 (  6.58e+01,  1.49e+02)
55      0.074   2.17e-01   2.69e-01   1.61e-01   1.02e+00   0.00e+00 (  5.28e+01,  1.40e+02)
60      0.077   2.16e-01   2.69e-01   1.92e-01   1.09e+00   0.00e+00 (  4.46e+01,  1.28e+02)
65      0.093   2.26e-01   3.21e-01   2.35e-01   1.36e+00   0.00e+00 (  3.80e+01,  1.15e+02)
70      0.098   2.27e-01   3.46e-01   2.71e-01   1.47e+00   0.00e+00 (  3.18e+01,  1.01e+02)
75      0.105   2.33e-01   3.76e-01   3.10e-01   1.62e+00   0.00e+00 (  2.70e+01,  8.62e+01)
80      0.114   2.48e-01   4.04e-01   3.31e-01   1.84e+00   0.00e+00 (  2.28e+01,  7.20e+01)
85      0.147   3.76e-01   4.84e-01   3.35e-01   2.87e+00   0.00e+00 (  2.59e+01,  5.80e+01)
90      0.481   1.14e+00   1.53e+00   9.42e-01   1.71e+01   0.00e+00 (  2.20e+02,  4.43e+01)
95      0.379   7.33e-01   1.05e+00   7.82e-01   2.39e+01   0.00e+00 (  3.84e+02,  2.82e+01)
14 e: 6.884e-04 i: 3.517e-04 :: e: 2.573e-01 i: 3.212e-01 :: n: 2.762e+01 e:18.166 i:19.537 v:4.993e+03
 5     -0.005   3.69e-03   1.93e-01   3.54e-03  -2.46e-02   0.00e+00 (  1.14e+00,  3.07e+01)
10     -0.034   4.49e-02   6.53e-02   1.43e-02  -2.02e-01   0.00e+00 (  2.42e+01,  6.28e+01)
15     -0.016   1.10e-01   1.52e-01   7.89e-02  -1.13e-01   0.00e+00 (  6.40e+01,  9.45e+01)
20      0.019   1.48e-01   2.33e-01   1.02e-01   1.60e-01   0.00e+00 (  8.27e+01,  1.16e+02)
25      0.042   1.69e-01   2.37e-01   1.18e-01   3.91e-01   0.00e+00 (  8.76e+01,  1.32e+02)
30      0.053   1.85e-01   2.37e-01   1.29e-01   5.43e-01   0.00e+00 (  8.57e+01,  1.46e+02)
35      0.058   2.03e-01   2.57e-01   1.29e-01   6.40e-01   0.00e+00 (  8.74e+01,  1.54e+02)
40      0.082   2.40e-01   3.24e-01   1.31e-01   9.72e-01   0.00e+00 (  9.29e+01,  1.57e+02)
45      0.072   2.21e-01   2.71e-01   1.49e-01   9.08e-01   0.00e+00 (  7.58e+01,  1.55e+02)
50      0.088   2.48e-01   3.14e-01   1.58e-01   1.16e+00   0.00e+00 (  7.29e+01,  1.49e+02)
55      0.073   2.27e-01   2.87e-01   1.71e-01   1.00e+00   0.00e+00 (  5.80e+01,  1.40e+02)
60      0.074   2.24e-01   2.80e-01   2.00e-01   1.06e+00   0.00e+00 (  4.88e+01,  1.28e+02)
65      0.088   2.30e-01   3.24e-01   2.37e-01   1.29e+00   0.00e+00 (  4.08e+01,  1.15e+02)
70      0.090   2.25e-01   3.37e-01   2.65e-01   1.35e+00   0.00e+00 (  3.34e+01,  1.01e+02)
75      0.095   2.23e-01   3.53e-01   2.92e-01   1.46e+00   0.00e+00 (  2.74e+01,  8.62e+01)
80      0.101   2.26e-01   3.70e-01   3.01e-01   1.63e+00   0.00e+00 (  2.20e+01,  7.20e+01)
85      0.136   3.43e-01   4.43e-01   3.01e-01   2.64e+00   0.00e+00 (  2.48e+01,  5.80e+01)
90      0.477   1.13e+00   1.51e+00   9.28e-01   1.69e+01   0.00e+00 (  2.20e+02,  4.43e+01)
95      0.379   7.33e-01   1.05e+00   7.82e-01   2.39e+01   0.00e+00 (  3.84e+02,  2.82e+01)
15 e: 6.799e-04 i: 4.542e-04 :: e: 2.229e-01 i: 2.657e-01 :: n: 2.762e+01 e:17.694 i:19.892 v:4.993e+03
 5     -0.005   3.84e-03   2.01e-01   3.45e-03  -2.48e-02   0.00e+00 (  1.15e+00,  3.07e+01)
10     -0.029   4.14e-02   6.57e-02   1.36e-02  -1.74e-01   0.00e+00 (  2.17e+01,  6.28e+01)
15      0.005   1.33e-01   2.14e-01   6.73e-02   3.54e-02   0.00e+00 (  7.49e+01,  9.45e+01)
20      0.013   1.43e-01   2.07e-01   8.88e-02   1.11e-01   0.00e+00 (  7.75e+01,  1.16e+02)
25      0.046   1.67e-01   2.09e-01   1.06e-01   4.31e-01   0.00e+00 (  8.38e+01,  1.32e+02)
30      0.060   1.91e-01   2.44e-01   1.17e-01   6.10e-01   0.00e+00 (  8.68e+01,  1.46e+02)
35      0.058   1.98e-01   2.37e-01   1.19e-01   6.40e-01   0.00e+00 (  8.33e+01,  1.54e+02)
40      0.065   2.04e-01   2.32e-01   1.00e-01   7.65e-01   0.00e+00 (  7.67e+01,  1.57e+02)
45      0.071   2.14e-01   2.50e-01   1.43e-01   8.96e-01   0.00e+00 (  7.15e+01,  1.55e+02)
50      0.087   2.40e-01   2.94e-01   1.48e-01   1.15e+00   0.00e+00 (  6.83e+01,  1.49e+02)
55      0.076   2.23e-01   2.80e-01   1.65e-01   1.05e+00   0.00e+00 (  5.51e+01,  1.40e+02)
60      0.081   2.24e-01   2.84e-01   2.02e-01   1.15e+00   0.00e+00 (  4.69e+01,  1.28e+02)
65      0.096   2.33e-01   3.35e-01   2.45e-01   1.41e+00   0.00e+00 (  3.98e+01,  1.15e+02)
70      0.100   2.32e-01   3.56e-01   2.78e-01   1.50e+00   0.00e+00 (  3.28e+01,  1.01e+02)
75      0.106   2.35e-01   3.81e-01   3.13e-01   1.63e+00   0.00e+00 (  2.73e+01,  8.62e+01)
80      0.114   2.48e-01   4.03e-01   3.31e-01   1.84e+00   0.00e+00 (  2.24e+01,  7.20e+01)
85      0.143   3.74e-01   4.66e-01   3.21e-01   2.80e+00   0.00e+00 (  2.44e+01,  5.80e+01)
90      0.479   1.14e+00   1.52e+00   9.32e-01   1.70e+01   0.00e+00 (  2.17e+02,  4.43e+01)
95      0.379   7.33e-01   1.05e+00   7.82e-01   2.39e+01   0.00e+00 (  3.84e+02,  2.82e+01)
16 e: 1.115e-03 i: 2.661e-04 :: e: 1.995e-01 i: 2.551e-01 :: n: 2.762e+01 e:18.310 i:19.636 v:4.993e+03
 5     -0.005   3.74e-03   1.96e-01   3.57e-03  -2.43e-02   0.00e+00 (  1.15e+00,  3.07e+01)
10     -0.032   4.43e-02   6.62e-02   1.43e-02  -1.89e-01   0.00e+00 (  2.36e+01,  6.28e+01)
15     -0.012   1.10e-01   1.43e-01   7.59e-02  -8.94e-02   0.00e+00 (  6.30e+01,  9.45e+01)
20      0.012   1.49e-01   2.29e-01   1.00e-01   1.01e-01   0.00e+00 (  8.28e+01,  1.16e+02)
25      0.043   1.72e-01   2.40e-01   1.18e-01   3.98e-01   0.00e+00 (  8.98e+01,  1.32e+02)
30      0.088   2.46e-01   3.75e-01   1.84e-01   9.02e-01   0.00e+00 (  1.16e+02,  1.46e+02)
35      0.086   2.49e-01   3.65e-01   1.68e-01   9.52e-01   0.00e+00 (  1.10e+02,  1.54e+02)
40      0.085   2.48e-01   3.38e-01   1.37e-01   1.01e+00   0.00e+00 (  9.85e+01,  1.57e+02)
45      0.093   2.56e-01   3.40e-01   1.66e-01   1.17e+00   0.00e+00 (  9.02e+01,  1.55e+02)
50      0.093   2.59e-01   3.34e-01   1.65e-01   1.23e+00   0.00e+00 (  7.80e+01,  1.49e+02)
55      0.077   2.37e-01   3.06e-01   1.79e-01   1.06e+00   0.00e+00 (  6.23e+01,  1.40e+02)
60      0.080   2.38e-01   3.04e-01   2.16e-01   1.13e+00   0.00e+00 (  5.31e+01,  1.28e+02)
65      0.093   2.43e-01   3.47e-01   2.54e-01   1.36e+00   0.00e+00 (  4.43e+01,  1.15e+02)
70      0.094   2.36e-01   3.55e-01   2.78e-01   1.41e+00   0.00e+00 (  3.58e+01,  1.01e+02)
75      0.098   2.31e-01   3.67e-01   3.03e-01   1.50e+00   0.00e+00 (  2.89e+01,  8.62e+01)
80      0.104   2.31e-01   3.78e-01   3.08e-01   1.67e+00   0.00e+00 (  2.25e+01,  7.20e+01)
85      0.134   3.42e-01   4.33e-01   2.95e-01   2.61e+00   0.00e+00 (  2.40e+01,  5.80e+01)
90      0.475   1.13e+00   1.50e+00   9.20e-01   1.68e+01   0.00e+00 (  2.18e+02,  4.43e+01)
95      0.379   7.33e-01   1.05e+00   7.82e-01   2.39e+01   0.00e+00 (  3.84e+02,  2.82e+01)
17 e: 5.247e-04 i: 6.679e-04 :: e: 1.415e-01 i: 1.807e-01 :: n: 2.762e+01 e:17.878 i:20.074 v:4.993e+03
 5     -0.005   3.93e-03   2.06e-01   3.49e-03  -2.49e-02   0.00e+00 (  1.17e+00,  3.07e+01)
10     -0.027   4.03e-02   6.71e-02   1.29e-02  -1.63e-01   0.00e+00 (  2.10e+01,  6.28e+01)
15      0.007   1.33e-01   2.07e-01   6.50e-02   4.87e-02   0.00e+00 (  7.44e+01,  9.45e+01)
20      0.015   1.45e-01   2.07e-01   8.73e-02   1.25e-01   0.00e+00 (  7.86e+01,  1.16e+02)
25      0.047   1.70e-01   2.13e-01   1.08e-01   4.36e-01   0.00e+00 (  8.64e+01,  1.32e+02)
30      0.060   1.95e-01   2.44e-01   1.15e-01   6.09e-01   0.00e+00 (  8.95e+01,  1.46e+02)
35      0.058   2.04e-01   2.39e-01   1.19e-01   6.37e-01   0.00e+00 (  8.70e+01,  1.54e+02)
40      0.066   2.12e-01   2.41e-01   1.03e-01   7.87e-01   0.00e+00 (  8.18e+01,  1.57e+02)
45      0.074   2.23e-01   2.61e-01   1.46e-01   9.30e-01   0.00e+00 (  7.64e+01,  1.55e+02)
50      0.093   2.53e-01   3.15e-01   1.55e-01   1.23e+00   0.00e+00 (  7.42e+01,  1.49e+02)
55      0.082   2.36e-01   3.02e-01   1.74e-01   1.12e+00   0.00e+00 (  6.03e+01,  1.40e+02)
60      0.089   2.41e-01   3.14e-01   2.18e-01   1.26e+00   0.00e+00 (  5.22e+01,  1.28e+02)
65      0.104   2.51e-01   3.67e-01   2.68e-01   1.53e+00   0.00e+00 (  4.42e+01,  1.15e+02)
70      0.107   2.49e-01   3.87e-01   3.01e-01   1.61e+00   0.00e+00 (  3.63e+01,  1.01e+02)
75      0.113   2.50e-01   4.10e-01   3.35e-01   1.74e+00   0.00e+00 (  2.99e+01,  8.62e+01)
80      0.121   2.62e-01   4.30e-01   3.52e-01   1.95e+00   0.00e+00 (  2.40e+01,  7.20e+01)
85      0.145   3.81e-01   4.71e-01   3.26e-01   2.83e+00   0.00e+00 (  2.44e+01,  5.80e+01)
90      0.478   1.14e+00   1.51e+00   9.28e-01   1.69e+01   0.00e+00 (  2.15e+02,  4.43e+01)
95      0.379   7.33e-01   1.05e+00   7.82e-01   2.39e+01   0.00e+00 (  3.84e+02,  2.82e+01)
18 e: 1.464e-03 i: 1.891e-04 :: e: 1.363e-01 i: 1.803e-01 :: n: 2.762e+01 e:18.581 i:19.860 v:4.993e+03
 5     -0.005   3.84e-03   2.02e-01   3.63e-03  -2.46e-02   0.00e+00 (  1.18e+00,  3.07e+01)
10     -0.030   4.36e-02   6.77e-02   1.37e-02  -1.80e-01   0.00e+00 (  2.33e+01,  6.28e+01)
15      0.004   1.45e-01   2.25e-01   7.34e-02   3.06e-02   0.00e+00 (  8.29e+01,  9.45e+01)
20      0.014   1.52e-01   2.31e-01   9.95e-02   1.20e-01   0.00e+00 (  8.49e+01,  1.16e+02)
25      0.044   1.77e-01   2.45e-01   1.19e-01   4.10e-01   0.00e+00 (  9.32e+01,  1.32e+02)
30      0.090   2.52e-01   3.80e-01   1.85e-01   9.15e-01   0.00e+00 (  1.21e+02,  1.46e+02)
35      0.087   2.57e-01   3.73e-01   1.70e-01   9.68e-01   0.00e+00 (  1.15e+02,  1.54e+02)
40      0.089   2.60e-01   3.55e-01   1.43e-01   1.05e+00   0.00e+00 (  1.06e+02,  1.57e+02)
45      0.099   2.70e-01   3.61e-01   1.73e-01   1.24e+00   0.00e+00 (  9.78e+01,  1.55e+02)
50      0.101   2.77e-01   3.63e-01   1.72e-01   1.33e+00   0.00e+00 (  8.60e+01,  1.49e+02)
55      0.083   2.54e-01   3.35e-01   1.91e-01   1.14e+00   0.00e+00 (  6.94e+01,  1.40e+02)
60      0.089   2.59e-01   3.42e-01   2.36e-01   1.26e+00   0.00e+00 (  6.03e+01,  1.28e+02)
65      0.101   2.66e-01   3.90e-01   2.84e-01   1.48e+00   0.00e+00 (  5.06e+01,  1.15e+02)
70      0.102   2.58e-01   3.95e-01   3.07e-01   1.53e+00   0.00e+00 (  4.09e+01,  1.01e+02)
75      0.106   2.52e-01   4.05e-01   3.32e-01   1.62e+00   0.00e+00 (  3.29e+01,  8.62e+01)
80      0.111   2.48e-01   4.13e-01   3.37e-01   1.80e+00   0.00e+00 (  2.51e+01,  7.20e+01)
85      0.137   3.47e-01   4.47e-01   3.05e-01   2.67e+00   0.00e+00 (  2.47e+01,  5.80e+01)
90      0.469   1.12e+00   1.49e+00   8.95e-01   1.66e+01   0.00e+00 (  2.16e+02,  4.43e+01)
95      0.379   7.33e-01   1.05e+00   7.82e-01   2.39e+01   0.00e+00 (  3.84e+02,  2.82e+01)
19 e: 4.832e-04 i: 8.638e-04 :: e: 8.964e-02 i: 1.254e-01 :: n: 2.762e+01 e:18.148 i:20.351 v:4.993e+03
 5     -0.005   4.06e-03   2.13e-01   3.55e-03  -2.55e-02   0.00e+00 (  1.22e+00,  3.07e+01)
10     -0.011   3.85e-02   6.36e-02   9.08e-03  -6.52e-02   0.00e+00 (  2.00e+01,  6.28e+01)
15      0.031   1.37e-01   1.97e-01   6.75e-02   2.21e-01   0.00e+00 (  7.57e+01,  9.45e+01)
20      0.016   1.48e-01   2.06e-01   8.59e-02   1.33e-01   0.00e+00 (  8.05e+01,  1.16e+02)
25      0.048   1.75e-01   2.17e-01   1.08e-01   4.49e-01   0.00e+00 (  8.99e+01,  1.32e+02)
30      0.059   2.02e-01   2.46e-01   1.12e-01   6.03e-01   0.00e+00 (  9.43e+01,  1.46e+02)
35      0.058   2.11e-01   2.43e-01   1.19e-01   6.46e-01   0.00e+00 (  9.18e+01,  1.54e+02)
40      0.068   2.21e-01   2.51e-01   1.05e-01   8.10e-01   0.00e+00 (  8.79e+01,  1.57e+02)
45      0.076   2.34e-01   2.74e-01   1.49e-01   9.57e-01   0.00e+00 (  8.25e+01,  1.55e+02)
50      0.100   2.70e-01   3.39e-01   1.61e-01   1.32e+00   0.00e+00 (  8.17e+01,  1.49e+02)
55      0.087   2.52e-01   3.11e-01   1.93e-01   1.20e+00   0.00e+00 (  6.71e+01,  1.40e+02)
60      0.099   2.63e-01   3.52e-01   2.44e-01   1.40e+00   0.00e+00 (  5.94e+01,  1.28e+02)
65      0.114   2.75e-01   4.12e-01   2.98e-01   1.67e+00   0.00e+00 (  5.06e+01,  1.15e+02)
70      0.118   2.75e-01   4.34e-01   3.35e-01   1.77e+00   0.00e+00 (  4.19e+01,  1.01e+02)
75      0.125   2.77e-01   4.60e-01   3.73e-01   1.92e+00   0.00e+00 (  3.46e+01,  8.62e+01)
80      0.134   2.87e-01   4.80e-01   3.93e-01   2.15e+00   0.00e+00 (  2.75e+01,  7.20e+01)
85      0.152   3.93e-01   5.00e-01   3.48e-01   2.96e+00   0.00e+00 (  2.59e+01,  5.80e+01)
90      0.478   1.14e+00   1.51e+00   9.29e-01   1.70e+01   0.00e+00 (  2.16e+02,  4.43e+01)
95      0.379   7.33e-01   1.05e+00   7.82e-01   2.39e+01   0.00e+00 (  3.84e+02,  2.82e+01)
20 e: 1.790e-03 i: 1.525e-04 :: e: 7.575e-02 i: 1.082e-01 :: n: 2.762e+01 e:18.928 i:20.163 v:4.993e+03
 5     -0.005   3.99e-03   2.09e-01   3.71e-03  -2.52e-02   0.00e+00 (  1.23e+00,  3.07e+01)
10     -0.030   4.40e-02   7.02e-02   1.32e-02  -1.81e-01   0.00e+00 (  2.35e+01,  6.28e+01)
15      0.032   1.47e-01   2.20e-01   7.61e-02   2.31e-01   0.00e+00 (  8.34e+01,  9.45e+01)
20      0.010   1.57e-01   2.34e-01   9.92e-02   8.18e-02   0.00e+00 (  8.85e+01,  1.16e+02)
25      0.046   1.83e-01   2.52e-01   1.20e-01   4.24e-01   0.00e+00 (  9.79e+01,  1.32e+02)
30      0.092   2.61e-01   3.90e-01   1.88e-01   9.41e-01   0.00e+00 (  1.27e+02,  1.46e+02)
35      0.090   2.68e-01   3.86e-01   1.75e-01   9.97e-01   0.00e+00 (  1.23e+02,  1.54e+02)
40      0.093   2.74e-01   3.74e-01   1.50e-01   1.11e+00   0.00e+00 (  1.15e+02,  1.57e+02)
45      0.105   2.86e-01   3.84e-01   1.80e-01   1.32e+00   0.00e+00 (  1.07e+02,  1.55e+02)
50      0.109   2.97e-01   3.95e-01   1.83e-01   1.44e+00   0.00e+00 (  9.57e+01,  1.49e+02)
55      0.123   3.21e-01   4.62e-01   2.58e-01   1.69e+00   0.00e+00 (  9.14e+01,  1.40e+02)
60      0.099   2.85e-01   3.88e-01   2.63e-01   1.41e+00   0.00e+00 (  6.95e+01,  1.28e+02)
65      0.112   2.93e-01   4.39e-01   3.18e-01   1.63e+00   0.00e+00 (  5.87e+01,  1.15e+02)
70      0.113   2.88e-01   4.49e-01   3.46e-01   1.70e+00   0.00e+00 (  4.81e+01,  1.01e+02)
75      0.117   2.82e-01   4.61e-01   3.73e-01   1.80e+00   0.00e+00 (  3.89e+01,  8.62e+01)
80      0.124   2.76e-01   4.69e-01   3.81e-01   2.00e+00   0.00e+00 (  2.95e+01,  7.20e+01)
85      0.144   3.59e-01   4.82e-01   3.32e-01   2.81e+00   0.00e+00 (  2.68e+01,  5.80e+01)
90      0.470   1.12e+00   1.49e+00   8.98e-01   1.67e+01   0.00e+00 (  2.17e+02,  4.43e+01)
95      0.379   7.33e-01   1.05e+00   7.82e-01   2.39e+01   0.00e+00 (  3.84e+02,  2.82e+01)
21 e: 4.880e-04 i: 9.932e-04 :: e: 5.847e-02 i: 8.566e-02 :: n: 2.762e+01 e:18.487 i:20.709 v:4.993e+03
 5     -0.006   4.23e-03   2.22e-01   3.63e-03  -2.64e-02   0.00e+00 (  1.28e+00,  3.07e+01)
10     -0.026   5.50e-02   1.90e-01   1.83e-02  -1.55e-01   0.00e+00 (  2.87e+01,  6.28e+01)
15      0.030   1.42e-01   1.90e-01   6.52e-02   2.13e-01   0.00e+00 (  7.82e+01,  9.45e+01)
20      0.018   1.52e-01   2.07e-01   8.48e-02   1.45e-01   0.00e+00 (  8.32e+01,  1.16e+02)
25      0.050   1.81e-01   2.25e-01   1.08e-01   4.68e-01   0.00e+00 (  9.47e+01,  1.32e+02)
30      0.054   1.98e-01   2.22e-01   1.11e-01   5.49e-01   0.00e+00 (  9.37e+01,  1.46e+02)
35      0.066   2.16e-01   2.43e-01   1.15e-01   7.34e-01   0.00e+00 (  9.62e+01,  1.54e+02)
40      0.088   2.65e-01   3.38e-01   1.32e-01   1.04e+00   0.00e+00 (  1.08e+02,  1.57e+02)
45      0.080   2.47e-01   2.90e-01   1.53e-01   1.01e+00   0.00e+00 (  8.98e+01,  1.55e+02)
50      0.107   2.87e-01   3.63e-01   1.71e-01   1.42e+00   0.00e+00 (  9.01e+01,  1.49e+02)
55      0.092   2.68e-01   3.30e-01   2.03e-01   1.27e+00   0.00e+00 (  7.37e+01,  1.40e+02)
60      0.109   2.87e-01   3.92e-01   2.67e-01   1.55e+00   0.00e+00 (  6.77e+01,  1.28e+02)
65      0.126   3.03e-01   4.62e-01   3.33e-01   1.85e+00   0.00e+00 (  5.87e+01,  1.15e+02)
70      0.132   3.06e-01   4.92e-01   3.79e-01   1.98e+00   0.00e+00 (  4.93e+01,  1.01e+02)
75      0.140   3.10e-01   5.23e-01   4.20e-01   2.15e+00   0.00e+00 (  4.10e+01,  8.62e+01)
80      0.150   3.21e-01   5.50e-01   4.47e-01   2.42e+00   0.00e+00 (  3.26e+01,  7.20e+01)
85      0.164   4.13e-01   5.52e-01   3.89e-01   3.19e+00   0.00e+00 (  2.89e+01,  5.80e+01)
90      0.480   1.14e+00   1.52e+00   9.35e-01   1.70e+01   0.00e+00 (  2.18e+02,  4.43e+01)
95      0.379   7.33e-01   1.05e+00   7.82e-01   2.39e+01   0.00e+00 (  3.84e+02,  2.82e+01)
22 e: 2.000e-03 i: 5.222e-04 :: e: 2.779e-02 i: 6.023e-02 :: n: 2.762e+01 e:19.324 i:20.345 v:4.993e+03
 5     -0.006   4.08e-03   2.19e-01   3.85e-03  -2.61e-02   0.00e+00 (  1.28e+00,  3.07e+01)
10     -0.027   5.48e-02   1.88e-01   1.81e-02  -1.62e-01   0.00e+00 (  2.93e+01,  6.28e+01)
15      0.028   1.48e-01   2.06e-01   7.15e-02   1.98e-01   0.00e+00 (  8.33e+01,  9.45e+01)
20      0.010   1.61e-01   2.34e-01   9.78e-02   8.38e-02   0.00e+00 (  9.12e+01,  1.16e+02)
25      0.046   1.86e-01   2.58e-01   1.20e-01   4.32e-01   0.00e+00 (  1.01e+02,  1.32e+02)
30      0.095   2.72e-01   4.03e-01   1.93e-01   9.72e-01   0.00e+00 (  1.35e+02,  1.46e+02)
35      0.092   2.79e-01   3.98e-01   1.79e-01   1.02e+00   0.00e+00 (  1.31e+02,  1.54e+02)
40      0.094   2.84e-01   3.83e-01   1.49e-01   1.12e+00   0.00e+00 (  1.22e+02,  1.57e+02)
45      0.109   3.01e-01   4.04e-01   1.86e-01   1.36e+00   0.00e+00 (  1.16e+02,  1.55e+02)
50      0.117   3.16e-01   4.25e-01   1.94e-01   1.54e+00   0.00e+00 (  1.06e+02,  1.49e+02)
55      0.132   3.42e-01   4.97e-01   2.74e-01   1.81e+00   0.00e+00 (  1.01e+02,  1.40e+02)
60      0.109   3.11e-01   4.34e-01   2.94e-01   1.55e+00   0.00e+00 (  7.90e+01,  1.28e+02)
65      0.100   2.87e-01   4.01e-01   2.95e-01   1.46e+00   0.00e+00 (  6.05e+01,  1.15e+02)
70      0.125   3.21e-01   5.09e-01   3.91e-01   1.88e+00   0.00e+00 (  5.67e+01,  1.01e+02)
75      0.130   3.17e-01   5.27e-01   4.22e-01   2.00e+00   0.00e+00 (  4.65e+01,  8.62e+01)
80      0.139   3.11e-01   5.40e-01   4.36e-01   2.24e+00   0.00e+00 (  3.55e+01,  7.20e+01)
85      0.156   3.79e-01   5.36e-01   3.72e-01   3.03e+00   0.00e+00 (  3.05e+01,  5.80e+01)
90      0.471   1.12e+00   1.50e+00   9.06e-01   1.67e+01   0.00e+00 (  2.21e+02,  4.43e+01)
95      0.379   7.33e-01   1.05e+00   7.82e-01   2.39e+01   0.00e+00 (  3.84e+02,  2.82e+01)
23 e: 7.970e-04 i: 1.128e-03 :: e: 5.565e-02 i: 8.443e-02 :: n: 2.762e+01 e:18.731 i:20.773 v:4.993e+03
 5     -0.006   4.28e-03   2.32e-01   3.73e-03  -2.63e-02   0.00e+00 (  1.30e+00,  3.07e+01)
10     -0.026   4.58e-02   1.65e-01   9.82e-03  -1.54e-01   0.00e+00 (  2.35e+01,  6.28e+01)
15      0.030   1.36e-01   1.67e-01   5.66e-02   2.13e-01   0.00e+00 (  7.39e+01,  9.45e+01)
20      0.014   1.51e-01   2.01e-01   8.23e-02   1.16e-01   0.00e+00 (  8.30e+01,  1.16e+02)
25      0.050   1.84e-01   2.23e-01   1.06e-01   4.68e-01   0.00e+00 (  9.68e+01,  1.32e+02)
30      0.064   1.98e-01   2.16e-01   1.06e-01   6.55e-01   0.00e+00 (  9.50e+01,  1.46e+02)
35      0.067   2.22e-01   2.45e-01   1.14e-01   7.43e-01   0.00e+00 (  1.00e+02,  1.54e+02)
40      0.092   2.69e-01   3.35e-01   1.25e-01   1.09e+00   0.00e+00 (  1.12e+02,  1.57e+02)
45      0.082   2.55e-01   2.98e-01   1.56e-01   1.03e+00   0.00e+00 (  9.51e+01,  1.55e+02)
50      0.112   3.01e-01   3.78e-01   1.77e-01   1.47e+00   0.00e+00 (  9.68e+01,  1.49e+02)
55      0.096   2.81e-01   3.45e-01   2.09e-01   1.32e+00   0.00e+00 (  7.94e+01,  1.40e+02)
60      0.118   3.08e-01   4.26e-01   2.87e-01   1.67e+00   0.00e+00 (  7.53e+01,  1.28e+02)
65      0.116   2.97e-01   4.28e-01   3.13e-01   1.70e+00   0.00e+00 (  6.04e+01,  1.15e+02)
70      0.145   3.36e-01   5.48e-01   4.20e-01   2.17e+00   0.00e+00 (  5.69e+01,  1.01e+02)
75      0.154   3.43e-01   5.86e-01   4.68e-01   2.37e+00   0.00e+00 (  4.79e+01,  8.62e+01)
80      0.167   3.56e-01   6.22e-01   5.02e-01   2.69e+00   0.00e+00 (  3.85e+01,  7.20e+01)
85      0.178   4.36e-01   6.16e-01   4.39e-01   3.48e+00   0.00e+00 (  3.30e+01,  5.80e+01)
90      0.482   1.14e+00   1.53e+00   9.46e-01   1.71e+01   0.00e+00 (  2.22e+02,  4.43e+01)
95      0.379   7.33e-01   1.05e+00   7.82e-01   2.39e+01   0.00e+00 (  3.84e+02,  2.82e+01)
24 e: 1.940e-03 i: 4.154e-04 :: e: 3.940e-02 i: 6.812e-02 :: n: 2.762e+01 e:19.534 i:20.416 v:4.993e+03
 5     -0.005   4.13e-03   2.26e-01   3.89e-03  -2.52e-02   0.00e+00 (  1.28e+00,  3.07e+01)
10     -0.026   4.78e-02   1.64e-01   1.22e-02  -1.53e-01   0.00e+00 (  2.51e+01,  6.28e+01)
15      0.029   1.44e-01   1.89e-01   6.70e-02   2.10e-01   0.00e+00 (  7.97e+01,  9.45e+01)
20      0.016   1.61e-01   2.29e-01   9.61e-02   1.33e-01   0.00e+00 (  9.12e+01,  1.16e+02)
25      0.048   1.89e-01   2.58e-01   1.24e-01   4.43e-01   0.00e+00 (  1.03e+02,  1.32e+02)
30      0.097   2.78e-01   4.09e-01   1.94e-01   9.94e-01   0.00e+00 (  1.39e+02,  1.46e+02)
35      0.094   2.86e-01   4.04e-01   1.80e-01   1.04e+00   0.00e+00 (  1.35e+02,  1.54e+02)
40      0.093   2.94e-01   3.86e-01   1.46e-01   1.11e+00   0.00e+00 (  1.28e+02,  1.57e+02)
45      0.112   3.12e-01   4.14e-01   1.90e-01   1.41e+00   0.00e+00 (  1.23e+02,  1.55e+02)
50      0.121   3.29e-01   4.41e-01   2.02e-01   1.60e+00   0.00e+00 (  1.12e+02,  1.49e+02)
55      0.137   3.58e-01   5.18e-01   2.84e-01   1.88e+00   0.00e+00 (  1.08e+02,  1.40e+02)
60      0.117   3.32e-01   4.70e-01   3.14e-01   1.67e+00   0.00e+00 (  8.72e+01,  1.28e+02)
65      0.114   3.21e-01   4.65e-01   3.38e-01   1.66e+00   0.00e+00 (  7.10e+01,  1.15e+02)
70      0.136   3.50e-01   5.63e-01   4.30e-01   2.04e+00   0.00e+00 (  6.48e+01,  1.01e+02)
75      0.141   3.46e-01   5.83e-01   4.64e-01   2.17e+00   0.00e+00 (  5.34e+01,  8.62e+01)
80      0.152   3.43e-01   6.05e-01   4.85e-01   2.45e+00   0.00e+00 (  4.16e+01,  7.20e+01)
85      0.168   4.02e-01   5.96e-01   4.22e-01   3.28e+00   0.00e+00 (  3.50e+01,  5.80e+01)
90      0.479   1.13e+00   1.53e+00   9.39e-01   1.70e+01   0.00e+00 (  2.27e+02,  4.43e+01)
95      0.379   7.33e-01   1.05e+00   7.82e-01   2.39e+01   0.00e+00 (  3.84e+02,  2.82e+01)
25 e: 9.765e-04 i: 9.528e-04 :: e: 6.531e-02 i: 8.377e-02 :: n: 2.762e+01 e:18.899 i:20.885 v:4.993e+03
 5     -0.005   4.35e-03   2.40e-01   3.76e-03  -2.58e-02   0.00e+00 (  1.31e+00,  3.07e+01)
10     -0.018   4.07e-02   1.43e-01   9.34e-03  -1.06e-01   0.00e+00 (  2.07e+01,  6.28e+01)
15      0.022   1.32e-01   1.58e-01   5.35e-02   1.60e-01   0.00e+00 (  7.07e+01,  9.45e+01)
20      0.016   1.52e-01   1.98e-01   8.11e-02   1.29e-01   0.00e+00 (  8.34e+01,  1.16e+02)
25      0.052   1.86e-01   2.23e-01   1.05e-01   4.80e-01   0.00e+00 (  9.79e+01,  1.32e+02)
30      0.065   2.01e-01   2.16e-01   1.05e-01   6.63e-01   0.00e+00 (  9.69e+01,  1.46e+02)
35      0.068   2.26e-01   2.46e-01   1.14e-01   7.52e-01   0.00e+00 (  1.03e+02,  1.54e+02)
40      0.091   2.76e-01   3.36e-01   1.22e-01   1.08e+00   0.00e+00 (  1.16e+02,  1.57e+02)
45      0.084   2.62e-01   3.04e-01   1.57e-01   1.05e+00   0.00e+00 (  9.88e+01,  1.55e+02)
50      0.114   3.10e-01   3.88e-01   1.81e-01   1.51e+00   0.00e+00 (  1.01e+02,  1.49e+02)
55      0.134   3.38e-01   4.66e-01   2.53e-01   1.84e+00   0.00e+00 (  9.77e+01,  1.40e+02)
60      0.124   3.24e-01   4.49e-01   3.00e-01   1.76e+00   0.00e+00 (  8.12e+01,  1.28e+02)
65      0.128   3.24e-01   4.76e-01   3.45e-01   1.88e+00   0.00e+00 (  6.83e+01,  1.15e+02)
70      0.155   3.60e-01   5.91e-01   4.51e-01   2.32e+00   0.00e+00 (  6.31e+01,  1.01e+02)
75      0.165   3.68e-01   6.35e-01   5.06e-01   2.53e+00   0.00e+00 (  5.36e+01,  8.62e+01)
80      0.180   3.83e-01   6.81e-01   5.47e-01   2.91e+00   0.00e+00 (  4.37e+01,  7.20e+01)
85      0.192   4.59e-01   6.77e-01   4.89e-01   3.74e+00   0.00e+00 (  3.73e+01,  5.80e+01)
90      0.485   1.14e+00   1.54e+00   9.57e-01   1.72e+01   0.00e+00 (  2.25e+02,  4.43e+01)
95      0.379   7.33e-01   1.05e+00   7.82e-01   2.39e+01   0.00e+00 (  3.84e+02,  2.82e+01)
26 e: 1.901e-03 i: 4.521e-04 :: e: 5.623e-02 i: 8.467e-02 :: n: 2.762e+01 e:19.724 i:20.525 v:4.993e+03
 5     -0.005   4.20e-03   2.33e-01   3.93e-03  -2.49e-02   0.00e+00 (  1.30e+00,  3.07e+01)
10     -0.023   4.32e-02   1.55e-01   7.87e-03  -1.35e-01   0.00e+00 (  2.26e+01,  6.28e+01)
15      0.034   1.42e-01   1.82e-01   6.50e-02   2.42e-01   0.00e+00 (  7.82e+01,  9.45e+01)
20      0.015   1.68e-01   2.28e-01   9.41e-02   1.25e-01   0.00e+00 (  9.51e+01,  1.16e+02)
25      0.041   1.95e-01   2.59e-01   1.20e-01   3.83e-01   0.00e+00 (  1.07e+02,  1.32e+02)
30      0.100   2.83e-01   4.15e-01   1.96e-01   1.02e+00   0.00e+00 (  1.43e+02,  1.46e+02)
35      0.096   2.91e-01   4.10e-01   1.83e-01   1.06e+00   0.00e+00 (  1.39e+02,  1.54e+02)
40      0.095   3.00e-01   3.93e-01   1.48e-01   1.13e+00   0.00e+00 (  1.32e+02,  1.57e+02)
45      0.115   3.21e-01   4.26e-01   1.94e-01   1.45e+00   0.00e+00 (  1.28e+02,  1.55e+02)
50      0.124   3.38e-01   4.53e-01   2.07e-01   1.63e+00   0.00e+00 (  1.17e+02,  1.49e+02)
55      0.136   3.61e-01   5.15e-01   2.82e-01   1.86e+00   0.00e+00 (  1.11e+02,  1.40e+02)
60      0.121   3.46e-01   4.89e-01   3.19e-01   1.73e+00   0.00e+00 (  9.30e+01,  1.28e+02)
65      0.123   3.44e-01   5.09e-01   3.67e-01   1.80e+00   0.00e+00 (  7.87e+01,  1.15e+02)
70      0.143   3.71e-01   6.02e-01   4.58e-01   2.15e+00   0.00e+00 (  7.09e+01,  1.01e+02)
75      0.149   3.69e-01   6.26e-01   4.97e-01   2.29e+00   0.00e+00 (  5.90e+01,  8.62e+01)
80      0.162   3.68e-01   6.56e-01   5.23e-01   2.61e+00   0.00e+00 (  4.68e+01,  7.20e+01)
85      0.179   4.25e-01   6.50e-01   4.65e-01   3.49e+00   0.00e+00 (  3.95e+01,  5.80e+01)
90      0.482   1.14e+00   1.54e+00   9.53e-01   1.71e+01   0.00e+00 (  2.32e+02,  4.43e+01)
95      0.379   7.33e-01   1.05e+00   7.82e-01   2.39e+01   0.00e+00 (  3.84e+02,  2.82e+01)
27 e: 1.230e-03 i: 8.448e-04 :: e: 7.686e-02 i: 9.353e-02 :: n: 2.762e+01 e:19.032 i:21.002 v:4.993e+03
 5     -0.005   4.41e-03   2.46e-01   3.78e-03  -2.57e-02   0.00e+00 (  1.32e+00,  3.07e+01)
10     -0.017   3.82e-02   1.29e-01   9.93e-03  -1.03e-01   0.00e+00 (  1.94e+01,  6.28e+01)
15      0.016   1.31e-01   1.54e-01   5.22e-02   1.11e-01   0.00e+00 (  7.03e+01,  9.45e+01)
20      0.020   1.54e-01   1.98e-01   8.09e-02   1.68e-01   0.00e+00 (  8.41e+01,  1.16e+02)
25      0.053   1.88e-01   2.24e-01   1.05e-01   4.90e-01   0.00e+00 (  9.92e+01,  1.32e+02)
30      0.066   2.05e-01   2.17e-01   1.07e-01   6.73e-01   0.00e+00 (  9.94e+01,  1.46e+02)
35      0.069   2.29e-01   2.48e-01   1.14e-01   7.62e-01   0.00e+00 (  1.05e+02,  1.54e+02)
40      0.092   2.80e-01   3.39e-01   1.23e-01   1.09e+00   0.00e+00 (  1.18e+02,  1.57e+02)
45      0.105   2.97e-01   3.69e-01   1.73e-01   1.32e+00   0.00e+00 (  1.13e+02,  1.55e+02)
50      0.116   3.15e-01   3.93e-01   1.84e-01   1.53e+00   0.00e+00 (  1.04e+02,  1.49e+02)
55      0.133   3.40e-01   4.61e-01   2.51e-01   1.82e+00   0.00e+00 (  9.86e+01,  1.40e+02)
60      0.127   3.32e-01   4.61e-01   3.06e-01   1.80e+00   0.00e+00 (  8.44e+01,  1.28e+02)
65      0.135   3.40e-01   5.05e-01   3.64e-01   1.98e+00   0.00e+00 (  7.33e+01,  1.15e+02)
70      0.161   3.75e-01   6.18e-01   4.71e-01   2.41e+00   0.00e+00 (  6.72e+01,  1.01e+02)
75      0.172   3.86e-01   6.68e-01   5.31e-01   2.64e+00   0.00e+00 (  5.76e+01,  8.62e+01)
80      0.189   4.03e-01   7.22e-01   5.78e-01   3.05e+00   0.00e+00 (  4.77e+01,  7.20e+01)
85      0.203   4.78e-01   7.26e-01   5.29e-01   3.95e+00   0.00e+00 (  4.11e+01,  5.80e+01)
90      0.487   1.15e+00   1.56e+00   9.67e-01   1.73e+01   0.00e+00 (  2.29e+02,  4.43e+01)
95      0.379   7.33e-01   1.05e+00   7.82e-01   2.39e+01   0.00e+00 (  3.84e+02,  2.82e+01)
28 e: 1.804e-03 i: 5.621e-04 :: e: 6.193e-02 i: 8.619e-02 :: n: 2.762e+01 e:19.857 i:20.606 v:4.993e+03
 5     -0.005   4.24e-03   2.37e-01   3.96e-03  -2.49e-02   0.00e+00 (  1.32e+00,  3.07e+01)
10     -0.018   4.19e-02   1.47e-01   8.34e-03  -1.07e-01   0.00e+00 (  2.21e+01,  6.28e+01)
15      0.034   1.43e-01   1.81e-01   6.44e-02   2.43e-01   0.00e+00 (  7.88e+01,  9.45e+01)
20      0.016   1.70e-01   2.31e-01   9.49e-02   1.34e-01   0.00e+00 (  9.64e+01,  1.16e+02)
25      0.042   1.99e-01   2.62e-01   1.21e-01   3.87e-01   0.00e+00 (  1.09e+02,  1.32e+02)
30      0.102   2.87e-01   4.22e-01   1.99e-01   1.04e+00   0.00e+00 (  1.46e+02,  1.46e+02)
35      0.097   2.95e-01   4.16e-01   1.85e-01   1.08e+00   0.00e+00 (  1.42e+02,  1.54e+02)
40      0.096   3.03e-01   3.96e-01   1.49e-01   1.14e+00   0.00e+00 (  1.34e+02,  1.57e+02)
45      0.114   3.22e-01   4.24e-01   1.93e-01   1.44e+00   0.00e+00 (  1.29e+02,  1.55e+02)
50      0.125   3.42e-01   4.59e-01   2.10e-01   1.65e+00   0.00e+00 (  1.20e+02,  1.49e+02)
55      0.135   3.64e-01   5.15e-01   2.81e-01   1.86e+00   0.00e+00 (  1.12e+02,  1.40e+02)
60      0.124   3.53e-01   5.00e-01   3.25e-01   1.76e+00   0.00e+00 (  9.60e+01,  1.28e+02)
65      0.128   3.57e-01   5.32e-01   3.82e-01   1.87e+00   0.00e+00 (  8.30e+01,  1.15e+02)
70      0.147   3.83e-01   6.22e-01   4.72e-01   2.21e+00   0.00e+00 (  7.43e+01,  1.01e+02)
75      0.154   3.83e-01   6.50e-01   5.15e-01   2.36e+00   0.00e+00 (  6.25e+01,  8.62e+01)
80      0.168   3.83e-01   6.86e-01   5.46e-01   2.71e+00   0.00e+00 (  5.01e+01,  7.20e+01)
85      0.187   4.39e-01   6.89e-01   4.96e-01   3.65e+00   0.00e+00 (  4.29e+01,  5.80e+01)
90      0.484   1.14e+00   1.55e+00   9.62e-01   1.72e+01   0.00e+00 (  2.35e+02,  4.43e+01)
95      0.379   7.33e-01   1.05e+00   7.82e-01   2.39e+01   0.00e+00 (  3.84e+02,  2.82e+01)
29 e: 1.542e-03 i: 7.475e-04 :: e: 7.762e-02 i: 9.405e-02 :: n: 2.762e+01 e:19.095 i:21.068 v:4.993e+03
 5     -0.005   4.45e-03   2.49e-01   3.80e-03  -2.58e-02   0.00e+00 (  1.34e+00,  3.07e+01)
10     -0.017   3.70e-02   1.23e-01   1.04e-02  -1.02e-01   0.00e+00 (  1.89e+01,  6.28e+01)
15      0.016   1.32e-01   1.54e-01   5.18e-02   1.13e-01   0.00e+00 (  7.06e+01,  9.45e+01)
20      0.021   1.55e-01   2.00e-01   8.12e-02   1.76e-01   0.00e+00 (  8.49e+01,  1.16e+02)
25      0.050   1.86e-01   2.28e-01   1.05e-01   4.62e-01   0.00e+00 (  9.80e+01,  1.32e+02)
30      0.067   2.07e-01   2.19e-01   1.08e-01   6.80e-01   0.00e+00 (  1.00e+02,  1.46e+02)
35      0.069   2.30e-01   2.50e-01   1.15e-01   7.69e-01   0.00e+00 (  1.06e+02,  1.54e+02)
40      0.093   2.81e-01   3.39e-01   1.11e-01   1.10e+00   0.00e+00 (  1.18e+02,  1.57e+02)
45      0.085   2.66e-01   3.06e-01   1.57e-01   1.07e+00   0.00e+00 (  1.01e+02,  1.55e+02)
50      0.117   3.17e-01   3.94e-01   1.85e-01   1.54e+00   0.00e+00 (  1.05e+02,  1.49e+02)
55      0.098   2.92e-01   3.70e-01   2.02e-01   1.34e+00   0.00e+00 (  8.48e+01,  1.40e+02)
60      0.128   3.35e-01   4.64e-01   3.08e-01   1.82e+00   0.00e+00 (  8.56e+01,  1.28e+02)
65      0.138   3.46e-01   5.17e-01   3.72e-01   2.03e+00   0.00e+00 (  7.55e+01,  1.15e+02)
70      0.163   3.81e-01   6.28e-01   4.78e-01   2.45e+00   0.00e+00 (  6.90e+01,  1.01e+02)
75      0.175   3.93e-01   6.82e-01   5.41e-01   2.69e+00   0.00e+00 (  5.95e+01,  8.62e+01)
80      0.194   4.13e-01   7.42e-01   5.93e-01   3.12e+00   0.00e+00 (  4.98e+01,  7.20e+01)
85      0.210   4.89e-01   7.58e-01   5.55e-01   4.09e+00   0.00e+00 (  4.37e+01,  5.80e+01)
90      0.490   1.15e+00   1.57e+00   9.75e-01   1.74e+01   0.00e+00 (  2.32e+02,  4.43e+01)
95      0.379   7.33e-01   1.05e+00   7.82e-01   2.39e+01   0.00e+00 (  3.84e+02,  2.82e+01)
30 e: 1.710e-03 i: 6.863e-04 :: e: 5.785e-02 i: 8.941e-02 :: n: 2.762e+01 e:19.911 i:20.630 v:4.993e+03
 5     -0.005   4.26e-03   2.39e-01   3.97e-03  -2.49e-02   0.00e+00 (  1.32e+00,  3.07e+01)
10     -0.018   4.10e-02   1.42e-01   8.79e-03  -1.08e-01   0.00e+00 (  2.17e+01,  6.28e+01)
15      0.034   1.43e-01   1.82e-01   6.45e-02   2.45e-01   0.00e+00 (  7.93e+01,  9.45e+01)
20      0.017   1.71e-01   2.33e-01   9.56e-02   1.40e-01   0.00e+00 (  9.70e+01,  1.16e+02)
25      0.042   2.00e-01   2.64e-01   1.22e-01   3.91e-01   0.00e+00 (  1.10e+02,  1.32e+02)
30      0.102   2.88e-01   4.23e-01   2.00e-01   1.05e+00   0.00e+00 (  1.47e+02,  1.46e+02)
35      0.106   2.93e-01   4.08e-01   1.80e-01   1.18e+00   0.00e+00 (  1.41e+02,  1.54e+02)
40      0.101   3.01e-01   3.90e-01   1.43e-01   1.20e+00   0.00e+00 (  1.33e+02,  1.57e+02)
45      0.116   3.24e-01   4.28e-01   1.95e-01   1.45e+00   0.00e+00 (  1.30e+02,  1.55e+02)
50      0.126   3.44e-01   4.62e-01   2.11e-01   1.66e+00   0.00e+00 (  1.21e+02,  1.49e+02)
55      0.137   3.68e-01   5.24e-01   2.86e-01   1.89e+00   0.00e+00 (  1.14e+02,  1.40e+02)
60      0.124   3.54e-01   5.02e-01   3.26e-01   1.76e+00   0.00e+00 (  9.66e+01,  1.28e+02)
65      0.128   3.59e-01   5.35e-01   3.83e-01   1.87e+00   0.00e+00 (  8.38e+01,  1.15e+02)
70      0.147   3.84e-01   6.23e-01   4.73e-01   2.20e+00   0.00e+00 (  7.49e+01,  1.01e+02)
75      0.154   3.86e-01   6.55e-01   5.18e-01   2.37e+00   0.00e+00 (  6.33e+01,  8.62e+01)
80      0.169   3.88e-01   6.95e-01   5.52e-01   2.73e+00   0.00e+00 (  5.13e+01,  7.20e+01)
85      0.191   4.47e-01   7.08e-01   5.12e-01   3.72e+00   0.00e+00 (  4.49e+01,  5.80e+01)
90      0.485   1.14e+00   1.56e+00   9.68e-01   1.72e+01   0.00e+00 (  2.37e+02,  4.43e+01)
95      0.379   7.33e-01   1.05e+00   7.82e-01   2.39e+01   0.00e+00 (  3.84e+02,  2.82e+01)
31 e: 1.806e-03 i: 6.798e-04 :: e: 7.069e-02 i: 8.639e-02 :: n: 2.762e+01 e:19.094 i:21.078 v:4.993e+03
 5     -0.005   4.45e-03   2.51e-01   3.80e-03  -2.57e-02   0.00e+00 (  1.34e+00,  3.07e+01)
10     -0.017   3.62e-02   1.20e-01   1.08e-02  -1.03e-01   0.00e+00 (  1.86e+01,  6.28e+01)
15      0.016   1.32e-01   1.54e-01   5.18e-02   1.15e-01   0.00e+00 (  7.06e+01,  9.45e+01)
20      0.022   1.56e-01   2.01e-01   8.15e-02   1.81e-01   0.00e+00 (  8.49e+01,  1.16e+02)
25      0.050   1.86e-01   2.28e-01   1.05e-01   4.65e-01   0.00e+00 (  9.79e+01,  1.32e+02)
30      0.067   2.05e-01   2.19e-01   1.06e-01   6.82e-01   0.00e+00 (  9.91e+01,  1.46e+02)
35      0.070   2.30e-01   2.50e-01   1.15e-01   7.72e-01   0.00e+00 (  1.06e+02,  1.54e+02)
40      0.093   2.81e-01   3.39e-01   1.11e-01   1.10e+00   0.00e+00 (  1.18e+02,  1.57e+02)
45      0.105   2.97e-01   3.68e-01   1.73e-01   1.32e+00   0.00e+00 (  1.13e+02,  1.55e+02)
50      0.117   3.17e-01   3.95e-01   1.85e-01   1.54e+00   0.00e+00 (  1.05e+02,  1.49e+02)
55      0.097   2.93e-01   3.52e-01   2.12e-01   1.34e+00   0.00e+00 (  8.50e+01,  1.40e+02)
60      0.127   3.34e-01   4.62e-01   3.06e-01   1.81e+00   0.00e+00 (  8.52e+01,  1.28e+02)
65      0.138   3.46e-01   5.15e-01   3.70e-01   2.02e+00   0.00e+00 (  7.52e+01,  1.15e+02)
70      0.162   3.79e-01   6.23e-01   4.74e-01   2.43e+00   0.00e+00 (  6.85e+01,  1.01e+02)
75      0.175   3.92e-01   6.79e-01   5.39e-01   2.68e+00   0.00e+00 (  5.93e+01,  8.62e+01)
80      0.194   4.13e-01   7.42e-01   5.93e-01   3.12e+00   0.00e+00 (  5.00e+01,  7.20e+01)
85      0.212   4.93e-01   7.70e-01   5.65e-01   4.14e+00   0.00e+00 (  4.48e+01,  5.80e+01)
90      0.491   1.15e+00   1.57e+00   9.80e-01   1.74e+01   0.00e+00 (  2.33e+02,  4.43e+01)
95      0.379   7.33e-01   1.05e+00   7.82e-01   2.39e+01   0.00e+00 (  3.84e+02,  2.82e+01)
32 e: 1.639e-03 i: 8.169e-04 :: e: 5.044e-02 i: 7.775e-02 :: n: 2.762e+01 e:19.899 i:20.600 v:4.993e+03
 5     -0.005   4.24e-03   2.39e-01   3.97e-03  -2.48e-02   0.00e+00 (  1.32e+00,  3.07e+01)
10     -0.018   4.04e-02   1.40e-01   8.99e-03  -1.10e-01   0.00e+00 (  2.15e+01,  6.28e+01)
15      0.034   1.43e-01   1.83e-01   6.49e-02   2.46e-01   0.00e+00 (  7.93e+01,  9.45e+01)
20      0.017   1.72e-01   2.35e-01   9.64e-02   1.45e-01   0.00e+00 (  9.70e+01,  1.16e+02)
25      0.042   2.00e-01   2.65e-01   1.22e-01   3.92e-01   0.00e+00 (  1.10e+02,  1.32e+02)
30      0.102   2.88e-01   4.24e-01   2.01e-01   1.04e+00   0.00e+00 (  1.46e+02,  1.46e+02)
35      0.098   2.96e-01   4.18e-01   1.86e-01   1.08e+00   0.00e+00 (  1.42e+02,  1.54e+02)
40      0.101   3.00e-01   3.89e-01   1.42e-01   1.20e+00   0.00e+00 (  1.32e+02,  1.57e+02)
45      0.113   3.20e-01   4.19e-01   1.93e-01   1.42e+00   0.00e+00 (  1.28e+02,  1.55e+02)
50      0.125   3.43e-01   4.60e-01   2.10e-01   1.65e+00   0.00e+00 (  1.20e+02,  1.49e+02)
55      0.139   3.70e-01   5.30e-01   2.89e-01   1.91e+00   0.00e+00 (  1.15e+02,  1.40e+02)
60      0.123   3.52e-01   4.98e-01   3.24e-01   1.75e+00   0.00e+00 (  9.59e+01,  1.28e+02)
65      0.127   3.56e-01   5.30e-01   3.80e-01   1.85e+00   0.00e+00 (  8.30e+01,  1.15e+02)
70      0.145   3.80e-01   6.15e-01   4.67e-01   2.18e+00   0.00e+00 (  7.39e+01,  1.01e+02)
75      0.152   3.82e-01   6.47e-01   5.12e-01   2.34e+00   0.00e+00 (  6.25e+01,  8.62e+01)
80      0.168   3.85e-01   6.89e-01   5.47e-01   2.70e+00   0.00e+00 (  5.09e+01,  7.20e+01)
85      0.191   4.48e-01   7.12e-01   5.15e-01   3.73e+00   0.00e+00 (  4.54e+01,  5.80e+01)
90      0.486   1.14e+00   1.56e+00   9.71e-01   1.73e+01   0.00e+00 (  2.38e+02,  4.43e+01)
95      0.379   7.33e-01   1.05e+00   7.82e-01   2.39e+01   0.00e+00 (  3.84e+02,  2.82e+01)
33 e: 2.053e-03 i: 6.402e-04 :: e: 5.948e-02 i: 7.478e-02 :: n: 2.762e+01 e:19.033 i:21.029 v:4.993e+03
 5     -0.005   4.43e-03   2.50e-01   3.79e-03  -2.55e-02   0.00e+00 (  1.33e+00,  3.07e+01)
10     -0.017   3.57e-02   1.18e-01   1.07e-02  -1.04e-01   0.00e+00 (  1.84e+01,  6.28e+01)
15      0.016   1.32e-01   1.54e-01   5.20e-02   1.16e-01   0.00e+00 (  7.03e+01,  9.45e+01)
20      0.019   1.56e-01   2.01e-01   8.19e-02   1.58e-01   0.00e+00 (  8.48e+01,  1.16e+02)
25      0.050   1.85e-01   2.27e-01   1.05e-01   4.65e-01   0.00e+00 (  9.72e+01,  1.32e+02)
30      0.067   2.03e-01   2.18e-01   1.05e-01   6.80e-01   0.00e+00 (  9.82e+01,  1.46e+02)
35      0.069   2.29e-01   2.48e-01   1.14e-01   7.69e-01   0.00e+00 (  1.04e+02,  1.54e+02)
40      0.092   2.79e-01   3.37e-01   1.22e-01   1.10e+00   0.00e+00 (  1.16e+02,  1.57e+02)
45      0.084   2.64e-01   3.01e-01   1.58e-01   1.06e+00   0.00e+00 (  9.95e+01,  1.55e+02)
50      0.116   3.14e-01   3.90e-01   1.83e-01   1.52e+00   0.00e+00 (  1.03e+02,  1.49e+02)
55      0.098   2.91e-01   3.52e-01   2.12e-01   1.34e+00   0.00e+00 (  8.43e+01,  1.40e+02)
60      0.126   3.30e-01   4.56e-01   3.03e-01   1.79e+00   0.00e+00 (  8.38e+01,  1.28e+02)
65      0.136   3.41e-01   5.07e-01   3.65e-01   1.99e+00   0.00e+00 (  7.38e+01,  1.15e+02)
70      0.160   3.74e-01   6.12e-01   4.65e-01   2.40e+00   0.00e+00 (  6.70e+01,  1.01e+02)
75      0.172   3.87e-01   6.68e-01   5.30e-01   2.65e+00   0.00e+00 (  5.80e+01,  8.62e+01)
80      0.191   4.09e-01   7.32e-01   5.85e-01   3.08e+00   0.00e+00 (  4.91e+01,  7.20e+01)
85      0.212   4.92e-01   7.68e-01   5.64e-01   4.13e+00   0.00e+00 (  4.48e+01,  5.80e+01)
90      0.492   1.15e+00   1.57e+00   9.82e-01   1.74e+01   0.00e+00 (  2.34e+02,  4.43e+01)
95      0.379   7.33e-01   1.05e+00   7.82e-01   2.39e+01   0.00e+00 (  3.84e+02,  2.82e+01)
34 e: 1.593e-03 i: 8.944e-04 :: e: 4.517e-02 i: 7.463e-02 :: n: 2.762e+01 e:19.829 i:20.521 v:4.993e+03
 5     -0.005   4.21e-03   2.38e-01   3.96e-03  -2.45e-02   0.00e+00 (  1.30e+00,  3.07e+01)
10     -0.019   3.99e-02   1.38e-01   9.01e-03  -1.11e-01   0.00e+00 (  2.13e+01,  6.28e+01)
15      0.034   1.43e-01   1.83e-01   6.54e-02   2.47e-01   0.00e+00 (  7.89e+01,  9.45e+01)
20      0.018   1.71e-01   2.35e-01   9.71e-02   1.47e-01   0.00e+00 (  9.63e+01,  1.16e+02)
25      0.042   1.99e-01   2.64e-01   1.23e-01   3.91e-01   0.00e+00 (  1.08e+02,  1.32e+02)
30      0.101   2.86e-01   4.21e-01   2.00e-01   1.03e+00   0.00e+00 (  1.45e+02,  1.46e+02)
35      0.097   2.93e-01   4.14e-01   1.84e-01   1.07e+00   0.00e+00 (  1.40e+02,  1.54e+02)
40      0.100   2.97e-01   3.86e-01   1.40e-01   1.19e+00   0.00e+00 (  1.30e+02,  1.57e+02)
45      0.113   3.18e-01   4.20e-01   1.93e-01   1.42e+00   0.00e+00 (  1.27e+02,  1.55e+02)
50      0.124   3.39e-01   4.55e-01   2.09e-01   1.63e+00   0.00e+00 (  1.18e+02,  1.49e+02)
55      0.138   3.66e-01   5.25e-01   2.87e-01   1.89e+00   0.00e+00 (  1.13e+02,  1.40e+02)
60      0.120   3.47e-01   4.88e-01   3.18e-01   1.71e+00   0.00e+00 (  9.36e+01,  1.28e+02)
65      0.124   3.50e-01   5.18e-01   3.72e-01   1.81e+00   0.00e+00 (  8.09e+01,  1.15e+02)
70      0.142   3.73e-01   6.00e-01   4.56e-01   2.13e+00   0.00e+00 (  7.18e+01,  1.01e+02)
75      0.149   3.74e-01   6.32e-01   5.00e-01   2.29e+00   0.00e+00 (  6.07e+01,  8.62e+01)
80      0.164   3.78e-01   6.73e-01   5.35e-01   2.65e+00   0.00e+00 (  4.95e+01,  7.20e+01)
85      0.190   4.45e-01   7.05e-01   5.09e-01   3.70e+00   0.00e+00 (  4.50e+01,  5.80e+01)
90      0.486   1.14e+00   1.56e+00   9.72e-01   1.73e+01   0.00e+00 (  2.38e+02,  4.43e+01)
95      0.379   7.33e-01   1.05e+00   7.82e-01   2.39e+01   0.00e+00 (  3.84e+02,  2.82e+01)
35 e: 2.225e-03 i: 6.225e-04 :: e: 4.555e-02 i: 6.003e-02 :: n: 2.762e+01 e:18.934 i:20.943 v:4.993e+03
 5     -0.005   4.39e-03   2.48e-01   3.77e-03  -2.52e-02   0.00e+00 (  1.31e+00,  3.07e+01)
10     -0.018   3.53e-02   1.16e-01   1.06e-02  -1.05e-01   0.00e+00 (  1.82e+01,  6.28e+01)
15      0.016   1.31e-01   1.54e-01   5.22e-02   1.17e-01   0.00e+00 (  6.97e+01,  9.45e+01)
20      0.019   1.55e-01   2.01e-01   8.21e-02   1.59e-01   0.00e+00 (  8.37e+01,  1.16e+02)
25      0.050   1.83e-01   2.25e-01   1.05e-01   4.63e-01   0.00e+00 (  9.59e+01,  1.32e+02)
30      0.066   2.02e-01   2.16e-01   1.05e-01   6.75e-01   0.00e+00 (  9.68e+01,  1.46e+02)
35      0.069   2.26e-01   2.45e-01   1.13e-01   7.63e-01   0.00e+00 (  1.03e+02,  1.54e+02)
40      0.092   2.76e-01   3.33e-01   1.20e-01   1.09e+00   0.00e+00 (  1.14e+02,  1.57e+02)
45      0.084   2.62e-01   3.00e-01   1.58e-01   1.05e+00   0.00e+00 (  9.81e+01,  1.55e+02)
50      0.114   3.09e-01   3.84e-01   1.81e-01   1.50e+00   0.00e+00 (  1.01e+02,  1.49e+02)
55      0.097   2.88e-01   3.47e-01   2.10e-01   1.33e+00   0.00e+00 (  8.25e+01,  1.40e+02)
60      0.123   3.24e-01   4.45e-01   2.97e-01   1.75e+00   0.00e+00 (  8.13e+01,  1.28e+02)
65      0.133   3.34e-01   4.94e-01   3.57e-01   1.95e+00   0.00e+00 (  7.15e+01,  1.15e+02)
70      0.156   3.65e-01   5.97e-01   4.54e-01   2.34e+00   0.00e+00 (  6.47e+01,  1.01e+02)
75      0.169   3.78e-01   6.51e-01   5.17e-01   2.59e+00   0.00e+00 (  5.59e+01,  8.62e+01)
80      0.187   4.00e-01   7.14e-01   5.72e-01   3.02e+00   0.00e+00 (  4.74e+01,  7.20e+01)
85      0.210   4.88e-01   7.58e-01   5.55e-01   4.09e+00   0.00e+00 (  4.39e+01,  5.80e+01)
90      0.492   1.15e+00   1.57e+00   9.82e-01   1.74e+01   0.00e+00 (  2.33e+02,  4.43e+01)
95      0.379   7.33e-01   1.05e+00   7.82e-01   2.39e+01   0.00e+00 (  3.84e+02,  2.82e+01)
36 e: 1.599e-03 i: 9.569e-04 :: e: 4.095e-02 i: 6.705e-02 :: n: 2.762e+01 e:19.730 i:20.417 v:4.993e+03
 5     -0.005   4.16e-03   2.35e-01   3.93e-03  -2.42e-02   0.00e+00 (  1.28e+00,  3.07e+01)
10     -0.019   3.95e-02   1.37e-01   8.90e-03  -1.13e-01   0.00e+00 (  2.11e+01,  6.28e+01)
15      0.034   1.42e-01   1.83e-01   6.58e-02   2.47e-01   0.00e+00 (  7.82e+01,  9.45e+01)
20      0.018   1.70e-01   2.35e-01   9.76e-02   1.48e-01   0.00e+00 (  9.52e+01,  1.16e+02)
25      0.045   1.94e-01   2.62e-01   1.19e-01   4.21e-01   0.00e+00 (  1.06e+02,  1.32e+02)
30      0.100   2.83e-01   4.18e-01   1.99e-01   1.02e+00   0.00e+00 (  1.42e+02,  1.46e+02)
35      0.096   2.90e-01   4.10e-01   1.83e-01   1.06e+00   0.00e+00 (  1.38e+02,  1.54e+02)
40      0.099   2.93e-01   3.82e-01   1.39e-01   1.18e+00   0.00e+00 (  1.28e+02,  1.57e+02)
45      0.111   3.14e-01   4.18e-01   1.92e-01   1.40e+00   0.00e+00 (  1.24e+02,  1.55e+02)
50      0.122   3.34e-01   4.47e-01   2.06e-01   1.61e+00   0.00e+00 (  1.15e+02,  1.49e+02)
55      0.135   3.61e-01   5.16e-01   2.83e-01   1.86e+00   0.00e+00 (  1.10e+02,  1.40e+02)
60      0.117   3.40e-01   4.75e-01   3.11e-01   1.67e+00   0.00e+00 (  9.08e+01,  1.28e+02)
65      0.121   3.42e-01   5.03e-01   3.62e-01   1.77e+00   0.00e+00 (  7.84e+01,  1.15e+02)
70      0.138   3.64e-01   5.82e-01   4.43e-01   2.07e+00   0.00e+00 (  6.93e+01,  1.01e+02)
75      0.146   3.65e-01   6.13e-01   4.86e-01   2.24e+00   0.00e+00 (  5.84e+01,  8.62e+01)
80      0.160   3.68e-01   6.53e-01   5.20e-01   2.58e+00   0.00e+00 (  4.76e+01,  7.20e+01)
85      0.187   4.39e-01   6.91e-01   4.97e-01   3.64e+00   0.00e+00 (  4.38e+01,  5.80e+01)
90      0.486   1.14e+00   1.56e+00   9.70e-01   1.72e+01   0.00e+00 (  2.38e+02,  4.43e+01)
95      0.379   7.33e-01   1.05e+00   7.82e-01   2.39e+01   0.00e+00 (  3.84e+02,  2.82e+01)
37 e: 2.344e-03 i: 6.321e-04 :: e: 3.490e-02 i: 4.740e-02 :: n: 2.762e+01 e:18.817 i:20.842 v:4.993e+03
 5     -0.005   4.34e-03   2.46e-01   3.74e-03  -2.49e-02   0.00e+00 (  1.29e+00,  3.07e+01)
10     -0.018   3.48e-02   1.15e-01   1.05e-02  -1.05e-01   0.00e+00 (  1.79e+01,  6.28e+01)
15      0.016   1.30e-01   1.53e-01   5.23e-02   1.18e-01   0.00e+00 (  6.88e+01,  9.45e+01)
20      0.019   1.53e-01   2.00e-01   8.22e-02   1.60e-01   0.00e+00 (  8.25e+01,  1.16e+02)
25      0.049   1.80e-01   2.21e-01   1.05e-01   4.57e-01   0.00e+00 (  9.40e+01,  1.32e+02)
30      0.065   1.99e-01   2.14e-01   1.05e-01   6.69e-01   0.00e+00 (  9.52e+01,  1.46e+02)
35      0.068   2.23e-01   2.42e-01   1.12e-01   7.55e-01   0.00e+00 (  1.01e+02,  1.54e+02)
40      0.071   2.42e-01   2.59e-01   1.01e-01   8.40e-01   0.00e+00 (  9.98e+01,  1.57e+02)
45      0.083   2.59e-01   2.96e-01   1.57e-01   1.04e+00   0.00e+00 (  9.62e+01,  1.55e+02)
50      0.112   3.04e-01   3.76e-01   1.79e-01   1.48e+00   0.00e+00 (  9.83e+01,  1.49e+02)
55      0.097   2.84e-01   3.61e-01   1.98e-01   1.33e+00   0.00e+00 (  8.07e+01,  1.40e+02)
60      0.120   3.17e-01   4.34e-01   2.90e-01   1.71e+00   0.00e+00 (  7.87e+01,  1.28e+02)
65      0.130   3.27e-01   4.81e-01   3.48e-01   1.90e+00   0.00e+00 (  6.90e+01,  1.15e+02)
70      0.153   3.57e-01   5.80e-01   4.42e-01   2.29e+00   0.00e+00 (  6.23e+01,  1.01e+02)
75      0.165   3.69e-01   6.33e-01   5.03e-01   2.53e+00   0.00e+00 (  5.37e+01,  8.62e+01)
80      0.183   3.91e-01   6.95e-01   5.56e-01   2.95e+00   0.00e+00 (  4.55e+01,  7.20e+01)
85      0.206   4.83e-01   7.42e-01   5.42e-01   4.02e+00   0.00e+00 (  4.27e+01,  5.80e+01)
90      0.491   1.15e+00   1.57e+00   9.80e-01   1.74e+01   0.00e+00 (  2.33e+02,  4.43e+01)
95      0.379   7.33e-01   1.05e+00   7.82e-01   2.39e+01   0.00e+00 (  3.84e+02,  2.82e+01)
38 e: 1.659e-03 i: 9.818e-04 :: e: 4.674e-02 i: 7.002e-02 :: n: 2.762e+01 e:19.627 i:20.312 v:4.993e+03
 5     -0.005   4.11e-03   2.33e-01   3.90e-03  -2.38e-02   0.00e+00 (  1.26e+00,  3.07e+01)
10     -0.019   3.92e-02   1.36e-01   8.74e-03  -1.13e-01   0.00e+00 (  2.09e+01,  6.28e+01)
15      0.034   1.41e-01   1.83e-01   6.62e-02   2.47e-01   0.00e+00 (  7.73e+01,  9.45e+01)
20      0.018   1.68e-01   2.34e-01   9.80e-02   1.49e-01   0.00e+00 (  9.40e+01,  1.16e+02)
25      0.045   1.93e-01   2.61e-01   1.19e-01   4.17e-01   0.00e+00 (  1.04e+02,  1.32e+02)
30      0.099   2.80e-01   4.14e-01   1.97e-01   1.01e+00   0.00e+00 (  1.40e+02,  1.46e+02)
35      0.095   2.87e-01   4.07e-01   1.81e-01   1.05e+00   0.00e+00 (  1.36e+02,  1.54e+02)
40      0.096   2.96e-01   3.93e-01   1.48e-01   1.13e+00   0.00e+00 (  1.29e+02,  1.57e+02)
45      0.111   3.11e-01   4.17e-01   1.92e-01   1.39e+00   0.00e+00 (  1.22e+02,  1.55e+02)
50      0.119   3.29e-01   4.39e-01   2.04e-01   1.57e+00   0.00e+00 (  1.12e+02,  1.49e+02)
55      0.131   3.53e-01   5.02e-01   2.76e-01   1.81e+00   0.00e+00 (  1.07e+02,  1.40e+02)
60      0.114   3.32e-01   4.61e-01   3.04e-01   1.62e+00   0.00e+00 (  8.79e+01,  1.28e+02)
65      0.118   3.35e-01   4.89e-01   3.54e-01   1.72e+00   0.00e+00 (  7.59e+01,  1.15e+02)
70      0.135   3.55e-01   5.65e-01   4.30e-01   2.02e+00   0.00e+00 (  6.68e+01,  1.01e+02)
75      0.142   3.55e-01   5.93e-01   4.71e-01   2.18e+00   0.00e+00 (  5.61e+01,  8.62e+01)
80      0.156   3.57e-01   6.32e-01   5.04e-01   2.51e+00   0.00e+00 (  4.55e+01,  7.20e+01)
85      0.183   4.32e-01   6.73e-01   4.82e-01   3.57e+00   0.00e+00 (  4.23e+01,  5.80e+01)
90      0.485   1.14e+00   1.56e+00   9.68e-01   1.72e+01   0.00e+00 (  2.37e+02,  4.43e+01)
95      0.379   7.33e-01   1.05e+00   7.82e-01   2.39e+01   0.00e+00 (  3.84e+02,  2.82e+01)
39 e: 2.399e-03 i: 6.647e-04 :: e: 3.368e-02 i: 5.172e-02 :: n: 2.762e+01 e:18.709 i:20.751 v:4.993e+03
 5     -0.005   4.29e-03   2.43e-01   3.71e-03  -2.45e-02   0.00e+00 (  1.27e+00,  3.07e+01)
10     -0.018   3.44e-02   1.13e-01   1.04e-02  -1.06e-01   0.00e+00 (  1.77e+01,  6.28e+01)
15      0.016   1.29e-01   1.52e-01   5.23e-02   1.18e-01   0.00e+00 (  6.80e+01,  9.45e+01)
20      0.019   1.52e-01   1.98e-01   8.21e-02   1.60e-01   0.00e+00 (  8.14e+01,  1.16e+02)
25      0.049   1.79e-01   2.19e-01   1.05e-01   4.53e-01   0.00e+00 (  9.27e+01,  1.32e+02)
30      0.065   1.97e-01   2.11e-01   1.04e-01   6.63e-01   0.00e+00 (  9.38e+01,  1.46e+02)
35      0.068   2.21e-01   2.40e-01   1.12e-01   7.49e-01   0.00e+00 (  9.90e+01,  1.54e+02)
40      0.071   2.41e-01   2.60e-01   1.03e-01   8.43e-01   0.00e+00 (  9.90e+01,  1.57e+02)
45      0.082   2.56e-01   2.93e-01   1.57e-01   1.03e+00   0.00e+00 (  9.46e+01,  1.55e+02)
50      0.110   2.99e-01   3.69e-01   1.76e-01   1.45e+00   0.00e+00 (  9.58e+01,  1.49e+02)
55      0.095   2.79e-01   3.53e-01   1.95e-01   1.30e+00   0.00e+00 (  7.85e+01,  1.40e+02)
60      0.118   3.11e-01   4.23e-01   2.84e-01   1.68e+00   0.00e+00 (  7.63e+01,  1.28e+02)
65      0.127   3.20e-01   4.69e-01   3.40e-01   1.86e+00   0.00e+00 (  6.68e+01,  1.15e+02)
70      0.149   3.48e-01   5.65e-01   4.31e-01   2.24e+00   0.00e+00 (  6.00e+01,  1.01e+02)
75      0.161   3.60e-01   6.16e-01   4.90e-01   2.48e+00   0.00e+00 (  5.17e+01,  8.62e+01)
80      0.179   3.82e-01   6.76e-01   5.42e-01   2.89e+00   0.00e+00 (  4.38e+01,  7.20e+01)
85      0.203   4.77e-01   7.25e-01   5.27e-01   3.95e+00   0.00e+00 (  4.12e+01,  5.80e+01)
90      0.490   1.15e+00   1.57e+00   9.77e-01   1.74e+01   0.00e+00 (  2.31e+02,  4.43e+01)
95      0.379   7.33e-01   1.05e+00   7.82e-01   2.39e+01   0.00e+00 (  3.84e+02,  2.82e+01)
40 e: 1.760e-03 i: 9.957e-04 :: e: 5.002e-02 i: 6.962e-02 :: n: 2.762e+01 e:19.541 i:20.220 v:4.993e+03
 5     -0.005   4.06e-03   2.30e-01   3.88e-03  -2.34e-02   0.00e+00 (  1.24e+00,  3.07e+01)
10     -0.019   3.89e-02   1.35e-01   8.58e-03  -1.14e-01   0.00e+00 (  2.07e+01,  6.28e+01)
15      0.034   1.40e-01   1.83e-01   6.65e-02   2.46e-01   0.00e+00 (  7.67e+01,  9.45e+01)
20      0.018   1.67e-01   2.33e-01   9.84e-02   1.49e-01   0.00e+00 (  9.31e+01,  1.16e+02)
25      0.045   1.91e-01   2.60e-01   1.19e-01   4.14e-01   0.00e+00 (  1.03e+02,  1.32e+02)
30      0.098   2.77e-01   4.11e-01   1.96e-01   1.00e+00   0.00e+00 (  1.38e+02,  1.46e+02)
35      0.094   2.85e-01   4.04e-01   1.81e-01   1.05e+00   0.00e+00 (  1.34e+02,  1.54e+02)
40      0.098   2.92e-01   3.96e-01   1.52e-01   1.16e+00   0.00e+00 (  1.27e+02,  1.57e+02)
45      0.110   3.08e-01   4.14e-01   1.91e-01   1.39e+00   0.00e+00 (  1.21e+02,  1.55e+02)
50      0.117   3.24e-01   4.32e-01   2.02e-01   1.55e+00   0.00e+00 (  1.10e+02,  1.49e+02)
55      0.129   3.47e-01   4.92e-01   2.72e-01   1.77e+00   0.00e+00 (  1.04e+02,  1.40e+02)
60      0.111   3.26e-01   4.51e-01   2.98e-01   1.58e+00   0.00e+00 (  8.57e+01,  1.28e+02)
65      0.115   3.28e-01   4.77e-01   3.46e-01   1.68e+00   0.00e+00 (  7.37e+01,  1.15e+02)
70      0.131   3.47e-01   5.50e-01   4.19e-01   1.97e+00   0.00e+00 (  6.47e+01,  1.01e+02)
75      0.138   3.46e-01   5.77e-01   4.59e-01   2.12e+00   0.00e+00 (  5.40e+01,  8.62e+01)
80      0.152   3.48e-01   6.13e-01   4.89e-01   2.45e+00   0.00e+00 (  4.37e+01,  7.20e+01)
85      0.179   4.24e-01   6.55e-01   4.68e-01   3.50e+00   0.00e+00 (  4.08e+01,  5.80e+01)
90      0.485   1.14e+00   1.55e+00   9.64e-01   1.72e+01   0.00e+00 (  2.36e+02,  4.43e+01)
95      0.379   7.33e-01   1.05e+00   7.82e-01   2.39e+01   0.00e+00 (  3.84e+02,  2.82e+01)
41 e: 2.440e-03 i: 7.211e-04 :: e: 3.572e-02 i: 5.750e-02 :: n: 2.762e+01 e:18.619 i:20.680 v:4.993e+03
 5     -0.005   4.26e-03   2.42e-01   3.68e-03  -2.41e-02   0.00e+00 (  1.25e+00,  3.07e+01)
10     -0.018   3.41e-02   1.12e-01   1.03e-02  -1.06e-01   0.00e+00 (  1.75e+01,  6.28e+01)
15      0.018   1.29e-01   1.51e-01   5.24e-02   1.27e-01   0.00e+00 (  6.82e+01,  9.45e+01)
20      0.019   1.51e-01   1.97e-01   8.19e-02   1.59e-01   0.00e+00 (  8.05e+01,  1.16e+02)
25      0.048   1.78e-01   2.17e-01   1.04e-01   4.50e-01   0.00e+00 (  9.17e+01,  1.32e+02)
30      0.064   1.96e-01   2.10e-01   1.03e-01   6.58e-01   0.00e+00 (  9.26e+01,  1.46e+02)
35      0.067   2.19e-01   2.38e-01   1.11e-01   7.44e-01   0.00e+00 (  9.78e+01,  1.54e+02)
40      0.072   2.37e-01   2.61e-01   1.05e-01   8.58e-01   0.00e+00 (  9.70e+01,  1.57e+02)
45      0.082   2.53e-01   2.90e-01   1.56e-01   1.02e+00   0.00e+00 (  9.32e+01,  1.55e+02)
50      0.108   2.95e-01   3.63e-01   1.74e-01   1.43e+00   0.00e+00 (  9.39e+01,  1.49e+02)
55      0.093   2.75e-01   3.47e-01   1.93e-01   1.28e+00   0.00e+00 (  7.68e+01,  1.40e+02)
60      0.116   3.06e-01   4.15e-01   2.80e-01   1.65e+00   0.00e+00 (  7.44e+01,  1.28e+02)
65      0.125   3.14e-01   4.59e-01   3.34e-01   1.83e+00   0.00e+00 (  6.50e+01,  1.15e+02)
70      0.147   3.42e-01   5.53e-01   4.23e-01   2.20e+00   0.00e+00 (  5.83e+01,  1.01e+02)
75      0.158   3.53e-01   6.03e-01   4.80e-01   2.43e+00   0.00e+00 (  5.00e+01,  8.62e+01)
80      0.176   3.75e-01   6.60e-01   5.30e-01   2.84e+00   0.00e+00 (  4.22e+01,  7.20e+01)
85      0.199   4.71e-01   7.09e-01   5.14e-01   3.88e+00   0.00e+00 (  3.99e+01,  5.80e+01)
90      0.490   1.15e+00   1.56e+00   9.74e-01   1.74e+01   0.00e+00 (  2.30e+02,  4.43e+01)
95      0.379   7.33e-01   1.05e+00   7.82e-01   2.39e+01   0.00e+00 (  3.84e+02,  2.82e+01)
42 e: 1.896e-03 i: 1.004e-03 :: e: 5.302e-02 i: 7.121e-02 :: n: 2.762e+01 e:19.479 i:20.148 v:4.993e+03
 5     -0.005   4.03e-03   2.29e-01   3.86e-03  -2.31e-02   0.00e+00 (  1.23e+00,  3.07e+01)
10     -0.019   3.87e-02   1.35e-01   8.44e-03  -1.14e-01   0.00e+00 (  2.06e+01,  6.28e+01)
15      0.034   1.40e-01   1.83e-01   6.68e-02   2.47e-01   0.00e+00 (  7.62e+01,  9.45e+01)
20      0.018   1.67e-01   2.33e-01   9.88e-02   1.48e-01   0.00e+00 (  9.24e+01,  1.16e+02)
25      0.044   1.90e-01   2.59e-01   1.19e-01   4.12e-01   0.00e+00 (  1.03e+02,  1.32e+02)
30      0.098   2.76e-01   4.09e-01   1.96e-01   9.99e-01   0.00e+00 (  1.37e+02,  1.46e+02)
35      0.094   2.83e-01   4.02e-01   1.80e-01   1.04e+00   0.00e+00 (  1.33e+02,  1.54e+02)
40      0.098   2.91e-01   3.96e-01   1.53e-01   1.16e+00   0.00e+00 (  1.26e+02,  1.57e+02)
45      0.110   3.06e-01   4.12e-01   1.90e-01   1.38e+00   0.00e+00 (  1.20e+02,  1.55e+02)
50      0.116   3.21e-01   4.28e-01   2.00e-01   1.53e+00   0.00e+00 (  1.09e+02,  1.49e+02)
55      0.127   3.44e-01   4.86e-01   2.69e-01   1.74e+00   0.00e+00 (  1.03e+02,  1.40e+02)
60      0.110   3.22e-01   4.45e-01   2.94e-01   1.56e+00   0.00e+00 (  8.41e+01,  1.28e+02)
65      0.113   3.24e-01   4.69e-01   3.41e-01   1.65e+00   0.00e+00 (  7.22e+01,  1.15e+02)
70      0.129   3.41e-01   5.39e-01   4.11e-01   1.93e+00   0.00e+00 (  6.31e+01,  1.01e+02)
75      0.135   3.39e-01   5.64e-01   4.49e-01   2.08e+00   0.00e+00 (  5.25e+01,  8.62e+01)
80      0.149   3.40e-01   5.97e-01   4.78e-01   2.40e+00   0.00e+00 (  4.23e+01,  7.20e+01)
85      0.176   4.18e-01   6.39e-01   4.55e-01   3.43e+00   0.00e+00 (  3.96e+01,  5.80e+01)
90      0.484   1.14e+00   1.55e+00   9.61e-01   1.72e+01   0.00e+00 (  2.34e+02,  4.43e+01)
95      0.379   7.33e-01   1.05e+00   7.82e-01   2.39e+01   0.00e+00 (  3.84e+02,  2.82e+01)
43 e: 2.480e-03 i: 7.934e-04 :: e: 3.819e-02 i: 6.202e-02 :: n: 2.762e+01 e:18.550 i:20.632 v:4.993e+03
 5     -0.005   4.23e-03   2.40e-01   3.66e-03  -2.39e-02   0.00e+00 (  1.24e+00,  3.07e+01)
10     -0.018   3.31e-02   1.12e-01   1.01e-02  -1.06e-01   0.00e+00 (  1.70e+01,  6.28e+01)
15      0.018   1.29e-01   1.50e-01   5.23e-02   1.28e-01   0.00e+00 (  6.76e+01,  9.45e+01)
20      0.019   1.50e-01   1.96e-01   8.17e-02   1.59e-01   0.00e+00 (  7.98e+01,  1.16e+02)
25      0.048   1.77e-01   2.16e-01   1.04e-01   4.47e-01   0.00e+00 (  9.10e+01,  1.32e+02)
30      0.071   2.07e-01   2.37e-01   1.04e-01   7.28e-01   0.00e+00 (  9.75e+01,  1.46e+02)
35      0.067   2.18e-01   2.36e-01   1.10e-01   7.39e-01   0.00e+00 (  9.69e+01,  1.54e+02)
40      0.072   2.36e-01   2.60e-01   1.05e-01   8.55e-01   0.00e+00 (  9.65e+01,  1.57e+02)
45      0.081   2.52e-01   2.88e-01   1.55e-01   1.02e+00   0.00e+00 (  9.21e+01,  1.55e+02)
50      0.107   2.93e-01   3.59e-01   1.73e-01   1.41e+00   0.00e+00 (  9.26e+01,  1.49e+02)
55      0.093   2.73e-01   3.43e-01   1.91e-01   1.27e+00   0.00e+00 (  7.56e+01,  1.40e+02)
60      0.115   3.03e-01   4.10e-01   2.77e-01   1.63e+00   0.00e+00 (  7.32e+01,  1.28e+02)
65      0.124   3.11e-01   4.54e-01   3.30e-01   1.82e+00   0.00e+00 (  6.38e+01,  1.15e+02)
70      0.145   3.37e-01   5.45e-01   4.17e-01   2.18e+00   0.00e+00 (  5.71e+01,  1.01e+02)
75      0.157   3.48e-01   5.93e-01   4.73e-01   2.41e+00   0.00e+00 (  4.88e+01,  8.62e+01)
80      0.174   3.70e-01   6.49e-01   5.22e-01   2.80e+00   0.00e+00 (  4.11e+01,  7.20e+01)
85      0.197   4.68e-01   6.96e-01   5.04e-01   3.83e+00   0.00e+00 (  3.88e+01,  5.80e+01)
90      0.489   1.15e+00   1.56e+00   9.72e-01   1.74e+01   0.00e+00 (  2.29e+02,  4.43e+01)
95      0.379   7.33e-01   1.05e+00   7.82e-01   2.39e+01   0.00e+00 (  3.84e+02,  2.82e+01)
44 e: 2.057e-03 i: 1.009e-03 :: e: 5.221e-02 i: 6.888e-02 :: n: 2.762e+01 e:19.442 i:20.094 v:4.993e+03
 5     -0.005   4.00e-03   2.27e-01   3.84e-03  -2.29e-02   0.00e+00 (  1.22e+00,  3.07e+01)
10     -0.019   3.87e-02   1.35e-01   8.33e-03  -1.15e-01   0.00e+00 (  2.06e+01,  6.28e+01)
15      0.034   1.39e-01   1.84e-01   6.72e-02   2.47e-01   0.00e+00 (  7.60e+01,  9.45e+01)
20      0.018   1.66e-01   2.33e-01   9.93e-02   1.48e-01   0.00e+00 (  9.22e+01,  1.16e+02)
25      0.044   1.90e-01   2.59e-01   1.19e-01   4.09e-01   0.00e+00 (  1.02e+02,  1.32e+02)
30      0.095   2.76e-01   4.05e-01   1.92e-01   9.68e-01   0.00e+00 (  1.37e+02,  1.46e+02)
35      0.093   2.82e-01   4.01e-01   1.80e-01   1.03e+00   0.00e+00 (  1.32e+02,  1.54e+02)
40      0.098   2.91e-01   3.97e-01   1.54e-01   1.16e+00   0.00e+00 (  1.26e+02,  1.57e+02)
45      0.109   3.05e-01   4.11e-01   1.90e-01   1.37e+00   0.00e+00 (  1.19e+02,  1.55e+02)
50      0.116   3.20e-01   4.26e-01   2.00e-01   1.52e+00   0.00e+00 (  1.08e+02,  1.49e+02)
55      0.126   3.42e-01   4.82e-01   2.67e-01   1.73e+00   0.00e+00 (  1.02e+02,  1.40e+02)
60      0.109   3.20e-01   4.41e-01   2.93e-01   1.55e+00   0.00e+00 (  8.33e+01,  1.28e+02)
65      0.112   3.21e-01   4.65e-01   3.38e-01   1.64e+00   0.00e+00 (  7.15e+01,  1.15e+02)
70      0.127   3.38e-01   5.32e-01   4.06e-01   1.91e+00   0.00e+00 (  6.22e+01,  1.01e+02)
75      0.134   3.35e-01   5.55e-01   4.43e-01   2.05e+00   0.00e+00 (  5.16e+01,  8.62e+01)
80      0.146   3.35e-01   5.87e-01   4.70e-01   2.36e+00   0.00e+00 (  4.13e+01,  7.20e+01)
85      0.174   4.13e-01   6.27e-01   4.46e-01   3.39e+00   0.00e+00 (  3.86e+01,  5.80e+01)
90      0.483   1.14e+00   1.55e+00   9.58e-01   1.71e+01   0.00e+00 (  2.34e+02,  4.43e+01)
95      0.379   7.33e-01   1.05e+00   7.82e-01   2.39e+01   0.00e+00 (  3.84e+02,  2.82e+01)
45 e: 2.551e-03 i: 8.717e-04 :: e: 3.990e-02 i: 6.396e-02 :: n: 2.762e+01 e:18.499 i:20.604 v:4.993e+03
 5     -0.005   4.22e-03   2.40e-01   3.65e-03  -2.37e-02   0.00e+00 (  1.23e+00,  3.07e+01)
10     -0.018   3.29e-02   1.11e-01   1.01e-02  -1.06e-01   0.00e+00 (  1.69e+01,  6.28e+01)
15      0.018   1.28e-01   1.49e-01   5.22e-02   1.28e-01   0.00e+00 (  6.72e+01,  9.45e+01)
20      0.019   1.49e-01   1.95e-01   8.15e-02   1.59e-01   0.00e+00 (  7.93e+01,  1.16e+02)
25      0.048   1.76e-01   2.15e-01   1.04e-01   4.45e-01   0.00e+00 (  9.03e+01,  1.32e+02)
30      0.071   2.05e-01   2.34e-01   1.02e-01   7.22e-01   0.00e+00 (  9.63e+01,  1.46e+02)
35      0.066   2.17e-01   2.34e-01   1.10e-01   7.36e-01   0.00e+00 (  9.61e+01,  1.54e+02)
40      0.072   2.35e-01   2.59e-01   1.05e-01   8.53e-01   0.00e+00 (  9.61e+01,  1.57e+02)
45      0.081   2.50e-01   2.86e-01   1.55e-01   1.01e+00   0.00e+00 (  9.15e+01,  1.55e+02)
50      0.107   2.91e-01   3.57e-01   1.72e-01   1.41e+00   0.00e+00 (  9.18e+01,  1.49e+02)
55      0.092   2.71e-01   3.41e-01   1.90e-01   1.27e+00   0.00e+00 (  7.50e+01,  1.40e+02)
60      0.115   3.01e-01   4.07e-01   2.75e-01   1.63e+00   0.00e+00 (  7.25e+01,  1.28e+02)
65      0.124   3.09e-01   4.51e-01   3.28e-01   1.81e+00   0.00e+00 (  6.32e+01,  1.15e+02)
70      0.145   3.35e-01   5.42e-01   4.14e-01   2.17e+00   0.00e+00 (  5.64e+01,  1.01e+02)
75      0.156   3.45e-01   5.89e-01   4.69e-01   2.39e+00   0.00e+00 (  4.82e+01,  8.62e+01)
80      0.173   3.67e-01   6.43e-01   5.18e-01   2.78e+00   0.00e+00 (  4.05e+01,  7.20e+01)
85      0.195   4.66e-01   6.88e-01   4.98e-01   3.80e+00   0.00e+00 (  3.81e+01,  5.80e+01)
90      0.488   1.15e+00   1.56e+00   9.69e-01   1.73e+01   0.00e+00 (  2.28e+02,  4.43e+01)
95      0.379   7.33e-01   1.05e+00   7.82e-01   2.39e+01   0.00e+00 (  3.84e+02,  2.82e+01)
46 e: 2.243e-03 i: 1.032e-03 :: e: 5.207e-02 i: 6.857e-02 :: n: 2.762e+01 e:19.429 i:20.061 v:4.993e+03
 5     -0.005   3.99e-03   2.26e-01   3.83e-03  -2.27e-02   0.00e+00 (  1.21e+00,  3.07e+01)
10     -0.019   3.86e-02   1.35e-01   8.26e-03  -1.15e-01   0.00e+00 (  2.06e+01,  6.28e+01)
15      0.034   1.39e-01   1.84e-01   6.75e-02   2.47e-01   0.00e+00 (  7.59e+01,  9.45e+01)
20      0.018   1.66e-01   2.34e-01   9.97e-02   1.47e-01   0.00e+00 (  9.20e+01,  1.16e+02)
25      0.044   1.89e-01   2.59e-01   1.20e-01   4.08e-01   0.00e+00 (  1.02e+02,  1.32e+02)
30      0.094   2.75e-01   4.03e-01   1.91e-01   9.63e-01   0.00e+00 (  1.36e+02,  1.46e+02)
35      0.093   2.82e-01   4.01e-01   1.79e-01   1.03e+00   0.00e+00 (  1.32e+02,  1.54e+02)
40      0.098   2.91e-01   3.98e-01   1.55e-01   1.16e+00   0.00e+00 (  1.26e+02,  1.57e+02)
45      0.109   3.05e-01   4.11e-01   1.90e-01   1.37e+00   0.00e+00 (  1.19e+02,  1.55e+02)
50      0.115   3.20e-01   4.27e-01   2.00e-01   1.52e+00   0.00e+00 (  1.08e+02,  1.49e+02)
55      0.125   3.41e-01   4.82e-01   2.67e-01   1.72e+00   0.00e+00 (  1.02e+02,  1.40e+02)
60      0.109   3.20e-01   4.41e-01   2.92e-01   1.54e+00   0.00e+00 (  8.32e+01,  1.28e+02)
65      0.111   3.20e-01   4.64e-01   3.38e-01   1.63e+00   0.00e+00 (  7.12e+01,  1.15e+02)
70      0.127   3.36e-01   5.30e-01   4.04e-01   1.90e+00   0.00e+00 (  6.19e+01,  1.01e+02)
75      0.133   3.33e-01   5.51e-01   4.40e-01   2.04e+00   0.00e+00 (  5.13e+01,  8.62e+01)
80      0.145   3.33e-01   5.81e-01   4.66e-01   2.34e+00   0.00e+00 (  4.08e+01,  7.20e+01)
85      0.172   4.10e-01   6.19e-01   4.39e-01   3.35e+00   0.00e+00 (  3.80e+01,  5.80e+01)
90      0.482   1.14e+00   1.54e+00   9.56e-01   1.71e+01   0.00e+00 (  2.33e+02,  4.43e+01)
95      0.379   7.33e-01   1.05e+00   7.82e-01   2.39e+01   0.00e+00 (  3.84e+02,  2.82e+01)
47 e: 2.638e-03 i: 9.589e-04 :: e: 4.037e-02 i: 6.461e-02 :: n: 2.762e+01 e:18.470 i:20.600 v:4.993e+03
 5     -0.005   4.22e-03   2.39e-01   3.64e-03  -2.36e-02   0.00e+00 (  1.22e+00,  3.07e+01)
10     -0.018   3.28e-02   1.11e-01   1.00e-02  -1.06e-01   0.00e+00 (  1.68e+01,  6.28e+01)
15      0.018   1.28e-01   1.49e-01   5.20e-02   1.28e-01   0.00e+00 (  6.70e+01,  9.45e+01)
20      0.019   1.49e-01   1.94e-01   8.12e-02   1.60e-01   0.00e+00 (  7.89e+01,  1.16e+02)
25      0.052   1.79e-01   2.12e-01   1.04e-01   4.80e-01   0.00e+00 (  9.18e+01,  1.32e+02)
30      0.070   2.04e-01   2.32e-01   1.02e-01   7.18e-01   0.00e+00 (  9.56e+01,  1.46e+02)
35      0.066   2.16e-01   2.33e-01   1.09e-01   7.34e-01   0.00e+00 (  9.58e+01,  1.54e+02)
40      0.072   2.35e-01   2.58e-01   1.05e-01   8.52e-01   0.00e+00 (  9.60e+01,  1.57e+02)
45      0.080   2.50e-01   2.85e-01   1.55e-01   1.01e+00   0.00e+00 (  9.12e+01,  1.55e+02)
50      0.106   2.90e-01   3.56e-01   1.71e-01   1.40e+00   0.00e+00 (  9.15e+01,  1.49e+02)
55      0.092   2.71e-01   3.40e-01   1.90e-01   1.26e+00   0.00e+00 (  7.47e+01,  1.40e+02)
60      0.115   3.01e-01   4.07e-01   2.75e-01   1.63e+00   0.00e+00 (  7.22e+01,  1.28e+02)
65      0.124   3.08e-01   4.51e-01   3.28e-01   1.81e+00   0.00e+00 (  6.30e+01,  1.15e+02)
70      0.145   3.35e-01   5.41e-01   4.14e-01   2.17e+00   0.00e+00 (  5.62e+01,  1.01e+02)
75      0.156   3.45e-01   5.88e-01   4.69e-01   2.39e+00   0.00e+00 (  4.79e+01,  8.62e+01)
80      0.173   3.67e-01   6.42e-01   5.17e-01   2.78e+00   0.00e+00 (  4.02e+01,  7.20e+01)
85      0.194   4.65e-01   6.84e-01   4.95e-01   3.79e+00   0.00e+00 (  3.77e+01,  5.80e+01)
90      0.488   1.15e+00   1.56e+00   9.68e-01   1.73e+01   0.00e+00 (  2.27e+02,  4.43e+01)
95      0.379   7.33e-01   1.05e+00   7.82e-01   2.39e+01   0.00e+00 (  3.84e+02,  2.82e+01)
48 e: 2.443e-03 i: 1.065e-03 :: e: 5.034e-02 i: 6.769e-02 :: n: 2.762e+01 e:19.441 i:20.050 v:4.993e+03
 5     -0.005   3.98e-03   2.26e-01   3.83e-03  -2.26e-02   0.00e+00 (  1.21e+00,  3.07e+01)
10     -0.019   3.87e-02   1.35e-01   8.24e-03  -1.16e-01   0.00e+00 (  2.06e+01,  6.28e+01)
15      0.034   1.39e-01   1.85e-01   6.77e-02   2.47e-01   0.00e+00 (  7.60e+01,  9.45e+01)
20      0.018   1.66e-01   2.34e-01   1.00e-01   1.47e-01   0.00e+00 (  9.22e+01,  1.16e+02)
25      0.044   1.90e-01   2.60e-01   1.20e-01   4.09e-01   0.00e+00 (  1.02e+02,  1.32e+02)
30      0.094   2.75e-01   4.03e-01   1.91e-01   9.62e-01   0.00e+00 (  1.36e+02,  1.46e+02)
35      0.093   2.82e-01   4.02e-01   1.80e-01   1.03e+00   0.00e+00 (  1.32e+02,  1.54e+02)
40      0.098   2.92e-01   4.00e-01   1.55e-01   1.16e+00   0.00e+00 (  1.27e+02,  1.57e+02)
45      0.109   3.06e-01   4.13e-01   1.91e-01   1.37e+00   0.00e+00 (  1.19e+02,  1.55e+02)
50      0.116   3.20e-01   4.28e-01   2.00e-01   1.53e+00   0.00e+00 (  1.08e+02,  1.49e+02)
55      0.126   3.42e-01   4.83e-01   2.68e-01   1.73e+00   0.00e+00 (  1.02e+02,  1.40e+02)
60      0.109   3.20e-01   4.42e-01   2.93e-01   1.55e+00   0.00e+00 (  8.35e+01,  1.28e+02)
65      0.111   3.21e-01   4.65e-01   3.38e-01   1.63e+00   0.00e+00 (  7.15e+01,  1.15e+02)
70      0.126   3.36e-01   5.30e-01   4.04e-01   1.90e+00   0.00e+00 (  6.21e+01,  1.01e+02)
75      0.132   3.33e-01   5.51e-01   4.40e-01   2.03e+00   0.00e+00 (  5.13e+01,  8.62e+01)
80      0.145   3.32e-01   5.80e-01   4.64e-01   2.33e+00   0.00e+00 (  4.07e+01,  7.20e+01)
85      0.171   4.08e-01   6.14e-01   4.36e-01   3.33e+00   0.00e+00 (  3.77e+01,  5.80e+01)
90      0.477   1.13e+00   1.52e+00   9.31e-01   1.69e+01   0.00e+00 (  2.31e+02,  4.43e+01)
95      0.379   7.33e-01   1.05e+00   7.82e-01   2.39e+01   0.00e+00 (  3.84e+02,  2.82e+01)
49 e: 2.753e-03 i: 1.050e-03 :: e: 4.096e-02 i: 6.499e-02 :: n: 2.762e+01 e:18.460 i:20.617 v:4.993e+03
 plasma volume = 148.673189
 stored energy(e,i,b,a) = 4.725048e+01 4.723429e+01 0.000000e+00 0.000000e+00
 betan = 1.072408
*power
 Pnb(e,i) = 0.000000e+00 0.000000e+00
 Prf(e,i) = 1.610913e+01 2.390685e+01
 Prad     = -7.362163e+01 
 Pei      = 2.041280e+01 
 Pfuse    = 4.104410e+01 
 Pfusi    = 1.246453e+01 
 Poh      = 0.000000e+00 
*confinement time
 taut, tauITER98y2, H98y2 : 4.747267e+00 3.997462e+00 1.187570e+00
 taue, taui : 1.197913e+01 -5.942718e+00
 taut, tau89, H89 : 4.747267e+00 1.546723e+00 3.069242e+00
*temperature
 nea, nebar : 1.865087e+01 2.142786e+01 
 tea, tia : 6.223912e+00 6.679529e+00 (9.317891e-01)
 te0, ti0 : 1.625699e+01 1.822436e+01 (8.920476e-01)
 Sn : 0.000000e+00 
*current balance
 Ip,Ibs,Inb,Irf: 1.000000e+01 1.639209e+00 0.000000e+00 3.147471e-01
 fni,fbs: 0.195 0.164

 plasma volume = 148.673189
 stored energy(e,i,b,a) = 4.725048e+01 4.723429e+01 0.000000e+00 0.000000e+00
 betan = 1.072408
*power
 Pnb(e,i) = 0.000000e+00 0.000000e+00
 Prf(e,i) = 1.610913e+01 2.390685e+01
 Prad     = -7.362163e+01 
 Pei      = 2.041280e+01 
 Pfuse    = 4.104410e+01 
 Pfusi    = 1.246453e+01 
 Poh      = 0.000000e+00 
*confinement time
 taut, tauITER98y2, H98y2 : 4.747267e+00 3.997462e+00 1.187570e+00
 taue, taui : 1.197913e+01 -5.942718e+00
 taut, tau89, H89 : 4.747267e+00 1.546723e+00 3.069242e+00
*temperature
 nea, nebar : 1.865087e+01 2.142786e+01 
 tea, tia : 6.223912e+00 6.679529e+00 (9.317891e-01)
 te0, ti0 : 1.625699e+01 1.822436e+01 (8.920476e-01)
 Sn : 0.000000e+00 
*current balance
 Ip,Ibs,Inb,Irf: 1.000000e+01 1.639209e+00 0.000000e+00 3.147471e-01
 fni,fbs: 0.195 0.164
 ELAPASED TIME = 46 sec

finalize
