cmd = /global/common/software/atom/perlmutter/cesol/conda/dev/bin/ips.py --simulation=/pscratch/sd/h/hswils/github_repos/MANTA_DBSCANS/SCANS_GENRAY/npar_scan/SCAN/dakota_bridge_440388.conf --platform=/global/common/software/atom/perlmutter/cesol/conda/dev/template/machine_config/perlmutter_cpu.conf --verbose --log=ips_sweep.log
Feb 05 2026 11:28:35  Launched IPS
Feb 05 2026 11:28:35  0 ips_dakota_dynamic connecting to IPS dakota bridge <class 'FileNotFoundError'> [Errno 2] No such file or directory
Starting IPS 0.8.1
IPS SLURM_NODES =  [('nid004299', 256), ('nid004400', 256), ('nid006268', 256), ('nid006712', 256), ('nid006754', 256), ('nid006796', 256), ('nid006813', 256), ('nid006815', 256), ('nid006828', 256)]
Feb 05 2026 11:28:36  About to Create Listener /tmp/ips_dynamic_440388.tmp
Feb 05 2026 11:28:36  Created Listener /tmp/ips_dynamic_440388.tmp
Feb 05 2026 11:28:40  ips_dakota_dynamic received response from IPS  {'SIMSTATUS': 'ACK'}
Feb 05 2026 11:28:40  Launched DAKOTA
Redirecting stdout for fastran_FPP_000001_440388_0000 to /pscratch/sd/h/hswils/github_repos/MANTA_DBSCANS/SCANS_GENRAY/npar_scan/SCAN/fastran_FPP_000001_440388_0000.out 
Created <class 'fastran.driver.fastran_init.fastran_init'>
Created <class 'fastran.driver.fastran_driver.fastran_driver'>
Created <class 'fastran.equilibrium.efit.efit'>
Created <class 'fastran.solver.fastran.fastran'>
Created <class 'fastran.constraint.constraint_current.constraint_current'>
Created <class 'fastran.equilibrium.efit.efit'>
Created <class 'fastran.heating.genray.genray'>
Redirecting stdout for fastran_FPP_000001_440388_0001 to /pscratch/sd/h/hswils/github_repos/MANTA_DBSCANS/SCANS_GENRAY/npar_scan/SCAN/fastran_FPP_000001_440388_0001.out 
Created <class 'fastran.driver.fastran_init.fastran_init'>
Created <class 'fastran.driver.fastran_driver.fastran_driver'>
Created <class 'fastran.equilibrium.efit.efit'>
Created <class 'fastran.solver.fastran.fastran'>
Created <class 'fastran.constraint.constraint_current.constraint_current'>
Created <class 'fastran.equilibrium.efit.efit'>
Created <class 'fastran.heating.genray.genray'>
Redirecting stdout for fastran_FPP_000001_440388_0002 to /pscratch/sd/h/hswils/github_repos/MANTA_DBSCANS/SCANS_GENRAY/npar_scan/SCAN/fastran_FPP_000001_440388_0002.out 
Created <class 'fastran.driver.fastran_init.fastran_init'>
Created <class 'fastran.driver.fastran_driver.fastran_driver'>
Created <class 'fastran.equilibrium.efit.efit'>
Created <class 'fastran.solver.fastran.fastran'>
Created <class 'fastran.constraint.constraint_current.constraint_current'>
Created <class 'fastran.equilibrium.efit.efit'>
Created <class 'fastran.heating.genray.genray'>
Redirecting stdout for fastran_FPP_000001_440388_0003 to /pscratch/sd/h/hswils/github_repos/MANTA_DBSCANS/SCANS_GENRAY/npar_scan/SCAN/fastran_FPP_000001_440388_0003.out 
Created <class 'fastran.driver.fastran_init.fastran_init'>
Created <class 'fastran.driver.fastran_driver.fastran_driver'>
Created <class 'fastran.equilibrium.efit.efit'>
Created <class 'fastran.solver.fastran.fastran'>
Created <class 'fastran.constraint.constraint_current.constraint_current'>
Created <class 'fastran.equilibrium.efit.efit'>
Created <class 'fastran.heating.genray.genray'>
Redirecting stdout for fastran_FPP_000001_440388_0004 to /pscratch/sd/h/hswils/github_repos/MANTA_DBSCANS/SCANS_GENRAY/npar_scan/SCAN/fastran_FPP_000001_440388_0004.out 
Created <class 'fastran.driver.fastran_init.fastran_init'>
Created <class 'fastran.driver.fastran_driver.fastran_driver'>
Created <class 'fastran.equilibrium.efit.efit'>
Created <class 'fastran.solver.fastran.fastran'>
Created <class 'fastran.constraint.constraint_current.constraint_current'>
Created <class 'fastran.equilibrium.efit.efit'>
Created <class 'fastran.heating.genray.genray'>
Redirecting stdout for fastran_FPP_000001_440388_0005 to /pscratch/sd/h/hswils/github_repos/MANTA_DBSCANS/SCANS_GENRAY/npar_scan/SCAN/fastran_FPP_000001_440388_0005.out 
Created <class 'fastran.driver.fastran_init.fastran_init'>
Created <class 'fastran.driver.fastran_driver.fastran_driver'>
Created <class 'fastran.equilibrium.efit.efit'>
Created <class 'fastran.solver.fastran.fastran'>
Created <class 'fastran.constraint.constraint_current.constraint_current'>
Created <class 'fastran.equilibrium.efit.efit'>
Created <class 'fastran.heating.genray.genray'>
Redirecting stdout for fastran_FPP_000001_440388_0006 to /pscratch/sd/h/hswils/github_repos/MANTA_DBSCANS/SCANS_GENRAY/npar_scan/SCAN/fastran_FPP_000001_440388_0006.out 
Created <class 'fastran.driver.fastran_init.fastran_init'>
Created <class 'fastran.driver.fastran_driver.fastran_driver'>
Created <class 'fastran.equilibrium.efit.efit'>
Created <class 'fastran.solver.fastran.fastran'>
Created <class 'fastran.constraint.constraint_current.constraint_current'>
Created <class 'fastran.equilibrium.efit.efit'>
Created <class 'fastran.heating.genray.genray'>
Redirecting stdout for fastran_FPP_000001_440388_0007 to /pscratch/sd/h/hswils/github_repos/MANTA_DBSCANS/SCANS_GENRAY/npar_scan/SCAN/fastran_FPP_000001_440388_0007.out 
Created <class 'fastran.driver.fastran_init.fastran_init'>
Created <class 'fastran.driver.fastran_driver.fastran_driver'>
Created <class 'fastran.equilibrium.efit.efit'>
Created <class 'fastran.solver.fastran.fastran'>
Created <class 'fastran.constraint.constraint_current.constraint_current'>
Created <class 'fastran.equilibrium.efit.efit'>
Created <class 'fastran.heating.genray.genray'>
Redirecting stdout for fastran_FPP_000001_440388_0008 to /pscratch/sd/h/hswils/github_repos/MANTA_DBSCANS/SCANS_GENRAY/npar_scan/SCAN/fastran_FPP_000001_440388_0008.out 
Created <class 'fastran.driver.fastran_init.fastran_init'>
Created <class 'fastran.driver.fastran_driver.fastran_driver'>
Created <class 'fastran.equilibrium.efit.efit'>
Created <class 'fastran.solver.fastran.fastran'>
Created <class 'fastran.constraint.constraint_current.constraint_current'>
Created <class 'fastran.equilibrium.efit.efit'>
Created <class 'fastran.heating.genray.genray'>
Feb 05 2026 11:55:08  Received status = END, returning from dakota_bridge.
Feb 05 2026 11:55:08  ips_dakota_dynamic received response from IPS  {'SIMSTATUS': 'ACK'}
