NCAPTC: : NetCDF: Variable not found
Warning: ieee_overflow is signaling
Warning: ieee_underflow is signaling
Warning: ieee_inexact is signaling
FORTRAN STOP
 solver
 /global/common/software/atom/perlmutter/data/greentable/
 /global/common/software/atom/perlmutter/data/greentable/

          EFITD Version  07/09/2014


 type mode (2=file, 3=snap, 4=time, 5=input, 6=com file, 7=snap_ext):

 number of time slices?

 type input file names:
 #
 table_dir = </global/common/software/atom/perlmutter/data/greentable/>

  ----- time =     1 ms ----- ( 0)
 it=  1 chi2=0.00E+00 zm= 7.53E-03 err=5.202E+00 dz= 7.535E-03 chigam= 0.00E+00
 it=  2 chi2=0.00E+00 zm= 8.80E-03 err=9.424E-01 dz= 1.265E-03 chigam= 0.00E+00
 it=  3 chi2=0.00E+00 zm= 9.71E-03 err=5.057E-01 dz= 9.079E-04 chigam= 0.00E+00
 it=  4 chi2=0.00E+00 zm= 1.05E-02 err=2.610E-01 dz= 8.133E-04 chigam= 0.00E+00
 it=  5 chi2=0.00E+00 zm= 1.14E-02 err=1.755E-01 dz= 8.358E-04 chigam= 0.00E+00
 it=  6 chi2=0.00E+00 zm= 1.22E-02 err=1.531E-01 dz= 8.080E-04 chigam= 0.00E+00
 it=  7 chi2=0.00E+00 zm= 1.29E-02 err=1.073E-01 dz= 7.825E-04 chigam= 0.00E+00
 it=  8 chi2=0.00E+00 zm= 1.37E-02 err=5.566E-02 dz= 7.312E-04 chigam= 0.00E+00
 it=  9 chi2=0.00E+00 zm= 1.43E-02 err=3.622E-02 dz= 6.700E-04 chigam= 0.00E+00
 it= 10 chi2=0.00E+00 zm= 1.49E-02 err=1.943E-02 dz= 5.966E-04 chigam= 0.00E+00
 it= 11 chi2=0.00E+00 zm= 1.55E-02 err=1.312E-02 dz= 5.183E-04 chigam= 0.00E+00
 it= 12 chi2=0.00E+00 zm= 1.59E-02 err=2.794E-02 dz= 4.488E-04 chigam= 0.00E+00
 it= 13 chi2=0.00E+00 zm= 1.63E-02 err=1.673E-02 dz= 3.808E-04 chigam= 0.00E+00
 it= 14 chi2=0.00E+00 zm= 1.66E-02 err=9.232E-03 dz= 3.231E-04 chigam= 0.00E+00
 it= 15 chi2=0.00E+00 zm= 1.69E-02 err=5.203E-03 dz= 2.732E-04 chigam= 0.00E+00
 it= 16 chi2=0.00E+00 zm= 1.71E-02 err=3.010E-03 dz= 2.304E-04 chigam= 0.00E+00
 it= 17 chi2=0.00E+00 zm= 1.73E-02 err=1.795E-03 dz= 1.939E-04 chigam= 0.00E+00
 it= 18 chi2=0.00E+00 zm= 1.75E-02 err=1.190E-03 dz= 1.628E-04 chigam= 0.00E+00
 it= 19 chi2=0.00E+00 zm= 1.76E-02 err=9.657E-04 dz= 1.365E-04 chigam= 0.00E+00
 it= 20 chi2=0.00E+00 zm= 1.77E-02 err=7.759E-04 dz= 1.142E-04 chigam= 0.00E+00
 it= 21 chi2=0.00E+00 zm= 1.78E-02 err=6.198E-04 dz= 9.546E-05 chigam= 0.00E+00
 it= 22 chi2=0.00E+00 zm= 1.79E-02 err=4.935E-04 dz= 7.971E-05 chigam= 0.00E+00
 it= 23 chi2=0.00E+00 zm= 1.80E-02 err=3.921E-04 dz= 6.649E-05 chigam= 0.00E+00
 it= 24 chi2=0.00E+00 zm= 1.80E-02 err=3.114E-04 dz= 5.543E-05 chigam= 0.00E+00
 it= 25 chi2=0.00E+00 zm= 1.81E-02 err=2.474E-04 dz= 4.618E-05 chigam= 0.00E+00
 it= 26 chi2=0.00E+00 zm= 1.81E-02 err=1.967E-04 dz= 3.845E-05 chigam= 0.00E+00
 it= 27 chi2=0.00E+00 zm= 1.81E-02 err=1.565E-04 dz= 3.200E-05 chigam= 0.00E+00
 it= 28 chi2=0.00E+00 zm= 1.82E-02 err=1.247E-04 dz= 2.662E-05 chigam= 0.00E+00
 it= 29 chi2=0.00E+00 zm= 1.82E-02 err=9.945E-05 dz= 2.214E-05 chigam= 0.00E+00

      ******************** EFITD129 x 129  output ********************

       data used:   
  0 flux loops
  0 magnetic probes(i)
  0 full rogowski
  0 diamagnetic loop


 shot #   =          1 time(ms) =          1 chi**2   =  0.000E+00
 betat(%) =      1.157 betap    =      0.593 li       =      0.697
 vol(cm3) =  0.784E+07 rout(cm) =    172.140 zout(cm) =      0.409
 elong    =      1.365 utriang  =     -0.374 ltriang  =     -0.341
 a(cm)    =     41.371 lin(cm)  = ********** lout(cm) =     10.666
 ltop(cm) = ********** q*       =      2.363 rc(cm)   =    176.894
 zc(cm)   =      1.375 bt0(t)   =      2.000 qout     =      2.206
