========================================================================
= FASTRAN

nonlinear model = 0
ichi = 1
ineo = 0
reading state...
read formatted input, inprof...
init geometry...
read formatted input, inmetric...
nrho in inmetric = 101
rhob in inmetric = 1.271570e+00
solve avg grad-shafranv...
solve_avg_gs::Ip_temp = 9.964084e+00 
solve_avg_gs::Ip      = 1.000000e+01 
>>> tau_he = 5.000000, nhe(0)=3.796771e+00

 plasma volume = 151.507997
 stored energy(e,i,b,a) = 9.568706e+01 8.707733e+01 0.000000e+00 0.000000e+00
 betan = 2.043700
*power
 Pnb(e,i) = 0.000000e+00 0.000000e+00
 Prf(e,i) = 1.109852e+01 2.890702e+01
 Prad     = -2.660362e+01 
 Pei      = 0.000000e+00 
 Pfuse    = 1.068763e+02 
 Pfusi    = 4.461712e+01 
 Poh      = 0.000000e+00 
*confinement time
 taut, tauITER98y2, H98y2 : 1.108366e+00 9.755758e-01 1.136115e+00
 taue, taui : 1.047235e+00 1.951657e+00
 taut, tau89, H89 : 1.108366e+00 5.459648e-01 2.030106e+00
*temperature
 nea, nebar : 2.054363e+01 2.349168e+01 
 tea, tia : 1.112653e+01 1.112653e+01 (1.000000e+00)
 te0, ti0 : 2.802534e+01 2.802534e+01 (1.000000e+00)
 Sn : 1.499603e+03 
*current balance
 Ip,Ibs,Inb,Irf: 1.000000e+01 3.227597e+00 0.000000e+00 4.410500e-01
 fni,fbs: 0.367 0.323

Time advancing...
rho_bdry 0.900000 ...
te_bdry = 5.000307
ti_bdry = 5.000307
ne_bdry = 16.078026
rv_bdry = 279.463030
nrho_tr_bdry = 18
drho_bdry = 0.000000e+00
nrhob = 90
 [    0] t = 0.0000 
>>> tau_he = 5.000000, nhe(0)=3.859187e+00
 5     -0.011   1.17e-02   3.26e-01   3.62e-03  -5.43e-02   1.85e-07 (  3.82e+00,  7.26e+01)
10      0.002   6.89e-03  -1.36e-03   6.65e-04   1.06e-02   3.30e-06 (  2.86e+00,  1.39e+02)
15     -0.004   1.44e-03  -3.81e-03  -3.15e-03  -3.17e-02   4.02e-05 (  7.03e-01,  1.86e+02)
20      0.000   3.39e-02  -1.04e-01  -8.51e-03   1.18e-03   3.73e-04 (  1.86e+01,  2.20e+02)
25     -0.004   4.65e-02  -4.77e-02   3.98e-03  -4.35e-02   2.69e-03 (  2.78e+01,  2.48e+02)
30      0.026   2.08e-01  -1.00e-01   5.26e-02   2.81e-01   1.53e-02 (  1.31e+02,  2.72e+02)
35      0.035   2.96e-01  -5.10e-02   4.58e-02   4.02e-01   6.85e-02 (  1.92e+02,  2.94e+02)
40      0.054   4.31e-01   8.81e-02   1.02e-01   6.73e-01   2.44e-01 (  2.83e+02,  3.13e+02)
45      0.127   6.33e-01   2.97e-01   1.40e-01   1.68e+00   6.95e-01 (  4.14e+02,  3.28e+02)
50      0.157   7.42e-01   4.78e-01   1.76e-01   2.19e+00   1.60e+00 (  4.73e+02,  3.39e+02)
55      0.263   9.04e-01   8.23e-01   4.50e-01   3.83e+00   3.01e+00 (  5.53e+02,  3.45e+02)
60      0.356   1.03e+00   1.15e+00   6.66e-01   5.37e+00   4.70e+00 (  5.92e+02,  3.45e+02)
65      0.431   1.12e+00   1.49e+00   9.74e-01   6.72e+00   6.25e+00 (  6.00e+02,  3.41e+02)
70      0.481   1.22e+00   1.81e+00   1.34e+00   7.72e+00   7.29e+00 (  5.88e+02,  3.33e+02)
75      0.488   1.27e+00   2.05e+00   1.60e+00   8.05e+00   7.71e+00 (  5.44e+02,  3.22e+02)
80      0.465   1.27e+00   2.12e+00   1.69e+00   8.13e+00   7.68e+00 (  4.67e+02,  3.08e+02)
85      0.558   1.33e+00   2.27e+00   1.74e+00   1.24e+01   7.43e+00 (  4.38e+02,  2.93e+02)
90      3.946   8.73e+00   1.06e+01   7.47e+00   1.78e+02   7.11e+00 (  4.00e+03,  2.78e+02)
95      0.931   1.55e+00   2.21e+00   1.64e+00   7.93e+01   6.83e+00 (  1.22e+03,  2.64e+02)
 0 n: 7.150e-08 e: 1.932e-06 i: 6.108e-06 :: e: 0.000e+00 i: 0.000e+00 :: n: 3.010e+01 e:27.975 i:27.828 v:4.993e+03
>>> tau_he = 5.000000, nhe(0)=3.839785e+00
 5     -0.009   1.10e-02   3.67e-01   3.60e-03  -4.42e-02   1.85e-07 (  3.49e+00,  7.26e+01)
10      0.001   6.19e-03  -1.50e-03   4.33e-04   8.39e-03   3.30e-06 (  2.58e+00,  1.39e+02)
15     -0.004   1.49e-03  -3.61e-03  -2.48e-03  -2.64e-02   4.02e-05 (  7.37e-01,  1.86e+02)
20      0.005   4.44e-02  -1.19e-01  -8.84e-03   4.45e-02   3.73e-04 (  2.45e+01,  2.20e+02)
25     -0.004   5.80e-02  -5.86e-02   5.64e-03  -3.60e-02   2.69e-03 (  3.55e+01,  2.48e+02)
30      0.024   2.05e-01  -1.01e-01   5.10e-02   2.55e-01   1.53e-02 (  1.29e+02,  2.72e+02)
35      0.038   3.03e-01  -4.22e-02   3.58e-02   4.42e-01   6.85e-02 (  1.99e+02,  2.94e+02)
40      0.064   4.34e-01   1.09e-01   1.02e-01   7.99e-01   2.44e-01 (  2.88e+02,  3.13e+02)
45      0.133   6.31e-01   3.07e-01   1.40e-01   1.75e+00   6.95e-01 (  4.09e+02,  3.28e+02)
50      0.174   7.44e-01   5.12e-01   1.57e-01   2.43e+00   1.60e+00 (  4.75e+02,  3.39e+02)
55      0.260   8.98e-01   8.21e-01   4.51e-01   3.77e+00   3.01e+00 (  5.46e+02,  3.45e+02)
60      0.323   1.01e+00   1.10e+00   6.39e-01   4.87e+00   4.70e+00 (  5.79e+02,  3.45e+02)
65      0.420   1.12e+00   1.46e+00   9.62e-01   6.56e+00   6.25e+00 (  5.91e+02,  3.41e+02)
70      0.483   1.21e+00   1.81e+00   1.33e+00   7.76e+00   7.29e+00 (  5.79e+02,  3.33e+02)
75      0.495   1.28e+00   2.05e+00   1.60e+00   8.25e+00   7.71e+00 (  5.40e+02,  3.22e+02)
80      0.476   1.30e+00   2.14e+00   1.70e+00   8.66e+00   7.68e+00 (  4.85e+02,  3.08e+02)
85      0.589   1.41e+00   2.34e+00   1.76e+00   1.36e+01   7.43e+00 (  4.88e+02,  2.93e+02)
90      3.635   8.28e+00   1.01e+01   7.42e+00   1.46e+02   7.11e+00 (  3.51e+03,  2.78e+02)
95      0.931   1.55e+00   2.21e+00   1.64e+00   7.93e+01   6.83e+00 (  1.22e+03,  2.64e+02)
 1 n: 2.343e-01 e: 1.979e-01 i: 4.838e-01 :: e: 1.400e-02 i: 1.126e-02 :: n: 2.425e+01 e:32.989 i:37.713 v:4.993e+03
>>> tau_he = 5.000000, nhe(0)=3.093355e+00
 5   -461.300   1.67e-02   1.83e+00   4.95e-03  -1.99e-01   1.85e-07 (  7.12e+00,  7.26e+01)
10   -652.256   1.63e-01   1.03e-01   2.58e-02  -1.29e+00   3.30e-06 (  1.48e+02,  1.39e+02)
15   -523.795   5.16e-01   6.81e-02   2.23e-01  -1.62e+01   4.02e-05 (  6.62e+02,  1.86e+02)
20    -50.861   6.30e-01   2.47e-01   2.83e-01  -1.75e+01   3.73e-04 (  8.29e+02,  2.20e+02)
25     -5.147   9.61e-01   1.07e+00   8.10e-01  -1.23e+01   2.69e-03 (  1.14e+03,  2.48e+02)
30     -0.787   7.46e-01   7.90e-01   5.39e-01  -2.45e+00   1.53e-02 (  5.86e+02,  2.72e+02)
35      0.955   7.44e-01   6.91e-01   6.17e-01   3.93e+00   6.85e-02 (  4.96e+02,  2.94e+02)
40      0.656   6.57e-01   7.95e-01   6.33e-01   3.23e+00   2.44e-01 (  3.68e+02,  3.13e+02)
45      0.415   6.08e-01   8.50e-01   5.95e-01   2.57e+00   6.95e-01 (  2.84e+02,  3.28e+02)
50      0.308   5.90e-01   8.77e-01   4.58e-01   2.77e+00   1.60e+00 (  2.51e+02,  3.39e+02)
55      0.113   4.68e-01   5.26e-01   3.91e-01   1.25e+00   3.01e+00 (  1.79e+02,  3.45e+02)
60      0.078   4.96e-01   4.77e-01   3.61e-01   1.01e+00   4.70e+00 (  1.74e+02,  3.45e+02)
65      0.118   5.90e-01   6.92e-01   4.95e-01   1.70e+00   6.25e+00 (  1.91e+02,  3.41e+02)
70      0.234   8.03e-01   1.22e+00   8.86e-01   3.56e+00   7.29e+00 (  2.42e+02,  3.33e+02)
75      0.259   8.97e-01   1.42e+00   1.08e+00   4.12e+00   7.71e+00 (  2.55e+02,  3.22e+02)
80      0.224   8.93e-01   1.43e+00   1.13e+00   3.56e+00   7.68e+00 (  2.43e+02,  3.08e+02)
85      0.191   8.18e-01   1.44e+00   1.20e+00   2.88e+00   7.43e+00 (  2.15e+02,  2.93e+02)
90      2.854   6.68e+00   8.43e+00   6.46e+00   9.57e+01   7.11e+00 (  2.55e+03,  2.78e+02)
95      0.931   1.55e+00   2.21e+00   1.64e+00   7.93e+01   6.83e+00 (  1.22e+03,  2.64e+02)
 2 n: 6.755e-03 e: 5.085e-02 i: 5.865e-02 :: e: 4.898e-01 i: 3.464e-01 :: n: 2.464e+01 e:32.032 i:36.335 v:4.993e+03
>>> tau_he = 5.000000, nhe(0)=3.125256e+00
 5   -607.178   1.98e-02   1.22e+00   4.61e-03  -2.69e-01   1.85e-07 (  1.10e+01,  7.26e+01)
10  -2319.448   1.75e-01   1.88e-01   9.83e-02  -4.70e+00   3.30e-06 (  1.82e+02,  1.39e+02)
15   -488.956   3.91e-01   2.18e-01   1.31e-01  -1.55e+01   4.02e-05 (  4.69e+02,  1.86e+02)
20    -38.425   9.31e-01   8.05e-01   8.89e-01  -1.36e+01   3.73e-04 (  1.12e+03,  2.20e+02)
25     -3.518   7.90e-01   8.59e-01   7.13e-01  -8.96e+00   2.69e-03 (  8.87e+02,  2.48e+02)
30     -0.688   6.56e-01   6.81e-01   5.35e-01  -2.27e+00   1.53e-02 (  5.77e+02,  2.72e+02)
35      0.141   5.76e-01   6.29e-01   5.33e-01   5.82e-01   6.85e-02 (  4.41e+02,  2.94e+02)
40      0.313   5.46e-01   6.73e-01   5.33e-01   1.54e+00   2.44e-01 (  3.46e+02,  3.13e+02)
45      0.209   5.19e-01   6.61e-01   4.89e-01   1.28e+00   6.95e-01 (  2.59e+02,  3.28e+02)
50      0.212   4.99e-01   6.89e-01   3.57e-01   1.88e+00   1.60e+00 (  2.10e+02,  3.39e+02)
55      0.086   3.97e-01   4.31e-01   3.16e-01   9.91e-01   3.01e+00 (  1.40e+02,  3.45e+02)
60      0.077   4.02e-01   4.15e-01   2.79e-01   1.08e+00   4.70e+00 (  1.22e+02,  3.45e+02)
65      0.157   5.17e-01   6.89e-01   4.70e-01   2.43e+00   6.25e+00 (  1.38e+02,  3.41e+02)
70      0.203   5.87e-01   8.74e-01   6.32e-01   3.27e+00   7.29e+00 (  1.38e+02,  3.33e+02)
75      0.235   6.57e-01   1.03e+00   7.73e-01   3.92e+00   7.71e+00 (  1.42e+02,  3.22e+02)
80      0.225   6.53e-01   1.06e+00   8.17e-01   3.78e+00   7.68e+00 (  1.32e+02,  3.08e+02)
85      0.209   5.78e-01   1.06e+00   8.76e-01   3.34e+00   7.43e+00 (  1.10e+02,  2.93e+02)
90      2.549   5.81e+00   7.37e+00   5.27e+00   8.64e+01   7.11e+00 (  1.99e+03,  2.78e+02)
95      0.931   1.55e+00   2.21e+00   1.64e+00   7.93e+01   6.83e+00 (  1.22e+03,  2.64e+02)
 3 n: 5.330e-03 e: 2.056e-02 i: 3.471e-02 :: e: 5.992e-01 i: 4.396e-01 :: n: 2.504e+01 e:28.801 i:31.790 v:4.993e+03
>>> tau_he = 5.000000, nhe(0)=3.044287e+00
 5   -537.441   1.70e-02   9.06e-01   4.76e-03  -2.44e-01   1.85e-07 (  1.00e+01,  7.26e+01)
10  -2180.141   1.35e-01   1.74e-01   5.79e-02  -4.52e+00   3.30e-06 (  1.33e+02,  1.39e+02)
15   -372.435   2.27e-01   8.75e-02   9.59e-02  -1.20e+01   4.02e-05 (  2.33e+02,  1.86e+02)
20    -21.178   2.78e-01   1.77e-01   7.81e-02  -7.70e+00   3.73e-04 (  2.61e+02,  2.20e+02)
25     -1.791   3.20e-01   1.95e-01   9.42e-02  -4.82e+00   2.69e-03 (  2.90e+02,  2.48e+02)
30     -0.593   5.38e-01   5.52e-01   3.97e-01  -2.07e+00   1.53e-02 (  4.18e+02,  2.72e+02)
35     -0.133   5.07e-01   5.67e-01   4.18e-01  -5.49e-01   6.85e-02 (  3.54e+02,  2.94e+02)
40      0.155   4.81e-01   6.01e-01   4.35e-01   7.62e-01   2.44e-01 (  2.83e+02,  3.13e+02)
45      0.183   4.66e-01   5.91e-01   4.27e-01   1.12e+00   6.95e-01 (  2.19e+02,  3.28e+02)
50      0.199   4.51e-01   6.27e-01   3.30e-01   1.75e+00   1.60e+00 (  1.79e+02,  3.39e+02)
55      0.095   3.61e-01   4.26e-01   2.99e-01   1.16e+00   3.01e+00 (  1.21e+02,  3.45e+02)
60      0.094   3.71e-01   4.33e-01   2.74e-01   1.42e+00   4.70e+00 (  1.06e+02,  3.45e+02)
65      0.161   4.75e-01   6.57e-01   4.36e-01   2.66e+00   6.25e+00 (  1.16e+02,  3.41e+02)
70      0.198   5.34e-01   7.94e-01   5.62e-01   3.37e+00   7.29e+00 (  1.14e+02,  3.33e+02)
75      0.224   5.97e-01   9.10e-01   6.61e-01   3.95e+00   7.71e+00 (  1.16e+02,  3.22e+02)
80      0.217   5.94e-01   9.29e-01   6.92e-01   3.84e+00   7.68e+00 (  1.07e+02,  3.08e+02)
85      0.197   5.12e-01   8.96e-01   7.22e-01   3.31e+00   7.43e+00 (  8.59e+01,  2.93e+02)
90      2.168   4.76e+00   6.19e+00   4.23e+00   7.43e+01   7.11e+00 (  1.56e+03,  2.78e+02)
95      0.931   1.55e+00   2.21e+00   1.64e+00   7.93e+01   6.83e+00 (  1.22e+03,  2.64e+02)
 4 n: 4.582e-03 e: 4.057e-03 i: 1.326e-02 :: e: 5.532e-01 i: 3.800e-01 :: n: 2.548e+01 e:27.142 i:28.910 v:4.993e+03
>>> tau_he = 5.000000, nhe(0)=2.990936e+00
 5   -447.287   1.45e-02   8.04e-01   4.51e-03  -2.07e-01   1.85e-07 (  8.53e+00,  7.26e+01)
10  -1637.276   1.04e-01   1.22e-01   1.13e-01  -3.45e+00   3.30e-06 (  9.73e+01,  1.39e+02)
15   -311.963   2.41e-01   1.66e-01   8.14e-02  -1.02e+01   4.02e-05 (  2.31e+02,  1.86e+02)
20    -17.920   2.24e-01   1.56e-01   9.30e-02  -6.65e+00   3.73e-04 (  1.98e+02,  2.20e+02)
25     -1.317   3.11e-01   1.99e-01  -2.59e-02  -3.72e+00   2.69e-03 (  2.61e+02,  2.48e+02)
30     -0.606   3.04e-01   2.18e-01   5.13e-02  -2.35e+00   1.53e-02 (  2.16e+02,  2.72e+02)
35      0.018   4.45e-01   4.98e-01   3.54e-01   7.90e-02   6.85e-02 (  2.87e+02,  2.94e+02)
40      0.129   4.46e-01   5.46e-01   3.73e-01   6.36e-01   2.44e-01 (  2.47e+02,  3.13e+02)
45      0.092   3.79e-01   4.32e-01   3.43e-01   5.61e-01   6.95e-01 (  1.70e+02,  3.28e+02)
50      0.170   4.13e-01   5.55e-01   2.96e-01   1.50e+00   1.60e+00 (  1.58e+02,  3.39e+02)
55      0.091   3.37e-01   4.23e-01   2.65e-01   1.17e+00   3.01e+00 (  1.10e+02,  3.45e+02)
60      0.101   3.63e-01   4.36e-01   2.63e-01   1.64e+00   4.70e+00 (  1.00e+02,  3.45e+02)
65      0.136   4.08e-01   5.36e-01   3.43e-01   2.39e+00   6.25e+00 (  9.62e+01,  3.41e+02)
70      0.200   5.23e-01   7.57e-01   5.24e-01   3.59e+00   7.29e+00 (  1.07e+02,  3.33e+02)
75      0.229   5.91e-01   8.69e-01   6.11e-01   4.23e+00   7.71e+00 (  1.08e+02,  3.22e+02)
80      0.228   5.98e-01   9.03e-01   6.40e-01   4.25e+00   7.68e+00 (  1.02e+02,  3.08e+02)
85      0.201   5.04e-01   8.48e-01   6.43e-01   3.56e+00   7.43e+00 (  7.88e+01,  2.93e+02)
90      1.571   3.35e+00   4.51e+00   2.98e+00   5.43e+01   7.11e+00 (  1.07e+03,  2.78e+02)
95      0.931   1.55e+00   2.21e+00   1.64e+00   7.93e+01   6.83e+00 (  1.22e+03,  2.64e+02)
 5 n: 4.053e-03 e: 2.401e-03 i: 5.478e-03 :: e: 5.294e-01 i: 3.469e-01 :: n: 2.590e+01 e:25.869 i:27.326 v:4.993e+03
>>> tau_he = 5.000000, nhe(0)=2.979940e+00
 5   -401.233   1.29e-02   7.38e-01   4.49e-03  -1.89e-01   1.85e-07 (  7.58e+00,  7.26e+01)
10  -1335.332   9.28e-02   9.43e-02  -1.19e-01  -2.85e+00   3.30e-06 (  8.24e+01,  1.39e+02)
15   -264.886   2.07e-01   1.21e-01   7.62e-02  -8.76e+00   4.02e-05 (  1.85e+02,  1.86e+02)
20    -15.310   2.00e-01   1.38e-01   9.10e-02  -5.77e+00   3.73e-04 (  1.68e+02,  2.20e+02)
25     -1.061   2.77e-01   1.81e-01  -1.03e-02  -3.12e+00   2.69e-03 (  2.20e+02,  2.48e+02)
30     -0.502   2.74e-01   2.02e-01   6.81e-02  -2.03e+00   1.53e-02 (  1.85e+02,  2.72e+02)
35     -0.052   3.99e-01   4.03e-01   2.99e-01  -2.30e-01   6.85e-02 (  2.41e+02,  2.94e+02)
40      0.078   4.07e-01   4.94e-01   3.31e-01   3.87e-01   2.44e-01 (  2.13e+02,  3.13e+02)
45      0.078   3.48e-01   3.86e-01   3.04e-01   4.82e-01   6.95e-01 (  1.50e+02,  3.28e+02)
50      0.115   3.42e-01   3.95e-01   2.51e-01   1.02e+00   1.60e+00 (  1.27e+02,  3.39e+02)
55      0.093   3.17e-01   4.02e-01   2.48e-01   1.26e+00   3.01e+00 (  1.01e+02,  3.45e+02)
60      0.111   3.56e-01   4.43e-01   2.60e-01   1.90e+00   4.70e+00 (  9.66e+01,  3.45e+02)
65      0.150   4.18e-01   5.51e-01   3.53e-01   2.80e+00   6.25e+00 (  9.63e+01,  3.41e+02)
70      0.210   5.36e-01   7.54e-01   5.10e-01   3.99e+00   7.29e+00 (  1.06e+02,  3.33e+02)
75      0.241   6.11e-01   8.66e-01   5.90e-01   4.69e+00   7.71e+00 (  1.08e+02,  3.22e+02)
80      0.243   6.26e-01   9.08e-01   6.20e-01   4.73e+00   7.68e+00 (  1.03e+02,  3.08e+02)
85      0.213   5.26e-01   8.44e-01   6.13e-01   3.96e+00   7.43e+00 (  7.86e+01,  2.93e+02)
90      0.771   1.75e+00   2.52e+00   1.61e+00   2.69e+01   7.11e+00 (  5.52e+02,  2.78e+02)
95      0.931   1.55e+00   2.21e+00   1.64e+00   7.93e+01   6.83e+00 (  1.22e+03,  2.64e+02)
 6 n: 2.807e-03 e: 7.346e-04 i: 2.441e-03 :: e: 4.869e-01 i: 3.244e-01 :: n: 2.636e+01 e:25.238 i:26.295 v:4.993e+03
>>> tau_he = 5.000000, nhe(0)=2.997516e+00
 5   -370.689   1.21e-02   6.99e-01   4.11e-03  -1.76e-01   1.85e-07 (  7.11e+00,  7.26e+01)
10  -1209.509   8.71e-02   8.13e-02  -2.25e-02  -2.60e+00   3.30e-06 (  7.56e+01,  1.39e+02)
15   -239.987   1.84e-01   9.75e-02   7.32e-02  -7.99e+00   4.02e-05 (  1.59e+02,  1.86e+02)
20    -15.695   1.74e-01   1.36e-01   8.95e-02  -5.99e+00   3.73e-04 (  1.44e+02,  2.20e+02)
25     -0.923   2.59e-01   1.71e-01  -6.42e-03  -2.81e+00   2.69e-03 (  2.02e+02,  2.48e+02)
30     -0.386   2.57e-01   1.92e-01   6.91e-02  -1.72e+00   1.53e-02 (  1.71e+02,  2.72e+02)
35     -0.066   3.70e-01   3.69e-01   2.73e-01  -3.07e-01   6.85e-02 (  2.17e+02,  2.94e+02)
40      0.072   3.91e-01   4.28e-01   3.34e-01   3.61e-01   2.44e-01 (  2.00e+02,  3.13e+02)
45      0.090   3.29e-01   3.54e-01   2.72e-01   5.65e-01   6.95e-01 (  1.41e+02,  3.28e+02)
50      0.107   3.28e-01   3.74e-01   2.38e-01   9.87e-01   1.60e+00 (  1.22e+02,  3.39e+02)
55      0.093   3.11e-01   3.95e-01   2.36e-01   1.33e+00   3.01e+00 (  9.97e+01,  3.45e+02)
60      0.120   3.65e-01   4.59e-01   2.64e-01   2.18e+00   4.70e+00 (  9.93e+01,  3.45e+02)
65      0.165   4.44e-01   5.77e-01   3.81e-01   3.25e+00   6.25e+00 (  1.02e+02,  3.41e+02)
70      0.225   5.66e-01   7.71e-01   5.11e-01   4.47e+00   7.29e+00 (  1.11e+02,  3.33e+02)
75      0.257   6.47e-01   8.83e-01   5.85e-01   5.20e+00   7.71e+00 (  1.13e+02,  3.22e+02)
80      0.264   6.75e-01   9.39e-01   6.22e-01   5.37e+00   7.68e+00 (  1.09e+02,  3.08e+02)
85      0.226   5.59e-01   8.54e-01   6.02e-01   4.38e+00   7.43e+00 (  8.19e+01,  2.93e+02)
90      0.776   1.76e+00   2.52e+00   1.60e+00   2.73e+01   7.11e+00 (  5.51e+02,  2.78e+02)
95      0.931   1.55e+00   2.21e+00   1.64e+00   7.93e+01   6.83e+00 (  1.22e+03,  2.64e+02)
 7 n: 2.197e-03 e: 3.957e-04 i: 9.467e-04 :: e: 4.190e-01 i: 2.786e-01 :: n: 2.677e+01 e:24.814 i:25.759 v:4.993e+03
>>> tau_he = 5.000000, nhe(0)=3.036242e+00
 5   -353.199   1.16e-02   6.86e-01   4.03e-03  -1.69e-01   1.85e-07 (  6.85e+00,  7.26e+01)
10  -1089.005   8.11e-02   7.07e-02  -6.31e-03  -2.36e+00   3.30e-06 (  6.91e+01,  1.39e+02)
15   -224.816   1.72e-01   8.23e-02   7.06e-02  -7.52e+00   4.02e-05 (  1.46e+02,  1.86e+02)
20    -15.145   1.64e-01   1.29e-01   8.71e-02  -5.83e+00   3.73e-04 (  1.34e+02,  2.20e+02)
25     -0.843   2.47e-01   1.64e-01  -3.65e-03  -2.64e+00   2.69e-03 (  1.90e+02,  2.48e+02)
30     -0.305   2.45e-01   1.84e-01   6.58e-02  -1.49e+00   1.53e-02 (  1.63e+02,  2.72e+02)
35     -0.045   3.58e-01   3.38e-01   2.54e-01  -2.18e-01   6.85e-02 (  2.07e+02,  2.94e+02)
40     -0.036   3.11e-01   2.83e-01   2.41e-01  -1.82e-01   2.44e-01 (  1.57e+02,  3.13e+02)
45      0.080   3.19e-01   3.32e-01   2.56e-01   5.11e-01   6.95e-01 (  1.37e+02,  3.28e+02)
50      0.102   3.21e-01   3.57e-01   2.28e-01   9.78e-01   1.60e+00 (  1.21e+02,  3.39e+02)
55      0.094   3.05e-01   3.75e-01   2.22e-01   1.42e+00   3.01e+00 (  9.91e+01,  3.45e+02)
60      0.130   3.78e-01   4.78e-01   2.71e-01   2.50e+00   4.70e+00 (  1.04e+02,  3.45e+02)
65      0.182   4.74e-01   6.06e-01   4.15e-01   3.75e+00   6.25e+00 (  1.10e+02,  3.41e+02)
70      0.241   6.00e-01   7.97e-01   5.20e-01   4.99e+00   7.29e+00 (  1.18e+02,  3.33e+02)
75      0.274   6.85e-01   9.08e-01   5.90e-01   5.74e+00   7.71e+00 (  1.19e+02,  3.22e+02)
80      0.279   7.09e-01   9.62e-01   6.18e-01   5.86e+00   7.68e+00 (  1.14e+02,  3.08e+02)
85      0.246   6.06e-01   8.90e-01   6.21e-01   4.95e+00   7.43e+00 (  8.77e+01,  2.93e+02)
90      0.781   1.77e+00   2.52e+00   1.60e+00   2.77e+01   7.11e+00 (  5.51e+02,  2.78e+02)
95      0.931   1.55e+00   2.21e+00   1.64e+00   7.93e+01   6.83e+00 (  1.22e+03,  2.64e+02)
 8 n: 1.506e-03 e: 1.636e-04 i: 3.129e-04 :: e: 3.653e-01 i: 2.330e-01 :: n: 2.718e+01 e:24.691 i:25.480 v:4.993e+03
>>> tau_he = 5.000000, nhe(0)=3.091517e+00
 5   -339.704   1.14e-02   6.89e-01   3.84e-03  -1.64e-01   1.85e-07 (  6.79e+00,  7.26e+01)
10   -985.039   5.76e-02   6.70e-02  -4.65e-03  -2.14e+00   3.30e-06 (  4.88e+01,  1.39e+02)
15   -217.638   1.66e-01   7.28e-02   7.00e-02  -7.29e+00   4.02e-05 (  1.39e+02,  1.86e+02)
20    -14.952   1.61e-01   1.25e-01   8.49e-02  -5.79e+00   3.73e-04 (  1.32e+02,  2.20e+02)
25     -0.809   2.42e-01   1.61e-01  -9.62e-03  -2.59e+00   2.69e-03 (  1.86e+02,  2.48e+02)
30     -0.250   2.40e-01   1.79e-01   5.97e-02  -1.34e+00   1.53e-02 (  1.60e+02,  2.72e+02)
35     -0.126   2.69e-01   2.14e-01   1.21e-01  -6.78e-01   6.85e-02 (  1.56e+02,  2.94e+02)
40     -0.031   3.05e-01   2.72e-01   2.27e-01  -1.69e-01   2.44e-01 (  1.56e+02,  3.13e+02)
45      0.073   3.17e-01   3.22e-01   2.51e-01   4.80e-01   6.95e-01 (  1.39e+02,  3.28e+02)
50      0.099   3.22e-01   3.52e-01   2.23e-01   9.83e-01   1.60e+00 (  1.24e+02,  3.39e+02)
55      0.099   3.19e-01   3.98e-01   2.29e-01   1.56e+00   3.01e+00 (  1.07e+02,  3.45e+02)
60      0.135   3.84e-01   4.80e-01   2.81e-01   2.70e+00   4.70e+00 (  1.09e+02,  3.45e+02)
65      0.199   5.09e-01   6.42e-01   4.53e-01   4.27e+00   6.25e+00 (  1.20e+02,  3.41e+02)
70      0.258   6.41e-01   8.29e-01   5.34e-01   5.52e+00   7.29e+00 (  1.27e+02,  3.33e+02)
75      0.290   7.25e-01   9.38e-01   6.00e-01   6.25e+00   7.71e+00 (  1.27e+02,  3.22e+02)
80      0.294   7.51e-01   9.93e-01   6.25e-01   6.34e+00   7.68e+00 (  1.21e+02,  3.08e+02)
85      0.261   6.45e-01   9.20e-01   6.22e-01   5.38e+00   7.43e+00 (  9.36e+01,  2.93e+02)
90      0.786   1.78e+00   2.53e+00   1.60e+00   2.79e+01   7.11e+00 (  5.52e+02,  2.78e+02)
95      0.931   1.55e+00   2.21e+00   1.64e+00   7.93e+01   6.83e+00 (  1.22e+03,  2.64e+02)
 9 n: 1.066e-03 e: 1.345e-04 i: 1.099e-04 :: e: 3.095e-01 i: 1.929e-01 :: n: 2.755e+01 e:24.692 i:25.467 v:4.993e+03
>>> tau_he = 5.000000, nhe(0)=3.159494e+00
 5   -336.596   1.13e-02   6.98e-01   3.78e-03  -1.62e-01   1.85e-07 (  6.74e+00,  7.26e+01)
10   -934.257   5.54e-02   6.32e-02  -3.31e-03  -2.03e+00   3.30e-06 (  4.70e+01,  1.39e+02)
15   -214.395   1.63e-01   6.54e-02   7.00e-02  -7.19e+00   4.02e-05 (  1.36e+02,  1.86e+02)
20    -15.089   1.58e-01   1.22e-01   8.22e-02  -5.86e+00   3.73e-04 (  1.30e+02,  2.20e+02)
25     -0.595   2.39e-01   1.54e-01  -1.97e-02  -1.94e+00   2.69e-03 (  1.84e+02,  2.48e+02)
30     -0.209   2.38e-01   1.75e-01   5.06e-02  -1.22e+00   1.53e-02 (  1.61e+02,  2.72e+02)
35     -0.098   2.67e-01   2.09e-01   1.08e-01  -5.85e-01   6.85e-02 (  1.58e+02,  2.94e+02)
40     -0.026   3.04e-01   2.63e-01   2.21e-01  -1.51e-01   2.44e-01 (  1.58e+02,  3.13e+02)
45      0.068   3.18e-01   3.14e-01   2.47e-01   4.59e-01   6.95e-01 (  1.44e+02,  3.28e+02)
50      0.099   3.23e-01   3.49e-01   2.20e-01   1.01e+00   1.60e+00 (  1.28e+02,  3.39e+02)
55      0.134   3.80e-01   4.99e-01   2.70e-01   2.21e+00   3.01e+00 (  1.32e+02,  3.45e+02)
60      0.175   4.63e-01   6.11e-01   3.41e-01   3.65e+00   4.70e+00 (  1.35e+02,  3.45e+02)
65      0.215   5.42e-01   6.75e-01   4.78e-01   4.75e+00   6.25e+00 (  1.31e+02,  3.41e+02)
70      0.273   6.75e-01   8.59e-01   5.49e-01   5.98e+00   7.29e+00 (  1.36e+02,  3.33e+02)
75      0.304   7.58e-01   9.66e-01   6.12e-01   6.67e+00   7.71e+00 (  1.34e+02,  3.22e+02)
80      0.309   7.87e-01   1.03e+00   6.37e-01   6.79e+00   7.68e+00 (  1.28e+02,  3.08e+02)
85      0.276   6.85e-01   9.59e-01   6.40e-01   5.84e+00   7.43e+00 (  1.00e+02,  2.93e+02)
90      0.789   1.79e+00   2.54e+00   1.60e+00   2.82e+01   7.11e+00 (  5.53e+02,  2.78e+02)
95      0.931   1.55e+00   2.21e+00   1.64e+00   7.93e+01   6.83e+00 (  1.22e+03,  2.64e+02)
10 n: 5.334e-04 e: 2.075e-04 i: 9.118e-05 :: e: 2.331e-01 i: 1.341e-01 :: n: 2.784e+01 e:24.857 i:25.585 v:4.993e+03
>>> tau_he = 5.000000, nhe(0)=3.222845e+00
 5   -337.967   1.14e-02   7.13e-01   3.69e-03  -1.63e-01   1.85e-07 (  6.78e+00,  7.26e+01)
10   -903.716   5.37e-02   6.11e-02  -3.71e-03  -1.96e+00   3.30e-06 (  4.57e+01,  1.39e+02)
15   -208.912   1.59e-01   5.83e-02   7.14e-02  -6.99e+00   4.02e-05 (  1.32e+02,  1.86e+02)
20    -15.407   1.59e-01   1.21e-01   8.16e-02  -6.00e+00   3.73e-04 (  1.33e+02,  2.20e+02)
25     -0.628   2.21e-01   1.58e-01  -2.43e-02  -2.07e+00   2.69e-03 (  1.72e+02,  2.48e+02)
30     -0.162   2.41e-01   1.76e-01   4.58e-02  -1.03e+00   1.53e-02 (  1.66e+02,  2.72e+02)
35     -0.074   2.73e-01   2.07e-01   9.41e-02  -4.90e-01   6.85e-02 (  1.65e+02,  2.94e+02)
40     -0.019   3.07e-01   2.62e-01   2.04e-01  -1.22e-01   2.44e-01 (  1.65e+02,  3.13e+02)
45      0.065   3.26e-01   3.14e-01   2.50e-01   4.53e-01   6.95e-01 (  1.52e+02,  3.28e+02)
50      0.086   3.14e-01   3.31e-01   2.05e-01   9.04e-01   1.60e+00 (  1.29e+02,  3.39e+02)
55      0.137   3.92e-01   5.11e-01   2.73e-01   2.30e+00   3.01e+00 (  1.40e+02,  3.45e+02)
60      0.183   4.82e-01   6.32e-01   3.53e-01   3.89e+00   4.70e+00 (  1.44e+02,  3.45e+02)
65      0.250   6.19e-01   7.89e-01   4.95e-01   5.65e+00   6.25e+00 (  1.54e+02,  3.41e+02)
70      0.286   7.07e-01   8.92e-01   5.66e-01   6.39e+00   7.29e+00 (  1.46e+02,  3.33e+02)
75      0.315   7.87e-01   9.95e-01   6.26e-01   7.02e+00   7.71e+00 (  1.42e+02,  3.22e+02)
80      0.319   8.17e-01   1.05e+00   6.51e-01   7.12e+00   7.68e+00 (  1.36e+02,  3.08e+02)
85      0.291   7.25e-01   1.00e+00   6.60e-01   6.26e+00   7.43e+00 (  1.08e+02,  2.93e+02)
90      0.792   1.79e+00   2.54e+00   1.60e+00   2.83e+01   7.11e+00 (  5.55e+02,  2.78e+02)
95      0.931   1.55e+00   2.21e+00   1.64e+00   7.93e+01   6.83e+00 (  1.22e+03,  2.64e+02)
11 n: 3.008e-04 e: 2.165e-04 i: 1.605e-04 :: e: 1.766e-01 i: 9.433e-02 :: n: 2.808e+01 e:25.070 i:25.841 v:4.993e+03
>>> tau_he = 5.000000, nhe(0)=3.289452e+00
 5   -343.520   1.15e-02   7.32e-01   3.67e-03  -1.66e-01   1.85e-07 (  6.90e+00,  7.26e+01)
10   -881.057   5.29e-02   5.99e-02  -5.17e-03  -1.91e+00   3.30e-06 (  4.54e+01,  1.39e+02)
15   -210.933   1.60e-01   5.52e-02   7.33e-02  -7.05e+00   4.02e-05 (  1.34e+02,  1.86e+02)
20    -15.855   1.62e-01   1.22e-01   7.99e-02  -6.18e+00   3.73e-04 (  1.37e+02,  2.20e+02)
25     -0.641   2.25e-01   1.58e-01  -3.28e-02  -2.13e+00   2.69e-03 (  1.77e+02,  2.48e+02)
30     -0.135   2.43e-01   1.75e-01   3.37e-02  -9.22e-01   1.53e-02 (  1.72e+02,  2.72e+02)
35      0.028   3.54e-01   3.08e-01   1.83e-01   2.04e-01   6.85e-02 (  2.20e+02,  2.94e+02)
40     -0.012   3.13e-01   2.61e-01   1.92e-01  -8.33e-02   2.44e-01 (  1.72e+02,  3.13e+02)
45      0.064   3.35e-01   3.16e-01   2.55e-01   4.59e-01   6.95e-01 (  1.61e+02,  3.28e+02)
50      0.137   3.90e-01   4.58e-01   2.47e-01   1.49e+00   1.60e+00 (  1.66e+02,  3.39e+02)
55      0.141   4.05e-01   5.27e-01   2.78e-01   2.42e+00   3.01e+00 (  1.50e+02,  3.45e+02)
60      0.190   4.98e-01   6.52e-01   3.63e-01   4.08e+00   4.70e+00 (  1.53e+02,  3.45e+02)
65      0.257   6.34e-01   8.07e-01   5.05e-01   5.86e+00   6.25e+00 (  1.61e+02,  3.41e+02)
70      0.295   7.29e-01   9.17e-01   5.80e-01   6.68e+00   7.29e+00 (  1.54e+02,  3.33e+02)
75      0.324   8.09e-01   1.02e+00   6.41e-01   7.29e+00   7.71e+00 (  1.49e+02,  3.22e+02)
80      0.328   8.38e-01   1.08e+00   6.66e-01   7.38e+00   7.68e+00 (  1.42e+02,  3.08e+02)
85      0.305   7.62e-01   1.07e+00   6.98e-01   6.64e+00   7.43e+00 (  1.15e+02,  2.93e+02)
90      0.795   1.80e+00   2.55e+00   1.60e+00   2.85e+01   7.11e+00 (  5.57e+02,  2.78e+02)
95      0.931   1.55e+00   2.21e+00   1.64e+00   7.93e+01   6.83e+00 (  1.22e+03,  2.64e+02)
12 n: 1.759e-04 e: 2.672e-04 i: 2.050e-04 :: e: 1.193e-01 i: 5.544e-02 :: n: 2.818e+01 e:25.340 i:26.110 v:4.993e+03
>>> tau_he = 5.000000, nhe(0)=3.328195e+00
 5   -350.734   1.17e-02   7.49e-01   3.66e-03  -1.69e-01   1.85e-07 (  7.02e+00,  7.26e+01)
10   -883.124   5.21e-02   6.06e-02  -7.18e-03  -1.91e+00   3.30e-06 (  4.49e+01,  1.39e+02)
15   -213.781   1.63e-01   5.46e-02   7.58e-02  -7.11e+00   4.02e-05 (  1.36e+02,  1.86e+02)
20    -16.342   1.66e-01   1.24e-01   8.05e-02  -6.36e+00   3.73e-04 (  1.41e+02,  2.20e+02)
25     -0.655   2.30e-01   1.61e-01  -4.45e-02  -2.19e+00   2.69e-03 (  1.83e+02,  2.48e+02)
30     -0.144   2.50e-01   1.78e-01   2.96e-02  -9.60e-01   1.53e-02 (  1.79e+02,  2.72e+02)
35     -0.059   2.81e-01   2.06e-01   7.72e-02  -4.25e-01   6.85e-02 (  1.77e+02,  2.94e+02)
40      0.072   3.89e-01   3.96e-01   2.57e-01   5.16e-01   2.44e-01 (  2.21e+02,  3.13e+02)
45      0.055   3.45e-01   3.21e-01   2.76e-01   4.02e-01   6.95e-01 (  1.72e+02,  3.28e+02)
50      0.137   4.01e-01   4.66e-01   2.50e-01   1.50e+00   1.60e+00 (  1.77e+02,  3.39e+02)
55      0.144   4.23e-01   5.45e-01   2.85e-01   2.49e+00   3.01e+00 (  1.62e+02,  3.45e+02)
60      0.197   5.16e-01   6.76e-01   3.74e-01   4.27e+00   4.70e+00 (  1.64e+02,  3.45e+02)
65      0.264   6.51e-01   8.29e-01   5.17e-01   6.05e+00   6.25e+00 (  1.70e+02,  3.41e+02)
70      0.304   7.51e-01   9.44e-01   5.96e-01   6.93e+00   7.29e+00 (  1.62e+02,  3.33e+02)
75      0.331   8.28e-01   1.05e+00   6.57e-01   7.51e+00   7.71e+00 (  1.56e+02,  3.22e+02)
80      0.334   8.56e-01   1.11e+00   6.83e-01   7.56e+00   7.68e+00 (  1.49e+02,  3.08e+02)
85      0.312   7.82e-01   1.10e+00   7.16e-01   6.86e+00   7.43e+00 (  1.21e+02,  2.93e+02)
90      0.800   1.81e+00   2.56e+00   1.62e+00   2.87e+01   7.11e+00 (  5.63e+02,  2.78e+02)
95      0.931   1.55e+00   2.21e+00   1.64e+00   7.93e+01   6.83e+00 (  1.22e+03,  2.64e+02)
13 n: 1.316e-04 e: 1.900e-04 i: 2.458e-04 :: e: 8.797e-02 i: 4.048e-02 :: n: 2.828e+01 e:25.567 i:26.428 v:4.993e+03
>>> tau_he = 5.000000, nhe(0)=3.372205e+00
 5   -358.781   1.19e-02   7.69e-01   3.66e-03  -1.72e-01   1.85e-07 (  7.19e+00,  7.26e+01)
10   -878.746   5.19e-02   6.07e-02  -9.10e-03  -1.90e+00   3.30e-06 (  4.49e+01,  1.39e+02)
15   -218.582   1.64e-01   5.57e-02   7.53e-02  -7.25e+00   4.02e-05 (  1.37e+02,  1.86e+02)
20    -16.767   1.71e-01   1.27e-01   8.00e-02  -6.52e+00   3.73e-04 (  1.45e+02,  2.20e+02)
25     -0.668   2.36e-01   1.64e-01  -5.48e-02  -2.24e+00   2.69e-03 (  1.88e+02,  2.48e+02)
30     -0.092   2.50e-01   1.78e-01   1.55e-02  -6.64e-01   1.53e-02 (  1.82e+02,  2.72e+02)
35     -0.057   2.86e-01   2.10e-01   7.23e-02  -4.21e-01   6.85e-02 (  1.84e+02,  2.94e+02)
40     -0.017   3.28e-01   2.61e-01   1.82e-01  -1.22e-01   2.44e-01 (  1.89e+02,  3.13e+02)
45      0.055   3.54e-01   3.24e-01   2.79e-01   4.17e-01   6.95e-01 (  1.81e+02,  3.28e+02)
50      0.135   4.17e-01   4.71e-01   2.53e-01   1.49e+00   1.60e+00 (  1.89e+02,  3.39e+02)
55      0.148   4.36e-01   5.59e-01   2.90e-01   2.59e+00   3.01e+00 (  1.72e+02,  3.45e+02)
60      0.203   5.32e-01   6.95e-01   3.86e-01   4.43e+00   4.70e+00 (  1.74e+02,  3.45e+02)
65      0.269   6.64e-01   8.47e-01   5.27e-01   6.19e+00   6.25e+00 (  1.77e+02,  3.41e+02)
70      0.311   7.67e-01   9.67e-01   6.09e-01   7.12e+00   7.29e+00 (  1.70e+02,  3.33e+02)
75      0.337   8.43e-01   1.07e+00   6.71e-01   7.68e+00   7.71e+00 (  1.62e+02,  3.22e+02)
80      0.339   8.70e-01   1.13e+00   6.99e-01   7.71e+00   7.68e+00 (  1.54e+02,  3.08e+02)
85      0.319   7.99e-01   1.12e+00   7.35e-01   7.06e+00   7.43e+00 (  1.27e+02,  2.93e+02)
90      0.802   1.81e+00   2.57e+00   1.62e+00   2.88e+01   7.11e+00 (  5.65e+02,  2.78e+02)
95      0.931   1.55e+00   2.21e+00   1.64e+00   7.93e+01   6.83e+00 (  1.22e+03,  2.64e+02)
14 n: 7.941e-05 e: 1.907e-04 i: 1.433e-04 :: e: 7.128e-02 i: 2.335e-02 :: n: 2.843e+01 e:25.828 i:26.725 v:4.993e+03
>>> tau_he = 5.000000, nhe(0)=3.423000e+00
 5   -367.644   1.22e-02   7.89e-01   3.66e-03  -1.76e-01   1.85e-07 (  7.39e+00,  7.26e+01)
10   -879.188   5.73e-02   5.89e-02  -1.03e-02  -1.89e+00   3.30e-06 (  5.00e+01,  1.39e+02)
15   -221.886   1.67e-01   5.49e-02   7.58e-02  -7.35e+00   4.02e-05 (  1.40e+02,  1.86e+02)
20    -17.255   1.75e-01   1.28e-01   7.96e-02  -6.71e+00   3.73e-04 (  1.50e+02,  2.20e+02)
25     -0.687   2.41e-01   1.67e-01  -6.44e-02  -2.31e+00   2.69e-03 (  1.94e+02,  2.48e+02)
30     -0.068   2.54e-01   1.79e-01   2.71e-03  -5.31e-01   1.53e-02 (  1.88e+02,  2.72e+02)
35     -0.001   2.91e-01   2.09e-01   6.05e-02  -1.04e-02   6.85e-02 (  1.92e+02,  2.94e+02)
40      0.074   4.02e-01   4.01e-01   2.49e-01   5.62e-01   2.44e-01 (  2.37e+02,  3.13e+02)
45      0.032   3.39e-01   3.03e-01   2.50e-01   2.46e-01   6.95e-01 (  1.78e+02,  3.28e+02)
50      0.135   4.28e-01   4.79e-01   2.56e-01   1.51e+00   1.60e+00 (  1.99e+02,  3.39e+02)
55      0.152   4.48e-01   5.74e-01   2.95e-01   2.66e+00   3.01e+00 (  1.81e+02,  3.45e+02)
60      0.208   5.46e-01   7.13e-01   3.95e-01   4.54e+00   4.70e+00 (  1.83e+02,  3.45e+02)
65      0.273   6.76e-01   8.64e-01   5.36e-01   6.28e+00   6.25e+00 (  1.84e+02,  3.41e+02)
70      0.316   7.80e-01   9.87e-01   6.22e-01   7.25e+00   7.29e+00 (  1.76e+02,  3.33e+02)
75      0.342   8.54e-01   1.09e+00   6.85e-01   7.78e+00   7.71e+00 (  1.68e+02,  3.22e+02)
80      0.343   8.79e-01   1.15e+00   7.14e-01   7.80e+00   7.68e+00 (  1.59e+02,  3.08e+02)
85      0.323   8.12e-01   1.14e+00   7.51e-01   7.18e+00   7.43e+00 (  1.31e+02,  2.93e+02)
90      0.803   1.82e+00   2.57e+00   1.63e+00   2.89e+01   7.11e+00 (  5.68e+02,  2.78e+02)
95      0.931   1.55e+00   2.21e+00   1.64e+00   7.93e+01   6.83e+00 (  1.22e+03,  2.64e+02)
15 n: 1.356e-04 e: 1.716e-04 i: 1.952e-04 :: e: 5.029e-02 i: 3.260e-02 :: n: 2.851e+01 e:26.054 i:27.007 v:4.993e+03
>>> tau_he = 5.000000, nhe(0)=3.459196e+00
 5   -376.047   1.24e-02   8.06e-01   3.66e-03  -1.80e-01   1.85e-07 (  7.57e+00,  7.26e+01)
10   -878.980   5.67e-02   5.93e-02  -1.24e-02  -1.89e+00   3.30e-06 (  4.96e+01,  1.39e+02)
15   -224.086   1.70e-01   5.42e-02   7.61e-02  -7.40e+00   4.02e-05 (  1.43e+02,  1.86e+02)
20    -17.641   1.78e-01   1.31e-01   8.03e-02  -6.85e+00   3.73e-04 (  1.54e+02,  2.20e+02)
25     -0.638   2.46e-01   1.69e-01  -7.00e-02  -2.15e+00   2.69e-03 (  2.00e+02,  2.48e+02)
30     -0.036   2.60e-01   1.81e-01  -5.91e-03  -3.00e-01   1.53e-02 (  1.95e+02,  2.72e+02)
35     -0.002   2.98e-01   2.14e-01   5.75e-02  -1.68e-02   6.85e-02 (  2.00e+02,  2.94e+02)
40      0.068   4.10e-01   4.03e-01   2.52e-01   5.09e-01   2.44e-01 (  2.46e+02,  3.13e+02)
45      0.035   3.47e-01   3.07e-01   2.51e-01   2.89e-01   6.95e-01 (  1.87e+02,  3.28e+02)
50      0.136   4.37e-01   4.87e-01   2.58e-01   1.54e+00   1.60e+00 (  2.08e+02,  3.39e+02)
55      0.155   4.60e-01   5.87e-01   2.99e-01   2.73e+00   3.01e+00 (  1.90e+02,  3.45e+02)
60      0.212   5.58e-01   7.29e-01   4.02e-01   4.63e+00   4.70e+00 (  1.91e+02,  3.45e+02)
65      0.276   6.85e-01   8.78e-01   5.44e-01   6.35e+00   6.25e+00 (  1.90e+02,  3.41e+02)
70      0.320   7.91e-01   1.00e+00   6.33e-01   7.35e+00   7.29e+00 (  1.82e+02,  3.33e+02)
75      0.345   8.63e-01   1.11e+00   6.97e-01   7.87e+00   7.71e+00 (  1.73e+02,  3.22e+02)
80      0.346   8.87e-01   1.17e+00   7.28e-01   7.87e+00   7.68e+00 (  1.64e+02,  3.08e+02)
85      0.328   8.24e-01   1.17e+00   7.69e-01   7.30e+00   7.43e+00 (  1.36e+02,  2.93e+02)
90      0.805   1.82e+00   2.57e+00   1.63e+00   2.89e+01   7.11e+00 (  5.70e+02,  2.78e+02)
95      0.931   1.55e+00   2.21e+00   1.64e+00   7.93e+01   6.83e+00 (  1.22e+03,  2.64e+02)
16 n: 1.037e-04 e: 1.379e-04 i: 1.599e-04 :: e: 3.664e-02 i: 3.769e-02 :: n: 2.857e+01 e:26.245 i:27.257 v:4.993e+03
>>> tau_he = 5.000000, nhe(0)=3.490126e+00
 5   -383.745   1.26e-02   8.22e-01   3.66e-03  -1.83e-01   1.85e-07 (  7.74e+00,  7.26e+01)
10   -879.175   5.64e-02   5.97e-02  -1.42e-02  -1.89e+00   3.30e-06 (  4.95e+01,  1.39e+02)
15   -229.658   1.71e-01   5.70e-02   7.65e-02  -7.56e+00   4.02e-05 (  1.43e+02,  1.86e+02)
20    -17.953   1.82e-01   1.33e-01   8.08e-02  -6.96e+00   3.73e-04 (  1.58e+02,  2.20e+02)
25     -0.642   2.51e-01   1.74e-01  -7.84e-02  -2.17e+00   2.69e-03 (  2.05e+02,  2.48e+02)
30     -0.014   2.62e-01   1.83e-01  -1.55e-02  -1.27e-01   1.53e-02 (  1.99e+02,  2.72e+02)
35      0.103   4.06e-01   3.73e-01   2.08e-01   8.46e-01   6.85e-02 (  2.76e+02,  2.94e+02)
40      0.064   4.17e-01   4.04e-01   2.56e-01   4.74e-01   2.44e-01 (  2.52e+02,  3.13e+02)
45      0.039   3.55e-01   3.12e-01   2.51e-01   3.33e-01   6.95e-01 (  1.95e+02,  3.28e+02)
50      0.137   4.46e-01   4.95e-01   2.61e-01   1.57e+00   1.60e+00 (  2.16e+02,  3.39e+02)
55      0.158   4.71e-01   5.99e-01   3.04e-01   2.78e+00   3.01e+00 (  1.99e+02,  3.45e+02)
60      0.215   5.68e-01   7.43e-01   4.09e-01   4.69e+00   4.70e+00 (  1.98e+02,  3.45e+02)
65      0.279   6.93e-01   8.91e-01   5.51e-01   6.40e+00   6.25e+00 (  1.96e+02,  3.41e+02)
70      0.323   8.00e-01   1.02e+00   6.43e-01   7.42e+00   7.29e+00 (  1.87e+02,  3.33e+02)
75      0.348   8.71e-01   1.12e+00   7.08e-01   7.92e+00   7.71e+00 (  1.78e+02,  3.22e+02)
80      0.348   8.94e-01   1.18e+00   7.41e-01   7.90e+00   7.68e+00 (  1.68e+02,  3.08e+02)
85      0.330   8.33e-01   1.18e+00   7.83e-01   7.38e+00   7.43e+00 (  1.40e+02,  2.93e+02)
90      0.805   1.82e+00   2.58e+00   1.63e+00   2.89e+01   7.11e+00 (  5.72e+02,  2.78e+02)
95      0.931   1.55e+00   2.21e+00   1.64e+00   7.93e+01   6.83e+00 (  1.22e+03,  2.64e+02)
17 n: 8.791e-05 e: 1.353e-04 i: 2.625e-04 :: e: 3.020e-02 i: 4.847e-02 :: n: 2.847e+01 e:26.382 i:27.422 v:4.993e+03
>>> tau_he = 5.000000, nhe(0)=3.481379e+00
 5   -389.507   1.28e-02   8.27e-01   3.68e-03  -1.85e-01   1.85e-07 (  7.80e+00,  7.26e+01)
10   -891.944   5.64e-02   6.06e-02  -1.49e-02  -1.91e+00   3.30e-06 (  4.95e+01,  1.39e+02)
15   -230.569   1.73e-01   5.86e-02   7.63e-02  -7.56e+00   4.02e-05 (  1.44e+02,  1.86e+02)
20    -18.171   1.90e-01   1.36e-01   8.32e-02  -7.02e+00   3.73e-04 (  1.64e+02,  2.20e+02)
25     -0.647   2.55e-01   1.78e-01  -8.22e-02  -2.17e+00   2.69e-03 (  2.08e+02,  2.48e+02)
30     -0.035   2.68e-01   1.89e-01  -1.62e-02  -2.89e-01   1.53e-02 (  2.04e+02,  2.72e+02)
35     -0.073   3.09e-01   2.21e-01   6.46e-02  -5.42e-01   6.85e-02 (  2.09e+02,  2.94e+02)
40      0.056   4.23e-01   4.05e-01   2.62e-01   4.08e-01   2.44e-01 (  2.57e+02,  3.13e+02)
45      0.109   4.31e-01   4.31e-01   3.16e-01   9.59e-01   6.95e-01 (  2.42e+02,  3.28e+02)
50      0.139   4.54e-01   5.02e-01   2.63e-01   1.59e+00   1.60e+00 (  2.24e+02,  3.39e+02)
55      0.160   4.80e-01   6.08e-01   3.08e-01   2.81e+00   3.01e+00 (  2.06e+02,  3.45e+02)
60      0.217   5.76e-01   7.53e-01   4.14e-01   4.72e+00   4.70e+00 (  2.04e+02,  3.45e+02)
65      0.280   6.98e-01   9.00e-01   5.56e-01   6.41e+00   6.25e+00 (  2.00e+02,  3.41e+02)
70      0.325   8.05e-01   1.03e+00   6.51e-01   7.45e+00   7.29e+00 (  1.91e+02,  3.33e+02)
75      0.349   8.75e-01   1.13e+00   7.18e-01   7.94e+00   7.71e+00 (  1.81e+02,  3.22e+02)
80      0.349   8.98e-01   1.19e+00   7.52e-01   7.91e+00   7.68e+00 (  1.72e+02,  3.08e+02)
85      0.333   8.39e-01   1.20e+00   7.96e-01   7.44e+00   7.43e+00 (  1.43e+02,  2.93e+02)
90      0.736   1.64e+00   2.27e+00   1.58e+00   2.65e+01   7.11e+00 (  5.19e+02,  2.78e+02)
95      0.931   1.55e+00   2.21e+00   1.64e+00   7.93e+01   6.83e+00 (  1.22e+03,  2.64e+02)
18 n: 7.205e-05 e: 6.218e-05 i: 1.193e-04 :: e: 1.837e-02 i: 4.673e-02 :: n: 2.846e+01 e:26.441 i:27.566 v:4.993e+03
>>> tau_he = 5.000000, nhe(0)=3.489945e+00
 5   -393.739   1.29e-02   8.36e-01   3.70e-03  -1.87e-01   1.85e-07 (  7.90e+00,  7.26e+01)
10   -894.341   5.68e-02   6.08e-02  -1.57e-02  -1.91e+00   3.30e-06 (  4.99e+01,  1.39e+02)
15   -230.541   1.75e-01   5.91e-02   7.55e-02  -7.55e+00   4.02e-05 (  1.44e+02,  1.86e+02)
20    -18.177   1.92e-01   1.38e-01   8.35e-02  -7.02e+00   3.73e-04 (  1.65e+02,  2.20e+02)
25     -0.643   2.53e-01   1.81e-01  -8.56e-02  -2.16e+00   2.69e-03 (  2.06e+02,  2.48e+02)
30      0.092   4.06e-01   3.63e-01   1.43e-01   8.27e-01   1.53e-02 (  3.10e+02,  2.72e+02)
35     -0.067   3.11e-01   2.25e-01   6.30e-02  -5.03e-01   6.85e-02 (  2.11e+02,  2.94e+02)
40     -0.043   3.50e-01   2.61e-01   1.90e-01  -3.00e-01   2.44e-01 (  2.12e+02,  3.13e+02)
45      0.035   3.64e-01   3.14e-01   2.56e-01   2.94e-01   6.95e-01 (  2.04e+02,  3.28e+02)
50      0.139   4.59e-01   5.04e-01   2.65e-01   1.58e+00   1.60e+00 (  2.27e+02,  3.39e+02)
55      0.162   4.87e-01   6.14e-01   3.10e-01   2.83e+00   3.01e+00 (  2.11e+02,  3.45e+02)
60      0.218   5.81e-01   7.60e-01   4.18e-01   4.72e+00   4.70e+00 (  2.08e+02,  3.45e+02)
65      0.281   7.03e-01   9.06e-01   5.61e-01   6.40e+00   6.25e+00 (  2.04e+02,  3.41e+02)
70      0.327   8.09e-01   1.04e+00   6.56e-01   7.47e+00   7.29e+00 (  1.94e+02,  3.33e+02)
75      0.350   8.79e-01   1.14e+00   7.25e-01   7.95e+00   7.71e+00 (  1.84e+02,  3.22e+02)
80      0.350   9.01e-01   1.20e+00   7.61e-01   7.92e+00   7.68e+00 (  1.74e+02,  3.08e+02)
85      0.334   8.44e-01   1.21e+00   8.06e-01   7.48e+00   7.43e+00 (  1.46e+02,  2.93e+02)
90      1.610   3.46e+00   4.57e+00   2.99e+00   5.79e+01   7.11e+00 (  1.10e+03,  2.78e+02)
95      0.931   1.55e+00   2.21e+00   1.64e+00   7.93e+01   6.83e+00 (  1.22e+03,  2.64e+02)
19 n: 8.743e-05 e: 1.757e-04 i: 4.766e-04 :: e: 3.243e-02 i: 5.580e-02 :: n: 2.854e+01 e:26.483 i:27.603 v:4.993e+03
>>> tau_he = 5.000000, nhe(0)=3.507687e+00
 5   -395.504   1.30e-02   8.38e-01   3.69e-03  -1.88e-01   1.85e-07 (  7.99e+00,  7.26e+01)
10   -898.477   5.73e-02   6.13e-02  -1.74e-02  -1.92e+00   3.30e-06 (  5.05e+01,  1.39e+02)
15   -230.537   1.77e-01   5.93e-02   7.44e-02  -7.55e+00   4.02e-05 (  1.46e+02,  1.86e+02)
20    -17.368   1.95e-01   1.39e-01   8.16e-02  -6.73e+00   3.73e-04 (  1.67e+02,  2.20e+02)
25     -0.653   2.52e-01   1.80e-01  -8.09e-02  -2.17e+00   2.69e-03 (  2.04e+02,  2.48e+02)
30     -0.022   2.64e-01   1.85e-01  -4.05e-03  -1.91e-01   1.53e-02 (  1.99e+02,  2.72e+02)
35      0.108   4.14e-01   3.78e-01   2.06e-01   9.05e-01   6.85e-02 (  2.83e+02,  2.94e+02)
40      0.067   4.27e-01   4.10e-01   2.54e-01   5.15e-01   2.44e-01 (  2.61e+02,  3.13e+02)
45      0.109   4.38e-01   4.36e-01   3.18e-01   9.67e-01   6.95e-01 (  2.48e+02,  3.28e+02)
50      0.139   4.62e-01   5.07e-01   2.66e-01   1.59e+00   1.60e+00 (  2.30e+02,  3.39e+02)
55      0.161   4.90e-01   6.17e-01   3.12e-01   2.82e+00   3.01e+00 (  2.14e+02,  3.45e+02)
60      0.218   5.84e-01   7.63e-01   4.19e-01   4.69e+00   4.70e+00 (  2.10e+02,  3.45e+02)
65      0.280   7.04e-01   9.09e-01   5.63e-01   6.37e+00   6.25e+00 (  2.05e+02,  3.41e+02)
70      0.327   8.10e-01   1.04e+00   6.60e-01   7.45e+00   7.29e+00 (  1.96e+02,  3.33e+02)
75      0.350   8.82e-01   1.15e+00   7.28e-01   7.92e+00   7.71e+00 (  1.86e+02,  3.22e+02)
80      0.349   9.01e-01   1.21e+00   7.65e-01   7.89e+00   7.68e+00 (  1.76e+02,  3.08e+02)
85      0.335   8.47e-01   1.22e+00   8.12e-01   7.49e+00   7.43e+00 (  1.48e+02,  2.93e+02)
90      1.611   3.46e+00   4.58e+00   3.00e+00   5.79e+01   7.11e+00 (  1.10e+03,  2.78e+02)
95      0.931   1.55e+00   2.21e+00   1.64e+00   7.93e+01   6.83e+00 (  1.22e+03,  2.64e+02)
20 n: 5.043e-05 e: 5.025e-05 i: 1.346e-04 :: e: 2.396e-02 i: 5.526e-02 :: n: 2.838e+01 e:26.485 i:27.596 v:4.993e+03
>>> tau_he = 5.000000, nhe(0)=3.476307e+00
 5   -394.866   1.29e-02   8.33e-01   3.69e-03  -1.87e-01   1.85e-07 (  7.89e+00,  7.26e+01)
10   -905.314   5.68e-02   6.15e-02  -1.60e-02  -1.93e+00   3.30e-06 (  4.97e+01,  1.39e+02)
15   -228.343   1.77e-01   6.02e-02   7.46e-02  -7.46e+00   4.02e-05 (  1.45e+02,  1.86e+02)
20    -17.192   1.95e-01   1.41e-01   8.51e-02  -6.65e+00   3.73e-04 (  1.66e+02,  2.20e+02)
25     -0.643   2.53e-01   1.84e-01  -7.81e-02  -2.14e+00   2.69e-03 (  2.04e+02,  2.48e+02)
30     -0.047   2.67e-01   1.91e-01  -5.99e-03  -3.86e-01   1.53e-02 (  1.99e+02,  2.72e+02)
35     -0.064   3.10e-01   2.23e-01   6.26e-02  -4.88e-01   6.85e-02 (  2.09e+02,  2.94e+02)
40      0.053   4.31e-01   4.11e-01   2.80e-01   3.84e-01   2.44e-01 (  2.63e+02,  3.13e+02)
45      0.103   4.40e-01   4.36e-01   3.27e-01   8.79e-01   6.95e-01 (  2.49e+02,  3.28e+02)
50      0.139   4.66e-01   5.09e-01   2.68e-01   1.58e+00   1.60e+00 (  2.34e+02,  3.39e+02)
55      0.162   4.95e-01   6.21e-01   3.14e-01   2.83e+00   3.01e+00 (  2.17e+02,  3.45e+02)
60      0.218   5.86e-01   7.67e-01   4.21e-01   4.68e+00   4.70e+00 (  2.12e+02,  3.45e+02)
65      0.280   7.05e-01   9.12e-01   5.65e-01   6.35e+00   6.25e+00 (  2.07e+02,  3.41e+02)
70      0.327   8.11e-01   1.05e+00   6.62e-01   7.44e+00   7.29e+00 (  1.98e+02,  3.33e+02)
75      0.350   8.83e-01   1.15e+00   7.32e-01   7.91e+00   7.71e+00 (  1.88e+02,  3.22e+02)
80      0.349   9.01e-01   1.21e+00   7.70e-01   7.87e+00   7.68e+00 (  1.77e+02,  3.08e+02)
85      0.335   8.48e-01   1.22e+00   8.16e-01   7.50e+00   7.43e+00 (  1.49e+02,  2.93e+02)
90      1.612   3.46e+00   4.58e+00   3.00e+00   5.79e+01   7.11e+00 (  1.10e+03,  2.78e+02)
95      0.931   1.55e+00   2.21e+00   1.64e+00   7.93e+01   6.83e+00 (  1.22e+03,  2.64e+02)
21 n: 4.389e-05 e: 4.831e-05 i: 1.049e-04 :: e: 1.895e-02 i: 4.636e-02 :: n: 2.838e+01 e:26.435 i:27.621 v:4.993e+03
>>> tau_he = 5.000000, nhe(0)=3.478313e+00
 5   -395.261   1.30e-02   8.36e-01   3.71e-03  -1.87e-01   1.85e-07 (  7.92e+00,  7.26e+01)
10   -900.836   5.71e-02   6.11e-02  -1.56e-02  -1.92e+00   3.30e-06 (  5.00e+01,  1.39e+02)
15   -226.709   1.76e-01   5.99e-02   7.39e-02  -7.40e+00   4.02e-05 (  1.44e+02,  1.86e+02)
20    -17.033   1.95e-01   1.41e-01   8.49e-02  -6.58e+00   3.73e-04 (  1.65e+02,  2.20e+02)
25     -0.631   2.54e-01   1.84e-01  -8.23e-02  -2.10e+00   2.69e-03 (  2.03e+02,  2.48e+02)
30     -0.013   2.66e-01   1.90e-01  -9.70e-03  -1.11e-01   1.53e-02 (  1.99e+02,  2.72e+02)
35     -0.058   3.11e-01   2.25e-01   6.17e-02  -4.43e-01   6.85e-02 (  2.09e+02,  2.94e+02)
40     -0.045   3.52e-01   2.62e-01   1.92e-01  -3.16e-01   2.44e-01 (  2.13e+02,  3.13e+02)
45      0.027   3.68e-01   3.14e-01   2.60e-01   2.26e-01   6.95e-01 (  2.06e+02,  3.28e+02)
50      0.138   4.65e-01   5.07e-01   2.68e-01   1.56e+00   1.60e+00 (  2.32e+02,  3.39e+02)
55      0.162   4.95e-01   6.20e-01   3.14e-01   2.82e+00   3.01e+00 (  2.17e+02,  3.45e+02)
60      0.217   5.85e-01   7.66e-01   4.20e-01   4.65e+00   4.70e+00 (  2.12e+02,  3.45e+02)
65      0.279   7.03e-01   9.11e-01   5.65e-01   6.31e+00   6.25e+00 (  2.06e+02,  3.41e+02)
70      0.326   8.10e-01   1.05e+00   6.63e-01   7.41e+00   7.29e+00 (  1.98e+02,  3.33e+02)
75      0.349   8.82e-01   1.15e+00   7.33e-01   7.89e+00   7.71e+00 (  1.88e+02,  3.22e+02)
80      0.348   9.01e-01   1.21e+00   7.72e-01   7.85e+00   7.68e+00 (  1.77e+02,  3.08e+02)
85      0.336   8.50e-01   1.22e+00   8.18e-01   7.51e+00   7.43e+00 (  1.50e+02,  2.93e+02)
90      1.613   3.46e+00   4.58e+00   3.00e+00   5.80e+01   7.11e+00 (  1.10e+03,  2.78e+02)
95      0.931   1.55e+00   2.21e+00   1.64e+00   7.93e+01   6.83e+00 (  1.22e+03,  2.64e+02)
22 n: 9.305e-05 e: 2.598e-05 i: 6.182e-05 :: e: 1.957e-02 i: 4.200e-02 :: n: 2.853e+01 e:26.449 i:27.626 v:4.993e+03
>>> tau_he = 5.000000, nhe(0)=3.506593e+00
 5   -396.917   1.30e-02   8.42e-01   3.71e-03  -1.88e-01   1.85e-07 (  7.99e+00,  7.26e+01)
10   -891.392   5.69e-02   6.05e-02  -1.62e-02  -1.90e+00   3.30e-06 (  5.01e+01,  1.39e+02)
15   -226.408   1.76e-01   5.80e-02   7.29e-02  -7.39e+00   4.02e-05 (  1.43e+02,  1.86e+02)
20    -17.068   1.95e-01   1.40e-01   8.38e-02  -6.60e+00   3.73e-04 (  1.65e+02,  2.20e+02)
25     -0.634   2.53e-01   1.82e-01  -8.10e-02  -2.12e+00   2.69e-03 (  2.03e+02,  2.48e+02)
30      0.006   2.65e-01   1.88e-01  -1.40e-02   5.52e-02   1.53e-02 (  2.00e+02,  2.72e+02)
35      0.110   4.14e-01   3.79e-01   2.05e-01   9.29e-01   6.85e-02 (  2.81e+02,  2.94e+02)
40      0.066   4.27e-01   4.10e-01   2.57e-01   5.03e-01   2.44e-01 (  2.60e+02,  3.13e+02)
45      0.105   4.37e-01   4.34e-01   3.21e-01   9.12e-01   6.95e-01 (  2.46e+02,  3.28e+02)
50      0.137   4.64e-01   5.06e-01   2.68e-01   1.56e+00   1.60e+00 (  2.31e+02,  3.39e+02)
55      0.160   4.93e-01   6.17e-01   3.14e-01   2.78e+00   3.01e+00 (  2.16e+02,  3.45e+02)
60      0.216   5.84e-01   7.63e-01   4.19e-01   4.60e+00   4.70e+00 (  2.11e+02,  3.45e+02)
65      0.278   7.01e-01   9.07e-01   5.63e-01   6.26e+00   6.25e+00 (  2.05e+02,  3.41e+02)
70      0.325   8.08e-01   1.04e+00   6.61e-01   7.37e+00   7.29e+00 (  1.97e+02,  3.33e+02)
75      0.348   8.80e-01   1.15e+00   7.31e-01   7.85e+00   7.71e+00 (  1.87e+02,  3.22e+02)
80      0.347   8.98e-01   1.21e+00   7.70e-01   7.81e+00   7.68e+00 (  1.77e+02,  3.08e+02)
85      0.335   8.49e-01   1.22e+00   8.17e-01   7.50e+00   7.43e+00 (  1.50e+02,  2.93e+02)
90      1.613   3.46e+00   4.58e+00   3.00e+00   5.79e+01   7.11e+00 (  1.10e+03,  2.78e+02)
95      0.931   1.55e+00   2.21e+00   1.64e+00   7.93e+01   6.83e+00 (  1.22e+03,  2.64e+02)
23 n: 3.986e-05 e: 2.892e-05 i: 1.124e-04 :: e: 1.965e-02 i: 4.452e-02 :: n: 2.832e+01 e:26.432 i:27.577 v:4.993e+03
>>> tau_he = 5.000000, nhe(0)=3.463283e+00
 5   -393.565   1.29e-02   8.32e-01   3.71e-03  -1.86e-01   1.85e-07 (  7.85e+00,  7.26e+01)
10   -899.923   5.65e-02   6.09e-02  -1.44e-02  -1.91e+00   3.30e-06 (  4.93e+01,  1.39e+02)
15   -223.988   1.76e-01   5.94e-02   7.36e-02  -7.30e+00   4.02e-05 (  1.42e+02,  1.86e+02)
20    -17.632   1.94e-01   1.42e-01   8.89e-02  -6.82e+00   3.73e-04 (  1.62e+02,  2.20e+02)
25     -0.642   2.54e-01   1.86e-01  -7.90e-02  -2.11e+00   2.69e-03 (  2.03e+02,  2.48e+02)
30     -0.056   2.71e-01   1.95e-01  -1.32e-02  -4.45e-01   1.53e-02 (  2.04e+02,  2.72e+02)
35     -0.058   3.09e-01   2.23e-01   6.21e-02  -4.46e-01   6.85e-02 (  2.08e+02,  2.94e+02)
40      0.052   4.31e-01   4.10e-01   2.81e-01   3.71e-01   2.44e-01 (  2.61e+02,  3.13e+02)
45      0.028   3.69e-01   3.15e-01   2.59e-01   2.34e-01   6.95e-01 (  2.08e+02,  3.28e+02)
50      0.136   4.66e-01   5.07e-01   2.68e-01   1.55e+00   1.60e+00 (  2.33e+02,  3.39e+02)
55      0.160   4.95e-01   6.19e-01   3.14e-01   2.78e+00   3.01e+00 (  2.18e+02,  3.45e+02)
60      0.215   5.84e-01   7.63e-01   4.19e-01   4.58e+00   4.70e+00 (  2.12e+02,  3.45e+02)
65      0.277   7.00e-01   9.07e-01   5.63e-01   6.24e+00   6.25e+00 (  2.05e+02,  3.41e+02)
70      0.324   8.07e-01   1.04e+00   6.61e-01   7.35e+00   7.29e+00 (  1.97e+02,  3.33e+02)
75      0.347   8.79e-01   1.15e+00   7.31e-01   7.83e+00   7.71e+00 (  1.87e+02,  3.22e+02)
80      0.346   8.97e-01   1.21e+00   7.70e-01   7.79e+00   7.68e+00 (  1.76e+02,  3.08e+02)
85      0.335   8.49e-01   1.22e+00   8.17e-01   7.50e+00   7.43e+00 (  1.49e+02,  2.93e+02)
90      1.613   3.46e+00   4.58e+00   3.00e+00   5.79e+01   7.11e+00 (  1.10e+03,  2.78e+02)
95      0.931   1.55e+00   2.21e+00   1.64e+00   7.93e+01   6.83e+00 (  1.22e+03,  2.64e+02)
24 n: 8.443e-05 e: 2.695e-05 i: 5.600e-05 :: e: 1.528e-02 i: 3.415e-02 :: n: 2.840e+01 e:26.355 i:27.585 v:4.993e+03
>>> tau_he = 5.000000, nhe(0)=3.478714e+00
 5   -394.112   1.29e-02   8.36e-01   3.72e-03  -1.86e-01   1.85e-07 (  7.90e+00,  7.26e+01)
10   -894.265   5.71e-02   6.04e-02  -1.47e-02  -1.90e+00   3.30e-06 (  4.99e+01,  1.39e+02)
15   -222.948   1.75e-01   5.88e-02   7.24e-02  -7.26e+00   4.02e-05 (  1.41e+02,  1.86e+02)
20    -16.728   1.95e-01   1.41e-01   8.59e-02  -6.47e+00   3.73e-04 (  1.62e+02,  2.20e+02)
25     -0.628   2.53e-01   1.84e-01  -8.18e-02  -2.08e+00   2.69e-03 (  2.01e+02,  2.48e+02)
30     -0.020   2.69e-01   1.92e-01  -1.58e-02  -1.70e-01   1.53e-02 (  2.02e+02,  2.72e+02)
35     -0.053   3.08e-01   2.24e-01   6.10e-02  -4.10e-01   6.85e-02 (  2.07e+02,  2.94e+02)
40     -0.036   3.48e-01   2.59e-01   1.87e-01  -2.58e-01   2.44e-01 (  2.09e+02,  3.13e+02)
45      0.105   4.35e-01   4.32e-01   3.17e-01   9.18e-01   6.95e-01 (  2.45e+02,  3.28e+02)
50      0.136   4.63e-01   5.05e-01   2.67e-01   1.56e+00   1.60e+00 (  2.30e+02,  3.39e+02)
55      0.160   4.92e-01   6.15e-01   3.13e-01   2.77e+00   3.01e+00 (  2.15e+02,  3.45e+02)
60      0.214   5.81e-01   7.60e-01   4.18e-01   4.55e+00   4.70e+00 (  2.10e+02,  3.45e+02)
65      0.276   6.98e-01   9.03e-01   5.61e-01   6.21e+00   6.25e+00 (  2.04e+02,  3.41e+02)
70      0.323   8.05e-01   1.04e+00   6.59e-01   7.33e+00   7.29e+00 (  1.96e+02,  3.33e+02)
75      0.347   8.77e-01   1.14e+00   7.29e-01   7.81e+00   7.71e+00 (  1.86e+02,  3.22e+02)
80      0.346   8.95e-01   1.20e+00   7.68e-01   7.77e+00   7.68e+00 (  1.76e+02,  3.08e+02)
85      0.335   8.48e-01   1.22e+00   8.15e-01   7.50e+00   7.43e+00 (  1.49e+02,  2.93e+02)
90      1.613   3.46e+00   4.58e+00   3.00e+00   5.79e+01   7.11e+00 (  1.10e+03,  2.78e+02)
95      0.931   1.55e+00   2.21e+00   1.64e+00   7.93e+01   6.83e+00 (  1.22e+03,  2.64e+02)
25 n: 6.996e-05 e: 3.376e-05 i: 9.375e-05 :: e: 1.609e-02 i: 3.316e-02 :: n: 2.848e+01 e:26.369 i:27.544 v:4.993e+03
>>> tau_he = 5.000000, nhe(0)=3.493033e+00
 5   -394.216   1.29e-02   8.36e-01   3.71e-03  -1.86e-01   1.85e-07 (  7.91e+00,  7.26e+01)
10   -889.064   5.68e-02   6.01e-02  -1.49e-02  -1.89e+00   3.30e-06 (  4.98e+01,  1.39e+02)
15   -222.666   1.75e-01   5.76e-02   7.19e-02  -7.25e+00   4.02e-05 (  1.41e+02,  1.86e+02)
20    -17.534   1.93e-01   1.40e-01   8.68e-02  -6.78e+00   3.73e-04 (  1.61e+02,  2.20e+02)
25     -0.628   2.52e-01   1.83e-01  -8.13e-02  -2.08e+00   2.69e-03 (  2.01e+02,  2.48e+02)
30      0.100   4.05e-01   3.62e-01   1.41e-01   9.13e-01   1.53e-02 (  3.06e+02,  2.72e+02)
35      0.104   4.10e-01   3.77e-01   2.01e-01   8.87e-01   6.85e-02 (  2.78e+02,  2.94e+02)
40      0.063   4.25e-01   4.09e-01   2.60e-01   4.77e-01   2.44e-01 (  2.57e+02,  3.13e+02)
45      0.030   3.66e-01   3.15e-01   2.56e-01   2.58e-01   6.95e-01 (  2.05e+02,  3.28e+02)
50      0.135   4.62e-01   5.03e-01   2.67e-01   1.53e+00   1.60e+00 (  2.30e+02,  3.39e+02)
55      0.158   4.92e-01   6.14e-01   3.13e-01   2.74e+00   3.01e+00 (  2.15e+02,  3.45e+02)
60      0.213   5.80e-01   7.58e-01   4.17e-01   4.53e+00   4.70e+00 (  2.09e+02,  3.45e+02)
65      0.275   6.97e-01   9.01e-01   5.60e-01   6.19e+00   6.25e+00 (  2.03e+02,  3.41e+02)
70      0.323   8.04e-01   1.04e+00   6.58e-01   7.31e+00   7.29e+00 (  1.95e+02,  3.33e+02)
75      0.346   8.76e-01   1.14e+00   7.27e-01   7.79e+00   7.71e+00 (  1.86e+02,  3.22e+02)
80      0.345   8.93e-01   1.20e+00   7.65e-01   7.75e+00   7.68e+00 (  1.75e+02,  3.08e+02)
85      0.335   8.47e-01   1.22e+00   8.13e-01   7.49e+00   7.43e+00 (  1.49e+02,  2.93e+02)
90      1.612   3.46e+00   4.58e+00   3.00e+00   5.79e+01   7.11e+00 (  1.10e+03,  2.78e+02)
95      0.931   1.55e+00   2.21e+00   1.64e+00   7.93e+01   6.83e+00 (  1.22e+03,  2.64e+02)
26 n: 7.853e-05 e: 1.499e-04 i: 3.948e-04 :: e: 2.979e-02 i: 4.350e-02 :: n: 2.835e+01 e:26.292 i:27.440 v:4.993e+03
>>> tau_he = 5.000000, nhe(0)=3.459947e+00
 5   -391.709   1.28e-02   8.22e-01   3.75e-03  -1.85e-01   1.85e-07 (  7.79e+00,  7.26e+01)
10   -904.931   5.69e-02   6.08e-02  -1.44e-02  -1.92e+00   3.30e-06 (  4.97e+01,  1.39e+02)
15   -220.890   1.74e-01   5.96e-02   7.21e-02  -7.19e+00   4.02e-05 (  1.39e+02,  1.86e+02)
20    -16.543   1.94e-01   1.42e-01   8.75e-02  -6.39e+00   3.73e-04 (  1.60e+02,  2.20e+02)
25     -0.633   2.50e-01   1.84e-01  -7.21e-02  -2.06e+00   2.69e-03 (  1.97e+02,  2.48e+02)
30     -0.062   2.64e-01   1.90e-01   4.79e-03  -4.82e-01   1.53e-02 (  1.95e+02,  2.72e+02)
35     -0.054   3.05e-01   2.19e-01   6.26e-02  -4.18e-01   6.85e-02 (  2.04e+02,  2.94e+02)
40      0.057   4.26e-01   4.05e-01   2.73e-01   4.22e-01   2.44e-01 (  2.58e+02,  3.13e+02)
45      0.104   4.38e-01   4.33e-01   3.16e-01   9.20e-01   6.95e-01 (  2.47e+02,  3.28e+02)
50      0.136   4.62e-01   5.05e-01   2.67e-01   1.55e+00   1.60e+00 (  2.30e+02,  3.39e+02)
55      0.159   4.92e-01   6.14e-01   3.13e-01   2.75e+00   3.01e+00 (  2.15e+02,  3.45e+02)
60      0.213   5.79e-01   7.57e-01   4.16e-01   4.52e+00   4.70e+00 (  2.09e+02,  3.45e+02)
65      0.275   6.95e-01   8.99e-01   5.59e-01   6.17e+00   6.25e+00 (  2.03e+02,  3.41e+02)
70      0.322   8.03e-01   1.03e+00   6.56e-01   7.30e+00   7.29e+00 (  1.95e+02,  3.33e+02)
75      0.346   8.74e-01   1.14e+00   7.26e-01   7.78e+00   7.71e+00 (  1.85e+02,  3.22e+02)
80      0.345   8.92e-01   1.20e+00   7.65e-01   7.74e+00   7.68e+00 (  1.74e+02,  3.08e+02)
85      0.335   8.47e-01   1.22e+00   8.12e-01   7.49e+00   7.43e+00 (  1.48e+02,  2.93e+02)
90      1.612   3.46e+00   4.58e+00   3.00e+00   5.79e+01   7.11e+00 (  1.10e+03,  2.78e+02)
95      0.931   1.55e+00   2.21e+00   1.64e+00   7.93e+01   6.83e+00 (  1.22e+03,  2.64e+02)
27 n: 5.231e-05 e: 3.972e-05 i: 1.006e-04 :: e: 1.615e-02 i: 2.772e-02 :: n: 2.837e+01 e:26.215 i:27.392 v:4.993e+03
>>> tau_he = 5.000000, nhe(0)=3.460018e+00
 5   -389.468   1.27e-02   8.22e-01   3.70e-03  -1.84e-01   1.85e-07 (  7.77e+00,  7.26e+01)
10   -897.987   5.69e-02   6.02e-02  -1.36e-02  -1.91e+00   3.30e-06 (  4.96e+01,  1.39e+02)
15   -219.340   1.73e-01   5.89e-02   7.16e-02  -7.13e+00   4.02e-05 (  1.38e+02,  1.86e+02)
20    -16.729   1.96e-01   1.43e-01   8.67e-02  -6.47e+00   3.73e-04 (  1.62e+02,  2.20e+02)
25     -0.615   2.49e-01   1.83e-01  -7.58e-02  -2.02e+00   2.69e-03 (  1.96e+02,  2.48e+02)
30     -0.025   2.62e-01   1.89e-01   1.23e-03  -2.08e-01   1.53e-02 (  1.93e+02,  2.72e+02)
35     -0.048   3.04e-01   2.21e-01   6.26e-02  -3.77e-01   6.85e-02 (  2.02e+02,  2.94e+02)
40     -0.039   3.46e-01   2.59e-01   1.89e-01  -2.76e-01   2.44e-01 (  2.07e+02,  3.13e+02)
45      0.031   3.64e-01   3.13e-01   2.53e-01   2.63e-01   6.95e-01 (  2.04e+02,  3.28e+02)
50      0.135   4.60e-01   5.02e-01   2.66e-01   1.54e+00   1.60e+00 (  2.29e+02,  3.39e+02)
55      0.158   4.90e-01   6.12e-01   3.12e-01   2.74e+00   3.01e+00 (  2.14e+02,  3.45e+02)
60      0.213   5.78e-01   7.56e-01   4.16e-01   4.52e+00   4.70e+00 (  2.08e+02,  3.45e+02)
65      0.275   6.95e-01   8.99e-01   5.59e-01   6.17e+00   6.25e+00 (  2.02e+02,  3.41e+02)
70      0.322   8.03e-01   1.03e+00   6.56e-01   7.30e+00   7.29e+00 (  1.94e+02,  3.33e+02)
75      0.346   8.74e-01   1.14e+00   7.25e-01   7.79e+00   7.71e+00 (  1.85e+02,  3.22e+02)
80      0.344   8.91e-01   1.20e+00   7.63e-01   7.74e+00   7.68e+00 (  1.74e+02,  3.08e+02)
85      0.335   8.48e-01   1.22e+00   8.12e-01   7.50e+00   7.43e+00 (  1.48e+02,  2.93e+02)
90      1.612   3.46e+00   4.58e+00   3.00e+00   5.79e+01   7.11e+00 (  1.10e+03,  2.78e+02)
95      0.931   1.55e+00   2.21e+00   1.64e+00   7.93e+01   6.83e+00 (  1.22e+03,  2.64e+02)
28 n: 5.683e-05 e: 2.713e-05 i: 6.589e-05 :: e: 1.979e-02 i: 2.765e-02 :: n: 2.853e+01 e:26.205 i:27.376 v:4.993e+03
>>> tau_he = 5.000000, nhe(0)=3.489418e+00
 5   -390.050   1.28e-02   8.27e-01   3.70e-03  -1.84e-01   1.85e-07 (  7.82e+00,  7.26e+01)
10   -885.611   5.67e-02   5.94e-02  -1.39e-02  -1.88e+00   3.30e-06 (  4.96e+01,  1.39e+02)
15   -219.289   1.72e-01   5.68e-02   7.06e-02  -7.13e+00   4.02e-05 (  1.38e+02,  1.86e+02)
20    -17.512   1.93e-01   1.41e-01   8.61e-02  -6.77e+00   3.73e-04 (  1.60e+02,  2.20e+02)
25     -0.616   2.48e-01   1.80e-01  -7.36e-02  -2.03e+00   2.69e-03 (  1.96e+02,  2.48e+02)
30     -0.006   2.60e-01   1.86e-01  -3.91e-03  -5.34e-02   1.53e-02 (  1.93e+02,  2.72e+02)
35      0.103   4.04e-01   3.69e-01   1.96e-01   8.89e-01   6.85e-02 (  2.72e+02,  2.94e+02)
40      0.068   4.19e-01   4.03e-01   2.51e-01   5.26e-01   2.44e-01 (  2.53e+02,  3.13e+02)
45      0.105   4.33e-01   4.30e-01   3.11e-01   9.32e-01   6.95e-01 (  2.43e+02,  3.28e+02)
50      0.133   4.58e-01   4.99e-01   2.65e-01   1.53e+00   1.60e+00 (  2.26e+02,  3.39e+02)
55      0.157   4.88e-01   6.08e-01   3.10e-01   2.72e+00   3.01e+00 (  2.12e+02,  3.45e+02)
60      0.211   5.76e-01   7.52e-01   4.14e-01   4.48e+00   4.70e+00 (  2.06e+02,  3.45e+02)
65      0.273   6.92e-01   8.94e-01   5.56e-01   6.15e+00   6.25e+00 (  2.01e+02,  3.41e+02)
70      0.321   8.00e-01   1.03e+00   6.53e-01   7.28e+00   7.29e+00 (  1.93e+02,  3.33e+02)
75      0.345   8.72e-01   1.13e+00   7.22e-01   7.77e+00   7.71e+00 (  1.84e+02,  3.22e+02)
80      0.344   8.89e-01   1.19e+00   7.60e-01   7.72e+00   7.68e+00 (  1.73e+02,  3.08e+02)
85      0.335   8.46e-01   1.21e+00   8.09e-01   7.49e+00   7.43e+00 (  1.47e+02,  2.93e+02)
90      1.611   3.46e+00   4.58e+00   3.00e+00   5.79e+01   7.11e+00 (  1.10e+03,  2.78e+02)
95      0.931   1.55e+00   2.21e+00   1.64e+00   7.93e+01   6.83e+00 (  1.22e+03,  2.64e+02)
29 n: 5.022e-05 e: 2.408e-05 i: 9.458e-05 :: e: 1.873e-02 i: 2.617e-02 :: n: 2.838e+01 e:26.204 i:27.321 v:4.993e+03
>>> tau_he = 5.000000, nhe(0)=3.457249e+00
 5   -388.320   1.27e-02   8.18e-01   3.69e-03  -1.83e-01   1.85e-07 (  7.70e+00,  7.26e+01)
10   -894.133   5.62e-02   5.97e-02  -1.27e-02  -1.89e+00   3.30e-06 (  4.89e+01,  1.39e+02)
15   -218.266   1.72e-01   5.79e-02   7.14e-02  -7.08e+00   4.02e-05 (  1.37e+02,  1.86e+02)
20    -17.408   1.93e-01   1.42e-01   8.93e-02  -6.72e+00   3.73e-04 (  1.59e+02,  2.20e+02)
25     -0.611   2.49e-01   1.83e-01  -7.56e-02  -2.02e+00   2.69e-03 (  1.96e+02,  2.48e+02)
30     -0.023   2.64e-01   1.90e-01  -3.96e-03  -1.98e-01   1.53e-02 (  1.96e+02,  2.72e+02)
35     -0.053   3.03e-01   2.19e-01   6.44e-02  -4.11e-01   6.85e-02 (  2.02e+02,  2.94e+02)
40     -0.034   3.47e-01   2.60e-01   1.87e-01  -2.46e-01   2.44e-01 (  2.09e+02,  3.13e+02)
45      0.030   3.64e-01   3.13e-01   2.53e-01   2.61e-01   6.95e-01 (  2.04e+02,  3.28e+02)
50      0.133   4.59e-01   5.00e-01   2.66e-01   1.53e+00   1.60e+00 (  2.28e+02,  3.39e+02)
55      0.157   4.89e-01   6.10e-01   3.11e-01   2.73e+00   3.01e+00 (  2.13e+02,  3.45e+02)
60      0.212   5.77e-01   7.53e-01   4.15e-01   4.49e+00   4.70e+00 (  2.07e+02,  3.45e+02)
65      0.274   6.93e-01   8.95e-01   5.57e-01   6.15e+00   6.25e+00 (  2.01e+02,  3.41e+02)
70      0.321   8.01e-01   1.03e+00   6.53e-01   7.29e+00   7.29e+00 (  1.93e+02,  3.33e+02)
75      0.345   8.72e-01   1.13e+00   7.22e-01   7.77e+00   7.71e+00 (  1.84e+02,  3.22e+02)
80      0.344   8.89e-01   1.19e+00   7.59e-01   7.72e+00   7.68e+00 (  1.73e+02,  3.08e+02)
85      0.335   8.46e-01   1.21e+00   8.08e-01   7.49e+00   7.43e+00 (  1.47e+02,  2.93e+02)
90      1.611   3.46e+00   4.58e+00   3.00e+00   5.79e+01   7.11e+00 (  1.10e+03,  2.78e+02)
95      0.931   1.55e+00   2.21e+00   1.64e+00   7.93e+01   6.83e+00 (  1.22e+03,  2.64e+02)
30 n: 5.407e-05 e: 1.386e-05 i: 5.142e-05 :: e: 1.898e-02 i: 2.364e-02 :: n: 2.854e+01 e:26.159 i:27.371 v:4.993e+03
>>> tau_he = 5.000000, nhe(0)=3.491888e+00
 5   -390.210   1.27e-02   8.27e-01   3.69e-03  -1.84e-01   1.85e-07 (  7.79e+00,  7.26e+01)
10   -882.123   5.65e-02   5.89e-02  -1.34e-02  -1.87e+00   3.30e-06 (  4.94e+01,  1.39e+02)
15   -218.370   1.72e-01   5.63e-02   7.00e-02  -7.09e+00   4.02e-05 (  1.37e+02,  1.86e+02)
20    -17.414   1.93e-01   1.40e-01   8.63e-02  -6.72e+00   3.73e-04 (  1.59e+02,  2.20e+02)
25     -0.609   2.48e-01   1.80e-01  -7.56e-02  -2.02e+00   2.69e-03 (  1.95e+02,  2.48e+02)
30     -0.003   2.61e-01   1.87e-01  -9.37e-03  -2.57e-02   1.53e-02 (  1.94e+02,  2.72e+02)
35      0.101   4.03e-01   3.65e-01   1.95e-01   8.66e-01   6.85e-02 (  2.70e+02,  2.94e+02)
40      0.072   4.17e-01   4.02e-01   2.46e-01   5.74e-01   2.44e-01 (  2.52e+02,  3.13e+02)
45      0.105   4.32e-01   4.29e-01   3.09e-01   9.40e-01   6.95e-01 (  2.42e+02,  3.28e+02)
50      0.133   4.56e-01   4.98e-01   2.64e-01   1.53e+00   1.60e+00 (  2.25e+02,  3.39e+02)
55      0.156   4.86e-01   6.06e-01   3.09e-01   2.71e+00   3.01e+00 (  2.11e+02,  3.45e+02)
60      0.211   5.74e-01   7.50e-01   4.13e-01   4.48e+00   4.70e+00 (  2.05e+02,  3.45e+02)
65      0.273   6.91e-01   8.91e-01   5.55e-01   6.14e+00   6.25e+00 (  2.00e+02,  3.41e+02)
70      0.321   7.99e-01   1.03e+00   6.51e-01   7.27e+00   7.29e+00 (  1.92e+02,  3.33e+02)
75      0.344   8.70e-01   1.13e+00   7.20e-01   7.76e+00   7.71e+00 (  1.83e+02,  3.22e+02)
80      0.343   8.88e-01   1.19e+00   7.57e-01   7.72e+00   7.68e+00 (  1.72e+02,  3.08e+02)
85      0.334   8.45e-01   1.21e+00   8.05e-01   7.49e+00   7.43e+00 (  1.47e+02,  2.93e+02)
90      1.611   3.46e+00   4.57e+00   3.00e+00   5.79e+01   7.11e+00 (  1.10e+03,  2.78e+02)
95      0.931   1.55e+00   2.21e+00   1.64e+00   7.93e+01   6.83e+00 (  1.22e+03,  2.64e+02)
31 n: 5.393e-05 e: 2.265e-05 i: 8.629e-05 :: e: 1.802e-02 i: 2.245e-02 :: n: 2.839e+01 e:26.204 i:27.300 v:4.993e+03
>>> tau_he = 5.000000, nhe(0)=3.457457e+00
 5   -389.377   1.26e-02   8.18e-01   3.69e-03  -1.83e-01   1.85e-07 (  7.69e+00,  7.26e+01)
10   -895.344   5.62e-02   5.96e-02  -1.26e-02  -1.89e+00   3.30e-06 (  4.89e+01,  1.39e+02)
15   -218.283   1.72e-01   5.79e-02   7.12e-02  -7.07e+00   4.02e-05 (  1.36e+02,  1.86e+02)
20    -17.399   1.93e-01   1.42e-01   8.99e-02  -6.70e+00   3.73e-04 (  1.58e+02,  2.20e+02)
25     -0.610   2.50e-01   1.83e-01  -7.76e-02  -2.01e+00   2.69e-03 (  1.97e+02,  2.48e+02)
30     -0.024   2.65e-01   1.91e-01  -8.33e-03  -2.04e-01   1.53e-02 (  1.98e+02,  2.72e+02)
35     -0.058   3.02e-01   2.18e-01   6.70e-02  -4.46e-01   6.85e-02 (  2.01e+02,  2.94e+02)
40      0.057   4.22e-01   4.04e-01   2.72e-01   4.23e-01   2.44e-01 (  2.55e+02,  3.13e+02)
45      0.031   3.64e-01   3.14e-01   2.52e-01   2.62e-01   6.95e-01 (  2.05e+02,  3.28e+02)
50      0.132   4.59e-01   5.00e-01   2.65e-01   1.52e+00   1.60e+00 (  2.28e+02,  3.39e+02)
55      0.156   4.90e-01   6.12e-01   3.11e-01   2.71e+00   3.01e+00 (  2.13e+02,  3.45e+02)
60      0.211   5.76e-01   7.53e-01   4.15e-01   4.49e+00   4.70e+00 (  2.07e+02,  3.45e+02)
65      0.274   6.93e-01   8.94e-01   5.56e-01   6.16e+00   6.25e+00 (  2.01e+02,  3.41e+02)
70      0.321   8.01e-01   1.03e+00   6.52e-01   7.29e+00   7.29e+00 (  1.93e+02,  3.33e+02)
75      0.345   8.72e-01   1.13e+00   7.20e-01   7.77e+00   7.71e+00 (  1.83e+02,  3.22e+02)
80      0.343   8.89e-01   1.19e+00   7.57e-01   7.72e+00   7.68e+00 (  1.73e+02,  3.08e+02)
85      0.334   8.45e-01   1.21e+00   8.05e-01   7.49e+00   7.43e+00 (  1.47e+02,  2.93e+02)
90      1.611   3.46e+00   4.57e+00   3.00e+00   5.79e+01   7.11e+00 (  1.10e+03,  2.78e+02)
95      0.931   1.55e+00   2.21e+00   1.64e+00   7.93e+01   6.83e+00 (  1.22e+03,  2.64e+02)
32 n: 6.020e-05 e: 2.696e-05 i: 5.888e-05 :: e: 1.533e-02 i: 1.925e-02 :: n: 2.847e+01 e:26.128 i:27.349 v:4.993e+03
>>> tau_he = 5.000000, nhe(0)=3.476244e+00
 5   -390.283   1.27e-02   8.23e-01   3.69e-03  -1.83e-01   1.85e-07 (  7.74e+00,  7.26e+01)
10   -888.370   5.66e-02   5.91e-02  -1.29e-02  -1.88e+00   3.30e-06 (  4.94e+01,  1.39e+02)
15   -217.777   1.72e-01   5.71e-02   7.01e-02  -7.05e+00   4.02e-05 (  1.36e+02,  1.86e+02)
20    -17.324   1.93e-01   1.41e-01   8.75e-02  -6.67e+00   3.73e-04 (  1.58e+02,  2.20e+02)
25     -0.603   2.49e-01   1.82e-01  -8.04e-02  -2.00e+00   2.69e-03 (  1.96e+02,  2.48e+02)
30      0.098   3.97e-01   3.57e-01   1.41e-01   8.91e-01   1.53e-02 (  2.97e+02,  2.72e+02)
35     -0.053   3.01e-01   2.18e-01   6.46e-02  -4.13e-01   6.85e-02 (  2.01e+02,  2.94e+02)
40     -0.029   3.43e-01   2.56e-01   1.83e-01  -2.12e-01   2.44e-01 (  2.05e+02,  3.13e+02)
45      0.104   4.31e-01   4.26e-01   3.07e-01   9.30e-01   6.95e-01 (  2.42e+02,  3.28e+02)
50      0.133   4.55e-01   4.97e-01   2.63e-01   1.54e+00   1.60e+00 (  2.25e+02,  3.39e+02)
55      0.155   4.86e-01   6.08e-01   3.09e-01   2.71e+00   3.01e+00 (  2.11e+02,  3.45e+02)
60      0.211   5.73e-01   7.49e-01   4.13e-01   4.49e+00   4.70e+00 (  2.05e+02,  3.45e+02)
65      0.273   6.90e-01   8.91e-01   5.54e-01   6.15e+00   6.25e+00 (  2.00e+02,  3.41e+02)
70      0.321   7.98e-01   1.03e+00   6.50e-01   7.28e+00   7.29e+00 (  1.92e+02,  3.33e+02)
75      0.344   8.70e-01   1.13e+00   7.19e-01   7.77e+00   7.71e+00 (  1.83e+02,  3.22e+02)
80      0.344   8.88e-01   1.19e+00   7.56e-01   7.73e+00   7.68e+00 (  1.72e+02,  3.08e+02)
85      0.335   8.45e-01   1.21e+00   8.04e-01   7.50e+00   7.43e+00 (  1.46e+02,  2.93e+02)
90      1.611   3.46e+00   4.57e+00   3.00e+00   5.79e+01   7.11e+00 (  1.10e+03,  2.78e+02)
95      0.931   1.55e+00   2.21e+00   1.64e+00   7.93e+01   6.83e+00 (  1.22e+03,  2.64e+02)
33 n: 7.872e-05 e: 1.583e-04 i: 4.635e-04 :: e: 2.769e-02 i: 3.025e-02 :: n: 2.852e+01 e:26.158 i:27.263 v:4.993e+03
>>> tau_he = 5.000000, nhe(0)=3.479693e+00
 5   -388.642   1.27e-02   8.18e-01   3.68e-03  -1.83e-01   1.85e-07 (  7.74e+00,  7.26e+01)
10   -894.643   5.67e-02   5.96e-02  -1.39e-02  -1.89e+00   3.30e-06 (  4.97e+01,  1.39e+02)
15   -218.153   1.71e-01   5.76e-02   7.01e-02  -7.07e+00   4.02e-05 (  1.36e+02,  1.86e+02)
20    -16.572   1.94e-01   1.41e-01   8.65e-02  -6.40e+00   3.73e-04 (  1.60e+02,  2.20e+02)
25     -0.613   2.47e-01   1.80e-01  -7.48e-02  -2.01e+00   2.69e-03 (  1.94e+02,  2.48e+02)
30     -0.014   2.58e-01   1.85e-01   4.28e-03  -1.24e-01   1.53e-02 (  1.90e+02,  2.72e+02)
35      0.101   4.02e-01   3.66e-01   1.94e-01   8.81e-01   6.85e-02 (  2.70e+02,  2.94e+02)
40      0.067   4.19e-01   4.04e-01   2.52e-01   5.17e-01   2.44e-01 (  2.53e+02,  3.13e+02)
45      0.100   4.31e-01   4.28e-01   3.15e-01   8.65e-01   6.95e-01 (  2.42e+02,  3.28e+02)
50      0.132   4.57e-01   4.98e-01   2.64e-01   1.52e+00   1.60e+00 (  2.26e+02,  3.39e+02)
55      0.155   4.88e-01   6.10e-01   3.10e-01   2.71e+00   3.01e+00 (  2.12e+02,  3.45e+02)
60      0.211   5.76e-01   7.52e-01   4.14e-01   4.50e+00   4.70e+00 (  2.06e+02,  3.45e+02)
65      0.274   6.93e-01   8.93e-01   5.56e-01   6.16e+00   6.25e+00 (  2.01e+02,  3.41e+02)
70      0.321   8.01e-01   1.03e+00   6.51e-01   7.30e+00   7.29e+00 (  1.92e+02,  3.33e+02)
75      0.345   8.72e-01   1.13e+00   7.19e-01   7.78e+00   7.71e+00 (  1.83e+02,  3.22e+02)
80      0.343   8.88e-01   1.19e+00   7.56e-01   7.72e+00   7.68e+00 (  1.72e+02,  3.08e+02)
85      0.334   8.45e-01   1.21e+00   8.03e-01   7.49e+00   7.43e+00 (  1.46e+02,  2.93e+02)
90      1.611   3.46e+00   4.57e+00   3.00e+00   5.79e+01   7.11e+00 (  1.10e+03,  2.78e+02)
95      0.931   1.55e+00   2.21e+00   1.64e+00   7.93e+01   6.83e+00 (  1.22e+03,  2.64e+02)
34 n: 3.387e-05 e: 2.757e-05 i: 9.170e-05 :: e: 1.700e-02 i: 2.206e-02 :: n: 2.838e+01 e:26.095 i:27.241 v:4.993e+03
>>> tau_he = 5.000000, nhe(0)=3.451978e+00
 5   -386.798   1.26e-02   8.12e-01   3.68e-03  -1.82e-01   1.85e-07 (  7.64e+00,  7.26e+01)
10   -897.488   5.64e-02   5.95e-02  -1.24e-02  -1.89e+00   3.30e-06 (  4.90e+01,  1.39e+02)
15   -216.538   1.71e-01   5.82e-02   7.05e-02  -7.01e+00   4.02e-05 (  1.35e+02,  1.86e+02)
20    -17.149   1.92e-01   1.42e-01   8.96e-02  -6.61e+00   3.73e-04 (  1.57e+02,  2.20e+02)
25     -0.603   2.47e-01   1.82e-01  -7.21e-02  -1.98e+00   2.69e-03 (  1.93e+02,  2.48e+02)
30     -0.039   2.59e-01   1.88e-01   1.82e-03  -3.20e-01   1.53e-02 (  1.90e+02,  2.72e+02)
35     -0.051   3.00e-01   2.17e-01   6.51e-02  -4.00e-01   6.85e-02 (  1.99e+02,  2.94e+02)
40     -0.032   3.45e-01   2.59e-01   1.86e-01  -2.33e-01   2.44e-01 (  2.07e+02,  3.13e+02)
45      0.029   3.72e-01   3.06e-01   2.55e-01   2.40e-01   6.95e-01 (  2.08e+02,  3.28e+02)
50      0.132   4.56e-01   4.96e-01   2.64e-01   1.52e+00   1.60e+00 (  2.26e+02,  3.39e+02)
55      0.156   4.88e-01   6.09e-01   3.10e-01   2.72e+00   3.01e+00 (  2.12e+02,  3.45e+02)
60      0.212   5.75e-01   7.51e-01   4.13e-01   4.50e+00   4.70e+00 (  2.06e+02,  3.45e+02)
65      0.273   6.91e-01   8.92e-01   5.55e-01   6.16e+00   6.25e+00 (  2.00e+02,  3.41e+02)
70      0.321   7.99e-01   1.03e+00   6.50e-01   7.30e+00   7.29e+00 (  1.92e+02,  3.33e+02)
75      0.345   8.71e-01   1.13e+00   7.19e-01   7.78e+00   7.71e+00 (  1.83e+02,  3.22e+02)
80      0.344   8.88e-01   1.19e+00   7.56e-01   7.74e+00   7.68e+00 (  1.72e+02,  3.08e+02)
85      0.335   8.46e-01   1.21e+00   8.04e-01   7.51e+00   7.43e+00 (  1.46e+02,  2.93e+02)
90      1.610   3.46e+00   4.57e+00   3.00e+00   5.79e+01   7.11e+00 (  1.10e+03,  2.78e+02)
95      0.931   1.55e+00   2.21e+00   1.64e+00   7.93e+01   6.83e+00 (  1.22e+03,  2.64e+02)
35 n: 6.341e-05 e: 1.005e-05 i: 4.920e-05 :: e: 1.802e-02 i: 2.195e-02 :: n: 2.854e+01 e:26.096 i:27.262 v:4.993e+03
>>> tau_he = 5.000000, nhe(0)=3.484877e+00
 5   -388.639   1.26e-02   8.20e-01   3.68e-03  -1.83e-01   1.85e-07 (  7.73e+00,  7.26e+01)
10   -886.269   5.65e-02   5.89e-02  -1.31e-02  -1.87e+00   3.30e-06 (  4.94e+01,  1.39e+02)
15   -217.270   1.71e-01   5.67e-02   6.95e-02  -7.03e+00   4.02e-05 (  1.35e+02,  1.86e+02)
20    -17.228   1.92e-01   1.40e-01   8.71e-02  -6.64e+00   3.73e-04 (  1.57e+02,  2.20e+02)
25     -0.604   2.46e-01   1.80e-01  -7.64e-02  -1.99e+00   2.69e-03 (  1.94e+02,  2.48e+02)
30     -0.010   2.59e-01   1.85e-01  -1.60e-03  -8.53e-02   1.53e-02 (  1.91e+02,  2.72e+02)
35      0.100   4.00e-01   3.62e-01   1.93e-01   8.58e-01   6.85e-02 (  2.67e+02,  2.94e+02)
40      0.073   4.15e-01   4.01e-01   2.44e-01   5.81e-01   2.44e-01 (  2.51e+02,  3.13e+02)
45      0.103   4.28e-01   4.27e-01   3.11e-01   9.06e-01   6.95e-01 (  2.39e+02,  3.28e+02)
50      0.132   4.54e-01   4.96e-01   2.63e-01   1.53e+00   1.60e+00 (  2.24e+02,  3.39e+02)
55      0.155   4.86e-01   6.07e-01   3.09e-01   2.71e+00   3.01e+00 (  2.11e+02,  3.45e+02)
60      0.211   5.74e-01   7.49e-01   4.13e-01   4.49e+00   4.70e+00 (  2.05e+02,  3.45e+02)
65      0.273   6.91e-01   8.91e-01   5.55e-01   6.16e+00   6.25e+00 (  2.00e+02,  3.41e+02)
70      0.321   8.00e-01   1.03e+00   6.50e-01   7.29e+00   7.29e+00 (  1.92e+02,  3.33e+02)
75      0.344   8.71e-01   1.13e+00   7.18e-01   7.78e+00   7.71e+00 (  1.83e+02,  3.22e+02)
80      0.343   8.88e-01   1.19e+00   7.55e-01   7.72e+00   7.68e+00 (  1.72e+02,  3.08e+02)
85      0.334   8.45e-01   1.21e+00   8.02e-01   7.49e+00   7.43e+00 (  1.46e+02,  2.93e+02)
90      1.610   3.46e+00   4.57e+00   2.99e+00   5.79e+01   7.11e+00 (  1.10e+03,  2.78e+02)
95      0.931   1.55e+00   2.21e+00   1.64e+00   7.93e+01   6.83e+00 (  1.22e+03,  2.64e+02)
36 n: 4.448e-05 e: 2.215e-05 i: 8.386e-05 :: e: 1.583e-02 i: 1.967e-02 :: n: 2.840e+01 e:26.120 i:27.222 v:4.993e+03
>>> tau_he = 5.000000, nhe(0)=3.453731e+00
 5   -387.907   1.26e-02   8.13e-01   3.68e-03  -1.81e-01   1.85e-07 (  7.63e+00,  7.26e+01)
10   -896.672   5.62e-02   5.94e-02  -1.22e-02  -1.89e+00   3.30e-06 (  4.89e+01,  1.39e+02)
15   -216.993   1.71e-01   5.79e-02   7.05e-02  -7.01e+00   4.02e-05 (  1.35e+02,  1.86e+02)
20    -17.206   1.92e-01   1.42e-01   9.02e-02  -6.61e+00   3.73e-04 (  1.57e+02,  2.20e+02)
25     -0.605   2.48e-01   1.82e-01  -7.47e-02  -1.99e+00   2.69e-03 (  1.94e+02,  2.48e+02)
30     -0.030   2.62e-01   1.89e-01  -1.29e-03  -2.52e-01   1.53e-02 (  1.94e+02,  2.72e+02)
35     -0.057   2.99e-01   2.16e-01   6.77e-02  -4.41e-01   6.85e-02 (  1.99e+02,  2.94e+02)
40      0.058   4.20e-01   4.02e-01   2.70e-01   4.35e-01   2.44e-01 (  2.53e+02,  3.13e+02)
45      0.030   3.72e-01   3.07e-01   2.54e-01   2.58e-01   6.95e-01 (  2.08e+02,  3.28e+02)
50      0.131   4.56e-01   4.96e-01   2.64e-01   1.52e+00   1.60e+00 (  2.26e+02,  3.39e+02)
55      0.155   4.88e-01   6.09e-01   3.10e-01   2.72e+00   3.01e+00 (  2.12e+02,  3.45e+02)
60      0.211   5.75e-01   7.51e-01   4.14e-01   4.50e+00   4.70e+00 (  2.06e+02,  3.45e+02)
65      0.273   6.92e-01   8.91e-01   5.55e-01   6.16e+00   6.25e+00 (  2.00e+02,  3.41e+02)
70      0.321   8.00e-01   1.03e+00   6.50e-01   7.30e+00   7.29e+00 (  1.92e+02,  3.33e+02)
75      0.345   8.71e-01   1.13e+00   7.18e-01   7.78e+00   7.71e+00 (  1.83e+02,  3.22e+02)
80      0.344   8.88e-01   1.19e+00   7.55e-01   7.73e+00   7.68e+00 (  1.72e+02,  3.08e+02)
85      0.335   8.45e-01   1.21e+00   8.02e-01   7.50e+00   7.43e+00 (  1.46e+02,  2.93e+02)
90      1.610   3.46e+00   4.57e+00   2.99e+00   5.79e+01   7.11e+00 (  1.10e+03,  2.78e+02)
95      0.931   1.55e+00   2.21e+00   1.64e+00   7.93e+01   6.83e+00 (  1.22e+03,  2.64e+02)
37 n: 6.795e-05 e: 2.377e-05 i: 6.643e-05 :: e: 1.433e-02 i: 1.790e-02 :: n: 2.848e+01 e:26.078 i:27.267 v:4.993e+03
>>> tau_he = 5.000000, nhe(0)=3.471760e+00
 5   -389.060   1.26e-02   8.18e-01   3.69e-03  -1.82e-01   1.85e-07 (  7.69e+00,  7.26e+01)
10   -890.656   5.65e-02   5.89e-02  -1.26e-02  -1.88e+00   3.30e-06 (  4.93e+01,  1.39e+02)
15   -216.971   1.71e-01   5.72e-02   6.97e-02  -7.01e+00   4.02e-05 (  1.35e+02,  1.86e+02)
20    -17.188   1.92e-01   1.41e-01   8.81e-02  -6.61e+00   3.73e-04 (  1.57e+02,  2.20e+02)
25     -0.600   2.48e-01   1.81e-01  -7.81e-02  -1.98e+00   2.69e-03 (  1.94e+02,  2.48e+02)
30     -0.007   2.60e-01   1.88e-01  -8.17e-03  -6.46e-02   1.53e-02 (  1.93e+02,  2.72e+02)
35     -0.053   3.00e-01   2.17e-01   6.53e-02  -4.12e-01   6.85e-02 (  1.99e+02,  2.94e+02)
40     -0.027   3.42e-01   2.56e-01   1.83e-01  -2.04e-01   2.44e-01 (  2.05e+02,  3.13e+02)
45      0.103   4.29e-01   4.24e-01   3.08e-01   9.12e-01   6.95e-01 (  2.40e+02,  3.28e+02)
50      0.132   4.54e-01   4.95e-01   2.62e-01   1.54e+00   1.60e+00 (  2.24e+02,  3.39e+02)
55      0.155   4.86e-01   6.07e-01   3.09e-01   2.72e+00   3.01e+00 (  2.10e+02,  3.45e+02)
60      0.211   5.74e-01   7.49e-01   4.13e-01   4.50e+00   4.70e+00 (  2.05e+02,  3.45e+02)
65      0.273   6.91e-01   8.90e-01   5.54e-01   6.16e+00   6.25e+00 (  1.99e+02,  3.41e+02)
70      0.321   7.99e-01   1.02e+00   6.49e-01   7.30e+00   7.29e+00 (  1.91e+02,  3.33e+02)
75      0.345   8.71e-01   1.13e+00   7.17e-01   7.78e+00   7.71e+00 (  1.82e+02,  3.22e+02)
80      0.344   8.88e-01   1.19e+00   7.54e-01   7.73e+00   7.68e+00 (  1.72e+02,  3.08e+02)
85      0.335   8.45e-01   1.21e+00   8.01e-01   7.50e+00   7.43e+00 (  1.46e+02,  2.93e+02)
90      1.610   3.46e+00   4.57e+00   2.99e+00   5.79e+01   7.11e+00 (  1.10e+03,  2.78e+02)
95      0.931   1.55e+00   2.21e+00   1.64e+00   7.93e+01   6.83e+00 (  1.22e+03,  2.64e+02)
38 n: 6.992e-05 e: 3.772e-05 i: 9.136e-05 :: e: 1.623e-02 i: 1.874e-02 :: n: 2.857e+01 e:26.137 i:27.270 v:4.993e+03
>>> tau_he = 5.000000, nhe(0)=3.490001e+00
 5   -390.329   1.26e-02   8.22e-01   3.68e-03  -1.83e-01   1.85e-07 (  7.73e+00,  7.26e+01)
10   -886.560   5.63e-02   5.88e-02  -1.32e-02  -1.87e+00   3.30e-06 (  4.93e+01,  1.39e+02)
15   -217.938   1.71e-01   5.63e-02   6.95e-02  -7.04e+00   4.02e-05 (  1.36e+02,  1.86e+02)
20    -17.310   1.92e-01   1.40e-01   8.76e-02  -6.66e+00   3.73e-04 (  1.57e+02,  2.20e+02)
25     -0.608   2.48e-01   1.80e-01  -7.98e-02  -2.01e+00   2.69e-03 (  1.95e+02,  2.48e+02)
30      0.105   3.93e-01   3.50e-01   1.35e-01   9.98e-01   1.53e-02 (  2.95e+02,  2.72e+02)
35      0.099   4.02e-01   3.66e-01   1.96e-01   8.48e-01   6.85e-02 (  2.70e+02,  2.94e+02)
40      0.066   4.17e-01   4.02e-01   2.51e-01   5.16e-01   2.44e-01 (  2.52e+02,  3.13e+02)
45      0.031   3.60e-01   3.11e-01   2.50e-01   2.66e-01   6.95e-01 (  2.01e+02,  3.28e+02)
50      0.131   4.54e-01   4.95e-01   2.63e-01   1.52e+00   1.60e+00 (  2.25e+02,  3.39e+02)
55      0.155   4.86e-01   6.08e-01   3.09e-01   2.72e+00   3.01e+00 (  2.11e+02,  3.45e+02)
60      0.211   5.74e-01   7.49e-01   4.13e-01   4.50e+00   4.70e+00 (  2.06e+02,  3.45e+02)
65      0.273   6.92e-01   8.90e-01   5.54e-01   6.16e+00   6.25e+00 (  2.00e+02,  3.41e+02)
70      0.321   8.00e-01   1.02e+00   6.49e-01   7.30e+00   7.29e+00 (  1.92e+02,  3.33e+02)
75      0.345   8.71e-01   1.13e+00   7.17e-01   7.78e+00   7.71e+00 (  1.82e+02,  3.22e+02)
80      0.343   8.87e-01   1.19e+00   7.53e-01   7.73e+00   7.68e+00 (  1.72e+02,  3.08e+02)
85      0.334   8.45e-01   1.20e+00   8.00e-01   7.49e+00   7.43e+00 (  1.46e+02,  2.93e+02)
90      1.610   3.46e+00   4.57e+00   2.99e+00   5.79e+01   7.11e+00 (  1.10e+03,  2.78e+02)
95      0.931   1.55e+00   2.21e+00   1.64e+00   7.93e+01   6.83e+00 (  1.22e+03,  2.64e+02)
39 n: 7.613e-05 e: 1.248e-04 i: 3.092e-04 :: e: 2.598e-02 i: 2.893e-02 :: n: 2.845e+01 e:26.103 i:27.220 v:4.993e+03
>>> tau_he = 5.000000, nhe(0)=3.464040e+00
 5   -387.960   1.26e-02   8.12e-01   3.66e-03  -1.82e-01   1.85e-07 (  7.66e+00,  7.26e+01)
10   -901.190   5.65e-02   5.97e-02  -1.33e-02  -1.90e+00   3.30e-06 (  4.93e+01,  1.39e+02)
15   -217.113   1.71e-01   5.82e-02   6.99e-02  -7.01e+00   4.02e-05 (  1.35e+02,  1.86e+02)
20    -17.184   1.92e-01   1.41e-01   8.90e-02  -6.61e+00   3.73e-04 (  1.57e+02,  2.20e+02)
25     -0.610   2.47e-01   1.81e-01  -7.31e-02  -1.99e+00   2.69e-03 (  1.93e+02,  2.48e+02)
30     -0.049   2.59e-01   1.87e-01   6.80e-03  -3.93e-01   1.53e-02 (  1.90e+02,  2.72e+02)
35     -0.053   2.99e-01   2.15e-01   6.44e-02  -4.13e-01   6.85e-02 (  1.99e+02,  2.94e+02)
40      0.061   4.19e-01   3.99e-01   2.65e-01   4.69e-01   2.44e-01 (  2.53e+02,  3.13e+02)
45      0.103   4.32e-01   4.27e-01   3.08e-01   9.24e-01   6.95e-01 (  2.43e+02,  3.28e+02)
50      0.132   4.56e-01   4.97e-01   2.63e-01   1.55e+00   1.60e+00 (  2.26e+02,  3.39e+02)
55      0.156   4.87e-01   6.09e-01   3.09e-01   2.74e+00   3.01e+00 (  2.12e+02,  3.45e+02)
60      0.212   5.75e-01   7.51e-01   4.13e-01   4.51e+00   4.70e+00 (  2.06e+02,  3.45e+02)
65      0.274   6.92e-01   8.91e-01   5.54e-01   6.17e+00   6.25e+00 (  2.00e+02,  3.41e+02)
70      0.321   8.00e-01   1.03e+00   6.49e-01   7.31e+00   7.29e+00 (  1.92e+02,  3.33e+02)
75      0.345   8.71e-01   1.13e+00   7.17e-01   7.79e+00   7.71e+00 (  1.82e+02,  3.22e+02)
80      0.344   8.88e-01   1.19e+00   7.55e-01   7.74e+00   7.68e+00 (  1.72e+02,  3.08e+02)
85      0.335   8.46e-01   1.21e+00   8.02e-01   7.51e+00   7.43e+00 (  1.46e+02,  2.93e+02)
90      1.610   3.46e+00   4.57e+00   2.99e+00   5.79e+01   7.11e+00 (  1.10e+03,  2.78e+02)
95      0.931   1.55e+00   2.21e+00   1.64e+00   7.93e+01   6.83e+00 (  1.22e+03,  2.64e+02)
40 n: 5.411e-05 e: 3.372e-05 i: 9.927e-05 :: e: 1.415e-02 i: 1.716e-02 :: n: 2.846e+01 e:26.074 i:27.217 v:4.993e+03
>>> tau_he = 5.000000, nhe(0)=3.465205e+00
 5   -387.414   1.26e-02   8.13e-01   3.67e-03  -1.82e-01   1.85e-07 (  7.66e+00,  7.26e+01)
10   -896.330   5.65e-02   5.93e-02  -1.28e-02  -1.89e+00   3.30e-06 (  4.93e+01,  1.39e+02)
15   -216.616   1.71e-01   5.79e-02   6.97e-02  -7.00e+00   4.02e-05 (  1.35e+02,  1.86e+02)
20    -17.112   1.92e-01   1.41e-01   8.88e-02  -6.59e+00   3.73e-04 (  1.56e+02,  2.20e+02)
25     -0.600   2.46e-01   1.81e-01  -7.39e-02  -1.97e+00   2.69e-03 (  1.93e+02,  2.48e+02)
30     -0.015   2.58e-01   1.86e-01   3.19e-03  -1.29e-01   1.53e-02 (  1.89e+02,  2.72e+02)
35     -0.048   2.99e-01   2.17e-01   6.35e-02  -3.76e-01   6.85e-02 (  1.99e+02,  2.94e+02)
40     -0.033   3.43e-01   2.57e-01   1.86e-01  -2.41e-01   2.44e-01 (  2.06e+02,  3.13e+02)
45      0.031   3.60e-01   3.10e-01   2.48e-01   2.72e-01   6.95e-01 (  2.02e+02,  3.28e+02)
50      0.132   4.55e-01   4.96e-01   2.63e-01   1.54e+00   1.60e+00 (  2.26e+02,  3.39e+02)
55      0.156   4.88e-01   6.10e-01   3.09e-01   2.74e+00   3.01e+00 (  2.12e+02,  3.45e+02)
60      0.212   5.76e-01   7.52e-01   4.14e-01   4.52e+00   4.70e+00 (  2.06e+02,  3.45e+02)
65      0.274   6.93e-01   8.93e-01   5.55e-01   6.19e+00   6.25e+00 (  2.01e+02,  3.41e+02)
70      0.322   8.01e-01   1.03e+00   6.50e-01   7.32e+00   7.29e+00 (  1.92e+02,  3.33e+02)
75      0.345   8.72e-01   1.13e+00   7.18e-01   7.80e+00   7.71e+00 (  1.83e+02,  3.22e+02)
80      0.344   8.89e-01   1.19e+00   7.55e-01   7.75e+00   7.68e+00 (  1.72e+02,  3.08e+02)
85      0.335   8.46e-01   1.21e+00   8.02e-01   7.51e+00   7.43e+00 (  1.46e+02,  2.93e+02)
90      1.610   3.46e+00   4.57e+00   2.99e+00   5.79e+01   7.11e+00 (  1.10e+03,  2.78e+02)
95      0.931   1.55e+00   2.21e+00   1.64e+00   7.93e+01   6.83e+00 (  1.22e+03,  2.64e+02)
41 n: 5.607e-05 e: 2.396e-05 i: 6.440e-05 :: e: 1.675e-02 i: 2.104e-02 :: n: 2.862e+01 e:26.099 i:27.248 v:4.993e+03
>>> tau_he = 5.000000, nhe(0)=3.497974e+00
 5   -389.270   1.26e-02   8.21e-01   3.67e-03  -1.83e-01   1.85e-07 (  7.73e+00,  7.26e+01)
10   -885.170   5.63e-02   5.87e-02  -1.35e-02  -1.87e+00   3.30e-06 (  4.94e+01,  1.39e+02)
15   -217.459   1.70e-01   5.61e-02   6.89e-02  -7.02e+00   4.02e-05 (  1.35e+02,  1.86e+02)
20    -17.233   1.91e-01   1.39e-01   8.68e-02  -6.63e+00   3.73e-04 (  1.57e+02,  2.20e+02)
25     -0.607   2.46e-01   1.79e-01  -7.70e-02  -2.00e+00   2.69e-03 (  1.93e+02,  2.48e+02)
30      0.003   2.56e-01   1.83e-01  -1.20e-03   2.82e-02   1.53e-02 (  1.90e+02,  2.72e+02)
35      0.101   4.00e-01   3.63e-01   1.92e-01   8.74e-01   6.85e-02 (  2.69e+02,  2.94e+02)
40      0.070   4.15e-01   3.99e-01   2.45e-01   5.57e-01   2.44e-01 (  2.51e+02,  3.13e+02)
45      0.103   4.30e-01   4.26e-01   3.05e-01   9.37e-01   6.95e-01 (  2.41e+02,  3.28e+02)
50      0.131   4.54e-01   4.95e-01   2.62e-01   1.54e+00   1.60e+00 (  2.24e+02,  3.39e+02)
55      0.155   4.86e-01   6.07e-01   3.08e-01   2.73e+00   3.01e+00 (  2.11e+02,  3.45e+02)
60      0.211   5.74e-01   7.49e-01   4.13e-01   4.50e+00   4.70e+00 (  2.05e+02,  3.45e+02)
65      0.273   6.91e-01   8.90e-01   5.54e-01   6.17e+00   6.25e+00 (  2.00e+02,  3.41e+02)
70      0.321   8.00e-01   1.02e+00   6.49e-01   7.30e+00   7.29e+00 (  1.92e+02,  3.33e+02)
75      0.345   8.71e-01   1.13e+00   7.17e-01   7.79e+00   7.71e+00 (  1.82e+02,  3.22e+02)
80      0.344   8.88e-01   1.19e+00   7.54e-01   7.74e+00   7.68e+00 (  1.72e+02,  3.08e+02)
85      0.335   8.45e-01   1.21e+00   8.01e-01   7.50e+00   7.43e+00 (  1.46e+02,  2.93e+02)
90      1.610   3.46e+00   4.57e+00   2.99e+00   5.79e+01   7.11e+00 (  1.10e+03,  2.78e+02)
95      0.931   1.55e+00   2.21e+00   1.64e+00   7.93e+01   6.83e+00 (  1.22e+03,  2.64e+02)
42 n: 4.930e-05 e: 2.496e-05 i: 8.395e-05 :: e: 1.576e-02 i: 1.946e-02 :: n: 2.842e+01 e:26.133 i:27.230 v:4.993e+03
>>> tau_he = 5.000000, nhe(0)=3.458472e+00
 5   -386.934   1.25e-02   8.13e-01   3.67e-03  -1.81e-01   1.85e-07 (  7.62e+00,  7.26e+01)
10   -894.359   5.59e-02   5.93e-02  -1.22e-02  -1.88e+00   3.30e-06 (  4.86e+01,  1.39e+02)
15   -216.657   1.71e-01   5.77e-02   7.02e-02  -6.99e+00   4.02e-05 (  1.35e+02,  1.86e+02)
20    -17.147   1.92e-01   1.42e-01   9.06e-02  -6.60e+00   3.73e-04 (  1.57e+02,  2.20e+02)
25     -0.620   2.48e-01   1.83e-01  -7.38e-02  -2.01e+00   2.69e-03 (  1.94e+02,  2.48e+02)
30     -0.058   2.64e-01   1.91e-01  -3.39e-03  -4.55e-01   1.53e-02 (  1.96e+02,  2.72e+02)
35     -0.050   3.00e-01   2.17e-01   6.33e-02  -3.94e-01   6.85e-02 (  2.01e+02,  2.94e+02)
40      0.056   4.20e-01   4.01e-01   2.70e-01   4.22e-01   2.44e-01 (  2.54e+02,  3.13e+02)
45      0.033   3.72e-01   3.08e-01   2.51e-01   2.85e-01   6.95e-01 (  2.09e+02,  3.28e+02)
50      0.131   4.56e-01   4.97e-01   2.63e-01   1.54e+00   1.60e+00 (  2.27e+02,  3.39e+02)
55      0.156   4.89e-01   6.11e-01   3.10e-01   2.75e+00   3.01e+00 (  2.13e+02,  3.45e+02)
60      0.212   5.76e-01   7.52e-01   4.14e-01   4.52e+00   4.70e+00 (  2.07e+02,  3.45e+02)
65      0.274   6.93e-01   8.93e-01   5.55e-01   6.18e+00   6.25e+00 (  2.01e+02,  3.41e+02)
70      0.322   8.01e-01   1.03e+00   6.50e-01   7.32e+00   7.29e+00 (  1.92e+02,  3.33e+02)
75      0.345   8.72e-01   1.13e+00   7.18e-01   7.80e+00   7.71e+00 (  1.83e+02,  3.22e+02)
80      0.344   8.89e-01   1.19e+00   7.55e-01   7.74e+00   7.68e+00 (  1.72e+02,  3.08e+02)
85      0.335   8.46e-01   1.21e+00   8.02e-01   7.51e+00   7.43e+00 (  1.46e+02,  2.93e+02)
90      1.610   3.46e+00   4.57e+00   2.99e+00   5.79e+01   7.11e+00 (  1.10e+03,  2.78e+02)
95      0.931   1.55e+00   2.21e+00   1.64e+00   7.93e+01   6.83e+00 (  1.22e+03,  2.64e+02)
43 n: 5.933e-05 e: 2.019e-05 i: 5.886e-05 :: e: 1.166e-02 i: 1.699e-02 :: n: 2.849e+01 e:26.093 i:27.290 v:4.993e+03
>>> tau_he = 5.000000, nhe(0)=3.476740e+00
 5   -388.565   1.26e-02   8.20e-01   3.68e-03  -1.82e-01   1.85e-07 (  7.70e+00,  7.26e+01)
10   -889.542   5.65e-02   5.89e-02  -1.28e-02  -1.87e+00   3.30e-06 (  4.93e+01,  1.39e+02)
15   -216.863   1.71e-01   5.73e-02   6.94e-02  -7.00e+00   4.02e-05 (  1.35e+02,  1.86e+02)
20    -17.144   1.92e-01   1.41e-01   8.83e-02  -6.60e+00   3.73e-04 (  1.57e+02,  2.20e+02)
25     -0.611   2.48e-01   1.81e-01  -7.82e-02  -2.00e+00   2.69e-03 (  1.94e+02,  2.48e+02)
30     -0.023   2.63e-01   1.89e-01  -7.92e-03  -1.93e-01   1.53e-02 (  1.96e+02,  2.72e+02)
35     -0.047   3.00e-01   2.17e-01   6.15e-02  -3.69e-01   6.85e-02 (  2.01e+02,  2.94e+02)
40     -0.029   3.42e-01   2.55e-01   1.82e-01  -2.13e-01   2.44e-01 (  2.05e+02,  3.13e+02)
45      0.104   4.29e-01   4.25e-01   3.05e-01   9.38e-01   6.95e-01 (  2.41e+02,  3.28e+02)
50      0.132   4.54e-01   4.96e-01   2.62e-01   1.56e+00   1.60e+00 (  2.25e+02,  3.39e+02)
55      0.156   4.87e-01   6.08e-01   3.09e-01   2.74e+00   3.01e+00 (  2.11e+02,  3.45e+02)
60      0.212   5.75e-01   7.50e-01   4.13e-01   4.52e+00   4.70e+00 (  2.06e+02,  3.45e+02)
65      0.274   6.92e-01   8.91e-01   5.54e-01   6.18e+00   6.25e+00 (  2.00e+02,  3.41e+02)
70      0.322   8.00e-01   1.03e+00   6.49e-01   7.31e+00   7.29e+00 (  1.92e+02,  3.33e+02)
75      0.345   8.72e-01   1.13e+00   7.17e-01   7.80e+00   7.71e+00 (  1.83e+02,  3.22e+02)
80      0.344   8.88e-01   1.19e+00   7.55e-01   7.75e+00   7.68e+00 (  1.72e+02,  3.08e+02)
85      0.335   8.46e-01   1.21e+00   8.02e-01   7.51e+00   7.43e+00 (  1.46e+02,  2.93e+02)
90      1.610   3.46e+00   4.57e+00   2.99e+00   5.79e+01   7.11e+00 (  1.10e+03,  2.78e+02)
95      0.931   1.55e+00   2.21e+00   1.64e+00   7.93e+01   6.83e+00 (  1.22e+03,  2.64e+02)
44 n: 7.697e-05 e: 3.737e-05 i: 9.295e-05 :: e: 1.448e-02 i: 1.866e-02 :: n: 2.858e+01 e:26.158 i:27.293 v:4.993e+03
>>> tau_he = 5.000000, nhe(0)=3.494372e+00
 5   -389.986   1.27e-02   8.23e-01   3.67e-03  -1.83e-01   1.85e-07 (  7.74e+00,  7.26e+01)
10   -886.437   5.63e-02   5.89e-02  -1.35e-02  -1.87e+00   3.30e-06 (  4.93e+01,  1.39e+02)
15   -217.940   1.71e-01   5.64e-02   6.93e-02  -7.04e+00   4.02e-05 (  1.36e+02,  1.86e+02)
20    -17.277   1.92e-01   1.40e-01   8.78e-02  -6.65e+00   3.73e-04 (  1.58e+02,  2.20e+02)
25     -0.617   2.48e-01   1.80e-01  -7.60e-02  -2.02e+00   2.69e-03 (  1.95e+02,  2.48e+02)
30     -0.004   2.62e-01   1.87e-01  -1.34e-02  -3.54e-02   1.53e-02 (  1.97e+02,  2.72e+02)
35      0.102   4.02e-01   3.67e-01   1.93e-01   8.91e-01   6.85e-02 (  2.72e+02,  2.94e+02)
40      0.065   4.18e-01   4.02e-01   2.51e-01   5.08e-01   2.44e-01 (  2.53e+02,  3.13e+02)
45      0.099   4.29e-01   4.25e-01   3.12e-01   8.69e-01   6.95e-01 (  2.41e+02,  3.28e+02)
50      0.131   4.55e-01   4.96e-01   2.63e-01   1.53e+00   1.60e+00 (  2.26e+02,  3.39e+02)
55      0.155   4.88e-01   6.09e-01   3.09e-01   2.74e+00   3.01e+00 (  2.12e+02,  3.45e+02)
60      0.212   5.76e-01   7.51e-01   4.14e-01   4.51e+00   4.70e+00 (  2.06e+02,  3.45e+02)
65      0.274   6.93e-01   8.92e-01   5.55e-01   6.18e+00   6.25e+00 (  2.00e+02,  3.41e+02)
70      0.322   8.01e-01   1.03e+00   6.50e-01   7.31e+00   7.29e+00 (  1.92e+02,  3.33e+02)
75      0.345   8.72e-01   1.13e+00   7.17e-01   7.79e+00   7.71e+00 (  1.83e+02,  3.22e+02)
80      0.344   8.88e-01   1.19e+00   7.54e-01   7.74e+00   7.68e+00 (  1.72e+02,  3.08e+02)
85      0.335   8.46e-01   1.21e+00   8.01e-01   7.50e+00   7.43e+00 (  1.46e+02,  2.93e+02)
90      1.610   3.46e+00   4.57e+00   2.99e+00   5.79e+01   7.11e+00 (  1.10e+03,  2.78e+02)
95      0.931   1.55e+00   2.21e+00   1.64e+00   7.93e+01   6.83e+00 (  1.22e+03,  2.64e+02)
45 n: 3.031e-05 e: 1.789e-05 i: 7.654e-05 :: e: 1.375e-02 i: 1.862e-02 :: n: 2.843e+01 e:26.148 i:27.297 v:4.993e+03
>>> tau_he = 5.000000, nhe(0)=3.465536e+00
 5   -389.555   1.26e-02   8.18e-01   3.68e-03  -1.82e-01   1.85e-07 (  7.67e+00,  7.26e+01)
10   -895.542   5.62e-02   5.93e-02  -1.26e-02  -1.88e+00   3.30e-06 (  4.89e+01,  1.39e+02)
15   -217.295   1.71e-01   5.77e-02   7.00e-02  -7.00e+00   4.02e-05 (  1.35e+02,  1.86e+02)
20    -17.210   1.93e-01   1.42e-01   9.01e-02  -6.61e+00   3.73e-04 (  1.57e+02,  2.20e+02)
25     -0.612   2.49e-01   1.83e-01  -7.85e-02  -2.01e+00   2.69e-03 (  1.96e+02,  2.48e+02)
30     -0.022   2.66e-01   1.91e-01  -1.18e-02  -1.91e-01   1.53e-02 (  1.99e+02,  2.72e+02)
35     -0.052   3.02e-01   2.18e-01   6.36e-02  -4.10e-01   6.85e-02 (  2.02e+02,  2.94e+02)
40     -0.034   3.46e-01   2.58e-01   1.86e-01  -2.48e-01   2.44e-01 (  2.09e+02,  3.13e+02)
45      0.028   3.72e-01   3.06e-01   2.54e-01   2.40e-01   6.95e-01 (  2.08e+02,  3.28e+02)
50      0.131   4.56e-01   4.96e-01   2.63e-01   1.53e+00   1.60e+00 (  2.27e+02,  3.39e+02)
55      0.156   4.88e-01   6.10e-01   3.09e-01   2.75e+00   3.01e+00 (  2.13e+02,  3.45e+02)
60      0.212   5.76e-01   7.52e-01   4.14e-01   4.52e+00   4.70e+00 (  2.07e+02,  3.45e+02)
65      0.274   6.92e-01   8.92e-01   5.55e-01   6.18e+00   6.25e+00 (  2.00e+02,  3.41e+02)
70      0.322   8.00e-01   1.03e+00   6.50e-01   7.31e+00   7.29e+00 (  1.92e+02,  3.33e+02)
75      0.345   8.72e-01   1.13e+00   7.18e-01   7.80e+00   7.71e+00 (  1.83e+02,  3.22e+02)
80      0.344   8.88e-01   1.19e+00   7.56e-01   7.75e+00   7.68e+00 (  1.72e+02,  3.08e+02)
85      0.335   8.46e-01   1.21e+00   8.02e-01   7.51e+00   7.43e+00 (  1.46e+02,  2.93e+02)
90      1.610   3.46e+00   4.57e+00   2.99e+00   5.79e+01   7.11e+00 (  1.10e+03,  2.78e+02)
95      0.931   1.55e+00   2.21e+00   1.64e+00   7.93e+01   6.83e+00 (  1.22e+03,  2.64e+02)
46 n: 6.993e-05 e: 8.314e-06 i: 5.298e-05 :: e: 1.326e-02 i: 1.979e-02 :: n: 2.859e+01 e:26.147 i:27.348 v:4.993e+03
>>> tau_he = 5.000000, nhe(0)=3.500206e+00
 5   -392.140   1.27e-02   8.27e-01   3.68e-03  -1.83e-01   1.85e-07 (  7.78e+00,  7.26e+01)
10   -886.392   5.65e-02   5.88e-02  -1.37e-02  -1.86e+00   3.30e-06 (  4.95e+01,  1.39e+02)
15   -218.184   1.72e-01   5.64e-02   6.89e-02  -7.03e+00   4.02e-05 (  1.36e+02,  1.86e+02)
20    -17.300   1.93e-01   1.40e-01   8.72e-02  -6.65e+00   3.73e-04 (  1.58e+02,  2.20e+02)
25     -0.613   2.48e-01   1.81e-01  -7.89e-02  -2.02e+00   2.69e-03 (  1.96e+02,  2.48e+02)
30      0.097   3.98e-01   3.57e-01   1.41e-01   8.87e-01   1.53e-02 (  3.00e+02,  2.72e+02)
35      0.100   4.02e-01   3.64e-01   1.94e-01   8.63e-01   6.85e-02 (  2.71e+02,  2.94e+02)
40      0.071   4.16e-01   4.01e-01   2.44e-01   5.70e-01   2.44e-01 (  2.52e+02,  3.13e+02)
45      0.102   4.31e-01   4.26e-01   3.09e-01   9.09e-01   6.95e-01 (  2.42e+02,  3.28e+02)
50      0.131   4.54e-01   4.96e-01   2.62e-01   1.55e+00   1.60e+00 (  2.25e+02,  3.39e+02)
55      0.155   4.87e-01   6.08e-01   3.09e-01   2.74e+00   3.01e+00 (  2.12e+02,  3.45e+02)
60      0.211   5.75e-01   7.50e-01   4.14e-01   4.51e+00   4.70e+00 (  2.06e+02,  3.45e+02)
65      0.274   6.92e-01   8.91e-01   5.55e-01   6.17e+00   6.25e+00 (  2.00e+02,  3.41e+02)
70      0.321   8.00e-01   1.03e+00   6.50e-01   7.31e+00   7.29e+00 (  1.92e+02,  3.33e+02)
75      0.345   8.72e-01   1.13e+00   7.18e-01   7.79e+00   7.71e+00 (  1.83e+02,  3.22e+02)
80      0.344   8.88e-01   1.19e+00   7.55e-01   7.73e+00   7.68e+00 (  1.72e+02,  3.08e+02)
85      0.335   8.45e-01   1.21e+00   8.01e-01   7.50e+00   7.43e+00 (  1.46e+02,  2.93e+02)
90      1.610   3.46e+00   4.57e+00   2.99e+00   5.79e+01   7.11e+00 (  1.10e+03,  2.78e+02)
95      0.931   1.55e+00   2.21e+00   1.64e+00   7.93e+01   6.83e+00 (  1.22e+03,  2.64e+02)
47 n: 3.953e-05 e: 1.078e-04 i: 2.811e-04 :: e: 2.390e-02 i: 2.802e-02 :: n: 2.841e+01 e:26.151 i:27.240 v:4.993e+03
>>> tau_he = 5.000000, nhe(0)=3.456836e+00
 5   -389.088   1.26e-02   8.12e-01   3.67e-03  -1.82e-01   1.85e-07 (  7.66e+00,  7.26e+01)
10   -907.898   5.67e-02   6.01e-02  -1.34e-02  -1.91e+00   3.30e-06 (  4.94e+01,  1.39e+02)
15   -217.596   1.72e-01   5.91e-02   7.02e-02  -7.02e+00   4.02e-05 (  1.36e+02,  1.86e+02)
20    -17.198   1.93e-01   1.43e-01   9.04e-02  -6.61e+00   3.73e-04 (  1.57e+02,  2.20e+02)
25     -0.619   2.48e-01   1.83e-01  -7.36e-02  -2.01e+00   2.69e-03 (  1.94e+02,  2.48e+02)
30     -0.062   2.62e-01   1.89e-01   5.75e-03  -4.85e-01   1.53e-02 (  1.93e+02,  2.72e+02)
35     -0.052   3.00e-01   2.16e-01   6.40e-02  -4.07e-01   6.85e-02 (  2.00e+02,  2.94e+02)
40      0.058   4.22e-01   4.03e-01   2.69e-01   4.36e-01   2.44e-01 (  2.56e+02,  3.13e+02)
45      0.031   3.73e-01   3.08e-01   2.53e-01   2.65e-01   6.95e-01 (  2.10e+02,  3.28e+02)
50      0.132   4.57e-01   4.98e-01   2.63e-01   1.54e+00   1.60e+00 (  2.28e+02,  3.39e+02)
55      0.156   4.90e-01   6.12e-01   3.10e-01   2.76e+00   3.01e+00 (  2.14e+02,  3.45e+02)
60      0.212   5.78e-01   7.54e-01   4.15e-01   4.53e+00   4.70e+00 (  2.08e+02,  3.45e+02)
65      0.274   6.94e-01   8.94e-01   5.56e-01   6.19e+00   6.25e+00 (  2.01e+02,  3.41e+02)
70      0.322   8.01e-01   1.03e+00   6.51e-01   7.32e+00   7.29e+00 (  1.93e+02,  3.33e+02)
75      0.345   8.73e-01   1.13e+00   7.19e-01   7.80e+00   7.71e+00 (  1.83e+02,  3.22e+02)
80      0.344   8.89e-01   1.19e+00   7.56e-01   7.75e+00   7.68e+00 (  1.72e+02,  3.08e+02)
85      0.335   8.46e-01   1.21e+00   8.03e-01   7.51e+00   7.43e+00 (  1.46e+02,  2.93e+02)
90      1.610   3.46e+00   4.57e+00   3.00e+00   5.79e+01   7.11e+00 (  1.10e+03,  2.78e+02)
95      0.931   1.55e+00   2.21e+00   1.64e+00   7.93e+01   6.83e+00 (  1.22e+03,  2.64e+02)
48 n: 7.239e-05 e: 2.878e-05 i: 6.405e-05 :: e: 1.346e-02 i: 1.925e-02 :: n: 2.848e+01 e:26.070 i:27.267 v:4.993e+03
>>> tau_he = 5.000000, nhe(0)=3.472430e+00
 5   -388.928   1.26e-02   8.17e-01   3.68e-03  -1.82e-01   1.85e-07 (  7.69e+00,  7.26e+01)
10   -896.767   5.68e-02   5.93e-02  -1.32e-02  -1.89e+00   3.30e-06 (  4.96e+01,  1.39e+02)
15   -216.702   1.71e-01   5.80e-02   6.93e-02  -6.99e+00   4.02e-05 (  1.35e+02,  1.86e+02)
20    -17.094   1.92e-01   1.41e-01   8.84e-02  -6.58e+00   3.73e-04 (  1.57e+02,  2.20e+02)
25     -0.606   2.47e-01   1.81e-01  -7.50e-02  -1.98e+00   2.69e-03 (  1.93e+02,  2.48e+02)
30     -0.026   2.60e-01   1.87e-01   1.74e-03  -2.15e-01   1.53e-02 (  1.91e+02,  2.72e+02)
35     -0.047   2.99e-01   2.16e-01   6.24e-02  -3.72e-01   6.85e-02 (  1.99e+02,  2.94e+02)
40      0.058   4.18e-01   3.97e-01   2.68e-01   4.31e-01   2.44e-01 (  2.51e+02,  3.13e+02)
45      0.103   4.30e-01   4.25e-01   3.07e-01   9.23e-01   6.95e-01 (  2.41e+02,  3.28e+02)
50      0.132   4.55e-01   4.96e-01   2.62e-01   1.56e+00   1.60e+00 (  2.25e+02,  3.39e+02)
55      0.156   4.88e-01   6.09e-01   3.09e-01   2.75e+00   3.01e+00 (  2.12e+02,  3.45e+02)
60      0.212   5.76e-01   7.51e-01   4.14e-01   4.52e+00   4.70e+00 (  2.06e+02,  3.45e+02)
65      0.274   6.93e-01   8.92e-01   5.55e-01   6.18e+00   6.25e+00 (  2.00e+02,  3.41e+02)
70      0.322   8.01e-01   1.03e+00   6.50e-01   7.32e+00   7.29e+00 (  1.92e+02,  3.33e+02)
75      0.345   8.72e-01   1.13e+00   7.19e-01   7.80e+00   7.71e+00 (  1.83e+02,  3.22e+02)
80      0.344   8.89e-01   1.19e+00   7.56e-01   7.75e+00   7.68e+00 (  1.72e+02,  3.08e+02)
85      0.335   8.46e-01   1.21e+00   8.03e-01   7.52e+00   7.43e+00 (  1.46e+02,  2.93e+02)
90      1.610   3.46e+00   4.57e+00   3.00e+00   5.79e+01   7.11e+00 (  1.10e+03,  2.78e+02)
95      0.931   1.55e+00   2.21e+00   1.64e+00   7.93e+01   6.83e+00 (  1.22e+03,  2.64e+02)
49 n: 4.973e-05 e: 3.883e-05 i: 9.565e-05 :: e: 1.181e-02 i: 1.529e-02 :: n: 2.850e+01 e:26.117 i:27.224 v:4.993e+03
 plasma volume = 151.507997
 stored energy(e,i,b,a) = 7.438874e+01 6.839425e+01 0.000000e+00 0.000000e+00
 betan = 1.596622
*power
 Pnb(e,i) = 0.000000e+00 0.000000e+00
 Prf(e,i) = 1.109852e+01 2.890702e+01
 Prad     = -2.479351e+01 
 Pei      = -7.147661e+00 
 Pfuse    = 7.579431e+01 
 Pfusi    = 2.665627e+01 
 Poh      = 0.000000e+00 
*confinement time
 taut, tauITER98y2, H98y2 : 1.213495e+00 1.241371e+00 9.775446e-01
 taue, taui : 1.353713e+00 2.023263e+00
 taut, tau89, H89 : 1.213495e+00 6.475972e-01 1.873842e+00
*temperature
 nea, nebar : 2.098009e+01 2.395898e+01 
 tea, tia : 8.512429e+00 8.407292e+00 (1.012505e+00)
 te0, ti0 : 2.233219e+01 2.505078e+01 (8.914766e-01)
 Sn : 1.499603e+03 
*current balance
 Ip,Ibs,Inb,Irf: 1.000000e+01 2.441034e+00 0.000000e+00 4.410500e-01
 fni,fbs: 0.288 0.244

 plasma volume = 151.507997
 stored energy(e,i,b,a) = 7.438874e+01 6.839425e+01 0.000000e+00 0.000000e+00
 betan = 1.596622
*power
 Pnb(e,i) = 0.000000e+00 0.000000e+00
 Prf(e,i) = 1.109852e+01 2.890702e+01
 Prad     = -2.479351e+01 
 Pei      = -7.147661e+00 
 Pfuse    = 7.579431e+01 
 Pfusi    = 2.665627e+01 
 Poh      = 0.000000e+00 
*confinement time
 taut, tauITER98y2, H98y2 : 1.213495e+00 1.241371e+00 9.775446e-01
 taue, taui : 1.353713e+00 2.023263e+00
 taut, tau89, H89 : 1.213495e+00 6.475972e-01 1.873842e+00
*temperature
 nea, nebar : 2.098009e+01 2.395898e+01 
 tea, tia : 8.512429e+00 8.407292e+00 (1.012505e+00)
 te0, ti0 : 2.233219e+01 2.505078e+01 (8.914766e-01)
 Sn : 1.499603e+03 
*current balance
 Ip,Ibs,Inb,Irf: 1.000000e+01 2.441034e+00 0.000000e+00 4.410500e-01
 fni,fbs: 0.288 0.244
 ELAPASED TIME = 46 sec

finalize
