========================================================================
= FASTRAN

nonlinear model = 1
ichi = 0
ineo = 0
reading state...
read formatted input, inprof...
init geometry...
read formatted input, inmetric...
nrho in inmetric = 101
rhob in inmetric = 1.264863e+00
solve avg grad-shafranv...
solve_avg_gs::Ip_temp = 2.160841e+00 
solve_avg_gs::Ip      = 1.000000e+01 
>>> tau_he = 5.000000, nhe(0)=2.533494e+00

 plasma volume = 149.161803
 stored energy(e,i,b) = 6.050574e+01 5.836605e+01 0.000000e+00
 betan = 1.346293
*power
 Pnb(e,i) = 0.000000e+00 0.000000e+00
 Prf(e,i) = 0.000000e+00 0.000000e+00
 Prad     = -9.025813e+00 
 Pei      = 1.293725e+00 
 Pfuse    = 6.357899e+01 
 Pfusi    = 2.137120e+01 
 Poh      = 0.000000e+00 
*confinement time
 taut, tauITER98y2, H98y2 : 1.565661e+00 1.554680e+00 1.007063e+00
 taue, taui : 1.083422e+00 2.907042e+00
 taut, tau89, H89 : 1.565661e+00 7.884024e-01 1.985865e+00
*temperature
 nea, nebar : 1.709971e+01 2.029850e+01 
 tea, tia : 8.609646e+00 8.663064e+00 (9.938337e-01)
 te0, ti0 : 1.881549e+01 1.901571e+01 (9.894705e-01)
 Sn : 0.000000e+00 
*current balance
 Ip,Ibs,Inb,Irf: 1.000000e+01 2.098893e+00 0.000000e+00 0.000000e+00
 fni,fbs: 0.210 0.210

 plasma volume = 149.161803
 stored energy(e,i,b) = 6.050574e+01 5.836605e+01 0.000000e+00
 betan = 1.346293
*power
 Pnb(e,i) = 0.000000e+00 0.000000e+00
 Prf(e,i) = 0.000000e+00 0.000000e+00
 Prad     = -9.025813e+00 
 Pei      = 1.293725e+00 
 Pfuse    = 6.357899e+01 
 Pfusi    = 2.137120e+01 
 Poh      = 0.000000e+00 
*confinement time
 taut, tauITER98y2, H98y2 : 1.565661e+00 1.554680e+00 1.007063e+00
 taue, taui : 1.083422e+00 2.907042e+00
 taut, tau89, H89 : 1.565661e+00 7.884024e-01 1.985865e+00
*temperature
 nea, nebar : 1.709971e+01 2.029850e+01 
 tea, tia : 8.609646e+00 8.663064e+00 (9.938337e-01)
 te0, ti0 : 1.881549e+01 1.901571e+01 (9.894705e-01)
 Sn : 0.000000e+00 
*current balance
 Ip,Ibs,Inb,Irf: 1.000000e+01 2.098893e+00 0.000000e+00 0.000000e+00
 fni,fbs: 0.210 0.210
 ELAPASED TIME = 0 sec
