========================================================================
= FASTRAN

nonlinear model = 0
ichi = 1
ineo = 0
reading state...
read formatted input, inprof...
init geometry...
read formatted input, inmetric...
nrho in inmetric = 101
rhob in inmetric = 1.266603e+00
solve avg grad-shafranv...
solve_avg_gs::Ip_temp = 9.798910e+00 
solve_avg_gs::Ip      = 1.000000e+01 
>>> tau_he = 5.000000, nhe(0)=3.647079e+00

 plasma volume = 149.763538
 stored energy(e,i,b,a) = 6.820780e+01 6.548309e+01 0.000000e+00 0.000000e+00
 betan = 1.508583
*power
 Pnb(e,i) = 0.000000e+00 0.000000e+00
 Prf(e,i) = 7.449475e+00 3.254708e+01
 Prad     = -7.691105e+01 
 Pei      = 1.002746e+01 
 Pfuse    = 7.087373e+01 
 Pfusi    = 2.292156e+01 
 Poh      = 0.000000e+00 
*confinement time
 taut, tauITER98y2, H98y2 : 2.350370e+00 2.020853e+00 1.163059e+00
 taue, taui : 5.962421e+00 5.078532e+00
 taut, tau89, H89 : 2.350370e+00 9.259889e-01 2.538227e+00
*temperature
 nea, nebar : 2.050795e+01 2.350640e+01 
 tea, tia : 8.128937e+00 8.554659e+00 (9.502351e-01)
 te0, ti0 : 2.116859e+01 2.656605e+01 (7.968287e-01)
 Sn : 0.000000e+00 
*current balance
 Ip,Ibs,Inb,Irf: 1.000000e+01 2.407894e+00 0.000000e+00 1.618043e-01
 fni,fbs: 0.257 0.241

Time advancing...
rho_bdry 0.900000 ...
te_bdry = 5.000307
ti_bdry = 5.000307
ne_bdry = 16.078026
rv_bdry = 279.463030
nrho_tr_bdry = 18
drho_bdry = 0.000000e+00
nrhob = 90
 [    0] t = 0.0000 
>>> tau_he = 5.000000, nhe(0)=3.676644e+00
 5     -0.002   9.30e-03   2.41e-01   1.39e-03  -9.12e-03   0.00e+00 (  1.56e+00,  4.75e+01)
10     -0.002   2.13e-02   7.59e-02  -3.11e-03  -1.30e-02   0.00e+00 (  6.92e+00,  9.77e+01)
15      0.005   5.15e-02  -5.72e-02  -1.76e-02   3.73e-02   0.00e+00 (  2.38e+01,  1.43e+02)
20      0.023   1.14e-01  -2.97e-02   7.87e-03   1.99e-01   0.00e+00 (  6.53e+01,  1.77e+02)
25      0.052   1.78e-01   9.64e-02   1.75e-03   5.09e-01   0.00e+00 (  1.17e+02,  2.01e+02)
30      0.057   2.11e-01   1.42e-01   1.54e-02   6.16e-01   0.00e+00 (  1.47e+02,  2.14e+02)
35      0.112   2.99e-01   2.53e-01   9.33e-02   1.32e+00   0.00e+00 (  1.81e+02,  2.17e+02)
40      0.097   3.04e-01   2.81e-01   8.83e-02   1.22e+00   0.00e+00 (  1.67e+02,  2.12e+02)
45      0.107   3.27e-01   3.22e-01   9.48e-02   1.43e+00   0.00e+00 (  1.61e+02,  2.02e+02)
50      0.124   3.66e-01   3.95e-01   1.91e-01   1.74e+00   0.00e+00 (  1.56e+02,  1.89e+02)
55      0.155   4.21e-01   5.27e-01   2.71e-01   2.26e+00   0.00e+00 (  1.58e+02,  1.73e+02)
60      0.135   4.03e-01   5.02e-01   3.06e-01   2.04e+00   0.00e+00 (  1.30e+02,  1.56e+02)
65      0.129   3.90e-01   4.93e-01   3.39e-01   2.00e+00   0.00e+00 (  1.05e+02,  1.39e+02)
70      0.183   4.74e-01   7.10e-01   5.18e-01   2.90e+00   0.00e+00 (  1.09e+02,  1.23e+02)
75      0.195   4.88e-01   7.73e-01   6.12e-01   3.18e+00   0.00e+00 (  9.76e+01,  1.07e+02)
80      0.209   4.80e-01   8.12e-01   6.50e-01   3.59e+00   0.00e+00 (  7.98e+01,  9.27e+01)
85      0.285   6.91e-01   9.64e-01   6.50e-01   6.20e+00   0.00e+00 (  8.36e+01,  7.90e+01)
90      0.917   2.13e+00   2.70e+00   1.49e+00   4.03e+01   0.00e+00 (  6.36e+02,  6.56e+01)
95      0.552   9.64e-01   1.39e+00   1.00e+00   4.57e+01   0.00e+00 (  7.34e+02,  5.25e+01)
 0 e: 3.708e-07 i: 3.697e-06 :: e: 0.000e+00 i: 0.000e+00 :: n: 3.012e+01 e:21.192 i:26.466 v:4.993e+03
>>> tau_he = 5.000000, nhe(0)=3.668784e+00
 5     -0.002   9.41e-03   2.66e-01   1.72e-03  -7.72e-03   0.00e+00 (  1.57e+00,  4.75e+01)
10      0.001   6.09e-03  -4.14e-03   1.38e-04   6.26e-03   0.00e+00 (  1.99e+00,  9.77e+01)
15      0.006   4.62e-02  -5.70e-02  -1.73e-02   4.75e-02   0.00e+00 (  2.17e+01,  1.43e+02)
20      0.026   1.21e-01  -2.40e-02   7.97e-03   2.30e-01   0.00e+00 (  6.98e+01,  1.77e+02)
25      0.053   1.77e-01   9.91e-02   1.38e-03   5.24e-01   0.00e+00 (  1.16e+02,  2.01e+02)
30      0.062   2.21e-01   1.49e-01  -1.03e-02   6.70e-01   0.00e+00 (  1.52e+02,  2.14e+02)
35      0.112   2.99e-01   2.53e-01   9.31e-02   1.32e+00   0.00e+00 (  1.81e+02,  2.17e+02)
40      0.097   3.04e-01   2.81e-01   8.82e-02   1.22e+00   0.00e+00 (  1.68e+02,  2.12e+02)
45      0.108   3.28e-01   3.23e-01   9.56e-02   1.44e+00   0.00e+00 (  1.62e+02,  2.02e+02)
50      0.126   3.68e-01   4.01e-01   1.92e-01   1.77e+00   0.00e+00 (  1.58e+02,  1.89e+02)
55      0.149   4.14e-01   5.08e-01   2.65e-01   2.17e+00   0.00e+00 (  1.54e+02,  1.73e+02)
60      0.134   4.01e-01   4.98e-01   3.04e-01   2.02e+00   0.00e+00 (  1.30e+02,  1.56e+02)
65      0.139   4.09e-01   5.39e-01   3.63e-01   2.16e+00   0.00e+00 (  1.12e+02,  1.39e+02)
70      0.179   4.68e-01   6.96e-01   5.09e-01   2.84e+00   0.00e+00 (  1.07e+02,  1.23e+02)
75      0.194   4.85e-01   7.67e-01   6.07e-01   3.15e+00   0.00e+00 (  9.69e+01,  1.07e+02)
80      0.208   4.78e-01   8.08e-01   6.47e-01   3.58e+00   0.00e+00 (  7.90e+01,  9.27e+01)
85      0.285   6.91e-01   9.62e-01   6.47e-01   6.19e+00   0.00e+00 (  8.35e+01,  7.90e+01)
90      0.917   2.13e+00   2.70e+00   1.49e+00   4.03e+01   0.00e+00 (  6.37e+02,  6.56e+01)
95      0.552   9.64e-01   1.39e+00   1.00e+00   4.57e+01   0.00e+00 (  7.34e+02,  5.25e+01)
 1 e: 2.489e-02 i: 1.475e-01 :: e: 1.049e-02 i: 1.867e-02 :: n: 3.012e+01 e:23.454 i:27.190 v:4.993e+03
>>> tau_he = 5.000000, nhe(0)=3.725521e+00
 5     -0.009   9.81e-03   2.36e+00   5.06e-03  -4.58e-02   0.00e+00 (  3.45e+00,  4.75e+01)
10     -0.006   1.27e-02   2.44e-02   3.48e-03  -3.54e-02   0.00e+00 (  8.98e+00,  9.77e+01)
15     -0.033   9.13e-02  -1.04e-02   1.94e-02  -2.48e-01   0.00e+00 (  7.75e+01,  1.43e+02)
20      0.027   1.70e-01   7.18e-02  -9.59e-03   2.37e-01   0.00e+00 (  1.35e+02,  1.77e+02)
25      0.260   3.59e-01   3.23e-01   8.67e-02   2.55e+00   0.00e+00 (  2.58e+02,  2.01e+02)
30      0.070   2.03e-01   1.45e-01   1.82e-02   7.60e-01   0.00e+00 (  1.35e+02,  2.14e+02)
35      0.112   2.83e-01   2.39e-01   8.56e-02   1.31e+00   0.00e+00 (  1.59e+02,  2.17e+02)
40      0.098   2.92e-01   2.71e-01   9.79e-02   1.24e+00   0.00e+00 (  1.54e+02,  2.12e+02)
45      0.111   3.18e-01   3.22e-01   9.93e-02   1.48e+00   0.00e+00 (  1.52e+02,  2.02e+02)
50      0.122   3.52e-01   3.80e-01   1.85e-01   1.71e+00   0.00e+00 (  1.45e+02,  1.89e+02)
55      0.096   3.26e-01   3.50e-01   1.96e-01   1.40e+00   0.00e+00 (  1.14e+02,  1.73e+02)
60      0.138   3.98e-01   4.96e-01   3.04e-01   2.09e+00   0.00e+00 (  1.27e+02,  1.56e+02)
65      0.177   4.58e-01   6.61e-01   4.49e-01   2.75e+00   0.00e+00 (  1.29e+02,  1.39e+02)
70      0.185   4.70e-01   7.14e-01   5.20e-01   2.94e+00   0.00e+00 (  1.06e+02,  1.23e+02)
75      0.189   4.63e-01   7.33e-01   5.82e-01   3.07e+00   0.00e+00 (  8.89e+01,  1.07e+02)
80      0.202   4.58e-01   7.70e-01   6.17e-01   3.47e+00   0.00e+00 (  7.26e+01,  9.27e+01)
85      0.284   6.92e-01   9.51e-01   6.37e-01   6.17e+00   0.00e+00 (  8.17e+01,  7.90e+01)
90      0.789   1.84e+00   2.32e+00   1.42e+00   3.47e+01   0.00e+00 (  5.52e+02,  6.56e+01)
95      0.552   9.64e-01   1.39e+00   1.00e+00   4.57e+01   0.00e+00 (  7.34e+02,  5.25e+01)
 2 e: 7.431e-04 i: 2.565e-03 :: e: 7.149e-02 i: 8.173e-02 :: n: 3.012e+01 e:23.983 i:27.618 v:4.993e+03
>>> tau_he = 5.000000, nhe(0)=3.758150e+00
 5     -0.009   1.01e-02   1.72e+00   4.95e-03  -4.32e-02   0.00e+00 (  3.40e+00,  4.75e+01)
10     -0.005   1.21e-02   1.24e-02   2.98e-03  -3.40e-02   0.00e+00 (  8.52e+00,  9.77e+01)
15     -0.058   1.01e-01  -5.54e-02   1.77e-02  -4.36e-01   0.00e+00 (  8.77e+01,  1.43e+02)
20      0.023   1.70e-01   7.42e-02  -2.48e-02   2.00e-01   0.00e+00 (  1.41e+02,  1.77e+02)
25      0.266   3.70e-01   3.32e-01   1.00e-01   2.61e+00   0.00e+00 (  2.76e+02,  2.01e+02)
30      0.146   3.22e-01   3.24e-01   1.01e-01   1.58e+00   0.00e+00 (  2.26e+02,  2.14e+02)
35      0.116   2.98e-01   2.56e-01   9.48e-02   1.37e+00   0.00e+00 (  1.77e+02,  2.17e+02)
40      0.100   3.04e-01   2.86e-01   8.96e-02   1.27e+00   0.00e+00 (  1.67e+02,  2.12e+02)
45      0.112   3.29e-01   3.36e-01   1.02e-01   1.49e+00   0.00e+00 (  1.63e+02,  2.02e+02)
50      0.125   3.65e-01   3.99e-01   1.92e-01   1.75e+00   0.00e+00 (  1.55e+02,  1.89e+02)
55      0.134   3.93e-01   4.61e-01   2.50e-01   1.96e+00   0.00e+00 (  1.42e+02,  1.73e+02)
60      0.137   4.08e-01   5.11e-01   3.11e-01   2.08e+00   0.00e+00 (  1.33e+02,  1.56e+02)
65      0.168   4.56e-01   6.49e-01   4.39e-01   2.61e+00   0.00e+00 (  1.31e+02,  1.39e+02)
70      0.181   4.74e-01   7.13e-01   5.20e-01   2.88e+00   0.00e+00 (  1.09e+02,  1.23e+02)
75      0.185   4.66e-01   7.32e-01   5.82e-01   3.02e+00   0.00e+00 (  9.10e+01,  1.07e+02)
80      0.198   4.56e-01   7.65e-01   6.13e-01   3.42e+00   0.00e+00 (  7.31e+01,  9.27e+01)
85      0.282   6.89e-01   9.45e-01   6.31e-01   6.13e+00   0.00e+00 (  8.20e+01,  7.90e+01)
90      0.790   1.84e+00   2.32e+00   1.42e+00   3.47e+01   0.00e+00 (  5.54e+02,  6.56e+01)
95      0.552   9.64e-01   1.39e+00   1.00e+00   4.57e+01   0.00e+00 (  7.34e+02,  5.25e+01)
 3 e: 4.987e-04 i: 1.526e-03 :: e: 6.347e-02 i: 7.482e-02 :: n: 3.012e+01 e:23.757 i:27.812 v:4.993e+03
>>> tau_he = 5.000000, nhe(0)=3.772782e+00
 5     -0.009   1.01e-02   1.63e+00   4.94e-03  -4.61e-02   0.00e+00 (  3.47e+00,  4.75e+01)
10     -0.006   1.50e-02   1.01e-02   3.11e-03  -3.45e-02   0.00e+00 (  1.07e+01,  9.77e+01)
15     -0.059   1.05e-01  -5.21e-02   1.77e-02  -4.46e-01   0.00e+00 (  8.99e+01,  1.43e+02)
20      0.036   1.67e-01   6.99e-02  -2.19e-02   3.11e-01   0.00e+00 (  1.35e+02,  1.77e+02)
25      0.083   1.92e-01   1.25e-01   2.56e-03   8.15e-01   0.00e+00 (  1.37e+02,  2.01e+02)
30      0.066   2.10e-01   1.42e-01   1.69e-02   7.17e-01   0.00e+00 (  1.43e+02,  2.14e+02)
35      0.117   2.99e-01   2.52e-01   9.07e-02   1.38e+00   0.00e+00 (  1.77e+02,  2.17e+02)
40      0.102   3.06e-01   2.83e-01   8.90e-02   1.29e+00   0.00e+00 (  1.67e+02,  2.12e+02)
45      0.113   3.33e-01   3.30e-01   1.01e-01   1.51e+00   0.00e+00 (  1.64e+02,  2.02e+02)
50      0.128   3.64e-01   3.93e-01   1.89e-01   1.79e+00   0.00e+00 (  1.54e+02,  1.89e+02)
55      0.139   3.94e-01   4.63e-01   2.50e-01   2.03e+00   0.00e+00 (  1.42e+02,  1.73e+02)
60      0.142   4.06e-01   5.09e-01   3.10e-01   2.14e+00   0.00e+00 (  1.31e+02,  1.56e+02)
65      0.169   4.48e-01   6.33e-01   4.29e-01   2.62e+00   0.00e+00 (  1.27e+02,  1.39e+02)
70      0.186   4.73e-01   7.17e-01   5.22e-01   2.96e+00   0.00e+00 (  1.08e+02,  1.23e+02)
75      0.193   4.71e-01   7.48e-01   5.94e-01   3.14e+00   0.00e+00 (  9.13e+01,  1.07e+02)
80      0.207   4.67e-01   7.88e-01   6.33e-01   3.55e+00   0.00e+00 (  7.43e+01,  9.27e+01)
85      0.286   6.96e-01   9.58e-01   6.43e-01   6.21e+00   0.00e+00 (  8.18e+01,  7.90e+01)
90      0.917   2.13e+00   2.70e+00   1.49e+00   4.03e+01   0.00e+00 (  6.39e+02,  6.56e+01)
95      0.552   9.64e-01   1.39e+00   1.00e+00   4.57e+01   0.00e+00 (  7.34e+02,  5.25e+01)
 4 e: 2.515e-04 i: 1.134e-04 :: e: 2.858e-02 i: 3.104e-02 :: n: 3.012e+01 e:23.988 i:27.680 v:4.993e+03
>>> tau_he = 5.000000, nhe(0)=3.763274e+00
 5     -0.009   1.01e-02   1.61e+00   5.03e-03  -4.58e-02   0.00e+00 (  3.48e+00,  4.75e+01)
10     -0.005   1.44e-02   8.77e-03   2.99e-03  -3.44e-02   0.00e+00 (  1.03e+01,  9.77e+01)
15     -0.059   1.03e-01  -5.20e-02   1.68e-02  -4.45e-01   0.00e+00 (  8.72e+01,  1.43e+02)
20      0.029   1.62e-01   7.25e-02  -2.36e-02   2.52e-01   0.00e+00 (  1.30e+02,  1.77e+02)
25      0.084   1.95e-01   1.30e-01   2.16e-03   8.27e-01   0.00e+00 (  1.40e+02,  2.01e+02)
30      0.067   2.12e-01   1.49e-01   1.74e-02   7.29e-01   0.00e+00 (  1.46e+02,  2.14e+02)
35      0.121   3.05e-01   2.63e-01   8.62e-02   1.42e+00   0.00e+00 (  1.83e+02,  2.17e+02)
40      0.104   3.12e-01   2.94e-01   9.18e-02   1.32e+00   0.00e+00 (  1.74e+02,  2.12e+02)
45      0.115   3.41e-01   3.44e-01   1.05e-01   1.54e+00   0.00e+00 (  1.72e+02,  2.02e+02)
50      0.131   3.76e-01   4.14e-01   1.96e-01   1.84e+00   0.00e+00 (  1.63e+02,  1.89e+02)
55      0.143   4.09e-01   4.90e-01   2.61e-01   2.09e+00   0.00e+00 (  1.51e+02,  1.73e+02)
60      0.142   4.18e-01   5.28e-01   3.19e-01   2.14e+00   0.00e+00 (  1.39e+02,  1.56e+02)
65      0.164   4.55e-01   6.38e-01   4.32e-01   2.55e+00   0.00e+00 (  1.31e+02,  1.39e+02)
70      0.184   4.85e-01   7.29e-01   5.31e-01   2.93e+00   0.00e+00 (  1.14e+02,  1.23e+02)
75      0.191   4.82e-01   7.60e-01   6.02e-01   3.10e+00   0.00e+00 (  9.63e+01,  1.07e+02)
80      0.203   4.69e-01   7.91e-01   6.33e-01   3.50e+00   0.00e+00 (  7.71e+01,  9.27e+01)
85      0.284   6.90e-01   9.59e-01   6.42e-01   6.18e+00   0.00e+00 (  8.39e+01,  7.90e+01)
90      0.792   1.84e+00   2.33e+00   1.42e+00   3.48e+01   0.00e+00 (  5.57e+02,  6.56e+01)
95      0.552   9.64e-01   1.39e+00   1.00e+00   4.57e+01   0.00e+00 (  7.34e+02,  5.25e+01)
 5 e: 1.250e-04 i: 1.470e-04 :: e: 2.797e-02 i: 3.148e-02 :: n: 3.012e+01 e:23.752 i:27.904 v:4.993e+03
>>> tau_he = 5.000000, nhe(0)=3.779517e+00
 5     -0.009   1.02e-02   1.60e+00   4.92e-03  -4.62e-02   0.00e+00 (  3.48e+00,  4.75e+01)
10     -0.006   1.48e-02   9.05e-03   2.94e-03  -3.48e-02   0.00e+00 (  1.05e+01,  9.77e+01)
15     -0.054   1.00e-01  -5.10e-02   1.68e-02  -4.05e-01   0.00e+00 (  8.26e+01,  1.43e+02)
20      0.032   1.59e-01   6.80e-02  -2.20e-02   2.80e-01   0.00e+00 (  1.26e+02,  1.77e+02)
25      0.084   1.95e-01   1.26e-01   2.46e-03   8.27e-01   0.00e+00 (  1.38e+02,  2.01e+02)
30      0.067   2.12e-01   1.45e-01   1.70e-02   7.31e-01   0.00e+00 (  1.45e+02,  2.14e+02)
35      0.119   3.02e-01   2.54e-01   9.13e-02   1.40e+00   0.00e+00 (  1.79e+02,  2.17e+02)
40      0.103   3.09e-01   2.85e-01   8.93e-02   1.30e+00   0.00e+00 (  1.70e+02,  2.12e+02)
45      0.114   3.37e-01   3.31e-01   1.00e-01   1.52e+00   0.00e+00 (  1.67e+02,  2.02e+02)
50      0.129   3.70e-01   3.98e-01   1.91e-01   1.81e+00   0.00e+00 (  1.58e+02,  1.89e+02)
55      0.143   4.04e-01   4.77e-01   2.55e-01   2.09e+00   0.00e+00 (  1.48e+02,  1.73e+02)
60      0.143   4.12e-01   5.15e-01   3.13e-01   2.16e+00   0.00e+00 (  1.35e+02,  1.56e+02)
65      0.164   4.46e-01   6.20e-01   4.21e-01   2.55e+00   0.00e+00 (  1.26e+02,  1.39e+02)
70      0.188   4.82e-01   7.28e-01   5.30e-01   2.99e+00   0.00e+00 (  1.12e+02,  1.23e+02)
75      0.197   4.85e-01   7.71e-01   6.11e-01   3.22e+00   0.00e+00 (  9.59e+01,  1.07e+02)
80      0.211   4.80e-01   8.11e-01   6.53e-01   3.64e+00   0.00e+00 (  7.80e+01,  9.27e+01)
85      0.289   7.00e-01   9.75e-01   6.58e-01   6.27e+00   0.00e+00 (  8.42e+01,  7.90e+01)
90      0.789   1.84e+00   2.32e+00   1.42e+00   3.47e+01   0.00e+00 (  5.53e+02,  6.56e+01)
95      0.552   9.64e-01   1.39e+00   1.00e+00   4.57e+01   0.00e+00 (  7.34e+02,  5.25e+01)
 6 e: 1.638e-04 i: 6.838e-05 :: e: 2.211e-02 i: 2.426e-02 :: n: 3.012e+01 e:23.988 i:27.785 v:4.993e+03
>>> tau_he = 5.000000, nhe(0)=3.771077e+00
 5     -0.009   1.01e-02   1.60e+00   5.01e-03  -4.63e-02   0.00e+00 (  3.49e+00,  4.75e+01)
10     -0.006   1.46e-02   7.87e-03   2.90e-03  -3.47e-02   0.00e+00 (  1.05e+01,  9.77e+01)
15     -0.051   9.69e-02  -5.08e-02   1.73e-02  -3.84e-01   0.00e+00 (  7.98e+01,  1.43e+02)
20      0.029   1.59e-01   6.96e-02  -2.30e-02   2.52e-01   0.00e+00 (  1.25e+02,  1.77e+02)
25      0.085   1.97e-01   1.31e-01   2.10e-03   8.31e-01   0.00e+00 (  1.42e+02,  2.01e+02)
30      0.068   2.14e-01   1.50e-01   1.76e-02   7.34e-01   0.00e+00 (  1.49e+02,  2.14e+02)
35      0.122   3.07e-01   2.64e-01   8.64e-02   1.43e+00   0.00e+00 (  1.84e+02,  2.17e+02)
40      0.105   3.14e-01   2.94e-01   9.17e-02   1.32e+00   0.00e+00 (  1.75e+02,  2.12e+02)
45      0.116   3.43e-01   3.43e-01   1.03e-01   1.55e+00   0.00e+00 (  1.73e+02,  2.02e+02)
50      0.132   3.79e-01   4.16e-01   1.97e-01   1.85e+00   0.00e+00 (  1.65e+02,  1.89e+02)
55      0.146   4.15e-01   5.00e-01   2.65e-01   2.13e+00   0.00e+00 (  1.55e+02,  1.73e+02)
60      0.143   4.21e-01   5.31e-01   3.21e-01   2.16e+00   0.00e+00 (  1.40e+02,  1.56e+02)
65      0.161   4.53e-01   6.26e-01   4.22e-01   2.50e+00   0.00e+00 (  1.31e+02,  1.39e+02)
70      0.186   4.91e-01   7.38e-01   5.37e-01   2.96e+00   0.00e+00 (  1.16e+02,  1.23e+02)
75      0.194   4.93e-01   7.78e-01   6.16e-01   3.16e+00   0.00e+00 (  1.00e+02,  1.07e+02)
80      0.208   4.81e-01   8.12e-01   6.49e-01   3.57e+00   0.00e+00 (  8.04e+01,  9.27e+01)
85      0.287   6.93e-01   9.74e-01   6.55e-01   6.23e+00   0.00e+00 (  8.59e+01,  7.90e+01)
90      1.773   4.09e+00   5.10e+00   2.99e+00   7.79e+01   0.00e+00 (  1.24e+03,  6.56e+01)
95      0.552   9.64e-01   1.39e+00   1.00e+00   4.57e+01   0.00e+00 (  7.34e+02,  5.25e+01)
 7 e: 9.685e-05 i: 9.151e-05 :: e: 2.567e-02 i: 2.775e-02 :: n: 3.012e+01 e:23.765 i:27.984 v:4.993e+03
>>> tau_he = 5.000000, nhe(0)=3.785434e+00
 5     -0.009   1.02e-02   1.58e+00   4.92e-03  -4.66e-02   0.00e+00 (  3.50e+00,  4.75e+01)
10     -0.004   1.44e-02   6.75e-03   2.89e-03  -2.63e-02   0.00e+00 (  1.03e+01,  9.77e+01)
15     -0.048   9.57e-02  -4.99e-02   1.74e-02  -3.60e-01   0.00e+00 (  7.74e+01,  1.43e+02)
20      0.015   1.57e-01   6.74e-02  -1.63e-02   1.30e-01   0.00e+00 (  1.22e+02,  1.77e+02)
25      0.085   1.96e-01   1.28e-01   2.39e-03   8.31e-01   0.00e+00 (  1.41e+02,  2.01e+02)
30      0.068   2.14e-01   1.47e-01   1.71e-02   7.35e-01   0.00e+00 (  1.47e+02,  2.14e+02)
35      0.119   3.04e-01   2.56e-01   9.18e-02   1.41e+00   0.00e+00 (  1.80e+02,  2.17e+02)
40      0.104   3.10e-01   2.86e-01   8.95e-02   1.31e+00   0.00e+00 (  1.71e+02,  2.12e+02)
45      0.114   3.38e-01   3.31e-01   9.94e-02   1.52e+00   0.00e+00 (  1.68e+02,  2.02e+02)
50      0.130   3.72e-01   4.00e-01   1.91e-01   1.82e+00   0.00e+00 (  1.60e+02,  1.89e+02)
55      0.146   4.08e-01   4.85e-01   2.56e-01   2.13e+00   0.00e+00 (  1.50e+02,  1.73e+02)
60      0.143   4.14e-01   5.17e-01   3.14e-01   2.16e+00   0.00e+00 (  1.36e+02,  1.56e+02)
65      0.161   4.44e-01   6.11e-01   4.15e-01   2.51e+00   0.00e+00 (  1.26e+02,  1.39e+02)
70      0.189   4.87e-01   7.33e-01   5.34e-01   3.01e+00   0.00e+00 (  1.13e+02,  1.23e+02)
75      0.200   4.93e-01   7.84e-01   6.20e-01   3.25e+00   0.00e+00 (  9.87e+01,  1.07e+02)
80      0.214   4.88e-01   8.26e-01   6.64e-01   3.69e+00   0.00e+00 (  8.04e+01,  9.27e+01)
85      0.291   7.02e-01   9.86e-01   6.68e-01   6.31e+00   0.00e+00 (  8.58e+01,  7.90e+01)
90      0.791   1.84e+00   2.32e+00   1.43e+00   3.47e+01   0.00e+00 (  5.56e+02,  6.56e+01)
95      0.552   9.64e-01   1.39e+00   1.00e+00   4.57e+01   0.00e+00 (  7.34e+02,  5.25e+01)
 8 e: 1.079e-04 i: 5.498e-05 :: e: 1.914e-02 i: 2.213e-02 :: n: 3.012e+01 e:23.976 i:27.858 v:4.993e+03
>>> tau_he = 5.000000, nhe(0)=3.776432e+00
 5     -0.009   1.01e-02   1.57e+00   5.01e-03  -4.67e-02   0.00e+00 (  3.51e+00,  4.75e+01)
10     -0.004   1.51e-02   6.28e-03   3.00e-03  -2.64e-02   0.00e+00 (  1.09e+01,  9.77e+01)
15     -0.047   9.69e-02  -4.83e-02   1.71e-02  -3.53e-01   0.00e+00 (  7.84e+01,  1.43e+02)
20      0.025   1.72e-01   8.19e-02  -2.21e-02   2.19e-01   0.00e+00 (  1.34e+02,  1.77e+02)
25      0.085   1.98e-01   1.32e-01   2.08e-03   8.32e-01   0.00e+00 (  1.44e+02,  2.01e+02)
30      0.068   2.16e-01   1.52e-01   1.77e-02   7.36e-01   0.00e+00 (  1.50e+02,  2.14e+02)
35      0.121   3.07e-01   2.63e-01   9.65e-02   1.43e+00   0.00e+00 (  1.84e+02,  2.17e+02)
40      0.105   3.14e-01   2.94e-01   9.16e-02   1.33e+00   0.00e+00 (  1.75e+02,  2.12e+02)
45      0.116   3.38e-01   3.43e-01   1.03e-01   1.55e+00   0.00e+00 (  1.70e+02,  2.02e+02)
50      0.133   3.80e-01   4.16e-01   1.97e-01   1.86e+00   0.00e+00 (  1.66e+02,  1.89e+02)
55      0.148   4.18e-01   5.04e-01   2.66e-01   2.16e+00   0.00e+00 (  1.56e+02,  1.73e+02)
60      0.126   3.96e-01   5.08e-01   2.97e-01   1.91e+00   0.00e+00 (  1.32e+02,  1.56e+02)
65      0.159   4.50e-01   6.17e-01   4.16e-01   2.46e+00   0.00e+00 (  1.30e+02,  1.39e+02)
70      0.187   4.93e-01   7.41e-01   5.39e-01   2.97e+00   0.00e+00 (  1.17e+02,  1.23e+02)
75      0.196   4.98e-01   7.87e-01   6.22e-01   3.19e+00   0.00e+00 (  1.02e+02,  1.07e+02)
80      0.210   4.87e-01   8.23e-01   6.57e-01   3.61e+00   0.00e+00 (  8.21e+01,  9.27e+01)
85      0.288   6.94e-01   9.82e-01   6.63e-01   6.26e+00   0.00e+00 (  8.71e+01,  7.90e+01)
90      1.774   4.09e+00   5.10e+00   2.99e+00   7.80e+01   0.00e+00 (  1.24e+03,  6.56e+01)
95      0.552   9.64e-01   1.39e+00   1.00e+00   4.57e+01   0.00e+00 (  7.34e+02,  5.25e+01)
 9 e: 9.850e-05 i: 7.255e-05 :: e: 2.338e-02 i: 2.472e-02 :: n: 3.012e+01 e:23.752 i:28.015 v:4.993e+03
>>> tau_he = 5.000000, nhe(0)=3.787734e+00
 5     -0.010   1.02e-02   1.56e+00   4.92e-03  -4.70e-02   0.00e+00 (  3.51e+00,  4.75e+01)
10     -0.004   1.47e-02   5.77e-03   2.84e-03  -2.62e-02   0.00e+00 (  1.06e+01,  9.77e+01)
15     -0.044   9.60e-02  -4.73e-02   1.72e-02  -3.34e-01   0.00e+00 (  7.65e+01,  1.43e+02)
20      0.026   1.67e-01   7.64e-02  -1.01e-02   2.28e-01   0.00e+00 (  1.28e+02,  1.77e+02)
25      0.085   1.97e-01   1.28e-01   2.35e-03   8.31e-01   0.00e+00 (  1.42e+02,  2.01e+02)
30      0.068   2.15e-01   1.48e-01   1.73e-02   7.36e-01   0.00e+00 (  1.48e+02,  2.14e+02)
35      0.120   3.04e-01   2.56e-01   9.21e-02   1.41e+00   0.00e+00 (  1.81e+02,  2.17e+02)
40      0.104   3.11e-01   2.86e-01   8.95e-02   1.31e+00   0.00e+00 (  1.71e+02,  2.12e+02)
45      0.114   3.38e-01   3.31e-01   9.89e-02   1.52e+00   0.00e+00 (  1.68e+02,  2.02e+02)
50      0.130   3.73e-01   4.01e-01   1.92e-01   1.83e+00   0.00e+00 (  1.60e+02,  1.89e+02)
55      0.147   4.10e-01   4.90e-01   2.58e-01   2.15e+00   0.00e+00 (  1.52e+02,  1.73e+02)
60      0.144   4.16e-01   5.20e-01   3.15e-01   2.17e+00   0.00e+00 (  1.37e+02,  1.56e+02)
65      0.159   4.42e-01   6.03e-01   4.08e-01   2.47e+00   0.00e+00 (  1.25e+02,  1.39e+02)
70      0.189   4.88e-01   7.34e-01   5.34e-01   3.01e+00   0.00e+00 (  1.14e+02,  1.23e+02)
75      0.201   4.96e-01   7.88e-01   6.23e-01   3.27e+00   0.00e+00 (  9.96e+01,  1.07e+02)
80      0.215   4.91e-01   8.31e-01   6.68e-01   3.70e+00   0.00e+00 (  8.14e+01,  9.27e+01)
85      0.291   7.02e-01   9.92e-01   6.72e-01   6.33e+00   0.00e+00 (  8.67e+01,  7.90e+01)
90      1.770   4.08e+00   5.09e+00   2.98e+00   7.78e+01   0.00e+00 (  1.24e+03,  6.56e+01)
95      0.552   9.64e-01   1.39e+00   1.00e+00   4.57e+01   0.00e+00 (  7.34e+02,  5.25e+01)
10 e: 7.796e-05 i: 5.678e-05 :: e: 1.763e-02 i: 1.934e-02 :: n: 3.012e+01 e:23.929 i:27.873 v:4.993e+03
>>> tau_he = 5.000000, nhe(0)=3.777612e+00
 5     -0.010   1.01e-02   1.55e+00   5.00e-03  -4.70e-02   0.00e+00 (  3.51e+00,  4.75e+01)
10     -0.004   1.46e-02   5.47e-03   2.85e-03  -2.63e-02   0.00e+00 (  1.05e+01,  9.77e+01)
15     -0.044   9.70e-02  -4.72e-02   1.66e-02  -3.33e-01   0.00e+00 (  7.73e+01,  1.43e+02)
20      0.028   1.69e-01   7.85e-02  -1.75e-02   2.41e-01   0.00e+00 (  1.30e+02,  1.77e+02)
25      0.085   1.99e-01   1.32e-01   2.09e-03   8.31e-01   0.00e+00 (  1.44e+02,  2.01e+02)
30      0.068   2.16e-01   1.52e-01   1.71e-02   7.35e-01   0.00e+00 (  1.51e+02,  2.14e+02)
35      0.121   3.07e-01   2.63e-01   9.63e-02   1.43e+00   0.00e+00 (  1.84e+02,  2.17e+02)
40      0.105   3.14e-01   2.94e-01   9.14e-02   1.33e+00   0.00e+00 (  1.75e+02,  2.12e+02)
45      0.116   3.37e-01   3.42e-01   1.02e-01   1.54e+00   0.00e+00 (  1.70e+02,  2.02e+02)
50      0.133   3.79e-01   4.15e-01   1.97e-01   1.86e+00   0.00e+00 (  1.65e+02,  1.89e+02)
55      0.149   4.18e-01   5.06e-01   2.67e-01   2.17e+00   0.00e+00 (  1.57e+02,  1.73e+02)
60      0.127   3.97e-01   5.09e-01   2.98e-01   1.91e+00   0.00e+00 (  1.33e+02,  1.56e+02)
65      0.157   4.47e-01   6.10e-01   4.12e-01   2.44e+00   0.00e+00 (  1.28e+02,  1.39e+02)
70      0.187   4.93e-01   7.40e-01   5.38e-01   2.97e+00   0.00e+00 (  1.17e+02,  1.23e+02)
75      0.197   4.99e-01   7.88e-01   6.23e-01   3.20e+00   0.00e+00 (  1.02e+02,  1.07e+02)
80      0.210   4.88e-01   8.25e-01   6.59e-01   3.62e+00   0.00e+00 (  8.25e+01,  9.27e+01)
85      0.289   6.96e-01   9.86e-01   6.66e-01   6.27e+00   0.00e+00 (  8.77e+01,  7.90e+01)
90      1.775   4.09e+00   5.10e+00   2.99e+00   7.80e+01   0.00e+00 (  1.24e+03,  6.56e+01)
95      0.552   9.64e-01   1.39e+00   1.00e+00   4.57e+01   0.00e+00 (  7.34e+02,  5.25e+01)
11 e: 8.625e-05 i: 4.526e-05 :: e: 1.915e-02 i: 2.033e-02 :: n: 3.012e+01 e:23.715 i:28.005 v:4.993e+03
>>> tau_he = 5.000000, nhe(0)=3.787047e+00
 5     -0.010   1.02e-02   1.53e+00   4.92e-03  -4.72e-02   0.00e+00 (  3.51e+00,  4.75e+01)
10     -0.004   1.51e-02   5.15e-03   2.79e-03  -2.62e-02   0.00e+00 (  1.08e+01,  9.77e+01)
15     -0.042   9.62e-02  -4.64e-02   1.68e-02  -3.16e-01   0.00e+00 (  7.56e+01,  1.43e+02)
20      0.018   1.65e-01   7.39e-02  -9.94e-03   1.57e-01   0.00e+00 (  1.25e+02,  1.77e+02)
25      0.085   1.97e-01   1.29e-01   2.34e-03   8.29e-01   0.00e+00 (  1.42e+02,  2.01e+02)
30      0.068   2.15e-01   1.48e-01   1.74e-02   7.34e-01   0.00e+00 (  1.49e+02,  2.14e+02)
35      0.120   3.04e-01   2.56e-01   9.22e-02   1.41e+00   0.00e+00 (  1.80e+02,  2.17e+02)
40      0.104   3.10e-01   2.86e-01   8.94e-02   1.31e+00   0.00e+00 (  1.71e+02,  2.12e+02)
45      0.114   3.38e-01   3.31e-01   9.87e-02   1.52e+00   0.00e+00 (  1.68e+02,  2.02e+02)
50      0.130   3.72e-01   4.01e-01   1.92e-01   1.82e+00   0.00e+00 (  1.60e+02,  1.89e+02)
55      0.148   4.11e-01   4.92e-01   2.59e-01   2.16e+00   0.00e+00 (  1.52e+02,  1.73e+02)
60      0.144   4.17e-01   5.21e-01   3.16e-01   2.17e+00   0.00e+00 (  1.38e+02,  1.56e+02)
65      0.158   4.39e-01   5.98e-01   4.04e-01   2.45e+00   0.00e+00 (  1.24e+02,  1.39e+02)
70      0.189   4.87e-01   7.33e-01   5.33e-01   3.00e+00   0.00e+00 (  1.14e+02,  1.23e+02)
75      0.200   4.95e-01   7.88e-01   6.23e-01   3.26e+00   0.00e+00 (  9.96e+01,  1.07e+02)
80      0.215   4.91e-01   8.31e-01   6.68e-01   3.70e+00   0.00e+00 (  8.15e+01,  9.27e+01)
85      0.291   7.02e-01   9.93e-01   6.73e-01   6.33e+00   0.00e+00 (  8.70e+01,  7.90e+01)
90      1.771   4.08e+00   5.09e+00   2.99e+00   7.78e+01   0.00e+00 (  1.24e+03,  6.56e+01)
95      0.552   9.64e-01   1.39e+00   1.00e+00   4.57e+01   0.00e+00 (  7.34e+02,  5.25e+01)
12 e: 5.578e-05 i: 4.538e-05 :: e: 1.340e-02 i: 1.497e-02 :: n: 3.012e+01 e:23.872 i:27.867 v:4.993e+03
>>> tau_he = 5.000000, nhe(0)=3.777140e+00
 5     -0.010   1.01e-02   1.52e+00   5.00e-03  -4.72e-02   0.00e+00 (  3.50e+00,  4.75e+01)
10     -0.004   1.49e-02   4.90e-03   2.79e-03  -2.63e-02   0.00e+00 (  1.08e+01,  9.77e+01)
15     -0.045   9.51e-02  -4.56e-02   1.64e-02  -3.36e-01   0.00e+00 (  7.48e+01,  1.43e+02)
20      0.019   1.67e-01   7.62e-02  -1.73e-02   1.68e-01   0.00e+00 (  1.27e+02,  1.77e+02)
25      0.084   1.98e-01   1.32e-01   1.57e-03   8.27e-01   0.00e+00 (  1.44e+02,  2.01e+02)
30      0.068   2.16e-01   1.52e-01   1.56e-02   7.33e-01   0.00e+00 (  1.51e+02,  2.14e+02)
35      0.121   3.06e-01   2.62e-01   9.60e-02   1.42e+00   0.00e+00 (  1.83e+02,  2.17e+02)
40      0.105   3.13e-01   2.93e-01   9.12e-02   1.32e+00   0.00e+00 (  1.74e+02,  2.12e+02)
45      0.115   3.36e-01   3.40e-01   1.02e-01   1.54e+00   0.00e+00 (  1.69e+02,  2.02e+02)
50      0.132   3.78e-01   4.14e-01   1.97e-01   1.85e+00   0.00e+00 (  1.64e+02,  1.89e+02)
55      0.149   4.17e-01   5.07e-01   2.65e-01   2.18e+00   0.00e+00 (  1.56e+02,  1.73e+02)
60      0.143   4.22e-01   5.31e-01   3.21e-01   2.16e+00   0.00e+00 (  1.41e+02,  1.56e+02)
65      0.155   4.46e-01   6.03e-01   4.05e-01   2.41e+00   0.00e+00 (  1.27e+02,  1.39e+02)
70      0.187   4.91e-01   7.37e-01   5.36e-01   2.96e+00   0.00e+00 (  1.16e+02,  1.23e+02)
75      0.197   4.97e-01   7.86e-01   6.22e-01   3.20e+00   0.00e+00 (  1.01e+02,  1.07e+02)
80      0.210   4.88e-01   8.24e-01   6.58e-01   3.62e+00   0.00e+00 (  8.22e+01,  9.27e+01)
85      0.289   6.96e-01   9.86e-01   6.66e-01   6.28e+00   0.00e+00 (  8.77e+01,  7.90e+01)
90      1.775   4.09e+00   5.10e+00   2.99e+00   7.80e+01   0.00e+00 (  1.24e+03,  6.56e+01)
95      0.552   9.64e-01   1.39e+00   1.00e+00   4.57e+01   0.00e+00 (  7.34e+02,  5.25e+01)
13 e: 7.341e-05 i: 2.995e-05 :: e: 1.493e-02 i: 1.710e-02 :: n: 3.012e+01 e:23.674 i:27.983 v:4.993e+03
>>> tau_he = 5.000000, nhe(0)=3.785460e+00
 5     -0.010   1.02e-02   1.51e+00   4.92e-03  -4.73e-02   0.00e+00 (  3.50e+00,  4.75e+01)
10     -0.004   1.48e-02   4.65e-03   2.73e-03  -2.62e-02   0.00e+00 (  1.07e+01,  9.77e+01)
15     -0.043   9.46e-02  -4.49e-02   1.66e-02  -3.23e-01   0.00e+00 (  7.36e+01,  1.43e+02)
20      0.014   1.64e-01   7.37e-02  -1.02e-02   1.22e-01   0.00e+00 (  1.23e+02,  1.77e+02)
25      0.084   1.97e-01   1.29e-01   2.33e-03   8.25e-01   0.00e+00 (  1.42e+02,  2.01e+02)
30      0.068   2.15e-01   1.49e-01   1.75e-02   7.31e-01   0.00e+00 (  1.49e+02,  2.14e+02)
35      0.119   3.03e-01   2.56e-01   9.22e-02   1.40e+00   0.00e+00 (  1.80e+02,  2.17e+02)
40      0.104   3.09e-01   2.85e-01   8.93e-02   1.31e+00   0.00e+00 (  1.70e+02,  2.12e+02)
45      0.113   3.37e-01   3.31e-01   9.87e-02   1.51e+00   0.00e+00 (  1.68e+02,  2.02e+02)
50      0.130   3.72e-01   4.01e-01   1.92e-01   1.82e+00   0.00e+00 (  1.60e+02,  1.89e+02)
55      0.148   4.10e-01   4.92e-01   2.59e-01   2.16e+00   0.00e+00 (  1.52e+02,  1.73e+02)
60      0.143   4.15e-01   5.18e-01   3.14e-01   2.16e+00   0.00e+00 (  1.36e+02,  1.56e+02)
65      0.156   4.36e-01   5.93e-01   4.01e-01   2.43e+00   0.00e+00 (  1.23e+02,  1.39e+02)
70      0.188   4.85e-01   7.30e-01   5.32e-01   2.99e+00   0.00e+00 (  1.13e+02,  1.23e+02)
75      0.200   4.94e-01   7.85e-01   6.21e-01   3.25e+00   0.00e+00 (  9.91e+01,  1.07e+02)
80      0.214   4.89e-01   8.28e-01   6.65e-01   3.69e+00   0.00e+00 (  8.12e+01,  9.27e+01)
85      0.291   7.01e-01   9.91e-01   6.72e-01   6.32e+00   0.00e+00 (  8.69e+01,  7.90e+01)
90      1.771   4.08e+00   5.09e+00   2.99e+00   7.78e+01   0.00e+00 (  1.24e+03,  6.56e+01)
95      0.552   9.64e-01   1.39e+00   1.00e+00   4.57e+01   0.00e+00 (  7.34e+02,  5.25e+01)
14 e: 4.233e-05 i: 3.787e-05 :: e: 8.712e-03 i: 1.117e-02 :: n: 3.012e+01 e:23.818 i:27.852 v:4.993e+03
>>> tau_he = 5.000000, nhe(0)=3.776019e+00
 5     -0.010   1.01e-02   1.50e+00   4.99e-03  -4.73e-02   0.00e+00 (  3.50e+00,  4.75e+01)
10     -0.004   1.52e-02   4.42e-03   2.75e-03  -2.63e-02   0.00e+00 (  1.10e+01,  9.77e+01)
15     -0.043   9.57e-02  -4.50e-02   1.63e-02  -3.26e-01   0.00e+00 (  7.46e+01,  1.43e+02)
20      0.015   1.66e-01   7.60e-02  -1.75e-02   1.30e-01   0.00e+00 (  1.25e+02,  1.77e+02)
25      0.084   1.98e-01   1.31e-01   7.91e-04   8.23e-01   0.00e+00 (  1.44e+02,  2.01e+02)
30      0.067   2.16e-01   1.52e-01   1.43e-02   7.31e-01   0.00e+00 (  1.51e+02,  2.14e+02)
35      0.120   3.05e-01   2.61e-01   9.56e-02   1.42e+00   0.00e+00 (  1.82e+02,  2.17e+02)
40      0.104   3.12e-01   2.92e-01   9.09e-02   1.32e+00   0.00e+00 (  1.73e+02,  2.12e+02)
45      0.115   3.35e-01   3.39e-01   1.01e-01   1.53e+00   0.00e+00 (  1.68e+02,  2.02e+02)
50      0.132   3.77e-01   4.13e-01   1.96e-01   1.85e+00   0.00e+00 (  1.63e+02,  1.89e+02)
55      0.149   4.16e-01   5.05e-01   2.65e-01   2.17e+00   0.00e+00 (  1.55e+02,  1.73e+02)
60      0.142   4.19e-01   5.27e-01   3.19e-01   2.15e+00   0.00e+00 (  1.39e+02,  1.56e+02)
65      0.154   4.42e-01   5.97e-01   4.02e-01   2.39e+00   0.00e+00 (  1.26e+02,  1.39e+02)
70      0.186   4.89e-01   7.34e-01   5.34e-01   2.96e+00   0.00e+00 (  1.15e+02,  1.23e+02)
75      0.196   4.95e-01   7.83e-01   6.19e-01   3.19e+00   0.00e+00 (  1.01e+02,  1.07e+02)
80      0.210   4.86e-01   8.21e-01   6.56e-01   3.61e+00   0.00e+00 (  8.16e+01,  9.27e+01)
85      0.289   6.95e-01   9.84e-01   6.64e-01   6.27e+00   0.00e+00 (  8.74e+01,  7.90e+01)
90      1.775   4.09e+00   5.10e+00   2.99e+00   7.80e+01   0.00e+00 (  1.24e+03,  6.56e+01)
95      0.552   9.64e-01   1.39e+00   1.00e+00   4.57e+01   0.00e+00 (  7.34e+02,  5.25e+01)
15 e: 6.262e-05 i: 2.229e-05 :: e: 1.032e-02 i: 1.209e-02 :: n: 3.012e+01 e:23.634 i:27.957 v:4.993e+03
>>> tau_he = 5.000000, nhe(0)=3.783524e+00
 5     -0.010   1.01e-02   1.49e+00   4.92e-03  -4.74e-02   0.00e+00 (  3.49e+00,  4.75e+01)
10     -0.004   1.51e-02   4.21e-03   2.68e-03  -2.62e-02   0.00e+00 (  1.08e+01,  9.77e+01)
15     -0.042   9.52e-02  -4.43e-02   1.65e-02  -3.14e-01   0.00e+00 (  7.35e+01,  1.43e+02)
20      0.015   1.63e-01   7.24e-02  -9.90e-03   1.33e-01   0.00e+00 (  1.21e+02,  1.77e+02)
25      0.084   1.97e-01   1.29e-01   2.34e-03   8.21e-01   0.00e+00 (  1.42e+02,  2.01e+02)
30      0.067   2.14e-01   1.49e-01   1.76e-02   7.28e-01   0.00e+00 (  1.49e+02,  2.14e+02)
35      0.119   3.02e-01   2.55e-01   9.22e-02   1.40e+00   0.00e+00 (  1.79e+02,  2.17e+02)
40      0.103   3.09e-01   2.85e-01   8.92e-02   1.30e+00   0.00e+00 (  1.70e+02,  2.12e+02)
45      0.113   3.36e-01   3.30e-01   9.88e-02   1.51e+00   0.00e+00 (  1.67e+02,  2.02e+02)
50      0.130   3.71e-01   4.00e-01   1.92e-01   1.82e+00   0.00e+00 (  1.59e+02,  1.89e+02)
55      0.147   4.09e-01   4.92e-01   2.59e-01   2.15e+00   0.00e+00 (  1.51e+02,  1.73e+02)
60      0.142   4.12e-01   5.15e-01   3.13e-01   2.14e+00   0.00e+00 (  1.35e+02,  1.56e+02)
65      0.155   4.34e-01   5.89e-01   3.98e-01   2.41e+00   0.00e+00 (  1.22e+02,  1.39e+02)
70      0.188   4.83e-01   7.27e-01   5.29e-01   2.98e+00   0.00e+00 (  1.12e+02,  1.23e+02)
75      0.199   4.92e-01   7.81e-01   6.18e-01   3.24e+00   0.00e+00 (  9.83e+01,  1.07e+02)
80      0.213   4.87e-01   8.24e-01   6.62e-01   3.67e+00   0.00e+00 (  8.05e+01,  9.27e+01)
85      0.291   7.00e-01   9.88e-01   6.69e-01   6.31e+00   0.00e+00 (  8.66e+01,  7.90e+01)
90      1.771   4.08e+00   5.09e+00   2.99e+00   7.78e+01   0.00e+00 (  1.24e+03,  6.56e+01)
95      0.552   9.64e-01   1.39e+00   1.00e+00   4.57e+01   0.00e+00 (  7.34e+02,  5.25e+01)
16 e: 3.459e-05 i: 3.012e-05 :: e: 5.716e-03 i: 7.664e-03 :: n: 3.012e+01 e:23.768 i:27.836 v:4.993e+03
>>> tau_he = 5.000000, nhe(0)=3.774799e+00
 5     -0.010   1.01e-02   1.49e+00   4.98e-03  -4.74e-02   0.00e+00 (  3.49e+00,  4.75e+01)
10     -0.004   1.54e-02   4.03e-03   2.70e-03  -2.62e-02   0.00e+00 (  1.12e+01,  9.77e+01)
15     -0.042   9.61e-02  -4.46e-02   1.62e-02  -3.18e-01   0.00e+00 (  7.44e+01,  1.43e+02)
20      0.016   1.65e-01   7.48e-02  -1.71e-02   1.41e-01   0.00e+00 (  1.23e+02,  1.77e+02)
25      0.084   1.98e-01   1.31e-01  -3.21e-07   8.19e-01   0.00e+00 (  1.44e+02,  2.01e+02)
30      0.143   3.39e-01   2.98e-01   5.79e-02   1.55e+00   0.00e+00 (  2.37e+02,  2.14e+02)
35      0.120   3.04e-01   2.60e-01   9.54e-02   1.41e+00   0.00e+00 (  1.82e+02,  2.17e+02)
40      0.104   3.11e-01   2.91e-01   9.07e-02   1.31e+00   0.00e+00 (  1.72e+02,  2.12e+02)
45      0.114   3.34e-01   3.38e-01   1.01e-01   1.53e+00   0.00e+00 (  1.67e+02,  2.02e+02)
50      0.131   3.75e-01   4.11e-01   1.96e-01   1.84e+00   0.00e+00 (  1.62e+02,  1.89e+02)
55      0.148   4.14e-01   5.04e-01   2.64e-01   2.16e+00   0.00e+00 (  1.54e+02,  1.73e+02)
60      0.141   4.17e-01   5.24e-01   3.17e-01   2.14e+00   0.00e+00 (  1.38e+02,  1.56e+02)
65      0.153   4.39e-01   5.93e-01   3.99e-01   2.37e+00   0.00e+00 (  1.24e+02,  1.39e+02)
70      0.185   4.86e-01   7.30e-01   5.31e-01   2.95e+00   0.00e+00 (  1.14e+02,  1.23e+02)
75      0.195   4.93e-01   7.79e-01   6.17e-01   3.18e+00   0.00e+00 (  9.96e+01,  1.07e+02)
80      0.209   4.83e-01   8.17e-01   6.53e-01   3.60e+00   0.00e+00 (  8.09e+01,  9.27e+01)
85      0.288   6.94e-01   9.81e-01   6.62e-01   6.26e+00   0.00e+00 (  8.70e+01,  7.90e+01)
90      1.774   4.09e+00   5.10e+00   2.99e+00   7.80e+01   0.00e+00 (  1.24e+03,  6.56e+01)
95      0.552   9.64e-01   1.39e+00   1.00e+00   4.57e+01   0.00e+00 (  7.34e+02,  5.25e+01)
17 e: 1.578e-04 i: 2.477e-04 :: e: 2.150e-02 i: 2.125e-02 :: n: 3.012e+01 e:23.572 i:27.881 v:4.993e+03
>>> tau_he = 5.000000, nhe(0)=3.777982e+00
 5     -0.010   1.01e-02   1.47e+00   4.93e-03  -4.76e-02   0.00e+00 (  3.48e+00,  4.75e+01)
10     -0.004   1.54e-02   3.67e-03   2.63e-03  -2.61e-02   0.00e+00 (  1.11e+01,  9.77e+01)
15     -0.042   9.60e-02  -4.38e-02   1.64e-02  -3.12e-01   0.00e+00 (  7.37e+01,  1.43e+02)
20      0.016   1.61e-01   7.23e-02  -9.96e-03   1.38e-01   0.00e+00 (  1.20e+02,  1.77e+02)
25      0.083   1.95e-01   1.27e-01   2.37e-03   8.13e-01   0.00e+00 (  1.41e+02,  2.01e+02)
30      0.067   2.11e-01   1.43e-01   1.68e-02   7.23e-01   0.00e+00 (  1.43e+02,  2.14e+02)
35      0.118   3.01e-01   2.54e-01   9.16e-02   1.39e+00   0.00e+00 (  1.78e+02,  2.17e+02)
40      0.103   3.09e-01   2.86e-01   8.94e-02   1.30e+00   0.00e+00 (  1.70e+02,  2.12e+02)
45      0.113   3.36e-01   3.31e-01   9.93e-02   1.51e+00   0.00e+00 (  1.67e+02,  2.02e+02)
50      0.130   3.71e-01   4.01e-01   1.92e-01   1.82e+00   0.00e+00 (  1.59e+02,  1.89e+02)
55      0.147   4.09e-01   4.92e-01   2.59e-01   2.15e+00   0.00e+00 (  1.51e+02,  1.73e+02)
60      0.142   4.11e-01   5.14e-01   3.12e-01   2.14e+00   0.00e+00 (  1.35e+02,  1.56e+02)
65      0.155   4.32e-01   5.87e-01   3.97e-01   2.40e+00   0.00e+00 (  1.21e+02,  1.39e+02)
70      0.187   4.82e-01   7.25e-01   5.28e-01   2.98e+00   0.00e+00 (  1.12e+02,  1.23e+02)
75      0.198   4.90e-01   7.79e-01   6.16e-01   3.23e+00   0.00e+00 (  9.78e+01,  1.07e+02)
80      0.213   4.86e-01   8.23e-01   6.60e-01   3.66e+00   0.00e+00 (  8.01e+01,  9.27e+01)
85      0.290   7.00e-01   9.86e-01   6.67e-01   6.30e+00   0.00e+00 (  8.63e+01,  7.90e+01)
90      1.771   4.08e+00   5.09e+00   2.99e+00   7.78e+01   0.00e+00 (  1.24e+03,  6.56e+01)
95      0.552   9.64e-01   1.39e+00   1.00e+00   4.57e+01   0.00e+00 (  7.34e+02,  5.25e+01)
18 e: 3.035e-05 i: 3.463e-05 :: e: 7.120e-03 i: 8.477e-03 :: n: 3.012e+01 e:23.684 i:27.754 v:4.993e+03
>>> tau_he = 5.000000, nhe(0)=3.768739e+00
 5     -0.010   9.98e-03   1.46e+00   4.98e-03  -4.73e-02   0.00e+00 (  3.46e+00,  4.75e+01)
10     -0.004   1.50e-02   3.57e-03   2.62e-03  -2.61e-02   0.00e+00 (  1.09e+01,  9.77e+01)
15     -0.037   9.38e-02  -4.46e-02   1.56e-02  -2.79e-01   0.00e+00 (  7.21e+01,  1.43e+02)
20      0.017   1.63e-01   7.42e-02  -1.70e-02   1.48e-01   0.00e+00 (  1.21e+02,  1.77e+02)
25      0.083   1.96e-01   1.30e-01   2.20e-03   8.13e-01   0.00e+00 (  1.42e+02,  2.01e+02)
30      0.067   2.12e-01   1.47e-01   1.71e-02   7.26e-01   0.00e+00 (  1.45e+02,  2.14e+02)
35      0.119   3.03e-01   2.59e-01   9.46e-02   1.41e+00   0.00e+00 (  1.80e+02,  2.17e+02)
40      0.104   3.10e-01   2.91e-01   9.07e-02   1.31e+00   0.00e+00 (  1.72e+02,  2.12e+02)
45      0.114   3.34e-01   3.38e-01   1.01e-01   1.53e+00   0.00e+00 (  1.67e+02,  2.02e+02)
50      0.131   3.75e-01   4.11e-01   1.95e-01   1.84e+00   0.00e+00 (  1.62e+02,  1.89e+02)
55      0.148   4.14e-01   5.03e-01   2.64e-01   2.17e+00   0.00e+00 (  1.54e+02,  1.73e+02)
60      0.141   4.16e-01   5.23e-01   3.17e-01   2.13e+00   0.00e+00 (  1.37e+02,  1.56e+02)
65      0.153   4.38e-01   5.91e-01   3.98e-01   2.37e+00   0.00e+00 (  1.24e+02,  1.39e+02)
70      0.185   4.85e-01   7.29e-01   5.31e-01   2.94e+00   0.00e+00 (  1.14e+02,  1.23e+02)
75      0.195   4.92e-01   7.78e-01   6.15e-01   3.18e+00   0.00e+00 (  9.92e+01,  1.07e+02)
80      0.209   4.82e-01   8.15e-01   6.51e-01   3.59e+00   0.00e+00 (  8.05e+01,  9.27e+01)
85      0.288   6.94e-01   9.80e-01   6.61e-01   6.26e+00   0.00e+00 (  8.67e+01,  7.90e+01)
90      1.774   4.09e+00   5.10e+00   2.99e+00   7.80e+01   0.00e+00 (  1.24e+03,  6.56e+01)
95      0.552   9.64e-01   1.39e+00   1.00e+00   4.57e+01   0.00e+00 (  7.34e+02,  5.25e+01)
19 e: 4.705e-05 i: 2.200e-05 :: e: 6.997e-03 i: 8.047e-03 :: n: 3.012e+01 e:23.532 i:27.848 v:4.993e+03
>>> tau_he = 5.000000, nhe(0)=3.775541e+00
 5     -0.010   1.00e-02   1.46e+00   4.92e-03  -4.74e-02   0.00e+00 (  3.46e+00,  4.75e+01)
10     -0.004   1.53e-02   3.48e-03   2.58e-03  -2.60e-02   0.00e+00 (  1.10e+01,  9.77e+01)
15     -0.040   9.57e-02  -4.36e-02   1.63e-02  -3.03e-01   0.00e+00 (  7.31e+01,  1.43e+02)
20      0.017   1.60e-01   7.11e-02  -9.69e-03   1.47e-01   0.00e+00 (  1.18e+02,  1.77e+02)
25      0.083   1.95e-01   1.27e-01   2.37e-03   8.11e-01   0.00e+00 (  1.40e+02,  2.01e+02)
30      0.067   2.11e-01   1.44e-01   1.70e-02   7.24e-01   0.00e+00 (  1.44e+02,  2.14e+02)
35      0.118   3.00e-01   2.54e-01   9.16e-02   1.39e+00   0.00e+00 (  1.77e+02,  2.17e+02)
40      0.103   3.07e-01   2.85e-01   8.91e-02   1.30e+00   0.00e+00 (  1.69e+02,  2.12e+02)
45      0.113   3.30e-01   3.30e-01   9.88e-02   1.51e+00   0.00e+00 (  1.63e+02,  2.02e+02)
50      0.129   3.70e-01   4.00e-01   1.91e-01   1.81e+00   0.00e+00 (  1.58e+02,  1.89e+02)
55      0.147   4.08e-01   4.91e-01   2.58e-01   2.15e+00   0.00e+00 (  1.50e+02,  1.73e+02)
60      0.141   4.10e-01   5.12e-01   3.11e-01   2.13e+00   0.00e+00 (  1.34e+02,  1.56e+02)
65      0.154   4.31e-01   5.84e-01   3.95e-01   2.39e+00   0.00e+00 (  1.20e+02,  1.39e+02)
70      0.187   4.81e-01   7.23e-01   5.27e-01   2.97e+00   0.00e+00 (  1.11e+02,  1.23e+02)
75      0.198   4.89e-01   7.77e-01   6.15e-01   3.22e+00   0.00e+00 (  9.74e+01,  1.07e+02)
80      0.212   4.84e-01   8.20e-01   6.58e-01   3.65e+00   0.00e+00 (  7.97e+01,  9.27e+01)
85      0.290   6.99e-01   9.84e-01   6.65e-01   6.29e+00   0.00e+00 (  8.61e+01,  7.90e+01)
90      1.771   4.09e+00   5.09e+00   2.98e+00   7.78e+01   0.00e+00 (  1.24e+03,  6.56e+01)
95      0.552   9.64e-01   1.39e+00   1.00e+00   4.57e+01   0.00e+00 (  7.34e+02,  5.25e+01)
20 e: 3.091e-05 i: 2.349e-05 :: e: 7.463e-03 i: 7.890e-03 :: n: 3.012e+01 e:23.658 i:27.756 v:4.993e+03
>>> tau_he = 5.000000, nhe(0)=3.768872e+00
 5     -0.010   9.98e-03   1.46e+00   4.97e-03  -4.73e-02   0.00e+00 (  3.46e+00,  4.75e+01)
10     -0.004   1.51e-02   3.39e-03   2.59e-03  -2.61e-02   0.00e+00 (  1.09e+01,  9.77e+01)
15     -0.036   9.40e-02  -4.45e-02   1.56e-02  -2.73e-01   0.00e+00 (  7.19e+01,  1.43e+02)
20      0.017   1.64e-01   7.34e-02  -1.68e-02   1.47e-01   0.00e+00 (  1.21e+02,  1.77e+02)
25      0.083   1.96e-01   1.30e-01   2.22e-03   8.11e-01   0.00e+00 (  1.42e+02,  2.01e+02)
30      0.067   2.12e-01   1.48e-01   1.74e-02   7.23e-01   0.00e+00 (  1.46e+02,  2.14e+02)
35      0.119   3.02e-01   2.58e-01   9.45e-02   1.40e+00   0.00e+00 (  1.79e+02,  2.17e+02)
40      0.104   3.09e-01   2.90e-01   9.04e-02   1.31e+00   0.00e+00 (  1.71e+02,  2.12e+02)
45      0.114   3.33e-01   3.37e-01   1.01e-01   1.52e+00   0.00e+00 (  1.66e+02,  2.02e+02)
50      0.130   3.74e-01   4.09e-01   1.95e-01   1.83e+00   0.00e+00 (  1.61e+02,  1.89e+02)
55      0.148   4.12e-01   5.01e-01   2.63e-01   2.16e+00   0.00e+00 (  1.53e+02,  1.73e+02)
60      0.141   4.14e-01   5.20e-01   3.15e-01   2.12e+00   0.00e+00 (  1.36e+02,  1.56e+02)
65      0.152   4.36e-01   5.88e-01   3.96e-01   2.36e+00   0.00e+00 (  1.23e+02,  1.39e+02)
70      0.185   4.84e-01   7.26e-01   5.29e-01   2.94e+00   0.00e+00 (  1.13e+02,  1.23e+02)
75      0.195   4.90e-01   7.75e-01   6.13e-01   3.17e+00   0.00e+00 (  9.85e+01,  1.07e+02)
80      0.208   4.81e-01   8.12e-01   6.49e-01   3.58e+00   0.00e+00 (  7.99e+01,  9.27e+01)
85      0.288   6.94e-01   9.78e-01   6.59e-01   6.25e+00   0.00e+00 (  8.64e+01,  7.90e+01)
90      1.773   4.09e+00   5.10e+00   2.99e+00   7.79e+01   0.00e+00 (  1.24e+03,  6.56e+01)
95      0.552   9.64e-01   1.39e+00   1.00e+00   4.57e+01   0.00e+00 (  7.34e+02,  5.25e+01)
21 e: 3.633e-05 i: 1.806e-05 :: e: 5.259e-03 i: 6.392e-03 :: n: 3.012e+01 e:23.526 i:27.857 v:4.993e+03
>>> tau_he = 5.000000, nhe(0)=3.776174e+00
 5     -0.010   1.00e-02   1.45e+00   4.92e-03  -4.75e-02   0.00e+00 (  3.46e+00,  4.75e+01)
10     -0.004   1.54e-02   3.30e-03   2.56e-03  -2.61e-02   0.00e+00 (  1.11e+01,  9.77e+01)
15     -0.040   9.61e-02  -4.35e-02   1.63e-02  -2.99e-01   0.00e+00 (  7.31e+01,  1.43e+02)
20      0.017   1.60e-01   7.07e-02  -9.58e-03   1.51e-01   0.00e+00 (  1.18e+02,  1.77e+02)
25      0.083   1.95e-01   1.28e-01   2.37e-03   8.09e-01   0.00e+00 (  1.41e+02,  2.01e+02)
30      0.067   2.11e-01   1.46e-01   1.72e-02   7.22e-01   0.00e+00 (  1.45e+02,  2.14e+02)
35      0.118   3.00e-01   2.54e-01   9.18e-02   1.39e+00   0.00e+00 (  1.77e+02,  2.17e+02)
40      0.103   3.07e-01   2.84e-01   8.91e-02   1.29e+00   0.00e+00 (  1.68e+02,  2.12e+02)
45      0.112   3.30e-01   3.30e-01   9.88e-02   1.50e+00   0.00e+00 (  1.63e+02,  2.02e+02)
50      0.129   3.69e-01   3.99e-01   1.91e-01   1.81e+00   0.00e+00 (  1.58e+02,  1.89e+02)
55      0.147   4.07e-01   4.91e-01   2.58e-01   2.14e+00   0.00e+00 (  1.49e+02,  1.73e+02)
60      0.141   4.09e-01   5.11e-01   3.11e-01   2.12e+00   0.00e+00 (  1.33e+02,  1.56e+02)
65      0.153   4.29e-01   5.82e-01   3.94e-01   2.38e+00   0.00e+00 (  1.20e+02,  1.39e+02)
70      0.186   4.79e-01   7.21e-01   5.26e-01   2.96e+00   0.00e+00 (  1.11e+02,  1.23e+02)
75      0.197   4.87e-01   7.74e-01   6.13e-01   3.21e+00   0.00e+00 (  9.69e+01,  1.07e+02)
80      0.211   4.82e-01   8.17e-01   6.55e-01   3.64e+00   0.00e+00 (  7.92e+01,  9.27e+01)
85      0.289   6.99e-01   9.81e-01   6.63e-01   6.28e+00   0.00e+00 (  8.58e+01,  7.90e+01)
90      0.791   1.84e+00   2.32e+00   1.43e+00   3.48e+01   0.00e+00 (  5.57e+02,  6.56e+01)
95      0.552   9.64e-01   1.39e+00   1.00e+00   4.57e+01   0.00e+00 (  7.34e+02,  5.25e+01)
22 e: 2.782e-05 i: 1.649e-05 :: e: 7.335e-03 i: 7.167e-03 :: n: 3.012e+01 e:23.648 i:27.777 v:4.993e+03
>>> tau_he = 5.000000, nhe(0)=3.770438e+00
 5     -0.010   9.99e-03   1.45e+00   4.97e-03  -4.75e-02   0.00e+00 (  3.46e+00,  4.75e+01)
10     -0.004   1.52e-02   3.22e-03   2.56e-03  -2.61e-02   0.00e+00 (  1.10e+01,  9.77e+01)
15     -0.036   9.44e-02  -4.43e-02   1.57e-02  -2.70e-01   0.00e+00 (  7.20e+01,  1.43e+02)
20      0.017   1.63e-01   7.30e-02  -1.66e-02   1.51e-01   0.00e+00 (  1.21e+02,  1.77e+02)
25      0.082   1.96e-01   1.30e-01   1.97e-04   8.09e-01   0.00e+00 (  1.43e+02,  2.01e+02)
30      0.067   2.13e-01   1.49e-01   1.76e-02   7.21e-01   0.00e+00 (  1.47e+02,  2.14e+02)
35      0.119   3.02e-01   2.58e-01   9.46e-02   1.40e+00   0.00e+00 (  1.80e+02,  2.17e+02)
40      0.103   3.09e-01   2.89e-01   9.03e-02   1.30e+00   0.00e+00 (  1.70e+02,  2.12e+02)
45      0.113   3.32e-01   3.36e-01   1.01e-01   1.51e+00   0.00e+00 (  1.66e+02,  2.02e+02)
50      0.130   3.73e-01   4.08e-01   1.94e-01   1.82e+00   0.00e+00 (  1.60e+02,  1.89e+02)
55      0.147   4.11e-01   5.00e-01   2.63e-01   2.15e+00   0.00e+00 (  1.52e+02,  1.73e+02)
60      0.140   4.13e-01   5.18e-01   3.15e-01   2.12e+00   0.00e+00 (  1.35e+02,  1.56e+02)
65      0.152   4.35e-01   5.86e-01   3.95e-01   2.36e+00   0.00e+00 (  1.22e+02,  1.39e+02)
70      0.185   4.82e-01   7.24e-01   5.28e-01   2.93e+00   0.00e+00 (  1.12e+02,  1.23e+02)
75      0.195   4.88e-01   7.73e-01   6.12e-01   3.17e+00   0.00e+00 (  9.80e+01,  1.07e+02)
80      0.208   4.79e-01   8.09e-01   6.47e-01   3.58e+00   0.00e+00 (  7.95e+01,  9.27e+01)
85      0.287   6.94e-01   9.76e-01   6.57e-01   6.24e+00   0.00e+00 (  8.61e+01,  7.90e+01)
90      1.773   4.09e+00   5.10e+00   2.99e+00   7.79e+01   0.00e+00 (  1.24e+03,  6.56e+01)
95      0.552   9.64e-01   1.39e+00   1.00e+00   4.57e+01   0.00e+00 (  7.34e+02,  5.25e+01)
23 e: 2.828e-05 i: 1.499e-05 :: e: 4.443e-03 i: 5.774e-03 :: n: 3.012e+01 e:23.530 i:27.875 v:4.993e+03
>>> tau_he = 5.000000, nhe(0)=3.777492e+00
 5     -0.010   1.00e-02   1.45e+00   4.92e-03  -4.77e-02   0.00e+00 (  3.47e+00,  4.75e+01)
10     -0.004   1.55e-02   3.15e-03   2.53e-03  -2.61e-02   0.00e+00 (  1.11e+01,  9.77e+01)
15     -0.039   9.66e-02  -4.34e-02   1.63e-02  -2.96e-01   0.00e+00 (  7.33e+01,  1.43e+02)
20      0.017   1.61e-01   7.05e-02  -9.50e-03   1.48e-01   0.00e+00 (  1.18e+02,  1.77e+02)
25      0.082   1.96e-01   1.28e-01   2.37e-03   8.09e-01   0.00e+00 (  1.42e+02,  2.01e+02)
30      0.066   2.12e-01   1.47e-01   1.74e-02   7.20e-01   0.00e+00 (  1.46e+02,  2.14e+02)
35      0.118   3.00e-01   2.54e-01   9.21e-02   1.39e+00   0.00e+00 (  1.78e+02,  2.17e+02)
40      0.103   3.07e-01   2.85e-01   8.91e-02   1.29e+00   0.00e+00 (  1.68e+02,  2.12e+02)
45      0.112   3.29e-01   3.30e-01   9.88e-02   1.50e+00   0.00e+00 (  1.63e+02,  2.02e+02)
50      0.129   3.69e-01   3.99e-01   1.91e-01   1.80e+00   0.00e+00 (  1.58e+02,  1.89e+02)
55      0.146   4.07e-01   4.90e-01   2.58e-01   2.14e+00   0.00e+00 (  1.49e+02,  1.73e+02)
60      0.140   4.08e-01   5.10e-01   3.11e-01   2.12e+00   0.00e+00 (  1.33e+02,  1.56e+02)
65      0.153   4.29e-01   5.81e-01   3.93e-01   2.38e+00   0.00e+00 (  1.19e+02,  1.39e+02)
70      0.186   4.79e-01   7.20e-01   5.25e-01   2.96e+00   0.00e+00 (  1.10e+02,  1.23e+02)
75      0.197   4.86e-01   7.72e-01   6.12e-01   3.20e+00   0.00e+00 (  9.66e+01,  1.07e+02)
80      0.211   4.81e-01   8.15e-01   6.53e-01   3.63e+00   0.00e+00 (  7.89e+01,  9.27e+01)
85      0.289   6.98e-01   9.79e-01   6.61e-01   6.27e+00   0.00e+00 (  8.55e+01,  7.90e+01)
90      0.791   1.84e+00   2.32e+00   1.43e+00   3.48e+01   0.00e+00 (  5.57e+02,  6.56e+01)
95      0.552   9.64e-01   1.39e+00   1.00e+00   4.57e+01   0.00e+00 (  7.34e+02,  5.25e+01)
24 e: 2.484e-05 i: 1.193e-05 :: e: 6.881e-03 i: 6.538e-03 :: n: 3.012e+01 e:23.645 i:27.803 v:4.993e+03
>>> tau_he = 5.000000, nhe(0)=3.772372e+00
 5     -0.010   1.00e-02   1.45e+00   4.97e-03  -4.77e-02   0.00e+00 (  3.47e+00,  4.75e+01)
10     -0.004   1.53e-02   3.09e-03   2.54e-03  -2.62e-02   0.00e+00 (  1.10e+01,  9.77e+01)
15     -0.036   9.49e-02  -4.42e-02   1.57e-02  -2.67e-01   0.00e+00 (  7.22e+01,  1.43e+02)
20      0.018   1.63e-01   7.28e-02  -1.65e-02   1.55e-01   0.00e+00 (  1.20e+02,  1.77e+02)
25      0.082   1.97e-01   1.30e-01  -1.24e-03   8.08e-01   0.00e+00 (  1.43e+02,  2.01e+02)
30      0.066   2.13e-01   1.50e-01   1.78e-02   7.20e-01   0.00e+00 (  1.48e+02,  2.14e+02)
35      0.119   3.02e-01   2.58e-01   9.46e-02   1.40e+00   0.00e+00 (  1.80e+02,  2.17e+02)
40      0.103   3.09e-01   2.89e-01   9.03e-02   1.30e+00   0.00e+00 (  1.70e+02,  2.12e+02)
45      0.113   3.32e-01   3.36e-01   1.01e-01   1.51e+00   0.00e+00 (  1.66e+02,  2.02e+02)
50      0.130   3.72e-01   4.08e-01   1.94e-01   1.82e+00   0.00e+00 (  1.60e+02,  1.89e+02)
55      0.147   4.11e-01   5.00e-01   2.62e-01   2.15e+00   0.00e+00 (  1.52e+02,  1.73e+02)
60      0.140   4.12e-01   5.18e-01   3.14e-01   2.12e+00   0.00e+00 (  1.35e+02,  1.56e+02)
65      0.152   4.34e-01   5.85e-01   3.94e-01   2.35e+00   0.00e+00 (  1.22e+02,  1.39e+02)
70      0.185   4.82e-01   7.23e-01   5.27e-01   2.93e+00   0.00e+00 (  1.12e+02,  1.23e+02)
75      0.194   4.88e-01   7.72e-01   6.11e-01   3.17e+00   0.00e+00 (  9.77e+01,  1.07e+02)
80      0.208   4.78e-01   8.08e-01   6.46e-01   3.58e+00   0.00e+00 (  7.92e+01,  9.27e+01)
85      0.287   6.94e-01   9.74e-01   6.56e-01   6.24e+00   0.00e+00 (  8.58e+01,  7.90e+01)
90      1.773   4.09e+00   5.10e+00   2.99e+00   7.79e+01   0.00e+00 (  1.24e+03,  6.56e+01)
95      0.552   9.64e-01   1.39e+00   1.00e+00   4.57e+01   0.00e+00 (  7.34e+02,  5.25e+01)
25 e: 2.236e-05 i: 1.269e-05 :: e: 3.736e-03 i: 5.200e-03 :: n: 3.012e+01 e:23.537 i:27.895 v:4.993e+03
>>> tau_he = 5.000000, nhe(0)=3.779026e+00
 5     -0.010   1.01e-02   1.45e+00   4.92e-03  -4.78e-02   0.00e+00 (  3.48e+00,  4.75e+01)
10     -0.004   1.55e-02   3.03e-03   2.52e-03  -2.62e-02   0.00e+00 (  1.12e+01,  9.77e+01)
15     -0.035   9.48e-02  -4.38e-02   1.59e-02  -2.62e-01   0.00e+00 (  7.17e+01,  1.43e+02)
20      0.017   1.61e-01   7.04e-02  -9.45e-03   1.52e-01   0.00e+00 (  1.18e+02,  1.77e+02)
25      0.082   1.96e-01   1.29e-01   2.36e-03   8.09e-01   0.00e+00 (  1.42e+02,  2.01e+02)
30      0.066   2.13e-01   1.48e-01   1.76e-02   7.19e-01   0.00e+00 (  1.47e+02,  2.14e+02)
35      0.118   3.00e-01   2.55e-01   9.23e-02   1.39e+00   0.00e+00 (  1.78e+02,  2.17e+02)
40      0.102   3.07e-01   2.85e-01   8.92e-02   1.29e+00   0.00e+00 (  1.68e+02,  2.12e+02)
45      0.112   3.35e-01   3.30e-01   9.89e-02   1.49e+00   0.00e+00 (  1.66e+02,  2.02e+02)
50      0.129   3.69e-01   4.00e-01   1.91e-01   1.80e+00   0.00e+00 (  1.58e+02,  1.89e+02)
55      0.146   4.07e-01   4.91e-01   2.58e-01   2.14e+00   0.00e+00 (  1.49e+02,  1.73e+02)
60      0.140   4.08e-01   5.11e-01   3.11e-01   2.12e+00   0.00e+00 (  1.33e+02,  1.56e+02)
65      0.153   4.29e-01   5.81e-01   3.93e-01   2.37e+00   0.00e+00 (  1.19e+02,  1.39e+02)
70      0.186   4.79e-01   7.20e-01   5.25e-01   2.95e+00   0.00e+00 (  1.10e+02,  1.23e+02)
75      0.197   4.86e-01   7.72e-01   6.11e-01   3.20e+00   0.00e+00 (  9.65e+01,  1.07e+02)
80      0.211   4.81e-01   8.14e-01   6.53e-01   3.63e+00   0.00e+00 (  7.88e+01,  9.27e+01)
85      0.289   6.98e-01   9.78e-01   6.60e-01   6.27e+00   0.00e+00 (  8.54e+01,  7.90e+01)
90      0.791   1.84e+00   2.32e+00   1.43e+00   3.48e+01   0.00e+00 (  5.57e+02,  6.56e+01)
95      0.552   9.64e-01   1.39e+00   1.00e+00   4.57e+01   0.00e+00 (  7.34e+02,  5.25e+01)
26 e: 2.187e-05 i: 8.965e-06 :: e: 5.407e-03 i: 5.595e-03 :: n: 3.012e+01 e:23.646 i:27.830 v:4.993e+03
>>> tau_he = 5.000000, nhe(0)=3.774370e+00
 5     -0.010   1.00e-02   1.44e+00   4.97e-03  -4.78e-02   0.00e+00 (  3.48e+00,  4.75e+01)
10     -0.004   1.53e-02   2.98e-03   2.53e-03  -2.62e-02   0.00e+00 (  1.11e+01,  9.77e+01)
15     -0.035   9.53e-02  -4.41e-02   1.58e-02  -2.66e-01   0.00e+00 (  7.24e+01,  1.43e+02)
20      0.019   1.63e-01   7.25e-02  -1.65e-02   1.64e-01   0.00e+00 (  1.20e+02,  1.77e+02)
25      0.082   1.97e-01   1.30e-01  -2.16e-03   8.08e-01   0.00e+00 (  1.44e+02,  2.01e+02)
30      0.066   2.14e-01   1.50e-01   1.64e-02   7.19e-01   0.00e+00 (  1.49e+02,  2.14e+02)
35      0.119   3.02e-01   2.59e-01   9.46e-02   1.40e+00   0.00e+00 (  1.80e+02,  2.17e+02)
40      0.103   3.09e-01   2.89e-01   9.03e-02   1.30e+00   0.00e+00 (  1.70e+02,  2.12e+02)
45      0.113   3.32e-01   3.36e-01   1.01e-01   1.51e+00   0.00e+00 (  1.65e+02,  2.02e+02)
50      0.130   3.72e-01   4.07e-01   1.94e-01   1.82e+00   0.00e+00 (  1.60e+02,  1.89e+02)
55      0.147   4.11e-01   4.99e-01   2.62e-01   2.15e+00   0.00e+00 (  1.52e+02,  1.73e+02)
60      0.140   4.12e-01   5.17e-01   3.14e-01   2.12e+00   0.00e+00 (  1.35e+02,  1.56e+02)
65      0.152   4.34e-01   5.85e-01   3.94e-01   2.35e+00   0.00e+00 (  1.22e+02,  1.39e+02)
70      0.185   4.82e-01   7.23e-01   5.27e-01   2.93e+00   0.00e+00 (  1.12e+02,  1.23e+02)
75      0.195   4.88e-01   7.72e-01   6.11e-01   3.17e+00   0.00e+00 (  9.77e+01,  1.07e+02)
80      0.208   4.78e-01   8.08e-01   6.46e-01   3.58e+00   0.00e+00 (  7.92e+01,  9.27e+01)
85      0.287   6.94e-01   9.74e-01   6.56e-01   6.24e+00   0.00e+00 (  8.57e+01,  7.90e+01)
90      1.772   4.09e+00   5.10e+00   2.99e+00   7.79e+01   0.00e+00 (  1.24e+03,  6.56e+01)
95      0.552   9.64e-01   1.39e+00   1.00e+00   4.57e+01   0.00e+00 (  7.34e+02,  5.25e+01)
27 e: 1.814e-05 i: 1.085e-05 :: e: 3.286e-03 i: 4.460e-03 :: n: 3.012e+01 e:23.547 i:27.917 v:4.993e+03
>>> tau_he = 5.000000, nhe(0)=3.780609e+00
 5     -0.010   1.01e-02   1.44e+00   4.93e-03  -4.79e-02   0.00e+00 (  3.49e+00,  4.75e+01)
10     -0.004   1.56e-02   2.93e-03   2.50e-03  -2.62e-02   0.00e+00 (  1.12e+01,  9.77e+01)
15     -0.035   9.52e-02  -4.38e-02   1.59e-02  -2.60e-01   0.00e+00 (  7.19e+01,  1.43e+02)
20      0.018   1.61e-01   7.04e-02  -9.42e-03   1.55e-01   0.00e+00 (  1.18e+02,  1.77e+02)
25      0.082   1.96e-01   1.29e-01   1.35e-03   8.09e-01   0.00e+00 (  1.43e+02,  2.01e+02)
30      0.066   2.13e-01   1.49e-01   1.77e-02   7.19e-01   0.00e+00 (  1.48e+02,  2.14e+02)
35      0.118   3.01e-01   2.55e-01   9.25e-02   1.39e+00   0.00e+00 (  1.78e+02,  2.17e+02)
40      0.102   3.07e-01   2.85e-01   8.92e-02   1.29e+00   0.00e+00 (  1.69e+02,  2.12e+02)
45      0.112   3.35e-01   3.30e-01   9.89e-02   1.50e+00   0.00e+00 (  1.66e+02,  2.02e+02)
50      0.129   3.69e-01   4.00e-01   1.91e-01   1.80e+00   0.00e+00 (  1.58e+02,  1.89e+02)
55      0.147   4.07e-01   4.91e-01   2.59e-01   2.14e+00   0.00e+00 (  1.50e+02,  1.73e+02)
60      0.140   4.09e-01   5.11e-01   3.11e-01   2.12e+00   0.00e+00 (  1.33e+02,  1.56e+02)
65      0.153   4.29e-01   5.82e-01   3.94e-01   2.38e+00   0.00e+00 (  1.20e+02,  1.39e+02)
70      0.186   4.79e-01   7.21e-01   5.25e-01   2.95e+00   0.00e+00 (  1.11e+02,  1.23e+02)
75      0.197   4.86e-01   7.72e-01   6.12e-01   3.20e+00   0.00e+00 (  9.67e+01,  1.07e+02)
80      0.211   4.81e-01   8.14e-01   6.53e-01   3.63e+00   0.00e+00 (  7.89e+01,  9.27e+01)
85      0.289   6.98e-01   9.78e-01   6.60e-01   6.27e+00   0.00e+00 (  8.54e+01,  7.90e+01)
90      0.791   1.84e+00   2.32e+00   1.43e+00   3.48e+01   0.00e+00 (  5.57e+02,  6.56e+01)
95      0.552   9.64e-01   1.39e+00   1.00e+00   4.57e+01   0.00e+00 (  7.34e+02,  5.25e+01)
28 e: 1.906e-05 i: 6.996e-06 :: e: 4.392e-03 i: 4.473e-03 :: n: 3.012e+01 e:23.649 i:27.857 v:4.993e+03
>>> tau_he = 5.000000, nhe(0)=3.776336e+00
 5     -0.010   1.00e-02   1.44e+00   4.97e-03  -4.80e-02   0.00e+00 (  3.49e+00,  4.75e+01)
10     -0.004   1.54e-02   2.90e-03   2.51e-03  -2.63e-02   0.00e+00 (  1.11e+01,  9.77e+01)
15     -0.035   9.57e-02  -4.40e-02   1.58e-02  -2.64e-01   0.00e+00 (  7.25e+01,  1.43e+02)
20      0.019   1.63e-01   7.24e-02  -1.64e-02   1.68e-01   0.00e+00 (  1.20e+02,  1.77e+02)
25      0.143   3.25e-01   3.28e-01   7.92e-02   1.40e+00   0.00e+00 (  2.37e+02,  2.01e+02)
30      0.066   2.14e-01   1.50e-01   1.48e-02   7.20e-01   0.00e+00 (  1.50e+02,  2.14e+02)
35      0.119   3.02e-01   2.59e-01   9.46e-02   1.40e+00   0.00e+00 (  1.80e+02,  2.17e+02)
40      0.103   3.09e-01   2.89e-01   9.02e-02   1.30e+00   0.00e+00 (  1.70e+02,  2.12e+02)
45      0.113   3.32e-01   3.35e-01   1.00e-01   1.51e+00   0.00e+00 (  1.65e+02,  2.02e+02)
50      0.130   3.72e-01   4.07e-01   1.94e-01   1.82e+00   0.00e+00 (  1.60e+02,  1.89e+02)
55      0.147   4.11e-01   4.99e-01   2.62e-01   2.15e+00   0.00e+00 (  1.52e+02,  1.73e+02)
60      0.140   4.12e-01   5.17e-01   3.14e-01   2.12e+00   0.00e+00 (  1.35e+02,  1.56e+02)
65      0.152   4.32e-01   5.87e-01   3.96e-01   2.36e+00   0.00e+00 (  1.21e+02,  1.39e+02)
70      0.185   4.82e-01   7.24e-01   5.27e-01   2.94e+00   0.00e+00 (  1.12e+02,  1.23e+02)
75      0.195   4.88e-01   7.72e-01   6.12e-01   3.17e+00   0.00e+00 (  9.78e+01,  1.07e+02)
80      0.208   4.79e-01   8.09e-01   6.47e-01   3.58e+00   0.00e+00 (  7.93e+01,  9.27e+01)
85      0.287   6.94e-01   9.74e-01   6.56e-01   6.24e+00   0.00e+00 (  8.57e+01,  7.90e+01)
90      1.772   4.09e+00   5.10e+00   2.99e+00   7.79e+01   0.00e+00 (  1.24e+03,  6.56e+01)
95      0.552   9.64e-01   1.39e+00   1.00e+00   4.57e+01   0.00e+00 (  7.34e+02,  5.25e+01)
29 e: 1.660e-04 i: 6.413e-04 :: e: 1.842e-02 i: 2.230e-02 :: n: 3.012e+01 e:23.515 i:27.805 v:4.993e+03
>>> tau_he = 5.000000, nhe(0)=3.772507e+00
 5     -0.010   9.97e-03   1.41e+00   4.94e-03  -4.80e-02   0.00e+00 (  3.46e+00,  4.75e+01)
10     -0.004   1.57e-02   2.42e-03   2.44e-03  -2.61e-02   0.00e+00 (  1.14e+01,  9.77e+01)
15     -0.036   9.65e-02  -4.42e-02   1.34e-02  -2.73e-01   0.00e+00 (  7.29e+01,  1.43e+02)
20      0.020   1.61e-01   7.05e-02  -1.59e-02   1.78e-01   0.00e+00 (  1.17e+02,  1.77e+02)
25      0.072   1.87e-01   1.15e-01  -1.48e-03   7.04e-01   0.00e+00 (  1.32e+02,  2.01e+02)
30      0.066   2.13e-01   1.48e-01   1.74e-02   7.19e-01   0.00e+00 (  1.48e+02,  2.14e+02)
35      0.119   3.02e-01   2.56e-01   9.29e-02   1.40e+00   0.00e+00 (  1.79e+02,  2.17e+02)
40      0.103   3.08e-01   2.86e-01   8.95e-02   1.30e+00   0.00e+00 (  1.69e+02,  2.12e+02)
45      0.112   3.36e-01   3.31e-01   9.93e-02   1.50e+00   0.00e+00 (  1.67e+02,  2.02e+02)
50      0.129   3.70e-01   4.01e-01   1.92e-01   1.81e+00   0.00e+00 (  1.58e+02,  1.89e+02)
55      0.147   4.08e-01   4.92e-01   2.59e-01   2.15e+00   0.00e+00 (  1.50e+02,  1.73e+02)
60      0.141   4.10e-01   5.12e-01   3.12e-01   2.13e+00   0.00e+00 (  1.33e+02,  1.56e+02)
65      0.153   4.30e-01   5.83e-01   3.95e-01   2.38e+00   0.00e+00 (  1.20e+02,  1.39e+02)
70      0.186   4.80e-01   7.22e-01   5.26e-01   2.96e+00   0.00e+00 (  1.11e+02,  1.23e+02)
75      0.197   4.87e-01   7.74e-01   6.13e-01   3.21e+00   0.00e+00 (  9.70e+01,  1.07e+02)
80      0.211   4.82e-01   8.15e-01   6.54e-01   3.63e+00   0.00e+00 (  7.91e+01,  9.27e+01)
85      0.289   6.98e-01   9.78e-01   6.60e-01   6.27e+00   0.00e+00 (  8.55e+01,  7.90e+01)
90      0.791   1.84e+00   2.32e+00   1.43e+00   3.48e+01   0.00e+00 (  5.57e+02,  6.56e+01)
95      0.552   9.64e-01   1.39e+00   1.00e+00   4.57e+01   0.00e+00 (  7.34e+02,  5.25e+01)
30 e: 1.422e-05 i: 2.195e-05 :: e: 6.026e-03 i: 6.421e-03 :: n: 3.012e+01 e:23.563 i:27.733 v:4.993e+03
>>> tau_he = 5.000000, nhe(0)=3.767136e+00
 5     -0.010   9.93e-03   1.41e+00   4.95e-03  -4.75e-02   0.00e+00 (  3.44e+00,  4.75e+01)
10     -0.004   1.52e-02   2.52e-03   2.40e-03  -2.60e-02   0.00e+00 (  1.09e+01,  9.77e+01)
15     -0.035   9.57e-02  -4.45e-02   1.32e-02  -2.66e-01   0.00e+00 (  7.22e+01,  1.43e+02)
20      0.021   1.61e-01   7.11e-02  -1.61e-02   1.84e-01   0.00e+00 (  1.17e+02,  1.77e+02)
25      0.073   1.88e-01   1.18e-01  -1.72e-03   7.12e-01   0.00e+00 (  1.33e+02,  2.01e+02)
30      0.067   2.13e-01   1.49e-01   1.77e-02   7.24e-01   0.00e+00 (  1.48e+02,  2.14e+02)
35      0.119   3.03e-01   2.59e-01   9.46e-02   1.40e+00   0.00e+00 (  1.80e+02,  2.17e+02)
40      0.103   3.09e-01   2.89e-01   9.03e-02   1.30e+00   0.00e+00 (  1.70e+02,  2.12e+02)
45      0.113   3.32e-01   3.36e-01   1.01e-01   1.51e+00   0.00e+00 (  1.65e+02,  2.02e+02)
50      0.130   3.73e-01   4.07e-01   1.94e-01   1.82e+00   0.00e+00 (  1.60e+02,  1.89e+02)
55      0.148   4.11e-01   5.00e-01   2.62e-01   2.16e+00   0.00e+00 (  1.52e+02,  1.73e+02)
60      0.141   4.13e-01   5.18e-01   3.15e-01   2.12e+00   0.00e+00 (  1.35e+02,  1.56e+02)
65      0.153   4.33e-01   5.88e-01   3.97e-01   2.37e+00   0.00e+00 (  1.22e+02,  1.39e+02)
70      0.185   4.83e-01   7.25e-01   5.28e-01   2.94e+00   0.00e+00 (  1.13e+02,  1.23e+02)
75      0.195   4.89e-01   7.74e-01   6.13e-01   3.18e+00   0.00e+00 (  9.81e+01,  1.07e+02)
80      0.208   4.80e-01   8.11e-01   6.48e-01   3.59e+00   0.00e+00 (  7.95e+01,  9.27e+01)
85      0.288   6.95e-01   9.76e-01   6.57e-01   6.24e+00   0.00e+00 (  8.59e+01,  7.90e+01)
90      1.772   4.09e+00   5.10e+00   2.99e+00   7.79e+01   0.00e+00 (  1.24e+03,  6.56e+01)
95      0.552   9.64e-01   1.39e+00   1.00e+00   4.57e+01   0.00e+00 (  7.34e+02,  5.25e+01)
31 e: 1.727e-05 i: 1.950e-05 :: e: 5.036e-03 i: 6.135e-03 :: n: 3.012e+01 e:23.488 i:27.801 v:4.993e+03
>>> tau_he = 5.000000, nhe(0)=3.772096e+00
 5     -0.010   9.97e-03   1.42e+00   4.92e-03  -4.76e-02   0.00e+00 (  3.45e+00,  4.75e+01)
10     -0.004   1.53e-02   2.58e-03   2.40e-03  -2.60e-02   0.00e+00 (  1.10e+01,  9.77e+01)
15     -0.034   9.53e-02  -4.33e-02   1.59e-02  -2.56e-01   0.00e+00 (  7.16e+01,  1.43e+02)
20      0.021   1.61e-01   7.00e-02  -1.56e-02   1.85e-01   0.00e+00 (  1.17e+02,  1.77e+02)
25      0.081   1.91e-01   1.22e-01   2.48e-03   7.95e-01   0.00e+00 (  1.36e+02,  2.01e+02)
30      0.067   2.13e-01   1.48e-01   1.76e-02   7.22e-01   0.00e+00 (  1.47e+02,  2.14e+02)
35      0.118   3.01e-01   2.55e-01   9.26e-02   1.39e+00   0.00e+00 (  1.78e+02,  2.17e+02)
40      0.103   3.07e-01   2.85e-01   8.93e-02   1.29e+00   0.00e+00 (  1.69e+02,  2.12e+02)
45      0.112   3.30e-01   3.30e-01   9.89e-02   1.50e+00   0.00e+00 (  1.63e+02,  2.02e+02)
50      0.129   3.69e-01   4.00e-01   1.92e-01   1.81e+00   0.00e+00 (  1.58e+02,  1.89e+02)
55      0.147   4.08e-01   4.92e-01   2.59e-01   2.14e+00   0.00e+00 (  1.50e+02,  1.73e+02)
60      0.141   4.09e-01   5.12e-01   3.11e-01   2.12e+00   0.00e+00 (  1.33e+02,  1.56e+02)
65      0.153   4.30e-01   5.83e-01   3.94e-01   2.38e+00   0.00e+00 (  1.20e+02,  1.39e+02)
70      0.186   4.80e-01   7.22e-01   5.26e-01   2.96e+00   0.00e+00 (  1.11e+02,  1.23e+02)
75      0.197   4.88e-01   7.74e-01   6.13e-01   3.21e+00   0.00e+00 (  9.72e+01,  1.07e+02)
80      0.211   4.82e-01   8.16e-01   6.54e-01   3.63e+00   0.00e+00 (  7.93e+01,  9.27e+01)
85      0.289   6.98e-01   9.79e-01   6.60e-01   6.27e+00   0.00e+00 (  8.55e+01,  7.90e+01)
90      0.791   1.84e+00   2.32e+00   1.43e+00   3.48e+01   0.00e+00 (  5.57e+02,  6.56e+01)
95      0.552   9.64e-01   1.39e+00   1.00e+00   4.57e+01   0.00e+00 (  7.34e+02,  5.25e+01)
32 e: 1.485e-05 i: 1.200e-05 :: e: 4.827e-03 i: 5.454e-03 :: n: 3.012e+01 e:23.573 i:27.767 v:4.993e+03
>>> tau_he = 5.000000, nhe(0)=3.769627e+00
 5     -0.010   9.96e-03   1.42e+00   4.95e-03  -4.76e-02   0.00e+00 (  3.45e+00,  4.75e+01)
10     -0.004   1.52e-02   2.59e-03   2.42e-03  -2.61e-02   0.00e+00 (  1.09e+01,  9.77e+01)
15     -0.034   9.57e-02  -4.35e-02   1.58e-02  -2.59e-01   0.00e+00 (  7.21e+01,  1.43e+02)
20      0.021   1.61e-01   7.12e-02  -1.61e-02   1.81e-01   0.00e+00 (  1.18e+02,  1.77e+02)
25      0.081   1.93e-01   1.24e-01   2.28e-03   7.98e-01   0.00e+00 (  1.38e+02,  2.01e+02)
30      0.067   2.14e-01   1.50e-01   1.70e-02   7.21e-01   0.00e+00 (  1.49e+02,  2.14e+02)
35      0.119   3.02e-01   2.58e-01   9.43e-02   1.40e+00   0.00e+00 (  1.80e+02,  2.17e+02)
40      0.103   3.08e-01   2.88e-01   9.01e-02   1.30e+00   0.00e+00 (  1.70e+02,  2.12e+02)
45      0.113   3.32e-01   3.35e-01   1.00e-01   1.51e+00   0.00e+00 (  1.65e+02,  2.02e+02)
50      0.130   3.72e-01   4.06e-01   1.94e-01   1.82e+00   0.00e+00 (  1.60e+02,  1.89e+02)
55      0.147   4.11e-01   4.99e-01   2.62e-01   2.15e+00   0.00e+00 (  1.52e+02,  1.73e+02)
60      0.140   4.12e-01   5.17e-01   3.14e-01   2.12e+00   0.00e+00 (  1.35e+02,  1.56e+02)
65      0.152   4.32e-01   5.87e-01   3.96e-01   2.37e+00   0.00e+00 (  1.21e+02,  1.39e+02)
70      0.185   4.82e-01   7.24e-01   5.28e-01   2.94e+00   0.00e+00 (  1.12e+02,  1.23e+02)
75      0.195   4.89e-01   7.74e-01   6.13e-01   3.18e+00   0.00e+00 (  9.80e+01,  1.07e+02)
80      0.209   4.80e-01   8.11e-01   6.48e-01   3.59e+00   0.00e+00 (  7.94e+01,  9.27e+01)
85      0.288   6.95e-01   9.76e-01   6.57e-01   6.25e+00   0.00e+00 (  8.58e+01,  7.90e+01)
90      1.772   4.09e+00   5.10e+00   2.99e+00   7.79e+01   0.00e+00 (  1.24e+03,  6.56e+01)
95      0.552   9.64e-01   1.39e+00   1.00e+00   4.57e+01   0.00e+00 (  7.34e+02,  5.25e+01)
33 e: 1.125e-05 i: 1.168e-05 :: e: 3.258e-03 i: 4.263e-03 :: n: 3.012e+01 e:23.508 i:27.845 v:4.993e+03
>>> tau_he = 5.000000, nhe(0)=3.775322e+00
 5     -0.010   1.00e-02   1.42e+00   4.92e-03  -4.78e-02   0.00e+00 (  3.46e+00,  4.75e+01)
10     -0.004   1.54e-02   2.59e-03   2.41e-03  -2.61e-02   0.00e+00 (  1.11e+01,  9.77e+01)
15     -0.034   9.56e-02  -4.34e-02   1.59e-02  -2.55e-01   0.00e+00 (  7.18e+01,  1.43e+02)
20      0.021   1.61e-01   7.04e-02  -1.57e-02   1.83e-01   0.00e+00 (  1.17e+02,  1.77e+02)
25      0.082   1.93e-01   1.24e-01   2.38e-03   7.99e-01   0.00e+00 (  1.38e+02,  2.01e+02)
30      0.067   2.13e-01   1.49e-01   1.77e-02   7.21e-01   0.00e+00 (  1.48e+02,  2.14e+02)
35      0.118   3.01e-01   2.56e-01   9.27e-02   1.39e+00   0.00e+00 (  1.78e+02,  2.17e+02)
40      0.103   3.07e-01   2.85e-01   8.93e-02   1.29e+00   0.00e+00 (  1.69e+02,  2.12e+02)
45      0.112   3.30e-01   3.30e-01   9.89e-02   1.50e+00   0.00e+00 (  1.64e+02,  2.02e+02)
50      0.129   3.69e-01   4.01e-01   1.92e-01   1.81e+00   0.00e+00 (  1.58e+02,  1.89e+02)
55      0.147   4.08e-01   4.92e-01   2.59e-01   2.14e+00   0.00e+00 (  1.50e+02,  1.73e+02)
60      0.140   4.09e-01   5.12e-01   3.11e-01   2.12e+00   0.00e+00 (  1.33e+02,  1.56e+02)
65      0.153   4.30e-01   5.83e-01   3.94e-01   2.37e+00   0.00e+00 (  1.20e+02,  1.39e+02)
70      0.186   4.80e-01   7.22e-01   5.26e-01   2.95e+00   0.00e+00 (  1.11e+02,  1.23e+02)
75      0.197   4.87e-01   7.74e-01   6.12e-01   3.20e+00   0.00e+00 (  9.71e+01,  1.07e+02)
80      0.211   4.81e-01   8.15e-01   6.54e-01   3.63e+00   0.00e+00 (  7.92e+01,  9.27e+01)
85      0.289   6.97e-01   9.78e-01   6.60e-01   6.27e+00   0.00e+00 (  8.55e+01,  7.90e+01)
90      0.791   1.84e+00   2.32e+00   1.43e+00   3.48e+01   0.00e+00 (  5.57e+02,  6.56e+01)
95      0.552   9.64e-01   1.39e+00   1.00e+00   4.57e+01   0.00e+00 (  7.34e+02,  5.25e+01)
34 e: 1.283e-05 i: 7.067e-06 :: e: 4.129e-03 i: 4.495e-03 :: n: 3.012e+01 e:23.592 i:27.814 v:4.993e+03
>>> tau_he = 5.000000, nhe(0)=3.773124e+00
 5     -0.010   1.00e-02   1.42e+00   4.96e-03  -4.78e-02   0.00e+00 (  3.47e+00,  4.75e+01)
10     -0.004   1.53e-02   2.59e-03   2.43e-03  -2.62e-02   0.00e+00 (  1.10e+01,  9.77e+01)
15     -0.034   9.60e-02  -4.36e-02   1.59e-02  -2.58e-01   0.00e+00 (  7.23e+01,  1.43e+02)
20      0.021   1.62e-01   7.15e-02  -1.62e-02   1.80e-01   0.00e+00 (  1.18e+02,  1.77e+02)
25      0.082   1.94e-01   1.26e-01   2.24e-03   8.02e-01   0.00e+00 (  1.40e+02,  2.01e+02)
30      0.067   2.14e-01   1.50e-01   1.49e-02   7.21e-01   0.00e+00 (  1.50e+02,  2.14e+02)
35      0.119   3.02e-01   2.58e-01   9.44e-02   1.40e+00   0.00e+00 (  1.80e+02,  2.17e+02)
40      0.103   3.09e-01   2.88e-01   9.01e-02   1.30e+00   0.00e+00 (  1.70e+02,  2.12e+02)
45      0.113   3.32e-01   3.35e-01   1.00e-01   1.51e+00   0.00e+00 (  1.65e+02,  2.02e+02)
50      0.130   3.72e-01   4.06e-01   1.94e-01   1.82e+00   0.00e+00 (  1.60e+02,  1.89e+02)
55      0.147   4.11e-01   4.98e-01   2.62e-01   2.15e+00   0.00e+00 (  1.52e+02,  1.73e+02)
60      0.140   4.12e-01   5.17e-01   3.14e-01   2.12e+00   0.00e+00 (  1.35e+02,  1.56e+02)
65      0.152   4.32e-01   5.86e-01   3.96e-01   2.37e+00   0.00e+00 (  1.21e+02,  1.39e+02)
70      0.185   4.82e-01   7.24e-01   5.27e-01   2.94e+00   0.00e+00 (  1.12e+02,  1.23e+02)
75      0.195   4.88e-01   7.73e-01   6.12e-01   3.18e+00   0.00e+00 (  9.78e+01,  1.07e+02)
80      0.209   4.79e-01   8.10e-01   6.48e-01   3.59e+00   0.00e+00 (  7.93e+01,  9.27e+01)
85      0.288   6.95e-01   9.75e-01   6.57e-01   6.24e+00   0.00e+00 (  8.57e+01,  7.90e+01)
90      1.772   4.09e+00   5.10e+00   2.99e+00   7.79e+01   0.00e+00 (  1.24e+03,  6.56e+01)
95      0.552   9.64e-01   1.39e+00   1.00e+00   4.57e+01   0.00e+00 (  7.34e+02,  5.25e+01)
35 e: 8.531e-06 i: 8.355e-06 :: e: 2.617e-03 i: 3.575e-03 :: n: 3.012e+01 e:23.531 i:27.886 v:4.993e+03
>>> tau_he = 5.000000, nhe(0)=3.778384e+00
 5     -0.010   1.00e-02   1.43e+00   4.93e-03  -4.80e-02   0.00e+00 (  3.48e+00,  4.75e+01)
10     -0.004   1.55e-02   2.59e-03   2.42e-03  -2.62e-02   0.00e+00 (  1.11e+01,  9.77e+01)
15     -0.034   9.60e-02  -4.34e-02   1.60e-02  -2.55e-01   0.00e+00 (  7.21e+01,  1.43e+02)
20      0.020   1.60e-01   6.98e-02  -9.35e-03   1.72e-01   0.00e+00 (  1.17e+02,  1.77e+02)
25      0.082   1.94e-01   1.26e-01   2.34e-03   8.03e-01   0.00e+00 (  1.40e+02,  2.01e+02)
30      0.066   2.14e-01   1.49e-01   1.57e-02   7.20e-01   0.00e+00 (  1.49e+02,  2.14e+02)
35      0.118   3.01e-01   2.56e-01   9.29e-02   1.39e+00   0.00e+00 (  1.79e+02,  2.17e+02)
40      0.103   3.07e-01   2.85e-01   8.94e-02   1.29e+00   0.00e+00 (  1.69e+02,  2.12e+02)
45      0.112   3.30e-01   3.31e-01   9.90e-02   1.50e+00   0.00e+00 (  1.64e+02,  2.02e+02)
50      0.129   3.70e-01   4.01e-01   1.92e-01   1.81e+00   0.00e+00 (  1.58e+02,  1.89e+02)
55      0.147   4.08e-01   4.93e-01   2.59e-01   2.14e+00   0.00e+00 (  1.50e+02,  1.73e+02)
60      0.140   4.09e-01   5.12e-01   3.12e-01   2.12e+00   0.00e+00 (  1.33e+02,  1.56e+02)
65      0.153   4.30e-01   5.83e-01   3.94e-01   2.37e+00   0.00e+00 (  1.20e+02,  1.39e+02)
70      0.186   4.80e-01   7.22e-01   5.26e-01   2.95e+00   0.00e+00 (  1.11e+02,  1.23e+02)
75      0.197   4.87e-01   7.73e-01   6.12e-01   3.20e+00   0.00e+00 (  9.71e+01,  1.07e+02)
80      0.211   4.81e-01   8.15e-01   6.53e-01   3.63e+00   0.00e+00 (  7.92e+01,  9.27e+01)
85      0.288   6.97e-01   9.78e-01   6.60e-01   6.27e+00   0.00e+00 (  8.55e+01,  7.90e+01)
90      0.791   1.84e+00   2.32e+00   1.43e+00   3.48e+01   0.00e+00 (  5.57e+02,  6.56e+01)
95      0.552   9.64e-01   1.39e+00   1.00e+00   4.57e+01   0.00e+00 (  7.34e+02,  5.25e+01)
36 e: 1.083e-05 i: 4.533e-06 :: e: 3.207e-03 i: 3.623e-03 :: n: 3.012e+01 e:23.609 i:27.856 v:4.993e+03
>>> tau_he = 5.000000, nhe(0)=3.776240e+00
 5     -0.010   1.00e-02   1.43e+00   4.96e-03  -4.80e-02   0.00e+00 (  3.48e+00,  4.75e+01)
10     -0.004   1.54e-02   2.59e-03   2.44e-03  -2.63e-02   0.00e+00 (  1.11e+01,  9.77e+01)
15     -0.034   9.65e-02  -4.44e-02   1.58e-02  -2.58e-01   0.00e+00 (  7.27e+01,  1.43e+02)
20      0.021   1.63e-01   7.17e-02  -1.62e-02   1.79e-01   0.00e+00 (  1.19e+02,  1.77e+02)
25      0.082   1.95e-01   1.28e-01   2.23e-03   8.05e-01   0.00e+00 (  1.41e+02,  2.01e+02)
30      0.142   3.37e-01   2.96e-01   5.71e-02   1.54e+00   0.00e+00 (  2.35e+02,  2.14e+02)
35      0.119   3.02e-01   2.58e-01   9.44e-02   1.40e+00   0.00e+00 (  1.80e+02,  2.17e+02)
40      0.103   3.09e-01   2.88e-01   9.01e-02   1.30e+00   0.00e+00 (  1.70e+02,  2.12e+02)
45      0.113   3.32e-01   3.35e-01   1.00e-01   1.51e+00   0.00e+00 (  1.65e+02,  2.02e+02)
50      0.130   3.72e-01   4.06e-01   1.94e-01   1.82e+00   0.00e+00 (  1.60e+02,  1.89e+02)
55      0.147   4.11e-01   4.98e-01   2.62e-01   2.15e+00   0.00e+00 (  1.52e+02,  1.73e+02)
60      0.140   4.12e-01   5.17e-01   3.14e-01   2.12e+00   0.00e+00 (  1.35e+02,  1.56e+02)
65      0.152   4.32e-01   5.86e-01   3.96e-01   2.37e+00   0.00e+00 (  1.21e+02,  1.39e+02)
70      0.185   4.82e-01   7.24e-01   5.28e-01   2.94e+00   0.00e+00 (  1.12e+02,  1.23e+02)
75      0.195   4.88e-01   7.73e-01   6.12e-01   3.18e+00   0.00e+00 (  9.79e+01,  1.07e+02)
80      0.209   4.80e-01   8.11e-01   6.48e-01   3.59e+00   0.00e+00 (  7.93e+01,  9.27e+01)
85      0.288   6.95e-01   9.75e-01   6.57e-01   6.25e+00   0.00e+00 (  8.57e+01,  7.90e+01)
90      1.772   4.09e+00   5.10e+00   2.99e+00   7.79e+01   0.00e+00 (  1.24e+03,  6.56e+01)
95      0.552   9.64e-01   1.39e+00   1.00e+00   4.57e+01   0.00e+00 (  7.34e+02,  5.25e+01)
37 e: 1.139e-04 i: 2.516e-04 :: e: 1.728e-02 i: 1.655e-02 :: n: 3.012e+01 e:23.523 i:27.869 v:4.993e+03
>>> tau_he = 5.000000, nhe(0)=3.777162e+00
 5     -0.010   1.00e-02   1.42e+00   4.94e-03  -4.82e-02   0.00e+00 (  3.48e+00,  4.75e+01)
10     -0.004   1.57e-02   2.40e-03   2.42e-03  -2.62e-02   0.00e+00 (  1.13e+01,  9.77e+01)
15     -0.035   9.66e-02  -4.42e-02   1.34e-02  -2.63e-01   0.00e+00 (  7.26e+01,  1.43e+02)
20      0.020   1.62e-01   7.16e-02  -1.61e-02   1.78e-01   0.00e+00 (  1.18e+02,  1.77e+02)
25      0.082   1.94e-01   1.26e-01   2.34e-03   8.01e-01   0.00e+00 (  1.40e+02,  2.01e+02)
30      0.066   2.11e-01   1.44e-01   1.69e-02   7.19e-01   0.00e+00 (  1.44e+02,  2.14e+02)
35      0.118   3.01e-01   2.55e-01   9.25e-02   1.39e+00   0.00e+00 (  1.79e+02,  2.17e+02)
40      0.103   3.09e-01   2.87e-01   8.97e-02   1.30e+00   0.00e+00 (  1.70e+02,  2.12e+02)
45      0.113   3.37e-01   3.32e-01   9.96e-02   1.50e+00   0.00e+00 (  1.67e+02,  2.02e+02)
50      0.130   3.71e-01   4.02e-01   1.92e-01   1.82e+00   0.00e+00 (  1.59e+02,  1.89e+02)
55      0.147   4.09e-01   4.94e-01   2.60e-01   2.15e+00   0.00e+00 (  1.51e+02,  1.73e+02)
60      0.141   4.10e-01   5.14e-01   3.12e-01   2.13e+00   0.00e+00 (  1.34e+02,  1.56e+02)
65      0.153   4.31e-01   5.85e-01   3.95e-01   2.38e+00   0.00e+00 (  1.21e+02,  1.39e+02)
70      0.186   4.81e-01   7.24e-01   5.27e-01   2.96e+00   0.00e+00 (  1.12e+02,  1.23e+02)
75      0.197   4.88e-01   7.75e-01   6.14e-01   3.21e+00   0.00e+00 (  9.74e+01,  1.07e+02)
80      0.211   4.82e-01   8.16e-01   6.55e-01   3.63e+00   0.00e+00 (  7.94e+01,  9.27e+01)
85      0.289   6.98e-01   9.79e-01   6.61e-01   6.27e+00   0.00e+00 (  8.56e+01,  7.90e+01)
90      0.791   1.84e+00   2.32e+00   1.43e+00   3.48e+01   0.00e+00 (  5.57e+02,  6.56e+01)
95      0.552   9.64e-01   1.39e+00   1.00e+00   4.57e+01   0.00e+00 (  7.34e+02,  5.25e+01)
38 e: 9.695e-06 i: 8.869e-06 :: e: 4.663e-03 i: 4.549e-03 :: n: 3.012e+01 e:23.579 i:27.818 v:4.993e+03
>>> tau_he = 5.000000, nhe(0)=3.773471e+00
 5     -0.010   9.99e-03   1.42e+00   4.96e-03  -4.80e-02   0.00e+00 (  3.47e+00,  4.75e+01)
10     -0.004   1.54e-02   2.43e-03   2.41e-03  -2.62e-02   0.00e+00 (  1.11e+01,  9.77e+01)
15     -0.035   9.64e-02  -4.44e-02   1.32e-02  -2.62e-01   0.00e+00 (  7.25e+01,  1.43e+02)
20      0.021   1.62e-01   7.21e-02  -1.63e-02   1.79e-01   0.00e+00 (  1.19e+02,  1.77e+02)
25      0.082   1.95e-01   1.27e-01   2.24e-03   8.04e-01   0.00e+00 (  1.40e+02,  2.01e+02)
30      0.067   2.11e-01   1.46e-01   1.71e-02   7.23e-01   0.00e+00 (  1.45e+02,  2.14e+02)
35      0.119   3.02e-01   2.57e-01   9.39e-02   1.40e+00   0.00e+00 (  1.79e+02,  2.17e+02)
40      0.104   3.09e-01   2.89e-01   9.03e-02   1.31e+00   0.00e+00 (  1.71e+02,  2.12e+02)
45      0.113   3.33e-01   3.35e-01   1.01e-01   1.52e+00   0.00e+00 (  1.66e+02,  2.02e+02)
50      0.130   3.73e-01   4.07e-01   1.94e-01   1.83e+00   0.00e+00 (  1.61e+02,  1.89e+02)
55      0.148   4.12e-01   5.00e-01   2.62e-01   2.16e+00   0.00e+00 (  1.52e+02,  1.73e+02)
60      0.141   4.13e-01   5.19e-01   3.15e-01   2.13e+00   0.00e+00 (  1.36e+02,  1.56e+02)
65      0.153   4.34e-01   5.89e-01   3.98e-01   2.37e+00   0.00e+00 (  1.22e+02,  1.39e+02)
70      0.186   4.83e-01   7.26e-01   5.29e-01   2.95e+00   0.00e+00 (  1.13e+02,  1.23e+02)
75      0.196   4.90e-01   7.76e-01   6.14e-01   3.19e+00   0.00e+00 (  9.84e+01,  1.07e+02)
80      0.209   4.81e-01   8.13e-01   6.50e-01   3.60e+00   0.00e+00 (  7.97e+01,  9.27e+01)
85      0.288   6.95e-01   9.77e-01   6.59e-01   6.25e+00   0.00e+00 (  8.60e+01,  7.90e+01)
90      1.772   4.09e+00   5.10e+00   2.99e+00   7.79e+01   0.00e+00 (  1.24e+03,  6.56e+01)
95      0.552   9.64e-01   1.39e+00   1.00e+00   4.57e+01   0.00e+00 (  7.34e+02,  5.25e+01)
39 e: 9.329e-06 i: 1.003e-05 :: e: 4.689e-03 i: 5.088e-03 :: n: 3.012e+01 e:23.520 i:27.875 v:4.993e+03
>>> tau_he = 5.000000, nhe(0)=3.777590e+00
 5     -0.010   1.00e-02   1.42e+00   4.93e-03  -4.80e-02   0.00e+00 (  3.47e+00,  4.75e+01)
10     -0.004   1.55e-02   2.47e-03   2.40e-03  -2.62e-02   0.00e+00 (  1.12e+01,  9.77e+01)
15     -0.034   9.63e-02  -4.41e-02   1.59e-02  -2.53e-01   0.00e+00 (  7.22e+01,  1.43e+02)
20      0.021   1.62e-01   7.11e-02  -1.59e-02   1.82e-01   0.00e+00 (  1.18e+02,  1.77e+02)
25      0.082   1.94e-01   1.27e-01   2.33e-03   8.04e-01   0.00e+00 (  1.40e+02,  2.01e+02)
30      0.067   2.11e-01   1.45e-01   1.71e-02   7.22e-01   0.00e+00 (  1.45e+02,  2.14e+02)
35      0.118   3.01e-01   2.55e-01   9.25e-02   1.39e+00   0.00e+00 (  1.78e+02,  2.17e+02)
40      0.103   3.08e-01   2.86e-01   8.96e-02   1.30e+00   0.00e+00 (  1.69e+02,  2.12e+02)
45      0.112   3.36e-01   3.32e-01   9.93e-02   1.50e+00   0.00e+00 (  1.67e+02,  2.02e+02)
50      0.129   3.71e-01   4.02e-01   1.92e-01   1.81e+00   0.00e+00 (  1.59e+02,  1.89e+02)
55      0.147   4.09e-01   4.94e-01   2.60e-01   2.15e+00   0.00e+00 (  1.51e+02,  1.73e+02)
60      0.141   4.11e-01   5.14e-01   3.12e-01   2.13e+00   0.00e+00 (  1.34e+02,  1.56e+02)
65      0.153   4.32e-01   5.85e-01   3.96e-01   2.38e+00   0.00e+00 (  1.21e+02,  1.39e+02)
70      0.186   4.82e-01   7.25e-01   5.28e-01   2.96e+00   0.00e+00 (  1.12e+02,  1.23e+02)
75      0.197   4.89e-01   7.76e-01   6.15e-01   3.21e+00   0.00e+00 (  9.77e+01,  1.07e+02)
80      0.211   4.83e-01   8.18e-01   6.56e-01   3.64e+00   0.00e+00 (  7.97e+01,  9.27e+01)
85      0.289   6.98e-01   9.80e-01   6.61e-01   6.27e+00   0.00e+00 (  8.58e+01,  7.90e+01)
90      1.771   4.09e+00   5.09e+00   2.98e+00   7.78e+01   0.00e+00 (  1.24e+03,  6.56e+01)
95      0.552   9.64e-01   1.39e+00   1.00e+00   4.57e+01   0.00e+00 (  7.34e+02,  5.25e+01)
40 e: 1.012e-05 i: 6.785e-06 :: e: 3.857e-03 i: 4.283e-03 :: n: 3.012e+01 e:23.589 i:27.846 v:4.993e+03
>>> tau_he = 5.000000, nhe(0)=3.775510e+00
 5     -0.010   1.00e-02   1.42e+00   4.96e-03  -4.81e-02   0.00e+00 (  3.48e+00,  4.75e+01)
10     -0.004   1.54e-02   2.48e-03   2.41e-03  -2.62e-02   0.00e+00 (  1.11e+01,  9.77e+01)
15     -0.034   9.65e-02  -4.43e-02   1.58e-02  -2.55e-01   0.00e+00 (  7.25e+01,  1.43e+02)
20      0.021   1.62e-01   7.19e-02  -1.62e-02   1.80e-01   0.00e+00 (  1.19e+02,  1.77e+02)
25      0.082   1.95e-01   1.28e-01   2.24e-03   8.06e-01   0.00e+00 (  1.41e+02,  2.01e+02)
30      0.067   2.12e-01   1.47e-01   1.73e-02   7.22e-01   0.00e+00 (  1.46e+02,  2.14e+02)
35      0.119   3.02e-01   2.58e-01   9.39e-02   1.40e+00   0.00e+00 (  1.79e+02,  2.17e+02)
40      0.103   3.09e-01   2.89e-01   9.02e-02   1.30e+00   0.00e+00 (  1.71e+02,  2.12e+02)
45      0.113   3.32e-01   3.35e-01   1.00e-01   1.51e+00   0.00e+00 (  1.66e+02,  2.02e+02)
50      0.130   3.73e-01   4.07e-01   1.94e-01   1.82e+00   0.00e+00 (  1.60e+02,  1.89e+02)
55      0.148   4.12e-01   4.99e-01   2.62e-01   2.16e+00   0.00e+00 (  1.52e+02,  1.73e+02)
60      0.141   4.13e-01   5.18e-01   3.14e-01   2.13e+00   0.00e+00 (  1.35e+02,  1.56e+02)
65      0.153   4.33e-01   5.88e-01   3.97e-01   2.37e+00   0.00e+00 (  1.22e+02,  1.39e+02)
70      0.186   4.83e-01   7.26e-01   5.29e-01   2.95e+00   0.00e+00 (  1.13e+02,  1.23e+02)
75      0.196   4.90e-01   7.76e-01   6.14e-01   3.19e+00   0.00e+00 (  9.84e+01,  1.07e+02)
80      0.209   4.81e-01   8.14e-01   6.51e-01   3.60e+00   0.00e+00 (  7.98e+01,  9.27e+01)
85      0.288   6.95e-01   9.78e-01   6.59e-01   6.26e+00   0.00e+00 (  8.60e+01,  7.90e+01)
90      1.772   4.09e+00   5.10e+00   2.99e+00   7.79e+01   0.00e+00 (  1.24e+03,  6.56e+01)
95      0.552   9.64e-01   1.39e+00   1.00e+00   4.57e+01   0.00e+00 (  7.34e+02,  5.25e+01)
41 e: 7.140e-06 i: 7.245e-06 :: e: 3.728e-03 i: 3.828e-03 :: n: 3.012e+01 e:23.537 i:27.906 v:4.993e+03
>>> tau_he = 5.000000, nhe(0)=3.779813e+00
 5     -0.010   1.01e-02   1.42e+00   4.93e-03  -4.82e-02   0.00e+00 (  3.49e+00,  4.75e+01)
10     -0.004   1.55e-02   2.49e-03   2.41e-03  -2.62e-02   0.00e+00 (  1.12e+01,  9.77e+01)
15     -0.033   9.63e-02  -4.33e-02   1.60e-02  -2.51e-01   0.00e+00 (  7.21e+01,  1.43e+02)
20      0.020   1.61e-01   7.02e-02  -9.44e-03   1.72e-01   0.00e+00 (  1.17e+02,  1.77e+02)
25      0.082   1.95e-01   1.28e-01   2.31e-03   8.06e-01   0.00e+00 (  1.41e+02,  2.01e+02)
30      0.067   2.12e-01   1.47e-01   1.73e-02   7.22e-01   0.00e+00 (  1.46e+02,  2.14e+02)
35      0.118   3.01e-01   2.56e-01   9.28e-02   1.39e+00   0.00e+00 (  1.79e+02,  2.17e+02)
40      0.103   3.08e-01   2.86e-01   8.96e-02   1.30e+00   0.00e+00 (  1.69e+02,  2.12e+02)
45      0.113   3.31e-01   3.32e-01   9.92e-02   1.50e+00   0.00e+00 (  1.64e+02,  2.02e+02)
50      0.129   3.71e-01   4.02e-01   1.92e-01   1.81e+00   0.00e+00 (  1.59e+02,  1.89e+02)
55      0.147   4.09e-01   4.94e-01   2.60e-01   2.15e+00   0.00e+00 (  1.51e+02,  1.73e+02)
60      0.141   4.11e-01   5.14e-01   3.12e-01   2.13e+00   0.00e+00 (  1.34e+02,  1.56e+02)
65      0.153   4.31e-01   5.85e-01   3.96e-01   2.38e+00   0.00e+00 (  1.21e+02,  1.39e+02)
70      0.186   4.82e-01   7.24e-01   5.28e-01   2.96e+00   0.00e+00 (  1.12e+02,  1.23e+02)
75      0.197   4.89e-01   7.76e-01   6.14e-01   3.21e+00   0.00e+00 (  9.77e+01,  1.07e+02)
80      0.211   4.83e-01   8.17e-01   6.55e-01   3.63e+00   0.00e+00 (  7.97e+01,  9.27e+01)
85      0.289   6.98e-01   9.80e-01   6.61e-01   6.27e+00   0.00e+00 (  8.58e+01,  7.90e+01)
90      1.771   4.09e+00   5.09e+00   2.98e+00   7.78e+01   0.00e+00 (  1.24e+03,  6.56e+01)
95      0.552   9.64e-01   1.39e+00   1.00e+00   4.57e+01   0.00e+00 (  7.34e+02,  5.25e+01)
42 e: 8.019e-06 i: 4.123e-06 :: e: 2.933e-03 i: 3.579e-03 :: n: 3.012e+01 e:23.603 i:27.879 v:4.993e+03
>>> tau_he = 5.000000, nhe(0)=3.777959e+00
 5     -0.010   1.00e-02   1.42e+00   4.96e-03  -4.82e-02   0.00e+00 (  3.49e+00,  4.75e+01)
10     -0.004   1.54e-02   2.50e-03   2.42e-03  -2.63e-02   0.00e+00 (  1.11e+01,  9.77e+01)
15     -0.034   9.67e-02  -4.43e-02   1.59e-02  -2.54e-01   0.00e+00 (  7.26e+01,  1.43e+02)
20      0.021   1.63e-01   7.20e-02  -1.62e-02   1.80e-01   0.00e+00 (  1.19e+02,  1.77e+02)
25      0.082   1.96e-01   1.29e-01   2.24e-03   8.07e-01   0.00e+00 (  1.42e+02,  2.01e+02)
30      0.067   2.13e-01   1.49e-01   1.76e-02   7.22e-01   0.00e+00 (  1.48e+02,  2.14e+02)
35      0.119   3.02e-01   2.58e-01   9.41e-02   1.40e+00   0.00e+00 (  1.80e+02,  2.17e+02)
40      0.103   3.09e-01   2.88e-01   9.02e-02   1.30e+00   0.00e+00 (  1.71e+02,  2.12e+02)
45      0.113   3.32e-01   3.35e-01   1.00e-01   1.51e+00   0.00e+00 (  1.66e+02,  2.02e+02)
50      0.130   3.73e-01   4.06e-01   1.94e-01   1.82e+00   0.00e+00 (  1.60e+02,  1.89e+02)
55      0.148   4.11e-01   4.99e-01   2.62e-01   2.16e+00   0.00e+00 (  1.52e+02,  1.73e+02)
60      0.141   4.13e-01   5.18e-01   3.14e-01   2.13e+00   0.00e+00 (  1.35e+02,  1.56e+02)
65      0.153   4.33e-01   5.88e-01   3.97e-01   2.37e+00   0.00e+00 (  1.22e+02,  1.39e+02)
70      0.186   4.83e-01   7.26e-01   5.29e-01   2.95e+00   0.00e+00 (  1.13e+02,  1.23e+02)
75      0.196   4.90e-01   7.76e-01   6.14e-01   3.19e+00   0.00e+00 (  9.83e+01,  1.07e+02)
80      0.209   4.81e-01   8.13e-01   6.50e-01   3.60e+00   0.00e+00 (  7.98e+01,  9.27e+01)
85      0.288   6.95e-01   9.78e-01   6.59e-01   6.26e+00   0.00e+00 (  8.60e+01,  7.90e+01)
90      1.772   4.09e+00   5.10e+00   2.99e+00   7.79e+01   0.00e+00 (  1.24e+03,  6.56e+01)
95      0.552   9.64e-01   1.39e+00   1.00e+00   4.57e+01   0.00e+00 (  7.34e+02,  5.25e+01)
43 e: 5.719e-06 i: 5.037e-06 :: e: 2.956e-03 i: 2.998e-03 :: n: 3.012e+01 e:23.555 i:27.933 v:4.993e+03
>>> tau_he = 5.000000, nhe(0)=3.781835e+00
 5     -0.010   1.01e-02   1.42e+00   4.94e-03  -4.83e-02   0.00e+00 (  3.50e+00,  4.75e+01)
10     -0.004   1.56e-02   2.50e-03   2.41e-03  -2.63e-02   0.00e+00 (  1.12e+01,  9.77e+01)
15     -0.033   9.65e-02  -4.34e-02   1.60e-02  -2.51e-01   0.00e+00 (  7.23e+01,  1.43e+02)
20      0.020   1.61e-01   7.04e-02  -9.45e-03   1.72e-01   0.00e+00 (  1.17e+02,  1.77e+02)
25      0.082   1.96e-01   1.29e-01   2.31e-03   8.08e-01   0.00e+00 (  1.42e+02,  2.01e+02)
30      0.067   2.13e-01   1.48e-01   1.75e-02   7.21e-01   0.00e+00 (  1.48e+02,  2.14e+02)
35      0.119   3.02e-01   2.56e-01   9.30e-02   1.40e+00   0.00e+00 (  1.79e+02,  2.17e+02)
40      0.103   3.08e-01   2.86e-01   8.96e-02   1.30e+00   0.00e+00 (  1.70e+02,  2.12e+02)
45      0.112   3.36e-01   3.32e-01   9.93e-02   1.50e+00   0.00e+00 (  1.67e+02,  2.02e+02)
50      0.129   3.71e-01   4.02e-01   1.92e-01   1.81e+00   0.00e+00 (  1.59e+02,  1.89e+02)
55      0.147   4.09e-01   4.94e-01   2.60e-01   2.15e+00   0.00e+00 (  1.51e+02,  1.73e+02)
60      0.141   4.11e-01   5.14e-01   3.12e-01   2.13e+00   0.00e+00 (  1.34e+02,  1.56e+02)
65      0.153   4.31e-01   5.85e-01   3.95e-01   2.38e+00   0.00e+00 (  1.21e+02,  1.39e+02)
70      0.186   4.82e-01   7.24e-01   5.28e-01   2.96e+00   0.00e+00 (  1.12e+02,  1.23e+02)
75      0.197   4.89e-01   7.76e-01   6.14e-01   3.21e+00   0.00e+00 (  9.77e+01,  1.07e+02)
80      0.211   4.83e-01   8.17e-01   6.55e-01   3.63e+00   0.00e+00 (  7.96e+01,  9.27e+01)
85      0.289   6.97e-01   9.80e-01   6.61e-01   6.27e+00   0.00e+00 (  8.58e+01,  7.90e+01)
90      1.771   4.09e+00   5.09e+00   2.98e+00   7.78e+01   0.00e+00 (  1.24e+03,  6.56e+01)
95      0.552   9.64e-01   1.39e+00   1.00e+00   4.57e+01   0.00e+00 (  7.34e+02,  5.25e+01)
44 e: 6.406e-06 i: 2.823e-06 :: e: 2.554e-03 i: 2.843e-03 :: n: 3.012e+01 e:23.614 i:27.906 v:4.993e+03
>>> tau_he = 5.000000, nhe(0)=3.779924e+00
 5     -0.010   1.01e-02   1.43e+00   4.96e-03  -4.83e-02   0.00e+00 (  3.50e+00,  4.75e+01)
10     -0.004   1.55e-02   2.50e-03   2.42e-03  -2.63e-02   0.00e+00 (  1.12e+01,  9.77e+01)
15     -0.034   9.69e-02  -4.43e-02   1.59e-02  -2.54e-01   0.00e+00 (  7.27e+01,  1.43e+02)
20      0.021   1.63e-01   7.20e-02  -1.62e-02   1.80e-01   0.00e+00 (  1.19e+02,  1.77e+02)
25      0.082   1.97e-01   1.30e-01   2.24e-03   8.08e-01   0.00e+00 (  1.43e+02,  2.01e+02)
30      0.067   2.14e-01   1.50e-01   1.77e-02   7.21e-01   0.00e+00 (  1.49e+02,  2.14e+02)
35      0.119   3.03e-01   2.58e-01   9.42e-02   1.40e+00   0.00e+00 (  1.80e+02,  2.17e+02)
40      0.103   3.09e-01   2.88e-01   9.01e-02   1.30e+00   0.00e+00 (  1.71e+02,  2.12e+02)
45      0.113   3.32e-01   3.35e-01   1.00e-01   1.51e+00   0.00e+00 (  1.66e+02,  2.02e+02)
50      0.130   3.72e-01   4.06e-01   1.94e-01   1.82e+00   0.00e+00 (  1.60e+02,  1.89e+02)
55      0.148   4.11e-01   4.99e-01   2.62e-01   2.15e+00   0.00e+00 (  1.52e+02,  1.73e+02)
60      0.141   4.12e-01   5.17e-01   3.14e-01   2.13e+00   0.00e+00 (  1.35e+02,  1.56e+02)
65      0.153   4.33e-01   5.87e-01   3.97e-01   2.37e+00   0.00e+00 (  1.22e+02,  1.39e+02)
70      0.186   4.83e-01   7.26e-01   5.29e-01   2.95e+00   0.00e+00 (  1.13e+02,  1.23e+02)
75      0.196   4.90e-01   7.76e-01   6.14e-01   3.19e+00   0.00e+00 (  9.82e+01,  1.07e+02)
80      0.209   4.81e-01   8.13e-01   6.50e-01   3.60e+00   0.00e+00 (  7.97e+01,  9.27e+01)
85      0.288   6.95e-01   9.78e-01   6.59e-01   6.26e+00   0.00e+00 (  8.60e+01,  7.90e+01)
90      1.772   4.09e+00   5.10e+00   2.99e+00   7.79e+01   0.00e+00 (  1.24e+03,  6.56e+01)
95      0.552   9.64e-01   1.39e+00   1.00e+00   4.57e+01   0.00e+00 (  7.34e+02,  5.25e+01)
45 e: 4.726e-06 i: 3.539e-06 :: e: 2.534e-03 i: 2.515e-03 :: n: 3.012e+01 e:23.567 i:27.953 v:4.993e+03
>>> tau_he = 5.000000, nhe(0)=3.783270e+00
 5     -0.010   1.01e-02   1.43e+00   4.94e-03  -4.84e-02   0.00e+00 (  3.50e+00,  4.75e+01)
10     -0.004   1.56e-02   2.50e-03   2.41e-03  -2.63e-02   0.00e+00 (  1.12e+01,  9.77e+01)
15     -0.033   9.68e-02  -4.42e-02   1.60e-02  -2.51e-01   0.00e+00 (  7.25e+01,  1.43e+02)
20      0.020   1.61e-01   7.05e-02  -9.45e-03   1.72e-01   0.00e+00 (  1.18e+02,  1.77e+02)
25      0.082   1.97e-01   1.29e-01   2.30e-03   8.09e-01   0.00e+00 (  1.43e+02,  2.01e+02)
30      0.067   2.14e-01   1.49e-01   1.77e-02   7.21e-01   0.00e+00 (  1.48e+02,  2.14e+02)
35      0.119   3.02e-01   2.56e-01   9.31e-02   1.40e+00   0.00e+00 (  1.79e+02,  2.17e+02)
40      0.103   3.08e-01   2.86e-01   8.96e-02   1.30e+00   0.00e+00 (  1.70e+02,  2.12e+02)
45      0.113   3.31e-01   3.32e-01   9.93e-02   1.50e+00   0.00e+00 (  1.65e+02,  2.02e+02)
50      0.129   3.71e-01   4.03e-01   1.92e-01   1.81e+00   0.00e+00 (  1.59e+02,  1.89e+02)
55      0.147   4.09e-01   4.95e-01   2.60e-01   2.15e+00   0.00e+00 (  1.51e+02,  1.73e+02)
60      0.141   4.11e-01   5.14e-01   3.12e-01   2.13e+00   0.00e+00 (  1.34e+02,  1.56e+02)
65      0.153   4.31e-01   5.85e-01   3.95e-01   2.38e+00   0.00e+00 (  1.21e+02,  1.39e+02)
70      0.186   4.82e-01   7.24e-01   5.28e-01   2.96e+00   0.00e+00 (  1.12e+02,  1.23e+02)
75      0.197   4.89e-01   7.76e-01   6.14e-01   3.20e+00   0.00e+00 (  9.77e+01,  1.07e+02)
80      0.211   4.83e-01   8.17e-01   6.55e-01   3.63e+00   0.00e+00 (  7.96e+01,  9.27e+01)
85      0.289   6.97e-01   9.80e-01   6.61e-01   6.27e+00   0.00e+00 (  8.58e+01,  7.90e+01)
90      1.771   4.09e+00   5.09e+00   2.98e+00   7.78e+01   0.00e+00 (  1.24e+03,  6.56e+01)
95      0.552   9.64e-01   1.39e+00   1.00e+00   4.57e+01   0.00e+00 (  7.34e+02,  5.25e+01)
46 e: 5.100e-06 i: 2.136e-06 :: e: 1.936e-03 i: 2.258e-03 :: n: 3.012e+01 e:23.620 i:27.925 v:4.993e+03
>>> tau_he = 5.000000, nhe(0)=3.781289e+00
 5     -0.010   1.01e-02   1.43e+00   4.96e-03  -4.84e-02   0.00e+00 (  3.51e+00,  4.75e+01)
10     -0.004   1.55e-02   2.50e-03   2.42e-03  -2.64e-02   0.00e+00 (  1.12e+01,  9.77e+01)
15     -0.034   9.70e-02  -4.44e-02   1.59e-02  -2.53e-01   0.00e+00 (  7.28e+01,  1.43e+02)
20      0.021   1.63e-01   7.20e-02  -1.62e-02   1.80e-01   0.00e+00 (  1.19e+02,  1.77e+02)
25      0.082   1.97e-01   1.30e-01   5.66e-04   8.09e-01   0.00e+00 (  1.44e+02,  2.01e+02)
30      0.067   2.14e-01   1.50e-01   1.66e-02   7.21e-01   0.00e+00 (  1.49e+02,  2.14e+02)
35      0.119   3.03e-01   2.58e-01   9.42e-02   1.40e+00   0.00e+00 (  1.80e+02,  2.17e+02)
40      0.103   3.09e-01   2.88e-01   9.01e-02   1.30e+00   0.00e+00 (  1.71e+02,  2.12e+02)
45      0.113   3.32e-01   3.35e-01   1.00e-01   1.51e+00   0.00e+00 (  1.66e+02,  2.02e+02)
50      0.130   3.72e-01   4.06e-01   1.94e-01   1.82e+00   0.00e+00 (  1.60e+02,  1.89e+02)
55      0.148   4.11e-01   4.99e-01   2.62e-01   2.15e+00   0.00e+00 (  1.52e+02,  1.73e+02)
60      0.141   4.12e-01   5.17e-01   3.14e-01   2.13e+00   0.00e+00 (  1.35e+02,  1.56e+02)
65      0.153   4.33e-01   5.87e-01   3.97e-01   2.37e+00   0.00e+00 (  1.22e+02,  1.39e+02)
70      0.186   4.83e-01   7.26e-01   5.29e-01   2.95e+00   0.00e+00 (  1.13e+02,  1.23e+02)
75      0.196   4.89e-01   7.75e-01   6.14e-01   3.19e+00   0.00e+00 (  9.82e+01,  1.07e+02)
80      0.209   4.81e-01   8.13e-01   6.50e-01   3.60e+00   0.00e+00 (  7.97e+01,  9.27e+01)
85      0.288   6.96e-01   9.78e-01   6.59e-01   6.26e+00   0.00e+00 (  8.60e+01,  7.90e+01)
90      1.772   4.09e+00   5.10e+00   2.99e+00   7.79e+01   0.00e+00 (  1.24e+03,  6.56e+01)
95      0.552   9.64e-01   1.39e+00   1.00e+00   4.57e+01   0.00e+00 (  7.34e+02,  5.25e+01)
47 e: 4.010e-06 i: 2.639e-06 :: e: 2.100e-03 i: 2.145e-03 :: n: 3.012e+01 e:23.575 i:27.966 v:4.993e+03
>>> tau_he = 5.000000, nhe(0)=3.784238e+00
 5     -0.010   1.01e-02   1.43e+00   4.94e-03  -4.84e-02   0.00e+00 (  3.51e+00,  4.75e+01)
10     -0.004   1.56e-02   2.50e-03   2.41e-03  -2.64e-02   0.00e+00 (  1.12e+01,  9.77e+01)
15     -0.033   9.69e-02  -4.43e-02   1.60e-02  -2.50e-01   0.00e+00 (  7.25e+01,  1.43e+02)
20      0.020   1.61e-01   7.05e-02  -9.44e-03   1.73e-01   0.00e+00 (  1.18e+02,  1.77e+02)
25      0.083   1.97e-01   1.29e-01   1.75e-03   8.09e-01   0.00e+00 (  1.43e+02,  2.01e+02)
30      0.067   2.14e-01   1.49e-01   1.68e-02   7.20e-01   0.00e+00 (  1.49e+02,  2.14e+02)
35      0.119   3.02e-01   2.57e-01   9.33e-02   1.40e+00   0.00e+00 (  1.79e+02,  2.17e+02)
40      0.103   3.08e-01   2.87e-01   8.97e-02   1.30e+00   0.00e+00 (  1.70e+02,  2.12e+02)
45      0.112   3.36e-01   3.32e-01   9.94e-02   1.50e+00   0.00e+00 (  1.67e+02,  2.02e+02)
50      0.129   3.71e-01   4.03e-01   1.92e-01   1.81e+00   0.00e+00 (  1.59e+02,  1.89e+02)
55      0.147   4.09e-01   4.95e-01   2.60e-01   2.15e+00   0.00e+00 (  1.51e+02,  1.73e+02)
60      0.141   4.11e-01   5.14e-01   3.13e-01   2.13e+00   0.00e+00 (  1.34e+02,  1.56e+02)
65      0.153   4.31e-01   5.85e-01   3.96e-01   2.38e+00   0.00e+00 (  1.21e+02,  1.39e+02)
70      0.186   4.82e-01   7.24e-01   5.28e-01   2.96e+00   0.00e+00 (  1.12e+02,  1.23e+02)
75      0.197   4.89e-01   7.76e-01   6.14e-01   3.20e+00   0.00e+00 (  9.77e+01,  1.07e+02)
80      0.211   4.83e-01   8.17e-01   6.55e-01   3.63e+00   0.00e+00 (  7.96e+01,  9.27e+01)
85      0.289   6.97e-01   9.80e-01   6.61e-01   6.27e+00   0.00e+00 (  8.58e+01,  7.90e+01)
90      1.771   4.09e+00   5.09e+00   2.98e+00   7.78e+01   0.00e+00 (  1.24e+03,  6.56e+01)
95      0.552   9.64e-01   1.39e+00   1.00e+00   4.57e+01   0.00e+00 (  7.34e+02,  5.25e+01)
48 e: 4.179e-06 i: 1.691e-06 :: e: 1.896e-03 i: 1.906e-03 :: n: 3.012e+01 e:23.623 i:27.938 v:4.993e+03
>>> tau_he = 5.000000, nhe(0)=3.782265e+00
 5     -0.010   1.01e-02   1.43e+00   4.96e-03  -4.84e-02   0.00e+00 (  3.51e+00,  4.75e+01)
10     -0.004   1.55e-02   2.50e-03   2.42e-03  -2.64e-02   0.00e+00 (  1.12e+01,  9.77e+01)
15     -0.033   9.70e-02  -4.44e-02   1.59e-02  -2.52e-01   0.00e+00 (  7.28e+01,  1.43e+02)
20      0.021   1.63e-01   7.20e-02  -1.62e-02   1.81e-01   0.00e+00 (  1.19e+02,  1.77e+02)
25      0.083   1.97e-01   1.30e-01  -4.64e-04   8.09e-01   0.00e+00 (  1.44e+02,  2.01e+02)
30      0.067   2.15e-01   1.50e-01   1.50e-02   7.21e-01   0.00e+00 (  1.50e+02,  2.14e+02)
35      0.119   3.03e-01   2.58e-01   9.42e-02   1.40e+00   0.00e+00 (  1.80e+02,  2.17e+02)
40      0.103   3.09e-01   2.88e-01   9.01e-02   1.30e+00   0.00e+00 (  1.71e+02,  2.12e+02)
45      0.113   3.32e-01   3.34e-01   1.00e-01   1.51e+00   0.00e+00 (  1.66e+02,  2.02e+02)
50      0.130   3.72e-01   4.06e-01   1.94e-01   1.82e+00   0.00e+00 (  1.60e+02,  1.89e+02)
55      0.148   4.11e-01   4.98e-01   2.62e-01   2.15e+00   0.00e+00 (  1.52e+02,  1.73e+02)
60      0.141   4.12e-01   5.17e-01   3.14e-01   2.13e+00   0.00e+00 (  1.35e+02,  1.56e+02)
65      0.153   4.33e-01   5.87e-01   3.97e-01   2.37e+00   0.00e+00 (  1.22e+02,  1.39e+02)
70      0.186   4.83e-01   7.26e-01   5.29e-01   2.95e+00   0.00e+00 (  1.13e+02,  1.23e+02)
75      0.196   4.89e-01   7.75e-01   6.14e-01   3.19e+00   0.00e+00 (  9.82e+01,  1.07e+02)
80      0.209   4.81e-01   8.13e-01   6.50e-01   3.60e+00   0.00e+00 (  7.97e+01,  9.27e+01)
85      0.288   6.96e-01   9.78e-01   6.59e-01   6.26e+00   0.00e+00 (  8.60e+01,  7.90e+01)
90      1.772   4.09e+00   5.10e+00   2.99e+00   7.79e+01   0.00e+00 (  1.24e+03,  6.56e+01)
95      0.552   9.64e-01   1.39e+00   1.00e+00   4.57e+01   0.00e+00 (  7.34e+02,  5.25e+01)
49 e: 3.412e-06 i: 2.013e-06 :: e: 1.848e-03 i: 1.880e-03 :: n: 3.012e+01 e:23.581 i:27.974 v:4.993e+03
 plasma volume = 149.763538
 stored energy(e,i,b,a) = 6.845820e+01 6.620072e+01 0.000000e+00 0.000000e+00
 betan = 1.519506
*power
 Pnb(e,i) = 0.000000e+00 0.000000e+00
 Prf(e,i) = 7.449475e+00 3.254708e+01
 Prad     = -7.708104e+01 
 Pei      = 1.146735e+01 
 Pfuse    = 7.254059e+01 
 Pfusi    = 2.388714e+01 
 Poh      = 0.000000e+00 
*confinement time
 taut, tauITER98y2, H98y2 : 2.269153e+00 1.962613e+00 1.156190e+00
 taue, taui : 4.761855e+00 5.330259e+00
 taut, tau89, H89 : 2.269153e+00 9.065733e-01 2.503000e+00
*temperature
 nea, nebar : 2.050795e+01 2.350640e+01 
 tea, tia : 8.159123e+00 8.654849e+00 (9.427227e-01)
 te0, ti0 : 2.117549e+01 2.738269e+01 (7.733167e-01)
 Sn : 0.000000e+00 
*current balance
 Ip,Ibs,Inb,Irf: 1.000000e+01 2.343160e+00 0.000000e+00 1.618043e-01
 fni,fbs: 0.250 0.234

 plasma volume = 149.763538
 stored energy(e,i,b,a) = 6.845820e+01 6.620072e+01 0.000000e+00 0.000000e+00
 betan = 1.519506
*power
 Pnb(e,i) = 0.000000e+00 0.000000e+00
 Prf(e,i) = 7.449475e+00 3.254708e+01
 Prad     = -7.708104e+01 
 Pei      = 1.146735e+01 
 Pfuse    = 7.254059e+01 
 Pfusi    = 2.388714e+01 
 Poh      = 0.000000e+00 
*confinement time
 taut, tauITER98y2, H98y2 : 2.269153e+00 1.962613e+00 1.156190e+00
 taue, taui : 4.761855e+00 5.330259e+00
 taut, tau89, H89 : 2.269153e+00 9.065733e-01 2.503000e+00
*temperature
 nea, nebar : 2.050795e+01 2.350640e+01 
 tea, tia : 8.159123e+00 8.654849e+00 (9.427227e-01)
 te0, ti0 : 2.117549e+01 2.738269e+01 (7.733167e-01)
 Sn : 0.000000e+00 
*current balance
 Ip,Ibs,Inb,Irf: 1.000000e+01 2.343160e+00 0.000000e+00 1.618043e-01
 fni,fbs: 0.250 0.234
 ELAPASED TIME = 46 sec

finalize
