cmd = /global/common/software/atom/perlmutter/cesol/conda/dev/bin/ips.py --simulation=/pscratch/sd/h/hswils/github_repos/MANTA_DBSCANS/SCANS_GENRAY/npar_scan2/SCAN/dakota_bridge_628876.conf --platform=/global/common/software/atom/perlmutter/cesol/conda/dev/template/machine_config/perlmutter_cpu.conf --verbose --log=ips_sweep.log
Feb 10 2026 17:15:13  Launched IPS
Feb 10 2026 17:15:13  0 ips_dakota_dynamic connecting to IPS dakota bridge <class 'FileNotFoundError'> [Errno 2] No such file or directory
Starting IPS 0.8.1
IPS SLURM_NODES =  [('nid005146', 256), ('nid005147', 256), ('nid005148', 256), ('nid005149', 256), ('nid005150', 256), ('nid005151', 256)]
Feb 10 2026 17:15:14  About to Create Listener /tmp/ips_dynamic_628876.tmp
Feb 10 2026 17:15:14  Created Listener /tmp/ips_dynamic_628876.tmp
Feb 10 2026 17:15:18  ips_dakota_dynamic received response from IPS  {'SIMSTATUS': 'ACK'}
Feb 10 2026 17:15:18  Launched DAKOTA
Redirecting stdout for fastran_FPP_000001_628876_0000 to /pscratch/sd/h/hswils/github_repos/MANTA_DBSCANS/SCANS_GENRAY/npar_scan2/SCAN/fastran_FPP_000001_628876_0000.out 
Created <class 'fastran.driver.fastran_init.fastran_init'>
Created <class 'fastran.driver.fastran_driver.fastran_driver'>
Created <class 'fastran.equilibrium.efit.efit'>
Created <class 'fastran.solver.fastran.fastran'>
Created <class 'fastran.constraint.constraint_current.constraint_current'>
Created <class 'fastran.equilibrium.efit.efit'>
Created <class 'fastran.heating.genray.genray'>
Redirecting stdout for fastran_FPP_000001_628876_0001 to /pscratch/sd/h/hswils/github_repos/MANTA_DBSCANS/SCANS_GENRAY/npar_scan2/SCAN/fastran_FPP_000001_628876_0001.out 
Created <class 'fastran.driver.fastran_init.fastran_init'>
Created <class 'fastran.driver.fastran_driver.fastran_driver'>
Created <class 'fastran.equilibrium.efit.efit'>
Created <class 'fastran.solver.fastran.fastran'>
Created <class 'fastran.constraint.constraint_current.constraint_current'>
Created <class 'fastran.equilibrium.efit.efit'>
Created <class 'fastran.heating.genray.genray'>
Redirecting stdout for fastran_FPP_000001_628876_0002 to /pscratch/sd/h/hswils/github_repos/MANTA_DBSCANS/SCANS_GENRAY/npar_scan2/SCAN/fastran_FPP_000001_628876_0002.out 
Created <class 'fastran.driver.fastran_init.fastran_init'>
Created <class 'fastran.driver.fastran_driver.fastran_driver'>
Created <class 'fastran.equilibrium.efit.efit'>
Created <class 'fastran.solver.fastran.fastran'>
Created <class 'fastran.constraint.constraint_current.constraint_current'>
Created <class 'fastran.equilibrium.efit.efit'>
Created <class 'fastran.heating.genray.genray'>
Redirecting stdout for fastran_FPP_000001_628876_0003 to /pscratch/sd/h/hswils/github_repos/MANTA_DBSCANS/SCANS_GENRAY/npar_scan2/SCAN/fastran_FPP_000001_628876_0003.out 
Created <class 'fastran.driver.fastran_init.fastran_init'>
Created <class 'fastran.driver.fastran_driver.fastran_driver'>
Created <class 'fastran.equilibrium.efit.efit'>
Created <class 'fastran.solver.fastran.fastran'>
Created <class 'fastran.constraint.constraint_current.constraint_current'>
Created <class 'fastran.equilibrium.efit.efit'>
Created <class 'fastran.heating.genray.genray'>
Redirecting stdout for fastran_FPP_000001_628876_0004 to /pscratch/sd/h/hswils/github_repos/MANTA_DBSCANS/SCANS_GENRAY/npar_scan2/SCAN/fastran_FPP_000001_628876_0004.out 
Created <class 'fastran.driver.fastran_init.fastran_init'>
Created <class 'fastran.driver.fastran_driver.fastran_driver'>
Created <class 'fastran.equilibrium.efit.efit'>
Created <class 'fastran.solver.fastran.fastran'>
Created <class 'fastran.constraint.constraint_current.constraint_current'>
Created <class 'fastran.equilibrium.efit.efit'>
Created <class 'fastran.heating.genray.genray'>
Redirecting stdout for fastran_FPP_000001_628876_0005 to /pscratch/sd/h/hswils/github_repos/MANTA_DBSCANS/SCANS_GENRAY/npar_scan2/SCAN/fastran_FPP_000001_628876_0005.out 
Created <class 'fastran.driver.fastran_init.fastran_init'>
Created <class 'fastran.driver.fastran_driver.fastran_driver'>
Created <class 'fastran.equilibrium.efit.efit'>
Created <class 'fastran.solver.fastran.fastran'>
Created <class 'fastran.constraint.constraint_current.constraint_current'>
Created <class 'fastran.equilibrium.efit.efit'>
Created <class 'fastran.heating.genray.genray'>
Feb 10 2026 18:21:37  Received status = END, returning from dakota_bridge.
Feb 10 2026 18:21:37  ips_dakota_dynamic received response from IPS  {'SIMSTATUS': 'ACK'}
