========================================================================
= FASTRAN

nonlinear model = 0
ichi = 0
ineo = 0
reading state...
read formatted input, inprof...
init geometry...
read formatted input, inmetric...
nrho in inmetric = 101
rhob in inmetric = 1.264094e+00
solve avg grad-shafranv...
solve_avg_gs::Ip_temp = 9.996612e+00 
solve_avg_gs::Ip      = 1.000000e+01 
>>> tau_he = 5.000000, nhe(0)=2.522042e+00

 plasma volume = 148.923763
 stored energy(e,i,b) = 5.885164e+01 5.675364e+01 0.000000e+00
 betan = 1.310436
*power
 Pnb(e,i) = 0.000000e+00 0.000000e+00
 Prf(e,i) = 2.971938e+01 0.000000e+00
 Prad     = -1.130711e+01 
 Pei      = 1.629742e+00 
 Pfuse    = 6.103702e+01 
 Pfusi    = 2.002960e+01 
 Poh      = 0.000000e+00 
*confinement time
 taut, tauITER98y2, H98y2 : 1.162109e+00 1.318161e+00 8.816135e-01
 taue, taui : 7.258553e-01 3.084461e+00
 taut, tau89, H89 : 1.162109e+00 6.922032e-01 1.678855e+00
*temperature
 nea, nebar : 1.865390e+01 2.142612e+01 
 tea, tia : 7.708974e+00 7.762392e+00 (9.931183e-01)
 te0, ti0 : 1.881676e+01 1.901697e+01 (9.894721e-01)
 Sn : 0.000000e+00 
*current balance
 Ip,Ibs,Inb,Irf: 1.000000e+01 2.013380e+00 0.000000e+00 2.093912e-01
 fni,fbs: 0.222 0.201

Time advancing...
rho_bdry 0.900000 ...
te_bdry = 3.746296
ti_bdry = 3.746213
ne_bdry = 14.494689
rv_bdry = 279.463030
nrho_tr_bdry = 18
drho_bdry = 0.000000e+00
nrhob = 90
 [    0] t = 0.0000 
>>> tau_he = 5.000000, nhe(0)=2.512081e+00
 5     -0.003   4.09e-03   1.27e-01   2.58e-03  -1.31e-02   0.00e+00 (  8.12e-01,  3.38e+01)
10     -0.000   2.01e-04  -1.58e-03  -9.69e-04  -1.70e-03   0.00e+00 (  5.07e-02,  6.59e+01)
15     -0.001   3.25e-04  -1.98e-03  -1.03e-03  -6.72e-03   0.00e+00 (  9.62e-02,  9.58e+01)
20     -0.002   7.72e-04  -3.15e-03  -2.55e-03  -1.53e-02   0.00e+00 (  2.56e-01,  1.23e+02)
25      0.004   1.83e-02  -1.77e-02   1.27e-04   3.91e-02   0.00e+00 (  6.57e+00,  1.47e+02)
30      0.014   8.42e-02  -2.56e-02   2.28e-02   1.44e-01   0.00e+00 (  3.19e+01,  1.68e+02)
35      0.033   1.46e-01   3.30e-02   3.49e-02   3.62e-01   0.00e+00 (  5.70e+01,  1.84e+02)
40      0.049   2.18e-01   9.81e-02   5.28e-02   5.83e-01   0.00e+00 (  8.57e+01,  1.97e+02)
45      0.074   2.90e-01   2.26e-01   9.02e-02   9.28e-01   0.00e+00 (  1.12e+02,  2.05e+02)
50      0.133   4.19e-01   4.57e-01   2.35e-01   1.76e+00   0.00e+00 (  1.58e+02,  2.09e+02)
55      0.227   5.85e-01   8.23e-01   4.09e-01   3.12e+00   0.00e+00 (  2.11e+02,  2.16e+02)
60      0.299   7.14e-01   1.15e+00   6.69e-01   4.27e+00   0.00e+00 (  2.42e+02,  2.53e+02)
65      0.356   8.22e-01   1.45e+00   9.53e-01   5.22e+00   0.00e+00 (  2.56e+02,  2.94e+02)
70      0.389   9.14e-01   1.69e+00   1.21e+00   5.86e+00   0.00e+00 (  2.57e+02,  2.99e+02)
75      0.390   9.49e-01   1.79e+00   1.36e+00   6.01e+00   0.00e+00 (  2.35e+02,  2.87e+02)
80      0.370   9.01e-01   1.74e+00   1.35e+00   5.98e+00   0.00e+00 (  1.92e+02,  2.72e+02)
85      0.387   9.32e-01   1.70e+00   1.27e+00   7.57e+00   0.00e+00 (  1.81e+02,  2.58e+02)
90      1.961   4.02e+00   5.31e+00   3.78e+00   6.98e+01   0.00e+00 (  1.19e+03,  2.44e+02)
95      0.652   1.14e+00   1.63e+00   1.31e+00   4.12e+01   0.00e+00 (  5.98e+02,  2.33e+02)
 0 e: 1.055e-06 i: 5.997e-06 :: e: 0.000e+00 i: 0.000e+00 :: n: 2.762e+01 e:18.817 i:19.017 v:4.993e+03
>>> tau_he = 5.000000, nhe(0)=2.497363e+00
 5     -0.002   4.16e-03   1.43e-01   2.81e-03  -1.10e-02   0.00e+00 (  8.03e-01,  3.38e+01)
10     -0.000   2.00e-04  -1.54e-03  -9.55e-04  -1.69e-03   0.00e+00 (  5.03e-02,  6.59e+01)
15     -0.001   3.25e-04  -2.02e-03  -1.06e-03  -6.76e-03   0.00e+00 (  9.64e-02,  9.58e+01)
20     -0.002   7.76e-04  -3.16e-03  -2.57e-03  -1.55e-02   0.00e+00 (  2.59e-01,  1.23e+02)
25      0.004   1.79e-02  -1.78e-02   1.09e-04   3.88e-02   0.00e+00 (  6.49e+00,  1.47e+02)
30      0.014   8.50e-02  -2.56e-02   2.31e-02   1.44e-01   0.00e+00 (  3.23e+01,  1.68e+02)
35      0.034   1.49e-01   3.66e-02   3.60e-02   3.79e-01   0.00e+00 (  5.82e+01,  1.84e+02)
40      0.052   2.21e-01   1.06e-01   5.39e-02   6.13e-01   0.00e+00 (  8.72e+01,  1.97e+02)
45      0.079   2.97e-01   2.44e-01   9.64e-02   9.95e-01   0.00e+00 (  1.16e+02,  2.05e+02)
50      0.150   4.36e-01   5.02e-01   2.47e-01   1.98e+00   0.00e+00 (  1.65e+02,  2.09e+02)
55      0.233   5.84e-01   8.37e-01   4.17e-01   3.21e+00   0.00e+00 (  2.06e+02,  2.16e+02)
60      0.300   7.12e-01   1.16e+00   6.74e-01   4.27e+00   0.00e+00 (  2.38e+02,  2.53e+02)
65      0.344   8.17e-01   1.44e+00   9.43e-01   5.04e+00   0.00e+00 (  2.57e+02,  2.94e+02)
70      0.372   8.98e-01   1.65e+00   1.18e+00   5.59e+00   0.00e+00 (  2.52e+02,  2.99e+02)
75      0.378   9.35e-01   1.76e+00   1.33e+00   5.83e+00   0.00e+00 (  2.30e+02,  2.87e+02)
80      0.375   9.18e-01   1.77e+00   1.38e+00   6.07e+00   0.00e+00 (  1.99e+02,  2.72e+02)
85      0.409   9.82e-01   1.81e+00   1.38e+00   7.99e+00   0.00e+00 (  2.05e+02,  2.58e+02)
90      0.632   1.41e+00   2.02e+00   1.31e+00   2.25e+01   0.00e+00 (  3.77e+02,  2.44e+02)
95      0.652   1.14e+00   1.63e+00   1.31e+00   4.12e+01   0.00e+00 (  5.98e+02,  2.33e+02)
 1 e: 4.184e-02 i: 3.590e-01 :: e: 1.389e-02 i: 2.218e-02 :: n: 2.762e+01 e:18.782 i:18.904 v:4.993e+03
>>> tau_he = 5.000000, nhe(0)=2.373463e+00
 5     -0.001   5.53e-03   4.72e-01   4.67e-03  -4.60e-03   0.00e+00 (  1.11e+00,  3.38e+01)
10     -0.001   1.75e-03   1.87e-04  -1.68e-04  -7.80e-03   0.00e+00 (  7.16e-01,  6.59e+01)
15     -0.012   2.94e-02  -3.55e-02  -7.00e-03  -8.35e-02   0.00e+00 (  1.79e+01,  9.58e+01)
20     -0.024   1.19e-01  -2.06e-02   1.46e-02  -1.98e-01   0.00e+00 (  9.32e+01,  1.23e+02)
25     -0.029   2.22e-01   1.43e-01   5.88e-02  -2.70e-01   0.00e+00 (  1.80e+02,  1.47e+02)
30      0.125   3.45e-01   4.19e-01   2.14e-01   1.28e+00   0.00e+00 (  2.32e+02,  1.68e+02)
35      0.244   3.93e-01   6.51e-01   2.36e-01   2.71e+00   0.00e+00 (  2.27e+02,  1.84e+02)
40      0.334   5.00e-01   9.91e-01   3.66e-01   3.96e+00   0.00e+00 (  2.51e+02,  1.97e+02)
45      0.353   5.79e-01   1.32e+00   6.01e-01   4.44e+00   0.00e+00 (  2.51e+02,  2.05e+02)
50      0.286   5.78e-01   1.42e+00   6.52e-01   3.78e+00   0.00e+00 (  2.00e+02,  2.09e+02)
55      0.219   5.36e-01   1.28e+00   6.37e-01   3.01e+00   0.00e+00 (  1.53e+02,  2.16e+02)
60      0.151   5.84e-01   1.15e+00   6.37e-01   2.16e+00   0.00e+00 (  1.67e+02,  2.53e+02)
65      0.046   6.93e-01   9.03e-01   6.38e-01   6.68e-01   0.00e+00 (  2.05e+02,  2.94e+02)
70      0.068   8.60e-01   1.06e+00   8.05e-01   1.02e+00   0.00e+00 (  2.37e+02,  2.99e+02)
75      0.079   8.78e-01   1.10e+00   8.59e-01   1.22e+00   0.00e+00 (  2.24e+02,  2.87e+02)
80      0.085   8.64e-01   1.11e+00   8.53e-01   1.37e+00   0.00e+00 (  2.12e+02,  2.72e+02)
85      0.167   8.81e-01   1.09e+00   7.80e-01   3.26e+00   0.00e+00 (  1.99e+02,  2.58e+02)
90      0.577   1.39e+00   1.87e+00   1.14e+00   2.05e+01   0.00e+00 (  3.68e+02,  2.44e+02)
95      0.652   1.14e+00   1.63e+00   1.31e+00   4.12e+01   0.00e+00 (  5.98e+02,  2.33e+02)
 2 e: 8.050e-02 i: 1.500e-02 :: e: 1.946e-01 i: 4.652e-01 :: n: 2.762e+01 e:23.259 i:17.989 v:4.993e+03
>>> tau_he = 5.000000, nhe(0)=2.553516e+00
 5     -0.003   5.49e-03   4.03e-01   4.25e-03  -1.18e-02   0.00e+00 (  1.18e+00,  3.38e+01)
10     -0.001   1.46e-03  -2.00e-03  -8.61e-04  -6.91e-03   0.00e+00 (  6.64e-01,  6.59e+01)
15     -0.026   7.44e-02  -9.29e-03   9.45e-03  -1.88e-01   0.00e+00 (  5.05e+01,  9.58e+01)
20     -0.031   1.54e-01   5.59e-02   2.11e-02  -2.53e-01   0.00e+00 (  1.26e+02,  1.23e+02)
25     -0.019   2.02e-01   1.24e-01   3.98e-02  -1.78e-01   0.00e+00 (  1.62e+02,  1.47e+02)
30      0.090   2.95e-01   3.16e-01   1.41e-01   9.17e-01   0.00e+00 (  1.92e+02,  1.68e+02)
35      0.137   2.89e-01   4.10e-01   1.69e-01   1.52e+00   0.00e+00 (  1.56e+02,  1.84e+02)
40      0.164   3.13e-01   5.28e-01   1.97e-01   1.95e+00   0.00e+00 (  1.35e+02,  1.97e+02)
45      0.180   3.39e-01   6.40e-01   2.73e-01   2.27e+00   0.00e+00 (  1.13e+02,  2.05e+02)
50      0.173   3.40e-01   6.71e-01   3.00e-01   2.28e+00   0.00e+00 (  8.16e+01,  2.09e+02)
55      0.138   2.86e-01   5.71e-01   3.04e-01   1.90e+00   0.00e+00 (  5.21e+01,  2.16e+02)
60      0.129   3.13e-01   5.90e-01   3.29e-01   1.83e+00   0.00e+00 (  5.82e+01,  2.53e+02)
65      0.109   3.77e-01   5.97e-01   3.64e-01   1.60e+00   0.00e+00 (  7.54e+01,  2.94e+02)
70      0.140   4.61e-01   7.39e-01   5.18e-01   2.10e+00   0.00e+00 (  8.46e+01,  2.99e+02)
75      0.164   4.96e-01   8.33e-01   6.16e-01   2.52e+00   0.00e+00 (  8.20e+01,  2.87e+02)
80      0.192   5.38e-01   9.57e-01   7.02e-01   3.11e+00   0.00e+00 (  8.36e+01,  2.72e+02)
85      0.250   6.31e-01   1.05e+00   7.21e-01   4.89e+00   0.00e+00 (  8.92e+01,  2.58e+02)
90      0.589   1.38e+00   1.87e+00   1.15e+00   2.10e+01   0.00e+00 (  3.12e+02,  2.44e+02)
95      0.652   1.14e+00   1.63e+00   1.31e+00   4.12e+01   0.00e+00 (  5.98e+02,  2.33e+02)
 3 e: 9.536e-04 i: 2.362e-02 :: e: 4.651e-01 i: 5.333e-01 :: n: 2.762e+01 e:20.548 i:19.336 v:4.993e+03
>>> tau_he = 5.000000, nhe(0)=2.238056e+00
 5     -0.003   3.99e-03   2.93e-01   4.50e-03  -1.37e-02   0.00e+00 (  1.03e+00,  3.38e+01)
10     -0.002   4.44e-03  -1.29e-04  -1.02e-03  -1.08e-02   0.00e+00 (  2.42e+00,  6.59e+01)
15     -0.029   8.32e-02   2.60e-02   2.79e-03  -2.09e-01   0.00e+00 (  6.39e+01,  9.58e+01)
20     -0.065   1.39e-01   1.05e-01   2.41e-02  -5.35e-01   0.00e+00 (  1.21e+02,  1.23e+02)
25     -0.026   1.85e-01   1.74e-01   4.82e-02  -2.39e-01   0.00e+00 (  1.54e+02,  1.47e+02)
30      0.088   2.84e-01   3.86e-01   2.11e-01   8.99e-01   0.00e+00 (  1.89e+02,  1.68e+02)
35      0.121   2.96e-01   4.92e-01   2.21e-01   1.34e+00   0.00e+00 (  1.62e+02,  1.84e+02)
40      0.151   3.17e-01   6.37e-01   2.73e-01   1.80e+00   0.00e+00 (  1.38e+02,  1.97e+02)
45      0.156   3.35e-01   7.29e-01   3.12e-01   1.96e+00   0.00e+00 (  1.12e+02,  2.05e+02)
50      0.151   3.25e-01   7.22e-01   3.27e-01   1.99e+00   0.00e+00 (  7.91e+01,  2.09e+02)
55      0.121   2.69e-01   5.97e-01   3.17e-01   1.67e+00   0.00e+00 (  5.03e+01,  2.16e+02)
60      0.100   2.80e-01   5.40e-01   2.78e-01   1.43e+00   0.00e+00 (  5.33e+01,  2.53e+02)
65      0.075   3.68e-01   5.28e-01   3.10e-01   1.10e+00   0.00e+00 (  7.52e+01,  2.94e+02)
70      0.093   4.40e-01   6.04e-01   4.44e-01   1.40e+00   0.00e+00 (  8.22e+01,  2.99e+02)
75      0.108   4.53e-01   6.50e-01   4.89e-01   1.66e+00   0.00e+00 (  7.60e+01,  2.87e+02)
80      0.125   4.61e-01   6.94e-01   5.07e-01   2.02e+00   0.00e+00 (  7.22e+01,  2.72e+02)
85      0.190   5.68e-01   7.89e-01   5.23e-01   3.72e+00   0.00e+00 (  8.05e+01,  2.58e+02)
90      0.576   1.38e+00   1.82e+00   1.10e+00   2.05e+01   0.00e+00 (  3.11e+02,  2.44e+02)
95      0.652   1.14e+00   1.63e+00   1.31e+00   4.12e+01   0.00e+00 (  5.98e+02,  2.33e+02)
 4 e: 2.248e-02 i: 2.208e-03 :: e: 4.734e-01 i: 6.214e-01 :: n: 2.762e+01 e:21.406 i:17.059 v:4.993e+03
>>> tau_he = 5.000000, nhe(0)=2.165859e+00
 5     -0.003   3.56e-03   2.55e-01   3.66e-03  -1.30e-02   0.00e+00 (  8.23e-01,  3.38e+01)
10     -0.003   2.80e-03  -4.66e-03  -8.16e-04  -1.74e-02   0.00e+00 (  1.36e+00,  6.59e+01)
15     -0.010   6.49e-02   1.82e-02   5.47e-03  -7.36e-02   0.00e+00 (  4.20e+01,  9.58e+01)
20     -0.016   1.21e-01   8.45e-02   1.58e-02  -1.33e-01   0.00e+00 (  8.51e+01,  1.23e+02)
25      0.004   1.53e-01   1.42e-01   4.48e-02   3.77e-02   0.00e+00 (  1.00e+02,  1.47e+02)
30      0.065   2.10e-01   2.71e-01   1.41e-01   6.65e-01   0.00e+00 (  1.07e+02,  1.68e+02)
35      0.085   2.12e-01   3.38e-01   1.61e-01   9.47e-01   0.00e+00 (  8.87e+01,  1.84e+02)
40      0.104   2.27e-01   4.10e-01   1.94e-01   1.24e+00   0.00e+00 (  7.45e+01,  1.97e+02)
45      0.111   2.30e-01   4.52e-01   1.95e-01   1.40e+00   0.00e+00 (  5.78e+01,  2.05e+02)
50      0.128   2.49e-01   5.05e-01   2.40e-01   1.69e+00   0.00e+00 (  4.53e+01,  2.09e+02)
55      0.118   2.37e-01   4.77e-01   2.68e-01   1.63e+00   0.00e+00 (  3.33e+01,  2.16e+02)
60      0.112   2.55e-01   5.00e-01   2.73e-01   1.60e+00   0.00e+00 (  3.95e+01,  2.53e+02)
65      0.109   3.35e-01   5.56e-01   3.49e-01   1.60e+00   0.00e+00 (  5.90e+01,  2.94e+02)
70      0.111   3.62e-01   5.63e-01   4.04e-01   1.67e+00   0.00e+00 (  5.84e+01,  2.99e+02)
75      0.128   3.82e-01   6.19e-01   4.61e-01   1.97e+00   0.00e+00 (  5.47e+01,  2.87e+02)
80      0.150   4.10e-01   7.00e-01   5.13e-01   2.42e+00   0.00e+00 (  5.41e+01,  2.72e+02)
85      0.209   5.33e-01   8.05e-01   5.37e-01   4.08e+00   0.00e+00 (  6.27e+01,  2.58e+02)
90      0.579   1.38e+00   1.82e+00   1.10e+00   2.06e+01   0.00e+00 (  2.96e+02,  2.44e+02)
95      0.652   1.14e+00   1.63e+00   1.31e+00   4.12e+01   0.00e+00 (  5.98e+02,  2.33e+02)
 5 e: 3.892e-04 i: 1.197e-02 :: e: 5.240e-01 i: 5.631e-01 :: n: 2.762e+01 e:18.015 i:16.581 v:4.993e+03
>>> tau_he = 5.000000, nhe(0)=1.819345e+00
 5     -0.002   2.68e-03   2.00e-01   3.41e-03  -1.01e-02   0.00e+00 (  6.23e-01,  3.38e+01)
10     -0.010   6.20e-03   5.70e-02  -3.73e-04  -6.00e-02   0.00e+00 (  3.01e+00,  6.59e+01)
15     -0.014   5.10e-02   1.86e-02   8.63e-03  -9.99e-02   0.00e+00 (  3.21e+01,  9.58e+01)
20     -0.013   1.03e-01   9.97e-02   2.86e-02  -1.09e-01   0.00e+00 (  6.84e+01,  1.23e+02)
25      0.002   1.39e-01   1.62e-01   7.76e-02   1.90e-02   0.00e+00 (  8.50e+01,  1.47e+02)
30      0.052   1.89e-01   2.87e-01   1.67e-01   5.34e-01   0.00e+00 (  9.17e+01,  1.68e+02)
35      0.069   1.97e-01   3.51e-01   1.96e-01   7.68e-01   0.00e+00 (  7.87e+01,  1.84e+02)
40      0.083   2.06e-01   4.09e-01   1.93e-01   9.91e-01   0.00e+00 (  6.56e+01,  1.97e+02)
45      0.099   2.17e-01   4.53e-01   1.96e-01   1.24e+00   0.00e+00 (  5.35e+01,  2.05e+02)
50      0.109   2.20e-01   4.80e-01   2.35e-01   1.44e+00   0.00e+00 (  3.95e+01,  2.09e+02)
55      0.103   2.14e-01   4.52e-01   2.50e-01   1.42e+00   0.00e+00 (  3.00e+01,  2.16e+02)
60      0.096   2.29e-01   4.56e-01   2.47e-01   1.37e+00   0.00e+00 (  3.59e+01,  2.53e+02)
65      0.085   3.17e-01   4.84e-01   2.99e-01   1.25e+00   0.00e+00 (  5.69e+01,  2.94e+02)
70      0.089   3.54e-01   4.94e-01   3.66e-01   1.33e+00   0.00e+00 (  5.84e+01,  2.99e+02)
75      0.105   3.62e-01   5.40e-01   4.03e-01   1.62e+00   0.00e+00 (  5.30e+01,  2.87e+02)
80      0.121   3.72e-01   5.82e-01   4.16e-01   1.95e+00   0.00e+00 (  4.98e+01,  2.72e+02)
85      0.190   5.10e-01   7.11e-01   4.60e-01   3.72e+00   0.00e+00 (  6.06e+01,  2.58e+02)
90      0.574   1.38e+00   1.80e+00   1.08e+00   2.04e+01   0.00e+00 (  2.96e+02,  2.44e+02)
95      0.652   1.14e+00   1.63e+00   1.31e+00   4.12e+01   0.00e+00 (  5.98e+02,  2.33e+02)
 6 e: 1.260e-02 i: 1.316e-03 :: e: 5.208e-01 i: 5.978e-01 :: n: 2.762e+01 e:17.684 i:14.517 v:4.993e+03
>>> tau_he = 5.000000, nhe(0)=1.705426e+00
 5     -0.002   2.45e-03   1.85e-01   2.77e-03  -7.41e-03   0.00e+00 (  4.78e-01,  3.38e+01)
10     -0.001   6.84e-04  -2.48e-03  -7.14e-04  -8.81e-03   0.00e+00 (  2.76e-01,  6.59e+01)
15     -0.004   4.88e-02   1.24e-02   4.06e-03  -2.77e-02   0.00e+00 (  2.50e+01,  9.58e+01)
20      0.009   7.61e-02   6.69e-02   2.20e-02   7.19e-02   0.00e+00 (  4.03e+01,  1.23e+02)
25      0.011   1.06e-01   1.19e-01   6.06e-02   1.05e-01   0.00e+00 (  5.07e+01,  1.47e+02)
30      0.032   1.22e-01   1.67e-01   9.46e-02   3.31e-01   0.00e+00 (  4.64e+01,  1.68e+02)
35      0.049   1.32e-01   2.13e-01   1.30e-01   5.46e-01   0.00e+00 (  4.15e+01,  1.84e+02)
40      0.071   1.47e-01   2.56e-01   1.49e-01   8.37e-01   0.00e+00 (  3.68e+01,  1.97e+02)
45      0.081   1.57e-01   3.10e-01   1.61e-01   1.02e+00   0.00e+00 (  3.04e+01,  2.05e+02)
50      0.089   1.74e-01   3.42e-01   2.11e-01   1.18e+00   0.00e+00 (  2.43e+01,  2.09e+02)
55      0.100   2.10e-01   3.91e-01   2.31e-01   1.38e+00   0.00e+00 (  2.32e+01,  2.16e+02)
60      0.099   2.16e-01   4.26e-01   2.38e-01   1.41e+00   0.00e+00 (  2.93e+01,  2.53e+02)
65      0.092   2.84e-01   4.60e-01   2.82e-01   1.35e+00   0.00e+00 (  4.67e+01,  2.94e+02)
70      0.097   3.20e-01   4.84e-01   3.53e-01   1.46e+00   0.00e+00 (  4.89e+01,  2.99e+02)
75      0.113   3.35e-01   5.34e-01   3.96e-01   1.75e+00   0.00e+00 (  4.51e+01,  2.87e+02)
80      0.135   3.64e-01   6.06e-01   4.44e-01   2.19e+00   0.00e+00 (  4.46e+01,  2.72e+02)
85      0.198   5.02e-01   7.20e-01   4.67e-01   3.87e+00   0.00e+00 (  5.37e+01,  2.58e+02)
90      0.576   1.38e+00   1.80e+00   1.08e+00   2.05e+01   0.00e+00 (  2.89e+02,  2.44e+02)
95      0.652   1.14e+00   1.63e+00   1.31e+00   4.12e+01   0.00e+00 (  5.98e+02,  2.33e+02)
 7 e: 4.968e-04 i: 6.584e-03 :: e: 5.686e-01 i: 5.859e-01 :: n: 2.762e+01 e:15.200 i:13.889 v:4.993e+03
>>> tau_he = 5.000000, nhe(0)=1.433082e+00
 5     -0.001   2.02e-03   1.59e-01   2.55e-03  -5.21e-03   0.00e+00 (  3.69e-01,  3.38e+01)
10     -0.001   4.17e-04  -1.97e-03  -5.93e-04  -6.44e-03   0.00e+00 (  1.58e-01,  6.59e+01)
15      0.001   4.15e-02   1.89e-02   8.18e-03   5.24e-03   0.00e+00 (  1.98e+01,  9.58e+01)
20      0.004   6.53e-02   7.26e-02   2.96e-02   3.17e-02   0.00e+00 (  3.20e+01,  1.23e+02)
25      0.016   9.57e-02   1.21e-01   6.79e-02   1.51e-01   0.00e+00 (  4.27e+01,  1.47e+02)
30      0.033   1.13e-01   1.68e-01   9.36e-02   3.34e-01   0.00e+00 (  4.05e+01,  1.68e+02)
35      0.048   1.23e-01   1.95e-01   1.09e-01   5.32e-01   0.00e+00 (  3.69e+01,  1.84e+02)
40      0.059   1.28e-01   2.31e-01   1.54e-01   6.98e-01   0.00e+00 (  3.07e+01,  1.97e+02)
45      0.069   1.35e-01   2.75e-01   1.63e-01   8.63e-01   0.00e+00 (  2.53e+01,  2.05e+02)
50      0.076   1.52e-01   3.04e-01   1.96e-01   1.00e+00   0.00e+00 (  2.07e+01,  2.09e+02)
55      0.088   1.88e-01   3.55e-01   2.11e-01   1.21e+00   0.00e+00 (  2.02e+01,  2.16e+02)
60      0.086   1.94e-01   3.81e-01   2.13e-01   1.23e+00   0.00e+00 (  2.64e+01,  2.53e+02)
65      0.077   2.74e-01   4.14e-01   2.52e-01   1.13e+00   0.00e+00 (  4.57e+01,  2.94e+02)
70      0.083   3.15e-01   4.41e-01   3.30e-01   1.25e+00   0.00e+00 (  4.90e+01,  2.99e+02)
75      0.100   3.26e-01   4.90e-01   3.66e-01   1.54e+00   0.00e+00 (  4.47e+01,  2.87e+02)
80      0.118   3.47e-01   5.45e-01   3.99e-01   1.90e+00   0.00e+00 (  4.30e+01,  2.72e+02)
85      0.189   4.90e-01   6.70e-01   4.27e-01   3.69e+00   0.00e+00 (  5.26e+01,  2.58e+02)
90      0.573   1.38e+00   1.79e+00   1.07e+00   2.04e+01   0.00e+00 (  2.89e+02,  2.44e+02)
95      0.652   1.14e+00   1.63e+00   1.31e+00   4.12e+01   0.00e+00 (  5.98e+02,  2.33e+02)
 8 e: 6.704e-03 i: 6.179e-04 :: e: 5.634e-01 i: 6.182e-01 :: n: 2.762e+01 e:14.728 i:12.478 v:4.993e+03
>>> tau_he = 5.000000, nhe(0)=1.352924e+00
 5     -0.001   1.93e-03   1.52e-01   2.29e-03  -3.44e-03   0.00e+00 (  2.92e-01,  3.38e+01)
10     -0.001   1.69e-04  -1.38e-03  -4.83e-04  -4.08e-03   0.00e+00 (  5.31e-02,  6.59e+01)
15      0.004   2.64e-02   7.25e-03   2.49e-03   3.06e-02   0.00e+00 (  1.03e+01,  9.58e+01)
20      0.009   5.10e-02   5.03e-02   2.48e-02   7.56e-02   0.00e+00 (  2.03e+01,  1.23e+02)
25      0.022   7.89e-02   9.89e-02   5.22e-02   2.05e-01   0.00e+00 (  2.86e+01,  1.47e+02)
30      0.034   8.82e-02   1.19e-01   7.17e-02   3.49e-01   0.00e+00 (  2.59e+01,  1.68e+02)
35      0.046   1.00e-01   1.56e-01   7.19e-02   5.11e-01   0.00e+00 (  2.47e+01,  1.84e+02)
40      0.054   1.05e-01   1.91e-01   1.36e-01   6.47e-01   0.00e+00 (  2.08e+01,  1.97e+02)
45      0.061   1.18e-01   2.19e-01   1.41e-01   7.73e-01   0.00e+00 (  1.80e+01,  2.05e+02)
50      0.073   1.53e-01   2.67e-01   1.74e-01   9.69e-01   0.00e+00 (  1.67e+01,  2.09e+02)
55      0.085   1.93e-01   3.17e-01   1.97e-01   1.17e+00   0.00e+00 (  1.68e+01,  2.16e+02)
60      0.087   1.88e-01   3.59e-01   2.05e-01   1.24e+00   0.00e+00 (  2.29e+01,  2.53e+02)
65      0.081   2.56e-01   4.02e-01   2.44e-01   1.19e+00   0.00e+00 (  4.05e+01,  2.94e+02)
70      0.088   2.98e-01   4.38e-01   3.24e-01   1.33e+00   0.00e+00 (  4.42e+01,  2.99e+02)
75      0.105   3.11e-01   4.88e-01   3.63e-01   1.61e+00   0.00e+00 (  4.07e+01,  2.87e+02)
80      0.124   3.36e-01   5.47e-01   4.04e-01   2.00e+00   0.00e+00 (  3.93e+01,  2.72e+02)
85      0.197   4.99e-01   6.84e-01   4.38e-01   3.86e+00   0.00e+00 (  5.00e+01,  2.58e+02)
90      0.577   1.38e+00   1.80e+00   1.08e+00   2.05e+01   0.00e+00 (  2.84e+02,  2.44e+02)
95      0.652   1.14e+00   1.63e+00   1.31e+00   4.12e+01   0.00e+00 (  5.98e+02,  2.33e+02)
 9 e: 2.916e-04 i: 3.632e-03 :: e: 5.522e-01 i: 6.119e-01 :: n: 2.762e+01 e:13.079 i:12.075 v:4.993e+03
>>> tau_he = 5.000000, nhe(0)=1.157417e+00
 5     -0.000   1.70e-03   1.40e-01   2.17e-03  -2.30e-03   0.00e+00 (  2.39e-01,  3.38e+01)
10     -0.000   3.01e-04  -8.95e-04  -7.62e-05  -1.92e-03   0.00e+00 (  8.81e-02,  6.59e+01)
15      0.005   2.15e-02   8.49e-03   2.20e-03   3.23e-02   0.00e+00 (  7.82e+00,  9.58e+01)
20      0.014   4.73e-02   3.40e-02   2.61e-02   1.13e-01   0.00e+00 (  1.76e+01,  1.23e+02)
25      0.021   7.16e-02   8.17e-02   5.18e-02   1.96e-01   0.00e+00 (  2.44e+01,  1.47e+02)
30      0.030   7.93e-02   1.09e-01   6.34e-02   3.10e-01   0.00e+00 (  2.22e+01,  1.68e+02)
35      0.040   8.62e-02   1.38e-01   6.49e-02   4.43e-01   0.00e+00 (  2.04e+01,  1.84e+02)
40      0.046   9.26e-02   1.67e-01   1.05e-01   5.42e-01   0.00e+00 (  1.78e+01,  1.97e+02)
45      0.052   1.02e-01   1.90e-01   1.36e-01   6.51e-01   0.00e+00 (  1.52e+01,  2.05e+02)
50      0.064   1.35e-01   2.39e-01   1.55e-01   8.42e-01   0.00e+00 (  1.43e+01,  2.09e+02)
55      0.077   1.79e-01   2.89e-01   1.88e-01   1.07e+00   0.00e+00 (  1.50e+01,  2.16e+02)
60      0.079   1.74e-01   3.33e-01   1.94e-01   1.13e+00   0.00e+00 (  2.13e+01,  2.53e+02)
65      0.071   2.51e-01   3.71e-01   2.23e-01   1.04e+00   0.00e+00 (  4.03e+01,  2.94e+02)
70      0.079   2.97e-01   4.10e-01   3.10e-01   1.19e+00   0.00e+00 (  4.50e+01,  2.99e+02)
75      0.096   3.08e-01   4.63e-01   3.47e-01   1.49e+00   0.00e+00 (  4.10e+01,  2.87e+02)
80      0.115   3.28e-01   5.16e-01   3.75e-01   1.86e+00   0.00e+00 (  3.88e+01,  2.72e+02)
85      0.192   4.92e-01   6.54e-01   4.09e-01   3.75e+00   0.00e+00 (  4.94e+01,  2.58e+02)
90      0.572   1.38e+00   1.78e+00   1.06e+00   2.03e+01   0.00e+00 (  2.84e+02,  2.44e+02)
95      0.652   1.14e+00   1.63e+00   1.31e+00   4.12e+01   0.00e+00 (  5.98e+02,  2.33e+02)
10 e: 3.630e-03 i: 2.673e-04 :: e: 5.406e-01 i: 6.230e-01 :: n: 2.762e+01 e:12.757 i:11.118 v:4.993e+03
>>> tau_he = 5.000000, nhe(0)=1.108841e+00
 5     -0.000   1.68e-03   1.40e-01   1.94e-03  -1.37e-03   0.00e+00 (  1.99e-01,  3.38e+01)
10     -0.000   1.43e-04  -5.86e-04  -1.54e-04  -6.69e-04   0.00e+00 (  3.52e-02,  6.59e+01)
15      0.003   1.15e-02   1.97e-04  -2.69e-03   2.10e-02   0.00e+00 (  3.54e+00,  9.58e+01)
20      0.013   3.73e-02   2.18e-02   1.53e-02   1.04e-01   0.00e+00 (  1.17e+01,  1.23e+02)
25      0.020   5.39e-02   5.37e-02   3.48e-02   1.83e-01   0.00e+00 (  1.54e+01,  1.47e+02)
30      0.027   6.00e-02   7.85e-02   4.75e-02   2.80e-01   0.00e+00 (  1.43e+01,  1.68e+02)
35      0.035   6.88e-02   1.02e-01   5.36e-02   3.89e-01   0.00e+00 (  1.39e+01,  1.84e+02)
40      0.041   7.69e-02   1.32e-01   8.04e-02   4.84e-01   0.00e+00 (  1.26e+01,  1.97e+02)
45      0.047   9.21e-02   1.58e-01   1.21e-01   5.93e-01   0.00e+00 (  1.16e+01,  2.05e+02)
50      0.060   1.36e-01   2.12e-01   1.42e-01   7.97e-01   0.00e+00 (  1.18e+01,  2.09e+02)
55      0.075   1.90e-01   2.68e-01   1.75e-01   1.04e+00   0.00e+00 (  1.30e+01,  2.16e+02)
60      0.080   1.73e-01   3.20e-01   1.87e-01   1.14e+00   0.00e+00 (  1.94e+01,  2.53e+02)
65      0.074   2.42e-01   3.69e-01   2.22e-01   1.09e+00   0.00e+00 (  3.77e+01,  2.94e+02)
70      0.083   2.89e-01   4.14e-01   3.10e-01   1.25e+00   0.00e+00 (  4.26e+01,  2.99e+02)
75      0.101   3.02e-01   4.68e-01   3.50e-01   1.55e+00   0.00e+00 (  3.91e+01,  2.87e+02)
80      0.119   3.22e-01   5.20e-01   3.82e-01   1.93e+00   0.00e+00 (  3.67e+01,  2.72e+02)
85      0.195   4.92e-01   6.58e-01   4.14e-01   3.81e+00   0.00e+00 (  4.70e+01,  2.58e+02)
90      0.576   1.38e+00   1.79e+00   1.07e+00   2.05e+01   0.00e+00 (  2.81e+02,  2.44e+02)
95      0.652   1.14e+00   1.63e+00   1.31e+00   4.12e+01   0.00e+00 (  5.98e+02,  2.33e+02)
11 e: 1.438e-04 i: 2.011e-03 :: e: 5.253e-01 i: 6.142e-01 :: n: 2.762e+01 e:11.647 i:10.880 v:4.993e+03
>>> tau_he = 5.000000, nhe(0)=9.717557e-01
 5     -0.000   1.56e-03   1.37e-01   1.82e-03  -7.57e-04   0.00e+00 (  1.72e-01,  3.38e+01)
10     -0.000   8.44e-05  -4.53e-04  -1.48e-04  -6.23e-04   0.00e+00 (  1.95e-02,  6.59e+01)
15      0.002   8.40e-03  -1.55e-03  -4.73e-03   1.20e-02   0.00e+00 (  2.44e+00,  9.58e+01)
20      0.011   3.09e-02   1.84e-02   1.26e-02   9.05e-02   0.00e+00 (  9.18e+00,  1.23e+02)
25      0.017   4.51e-02   4.65e-02   2.96e-02   1.60e-01   0.00e+00 (  1.23e+01,  1.47e+02)
30      0.023   5.28e-02   6.82e-02   4.12e-02   2.38e-01   0.00e+00 (  1.22e+01,  1.68e+02)
35      0.030   5.79e-02   8.64e-02   5.84e-02   3.28e-01   0.00e+00 (  1.14e+01,  1.84e+02)
40      0.034   6.68e-02   1.13e-01   6.94e-02   4.04e-01   0.00e+00 (  1.07e+01,  1.97e+02)
45      0.040   7.91e-02   1.36e-01   1.00e-01   5.01e-01   0.00e+00 (  9.75e+00,  2.05e+02)
50      0.053   1.22e-01   1.90e-01   1.27e-01   7.05e-01   0.00e+00 (  1.03e+01,  2.09e+02)
55      0.070   1.81e-01   2.51e-01   1.67e-01   9.69e-01   0.00e+00 (  1.20e+01,  2.16e+02)
60      0.075   1.63e-01   3.02e-01   1.80e-01   1.06e+00   0.00e+00 (  1.84e+01,  2.53e+02)
65      0.067   2.41e-01   3.48e-01   2.09e-01   9.81e-01   0.00e+00 (  3.84e+01,  2.94e+02)
70      0.077   2.92e-01   3.98e-01   3.03e-01   1.15e+00   0.00e+00 (  4.39e+01,  2.99e+02)
75      0.095   3.01e-01   4.52e-01   3.39e-01   1.46e+00   0.00e+00 (  3.97e+01,  2.87e+02)
80      0.113   3.18e-01   4.99e-01   3.66e-01   1.83e+00   0.00e+00 (  3.67e+01,  2.72e+02)
85      0.191   4.89e-01   6.38e-01   3.99e-01   3.74e+00   0.00e+00 (  4.69e+01,  2.58e+02)
90      0.575   1.37e+00   1.78e+00   1.07e+00   2.05e+01   0.00e+00 (  2.81e+02,  2.44e+02)
95      0.652   1.14e+00   1.63e+00   1.31e+00   4.12e+01   0.00e+00 (  5.98e+02,  2.33e+02)
12 e: 1.961e-03 i: 1.128e-04 :: e: 5.050e-01 i: 6.090e-01 :: n: 2.762e+01 e:11.461 i:10.216 v:4.993e+03
>>> tau_he = 5.000000, nhe(0)=9.462546e-01
 5     -0.000   1.58e-03   1.40e-01   1.64e-03  -1.98e-04   0.00e+00 (  1.49e-01,  3.38e+01)
10     -0.000   3.67e-05  -9.62e-05  -1.96e-04  -6.28e-04   0.00e+00 (  7.23e-03,  6.59e+01)
15      0.001   4.92e-03  -4.23e-03  -2.83e-03   1.06e-02   0.00e+00 (  1.23e+00,  9.58e+01)
20      0.010   1.96e-02   8.05e-03   6.27e-03   7.91e-02   0.00e+00 (  5.02e+00,  1.23e+02)
25      0.015   3.29e-02   2.99e-02   2.03e-02   1.39e-01   0.00e+00 (  7.80e+00,  1.47e+02)
30      0.023   4.60e-02   5.83e-02   3.31e-02   2.34e-01   0.00e+00 (  9.29e+00,  1.68e+02)
35      0.025   5.03e-02   6.62e-02   4.57e-02   2.80e-01   0.00e+00 (  8.69e+00,  1.84e+02)
40      0.036   7.03e-02   1.25e-01   7.89e-02   4.23e-01   0.00e+00 (  9.89e+00,  1.97e+02)
45      0.038   7.76e-02   1.18e-01   9.15e-02   4.73e-01   0.00e+00 (  8.27e+00,  2.05e+02)
50      0.051   1.27e-01   1.73e-01   1.19e-01   6.77e-01   0.00e+00 (  8.94e+00,  2.09e+02)
55      0.070   1.99e-01   2.39e-01   1.63e-01   9.61e-01   0.00e+00 (  1.09e+01,  2.16e+02)
60      0.076   1.65e-01   2.97e-01   1.80e-01   1.08e+00   0.00e+00 (  1.76e+01,  2.53e+02)
65      0.070   2.38e-01   3.52e-01   2.12e-01   1.02e+00   0.00e+00 (  3.72e+01,  2.94e+02)
70      0.080   2.89e-01   4.06e-01   3.06e-01   1.21e+00   0.00e+00 (  4.30e+01,  2.99e+02)
75      0.099   3.00e-01   4.60e-01   3.45e-01   1.52e+00   0.00e+00 (  3.89e+01,  2.87e+02)
80      0.117   3.16e-01   5.07e-01   3.72e-01   1.89e+00   0.00e+00 (  3.56e+01,  2.72e+02)
85      0.194   4.90e-01   6.44e-01   4.02e-01   3.79e+00   0.00e+00 (  4.54e+01,  2.58e+02)
90      0.576   1.38e+00   1.78e+00   1.07e+00   2.05e+01   0.00e+00 (  2.79e+02,  2.44e+02)
95      0.652   1.14e+00   1.63e+00   1.31e+00   4.12e+01   0.00e+00 (  5.98e+02,  2.33e+02)
13 e: 7.592e-05 i: 1.119e-03 :: e: 4.618e-01 i: 5.621e-01 :: n: 2.762e+01 e:10.699 i:10.091 v:4.993e+03
>>> tau_he = 5.000000, nhe(0)=8.499061e-01
 5      0.000   1.51e-03   1.40e-01   1.62e-03   1.53e-04   0.00e+00 (  1.34e-01,  3.38e+01)
10     -0.000   3.60e-05   1.35e-05  -1.91e-04  -5.45e-04   0.00e+00 (  6.70e-03,  6.59e+01)
15     -0.001   5.69e-05  -1.32e-03  -9.47e-04  -4.65e-03   0.00e+00 (  1.36e-02,  9.58e+01)
20      0.007   1.43e-02   1.38e-03   1.98e-03   5.70e-02   0.00e+00 (  3.54e+00,  1.23e+02)
25      0.012   2.68e-02   2.32e-02   1.44e-02   1.10e-01   0.00e+00 (  6.20e+00,  1.47e+02)
30      0.020   3.86e-02   4.79e-02   3.17e-02   2.01e-01   0.00e+00 (  7.67e+00,  1.68e+02)
35      0.021   4.36e-02   5.55e-02   3.85e-02   2.33e-01   0.00e+00 (  7.45e+00,  1.84e+02)
40      0.031   6.31e-02   1.13e-01   7.75e-02   3.73e-01   0.00e+00 (  8.81e+00,  1.97e+02)
45      0.033   6.79e-02   1.01e-01   7.91e-02   4.11e-01   0.00e+00 (  7.18e+00,  2.05e+02)
50      0.046   1.17e-01   1.54e-01   1.11e-01   6.12e-01   0.00e+00 (  8.02e+00,  2.09e+02)
55      0.066   1.91e-01   2.28e-01   1.53e-01   9.07e-01   0.00e+00 (  1.01e+01,  2.16e+02)
60      0.072   1.58e-01   2.85e-01   1.73e-01   1.03e+00   0.00e+00 (  1.71e+01,  2.53e+02)
65      0.065   2.41e-01   3.41e-01   2.04e-01   9.48e-01   0.00e+00 (  3.86e+01,  2.94e+02)
70      0.076   2.95e-01   3.98e-01   3.03e-01   1.14e+00   0.00e+00 (  4.49e+01,  2.99e+02)
75      0.094   3.03e-01   4.52e-01   3.40e-01   1.45e+00   0.00e+00 (  4.00e+01,  2.87e+02)
80      0.113   3.15e-01   4.95e-01   3.63e-01   1.83e+00   0.00e+00 (  3.61e+01,  2.72e+02)
85      0.192   4.88e-01   6.31e-01   3.94e-01   3.75e+00   0.00e+00 (  4.54e+01,  2.58e+02)
90      0.575   1.38e+00   1.78e+00   1.07e+00   2.04e+01   0.00e+00 (  2.79e+02,  2.44e+02)
95      0.652   1.14e+00   1.63e+00   1.31e+00   4.12e+01   0.00e+00 (  5.98e+02,  2.33e+02)
14 e: 1.067e-03 i: 5.771e-05 :: e: 4.363e-01 i: 5.456e-01 :: n: 2.762e+01 e:10.614 i:9.619 v:4.993e+03
>>> tau_he = 5.000000, nhe(0)=8.403842e-01
 5      0.000   1.56e-03   1.45e-01   1.54e-03   5.28e-04   0.00e+00 (  1.20e-01,  3.38e+01)
10     -0.000   3.87e-05   1.41e-04  -1.45e-04  -3.68e-04   0.00e+00 (  6.28e-03,  6.59e+01)
15     -0.000   6.87e-05  -1.18e-03  -7.65e-04  -3.30e-03   0.00e+00 (  1.45e-02,  9.58e+01)
20      0.004   8.34e-03  -1.97e-03  -1.18e-03   3.65e-02   0.00e+00 (  1.83e+00,  1.23e+02)
25      0.010   1.80e-02   1.28e-02   1.04e-02   9.13e-02   0.00e+00 (  3.71e+00,  1.47e+02)
30      0.017   3.30e-02   3.65e-02   2.52e-02   1.75e-01   0.00e+00 (  5.88e+00,  1.68e+02)
35      0.023   4.39e-02   6.50e-02   4.73e-02   2.52e-01   0.00e+00 (  6.75e+00,  1.84e+02)
40      0.029   5.73e-02   9.72e-02   6.88e-02   3.42e-01   0.00e+00 (  7.16e+00,  1.97e+02)
45      0.031   6.68e-02   8.96e-02   7.28e-02   3.90e-01   0.00e+00 (  6.24e+00,  2.05e+02)
50      0.045   1.25e-01   1.45e-01   1.07e-01   5.99e-01   0.00e+00 (  7.26e+00,  2.09e+02)
55      0.066   2.15e-01   2.21e-01   1.53e-01   9.12e-01   0.00e+00 (  9.54e+00,  2.16e+02)
60      0.074   1.62e-01   2.86e-01   1.75e-01   1.06e+00   0.00e+00 (  1.67e+01,  2.53e+02)
65      0.068   2.42e-01   3.49e-01   2.10e-01   9.92e-01   0.00e+00 (  3.84e+01,  2.94e+02)
70      0.079   2.96e-01   4.10e-01   3.09e-01   1.19e+00   0.00e+00 (  4.47e+01,  2.99e+02)
75      0.098   3.05e-01   4.64e-01   3.49e-01   1.51e+00   0.00e+00 (  4.00e+01,  2.87e+02)
80      0.116   3.15e-01   5.05e-01   3.71e-01   1.88e+00   0.00e+00 (  3.56e+01,  2.72e+02)
85      0.193   4.90e-01   6.36e-01   3.99e-01   3.78e+00   0.00e+00 (  4.46e+01,  2.58e+02)
90      0.575   1.38e+00   1.78e+00   1.07e+00   2.05e+01   0.00e+00 (  2.78e+02,  2.44e+02)
95      0.652   1.14e+00   1.63e+00   1.31e+00   4.12e+01   0.00e+00 (  5.98e+02,  2.33e+02)
15 e: 6.061e-05 i: 6.126e-04 :: e: 3.879e-01 i: 4.917e-01 :: n: 2.762e+01 e:10.079 i:9.571 v:4.993e+03
>>> tau_he = 5.000000, nhe(0)=7.723332e-01
 5      0.000   1.53e-03   1.48e-01   1.54e-03   7.43e-04   0.00e+00 (  1.12e-01,  3.38e+01)
10     -0.000   3.53e-05   2.35e-04  -1.31e-04  -3.00e-04   0.00e+00 (  5.46e-03,  6.59e+01)
15     -0.000   3.92e-05  -1.12e-03  -8.18e-04  -3.02e-03   0.00e+00 (  8.04e-03,  9.58e+01)
20      0.003   5.22e-03  -3.76e-03  -1.94e-03   2.34e-02   0.00e+00 (  1.13e+00,  1.23e+02)
25      0.007   1.38e-02   9.04e-03   7.77e-03   6.71e-02   0.00e+00 (  2.82e+00,  1.47e+02)
30      0.014   2.83e-02   2.93e-02   2.19e-02   1.43e-01   0.00e+00 (  5.04e+00,  1.68e+02)
35      0.020   3.97e-02   6.35e-02   4.73e-02   2.21e-01   0.00e+00 (  6.11e+00,  1.84e+02)
40      0.025   5.08e-02   8.67e-02   6.41e-02   3.00e-01   0.00e+00 (  6.37e+00,  1.97e+02)
45      0.027   5.76e-02   7.78e-02   6.18e-02   3.35e-01   0.00e+00 (  5.41e+00,  2.05e+02)
50      0.042   1.16e-01   1.34e-01   9.89e-02   5.52e-01   0.00e+00 (  6.66e+00,  2.09e+02)
55      0.064   2.10e-01   2.15e-01   1.46e-01   8.77e-01   0.00e+00 (  9.09e+00,  2.16e+02)
60      0.072   1.57e-01   2.80e-01   1.71e-01   1.02e+00   0.00e+00 (  1.65e+01,  2.53e+02)
65      0.064   2.48e-01   3.43e-01   2.07e-01   9.39e-01   0.00e+00 (  4.04e+01,  2.94e+02)
70      0.076   3.04e-01   4.07e-01   3.09e-01   1.15e+00   0.00e+00 (  4.70e+01,  2.99e+02)
75      0.095   3.09e-01   4.62e-01   3.48e-01   1.47e+00   0.00e+00 (  4.15e+01,  2.87e+02)
80      0.114   3.17e-01   4.99e-01   3.67e-01   1.84e+00   0.00e+00 (  3.64e+01,  2.72e+02)
85      0.192   4.89e-01   6.30e-01   3.93e-01   3.76e+00   0.00e+00 (  4.48e+01,  2.58e+02)
90      0.575   1.38e+00   1.78e+00   1.07e+00   2.04e+01   0.00e+00 (  2.79e+02,  2.44e+02)
95      0.652   1.14e+00   1.63e+00   1.31e+00   4.12e+01   0.00e+00 (  5.98e+02,  2.33e+02)
16 e: 5.739e-04 i: 5.071e-05 :: e: 3.586e-01 i: 4.610e-01 :: n: 2.762e+01 e:10.068 i:9.233 v:4.993e+03
>>> tau_he = 5.000000, nhe(0)=7.737196e-01
 5      0.000   1.59e-03   1.53e-01   1.50e-03   1.01e-03   0.00e+00 (  1.03e-01,  3.38e+01)
10     -0.000   3.98e-05   3.03e-04  -1.26e-04  -2.11e-04   0.00e+00 (  5.48e-03,  6.59e+01)
15     -0.000   5.51e-05  -1.05e-03  -6.99e-04  -2.10e-03   0.00e+00 (  1.02e-02,  9.58e+01)
20      0.001   2.63e-03  -4.93e-03  -1.16e-03   1.12e-02   0.00e+00 (  5.15e-01,  1.23e+02)
25      0.005   9.80e-03   5.49e-03   4.80e-03   5.01e-02   0.00e+00 (  1.83e+00,  1.47e+02)
30      0.013   2.37e-02   2.32e-02   1.87e-02   1.30e-01   0.00e+00 (  3.86e+00,  1.68e+02)
35      0.018   3.60e-02   5.48e-02   4.23e-02   2.03e-01   0.00e+00 (  5.08e+00,  1.84e+02)
40      0.024   5.01e-02   7.81e-02   6.00e-02   2.87e-01   0.00e+00 (  5.75e+00,  1.97e+02)
45      0.026   5.83e-02   7.25e-02   5.93e-02   3.28e-01   0.00e+00 (  4.94e+00,  2.05e+02)
50      0.041   1.26e-01   1.30e-01   9.60e-02   5.48e-01   0.00e+00 (  6.24e+00,  2.09e+02)
55      0.065   2.41e-01   2.13e-01   1.46e-01   8.90e-01   0.00e+00 (  8.79e+00,  2.16e+02)
60      0.074   1.62e-01   2.84e-01   1.74e-01   1.05e+00   0.00e+00 (  1.66e+01,  2.53e+02)
65      0.067   2.51e-01   3.55e-01   2.15e-01   9.83e-01   0.00e+00 (  4.08e+01,  2.94e+02)
70      0.080   3.07e-01   4.22e-01   3.17e-01   1.20e+00   0.00e+00 (  4.75e+01,  2.99e+02)
75      0.098   3.12e-01   4.74e-01   3.54e-01   1.51e+00   0.00e+00 (  4.18e+01,  2.87e+02)
80      0.117   3.19e-01   5.11e-01   3.77e-01   1.89e+00   0.00e+00 (  3.65e+01,  2.72e+02)
85      0.194   4.91e-01   6.36e-01   3.98e-01   3.78e+00   0.00e+00 (  4.43e+01,  2.58e+02)
90      0.575   1.38e+00   1.78e+00   1.07e+00   2.05e+01   0.00e+00 (  2.78e+02,  2.44e+02)
95      0.652   1.14e+00   1.63e+00   1.31e+00   4.12e+01   0.00e+00 (  5.98e+02,  2.33e+02)
17 e: 7.289e-05 i: 3.239e-04 :: e: 3.103e-01 i: 4.087e-01 :: n: 2.762e+01 e:9.687 i:9.239 v:4.993e+03
>>> tau_he = 5.000000, nhe(0)=7.256377e-01
 5      0.000   1.54e-03   1.55e-01   1.63e-03   1.11e-03   0.00e+00 (  9.69e-02,  3.38e+01)
10     -0.000   3.80e-05   4.24e-04  -1.35e-04  -1.78e-04   0.00e+00 (  5.07e-03,  6.59e+01)
15     -0.000   5.19e-05  -9.78e-04  -6.03e-04  -1.87e-03   0.00e+00 (  9.37e-03,  9.58e+01)
20      0.005   9.97e-03  -1.67e-03  -1.59e-03   4.28e-02   0.00e+00 (  1.94e+00,  1.23e+02)
25      0.004   7.02e-03   3.26e-03   4.46e-03   3.67e-02   0.00e+00 (  1.31e+00,  1.47e+02)
30      0.011   2.02e-02   1.88e-02   1.65e-02   1.08e-01   0.00e+00 (  3.32e+00,  1.68e+02)
35      0.016   3.33e-02   4.85e-02   4.01e-02   1.78e-01   0.00e+00 (  4.76e+00,  1.84e+02)
40      0.022   4.52e-02   7.06e-02   5.64e-02   2.56e-01   0.00e+00 (  5.27e+00,  1.97e+02)
45      0.023   5.18e-02   6.54e-02   5.33e-02   2.93e-01   0.00e+00 (  4.47e+00,  2.05e+02)
50      0.039   1.19e-01   1.23e-01   9.10e-02   5.17e-01   0.00e+00 (  5.89e+00,  2.09e+02)
55      0.063   2.38e-01   2.09e-01   1.43e-01   8.72e-01   0.00e+00 (  8.59e+00,  2.16e+02)
60      0.072   1.60e-01   2.81e-01   1.72e-01   1.03e+00   0.00e+00 (  1.66e+01,  2.53e+02)
65      0.064   2.59e-01   3.54e-01   2.15e-01   9.44e-01   0.00e+00 (  4.32e+01,  2.94e+02)
70      0.077   3.17e-01   4.24e-01   3.20e-01   1.17e+00   0.00e+00 (  5.00e+01,  2.99e+02)
75      0.097   3.19e-01   4.78e-01   3.60e-01   1.50e+00   0.00e+00 (  4.38e+01,  2.87e+02)
80      0.115   3.22e-01   5.09e-01   3.76e-01   1.86e+00   0.00e+00 (  3.76e+01,  2.72e+02)
85      0.193   4.89e-01   6.32e-01   3.95e-01   3.77e+00   0.00e+00 (  4.46e+01,  2.58e+02)
90      0.575   1.38e+00   1.78e+00   1.07e+00   2.05e+01   0.00e+00 (  2.78e+02,  2.44e+02)
95      0.652   1.14e+00   1.63e+00   1.31e+00   4.12e+01   0.00e+00 (  5.98e+02,  2.33e+02)
18 e: 2.995e-04 i: 6.545e-05 :: e: 2.785e-01 i: 3.774e-01 :: n: 2.762e+01 e:9.728 i:8.997 v:4.993e+03
>>> tau_he = 5.000000, nhe(0)=7.350205e-01
 5      0.000   1.60e-03   1.61e-01   1.62e-03   1.28e-03   0.00e+00 (  9.15e-02,  3.38e+01)
10     -0.000   4.38e-05   4.87e-04  -1.24e-04  -1.61e-04   0.00e+00 (  5.29e-03,  6.59e+01)
15     -0.000   6.20e-05  -9.41e-04  -5.32e-04  -1.45e-03   0.00e+00 (  1.02e-02,  9.58e+01)
20      0.000   7.93e-04  -3.23e-04  -1.16e-03   1.95e-03   0.00e+00 (  1.42e-01,  1.23e+02)
25      0.005   9.60e-03   3.28e-04   2.97e-03   5.09e-02   0.00e+00 (  1.67e+00,  1.47e+02)
30      0.010   1.74e-02   1.58e-02   1.38e-02   9.82e-02   0.00e+00 (  2.69e+00,  1.68e+02)
35      0.015   3.04e-02   4.38e-02   3.67e-02   1.69e-01   0.00e+00 (  4.07e+00,  1.84e+02)
40      0.021   4.46e-02   6.60e-02   5.35e-02   2.51e-01   0.00e+00 (  4.87e+00,  1.97e+02)
45      0.024   5.41e-02   6.37e-02   5.31e-02   2.97e-01   0.00e+00 (  4.31e+00,  2.05e+02)
50      0.040   1.32e-01   1.22e-01   9.17e-02   5.27e-01   0.00e+00 (  5.75e+00,  2.09e+02)
55      0.065   2.74e-01   2.10e-01   1.45e-01   8.93e-01   0.00e+00 (  8.49e+00,  2.16e+02)
60      0.075   1.65e-01   2.89e-01   1.76e-01   1.07e+00   0.00e+00 (  1.69e+01,  2.53e+02)
65      0.067   2.64e-01   3.67e-01   2.24e-01   9.89e-01   0.00e+00 (  4.42e+01,  2.94e+02)
70      0.081   3.21e-01   4.39e-01   3.29e-01   1.22e+00   0.00e+00 (  5.10e+01,  2.99e+02)
75      0.100   3.23e-01   4.91e-01   3.67e-01   1.54e+00   0.00e+00 (  4.44e+01,  2.87e+02)
80      0.118   3.26e-01   5.22e-01   3.86e-01   1.91e+00   0.00e+00 (  3.80e+01,  2.72e+02)
85      0.194   4.91e-01   6.39e-01   4.01e-01   3.79e+00   0.00e+00 (  4.45e+01,  2.58e+02)
90      0.575   1.38e+00   1.78e+00   1.07e+00   2.05e+01   0.00e+00 (  2.78e+02,  2.44e+02)
95      0.652   1.14e+00   1.63e+00   1.31e+00   4.12e+01   0.00e+00 (  5.98e+02,  2.33e+02)
19 e: 9.783e-05 i: 1.584e-04 :: e: 2.332e-01 i: 3.277e-01 :: n: 2.762e+01 e:9.458 i:9.044 v:4.993e+03
>>> tau_he = 5.000000, nhe(0)=7.017710e-01
 5      0.000   1.60e-03   1.67e-01   1.64e-03   1.37e-03   0.00e+00 (  8.95e-02,  3.38e+01)
10     -0.000   4.24e-05   6.25e-04  -1.33e-04  -1.43e-04   0.00e+00 (  5.02e-03,  6.59e+01)
15     -0.000   5.13e-05  -5.48e-04  -3.23e-04  -9.37e-04   0.00e+00 (  8.39e-03,  9.58e+01)
20      0.000   4.79e-04  -5.34e-04  -9.41e-04   4.91e-04   0.00e+00 (  8.63e-02,  1.23e+02)
25      0.004   7.88e-03  -1.05e-03   1.84e-03   4.11e-02   0.00e+00 (  1.39e+00,  1.47e+02)
30      0.008   1.50e-02   1.36e-02   1.13e-02   8.30e-02   0.00e+00 (  2.36e+00,  1.68e+02)
35      0.014   2.74e-02   4.02e-02   3.40e-02   1.50e-01   0.00e+00 (  3.76e+00,  1.84e+02)
40      0.019   4.05e-02   6.17e-02   5.20e-02   2.26e-01   0.00e+00 (  4.55e+00,  1.97e+02)
45      0.022   4.93e-02   5.96e-02   4.94e-02   2.73e-01   0.00e+00 (  4.06e+00,  2.05e+02)
50      0.039   1.26e-01   1.19e-01   8.89e-02   5.09e-01   0.00e+00 (  5.60e+00,  2.09e+02)
55      0.064   2.71e-01   2.09e-01   1.44e-01   8.86e-01   0.00e+00 (  8.46e+00,  2.16e+02)
60      0.074   1.64e-01   2.89e-01   1.76e-01   1.06e+00   0.00e+00 (  1.72e+01,  2.53e+02)
65      0.065   2.74e-01   3.69e-01   2.27e-01   9.60e-01   0.00e+00 (  4.68e+01,  2.94e+02)
70      0.079   3.32e-01   4.44e-01   3.34e-01   1.19e+00   0.00e+00 (  5.36e+01,  2.99e+02)
75      0.099   3.31e-01   4.96e-01   3.71e-01   1.52e+00   0.00e+00 (  4.63e+01,  2.87e+02)
80      0.117   3.30e-01   5.24e-01   3.88e-01   1.89e+00   0.00e+00 (  3.92e+01,  2.72e+02)
85      0.193   4.90e-01   6.39e-01   4.01e-01   3.78e+00   0.00e+00 (  4.50e+01,  2.58e+02)
90      0.575   1.38e+00   1.78e+00   1.07e+00   2.05e+01   0.00e+00 (  2.79e+02,  2.44e+02)
95      0.652   1.14e+00   1.63e+00   1.31e+00   4.12e+01   0.00e+00 (  5.98e+02,  2.33e+02)
20 e: 1.435e-04 i: 9.057e-05 :: e: 2.089e-01 i: 2.948e-01 :: n: 2.762e+01 e:9.541 i:8.874 v:4.993e+03
>>> tau_he = 5.000000, nhe(0)=7.175425e-01
 5      0.000   1.68e-03   1.73e-01   1.62e-03   1.51e-03   0.00e+00 (  8.64e-02,  3.38e+01)
10     -0.000   4.75e-05   6.93e-04  -1.33e-04  -9.38e-05   0.00e+00 (  5.19e-03,  6.59e+01)
15     -0.000   5.71e-05  -4.76e-04  -2.70e-04  -7.01e-04   0.00e+00 (  8.70e-03,  9.58e+01)
20     -0.000   1.95e-04  -7.04e-04  -7.16e-04  -6.77e-04   0.00e+00 (  3.30e-02,  1.23e+02)
25      0.004   6.85e-03  -2.03e-03   1.21e-03   3.57e-02   0.00e+00 (  1.14e+00,  1.47e+02)
30      0.008   1.43e-02   1.22e-02   1.02e-02   7.95e-02   0.00e+00 (  2.15e+00,  1.68e+02)
35      0.013   2.71e-02   3.79e-02   3.25e-02   1.49e-01   0.00e+00 (  3.54e+00,  1.84e+02)
40      0.019   4.13e-02   6.00e-02   5.10e-02   2.28e-01   0.00e+00 (  4.42e+00,  1.97e+02)
45      0.023   5.29e-02   6.06e-02   5.10e-02   2.87e-01   0.00e+00 (  4.12e+00,  2.05e+02)
50      0.040   1.41e-01   1.21e-01   9.13e-02   5.28e-01   0.00e+00 (  5.65e+00,  2.09e+02)
55      0.066   3.10e-01   2.13e-01   1.47e-01   9.14e-01   0.00e+00 (  8.52e+00,  2.16e+02)
60      0.077   1.70e-01   2.98e-01   1.81e-01   1.10e+00   0.00e+00 (  1.76e+01,  2.53e+02)
65      0.068   2.79e-01   3.84e-01   2.36e-01   1.01e+00   0.00e+00 (  4.79e+01,  2.94e+02)
70      0.083   3.37e-01   4.60e-01   3.43e-01   1.25e+00   0.00e+00 (  5.48e+01,  2.99e+02)
75      0.102   3.37e-01   5.12e-01   3.83e-01   1.57e+00   0.00e+00 (  4.75e+01,  2.87e+02)
80      0.120   3.36e-01   5.37e-01   3.99e-01   1.94e+00   0.00e+00 (  4.00e+01,  2.72e+02)
85      0.195   4.91e-01   6.47e-01   4.05e-01   3.80e+00   0.00e+00 (  4.50e+01,  2.58e+02)
90      0.576   1.38e+00   1.78e+00   1.07e+00   2.05e+01   0.00e+00 (  2.79e+02,  2.44e+02)
95      0.652   1.14e+00   1.63e+00   1.31e+00   4.12e+01   0.00e+00 (  5.98e+02,  2.33e+02)
21 e: 1.294e-04 i: 6.628e-05 :: e: 1.792e-01 i: 2.482e-01 :: n: 2.762e+01 e:9.357 i:8.955 v:4.993e+03
>>> tau_he = 5.000000, nhe(0)=6.960381e-01
 5      0.000   1.73e-03   1.83e-01   1.45e-03   1.66e-03   0.00e+00 (  8.83e-02,  3.38e+01)
10     -0.000   4.55e-05   7.93e-04  -1.31e-04  -8.61e-05   0.00e+00 (  4.94e-03,  6.59e+01)
15     -0.000   5.45e-05  -3.71e-04  -2.12e-04  -6.19e-04   0.00e+00 (  8.31e-03,  9.58e+01)
20     -0.000   5.01e-05  -7.18e-04  -5.76e-04  -1.36e-03   0.00e+00 (  8.61e-03,  1.23e+02)
25      0.003   5.66e-03  -2.69e-03   4.48e-04   2.90e-02   0.00e+00 (  9.69e-01,  1.47e+02)
30      0.007   1.27e-02   1.11e-02   8.48e-03   7.03e-02   0.00e+00 (  1.98e+00,  1.68e+02)
35      0.012   2.52e-02   3.63e-02   3.11e-02   1.37e-01   0.00e+00 (  3.43e+00,  1.84e+02)
40      0.018   3.89e-02   5.82e-02   4.98e-02   2.15e-01   0.00e+00 (  4.34e+00,  1.97e+02)
45      0.022   4.98e-02   5.90e-02   4.92e-02   2.74e-01   0.00e+00 (  4.06e+00,  2.05e+02)
50      0.039   1.35e-01   1.21e-01   9.03e-02   5.21e-01   0.00e+00 (  5.65e+00,  2.09e+02)
55      0.067   3.06e-01   2.14e-01   1.48e-01   9.17e-01   0.00e+00 (  8.62e+00,  2.16e+02)
60      0.077   1.70e-01   3.02e-01   1.82e-01   1.10e+00   0.00e+00 (  1.81e+01,  2.53e+02)
65      0.067   2.89e-01   3.88e-01   2.40e-01   9.83e-01   0.00e+00 (  5.07e+01,  2.94e+02)
70      0.082   3.47e-01   4.66e-01   3.49e-01   1.23e+00   0.00e+00 (  5.74e+01,  2.99e+02)
75      0.101   3.45e-01   5.19e-01   3.88e-01   1.56e+00   0.00e+00 (  4.95e+01,  2.87e+02)
80      0.119   3.40e-01   5.43e-01   4.01e-01   1.92e+00   0.00e+00 (  4.13e+01,  2.72e+02)
85      0.194   4.90e-01   6.49e-01   4.06e-01   3.80e+00   0.00e+00 (  4.56e+01,  2.58e+02)
90      0.576   1.38e+00   1.79e+00   1.07e+00   2.05e+01   0.00e+00 (  2.79e+02,  2.44e+02)
95      0.652   1.14e+00   1.63e+00   1.31e+00   4.12e+01   0.00e+00 (  5.98e+02,  2.33e+02)
22 e: 5.974e-05 i: 1.205e-04 :: e: 1.567e-01 i: 2.186e-01 :: n: 2.762e+01 e:9.476 i:8.845 v:4.993e+03
>>> tau_he = 5.000000, nhe(0)=7.173761e-01
 5      0.000   1.81e-03   1.89e-01   1.43e-03   1.79e-03   0.00e+00 (  8.71e-02,  3.38e+01)
10     -0.000   5.03e-05   8.52e-04  -1.31e-04  -5.15e-05   0.00e+00 (  5.14e-03,  6.59e+01)
15     -0.000   5.95e-05  -3.23e-04  -1.84e-04  -4.84e-04   0.00e+00 (  8.61e-03,  9.58e+01)
20     -0.000   5.55e-05  -7.22e-04  -5.59e-04  -1.18e-03   0.00e+00 (  9.13e-03,  1.23e+02)
25      0.003   5.21e-03  -3.11e-03   1.69e-04   2.67e-02   0.00e+00 (  8.60e-01,  1.47e+02)
30      0.007   1.31e-02   1.07e-02   8.49e-03   7.20e-02   0.00e+00 (  1.97e+00,  1.68e+02)
35      0.013   2.60e-02   3.58e-02   3.10e-02   1.42e-01   0.00e+00 (  3.42e+00,  1.84e+02)
40      0.019   4.08e-02   5.89e-02   5.03e-02   2.25e-01   0.00e+00 (  4.42e+00,  1.97e+02)
45      0.024   5.47e-02   6.24e-02   5.25e-02   2.96e-01   0.00e+00 (  4.30e+00,  2.05e+02)
50      0.042   1.51e-01   1.25e-01   9.42e-02   5.49e-01   0.00e+00 (  5.85e+00,  2.09e+02)
55      0.069   3.45e-01   2.19e-01   1.53e-01   9.51e-01   0.00e+00 (  8.82e+00,  2.16e+02)
60      0.080   1.76e-01   3.12e-01   1.87e-01   1.15e+00   0.00e+00 (  1.87e+01,  2.53e+02)
65      0.070   2.94e-01   4.03e-01   2.50e-01   1.03e+00   0.00e+00 (  5.20e+01,  2.94e+02)
70      0.085   3.52e-01   4.82e-01   3.58e-01   1.28e+00   0.00e+00 (  5.86e+01,  2.99e+02)
75      0.105   3.52e-01   5.35e-01   4.00e-01   1.61e+00   0.00e+00 (  5.08e+01,  2.87e+02)
80      0.125   3.48e-01   5.64e-01   4.16e-01   2.02e+00   0.00e+00 (  4.26e+01,  2.72e+02)
85      0.195   4.92e-01   6.57e-01   4.14e-01   3.82e+00   0.00e+00 (  4.59e+01,  2.58e+02)
90      0.576   1.38e+00   1.79e+00   1.07e+00   2.05e+01   0.00e+00 (  2.80e+02,  2.44e+02)
95      0.652   1.14e+00   1.63e+00   1.31e+00   4.12e+01   0.00e+00 (  5.98e+02,  2.33e+02)
23 e: 1.641e-04 i: 2.042e-05 :: e: 1.342e-01 i: 1.792e-01 :: n: 2.762e+01 e:9.361 i:8.954 v:4.993e+03
>>> tau_he = 5.000000, nhe(0)=7.056731e-01
 5      0.000   1.82e-03   1.96e-01   1.46e-03   1.84e-03   0.00e+00 (  8.83e-02,  3.38e+01)
10     -0.000   4.85e-05   9.40e-04  -1.29e-04  -5.24e-05   0.00e+00 (  4.99e-03,  6.59e+01)
15     -0.000   5.97e-05  -2.06e-04  -1.66e-04  -4.74e-04   0.00e+00 (  8.76e-03,  9.58e+01)
20     -0.000   5.17e-05  -6.99e-04  -5.28e-04  -1.23e-03   0.00e+00 (  8.70e-03,  1.23e+02)
25      0.002   4.59e-03  -3.37e-03  -2.43e-04   2.32e-02   0.00e+00 (  7.83e-01,  1.47e+02)
30      0.007   1.24e-02   1.05e-02   8.05e-03   6.85e-02   0.00e+00 (  1.95e+00,  1.68e+02)
35      0.012   2.53e-02   3.57e-02   3.05e-02   1.37e-01   0.00e+00 (  3.49e+00,  1.84e+02)
40      0.019   3.97e-02   5.91e-02   5.05e-02   2.20e-01   0.00e+00 (  4.54e+00,  1.97e+02)
45      0.023   5.31e-02   6.31e-02   5.24e-02   2.94e-01   0.00e+00 (  4.41e+00,  2.05e+02)
50      0.042   1.46e-01   1.27e-01   9.50e-02   5.52e-01   0.00e+00 (  6.00e+00,  2.09e+02)
55      0.070   3.38e-01   2.23e-01   1.55e-01   9.63e-01   0.00e+00 (  9.04e+00,  2.16e+02)
60      0.081   1.77e-01   3.17e-01   1.89e-01   1.15e+00   0.00e+00 (  1.93e+01,  2.53e+02)
65      0.069   3.05e-01   4.09e-01   2.56e-01   1.01e+00   0.00e+00 (  5.50e+01,  2.94e+02)
70      0.084   3.61e-01   4.90e-01   3.65e-01   1.27e+00   0.00e+00 (  6.12e+01,  2.99e+02)
75      0.104   3.59e-01   5.43e-01   4.06e-01   1.60e+00   0.00e+00 (  5.28e+01,  2.87e+02)
80      0.124   3.54e-01   5.71e-01   4.18e-01   2.01e+00   0.00e+00 (  4.40e+01,  2.72e+02)
85      0.195   4.92e-01   6.60e-01   4.16e-01   3.82e+00   0.00e+00 (  4.67e+01,  2.58e+02)
90      0.576   1.38e+00   1.79e+00   1.07e+00   2.05e+01   0.00e+00 (  2.80e+02,  2.44e+02)
95      0.652   1.14e+00   1.63e+00   1.31e+00   4.12e+01   0.00e+00 (  5.98e+02,  2.33e+02)
24 e: 2.032e-05 i: 1.525e-04 :: e: 1.138e-01 i: 1.546e-01 :: n: 2.762e+01 e:9.512 i:8.894 v:4.993e+03
>>> tau_he = 5.000000, nhe(0)=7.322324e-01
 5      0.000   1.90e-03   2.02e-01   1.44e-03   1.94e-03   0.00e+00 (  8.82e-02,  3.38e+01)
10     -0.000   5.30e-05   9.89e-04  -1.29e-04  -2.88e-05   0.00e+00 (  5.24e-03,  6.59e+01)
15     -0.000   6.46e-05  -1.83e-04  -1.54e-04  -4.00e-04   0.00e+00 (  9.15e-03,  9.58e+01)
20     -0.000   5.37e-05  -7.22e-04  -5.14e-04  -1.09e-03   0.00e+00 (  8.80e-03,  1.23e+02)
25      0.003   4.68e-03  -3.56e-03  -2.26e-04   2.38e-02   0.00e+00 (  7.83e-01,  1.47e+02)
30      0.007   1.35e-02   1.08e-02   8.89e-03   7.49e-02   0.00e+00 (  2.09e+00,  1.68e+02)
35      0.013   2.69e-02   3.69e-02   3.19e-02   1.47e-01   0.00e+00 (  3.67e+00,  1.84e+02)
40      0.020   4.28e-02   6.17e-02   5.07e-02   2.39e-01   0.00e+00 (  4.83e+00,  1.97e+02)
45      0.026   5.89e-02   6.85e-02   5.71e-02   3.23e-01   0.00e+00 (  4.82e+00,  2.05e+02)
50      0.044   1.62e-01   1.33e-01   1.00e-01   5.87e-01   0.00e+00 (  6.34e+00,  2.09e+02)
55      0.073   3.74e-01   2.30e-01   1.62e-01   1.00e+00   0.00e+00 (  9.37e+00,  2.16e+02)
60      0.084   1.83e-01   3.29e-01   1.95e-01   1.19e+00   0.00e+00 (  2.00e+01,  2.53e+02)
65      0.072   3.11e-01   4.24e-01   2.65e-01   1.05e+00   0.00e+00 (  5.66e+01,  2.94e+02)
70      0.087   3.67e-01   5.05e-01   3.74e-01   1.31e+00   0.00e+00 (  6.25e+01,  2.99e+02)
75      0.107   3.66e-01   5.59e-01   4.17e-01   1.65e+00   0.00e+00 (  5.42e+01,  2.87e+02)
80      0.127   3.61e-01   5.86e-01   4.29e-01   2.06e+00   0.00e+00 (  4.51e+01,  2.72e+02)
85      0.197   4.94e-01   6.70e-01   4.25e-01   3.84e+00   0.00e+00 (  4.71e+01,  2.58e+02)
90      0.577   1.38e+00   1.79e+00   1.08e+00   2.05e+01   0.00e+00 (  2.81e+02,  2.44e+02)
95      0.652   1.14e+00   1.63e+00   1.31e+00   4.12e+01   0.00e+00 (  5.98e+02,  2.33e+02)
25 e: 2.003e-04 i: 4.497e-06 :: e: 9.506e-02 i: 1.223e-01 :: n: 2.762e+01 e:9.456 i:9.030 v:4.993e+03
>>> tau_he = 5.000000, nhe(0)=7.292140e-01
 5      0.000   1.91e-03   2.08e-01   1.48e-03   1.98e-03   0.00e+00 (  9.07e-02,  3.38e+01)
10     -0.000   5.27e-05   1.12e-03  -1.25e-04  -4.96e-05   0.00e+00 (  5.31e-03,  6.59e+01)
15     -0.000   6.29e-05  -9.11e-05  -9.63e-05  -3.34e-04   0.00e+00 (  9.14e-03,  9.58e+01)
20     -0.000   5.01e-05  -7.13e-04  -4.98e-04  -1.19e-03   0.00e+00 (  8.51e-03,  1.23e+02)
25      0.003   4.64e-03  -3.66e-03  -3.33e-04   2.33e-02   0.00e+00 (  8.10e-01,  1.47e+02)
30      0.007   1.40e-02   1.14e-02   9.35e-03   7.67e-02   0.00e+00 (  2.28e+00,  1.68e+02)
35      0.013   2.73e-02   3.82e-02   3.25e-02   1.48e-01   0.00e+00 (  3.94e+00,  1.84e+02)
40      0.020   4.29e-02   6.39e-02   5.21e-02   2.41e-01   0.00e+00 (  5.14e+00,  1.97e+02)
45      0.026   5.87e-02   7.15e-02   5.86e-02   3.29e-01   0.00e+00 (  5.12e+00,  2.05e+02)
50      0.046   1.58e-01   1.37e-01   1.04e-01   6.02e-01   0.00e+00 (  6.67e+00,  2.09e+02)
55      0.074   3.63e-01   2.36e-01   1.65e-01   1.02e+00   0.00e+00 (  9.71e+00,  2.16e+02)
60      0.084   1.85e-01   3.36e-01   1.98e-01   1.20e+00   0.00e+00 (  2.08e+01,  2.53e+02)
65      0.071   3.20e-01   4.31e-01   2.71e-01   1.04e+00   0.00e+00 (  5.93e+01,  2.94e+02)
70      0.087   3.76e-01   5.14e-01   3.80e-01   1.31e+00   0.00e+00 (  6.49e+01,  2.99e+02)
75      0.107   3.74e-01   5.67e-01   4.24e-01   1.65e+00   0.00e+00 (  5.63e+01,  2.87e+02)
80      0.127   3.67e-01   5.93e-01   4.35e-01   2.06e+00   0.00e+00 (  4.67e+01,  2.72e+02)
85      0.197   4.95e-01   6.74e-01   4.28e-01   3.84e+00   0.00e+00 (  4.80e+01,  2.58e+02)
90      0.577   1.38e+00   1.79e+00   1.08e+00   2.05e+01   0.00e+00 (  2.82e+02,  2.44e+02)
95      0.652   1.14e+00   1.63e+00   1.31e+00   4.12e+01   0.00e+00 (  5.98e+02,  2.33e+02)
26 e: 1.000e-05 i: 1.854e-04 :: e: 7.669e-02 i: 1.012e-01 :: n: 2.762e+01 e:9.638 i:9.014 v:4.993e+03
>>> tau_he = 5.000000, nhe(0)=7.609456e-01
 5      0.000   1.99e-03   2.13e-01   1.47e-03   2.07e-03   0.00e+00 (  9.25e-02,  3.38e+01)
10     -0.000   5.71e-05   1.16e-03  -1.24e-04  -3.50e-05   0.00e+00 (  5.64e-03,  6.59e+01)
15     -0.000   6.75e-05  -9.55e-05  -9.58e-05  -3.08e-04   0.00e+00 (  9.65e-03,  9.58e+01)
20     -0.000   5.42e-05  -7.33e-04  -5.18e-04  -1.17e-03   0.00e+00 (  9.11e-03,  1.23e+02)
25      0.003   5.27e-03  -3.74e-03  -5.98e-05   2.67e-02   0.00e+00 (  9.16e-01,  1.47e+02)
30      0.009   1.68e-02   1.26e-02   1.15e-02   8.82e-02   0.00e+00 (  2.73e+00,  1.68e+02)
35      0.015   2.98e-02   4.09e-02   3.50e-02   1.64e-01   0.00e+00 (  4.29e+00,  1.84e+02)
40      0.022   4.66e-02   6.84e-02   5.53e-02   2.64e-01   0.00e+00 (  5.60e+00,  1.97e+02)
45      0.029   6.52e-02   7.91e-02   6.48e-02   3.66e-01   0.00e+00 (  5.69e+00,  2.05e+02)
50      0.049   1.73e-01   1.46e-01   1.11e-01   6.44e-01   0.00e+00 (  7.13e+00,  2.09e+02)
55      0.077   3.91e-01   2.45e-01   1.71e-01   1.07e+00   0.00e+00 (  1.01e+01,  2.16e+02)
60      0.087   1.90e-01   3.46e-01   2.01e-01   1.24e+00   0.00e+00 (  2.15e+01,  2.53e+02)
65      0.074   3.26e-01   4.46e-01   2.81e-01   1.08e+00   0.00e+00 (  6.08e+01,  2.94e+02)
70      0.090   3.81e-01   5.28e-01   3.89e-01   1.35e+00   0.00e+00 (  6.62e+01,  2.99e+02)
75      0.110   3.81e-01   5.82e-01   4.35e-01   1.70e+00   0.00e+00 (  5.77e+01,  2.87e+02)
80      0.130   3.74e-01   6.08e-01   4.46e-01   2.11e+00   0.00e+00 (  4.80e+01,  2.72e+02)
85      0.199   4.98e-01   6.85e-01   4.40e-01   3.88e+00   0.00e+00 (  4.88e+01,  2.58e+02)
90      0.578   1.38e+00   1.79e+00   1.08e+00   2.06e+01   0.00e+00 (  2.82e+02,  2.44e+02)
95      0.652   1.14e+00   1.63e+00   1.31e+00   4.12e+01   0.00e+00 (  5.98e+02,  2.33e+02)
27 e: 2.374e-04 i: 8.816e-06 :: e: 6.209e-02 i: 7.412e-02 :: n: 2.762e+01 e:9.636 i:9.175 v:4.993e+03
>>> tau_he = 5.000000, nhe(0)=7.660302e-01
 5      0.000   2.01e-03   2.19e-01   1.51e-03   2.09e-03   0.00e+00 (  9.63e-02,  3.38e+01)
10     -0.000   5.56e-05   1.22e-03  -1.22e-04  -5.33e-05   0.00e+00 (  5.67e-03,  6.59e+01)
15     -0.000   6.66e-05  -7.90e-05  -9.09e-05  -3.58e-04   0.00e+00 (  9.89e-03,  9.58e+01)
20     -0.000   5.09e-05  -7.35e-04  -5.22e-04  -1.32e-03   0.00e+00 (  8.95e-03,  1.23e+02)
25      0.003   5.86e-03  -3.69e-03   1.42e-04   2.96e-02   0.00e+00 (  1.07e+00,  1.47e+02)
30      0.009   1.85e-02   1.41e-02   1.30e-02   9.54e-02   0.00e+00 (  3.18e+00,  1.68e+02)
35      0.015   3.21e-02   4.37e-02   3.72e-02   1.71e-01   0.00e+00 (  4.91e+00,  1.84e+02)
40      0.023   4.67e-02   7.26e-02   5.79e-02   2.73e-01   0.00e+00 (  5.99e+00,  1.97e+02)
45      0.031   6.68e-02   8.46e-02   6.97e-02   3.84e-01   0.00e+00 (  6.25e+00,  2.05e+02)
50      0.050   1.69e-01   1.52e-01   1.14e-01   6.64e-01   0.00e+00 (  7.56e+00,  2.09e+02)
55      0.079   3.78e-01   2.52e-01   1.75e-01   1.09e+00   0.00e+00 (  1.06e+01,  2.16e+02)
60      0.088   1.91e-01   3.54e-01   2.04e-01   1.25e+00   0.00e+00 (  2.23e+01,  2.53e+02)
65      0.073   3.35e-01   4.54e-01   2.87e-01   1.07e+00   0.00e+00 (  6.35e+01,  2.94e+02)
70      0.090   3.90e-01   5.37e-01   3.96e-01   1.35e+00   0.00e+00 (  6.86e+01,  2.99e+02)
75      0.110   3.88e-01   5.91e-01   4.42e-01   1.70e+00   0.00e+00 (  5.96e+01,  2.87e+02)
80      0.131   3.80e-01   6.16e-01   4.53e-01   2.11e+00   0.00e+00 (  4.96e+01,  2.72e+02)
85      0.199   4.99e-01   6.90e-01   4.44e-01   3.89e+00   0.00e+00 (  4.98e+01,  2.58e+02)
90      0.578   1.38e+00   1.80e+00   1.08e+00   2.06e+01   0.00e+00 (  2.83e+02,  2.44e+02)
95      0.652   1.14e+00   1.63e+00   1.31e+00   4.12e+01   0.00e+00 (  5.98e+02,  2.33e+02)
28 e: 1.982e-05 i: 2.176e-04 :: e: 5.111e-02 i: 5.630e-02 :: n: 2.762e+01 e:9.850 i:9.201 v:4.993e+03
>>> tau_he = 5.000000, nhe(0)=8.030138e-01
 5      0.000   2.08e-03   2.23e-01   1.51e-03   2.16e-03   0.00e+00 (  9.97e-02,  3.38e+01)
10     -0.000   5.95e-05   1.25e-03  -1.21e-04  -4.95e-05   0.00e+00 (  6.06e-03,  6.59e+01)
15     -0.000   7.11e-05  -1.13e-04  -1.01e-04  -3.74e-04   0.00e+00 (  1.06e-02,  9.58e+01)
20     -0.000   5.44e-05  -7.64e-04  -5.61e-04  -1.38e-03   0.00e+00 (  9.63e-03,  1.23e+02)
25      0.004   7.07e-03  -3.51e-03   7.05e-04   3.61e-02   0.00e+00 (  1.31e+00,  1.47e+02)
30      0.011   2.13e-02   1.64e-02   1.57e-02   1.11e-01   0.00e+00 (  3.71e+00,  1.68e+02)
35      0.017   3.54e-02   4.78e-02   4.03e-02   1.90e-01   0.00e+00 (  5.49e+00,  1.84e+02)
40      0.025   5.06e-02   7.90e-02   6.08e-02   2.98e-01   0.00e+00 (  6.58e+00,  1.97e+02)
45      0.033   7.21e-02   9.50e-02   7.48e-02   4.15e-01   0.00e+00 (  6.84e+00,  2.05e+02)
50      0.054   1.80e-01   1.66e-01   1.19e-01   7.09e-01   0.00e+00 (  8.11e+00,  2.09e+02)
55      0.083   3.97e-01   2.62e-01   1.83e-01   1.14e+00   0.00e+00 (  1.11e+01,  2.16e+02)
60      0.091   1.97e-01   3.67e-01   2.10e-01   1.30e+00   0.00e+00 (  2.32e+01,  2.53e+02)
65      0.076   3.41e-01   4.68e-01   2.96e-01   1.12e+00   0.00e+00 (  6.49e+01,  2.94e+02)
70      0.092   3.95e-01   5.51e-01   4.04e-01   1.39e+00   0.00e+00 (  6.98e+01,  2.99e+02)
75      0.113   3.99e-01   6.07e-01   4.58e-01   1.74e+00   0.00e+00 (  6.16e+01,  2.87e+02)
80      0.133   3.87e-01   6.31e-01   4.64e-01   2.16e+00   0.00e+00 (  5.09e+01,  2.72e+02)
85      0.198   4.96e-01   6.96e-01   4.51e-01   3.87e+00   0.00e+00 (  4.99e+01,  2.58e+02)
90      0.578   1.38e+00   1.80e+00   1.09e+00   2.06e+01   0.00e+00 (  2.84e+02,  2.44e+02)
95      0.652   1.14e+00   1.63e+00   1.31e+00   4.12e+01   0.00e+00 (  5.98e+02,  2.33e+02)
29 e: 2.745e-04 i: 2.695e-05 :: e: 5.011e-02 i: 3.336e-02 :: n: 2.762e+01 e:9.898 i:9.385 v:4.993e+03
>>> tau_he = 5.000000, nhe(0)=8.159084e-01
 5      0.000   2.10e-03   2.27e-01   1.55e-03   2.16e-03   0.00e+00 (  1.05e-01,  3.38e+01)
10     -0.000   5.79e-05   1.29e-03  -1.17e-04  -7.71e-05   0.00e+00 (  6.16e-03,  6.59e+01)
15     -0.000   7.05e-05  -1.78e-04  -1.54e-04  -5.64e-04   0.00e+00 (  1.10e-02,  9.58e+01)
20     -0.000   5.35e-05  -7.61e-04  -6.03e-04  -1.68e-03   0.00e+00 (  1.00e-02,  1.23e+02)
25      0.005   8.39e-03  -3.06e-03   1.24e-03   4.27e-02   0.00e+00 (  1.65e+00,  1.47e+02)
30      0.012   2.43e-02   1.92e-02   1.84e-02   1.24e-01   0.00e+00 (  4.49e+00,  1.68e+02)
35      0.018   3.85e-02   5.22e-02   4.36e-02   2.03e-01   0.00e+00 (  6.36e+00,  1.84e+02)
40      0.026   5.36e-02   8.48e-02   6.33e-02   3.09e-01   0.00e+00 (  7.45e+00,  1.97e+02)
45      0.035   7.40e-02   1.02e-01   7.90e-02   4.35e-01   0.00e+00 (  7.53e+00,  2.05e+02)
50      0.056   1.77e-01   1.74e-01   1.23e-01   7.33e-01   0.00e+00 (  8.66e+00,  2.09e+02)
55      0.085   3.82e-01   2.70e-01   1.88e-01   1.17e+00   0.00e+00 (  1.16e+01,  2.16e+02)
60      0.092   2.00e-01   3.76e-01   2.13e-01   1.31e+00   0.00e+00 (  2.42e+01,  2.53e+02)
65      0.063   3.25e-01   4.22e-01   2.46e-01   9.23e-01   0.00e+00 (  6.29e+01,  2.94e+02)
70      0.092   4.03e-01   5.60e-01   4.11e-01   1.39e+00   0.00e+00 (  7.21e+01,  2.99e+02)
75      0.113   4.06e-01   6.16e-01   4.65e-01   1.74e+00   0.00e+00 (  6.35e+01,  2.87e+02)
80      0.134   3.94e-01   6.40e-01   4.70e-01   2.16e+00   0.00e+00 (  5.25e+01,  2.72e+02)
85      0.197   4.98e-01   7.01e-01   4.54e-01   3.86e+00   0.00e+00 (  5.11e+01,  2.58e+02)
90      0.579   1.38e+00   1.80e+00   1.09e+00   2.06e+01   0.00e+00 (  2.85e+02,  2.44e+02)
95      0.652   1.14e+00   1.63e+00   1.31e+00   4.12e+01   0.00e+00 (  5.98e+02,  2.33e+02)
30 e: 4.419e-05 i: 2.489e-04 :: e: 4.039e-02 i: 3.156e-02 :: n: 2.762e+01 e:10.144 i:9.450 v:4.993e+03
>>> tau_he = 5.000000, nhe(0)=8.582191e-01
 5      0.000   2.17e-03   2.31e-01   1.57e-03   2.20e-03   0.00e+00 (  1.10e-01,  3.38e+01)
10     -0.000   6.13e-05   1.29e-03  -1.15e-04  -8.61e-05   0.00e+00 (  6.62e-03,  6.59e+01)
15     -0.000   7.28e-05  -2.66e-04  -1.69e-04  -6.30e-04   0.00e+00 (  1.16e-02,  9.58e+01)
20     -0.000   5.63e-05  -7.96e-04  -6.61e-04  -1.86e-03   0.00e+00 (  1.08e-02,  1.23e+02)
25      0.003   5.55e-03   5.68e-04   2.17e-03   2.71e-02   0.00e+00 (  1.11e+00,  1.47e+02)
30      0.014   2.99e-02   2.35e-02   2.00e-02   1.44e-01   0.00e+00 (  5.66e+00,  1.68e+02)
35      0.020   4.40e-02   5.79e-02   4.47e-02   2.22e-01   0.00e+00 (  7.45e+00,  1.84e+02)
40      0.029   5.83e-02   9.23e-02   6.87e-02   3.38e-01   0.00e+00 (  8.30e+00,  1.97e+02)
45      0.038   8.06e-02   1.12e-01   8.70e-02   4.77e-01   0.00e+00 (  8.39e+00,  2.05e+02)
50      0.059   1.86e-01   1.84e-01   1.31e-01   7.80e-01   0.00e+00 (  9.33e+00,  2.09e+02)
55      0.087   3.90e-01   2.80e-01   1.89e-01   1.20e+00   0.00e+00 (  1.21e+01,  2.16e+02)
60      0.095   2.06e-01   3.89e-01   2.19e-01   1.35e+00   0.00e+00 (  2.52e+01,  2.53e+02)
65      0.066   3.31e-01   4.39e-01   2.57e-01   9.64e-01   0.00e+00 (  6.45e+01,  2.94e+02)
70      0.095   4.08e-01   5.75e-01   4.19e-01   1.43e+00   0.00e+00 (  7.33e+01,  2.99e+02)
75      0.116   4.11e-01   6.29e-01   4.74e-01   1.78e+00   0.00e+00 (  6.47e+01,  2.87e+02)
80      0.136   4.00e-01   6.54e-01   4.81e-01   2.21e+00   0.00e+00 (  5.38e+01,  2.72e+02)
85      0.199   5.01e-01   7.12e-01   4.62e-01   3.89e+00   0.00e+00 (  5.19e+01,  2.58e+02)
90      0.579   1.38e+00   1.80e+00   1.09e+00   2.06e+01   0.00e+00 (  2.86e+02,  2.44e+02)
95      0.652   1.14e+00   1.63e+00   1.31e+00   4.12e+01   0.00e+00 (  5.98e+02,  2.33e+02)
31 e: 3.107e-04 i: 5.467e-05 :: e: 3.722e-02 i: 2.552e-02 :: n: 2.762e+01 e:10.240 i:9.659 v:4.993e+03
>>> tau_he = 5.000000, nhe(0)=8.787581e-01
 5      0.000   2.19e-03   2.33e-01   1.59e-03   2.19e-03   0.00e+00 (  1.18e-01,  3.38e+01)
10     -0.000   5.96e-05   1.30e-03  -1.11e-04  -1.25e-04   0.00e+00 (  6.80e-03,  6.59e+01)
15     -0.000   7.16e-05  -3.21e-04  -1.97e-04  -8.03e-04   0.00e+00 (  1.20e-02,  9.58e+01)
20     -0.000   2.32e-04  -8.02e-04  -8.23e-04  -1.35e-03   0.00e+00 (  4.71e-02,  1.23e+02)
25      0.004   8.68e-03   1.45e-03   3.62e-03   3.58e-02   0.00e+00 (  1.86e+00,  1.47e+02)
30      0.016   3.23e-02   2.83e-02   2.22e-02   1.59e-01   0.00e+00 (  6.52e+00,  1.68e+02)
35      0.022   4.62e-02   6.40e-02   4.78e-02   2.39e-01   0.00e+00 (  8.32e+00,  1.84e+02)
40      0.030   6.16e-02   9.96e-02   7.38e-02   3.58e-01   0.00e+00 (  9.38e+00,  1.97e+02)
45      0.039   8.16e-02   1.20e-01   9.21e-02   4.95e-01   0.00e+00 (  9.11e+00,  2.05e+02)
50      0.061   1.83e-01   1.93e-01   1.36e-01   8.07e-01   0.00e+00 (  1.00e+01,  2.09e+02)
55      0.090   3.74e-01   2.89e-01   1.94e-01   1.23e+00   0.00e+00 (  1.27e+01,  2.16e+02)
60      0.096   2.09e-01   3.98e-01   2.24e-01   1.37e+00   0.00e+00 (  2.64e+01,  2.53e+02)
65      0.066   3.40e-01   4.50e-01   2.66e-01   9.68e-01   0.00e+00 (  6.73e+01,  2.94e+02)
70      0.096   4.15e-01   5.85e-01   4.26e-01   1.44e+00   0.00e+00 (  7.55e+01,  2.99e+02)
75      0.116   4.18e-01   6.38e-01   4.81e-01   1.78e+00   0.00e+00 (  6.65e+01,  2.87e+02)
80      0.137   4.06e-01   6.62e-01   4.88e-01   2.21e+00   0.00e+00 (  5.54e+01,  2.72e+02)
85      0.198   4.99e-01   7.15e-01   4.64e-01   3.86e+00   0.00e+00 (  5.27e+01,  2.58e+02)
90      0.576   1.38e+00   1.80e+00   1.08e+00   2.05e+01   0.00e+00 (  2.87e+02,  2.44e+02)
95      0.652   1.14e+00   1.63e+00   1.31e+00   4.12e+01   0.00e+00 (  5.98e+02,  2.33e+02)
32 e: 7.741e-05 i: 2.755e-04 :: e: 3.275e-02 i: 2.716e-02 :: n: 2.762e+01 e:10.518 i:9.760 v:4.993e+03
>>> tau_he = 5.000000, nhe(0)=9.263493e-01
 5      0.000   2.25e-03   2.36e-01   1.60e-03   2.20e-03   0.00e+00 (  1.25e-01,  3.38e+01)
10     -0.000   6.24e-05   1.29e-03  -1.08e-04  -1.50e-04   0.00e+00 (  7.34e-03,  6.59e+01)
15     -0.000   7.49e-05  -4.23e-04  -2.50e-04  -9.72e-04   0.00e+00 (  1.30e-02,  9.58e+01)
20     -0.000   5.23e-04  -8.09e-04  -1.06e-03  -2.68e-04   0.00e+00 (  1.10e-01,  1.23e+02)
25      0.006   1.21e-02   2.76e-03   4.88e-03   5.13e-02   0.00e+00 (  2.68e+00,  1.47e+02)
30      0.018   3.70e-02   3.42e-02   2.42e-02   1.83e-01   0.00e+00 (  7.70e+00,  1.68e+02)
35      0.019   4.10e-02   4.12e-02   3.29e-02   2.08e-01   0.00e+00 (  7.60e+00,  1.84e+02)
40      0.033   6.69e-02   1.09e-01   7.46e-02   3.91e-01   0.00e+00 (  1.05e+01,  1.97e+02)
45      0.043   8.83e-02   1.32e-01   1.02e-01   5.41e-01   0.00e+00 (  1.02e+01,  2.05e+02)
50      0.065   1.91e-01   2.05e-01   1.44e-01   8.56e-01   0.00e+00 (  1.08e+01,  2.09e+02)
55      0.093   3.79e-01   3.00e-01   2.01e-01   1.28e+00   0.00e+00 (  1.34e+01,  2.16e+02)
60      0.099   2.15e-01   4.12e-01   2.30e-01   1.41e+00   0.00e+00 (  2.75e+01,  2.53e+02)
65      0.069   3.44e-01   4.67e-01   2.76e-01   1.01e+00   0.00e+00 (  6.86e+01,  2.94e+02)
70      0.098   4.20e-01   5.99e-01   4.35e-01   1.48e+00   0.00e+00 (  7.67e+01,  2.99e+02)
75      0.118   4.24e-01   6.51e-01   4.90e-01   1.83e+00   0.00e+00 (  6.76e+01,  2.87e+02)
80      0.137   4.08e-01   6.72e-01   4.94e-01   2.22e+00   0.00e+00 (  5.60e+01,  2.72e+02)
85      0.199   5.03e-01   7.27e-01   4.73e-01   3.90e+00   0.00e+00 (  5.37e+01,  2.58e+02)
90      0.576   1.38e+00   1.80e+00   1.08e+00   2.05e+01   0.00e+00 (  2.88e+02,  2.44e+02)
95      0.652   1.14e+00   1.63e+00   1.31e+00   4.12e+01   0.00e+00 (  5.98e+02,  2.33e+02)
33 e: 3.424e-04 i: 8.777e-05 :: e: 3.500e-02 i: 3.809e-02 :: n: 2.762e+01 e:10.661 i:9.993 v:4.993e+03
>>> tau_he = 5.000000, nhe(0)=9.544091e-01
 5      0.000   2.27e-03   2.38e-01   1.65e-03   2.15e-03   0.00e+00 (  1.34e-01,  3.38e+01)
10     -0.000   6.08e-05   1.29e-03  -1.03e-04  -2.05e-04   0.00e+00 (  7.61e-03,  6.59e+01)
15     -0.000   7.29e-05  -5.13e-04  -3.03e-04  -1.26e-03   0.00e+00 (  1.35e-02,  9.58e+01)
20      0.000   9.15e-04  -7.08e-04  -1.35e-03   7.19e-04   0.00e+00 (  2.06e-01,  1.23e+02)
25      0.007   1.63e-02   4.82e-03   5.03e-03   6.52e-02   0.00e+00 (  3.87e+00,  1.47e+02)
30      0.019   4.55e-02   4.06e-02   2.81e-02   1.96e-01   0.00e+00 (  1.01e+01,  1.68e+02)
35      0.022   4.55e-02   4.80e-02   3.71e-02   2.40e-01   0.00e+00 (  9.00e+00,  1.84e+02)
40      0.034   7.13e-02   1.17e-01   7.77e-02   4.05e-01   0.00e+00 (  1.19e+01,  1.97e+02)
45      0.045   9.06e-02   1.41e-01   1.09e-01   5.67e-01   0.00e+00 (  1.12e+01,  2.05e+02)
50      0.067   1.88e-01   2.15e-01   1.50e-01   8.87e-01   0.00e+00 (  1.16e+01,  2.09e+02)
55      0.095   3.64e-01   3.10e-01   2.06e-01   1.31e+00   0.00e+00 (  1.41e+01,  2.16e+02)
60      0.100   2.18e-01   4.22e-01   2.34e-01   1.43e+00   0.00e+00 (  2.88e+01,  2.53e+02)
65      0.069   3.52e-01   4.78e-01   2.84e-01   1.02e+00   0.00e+00 (  7.11e+01,  2.94e+02)
70      0.099   4.27e-01   6.09e-01   4.42e-01   1.49e+00   0.00e+00 (  7.88e+01,  2.99e+02)
75      0.119   4.30e-01   6.61e-01   4.97e-01   1.83e+00   0.00e+00 (  6.94e+01,  2.87e+02)
80      0.138   4.14e-01   6.82e-01   5.01e-01   2.23e+00   0.00e+00 (  5.76e+01,  2.72e+02)
85      0.200   5.06e-01   7.35e-01   4.80e-01   3.91e+00   0.00e+00 (  5.50e+01,  2.58e+02)
90      0.576   1.38e+00   1.80e+00   1.08e+00   2.05e+01   0.00e+00 (  2.90e+02,  2.44e+02)
95      0.652   1.14e+00   1.63e+00   1.31e+00   4.12e+01   0.00e+00 (  5.98e+02,  2.33e+02)
34 e: 1.167e-04 i: 2.982e-04 :: e: 3.456e-02 i: 4.598e-02 :: n: 2.762e+01 e:10.971 i:10.130 v:4.993e+03
>>> tau_he = 5.000000, nhe(0)=1.007029e+00
 5      0.000   2.30e-03   2.35e-01   1.95e-03   2.06e-03   0.00e+00 (  1.42e-01,  3.38e+01)
10     -0.000   6.32e-05   1.26e-03  -1.01e-04  -2.49e-04   0.00e+00 (  8.25e-03,  6.59e+01)
15     -0.000   7.50e-05  -6.43e-04  -3.84e-04  -1.56e-03   0.00e+00 (  1.45e-02,  9.58e+01)
20      0.005   1.08e-02  -7.22e-03  -2.20e-03   4.22e-02   0.00e+00 (  2.53e+00,  1.23e+02)
25      0.009   2.36e-02   7.38e-03   6.91e-03   8.01e-02   0.00e+00 (  5.80e+00,  1.47e+02)
30      0.019   4.52e-02   3.92e-02   2.76e-02   1.92e-01   0.00e+00 (  1.03e+01,  1.68e+02)
35      0.025   5.19e-02   5.88e-02   4.04e-02   2.73e-01   0.00e+00 (  1.07e+01,  1.84e+02)
40      0.037   7.68e-02   1.26e-01   7.97e-02   4.36e-01   0.00e+00 (  1.33e+01,  1.97e+02)
45      0.049   9.68e-02   1.53e-01   1.21e-01   6.11e-01   0.00e+00 (  1.24e+01,  2.05e+02)
50      0.071   1.94e-01   2.27e-01   1.58e-01   9.37e-01   0.00e+00 (  1.25e+01,  2.09e+02)
55      0.099   3.65e-01   3.23e-01   2.13e-01   1.36e+00   0.00e+00 (  1.49e+01,  2.16e+02)
60      0.103   2.24e-01   4.35e-01   2.40e-01   1.47e+00   0.00e+00 (  3.00e+01,  2.53e+02)
65      0.072   3.57e-01   4.92e-01   2.94e-01   1.05e+00   0.00e+00 (  7.26e+01,  2.94e+02)
70      0.102   4.30e-01   6.23e-01   4.51e-01   1.53e+00   0.00e+00 (  7.96e+01,  2.99e+02)
75      0.122   4.36e-01   6.74e-01   5.07e-01   1.87e+00   0.00e+00 (  7.06e+01,  2.87e+02)
80      0.140   4.21e-01   6.96e-01   5.12e-01   2.27e+00   0.00e+00 (  5.90e+01,  2.72e+02)
85      0.202   5.10e-01   7.47e-01   4.90e-01   3.94e+00   0.00e+00 (  5.60e+01,  2.58e+02)
90      0.577   1.38e+00   1.81e+00   1.09e+00   2.05e+01   0.00e+00 (  2.90e+02,  2.44e+02)
95      0.652   1.14e+00   1.63e+00   1.31e+00   4.12e+01   0.00e+00 (  5.98e+02,  2.33e+02)
35 e: 3.656e-04 i: 1.195e-04 :: e: 3.970e-02 i: 5.452e-02 :: n: 2.762e+01 e:11.161 i:10.386 v:4.993e+03
>>> tau_he = 5.000000, nhe(0)=1.041890e+00
 5      0.000   2.32e-03   2.36e-01   2.00e-03   1.98e-03   0.00e+00 (  1.54e-01,  3.38e+01)
10     -0.000   6.15e-05   1.24e-03  -9.61e-05  -3.25e-04   0.00e+00 (  8.62e-03,  6.59e+01)
15     -0.000   7.17e-05  -7.67e-04  -4.73e-04  -2.02e-03   0.00e+00 (  1.49e-02,  9.58e+01)
20      0.006   1.35e-02  -6.66e-03  -2.08e-03   5.09e-02   0.00e+00 (  3.38e+00,  1.23e+02)
25      0.010   3.07e-02   1.12e-02   1.00e-02   9.39e-02   0.00e+00 (  8.05e+00,  1.47e+02)
30      0.021   5.15e-02   4.69e-02   3.13e-02   2.12e-01   0.00e+00 (  1.26e+01,  1.68e+02)
35      0.026   6.32e-02   6.86e-02   4.62e-02   2.91e-01   0.00e+00 (  1.38e+01,  1.84e+02)
40      0.033   7.00e-02   1.01e-01   6.89e-02   3.94e-01   0.00e+00 (  1.29e+01,  1.97e+02)
45      0.051   9.97e-02   1.64e-01   1.28e-01   6.39e-01   0.00e+00 (  1.36e+01,  2.05e+02)
50      0.073   1.92e-01   2.39e-01   1.64e-01   9.71e-01   0.00e+00 (  1.35e+01,  2.09e+02)
55      0.102   3.53e-01   3.36e-01   2.18e-01   1.40e+00   0.00e+00 (  1.58e+01,  2.16e+02)
60      0.104   2.28e-01   4.46e-01   2.45e-01   1.49e+00   0.00e+00 (  3.14e+01,  2.53e+02)
65      0.072   3.64e-01   5.04e-01   3.02e-01   1.06e+00   0.00e+00 (  7.49e+01,  2.94e+02)
70      0.103   4.37e-01   6.34e-01   4.59e-01   1.54e+00   0.00e+00 (  8.16e+01,  2.99e+02)
75      0.122   4.42e-01   6.84e-01   5.14e-01   1.89e+00   0.00e+00 (  7.23e+01,  2.87e+02)
80      0.141   4.28e-01   7.06e-01   5.19e-01   2.28e+00   0.00e+00 (  6.06e+01,  2.72e+02)
85      0.202   5.13e-01   7.55e-01   4.96e-01   3.95e+00   0.00e+00 (  5.73e+01,  2.58e+02)
90      0.577   1.38e+00   1.81e+00   1.09e+00   2.05e+01   0.00e+00 (  2.91e+02,  2.44e+02)
95      0.652   1.14e+00   1.63e+00   1.31e+00   4.12e+01   0.00e+00 (  5.98e+02,  2.33e+02)
36 e: 1.513e-04 i: 3.094e-04 :: e: 4.221e-02 i: 5.941e-02 :: n: 2.762e+01 e:11.501 i:10.555 v:4.993e+03
>>> tau_he = 5.000000, nhe(0)=1.098316e+00
 5      0.000   2.38e-03   2.38e-01   2.02e-03   1.91e-03   0.00e+00 (  1.66e-01,  3.38e+01)
10     -0.000   6.35e-05   1.20e-03  -9.55e-05  -3.96e-04   0.00e+00 (  9.36e-03,  6.59e+01)
15     -0.000   8.43e-05  -1.35e-03  -6.79e-04  -3.38e-03   0.00e+00 (  1.84e-02,  9.58e+01)
20      0.001   5.78e-03  -8.37e-03  -1.90e-03   7.50e-03   0.00e+00 (  1.52e+00,  1.23e+02)
25      0.012   3.64e-02   1.44e-02   1.33e-02   1.12e-01   0.00e+00 (  9.94e+00,  1.47e+02)
30      0.022   5.76e-02   5.45e-02   3.37e-02   2.24e-01   0.00e+00 (  1.46e+01,  1.68e+02)
35      0.029   6.92e-02   7.85e-02   5.20e-02   3.25e-01   0.00e+00 (  1.58e+01,  1.84e+02)
40      0.037   7.73e-02   1.15e-01   6.92e-02   4.40e-01   0.00e+00 (  1.48e+01,  1.97e+02)
45      0.054   1.06e-01   1.77e-01   1.34e-01   6.84e-01   0.00e+00 (  1.51e+01,  2.05e+02)
50      0.077   1.97e-01   2.51e-01   1.74e-01   1.02e+00   0.00e+00 (  1.46e+01,  2.09e+02)
55      0.105   3.52e-01   3.50e-01   2.24e-01   1.45e+00   0.00e+00 (  1.68e+01,  2.16e+02)
60      0.107   2.34e-01   4.59e-01   2.51e-01   1.52e+00   0.00e+00 (  3.28e+01,  2.53e+02)
65      0.075   3.69e-01   5.17e-01   3.12e-01   1.10e+00   0.00e+00 (  7.63e+01,  2.94e+02)
70      0.105   4.42e-01   6.48e-01   4.67e-01   1.58e+00   0.00e+00 (  8.28e+01,  2.99e+02)
75      0.125   4.48e-01   6.98e-01   5.24e-01   1.93e+00   0.00e+00 (  7.36e+01,  2.87e+02)
80      0.144   4.34e-01   7.21e-01   5.30e-01   2.32e+00   0.00e+00 (  6.20e+01,  2.72e+02)
85      0.204   5.18e-01   7.67e-01   5.06e-01   3.99e+00   0.00e+00 (  5.85e+01,  2.58e+02)
90      0.578   1.38e+00   1.81e+00   1.09e+00   2.06e+01   0.00e+00 (  2.92e+02,  2.44e+02)
95      0.652   1.14e+00   1.63e+00   1.31e+00   4.12e+01   0.00e+00 (  5.98e+02,  2.33e+02)
37 e: 3.770e-04 i: 1.439e-04 :: e: 4.870e-02 i: 7.121e-02 :: n: 2.762e+01 e:11.729 i:10.828 v:4.993e+03
>>> tau_he = 5.000000, nhe(0)=1.138385e+00
 5      0.000   2.40e-03   2.38e-01   2.09e-03   1.78e-03   0.00e+00 (  1.80e-01,  3.38e+01)
10     -0.000   6.21e-05   1.16e-03  -9.35e-05  -4.94e-04   0.00e+00 (  9.84e-03,  6.59e+01)
15     -0.001   7.44e-05  -1.47e-03  -8.28e-04  -4.46e-03   0.00e+00 (  1.75e-02,  9.58e+01)
20      0.002   8.07e-03  -9.92e-03  -1.40e-03   2.04e-02   0.00e+00 (  2.27e+00,  1.23e+02)
25      0.014   4.28e-02   2.33e-02   1.59e-02   1.26e-01   0.00e+00 (  1.24e+01,  1.47e+02)
30      0.023   6.44e-02   6.20e-02   3.70e-02   2.39e-01   0.00e+00 (  1.72e+01,  1.68e+02)
35      0.032   7.81e-02   9.13e-02   4.94e-02   3.57e-01   0.00e+00 (  1.88e+01,  1.84e+02)
40      0.039   8.82e-02   1.28e-01   7.52e-02   4.64e-01   0.00e+00 (  1.80e+01,  1.97e+02)
45      0.057   1.11e-01   1.89e-01   1.38e-01   7.15e-01   0.00e+00 (  1.68e+01,  2.05e+02)
50      0.080   1.96e-01   2.63e-01   1.79e-01   1.06e+00   0.00e+00 (  1.58e+01,  2.09e+02)
55      0.108   3.40e-01   3.63e-01   2.29e-01   1.49e+00   0.00e+00 (  1.78e+01,  2.16e+02)
60      0.108   2.38e-01   4.70e-01   2.56e-01   1.54e+00   0.00e+00 (  3.44e+01,  2.53e+02)
65      0.076   3.76e-01   5.29e-01   3.20e-01   1.11e+00   0.00e+00 (  7.86e+01,  2.94e+02)
70      0.106   4.48e-01   6.59e-01   4.75e-01   1.60e+00   0.00e+00 (  8.48e+01,  2.99e+02)
75      0.126   4.54e-01   7.09e-01   5.32e-01   1.94e+00   0.00e+00 (  7.53e+01,  2.87e+02)
80      0.145   4.41e-01   7.31e-01   5.38e-01   2.34e+00   0.00e+00 (  6.36e+01,  2.72e+02)
85      0.205   5.21e-01   7.76e-01   5.13e-01   4.00e+00   0.00e+00 (  5.98e+01,  2.58e+02)
90      0.578   1.38e+00   1.81e+00   1.09e+00   2.06e+01   0.00e+00 (  2.93e+02,  2.44e+02)
95      0.652   1.14e+00   1.63e+00   1.31e+00   4.12e+01   0.00e+00 (  5.98e+02,  2.33e+02)
38 e: 1.777e-04 i: 3.015e-04 :: e: 5.770e-02 i: 8.024e-02 :: n: 2.762e+01 e:12.093 i:11.023 v:4.993e+03
>>> tau_he = 5.000000, nhe(0)=1.196801e+00
 5      0.000   2.50e-03   2.44e-01   1.88e-03   1.67e-03   0.00e+00 (  1.98e-01,  3.38e+01)
10     -0.000   6.06e-05   1.10e-03  -1.18e-04  -5.76e-04   0.00e+00 (  1.01e-02,  6.59e+01)
15     -0.001   7.05e-05  -1.60e-03  -9.67e-04  -5.30e-03   0.00e+00 (  1.75e-02,  9.58e+01)
20      0.003   1.23e-02  -7.76e-03  -4.76e-03   2.63e-02   0.00e+00 (  3.64e+00,  1.23e+02)
25      0.015   4.75e-02   2.70e-02   1.83e-02   1.42e-01   0.00e+00 (  1.43e+01,  1.47e+02)
30      0.025   6.92e-02   7.01e-02   3.95e-02   2.61e-01   0.00e+00 (  1.92e+01,  1.68e+02)
35      0.035   8.44e-02   1.00e-01   4.82e-02   3.86e-01   0.00e+00 (  2.11e+01,  1.84e+02)
40      0.042   9.59e-02   1.41e-01   7.37e-02   5.04e-01   0.00e+00 (  2.04e+01,  1.97e+02)
45      0.060   1.17e-01   2.02e-01   1.41e-01   7.58e-01   0.00e+00 (  1.85e+01,  2.05e+02)
50      0.083   1.99e-01   2.76e-01   1.86e-01   1.10e+00   0.00e+00 (  1.70e+01,  2.09e+02)
55      0.111   3.38e-01   3.78e-01   2.35e-01   1.53e+00   0.00e+00 (  1.88e+01,  2.16e+02)
60      0.112   2.48e-01   4.91e-01   2.69e-01   1.59e+00   0.00e+00 (  3.65e+01,  2.53e+02)
65      0.079   3.81e-01   5.43e-01   3.29e-01   1.16e+00   0.00e+00 (  8.00e+01,  2.94e+02)
70      0.109   4.53e-01   6.74e-01   4.84e-01   1.64e+00   0.00e+00 (  8.62e+01,  2.99e+02)
75      0.129   4.60e-01   7.23e-01   5.42e-01   1.98e+00   0.00e+00 (  7.67e+01,  2.87e+02)
80      0.148   4.49e-01   7.47e-01   5.52e-01   2.39e+00   0.00e+00 (  6.52e+01,  2.72e+02)
85      0.206   5.26e-01   7.88e-01   5.23e-01   4.03e+00   0.00e+00 (  6.10e+01,  2.58e+02)
90      0.578   1.38e+00   1.81e+00   1.10e+00   2.06e+01   0.00e+00 (  2.94e+02,  2.44e+02)
95      0.652   1.14e+00   1.63e+00   1.31e+00   4.12e+01   0.00e+00 (  5.98e+02,  2.33e+02)
39 e: 3.606e-04 i: 1.538e-04 :: e: 6.462e-02 i: 9.032e-02 :: n: 2.762e+01 e:12.352 i:11.307 v:4.993e+03
>>> tau_he = 5.000000, nhe(0)=1.240054e+00
 5      0.000   2.52e-03   2.44e-01   1.97e-03   1.47e-03   0.00e+00 (  2.15e-01,  3.38e+01)
10     -0.000   5.94e-05   9.18e-04  -1.14e-04  -6.61e-04   0.00e+00 (  1.07e-02,  6.59e+01)
15     -0.001   6.65e-05  -1.84e-03  -1.21e-03  -6.52e-03   0.00e+00 (  1.77e-02,  9.58e+01)
20      0.005   1.53e-02  -8.71e-03  -2.56e-03   4.26e-02   0.00e+00 (  4.85e+00,  1.23e+02)
25      0.016   5.32e-02   3.23e-02   2.11e-02   1.53e-01   0.00e+00 (  1.69e+01,  1.47e+02)
30      0.027   7.54e-02   7.79e-02   4.31e-02   2.72e-01   0.00e+00 (  2.20e+01,  1.68e+02)
35      0.036   9.17e-02   1.11e-01   5.11e-02   4.02e-01   0.00e+00 (  2.41e+01,  1.84e+02)
40      0.042   9.88e-02   1.35e-01   6.93e-02   4.98e-01   0.00e+00 (  2.21e+01,  1.97e+02)
45      0.063   1.21e-01   2.14e-01   1.45e-01   7.88e-01   0.00e+00 (  2.03e+01,  2.05e+02)
50      0.086   1.98e-01   2.90e-01   1.93e-01   1.14e+00   0.00e+00 (  1.83e+01,  2.09e+02)
55      0.114   3.28e-01   3.92e-01   2.40e-01   1.57e+00   0.00e+00 (  2.00e+01,  2.16e+02)
60      0.113   2.53e-01   5.02e-01   2.74e-01   1.61e+00   0.00e+00 (  3.83e+01,  2.53e+02)
65      0.080   3.87e-01   5.55e-01   3.38e-01   1.17e+00   0.00e+00 (  8.23e+01,  2.94e+02)
70      0.111   4.60e-01   6.86e-01   4.92e-01   1.66e+00   0.00e+00 (  8.82e+01,  2.99e+02)
75      0.130   4.67e-01   7.34e-01   5.50e-01   2.00e+00   0.00e+00 (  7.85e+01,  2.87e+02)
80      0.149   4.55e-01   7.58e-01   5.60e-01   2.40e+00   0.00e+00 (  6.69e+01,  2.72e+02)
85      0.207   5.30e-01   7.98e-01   5.31e-01   4.05e+00   0.00e+00 (  6.25e+01,  2.58e+02)
90      0.579   1.38e+00   1.82e+00   1.10e+00   2.06e+01   0.00e+00 (  2.95e+02,  2.44e+02)
95      0.652   1.14e+00   1.63e+00   1.31e+00   4.12e+01   0.00e+00 (  5.98e+02,  2.33e+02)
40 e: 1.837e-04 i: 2.739e-04 :: e: 7.020e-02 i: 9.443e-02 :: n: 2.762e+01 e:12.726 i:11.518 v:4.993e+03
>>> tau_he = 5.000000, nhe(0)=1.297696e+00
 5      0.000   2.58e-03   2.45e-01   2.02e-03   1.26e-03   0.00e+00 (  2.33e-01,  3.38e+01)
10     -0.000   6.08e-05   6.09e-04  -1.16e-04  -6.57e-04   0.00e+00 (  1.16e-02,  6.59e+01)
15     -0.001   5.62e-05  -1.88e-03  -1.32e-03  -7.48e-03   0.00e+00 (  1.58e-02,  9.58e+01)
20      0.007   1.99e-02  -8.16e-03  -1.89e-03   5.57e-02   0.00e+00 (  6.58e+00,  1.23e+02)
25      0.018   5.83e-02   3.78e-02   2.34e-02   1.65e-01   0.00e+00 (  1.91e+01,  1.47e+02)
30      0.028   8.27e-02   8.35e-02   4.62e-02   2.82e-01   0.00e+00 (  2.49e+01,  1.68e+02)
35      0.038   9.85e-02   1.19e-01   5.32e-02   4.22e-01   0.00e+00 (  2.67e+01,  1.84e+02)
40      0.045   1.06e-01   1.48e-01   8.22e-02   5.40e-01   0.00e+00 (  2.46e+01,  1.97e+02)
45      0.066   1.26e-01   2.26e-01   1.48e-01   8.26e-01   0.00e+00 (  2.20e+01,  2.05e+02)
50      0.090   2.01e-01   3.04e-01   1.99e-01   1.19e+00   0.00e+00 (  1.97e+01,  2.09e+02)
55      0.118   3.27e-01   4.05e-01   2.52e-01   1.62e+00   0.00e+00 (  2.13e+01,  2.16e+02)
60      0.115   2.59e-01   5.14e-01   2.79e-01   1.64e+00   0.00e+00 (  3.99e+01,  2.53e+02)
65      0.083   3.92e-01   5.68e-01   3.47e-01   1.21e+00   0.00e+00 (  8.37e+01,  2.94e+02)
70      0.113   4.66e-01   7.01e-01   5.01e-01   1.71e+00   0.00e+00 (  8.97e+01,  2.99e+02)
75      0.133   4.73e-01   7.49e-01   5.60e-01   2.04e+00   0.00e+00 (  7.99e+01,  2.87e+02)
80      0.151   4.62e-01   7.73e-01   5.71e-01   2.45e+00   0.00e+00 (  6.84e+01,  2.72e+02)
85      0.209   5.35e-01   8.10e-01   5.42e-01   4.08e+00   0.00e+00 (  6.38e+01,  2.58e+02)
90      0.579   1.38e+00   1.82e+00   1.10e+00   2.06e+01   0.00e+00 (  2.96e+02,  2.44e+02)
95      0.652   1.14e+00   1.63e+00   1.31e+00   4.12e+01   0.00e+00 (  5.98e+02,  2.33e+02)
41 e: 3.187e-04 i: 1.462e-04 :: e: 7.493e-02 i: 1.008e-01 :: n: 2.762e+01 e:13.001 i:11.800 v:4.993e+03
>>> tau_he = 5.000000, nhe(0)=1.340998e+00
 5      0.000   2.60e-03   2.45e-01   2.14e-03   9.97e-04   0.00e+00 (  2.51e-01,  3.38e+01)
10     -0.000   6.00e-05   3.31e-04  -1.28e-04  -8.00e-04   0.00e+00 (  1.22e-02,  6.59e+01)
15     -0.001   4.62e-05  -2.03e-03  -1.52e-03  -9.11e-03   0.00e+00 (  1.39e-02,  9.58e+01)
20      0.007   2.98e-02  -2.79e-03   9.25e-04   6.13e-02   0.00e+00 (  1.04e+01,  1.23e+02)
25      0.018   6.69e-02   4.33e-02   2.65e-02   1.67e-01   0.00e+00 (  2.29e+01,  1.47e+02)
30      0.029   8.81e-02   9.03e-02   4.91e-02   2.93e-01   0.00e+00 (  2.76e+01,  1.68e+02)
35      0.039   1.09e-01   1.28e-01   5.69e-02   4.31e-01   0.00e+00 (  3.07e+01,  1.84e+02)
40      0.048   1.14e-01   1.62e-01   9.11e-02   5.70e-01   0.00e+00 (  2.78e+01,  1.97e+02)
45      0.068   1.31e-01   2.38e-01   1.51e-01   8.51e-01   0.00e+00 (  2.42e+01,  2.05e+02)
50      0.089   1.93e-01   3.04e-01   2.06e-01   1.18e+00   0.00e+00 (  2.02e+01,  2.09e+02)
55      0.120   3.20e-01   4.19e-01   2.58e-01   1.66e+00   0.00e+00 (  2.25e+01,  2.16e+02)
60      0.117   2.64e-01   5.26e-01   2.85e-01   1.66e+00   0.00e+00 (  4.19e+01,  2.53e+02)
65      0.084   3.99e-01   5.80e-01   3.55e-01   1.23e+00   0.00e+00 (  8.59e+01,  2.94e+02)
70      0.115   4.72e-01   7.14e-01   5.10e-01   1.73e+00   0.00e+00 (  9.17e+01,  2.99e+02)
75      0.134   4.80e-01   7.61e-01   5.69e-01   2.07e+00   0.00e+00 (  8.17e+01,  2.87e+02)
80      0.153   4.69e-01   7.85e-01   5.80e-01   2.47e+00   0.00e+00 (  7.01e+01,  2.72e+02)
85      0.210   5.39e-01   8.20e-01   5.50e-01   4.10e+00   0.00e+00 (  6.52e+01,  2.58e+02)
90      0.580   1.38e+00   1.82e+00   1.10e+00   2.06e+01   0.00e+00 (  2.98e+02,  2.44e+02)
95      0.652   1.14e+00   1.63e+00   1.31e+00   4.12e+01   0.00e+00 (  5.98e+02,  2.33e+02)
42 e: 1.658e-04 i: 2.274e-04 :: e: 8.040e-02 i: 1.040e-01 :: n: 2.762e+01 e:13.366 i:12.014 v:4.993e+03
>>> tau_he = 5.000000, nhe(0)=1.394840e+00
 5      0.000   2.66e-03   2.46e-01   2.20e-03   7.19e-04   0.00e+00 (  2.71e-01,  3.38e+01)
10     -0.000   6.07e-05   1.70e-04  -1.27e-04  -9.39e-04   0.00e+00 (  1.30e-02,  6.59e+01)
15     -0.001  -2.32e-05  -2.14e-03  -1.69e-03  -1.07e-02   0.00e+00 ( -7.34e-03,  9.58e+01)
20      0.007   3.95e-02  -2.52e-04   4.02e-03   5.46e-02   0.00e+00 (  1.44e+01,  1.23e+02)
25      0.019   7.11e-02   4.75e-02   2.88e-02   1.76e-01   0.00e+00 (  2.50e+01,  1.47e+02)
30      0.030   9.30e-02   9.46e-02   5.19e-02   3.09e-01   0.00e+00 (  2.99e+01,  1.68e+02)
35      0.041   1.14e-01   1.35e-01   5.91e-02   4.49e-01   0.00e+00 (  3.29e+01,  1.84e+02)
40      0.050   1.22e-01   1.72e-01   9.97e-02   5.93e-01   0.00e+00 (  3.06e+01,  1.97e+02)
45      0.070   1.37e-01   2.48e-01   1.55e-01   8.83e-01   0.00e+00 (  2.62e+01,  2.05e+02)
50      0.092   1.96e-01   3.19e-01   2.12e-01   1.22e+00   0.00e+00 (  2.18e+01,  2.09e+02)
55      0.123   3.17e-01   4.32e-01   2.63e-01   1.69e+00   0.00e+00 (  2.38e+01,  2.16e+02)
60      0.119   2.70e-01   5.37e-01   2.90e-01   1.69e+00   0.00e+00 (  4.36e+01,  2.53e+02)
65      0.087   4.08e-01   5.99e-01   3.73e-01   1.28e+00   0.00e+00 (  8.83e+01,  2.94e+02)
70      0.118   4.78e-01   7.28e-01   5.19e-01   1.77e+00   0.00e+00 (  9.32e+01,  2.99e+02)
75      0.137   4.86e-01   7.75e-01   5.79e-01   2.11e+00   0.00e+00 (  8.32e+01,  2.87e+02)
80      0.156   4.73e-01   8.02e-01   5.90e-01   2.52e+00   0.00e+00 (  7.12e+01,  2.72e+02)
85      0.212   5.44e-01   8.33e-01   5.60e-01   4.14e+00   0.00e+00 (  6.66e+01,  2.58e+02)
90      0.580   1.38e+00   1.82e+00   1.11e+00   2.06e+01   0.00e+00 (  2.98e+02,  2.44e+02)
95      0.652   1.14e+00   1.63e+00   1.31e+00   4.12e+01   0.00e+00 (  5.98e+02,  2.33e+02)
43 e: 2.540e-04 i: 1.211e-04 :: e: 8.445e-02 i: 1.088e-01 :: n: 2.762e+01 e:13.633 i:12.282 v:4.993e+03
>>> tau_he = 5.000000, nhe(0)=1.434887e+00
 5      0.000   2.68e-03   2.47e-01   2.27e-03   3.97e-04   0.00e+00 (  2.91e-01,  3.38e+01)
10     -0.000   4.84e-05  -9.40e-05  -1.48e-04  -9.14e-04   0.00e+00 (  1.10e-02,  6.59e+01)
15     -0.002   4.83e-04  -2.44e-03  -1.99e-03  -1.36e-02   0.00e+00 (  1.62e-01,  9.58e+01)
20      0.006   3.96e-02  -1.63e-03   4.74e-03   4.99e-02   0.00e+00 (  1.50e+01,  1.23e+02)
25      0.021   7.69e-02   5.16e-02   3.17e-02   1.91e-01   0.00e+00 (  2.80e+01,  1.47e+02)
30      0.031   9.78e-02   1.00e-01   5.43e-02   3.17e-01   0.00e+00 (  3.26e+01,  1.68e+02)
35      0.041   1.19e-01   1.42e-01   6.23e-02   4.60e-01   0.00e+00 (  3.57e+01,  1.84e+02)
40      0.051   1.29e-01   1.82e-01   1.05e-01   6.07e-01   0.00e+00 (  3.34e+01,  1.97e+02)
45      0.071   1.47e-01   2.59e-01   1.59e-01   8.98e-01   0.00e+00 (  2.94e+01,  2.05e+02)
50      0.095   1.97e-01   3.32e-01   2.16e-01   1.25e+00   0.00e+00 (  2.34e+01,  2.09e+02)
55      0.125   3.11e-01   4.45e-01   2.68e-01   1.72e+00   0.00e+00 (  2.51e+01,  2.16e+02)
60      0.120   2.76e-01   5.48e-01   2.95e-01   1.71e+00   0.00e+00 (  4.57e+01,  2.53e+02)
65      0.089   4.14e-01   6.10e-01   3.81e-01   1.30e+00   0.00e+00 (  9.02e+01,  2.94e+02)
70      0.119   4.84e-01   7.41e-01   5.27e-01   1.80e+00   0.00e+00 (  9.51e+01,  2.99e+02)
75      0.138   4.92e-01   7.87e-01   5.88e-01   2.13e+00   0.00e+00 (  8.50e+01,  2.87e+02)
80      0.157   4.79e-01   8.14e-01   5.99e-01   2.54e+00   0.00e+00 (  7.29e+01,  2.72e+02)
85      0.213   5.49e-01   8.43e-01   5.68e-01   4.16e+00   0.00e+00 (  6.81e+01,  2.58e+02)
90      0.580   1.38e+00   1.83e+00   1.11e+00   2.06e+01   0.00e+00 (  3.00e+02,  2.44e+02)
95      0.652   1.14e+00   1.63e+00   1.31e+00   4.12e+01   0.00e+00 (  5.98e+02,  2.33e+02)
44 e: 1.323e-04 i: 1.655e-04 :: e: 8.732e-02 i: 1.105e-01 :: n: 2.762e+01 e:13.966 i:12.483 v:4.993e+03
>>> tau_he = 5.000000, nhe(0)=1.481390e+00
 5      0.000   2.74e-03   2.50e-01   2.29e-03   2.10e-05   0.00e+00 (  3.11e-01,  3.38e+01)
10     -0.000   4.98e-05  -1.69e-04  -1.69e-04  -1.07e-03   0.00e+00 (  1.19e-02,  6.59e+01)
15     -0.002   6.39e-03  -8.26e-03  -3.28e-03  -1.70e-02   0.00e+00 (  2.25e+00,  9.58e+01)
20      0.007   4.38e-02   1.43e-03   6.11e-03   6.10e-02   0.00e+00 (  1.71e+01,  1.23e+02)
25      0.022   8.03e-02   5.49e-02   3.35e-02   2.01e-01   0.00e+00 (  2.98e+01,  1.47e+02)
30      0.032   1.01e-01   1.04e-01   5.59e-02   3.26e-01   0.00e+00 (  3.44e+01,  1.68e+02)
35      0.043   1.23e-01   1.47e-01   6.35e-02   4.74e-01   0.00e+00 (  3.75e+01,  1.84e+02)
40      0.053   1.34e-01   1.89e-01   1.09e-01   6.27e-01   0.00e+00 (  3.55e+01,  1.97e+02)
45      0.073   1.52e-01   2.68e-01   1.62e-01   9.23e-01   0.00e+00 (  3.13e+01,  2.05e+02)
50      0.097   2.00e-01   3.44e-01   2.20e-01   1.29e+00   0.00e+00 (  2.48e+01,  2.09e+02)
55      0.128   3.08e-01   4.56e-01   2.72e-01   1.76e+00   0.00e+00 (  2.63e+01,  2.16e+02)
60      0.122   2.82e-01   5.59e-01   3.00e-01   1.73e+00   0.00e+00 (  4.74e+01,  2.53e+02)
65      0.091   4.17e-01   6.22e-01   3.88e-01   1.34e+00   0.00e+00 (  9.15e+01,  2.94e+02)
70      0.122   4.89e-01   7.54e-01   5.35e-01   1.84e+00   0.00e+00 (  9.65e+01,  2.99e+02)
75      0.141   4.98e-01   8.01e-01   5.97e-01   2.17e+00   0.00e+00 (  8.64e+01,  2.87e+02)
80      0.160   4.86e-01   8.27e-01   6.09e-01   2.58e+00   0.00e+00 (  7.44e+01,  2.72e+02)
85      0.214   5.54e-01   8.55e-01   5.78e-01   4.19e+00   0.00e+00 (  6.94e+01,  2.58e+02)
90      0.581   1.38e+00   1.83e+00   1.11e+00   2.07e+01   0.00e+00 (  3.01e+02,  2.44e+02)
95      0.652   1.14e+00   1.63e+00   1.31e+00   4.12e+01   0.00e+00 (  5.98e+02,  2.33e+02)
45 e: 1.774e-04 i: 8.341e-05 :: e: 8.854e-02 i: 1.122e-01 :: n: 2.762e+01 e:14.205 i:12.717 v:4.993e+03
>>> tau_he = 5.000000, nhe(0)=1.514920e+00
 5     -0.000   2.76e-03   2.50e-01   2.36e-03  -3.36e-04   0.00e+00 (  3.30e-01,  3.38e+01)
10     -0.000   4.99e-05  -2.47e-04  -1.91e-04  -1.23e-03   0.00e+00 (  1.26e-02,  6.59e+01)
15     -0.003   7.86e-03  -1.02e-02  -3.45e-03  -1.81e-02   0.00e+00 (  2.88e+00,  9.58e+01)
20      0.009   4.78e-02   4.80e-03   8.55e-03   7.73e-02   0.00e+00 (  1.92e+01,  1.23e+02)
25      0.023   8.42e-02   5.91e-02   3.61e-02   2.13e-01   0.00e+00 (  3.21e+01,  1.47e+02)
30      0.033   1.05e-01   1.08e-01   5.78e-02   3.32e-01   0.00e+00 (  3.65e+01,  1.68e+02)
35      0.043   1.27e-01   1.52e-01   6.50e-02   4.82e-01   0.00e+00 (  3.97e+01,  1.84e+02)
40      0.054   1.41e-01   1.97e-01   1.12e-01   6.36e-01   0.00e+00 (  3.85e+01,  1.97e+02)
45      0.075   1.57e-01   2.77e-01   1.65e-01   9.39e-01   0.00e+00 (  3.34e+01,  2.05e+02)
50      0.099   2.01e-01   3.55e-01   2.24e-01   1.31e+00   0.00e+00 (  2.63e+01,  2.09e+02)
55      0.129   3.03e-01   4.67e-01   2.75e-01   1.78e+00   0.00e+00 (  2.76e+01,  2.16e+02)
60      0.123   2.87e-01   5.68e-01   3.05e-01   1.75e+00   0.00e+00 (  4.94e+01,  2.53e+02)
65      0.092   4.22e-01   6.32e-01   3.94e-01   1.36e+00   0.00e+00 (  9.32e+01,  2.94e+02)
70      0.124   4.95e-01   7.65e-01   5.43e-01   1.86e+00   0.00e+00 (  9.82e+01,  2.99e+02)
75      0.142   5.04e-01   8.12e-01   6.05e-01   2.19e+00   0.00e+00 (  8.81e+01,  2.87e+02)
80      0.161   4.92e-01   8.38e-01   6.17e-01   2.60e+00   0.00e+00 (  7.59e+01,  2.72e+02)
85      0.215   5.58e-01   8.64e-01   5.86e-01   4.21e+00   0.00e+00 (  7.08e+01,  2.58e+02)
90      0.581   1.38e+00   1.83e+00   1.11e+00   2.07e+01   0.00e+00 (  3.02e+02,  2.44e+02)
95      0.652   1.14e+00   1.63e+00   1.31e+00   4.12e+01   0.00e+00 (  5.98e+02,  2.33e+02)
46 e: 8.737e-05 i: 1.010e-04 :: e: 8.967e-02 i: 1.113e-01 :: n: 2.762e+01 e:14.485 i:12.888 v:4.993e+03
>>> tau_he = 5.000000, nhe(0)=1.551407e+00
 5     -0.000   2.79e-03   2.51e-01   2.41e-03  -6.79e-04   0.00e+00 (  3.48e-01,  3.38e+01)
10     -0.000   5.09e-05  -3.23e-04  -2.15e-04  -1.39e-03   0.00e+00 (  1.33e-02,  6.59e+01)
15     -0.003   9.12e-03  -1.15e-02  -3.69e-03  -1.98e-02   0.00e+00 (  3.46e+00,  9.58e+01)
20      0.010   5.07e-02   6.84e-03   9.75e-03   8.16e-02   0.00e+00 (  2.08e+01,  1.23e+02)
25      0.024   8.67e-02   6.15e-02   3.72e-02   2.20e-01   0.00e+00 (  3.34e+01,  1.47e+02)
30      0.032   1.04e-01   9.89e-02   5.53e-02   3.30e-01   0.00e+00 (  3.67e+01,  1.68e+02)
35      0.044   1.30e-01   1.56e-01   6.62e-02   4.92e-01   0.00e+00 (  4.11e+01,  1.84e+02)
40      0.055   1.45e-01   2.02e-01   1.15e-01   6.51e-01   0.00e+00 (  4.00e+01,  1.97e+02)
45      0.076   1.61e-01   2.84e-01   1.67e-01   9.56e-01   0.00e+00 (  3.50e+01,  2.05e+02)
50      0.101   2.02e-01   3.63e-01   2.26e-01   1.33e+00   0.00e+00 (  2.77e+01,  2.09e+02)
55      0.131   3.00e-01   4.76e-01   2.78e-01   1.80e+00   0.00e+00 (  2.87e+01,  2.16e+02)
60      0.124   2.95e-01   5.77e-01   3.11e-01   1.77e+00   0.00e+00 (  5.16e+01,  2.53e+02)
65      0.095   4.26e-01   6.41e-01   4.00e-01   1.39e+00   0.00e+00 (  9.42e+01,  2.94e+02)
70      0.126   4.99e-01   7.77e-01   5.50e-01   1.89e+00   0.00e+00 (  9.94e+01,  2.99e+02)
75      0.144   5.09e-01   8.24e-01   6.13e-01   2.22e+00   0.00e+00 (  8.93e+01,  2.87e+02)
80      0.163   4.97e-01   8.50e-01   6.26e-01   2.63e+00   0.00e+00 (  7.72e+01,  2.72e+02)
85      0.217   5.62e-01   8.75e-01   5.95e-01   4.24e+00   0.00e+00 (  7.21e+01,  2.58e+02)
90      0.581   1.38e+00   1.83e+00   1.11e+00   2.07e+01   0.00e+00 (  3.02e+02,  2.44e+02)
95      0.652   1.14e+00   1.63e+00   1.31e+00   4.12e+01   0.00e+00 (  5.98e+02,  2.33e+02)
47 e: 1.062e-04 i: 4.458e-05 :: e: 8.813e-02 i: 1.087e-01 :: n: 2.762e+01 e:14.674 i:13.076 v:4.993e+03
>>> tau_he = 5.000000, nhe(0)=1.576054e+00
 5     -0.000   2.81e-03   2.51e-01   2.46e-03  -1.01e-03   0.00e+00 (  3.64e-01,  3.38e+01)
10     -0.000   5.09e-05  -3.95e-04  -2.38e-04  -1.55e-03   0.00e+00 (  1.38e-02,  6.59e+01)
15     -0.003   1.19e-02  -1.14e-02  -5.65e-03  -2.13e-02   0.00e+00 (  4.65e+00,  9.58e+01)
20      0.006   4.59e-02   8.45e-03   1.17e-02   5.26e-02   0.00e+00 (  1.92e+01,  1.23e+02)
25      0.024   8.91e-02   6.44e-02   3.87e-02   2.26e-01   0.00e+00 (  3.49e+01,  1.47e+02)
30      0.033   1.07e-01   1.03e-01   5.73e-02   3.38e-01   0.00e+00 (  3.84e+01,  1.68e+02)
35      0.045   1.33e-01   1.60e-01   6.75e-02   4.99e-01   0.00e+00 (  4.27e+01,  1.84e+02)
40      0.056   1.48e-01   2.07e-01   1.16e-01   6.59e-01   0.00e+00 (  4.15e+01,  1.97e+02)
45      0.077   1.64e-01   2.89e-01   1.69e-01   9.65e-01   0.00e+00 (  3.66e+01,  2.05e+02)
50      0.102   2.01e-01   3.71e-01   2.28e-01   1.34e+00   0.00e+00 (  2.86e+01,  2.09e+02)
55      0.132   2.96e-01   4.83e-01   2.81e-01   1.81e+00   0.00e+00 (  2.98e+01,  2.16e+02)
60      0.125   3.00e-01   5.84e-01   3.15e-01   1.78e+00   0.00e+00 (  5.32e+01,  2.53e+02)
65      0.096   4.29e-01   6.49e-01   4.05e-01   1.41e+00   0.00e+00 (  9.54e+01,  2.94e+02)
70      0.127   5.03e-01   7.86e-01   5.55e-01   1.91e+00   0.00e+00 (  1.01e+02,  2.99e+02)
75      0.145   5.13e-01   8.32e-01   6.20e-01   2.24e+00   0.00e+00 (  9.05e+01,  2.87e+02)
80      0.164   5.02e-01   8.59e-01   6.32e-01   2.65e+00   0.00e+00 (  7.85e+01,  2.72e+02)
85      0.217   5.66e-01   8.83e-01   6.01e-01   4.25e+00   0.00e+00 (  7.33e+01,  2.58e+02)
90      0.582   1.38e+00   1.83e+00   1.11e+00   2.07e+01   0.00e+00 (  3.03e+02,  2.44e+02)
95      0.652   1.14e+00   1.63e+00   1.31e+00   4.12e+01   0.00e+00 (  5.98e+02,  2.33e+02)
48 e: 4.850e-05 i: 4.923e-05 :: e: 8.534e-02 i: 1.058e-01 :: n: 2.762e+01 e:14.885 i:13.203 v:4.993e+03
>>> tau_he = 5.000000, nhe(0)=1.601603e+00
 5     -0.000   2.83e-03   2.51e-01   2.50e-03  -1.31e-03   0.00e+00 (  3.77e-01,  3.38e+01)
10     -0.000   5.15e-05  -4.61e-04  -2.60e-04  -1.69e-03   0.00e+00 (  1.44e-02,  6.59e+01)
15     -0.003   1.24e-02  -1.03e-02  -7.36e-03  -1.92e-02   0.00e+00 (  4.96e+00,  9.58e+01)
20      0.007   4.79e-02   9.46e-03   1.26e-02   5.70e-02   0.00e+00 (  2.03e+01,  1.23e+02)
25      0.024   8.91e-02   6.72e-02   3.88e-02   2.18e-01   0.00e+00 (  3.51e+01,  1.47e+02)
30      0.034   1.09e-01   1.05e-01   5.85e-02   3.46e-01   0.00e+00 (  3.93e+01,  1.68e+02)
35      0.046   1.34e-01   1.62e-01   6.83e-02   5.06e-01   0.00e+00 (  4.35e+01,  1.84e+02)
40      0.056   1.50e-01   2.10e-01   1.17e-01   6.69e-01   0.00e+00 (  4.23e+01,  1.97e+02)
45      0.077   1.67e-01   2.93e-01   1.70e-01   9.75e-01   0.00e+00 (  3.77e+01,  2.05e+02)
50      0.103   2.02e-01   3.76e-01   2.30e-01   1.36e+00   0.00e+00 (  2.96e+01,  2.09e+02)
55      0.132   2.93e-01   4.89e-01   2.82e-01   1.82e+00   0.00e+00 (  3.06e+01,  2.16e+02)
60      0.126   3.03e-01   5.90e-01   3.20e-01   1.79e+00   0.00e+00 (  5.43e+01,  2.53e+02)
65      0.098   4.31e-01   6.55e-01   4.09e-01   1.43e+00   0.00e+00 (  9.59e+01,  2.94e+02)
70      0.129   5.06e-01   7.93e-01   5.60e-01   1.94e+00   0.00e+00 (  1.01e+02,  2.99e+02)
75      0.147   5.17e-01   8.41e-01   6.25e-01   2.27e+00   0.00e+00 (  9.13e+01,  2.87e+02)
80      0.165   5.06e-01   8.68e-01   6.39e-01   2.67e+00   0.00e+00 (  7.94e+01,  2.72e+02)
85      0.219   5.70e-01   8.91e-01   6.08e-01   4.28e+00   0.00e+00 (  7.43e+01,  2.58e+02)
90      0.582   1.38e+00   1.83e+00   1.12e+00   2.07e+01   0.00e+00 (  3.04e+02,  2.44e+02)
95      0.652   1.14e+00   1.63e+00   1.31e+00   4.12e+01   0.00e+00 (  5.98e+02,  2.33e+02)
49 e: 5.243e-05 i: 1.762e-05 :: e: 8.157e-02 i: 1.015e-01 :: n: 2.762e+01 e:15.016 i:13.336 v:4.993e+03
 plasma volume = 148.923763
 stored energy(e,i,b) = 4.598400e+01 4.137642e+01 0.000000e+00
 betan = 0.990268
*power
 Pnb(e,i) = 0.000000e+00 0.000000e+00
 Prf(e,i) = 2.971938e+01 0.000000e+00
 Prad     = -9.723886e+00 
 Pei      = -2.372248e+01 
 Pfuse    = 2.949386e+01 
 Pfusi    = 7.914133e+00 
 Poh      = 0.000000e+00 
*confinement time
 taut, tauITER98y2, H98y2 : 1.521866e+00 1.926351e+00 7.900251e-01
 taue, taui : 1.784617e+00 1.307865e+00
 taut, tau89, H89 : 1.521866e+00 9.112341e-01 1.670115e+00
*temperature
 nea, nebar : 1.865390e+01 2.142612e+01 
 tea, tia : 6.130469e+00 5.656008e+00 (1.083886e+00)
 te0, ti0 : 1.382929e+01 1.281345e+01 (1.079280e+00)
 Sn : 0.000000e+00 
*current balance
 Ip,Ibs,Inb,Irf: 1.000000e+01 1.479052e+00 0.000000e+00 2.093912e-01
 fni,fbs: 0.169 0.148

 plasma volume = 148.923763
 stored energy(e,i,b) = 4.598400e+01 4.137642e+01 0.000000e+00
 betan = 0.990268
*power
 Pnb(e,i) = 0.000000e+00 0.000000e+00
 Prf(e,i) = 2.971938e+01 0.000000e+00
 Prad     = -9.723886e+00 
 Pei      = -2.372248e+01 
 Pfuse    = 2.949386e+01 
 Pfusi    = 7.914133e+00 
 Poh      = 0.000000e+00 
*confinement time
 taut, tauITER98y2, H98y2 : 1.521866e+00 1.926351e+00 7.900251e-01
 taue, taui : 1.784617e+00 1.307865e+00
 taut, tau89, H89 : 1.521866e+00 9.112341e-01 1.670115e+00
*temperature
 nea, nebar : 1.865390e+01 2.142612e+01 
 tea, tia : 6.130469e+00 5.656008e+00 (1.083886e+00)
 te0, ti0 : 1.382929e+01 1.281345e+01 (1.079280e+00)
 Sn : 0.000000e+00 
*current balance
 Ip,Ibs,Inb,Irf: 1.000000e+01 1.479052e+00 0.000000e+00 2.093912e-01
 fni,fbs: 0.169 0.148
 ELAPASED TIME = 1693 sec
