========================================================================
= FASTRAN

nonlinear model = 0
ichi = 1
ineo = 0
reading state...
read formatted input, inprof...
init geometry...
read formatted input, inmetric...
nrho in inmetric = 101
rhob in inmetric = 1.267045e+00
solve avg grad-shafranv...
solve_avg_gs::Ip_temp = 1.001506e+01 
solve_avg_gs::Ip      = 1.000000e+01 
>>> tau_he = 5.000000, nhe(0)=3.734550e+00

 plasma volume = 149.907485
 stored energy(e,i,b,a) = 7.114747e+01 6.771017e+01 0.000000e+00 0.000000e+00
 betan = 1.565791
*power
 Pnb(e,i) = 0.000000e+00 0.000000e+00
 Prf(e,i) = 6.944708e+00 3.307045e+01
 Prad     = -6.164590e+01 
 Pei      = 4.919932e+00 
 Pfuse    = 7.442510e+01 
 Pfusi    = 2.505915e+01 
 Poh      = 0.000000e+00 
*confinement time
 taut, tauITER98y2, H98y2 : 1.783576e+00 1.628329e+00 1.095341e+00
 taue, taui : 2.887029e+00 3.362106e+00
 taut, tau89, H89 : 1.783576e+00 7.917772e-01 2.252624e+00
*temperature
 nea, nebar : 2.051124e+01 2.350871e+01 
 tea, tia : 8.456404e+00 8.775629e+00 (9.636236e-01)
 te0, ti0 : 2.187494e+01 2.769800e+01 (7.897662e-01)
 Sn : 0.000000e+00 
*current balance
 Ip,Ibs,Inb,Irf: 1.000000e+01 2.495314e+00 0.000000e+00 1.602339e-01
 fni,fbs: 0.266 0.250

Time advancing...
rho_bdry 0.900000 ...
te_bdry = 5.000307
ti_bdry = 5.000307
ne_bdry = 16.078026
rv_bdry = 279.463030
nrho_tr_bdry = 18
drho_bdry = 0.000000e+00
nrhob = 90
 [    0] t = 0.0000 
>>> tau_he = 5.000000, nhe(0)=3.784324e+00
 5     -0.002   1.07e-02   2.55e-01   1.39e-03  -8.25e-03   0.00e+00 (  1.80e+00,  6.36e+01)
10     -0.001   2.54e-02   7.33e-02  -3.51e-03  -7.90e-03   0.00e+00 (  8.25e+00,  1.22e+02)
15      0.010   6.41e-02  -6.87e-02  -1.80e-02   7.83e-02   0.00e+00 (  2.97e+01,  1.67e+02)
20      0.033   1.34e-01  -2.48e-02   1.09e-02   2.86e-01   0.00e+00 (  7.69e+01,  1.99e+02)
25      0.066   2.01e-01   1.19e-01   2.32e-03   6.51e-01   0.00e+00 (  1.33e+02,  2.23e+02)
30      0.082   2.51e-01   1.77e-01  -3.71e-02   8.84e-01   0.00e+00 (  1.77e+02,  2.38e+02)
35      0.128   3.42e-01   2.99e-01   9.92e-02   1.51e+00   0.00e+00 (  2.08e+02,  2.43e+02)
40      0.119   3.46e-01   3.27e-01   9.58e-02   1.49e+00   0.00e+00 (  1.95e+02,  2.41e+02)
45      0.129   3.73e-01   3.79e-01   1.13e-01   1.73e+00   0.00e+00 (  1.92e+02,  2.34e+02)
50      0.145   4.16e-01   4.61e-01   2.25e-01   2.03e+00   0.00e+00 (  1.87e+02,  2.22e+02)
55      0.162   4.61e-01   5.65e-01   3.05e-01   2.37e+00   0.00e+00 (  1.79e+02,  2.07e+02)
60      0.153   4.64e-01   5.89e-01   3.60e-01   2.32e+00   0.00e+00 (  1.62e+02,  1.89e+02)
65      0.165   4.93e-01   6.73e-01   4.55e-01   2.57e+00   0.00e+00 (  1.48e+02,  1.72e+02)
70      0.200   5.51e-01   8.31e-01   6.04e-01   3.19e+00   0.00e+00 (  1.39e+02,  1.54e+02)
75      0.211   5.63e-01   8.92e-01   7.00e-01   3.44e+00   0.00e+00 (  1.24e+02,  1.39e+02)
80      0.224   5.60e-01   9.38e-01   7.42e-01   3.86e+00   0.00e+00 (  1.06e+02,  1.24e+02)
85      0.306   7.34e-01   1.09e+00   7.50e-01   6.66e+00   0.00e+00 (  1.10e+02,  1.10e+02)
90      3.088   7.47e+00   8.82e+00   5.48e+00   1.36e+02   0.00e+00 (  2.35e+03,  9.73e+01)
95      0.588   1.02e+00   1.47e+00   1.07e+00   4.88e+01   0.00e+00 (  7.81e+02,  8.52e+01)
 0 e: 5.502e-07 i: 4.883e-06 :: e: 0.000e+00 i: 0.000e+00 :: n: 3.012e+01 e:21.909 i:27.623 v:4.993e+03
>>> tau_he = 5.000000, nhe(0)=3.779324e+00
 5     -0.001   1.09e-02   2.92e-01   1.57e-03  -6.61e-03   0.00e+00 (  1.83e+00,  6.36e+01)
10      0.002   7.96e-03  -4.12e-03   4.03e-04   9.92e-03   0.00e+00 (  2.63e+00,  1.22e+02)
15      0.022   8.56e-02  -6.04e-02  -6.77e-03   1.62e-01   0.00e+00 (  4.02e+01,  1.67e+02)
20      0.034   1.44e-01   2.87e-02   9.48e-03   2.94e-01   0.00e+00 (  8.39e+01,  1.99e+02)
25      0.066   2.01e-01   1.20e-01   2.20e-03   6.50e-01   0.00e+00 (  1.33e+02,  2.23e+02)
30      0.078   2.44e-01   1.73e-01  -2.12e-02   8.47e-01   0.00e+00 (  1.69e+02,  2.38e+02)
35      0.128   3.42e-01   2.98e-01   9.92e-02   1.50e+00   0.00e+00 (  2.08e+02,  2.43e+02)
40      0.119   3.46e-01   3.27e-01   9.58e-02   1.50e+00   0.00e+00 (  1.95e+02,  2.41e+02)
45      0.129   3.73e-01   3.79e-01   1.13e-01   1.73e+00   0.00e+00 (  1.92e+02,  2.34e+02)
50      0.145   4.16e-01   4.61e-01   2.24e-01   2.03e+00   0.00e+00 (  1.87e+02,  2.22e+02)
55      0.162   4.61e-01   5.65e-01   3.05e-01   2.37e+00   0.00e+00 (  1.80e+02,  2.07e+02)
60      0.153   4.64e-01   5.88e-01   3.60e-01   2.31e+00   0.00e+00 (  1.62e+02,  1.89e+02)
65      0.165   4.93e-01   6.73e-01   4.55e-01   2.57e+00   0.00e+00 (  1.48e+02,  1.72e+02)
70      0.201   5.51e-01   8.32e-01   6.06e-01   3.19e+00   0.00e+00 (  1.39e+02,  1.54e+02)
75      0.211   5.63e-01   8.92e-01   7.00e-01   3.44e+00   0.00e+00 (  1.24e+02,  1.39e+02)
80      0.224   5.60e-01   9.38e-01   7.42e-01   3.87e+00   0.00e+00 (  1.06e+02,  1.24e+02)
85      0.306   7.34e-01   1.10e+00   7.53e-01   6.67e+00   0.00e+00 (  1.11e+02,  1.10e+02)
90      3.088   7.47e+00   8.82e+00   5.47e+00   1.36e+02   0.00e+00 (  2.34e+03,  9.73e+01)
95      0.588   1.02e+00   1.47e+00   1.07e+00   4.88e+01   0.00e+00 (  7.81e+02,  8.52e+01)
 1 e: 3.768e-02 i: 1.725e-01 :: e: 6.923e-03 i: 1.142e-02 :: n: 3.012e+01 e:24.920 i:32.164 v:4.993e+03
>>> tau_he = 5.000000, nhe(0)=4.063653e+00
 5     -0.022   1.36e-02   1.03e+00   5.83e-03  -1.09e-01   0.00e+00 (  6.34e+00,  6.36e+01)
10     -0.023   3.87e-02   2.61e-02   2.63e-03  -1.41e-01   0.00e+00 (  3.29e+01,  1.22e+02)
15     -0.174   1.79e-01   6.49e-02  -1.35e-02  -1.31e+00   0.00e+00 (  1.64e+02,  1.67e+02)
20      0.616   6.36e-01   6.42e-01   1.68e-01   5.35e+00   0.00e+00 (  5.20e+02,  1.99e+02)
25      0.365   4.36e-01   4.09e-01   1.29e-01   3.58e+00   0.00e+00 (  3.17e+02,  2.23e+02)
30      0.156   3.48e-01   3.02e-01   5.94e-02   1.69e+00   0.00e+00 (  2.29e+02,  2.38e+02)
35      0.121   3.10e-01   2.61e-01   9.70e-02   1.43e+00   0.00e+00 (  1.76e+02,  2.43e+02)
40      0.114   3.23e-01   3.01e-01   8.34e-02   1.44e+00   0.00e+00 (  1.74e+02,  2.41e+02)
45      0.119   3.56e-01   3.58e-01   1.10e-01   1.59e+00   0.00e+00 (  1.77e+02,  2.34e+02)
50      0.134   3.98e-01   4.35e-01   2.15e-01   1.88e+00   0.00e+00 (  1.74e+02,  2.22e+02)
55      0.153   4.43e-01   5.38e-01   2.91e-01   2.23e+00   0.00e+00 (  1.68e+02,  2.07e+02)
60      0.144   4.47e-01   5.60e-01   3.42e-01   2.18e+00   0.00e+00 (  1.52e+02,  1.89e+02)
65      0.158   4.76e-01   6.46e-01   4.37e-01   2.46e+00   0.00e+00 (  1.40e+02,  1.72e+02)
70      0.196   5.37e-01   8.09e-01   5.89e-01   3.11e+00   0.00e+00 (  1.33e+02,  1.54e+02)
75      0.206   5.53e-01   8.71e-01   6.84e-01   3.36e+00   0.00e+00 (  1.20e+02,  1.39e+02)
80      0.220   5.50e-01   9.20e-01   7.28e-01   3.80e+00   0.00e+00 (  1.03e+02,  1.24e+02)
85      0.303   7.28e-01   1.08e+00   7.36e-01   6.60e+00   0.00e+00 (  1.08e+02,  1.10e+02)
90      3.086   7.48e+00   8.83e+00   5.47e+00   1.36e+02   0.00e+00 (  2.34e+03,  9.73e+01)
95      0.588   1.02e+00   1.47e+00   1.07e+00   4.88e+01   0.00e+00 (  7.81e+02,  8.52e+01)
 2 e: 1.805e-03 i: 1.171e-02 :: e: 1.215e-01 i: 1.287e-01 :: n: 3.012e+01 e:25.673 i:32.497 v:4.993e+03
>>> tau_he = 5.000000, nhe(0)=4.092250e+00
 5     -0.027   1.56e-02   9.15e-01   6.51e-03  -1.31e-01   0.00e+00 (  8.05e+00,  6.36e+01)
10     -0.090   8.25e-02   8.93e-02  -4.64e-04  -5.65e-01   0.00e+00 (  7.84e+01,  1.22e+02)
15     -0.344   1.80e-01   6.90e-02  -1.87e-01  -2.58e+00   0.00e+00 (  1.78e+02,  1.67e+02)
20      0.401   5.47e-01   5.50e-01   1.36e-01   3.49e+00   0.00e+00 (  4.49e+02,  1.99e+02)
25      0.322   4.22e-01   3.93e-01   1.34e-01   3.16e+00   0.00e+00 (  3.21e+02,  2.23e+02)
30      0.078   2.42e-01   1.73e-01  -2.93e-02   8.43e-01   0.00e+00 (  1.68e+02,  2.38e+02)
35      0.124   3.26e-01   2.76e-01   1.03e-01   1.46e+00   0.00e+00 (  1.95e+02,  2.43e+02)
40      0.113   3.35e-01   3.17e-01   9.24e-02   1.42e+00   0.00e+00 (  1.87e+02,  2.41e+02)
45      0.122   3.62e-01   3.66e-01   1.11e-01   1.64e+00   0.00e+00 (  1.83e+02,  2.34e+02)
50      0.137   4.02e-01   4.42e-01   2.19e-01   1.93e+00   0.00e+00 (  1.77e+02,  2.22e+02)
55      0.155   4.45e-01   5.42e-01   2.96e-01   2.26e+00   0.00e+00 (  1.69e+02,  2.07e+02)
60      0.146   4.47e-01   5.62e-01   3.43e-01   2.21e+00   0.00e+00 (  1.52e+02,  1.89e+02)
65      0.159   4.73e-01   6.44e-01   4.36e-01   2.47e+00   0.00e+00 (  1.39e+02,  1.72e+02)
70      0.196   5.32e-01   8.03e-01   5.85e-01   3.12e+00   0.00e+00 (  1.31e+02,  1.54e+02)
75      0.207   5.46e-01   8.64e-01   6.80e-01   3.37e+00   0.00e+00 (  1.17e+02,  1.39e+02)
80      0.220   5.44e-01   9.12e-01   7.22e-01   3.80e+00   0.00e+00 (  1.00e+02,  1.24e+02)
85      0.303   7.26e-01   1.07e+00   7.30e-01   6.59e+00   0.00e+00 (  1.06e+02,  1.10e+02)
90      3.084   7.49e+00   8.82e+00   5.46e+00   1.36e+02   0.00e+00 (  2.33e+03,  9.73e+01)
95      0.588   1.02e+00   1.47e+00   1.07e+00   4.88e+01   0.00e+00 (  7.81e+02,  8.52e+01)
 3 e: 2.337e-03 i: 6.062e-03 :: e: 9.570e-02 i: 9.755e-02 :: n: 3.012e+01 e:25.247 i:32.325 v:4.993e+03
>>> tau_he = 5.000000, nhe(0)=4.084140e+00
 5     -0.027   1.54e-02   8.85e-01   6.42e-03  -1.33e-01   0.00e+00 (  7.98e+00,  6.36e+01)
10     -0.094   7.93e-02   9.46e-02   1.57e-03  -5.84e-01   0.00e+00 (  7.28e+01,  1.22e+02)
15     -0.307   1.79e-01   7.12e-02  -1.68e-01  -2.30e+00   0.00e+00 (  1.65e+02,  1.67e+02)
20      0.275   4.80e-01   4.61e-01   6.91e-02   2.39e+00   0.00e+00 (  3.53e+02,  1.99e+02)
25      0.289   3.95e-01   3.58e-01   1.03e-01   2.83e+00   0.00e+00 (  2.82e+02,  2.23e+02)
30      0.084   2.47e-01   1.76e-01  -3.67e-02   9.14e-01   0.00e+00 (  1.71e+02,  2.38e+02)
35      0.126   3.37e-01   2.94e-01   9.74e-02   1.49e+00   0.00e+00 (  2.03e+02,  2.43e+02)
40      0.118   3.42e-01   3.26e-01   9.57e-02   1.49e+00   0.00e+00 (  1.93e+02,  2.41e+02)
45      0.128   3.68e-01   3.76e-01   1.14e-01   1.71e+00   0.00e+00 (  1.88e+02,  2.34e+02)
50      0.143   4.10e-01   4.55e-01   2.22e-01   2.01e+00   0.00e+00 (  1.82e+02,  2.22e+02)
55      0.160   4.52e-01   5.56e-01   3.01e-01   2.33e+00   0.00e+00 (  1.74e+02,  2.07e+02)
60      0.152   4.53e-01   5.79e-01   3.55e-01   2.29e+00   0.00e+00 (  1.55e+02,  1.89e+02)
65      0.163   4.81e-01   6.57e-01   4.45e-01   2.53e+00   0.00e+00 (  1.42e+02,  1.72e+02)
70      0.198   5.37e-01   8.13e-01   5.92e-01   3.15e+00   0.00e+00 (  1.33e+02,  1.54e+02)
75      0.208   5.50e-01   8.72e-01   6.85e-01   3.39e+00   0.00e+00 (  1.19e+02,  1.39e+02)
80      0.221   5.47e-01   9.17e-01   7.26e-01   3.81e+00   0.00e+00 (  1.01e+02,  1.24e+02)
85      0.303   7.27e-01   1.07e+00   7.32e-01   6.59e+00   0.00e+00 (  1.06e+02,  1.10e+02)
90      3.084   7.49e+00   8.82e+00   5.46e+00   1.36e+02   0.00e+00 (  2.33e+03,  9.73e+01)
95      0.588   1.02e+00   1.47e+00   1.07e+00   4.88e+01   0.00e+00 (  7.81e+02,  8.52e+01)
 4 e: 9.723e-04 i: 3.099e-03 :: e: 6.820e-02 i: 6.929e-02 :: n: 3.012e+01 e:25.120 i:31.851 v:4.993e+03
>>> tau_he = 5.000000, nhe(0)=4.057893e+00
 5     -0.027   1.50e-02   8.69e-01   6.54e-03  -1.31e-01   0.00e+00 (  7.85e+00,  6.36e+01)
10     -0.080   7.40e-02   9.05e-02   3.03e-03  -4.97e-01   0.00e+00 (  6.66e+01,  1.22e+02)
15     -0.175   1.46e-01   2.95e-02  -2.14e-02  -1.31e+00   0.00e+00 (  1.29e+02,  1.67e+02)
20      0.069   1.94e-01   1.17e-01  -2.58e-02   5.97e-01   0.00e+00 (  1.33e+02,  1.99e+02)
25      0.089   2.00e-01   1.40e-01  -1.57e-03   8.72e-01   0.00e+00 (  1.38e+02,  2.23e+02)
30      0.085   2.50e-01   1.79e-01  -3.69e-02   9.25e-01   0.00e+00 (  1.73e+02,  2.38e+02)
35      0.128   3.43e-01   3.00e-01   9.97e-02   1.51e+00   0.00e+00 (  2.09e+02,  2.43e+02)
40      0.120   3.48e-01   3.32e-01   9.76e-02   1.51e+00   0.00e+00 (  1.99e+02,  2.41e+02)
45      0.130   3.75e-01   3.83e-01   1.14e-01   1.73e+00   0.00e+00 (  1.95e+02,  2.34e+02)
50      0.145   4.18e-01   4.64e-01   2.25e-01   2.04e+00   0.00e+00 (  1.89e+02,  2.22e+02)
55      0.162   4.60e-01   5.66e-01   3.05e-01   2.36e+00   0.00e+00 (  1.80e+02,  2.07e+02)
60      0.153   4.63e-01   5.89e-01   3.60e-01   2.31e+00   0.00e+00 (  1.61e+02,  1.89e+02)
65      0.165   4.90e-01   6.70e-01   4.53e-01   2.56e+00   0.00e+00 (  1.47e+02,  1.72e+02)
70      0.199   5.46e-01   8.26e-01   6.00e-01   3.17e+00   0.00e+00 (  1.37e+02,  1.54e+02)
75      0.209   5.58e-01   8.84e-01   6.94e-01   3.41e+00   0.00e+00 (  1.22e+02,  1.39e+02)
80      0.222   5.54e-01   9.28e-01   7.34e-01   3.83e+00   0.00e+00 (  1.04e+02,  1.24e+02)
85      0.304   7.29e-01   1.08e+00   7.38e-01   6.61e+00   0.00e+00 (  1.08e+02,  1.10e+02)
90      3.086   7.48e+00   8.82e+00   5.47e+00   1.36e+02   0.00e+00 (  2.34e+03,  9.73e+01)
95      0.588   1.02e+00   1.47e+00   1.07e+00   4.88e+01   0.00e+00 (  7.81e+02,  8.52e+01)
 5 e: 1.652e-04 i: 2.339e-04 :: e: 2.825e-02 i: 3.602e-02 :: n: 3.012e+01 e:25.003 i:32.048 v:4.993e+03
>>> tau_he = 5.000000, nhe(0)=4.067815e+00
 5     -0.027   1.52e-02   9.03e-01   6.51e-03  -1.31e-01   0.00e+00 (  7.88e+00,  6.36e+01)
10     -0.062   6.67e-02   7.73e-02   1.23e-03  -3.87e-01   0.00e+00 (  5.82e+01,  1.22e+02)
15     -0.158   1.48e-01   3.03e-02  -2.24e-02  -1.19e+00   0.00e+00 (  1.27e+02,  1.67e+02)
20      0.063   1.83e-01   1.01e-01  -2.49e-02   5.49e-01   0.00e+00 (  1.25e+02,  1.99e+02)
25      0.091   2.02e-01   1.42e-01  -1.52e-03   8.88e-01   0.00e+00 (  1.39e+02,  2.23e+02)
30      0.090   2.48e-01   1.79e-01  -3.55e-02   9.76e-01   0.00e+00 (  1.71e+02,  2.38e+02)
35      0.129   3.43e-01   2.99e-01   9.88e-02   1.52e+00   0.00e+00 (  2.08e+02,  2.43e+02)
40      0.121   3.48e-01   3.30e-01   9.72e-02   1.52e+00   0.00e+00 (  1.98e+02,  2.41e+02)
45      0.130   3.75e-01   3.81e-01   1.13e-01   1.74e+00   0.00e+00 (  1.94e+02,  2.34e+02)
50      0.146   4.18e-01   4.62e-01   2.24e-01   2.05e+00   0.00e+00 (  1.89e+02,  2.22e+02)
55      0.163   4.62e-01   5.66e-01   3.05e-01   2.38e+00   0.00e+00 (  1.81e+02,  2.07e+02)
60      0.155   4.64e-01   5.93e-01   3.62e-01   2.35e+00   0.00e+00 (  1.62e+02,  1.89e+02)
65      0.167   4.94e-01   6.76e-01   4.57e-01   2.60e+00   0.00e+00 (  1.48e+02,  1.72e+02)
70      0.202   5.51e-01   8.34e-01   6.07e-01   3.22e+00   0.00e+00 (  1.39e+02,  1.54e+02)
75      0.212   5.64e-01   8.96e-01   7.03e-01   3.46e+00   0.00e+00 (  1.24e+02,  1.39e+02)
80      0.225   5.61e-01   9.41e-01   7.44e-01   3.89e+00   0.00e+00 (  1.06e+02,  1.24e+02)
85      0.306   7.33e-01   1.09e+00   7.47e-01   6.66e+00   0.00e+00 (  1.09e+02,  1.10e+02)
90      3.086   7.48e+00   8.82e+00   5.47e+00   1.36e+02   0.00e+00 (  2.34e+03,  9.73e+01)
95      0.588   1.02e+00   1.47e+00   1.07e+00   4.88e+01   0.00e+00 (  7.81e+02,  8.52e+01)
 6 e: 1.545e-04 i: 2.757e-04 :: e: 2.775e-02 i: 3.405e-02 :: n: 3.012e+01 e:25.156 i:32.266 v:4.993e+03
>>> tau_he = 5.000000, nhe(0)=4.080050e+00
 5     -0.027   1.55e-02   9.34e-01   6.60e-03  -1.34e-01   0.00e+00 (  8.10e+00,  6.36e+01)
10     -0.051   5.58e-02   7.28e-02  -4.21e-05  -3.19e-01   0.00e+00 (  4.82e+01,  1.22e+02)
15     -0.128   1.53e-01   3.16e-02  -2.65e-02  -9.60e-01   0.00e+00 (  1.30e+02,  1.67e+02)
20      0.062   1.88e-01   1.08e-01  -2.70e-02   5.35e-01   0.00e+00 (  1.32e+02,  1.99e+02)
25      0.091   2.07e-01   1.47e-01  -1.55e-03   8.88e-01   0.00e+00 (  1.45e+02,  2.23e+02)
30      0.080   2.31e-01   1.71e-01   2.04e-02   8.69e-01   0.00e+00 (  1.61e+02,  2.38e+02)
35      0.130   3.46e-01   3.02e-01   1.00e-01   1.53e+00   0.00e+00 (  2.11e+02,  2.43e+02)
40      0.121   3.51e-01   3.34e-01   9.81e-02   1.53e+00   0.00e+00 (  2.01e+02,  2.41e+02)
45      0.131   3.78e-01   3.85e-01   1.14e-01   1.75e+00   0.00e+00 (  1.97e+02,  2.34e+02)
50      0.147   4.22e-01   4.68e-01   2.27e-01   2.06e+00   0.00e+00 (  1.92e+02,  2.22e+02)
55      0.164   4.67e-01   5.72e-01   3.08e-01   2.39e+00   0.00e+00 (  1.84e+02,  2.07e+02)
60      0.155   4.71e-01   5.98e-01   3.65e-01   2.35e+00   0.00e+00 (  1.66e+02,  1.89e+02)
65      0.168   5.00e-01   6.85e-01   4.62e-01   2.61e+00   0.00e+00 (  1.52e+02,  1.72e+02)
70      0.203   5.58e-01   8.43e-01   6.13e-01   3.22e+00   0.00e+00 (  1.42e+02,  1.54e+02)
75      0.213   5.70e-01   9.04e-01   7.09e-01   3.47e+00   0.00e+00 (  1.27e+02,  1.39e+02)
80      0.226   5.67e-01   9.49e-01   7.50e-01   3.89e+00   0.00e+00 (  1.08e+02,  1.24e+02)
85      0.306   7.34e-01   1.10e+00   7.52e-01   6.67e+00   0.00e+00 (  1.10e+02,  1.10e+02)
90      3.088   7.47e+00   8.83e+00   5.47e+00   1.36e+02   0.00e+00 (  2.34e+03,  9.73e+01)
95      0.588   1.02e+00   1.47e+00   1.07e+00   4.88e+01   0.00e+00 (  7.81e+02,  8.52e+01)
 7 e: 8.252e-05 i: 2.624e-04 :: e: 3.074e-02 i: 3.527e-02 :: n: 3.012e+01 e:25.198 i:32.611 v:4.993e+03
>>> tau_he = 5.000000, nhe(0)=4.098917e+00
 5     -0.028   1.59e-02   9.65e-01   6.60e-03  -1.36e-01   0.00e+00 (  8.32e+00,  6.36e+01)
10     -0.048   5.46e-02   6.97e-02  -1.41e-04  -3.01e-01   0.00e+00 (  4.69e+01,  1.22e+02)
15     -0.121   1.57e-01   3.37e-02  -2.80e-02  -9.10e-01   0.00e+00 (  1.33e+02,  1.67e+02)
20      0.010   1.98e-01   1.18e-01  -2.53e-02   8.51e-02   0.00e+00 (  1.40e+02,  1.99e+02)
25      0.094   2.12e-01   1.51e-01  -1.57e-03   9.21e-01   0.00e+00 (  1.51e+02,  2.23e+02)
30      0.080   2.34e-01   1.73e-01   1.95e-02   8.70e-01   0.00e+00 (  1.64e+02,  2.38e+02)
35      0.131   3.48e-01   3.03e-01   9.98e-02   1.54e+00   0.00e+00 (  2.12e+02,  2.43e+02)
40      0.122   3.52e-01   3.33e-01   9.81e-02   1.54e+00   0.00e+00 (  2.01e+02,  2.41e+02)
45      0.133   3.79e-01   3.83e-01   1.13e-01   1.77e+00   0.00e+00 (  1.98e+02,  2.34e+02)
50      0.148   4.23e-01   4.66e-01   2.26e-01   2.07e+00   0.00e+00 (  1.92e+02,  2.22e+02)
55      0.165   4.68e-01   5.71e-01   3.07e-01   2.41e+00   0.00e+00 (  1.84e+02,  2.07e+02)
60      0.157   4.72e-01   5.99e-01   3.65e-01   2.37e+00   0.00e+00 (  1.66e+02,  1.89e+02)
65      0.170   5.02e-01   6.87e-01   4.64e-01   2.64e+00   0.00e+00 (  1.53e+02,  1.72e+02)
70      0.205   5.61e-01   8.48e-01   6.17e-01   3.26e+00   0.00e+00 (  1.43e+02,  1.54e+02)
75      0.215   5.74e-01   9.12e-01   7.15e-01   3.51e+00   0.00e+00 (  1.28e+02,  1.39e+02)
80      0.229   5.72e-01   9.60e-01   7.58e-01   3.94e+00   0.00e+00 (  1.09e+02,  1.24e+02)
85      0.308   7.38e-01   1.11e+00   7.60e-01   6.71e+00   0.00e+00 (  1.11e+02,  1.10e+02)
90      3.088   7.47e+00   8.82e+00   5.48e+00   1.36e+02   0.00e+00 (  2.35e+03,  9.73e+01)
95      0.588   1.02e+00   1.47e+00   1.07e+00   4.88e+01   0.00e+00 (  7.81e+02,  8.52e+01)
 8 e: 9.077e-05 i: 1.633e-04 :: e: 2.851e-02 i: 3.299e-02 :: n: 3.012e+01 e:25.345 i:32.851 v:4.993e+03
>>> tau_he = 5.000000, nhe(0)=4.112300e+00
 5     -0.028   1.62e-02   9.90e-01   6.66e-03  -1.38e-01   0.00e+00 (  8.53e+00,  6.36e+01)
10     -0.047   5.42e-02   6.87e-02  -3.28e-04  -2.93e-01   0.00e+00 (  4.65e+01,  1.22e+02)
15     -0.193   1.49e-01  -2.07e-03  -3.48e-02  -1.45e+00   0.00e+00 (  1.25e+02,  1.67e+02)
20      0.292   4.98e-01   4.73e-01   7.06e-02   2.53e+00   0.00e+00 (  3.59e+02,  1.99e+02)
25      0.304   4.18e-01   3.79e-01   1.13e-01   2.97e+00   0.00e+00 (  3.02e+02,  2.23e+02)
30      0.173   3.84e-01   3.42e-01   7.17e-02   1.88e+00   0.00e+00 (  2.73e+02,  2.38e+02)
35      0.133   3.52e-01   3.07e-01   1.01e-01   1.56e+00   0.00e+00 (  2.16e+02,  2.43e+02)
40      0.123   3.55e-01   3.37e-01   9.92e-02   1.55e+00   0.00e+00 (  2.04e+02,  2.41e+02)
45      0.134   3.83e-01   3.88e-01   1.14e-01   1.79e+00   0.00e+00 (  2.01e+02,  2.34e+02)
50      0.149   4.27e-01   4.72e-01   2.28e-01   2.09e+00   0.00e+00 (  1.96e+02,  2.22e+02)
55      0.166   4.72e-01   5.79e-01   3.10e-01   2.43e+00   0.00e+00 (  1.88e+02,  2.07e+02)
60      0.158   4.77e-01   6.06e-01   3.70e-01   2.39e+00   0.00e+00 (  1.69e+02,  1.89e+02)
65      0.170   5.07e-01   6.95e-01   4.69e-01   2.65e+00   0.00e+00 (  1.55e+02,  1.72e+02)
70      0.205   5.66e-01   8.56e-01   6.22e-01   3.26e+00   0.00e+00 (  1.45e+02,  1.54e+02)
75      0.215   5.81e-01   9.18e-01   7.18e-01   3.50e+00   0.00e+00 (  1.31e+02,  1.39e+02)
80      0.228   5.76e-01   9.66e-01   7.63e-01   3.94e+00   0.00e+00 (  1.11e+02,  1.24e+02)
85      0.309   7.39e-01   1.11e+00   7.64e-01   6.72e+00   0.00e+00 (  1.13e+02,  1.10e+02)
90      3.089   7.47e+00   8.83e+00   5.48e+00   1.36e+02   0.00e+00 (  2.35e+03,  9.73e+01)
95      0.588   1.02e+00   1.47e+00   1.07e+00   4.88e+01   0.00e+00 (  7.81e+02,  8.52e+01)
 9 e: 6.687e-04 i: 2.157e-03 :: e: 8.002e-02 i: 8.366e-02 :: n: 3.012e+01 e:25.163 i:32.605 v:4.993e+03
>>> tau_he = 5.000000, nhe(0)=4.099930e+00
 5     -0.028   1.60e-02   9.66e-01   6.67e-03  -1.38e-01   0.00e+00 (  8.46e+00,  6.36e+01)
10     -0.051   5.62e-02   7.34e-02  -8.71e-05  -3.17e-01   0.00e+00 (  4.83e+01,  1.22e+02)
15     -0.186   1.51e-01   4.10e-03  -3.60e-02  -1.40e+00   0.00e+00 (  1.25e+02,  1.67e+02)
20      0.067   1.86e-01   1.00e-01  -2.41e-02   5.78e-01   0.00e+00 (  1.27e+02,  1.99e+02)
25      0.091   2.07e-01   1.42e-01  -1.53e-03   8.95e-01   0.00e+00 (  1.43e+02,  2.23e+02)
30      0.091   2.53e-01   1.80e-01  -3.31e-02   9.80e-01   0.00e+00 (  1.75e+02,  2.38e+02)
35      0.135   3.55e-01   3.08e-01   1.01e-01   1.58e+00   0.00e+00 (  2.18e+02,  2.43e+02)
40      0.125   3.59e-01   3.39e-01   1.00e-01   1.58e+00   0.00e+00 (  2.07e+02,  2.41e+02)
45      0.136   3.85e-01   3.89e-01   1.15e-01   1.82e+00   0.00e+00 (  2.03e+02,  2.34e+02)
50      0.151   4.30e-01   4.74e-01   2.28e-01   2.12e+00   0.00e+00 (  1.98e+02,  2.22e+02)
55      0.168   4.75e-01   5.81e-01   3.11e-01   2.46e+00   0.00e+00 (  1.89e+02,  2.07e+02)
60      0.161   4.79e-01   6.12e-01   3.73e-01   2.43e+00   0.00e+00 (  1.71e+02,  1.89e+02)
65      0.173   5.10e-01   7.01e-01   4.73e-01   2.69e+00   0.00e+00 (  1.57e+02,  1.72e+02)
70      0.208   5.70e-01   8.63e-01   6.27e-01   3.31e+00   0.00e+00 (  1.47e+02,  1.54e+02)
75      0.218   5.84e-01   9.29e-01   7.27e-01   3.56e+00   0.00e+00 (  1.32e+02,  1.39e+02)
80      0.232   5.82e-01   9.78e-01   7.72e-01   3.99e+00   0.00e+00 (  1.13e+02,  1.24e+02)
85      0.311   7.43e-01   1.12e+00   7.74e-01   6.77e+00   0.00e+00 (  1.14e+02,  1.10e+02)
90      3.089   7.46e+00   8.82e+00   5.48e+00   1.36e+02   0.00e+00 (  2.35e+03,  9.73e+01)
95      0.588   1.02e+00   1.47e+00   1.07e+00   4.88e+01   0.00e+00 (  7.81e+02,  8.52e+01)
10 e: 7.313e-05 i: 2.763e-04 :: e: 3.860e-02 i: 4.623e-02 :: n: 3.012e+01 e:25.186 i:32.741 v:4.993e+03
>>> tau_he = 5.000000, nhe(0)=4.106606e+00
 5     -0.028   1.61e-02   9.91e-01   6.66e-03  -1.38e-01   0.00e+00 (  8.47e+00,  6.36e+01)
10     -0.046   5.31e-02   6.75e-02  -2.41e-04  -2.85e-01   0.00e+00 (  4.51e+01,  1.22e+02)
15     -0.161   1.68e-01   1.46e-02  -5.39e-02  -1.21e+00   0.00e+00 (  1.37e+02,  1.67e+02)
20      0.069   1.90e-01   1.06e-01  -2.60e-02   5.97e-01   0.00e+00 (  1.30e+02,  1.99e+02)
25      0.093   2.09e-01   1.46e-01  -1.67e-03   9.10e-01   0.00e+00 (  1.46e+02,  2.23e+02)
30      0.092   2.54e-01   1.82e-01  -3.54e-02   9.99e-01   0.00e+00 (  1.76e+02,  2.38e+02)
35      0.136   3.55e-01   3.10e-01   1.02e-01   1.60e+00   0.00e+00 (  2.18e+02,  2.43e+02)
40      0.126   3.60e-01   3.41e-01   1.01e-01   1.59e+00   0.00e+00 (  2.08e+02,  2.41e+02)
45      0.137   3.87e-01   3.93e-01   1.16e-01   1.83e+00   0.00e+00 (  2.05e+02,  2.34e+02)
50      0.152   4.33e-01   4.79e-01   2.31e-01   2.14e+00   0.00e+00 (  2.00e+02,  2.22e+02)
55      0.168   4.81e-01   5.87e-01   3.14e-01   2.46e+00   0.00e+00 (  1.93e+02,  2.07e+02)
60      0.161   4.84e-01   6.17e-01   3.76e-01   2.43e+00   0.00e+00 (  1.74e+02,  1.89e+02)
65      0.173   5.15e-01   7.07e-01   4.77e-01   2.69e+00   0.00e+00 (  1.60e+02,  1.72e+02)
70      0.208   5.75e-01   8.70e-01   6.32e-01   3.31e+00   0.00e+00 (  1.50e+02,  1.54e+02)
75      0.218   5.92e-01   9.34e-01   7.30e-01   3.55e+00   0.00e+00 (  1.34e+02,  1.39e+02)
80      0.231   5.87e-01   9.83e-01   7.76e-01   3.99e+00   0.00e+00 (  1.15e+02,  1.24e+02)
85      0.311   7.44e-01   1.13e+00   7.78e-01   6.77e+00   0.00e+00 (  1.16e+02,  1.10e+02)
90      3.091   7.46e+00   8.83e+00   5.49e+00   1.36e+02   0.00e+00 (  2.36e+03,  9.73e+01)
95      0.588   1.02e+00   1.47e+00   1.07e+00   4.88e+01   0.00e+00 (  7.81e+02,  8.52e+01)
11 e: 8.790e-05 i: 2.597e-04 :: e: 3.970e-02 i: 4.416e-02 :: n: 3.012e+01 e:25.210 i:33.008 v:4.993e+03
>>> tau_he = 5.000000, nhe(0)=4.120734e+00
 5     -0.028   1.64e-02   1.02e+00   6.66e-03  -1.40e-01   0.00e+00 (  8.65e+00,  6.36e+01)
10     -0.043   5.21e-02   6.41e-02  -2.99e-04  -2.71e-01   0.00e+00 (  4.41e+01,  1.22e+02)
15     -0.154   1.76e-01   1.64e-02  -5.55e-02  -1.16e+00   0.00e+00 (  1.43e+02,  1.67e+02)
20      0.020   1.99e-01   1.17e-01  -2.44e-02   1.70e-01   0.00e+00 (  1.38e+02,  1.99e+02)
25      0.096   2.13e-01   1.49e-01  -1.82e-03   9.41e-01   0.00e+00 (  1.51e+02,  2.23e+02)
30      0.083   2.36e-01   1.72e-01   1.99e-02   8.94e-01   0.00e+00 (  1.64e+02,  2.38e+02)
35      0.135   3.55e-01   3.08e-01   1.01e-01   1.59e+00   0.00e+00 (  2.17e+02,  2.43e+02)
40      0.126   3.60e-01   3.39e-01   1.00e-01   1.59e+00   0.00e+00 (  2.07e+02,  2.41e+02)
45      0.137   3.87e-01   3.90e-01   1.15e-01   1.82e+00   0.00e+00 (  2.04e+02,  2.34e+02)
50      0.152   4.32e-01   4.75e-01   2.29e-01   2.13e+00   0.00e+00 (  1.99e+02,  2.22e+02)
55      0.169   4.78e-01   5.83e-01   3.12e-01   2.47e+00   0.00e+00 (  1.91e+02,  2.07e+02)
60      0.161   4.83e-01   6.14e-01   3.74e-01   2.43e+00   0.00e+00 (  1.73e+02,  1.89e+02)
65      0.174   5.15e-01   7.06e-01   4.76e-01   2.70e+00   0.00e+00 (  1.59e+02,  1.72e+02)
70      0.209   5.76e-01   8.71e-01   6.33e-01   3.33e+00   0.00e+00 (  1.49e+02,  1.54e+02)
75      0.220   5.91e-01   9.38e-01   7.34e-01   3.58e+00   0.00e+00 (  1.34e+02,  1.39e+02)
80      0.233   5.89e-01   9.89e-01   7.80e-01   4.02e+00   0.00e+00 (  1.15e+02,  1.24e+02)
85      0.313   7.47e-01   1.13e+00   7.84e-01   6.80e+00   0.00e+00 (  1.16e+02,  1.10e+02)
90      3.091   7.46e+00   8.82e+00   5.49e+00   1.36e+02   0.00e+00 (  2.36e+03,  9.73e+01)
95      0.588   1.02e+00   1.47e+00   1.07e+00   4.88e+01   0.00e+00 (  7.81e+02,  8.52e+01)
12 e: 8.341e-05 i: 1.763e-04 :: e: 3.685e-02 i: 3.947e-02 :: n: 3.012e+01 e:25.311 i:33.222 v:4.993e+03
>>> tau_he = 5.000000, nhe(0)=4.132283e+00
 5     -0.029   1.67e-02   1.04e+00   6.69e-03  -1.41e-01   0.00e+00 (  8.81e+00,  6.36e+01)
10     -0.042   5.18e-02   6.28e-02  -4.32e-04  -2.64e-01   0.00e+00 (  4.38e+01,  1.22e+02)
15     -0.148   1.82e-01   1.94e-02  -5.80e-02  -1.11e+00   0.00e+00 (  1.46e+02,  1.67e+02)
20      0.017   2.03e-01   1.22e-01  -2.62e-02   1.48e-01   0.00e+00 (  1.43e+02,  1.99e+02)
25      0.096   2.18e-01   1.54e-01  -1.66e-03   9.38e-01   0.00e+00 (  1.56e+02,  2.23e+02)
30      0.082   2.38e-01   1.75e-01   2.04e-02   8.93e-01   0.00e+00 (  1.68e+02,  2.38e+02)
35      0.136   3.57e-01   3.11e-01   1.02e-01   1.60e+00   0.00e+00 (  2.19e+02,  2.43e+02)
40      0.127   3.61e-01   3.42e-01   1.01e-01   1.59e+00   0.00e+00 (  2.09e+02,  2.41e+02)
45      0.137   3.88e-01   3.93e-01   1.16e-01   1.83e+00   0.00e+00 (  2.06e+02,  2.34e+02)
50      0.153   4.34e-01   4.79e-01   2.31e-01   2.14e+00   0.00e+00 (  2.01e+02,  2.22e+02)
55      0.169   4.82e-01   5.88e-01   3.15e-01   2.46e+00   0.00e+00 (  1.94e+02,  2.07e+02)
60      0.161   4.86e-01   6.18e-01   3.76e-01   2.44e+00   0.00e+00 (  1.75e+02,  1.89e+02)
65      0.174   5.17e-01   7.09e-01   4.78e-01   2.70e+00   0.00e+00 (  1.61e+02,  1.72e+02)
70      0.209   5.78e-01   8.74e-01   6.35e-01   3.32e+00   0.00e+00 (  1.51e+02,  1.54e+02)
75      0.219   5.95e-01   9.39e-01   7.33e-01   3.56e+00   0.00e+00 (  1.36e+02,  1.39e+02)
80      0.232   5.91e-01   9.90e-01   7.81e-01   4.01e+00   0.00e+00 (  1.16e+02,  1.24e+02)
85      0.312   7.47e-01   1.13e+00   7.85e-01   6.80e+00   0.00e+00 (  1.17e+02,  1.10e+02)
90      3.092   7.45e+00   8.83e+00   5.49e+00   1.36e+02   0.00e+00 (  2.36e+03,  9.73e+01)
95      0.588   1.02e+00   1.47e+00   1.07e+00   4.88e+01   0.00e+00 (  7.81e+02,  8.52e+01)
13 e: 5.740e-05 i: 1.377e-04 :: e: 3.500e-02 i: 3.671e-02 :: n: 3.012e+01 e:25.329 i:33.463 v:4.993e+03
>>> tau_he = 5.000000, nhe(0)=4.144991e+00
 5     -0.029   1.69e-02   1.06e+00   6.68e-03  -1.43e-01   0.00e+00 (  8.97e+00,  6.36e+01)
10     -0.041   5.14e-02   6.11e-02  -4.76e-04  -2.56e-01   0.00e+00 (  4.34e+01,  1.22e+02)
15     -0.147   2.39e-01   1.09e-01  -3.07e-01  -1.10e+00   0.00e+00 (  1.91e+02,  1.67e+02)
20      0.312   5.14e-01   4.87e-01   7.39e-02   2.71e+00   0.00e+00 (  3.66e+02,  1.99e+02)
25      0.310   4.28e-01   3.87e-01   1.16e-01   3.03e+00   0.00e+00 (  3.10e+02,  2.23e+02)
30      0.082   2.40e-01   1.76e-01   1.67e-02   8.91e-01   0.00e+00 (  1.70e+02,  2.38e+02)
35      0.136   3.58e-01   3.11e-01   1.02e-01   1.60e+00   0.00e+00 (  2.20e+02,  2.43e+02)
40      0.127   3.61e-01   3.41e-01   1.01e-01   1.60e+00   0.00e+00 (  2.08e+02,  2.41e+02)
45      0.137   3.88e-01   3.92e-01   1.15e-01   1.84e+00   0.00e+00 (  2.05e+02,  2.34e+02)
50      0.153   4.33e-01   4.77e-01   2.30e-01   2.14e+00   0.00e+00 (  2.00e+02,  2.22e+02)
55      0.170   4.79e-01   5.86e-01   3.13e-01   2.48e+00   0.00e+00 (  1.92e+02,  2.07e+02)
60      0.162   4.85e-01   6.16e-01   3.75e-01   2.44e+00   0.00e+00 (  1.74e+02,  1.89e+02)
65      0.174   5.16e-01   7.08e-01   4.78e-01   2.71e+00   0.00e+00 (  1.60e+02,  1.72e+02)
70      0.209   5.78e-01   8.73e-01   6.35e-01   3.33e+00   0.00e+00 (  1.50e+02,  1.54e+02)
75      0.220   5.93e-01   9.41e-01   7.36e-01   3.59e+00   0.00e+00 (  1.35e+02,  1.39e+02)
80      0.234   5.92e-01   9.92e-01   7.83e-01   4.03e+00   0.00e+00 (  1.16e+02,  1.24e+02)
85      0.313   7.49e-01   1.14e+00   7.89e-01   6.82e+00   0.00e+00 (  1.18e+02,  1.10e+02)
90      3.092   7.45e+00   8.82e+00   5.49e+00   1.36e+02   0.00e+00 (  2.36e+03,  9.73e+01)
95      0.588   1.02e+00   1.47e+00   1.07e+00   4.88e+01   0.00e+00 (  7.81e+02,  8.52e+01)
14 e: 8.333e-04 i: 4.169e-03 :: e: 7.675e-02 i: 7.158e-02 :: n: 3.012e+01 e:25.185 i:32.920 v:4.993e+03
>>> tau_he = 5.000000, nhe(0)=4.117827e+00
 5     -0.029   1.63e-02   1.00e+00   6.71e-03  -1.41e-01   0.00e+00 (  8.71e+00,  6.36e+01)
10     -0.047   5.43e-02   7.14e-02  -2.59e-04  -2.95e-01   0.00e+00 (  4.58e+01,  1.22e+02)
15     -0.117   1.78e-01   1.92e-02  -5.75e-02  -8.79e-01   0.00e+00 (  1.38e+02,  1.67e+02)
20      0.080   2.02e-01   1.19e-01  -2.48e-02   6.95e-01   0.00e+00 (  1.36e+02,  1.99e+02)
25      0.092   2.11e-01   1.44e-01  -1.65e-03   9.03e-01   0.00e+00 (  1.47e+02,  2.23e+02)
30      0.082   2.41e-01   1.76e-01   1.74e-02   8.89e-01   0.00e+00 (  1.72e+02,  2.38e+02)
35      0.137   3.60e-01   3.14e-01   1.03e-01   1.61e+00   0.00e+00 (  2.23e+02,  2.43e+02)
40      0.127   3.63e-01   3.44e-01   1.01e-01   1.61e+00   0.00e+00 (  2.11e+02,  2.41e+02)
45      0.138   3.90e-01   3.95e-01   1.16e-01   1.85e+00   0.00e+00 (  2.08e+02,  2.34e+02)
50      0.154   4.36e-01   4.82e-01   2.32e-01   2.16e+00   0.00e+00 (  2.02e+02,  2.22e+02)
55      0.170   4.84e-01   5.91e-01   3.16e-01   2.48e+00   0.00e+00 (  1.95e+02,  2.07e+02)
60      0.162   4.87e-01   6.20e-01   3.78e-01   2.45e+00   0.00e+00 (  1.76e+02,  1.89e+02)
65      0.174   5.19e-01   7.12e-01   4.80e-01   2.71e+00   0.00e+00 (  1.62e+02,  1.72e+02)
70      0.209   5.80e-01   8.77e-01   6.37e-01   3.33e+00   0.00e+00 (  1.51e+02,  1.54e+02)
75      0.219   5.97e-01   9.42e-01   7.36e-01   3.57e+00   0.00e+00 (  1.36e+02,  1.39e+02)
80      0.233   5.93e-01   9.93e-01   7.84e-01   4.02e+00   0.00e+00 (  1.17e+02,  1.24e+02)
85      0.313   7.49e-01   1.14e+00   7.90e-01   6.81e+00   0.00e+00 (  1.18e+02,  1.10e+02)
90      3.093   7.45e+00   8.82e+00   5.49e+00   1.36e+02   0.00e+00 (  2.37e+03,  9.73e+01)
95      0.588   1.02e+00   1.47e+00   1.07e+00   4.88e+01   0.00e+00 (  7.81e+02,  8.52e+01)
15 e: 7.289e-05 i: 1.605e-04 :: e: 3.648e-02 i: 3.851e-02 :: n: 3.012e+01 e:25.036 i:33.004 v:4.993e+03
>>> tau_he = 5.000000, nhe(0)=4.121025e+00
 5     -0.028   1.63e-02   1.02e+00   6.61e-03  -1.39e-01   0.00e+00 (  8.60e+00,  6.36e+01)
10     -0.042   5.08e-02   6.44e-02  -2.39e-04  -2.61e-01   0.00e+00 (  4.22e+01,  1.22e+02)
15     -0.104   1.80e-01   1.96e-02  -5.76e-02  -7.80e-01   0.00e+00 (  1.36e+02,  1.67e+02)
20      0.073   1.90e-01   1.03e-01  -2.43e-02   6.33e-01   0.00e+00 (  1.27e+02,  1.99e+02)
25      0.093   2.11e-01   1.46e-01  -1.62e-03   9.15e-01   0.00e+00 (  1.47e+02,  2.23e+02)
30      0.083   2.40e-01   1.76e-01   1.71e-02   8.97e-01   0.00e+00 (  1.70e+02,  2.38e+02)
35      0.137   3.57e-01   3.10e-01   1.02e-01   1.61e+00   0.00e+00 (  2.19e+02,  2.43e+02)
40      0.127   3.61e-01   3.41e-01   1.00e-01   1.60e+00   0.00e+00 (  2.08e+02,  2.41e+02)
45      0.138   3.88e-01   3.92e-01   1.15e-01   1.84e+00   0.00e+00 (  2.05e+02,  2.34e+02)
50      0.153   4.33e-01   4.78e-01   2.30e-01   2.15e+00   0.00e+00 (  2.00e+02,  2.22e+02)
55      0.170   4.80e-01   5.87e-01   3.13e-01   2.49e+00   0.00e+00 (  1.92e+02,  2.07e+02)
60      0.162   4.85e-01   6.16e-01   3.76e-01   2.45e+00   0.00e+00 (  1.74e+02,  1.89e+02)
65      0.174   5.16e-01   7.08e-01   4.78e-01   2.71e+00   0.00e+00 (  1.60e+02,  1.72e+02)
70      0.210   5.78e-01   8.74e-01   6.35e-01   3.33e+00   0.00e+00 (  1.51e+02,  1.54e+02)
75      0.220   5.93e-01   9.42e-01   7.37e-01   3.59e+00   0.00e+00 (  1.35e+02,  1.39e+02)
80      0.234   5.93e-01   9.94e-01   7.84e-01   4.03e+00   0.00e+00 (  1.17e+02,  1.24e+02)
85      0.314   7.50e-01   1.14e+00   7.91e-01   6.83e+00   0.00e+00 (  1.18e+02,  1.10e+02)
90      3.093   7.45e+00   8.82e+00   5.49e+00   1.36e+02   0.00e+00 (  2.37e+03,  9.73e+01)
95      0.588   1.02e+00   1.47e+00   1.07e+00   4.88e+01   0.00e+00 (  7.81e+02,  8.52e+01)
16 e: 8.404e-05 i: 2.291e-04 :: e: 3.149e-02 i: 3.411e-02 :: n: 3.012e+01 e:25.116 i:33.117 v:4.993e+03
>>> tau_he = 5.000000, nhe(0)=4.126945e+00
 5     -0.028   1.65e-02   1.04e+00   6.66e-03  -1.40e-01   0.00e+00 (  8.71e+00,  6.36e+01)
10     -0.040   5.01e-02   6.20e-02  -3.36e-04  -2.52e-01   0.00e+00 (  4.17e+01,  1.22e+02)
15     -0.102   1.83e-01   2.19e-02  -5.93e-02  -7.69e-01   0.00e+00 (  1.39e+02,  1.67e+02)
20      0.072   1.94e-01   1.09e-01  -2.67e-02   6.26e-01   0.00e+00 (  1.33e+02,  1.99e+02)
25      0.096   2.15e-01   1.50e-01  -1.90e-03   9.42e-01   0.00e+00 (  1.53e+02,  2.23e+02)
30      0.176   3.90e-01   3.47e-01   7.17e-02   1.91e+00   0.00e+00 (  2.78e+02,  2.38e+02)
35      0.136   3.57e-01   3.11e-01   1.02e-01   1.60e+00   0.00e+00 (  2.19e+02,  2.43e+02)
40      0.127   3.60e-01   3.41e-01   1.00e-01   1.59e+00   0.00e+00 (  2.08e+02,  2.41e+02)
45      0.138   3.88e-01   3.93e-01   1.16e-01   1.84e+00   0.00e+00 (  2.05e+02,  2.34e+02)
50      0.153   4.33e-01   4.79e-01   2.31e-01   2.15e+00   0.00e+00 (  2.00e+02,  2.22e+02)
55      0.170   4.80e-01   5.88e-01   3.14e-01   2.48e+00   0.00e+00 (  1.93e+02,  2.07e+02)
60      0.161   4.85e-01   6.17e-01   3.76e-01   2.43e+00   0.00e+00 (  1.74e+02,  1.89e+02)
65      0.173   5.16e-01   7.08e-01   4.77e-01   2.69e+00   0.00e+00 (  1.60e+02,  1.72e+02)
70      0.208   5.78e-01   8.73e-01   6.34e-01   3.32e+00   0.00e+00 (  1.50e+02,  1.54e+02)
75      0.218   5.94e-01   9.38e-01   7.33e-01   3.56e+00   0.00e+00 (  1.36e+02,  1.39e+02)
80      0.232   5.91e-01   9.90e-01   7.81e-01   4.00e+00   0.00e+00 (  1.16e+02,  1.24e+02)
85      0.313   7.49e-01   1.14e+00   7.89e-01   6.81e+00   0.00e+00 (  1.19e+02,  1.10e+02)
90      3.094   7.45e+00   8.83e+00   5.49e+00   1.36e+02   0.00e+00 (  2.37e+03,  9.73e+01)
95      0.588   1.02e+00   1.47e+00   1.07e+00   4.88e+01   0.00e+00 (  7.81e+02,  8.52e+01)
17 e: 2.270e-04 i: 5.823e-04 :: e: 4.043e-02 i: 4.072e-02 :: n: 3.012e+01 e:25.075 i:33.270 v:4.993e+03
>>> tau_he = 5.000000, nhe(0)=4.135033e+00
 5     -0.029   1.67e-02   1.05e+00   6.64e-03  -1.41e-01   0.00e+00 (  8.80e+00,  6.36e+01)
10     -0.040   5.01e-02   6.08e-02  -2.82e-04  -2.49e-01   0.00e+00 (  4.16e+01,  1.22e+02)
15     -0.098   1.83e-01   2.43e-02  -6.07e-02  -7.32e-01   0.00e+00 (  1.39e+02,  1.67e+02)
20      0.023   2.02e-01   1.20e-01  -2.54e-02   2.03e-01   0.00e+00 (  1.40e+02,  1.99e+02)
25      0.095   2.16e-01   1.52e-01  -1.70e-03   9.33e-01   0.00e+00 (  1.54e+02,  2.23e+02)
30      0.091   2.56e-01   1.81e-01  -3.74e-02   9.89e-01   0.00e+00 (  1.79e+02,  2.38e+02)
35      0.136   3.55e-01   3.08e-01   1.01e-01   1.60e+00   0.00e+00 (  2.17e+02,  2.43e+02)
40      0.127   3.60e-01   3.40e-01   1.00e-01   1.60e+00   0.00e+00 (  2.07e+02,  2.41e+02)
45      0.138   3.87e-01   3.92e-01   1.16e-01   1.84e+00   0.00e+00 (  2.04e+02,  2.34e+02)
50      0.153   4.32e-01   4.77e-01   2.30e-01   2.15e+00   0.00e+00 (  1.99e+02,  2.22e+02)
55      0.170   4.78e-01   5.85e-01   3.13e-01   2.48e+00   0.00e+00 (  1.91e+02,  2.07e+02)
60      0.161   4.83e-01   6.14e-01   3.74e-01   2.44e+00   0.00e+00 (  1.73e+02,  1.89e+02)
65      0.174   5.14e-01   7.05e-01   4.76e-01   2.70e+00   0.00e+00 (  1.59e+02,  1.72e+02)
70      0.209   5.75e-01   8.70e-01   6.32e-01   3.33e+00   0.00e+00 (  1.49e+02,  1.54e+02)
75      0.220   5.90e-01   9.38e-01   7.34e-01   3.58e+00   0.00e+00 (  1.34e+02,  1.39e+02)
80      0.233   5.90e-01   9.89e-01   7.81e-01   4.02e+00   0.00e+00 (  1.16e+02,  1.24e+02)
85      0.313   7.50e-01   1.14e+00   7.90e-01   6.82e+00   0.00e+00 (  1.18e+02,  1.10e+02)
90      3.093   7.45e+00   8.82e+00   5.49e+00   1.36e+02   0.00e+00 (  2.37e+03,  9.73e+01)
95      0.588   1.02e+00   1.47e+00   1.07e+00   4.88e+01   0.00e+00 (  7.81e+02,  8.52e+01)
18 e: 4.473e-05 i: 9.483e-05 :: e: 2.192e-02 i: 2.459e-02 :: n: 3.012e+01 e:25.144 i:33.373 v:4.993e+03
>>> tau_he = 5.000000, nhe(0)=4.140612e+00
 5     -0.029   1.68e-02   1.07e+00   6.66e-03  -1.42e-01   0.00e+00 (  8.90e+00,  6.36e+01)
10     -0.039   5.00e-02   6.00e-02  -3.60e-04  -2.47e-01   0.00e+00 (  4.16e+01,  1.22e+02)
15     -0.095   1.87e-01   2.63e-02  -6.22e-02  -7.15e-01   0.00e+00 (  1.41e+02,  1.67e+02)
20      0.311   5.07e-01   4.78e-01   6.94e-02   2.71e+00   0.00e+00 (  3.56e+02,  1.99e+02)
25      0.095   2.19e-01   1.55e-01  -1.21e-02   9.28e-01   0.00e+00 (  1.58e+02,  2.23e+02)
30      0.082   2.37e-01   1.73e-01   2.00e-02   8.86e-01   0.00e+00 (  1.66e+02,  2.38e+02)
35      0.136   3.56e-01   3.10e-01   1.02e-01   1.60e+00   0.00e+00 (  2.18e+02,  2.43e+02)
40      0.127   3.60e-01   3.42e-01   1.01e-01   1.60e+00   0.00e+00 (  2.08e+02,  2.41e+02)
45      0.138   3.88e-01   3.94e-01   1.16e-01   1.84e+00   0.00e+00 (  2.05e+02,  2.34e+02)
50      0.153   4.33e-01   4.80e-01   2.31e-01   2.15e+00   0.00e+00 (  2.00e+02,  2.22e+02)
55      0.170   4.79e-01   5.88e-01   3.14e-01   2.48e+00   0.00e+00 (  1.92e+02,  2.07e+02)
60      0.161   4.84e-01   6.16e-01   3.76e-01   2.43e+00   0.00e+00 (  1.74e+02,  1.89e+02)
65      0.173   5.15e-01   7.06e-01   4.76e-01   2.69e+00   0.00e+00 (  1.60e+02,  1.72e+02)
70      0.208   5.76e-01   8.70e-01   6.32e-01   3.31e+00   0.00e+00 (  1.50e+02,  1.54e+02)
75      0.218   5.92e-01   9.35e-01   7.31e-01   3.55e+00   0.00e+00 (  1.35e+02,  1.39e+02)
80      0.232   5.89e-01   9.86e-01   7.78e-01   3.99e+00   0.00e+00 (  1.16e+02,  1.24e+02)
85      0.313   7.49e-01   1.14e+00   7.87e-01   6.80e+00   0.00e+00 (  1.18e+02,  1.10e+02)
90      3.094   7.45e+00   8.83e+00   5.49e+00   1.36e+02   0.00e+00 (  2.37e+03,  9.73e+01)
95      0.588   1.02e+00   1.47e+00   1.07e+00   4.88e+01   0.00e+00 (  7.81e+02,  8.52e+01)
19 e: 6.703e-04 i: 2.587e-03 :: e: 4.610e-02 i: 4.380e-02 :: n: 3.012e+01 e:25.033 i:33.077 v:4.993e+03
>>> tau_he = 5.000000, nhe(0)=4.125756e+00
 5     -0.029   1.65e-02   1.04e+00   6.67e-03  -1.41e-01   0.00e+00 (  8.74e+00,  6.36e+01)
10     -0.043   5.16e-02   6.51e-02  -1.93e-04  -2.67e-01   0.00e+00 (  4.30e+01,  1.22e+02)
15     -0.085   1.85e-01   2.69e-02  -6.15e-02  -6.39e-01   0.00e+00 (  1.38e+02,  1.67e+02)
20      0.082   2.02e-01   1.19e-01  -2.47e-02   7.13e-01   0.00e+00 (  1.35e+02,  1.99e+02)
25      0.094   2.17e-01   1.53e-01  -1.72e-03   9.23e-01   0.00e+00 (  1.56e+02,  2.23e+02)
30      0.081   2.38e-01   1.74e-01   2.03e-02   8.75e-01   0.00e+00 (  1.69e+02,  2.38e+02)
35      0.135   3.56e-01   3.09e-01   1.01e-01   1.59e+00   0.00e+00 (  2.18e+02,  2.43e+02)
40      0.126   3.60e-01   3.40e-01   1.00e-01   1.59e+00   0.00e+00 (  2.07e+02,  2.41e+02)
45      0.137   3.87e-01   3.92e-01   1.16e-01   1.83e+00   0.00e+00 (  2.04e+02,  2.34e+02)
50      0.153   4.32e-01   4.77e-01   2.30e-01   2.14e+00   0.00e+00 (  1.99e+02,  2.22e+02)
55      0.170   4.78e-01   5.85e-01   3.13e-01   2.48e+00   0.00e+00 (  1.91e+02,  2.07e+02)
60      0.161   4.82e-01   6.13e-01   3.74e-01   2.43e+00   0.00e+00 (  1.73e+02,  1.89e+02)
65      0.173   5.13e-01   7.03e-01   4.74e-01   2.69e+00   0.00e+00 (  1.58e+02,  1.72e+02)
70      0.208   5.74e-01   8.68e-01   6.31e-01   3.31e+00   0.00e+00 (  1.49e+02,  1.54e+02)
75      0.219   5.89e-01   9.34e-01   7.31e-01   3.57e+00   0.00e+00 (  1.33e+02,  1.39e+02)
80      0.232   5.88e-01   9.86e-01   7.78e-01   4.00e+00   0.00e+00 (  1.15e+02,  1.24e+02)
85      0.313   7.49e-01   1.14e+00   7.88e-01   6.81e+00   0.00e+00 (  1.18e+02,  1.10e+02)
90      3.093   7.45e+00   8.82e+00   5.49e+00   1.36e+02   0.00e+00 (  2.37e+03,  9.73e+01)
95      0.588   1.02e+00   1.47e+00   1.07e+00   4.88e+01   0.00e+00 (  7.81e+02,  8.52e+01)
20 e: 3.240e-05 i: 1.197e-04 :: e: 2.198e-02 i: 2.169e-02 :: n: 3.012e+01 e:24.983 i:33.147 v:4.993e+03
>>> tau_he = 5.000000, nhe(0)=4.128729e+00
 5     -0.028   1.65e-02   1.05e+00   6.62e-03  -1.40e-01   0.00e+00 (  8.69e+00,  6.36e+01)
10     -0.040   4.96e-02   6.11e-02  -2.32e-04  -2.48e-01   0.00e+00 (  4.10e+01,  1.22e+02)
15     -0.078   1.87e-01   2.72e-02  -6.18e-02  -5.84e-01   0.00e+00 (  1.37e+02,  1.67e+02)
20      0.075   1.91e-01   1.04e-01  -2.48e-02   6.50e-01   0.00e+00 (  1.28e+02,  1.99e+02)
25      0.095   2.18e-01   1.54e-01  -1.04e-02   9.28e-01   0.00e+00 (  1.58e+02,  2.23e+02)
30      0.081   2.38e-01   1.75e-01   1.83e-02   8.79e-01   0.00e+00 (  1.69e+02,  2.38e+02)
35      0.135   3.54e-01   3.08e-01   1.01e-01   1.59e+00   0.00e+00 (  2.16e+02,  2.43e+02)
40      0.126   3.58e-01   3.40e-01   1.00e-01   1.59e+00   0.00e+00 (  2.06e+02,  2.41e+02)
45      0.137   3.86e-01   3.92e-01   1.16e-01   1.83e+00   0.00e+00 (  2.03e+02,  2.34e+02)
50      0.153   4.31e-01   4.77e-01   2.30e-01   2.14e+00   0.00e+00 (  1.98e+02,  2.22e+02)
55      0.169   4.77e-01   5.85e-01   3.13e-01   2.47e+00   0.00e+00 (  1.90e+02,  2.07e+02)
60      0.160   4.82e-01   6.13e-01   3.74e-01   2.42e+00   0.00e+00 (  1.72e+02,  1.89e+02)
65      0.172   5.12e-01   7.02e-01   4.74e-01   2.68e+00   0.00e+00 (  1.58e+02,  1.72e+02)
70      0.208   5.73e-01   8.66e-01   6.30e-01   3.30e+00   0.00e+00 (  1.48e+02,  1.54e+02)
75      0.218   5.89e-01   9.31e-01   7.28e-01   3.55e+00   0.00e+00 (  1.34e+02,  1.39e+02)
80      0.231   5.87e-01   9.82e-01   7.75e-01   3.99e+00   0.00e+00 (  1.15e+02,  1.24e+02)
85      0.312   7.48e-01   1.14e+00   7.85e-01   6.79e+00   0.00e+00 (  1.18e+02,  1.10e+02)
90      3.093   7.45e+00   8.82e+00   5.49e+00   1.36e+02   0.00e+00 (  2.37e+03,  9.73e+01)
95      0.588   1.02e+00   1.47e+00   1.07e+00   4.88e+01   0.00e+00 (  7.81e+02,  8.52e+01)
21 e: 5.713e-05 i: 1.749e-04 :: e: 1.999e-02 i: 2.001e-02 :: n: 3.012e+01 e:25.018 i:33.292 v:4.993e+03
>>> tau_he = 5.000000, nhe(0)=4.136230e+00
 5     -0.029   1.67e-02   1.07e+00   6.63e-03  -1.41e-01   0.00e+00 (  8.79e+00,  6.36e+01)
10     -0.039   4.91e-02   5.91e-02  -2.77e-04  -2.41e-01   0.00e+00 (  4.06e+01,  1.22e+02)
15     -0.077   1.89e-01   2.81e-02  -6.27e-02  -5.76e-01   0.00e+00 (  1.39e+02,  1.67e+02)
20      0.073   1.95e-01   1.10e-01  -2.68e-02   6.36e-01   0.00e+00 (  1.33e+02,  1.99e+02)
25      0.309   4.29e-01   3.87e-01   1.17e-01   3.03e+00   0.00e+00 (  3.13e+02,  2.23e+02)
30      0.173   3.87e-01   3.43e-01   7.03e-02   1.88e+00   0.00e+00 (  2.76e+02,  2.38e+02)
35      0.135   3.54e-01   3.08e-01   1.01e-01   1.59e+00   0.00e+00 (  2.16e+02,  2.43e+02)
40      0.126   3.58e-01   3.39e-01   9.97e-02   1.58e+00   0.00e+00 (  2.05e+02,  2.41e+02)
45      0.137   3.85e-01   3.91e-01   1.15e-01   1.83e+00   0.00e+00 (  2.02e+02,  2.34e+02)
50      0.152   4.30e-01   4.75e-01   2.29e-01   2.13e+00   0.00e+00 (  1.97e+02,  2.22e+02)
55      0.169   4.76e-01   5.83e-01   3.12e-01   2.46e+00   0.00e+00 (  1.90e+02,  2.07e+02)
60      0.160   4.80e-01   6.10e-01   3.72e-01   2.41e+00   0.00e+00 (  1.71e+02,  1.89e+02)
65      0.172   5.10e-01   6.99e-01   4.72e-01   2.67e+00   0.00e+00 (  1.57e+02,  1.72e+02)
70      0.207   5.71e-01   8.63e-01   6.28e-01   3.30e+00   0.00e+00 (  1.47e+02,  1.54e+02)
75      0.218   5.86e-01   9.29e-01   7.28e-01   3.55e+00   0.00e+00 (  1.32e+02,  1.39e+02)
80      0.231   5.85e-01   9.80e-01   7.74e-01   3.98e+00   0.00e+00 (  1.14e+02,  1.24e+02)
85      0.312   7.47e-01   1.13e+00   7.84e-01   6.79e+00   0.00e+00 (  1.17e+02,  1.10e+02)
90      3.093   7.45e+00   8.82e+00   5.49e+00   1.36e+02   0.00e+00 (  2.37e+03,  9.73e+01)
95      0.588   1.02e+00   1.47e+00   1.07e+00   4.88e+01   0.00e+00 (  7.81e+02,  8.52e+01)
22 e: 5.526e-04 i: 1.505e-03 :: e: 4.523e-02 i: 4.087e-02 :: n: 3.012e+01 e:24.963 i:33.252 v:4.993e+03
>>> tau_he = 5.000000, nhe(0)=4.134534e+00
 5     -0.029   1.67e-02   1.06e+00   6.64e-03  -1.42e-01   0.00e+00 (  8.81e+00,  6.36e+01)
10     -0.040   5.03e-02   6.10e-02  -1.59e-04  -2.51e-01   0.00e+00 (  4.17e+01,  1.22e+02)
15     -0.077   1.91e-01   3.15e-02  -6.42e-02  -5.79e-01   0.00e+00 (  1.41e+02,  1.67e+02)
20      0.026   2.00e-01   1.19e-01  -2.53e-02   2.23e-01   0.00e+00 (  1.37e+02,  1.99e+02)
25      0.094   2.12e-01   1.47e-01  -1.86e-03   9.26e-01   0.00e+00 (  1.50e+02,  2.23e+02)
30      0.087   2.54e-01   1.79e-01  -3.37e-02   9.39e-01   0.00e+00 (  1.77e+02,  2.38e+02)
35      0.136   3.55e-01   3.08e-01   1.01e-01   1.59e+00   0.00e+00 (  2.16e+02,  2.43e+02)
40      0.127   3.59e-01   3.41e-01   1.00e-01   1.60e+00   0.00e+00 (  2.07e+02,  2.41e+02)
45      0.138   3.86e-01   3.93e-01   1.16e-01   1.84e+00   0.00e+00 (  2.04e+02,  2.34e+02)
50      0.153   4.31e-01   4.78e-01   2.30e-01   2.15e+00   0.00e+00 (  1.98e+02,  2.22e+02)
55      0.170   4.77e-01   5.85e-01   3.13e-01   2.48e+00   0.00e+00 (  1.90e+02,  2.07e+02)
60      0.161   4.79e-01   6.14e-01   3.74e-01   2.44e+00   0.00e+00 (  1.71e+02,  1.89e+02)
65      0.173   5.11e-01   7.01e-01   4.73e-01   2.68e+00   0.00e+00 (  1.57e+02,  1.72e+02)
70      0.208   5.72e-01   8.65e-01   6.28e-01   3.31e+00   0.00e+00 (  1.48e+02,  1.54e+02)
75      0.218   5.86e-01   9.30e-01   7.28e-01   3.56e+00   0.00e+00 (  1.32e+02,  1.39e+02)
80      0.231   5.85e-01   9.80e-01   7.74e-01   3.99e+00   0.00e+00 (  1.14e+02,  1.24e+02)
85      0.312   7.47e-01   1.13e+00   7.84e-01   6.79e+00   0.00e+00 (  1.17e+02,  1.10e+02)
90      3.093   7.45e+00   8.82e+00   5.49e+00   1.36e+02   0.00e+00 (  2.37e+03,  9.73e+01)
95      0.588   1.02e+00   1.47e+00   1.07e+00   4.88e+01   0.00e+00 (  7.81e+02,  8.52e+01)
23 e: 3.153e-05 i: 6.781e-05 :: e: 1.768e-02 i: 1.778e-02 :: n: 3.012e+01 e:24.968 i:33.329 v:4.993e+03
>>> tau_he = 5.000000, nhe(0)=4.138329e+00
 5     -0.029   1.67e-02   1.07e+00   6.63e-03  -1.42e-01   0.00e+00 (  8.84e+00,  6.36e+01)
10     -0.039   4.96e-02   5.92e-02  -2.00e-04  -2.43e-01   0.00e+00 (  4.10e+01,  1.22e+02)
15     -0.074   1.92e-01   3.15e-02  -6.45e-02  -5.55e-01   0.00e+00 (  1.41e+02,  1.67e+02)
20      0.024   2.02e-01   1.22e-01  -2.63e-02   2.11e-01   0.00e+00 (  1.40e+02,  1.99e+02)
25      0.095   2.14e-01   1.50e-01  -1.77e-03   9.27e-01   0.00e+00 (  1.52e+02,  2.23e+02)
30      0.091   2.53e-01   1.81e-01  -3.49e-02   9.85e-01   0.00e+00 (  1.76e+02,  2.38e+02)
35      0.136   3.54e-01   3.08e-01   1.01e-01   1.60e+00   0.00e+00 (  2.15e+02,  2.43e+02)
40      0.127   3.58e-01   3.40e-01   1.00e-01   1.59e+00   0.00e+00 (  2.06e+02,  2.41e+02)
45      0.138   3.86e-01   3.92e-01   1.16e-01   1.84e+00   0.00e+00 (  2.03e+02,  2.34e+02)
50      0.153   4.31e-01   4.78e-01   2.30e-01   2.14e+00   0.00e+00 (  1.98e+02,  2.22e+02)
55      0.169   4.77e-01   5.85e-01   3.13e-01   2.47e+00   0.00e+00 (  1.90e+02,  2.07e+02)
60      0.160   4.81e-01   6.12e-01   3.73e-01   2.42e+00   0.00e+00 (  1.72e+02,  1.89e+02)
65      0.172   5.11e-01   7.01e-01   4.73e-01   2.68e+00   0.00e+00 (  1.58e+02,  1.72e+02)
70      0.207   5.72e-01   8.65e-01   6.28e-01   3.30e+00   0.00e+00 (  1.48e+02,  1.54e+02)
75      0.218   5.86e-01   9.30e-01   7.28e-01   3.55e+00   0.00e+00 (  1.32e+02,  1.39e+02)
80      0.231   5.85e-01   9.79e-01   7.73e-01   3.98e+00   0.00e+00 (  1.14e+02,  1.24e+02)
85      0.312   7.47e-01   1.13e+00   7.84e-01   6.79e+00   0.00e+00 (  1.17e+02,  1.10e+02)
90      3.093   7.45e+00   8.82e+00   5.49e+00   1.36e+02   0.00e+00 (  2.37e+03,  9.73e+01)
95      0.588   1.02e+00   1.47e+00   1.07e+00   4.88e+01   0.00e+00 (  7.81e+02,  8.52e+01)
24 e: 3.973e-05 i: 6.965e-05 :: e: 1.557e-02 i: 1.525e-02 :: n: 3.012e+01 e:24.994 i:33.452 v:4.993e+03
>>> tau_he = 5.000000, nhe(0)=4.144717e+00
 5     -0.029   1.69e-02   1.08e+00   6.63e-03  -1.42e-01   0.00e+00 (  8.91e+00,  6.36e+01)
10     -0.038   4.93e-02   5.81e-02  -2.36e-04  -2.39e-01   0.00e+00 (  4.08e+01,  1.22e+02)
15     -0.072   1.93e-01   3.18e-02  -6.51e-02  -5.39e-01   0.00e+00 (  1.42e+02,  1.67e+02)
20      0.319   5.10e-01   4.81e-01   7.02e-02   2.77e+00   0.00e+00 (  3.57e+02,  1.99e+02)
25      0.094   2.16e-01   1.53e-01  -5.30e-03   9.21e-01   0.00e+00 (  1.55e+02,  2.23e+02)
30      0.081   2.35e-01   1.71e-01   1.99e-02   8.82e-01   0.00e+00 (  1.64e+02,  2.38e+02)
35      0.135   3.53e-01   3.07e-01   1.01e-01   1.59e+00   0.00e+00 (  2.15e+02,  2.43e+02)
40      0.126   3.58e-01   3.39e-01   1.00e-01   1.59e+00   0.00e+00 (  2.05e+02,  2.41e+02)
45      0.137   3.85e-01   3.91e-01   1.16e-01   1.83e+00   0.00e+00 (  2.03e+02,  2.34e+02)
50      0.152   4.30e-01   4.76e-01   2.29e-01   2.14e+00   0.00e+00 (  1.98e+02,  2.22e+02)
55      0.169   4.76e-01   5.83e-01   3.12e-01   2.47e+00   0.00e+00 (  1.90e+02,  2.07e+02)
60      0.160   4.80e-01   6.11e-01   3.73e-01   2.42e+00   0.00e+00 (  1.71e+02,  1.89e+02)
65      0.172   5.10e-01   7.00e-01   4.72e-01   2.67e+00   0.00e+00 (  1.57e+02,  1.72e+02)
70      0.207   5.71e-01   8.64e-01   6.28e-01   3.30e+00   0.00e+00 (  1.47e+02,  1.54e+02)
75      0.218   5.85e-01   9.29e-01   7.27e-01   3.55e+00   0.00e+00 (  1.32e+02,  1.39e+02)
80      0.231   5.84e-01   9.79e-01   7.73e-01   3.98e+00   0.00e+00 (  1.14e+02,  1.24e+02)
85      0.312   7.47e-01   1.13e+00   7.84e-01   6.79e+00   0.00e+00 (  1.17e+02,  1.10e+02)
90      3.093   7.45e+00   8.82e+00   5.49e+00   1.36e+02   0.00e+00 (  2.37e+03,  9.73e+01)
95      0.588   1.02e+00   1.47e+00   1.07e+00   4.88e+01   0.00e+00 (  7.81e+02,  8.52e+01)
25 e: 6.764e-04 i: 2.889e-03 :: e: 3.994e-02 i: 3.525e-02 :: n: 3.012e+01 e:24.941 i:33.091 v:4.993e+03
>>> tau_he = 5.000000, nhe(0)=4.126696e+00
 5     -0.029   1.65e-02   1.05e+00   6.66e-03  -1.41e-01   0.00e+00 (  8.73e+00,  6.36e+01)
10     -0.042   5.12e-02   6.42e-02  -1.29e-04  -2.63e-01   0.00e+00 (  4.24e+01,  1.22e+02)
15     -0.064   1.91e-01   3.19e-02  -6.40e-02  -4.83e-01   0.00e+00 (  1.38e+02,  1.67e+02)
20      0.083   2.03e-01   1.21e-01  -2.54e-02   7.18e-01   0.00e+00 (  1.35e+02,  1.99e+02)
25      0.093   2.15e-01   1.51e-01  -1.79e-03   9.16e-01   0.00e+00 (  1.55e+02,  2.23e+02)
30      0.080   2.37e-01   1.73e-01   2.02e-02   8.71e-01   0.00e+00 (  1.67e+02,  2.38e+02)
35      0.135   3.54e-01   3.09e-01   1.01e-01   1.59e+00   0.00e+00 (  2.17e+02,  2.43e+02)
40      0.126   3.58e-01   3.40e-01   1.00e-01   1.59e+00   0.00e+00 (  2.06e+02,  2.41e+02)
45      0.137   3.86e-01   3.92e-01   1.16e-01   1.83e+00   0.00e+00 (  2.03e+02,  2.34e+02)
50      0.152   4.30e-01   4.77e-01   2.30e-01   2.13e+00   0.00e+00 (  1.98e+02,  2.22e+02)
55      0.169   4.76e-01   5.84e-01   3.12e-01   2.47e+00   0.00e+00 (  1.90e+02,  2.07e+02)
60      0.160   4.80e-01   6.11e-01   3.73e-01   2.41e+00   0.00e+00 (  1.71e+02,  1.89e+02)
65      0.172   5.11e-01   7.00e-01   4.72e-01   2.67e+00   0.00e+00 (  1.57e+02,  1.72e+02)
70      0.207   5.71e-01   8.63e-01   6.28e-01   3.29e+00   0.00e+00 (  1.47e+02,  1.54e+02)
75      0.217   5.87e-01   9.27e-01   7.25e-01   3.54e+00   0.00e+00 (  1.33e+02,  1.39e+02)
80      0.230   5.84e-01   9.78e-01   7.72e-01   3.97e+00   0.00e+00 (  1.14e+02,  1.24e+02)
85      0.312   7.47e-01   1.13e+00   7.82e-01   6.78e+00   0.00e+00 (  1.17e+02,  1.10e+02)
90      3.093   7.45e+00   8.82e+00   5.49e+00   1.36e+02   0.00e+00 (  2.37e+03,  9.73e+01)
95      0.588   1.02e+00   1.47e+00   1.07e+00   4.88e+01   0.00e+00 (  7.81e+02,  8.52e+01)
26 e: 3.607e-05 i: 1.039e-04 :: e: 1.731e-02 i: 1.478e-02 :: n: 3.012e+01 e:24.849 i:33.188 v:4.993e+03
>>> tau_he = 5.000000, nhe(0)=4.130822e+00
 5     -0.028   1.65e-02   1.06e+00   6.58e-03  -1.40e-01   0.00e+00 (  8.67e+00,  6.36e+01)
10     -0.039   4.90e-02   5.98e-02  -1.26e-04  -2.42e-01   0.00e+00 (  4.02e+01,  1.22e+02)
15     -0.058   1.91e-01   3.09e-02  -6.35e-02  -4.33e-01   0.00e+00 (  1.37e+02,  1.67e+02)
20      0.076   1.91e-01   1.05e-01  -2.51e-02   6.57e-01   0.00e+00 (  1.27e+02,  1.99e+02)
25      0.094   2.16e-01   1.53e-01  -4.56e-03   9.22e-01   0.00e+00 (  1.55e+02,  2.23e+02)
30      0.081   2.37e-01   1.73e-01   2.04e-02   8.76e-01   0.00e+00 (  1.67e+02,  2.38e+02)
35      0.135   3.52e-01   3.07e-01   1.01e-01   1.59e+00   0.00e+00 (  2.15e+02,  2.43e+02)
40      0.126   3.56e-01   3.38e-01   9.94e-02   1.58e+00   0.00e+00 (  2.04e+02,  2.41e+02)
45      0.137   3.84e-01   3.90e-01   1.15e-01   1.82e+00   0.00e+00 (  2.01e+02,  2.34e+02)
50      0.152   4.28e-01   4.74e-01   2.29e-01   2.13e+00   0.00e+00 (  1.96e+02,  2.22e+02)
55      0.169   4.74e-01   5.81e-01   3.11e-01   2.46e+00   0.00e+00 (  1.88e+02,  2.07e+02)
60      0.160   4.78e-01   6.08e-01   3.71e-01   2.41e+00   0.00e+00 (  1.70e+02,  1.89e+02)
65      0.172   5.09e-01   6.97e-01   4.71e-01   2.67e+00   0.00e+00 (  1.56e+02,  1.72e+02)
70      0.207   5.69e-01   8.61e-01   6.26e-01   3.30e+00   0.00e+00 (  1.47e+02,  1.54e+02)
75      0.218   5.84e-01   9.27e-01   7.26e-01   3.55e+00   0.00e+00 (  1.31e+02,  1.39e+02)
80      0.231   5.83e-01   9.77e-01   7.71e-01   3.98e+00   0.00e+00 (  1.13e+02,  1.24e+02)
85      0.312   7.46e-01   1.13e+00   7.82e-01   6.78e+00   0.00e+00 (  1.17e+02,  1.10e+02)
90      3.093   7.45e+00   8.82e+00   5.49e+00   1.36e+02   0.00e+00 (  2.36e+03,  9.73e+01)
95      0.588   1.02e+00   1.47e+00   1.07e+00   4.88e+01   0.00e+00 (  7.81e+02,  8.52e+01)
27 e: 5.905e-05 i: 1.522e-04 :: e: 1.595e-02 i: 1.391e-02 :: n: 3.012e+01 e:24.935 i:33.295 v:4.993e+03
>>> tau_he = 5.000000, nhe(0)=4.136444e+00
 5     -0.029   1.67e-02   1.07e+00   6.61e-03  -1.41e-01   0.00e+00 (  8.77e+00,  6.36e+01)
10     -0.038   4.87e-02   5.85e-02  -2.18e-04  -2.37e-01   0.00e+00 (  4.00e+01,  1.22e+02)
15     -0.058   1.93e-01   3.15e-02  -6.44e-02  -4.38e-01   0.00e+00 (  1.39e+02,  1.67e+02)
20      0.074   1.95e-01   1.11e-01  -2.72e-02   6.44e-01   0.00e+00 (  1.33e+02,  1.99e+02)
25      0.306   4.23e-01   3.83e-01   1.15e-01   3.00e+00   0.00e+00 (  3.08e+02,  2.23e+02)
30      0.173   3.85e-01   3.42e-01   7.01e-02   1.87e+00   0.00e+00 (  2.74e+02,  2.38e+02)
35      0.135   3.53e-01   3.08e-01   1.01e-01   1.58e+00   0.00e+00 (  2.15e+02,  2.43e+02)
40      0.125   3.57e-01   3.39e-01   9.96e-02   1.58e+00   0.00e+00 (  2.04e+02,  2.41e+02)
45      0.136   3.84e-01   3.91e-01   1.16e-01   1.82e+00   0.00e+00 (  2.02e+02,  2.34e+02)
50      0.152   4.29e-01   4.75e-01   2.29e-01   2.12e+00   0.00e+00 (  1.97e+02,  2.22e+02)
55      0.168   4.74e-01   5.82e-01   3.12e-01   2.46e+00   0.00e+00 (  1.89e+02,  2.07e+02)
60      0.159   4.79e-01   6.09e-01   3.72e-01   2.40e+00   0.00e+00 (  1.70e+02,  1.89e+02)
65      0.171   5.09e-01   6.97e-01   4.70e-01   2.66e+00   0.00e+00 (  1.56e+02,  1.72e+02)
70      0.206   5.69e-01   8.60e-01   6.25e-01   3.28e+00   0.00e+00 (  1.47e+02,  1.54e+02)
75      0.216   5.85e-01   9.24e-01   7.22e-01   3.53e+00   0.00e+00 (  1.32e+02,  1.39e+02)
80      0.230   5.82e-01   9.74e-01   7.69e-01   3.96e+00   0.00e+00 (  1.13e+02,  1.24e+02)
85      0.311   7.45e-01   1.13e+00   7.80e-01   6.77e+00   0.00e+00 (  1.17e+02,  1.10e+02)
90      3.093   7.45e+00   8.83e+00   5.49e+00   1.36e+02   0.00e+00 (  2.36e+03,  9.73e+01)
95      0.588   1.02e+00   1.47e+00   1.07e+00   4.88e+01   0.00e+00 (  7.81e+02,  8.52e+01)
28 e: 5.221e-04 i: 1.379e-03 :: e: 4.124e-02 i: 3.615e-02 :: n: 3.012e+01 e:24.852 i:33.285 v:4.993e+03
>>> tau_he = 5.000000, nhe(0)=4.136196e+00
 5     -0.029   1.67e-02   1.07e+00   6.60e-03  -1.41e-01   0.00e+00 (  8.79e+00,  6.36e+01)
10     -0.039   4.98e-02   6.01e-02  -7.58e-05  -2.46e-01   0.00e+00 (  4.10e+01,  1.22e+02)
15     -0.059   1.94e-01   3.39e-02  -6.54e-02  -4.43e-01   0.00e+00 (  1.40e+02,  1.67e+02)
20      0.027   2.00e-01   1.19e-01  -2.54e-02   2.35e-01   0.00e+00 (  1.37e+02,  1.99e+02)
25      0.094   2.11e-01   1.46e-01  -1.85e-03   9.21e-01   0.00e+00 (  1.48e+02,  2.23e+02)
30      0.086   2.53e-01   1.79e-01  -3.24e-02   9.34e-01   0.00e+00 (  1.75e+02,  2.38e+02)
35      0.135   3.53e-01   3.07e-01   1.00e-01   1.59e+00   0.00e+00 (  2.15e+02,  2.43e+02)
40      0.126   3.58e-01   3.39e-01   1.00e-01   1.59e+00   0.00e+00 (  2.05e+02,  2.41e+02)
45      0.137   3.85e-01   3.91e-01   1.16e-01   1.83e+00   0.00e+00 (  2.02e+02,  2.34e+02)
50      0.152   4.29e-01   4.75e-01   2.29e-01   2.14e+00   0.00e+00 (  1.97e+02,  2.22e+02)
55      0.169   4.74e-01   5.81e-01   3.11e-01   2.47e+00   0.00e+00 (  1.89e+02,  2.07e+02)
60      0.161   4.77e-01   6.10e-01   3.73e-01   2.43e+00   0.00e+00 (  1.70e+02,  1.89e+02)
65      0.172   5.09e-01   6.97e-01   4.71e-01   2.68e+00   0.00e+00 (  1.56e+02,  1.72e+02)
70      0.207   5.69e-01   8.61e-01   6.26e-01   3.30e+00   0.00e+00 (  1.46e+02,  1.54e+02)
75      0.218   5.83e-01   9.26e-01   7.25e-01   3.55e+00   0.00e+00 (  1.31e+02,  1.39e+02)
80      0.231   5.82e-01   9.76e-01   7.71e-01   3.98e+00   0.00e+00 (  1.13e+02,  1.24e+02)
85      0.312   7.46e-01   1.13e+00   7.82e-01   6.79e+00   0.00e+00 (  1.17e+02,  1.10e+02)
90      3.092   7.45e+00   8.82e+00   5.49e+00   1.36e+02   0.00e+00 (  2.36e+03,  9.73e+01)
95      0.588   1.02e+00   1.47e+00   1.07e+00   4.88e+01   0.00e+00 (  7.81e+02,  8.52e+01)
29 e: 3.257e-05 i: 6.605e-05 :: e: 1.513e-02 i: 1.334e-02 :: n: 3.012e+01 e:24.902 i:33.335 v:4.993e+03
>>> tau_he = 5.000000, nhe(0)=4.138745e+00
 5     -0.029   1.67e-02   1.08e+00   6.61e-03  -1.41e-01   0.00e+00 (  8.81e+00,  6.36e+01)
10     -0.038   4.92e-02   5.88e-02  -1.55e-04  -2.40e-01   0.00e+00 (  4.05e+01,  1.22e+02)
15     -0.058   1.95e-01   3.39e-02  -6.57e-02  -4.33e-01   0.00e+00 (  1.40e+02,  1.67e+02)
20      0.313   5.01e-01   4.70e-01   6.56e-02   2.72e+00   0.00e+00 (  3.46e+02,  1.99e+02)
25      0.094   2.13e-01   1.49e-01  -1.80e-03   9.22e-01   0.00e+00 (  1.52e+02,  2.23e+02)
30      0.091   2.53e-01   1.80e-01  -3.44e-02   9.83e-01   0.00e+00 (  1.75e+02,  2.38e+02)
35      0.135   3.53e-01   3.08e-01   1.01e-01   1.59e+00   0.00e+00 (  2.15e+02,  2.43e+02)
40      0.126   3.58e-01   3.40e-01   1.00e-01   1.59e+00   0.00e+00 (  2.06e+02,  2.41e+02)
45      0.137   3.85e-01   3.93e-01   1.16e-01   1.84e+00   0.00e+00 (  2.03e+02,  2.34e+02)
50      0.153   4.30e-01   4.78e-01   2.30e-01   2.14e+00   0.00e+00 (  1.98e+02,  2.22e+02)
55      0.169   4.76e-01   5.85e-01   3.13e-01   2.47e+00   0.00e+00 (  1.90e+02,  2.07e+02)
60      0.160   4.80e-01   6.11e-01   3.73e-01   2.41e+00   0.00e+00 (  1.71e+02,  1.89e+02)
65      0.172   5.10e-01   7.00e-01   4.72e-01   2.67e+00   0.00e+00 (  1.57e+02,  1.72e+02)
70      0.207   5.71e-01   8.63e-01   6.27e-01   3.29e+00   0.00e+00 (  1.47e+02,  1.54e+02)
75      0.217   5.86e-01   9.26e-01   7.24e-01   3.53e+00   0.00e+00 (  1.32e+02,  1.39e+02)
80      0.230   5.83e-01   9.76e-01   7.70e-01   3.96e+00   0.00e+00 (  1.14e+02,  1.24e+02)
85      0.311   7.46e-01   1.13e+00   7.80e-01   6.77e+00   0.00e+00 (  1.17e+02,  1.10e+02)
90      3.093   7.45e+00   8.83e+00   5.49e+00   1.36e+02   0.00e+00 (  2.37e+03,  9.73e+01)
95      0.588   1.02e+00   1.47e+00   1.07e+00   4.88e+01   0.00e+00 (  7.81e+02,  8.52e+01)
30 e: 5.775e-04 i: 2.626e-03 :: e: 3.652e-02 i: 3.260e-02 :: n: 3.012e+01 e:24.811 i:33.007 v:4.993e+03
>>> tau_he = 5.000000, nhe(0)=4.122076e+00
 5     -0.028   1.64e-02   1.04e+00   6.62e-03  -1.40e-01   0.00e+00 (  8.63e+00,  6.36e+01)
10     -0.042   5.07e-02   6.39e-02  -3.25e-05  -2.60e-01   0.00e+00 (  4.18e+01,  1.22e+02)
15     -0.052   1.92e-01   3.31e-02  -6.41e-02  -3.88e-01   0.00e+00 (  1.36e+02,  1.67e+02)
20      0.084   2.00e-01   1.18e-01  -2.45e-02   7.27e-01   0.00e+00 (  1.32e+02,  1.99e+02)
25      0.093   2.12e-01   1.47e-01  -1.91e-03   9.14e-01   0.00e+00 (  1.51e+02,  2.23e+02)
30      0.090   2.54e-01   1.81e-01  -3.74e-02   9.79e-01   0.00e+00 (  1.78e+02,  2.38e+02)
35      0.135   3.53e-01   3.07e-01   1.01e-01   1.58e+00   0.00e+00 (  2.15e+02,  2.43e+02)
40      0.126   3.57e-01   3.39e-01   9.97e-02   1.58e+00   0.00e+00 (  2.05e+02,  2.41e+02)
45      0.137   3.85e-01   3.90e-01   1.15e-01   1.82e+00   0.00e+00 (  2.02e+02,  2.34e+02)
50      0.152   4.29e-01   4.74e-01   2.29e-01   2.13e+00   0.00e+00 (  1.97e+02,  2.22e+02)
55      0.168   4.75e-01   5.81e-01   3.11e-01   2.46e+00   0.00e+00 (  1.89e+02,  2.07e+02)
60      0.160   4.79e-01   6.08e-01   3.72e-01   2.41e+00   0.00e+00 (  1.70e+02,  1.89e+02)
65      0.172   5.09e-01   6.97e-01   4.71e-01   2.67e+00   0.00e+00 (  1.56e+02,  1.72e+02)
70      0.207   5.70e-01   8.61e-01   6.26e-01   3.30e+00   0.00e+00 (  1.47e+02,  1.54e+02)
75      0.218   5.84e-01   9.27e-01   7.26e-01   3.55e+00   0.00e+00 (  1.31e+02,  1.39e+02)
80      0.231   5.83e-01   9.77e-01   7.71e-01   3.98e+00   0.00e+00 (  1.13e+02,  1.24e+02)
85      0.312   7.46e-01   1.13e+00   7.82e-01   6.78e+00   0.00e+00 (  1.17e+02,  1.10e+02)
90      3.092   7.45e+00   8.82e+00   5.49e+00   1.36e+02   0.00e+00 (  2.36e+03,  9.73e+01)
95      0.588   1.02e+00   1.47e+00   1.07e+00   4.88e+01   0.00e+00 (  7.81e+02,  8.52e+01)
31 e: 3.204e-05 i: 1.277e-04 :: e: 1.473e-02 i: 1.352e-02 :: n: 3.012e+01 e:24.763 i:33.079 v:4.993e+03
>>> tau_he = 5.000000, nhe(0)=4.125068e+00
 5     -0.028   1.64e-02   1.05e+00   6.57e-03  -1.39e-01   0.00e+00 (  8.58e+00,  6.36e+01)
10     -0.039   4.87e-02   6.00e-02  -6.39e-05  -2.42e-01   0.00e+00 (  3.98e+01,  1.22e+02)
15     -0.047   1.93e-01   3.22e-02  -6.36e-02  -3.52e-01   0.00e+00 (  1.35e+02,  1.67e+02)
20      0.076   1.89e-01   1.03e-01  -2.46e-02   6.59e-01   0.00e+00 (  1.25e+02,  1.99e+02)
25      0.094   2.14e-01   1.50e-01  -1.76e-03   9.23e-01   0.00e+00 (  1.52e+02,  2.23e+02)
30      0.081   2.35e-01   1.71e-01   2.00e-02   8.81e-01   0.00e+00 (  1.64e+02,  2.38e+02)
35      0.135   3.52e-01   3.06e-01   1.01e-01   1.59e+00   0.00e+00 (  2.14e+02,  2.43e+02)
40      0.126   3.56e-01   3.38e-01   9.94e-02   1.58e+00   0.00e+00 (  2.04e+02,  2.41e+02)
45      0.137   3.84e-01   3.90e-01   1.16e-01   1.82e+00   0.00e+00 (  2.01e+02,  2.34e+02)
50      0.152   4.28e-01   4.75e-01   2.29e-01   2.13e+00   0.00e+00 (  1.96e+02,  2.22e+02)
55      0.168   4.74e-01   5.82e-01   3.11e-01   2.46e+00   0.00e+00 (  1.88e+02,  2.07e+02)
60      0.159   4.78e-01   6.09e-01   3.72e-01   2.41e+00   0.00e+00 (  1.70e+02,  1.89e+02)
65      0.172   5.09e-01   6.97e-01   4.71e-01   2.66e+00   0.00e+00 (  1.56e+02,  1.72e+02)
70      0.207   5.69e-01   8.61e-01   6.26e-01   3.29e+00   0.00e+00 (  1.47e+02,  1.54e+02)
75      0.217   5.83e-01   9.26e-01   7.25e-01   3.54e+00   0.00e+00 (  1.31e+02,  1.39e+02)
80      0.230   5.82e-01   9.75e-01   7.70e-01   3.97e+00   0.00e+00 (  1.13e+02,  1.24e+02)
85      0.311   7.46e-01   1.13e+00   7.80e-01   6.77e+00   0.00e+00 (  1.17e+02,  1.10e+02)
90      3.093   7.45e+00   8.82e+00   5.49e+00   1.36e+02   0.00e+00 (  2.36e+03,  9.73e+01)
95      0.588   1.02e+00   1.47e+00   1.07e+00   4.88e+01   0.00e+00 (  7.81e+02,  8.52e+01)
32 e: 5.881e-05 i: 1.683e-04 :: e: 1.715e-02 i: 1.409e-02 :: n: 3.012e+01 e:24.824 i:33.221 v:4.993e+03
>>> tau_he = 5.000000, nhe(0)=4.132442e+00
 5     -0.028   1.66e-02   1.07e+00   6.58e-03  -1.40e-01   0.00e+00 (  8.69e+00,  6.36e+01)
10     -0.038   4.83e-02   5.82e-02  -1.26e-04  -2.36e-01   0.00e+00 (  3.96e+01,  1.22e+02)
15     -0.048   1.94e-01   3.23e-02  -6.42e-02  -3.60e-01   0.00e+00 (  1.37e+02,  1.67e+02)
20      0.075   1.93e-01   1.09e-01  -2.66e-02   6.53e-01   0.00e+00 (  1.30e+02,  1.99e+02)
25      0.093   2.16e-01   1.53e-01  -8.42e-03   9.16e-01   0.00e+00 (  1.56e+02,  2.23e+02)
30      0.081   2.36e-01   1.73e-01   2.03e-02   8.74e-01   0.00e+00 (  1.66e+02,  2.38e+02)
35      0.134   3.52e-01   3.06e-01   1.01e-01   1.58e+00   0.00e+00 (  2.14e+02,  2.43e+02)
40      0.125   3.56e-01   3.37e-01   9.93e-02   1.58e+00   0.00e+00 (  2.04e+02,  2.41e+02)
45      0.136   3.83e-01   3.89e-01   1.15e-01   1.82e+00   0.00e+00 (  2.01e+02,  2.34e+02)
50      0.151   4.28e-01   4.73e-01   2.29e-01   2.12e+00   0.00e+00 (  1.96e+02,  2.22e+02)
55      0.168   4.73e-01   5.80e-01   3.11e-01   2.45e+00   0.00e+00 (  1.88e+02,  2.07e+02)
60      0.159   4.77e-01   6.07e-01   3.71e-01   2.40e+00   0.00e+00 (  1.70e+02,  1.89e+02)
65      0.171   5.08e-01   6.95e-01   4.69e-01   2.66e+00   0.00e+00 (  1.56e+02,  1.72e+02)
70      0.206   5.68e-01   8.59e-01   6.24e-01   3.28e+00   0.00e+00 (  1.46e+02,  1.54e+02)
75      0.217   5.82e-01   9.24e-01   7.24e-01   3.54e+00   0.00e+00 (  1.31e+02,  1.39e+02)
80      0.230   5.81e-01   9.73e-01   7.69e-01   3.96e+00   0.00e+00 (  1.13e+02,  1.24e+02)
85      0.311   7.45e-01   1.13e+00   7.79e-01   6.77e+00   0.00e+00 (  1.17e+02,  1.10e+02)
90      3.092   7.45e+00   8.82e+00   5.49e+00   1.36e+02   0.00e+00 (  2.36e+03,  9.73e+01)
95      0.588   1.02e+00   1.47e+00   1.07e+00   4.88e+01   0.00e+00 (  7.81e+02,  8.52e+01)
33 e: 4.421e-05 i: 1.323e-04 :: e: 1.574e-02 i: 1.319e-02 :: n: 3.012e+01 e:24.881 i:33.398 v:4.993e+03
>>> tau_he = 5.000000, nhe(0)=4.141706e+00
 5     -0.029   1.68e-02   1.08e+00   6.58e-03  -1.41e-01   0.00e+00 (  8.80e+00,  6.36e+01)
10     -0.037   4.83e-02   5.72e-02  -1.77e-04  -2.32e-01   0.00e+00 (  3.96e+01,  1.22e+02)
15     -0.048   1.96e-01   3.26e-02  -6.51e-02  -3.60e-01   0.00e+00 (  1.39e+02,  1.67e+02)
20      0.029   2.02e-01   1.20e-01  -2.53e-02   2.49e-01   0.00e+00 (  1.38e+02,  1.99e+02)
25      0.307   4.23e-01   3.84e-01   1.16e-01   3.01e+00   0.00e+00 (  3.08e+02,  2.23e+02)
30      0.081   2.37e-01   1.74e-01   1.61e-02   8.73e-01   0.00e+00 (  1.68e+02,  2.38e+02)
35      0.135   3.52e-01   3.07e-01   1.01e-01   1.58e+00   0.00e+00 (  2.15e+02,  2.43e+02)
40      0.125   3.56e-01   3.38e-01   9.94e-02   1.58e+00   0.00e+00 (  2.04e+02,  2.41e+02)
45      0.136   3.83e-01   3.89e-01   1.15e-01   1.82e+00   0.00e+00 (  2.01e+02,  2.34e+02)
50      0.151   4.28e-01   4.74e-01   2.29e-01   2.12e+00   0.00e+00 (  1.96e+02,  2.22e+02)
55      0.168   4.73e-01   5.80e-01   3.11e-01   2.45e+00   0.00e+00 (  1.88e+02,  2.07e+02)
60      0.159   4.77e-01   6.07e-01   3.71e-01   2.40e+00   0.00e+00 (  1.69e+02,  1.89e+02)
65      0.171   5.07e-01   6.95e-01   4.69e-01   2.66e+00   0.00e+00 (  1.55e+02,  1.72e+02)
70      0.206   5.68e-01   8.58e-01   6.24e-01   3.28e+00   0.00e+00 (  1.46e+02,  1.54e+02)
75      0.217   5.82e-01   9.23e-01   7.23e-01   3.53e+00   0.00e+00 (  1.31e+02,  1.39e+02)
80      0.230   5.81e-01   9.72e-01   7.68e-01   3.96e+00   0.00e+00 (  1.13e+02,  1.24e+02)
85      0.311   7.45e-01   1.13e+00   7.78e-01   6.77e+00   0.00e+00 (  1.16e+02,  1.10e+02)
90      3.092   7.45e+00   8.82e+00   5.49e+00   1.36e+02   0.00e+00 (  2.36e+03,  9.73e+01)
95      0.588   1.02e+00   1.47e+00   1.07e+00   4.88e+01   0.00e+00 (  7.81e+02,  8.52e+01)
34 e: 2.544e-04 i: 7.658e-04 :: e: 3.052e-02 i: 2.539e-02 :: n: 3.012e+01 e:24.883 i:33.409 v:4.993e+03
>>> tau_he = 5.000000, nhe(0)=4.142731e+00
 5     -0.029   1.68e-02   1.08e+00   6.60e-03  -1.42e-01   0.00e+00 (  8.85e+00,  6.36e+01)
10     -0.038   4.93e-02   5.89e-02  -1.28e-04  -2.40e-01   0.00e+00 (  4.05e+01,  1.22e+02)
15     -0.049   1.97e-01   3.46e-02  -6.62e-02  -3.70e-01   0.00e+00 (  1.40e+02,  1.67e+02)
20      0.027   2.02e-01   1.22e-01  -2.62e-02   2.34e-01   0.00e+00 (  1.39e+02,  1.99e+02)
25      0.094   2.13e-01   1.48e-01  -1.84e-03   9.21e-01   0.00e+00 (  1.51e+02,  2.23e+02)
30      0.081   2.38e-01   1.74e-01   1.71e-02   8.76e-01   0.00e+00 (  1.69e+02,  2.38e+02)
35      0.135   3.54e-01   3.09e-01   1.01e-01   1.59e+00   0.00e+00 (  2.17e+02,  2.43e+02)
40      0.126   3.57e-01   3.39e-01   9.99e-02   1.58e+00   0.00e+00 (  2.05e+02,  2.41e+02)
45      0.137   3.84e-01   3.91e-01   1.16e-01   1.83e+00   0.00e+00 (  2.02e+02,  2.34e+02)
50      0.152   4.29e-01   4.75e-01   2.29e-01   2.13e+00   0.00e+00 (  1.97e+02,  2.22e+02)
55      0.168   4.74e-01   5.82e-01   3.11e-01   2.46e+00   0.00e+00 (  1.88e+02,  2.07e+02)
60      0.160   4.78e-01   6.08e-01   3.72e-01   2.41e+00   0.00e+00 (  1.70e+02,  1.89e+02)
65      0.172   5.08e-01   6.97e-01   4.70e-01   2.67e+00   0.00e+00 (  1.56e+02,  1.72e+02)
70      0.207   5.68e-01   8.59e-01   6.25e-01   3.29e+00   0.00e+00 (  1.46e+02,  1.54e+02)
75      0.217   5.82e-01   9.24e-01   7.24e-01   3.54e+00   0.00e+00 (  1.31e+02,  1.39e+02)
80      0.230   5.81e-01   9.73e-01   7.69e-01   3.97e+00   0.00e+00 (  1.13e+02,  1.24e+02)
85      0.311   7.45e-01   1.13e+00   7.79e-01   6.77e+00   0.00e+00 (  1.16e+02,  1.10e+02)
90      3.092   7.45e+00   8.82e+00   5.49e+00   1.36e+02   0.00e+00 (  2.36e+03,  9.73e+01)
95      0.588   1.02e+00   1.47e+00   1.07e+00   4.88e+01   0.00e+00 (  7.81e+02,  8.52e+01)
35 e: 2.423e-05 i: 6.673e-05 :: e: 1.395e-02 i: 1.147e-02 :: n: 3.012e+01 e:24.912 i:33.511 v:4.993e+03
>>> tau_he = 5.000000, nhe(0)=4.147900e+00
 5     -0.029   1.69e-02   1.09e+00   6.59e-03  -1.42e-01   0.00e+00 (  8.90e+00,  6.36e+01)
10     -0.038   4.88e-02   5.77e-02  -1.80e-04  -2.34e-01   0.00e+00 (  4.01e+01,  1.22e+02)
15     -0.048   1.98e-01   3.42e-02  -6.64e-02  -3.58e-01   0.00e+00 (  1.41e+02,  1.67e+02)
20      0.322   5.09e-01   4.79e-01   6.89e-02   2.80e+00   0.00e+00 (  3.53e+02,  1.99e+02)
25      0.094   2.16e-01   1.51e-01  -1.71e-03   9.24e-01   0.00e+00 (  1.54e+02,  2.23e+02)
30      0.174   3.86e-01   3.43e-01   7.02e-02   1.88e+00   0.00e+00 (  2.75e+02,  2.38e+02)
35      0.135   3.54e-01   3.09e-01   1.01e-01   1.59e+00   0.00e+00 (  2.17e+02,  2.43e+02)
40      0.126   3.57e-01   3.39e-01   9.98e-02   1.59e+00   0.00e+00 (  2.05e+02,  2.41e+02)
45      0.137   3.85e-01   3.91e-01   1.16e-01   1.83e+00   0.00e+00 (  2.02e+02,  2.34e+02)
50      0.152   4.29e-01   4.75e-01   2.29e-01   2.13e+00   0.00e+00 (  1.97e+02,  2.22e+02)
55      0.169   4.75e-01   5.82e-01   3.12e-01   2.46e+00   0.00e+00 (  1.89e+02,  2.07e+02)
60      0.160   4.79e-01   6.09e-01   3.72e-01   2.41e+00   0.00e+00 (  1.70e+02,  1.89e+02)
65      0.172   5.09e-01   6.98e-01   4.71e-01   2.67e+00   0.00e+00 (  1.56e+02,  1.72e+02)
70      0.207   5.69e-01   8.61e-01   6.26e-01   3.29e+00   0.00e+00 (  1.46e+02,  1.54e+02)
75      0.217   5.83e-01   9.25e-01   7.25e-01   3.54e+00   0.00e+00 (  1.31e+02,  1.39e+02)
80      0.230   5.82e-01   9.74e-01   7.69e-01   3.97e+00   0.00e+00 (  1.13e+02,  1.24e+02)
85      0.311   7.45e-01   1.13e+00   7.79e-01   6.77e+00   0.00e+00 (  1.17e+02,  1.10e+02)
90      3.092   7.45e+00   8.82e+00   5.49e+00   1.36e+02   0.00e+00 (  2.36e+03,  9.73e+01)
95      0.588   1.02e+00   1.47e+00   1.07e+00   4.88e+01   0.00e+00 (  7.81e+02,  8.52e+01)
36 e: 4.223e-04 i: 2.251e-03 :: e: 4.778e-02 i: 4.143e-02 :: n: 3.012e+01 e:24.829 i:33.090 v:4.993e+03
>>> tau_he = 5.000000, nhe(0)=4.126757e+00
 5     -0.029   1.65e-02   1.05e+00   6.62e-03  -1.40e-01   0.00e+00 (  8.69e+00,  6.36e+01)
10     -0.042   5.10e-02   6.44e-02  -4.53e-05  -2.61e-01   0.00e+00 (  4.20e+01,  1.22e+02)
15     -0.044   1.95e-01   3.44e-02  -6.50e-02  -3.27e-01   0.00e+00 (  1.37e+02,  1.67e+02)
20      0.084   2.02e-01   1.21e-01  -2.54e-02   7.30e-01   0.00e+00 (  1.34e+02,  1.99e+02)
25      0.093   2.13e-01   1.48e-01  -1.91e-03   9.13e-01   0.00e+00 (  1.52e+02,  2.23e+02)
30      0.090   2.54e-01   1.81e-01  -3.65e-02   9.71e-01   0.00e+00 (  1.78e+02,  2.38e+02)
35      0.135   3.54e-01   3.08e-01   1.01e-01   1.59e+00   0.00e+00 (  2.17e+02,  2.43e+02)
40      0.126   3.59e-01   3.40e-01   1.00e-01   1.59e+00   0.00e+00 (  2.07e+02,  2.41e+02)
45      0.137   3.86e-01   3.92e-01   1.16e-01   1.83e+00   0.00e+00 (  2.03e+02,  2.34e+02)
50      0.152   4.30e-01   4.77e-01   2.30e-01   2.13e+00   0.00e+00 (  1.98e+02,  2.22e+02)
55      0.169   4.76e-01   5.84e-01   3.12e-01   2.47e+00   0.00e+00 (  1.90e+02,  2.07e+02)
60      0.160   4.80e-01   6.11e-01   3.73e-01   2.42e+00   0.00e+00 (  1.71e+02,  1.89e+02)
65      0.172   5.10e-01   7.00e-01   4.72e-01   2.67e+00   0.00e+00 (  1.57e+02,  1.72e+02)
70      0.207   5.70e-01   8.63e-01   6.27e-01   3.30e+00   0.00e+00 (  1.47e+02,  1.54e+02)
75      0.217   5.84e-01   9.27e-01   7.26e-01   3.54e+00   0.00e+00 (  1.32e+02,  1.39e+02)
80      0.231   5.83e-01   9.76e-01   7.71e-01   3.97e+00   0.00e+00 (  1.13e+02,  1.24e+02)
85      0.311   7.46e-01   1.13e+00   7.81e-01   6.78e+00   0.00e+00 (  1.17e+02,  1.10e+02)
90      3.093   7.45e+00   8.82e+00   5.49e+00   1.36e+02   0.00e+00 (  2.36e+03,  9.73e+01)
95      0.588   1.02e+00   1.47e+00   1.07e+00   4.88e+01   0.00e+00 (  7.81e+02,  8.52e+01)
37 e: 3.602e-05 i: 1.120e-04 :: e: 1.523e-02 i: 1.411e-02 :: n: 3.012e+01 e:24.739 i:33.151 v:4.993e+03
>>> tau_he = 5.000000, nhe(0)=4.128970e+00
 5     -0.028   1.65e-02   1.06e+00   6.54e-03  -1.39e-01   0.00e+00 (  8.60e+00,  6.36e+01)
10     -0.038   4.87e-02   6.00e-02  -4.42e-05  -2.40e-01   0.00e+00 (  3.97e+01,  1.22e+02)
15     -0.038   1.95e-01   3.29e-02  -6.41e-02  -2.89e-01   0.00e+00 (  1.35e+02,  1.67e+02)
20      0.077   1.91e-01   1.05e-01  -2.50e-02   6.65e-01   0.00e+00 (  1.26e+02,  1.99e+02)
25      0.094   2.14e-01   1.50e-01  -1.75e-03   9.24e-01   0.00e+00 (  1.52e+02,  2.23e+02)
30      0.091   2.54e-01   1.81e-01  -3.73e-02   9.86e-01   0.00e+00 (  1.77e+02,  2.38e+02)
35      0.135   3.52e-01   3.06e-01   1.00e-01   1.59e+00   0.00e+00 (  2.14e+02,  2.43e+02)
40      0.126   3.57e-01   3.38e-01   9.96e-02   1.59e+00   0.00e+00 (  2.04e+02,  2.41e+02)
45      0.137   3.84e-01   3.90e-01   1.16e-01   1.83e+00   0.00e+00 (  2.02e+02,  2.34e+02)
50      0.152   4.29e-01   4.75e-01   2.29e-01   2.13e+00   0.00e+00 (  1.97e+02,  2.22e+02)
55      0.169   4.75e-01   5.82e-01   3.12e-01   2.47e+00   0.00e+00 (  1.89e+02,  2.07e+02)
60      0.160   4.79e-01   6.10e-01   3.72e-01   2.42e+00   0.00e+00 (  1.71e+02,  1.89e+02)
65      0.172   5.10e-01   6.99e-01   4.72e-01   2.67e+00   0.00e+00 (  1.57e+02,  1.72e+02)
70      0.207   5.70e-01   8.62e-01   6.27e-01   3.30e+00   0.00e+00 (  1.47e+02,  1.54e+02)
75      0.218   5.84e-01   9.27e-01   7.26e-01   3.55e+00   0.00e+00 (  1.32e+02,  1.39e+02)
80      0.231   5.83e-01   9.77e-01   7.71e-01   3.98e+00   0.00e+00 (  1.13e+02,  1.24e+02)
85      0.312   7.46e-01   1.13e+00   7.81e-01   6.78e+00   0.00e+00 (  1.17e+02,  1.10e+02)
90      3.092   7.45e+00   8.82e+00   5.49e+00   1.36e+02   0.00e+00 (  2.36e+03,  9.73e+01)
95      0.588   1.02e+00   1.47e+00   1.07e+00   4.88e+01   0.00e+00 (  7.81e+02,  8.52e+01)
38 e: 5.797e-05 i: 1.599e-04 :: e: 1.410e-02 i: 1.310e-02 :: n: 3.012e+01 e:24.816 i:33.255 v:4.993e+03
>>> tau_he = 5.000000, nhe(0)=4.134355e+00
 5     -0.028   1.66e-02   1.07e+00   6.57e-03  -1.40e-01   0.00e+00 (  8.70e+00,  6.36e+01)
10     -0.038   4.83e-02   5.83e-02  -1.22e-04  -2.35e-01   0.00e+00 (  3.95e+01,  1.22e+02)
15     -0.040   1.96e-01   3.30e-02  -6.47e-02  -3.02e-01   0.00e+00 (  1.37e+02,  1.67e+02)
20      0.076   1.94e-01   1.10e-01  -2.70e-02   6.58e-01   0.00e+00 (  1.31e+02,  1.99e+02)
25      0.094   2.16e-01   1.53e-01  -7.68e-03   9.17e-01   0.00e+00 (  1.56e+02,  2.23e+02)
30      0.081   2.35e-01   1.72e-01   2.01e-02   8.77e-01   0.00e+00 (  1.65e+02,  2.38e+02)
35      0.135   3.52e-01   3.07e-01   1.01e-01   1.59e+00   0.00e+00 (  2.14e+02,  2.43e+02)
40      0.126   3.57e-01   3.39e-01   9.96e-02   1.58e+00   0.00e+00 (  2.04e+02,  2.41e+02)
45      0.137   3.84e-01   3.90e-01   1.16e-01   1.82e+00   0.00e+00 (  2.02e+02,  2.34e+02)
50      0.152   4.29e-01   4.75e-01   2.29e-01   2.13e+00   0.00e+00 (  1.97e+02,  2.22e+02)
55      0.168   4.75e-01   5.82e-01   3.12e-01   2.46e+00   0.00e+00 (  1.89e+02,  2.07e+02)
60      0.159   4.79e-01   6.09e-01   3.72e-01   2.41e+00   0.00e+00 (  1.71e+02,  1.89e+02)
65      0.172   5.09e-01   6.98e-01   4.71e-01   2.67e+00   0.00e+00 (  1.57e+02,  1.72e+02)
70      0.207   5.70e-01   8.62e-01   6.26e-01   3.29e+00   0.00e+00 (  1.47e+02,  1.54e+02)
75      0.217   5.84e-01   9.26e-01   7.26e-01   3.54e+00   0.00e+00 (  1.32e+02,  1.39e+02)
80      0.230   5.83e-01   9.76e-01   7.70e-01   3.97e+00   0.00e+00 (  1.13e+02,  1.24e+02)
85      0.311   7.46e-01   1.13e+00   7.80e-01   6.77e+00   0.00e+00 (  1.17e+02,  1.10e+02)
90      3.093   7.45e+00   8.82e+00   5.49e+00   1.36e+02   0.00e+00 (  2.36e+03,  9.73e+01)
95      0.588   1.02e+00   1.47e+00   1.07e+00   4.88e+01   0.00e+00 (  7.81e+02,  8.52e+01)
39 e: 3.924e-05 i: 1.251e-04 :: e: 1.410e-02 i: 1.150e-02 :: n: 3.012e+01 e:24.850 i:33.435 v:4.993e+03
>>> tau_he = 5.000000, nhe(0)=4.143682e+00
 5     -0.029   1.68e-02   1.09e+00   6.56e-03  -1.41e-01   0.00e+00 (  8.80e+00,  6.36e+01)
10     -0.037   4.82e-02   5.71e-02  -1.52e-04  -2.31e-01   0.00e+00 (  3.94e+01,  1.22e+02)
15     -0.040   1.97e-01   3.30e-02  -6.53e-02  -3.03e-01   0.00e+00 (  1.38e+02,  1.67e+02)
20      0.029   2.02e-01   1.20e-01  -2.55e-02   2.55e-01   0.00e+00 (  1.38e+02,  1.99e+02)
25      0.306   4.22e-01   3.83e-01   1.15e-01   3.00e+00   0.00e+00 (  3.07e+02,  2.23e+02)
30      0.081   2.37e-01   1.73e-01   2.04e-02   8.74e-01   0.00e+00 (  1.67e+02,  2.38e+02)
35      0.135   3.52e-01   3.07e-01   1.01e-01   1.58e+00   0.00e+00 (  2.15e+02,  2.43e+02)
40      0.125   3.56e-01   3.38e-01   9.94e-02   1.58e+00   0.00e+00 (  2.04e+02,  2.41e+02)
45      0.136   3.84e-01   3.89e-01   1.15e-01   1.82e+00   0.00e+00 (  2.01e+02,  2.34e+02)
50      0.151   4.28e-01   4.74e-01   2.29e-01   2.12e+00   0.00e+00 (  1.96e+02,  2.22e+02)
55      0.168   4.74e-01   5.80e-01   3.11e-01   2.46e+00   0.00e+00 (  1.88e+02,  2.07e+02)
60      0.159   4.78e-01   6.08e-01   3.71e-01   2.41e+00   0.00e+00 (  1.70e+02,  1.89e+02)
65      0.172   5.08e-01   6.97e-01   4.70e-01   2.67e+00   0.00e+00 (  1.56e+02,  1.72e+02)
70      0.207   5.69e-01   8.60e-01   6.25e-01   3.29e+00   0.00e+00 (  1.46e+02,  1.54e+02)
75      0.217   5.83e-01   9.26e-01   7.25e-01   3.54e+00   0.00e+00 (  1.31e+02,  1.39e+02)
80      0.231   5.82e-01   9.75e-01   7.70e-01   3.97e+00   0.00e+00 (  1.13e+02,  1.24e+02)
85      0.311   7.46e-01   1.13e+00   7.80e-01   6.78e+00   0.00e+00 (  1.17e+02,  1.10e+02)
90      3.092   7.45e+00   8.82e+00   5.49e+00   1.36e+02   0.00e+00 (  2.36e+03,  9.73e+01)
95      0.588   1.02e+00   1.47e+00   1.07e+00   4.88e+01   0.00e+00 (  7.81e+02,  8.52e+01)
40 e: 2.484e-04 i: 7.472e-04 :: e: 2.917e-02 i: 2.412e-02 :: n: 3.012e+01 e:24.869 i:33.427 v:4.993e+03
>>> tau_he = 5.000000, nhe(0)=4.143695e+00
 5     -0.029   1.68e-02   1.08e+00   6.59e-03  -1.42e-01   0.00e+00 (  8.85e+00,  6.36e+01)
10     -0.038   4.92e-02   5.90e-02  -1.22e-04  -2.39e-01   0.00e+00 (  4.04e+01,  1.22e+02)
15     -0.042   1.99e-01   3.51e-02  -6.65e-02  -3.18e-01   0.00e+00 (  1.40e+02,  1.67e+02)
20      0.028   2.03e-01   1.23e-01  -2.65e-02   2.40e-01   0.00e+00 (  1.40e+02,  1.99e+02)
25      0.094   2.13e-01   1.48e-01  -1.85e-03   9.22e-01   0.00e+00 (  1.51e+02,  2.23e+02)
30      0.081   2.37e-01   1.74e-01   2.04e-02   8.77e-01   0.00e+00 (  1.68e+02,  2.38e+02)
35      0.136   3.54e-01   3.09e-01   1.01e-01   1.59e+00   0.00e+00 (  2.17e+02,  2.43e+02)
40      0.126   3.58e-01   3.40e-01   1.00e-01   1.59e+00   0.00e+00 (  2.06e+02,  2.41e+02)
45      0.137   3.85e-01   3.91e-01   1.16e-01   1.83e+00   0.00e+00 (  2.02e+02,  2.34e+02)
50      0.152   4.30e-01   4.76e-01   2.29e-01   2.13e+00   0.00e+00 (  1.97e+02,  2.22e+02)
55      0.169   4.75e-01   5.83e-01   3.12e-01   2.47e+00   0.00e+00 (  1.89e+02,  2.07e+02)
60      0.160   4.79e-01   6.10e-01   3.73e-01   2.42e+00   0.00e+00 (  1.71e+02,  1.89e+02)
65      0.172   5.10e-01   6.99e-01   4.72e-01   2.67e+00   0.00e+00 (  1.57e+02,  1.72e+02)
70      0.207   5.70e-01   8.62e-01   6.27e-01   3.29e+00   0.00e+00 (  1.47e+02,  1.54e+02)
75      0.217   5.84e-01   9.26e-01   7.26e-01   3.54e+00   0.00e+00 (  1.32e+02,  1.39e+02)
80      0.230   5.83e-01   9.76e-01   7.70e-01   3.97e+00   0.00e+00 (  1.13e+02,  1.24e+02)
85      0.311   7.46e-01   1.13e+00   7.80e-01   6.77e+00   0.00e+00 (  1.17e+02,  1.10e+02)
90      3.093   7.45e+00   8.82e+00   5.49e+00   1.36e+02   0.00e+00 (  2.36e+03,  9.73e+01)
95      0.588   1.02e+00   1.47e+00   1.07e+00   4.88e+01   0.00e+00 (  7.81e+02,  8.52e+01)
41 e: 2.188e-05 i: 6.738e-05 :: e: 1.364e-02 i: 1.131e-02 :: n: 3.012e+01 e:24.881 i:33.535 v:4.993e+03
>>> tau_he = 5.000000, nhe(0)=4.149138e+00
 5     -0.029   1.69e-02   1.09e+00   6.57e-03  -1.42e-01   0.00e+00 (  8.89e+00,  6.36e+01)
10     -0.037   4.87e-02   5.75e-02  -1.56e-04  -2.33e-01   0.00e+00 (  3.99e+01,  1.22e+02)
15     -0.041   1.99e-01   3.45e-02  -6.65e-02  -3.08e-01   0.00e+00 (  1.40e+02,  1.67e+02)
20      0.325   5.11e-01   4.81e-01   6.94e-02   2.82e+00   0.00e+00 (  3.53e+02,  1.99e+02)
25      0.094   2.15e-01   1.51e-01  -1.72e-03   9.25e-01   0.00e+00 (  1.54e+02,  2.23e+02)
30      0.081   2.38e-01   1.74e-01   1.68e-02   8.79e-01   0.00e+00 (  1.69e+02,  2.38e+02)
35      0.135   3.54e-01   3.09e-01   1.01e-01   1.59e+00   0.00e+00 (  2.16e+02,  2.43e+02)
40      0.126   3.57e-01   3.39e-01   9.98e-02   1.59e+00   0.00e+00 (  2.05e+02,  2.41e+02)
45      0.137   3.85e-01   3.91e-01   1.16e-01   1.83e+00   0.00e+00 (  2.02e+02,  2.34e+02)
50      0.152   4.29e-01   4.75e-01   2.29e-01   2.13e+00   0.00e+00 (  1.97e+02,  2.22e+02)
55      0.169   4.75e-01   5.82e-01   3.12e-01   2.46e+00   0.00e+00 (  1.89e+02,  2.07e+02)
60      0.160   4.79e-01   6.10e-01   3.72e-01   2.42e+00   0.00e+00 (  1.71e+02,  1.89e+02)
65      0.172   5.10e-01   6.99e-01   4.72e-01   2.67e+00   0.00e+00 (  1.57e+02,  1.72e+02)
70      0.207   5.70e-01   8.62e-01   6.27e-01   3.30e+00   0.00e+00 (  1.47e+02,  1.54e+02)
75      0.217   5.84e-01   9.27e-01   7.26e-01   3.55e+00   0.00e+00 (  1.32e+02,  1.39e+02)
80      0.231   5.83e-01   9.76e-01   7.71e-01   3.98e+00   0.00e+00 (  1.13e+02,  1.24e+02)
85      0.312   7.46e-01   1.13e+00   7.81e-01   6.78e+00   0.00e+00 (  1.17e+02,  1.10e+02)
90      3.092   7.45e+00   8.82e+00   5.49e+00   1.36e+02   0.00e+00 (  2.36e+03,  9.73e+01)
95      0.588   1.02e+00   1.47e+00   1.07e+00   4.88e+01   0.00e+00 (  7.81e+02,  8.52e+01)
42 e: 6.316e-04 i: 2.872e-03 :: e: 3.688e-02 i: 3.154e-02 :: n: 3.012e+01 e:24.846 i:33.157 v:4.993e+03
>>> tau_he = 5.000000, nhe(0)=4.130274e+00
 5     -0.028   1.65e-02   1.06e+00   6.61e-03  -1.40e-01   0.00e+00 (  8.70e+00,  6.36e+01)
10     -0.041   5.05e-02   6.36e-02  -8.21e-05  -2.56e-01   0.00e+00 (  4.15e+01,  1.22e+02)
15     -0.037   1.96e-01   3.42e-02  -6.51e-02  -2.80e-01   0.00e+00 (  1.36e+02,  1.67e+02)
20      0.085   2.03e-01   1.21e-01  -2.52e-02   7.39e-01   0.00e+00 (  1.34e+02,  1.99e+02)
25      0.094   2.15e-01   1.49e-01  -1.90e-03   9.18e-01   0.00e+00 (  1.53e+02,  2.23e+02)
30      0.173   3.88e-01   3.45e-01   7.13e-02   1.88e+00   0.00e+00 (  2.77e+02,  2.38e+02)
35      0.135   3.55e-01   3.10e-01   1.02e-01   1.59e+00   0.00e+00 (  2.18e+02,  2.43e+02)
40      0.126   3.58e-01   3.40e-01   1.00e-01   1.58e+00   0.00e+00 (  2.06e+02,  2.41e+02)
45      0.137   3.85e-01   3.92e-01   1.16e-01   1.83e+00   0.00e+00 (  2.03e+02,  2.34e+02)
50      0.152   4.30e-01   4.76e-01   2.30e-01   2.13e+00   0.00e+00 (  1.98e+02,  2.22e+02)
55      0.169   4.76e-01   5.84e-01   3.12e-01   2.46e+00   0.00e+00 (  1.90e+02,  2.07e+02)
60      0.160   4.80e-01   6.11e-01   3.73e-01   2.41e+00   0.00e+00 (  1.71e+02,  1.89e+02)
65      0.172   5.10e-01   6.99e-01   4.72e-01   2.67e+00   0.00e+00 (  1.57e+02,  1.72e+02)
70      0.207   5.71e-01   8.63e-01   6.27e-01   3.29e+00   0.00e+00 (  1.47e+02,  1.54e+02)
75      0.217   5.86e-01   9.26e-01   7.24e-01   3.53e+00   0.00e+00 (  1.32e+02,  1.39e+02)
80      0.230   5.83e-01   9.76e-01   7.71e-01   3.97e+00   0.00e+00 (  1.14e+02,  1.24e+02)
85      0.311   7.46e-01   1.13e+00   7.81e-01   6.77e+00   0.00e+00 (  1.17e+02,  1.10e+02)
90      3.093   7.45e+00   8.82e+00   5.49e+00   1.36e+02   0.00e+00 (  2.36e+03,  9.73e+01)
95      0.588   1.02e+00   1.47e+00   1.07e+00   4.88e+01   0.00e+00 (  7.81e+02,  8.52e+01)
43 e: 1.985e-04 i: 5.020e-04 :: e: 2.695e-02 i: 2.330e-02 :: n: 3.012e+01 e:24.722 i:33.192 v:4.993e+03
>>> tau_he = 5.000000, nhe(0)=4.131204e+00
 5     -0.028   1.65e-02   1.06e+00   6.53e-03  -1.39e-01   0.00e+00 (  8.61e+00,  6.36e+01)
10     -0.039   4.88e-02   6.02e-02  -2.48e-05  -2.41e-01   0.00e+00 (  3.97e+01,  1.22e+02)
15     -0.034   1.96e-01   3.34e-02  -6.44e-02  -2.56e-01   0.00e+00 (  1.35e+02,  1.67e+02)
20      0.077   1.91e-01   1.05e-01  -2.52e-02   6.69e-01   0.00e+00 (  1.26e+02,  1.99e+02)
25      0.094   2.14e-01   1.50e-01  -1.74e-03   9.23e-01   0.00e+00 (  1.52e+02,  2.23e+02)
30      0.090   2.53e-01   1.80e-01  -3.52e-02   9.77e-01   0.00e+00 (  1.76e+02,  2.38e+02)
35      0.135   3.53e-01   3.06e-01   1.00e-01   1.59e+00   0.00e+00 (  2.14e+02,  2.43e+02)
40      0.126   3.57e-01   3.38e-01   9.97e-02   1.59e+00   0.00e+00 (  2.05e+02,  2.41e+02)
45      0.137   3.84e-01   3.90e-01   1.16e-01   1.83e+00   0.00e+00 (  2.02e+02,  2.34e+02)
50      0.152   4.29e-01   4.74e-01   2.29e-01   2.13e+00   0.00e+00 (  1.97e+02,  2.22e+02)
55      0.169   4.74e-01   5.81e-01   3.11e-01   2.47e+00   0.00e+00 (  1.89e+02,  2.07e+02)
60      0.161   4.78e-01   6.11e-01   3.73e-01   2.43e+00   0.00e+00 (  1.70e+02,  1.89e+02)
65      0.172   5.09e-01   6.98e-01   4.72e-01   2.68e+00   0.00e+00 (  1.56e+02,  1.72e+02)
70      0.208   5.70e-01   8.62e-01   6.27e-01   3.30e+00   0.00e+00 (  1.47e+02,  1.54e+02)
75      0.218   5.84e-01   9.28e-01   7.27e-01   3.55e+00   0.00e+00 (  1.32e+02,  1.39e+02)
80      0.231   5.83e-01   9.78e-01   7.72e-01   3.99e+00   0.00e+00 (  1.13e+02,  1.24e+02)
85      0.312   7.47e-01   1.13e+00   7.82e-01   6.79e+00   0.00e+00 (  1.17e+02,  1.10e+02)
90      3.092   7.45e+00   8.82e+00   5.49e+00   1.36e+02   0.00e+00 (  2.36e+03,  9.73e+01)
95      0.588   1.02e+00   1.47e+00   1.07e+00   4.88e+01   0.00e+00 (  7.81e+02,  8.52e+01)
44 e: 5.489e-05 i: 1.506e-04 :: e: 1.403e-02 i: 1.327e-02 :: n: 3.012e+01 e:24.807 i:33.259 v:4.993e+03
>>> tau_he = 5.000000, nhe(0)=4.134664e+00
 5     -0.028   1.66e-02   1.07e+00   6.57e-03  -1.40e-01   0.00e+00 (  8.69e+00,  6.36e+01)
10     -0.038   4.84e-02   5.87e-02  -1.15e-04  -2.35e-01   0.00e+00 (  3.95e+01,  1.22e+02)
15     -0.035   1.96e-01   3.35e-02  -6.49e-02  -2.66e-01   0.00e+00 (  1.36e+02,  1.67e+02)
20      0.076   1.95e-01   1.11e-01  -2.72e-02   6.62e-01   0.00e+00 (  1.31e+02,  1.99e+02)
25      0.094   2.16e-01   1.53e-01  -7.24e-03   9.18e-01   0.00e+00 (  1.56e+02,  2.23e+02)
30      0.081   2.35e-01   1.71e-01   1.99e-02   8.75e-01   0.00e+00 (  1.64e+02,  2.38e+02)
35      0.135   3.53e-01   3.07e-01   1.01e-01   1.59e+00   0.00e+00 (  2.15e+02,  2.43e+02)
40      0.126   3.57e-01   3.39e-01   9.98e-02   1.59e+00   0.00e+00 (  2.05e+02,  2.41e+02)
45      0.137   3.85e-01   3.92e-01   1.16e-01   1.83e+00   0.00e+00 (  2.02e+02,  2.34e+02)
50      0.152   4.30e-01   4.77e-01   2.30e-01   2.13e+00   0.00e+00 (  1.97e+02,  2.22e+02)
55      0.169   4.76e-01   5.84e-01   3.12e-01   2.46e+00   0.00e+00 (  1.90e+02,  2.07e+02)
60      0.160   4.80e-01   6.11e-01   3.73e-01   2.41e+00   0.00e+00 (  1.71e+02,  1.89e+02)
65      0.172   5.10e-01   6.99e-01   4.72e-01   2.67e+00   0.00e+00 (  1.57e+02,  1.72e+02)
70      0.207   5.71e-01   8.63e-01   6.27e-01   3.29e+00   0.00e+00 (  1.47e+02,  1.54e+02)
75      0.217   5.87e-01   9.26e-01   7.24e-01   3.53e+00   0.00e+00 (  1.32e+02,  1.39e+02)
80      0.230   5.83e-01   9.76e-01   7.71e-01   3.97e+00   0.00e+00 (  1.14e+02,  1.24e+02)
85      0.311   7.46e-01   1.13e+00   7.80e-01   6.77e+00   0.00e+00 (  1.17e+02,  1.10e+02)
90      3.093   7.45e+00   8.83e+00   5.49e+00   1.36e+02   0.00e+00 (  2.37e+03,  9.73e+01)
95      0.588   1.02e+00   1.47e+00   1.07e+00   4.88e+01   0.00e+00 (  7.81e+02,  8.52e+01)
45 e: 3.817e-05 i: 1.230e-04 :: e: 1.457e-02 i: 1.195e-02 :: n: 3.012e+01 e:24.818 i:33.443 v:4.993e+03
>>> tau_he = 5.000000, nhe(0)=4.144069e+00
 5     -0.029   1.68e-02   1.09e+00   6.55e-03  -1.41e-01   0.00e+00 (  8.79e+00,  6.36e+01)
10     -0.037   4.81e-02   5.71e-02  -1.25e-04  -2.30e-01   0.00e+00 (  3.92e+01,  1.22e+02)
15     -0.036   1.98e-01   3.32e-02  -6.53e-02  -2.68e-01   0.00e+00 (  1.37e+02,  1.67e+02)
20      0.030   2.02e-01   1.20e-01  -2.56e-02   2.61e-01   0.00e+00 (  1.38e+02,  1.99e+02)
25      0.305   4.21e-01   3.82e-01   1.14e-01   2.99e+00   0.00e+00 (  3.06e+02,  2.23e+02)
30      0.081   2.36e-01   1.72e-01   2.02e-02   8.73e-01   0.00e+00 (  1.66e+02,  2.38e+02)
35      0.135   3.52e-01   3.06e-01   1.00e-01   1.58e+00   0.00e+00 (  2.14e+02,  2.43e+02)
40      0.126   3.56e-01   3.38e-01   9.94e-02   1.58e+00   0.00e+00 (  2.04e+02,  2.41e+02)
45      0.136   3.84e-01   3.89e-01   1.15e-01   1.82e+00   0.00e+00 (  2.01e+02,  2.34e+02)
50      0.152   4.28e-01   4.73e-01   2.28e-01   2.12e+00   0.00e+00 (  1.96e+02,  2.22e+02)
55      0.168   4.74e-01   5.80e-01   3.11e-01   2.46e+00   0.00e+00 (  1.88e+02,  2.07e+02)
60      0.160   4.78e-01   6.07e-01   3.71e-01   2.41e+00   0.00e+00 (  1.70e+02,  1.89e+02)
65      0.172   5.08e-01   6.97e-01   4.70e-01   2.67e+00   0.00e+00 (  1.56e+02,  1.72e+02)
70      0.207   5.69e-01   8.61e-01   6.26e-01   3.30e+00   0.00e+00 (  1.46e+02,  1.54e+02)
75      0.218   5.83e-01   9.26e-01   7.25e-01   3.55e+00   0.00e+00 (  1.31e+02,  1.39e+02)
80      0.231   5.83e-01   9.76e-01   7.71e-01   3.98e+00   0.00e+00 (  1.13e+02,  1.24e+02)
85      0.312   7.46e-01   1.13e+00   7.81e-01   6.78e+00   0.00e+00 (  1.17e+02,  1.10e+02)
90      3.092   7.45e+00   8.82e+00   5.49e+00   1.36e+02   0.00e+00 (  2.36e+03,  9.73e+01)
95      0.588   1.02e+00   1.47e+00   1.07e+00   4.88e+01   0.00e+00 (  7.81e+02,  8.52e+01)
46 e: 2.467e-04 i: 7.352e-04 :: e: 2.911e-02 i: 2.452e-02 :: n: 3.012e+01 e:24.855 i:33.417 v:4.993e+03
>>> tau_he = 5.000000, nhe(0)=4.143230e+00
 5     -0.029   1.68e-02   1.08e+00   6.58e-03  -1.41e-01   0.00e+00 (  8.83e+00,  6.36e+01)
10     -0.038   4.92e-02   5.91e-02  -1.14e-04  -2.39e-01   0.00e+00 (  4.03e+01,  1.22e+02)
15     -0.038   1.99e-01   3.53e-02  -6.65e-02  -2.86e-01   0.00e+00 (  1.39e+02,  1.67e+02)
20      0.317   5.03e-01   4.71e-01   6.52e-02   2.75e+00   0.00e+00 (  3.45e+02,  1.99e+02)
25      0.094   2.13e-01   1.48e-01  -1.87e-03   9.22e-01   0.00e+00 (  1.51e+02,  2.23e+02)
30      0.081   2.37e-01   1.73e-01   2.02e-02   8.75e-01   0.00e+00 (  1.67e+02,  2.38e+02)
35      0.136   3.54e-01   3.09e-01   1.01e-01   1.60e+00   0.00e+00 (  2.17e+02,  2.43e+02)
40      0.126   3.58e-01   3.40e-01   1.00e-01   1.59e+00   0.00e+00 (  2.06e+02,  2.41e+02)
45      0.137   3.85e-01   3.92e-01   1.16e-01   1.83e+00   0.00e+00 (  2.03e+02,  2.34e+02)
50      0.152   4.30e-01   4.77e-01   2.30e-01   2.14e+00   0.00e+00 (  1.98e+02,  2.22e+02)
55      0.169   4.76e-01   5.84e-01   3.12e-01   2.47e+00   0.00e+00 (  1.90e+02,  2.07e+02)
60      0.160   4.80e-01   6.11e-01   3.73e-01   2.42e+00   0.00e+00 (  1.71e+02,  1.89e+02)
65      0.172   5.10e-01   7.00e-01   4.72e-01   2.67e+00   0.00e+00 (  1.57e+02,  1.72e+02)
70      0.207   5.70e-01   8.63e-01   6.27e-01   3.29e+00   0.00e+00 (  1.47e+02,  1.54e+02)
75      0.217   5.86e-01   9.26e-01   7.24e-01   3.53e+00   0.00e+00 (  1.32e+02,  1.39e+02)
80      0.230   5.83e-01   9.76e-01   7.71e-01   3.97e+00   0.00e+00 (  1.14e+02,  1.24e+02)
85      0.311   7.46e-01   1.13e+00   7.80e-01   6.77e+00   0.00e+00 (  1.17e+02,  1.10e+02)
90      3.093   7.45e+00   8.82e+00   5.49e+00   1.36e+02   0.00e+00 (  2.36e+03,  9.73e+01)
95      0.588   1.02e+00   1.47e+00   1.07e+00   4.88e+01   0.00e+00 (  7.81e+02,  8.52e+01)
47 e: 6.083e-04 i: 2.689e-03 :: e: 3.705e-02 i: 3.169e-02 :: n: 3.012e+01 e:24.759 i:33.063 v:4.993e+03
>>> tau_he = 5.000000, nhe(0)=4.125162e+00
 5     -0.028   1.64e-02   1.05e+00   6.58e-03  -1.39e-01   0.00e+00 (  8.61e+00,  6.36e+01)
10     -0.041   5.04e-02   6.39e-02  -1.25e-05  -2.57e-01   0.00e+00 (  4.13e+01,  1.22e+02)
15     -0.034   1.96e-01   3.42e-02  -6.45e-02  -2.57e-01   0.00e+00 (  1.35e+02,  1.67e+02)
20      0.086   2.01e-01   1.18e-01  -2.42e-02   7.46e-01   0.00e+00 (  1.31e+02,  1.99e+02)
25      0.090   2.10e-01   1.46e-01  -1.68e-03   8.87e-01   0.00e+00 (  1.48e+02,  2.23e+02)
30      0.080   2.38e-01   1.74e-01   2.04e-02   8.69e-01   0.00e+00 (  1.68e+02,  2.38e+02)
35      0.135   3.54e-01   3.08e-01   1.01e-01   1.59e+00   0.00e+00 (  2.17e+02,  2.43e+02)
40      0.126   3.58e-01   3.39e-01   9.98e-02   1.58e+00   0.00e+00 (  2.05e+02,  2.41e+02)
45      0.137   3.85e-01   3.90e-01   1.16e-01   1.82e+00   0.00e+00 (  2.02e+02,  2.34e+02)
50      0.152   4.29e-01   4.75e-01   2.29e-01   2.13e+00   0.00e+00 (  1.97e+02,  2.22e+02)
55      0.169   4.75e-01   5.82e-01   3.12e-01   2.46e+00   0.00e+00 (  1.89e+02,  2.07e+02)
60      0.160   4.79e-01   6.09e-01   3.72e-01   2.41e+00   0.00e+00 (  1.71e+02,  1.89e+02)
65      0.172   5.10e-01   6.98e-01   4.71e-01   2.67e+00   0.00e+00 (  1.57e+02,  1.72e+02)
70      0.207   5.70e-01   8.62e-01   6.26e-01   3.30e+00   0.00e+00 (  1.47e+02,  1.54e+02)
75      0.218   5.84e-01   9.27e-01   7.26e-01   3.55e+00   0.00e+00 (  1.32e+02,  1.39e+02)
80      0.231   5.83e-01   9.77e-01   7.71e-01   3.98e+00   0.00e+00 (  1.13e+02,  1.24e+02)
85      0.312   7.46e-01   1.13e+00   7.81e-01   6.78e+00   0.00e+00 (  1.17e+02,  1.10e+02)
90      3.093   7.45e+00   8.82e+00   5.49e+00   1.36e+02   0.00e+00 (  2.36e+03,  9.73e+01)
95      0.588   1.02e+00   1.47e+00   1.07e+00   4.88e+01   0.00e+00 (  7.81e+02,  8.52e+01)
48 e: 3.159e-05 i: 1.447e-04 :: e: 1.562e-02 i: 1.328e-02 :: n: 3.012e+01 e:24.712 i:33.130 v:4.993e+03
>>> tau_he = 5.000000, nhe(0)=4.127791e+00
 5     -0.028   1.64e-02   1.06e+00   6.53e-03  -1.38e-01   0.00e+00 (  8.56e+00,  6.36e+01)
10     -0.038   4.84e-02   5.98e-02  -3.93e-05  -2.38e-01   0.00e+00 (  3.93e+01,  1.22e+02)
15     -0.031   1.96e-01   3.30e-02  -6.39e-02  -2.30e-01   0.00e+00 (  1.34e+02,  1.67e+02)
20      0.087   2.04e-01   1.22e-01  -2.56e-02   7.53e-01   0.00e+00 (  1.34e+02,  1.99e+02)
25      0.095   2.13e-01   1.48e-01  -1.85e-03   9.26e-01   0.00e+00 (  1.51e+02,  2.23e+02)
30      0.081   2.38e-01   1.74e-01   1.69e-02   8.74e-01   0.00e+00 (  1.68e+02,  2.38e+02)
35      0.135   3.52e-01   3.07e-01   1.01e-01   1.59e+00   0.00e+00 (  2.15e+02,  2.43e+02)
40      0.126   3.56e-01   3.38e-01   9.94e-02   1.58e+00   0.00e+00 (  2.04e+02,  2.41e+02)
45      0.136   3.84e-01   3.90e-01   1.15e-01   1.82e+00   0.00e+00 (  2.01e+02,  2.34e+02)
50      0.152   4.28e-01   4.74e-01   2.29e-01   2.13e+00   0.00e+00 (  1.96e+02,  2.22e+02)
55      0.168   4.74e-01   5.81e-01   3.11e-01   2.46e+00   0.00e+00 (  1.88e+02,  2.07e+02)
60      0.159   4.78e-01   6.09e-01   3.72e-01   2.41e+00   0.00e+00 (  1.70e+02,  1.89e+02)
65      0.172   5.09e-01   6.97e-01   4.71e-01   2.67e+00   0.00e+00 (  1.56e+02,  1.72e+02)
70      0.207   5.69e-01   8.61e-01   6.26e-01   3.29e+00   0.00e+00 (  1.47e+02,  1.54e+02)
75      0.217   5.83e-01   9.26e-01   7.25e-01   3.54e+00   0.00e+00 (  1.31e+02,  1.39e+02)
80      0.230   5.82e-01   9.75e-01   7.70e-01   3.97e+00   0.00e+00 (  1.13e+02,  1.24e+02)
85      0.311   7.46e-01   1.13e+00   7.80e-01   6.77e+00   0.00e+00 (  1.17e+02,  1.10e+02)
90      3.093   7.45e+00   8.82e+00   5.49e+00   1.36e+02   0.00e+00 (  2.36e+03,  9.73e+01)
95      0.588   1.02e+00   1.47e+00   1.07e+00   4.88e+01   0.00e+00 (  7.81e+02,  8.52e+01)
49 e: 4.644e-05 i: 1.217e-04 :: e: 1.378e-02 i: 1.138e-02 :: n: 3.012e+01 e:24.773 i:33.236 v:4.993e+03
 plasma volume = 149.907485
 stored energy(e,i,b,a) = 7.190125e+01 6.843448e+01 0.000000e+00 0.000000e+00
 betan = 1.582459
*power
 Pnb(e,i) = 0.000000e+00 0.000000e+00
 Prf(e,i) = 6.944708e+00 3.307045e+01
 Prad     = -6.185288e+01 
 Pei      = 5.088565e+00 
 Pfuse    = 7.684384e+01 
 Pfusi    = 2.636626e+01 
 Poh      = 0.000000e+00 
*confinement time
 taut, tauITER98y2, H98y2 : 1.724611e+00 1.579410e+00 1.091934e+00
 taue, taui : 2.660621e+00 3.216254e+00
 taut, tau89, H89 : 1.724611e+00 7.744681e-01 2.226833e+00
*temperature
 nea, nebar : 2.051124e+01 2.350871e+01 
 tea, tia : 8.541101e+00 8.885740e+00 (9.612144e-01)
 te0, ti0 : 2.212070e+01 2.833077e+01 (7.808010e-01)
 Sn : 0.000000e+00 
*current balance
 Ip,Ibs,Inb,Irf: 1.000000e+01 2.436365e+00 0.000000e+00 1.602339e-01
 fni,fbs: 0.260 0.244

 plasma volume = 149.907485
 stored energy(e,i,b,a) = 7.190125e+01 6.843448e+01 0.000000e+00 0.000000e+00
 betan = 1.582459
*power
 Pnb(e,i) = 0.000000e+00 0.000000e+00
 Prf(e,i) = 6.944708e+00 3.307045e+01
 Prad     = -6.185288e+01 
 Pei      = 5.088565e+00 
 Pfuse    = 7.684384e+01 
 Pfusi    = 2.636626e+01 
 Poh      = 0.000000e+00 
*confinement time
 taut, tauITER98y2, H98y2 : 1.724611e+00 1.579410e+00 1.091934e+00
 taue, taui : 2.660621e+00 3.216254e+00
 taut, tau89, H89 : 1.724611e+00 7.744681e-01 2.226833e+00
*temperature
 nea, nebar : 2.051124e+01 2.350871e+01 
 tea, tia : 8.541101e+00 8.885740e+00 (9.612144e-01)
 te0, ti0 : 2.212070e+01 2.833077e+01 (7.808010e-01)
 Sn : 0.000000e+00 
*current balance
 Ip,Ibs,Inb,Irf: 1.000000e+01 2.436365e+00 0.000000e+00 1.602339e-01
 fni,fbs: 0.260 0.244
 ELAPASED TIME = 46 sec

finalize
