========================================================================
= FASTRAN

nonlinear model = 0
ichi = 1
ineo = 0
reading state...
read formatted input, inprof...
init geometry...
read formatted input, inmetric...
nrho in inmetric = 101
rhob in inmetric = 1.272053e+00
solve avg grad-shafranv...
solve_avg_gs::Ip_temp = 9.980439e+00 
solve_avg_gs::Ip      = 1.000000e+01 
>>> tau_he = 5.000000, nhe(0)=5.651762e+00

 plasma volume = 151.654799
 stored energy(e,i,b,a) = 1.006409e+02 8.912103e+01 0.000000e+00 0.000000e+00
 betan = 2.121569
*power
 Pnb(e,i) = 0.000000e+00 0.000000e+00
 Prf(e,i) = 1.403936e+01 2.595898e+01
 Prad     = -6.360575e+01 
 Pei      = 4.166345e+00 
 Pfuse    = 1.335261e+02 
 Pfusi    = 4.531210e+01 
 Poh      = 0.000000e+00 
*confinement time
 taut, tauITER98y2, H98y2 : 1.222451e+00 1.176179e+00 1.039341e+00
 taue, taui : 1.142012e+00 2.165983e+00
 taut, tau89, H89 : 1.222451e+00 5.830145e-01 2.096776e+00
*temperature
 nea, nebar : 2.780880e+01 3.347044e+01 
 tea, tia : 8.189358e+00 8.298251e+00 (9.868777e-01)
 te0, ti0 : 2.220456e+01 2.466845e+01 (9.001199e-01)
 Sn : 7.662985e+03 
*current balance
 Ip,Ibs,Inb,Irf: 1.000000e+01 3.516335e+00 0.000000e+00 2.019967e-01
 fni,fbs: 0.372 0.352

Time advancing...
rho_bdry 0.900000 ...
te_bdry = 4.607324
ti_bdry = 4.611512
ne_bdry = 15.998879
rv_bdry = 279.463030
nrho_tr_bdry = 18
drho_bdry = 0.000000e+00
nrhob = 90
 [    0] t = 0.0000 
>>> tau_he = 5.000000, nhe(0)=6.379887e+00
 5     -0.014   6.27e-03   2.42e-01  -4.43e-04  -2.71e-02   2.02e-04 (  1.42e+00,  9.02e+01)
10     -0.001   2.53e-03  -3.90e-03   2.42e-04  -3.11e-03   1.19e-03 (  1.12e+00,  1.84e+02)
15     -0.016   1.79e-02  -6.84e-02  -7.07e-03  -9.67e-02   5.15e-03 (  1.14e+01,  2.66e+02)
20     -0.031   7.34e-02  -1.10e-01  -8.11e-03  -2.44e-01   1.88e-02 (  5.89e+01,  3.33e+02)
25     -0.006   1.16e-01  -1.63e-02  -2.84e-03  -6.08e-02   6.04e-02 (  1.08e+02,  3.81e+02)
30     -0.001   2.78e-01   1.75e-01   6.73e-02  -1.32e-02   1.73e-01 (  2.83e+02,  4.14e+02)
35      0.041   3.16e-01   1.99e-01   1.06e-01   3.82e-01   4.43e-01 (  3.13e+02,  4.34e+02)
40      0.081   3.17e-01   2.04e-01   1.09e-01   9.51e-01   1.02e+00 (  3.19e+02,  4.40e+02)
45      0.103   2.89e-01   2.16e-01   1.07e-01   1.95e+00   2.13e+00 (  3.04e+02,  4.33e+02)
50      0.122   2.66e-01   2.62e-01   1.16e-01   3.66e+00   4.02e+00 (  2.79e+02,  4.14e+02)
55      0.158   2.93e-01   3.85e-01   1.42e-01   6.47e+00   6.91e+00 (  2.69e+02,  3.89e+02)
60      0.205   3.87e-01   5.26e-01   2.51e-01   1.01e+01   1.08e+01 (  2.64e+02,  3.66e+02)
65      0.283   6.18e-01   6.91e-01   3.75e-01   1.48e+01   1.56e+01 (  2.72e+02,  3.47e+02)
70      0.385   1.04e+00   9.43e-01   4.84e-01   2.00e+01   2.06e+01 (  2.78e+02,  3.31e+02)
75      0.500   1.67e+00   1.30e+00   5.79e-01   2.51e+01   2.54e+01 (  2.79e+02,  3.15e+02)
80      0.609   2.49e+00   1.73e+00   6.42e-01   2.92e+01   2.93e+01 (  2.75e+02,  2.99e+02)
85      0.733   3.35e+00   2.37e+00   7.64e-01   3.53e+01   3.20e+01 (  3.03e+02,  2.82e+02)
90      0.508   1.49e+00   1.54e+00   7.26e-01   1.87e+01   3.34e+01 (  1.99e+02,  2.67e+02)
95      1.791   3.71e+00   4.91e+00   3.57e+00   1.19e+02   3.38e+01 (  2.12e+03,  2.53e+02)
 0 n: 2.496e-09 e: 7.923e-07 i: 3.112e-06 :: e: 0.000e+00 i: 0.000e+00 :: n: 4.386e+01 e:22.234 i:24.581 v:4.993e+03
>>> tau_he = 5.000000, nhe(0)=6.451213e+00
 5     -0.011   6.06e-03   2.41e-01  -4.00e-04  -2.20e-02   2.02e-04 (  1.35e+00,  9.02e+01)
10     -0.001   1.69e-03  -5.99e-03  -1.11e-03  -5.03e-03   1.19e-03 (  7.52e-01,  1.84e+02)
15     -0.018   1.57e-02  -5.96e-02  -7.68e-03  -1.07e-01   5.15e-03 (  1.01e+01,  2.66e+02)
20     -0.030   6.96e-02  -1.13e-01  -7.92e-03  -2.34e-01   1.88e-02 (  5.63e+01,  3.33e+02)
25     -0.019   1.15e-01  -6.90e-03  -7.28e-03  -1.89e-01   6.04e-02 (  1.10e+02,  3.81e+02)
30     -0.004   1.62e-01   2.68e-02  -3.74e-03  -4.10e-02   1.73e-01 (  1.61e+02,  4.14e+02)
35      0.041   3.16e-01   1.98e-01   1.06e-01   3.83e-01   4.43e-01 (  3.12e+02,  4.34e+02)
40      0.081   3.17e-01   2.03e-01   1.09e-01   9.54e-01   1.02e+00 (  3.19e+02,  4.40e+02)
45      0.103   2.89e-01   2.16e-01   1.07e-01   1.95e+00   2.13e+00 (  3.04e+02,  4.33e+02)
50      0.122   2.66e-01   2.62e-01   1.16e-01   3.66e+00   4.02e+00 (  2.79e+02,  4.14e+02)
55      0.158   2.93e-01   3.85e-01   1.42e-01   6.46e+00   6.91e+00 (  2.69e+02,  3.89e+02)
60      0.205   3.86e-01   5.26e-01   2.51e-01   1.01e+01   1.08e+01 (  2.64e+02,  3.66e+02)
65      0.283   6.18e-01   6.92e-01   3.75e-01   1.48e+01   1.56e+01 (  2.73e+02,  3.47e+02)
70      0.385   1.04e+00   9.43e-01   4.84e-01   2.00e+01   2.06e+01 (  2.78e+02,  3.31e+02)
75      0.500   1.67e+00   1.30e+00   5.79e-01   2.51e+01   2.54e+01 (  2.79e+02,  3.15e+02)
80      0.607   2.48e+00   1.72e+00   6.40e-01   2.90e+01   2.93e+01 (  2.73e+02,  2.99e+02)
85      0.737   3.38e+00   2.39e+00   7.69e-01   3.57e+01   3.20e+01 (  3.08e+02,  2.82e+02)
90      0.506   1.48e+00   1.53e+00   7.24e-01   1.86e+01   3.34e+01 (  1.98e+02,  2.67e+02)
95      1.791   3.71e+00   4.91e+00   3.57e+00   1.19e+02   3.38e+01 (  2.12e+03,  2.53e+02)
 1 n: 3.284e-04 e: 2.988e-02 i: 7.166e-02 :: e: 1.152e-02 i: 1.474e-02 :: n: 5.008e+01 e:26.907 i:23.623 v:4.993e+03
>>> tau_he = 5.000000, nhe(0)=7.642100e+00
 5     -1.115   5.65e-03   9.24e-01   1.63e-03  -5.78e-02   2.02e-04 (  3.35e+00,  9.02e+01)
10     -0.161   7.25e-03   1.14e-02  -3.24e-04  -4.51e-02   1.19e-03 (  1.01e+01,  1.84e+02)
15     -0.718   2.42e-01  -8.37e-02   4.05e-02  -1.31e+00   5.15e-03 (  4.53e+02,  2.66e+02)
20     -0.251   2.55e-01  -7.96e-02   1.50e-01  -2.21e+00   1.88e-02 (  4.66e+02,  3.33e+02)
25      0.182   3.76e-01   3.83e-01   1.81e-01   6.10e+00   6.04e-02 (  6.01e+02,  3.81e+02)
30      0.067   2.39e-01   1.60e-01   5.59e-02   1.40e+00   1.73e-01 (  2.75e+02,  4.14e+02)
35      0.107   1.97e-01   1.32e-01   4.70e-02   3.22e+00   4.43e-01 (  2.03e+02,  4.34e+02)
40      0.088   2.20e-01   1.42e-01   5.61e-02   2.08e+00   1.02e+00 (  2.27e+02,  4.40e+02)
45      0.094   2.31e-01   1.74e-01   7.84e-02   2.57e+00   2.13e+00 (  2.47e+02,  4.33e+02)
50      0.122   2.32e-01   2.45e-01   9.15e-02   4.41e+00   4.02e+00 (  2.47e+02,  4.14e+02)
55      0.162   2.91e-01   3.84e-01   1.49e-01   7.36e+00   6.91e+00 (  2.70e+02,  3.89e+02)
60      0.215   4.04e-01   5.33e-01   2.55e-01   1.13e+01   1.08e+01 (  2.78e+02,  3.66e+02)
65      0.295   6.56e-01   7.11e-01   3.72e-01   1.62e+01   1.56e+01 (  2.91e+02,  3.47e+02)
70      0.396   1.08e+00   9.72e-01   4.87e-01   2.12e+01   2.06e+01 (  2.91e+02,  3.31e+02)
75      0.508   1.73e+00   1.33e+00   5.81e-01   2.60e+01   2.54e+01 (  2.86e+02,  3.15e+02)
80      0.614   2.54e+00   1.76e+00   6.44e-01   2.96e+01   2.93e+01 (  2.76e+02,  2.99e+02)
85      0.739   3.43e+00   2.41e+00   7.66e-01   3.59e+01   3.20e+01 (  3.08e+02,  2.82e+02)
90      0.516   1.52e+00   1.56e+00   7.29e-01   1.92e+01   3.34e+01 (  2.03e+02,  2.67e+02)
95      1.791   3.71e+00   4.91e+00   3.57e+00   1.19e+02   3.38e+01 (  2.12e+03,  2.53e+02)
 2 n: 1.953e-04 e: 4.002e-03 i: 4.880e-03 :: e: 8.438e-02 i: 6.122e-02 :: n: 4.469e+01 e:26.011 i:24.977 v:4.993e+03
>>> tau_he = 5.000000, nhe(0)=6.900872e+00
 5     -0.986   5.46e-03   6.20e-01   1.31e-03  -5.04e-02   2.02e-04 (  2.49e+00,  9.02e+01)
10     -0.167   7.34e-03   2.21e-02  -2.81e-03  -4.62e-02   1.19e-03 (  7.87e+00,  1.84e+02)
15     -1.029   7.85e-02  -2.55e-02  -8.83e-03  -1.85e+00   5.15e-03 (  1.06e+02,  2.66e+02)
20     -0.145   1.67e-01  -9.27e-02   8.02e-02  -1.22e+00   1.88e-02 (  2.33e+02,  3.33e+02)
25      0.034   3.17e-01   2.33e-01   3.93e-02   6.78e-01   6.04e-02 (  4.17e+02,  3.81e+02)
30      0.019   2.90e-01   1.98e-01   6.64e-02   2.51e-01   1.73e-01 (  3.14e+02,  4.14e+02)
35      0.068   3.17e-01   1.95e-01   9.86e-02   7.75e-01   4.43e-01 (  3.26e+02,  4.34e+02)
40      0.092   3.13e-01   2.03e-01   1.05e-01   1.23e+00   1.02e+00 (  3.26e+02,  4.40e+02)
45      0.112   2.81e-01   2.07e-01   1.16e-01   2.29e+00   2.13e+00 (  3.04e+02,  4.33e+02)
50      0.123   2.60e-01   2.58e-01   1.17e-01   3.83e+00   4.02e+00 (  2.79e+02,  4.14e+02)
55      0.160   2.92e-01   3.83e-01   1.47e-01   6.66e+00   6.91e+00 (  2.71e+02,  3.89e+02)
60      0.208   3.88e-01   5.28e-01   2.50e-01   1.03e+01   1.08e+01 (  2.68e+02,  3.66e+02)
65      0.284   6.21e-01   6.94e-01   3.74e-01   1.50e+01   1.56e+01 (  2.75e+02,  3.47e+02)
70      0.385   1.04e+00   9.44e-01   4.84e-01   2.01e+01   2.06e+01 (  2.79e+02,  3.31e+02)
75      0.498   1.66e+00   1.29e+00   5.78e-01   2.50e+01   2.54e+01 (  2.77e+02,  3.15e+02)
80      0.602   2.45e+00   1.70e+00   6.37e-01   2.86e+01   2.93e+01 (  2.69e+02,  2.99e+02)
85      0.731   3.33e+00   2.35e+00   7.64e-01   3.51e+01   3.20e+01 (  3.02e+02,  2.82e+02)
90      0.507   1.48e+00   1.54e+00   7.26e-01   1.87e+01   3.34e+01 (  1.99e+02,  2.67e+02)
95      1.791   3.71e+00   4.91e+00   3.57e+00   1.19e+02   3.38e+01 (  2.12e+03,  2.53e+02)
 3 n: 1.037e-05 e: 3.023e-04 i: 3.882e-04 :: e: 2.832e-02 i: 2.987e-02 :: n: 4.368e+01 e:26.423 i:24.727 v:4.993e+03
>>> tau_he = 5.000000, nhe(0)=6.495743e+00
 5     -1.107   5.56e-03   7.12e-01   1.35e-03  -5.64e-02   2.02e-04 (  2.71e+00,  9.02e+01)
10     -0.230   7.47e-03   3.09e-02  -1.82e-03  -6.34e-02   1.19e-03 (  8.48e+00,  1.84e+02)
15     -0.900   1.02e-01  -9.34e-02  -1.07e-02  -1.62e+00   5.15e-03 (  1.40e+02,  2.66e+02)
20     -0.184   1.79e-01  -7.42e-02   8.39e-02  -1.48e+00   1.88e-02 (  2.48e+02,  3.33e+02)
25     -0.055   3.26e-01   2.49e-01   4.77e-02  -8.12e-01   6.04e-02 (  4.15e+02,  3.81e+02)
30     -0.005   3.03e-01   2.13e-01   7.93e-02  -5.28e-02   1.73e-01 (  3.27e+02,  4.14e+02)
35      0.036   3.33e-01   2.18e-01   1.21e-01   3.21e-01   4.43e-01 (  3.42e+02,  4.34e+02)
40      0.087   3.26e-01   2.13e-01   1.17e-01   1.03e+00   1.02e+00 (  3.40e+02,  4.40e+02)
45      0.115   2.91e-01   2.14e-01   1.24e-01   2.22e+00   2.13e+00 (  3.16e+02,  4.33e+02)
50      0.125   2.66e-01   2.63e-01   1.21e-01   3.78e+00   4.02e+00 (  2.88e+02,  4.14e+02)
55      0.162   2.97e-01   3.89e-01   1.50e-01   6.65e+00   6.91e+00 (  2.78e+02,  3.89e+02)
60      0.210   3.92e-01   5.35e-01   2.54e-01   1.04e+01   1.08e+01 (  2.73e+02,  3.66e+02)
65      0.286   6.23e-01   7.01e-01   3.78e-01   1.50e+01   1.56e+01 (  2.79e+02,  3.47e+02)
70      0.387   1.04e+00   9.50e-01   4.87e-01   2.01e+01   2.06e+01 (  2.82e+02,  3.31e+02)
75      0.500   1.66e+00   1.30e+00   5.81e-01   2.50e+01   2.54e+01 (  2.79e+02,  3.15e+02)
80      0.604   2.44e+00   1.71e+00   6.39e-01   2.87e+01   2.93e+01 (  2.70e+02,  2.99e+02)
85      0.732   3.32e+00   2.35e+00   7.65e-01   3.51e+01   3.20e+01 (  3.03e+02,  2.82e+02)
90      0.507   1.48e+00   1.53e+00   7.25e-01   1.87e+01   3.34e+01 (  1.99e+02,  2.67e+02)
95      1.791   3.71e+00   4.91e+00   3.57e+00   1.19e+02   3.38e+01 (  2.12e+03,  2.53e+02)
 4 n: 4.854e-06 e: 1.826e-04 i: 2.259e-04 :: e: 3.359e-02 i: 3.108e-02 :: n: 4.382e+01 e:26.141 i:24.794 v:4.993e+03
>>> tau_he = 5.000000, nhe(0)=6.496662e+00
 5     -1.134   5.74e-03   7.13e-01   1.33e-03  -5.79e-02   2.02e-04 (  2.84e+00,  9.02e+01)
10     -0.251   8.42e-03   3.29e-02  -1.55e-03  -6.93e-02   1.19e-03 (  9.63e+00,  1.84e+02)
15     -0.997   9.23e-02  -8.54e-02  -1.29e-02  -1.79e+00   5.15e-03 (  1.25e+02,  2.66e+02)
20     -0.177   1.75e-01  -6.42e-02   8.88e-02  -1.44e+00   1.88e-02 (  2.36e+02,  3.33e+02)
25     -0.029   3.07e-01   2.26e-01   3.41e-02  -4.60e-01   6.04e-02 (  3.77e+02,  3.81e+02)
30      0.004   2.96e-01   2.03e-01   7.01e-02   4.83e-02   1.73e-01 (  3.15e+02,  4.14e+02)
35      0.043   3.27e-01   2.11e-01   1.12e-01   4.02e-01   4.43e-01 (  3.32e+02,  4.34e+02)
40      0.087   3.23e-01   2.09e-01   1.13e-01   1.05e+00   1.02e+00 (  3.34e+02,  4.40e+02)
45      0.107   2.92e-01   2.16e-01   1.11e-01   2.05e+00   2.13e+00 (  3.15e+02,  4.33e+02)
50      0.123   2.64e-01   2.59e-01   1.19e-01   3.74e+00   4.02e+00 (  2.84e+02,  4.14e+02)
55      0.160   2.93e-01   3.84e-01   1.48e-01   6.57e+00   6.91e+00 (  2.73e+02,  3.89e+02)
60      0.206   3.86e-01   5.27e-01   2.48e-01   1.02e+01   1.08e+01 (  2.67e+02,  3.66e+02)
65      0.283   6.16e-01   6.93e-01   3.75e-01   1.49e+01   1.56e+01 (  2.75e+02,  3.47e+02)
70      0.384   1.03e+00   9.41e-01   4.84e-01   2.00e+01   2.06e+01 (  2.79e+02,  3.31e+02)
75      0.497   1.66e+00   1.29e+00   5.78e-01   2.49e+01   2.54e+01 (  2.77e+02,  3.15e+02)
80      0.602   2.44e+00   1.70e+00   6.37e-01   2.86e+01   2.93e+01 (  2.69e+02,  2.99e+02)
85      0.730   3.32e+00   2.34e+00   7.64e-01   3.50e+01   3.20e+01 (  3.02e+02,  2.82e+02)
90      0.507   1.48e+00   1.53e+00   7.26e-01   1.87e+01   3.34e+01 (  1.99e+02,  2.67e+02)
95      1.791   3.71e+00   4.91e+00   3.57e+00   1.19e+02   3.38e+01 (  2.12e+03,  2.53e+02)
 5 n: 1.565e-06 e: 1.123e-04 i: 1.817e-04 :: e: 2.827e-02 i: 2.712e-02 :: n: 4.392e+01 e:26.148 i:24.594 v:4.993e+03
>>> tau_he = 5.000000, nhe(0)=6.481926e+00
 5     -1.148   5.68e-03   7.10e-01   1.31e-03  -5.86e-02   2.02e-04 (  2.86e+00,  9.02e+01)
10     -0.254   8.54e-03   3.31e-02  -1.49e-03  -7.02e-02   1.19e-03 (  9.88e+00,  1.84e+02)
15     -0.976   8.88e-02  -8.48e-02  -1.23e-02  -1.76e+00   5.15e-03 (  1.19e+02,  2.66e+02)
20     -0.163   1.63e-01  -6.48e-02   8.05e-02  -1.34e+00   1.88e-02 (  2.15e+02,  3.33e+02)
25     -0.012   2.92e-01   2.03e-01   3.32e-02  -1.91e-01   6.04e-02 (  3.49e+02,  3.81e+02)
30      0.009   2.93e-01   1.98e-01   7.05e-02   1.02e-01   1.73e-01 (  3.12e+02,  4.14e+02)
35      0.051   3.36e-01   2.09e-01   1.16e-01   4.85e-01   4.43e-01 (  3.43e+02,  4.34e+02)
40      0.087   3.25e-01   2.11e-01   1.15e-01   1.05e+00   1.02e+00 (  3.37e+02,  4.40e+02)
45      0.113   2.92e-01   2.15e-01   1.12e-01   2.18e+00   2.13e+00 (  3.17e+02,  4.33e+02)
50      0.125   2.67e-01   2.63e-01   1.22e-01   3.79e+00   4.02e+00 (  2.89e+02,  4.14e+02)
55      0.162   2.97e-01   3.90e-01   1.51e-01   6.66e+00   6.91e+00 (  2.79e+02,  3.89e+02)
60      0.210   3.93e-01   5.36e-01   2.54e-01   1.04e+01   1.08e+01 (  2.74e+02,  3.66e+02)
65      0.287   6.24e-01   7.02e-01   3.79e-01   1.51e+01   1.56e+01 (  2.80e+02,  3.47e+02)
70      0.388   1.04e+00   9.51e-01   4.88e-01   2.02e+01   2.06e+01 (  2.83e+02,  3.31e+02)
75      0.501   1.66e+00   1.30e+00   5.82e-01   2.51e+01   2.54e+01 (  2.80e+02,  3.15e+02)
80      0.605   2.44e+00   1.71e+00   6.40e-01   2.88e+01   2.93e+01 (  2.72e+02,  2.99e+02)
85      0.733   3.32e+00   2.36e+00   7.66e-01   3.52e+01   3.20e+01 (  3.04e+02,  2.82e+02)
90      0.507   1.48e+00   1.54e+00   7.26e-01   1.87e+01   3.34e+01 (  2.00e+02,  2.67e+02)
95      1.791   3.71e+00   4.91e+00   3.57e+00   1.19e+02   3.38e+01 (  2.12e+03,  2.53e+02)
 6 n: 1.761e-06 e: 1.047e-04 i: 8.535e-05 :: e: 2.333e-02 i: 2.086e-02 :: n: 4.389e+01 e:25.887 i:24.573 v:4.993e+03
>>> tau_he = 5.000000, nhe(0)=6.469618e+00
 5     -1.135   5.66e-03   7.12e-01   1.35e-03  -5.80e-02   2.02e-04 (  2.84e+00,  9.02e+01)
10     -0.246   8.48e-03   3.30e-02  -1.40e-03  -6.82e-02   1.19e-03 (  9.72e+00,  1.84e+02)
15     -0.909   8.54e-02  -8.53e-02  -1.01e-02  -1.64e+00   5.15e-03 (  1.12e+02,  2.66e+02)
20     -0.147   1.57e-01  -6.40e-02   8.07e-02  -1.22e+00   1.88e-02 (  2.01e+02,  3.33e+02)
25     -0.003   2.77e-01   1.81e-01   2.37e-02  -4.63e-02   6.04e-02 (  3.21e+02,  3.81e+02)
30      0.005   2.92e-01   1.92e-01   6.78e-02   5.52e-02   1.73e-01 (  3.05e+02,  4.14e+02)
35      0.043   3.26e-01   2.08e-01   1.10e-01   4.06e-01   4.43e-01 (  3.29e+02,  4.34e+02)
40      0.087   3.24e-01   2.09e-01   1.13e-01   1.03e+00   1.02e+00 (  3.34e+02,  4.40e+02)
45      0.107   2.94e-01   2.17e-01   1.12e-01   2.03e+00   2.13e+00 (  3.16e+02,  4.33e+02)
50      0.124   2.65e-01   2.60e-01   1.19e-01   3.73e+00   4.02e+00 (  2.85e+02,  4.14e+02)
55      0.160   2.94e-01   3.84e-01   1.49e-01   6.57e+00   6.91e+00 (  2.74e+02,  3.89e+02)
60      0.207   3.86e-01   5.27e-01   2.48e-01   1.02e+01   1.08e+01 (  2.68e+02,  3.66e+02)
65      0.283   6.16e-01   6.94e-01   3.75e-01   1.49e+01   1.56e+01 (  2.75e+02,  3.47e+02)
70      0.384   1.03e+00   9.41e-01   4.84e-01   2.00e+01   2.06e+01 (  2.80e+02,  3.31e+02)
75      0.497   1.65e+00   1.29e+00   5.79e-01   2.49e+01   2.54e+01 (  2.78e+02,  3.15e+02)
80      0.602   2.44e+00   1.70e+00   6.39e-01   2.86e+01   2.93e+01 (  2.70e+02,  2.99e+02)
85      0.730   3.31e+00   2.34e+00   7.65e-01   3.51e+01   3.20e+01 (  3.03e+02,  2.82e+02)
90      0.507   1.48e+00   1.54e+00   7.27e-01   1.87e+01   3.34e+01 (  1.99e+02,  2.67e+02)
95      1.791   3.71e+00   4.91e+00   3.57e+00   1.19e+02   3.38e+01 (  2.12e+03,  2.53e+02)
 7 n: 9.431e-07 e: 4.097e-05 i: 6.076e-05 :: e: 2.026e-02 i: 1.855e-02 :: n: 4.397e+01 e:25.869 i:24.410 v:4.993e+03
>>> tau_he = 5.000000, nhe(0)=6.454481e+00
 5     -1.134   5.56e-03   7.14e-01   1.34e-03  -5.80e-02   2.02e-04 (  2.81e+00,  9.02e+01)
10     -0.244   8.40e-03   3.29e-02  -1.30e-03  -6.74e-02   1.19e-03 (  9.65e+00,  1.84e+02)
15     -0.921   7.05e-02   2.73e-02  -6.86e-03  -1.66e+00   5.15e-03 (  9.20e+01,  2.66e+02)
20     -0.139   1.52e-01  -6.55e-02   7.38e-02  -1.16e+00   1.88e-02 (  1.93e+02,  3.33e+02)
25      0.009   2.64e-01   1.70e-01   1.81e-02   1.58e-01   6.04e-02 (  3.02e+02,  3.81e+02)
30      0.009   2.89e-01   1.88e-01   6.79e-02   1.08e-01   1.73e-01 (  3.02e+02,  4.14e+02)
35      0.045   3.25e-01   2.08e-01   1.11e-01   4.30e-01   4.43e-01 (  3.28e+02,  4.34e+02)
40      0.087   3.24e-01   2.10e-01   1.14e-01   1.04e+00   1.02e+00 (  3.35e+02,  4.40e+02)
45      0.107   2.95e-01   2.19e-01   1.13e-01   2.04e+00   2.13e+00 (  3.19e+02,  4.33e+02)
50      0.125   2.67e-01   2.63e-01   1.22e-01   3.78e+00   4.02e+00 (  2.89e+02,  4.14e+02)
55      0.162   2.97e-01   3.89e-01   1.51e-01   6.65e+00   6.91e+00 (  2.79e+02,  3.89e+02)
60      0.210   3.93e-01   5.36e-01   2.54e-01   1.04e+01   1.08e+01 (  2.75e+02,  3.66e+02)
65      0.287   6.23e-01   7.02e-01   3.79e-01   1.51e+01   1.56e+01 (  2.81e+02,  3.47e+02)
70      0.388   1.04e+00   9.51e-01   4.88e-01   2.02e+01   2.06e+01 (  2.84e+02,  3.31e+02)
75      0.501   1.66e+00   1.30e+00   5.82e-01   2.51e+01   2.54e+01 (  2.81e+02,  3.15e+02)
80      0.605   2.44e+00   1.71e+00   6.41e-01   2.88e+01   2.93e+01 (  2.73e+02,  2.99e+02)
85      0.733   3.31e+00   2.35e+00   7.67e-01   3.52e+01   3.20e+01 (  3.05e+02,  2.82e+02)
90      0.508   1.48e+00   1.54e+00   7.27e-01   1.87e+01   3.34e+01 (  2.00e+02,  2.67e+02)
95      1.791   3.71e+00   4.91e+00   3.57e+00   1.19e+02   3.38e+01 (  2.12e+03,  2.53e+02)
 8 n: 2.263e-06 e: 4.197e-05 i: 3.981e-05 :: e: 1.540e-02 i: 1.685e-02 :: n: 4.358e+01 e:25.697 i:24.408 v:4.993e+03
>>> tau_he = 5.000000, nhe(0)=6.361795e+00
 5     -1.125   5.50e-03   7.16e-01   1.37e-03  -5.74e-02   2.02e-04 (  2.75e+00,  9.02e+01)
10     -0.241   8.32e-03   3.30e-02  -1.49e-03  -6.66e-02   1.19e-03 (  9.41e+00,  1.84e+02)
15     -0.909   6.91e-02   2.76e-02  -6.64e-03  -1.63e+00   5.15e-03 (  8.86e+01,  2.66e+02)
20     -0.143   1.48e-01  -6.36e-02   7.18e-02  -1.16e+00   1.88e-02 (  1.84e+02,  3.33e+02)
25     -0.030   2.59e-01   1.63e-01   2.27e-02  -4.51e-01   6.04e-02 (  2.89e+02,  3.81e+02)
30      0.002   2.88e-01   1.87e-01   6.62e-02   2.66e-02   1.73e-01 (  2.97e+02,  4.14e+02)
35      0.035   3.28e-01   2.09e-01   1.14e-01   3.10e-01   4.43e-01 (  3.29e+02,  4.34e+02)
40      0.082   3.26e-01   2.10e-01   1.14e-01   9.50e-01   1.02e+00 (  3.34e+02,  4.40e+02)
45      0.106   2.96e-01   2.18e-01   1.13e-01   1.99e+00   2.13e+00 (  3.17e+02,  4.33e+02)
50      0.124   2.67e-01   2.61e-01   1.20e-01   3.70e+00   4.02e+00 (  2.87e+02,  4.14e+02)
55      0.160   2.95e-01   3.85e-01   1.48e-01   6.53e+00   6.91e+00 (  2.75e+02,  3.89e+02)
60      0.207   3.87e-01   5.28e-01   2.48e-01   1.02e+01   1.08e+01 (  2.69e+02,  3.66e+02)
65      0.284   6.16e-01   6.94e-01   3.76e-01   1.49e+01   1.56e+01 (  2.76e+02,  3.47e+02)
70      0.384   1.03e+00   9.42e-01   4.85e-01   2.00e+01   2.06e+01 (  2.80e+02,  3.31e+02)
75      0.498   1.65e+00   1.29e+00   5.83e-01   2.50e+01   2.54e+01 (  2.78e+02,  3.15e+02)
80      0.603   2.44e+00   1.70e+00   6.40e-01   2.87e+01   2.93e+01 (  2.71e+02,  2.99e+02)
85      0.731   3.31e+00   2.34e+00   7.66e-01   3.51e+01   3.20e+01 (  3.03e+02,  2.82e+02)
90      0.507   1.48e+00   1.54e+00   7.27e-01   1.87e+01   3.34e+01 (  2.00e+02,  2.67e+02)
95      1.791   3.71e+00   4.91e+00   3.57e+00   1.19e+02   3.38e+01 (  2.12e+03,  2.53e+02)
 9 n: 7.640e-07 e: 1.318e-05 i: 4.124e-05 :: e: 1.566e-02 i: 1.572e-02 :: n: 4.371e+01 e:25.688 i:24.295 v:4.993e+03
>>> tau_he = 5.000000, nhe(0)=6.362137e+00
 5     -1.129   5.46e-03   7.23e-01   1.37e-03  -5.77e-02   2.02e-04 (  2.75e+00,  9.02e+01)
10     -0.240   7.93e-03   3.30e-02  -1.10e-03  -6.66e-02   1.19e-03 (  9.04e+00,  1.84e+02)
15     -0.933   6.87e-02   2.85e-02  -7.09e-03  -1.68e+00   5.15e-03 (  8.84e+01,  2.66e+02)
20     -0.140   1.47e-01  -6.07e-02   7.18e-02  -1.14e+00   1.88e-02 (  1.82e+02,  3.33e+02)
25      0.035   1.16e-01  -9.81e-03  -1.00e-02   5.44e-01   6.04e-02 (  1.28e+02,  3.81e+02)
30      0.011   2.83e-01   1.82e-01   6.45e-02   1.28e-01   1.73e-01 (  2.91e+02,  4.14e+02)
35      0.040   3.24e-01   2.06e-01   1.12e-01   3.68e-01   4.43e-01 (  3.24e+02,  4.34e+02)
40      0.083   3.24e-01   2.09e-01   1.14e-01   9.68e-01   1.02e+00 (  3.31e+02,  4.40e+02)
45      0.107   2.96e-01   2.19e-01   1.13e-01   2.00e+00   2.13e+00 (  3.17e+02,  4.33e+02)
50      0.124   2.68e-01   2.63e-01   1.21e-01   3.73e+00   4.02e+00 (  2.88e+02,  4.14e+02)
55      0.161   2.97e-01   3.89e-01   1.49e-01   6.59e+00   6.91e+00 (  2.78e+02,  3.89e+02)
60      0.209   3.92e-01   5.34e-01   2.53e-01   1.03e+01   1.08e+01 (  2.73e+02,  3.66e+02)
65      0.286   6.22e-01   7.01e-01   3.79e-01   1.50e+01   1.56e+01 (  2.80e+02,  3.47e+02)
70      0.388   1.04e+00   9.50e-01   4.88e-01   2.02e+01   2.06e+01 (  2.83e+02,  3.31e+02)
75      0.500   1.66e+00   1.30e+00   5.82e-01   2.51e+01   2.54e+01 (  2.81e+02,  3.15e+02)
80      0.605   2.44e+00   1.71e+00   6.42e-01   2.88e+01   2.93e+01 (  2.73e+02,  2.99e+02)
85      0.733   3.31e+00   2.35e+00   7.67e-01   3.52e+01   3.20e+01 (  3.05e+02,  2.82e+02)
90      0.508   1.48e+00   1.54e+00   7.27e-01   1.87e+01   3.34e+01 (  2.00e+02,  2.67e+02)
95      1.791   3.71e+00   4.91e+00   3.57e+00   1.19e+02   3.38e+01 (  2.12e+03,  2.53e+02)
10 n: 3.012e-06 e: 7.128e-05 i: 7.331e-05 :: e: 1.578e-02 i: 1.881e-02 :: n: 4.329e+01 e:25.614 i:24.338 v:4.993e+03
>>> tau_he = 5.000000, nhe(0)=6.273240e+00
 5     -1.125   5.43e-03   7.27e-01   1.40e-03  -5.74e-02   2.02e-04 (  2.70e+00,  9.02e+01)
10     -0.240   8.29e-03   3.32e-02  -1.43e-03  -6.64e-02   1.19e-03 (  9.31e+00,  1.84e+02)
15     -0.915   6.81e-02   3.01e-02  -6.20e-03  -1.64e+00   5.15e-03 (  8.61e+01,  2.66e+02)
20     -0.159   1.48e-01  -5.81e-02   7.40e-02  -1.23e+00   1.88e-02 (  1.81e+02,  3.33e+02)
25     -0.077   2.68e-01   1.79e-01   2.59e-02  -9.78e-01   6.04e-02 (  3.00e+02,  3.81e+02)
30      0.002   2.86e-01   1.85e-01   6.58e-02   1.91e-02   1.73e-01 (  2.93e+02,  4.14e+02)
35      0.030   3.20e-01   2.07e-01   1.21e-01   2.49e-01   4.43e-01 (  3.18e+02,  4.34e+02)
40      0.080   3.26e-01   2.09e-01   1.15e-01   9.04e-01   1.02e+00 (  3.30e+02,  4.40e+02)
45      0.106   2.97e-01   2.18e-01   1.12e-01   1.95e+00   2.13e+00 (  3.15e+02,  4.33e+02)
50      0.123   2.68e-01   2.62e-01   1.19e-01   3.67e+00   4.02e+00 (  2.86e+02,  4.14e+02)
55      0.160   2.95e-01   3.86e-01   1.47e-01   6.49e+00   6.91e+00 (  2.74e+02,  3.89e+02)
60      0.207   3.88e-01   5.29e-01   2.51e-01   1.01e+01   1.08e+01 (  2.69e+02,  3.66e+02)
65      0.284   6.17e-01   6.95e-01   3.76e-01   1.49e+01   1.56e+01 (  2.76e+02,  3.47e+02)
70      0.385   1.03e+00   9.43e-01   4.85e-01   2.00e+01   2.06e+01 (  2.80e+02,  3.31e+02)
75      0.498   1.65e+00   1.29e+00   5.80e-01   2.49e+01   2.54e+01 (  2.79e+02,  3.15e+02)
80      0.603   2.44e+00   1.70e+00   6.40e-01   2.87e+01   2.93e+01 (  2.71e+02,  2.99e+02)
85      0.731   3.31e+00   2.34e+00   7.66e-01   3.51e+01   3.20e+01 (  3.03e+02,  2.82e+02)
90      0.507   1.48e+00   1.54e+00   7.27e-01   1.87e+01   3.34e+01 (  2.00e+02,  2.67e+02)
95      1.791   3.71e+00   4.91e+00   3.57e+00   1.19e+02   3.38e+01 (  2.12e+03,  2.53e+02)
11 n: 7.772e-07 e: 1.624e-05 i: 4.186e-05 :: e: 1.290e-02 i: 1.446e-02 :: n: 4.344e+01 e:25.596 i:24.267 v:4.993e+03
>>> tau_he = 5.000000, nhe(0)=6.285847e+00
 5     -1.132   5.44e-03   7.33e-01   1.40e-03  -5.78e-02   2.02e-04 (  2.74e+00,  9.02e+01)
10     -0.243   8.02e-03   3.42e-02  -1.36e-03  -6.73e-02   1.19e-03 (  9.09e+00,  1.84e+02)
15     -0.950   6.99e-02   2.95e-02  -7.23e-03  -1.71e+00   5.15e-03 (  8.89e+01,  2.66e+02)
20     -0.164   1.41e-01  -6.54e-02   4.59e-02  -1.30e+00   1.88e-02 (  1.72e+02,  3.33e+02)
25     -0.052   2.61e-01   1.71e-01   2.22e-02  -6.98e-01   6.04e-02 (  2.89e+02,  3.81e+02)
30      0.012   2.80e-01   1.80e-01   6.32e-02   1.38e-01   1.73e-01 (  2.87e+02,  4.14e+02)
35      0.034   3.22e-01   2.04e-01   1.18e-01   3.02e-01   4.43e-01 (  3.19e+02,  4.34e+02)
40      0.081   3.23e-01   2.08e-01   1.14e-01   9.24e-01   1.02e+00 (  3.27e+02,  4.40e+02)
45      0.106   2.96e-01   2.18e-01   1.12e-01   1.96e+00   2.13e+00 (  3.14e+02,  4.33e+02)
50      0.124   2.68e-01   2.64e-01   1.20e-01   3.69e+00   4.02e+00 (  2.86e+02,  4.14e+02)
55      0.160   2.97e-01   3.88e-01   1.47e-01   6.51e+00   6.91e+00 (  2.75e+02,  3.89e+02)
60      0.208   3.90e-01   5.32e-01   2.53e-01   1.02e+01   1.08e+01 (  2.70e+02,  3.66e+02)
65      0.286   6.21e-01   6.98e-01   3.78e-01   1.49e+01   1.56e+01 (  2.78e+02,  3.47e+02)
70      0.387   1.04e+00   9.48e-01   4.87e-01   2.01e+01   2.06e+01 (  2.82e+02,  3.31e+02)
75      0.500   1.66e+00   1.30e+00   5.81e-01   2.51e+01   2.54e+01 (  2.80e+02,  3.15e+02)
80      0.605   2.44e+00   1.71e+00   6.41e-01   2.88e+01   2.93e+01 (  2.72e+02,  2.99e+02)
85      0.732   3.31e+00   2.35e+00   7.66e-01   3.52e+01   3.20e+01 (  3.04e+02,  2.82e+02)
90      0.508   1.48e+00   1.54e+00   7.26e-01   1.87e+01   3.34e+01 (  2.00e+02,  2.67e+02)
95      1.791   3.71e+00   4.91e+00   3.57e+00   1.19e+02   3.38e+01 (  2.12e+03,  2.53e+02)
12 n: 8.620e-07 e: 1.754e-05 i: 2.499e-05 :: e: 8.560e-03 i: 1.033e-02 :: n: 4.349e+01 e:25.512 i:24.236 v:4.993e+03
>>> tau_he = 5.000000, nhe(0)=6.293550e+00
 5     -1.127   5.43e-03   7.32e-01   1.41e-03  -5.77e-02   2.02e-04 (  2.74e+00,  9.02e+01)
10     -0.240   8.01e-03   3.41e-02  -1.33e-03  -6.67e-02   1.19e-03 (  9.07e+00,  1.84e+02)
15     -0.906   7.96e-02  -7.75e-02  -9.78e-03  -1.63e+00   5.15e-03 (  1.01e+02,  2.66e+02)
20     -0.153   1.39e-01  -6.40e-02   4.75e-02  -1.23e+00   1.88e-02 (  1.70e+02,  3.33e+02)
25      0.026   1.16e-01  -7.57e-03  -1.86e-03   3.67e-01   6.04e-02 (  1.27e+02,  3.81e+02)
30      0.014   2.78e-01   1.77e-01   6.11e-02   1.64e-01   1.73e-01 (  2.84e+02,  4.14e+02)
35      0.038   3.20e-01   2.02e-01   1.10e-01   3.37e-01   4.43e-01 (  3.16e+02,  4.34e+02)
40      0.080   3.21e-01   2.06e-01   1.16e-01   9.20e-01   1.02e+00 (  3.24e+02,  4.40e+02)
45      0.104   2.93e-01   2.18e-01   1.10e-01   1.94e+00   2.13e+00 (  3.10e+02,  4.33e+02)
50      0.123   2.68e-01   2.62e-01   1.19e-01   3.67e+00   4.02e+00 (  2.84e+02,  4.14e+02)
55      0.159   2.95e-01   3.86e-01   1.45e-01   6.47e+00   6.91e+00 (  2.73e+02,  3.89e+02)
60      0.206   3.88e-01   5.29e-01   2.51e-01   1.01e+01   1.08e+01 (  2.68e+02,  3.66e+02)
65      0.284   6.19e-01   6.95e-01   3.76e-01   1.49e+01   1.56e+01 (  2.75e+02,  3.47e+02)
70      0.385   1.03e+00   9.44e-01   4.85e-01   2.00e+01   2.06e+01 (  2.80e+02,  3.31e+02)
75      0.499   1.66e+00   1.29e+00   5.80e-01   2.50e+01   2.54e+01 (  2.79e+02,  3.15e+02)
80      0.604   2.45e+00   1.71e+00   6.40e-01   2.88e+01   2.93e+01 (  2.71e+02,  2.99e+02)
85      0.731   3.32e+00   2.35e+00   7.66e-01   3.51e+01   3.20e+01 (  3.03e+02,  2.82e+02)
90      0.508   1.48e+00   1.54e+00   7.26e-01   1.87e+01   3.34e+01 (  2.00e+02,  2.67e+02)
95      1.791   3.71e+00   4.91e+00   3.57e+00   1.19e+02   3.38e+01 (  2.12e+03,  2.53e+02)
13 n: 2.492e-06 e: 6.297e-05 i: 1.019e-04 :: e: 1.168e-02 i: 1.504e-02 :: n: 4.321e+01 e:25.521 i:24.217 v:4.993e+03
>>> tau_he = 5.000000, nhe(0)=6.225151e+00
 5     -1.126   5.36e-03   7.33e-01   1.41e-03  -5.74e-02   2.02e-04 (  2.69e+00,  9.02e+01)
10     -0.237   8.30e-03   3.34e-02  -1.27e-03  -6.58e-02   1.19e-03 (  9.30e+00,  1.84e+02)
15     -0.906   6.65e-02   2.86e-02  -4.39e-03  -1.63e+00   5.15e-03 (  8.32e+01,  2.66e+02)
20     -0.179   1.41e-01  -6.26e-02   4.64e-02  -1.36e+00   1.88e-02 (  1.71e+02,  3.33e+02)
25     -0.104   2.70e-01   1.83e-01   2.63e-02  -1.20e+00   6.04e-02 (  3.01e+02,  3.81e+02)
30      0.006   2.82e-01   1.81e-01   6.48e-02   6.38e-02   1.73e-01 (  2.88e+02,  4.14e+02)
35      0.034   3.15e-01   2.03e-01   1.18e-01   2.93e-01   4.43e-01 (  3.11e+02,  4.34e+02)
40      0.079   3.22e-01   2.07e-01   1.17e-01   9.00e-01   1.02e+00 (  3.24e+02,  4.40e+02)
45      0.104   2.94e-01   2.19e-01   1.10e-01   1.92e+00   2.13e+00 (  3.10e+02,  4.33e+02)
50      0.123   2.68e-01   2.64e-01   1.19e-01   3.67e+00   4.02e+00 (  2.84e+02,  4.14e+02)
55      0.160   2.96e-01   3.88e-01   1.45e-01   6.47e+00   6.91e+00 (  2.73e+02,  3.89e+02)
60      0.207   3.89e-01   5.31e-01   2.52e-01   1.02e+01   1.08e+01 (  2.68e+02,  3.66e+02)
65      0.285   6.21e-01   6.97e-01   3.77e-01   1.49e+01   1.56e+01 (  2.76e+02,  3.47e+02)
70      0.387   1.04e+00   9.48e-01   4.86e-01   2.01e+01   2.06e+01 (  2.81e+02,  3.31e+02)
75      0.500   1.66e+00   1.30e+00   5.80e-01   2.51e+01   2.54e+01 (  2.80e+02,  3.15e+02)
80      0.605   2.45e+00   1.71e+00   6.40e-01   2.88e+01   2.93e+01 (  2.72e+02,  2.99e+02)
85      0.732   3.32e+00   2.35e+00   7.65e-01   3.52e+01   3.20e+01 (  3.04e+02,  2.82e+02)
90      0.508   1.48e+00   1.54e+00   7.26e-01   1.87e+01   3.34e+01 (  2.00e+02,  2.67e+02)
95      1.791   3.71e+00   4.91e+00   3.57e+00   1.19e+02   3.38e+01 (  2.12e+03,  2.53e+02)
14 n: 3.144e-07 e: 2.618e-05 i: 3.176e-05 :: e: 6.940e-03 i: 1.023e-02 :: n: 4.332e+01 e:25.446 i:24.202 v:4.993e+03
>>> tau_he = 5.000000, nhe(0)=6.241931e+00
 5     -1.127   5.40e-03   7.38e-01   1.43e-03  -5.76e-02   2.02e-04 (  2.72e+00,  9.02e+01)
10     -0.238   7.99e-03   3.41e-02  -1.22e-03  -6.62e-02   1.19e-03 (  9.00e+00,  1.84e+02)
15     -0.936   6.86e-02   3.12e-02  -6.36e-03  -1.69e+00   5.15e-03 (  8.62e+01,  2.66e+02)
20     -0.171   1.40e-01  -6.05e-02   4.63e-02  -1.33e+00   1.88e-02 (  1.70e+02,  3.33e+02)
25     -0.079   2.63e-01   1.72e-01   2.37e-02  -9.76e-01   6.04e-02 (  2.90e+02,  3.81e+02)
30      0.011   2.77e-01   1.77e-01   6.13e-02   1.30e-01   1.73e-01 (  2.83e+02,  4.14e+02)
35      0.036   3.17e-01   2.00e-01   1.14e-01   3.21e-01   4.43e-01 (  3.12e+02,  4.34e+02)
40      0.080   3.19e-01   2.05e-01   1.15e-01   9.12e-01   1.02e+00 (  3.20e+02,  4.40e+02)
45      0.103   2.92e-01   2.17e-01   1.09e-01   1.92e+00   2.13e+00 (  3.07e+02,  4.33e+02)
50      0.123   2.67e-01   2.63e-01   1.18e-01   3.65e+00   4.02e+00 (  2.82e+02,  4.14e+02)
55      0.159   2.94e-01   3.86e-01   1.43e-01   6.44e+00   6.91e+00 (  2.71e+02,  3.89e+02)
60      0.206   3.87e-01   5.27e-01   2.51e-01   1.01e+01   1.08e+01 (  2.66e+02,  3.66e+02)
65      0.284   6.19e-01   6.93e-01   3.75e-01   1.48e+01   1.56e+01 (  2.74e+02,  3.47e+02)
70      0.385   1.04e+00   9.44e-01   4.85e-01   2.00e+01   2.06e+01 (  2.79e+02,  3.31e+02)
75      0.499   1.66e+00   1.29e+00   5.79e-01   2.50e+01   2.54e+01 (  2.78e+02,  3.15e+02)
80      0.604   2.45e+00   1.71e+00   6.39e-01   2.88e+01   2.93e+01 (  2.71e+02,  2.99e+02)
85      0.732   3.33e+00   2.35e+00   7.65e-01   3.51e+01   3.20e+01 (  3.03e+02,  2.82e+02)
90      0.508   1.48e+00   1.54e+00   7.26e-01   1.87e+01   3.34e+01 (  1.99e+02,  2.67e+02)
95      1.791   3.71e+00   4.91e+00   3.57e+00   1.19e+02   3.38e+01 (  2.12e+03,  2.53e+02)
15 n: 2.988e-07 e: 1.183e-05 i: 2.770e-05 :: e: 5.109e-03 i: 9.146e-03 :: n: 4.341e+01 e:25.437 i:24.139 v:4.993e+03
>>> tau_he = 5.000000, nhe(0)=6.251567e+00
 5     -1.124   5.37e-03   7.36e-01   1.42e-03  -5.76e-02   2.02e-04 (  2.72e+00,  9.02e+01)
10     -0.237   7.97e-03   3.40e-02  -1.21e-03  -6.59e-02   1.19e-03 (  9.01e+00,  1.84e+02)
15     -0.898   7.88e-02  -7.45e-02  -8.95e-03  -1.62e+00   5.15e-03 (  9.92e+01,  2.66e+02)
20     -0.162   1.39e-01  -6.00e-02   4.57e-02  -1.28e+00   1.88e-02 (  1.68e+02,  3.33e+02)
25     -0.062   2.55e-01   1.63e-01   2.30e-02  -7.97e-01   6.04e-02 (  2.80e+02,  3.81e+02)
30      0.012   2.76e-01   1.76e-01   6.15e-02   1.44e-01   1.73e-01 (  2.82e+02,  4.14e+02)
35      0.040   3.17e-01   1.99e-01   1.08e-01   3.65e-01   4.43e-01 (  3.13e+02,  4.34e+02)
40      0.080   3.18e-01   2.05e-01   1.14e-01   9.27e-01   1.02e+00 (  3.20e+02,  4.40e+02)
45      0.104   2.91e-01   2.18e-01   1.09e-01   1.93e+00   2.13e+00 (  3.06e+02,  4.33e+02)
50      0.123   2.67e-01   2.64e-01   1.18e-01   3.67e+00   4.02e+00 (  2.82e+02,  4.14e+02)
55      0.159   2.95e-01   3.87e-01   1.44e-01   6.46e+00   6.91e+00 (  2.71e+02,  3.89e+02)
60      0.207   3.89e-01   5.30e-01   2.52e-01   1.01e+01   1.08e+01 (  2.67e+02,  3.66e+02)
65      0.285   6.21e-01   6.96e-01   3.76e-01   1.49e+01   1.56e+01 (  2.75e+02,  3.47e+02)
70      0.387   1.04e+00   9.48e-01   4.86e-01   2.01e+01   2.06e+01 (  2.80e+02,  3.31e+02)
75      0.500   1.67e+00   1.30e+00   5.80e-01   2.51e+01   2.54e+01 (  2.79e+02,  3.15e+02)
80      0.605   2.46e+00   1.71e+00   6.39e-01   2.88e+01   2.93e+01 (  2.71e+02,  2.99e+02)
85      0.732   3.33e+00   2.36e+00   7.65e-01   3.52e+01   3.20e+01 (  3.03e+02,  2.82e+02)
90      0.508   1.48e+00   1.54e+00   7.26e-01   1.87e+01   3.34e+01 (  2.00e+02,  2.67e+02)
95      1.791   3.71e+00   4.91e+00   3.57e+00   1.19e+02   3.38e+01 (  2.12e+03,  2.53e+02)
16 n: 2.596e-07 e: 1.108e-05 i: 7.947e-06 :: e: 5.210e-03 i: 7.513e-03 :: n: 4.346e+01 e:25.359 i:24.121 v:4.993e+03
>>> tau_he = 5.000000, nhe(0)=6.260428e+00
 5     -1.118   5.36e-03   7.36e-01   1.43e-03  -5.74e-02   2.02e-04 (  2.71e+00,  9.02e+01)
10     -0.234   7.92e-03   3.38e-02  -1.19e-03  -6.51e-02   1.19e-03 (  8.93e+00,  1.84e+02)
15     -0.884   6.53e-02   2.98e-02  -4.15e-03  -1.60e+00   5.15e-03 (  8.17e+01,  2.66e+02)
20     -0.154   1.36e-01  -6.19e-02   4.00e-02  -1.24e+00   1.88e-02 (  1.64e+02,  3.33e+02)
25      0.024   1.15e-01  -9.02e-03   1.14e-03   3.11e-01   6.04e-02 (  1.25e+02,  3.81e+02)
30      0.010   2.76e-01   1.75e-01   6.07e-02   1.20e-01   1.73e-01 (  2.81e+02,  4.14e+02)
35      0.041   3.16e-01   1.98e-01   1.05e-01   3.82e-01   4.43e-01 (  3.11e+02,  4.34e+02)
40      0.080   3.17e-01   2.03e-01   1.13e-01   9.36e-01   1.02e+00 (  3.18e+02,  4.40e+02)
45      0.103   2.90e-01   2.16e-01   1.07e-01   1.93e+00   2.13e+00 (  3.04e+02,  4.33e+02)
50      0.123   2.66e-01   2.62e-01   1.17e-01   3.66e+00   4.02e+00 (  2.80e+02,  4.14e+02)
55      0.158   2.94e-01   3.85e-01   1.43e-01   6.44e+00   6.91e+00 (  2.69e+02,  3.89e+02)
60      0.206   3.87e-01   5.27e-01   2.51e-01   1.01e+01   1.08e+01 (  2.65e+02,  3.66e+02)
65      0.284   6.19e-01   6.93e-01   3.75e-01   1.48e+01   1.56e+01 (  2.74e+02,  3.47e+02)
70      0.385   1.04e+00   9.44e-01   4.84e-01   2.00e+01   2.06e+01 (  2.79e+02,  3.31e+02)
75      0.499   1.67e+00   1.30e+00   5.79e-01   2.50e+01   2.54e+01 (  2.78e+02,  3.15e+02)
80      0.604   2.46e+00   1.71e+00   6.38e-01   2.88e+01   2.93e+01 (  2.71e+02,  2.99e+02)
85      0.732   3.34e+00   2.36e+00   7.64e-01   3.51e+01   3.20e+01 (  3.03e+02,  2.82e+02)
90      0.508   1.49e+00   1.54e+00   7.26e-01   1.87e+01   3.34e+01 (  1.99e+02,  2.67e+02)
95      1.791   3.71e+00   4.91e+00   3.57e+00   1.19e+02   3.38e+01 (  2.12e+03,  2.53e+02)
17 n: 8.361e-07 e: 5.543e-05 i: 7.145e-05 :: e: 9.560e-03 i: 1.380e-02 :: n: 4.324e+01 e:25.404 i:24.126 v:4.993e+03
>>> tau_he = 5.000000, nhe(0)=6.213641e+00
 5     -1.119   5.32e-03   7.40e-01   1.44e-03  -5.72e-02   2.02e-04 (  2.67e+00,  9.02e+01)
10     -0.232   8.24e-03   3.34e-02  -1.13e-03  -6.44e-02   1.19e-03 (  9.22e+00,  1.84e+02)
15     -0.872   6.51e-02   2.78e-02  -2.14e-03  -1.57e+00   5.15e-03 (  8.10e+01,  2.66e+02)
20     -0.183   1.39e-01  -5.98e-02   3.98e-02  -1.39e+00   1.88e-02 (  1.67e+02,  3.33e+02)
25     -0.111   2.66e-01   1.79e-01   2.48e-02  -1.25e+00   6.04e-02 (  2.94e+02,  3.81e+02)
30      0.003   2.80e-01   1.79e-01   6.42e-02   3.83e-02   1.73e-01 (  2.86e+02,  4.14e+02)
35      0.039   3.15e-01   1.98e-01   1.08e-01   3.53e-01   4.43e-01 (  3.11e+02,  4.34e+02)
40      0.080   3.17e-01   2.04e-01   1.14e-01   9.24e-01   1.02e+00 (  3.18e+02,  4.40e+02)
45      0.103   2.91e-01   2.17e-01   1.08e-01   1.93e+00   2.13e+00 (  3.05e+02,  4.33e+02)
50      0.123   2.67e-01   2.64e-01   1.17e-01   3.66e+00   4.02e+00 (  2.81e+02,  4.14e+02)
55      0.159   2.95e-01   3.87e-01   1.43e-01   6.46e+00   6.91e+00 (  2.70e+02,  3.89e+02)
60      0.206   3.89e-01   5.29e-01   2.52e-01   1.01e+01   1.08e+01 (  2.66e+02,  3.66e+02)
65      0.285   6.22e-01   6.95e-01   3.76e-01   1.49e+01   1.56e+01 (  2.75e+02,  3.47e+02)
70      0.387   1.04e+00   9.47e-01   4.85e-01   2.01e+01   2.06e+01 (  2.80e+02,  3.31e+02)
75      0.500   1.67e+00   1.30e+00   5.79e-01   2.51e+01   2.54e+01 (  2.79e+02,  3.15e+02)
80      0.605   2.46e+00   1.72e+00   6.39e-01   2.88e+01   2.93e+01 (  2.71e+02,  2.99e+02)
85      0.733   3.34e+00   2.36e+00   7.64e-01   3.52e+01   3.20e+01 (  3.03e+02,  2.82e+02)
90      0.508   1.49e+00   1.54e+00   7.25e-01   1.87e+01   3.34e+01 (  2.00e+02,  2.67e+02)
95      1.791   3.71e+00   4.91e+00   3.57e+00   1.19e+02   3.38e+01 (  2.12e+03,  2.53e+02)
18 n: 2.859e-07 e: 1.927e-05 i: 2.579e-05 :: e: 6.487e-03 i: 9.015e-03 :: n: 4.334e+01 e:25.353 i:24.138 v:4.993e+03
>>> tau_he = 5.000000, nhe(0)=6.233809e+00
 5     -1.121   5.37e-03   7.44e-01   1.45e-03  -5.75e-02   2.02e-04 (  2.71e+00,  9.02e+01)
10     -0.233   7.93e-03   3.40e-02  -1.10e-03  -6.49e-02   1.19e-03 (  8.92e+00,  1.84e+02)
15     -0.906   6.80e-02   3.00e-02  -3.31e-03  -1.64e+00   5.15e-03 (  8.50e+01,  2.66e+02)
20     -0.175   1.39e-01  -5.82e-02   3.97e-02  -1.36e+00   1.88e-02 (  1.67e+02,  3.33e+02)
25     -0.085   2.60e-01   1.69e-01   2.22e-02  -1.01e+00   6.04e-02 (  2.84e+02,  3.81e+02)
30      0.008   2.76e-01   1.76e-01   6.12e-02   9.82e-02   1.73e-01 (  2.81e+02,  4.14e+02)
35      0.040   3.15e-01   1.97e-01   1.06e-01   3.64e-01   4.43e-01 (  3.10e+02,  4.34e+02)
40      0.080   3.16e-01   2.03e-01   1.13e-01   9.29e-01   1.02e+00 (  3.16e+02,  4.40e+02)
45      0.103   2.89e-01   2.16e-01   1.07e-01   1.92e+00   2.13e+00 (  3.03e+02,  4.33e+02)
50      0.122   2.66e-01   2.62e-01   1.16e-01   3.65e+00   4.02e+00 (  2.79e+02,  4.14e+02)
55      0.158   2.93e-01   3.85e-01   1.42e-01   6.43e+00   6.91e+00 (  2.68e+02,  3.89e+02)
60      0.205   3.87e-01   5.26e-01   2.51e-01   1.01e+01   1.08e+01 (  2.64e+02,  3.66e+02)
65      0.283   6.19e-01   6.92e-01   3.75e-01   1.48e+01   1.56e+01 (  2.73e+02,  3.47e+02)
70      0.385   1.04e+00   9.44e-01   4.84e-01   2.00e+01   2.06e+01 (  2.78e+02,  3.31e+02)
75      0.499   1.67e+00   1.30e+00   5.78e-01   2.50e+01   2.54e+01 (  2.77e+02,  3.15e+02)
80      0.604   2.46e+00   1.71e+00   6.38e-01   2.88e+01   2.93e+01 (  2.70e+02,  2.99e+02)
85      0.732   3.35e+00   2.36e+00   7.63e-01   3.51e+01   3.20e+01 (  3.02e+02,  2.82e+02)
90      0.508   1.49e+00   1.54e+00   7.25e-01   1.87e+01   3.34e+01 (  1.99e+02,  2.67e+02)
95      1.791   3.71e+00   4.91e+00   3.57e+00   1.19e+02   3.38e+01 (  2.12e+03,  2.53e+02)
19 n: 1.702e-07 e: 1.000e-05 i: 2.027e-05 :: e: 6.003e-03 i: 7.822e-03 :: n: 4.342e+01 e:25.365 i:24.095 v:4.993e+03
>>> tau_he = 5.000000, nhe(0)=6.246482e+00
 5     -1.120   5.35e-03   7.43e-01   1.44e-03  -5.75e-02   2.02e-04 (  2.72e+00,  9.02e+01)
10     -0.232   7.93e-03   3.41e-02  -1.10e-03  -6.48e-02   1.19e-03 (  8.94e+00,  1.84e+02)
15     -0.869   7.84e-02  -7.45e-02  -5.87e-03  -1.57e+00   5.15e-03 (  9.82e+01,  2.66e+02)
20     -0.171   1.33e-01  -5.75e-02   3.50e-02  -1.35e+00   1.88e-02 (  1.60e+02,  3.33e+02)
25      0.020   1.17e-01  -7.15e-03   2.46e-04   2.46e-01   6.04e-02 (  1.27e+02,  3.81e+02)
30      0.010   2.76e-01   1.76e-01   6.16e-02   1.13e-01   1.73e-01 (  2.81e+02,  4.14e+02)
35      0.041   3.15e-01   1.98e-01   1.06e-01   3.79e-01   4.43e-01 (  3.11e+02,  4.34e+02)
40      0.080   3.16e-01   2.03e-01   1.13e-01   9.38e-01   1.02e+00 (  3.17e+02,  4.40e+02)
45      0.103   2.89e-01   2.16e-01   1.07e-01   1.93e+00   2.13e+00 (  3.03e+02,  4.33e+02)
50      0.123   2.66e-01   2.64e-01   1.17e-01   3.67e+00   4.02e+00 (  2.80e+02,  4.14e+02)
55      0.158   2.94e-01   3.87e-01   1.43e-01   6.46e+00   6.91e+00 (  2.69e+02,  3.89e+02)
60      0.206   3.88e-01   5.28e-01   2.52e-01   1.01e+01   1.08e+01 (  2.66e+02,  3.66e+02)
65      0.284   6.22e-01   6.95e-01   3.76e-01   1.49e+01   1.56e+01 (  2.74e+02,  3.47e+02)
70      0.386   1.04e+00   9.47e-01   4.85e-01   2.01e+01   2.06e+01 (  2.79e+02,  3.31e+02)
75      0.500   1.67e+00   1.30e+00   5.79e-01   2.51e+01   2.54e+01 (  2.78e+02,  3.15e+02)
80      0.605   2.47e+00   1.72e+00   6.38e-01   2.88e+01   2.93e+01 (  2.71e+02,  2.99e+02)
85      0.733   3.35e+00   2.37e+00   7.63e-01   3.52e+01   3.20e+01 (  3.03e+02,  2.82e+02)
90      0.508   1.49e+00   1.54e+00   7.25e-01   1.87e+01   3.34e+01 (  1.99e+02,  2.67e+02)
95      1.791   3.71e+00   4.91e+00   3.57e+00   1.19e+02   3.38e+01 (  2.12e+03,  2.53e+02)
20 n: 7.265e-07 e: 6.045e-05 i: 1.025e-04 :: e: 1.146e-02 i: 1.400e-02 :: n: 4.321e+01 e:25.350 i:24.144 v:4.993e+03
>>> tau_he = 5.000000, nhe(0)=6.209123e+00
 5     -1.119   5.35e-03   7.46e-01   1.46e-03  -5.73e-02   2.02e-04 (  2.69e+00,  9.02e+01)
10     -0.230   8.24e-03   3.35e-02  -1.06e-03  -6.39e-02   1.19e-03 (  9.20e+00,  1.84e+02)
15     -0.864   6.46e-02   2.77e-02  -1.92e-03  -1.56e+00   5.15e-03 (  8.00e+01,  2.66e+02)
20     -0.196   1.39e-01  -5.72e-02   3.46e-02  -1.47e+00   1.88e-02 (  1.67e+02,  3.33e+02)
25     -0.128   2.68e-01   1.84e-01   2.44e-02  -1.38e+00   6.04e-02 (  2.96e+02,  3.81e+02)
30      0.002   2.79e-01   1.79e-01   6.35e-02   2.67e-02   1.73e-01 (  2.85e+02,  4.14e+02)
35      0.039   3.15e-01   1.98e-01   1.07e-01   3.48e-01   4.43e-01 (  3.11e+02,  4.34e+02)
40      0.080   3.16e-01   2.03e-01   1.13e-01   9.25e-01   1.02e+00 (  3.16e+02,  4.40e+02)
45      0.102   2.89e-01   2.16e-01   1.06e-01   1.92e+00   2.13e+00 (  3.02e+02,  4.33e+02)
50      0.122   2.66e-01   2.63e-01   1.16e-01   3.65e+00   4.02e+00 (  2.79e+02,  4.14e+02)
55      0.158   2.93e-01   3.86e-01   1.41e-01   6.43e+00   6.91e+00 (  2.68e+02,  3.89e+02)
60      0.205   3.87e-01   5.26e-01   2.51e-01   1.01e+01   1.08e+01 (  2.64e+02,  3.66e+02)
65      0.283   6.20e-01   6.92e-01   3.74e-01   1.48e+01   1.56e+01 (  2.72e+02,  3.47e+02)
70      0.385   1.04e+00   9.44e-01   4.84e-01   2.00e+01   2.06e+01 (  2.78e+02,  3.31e+02)
75      0.499   1.67e+00   1.30e+00   5.78e-01   2.50e+01   2.54e+01 (  2.77e+02,  3.15e+02)
80      0.604   2.47e+00   1.71e+00   6.37e-01   2.88e+01   2.93e+01 (  2.70e+02,  2.99e+02)
85      0.732   3.35e+00   2.36e+00   7.63e-01   3.51e+01   3.20e+01 (  3.02e+02,  2.82e+02)
90      0.508   1.49e+00   1.54e+00   7.25e-01   1.87e+01   3.34e+01 (  1.99e+02,  2.67e+02)
95      1.791   3.71e+00   4.91e+00   3.57e+00   1.19e+02   3.38e+01 (  2.12e+03,  2.53e+02)
21 n: 2.811e-07 e: 1.538e-05 i: 2.924e-05 :: e: 7.325e-03 i: 8.975e-03 :: n: 4.332e+01 e:25.359 i:24.122 v:4.993e+03
>>> tau_he = 5.000000, nhe(0)=6.226275e+00
 5     -1.123   5.37e-03   7.49e-01   1.46e-03  -5.76e-02   2.02e-04 (  2.72e+00,  9.02e+01)
10     -0.232   7.92e-03   3.41e-02  -1.04e-03  -6.46e-02   1.19e-03 (  8.91e+00,  1.84e+02)
15     -0.901   6.56e-02   3.00e-02  -3.09e-03  -1.63e+00   5.15e-03 (  8.18e+01,  2.66e+02)
20     -0.223   1.36e-01  -5.10e-02   3.31e-02  -1.70e+00   1.88e-02 (  1.64e+02,  3.33e+02)
25     -0.097   2.62e-01   1.74e-01   2.32e-02  -1.12e+00   6.04e-02 (  2.88e+02,  3.81e+02)
30      0.009   2.76e-01   1.76e-01   6.19e-02   1.00e-01   1.73e-01 (  2.82e+02,  4.14e+02)
35      0.040   3.15e-01   1.98e-01   1.07e-01   3.60e-01   4.43e-01 (  3.11e+02,  4.34e+02)
40      0.080   3.15e-01   2.03e-01   1.13e-01   9.31e-01   1.02e+00 (  3.16e+02,  4.40e+02)
45      0.103   2.89e-01   2.16e-01   1.07e-01   1.93e+00   2.13e+00 (  3.02e+02,  4.33e+02)
50      0.122   2.66e-01   2.63e-01   1.16e-01   3.66e+00   4.02e+00 (  2.79e+02,  4.14e+02)
55      0.158   2.94e-01   3.87e-01   1.42e-01   6.45e+00   6.91e+00 (  2.69e+02,  3.89e+02)
60      0.206   3.88e-01   5.28e-01   2.52e-01   1.01e+01   1.08e+01 (  2.65e+02,  3.66e+02)
65      0.284   6.21e-01   6.93e-01   3.75e-01   1.49e+01   1.56e+01 (  2.73e+02,  3.47e+02)
70      0.386   1.04e+00   9.46e-01   4.84e-01   2.01e+01   2.06e+01 (  2.78e+02,  3.31e+02)
75      0.500   1.68e+00   1.30e+00   5.78e-01   2.51e+01   2.54e+01 (  2.78e+02,  3.15e+02)
80      0.605   2.47e+00   1.72e+00   6.38e-01   2.88e+01   2.93e+01 (  2.70e+02,  2.99e+02)
85      0.733   3.35e+00   2.37e+00   7.63e-01   3.52e+01   3.20e+01 (  3.02e+02,  2.82e+02)
90      0.508   1.49e+00   1.54e+00   7.25e-01   1.87e+01   3.34e+01 (  1.99e+02,  2.67e+02)
95      1.791   3.71e+00   4.91e+00   3.57e+00   1.19e+02   3.38e+01 (  2.12e+03,  2.53e+02)
22 n: 1.156e-07 e: 1.252e-05 i: 2.025e-05 :: e: 6.689e-03 i: 8.137e-03 :: n: 4.340e+01 e:25.331 i:24.120 v:4.993e+03
>>> tau_he = 5.000000, nhe(0)=6.246317e+00
 5     -1.120   5.38e-03   7.49e-01   1.46e-03  -5.76e-02   2.02e-04 (  2.73e+00,  9.02e+01)
10     -0.204   7.98e-03   3.36e-02  -9.74e-04  -5.71e-02   1.19e-03 (  8.98e+00,  1.84e+02)
15     -0.863   7.78e-02  -7.44e-02  -5.74e-03  -1.56e+00   5.15e-03 (  9.73e+01,  2.66e+02)
20     -0.179   1.34e-01  -5.53e-02   3.54e-02  -1.40e+00   1.88e-02 (  1.61e+02,  3.33e+02)
25     -0.076   2.55e-01   1.64e-01   2.12e-02  -9.30e-01   6.04e-02 (  2.77e+02,  3.81e+02)
30      0.009   2.75e-01   1.75e-01   6.10e-02   1.12e-01   1.73e-01 (  2.81e+02,  4.14e+02)
35      0.041   3.14e-01   1.97e-01   1.06e-01   3.76e-01   4.43e-01 (  3.11e+02,  4.34e+02)
40      0.081   3.15e-01   2.02e-01   1.08e-01   9.46e-01   1.02e+00 (  3.16e+02,  4.40e+02)
45      0.102   2.88e-01   2.15e-01   1.06e-01   1.93e+00   2.13e+00 (  3.02e+02,  4.33e+02)
50      0.122   2.65e-01   2.63e-01   1.16e-01   3.66e+00   4.02e+00 (  2.78e+02,  4.14e+02)
55      0.158   2.93e-01   3.86e-01   1.41e-01   6.45e+00   6.91e+00 (  2.68e+02,  3.89e+02)
60      0.205   3.87e-01   5.26e-01   2.51e-01   1.01e+01   1.08e+01 (  2.64e+02,  3.66e+02)
65      0.283   6.20e-01   6.92e-01   3.74e-01   1.48e+01   1.56e+01 (  2.72e+02,  3.47e+02)
70      0.385   1.04e+00   9.44e-01   4.83e-01   2.00e+01   2.06e+01 (  2.78e+02,  3.31e+02)
75      0.499   1.67e+00   1.30e+00   5.78e-01   2.50e+01   2.54e+01 (  2.77e+02,  3.15e+02)
80      0.604   2.47e+00   1.72e+00   6.37e-01   2.88e+01   2.93e+01 (  2.70e+02,  2.99e+02)
85      0.732   3.36e+00   2.37e+00   7.62e-01   3.52e+01   3.20e+01 (  3.02e+02,  2.82e+02)
90      0.508   1.49e+00   1.54e+00   7.25e-01   1.87e+01   3.34e+01 (  1.99e+02,  2.67e+02)
95      1.791   3.71e+00   4.91e+00   3.57e+00   1.19e+02   3.38e+01 (  2.12e+03,  2.53e+02)
23 n: 1.109e-07 e: 5.501e-06 i: 8.252e-06 :: e: 6.641e-03 i: 7.314e-03 :: n: 4.347e+01 e:25.323 i:24.092 v:4.993e+03
>>> tau_he = 5.000000, nhe(0)=6.258734e+00
 5     -1.117   5.37e-03   7.47e-01   1.46e-03  -5.75e-02   2.02e-04 (  2.73e+00,  9.02e+01)
10     -0.203   7.92e-03   3.35e-02  -9.85e-04  -5.68e-02   1.19e-03 (  8.93e+00,  1.84e+02)
15     -0.882   6.45e-02   2.98e-02  -3.77e-03  -1.60e+00   5.15e-03 (  8.05e+01,  2.66e+02)
20     -0.170   1.33e-01  -5.61e-02   3.50e-02  -1.35e+00   1.88e-02 (  1.60e+02,  3.33e+02)
25      0.021   1.16e-01  -7.93e-03   5.05e-04   2.67e-01   6.04e-02 (  1.25e+02,  3.81e+02)
30      0.009   2.75e-01   1.75e-01   6.12e-02   1.12e-01   1.73e-01 (  2.81e+02,  4.14e+02)
35      0.042   3.14e-01   1.98e-01   1.06e-01   3.90e-01   4.43e-01 (  3.11e+02,  4.34e+02)
40      0.081   3.15e-01   2.03e-01   1.08e-01   9.56e-01   1.02e+00 (  3.17e+02,  4.40e+02)
45      0.103   2.89e-01   2.15e-01   1.07e-01   1.95e+00   2.13e+00 (  3.04e+02,  4.33e+02)
50      0.122   2.65e-01   2.63e-01   1.16e-01   3.67e+00   4.02e+00 (  2.79e+02,  4.14e+02)
55      0.158   2.93e-01   3.86e-01   1.42e-01   6.47e+00   6.91e+00 (  2.68e+02,  3.89e+02)
60      0.206   3.88e-01   5.27e-01   2.52e-01   1.01e+01   1.08e+01 (  2.65e+02,  3.66e+02)
65      0.284   6.21e-01   6.93e-01   3.75e-01   1.49e+01   1.56e+01 (  2.73e+02,  3.47e+02)
70      0.386   1.04e+00   9.46e-01   4.84e-01   2.01e+01   2.06e+01 (  2.78e+02,  3.31e+02)
75      0.500   1.68e+00   1.30e+00   5.78e-01   2.51e+01   2.54e+01 (  2.77e+02,  3.15e+02)
80      0.605   2.47e+00   1.72e+00   6.37e-01   2.88e+01   2.93e+01 (  2.70e+02,  2.99e+02)
85      0.733   3.36e+00   2.37e+00   7.62e-01   3.52e+01   3.20e+01 (  3.02e+02,  2.82e+02)
90      0.508   1.49e+00   1.54e+00   7.25e-01   1.87e+01   3.34e+01 (  1.99e+02,  2.67e+02)
95      1.791   3.71e+00   4.91e+00   3.57e+00   1.19e+02   3.38e+01 (  2.12e+03,  2.53e+02)
24 n: 5.846e-07 e: 5.419e-05 i: 7.576e-05 :: e: 1.134e-02 i: 1.294e-02 :: n: 4.326e+01 e:25.349 i:24.146 v:4.993e+03
>>> tau_he = 5.000000, nhe(0)=6.221150e+00
 5     -1.118   5.36e-03   7.53e-01   1.47e-03  -5.73e-02   2.02e-04 (  2.70e+00,  9.02e+01)
10     -0.202   8.25e-03   3.31e-02  -9.35e-04  -5.62e-02   1.19e-03 (  9.22e+00,  1.84e+02)
15     -0.873   6.45e-02   2.97e-02  -3.51e-03  -1.57e+00   5.15e-03 (  7.99e+01,  2.66e+02)
20     -0.234   1.37e-01  -5.05e-02   3.34e-02  -1.76e+00   1.88e-02 (  1.64e+02,  3.33e+02)
25     -0.123   2.66e-01   1.81e-01   2.37e-02  -1.33e+00   6.04e-02 (  2.94e+02,  3.81e+02)
30      0.002   2.79e-01   1.79e-01   6.38e-02   2.54e-02   1.73e-01 (  2.85e+02,  4.14e+02)
35      0.039   3.15e-01   1.98e-01   1.07e-01   3.54e-01   4.43e-01 (  3.12e+02,  4.34e+02)
40      0.080   3.16e-01   2.03e-01   1.09e-01   9.40e-01   1.02e+00 (  3.17e+02,  4.40e+02)
45      0.103   2.90e-01   2.14e-01   1.07e-01   1.94e+00   2.13e+00 (  3.04e+02,  4.33e+02)
50      0.122   2.65e-01   2.63e-01   1.16e-01   3.66e+00   4.02e+00 (  2.78e+02,  4.14e+02)
55      0.158   2.93e-01   3.86e-01   1.41e-01   6.45e+00   6.91e+00 (  2.68e+02,  3.89e+02)
60      0.205   3.87e-01   5.27e-01   2.51e-01   1.01e+01   1.08e+01 (  2.64e+02,  3.66e+02)
65      0.283   6.20e-01   6.92e-01   3.74e-01   1.49e+01   1.56e+01 (  2.72e+02,  3.47e+02)
70      0.385   1.04e+00   9.44e-01   4.83e-01   2.00e+01   2.06e+01 (  2.78e+02,  3.31e+02)
75      0.499   1.68e+00   1.30e+00   5.78e-01   2.50e+01   2.54e+01 (  2.77e+02,  3.15e+02)
80      0.605   2.47e+00   1.72e+00   6.37e-01   2.88e+01   2.93e+01 (  2.70e+02,  2.99e+02)
85      0.732   3.36e+00   2.37e+00   7.62e-01   3.52e+01   3.20e+01 (  3.02e+02,  2.82e+02)
90      0.508   1.49e+00   1.54e+00   7.25e-01   1.87e+01   3.34e+01 (  1.99e+02,  2.67e+02)
95      1.791   3.71e+00   4.91e+00   3.57e+00   1.19e+02   3.38e+01 (  2.12e+03,  2.53e+02)
25 n: 2.482e-07 e: 1.388e-05 i: 2.208e-05 :: e: 6.725e-03 i: 8.071e-03 :: n: 4.336e+01 e:25.351 i:24.151 v:4.993e+03
>>> tau_he = 5.000000, nhe(0)=6.241587e+00
 5     -1.123   5.41e-03   7.56e-01   1.48e-03  -5.77e-02   2.02e-04 (  2.74e+00,  9.02e+01)
10     -0.203   7.96e-03   3.38e-02  -9.21e-04  -5.67e-02   1.19e-03 (  8.95e+00,  1.84e+02)
15     -0.907   6.76e-02   2.99e-02  -3.08e-03  -1.64e+00   5.15e-03 (  8.44e+01,  2.66e+02)
20     -0.225   1.37e-01  -4.91e-02   3.30e-02  -1.73e+00   1.88e-02 (  1.64e+02,  3.33e+02)
25     -0.093   2.60e-01   1.72e-01   2.22e-02  -1.09e+00   6.04e-02 (  2.85e+02,  3.81e+02)
30      0.008   2.76e-01   1.76e-01   6.18e-02   9.67e-02   1.73e-01 (  2.82e+02,  4.14e+02)
35      0.040   3.15e-01   1.98e-01   1.07e-01   3.64e-01   4.43e-01 (  3.12e+02,  4.34e+02)
40      0.081   3.15e-01   2.03e-01   1.09e-01   9.44e-01   1.02e+00 (  3.17e+02,  4.40e+02)
45      0.103   2.88e-01   2.16e-01   1.06e-01   1.93e+00   2.13e+00 (  3.02e+02,  4.33e+02)
50      0.122   2.65e-01   2.63e-01   1.16e-01   3.66e+00   4.02e+00 (  2.78e+02,  4.14e+02)
55      0.158   2.93e-01   3.86e-01   1.42e-01   6.46e+00   6.91e+00 (  2.68e+02,  3.89e+02)
60      0.206   3.87e-01   5.27e-01   2.51e-01   1.01e+01   1.08e+01 (  2.64e+02,  3.66e+02)
65      0.284   6.21e-01   6.92e-01   3.74e-01   1.49e+01   1.56e+01 (  2.73e+02,  3.47e+02)
70      0.385   1.04e+00   9.45e-01   4.84e-01   2.00e+01   2.06e+01 (  2.78e+02,  3.31e+02)
75      0.500   1.68e+00   1.30e+00   5.78e-01   2.50e+01   2.54e+01 (  2.77e+02,  3.15e+02)
80      0.605   2.47e+00   1.72e+00   6.37e-01   2.88e+01   2.93e+01 (  2.70e+02,  2.99e+02)
85      0.732   3.36e+00   2.37e+00   7.62e-01   3.52e+01   3.20e+01 (  3.02e+02,  2.82e+02)
90      0.508   1.49e+00   1.54e+00   7.25e-01   1.87e+01   3.34e+01 (  1.99e+02,  2.67e+02)
95      1.791   3.71e+00   4.91e+00   3.57e+00   1.19e+02   3.38e+01 (  2.12e+03,  2.53e+02)
26 n: 6.599e-08 e: 9.319e-06 i: 1.640e-05 :: e: 5.856e-03 i: 6.826e-03 :: n: 4.344e+01 e:25.348 i:24.145 v:4.993e+03
>>> tau_he = 5.000000, nhe(0)=6.260650e+00
 5     -1.122   5.42e-03   7.55e-01   1.48e-03  -5.77e-02   2.02e-04 (  2.76e+00,  9.02e+01)
10     -0.203   7.97e-03   3.38e-02  -9.27e-04  -5.67e-02   1.19e-03 (  8.98e+00,  1.84e+02)
15     -0.869   7.82e-02  -7.43e-02  -5.70e-03  -1.57e+00   5.15e-03 (  9.80e+01,  2.66e+02)
20     -0.183   1.32e-01  -5.02e-02   3.32e-02  -1.44e+00   1.88e-02 (  1.59e+02,  3.33e+02)
25     -0.073   2.54e-01   1.63e-01   2.09e-02  -8.95e-01   6.04e-02 (  2.76e+02,  3.81e+02)
30      0.009   2.76e-01   1.76e-01   6.14e-02   1.10e-01   1.73e-01 (  2.82e+02,  4.14e+02)
35      0.041   3.15e-01   1.98e-01   1.06e-01   3.78e-01   4.43e-01 (  3.12e+02,  4.34e+02)
40      0.081   3.15e-01   2.03e-01   1.09e-01   9.52e-01   1.02e+00 (  3.17e+02,  4.40e+02)
45      0.103   2.89e-01   2.14e-01   1.07e-01   1.95e+00   2.13e+00 (  3.04e+02,  4.33e+02)
50      0.122   2.65e-01   2.63e-01   1.16e-01   3.67e+00   4.02e+00 (  2.78e+02,  4.14e+02)
55      0.158   2.93e-01   3.86e-01   1.42e-01   6.47e+00   6.91e+00 (  2.68e+02,  3.89e+02)
60      0.206   3.87e-01   5.27e-01   2.51e-01   1.01e+01   1.08e+01 (  2.64e+02,  3.66e+02)
65      0.283   6.21e-01   6.92e-01   3.74e-01   1.49e+01   1.56e+01 (  2.73e+02,  3.47e+02)
70      0.385   1.04e+00   9.44e-01   4.83e-01   2.00e+01   2.06e+01 (  2.78e+02,  3.31e+02)
75      0.499   1.68e+00   1.30e+00   5.77e-01   2.50e+01   2.54e+01 (  2.77e+02,  3.15e+02)
80      0.605   2.47e+00   1.72e+00   6.37e-01   2.88e+01   2.93e+01 (  2.70e+02,  2.99e+02)
85      0.732   3.36e+00   2.37e+00   7.62e-01   3.52e+01   3.20e+01 (  3.02e+02,  2.82e+02)
90      0.508   1.49e+00   1.54e+00   7.25e-01   1.87e+01   3.34e+01 (  1.99e+02,  2.67e+02)
95      1.791   3.71e+00   4.91e+00   3.57e+00   1.19e+02   3.38e+01 (  2.12e+03,  2.53e+02)
27 n: 4.463e-08 e: 4.425e-06 i: 7.321e-06 :: e: 5.834e-03 i: 6.813e-03 :: n: 4.350e+01 e:25.330 i:24.135 v:4.993e+03
>>> tau_he = 5.000000, nhe(0)=6.274800e+00
 5     -1.119   5.42e-03   7.54e-01   1.48e-03  -5.77e-02   2.02e-04 (  2.76e+00,  9.02e+01)
10     -0.202   7.93e-03   3.37e-02  -9.39e-04  -5.64e-02   1.19e-03 (  8.93e+00,  1.84e+02)
15     -0.886   6.46e-02   2.97e-02  -3.76e-03  -1.61e+00   5.15e-03 (  8.06e+01,  2.66e+02)
20     -0.172   1.34e-01  -5.44e-02   3.51e-02  -1.37e+00   1.88e-02 (  1.61e+02,  3.33e+02)
25      0.022   1.15e-01  -8.29e-03   5.94e-04   2.81e-01   6.04e-02 (  1.25e+02,  3.81e+02)
30      0.009   2.76e-01   1.76e-01   6.13e-02   1.09e-01   1.73e-01 (  2.82e+02,  4.14e+02)
35      0.042   3.15e-01   1.98e-01   1.06e-01   3.90e-01   4.43e-01 (  3.12e+02,  4.34e+02)
40      0.081   3.15e-01   2.03e-01   1.09e-01   9.60e-01   1.02e+00 (  3.18e+02,  4.40e+02)
45      0.103   2.89e-01   2.14e-01   1.07e-01   1.96e+00   2.13e+00 (  3.04e+02,  4.33e+02)
50      0.122   2.65e-01   2.62e-01   1.16e-01   3.67e+00   4.02e+00 (  2.78e+02,  4.14e+02)
55      0.158   2.93e-01   3.86e-01   1.42e-01   6.48e+00   6.91e+00 (  2.68e+02,  3.89e+02)
60      0.206   3.87e-01   5.27e-01   2.51e-01   1.02e+01   1.08e+01 (  2.65e+02,  3.66e+02)
65      0.283   6.21e-01   6.92e-01   3.74e-01   1.49e+01   1.56e+01 (  2.73e+02,  3.47e+02)
70      0.385   1.04e+00   9.44e-01   4.83e-01   2.00e+01   2.06e+01 (  2.78e+02,  3.31e+02)
75      0.499   1.68e+00   1.30e+00   5.77e-01   2.50e+01   2.54e+01 (  2.77e+02,  3.15e+02)
80      0.605   2.47e+00   1.72e+00   6.37e-01   2.88e+01   2.93e+01 (  2.70e+02,  2.99e+02)
85      0.732   3.36e+00   2.37e+00   7.62e-01   3.52e+01   3.20e+01 (  3.02e+02,  2.82e+02)
90      0.508   1.49e+00   1.54e+00   7.25e-01   1.87e+01   3.34e+01 (  1.99e+02,  2.67e+02)
95      1.791   3.71e+00   4.91e+00   3.57e+00   1.19e+02   3.38e+01 (  2.12e+03,  2.53e+02)
28 n: 5.462e-07 e: 5.738e-05 i: 7.768e-05 :: e: 1.047e-02 i: 1.201e-02 :: n: 4.329e+01 e:25.375 i:24.183 v:4.993e+03
>>> tau_he = 5.000000, nhe(0)=6.235587e+00
 5     -1.121   5.40e-03   7.59e-01   1.49e-03  -5.75e-02   2.02e-04 (  2.73e+00,  9.02e+01)
10     -0.200   8.26e-03   3.33e-02  -8.93e-04  -5.59e-02   1.19e-03 (  9.24e+00,  1.84e+02)
15     -0.877   6.46e-02   2.97e-02  -3.51e-03  -1.58e+00   5.15e-03 (  8.01e+01,  2.66e+02)
20     -0.239   1.35e-01  -4.54e-02   3.11e-02  -1.80e+00   1.88e-02 (  1.62e+02,  3.33e+02)
25     -0.119   2.66e-01   1.81e-01   2.35e-02  -1.31e+00   6.04e-02 (  2.93e+02,  3.81e+02)
30      0.002   2.80e-01   1.80e-01   6.43e-02   2.57e-02   1.73e-01 (  2.87e+02,  4.14e+02)
35      0.039   3.16e-01   1.99e-01   1.08e-01   3.54e-01   4.43e-01 (  3.13e+02,  4.34e+02)
40      0.081   3.16e-01   2.03e-01   1.09e-01   9.44e-01   1.02e+00 (  3.18e+02,  4.40e+02)
45      0.103   2.90e-01   2.15e-01   1.07e-01   1.95e+00   2.13e+00 (  3.04e+02,  4.33e+02)
50      0.122   2.65e-01   2.63e-01   1.16e-01   3.67e+00   4.02e+00 (  2.79e+02,  4.14e+02)
55      0.158   2.93e-01   3.86e-01   1.42e-01   6.48e+00   6.91e+00 (  2.69e+02,  3.89e+02)
60      0.206   3.87e-01   5.27e-01   2.51e-01   1.02e+01   1.08e+01 (  2.65e+02,  3.66e+02)
65      0.284   6.21e-01   6.93e-01   3.74e-01   1.49e+01   1.56e+01 (  2.73e+02,  3.47e+02)
70      0.385   1.04e+00   9.45e-01   4.84e-01   2.00e+01   2.06e+01 (  2.78e+02,  3.31e+02)
75      0.500   1.68e+00   1.30e+00   5.78e-01   2.50e+01   2.54e+01 (  2.77e+02,  3.15e+02)
80      0.605   2.47e+00   1.72e+00   6.37e-01   2.88e+01   2.93e+01 (  2.70e+02,  2.99e+02)
85      0.732   3.36e+00   2.37e+00   7.62e-01   3.52e+01   3.20e+01 (  3.02e+02,  2.82e+02)
90      0.508   1.49e+00   1.54e+00   7.25e-01   1.87e+01   3.34e+01 (  1.99e+02,  2.67e+02)
95      1.791   3.71e+00   4.91e+00   3.57e+00   1.19e+02   3.38e+01 (  2.12e+03,  2.53e+02)
29 n: 2.227e-07 e: 1.350e-05 i: 2.033e-05 :: e: 5.828e-03 i: 7.365e-03 :: n: 4.338e+01 e:25.368 i:24.201 v:4.993e+03
>>> tau_he = 5.000000, nhe(0)=6.257447e+00
 5     -1.126   5.45e-03   7.63e-01   1.49e-03  -5.79e-02   2.02e-04 (  2.78e+00,  9.02e+01)
10     -0.192   9.16e-03   3.37e-02  -4.40e-04  -5.35e-02   1.19e-03 (  1.03e+01,  1.84e+02)
15     -0.863   7.85e-02  -7.49e-02  -5.72e-03  -1.56e+00   5.15e-03 (  9.82e+01,  2.66e+02)
20     -0.229   1.37e-01  -4.43e-02   3.05e-02  -1.76e+00   1.88e-02 (  1.65e+02,  3.33e+02)
25     -0.091   2.60e-01   1.72e-01   2.17e-02  -1.07e+00   6.04e-02 (  2.85e+02,  3.81e+02)
30      0.008   2.77e-01   1.77e-01   6.19e-02   9.61e-02   1.73e-01 (  2.83e+02,  4.14e+02)
35      0.040   3.16e-01   1.99e-01   1.07e-01   3.64e-01   4.43e-01 (  3.13e+02,  4.34e+02)
40      0.081   3.16e-01   2.03e-01   1.09e-01   9.48e-01   1.02e+00 (  3.18e+02,  4.40e+02)
45      0.103   2.88e-01   2.15e-01   1.07e-01   1.94e+00   2.13e+00 (  3.03e+02,  4.33e+02)
50      0.122   2.65e-01   2.62e-01   1.16e-01   3.67e+00   4.02e+00 (  2.78e+02,  4.14e+02)
55      0.158   2.93e-01   3.85e-01   1.42e-01   6.47e+00   6.91e+00 (  2.68e+02,  3.89e+02)
60      0.206   3.87e-01   5.27e-01   2.51e-01   1.01e+01   1.08e+01 (  2.64e+02,  3.66e+02)
65      0.283   6.20e-01   6.92e-01   3.74e-01   1.49e+01   1.56e+01 (  2.72e+02,  3.47e+02)
70      0.385   1.04e+00   9.44e-01   4.83e-01   2.00e+01   2.06e+01 (  2.77e+02,  3.31e+02)
75      0.499   1.68e+00   1.30e+00   5.77e-01   2.50e+01   2.54e+01 (  2.77e+02,  3.15e+02)
80      0.604   2.47e+00   1.72e+00   6.37e-01   2.88e+01   2.93e+01 (  2.70e+02,  2.99e+02)
85      0.732   3.36e+00   2.37e+00   7.62e-01   3.52e+01   3.20e+01 (  3.02e+02,  2.82e+02)
90      0.508   1.49e+00   1.54e+00   7.25e-01   1.87e+01   3.34e+01 (  1.99e+02,  2.67e+02)
95      1.791   3.71e+00   4.91e+00   3.57e+00   1.19e+02   3.38e+01 (  2.12e+03,  2.53e+02)
30 n: 5.348e-08 e: 7.389e-06 i: 1.064e-05 :: e: 5.548e-03 i: 7.265e-03 :: n: 4.346e+01 e:25.367 i:24.179 v:4.993e+03
>>> tau_he = 5.000000, nhe(0)=6.273530e+00
 5     -1.126   5.46e-03   7.60e-01   1.49e-03  -5.79e-02   2.02e-04 (  2.79e+00,  9.02e+01)
10     -0.202   7.95e-03   3.39e-02  -9.09e-04  -5.64e-02   1.19e-03 (  8.95e+00,  1.84e+02)
15     -0.886   6.48e-02   2.98e-02  -3.84e-03  -1.61e+00   5.15e-03 (  8.10e+01,  2.66e+02)
20     -0.217   1.36e-01  -4.52e-02   3.01e-02  -1.70e+00   1.88e-02 (  1.64e+02,  3.33e+02)
25     -0.071   2.54e-01   1.64e-01   2.08e-02  -8.76e-01   6.04e-02 (  2.77e+02,  3.81e+02)
30      0.009   2.76e-01   1.76e-01   6.18e-02   1.12e-01   1.73e-01 (  2.83e+02,  4.14e+02)
35      0.041   3.16e-01   1.99e-01   1.07e-01   3.80e-01   4.43e-01 (  3.14e+02,  4.34e+02)
40      0.081   3.16e-01   2.03e-01   1.09e-01   9.56e-01   1.02e+00 (  3.19e+02,  4.40e+02)
45      0.104   2.89e-01   2.15e-01   1.07e-01   1.96e+00   2.13e+00 (  3.05e+02,  4.33e+02)
50      0.122   2.65e-01   2.63e-01   1.16e-01   3.67e+00   4.02e+00 (  2.79e+02,  4.14e+02)
55      0.158   2.93e-01   3.86e-01   1.42e-01   6.49e+00   6.91e+00 (  2.69e+02,  3.89e+02)
60      0.206   3.88e-01   5.27e-01   2.51e-01   1.02e+01   1.08e+01 (  2.65e+02,  3.66e+02)
65      0.284   6.21e-01   6.93e-01   3.74e-01   1.49e+01   1.56e+01 (  2.73e+02,  3.47e+02)
70      0.386   1.04e+00   9.45e-01   4.84e-01   2.01e+01   2.06e+01 (  2.78e+02,  3.31e+02)
75      0.500   1.68e+00   1.30e+00   5.78e-01   2.50e+01   2.54e+01 (  2.77e+02,  3.15e+02)
80      0.605   2.47e+00   1.72e+00   6.37e-01   2.88e+01   2.93e+01 (  2.70e+02,  2.99e+02)
85      0.732   3.36e+00   2.37e+00   7.62e-01   3.52e+01   3.20e+01 (  3.02e+02,  2.82e+02)
90      0.508   1.49e+00   1.54e+00   7.25e-01   1.87e+01   3.34e+01 (  1.99e+02,  2.67e+02)
95      1.791   3.71e+00   4.91e+00   3.57e+00   1.19e+02   3.38e+01 (  2.12e+03,  2.53e+02)
31 n: 2.532e-08 e: 5.904e-06 i: 9.600e-06 :: e: 4.061e-03 i: 5.240e-03 :: n: 4.352e+01 e:25.351 i:24.187 v:4.993e+03
>>> tau_he = 5.000000, nhe(0)=6.289619e+00
 5     -1.122   5.47e-03   7.62e-01   1.49e-03  -5.78e-02   2.02e-04 (  2.79e+00,  9.02e+01)
10     -0.201   7.93e-03   3.39e-02  -8.97e-04  -5.61e-02   1.19e-03 (  8.94e+00,  1.84e+02)
15     -0.891   6.48e-02   2.98e-02  -3.89e-03  -1.62e+00   5.15e-03 (  8.11e+01,  2.66e+02)
20     -0.174   1.35e-01  -4.98e-02   3.26e-02  -1.39e+00   1.88e-02 (  1.62e+02,  3.33e+02)
25      0.023   1.15e-01  -8.46e-03   6.01e-04   2.91e-01   6.04e-02 (  1.24e+02,  3.81e+02)
30      0.009   2.76e-01   1.76e-01   6.15e-02   1.07e-01   1.73e-01 (  2.83e+02,  4.14e+02)
35      0.042   3.15e-01   1.99e-01   1.06e-01   3.90e-01   4.43e-01 (  3.13e+02,  4.34e+02)
40      0.081   3.16e-01   2.03e-01   1.09e-01   9.62e-01   1.02e+00 (  3.19e+02,  4.40e+02)
45      0.104   2.89e-01   2.14e-01   1.07e-01   1.97e+00   2.13e+00 (  3.05e+02,  4.33e+02)
50      0.122   2.65e-01   2.62e-01   1.16e-01   3.68e+00   4.02e+00 (  2.79e+02,  4.14e+02)
55      0.158   2.93e-01   3.85e-01   1.42e-01   6.48e+00   6.91e+00 (  2.69e+02,  3.89e+02)
60      0.206   3.87e-01   5.27e-01   2.51e-01   1.02e+01   1.08e+01 (  2.65e+02,  3.66e+02)
65      0.283   6.20e-01   6.92e-01   3.74e-01   1.49e+01   1.56e+01 (  2.73e+02,  3.47e+02)
70      0.385   1.04e+00   9.44e-01   4.83e-01   2.00e+01   2.06e+01 (  2.78e+02,  3.31e+02)
75      0.499   1.67e+00   1.30e+00   5.77e-01   2.50e+01   2.54e+01 (  2.77e+02,  3.15e+02)
80      0.604   2.47e+00   1.72e+00   6.37e-01   2.88e+01   2.93e+01 (  2.70e+02,  2.99e+02)
85      0.732   3.36e+00   2.37e+00   7.62e-01   3.52e+01   3.20e+01 (  3.02e+02,  2.82e+02)
90      0.508   1.49e+00   1.54e+00   7.25e-01   1.87e+01   3.34e+01 (  1.99e+02,  2.67e+02)
95      1.791   3.71e+00   4.91e+00   3.57e+00   1.19e+02   3.38e+01 (  2.12e+03,  2.53e+02)
32 n: 5.450e-07 e: 5.982e-05 i: 8.039e-05 :: e: 9.338e-03 i: 1.145e-02 :: n: 4.330e+01 e:25.406 i:24.233 v:4.993e+03
>>> tau_he = 5.000000, nhe(0)=6.249671e+00
 5     -1.126   5.45e-03   7.66e-01   1.50e-03  -5.78e-02   2.02e-04 (  2.76e+00,  9.02e+01)
10     -0.189   9.45e-03   3.33e-02  -4.28e-04  -5.29e-02   1.19e-03 (  1.06e+01,  1.84e+02)
15     -0.884   6.49e-02   2.97e-02  -3.68e-03  -1.60e+00   5.15e-03 (  8.07e+01,  2.66e+02)
20     -0.241   1.39e-01  -4.39e-02   3.06e-02  -1.82e+00   1.88e-02 (  1.67e+02,  3.33e+02)
25     -0.117   2.67e-01   1.81e-01   2.33e-02  -1.29e+00   6.04e-02 (  2.94e+02,  3.81e+02)
30      0.002   2.80e-01   1.80e-01   6.46e-02   2.61e-02   1.73e-01 (  2.88e+02,  4.14e+02)
35      0.039   3.17e-01   2.00e-01   1.08e-01   3.54e-01   4.43e-01 (  3.15e+02,  4.34e+02)
40      0.081   3.17e-01   2.04e-01   1.10e-01   9.46e-01   1.02e+00 (  3.20e+02,  4.40e+02)
45      0.104   2.90e-01   2.15e-01   1.08e-01   1.96e+00   2.13e+00 (  3.05e+02,  4.33e+02)
50      0.122   2.65e-01   2.63e-01   1.17e-01   3.68e+00   4.02e+00 (  2.80e+02,  4.14e+02)
55      0.159   2.93e-01   3.86e-01   1.43e-01   6.49e+00   6.91e+00 (  2.69e+02,  3.89e+02)
60      0.206   3.88e-01   5.28e-01   2.52e-01   1.02e+01   1.08e+01 (  2.66e+02,  3.66e+02)
65      0.284   6.21e-01   6.93e-01   3.75e-01   1.49e+01   1.56e+01 (  2.73e+02,  3.47e+02)
70      0.386   1.04e+00   9.45e-01   4.84e-01   2.01e+01   2.06e+01 (  2.78e+02,  3.31e+02)
75      0.500   1.67e+00   1.30e+00   5.78e-01   2.50e+01   2.54e+01 (  2.77e+02,  3.15e+02)
80      0.605   2.47e+00   1.72e+00   6.37e-01   2.88e+01   2.93e+01 (  2.70e+02,  2.99e+02)
85      0.732   3.36e+00   2.37e+00   7.62e-01   3.52e+01   3.20e+01 (  3.02e+02,  2.82e+02)
90      0.508   1.49e+00   1.54e+00   7.25e-01   1.87e+01   3.34e+01 (  1.99e+02,  2.67e+02)
95      1.791   3.71e+00   4.91e+00   3.57e+00   1.19e+02   3.38e+01 (  2.12e+03,  2.53e+02)
33 n: 2.242e-07 e: 1.309e-05 i: 1.931e-05 :: e: 5.307e-03 i: 6.735e-03 :: n: 4.340e+01 e:25.391 i:24.255 v:4.993e+03
>>> tau_he = 5.000000, nhe(0)=6.271544e+00
 5     -1.131   5.51e-03   7.70e-01   1.51e-03  -5.81e-02   2.02e-04 (  2.81e+00,  9.02e+01)
10     -0.200   9.07e-03   2.96e-02  -5.28e-04  -5.58e-02   1.19e-03 (  1.02e+01,  1.84e+02)
15     -0.869   7.84e-02  -7.50e-02  -5.83e-03  -1.57e+00   5.15e-03 (  9.82e+01,  2.66e+02)
20     -0.236   1.37e-01  -4.53e-02   1.40e-02  -1.82e+00   1.88e-02 (  1.65e+02,  3.33e+02)
25     -0.088   2.59e-01   1.72e-01   2.11e-02  -1.04e+00   6.04e-02 (  2.83e+02,  3.81e+02)
30      0.008   2.77e-01   1.77e-01   6.21e-02   9.59e-02   1.73e-01 (  2.84e+02,  4.14e+02)
35      0.040   3.17e-01   2.00e-01   1.07e-01   3.64e-01   4.43e-01 (  3.14e+02,  4.34e+02)
40      0.081   3.17e-01   2.03e-01   1.09e-01   9.50e-01   1.02e+00 (  3.19e+02,  4.40e+02)
45      0.104   2.90e-01   2.15e-01   1.08e-01   1.96e+00   2.13e+00 (  3.05e+02,  4.33e+02)
50      0.122   2.65e-01   2.62e-01   1.16e-01   3.67e+00   4.02e+00 (  2.79e+02,  4.14e+02)
55      0.158   2.93e-01   3.85e-01   1.42e-01   6.48e+00   6.91e+00 (  2.69e+02,  3.89e+02)
60      0.206   3.87e-01   5.27e-01   2.51e-01   1.02e+01   1.08e+01 (  2.65e+02,  3.66e+02)
65      0.283   6.20e-01   6.92e-01   3.74e-01   1.49e+01   1.56e+01 (  2.73e+02,  3.47e+02)
70      0.385   1.04e+00   9.43e-01   4.83e-01   2.00e+01   2.06e+01 (  2.78e+02,  3.31e+02)
75      0.499   1.67e+00   1.30e+00   5.77e-01   2.50e+01   2.54e+01 (  2.77e+02,  3.15e+02)
80      0.604   2.47e+00   1.72e+00   6.37e-01   2.88e+01   2.93e+01 (  2.70e+02,  2.99e+02)
85      0.732   3.36e+00   2.37e+00   7.62e-01   3.51e+01   3.20e+01 (  3.02e+02,  2.82e+02)
90      0.508   1.49e+00   1.54e+00   7.25e-01   1.87e+01   3.34e+01 (  1.99e+02,  2.67e+02)
95      1.791   3.71e+00   4.91e+00   3.57e+00   1.19e+02   3.38e+01 (  2.12e+03,  2.53e+02)
34 n: 5.425e-08 e: 6.803e-06 i: 1.110e-05 :: e: 4.444e-03 i: 6.913e-03 :: n: 4.347e+01 e:25.397 i:24.226 v:4.993e+03
>>> tau_he = 5.000000, nhe(0)=6.285991e+00
 5     -1.130   5.51e-03   7.66e-01   1.50e-03  -5.82e-02   2.02e-04 (  2.82e+00,  9.02e+01)
10     -0.191   9.13e-03   3.38e-02  -4.56e-04  -5.35e-02   1.19e-03 (  1.03e+01,  1.84e+02)
15     -0.893   6.51e-02   2.98e-02  -3.96e-03  -1.62e+00   5.15e-03 (  8.14e+01,  2.66e+02)
20     -0.223   1.36e-01  -4.64e-02   1.36e-02  -1.76e+00   1.88e-02 (  1.64e+02,  3.33e+02)
25     -0.069   2.55e-01   1.64e-01   2.08e-02  -8.65e-01   6.04e-02 (  2.77e+02,  3.81e+02)
30      0.009   2.77e-01   1.77e-01   6.22e-02   1.12e-01   1.73e-01 (  2.84e+02,  4.14e+02)
35      0.041   3.17e-01   2.00e-01   1.07e-01   3.80e-01   4.43e-01 (  3.15e+02,  4.34e+02)
40      0.081   3.17e-01   2.04e-01   1.10e-01   9.58e-01   1.02e+00 (  3.20e+02,  4.40e+02)
45      0.104   2.90e-01   2.15e-01   1.08e-01   1.97e+00   2.13e+00 (  3.06e+02,  4.33e+02)
50      0.123   2.65e-01   2.62e-01   1.17e-01   3.68e+00   4.02e+00 (  2.80e+02,  4.14e+02)
55      0.159   2.93e-01   3.86e-01   1.43e-01   6.50e+00   6.91e+00 (  2.70e+02,  3.89e+02)
60      0.206   3.88e-01   5.28e-01   2.52e-01   1.02e+01   1.08e+01 (  2.66e+02,  3.66e+02)
65      0.284   6.21e-01   6.94e-01   3.75e-01   1.49e+01   1.56e+01 (  2.74e+02,  3.47e+02)
70      0.386   1.04e+00   9.45e-01   4.84e-01   2.01e+01   2.06e+01 (  2.78e+02,  3.31e+02)
75      0.500   1.67e+00   1.30e+00   5.78e-01   2.51e+01   2.54e+01 (  2.77e+02,  3.15e+02)
80      0.605   2.47e+00   1.72e+00   6.37e-01   2.88e+01   2.93e+01 (  2.70e+02,  2.99e+02)
85      0.732   3.36e+00   2.37e+00   7.62e-01   3.52e+01   3.20e+01 (  3.02e+02,  2.82e+02)
90      0.508   1.49e+00   1.54e+00   7.25e-01   1.87e+01   3.34e+01 (  1.99e+02,  2.67e+02)
95      1.791   3.71e+00   4.91e+00   3.57e+00   1.19e+02   3.38e+01 (  2.12e+03,  2.53e+02)
35 n: 2.584e-08 e: 5.973e-06 i: 9.826e-06 :: e: 3.258e-03 i: 4.620e-03 :: n: 4.353e+01 e:25.373 i:24.235 v:4.993e+03
>>> tau_he = 5.000000, nhe(0)=6.301293e+00
 5     -1.127   5.51e-03   7.67e-01   1.51e-03  -5.81e-02   2.02e-04 (  2.82e+00,  9.02e+01)
10     -0.198   8.96e-03   2.95e-02  -5.78e-04  -5.55e-02   1.19e-03 (  1.01e+01,  1.84e+02)
15     -0.898   6.69e-02   2.97e-02  -3.92e-03  -1.63e+00   5.15e-03 (  8.38e+01,  2.66e+02)
20     -0.180   1.34e-01  -5.13e-02   1.63e-02  -1.44e+00   1.88e-02 (  1.62e+02,  3.33e+02)
25      0.023   1.15e-01  -8.59e-03   6.04e-04   2.98e-01   6.04e-02 (  1.24e+02,  3.81e+02)
30      0.009   2.77e-01   1.76e-01   6.16e-02   1.07e-01   1.73e-01 (  2.84e+02,  4.14e+02)
35      0.042   3.16e-01   1.99e-01   1.06e-01   3.90e-01   4.43e-01 (  3.14e+02,  4.34e+02)
40      0.082   3.17e-01   2.04e-01   1.09e-01   9.64e-01   1.02e+00 (  3.20e+02,  4.40e+02)
45      0.104   2.90e-01   2.15e-01   1.08e-01   1.97e+00   2.13e+00 (  3.05e+02,  4.33e+02)
50      0.122   2.65e-01   2.62e-01   1.17e-01   3.68e+00   4.02e+00 (  2.80e+02,  4.14e+02)
55      0.158   2.93e-01   3.85e-01   1.43e-01   6.49e+00   6.91e+00 (  2.69e+02,  3.89e+02)
60      0.206   3.87e-01   5.27e-01   2.51e-01   1.02e+01   1.08e+01 (  2.66e+02,  3.66e+02)
65      0.283   6.20e-01   6.92e-01   3.74e-01   1.49e+01   1.56e+01 (  2.73e+02,  3.47e+02)
70      0.385   1.04e+00   9.44e-01   4.83e-01   2.00e+01   2.06e+01 (  2.78e+02,  3.31e+02)
75      0.499   1.67e+00   1.30e+00   5.77e-01   2.50e+01   2.54e+01 (  2.77e+02,  3.15e+02)
80      0.604   2.47e+00   1.72e+00   6.37e-01   2.88e+01   2.93e+01 (  2.70e+02,  2.99e+02)
85      0.732   3.36e+00   2.37e+00   7.62e-01   3.52e+01   3.20e+01 (  3.02e+02,  2.82e+02)
90      0.508   1.49e+00   1.54e+00   7.25e-01   1.87e+01   3.34e+01 (  1.99e+02,  2.67e+02)
95      1.791   3.71e+00   4.91e+00   3.57e+00   1.19e+02   3.38e+01 (  2.12e+03,  2.53e+02)
36 n: 5.533e-07 e: 6.230e-05 i: 7.952e-05 :: e: 8.583e-03 i: 1.092e-02 :: n: 4.331e+01 e:25.429 i:24.274 v:4.993e+03
>>> tau_he = 5.000000, nhe(0)=6.259615e+00
 5     -1.130   5.50e-03   7.71e-01   1.51e-03  -5.80e-02   2.02e-04 (  2.79e+00,  9.02e+01)
10     -0.189   9.42e-03   3.34e-02  -4.35e-04  -5.28e-02   1.19e-03 (  1.05e+01,  1.84e+02)
15     -0.888   6.49e-02   2.97e-02  -3.65e-03  -1.61e+00   5.15e-03 (  8.08e+01,  2.66e+02)
20     -0.247   1.38e-01  -4.55e-02   1.41e-02  -1.87e+00   1.88e-02 (  1.66e+02,  3.33e+02)
25     -0.116   2.67e-01   1.82e-01   2.33e-02  -1.28e+00   6.04e-02 (  2.94e+02,  3.81e+02)
30      0.002   2.81e-01   1.81e-01   6.49e-02   2.68e-02   1.73e-01 (  2.88e+02,  4.14e+02)
35      0.039   3.18e-01   2.00e-01   1.09e-01   3.54e-01   4.43e-01 (  3.16e+02,  4.34e+02)
40      0.081   3.18e-01   2.04e-01   1.10e-01   9.48e-01   1.02e+00 (  3.21e+02,  4.40e+02)
45      0.104   2.91e-01   2.15e-01   1.08e-01   1.96e+00   2.13e+00 (  3.06e+02,  4.33e+02)
50      0.123   2.66e-01   2.63e-01   1.17e-01   3.68e+00   4.02e+00 (  2.81e+02,  4.14e+02)
55      0.159   2.94e-01   3.86e-01   1.43e-01   6.50e+00   6.91e+00 (  2.70e+02,  3.89e+02)
60      0.206   3.88e-01   5.28e-01   2.52e-01   1.02e+01   1.08e+01 (  2.67e+02,  3.66e+02)
65      0.284   6.21e-01   6.94e-01   3.75e-01   1.49e+01   1.56e+01 (  2.74e+02,  3.47e+02)
70      0.386   1.04e+00   9.45e-01   4.84e-01   2.01e+01   2.06e+01 (  2.79e+02,  3.31e+02)
75      0.500   1.67e+00   1.30e+00   5.78e-01   2.51e+01   2.54e+01 (  2.77e+02,  3.15e+02)
80      0.605   2.47e+00   1.72e+00   6.37e-01   2.88e+01   2.93e+01 (  2.70e+02,  2.99e+02)
85      0.732   3.36e+00   2.37e+00   7.62e-01   3.52e+01   3.20e+01 (  3.02e+02,  2.82e+02)
90      0.508   1.49e+00   1.54e+00   7.25e-01   1.87e+01   3.34e+01 (  1.99e+02,  2.67e+02)
95      1.791   3.71e+00   4.91e+00   3.57e+00   1.19e+02   3.38e+01 (  2.12e+03,  2.53e+02)
37 n: 2.310e-07 e: 1.357e-05 i: 1.854e-05 :: e: 4.614e-03 i: 6.382e-03 :: n: 4.340e+01 e:25.408 i:24.294 v:4.993e+03
>>> tau_he = 5.000000, nhe(0)=6.280418e+00
 5     -1.135   5.55e-03   7.74e-01   1.52e-03  -5.83e-02   2.02e-04 (  2.84e+00,  9.02e+01)
10     -0.199   9.04e-03   2.96e-02  -5.33e-04  -5.57e-02   1.19e-03 (  1.02e+01,  1.84e+02)
15     -0.873   7.84e-02  -7.50e-02  -5.80e-03  -1.58e+00   5.15e-03 (  9.83e+01,  2.66e+02)
20     -0.237   1.37e-01  -4.46e-02   1.38e-02  -1.83e+00   1.88e-02 (  1.66e+02,  3.33e+02)
25     -0.087   2.60e-01   1.72e-01   2.10e-02  -1.03e+00   6.04e-02 (  2.84e+02,  3.81e+02)
30      0.008   2.78e-01   1.78e-01   6.22e-02   9.63e-02   1.73e-01 (  2.85e+02,  4.14e+02)
35      0.040   3.17e-01   2.00e-01   1.07e-01   3.64e-01   4.43e-01 (  3.15e+02,  4.34e+02)
40      0.081   3.17e-01   2.04e-01   1.10e-01   9.50e-01   1.02e+00 (  3.20e+02,  4.40e+02)
45      0.103   2.89e-01   2.16e-01   1.07e-01   1.95e+00   2.13e+00 (  3.04e+02,  4.33e+02)
50      0.122   2.65e-01   2.62e-01   1.17e-01   3.67e+00   4.02e+00 (  2.80e+02,  4.14e+02)
55      0.158   2.93e-01   3.85e-01   1.43e-01   6.48e+00   6.91e+00 (  2.69e+02,  3.89e+02)
60      0.206   3.87e-01   5.27e-01   2.51e-01   1.02e+01   1.08e+01 (  2.65e+02,  3.66e+02)
65      0.283   6.19e-01   6.92e-01   3.74e-01   1.49e+01   1.56e+01 (  2.73e+02,  3.47e+02)
70      0.385   1.04e+00   9.43e-01   4.83e-01   2.00e+01   2.06e+01 (  2.78e+02,  3.31e+02)
75      0.499   1.67e+00   1.30e+00   5.77e-01   2.50e+01   2.54e+01 (  2.77e+02,  3.15e+02)
80      0.604   2.47e+00   1.71e+00   6.37e-01   2.88e+01   2.93e+01 (  2.70e+02,  2.99e+02)
85      0.732   3.36e+00   2.36e+00   7.62e-01   3.51e+01   3.20e+01 (  3.02e+02,  2.82e+02)
90      0.508   1.49e+00   1.54e+00   7.25e-01   1.87e+01   3.34e+01 (  1.99e+02,  2.67e+02)
95      1.791   3.71e+00   4.91e+00   3.57e+00   1.19e+02   3.38e+01 (  2.12e+03,  2.53e+02)
38 n: 5.515e-08 e: 6.873e-06 i: 1.134e-05 :: e: 4.006e-03 i: 6.902e-03 :: n: 4.348e+01 e:25.415 i:24.260 v:4.993e+03
>>> tau_he = 5.000000, nhe(0)=6.293647e+00
 5     -1.134   5.54e-03   7.69e-01   1.51e-03  -5.84e-02   2.02e-04 (  2.84e+00,  9.02e+01)
10     -0.199   9.00e-03   2.95e-02  -5.75e-04  -5.57e-02   1.19e-03 (  1.01e+01,  1.84e+02)
15     -0.897   6.51e-02   2.98e-02  -3.94e-03  -1.63e+00   5.15e-03 (  8.15e+01,  2.66e+02)
20     -0.225   1.36e-01  -4.58e-02   1.35e-02  -1.77e+00   1.88e-02 (  1.65e+02,  3.33e+02)
25     -0.069   2.55e-01   1.65e-01   2.08e-02  -8.56e-01   6.04e-02 (  2.78e+02,  3.81e+02)
30      0.010   2.78e-01   1.77e-01   6.24e-02   1.13e-01   1.73e-01 (  2.85e+02,  4.14e+02)
35      0.041   3.17e-01   2.00e-01   1.08e-01   3.80e-01   4.43e-01 (  3.15e+02,  4.34e+02)
40      0.082   3.17e-01   2.04e-01   1.10e-01   9.59e-01   1.02e+00 (  3.21e+02,  4.40e+02)
45      0.104   2.90e-01   2.15e-01   1.08e-01   1.97e+00   2.13e+00 (  3.07e+02,  4.33e+02)
50      0.123   2.66e-01   2.62e-01   1.17e-01   3.69e+00   4.02e+00 (  2.81e+02,  4.14e+02)
55      0.159   2.94e-01   3.86e-01   1.44e-01   6.51e+00   6.91e+00 (  2.71e+02,  3.89e+02)
60      0.207   3.88e-01   5.29e-01   2.52e-01   1.02e+01   1.08e+01 (  2.67e+02,  3.66e+02)
65      0.284   6.21e-01   6.94e-01   3.75e-01   1.49e+01   1.56e+01 (  2.74e+02,  3.47e+02)
70      0.386   1.04e+00   9.45e-01   4.84e-01   2.01e+01   2.06e+01 (  2.79e+02,  3.31e+02)
75      0.500   1.67e+00   1.30e+00   5.78e-01   2.51e+01   2.54e+01 (  2.78e+02,  3.15e+02)
80      0.605   2.47e+00   1.72e+00   6.38e-01   2.88e+01   2.93e+01 (  2.70e+02,  2.99e+02)
85      0.732   3.36e+00   2.37e+00   7.62e-01   3.52e+01   3.20e+01 (  3.02e+02,  2.82e+02)
90      0.508   1.49e+00   1.54e+00   7.25e-01   1.87e+01   3.34e+01 (  1.99e+02,  2.67e+02)
95      1.791   3.71e+00   4.91e+00   3.57e+00   1.19e+02   3.38e+01 (  2.12e+03,  2.53e+02)
39 n: 3.035e-08 e: 6.076e-06 i: 9.588e-06 :: e: 2.707e-03 i: 4.424e-03 :: n: 4.353e+01 e:25.386 i:24.269 v:4.993e+03
>>> tau_he = 5.000000, nhe(0)=6.308464e+00
 5     -1.130   5.55e-03   7.70e-01   1.52e-03  -5.83e-02   2.02e-04 (  2.84e+00,  9.02e+01)
10     -0.198   8.94e-03   2.95e-02  -5.88e-04  -5.55e-02   1.19e-03 (  1.01e+01,  1.84e+02)
15     -0.854   7.77e-02  -7.52e-02  -6.50e-03  -1.55e+00   5.15e-03 (  9.73e+01,  2.66e+02)
20     -0.181   1.34e-01  -5.07e-02   1.62e-02  -1.45e+00   1.88e-02 (  1.62e+02,  3.33e+02)
25      0.023   1.15e-01  -8.69e-03   6.17e-04   3.03e-01   6.04e-02 (  1.24e+02,  3.81e+02)
30      0.009   2.77e-01   1.77e-01   6.17e-02   1.07e-01   1.73e-01 (  2.84e+02,  4.14e+02)
35      0.042   3.17e-01   2.00e-01   1.06e-01   3.90e-01   4.43e-01 (  3.15e+02,  4.34e+02)
40      0.082   3.17e-01   2.04e-01   1.09e-01   9.64e-01   1.02e+00 (  3.21e+02,  4.40e+02)
45      0.104   2.90e-01   2.15e-01   1.08e-01   1.97e+00   2.13e+00 (  3.06e+02,  4.33e+02)
50      0.123   2.65e-01   2.62e-01   1.17e-01   3.68e+00   4.02e+00 (  2.80e+02,  4.14e+02)
55      0.159   2.93e-01   3.85e-01   1.43e-01   6.50e+00   6.91e+00 (  2.70e+02,  3.89e+02)
60      0.206   3.87e-01   5.27e-01   2.51e-01   1.02e+01   1.08e+01 (  2.66e+02,  3.66e+02)
65      0.283   6.19e-01   6.93e-01   3.74e-01   1.49e+01   1.56e+01 (  2.73e+02,  3.47e+02)
70      0.385   1.04e+00   9.43e-01   4.83e-01   2.00e+01   2.06e+01 (  2.78e+02,  3.31e+02)
75      0.499   1.67e+00   1.30e+00   5.78e-01   2.50e+01   2.54e+01 (  2.77e+02,  3.15e+02)
80      0.604   2.47e+00   1.71e+00   6.37e-01   2.88e+01   2.93e+01 (  2.70e+02,  2.99e+02)
85      0.732   3.36e+00   2.36e+00   7.62e-01   3.52e+01   3.20e+01 (  3.02e+02,  2.82e+02)
90      0.508   1.49e+00   1.54e+00   7.25e-01   1.87e+01   3.34e+01 (  1.99e+02,  2.67e+02)
95      1.791   3.71e+00   4.91e+00   3.57e+00   1.19e+02   3.38e+01 (  2.12e+03,  2.53e+02)
40 n: 5.513e-07 e: 7.015e-05 i: 1.150e-04 :: e: 8.894e-03 i: 1.233e-02 :: n: 4.331e+01 e:25.435 i:24.294 v:4.993e+03
>>> tau_he = 5.000000, nhe(0)=6.263740e+00
 5     -1.133   5.52e-03   7.71e-01   1.52e-03  -5.81e-02   2.02e-04 (  2.81e+00,  9.02e+01)
10     -0.189   9.38e-03   3.33e-02  -4.59e-04  -5.28e-02   1.19e-03 (  1.05e+01,  1.84e+02)
15     -0.860   6.47e-02   2.91e-02  -3.26e-03  -1.55e+00   5.15e-03 (  8.02e+01,  2.66e+02)
20     -0.247   1.38e-01  -4.55e-02   1.40e-02  -1.87e+00   1.88e-02 (  1.66e+02,  3.33e+02)
25     -0.115   2.68e-01   1.82e-01   2.32e-02  -1.28e+00   6.04e-02 (  2.95e+02,  3.81e+02)
30      0.002   2.81e-01   1.81e-01   6.50e-02   2.75e-02   1.73e-01 (  2.89e+02,  4.14e+02)
35      0.039   3.18e-01   2.01e-01   1.09e-01   3.55e-01   4.43e-01 (  3.16e+02,  4.34e+02)
40      0.081   3.18e-01   2.05e-01   1.10e-01   9.49e-01   1.02e+00 (  3.22e+02,  4.40e+02)
45      0.104   2.91e-01   2.16e-01   1.09e-01   1.97e+00   2.13e+00 (  3.07e+02,  4.33e+02)
50      0.123   2.66e-01   2.63e-01   1.17e-01   3.68e+00   4.02e+00 (  2.81e+02,  4.14e+02)
55      0.159   2.94e-01   3.86e-01   1.44e-01   6.51e+00   6.91e+00 (  2.71e+02,  3.89e+02)
60      0.207   3.88e-01   5.29e-01   2.52e-01   1.02e+01   1.08e+01 (  2.67e+02,  3.66e+02)
65      0.284   6.21e-01   6.94e-01   3.75e-01   1.49e+01   1.56e+01 (  2.74e+02,  3.47e+02)
70      0.386   1.04e+00   9.45e-01   4.84e-01   2.01e+01   2.06e+01 (  2.79e+02,  3.31e+02)
75      0.500   1.67e+00   1.30e+00   5.78e-01   2.51e+01   2.54e+01 (  2.78e+02,  3.15e+02)
80      0.605   2.47e+00   1.72e+00   6.38e-01   2.88e+01   2.93e+01 (  2.71e+02,  2.99e+02)
85      0.732   3.35e+00   2.37e+00   7.63e-01   3.52e+01   3.20e+01 (  3.02e+02,  2.82e+02)
90      0.508   1.49e+00   1.54e+00   7.25e-01   1.87e+01   3.34e+01 (  1.99e+02,  2.67e+02)
95      1.791   3.71e+00   4.91e+00   3.57e+00   1.19e+02   3.38e+01 (  2.12e+03,  2.53e+02)
41 n: 2.362e-07 e: 1.392e-05 i: 2.007e-05 :: e: 4.832e-03 i: 6.600e-03 :: n: 4.340e+01 e:25.409 i:24.310 v:4.993e+03
>>> tau_he = 5.000000, nhe(0)=6.283384e+00
 5     -1.136   5.57e-03   7.74e-01   1.53e-03  -5.84e-02   2.02e-04 (  2.85e+00,  9.02e+01)
10     -0.199   8.98e-03   2.95e-02  -5.54e-04  -5.56e-02   1.19e-03 (  1.01e+01,  1.84e+02)
15     -0.892   6.52e-02   2.99e-02  -3.95e-03  -1.61e+00   5.15e-03 (  8.14e+01,  2.66e+02)
20     -0.236   1.37e-01  -4.47e-02   1.38e-02  -1.83e+00   1.88e-02 (  1.66e+02,  3.33e+02)
25     -0.086   2.60e-01   1.72e-01   2.08e-02  -1.03e+00   6.04e-02 (  2.84e+02,  3.81e+02)
30      0.008   2.78e-01   1.78e-01   6.22e-02   9.62e-02   1.73e-01 (  2.85e+02,  4.14e+02)
35      0.040   3.18e-01   2.00e-01   1.08e-01   3.64e-01   4.43e-01 (  3.15e+02,  4.34e+02)
40      0.081   3.18e-01   2.04e-01   1.10e-01   9.51e-01   1.02e+00 (  3.21e+02,  4.40e+02)
45      0.103   2.89e-01   2.16e-01   1.07e-01   1.95e+00   2.13e+00 (  3.05e+02,  4.33e+02)
50      0.122   2.65e-01   2.62e-01   1.17e-01   3.67e+00   4.02e+00 (  2.80e+02,  4.14e+02)
55      0.159   2.93e-01   3.85e-01   1.43e-01   6.49e+00   6.91e+00 (  2.70e+02,  3.89e+02)
60      0.206   3.87e-01   5.27e-01   2.51e-01   1.02e+01   1.08e+01 (  2.66e+02,  3.66e+02)
65      0.283   6.19e-01   6.92e-01   3.74e-01   1.49e+01   1.56e+01 (  2.73e+02,  3.47e+02)
70      0.385   1.04e+00   9.43e-01   4.83e-01   2.00e+01   2.06e+01 (  2.78e+02,  3.31e+02)
75      0.499   1.67e+00   1.29e+00   5.78e-01   2.50e+01   2.54e+01 (  2.77e+02,  3.15e+02)
80      0.604   2.47e+00   1.71e+00   6.37e-01   2.88e+01   2.93e+01 (  2.70e+02,  2.99e+02)
85      0.732   3.35e+00   2.36e+00   7.62e-01   3.51e+01   3.20e+01 (  3.02e+02,  2.82e+02)
90      0.508   1.49e+00   1.54e+00   7.25e-01   1.87e+01   3.34e+01 (  1.99e+02,  2.67e+02)
95      1.791   3.71e+00   4.91e+00   3.57e+00   1.19e+02   3.38e+01 (  2.12e+03,  2.53e+02)
42 n: 5.302e-08 e: 9.159e-06 i: 1.643e-05 :: e: 3.733e-03 i: 5.534e-03 :: n: 4.347e+01 e:25.429 i:24.283 v:4.993e+03
>>> tau_he = 5.000000, nhe(0)=6.297640e+00
 5     -1.136   5.56e-03   7.72e-01   1.52e-03  -5.85e-02   2.02e-04 (  2.85e+00,  9.02e+01)
10     -0.199   8.99e-03   2.96e-02  -5.74e-04  -5.57e-02   1.19e-03 (  1.01e+01,  1.84e+02)
15     -0.860   7.61e-02  -7.52e-02  -6.69e-03  -1.56e+00   5.15e-03 (  9.54e+01,  2.66e+02)
20     -0.225   1.37e-01  -4.52e-02   1.34e-02  -1.78e+00   1.88e-02 (  1.65e+02,  3.33e+02)
25     -0.068   2.55e-01   1.64e-01   2.07e-02  -8.49e-01   6.04e-02 (  2.78e+02,  3.81e+02)
30      0.010   2.78e-01   1.77e-01   6.24e-02   1.13e-01   1.73e-01 (  2.85e+02,  4.14e+02)
35      0.041   3.17e-01   2.00e-01   1.08e-01   3.80e-01   4.43e-01 (  3.16e+02,  4.34e+02)
40      0.082   3.18e-01   2.04e-01   1.10e-01   9.59e-01   1.02e+00 (  3.21e+02,  4.40e+02)
45      0.104   2.91e-01   2.15e-01   1.08e-01   1.97e+00   2.13e+00 (  3.07e+02,  4.33e+02)
50      0.123   2.66e-01   2.62e-01   1.18e-01   3.69e+00   4.02e+00 (  2.81e+02,  4.14e+02)
55      0.159   2.94e-01   3.86e-01   1.44e-01   6.51e+00   6.91e+00 (  2.71e+02,  3.89e+02)
60      0.207   3.88e-01   5.29e-01   2.52e-01   1.02e+01   1.08e+01 (  2.67e+02,  3.66e+02)
65      0.284   6.21e-01   6.95e-01   3.75e-01   1.49e+01   1.56e+01 (  2.75e+02,  3.47e+02)
70      0.386   1.04e+00   9.46e-01   4.84e-01   2.01e+01   2.06e+01 (  2.79e+02,  3.31e+02)
75      0.500   1.67e+00   1.30e+00   5.78e-01   2.51e+01   2.54e+01 (  2.78e+02,  3.15e+02)
80      0.605   2.47e+00   1.72e+00   6.38e-01   2.88e+01   2.93e+01 (  2.71e+02,  2.99e+02)
85      0.732   3.35e+00   2.37e+00   7.63e-01   3.52e+01   3.20e+01 (  3.02e+02,  2.82e+02)
90      0.508   1.49e+00   1.54e+00   7.25e-01   1.87e+01   3.34e+01 (  1.99e+02,  2.67e+02)
95      1.791   3.71e+00   4.91e+00   3.57e+00   1.19e+02   3.38e+01 (  2.12e+03,  2.53e+02)
43 n: 3.452e-08 e: 4.948e-06 i: 7.456e-06 :: e: 3.144e-03 i: 5.489e-03 :: n: 4.353e+01 e:25.388 i:24.284 v:4.993e+03
>>> tau_he = 5.000000, nhe(0)=6.310877e+00
 5     -1.132   5.57e-03   7.70e-01   1.52e-03  -5.84e-02   2.02e-04 (  2.85e+00,  9.02e+01)
10     -0.209   7.80e-03   2.97e-02  -1.02e-03  -5.84e-02   1.19e-03 (  8.78e+00,  1.84e+02)
15     -0.880   6.50e-02   2.94e-02  -3.76e-03  -1.60e+00   5.15e-03 (  8.12e+01,  2.66e+02)
20     -0.181   1.34e-01  -5.07e-02   1.62e-02  -1.45e+00   1.88e-02 (  1.62e+02,  3.33e+02)
25      0.024   1.15e-01  -8.70e-03   6.21e-04   3.07e-01   6.04e-02 (  1.24e+02,  3.81e+02)
30      0.009   2.78e-01   1.77e-01   6.17e-02   1.07e-01   1.73e-01 (  2.84e+02,  4.14e+02)
35      0.042   3.17e-01   2.00e-01   1.07e-01   3.90e-01   4.43e-01 (  3.15e+02,  4.34e+02)
40      0.082   3.17e-01   2.04e-01   1.09e-01   9.64e-01   1.02e+00 (  3.21e+02,  4.40e+02)
45      0.104   2.90e-01   2.15e-01   1.08e-01   1.97e+00   2.13e+00 (  3.07e+02,  4.33e+02)
50      0.123   2.65e-01   2.62e-01   1.17e-01   3.68e+00   4.02e+00 (  2.80e+02,  4.14e+02)
55      0.159   2.93e-01   3.85e-01   1.44e-01   6.50e+00   6.91e+00 (  2.70e+02,  3.89e+02)
60      0.206   3.87e-01   5.27e-01   2.51e-01   1.02e+01   1.08e+01 (  2.66e+02,  3.66e+02)
65      0.284   6.19e-01   6.93e-01   3.74e-01   1.49e+01   1.56e+01 (  2.74e+02,  3.47e+02)
70      0.385   1.04e+00   9.43e-01   4.84e-01   2.00e+01   2.06e+01 (  2.78e+02,  3.31e+02)
75      0.499   1.67e+00   1.29e+00   5.78e-01   2.50e+01   2.54e+01 (  2.77e+02,  3.15e+02)
80      0.604   2.47e+00   1.71e+00   6.38e-01   2.88e+01   2.93e+01 (  2.70e+02,  2.99e+02)
85      0.732   3.35e+00   2.36e+00   7.63e-01   3.52e+01   3.20e+01 (  3.02e+02,  2.82e+02)
90      0.508   1.49e+00   1.54e+00   7.25e-01   1.87e+01   3.34e+01 (  1.99e+02,  2.67e+02)
95      1.791   3.71e+00   4.91e+00   3.57e+00   1.19e+02   3.38e+01 (  2.12e+03,  2.53e+02)
44 n: 5.493e-07 e: 6.249e-05 i: 7.858e-05 :: e: 9.020e-03 i: 1.145e-02 :: n: 4.330e+01 e:25.450 i:24.313 v:4.993e+03
>>> tau_he = 5.000000, nhe(0)=6.266625e+00
 5     -1.134   5.54e-03   7.74e-01   1.52e-03  -5.82e-02   2.02e-04 (  2.82e+00,  9.02e+01)
10     -0.189   9.41e-03   3.34e-02  -4.49e-04  -5.29e-02   1.19e-03 (  1.05e+01,  1.84e+02)
15     -0.874   6.50e-02   2.94e-02  -3.51e-03  -1.58e+00   5.15e-03 (  8.08e+01,  2.66e+02)
20     -0.248   1.38e-01  -4.49e-02   1.39e-02  -1.88e+00   1.88e-02 (  1.66e+02,  3.33e+02)
25     -0.115   2.68e-01   1.82e-01   2.32e-02  -1.27e+00   6.04e-02 (  2.95e+02,  3.81e+02)
30      0.002   2.81e-01   1.81e-01   6.51e-02   2.75e-02   1.73e-01 (  2.89e+02,  4.14e+02)
35      0.039   3.19e-01   2.01e-01   1.09e-01   3.55e-01   4.43e-01 (  3.17e+02,  4.34e+02)
40      0.081   3.18e-01   2.05e-01   1.11e-01   9.48e-01   1.02e+00 (  3.22e+02,  4.40e+02)
45      0.104   2.91e-01   2.16e-01   1.09e-01   1.97e+00   2.13e+00 (  3.08e+02,  4.33e+02)
50      0.123   2.66e-01   2.63e-01   1.18e-01   3.68e+00   4.02e+00 (  2.82e+02,  4.14e+02)
55      0.159   2.94e-01   3.87e-01   1.44e-01   6.51e+00   6.91e+00 (  2.72e+02,  3.89e+02)
60      0.207   3.89e-01   5.29e-01   2.52e-01   1.02e+01   1.08e+01 (  2.68e+02,  3.66e+02)
65      0.284   6.21e-01   6.95e-01   3.75e-01   1.49e+01   1.56e+01 (  2.75e+02,  3.47e+02)
70      0.386   1.04e+00   9.46e-01   4.84e-01   2.01e+01   2.06e+01 (  2.79e+02,  3.31e+02)
75      0.500   1.67e+00   1.30e+00   5.79e-01   2.51e+01   2.54e+01 (  2.78e+02,  3.15e+02)
80      0.605   2.47e+00   1.72e+00   6.38e-01   2.88e+01   2.93e+01 (  2.71e+02,  2.99e+02)
85      0.732   3.35e+00   2.37e+00   7.63e-01   3.52e+01   3.20e+01 (  3.02e+02,  2.82e+02)
90      0.508   1.49e+00   1.54e+00   7.25e-01   1.87e+01   3.34e+01 (  1.99e+02,  2.67e+02)
95      1.791   3.71e+00   4.91e+00   3.57e+00   1.19e+02   3.38e+01 (  2.12e+03,  2.53e+02)
45 n: 2.402e-07 e: 1.447e-05 i: 1.962e-05 :: e: 5.065e-03 i: 6.546e-03 :: n: 4.339e+01 e:25.420 i:24.333 v:4.993e+03
>>> tau_he = 5.000000, nhe(0)=6.286823e+00
 5     -1.138   5.59e-03   7.76e-01   1.53e-03  -5.85e-02   2.02e-04 (  2.86e+00,  9.02e+01)
10     -0.199   9.03e-03   2.96e-02  -5.47e-04  -5.57e-02   1.19e-03 (  1.01e+01,  1.84e+02)
15     -0.907   6.81e-02   2.96e-02  -3.09e-03  -1.64e+00   5.15e-03 (  8.51e+01,  2.66e+02)
20     -0.237   1.38e-01  -4.41e-02   1.37e-02  -1.84e+00   1.88e-02 (  1.66e+02,  3.33e+02)
25     -0.086   2.60e-01   1.72e-01   2.07e-02  -1.02e+00   6.04e-02 (  2.84e+02,  3.81e+02)
30      0.008   2.78e-01   1.78e-01   6.22e-02   9.62e-02   1.73e-01 (  2.85e+02,  4.14e+02)
35      0.040   3.18e-01   2.00e-01   1.08e-01   3.64e-01   4.43e-01 (  3.15e+02,  4.34e+02)
40      0.081   3.18e-01   2.04e-01   1.10e-01   9.50e-01   1.02e+00 (  3.21e+02,  4.40e+02)
45      0.103   2.90e-01   2.16e-01   1.08e-01   1.95e+00   2.13e+00 (  3.05e+02,  4.33e+02)
50      0.123   2.66e-01   2.62e-01   1.17e-01   3.67e+00   4.02e+00 (  2.80e+02,  4.14e+02)
55      0.159   2.93e-01   3.85e-01   1.44e-01   6.49e+00   6.91e+00 (  2.70e+02,  3.89e+02)
60      0.206   3.87e-01   5.27e-01   2.51e-01   1.02e+01   1.08e+01 (  2.66e+02,  3.66e+02)
65      0.283   6.19e-01   6.93e-01   3.74e-01   1.49e+01   1.56e+01 (  2.74e+02,  3.47e+02)
70      0.385   1.04e+00   9.43e-01   4.84e-01   2.00e+01   2.06e+01 (  2.78e+02,  3.31e+02)
75      0.499   1.67e+00   1.29e+00   5.78e-01   2.50e+01   2.54e+01 (  2.77e+02,  3.15e+02)
80      0.604   2.47e+00   1.71e+00   6.38e-01   2.88e+01   2.93e+01 (  2.70e+02,  2.99e+02)
85      0.732   3.35e+00   2.36e+00   7.63e-01   3.51e+01   3.20e+01 (  3.02e+02,  2.82e+02)
90      0.508   1.49e+00   1.54e+00   7.25e-01   1.87e+01   3.34e+01 (  1.99e+02,  2.67e+02)
95      1.791   3.71e+00   4.91e+00   3.57e+00   1.19e+02   3.38e+01 (  2.12e+03,  2.53e+02)
46 n: 5.068e-08 e: 8.484e-06 i: 1.634e-05 :: e: 3.721e-03 i: 5.445e-03 :: n: 4.347e+01 e:25.441 i:24.301 v:4.993e+03
>>> tau_he = 5.000000, nhe(0)=6.300234e+00
 5     -1.138   5.58e-03   7.74e-01   1.52e-03  -5.86e-02   2.02e-04 (  2.86e+00,  9.02e+01)
10     -0.200   9.03e-03   2.96e-02  -5.69e-04  -5.58e-02   1.19e-03 (  1.02e+01,  1.84e+02)
15     -0.872   7.87e-02  -7.53e-02  -5.67e-03  -1.58e+00   5.15e-03 (  9.87e+01,  2.66e+02)
20     -0.229   1.35e-01  -4.72e-02   5.93e-03  -1.81e+00   1.88e-02 (  1.63e+02,  3.33e+02)
25     -0.067   2.55e-01   1.65e-01   2.08e-02  -8.43e-01   6.04e-02 (  2.78e+02,  3.81e+02)
30      0.010   2.78e-01   1.77e-01   6.25e-02   1.13e-01   1.73e-01 (  2.85e+02,  4.14e+02)
35      0.041   3.18e-01   2.01e-01   1.08e-01   3.80e-01   4.43e-01 (  3.16e+02,  4.34e+02)
40      0.082   3.18e-01   2.05e-01   1.10e-01   9.58e-01   1.02e+00 (  3.22e+02,  4.40e+02)
45      0.104   2.91e-01   2.16e-01   1.09e-01   1.97e+00   2.13e+00 (  3.08e+02,  4.33e+02)
50      0.123   2.66e-01   2.63e-01   1.18e-01   3.69e+00   4.02e+00 (  2.82e+02,  4.14e+02)
55      0.159   2.94e-01   3.87e-01   1.44e-01   6.51e+00   6.91e+00 (  2.72e+02,  3.89e+02)
60      0.207   3.89e-01   5.29e-01   2.52e-01   1.02e+01   1.08e+01 (  2.68e+02,  3.66e+02)
65      0.284   6.21e-01   6.95e-01   3.75e-01   1.49e+01   1.56e+01 (  2.75e+02,  3.47e+02)
70      0.386   1.04e+00   9.46e-01   4.85e-01   2.01e+01   2.06e+01 (  2.80e+02,  3.31e+02)
75      0.500   1.67e+00   1.30e+00   5.79e-01   2.51e+01   2.54e+01 (  2.78e+02,  3.15e+02)
80      0.605   2.47e+00   1.72e+00   6.38e-01   2.88e+01   2.93e+01 (  2.71e+02,  2.99e+02)
85      0.732   3.35e+00   2.37e+00   7.63e-01   3.52e+01   3.20e+01 (  3.02e+02,  2.82e+02)
90      0.508   1.49e+00   1.54e+00   7.25e-01   1.87e+01   3.34e+01 (  1.99e+02,  2.67e+02)
95      1.791   3.71e+00   4.91e+00   3.57e+00   1.19e+02   3.38e+01 (  2.12e+03,  2.53e+02)
47 n: 3.853e-08 e: 5.124e-06 i: 7.986e-06 :: e: 3.587e-03 i: 5.426e-03 :: n: 4.352e+01 e:25.393 i:24.300 v:4.993e+03
>>> tau_he = 5.000000, nhe(0)=6.312918e+00
 5     -1.133   5.58e-03   7.71e-01   1.52e-03  -5.84e-02   2.02e-04 (  2.86e+00,  9.02e+01)
10     -0.209   7.82e-03   2.97e-02  -1.02e-03  -5.84e-02   1.19e-03 (  8.80e+00,  1.84e+02)
15     -0.887   6.49e-02   2.95e-02  -3.76e-03  -1.61e+00   5.15e-03 (  8.11e+01,  2.66e+02)
20     -0.181   1.35e-01  -5.03e-02   1.62e-02  -1.45e+00   1.88e-02 (  1.62e+02,  3.33e+02)
25      0.024   1.15e-01  -8.74e-03   6.48e-04   3.08e-01   6.04e-02 (  1.24e+02,  3.81e+02)
30      0.009   2.78e-01   1.77e-01   6.17e-02   1.07e-01   1.73e-01 (  2.84e+02,  4.14e+02)
35      0.042   3.17e-01   2.00e-01   1.07e-01   3.90e-01   4.43e-01 (  3.15e+02,  4.34e+02)
40      0.082   3.18e-01   2.04e-01   1.09e-01   9.64e-01   1.02e+00 (  3.21e+02,  4.40e+02)
45      0.104   2.91e-01   2.15e-01   1.08e-01   1.97e+00   2.13e+00 (  3.07e+02,  4.33e+02)
50      0.123   2.65e-01   2.62e-01   1.17e-01   3.68e+00   4.02e+00 (  2.81e+02,  4.14e+02)
55      0.159   2.93e-01   3.85e-01   1.44e-01   6.50e+00   6.91e+00 (  2.71e+02,  3.89e+02)
60      0.206   3.87e-01   5.27e-01   2.51e-01   1.02e+01   1.08e+01 (  2.66e+02,  3.66e+02)
65      0.284   6.19e-01   6.93e-01   3.75e-01   1.49e+01   1.56e+01 (  2.74e+02,  3.47e+02)
70      0.385   1.04e+00   9.43e-01   4.84e-01   2.00e+01   2.06e+01 (  2.79e+02,  3.31e+02)
75      0.499   1.67e+00   1.29e+00   5.78e-01   2.50e+01   2.54e+01 (  2.77e+02,  3.15e+02)
80      0.604   2.47e+00   1.71e+00   6.38e-01   2.88e+01   2.93e+01 (  2.70e+02,  2.99e+02)
85      0.732   3.35e+00   2.36e+00   7.63e-01   3.51e+01   3.20e+01 (  3.02e+02,  2.82e+02)
90      0.508   1.49e+00   1.54e+00   7.25e-01   1.87e+01   3.34e+01 (  1.99e+02,  2.67e+02)
95      1.791   3.71e+00   4.91e+00   3.57e+00   1.19e+02   3.38e+01 (  2.12e+03,  2.53e+02)
48 n: 5.449e-07 e: 6.272e-05 i: 7.955e-05 :: e: 9.172e-03 i: 1.148e-02 :: n: 4.330e+01 e:25.456 i:24.325 v:4.993e+03
>>> tau_he = 5.000000, nhe(0)=6.267865e+00
 5     -1.135   5.55e-03   7.75e-01   1.53e-03  -5.83e-02   2.02e-04 (  2.82e+00,  9.02e+01)
10     -0.189   9.43e-03   3.34e-02  -4.45e-04  -5.29e-02   1.19e-03 (  1.05e+01,  1.84e+02)
15     -0.880   6.49e-02   2.95e-02  -3.51e-03  -1.59e+00   5.15e-03 (  8.07e+01,  2.66e+02)
20     -0.249   1.38e-01  -4.45e-02   1.39e-02  -1.89e+00   1.88e-02 (  1.67e+02,  3.33e+02)
25     -0.114   2.68e-01   1.82e-01   2.32e-02  -1.27e+00   6.04e-02 (  2.95e+02,  3.81e+02)
30      0.002   2.82e-01   1.81e-01   6.52e-02   2.82e-02   1.73e-01 (  2.89e+02,  4.14e+02)
35      0.039   3.19e-01   2.01e-01   1.09e-01   3.55e-01   4.43e-01 (  3.17e+02,  4.34e+02)
40      0.081   3.19e-01   2.05e-01   1.11e-01   9.48e-01   1.02e+00 (  3.22e+02,  4.40e+02)
45      0.104   2.92e-01   2.16e-01   1.09e-01   1.97e+00   2.13e+00 (  3.08e+02,  4.33e+02)
50      0.123   2.66e-01   2.63e-01   1.18e-01   3.68e+00   4.02e+00 (  2.82e+02,  4.14e+02)
55      0.159   2.94e-01   3.87e-01   1.44e-01   6.51e+00   6.91e+00 (  2.72e+02,  3.89e+02)
60      0.207   3.89e-01   5.30e-01   2.52e-01   1.02e+01   1.08e+01 (  2.68e+02,  3.66e+02)
65      0.284   6.21e-01   6.95e-01   3.76e-01   1.49e+01   1.56e+01 (  2.75e+02,  3.47e+02)
70      0.386   1.04e+00   9.46e-01   4.85e-01   2.01e+01   2.06e+01 (  2.80e+02,  3.31e+02)
75      0.500   1.67e+00   1.30e+00   5.79e-01   2.51e+01   2.54e+01 (  2.78e+02,  3.15e+02)
80      0.605   2.47e+00   1.72e+00   6.38e-01   2.88e+01   2.93e+01 (  2.71e+02,  2.99e+02)
85      0.732   3.35e+00   2.36e+00   7.63e-01   3.52e+01   3.20e+01 (  3.02e+02,  2.82e+02)
90      0.508   1.49e+00   1.54e+00   7.25e-01   1.87e+01   3.34e+01 (  1.99e+02,  2.67e+02)
95      1.791   3.71e+00   4.91e+00   3.57e+00   1.19e+02   3.38e+01 (  2.12e+03,  2.53e+02)
49 n: 2.395e-07 e: 1.485e-05 i: 1.907e-05 :: e: 5.134e-03 i: 6.520e-03 :: n: 4.339e+01 e:25.422 i:24.345 v:4.993e+03
 plasma volume = 151.654799
 stored energy(e,i,b,a) = 1.007177e+02 8.903193e+01 0.000000e+00 0.000000e+00
 betan = 2.121431
*power
 Pnb(e,i) = 0.000000e+00 0.000000e+00
 Prf(e,i) = 1.403936e+01 2.595898e+01
 Prad     = -6.402943e+01 
 Pei      = 4.352786e+00 
 Pfuse    = 1.320775e+02 
 Pfusi    = 4.536526e+01 
 Poh      = 0.000000e+00 
*confinement time
 taut, tauITER98y2, H98y2 : 1.236866e+00 1.185614e+00 1.043228e+00
 taue, taui : 1.165172e+00 2.170850e+00
 taut, tau89, H89 : 1.236866e+00 5.864403e-01 2.109107e+00
*temperature
 nea, nebar : 2.780050e+01 3.345864e+01 
 tea, tia : 8.196202e+00 8.309230e+00 (9.863974e-01)
 te0, ti0 : 2.224952e+01 2.473807e+01 (8.994040e-01)
 Sn : 7.662985e+03 
*current balance
 Ip,Ibs,Inb,Irf: 1.000000e+01 3.385318e+00 0.000000e+00 2.019967e-01
 fni,fbs: 0.359 0.339

 plasma volume = 151.654799
 stored energy(e,i,b,a) = 1.007177e+02 8.903193e+01 0.000000e+00 0.000000e+00
 betan = 2.121431
*power
 Pnb(e,i) = 0.000000e+00 0.000000e+00
 Prf(e,i) = 1.403936e+01 2.595898e+01
 Prad     = -6.402943e+01 
 Pei      = 4.352786e+00 
 Pfuse    = 1.320775e+02 
 Pfusi    = 4.536526e+01 
 Poh      = 0.000000e+00 
*confinement time
 taut, tauITER98y2, H98y2 : 1.236866e+00 1.185614e+00 1.043228e+00
 taue, taui : 1.165172e+00 2.170850e+00
 taut, tau89, H89 : 1.236866e+00 5.864403e-01 2.109107e+00
*temperature
 nea, nebar : 2.780050e+01 3.345864e+01 
 tea, tia : 8.196202e+00 8.309230e+00 (9.863974e-01)
 te0, ti0 : 2.224952e+01 2.473807e+01 (8.994040e-01)
 Sn : 7.662985e+03 
*current balance
 Ip,Ibs,Inb,Irf: 1.000000e+01 3.385318e+00 0.000000e+00 2.019967e-01
 fni,fbs: 0.359 0.339
 ELAPASED TIME = 46 sec

finalize
