========================================================================
= FASTRAN

nonlinear model = 0
ichi = 1
ineo = 0
reading state...
read formatted input, inprof...
init geometry...
read formatted input, inmetric...
nrho in inmetric = 101
rhob in inmetric = 1.265743e+00
solve avg grad-shafranv...
solve_avg_gs::Ip_temp = 1.000212e+01 
solve_avg_gs::Ip      = 1.000000e+01 
>>> tau_he = 5.000000, nhe(0)=3.835631e+00

 plasma volume = 149.460806
 stored energy(e,i,b,a) = 6.485175e+01 6.319446e+01 0.000000e+00 0.000000e+00
 betan = 1.447335
*power
 Pnb(e,i) = 0.000000e+00 0.000000e+00
 Prf(e,i) = 4.647224e+00 2.536068e+01
 Prad     = -7.972660e+01 
 Pei      = 1.897894e+01 
 Pfuse    = 7.072228e+01 
 Pfusi    = 2.080512e+01 
 Poh      = 0.000000e+00 
*confinement time
 taut, tauITER98y2, H98y2 : 3.062668e+00 2.596849e+00 1.179379e+00
 taue, taui : 4.435266e+00 3.460461e+01
 taut, tau89, H89 : 3.062668e+00 1.089716e+00 2.810520e+00
*temperature
 nea, nebar : 2.207589e+01 2.589071e+01 
 tea, tia : 7.076184e+00 7.496795e+00 (9.438946e-01)
 te0, ti0 : 1.881358e+01 2.281372e+01 (8.246607e-01)
 Sn : 1.999493e+03 
*current balance
 Ip,Ibs,Inb,Irf: 1.000000e+01 2.303560e+00 0.000000e+00 7.673155e-02
 fni,fbs: 0.238 0.230

Time advancing...
rho_bdry 0.900000 ...
te_bdry = 5.000307
ti_bdry = 5.000307
ne_bdry = 16.078026
rv_bdry = 279.463030
nrho_tr_bdry = 18
drho_bdry = 0.000000e+00
nrhob = 90
 [    0] t = 0.0000 
>>> tau_he = 5.000000, nhe(0)=3.845243e+00
 5     -0.023   4.52e-03   1.77e-01   6.57e-04  -3.08e-02   2.49e-07 (  7.89e-01,  5.49e+01)
10     -0.034   1.18e-02   2.96e-02  -3.06e-03  -9.01e-02   4.44e-06 (  4.00e+00,  1.07e+02)
15     -0.093   3.42e-02  -6.28e-02  -3.68e-03  -3.66e-01   5.41e-05 (  1.66e+01,  1.48e+02)
20     -0.116   1.03e-01  -1.38e-02   1.21e-02  -6.04e-01   5.03e-04 (  6.20e+01,  1.79e+02)
25     -0.073   1.38e-01   6.71e-02   2.17e-02  -4.72e-01   3.63e-03 (  9.60e+01,  2.02e+02)
30     -0.020   1.84e-01   1.05e-01  -6.95e-03  -1.50e-01   2.06e-02 (  1.37e+02,  2.16e+02)
35      0.007   2.23e-01   1.41e-01   4.06e-02   5.75e-02   9.24e-02 (  1.56e+02,  2.18e+02)
40      0.024   2.25e-01   1.68e-01   7.20e-02   2.59e-01   3.29e-01 (  1.47e+02,  2.11e+02)
45      0.086   2.74e-01   2.72e-01   1.43e-01   1.23e+00   9.38e-01 (  1.58e+02,  1.97e+02)
50      0.093   2.67e-01   3.23e-01   1.35e-01   2.00e+00   2.16e+00 (  1.31e+02,  1.80e+02)
55      0.128   3.03e-01   4.06e-01   1.74e-01   3.71e+00   4.06e+00 (  1.17e+02,  1.62e+02)
60      0.195   4.49e-01   5.07e-01   3.04e-01   6.08e+00   6.34e+00 (  1.16e+02,  1.47e+02)
65      0.273   7.20e-01   6.39e-01   3.73e-01   8.29e+00   8.42e+00 (  1.15e+02,  1.34e+02)
70      0.348   1.07e+00   7.97e-01   4.55e-01   9.90e+00   9.80e+00 (  1.11e+02,  1.22e+02)
75      0.391   1.34e+00   8.94e-01   4.86e-01   1.04e+01   1.04e+01 (  9.96e+01,  1.09e+02)
80      0.435   1.62e+00   1.10e+00   5.07e-01   1.08e+01   1.03e+01 (  9.49e+01,  9.60e+01)
85      0.363   1.19e+00   1.01e+00   4.95e-01   8.38e+00   9.93e+00 (  7.87e+01,  8.34e+01)
90      0.658   1.53e+00   2.26e+00   1.49e+00   2.12e+01   9.47e+00 (  4.30e+02,  7.12e+01)
95      0.579   1.01e+00   1.45e+00   1.06e+00   4.78e+01   9.08e+00 (  7.67e+02,  5.90e+01)
 0 n: 3.101e-09 e: 4.517e-07 i: 3.088e-06 :: e: 0.000e+00 i: 0.000e+00 :: n: 3.285e+01 e:18.840 i:22.749 v:4.993e+03
>>> tau_he = 5.000000, nhe(0)=3.837673e+00
 5     -0.020   4.42e-03   1.88e-01   6.51e-04  -2.67e-02   2.49e-07 (  7.69e-01,  5.49e+01)
10     -0.019   1.16e-02   2.74e-02  -3.61e-03  -5.03e-02   4.44e-06 (  4.00e+00,  1.07e+02)
15     -0.096   4.03e-02  -5.94e-02  -1.72e-03  -3.79e-01   5.41e-05 (  1.99e+01,  1.48e+02)
20     -0.110   8.63e-02   7.13e-03   1.09e-02  -5.73e-01   5.03e-04 (  5.23e+01,  1.79e+02)
25     -0.073   1.39e-01   6.77e-02   2.16e-02  -4.77e-01   3.63e-03 (  9.66e+01,  2.02e+02)
30     -0.022   1.82e-01   1.04e-01   4.63e-03  -1.64e-01   2.06e-02 (  1.34e+02,  2.16e+02)
35      0.007   2.23e-01   1.41e-01   4.07e-02   5.91e-02   9.24e-02 (  1.56e+02,  2.18e+02)
40      0.025   2.31e-01   1.69e-01   7.17e-02   2.67e-01   3.29e-01 (  1.51e+02,  2.11e+02)
45      0.056   2.42e-01   2.06e-01   1.19e-01   7.93e-01   9.38e-01 (  1.39e+02,  1.97e+02)
50      0.094   2.67e-01   3.27e-01   1.35e-01   2.03e+00   2.16e+00 (  1.31e+02,  1.80e+02)
55      0.128   3.03e-01   4.06e-01   1.74e-01   3.71e+00   4.06e+00 (  1.17e+02,  1.62e+02)
60      0.195   4.50e-01   5.07e-01   3.04e-01   6.08e+00   6.34e+00 (  1.16e+02,  1.47e+02)
65      0.273   7.20e-01   6.39e-01   3.73e-01   8.29e+00   8.42e+00 (  1.15e+02,  1.34e+02)
70      0.349   1.07e+00   7.97e-01   4.55e-01   9.91e+00   9.80e+00 (  1.11e+02,  1.22e+02)
75      0.390   1.33e+00   8.92e-01   4.86e-01   1.04e+01   1.04e+01 (  9.94e+01,  1.09e+02)
80      0.440   1.64e+00   1.11e+00   5.10e-01   1.10e+01   1.03e+01 (  9.63e+01,  9.60e+01)
85      0.344   1.10e+00   9.65e-01   4.84e-01   7.79e+00   9.93e+00 (  7.38e+01,  8.34e+01)
90      0.660   1.53e+00   2.27e+00   1.49e+00   2.13e+01   9.47e+00 (  4.31e+02,  7.12e+01)
95      0.579   1.01e+00   1.45e+00   1.06e+00   4.78e+01   9.08e+00 (  7.67e+02,  5.90e+01)
 1 n: 2.716e-03 e: 1.813e-02 i: 7.467e-02 :: e: 1.591e-02 i: 1.521e-02 :: n: 3.140e+01 e:21.456 i:24.961 v:4.993e+03
>>> tau_he = 5.000000, nhe(0)=3.798608e+00
 5   -178.400   6.15e-03   4.73e-01   1.87e-03  -6.86e-02   2.49e-07 (  2.37e+00,  5.49e+01)
10   -761.409   3.34e-02   3.57e-02  -2.61e-03  -1.33e+00   4.44e-06 (  2.53e+01,  1.07e+02)
15   -177.262   1.36e-01   4.10e-02   2.15e-02  -4.73e+00   5.41e-05 (  1.23e+02,  1.48e+02)
20    -14.370   2.84e-01   3.48e-01   1.01e-01  -4.61e+00   5.03e-04 (  2.32e+02,  1.79e+02)
25     -0.395   2.70e-01   2.96e-01   1.44e-01  -1.09e+00   3.63e-03 (  2.11e+02,  2.02e+02)
30      0.012   1.79e-01   1.08e-01  -3.11e-03   1.08e-01   2.06e-02 (  1.29e+02,  2.16e+02)
35      0.006   2.15e-01   1.45e-01   5.71e-02   5.06e-02   9.24e-02 (  1.43e+02,  2.18e+02)
40      0.005   2.30e-01   1.72e-01   9.36e-02   4.88e-02   3.29e-01 (  1.42e+02,  2.11e+02)
45      0.035   2.45e-01   1.94e-01   1.36e-01   3.79e-01   9.38e-01 (  1.31e+02,  1.97e+02)
50      0.084   2.64e-01   2.95e-01   1.32e-01   1.70e+00   2.16e+00 (  1.26e+02,  1.80e+02)
55      0.127   3.03e-01   4.03e-01   1.74e-01   3.66e+00   4.06e+00 (  1.16e+02,  1.62e+02)
60      0.197   4.55e-01   5.09e-01   3.08e-01   6.13e+00   6.34e+00 (  1.17e+02,  1.47e+02)
65      0.276   7.30e-01   6.44e-01   3.75e-01   8.37e+00   8.42e+00 (  1.16e+02,  1.34e+02)
70      0.342   1.04e+00   7.61e-01   4.40e-01   9.70e+00   9.80e+00 (  1.08e+02,  1.22e+02)
75      0.394   1.35e+00   9.00e-01   4.87e-01   1.04e+01   1.04e+01 (  1.00e+02,  1.09e+02)
80      0.437   1.63e+00   1.10e+00   5.07e-01   1.08e+01   1.03e+01 (  9.52e+01,  9.60e+01)
85      0.355   1.15e+00   9.93e-01   4.90e-01   8.11e+00   9.93e+00 (  7.64e+01,  8.34e+01)
90      0.650   1.51e+00   2.25e+00   1.50e+00   2.07e+01   9.47e+00 (  4.25e+02,  7.12e+01)
95      0.579   1.01e+00   1.45e+00   1.06e+00   4.78e+01   9.08e+00 (  7.67e+02,  5.90e+01)
 2 n: 1.189e-04 e: 5.682e-04 i: 4.745e-03 :: e: 4.931e-02 i: 8.815e-02 :: n: 3.157e+01 e:21.793 i:25.819 v:4.993e+03
>>> tau_he = 5.000000, nhe(0)=3.910649e+00
 5   -216.505   7.61e-03   4.48e-01   1.86e-03  -8.49e-02   2.49e-07 (  3.16e+00,  5.49e+01)
10  -1217.095   4.51e-02   6.19e-02  -4.43e-03  -2.15e+00   4.44e-06 (  3.71e+01,  1.07e+02)
15   -217.353   1.49e-01   5.74e-02  -1.31e-01  -5.86e+00   5.41e-05 (  1.42e+02,  1.48e+02)
20    -15.126   2.89e-01   3.50e-01   9.25e-02  -4.92e+00   5.03e-04 (  2.48e+02,  1.79e+02)
25     -0.465   2.74e-01   2.91e-01   1.28e-01  -1.32e+00   3.63e-03 (  2.24e+02,  2.02e+02)
30      0.030   2.59e-01   2.46e-01   1.10e-01   2.42e-01   2.06e-02 (  1.96e+02,  2.16e+02)
35      0.019   2.11e-01   1.41e-01   4.19e-02   1.75e-01   9.24e-02 (  1.43e+02,  2.18e+02)
40      0.023   2.17e-01   1.68e-01   8.36e-02   2.37e-01   3.29e-01 (  1.33e+02,  2.11e+02)
45      0.042   2.34e-01   1.91e-01   1.31e-01   4.85e-01   9.38e-01 (  1.23e+02,  1.97e+02)
50      0.085   2.54e-01   2.90e-01   1.28e-01   1.75e+00   2.16e+00 (  1.18e+02,  1.80e+02)
55      0.124   2.92e-01   3.91e-01   1.73e-01   3.59e+00   4.06e+00 (  1.09e+02,  1.62e+02)
60      0.192   4.45e-01   4.95e-01   2.99e-01   5.98e+00   6.34e+00 (  1.11e+02,  1.47e+02)
65      0.272   7.25e-01   6.32e-01   3.68e-01   8.23e+00   8.42e+00 (  1.12e+02,  1.34e+02)
70      0.339   1.05e+00   7.54e-01   4.36e-01   9.63e+00   9.80e+00 (  1.06e+02,  1.22e+02)
75      0.391   1.35e+00   8.92e-01   4.83e-01   1.04e+01   1.04e+01 (  9.84e+01,  1.09e+02)
80      0.436   1.64e+00   1.10e+00   5.04e-01   1.08e+01   1.03e+01 (  9.39e+01,  9.60e+01)
85      0.356   1.17e+00   9.92e-01   4.89e-01   8.13e+00   9.93e+00 (  7.57e+01,  8.34e+01)
90      0.650   1.51e+00   2.25e+00   1.50e+00   2.07e+01   9.47e+00 (  4.23e+02,  7.12e+01)
95      0.579   1.01e+00   1.45e+00   1.06e+00   4.78e+01   9.08e+00 (  7.67e+02,  5.90e+01)
 3 n: 8.430e-05 e: 3.742e-04 i: 1.458e-03 :: e: 5.665e-02 i: 9.427e-02 :: n: 3.153e+01 e:21.933 i:25.558 v:4.993e+03
>>> tau_he = 5.000000, nhe(0)=3.879441e+00
 5   -228.209   6.45e-03   4.39e-01   1.81e-03  -9.01e-02   2.49e-07 (  2.80e+00,  5.49e+01)
10  -1309.608   4.83e-02   7.03e-02  -1.49e-03  -2.32e+00   4.44e-06 (  4.04e+01,  1.07e+02)
15   -211.926   1.52e-01   5.93e-02  -1.55e-01  -5.74e+00   5.41e-05 (  1.42e+02,  1.48e+02)
20    -15.680   2.79e-01   3.40e-01   1.05e-01  -5.13e+00   5.03e-04 (  2.32e+02,  1.79e+02)
25     -0.532   2.72e-01   2.90e-01   1.36e-01  -1.49e+00   3.63e-03 (  2.19e+02,  2.02e+02)
30     -0.039   2.74e-01   2.61e-01   1.31e-01  -2.60e-01   2.06e-02 (  2.08e+02,  2.16e+02)
35      0.009   2.22e-01   1.48e-01   4.72e-02   7.85e-02   9.24e-02 (  1.55e+02,  2.18e+02)
40      0.024   2.22e-01   1.74e-01   8.12e-02   2.47e-01   3.29e-01 (  1.41e+02,  2.11e+02)
45      0.045   2.40e-01   2.00e-01   1.33e-01   5.49e-01   9.38e-01 (  1.30e+02,  1.97e+02)
50      0.088   2.62e-01   3.11e-01   1.37e-01   1.84e+00   2.16e+00 (  1.25e+02,  1.80e+02)
55      0.128   3.01e-01   4.03e-01   1.80e-01   3.70e+00   4.06e+00 (  1.14e+02,  1.62e+02)
60      0.197   4.56e-01   5.06e-01   3.09e-01   6.13e+00   6.34e+00 (  1.15e+02,  1.47e+02)
65      0.278   7.39e-01   6.44e-01   3.74e-01   8.43e+00   8.42e+00 (  1.16e+02,  1.34e+02)
70      0.347   1.07e+00   7.70e-01   4.43e-01   9.86e+00   9.80e+00 (  1.09e+02,  1.22e+02)
75      0.398   1.37e+00   9.07e-01   4.87e-01   1.06e+01   1.04e+01 (  1.00e+02,  1.09e+02)
80      0.442   1.66e+00   1.11e+00   5.05e-01   1.10e+01   1.03e+01 (  9.54e+01,  9.60e+01)
85      0.359   1.17e+00   1.00e+00   4.87e-01   8.21e+00   9.93e+00 (  7.67e+01,  8.34e+01)
90      0.649   1.51e+00   2.25e+00   1.49e+00   2.06e+01   9.47e+00 (  4.24e+02,  7.12e+01)
95      0.579   1.01e+00   1.45e+00   1.06e+00   4.78e+01   9.08e+00 (  7.67e+02,  5.90e+01)
 4 n: 6.225e-05 e: 5.157e-04 i: 1.065e-03 :: e: 5.070e-02 i: 8.075e-02 :: n: 3.156e+01 e:21.482 i:25.392 v:4.993e+03
>>> tau_he = 5.000000, nhe(0)=3.870412e+00
 5   -223.537   6.47e-03   4.32e-01   1.84e-03  -8.83e-02   2.49e-07 (  2.81e+00,  5.49e+01)
10  -1246.380   4.58e-02   6.56e-02  -1.94e-03  -2.21e+00   4.44e-06 (  3.72e+01,  1.07e+02)
15   -190.404   1.45e-01   6.04e-02  -1.33e-01  -5.17e+00   5.41e-05 (  1.28e+02,  1.48e+02)
20     -8.657   1.23e-01   7.59e-02   3.97e-02  -2.83e+00   5.03e-04 (  9.61e+01,  1.79e+02)
25     -0.563   1.61e-01   9.79e-02  -9.92e-03  -1.58e+00   3.63e-03 (  1.23e+02,  2.02e+02)
30     -0.106   1.89e-01   1.12e-01   1.70e-02  -7.19e-01   2.06e-02 (  1.39e+02,  2.16e+02)
35      0.009   2.21e-01   1.43e-01   4.38e-02   7.11e-02   9.24e-02 (  1.52e+02,  2.18e+02)
40      0.026   2.20e-01   1.69e-01   7.59e-02   2.72e-01   3.29e-01 (  1.40e+02,  2.11e+02)
45      0.048   2.37e-01   1.97e-01   1.31e-01   6.11e-01   9.38e-01 (  1.29e+02,  1.97e+02)
50      0.089   2.59e-01   3.09e-01   1.34e-01   1.89e+00   2.16e+00 (  1.23e+02,  1.80e+02)
55      0.126   2.95e-01   3.97e-01   1.76e-01   3.66e+00   4.06e+00 (  1.11e+02,  1.62e+02)
60      0.191   4.43e-01   4.95e-01   2.97e-01   5.96e+00   6.34e+00 (  1.11e+02,  1.47e+02)
65      0.270   7.20e-01   6.29e-01   3.67e-01   8.18e+00   8.42e+00 (  1.11e+02,  1.34e+02)
70      0.338   1.05e+00   7.53e-01   4.35e-01   9.62e+00   9.80e+00 (  1.06e+02,  1.22e+02)
75      0.390   1.36e+00   8.89e-01   4.81e-01   1.03e+01   1.04e+01 (  9.75e+01,  1.09e+02)
80      0.435   1.65e+00   1.10e+00   5.02e-01   1.08e+01   1.03e+01 (  9.33e+01,  9.60e+01)
85      0.356   1.18e+00   9.93e-01   4.88e-01   8.15e+00   9.93e+00 (  7.55e+01,  8.34e+01)
90      0.650   1.51e+00   2.25e+00   1.49e+00   2.07e+01   9.47e+00 (  4.23e+02,  7.12e+01)
95      0.579   1.01e+00   1.45e+00   1.06e+00   4.78e+01   9.08e+00 (  7.67e+02,  5.90e+01)
 5 n: 4.016e-05 e: 1.608e-04 i: 1.021e-04 :: e: 2.368e-02 i: 3.887e-02 :: n: 3.161e+01 e:21.548 i:25.199 v:4.993e+03
>>> tau_he = 5.000000, nhe(0)=3.861643e+00
 5   -219.697   6.34e-03   4.35e-01   1.84e-03  -8.69e-02   2.49e-07 (  2.76e+00,  5.49e+01)
10  -1187.318   4.24e-02   6.04e-02  -4.30e-03  -2.11e+00   4.44e-06 (  3.39e+01,  1.07e+02)
15   -183.670   1.44e-01   6.33e-02  -1.22e-01  -4.99e+00   5.41e-05 (  1.24e+02,  1.48e+02)
20    -12.680   1.23e-01   7.74e-02   4.71e-02  -4.15e+00   5.03e-04 (  9.55e+01,  1.79e+02)
25     -0.565   1.62e-01   9.98e-02  -1.10e-02  -1.59e+00   3.63e-03 (  1.24e+02,  2.02e+02)
30     -0.101   1.90e-01   1.14e-01   1.48e-02  -6.97e-01   2.06e-02 (  1.40e+02,  2.16e+02)
35      0.006   2.24e-01   1.47e-01   4.79e-02   4.64e-02   9.24e-02 (  1.56e+02,  2.18e+02)
40      0.025   2.24e-01   1.74e-01   7.78e-02   2.63e-01   3.29e-01 (  1.44e+02,  2.11e+02)
45      0.049   2.41e-01   2.04e-01   1.33e-01   6.41e-01   9.38e-01 (  1.34e+02,  1.97e+02)
50      0.092   2.67e-01   3.24e-01   1.37e-01   1.96e+00   2.16e+00 (  1.29e+02,  1.80e+02)
55      0.130   3.06e-01   4.09e-01   1.77e-01   3.77e+00   4.06e+00 (  1.18e+02,  1.62e+02)
60      0.198   4.57e-01   5.11e-01   3.10e-01   6.17e+00   6.34e+00 (  1.17e+02,  1.47e+02)
65      0.278   7.37e-01   6.46e-01   3.76e-01   8.44e+00   8.42e+00 (  1.17e+02,  1.34e+02)
70      0.347   1.06e+00   7.72e-01   4.45e-01   9.89e+00   9.80e+00 (  1.10e+02,  1.22e+02)
75      0.398   1.37e+00   9.07e-01   4.88e-01   1.05e+01   1.04e+01 (  1.01e+02,  1.09e+02)
80      0.442   1.65e+00   1.11e+00   5.06e-01   1.10e+01   1.03e+01 (  9.55e+01,  9.60e+01)
85      0.359   1.17e+00   1.00e+00   4.87e-01   8.22e+00   9.93e+00 (  7.71e+01,  8.34e+01)
90      0.649   1.51e+00   2.25e+00   1.49e+00   2.06e+01   9.47e+00 (  4.24e+02,  7.12e+01)
95      0.579   1.01e+00   1.45e+00   1.06e+00   4.78e+01   9.08e+00 (  7.67e+02,  5.90e+01)
 6 n: 3.573e-05 e: 1.160e-04 i: 8.462e-05 :: e: 2.110e-02 i: 3.179e-02 :: n: 3.165e+01 e:21.340 i:25.368 v:4.993e+03
>>> tau_he = 5.000000, nhe(0)=3.884740e+00
 5   -217.156   6.46e-03   4.45e-01   1.90e-03  -8.60e-02   2.49e-07 (  2.80e+00,  5.49e+01)
10  -1113.632   3.99e-02   5.47e-02  -6.75e-03  -1.98e+00   4.44e-06 (  3.13e+01,  1.07e+02)
15   -183.472   1.41e-01   6.42e-02  -1.02e-01  -5.00e+00   5.41e-05 (  1.17e+02,  1.48e+02)
20     -9.165   1.26e-01   7.76e-02   3.92e-02  -3.00e+00   5.03e-04 (  9.75e+01,  1.79e+02)
25     -0.559   1.61e-01   9.78e-02  -1.31e-02  -1.58e+00   3.63e-03 (  1.23e+02,  2.02e+02)
30     -0.073   1.86e-01   1.10e-01   1.54e-02  -5.21e-01   2.06e-02 (  1.36e+02,  2.16e+02)
35      0.007   2.20e-01   1.41e-01   4.37e-02   5.65e-02   9.24e-02 (  1.52e+02,  2.18e+02)
40      0.025   2.21e-01   1.67e-01   7.42e-02   2.69e-01   3.29e-01 (  1.41e+02,  2.11e+02)
45      0.050   2.40e-01   1.99e-01   1.28e-01   6.70e-01   9.38e-01 (  1.33e+02,  1.97e+02)
50      0.091   2.61e-01   3.12e-01   1.34e-01   1.94e+00   2.16e+00 (  1.25e+02,  1.80e+02)
55      0.127   2.98e-01   4.00e-01   1.77e-01   3.69e+00   4.06e+00 (  1.13e+02,  1.62e+02)
60      0.192   4.43e-01   4.98e-01   2.98e-01   5.98e+00   6.34e+00 (  1.12e+02,  1.47e+02)
65      0.270   7.18e-01   6.30e-01   3.68e-01   8.18e+00   8.42e+00 (  1.12e+02,  1.34e+02)
70      0.338   1.04e+00   7.53e-01   4.37e-01   9.62e+00   9.80e+00 (  1.06e+02,  1.22e+02)
75      0.388   1.35e+00   8.86e-01   4.81e-01   1.03e+01   1.04e+01 (  9.74e+01,  1.09e+02)
80      0.434   1.64e+00   1.09e+00   5.03e-01   1.07e+01   1.03e+01 (  9.32e+01,  9.60e+01)
85      0.356   1.17e+00   9.93e-01   4.90e-01   8.15e+00   9.93e+00 (  7.57e+01,  8.34e+01)
90      0.650   1.51e+00   2.25e+00   1.50e+00   2.07e+01   9.47e+00 (  4.23e+02,  7.12e+01)
95      0.579   1.01e+00   1.45e+00   1.06e+00   4.78e+01   9.08e+00 (  7.67e+02,  5.90e+01)
 7 n: 2.485e-05 e: 1.412e-04 i: 4.491e-05 :: e: 1.720e-02 i: 3.167e-02 :: n: 3.169e+01 e:21.542 i:25.321 v:4.993e+03
>>> tau_he = 5.000000, nhe(0)=3.889897e+00
 5   -219.396   6.43e-03   4.49e-01   1.90e-03  -8.69e-02   2.49e-07 (  2.82e+00,  5.49e+01)
10  -1108.016   3.93e-02   5.41e-02  -7.01e-03  -1.98e+00   4.44e-06 (  3.07e+01,  1.07e+02)
15   -181.908   1.43e-01   6.54e-02  -1.06e-01  -4.96e+00   5.41e-05 (  1.18e+02,  1.48e+02)
20    -12.964   1.23e-01   7.84e-02   4.55e-02  -4.25e+00   5.03e-04 (  9.71e+01,  1.79e+02)
25     -0.580   1.65e-01   9.98e-02  -2.44e-02  -1.64e+00   3.63e-03 (  1.28e+02,  2.02e+02)
30     -0.070   1.89e-01   1.12e-01   7.34e-03  -5.09e-01   2.06e-02 (  1.41e+02,  2.16e+02)
35      0.006   2.24e-01   1.46e-01   4.60e-02   4.57e-02   9.24e-02 (  1.56e+02,  2.18e+02)
40      0.025   2.25e-01   1.72e-01   7.61e-02   2.64e-01   3.29e-01 (  1.46e+02,  2.11e+02)
45      0.054   2.45e-01   2.06e-01   1.30e-01   7.24e-01   9.38e-01 (  1.38e+02,  1.97e+02)
50      0.093   2.69e-01   3.28e-01   1.38e-01   2.00e+00   2.16e+00 (  1.31e+02,  1.80e+02)
55      0.131   3.08e-01   4.12e-01   1.78e-01   3.79e+00   4.06e+00 (  1.19e+02,  1.62e+02)
60      0.198   4.58e-01   5.13e-01   3.11e-01   6.19e+00   6.34e+00 (  1.18e+02,  1.47e+02)
65      0.278   7.35e-01   6.48e-01   3.77e-01   8.45e+00   8.42e+00 (  1.17e+02,  1.34e+02)
70      0.347   1.06e+00   7.74e-01   4.46e-01   9.91e+00   9.80e+00 (  1.11e+02,  1.22e+02)
75      0.397   1.36e+00   9.06e-01   4.89e-01   1.05e+01   1.04e+01 (  1.01e+02,  1.09e+02)
80      0.441   1.64e+00   1.11e+00   5.07e-01   1.09e+01   1.03e+01 (  9.57e+01,  9.60e+01)
85      0.359   1.16e+00   1.00e+00   4.89e-01   8.21e+00   9.93e+00 (  7.74e+01,  8.34e+01)
90      0.649   1.51e+00   2.25e+00   1.49e+00   2.06e+01   9.47e+00 (  4.25e+02,  7.12e+01)
95      0.579   1.01e+00   1.45e+00   1.06e+00   4.78e+01   9.08e+00 (  7.67e+02,  5.90e+01)
 8 n: 1.794e-05 e: 6.917e-05 i: 9.359e-05 :: e: 1.604e-02 i: 2.619e-02 :: n: 3.171e+01 e:21.394 i:25.561 v:4.993e+03
>>> tau_he = 5.000000, nhe(0)=3.916165e+00
 5   -219.354   6.60e-03   4.60e-01   1.96e-03  -8.69e-02   2.49e-07 (  2.89e+00,  5.49e+01)
10  -1062.112   3.79e-02   5.08e-02  -8.28e-03  -1.90e+00   4.44e-06 (  2.92e+01,  1.07e+02)
15   -174.923   1.42e-01   6.63e-02  -9.21e-02  -4.77e+00   5.41e-05 (  1.14e+02,  1.48e+02)
20    -12.913   1.26e-01   7.70e-02   4.28e-02  -4.23e+00   5.03e-04 (  9.90e+01,  1.79e+02)
25     -0.579   1.66e-01   9.81e-02  -2.88e-02  -1.64e+00   3.63e-03 (  1.28e+02,  2.02e+02)
30     -0.063   1.88e-01   1.09e-01   4.07e-03  -4.69e-01   2.06e-02 (  1.40e+02,  2.16e+02)
35      0.007   2.22e-01   1.41e-01   4.15e-02   5.59e-02   9.24e-02 (  1.54e+02,  2.18e+02)
40      0.025   2.22e-01   1.67e-01   7.24e-02   2.68e-01   3.29e-01 (  1.43e+02,  2.11e+02)
45      0.055   2.40e-01   2.01e-01   1.25e-01   7.47e-01   9.38e-01 (  1.35e+02,  1.97e+02)
50      0.092   2.64e-01   3.15e-01   1.34e-01   1.98e+00   2.16e+00 (  1.28e+02,  1.80e+02)
55      0.128   2.99e-01   4.02e-01   1.77e-01   3.71e+00   4.06e+00 (  1.15e+02,  1.62e+02)
60      0.192   4.44e-01   5.00e-01   2.99e-01   5.99e+00   6.34e+00 (  1.13e+02,  1.47e+02)
65      0.270   7.16e-01   6.32e-01   3.69e-01   8.18e+00   8.42e+00 (  1.13e+02,  1.34e+02)
70      0.338   1.04e+00   7.55e-01   4.38e-01   9.63e+00   9.80e+00 (  1.07e+02,  1.22e+02)
75      0.387   1.34e+00   8.85e-01   4.82e-01   1.02e+01   1.04e+01 (  9.76e+01,  1.09e+02)
80      0.433   1.63e+00   1.09e+00   5.04e-01   1.07e+01   1.03e+01 (  9.34e+01,  9.60e+01)
85      0.355   1.16e+00   9.93e-01   4.92e-01   8.14e+00   9.93e+00 (  7.61e+01,  8.34e+01)
90      0.650   1.51e+00   2.25e+00   1.50e+00   2.07e+01   9.47e+00 (  4.24e+02,  7.12e+01)
95      0.579   1.01e+00   1.45e+00   1.06e+00   4.78e+01   9.08e+00 (  7.67e+02,  5.90e+01)
 9 n: 1.290e-05 e: 1.447e-04 i: 2.951e-05 :: e: 1.593e-02 i: 2.601e-02 :: n: 3.174e+01 e:21.625 i:25.548 v:4.993e+03
>>> tau_he = 5.000000, nhe(0)=3.921676e+00
 5   -222.807   6.59e-03   4.64e-01   1.96e-03  -8.83e-02   2.49e-07 (  2.92e+00,  5.49e+01)
10  -1070.456   3.79e-02   5.13e-02  -7.99e-03  -1.91e+00   4.44e-06 (  2.93e+01,  1.07e+02)
15   -173.703   1.44e-01   6.70e-02  -9.83e-02  -4.74e+00   5.41e-05 (  1.15e+02,  1.48e+02)
20    -13.396   1.26e-01   8.01e-02   4.38e-02  -4.39e+00   5.03e-04 (  1.01e+02,  1.79e+02)
25     -0.570   1.70e-01   9.98e-02  -4.03e-02  -1.61e+00   3.63e-03 (  1.34e+02,  2.02e+02)
30     -0.061   1.91e-01   1.13e-01  -1.81e-03  -4.65e-01   2.06e-02 (  1.44e+02,  2.16e+02)
35      0.006   2.26e-01   1.46e-01   4.36e-02   4.61e-02   9.24e-02 (  1.60e+02,  2.18e+02)
40      0.024   2.27e-01   1.73e-01   7.44e-02   2.60e-01   3.29e-01 (  1.49e+02,  2.11e+02)
45      0.056   2.45e-01   2.09e-01   1.27e-01   7.72e-01   9.38e-01 (  1.40e+02,  1.97e+02)
50      0.094   2.72e-01   3.31e-01   1.38e-01   2.03e+00   2.16e+00 (  1.34e+02,  1.80e+02)
55      0.131   3.10e-01   4.14e-01   1.79e-01   3.81e+00   4.06e+00 (  1.21e+02,  1.62e+02)
60      0.199   4.58e-01   5.16e-01   3.11e-01   6.20e+00   6.34e+00 (  1.19e+02,  1.47e+02)
65      0.278   7.33e-01   6.50e-01   3.79e-01   8.44e+00   8.42e+00 (  1.18e+02,  1.34e+02)
70      0.347   1.06e+00   7.75e-01   4.48e-01   9.91e+00   9.80e+00 (  1.11e+02,  1.22e+02)
75      0.396   1.35e+00   9.05e-01   4.90e-01   1.05e+01   1.04e+01 (  1.01e+02,  1.09e+02)
80      0.440   1.63e+00   1.11e+00   5.08e-01   1.09e+01   1.03e+01 (  9.60e+01,  9.60e+01)
85      0.358   1.15e+00   1.00e+00   4.92e-01   8.20e+00   9.93e+00 (  7.78e+01,  8.34e+01)
90      0.649   1.51e+00   2.25e+00   1.50e+00   2.06e+01   9.47e+00 (  4.25e+02,  7.12e+01)
95      0.579   1.01e+00   1.45e+00   1.06e+00   4.78e+01   9.08e+00 (  7.67e+02,  5.90e+01)
10 n: 1.118e-05 e: 4.773e-05 i: 9.606e-05 :: e: 1.369e-02 i: 2.194e-02 :: n: 3.175e+01 e:21.494 i:25.805 v:4.993e+03
>>> tau_he = 5.000000, nhe(0)=3.947124e+00
 5   -224.372   6.76e-03   4.74e-01   1.99e-03  -8.90e-02   2.49e-07 (  2.99e+00,  5.49e+01)
10  -1034.511   3.69e-02   4.88e-02  -8.83e-03  -1.85e+00   4.44e-06 (  2.83e+01,  1.07e+02)
15   -167.802   1.42e-01   6.78e-02  -8.61e-02  -4.59e+00   5.41e-05 (  1.12e+02,  1.48e+02)
20    -13.323   1.29e-01   7.86e-02   4.15e-02  -4.37e+00   5.03e-04 (  1.03e+02,  1.79e+02)
25     -0.569   1.70e-01   9.83e-02  -4.15e-02  -1.61e+00   3.63e-03 (  1.34e+02,  2.02e+02)
30     -0.054   1.90e-01   1.10e-01  -4.43e-03  -4.23e-01   2.06e-02 (  1.43e+02,  2.16e+02)
35      0.007   2.25e-01   1.42e-01   3.91e-02   5.66e-02   9.24e-02 (  1.57e+02,  2.18e+02)
40      0.024   2.25e-01   1.67e-01   7.09e-02   2.63e-01   3.29e-01 (  1.47e+02,  2.11e+02)
45      0.056   2.43e-01   2.04e-01   1.19e-01   7.83e-01   9.38e-01 (  1.38e+02,  1.97e+02)
50      0.093   2.65e-01   3.19e-01   1.34e-01   2.01e+00   2.16e+00 (  1.30e+02,  1.80e+02)
55      0.129   3.02e-01   4.05e-01   1.79e-01   3.72e+00   4.06e+00 (  1.17e+02,  1.62e+02)
60      0.193   4.44e-01   5.03e-01   2.99e-01   6.01e+00   6.34e+00 (  1.14e+02,  1.47e+02)
65      0.270   7.13e-01   6.34e-01   3.71e-01   8.18e+00   8.42e+00 (  1.14e+02,  1.34e+02)
70      0.337   1.03e+00   7.56e-01   4.40e-01   9.63e+00   9.80e+00 (  1.08e+02,  1.22e+02)
75      0.386   1.32e+00   8.84e-01   4.84e-01   1.02e+01   1.04e+01 (  9.80e+01,  1.09e+02)
80      0.431   1.61e+00   1.09e+00   5.06e-01   1.07e+01   1.03e+01 (  9.37e+01,  9.60e+01)
85      0.355   1.15e+00   9.94e-01   4.95e-01   8.12e+00   9.93e+00 (  7.66e+01,  8.34e+01)
90      0.650   1.51e+00   2.25e+00   1.50e+00   2.07e+01   9.47e+00 (  4.25e+02,  7.12e+01)
95      0.579   1.01e+00   1.45e+00   1.06e+00   4.78e+01   9.08e+00 (  7.67e+02,  5.90e+01)
11 n: 1.043e-05 e: 1.431e-04 i: 2.035e-05 :: e: 1.679e-02 i: 2.104e-02 :: n: 3.178e+01 e:21.733 i:25.796 v:4.993e+03
>>> tau_he = 5.000000, nhe(0)=3.951295e+00
 5   -228.111   6.74e-03   4.78e-01   1.99e-03  -9.04e-02   2.49e-07 (  3.01e+00,  5.49e+01)
10  -1048.898   3.72e-02   4.97e-02  -8.42e-03  -1.88e+00   4.44e-06 (  2.86e+01,  1.07e+02)
15   -172.760   1.46e-01   7.04e-02  -9.33e-02  -4.72e+00   5.41e-05 (  1.15e+02,  1.48e+02)
20    -13.793   1.30e-01   8.16e-02   4.26e-02  -4.52e+00   5.03e-04 (  1.04e+02,  1.79e+02)
25     -0.590   1.74e-01   1.01e-01  -5.17e-02  -1.67e+00   3.63e-03 (  1.39e+02,  2.02e+02)
30      0.022   2.73e-01   2.54e-01   1.15e-01   1.70e-01   2.06e-02 (  2.09e+02,  2.16e+02)
35      0.006   2.29e-01   1.47e-01   4.12e-02   4.68e-02   9.24e-02 (  1.63e+02,  2.18e+02)
40      0.023   2.36e-01   1.73e-01   7.28e-02   2.52e-01   3.29e-01 (  1.56e+02,  2.11e+02)
45      0.057   2.47e-01   2.11e-01   1.21e-01   8.04e-01   9.38e-01 (  1.44e+02,  1.97e+02)
50      0.096   2.74e-01   3.34e-01   1.38e-01   2.06e+00   2.16e+00 (  1.37e+02,  1.80e+02)
55      0.132   3.13e-01   4.18e-01   1.80e-01   3.82e+00   4.06e+00 (  1.24e+02,  1.62e+02)
60      0.199   4.58e-01   5.19e-01   3.12e-01   6.21e+00   6.34e+00 (  1.21e+02,  1.47e+02)
65      0.278   7.29e-01   6.52e-01   3.81e-01   8.45e+00   8.42e+00 (  1.19e+02,  1.34e+02)
70      0.346   1.05e+00   7.76e-01   4.50e-01   9.90e+00   9.80e+00 (  1.12e+02,  1.22e+02)
75      0.394   1.33e+00   9.04e-01   4.92e-01   1.05e+01   1.04e+01 (  1.02e+02,  1.09e+02)
80      0.438   1.61e+00   1.11e+00   5.10e-01   1.09e+01   1.03e+01 (  9.65e+01,  9.60e+01)
85      0.357   1.14e+00   1.00e+00   4.95e-01   8.18e+00   9.93e+00 (  7.83e+01,  8.34e+01)
90      0.649   1.51e+00   2.25e+00   1.50e+00   2.06e+01   9.47e+00 (  4.27e+02,  7.12e+01)
95      0.579   1.01e+00   1.45e+00   1.06e+00   4.78e+01   9.08e+00 (  7.67e+02,  5.90e+01)
12 n: 8.893e-06 e: 7.912e-05 i: 2.189e-04 :: e: 2.356e-02 i: 3.028e-02 :: n: 3.178e+01 e:21.584 i:25.996 v:4.993e+03
>>> tau_he = 5.000000, nhe(0)=3.970059e+00
 5   -226.594   6.90e-03   4.85e-01   2.03e-03  -9.06e-02   2.49e-07 (  3.08e+00,  5.49e+01)
10  -1020.451   3.66e-02   4.82e-02  -8.76e-03  -1.84e+00   4.44e-06 (  2.79e+01,  1.07e+02)
15   -167.462   1.46e-01   7.08e-02  -8.57e-02  -4.60e+00   5.41e-05 (  1.13e+02,  1.48e+02)
20    -13.570   1.32e-01   8.06e-02   4.02e-02  -4.47e+00   5.03e-04 (  1.06e+02,  1.79e+02)
25     -0.583   1.73e-01   9.94e-02  -5.15e-02  -1.65e+00   3.63e-03 (  1.37e+02,  2.02e+02)
30     -0.075   1.91e-01   1.10e-01   8.53e-03  -5.43e-01   2.06e-02 (  1.44e+02,  2.16e+02)
35      0.011   2.25e-01   1.40e-01   3.37e-02   9.82e-02   9.24e-02 (  1.59e+02,  2.18e+02)
40      0.025   2.33e-01   1.68e-01   6.80e-02   2.78e-01   3.29e-01 (  1.54e+02,  2.11e+02)
45      0.056   2.44e-01   2.05e-01   1.14e-01   7.95e-01   9.38e-01 (  1.41e+02,  1.97e+02)
50      0.094   2.69e-01   3.22e-01   1.35e-01   2.04e+00   2.16e+00 (  1.33e+02,  1.80e+02)
55      0.130   3.05e-01   4.08e-01   1.69e-01   3.74e+00   4.06e+00 (  1.19e+02,  1.62e+02)
60      0.194   4.45e-01   5.07e-01   3.00e-01   6.02e+00   6.34e+00 (  1.16e+02,  1.47e+02)
65      0.270   7.09e-01   6.37e-01   3.74e-01   8.19e+00   8.42e+00 (  1.15e+02,  1.34e+02)
70      0.347   1.06e+00   8.01e-01   4.60e-01   9.92e+00   9.80e+00 (  1.12e+02,  1.22e+02)
75      0.385   1.31e+00   8.84e-01   4.86e-01   1.02e+01   1.04e+01 (  9.87e+01,  1.09e+02)
80      0.430   1.59e+00   1.09e+00   5.09e-01   1.07e+01   1.03e+01 (  9.44e+01,  9.60e+01)
85      0.354   1.14e+00   9.95e-01   4.99e-01   8.11e+00   9.93e+00 (  7.72e+01,  8.34e+01)
90      0.651   1.51e+00   2.25e+00   1.50e+00   2.07e+01   9.47e+00 (  4.26e+02,  7.12e+01)
95      0.579   1.01e+00   1.45e+00   1.06e+00   4.78e+01   9.08e+00 (  7.67e+02,  5.90e+01)
13 n: 1.463e-05 e: 1.269e-04 i: 1.651e-05 :: e: 1.873e-02 i: 1.965e-02 :: n: 3.176e+01 e:21.789 i:25.956 v:4.993e+03
>>> tau_he = 5.000000, nhe(0)=3.963005e+00
 5   -229.351   6.86e-03   4.86e-01   2.02e-03  -9.17e-02   2.49e-07 (  3.08e+00,  5.49e+01)
10  -1034.144   3.68e-02   4.90e-02  -8.46e-03  -1.86e+00   4.44e-06 (  2.82e+01,  1.07e+02)
15   -167.766   1.48e-01   7.23e-02  -8.94e-02  -4.61e+00   5.41e-05 (  1.14e+02,  1.48e+02)
20    -15.220   2.83e-01   3.48e-01   1.03e-01  -5.01e+00   5.03e-04 (  2.28e+02,  1.79e+02)
25     -0.594   1.76e-01   1.02e-01  -5.39e-02  -1.68e+00   3.63e-03 (  1.40e+02,  2.02e+02)
30     -0.078   1.95e-01   1.13e-01   2.89e-03  -5.61e-01   2.06e-02 (  1.48e+02,  2.16e+02)
35      0.006   2.30e-01   1.46e-01   3.87e-02   5.37e-02   9.24e-02 (  1.64e+02,  2.18e+02)
40      0.025   2.38e-01   1.74e-01   7.05e-02   2.71e-01   3.29e-01 (  1.59e+02,  2.11e+02)
45      0.086   2.82e-01   2.79e-01   1.41e-01   1.23e+00   9.38e-01 (  1.66e+02,  1.97e+02)
50      0.097   2.77e-01   3.37e-01   1.39e-01   2.09e+00   2.16e+00 (  1.40e+02,  1.80e+02)
55      0.133   3.15e-01   4.21e-01   1.76e-01   3.84e+00   4.06e+00 (  1.26e+02,  1.62e+02)
60      0.200   4.59e-01   5.24e-01   3.13e-01   6.23e+00   6.34e+00 (  1.23e+02,  1.47e+02)
65      0.278   7.25e-01   6.55e-01   3.84e-01   8.44e+00   8.42e+00 (  1.20e+02,  1.34e+02)
70      0.355   1.07e+00   8.19e-01   4.69e-01   1.02e+01   9.80e+00 (  1.17e+02,  1.22e+02)
75      0.393   1.32e+00   9.03e-01   4.94e-01   1.04e+01   1.04e+01 (  1.02e+02,  1.09e+02)
80      0.437   1.59e+00   1.11e+00   5.14e-01   1.09e+01   1.03e+01 (  9.72e+01,  9.60e+01)
85      0.356   1.13e+00   1.00e+00   4.99e-01   8.17e+00   9.93e+00 (  7.91e+01,  8.34e+01)
90      0.650   1.51e+00   2.25e+00   1.50e+00   2.06e+01   9.47e+00 (  4.28e+02,  7.12e+01)
95      0.579   1.01e+00   1.45e+00   1.06e+00   4.78e+01   9.08e+00 (  7.67e+02,  5.90e+01)
14 n: 4.316e-05 e: 2.144e-04 i: 9.389e-04 :: e: 3.531e-02 i: 4.819e-02 :: n: 3.170e+01 e:21.578 i:26.011 v:4.993e+03
>>> tau_he = 5.000000, nhe(0)=3.955243e+00
 5   -228.696   6.94e-03   4.85e-01   2.04e-03  -9.14e-02   2.49e-07 (  3.11e+00,  5.49e+01)
10  -1027.069   3.67e-02   4.88e-02  -8.33e-03  -1.85e+00   4.44e-06 (  2.79e+01,  1.07e+02)
15   -159.874   1.45e-01   7.30e-02  -7.17e-02  -4.39e+00   5.41e-05 (  1.09e+02,  1.48e+02)
20     -8.995   1.28e-01   7.54e-02   4.28e-02  -2.96e+00   5.03e-04 (  9.89e+01,  1.79e+02)
25     -0.583   1.74e-01   1.00e-01  -4.82e-02  -1.65e+00   3.63e-03 (  1.37e+02,  2.02e+02)
30     -0.069   1.95e-01   1.11e-01  -1.83e-03  -5.13e-01   2.06e-02 (  1.47e+02,  2.16e+02)
35      0.008   2.29e-01   1.43e-01   3.50e-02   7.04e-02   9.24e-02 (  1.62e+02,  2.18e+02)
40      0.024   2.37e-01   1.70e-01   6.91e-02   2.58e-01   3.29e-01 (  1.57e+02,  2.11e+02)
45      0.055   2.49e-01   2.06e-01   1.16e-01   7.61e-01   9.38e-01 (  1.45e+02,  1.97e+02)
50      0.095   2.73e-01   3.23e-01   1.35e-01   2.02e+00   2.16e+00 (  1.37e+02,  1.80e+02)
55      0.131   3.08e-01   4.12e-01   1.70e-01   3.75e+00   4.06e+00 (  1.22e+02,  1.62e+02)
60      0.194   4.45e-01   5.11e-01   3.01e-01   6.03e+00   6.34e+00 (  1.18e+02,  1.47e+02)
65      0.269   7.03e-01   6.39e-01   3.76e-01   8.16e+00   8.42e+00 (  1.16e+02,  1.34e+02)
70      0.345   1.04e+00   7.98e-01   4.61e-01   9.83e+00   9.80e+00 (  1.12e+02,  1.22e+02)
75      0.382   1.29e+00   8.81e-01   4.89e-01   1.01e+01   1.04e+01 (  9.92e+01,  1.09e+02)
80      0.428   1.57e+00   1.09e+00   5.12e-01   1.06e+01   1.03e+01 (  9.51e+01,  9.60e+01)
85      0.353   1.12e+00   9.96e-01   5.04e-01   8.09e+00   9.93e+00 (  7.80e+01,  8.34e+01)
90      0.651   1.51e+00   2.26e+00   1.51e+00   2.07e+01   9.47e+00 (  4.28e+02,  7.12e+01)
95      0.579   1.01e+00   1.45e+00   1.06e+00   4.78e+01   9.08e+00 (  7.67e+02,  5.90e+01)
15 n: 1.505e-05 e: 1.105e-04 i: 2.390e-05 :: e: 2.505e-02 i: 1.985e-02 :: n: 3.171e+01 e:21.741 i:25.954 v:4.993e+03
>>> tau_he = 5.000000, nhe(0)=3.953034e+00
 5   -228.918   6.86e-03   4.86e-01   2.02e-03  -9.14e-02   2.49e-07 (  3.08e+00,  5.49e+01)
10  -1026.326   3.63e-02   4.86e-02  -8.19e-03  -1.85e+00   4.44e-06 (  2.75e+01,  1.07e+02)
15   -158.916   1.47e-01   7.43e-02  -7.27e-02  -4.37e+00   5.41e-05 (  1.10e+02,  1.48e+02)
20     -9.591   1.33e-01   7.98e-02   4.37e-02  -3.16e+00   5.03e-04 (  1.03e+02,  1.79e+02)
25     -0.591   1.77e-01   1.03e-01  -5.38e-02  -1.68e+00   3.63e-03 (  1.40e+02,  2.02e+02)
30      0.003   2.81e-01   2.62e-01   1.20e-01   1.88e-02   2.06e-02 (  2.14e+02,  2.16e+02)
35     -0.007   2.17e-01   1.35e-01   3.56e-02  -5.95e-02   9.24e-02 (  1.56e+02,  2.18e+02)
40      0.024   2.40e-01   1.75e-01   7.12e-02   2.60e-01   3.29e-01 (  1.61e+02,  2.11e+02)
45      0.086   2.86e-01   2.80e-01   1.44e-01   1.20e+00   9.38e-01 (  1.69e+02,  1.97e+02)
50      0.097   2.80e-01   3.38e-01   1.38e-01   2.07e+00   2.16e+00 (  1.43e+02,  1.80e+02)
55      0.134   3.17e-01   4.24e-01   1.76e-01   3.84e+00   4.06e+00 (  1.28e+02,  1.62e+02)
60      0.201   4.60e-01   5.27e-01   3.13e-01   6.24e+00   6.34e+00 (  1.25e+02,  1.47e+02)
65      0.278   7.20e-01   6.58e-01   3.86e-01   8.43e+00   8.42e+00 (  1.22e+02,  1.34e+02)
70      0.353   1.06e+00   8.18e-01   4.70e-01   1.01e+01   9.80e+00 (  1.17e+02,  1.22e+02)
75      0.391   1.30e+00   9.02e-01   4.97e-01   1.04e+01   1.04e+01 (  1.03e+02,  1.09e+02)
80      0.435   1.56e+00   1.11e+00   5.17e-01   1.08e+01   1.03e+01 (  9.81e+01,  9.60e+01)
85      0.355   1.11e+00   1.00e+00   5.04e-01   8.15e+00   9.93e+00 (  7.99e+01,  8.34e+01)
90      0.650   1.51e+00   2.26e+00   1.50e+00   2.07e+01   9.47e+00 (  4.30e+02,  7.12e+01)
95      0.579   1.01e+00   1.45e+00   1.06e+00   4.78e+01   9.08e+00 (  7.67e+02,  5.90e+01)
16 n: 3.903e-05 e: 9.206e-05 i: 2.450e-04 :: e: 3.169e-02 i: 3.725e-02 :: n: 3.170e+01 e:21.586 i:26.100 v:4.993e+03
>>> tau_he = 5.000000, nhe(0)=3.964438e+00
 5   -227.545   6.98e-03   4.90e-01   2.06e-03  -9.13e-02   2.49e-07 (  3.12e+00,  5.49e+01)
10  -1003.609   3.58e-02   4.73e-02  -8.54e-03  -1.81e+00   4.44e-06 (  2.69e+01,  1.07e+02)
15   -151.661   1.47e-01   6.57e-02   6.29e-03  -4.18e+00   5.41e-05 (  1.09e+02,  1.48e+02)
20     -9.524   1.33e-01   7.95e-02   4.10e-02  -3.15e+00   5.03e-04 (  1.03e+02,  1.79e+02)
25     -0.581   1.75e-01   1.01e-01  -5.14e-02  -1.65e+00   3.63e-03 (  1.38e+02,  2.02e+02)
30     -0.063   1.91e-01   1.10e-01   1.09e-02  -4.77e-01   2.06e-02 (  1.43e+02,  2.16e+02)
35      0.003   2.13e-01   1.30e-01   3.10e-02   2.60e-02   9.24e-02 (  1.51e+02,  2.18e+02)
40      0.024   2.39e-01   1.71e-01   6.90e-02   2.57e-01   3.29e-01 (  1.58e+02,  2.11e+02)
45      0.054   2.52e-01   2.06e-01   1.18e-01   7.36e-01   9.38e-01 (  1.46e+02,  1.97e+02)
50      0.096   2.75e-01   3.20e-01   1.32e-01   2.03e+00   2.16e+00 (  1.38e+02,  1.80e+02)
55      0.131   3.10e-01   4.14e-01   1.70e-01   3.75e+00   4.06e+00 (  1.24e+02,  1.62e+02)
60      0.195   4.46e-01   5.14e-01   3.02e-01   6.04e+00   6.34e+00 (  1.19e+02,  1.47e+02)
65      0.270   7.00e-01   6.42e-01   3.79e-01   8.17e+00   8.42e+00 (  1.17e+02,  1.34e+02)
70      0.344   1.03e+00   7.98e-01   4.62e-01   9.79e+00   9.80e+00 (  1.13e+02,  1.22e+02)
75      0.382   1.27e+00   8.82e-01   4.92e-01   1.01e+01   1.04e+01 (  1.00e+02,  1.09e+02)
80      0.427   1.55e+00   1.09e+00   5.16e-01   1.06e+01   1.03e+01 (  9.60e+01,  9.60e+01)
85      0.352   1.11e+00   9.98e-01   5.09e-01   8.09e+00   9.93e+00 (  7.88e+01,  8.34e+01)
90      0.652   1.51e+00   2.26e+00   1.51e+00   2.07e+01   9.47e+00 (  4.29e+02,  7.12e+01)
95      0.579   1.01e+00   1.45e+00   1.06e+00   4.78e+01   9.08e+00 (  7.67e+02,  5.90e+01)
17 n: 1.746e-05 e: 9.071e-05 i: 2.100e-05 :: e: 2.815e-02 i: 1.902e-02 :: n: 3.177e+01 e:21.761 i:26.054 v:4.993e+03
>>> tau_he = 5.000000, nhe(0)=3.972946e+00
 5   -229.485   6.94e-03   4.92e-01   2.05e-03  -9.21e-02   2.49e-07 (  3.13e+00,  5.49e+01)
10  -1012.957   3.60e-02   4.79e-02  -8.27e-03  -1.83e+00   4.44e-06 (  2.72e+01,  1.07e+02)
15   -156.483   1.48e-01   7.46e-02  -7.42e-02  -4.32e+00   5.41e-05 (  1.09e+02,  1.48e+02)
20    -13.319   1.30e-01   7.97e-02   4.72e-02  -4.40e+00   5.03e-04 (  1.02e+02,  1.79e+02)
25     -0.588   1.77e-01   1.03e-01  -5.41e-02  -1.67e+00   3.63e-03 (  1.40e+02,  2.02e+02)
30     -0.018   1.91e-01   1.06e-01  -6.72e-03  -1.40e-01   2.06e-02 (  1.44e+02,  2.16e+02)
35      0.006   2.13e-01   1.34e-01   2.88e-02   5.71e-02   9.24e-02 (  1.53e+02,  2.18e+02)
40      0.025   2.41e-01   1.76e-01   7.09e-02   2.66e-01   3.29e-01 (  1.62e+02,  2.11e+02)
45      0.056   2.55e-01   2.13e-01   1.20e-01   7.65e-01   9.38e-01 (  1.50e+02,  1.97e+02)
50      0.098   2.82e-01   3.35e-01   1.35e-01   2.08e+00   2.16e+00 (  1.44e+02,  1.80e+02)
55      0.134   3.19e-01   4.26e-01   1.76e-01   3.83e+00   4.06e+00 (  1.29e+02,  1.62e+02)
60      0.201   4.60e-01   5.30e-01   3.13e-01   6.24e+00   6.34e+00 (  1.26e+02,  1.47e+02)
65      0.278   7.18e-01   6.60e-01   3.88e-01   8.43e+00   8.42e+00 (  1.23e+02,  1.34e+02)
70      0.353   1.05e+00   8.18e-01   4.72e-01   1.01e+01   9.80e+00 (  1.18e+02,  1.22e+02)
75      0.390   1.29e+00   9.03e-01   5.00e-01   1.04e+01   1.04e+01 (  1.04e+02,  1.09e+02)
80      0.435   1.55e+00   1.11e+00   5.21e-01   1.08e+01   1.03e+01 (  9.90e+01,  9.60e+01)
85      0.354   1.10e+00   1.01e+00   5.09e-01   8.14e+00   9.93e+00 (  8.07e+01,  8.34e+01)
90      0.650   1.51e+00   2.26e+00   1.51e+00   2.07e+01   9.47e+00 (  4.31e+02,  7.12e+01)
95      0.579   1.01e+00   1.45e+00   1.06e+00   4.78e+01   9.08e+00 (  7.67e+02,  5.90e+01)
18 n: 1.717e-05 e: 3.330e-05 i: 5.826e-05 :: e: 2.414e-02 i: 2.326e-02 :: n: 3.176e+01 e:21.650 i:26.247 v:4.993e+03
>>> tau_he = 5.000000, nhe(0)=3.989095e+00
 5   -229.412   7.07e-03   4.99e-01   2.09e-03  -9.21e-02   2.49e-07 (  3.18e+00,  5.49e+01)
10   -987.911   3.53e-02   4.62e-02  -8.79e-03  -1.79e+00   4.44e-06 (  2.65e+01,  1.07e+02)
15   -150.049   1.48e-01   6.51e-02   5.90e-03  -4.14e+00   5.41e-05 (  1.09e+02,  1.48e+02)
20    -13.325   1.30e-01   7.86e-02   4.51e-02  -4.40e+00   5.03e-04 (  1.02e+02,  1.79e+02)
25     -0.584   1.77e-01   1.01e-01  -5.70e-02  -1.66e+00   3.63e-03 (  1.40e+02,  2.02e+02)
30     -0.007   1.92e-01   1.03e-01  -7.55e-03  -5.27e-02   2.06e-02 (  1.45e+02,  2.16e+02)
35      0.005   2.14e-01   1.31e-01   2.75e-02   4.84e-02   9.24e-02 (  1.53e+02,  2.18e+02)
40      0.025   2.39e-01   1.71e-01   6.82e-02   2.65e-01   3.29e-01 (  1.59e+02,  2.11e+02)
45      0.056   2.52e-01   2.07e-01   1.15e-01   7.73e-01   9.38e-01 (  1.47e+02,  1.97e+02)
50      0.097   2.77e-01   3.21e-01   1.33e-01   2.04e+00   2.16e+00 (  1.40e+02,  1.80e+02)
55      0.131   3.11e-01   4.15e-01   1.70e-01   3.74e+00   4.06e+00 (  1.25e+02,  1.62e+02)
60      0.196   4.47e-01   5.17e-01   3.03e-01   6.05e+00   6.34e+00 (  1.21e+02,  1.47e+02)
65      0.271   7.00e-01   6.45e-01   3.81e-01   8.19e+00   8.42e+00 (  1.18e+02,  1.34e+02)
70      0.344   1.03e+00   8.01e-01   4.64e-01   9.80e+00   9.80e+00 (  1.14e+02,  1.22e+02)
75      0.382   1.27e+00   8.86e-01   4.95e-01   1.02e+01   1.04e+01 (  1.01e+02,  1.09e+02)
80      0.428   1.53e+00   1.09e+00   5.19e-01   1.07e+01   1.03e+01 (  9.71e+01,  9.60e+01)
85      0.352   1.10e+00   1.00e+00   5.13e-01   8.09e+00   9.93e+00 (  7.97e+01,  8.34e+01)
90      0.652   1.51e+00   2.26e+00   1.51e+00   2.07e+01   9.47e+00 (  4.31e+02,  7.12e+01)
95      0.579   1.01e+00   1.45e+00   1.06e+00   4.78e+01   9.08e+00 (  7.67e+02,  5.90e+01)
19 n: 9.894e-06 e: 9.175e-05 i: 1.937e-05 :: e: 2.678e-02 i: 1.608e-02 :: n: 3.179e+01 e:21.848 i:26.239 v:4.993e+03
>>> tau_he = 5.000000, nhe(0)=3.994486e+00
 5   -232.159   7.05e-03   5.02e-01   2.08e-03  -9.32e-02   2.49e-07 (  3.19e+00,  5.49e+01)
10  -1001.419   3.56e-02   4.70e-02  -8.54e-03  -1.81e+00   4.44e-06 (  2.69e+01,  1.07e+02)
15   -153.948   1.51e-01   6.84e-02   5.99e-03  -4.25e+00   5.41e-05 (  1.11e+02,  1.48e+02)
20    -13.660   1.32e-01   8.11e-02   4.57e-02  -4.51e+00   5.03e-04 (  1.05e+02,  1.79e+02)
25     -0.553   2.90e-01   3.07e-01   1.38e-01  -1.58e+00   3.63e-03 (  2.31e+02,  2.02e+02)
30     -0.003   1.94e-01   1.06e-01  -1.55e-02  -2.84e-02   2.06e-02 (  1.48e+02,  2.16e+02)
35      0.075   2.89e-01   2.52e-01   1.25e-01   6.97e-01   9.24e-02 (  2.10e+02,  2.18e+02)
40      0.025   2.43e-01   1.76e-01   7.00e-02   2.66e-01   3.29e-01 (  1.63e+02,  2.11e+02)
45      0.087   2.89e-01   2.82e-01   1.43e-01   1.22e+00   9.38e-01 (  1.71e+02,  1.97e+02)
50      0.099   2.83e-01   3.35e-01   1.35e-01   2.08e+00   2.16e+00 (  1.45e+02,  1.80e+02)
55      0.134   3.20e-01   4.26e-01   1.76e-01   3.82e+00   4.06e+00 (  1.30e+02,  1.62e+02)
60      0.201   4.60e-01   5.31e-01   3.13e-01   6.23e+00   6.34e+00 (  1.27e+02,  1.47e+02)
65      0.278   7.16e-01   6.62e-01   3.90e-01   8.42e+00   8.42e+00 (  1.23e+02,  1.34e+02)
70      0.352   1.04e+00   8.19e-01   4.73e-01   1.00e+01   9.80e+00 (  1.18e+02,  1.22e+02)
75      0.390   1.28e+00   9.04e-01   5.02e-01   1.04e+01   1.04e+01 (  1.05e+02,  1.09e+02)
80      0.434   1.54e+00   1.11e+00   5.24e-01   1.08e+01   1.03e+01 (  9.98e+01,  9.60e+01)
85      0.354   1.09e+00   1.01e+00   5.13e-01   8.14e+00   9.93e+00 (  8.13e+01,  8.34e+01)
90      0.651   1.51e+00   2.26e+00   1.51e+00   2.07e+01   9.47e+00 (  4.33e+02,  7.12e+01)
95      0.579   1.01e+00   1.45e+00   1.06e+00   4.78e+01   9.08e+00 (  7.67e+02,  5.90e+01)
20 n: 3.213e-05 e: 7.330e-05 i: 3.268e-04 :: e: 4.035e-02 i: 4.989e-02 :: n: 3.159e+01 e:21.694 i:26.307 v:4.993e+03
>>> tau_he = 5.000000, nhe(0)=3.959627e+00
 5   -232.548   7.11e-03   5.00e-01   2.10e-03  -9.29e-02   2.49e-07 (  3.19e+00,  5.49e+01)
10  -1004.777   3.58e-02   4.72e-02  -8.60e-03  -1.81e+00   4.44e-06 (  2.68e+01,  1.07e+02)
15   -151.287   1.51e-01   6.95e-02   6.08e-03  -4.17e+00   5.41e-05 (  1.10e+02,  1.48e+02)
20    -13.434   1.32e-01   8.12e-02   4.61e-02  -4.42e+00   5.03e-04 (  1.03e+02,  1.79e+02)
25     -0.612   1.71e-01   1.03e-01  -1.42e-02  -1.74e+00   3.63e-03 (  1.32e+02,  2.02e+02)
30     -0.070   1.98e-01   1.13e-01  -1.02e-03  -5.19e-01   2.06e-02 (  1.49e+02,  2.16e+02)
35     -0.002   2.36e-01   1.44e-01   3.68e-02  -1.46e-02   9.24e-02 (  1.69e+02,  2.18e+02)
40      0.023   2.37e-01   1.72e-01   6.94e-02   2.42e-01   3.29e-01 (  1.58e+02,  2.11e+02)
45      0.055   2.55e-01   2.08e-01   1.18e-01   7.46e-01   9.38e-01 (  1.50e+02,  1.97e+02)
50      0.097   2.80e-01   3.23e-01   1.34e-01   2.03e+00   2.16e+00 (  1.42e+02,  1.80e+02)
55      0.132   3.13e-01   4.18e-01   1.71e-01   3.74e+00   4.06e+00 (  1.27e+02,  1.62e+02)
60      0.196   4.47e-01   5.19e-01   3.03e-01   6.05e+00   6.34e+00 (  1.22e+02,  1.47e+02)
65      0.270   6.97e-01   6.47e-01   3.83e-01   8.18e+00   8.42e+00 (  1.19e+02,  1.34e+02)
70      0.344   1.02e+00   8.01e-01   4.66e-01   9.78e+00   9.80e+00 (  1.15e+02,  1.22e+02)
75      0.382   1.26e+00   8.87e-01   4.98e-01   1.02e+01   1.04e+01 (  1.02e+02,  1.09e+02)
80      0.427   1.52e+00   1.09e+00   5.22e-01   1.07e+01   1.03e+01 (  9.79e+01,  9.60e+01)
85      0.352   1.09e+00   1.00e+00   5.17e-01   8.09e+00   9.93e+00 (  8.04e+01,  8.34e+01)
90      0.652   1.51e+00   2.26e+00   1.51e+00   2.07e+01   9.47e+00 (  4.32e+02,  7.12e+01)
95      0.579   1.01e+00   1.45e+00   1.06e+00   4.78e+01   9.08e+00 (  7.67e+02,  5.90e+01)
21 n: 1.300e-05 e: 5.167e-05 i: 2.203e-05 :: e: 2.718e-02 i: 1.436e-02 :: n: 3.168e+01 e:21.771 i:26.275 v:4.993e+03
>>> tau_he = 5.000000, nhe(0)=3.974507e+00
 5   -232.951   7.08e-03   5.01e-01   2.09e-03  -9.32e-02   2.49e-07 (  3.20e+00,  5.49e+01)
10  -1007.821   3.58e-02   4.76e-02  -8.22e-03  -1.82e+00   4.44e-06 (  2.69e+01,  1.07e+02)
15   -154.611   1.52e-01   7.78e-02  -7.63e-02  -4.27e+00   5.41e-05 (  1.10e+02,  1.48e+02)
20    -13.531   1.33e-01   8.27e-02   4.60e-02  -4.46e+00   5.03e-04 (  1.04e+02,  1.79e+02)
25     -0.580   1.73e-01   1.03e-01  -2.83e-02  -1.65e+00   3.63e-03 (  1.34e+02,  2.02e+02)
30     -0.007   1.96e-01   1.07e-01  -1.42e-02  -5.68e-02   2.06e-02 (  1.48e+02,  2.16e+02)
35      0.009   2.34e-01   1.46e-01   3.50e-02   7.30e-02   9.24e-02 (  1.67e+02,  2.18e+02)
40      0.025   2.37e-01   1.76e-01   7.08e-02   2.65e-01   3.29e-01 (  1.58e+02,  2.11e+02)
45      0.057   2.57e-01   2.14e-01   1.20e-01   7.77e-01   9.38e-01 (  1.52e+02,  1.97e+02)
50      0.099   2.85e-01   3.35e-01   1.35e-01   2.07e+00   2.16e+00 (  1.46e+02,  1.80e+02)
55      0.134   3.20e-01   4.27e-01   1.76e-01   3.81e+00   4.06e+00 (  1.31e+02,  1.62e+02)
60      0.201   4.59e-01   5.32e-01   3.13e-01   6.21e+00   6.34e+00 (  1.27e+02,  1.47e+02)
65      0.278   7.12e-01   6.63e-01   3.91e-01   8.41e+00   8.42e+00 (  1.24e+02,  1.34e+02)
70      0.351   1.04e+00   8.19e-01   4.74e-01   1.00e+01   9.80e+00 (  1.19e+02,  1.22e+02)
75      0.389   1.27e+00   9.05e-01   5.05e-01   1.04e+01   1.04e+01 (  1.05e+02,  1.09e+02)
80      0.434   1.52e+00   1.11e+00   5.27e-01   1.08e+01   1.03e+01 (  1.01e+02,  9.60e+01)
85      0.353   1.08e+00   1.01e+00   5.17e-01   8.14e+00   9.93e+00 (  8.20e+01,  8.34e+01)
90      0.651   1.51e+00   2.26e+00   1.51e+00   2.07e+01   9.47e+00 (  4.34e+02,  7.12e+01)
95      0.579   1.01e+00   1.45e+00   1.06e+00   4.78e+01   9.08e+00 (  7.67e+02,  5.90e+01)
22 n: 1.185e-05 e: 2.253e-05 i: 2.986e-05 :: e: 2.203e-02 i: 2.027e-02 :: n: 3.165e+01 e:21.702 i:26.374 v:4.993e+03
>>> tau_he = 5.000000, nhe(0)=3.978375e+00
 5   -233.070   7.16e-03   5.05e-01   2.11e-03  -9.32e-02   2.49e-07 (  3.22e+00,  5.49e+01)
10   -992.700   3.54e-02   4.64e-02  -8.70e-03  -1.79e+00   4.44e-06 (  2.64e+01,  1.07e+02)
15   -149.182   1.52e-01   6.86e-02   5.81e-03  -4.12e+00   5.41e-05 (  1.09e+02,  1.48e+02)
20    -13.557   1.33e-01   8.18e-02   4.49e-02  -4.47e+00   5.03e-04 (  1.04e+02,  1.79e+02)
25     -0.583   1.74e-01   1.02e-01  -3.02e-02  -1.66e+00   3.63e-03 (  1.35e+02,  2.02e+02)
30     -0.008   1.95e-01   1.06e-01  -1.47e-02  -6.24e-02   2.06e-02 (  1.48e+02,  2.16e+02)
35      0.005   2.34e-01   1.44e-01   3.45e-02   4.32e-02   9.24e-02 (  1.66e+02,  2.18e+02)
40      0.024   2.36e-01   1.72e-01   6.90e-02   2.55e-01   3.29e-01 (  1.57e+02,  2.11e+02)
45      0.057   2.54e-01   2.09e-01   1.15e-01   7.78e-01   9.38e-01 (  1.49e+02,  1.97e+02)
50      0.097   2.80e-01   3.23e-01   1.34e-01   2.03e+00   2.16e+00 (  1.42e+02,  1.80e+02)
55      0.132   3.14e-01   4.18e-01   1.71e-01   3.73e+00   4.06e+00 (  1.27e+02,  1.62e+02)
60      0.197   4.49e-01   5.21e-01   3.04e-01   6.07e+00   6.34e+00 (  1.23e+02,  1.47e+02)
65      0.272   6.99e-01   6.51e-01   3.85e-01   8.22e+00   8.42e+00 (  1.20e+02,  1.34e+02)
70      0.345   1.02e+00   8.05e-01   4.68e-01   9.82e+00   9.80e+00 (  1.16e+02,  1.22e+02)
75      0.383   1.25e+00   8.91e-01   5.01e-01   1.02e+01   1.04e+01 (  1.03e+02,  1.09e+02)
80      0.428   1.51e+00   1.09e+00   5.25e-01   1.07e+01   1.03e+01 (  9.89e+01,  9.60e+01)
85      0.352   1.08e+00   1.01e+00   5.20e-01   8.10e+00   9.93e+00 (  8.11e+01,  8.34e+01)
90      0.652   1.51e+00   2.26e+00   1.52e+00   2.07e+01   9.47e+00 (  4.33e+02,  7.12e+01)
95      0.579   1.01e+00   1.45e+00   1.06e+00   4.78e+01   9.08e+00 (  7.67e+02,  5.90e+01)
23 n: 6.144e-06 e: 3.943e-05 i: 1.480e-05 :: e: 2.367e-02 i: 1.266e-02 :: n: 3.168e+01 e:21.812 i:26.371 v:4.993e+03
>>> tau_he = 5.000000, nhe(0)=3.984674e+00
 5   -234.348   7.14e-03   5.06e-01   2.10e-03  -9.37e-02   2.49e-07 (  3.23e+00,  5.49e+01)
10   -998.580   3.55e-02   4.69e-02  -8.48e-03  -1.80e+00   4.44e-06 (  2.66e+01,  1.07e+02)
15   -149.504   1.53e-01   7.00e-02   5.89e-03  -4.13e+00   5.41e-05 (  1.10e+02,  1.48e+02)
20    -13.743   1.34e-01   8.34e-02   4.51e-02  -4.53e+00   5.03e-04 (  1.06e+02,  1.79e+02)
25     -0.593   1.76e-01   1.03e-01  -3.95e-02  -1.68e+00   3.63e-03 (  1.38e+02,  2.02e+02)
30      0.064   2.80e-01   2.54e-01   1.04e-01   5.24e-01   2.06e-02 (  2.13e+02,  2.16e+02)
35      0.007   2.35e-01   1.47e-01   3.51e-02   6.34e-02   9.24e-02 (  1.68e+02,  2.18e+02)
40      0.025   2.37e-01   1.75e-01   7.03e-02   2.62e-01   3.29e-01 (  1.59e+02,  2.11e+02)
45      0.089   2.90e-01   2.83e-01   1.44e-01   1.23e+00   9.38e-01 (  1.72e+02,  1.97e+02)
50      0.099   2.85e-01   3.34e-01   1.35e-01   2.06e+00   2.16e+00 (  1.46e+02,  1.80e+02)
55      0.134   3.20e-01   4.26e-01   1.76e-01   3.78e+00   4.06e+00 (  1.31e+02,  1.62e+02)
60      0.201   4.58e-01   5.32e-01   3.12e-01   6.19e+00   6.34e+00 (  1.27e+02,  1.47e+02)
65      0.278   7.11e-01   6.63e-01   3.92e-01   8.40e+00   8.42e+00 (  1.24e+02,  1.34e+02)
70      0.351   1.03e+00   8.19e-01   4.75e-01   1.00e+01   9.80e+00 (  1.19e+02,  1.22e+02)
75      0.389   1.26e+00   9.05e-01   5.06e-01   1.04e+01   1.04e+01 (  1.06e+02,  1.09e+02)
80      0.433   1.52e+00   1.11e+00   5.28e-01   1.08e+01   1.03e+01 (  1.01e+02,  9.60e+01)
85      0.353   1.08e+00   1.01e+00   5.19e-01   8.14e+00   9.93e+00 (  8.24e+01,  8.34e+01)
90      0.652   1.51e+00   2.26e+00   1.51e+00   2.07e+01   9.47e+00 (  4.34e+02,  7.12e+01)
95      0.579   1.01e+00   1.45e+00   1.06e+00   4.78e+01   9.08e+00 (  7.67e+02,  5.90e+01)
24 n: 3.866e-05 e: 5.605e-05 i: 1.730e-04 :: e: 2.857e-02 i: 3.031e-02 :: n: 3.162e+01 e:21.725 i:26.440 v:4.993e+03
>>> tau_he = 5.000000, nhe(0)=3.977019e+00
 5   -232.383   7.20e-03   5.07e-01   2.12e-03  -9.37e-02   2.49e-07 (  3.25e+00,  5.49e+01)
10   -989.034   3.55e-02   4.66e-02  -8.64e-03  -1.79e+00   4.44e-06 (  2.65e+01,  1.07e+02)
15   -147.311   1.53e-01   6.97e-02   5.70e-03  -4.08e+00   5.41e-05 (  1.09e+02,  1.48e+02)
20    -13.624   1.35e-01   8.37e-02   4.40e-02  -4.52e+00   5.03e-04 (  1.06e+02,  1.79e+02)
25     -0.588   1.76e-01   1.03e-01  -3.93e-02  -1.67e+00   3.63e-03 (  1.37e+02,  2.02e+02)
30     -0.031   1.93e-01   1.07e-01  -1.60e-03  -2.27e-01   2.06e-02 (  1.45e+02,  2.16e+02)
35     -0.001   2.16e-01   1.32e-01   3.33e-02  -7.69e-03   9.24e-02 (  1.54e+02,  2.18e+02)
40      0.024   2.37e-01   1.73e-01   6.90e-02   2.57e-01   3.29e-01 (  1.58e+02,  2.11e+02)
45      0.056   2.56e-01   2.09e-01   1.19e-01   7.49e-01   9.38e-01 (  1.51e+02,  1.97e+02)
50      0.098   2.82e-01   3.23e-01   1.35e-01   2.02e+00   2.16e+00 (  1.43e+02,  1.80e+02)
55      0.132   3.15e-01   4.19e-01   1.72e-01   3.73e+00   4.06e+00 (  1.28e+02,  1.62e+02)
60      0.197   4.50e-01   5.23e-01   3.05e-01   6.07e+00   6.34e+00 (  1.24e+02,  1.47e+02)
65      0.272   6.98e-01   6.53e-01   3.87e-01   8.23e+00   8.42e+00 (  1.21e+02,  1.34e+02)
70      0.345   1.02e+00   8.07e-01   4.70e-01   9.83e+00   9.80e+00 (  1.17e+02,  1.22e+02)
75      0.383   1.25e+00   8.93e-01   5.03e-01   1.02e+01   1.04e+01 (  1.04e+02,  1.09e+02)
80      0.429   1.51e+00   1.10e+00   5.27e-01   1.07e+01   1.03e+01 (  9.96e+01,  9.60e+01)
85      0.352   1.08e+00   1.01e+00   5.23e-01   8.12e+00   9.93e+00 (  8.17e+01,  8.34e+01)
90      0.653   1.51e+00   2.27e+00   1.52e+00   2.07e+01   9.47e+00 (  4.34e+02,  7.12e+01)
95      0.579   1.01e+00   1.45e+00   1.06e+00   4.78e+01   9.08e+00 (  7.67e+02,  5.90e+01)
25 n: 8.359e-06 e: 2.408e-05 i: 1.079e-05 :: e: 2.326e-02 i: 1.330e-02 :: n: 3.170e+01 e:21.800 i:26.424 v:4.993e+03
>>> tau_he = 5.000000, nhe(0)=3.992126e+00
 5   -233.217   7.19e-03   5.09e-01   2.12e-03  -9.41e-02   2.49e-07 (  3.26e+00,  5.49e+01)
10   -992.289   3.56e-02   4.69e-02  -8.40e-03  -1.80e+00   4.44e-06 (  2.66e+01,  1.07e+02)
15   -146.687   1.58e-01   7.03e-02   5.55e-03  -4.07e+00   5.41e-05 (  1.13e+02,  1.48e+02)
20    -13.741   1.35e-01   8.45e-02   4.39e-02  -4.56e+00   5.03e-04 (  1.07e+02,  1.79e+02)
25     -0.589   1.77e-01   1.04e-01  -4.97e-02  -1.68e+00   3.63e-03 (  1.39e+02,  2.02e+02)
30     -0.017   1.94e-01   1.07e-01  -1.14e-02  -1.32e-01   2.06e-02 (  1.46e+02,  2.16e+02)
35      0.007   2.14e-01   1.33e-01   2.94e-02   6.21e-02   9.24e-02 (  1.53e+02,  2.18e+02)
40      0.025   2.38e-01   1.75e-01   6.99e-02   2.69e-01   3.29e-01 (  1.59e+02,  2.11e+02)
45      0.057   2.57e-01   2.13e-01   1.20e-01   7.75e-01   9.38e-01 (  1.52e+02,  1.97e+02)
50      0.099   2.85e-01   3.31e-01   1.37e-01   2.05e+00   2.16e+00 (  1.45e+02,  1.80e+02)
55      0.134   3.20e-01   4.26e-01   1.75e-01   3.77e+00   4.06e+00 (  1.31e+02,  1.62e+02)
60      0.201   4.58e-01   5.32e-01   3.12e-01   6.18e+00   6.34e+00 (  1.27e+02,  1.47e+02)
65      0.277   7.09e-01   6.64e-01   3.92e-01   8.39e+00   8.42e+00 (  1.25e+02,  1.34e+02)
70      0.351   1.03e+00   8.19e-01   4.75e-01   9.99e+00   9.80e+00 (  1.20e+02,  1.22e+02)
75      0.389   1.26e+00   9.06e-01   5.08e-01   1.04e+01   1.04e+01 (  1.06e+02,  1.09e+02)
80      0.433   1.51e+00   1.11e+00   5.30e-01   1.08e+01   1.03e+01 (  1.02e+02,  9.60e+01)
85      0.353   1.07e+00   1.01e+00   5.22e-01   8.15e+00   9.93e+00 (  8.29e+01,  8.34e+01)
90      0.652   1.51e+00   2.27e+00   1.52e+00   2.07e+01   9.47e+00 (  4.35e+02,  7.12e+01)
95      0.579   1.01e+00   1.45e+00   1.06e+00   4.78e+01   9.08e+00 (  7.67e+02,  5.90e+01)
26 n: 8.245e-06 e: 1.343e-05 i: 1.893e-05 :: e: 1.965e-02 i: 1.691e-02 :: n: 3.169e+01 e:21.758 i:26.516 v:4.993e+03
>>> tau_he = 5.000000, nhe(0)=3.999555e+00
 5   -233.370   7.25e-03   5.13e-01   2.14e-03  -9.41e-02   2.49e-07 (  3.28e+00,  5.49e+01)
10   -978.742   3.52e-02   4.59e-02  -8.74e-03  -1.78e+00   4.44e-06 (  2.63e+01,  1.07e+02)
15   -145.227   1.57e-01   6.86e-02   5.40e-03  -4.03e+00   5.41e-05 (  1.12e+02,  1.48e+02)
20    -13.751   1.36e-01   8.38e-02   4.32e-02  -4.56e+00   5.03e-04 (  1.07e+02,  1.79e+02)
25     -0.591   1.77e-01   1.03e-01  -4.77e-02  -1.69e+00   3.63e-03 (  1.40e+02,  2.02e+02)
30     -0.006   1.94e-01   1.05e-01  -1.22e-02  -5.22e-02   2.06e-02 (  1.47e+02,  2.16e+02)
35      0.005   2.14e-01   1.32e-01   2.86e-02   4.36e-02   9.24e-02 (  1.54e+02,  2.18e+02)
40      0.024   2.43e-01   1.73e-01   6.86e-02   2.56e-01   3.29e-01 (  1.62e+02,  2.11e+02)
45      0.057   2.56e-01   2.10e-01   1.16e-01   7.81e-01   9.38e-01 (  1.50e+02,  1.97e+02)
50      0.098   2.82e-01   3.24e-01   1.35e-01   2.02e+00   2.16e+00 (  1.43e+02,  1.80e+02)
55      0.132   3.16e-01   4.19e-01   1.72e-01   3.72e+00   4.06e+00 (  1.28e+02,  1.62e+02)
60      0.198   4.51e-01   5.24e-01   3.06e-01   6.08e+00   6.34e+00 (  1.25e+02,  1.47e+02)
65      0.273   7.00e-01   6.55e-01   3.88e-01   8.25e+00   8.42e+00 (  1.22e+02,  1.34e+02)
70      0.346   1.02e+00   8.10e-01   4.71e-01   9.85e+00   9.80e+00 (  1.17e+02,  1.22e+02)
75      0.384   1.25e+00   8.96e-01   5.05e-01   1.03e+01   1.04e+01 (  1.05e+02,  1.09e+02)
80      0.429   1.50e+00   1.10e+00   5.29e-01   1.08e+01   1.03e+01 (  1.00e+02,  9.60e+01)
85      0.352   1.07e+00   1.01e+00   5.24e-01   8.12e+00   9.93e+00 (  8.22e+01,  8.34e+01)
90      0.653   1.51e+00   2.27e+00   1.52e+00   2.07e+01   9.47e+00 (  4.34e+02,  7.12e+01)
95      0.579   1.01e+00   1.45e+00   1.06e+00   4.78e+01   9.08e+00 (  7.67e+02,  5.90e+01)
27 n: 3.988e-06 e: 2.619e-05 i: 1.018e-05 :: e: 2.069e-02 i: 1.101e-02 :: n: 3.173e+01 e:21.852 i:26.531 v:4.993e+03
>>> tau_he = 5.000000, nhe(0)=4.007244e+00
 5   -234.717   7.25e-03   5.15e-01   2.13e-03  -9.46e-02   2.49e-07 (  3.29e+00,  5.49e+01)
10   -982.844   3.57e-02   4.61e-02  -8.61e-03  -1.78e+00   4.44e-06 (  2.67e+01,  1.07e+02)
15   -145.404   1.58e-01   6.95e-02   5.45e-03  -4.03e+00   5.41e-05 (  1.13e+02,  1.48e+02)
20    -13.900   1.37e-01   8.48e-02   4.34e-02  -4.61e+00   5.03e-04 (  1.09e+02,  1.79e+02)
25     -0.595   1.80e-01   1.04e-01  -5.72e-02  -1.70e+00   3.63e-03 (  1.42e+02,  2.02e+02)
30     -0.002   1.96e-01   1.07e-01  -1.87e-02  -1.82e-02   2.06e-02 (  1.50e+02,  2.16e+02)
35      0.006   2.15e-01   1.34e-01   2.65e-02   5.45e-02   9.24e-02 (  1.55e+02,  2.18e+02)
40      0.025   2.44e-01   1.75e-01   6.93e-02   2.63e-01   3.29e-01 (  1.64e+02,  2.11e+02)
45      0.089   2.91e-01   2.83e-01   1.44e-01   1.23e+00   9.38e-01 (  1.73e+02,  1.97e+02)
50      0.099   2.85e-01   3.31e-01   1.37e-01   2.05e+00   2.16e+00 (  1.45e+02,  1.80e+02)
55      0.134   3.20e-01   4.25e-01   1.75e-01   3.76e+00   4.06e+00 (  1.31e+02,  1.62e+02)
60      0.201   4.58e-01   5.32e-01   3.11e-01   6.17e+00   6.34e+00 (  1.27e+02,  1.47e+02)
65      0.277   7.08e-01   6.64e-01   3.93e-01   8.38e+00   8.42e+00 (  1.25e+02,  1.34e+02)
70      0.351   1.03e+00   8.19e-01   4.76e-01   9.98e+00   9.80e+00 (  1.20e+02,  1.22e+02)
75      0.389   1.25e+00   9.06e-01   5.09e-01   1.04e+01   1.04e+01 (  1.07e+02,  1.09e+02)
80      0.433   1.50e+00   1.11e+00   5.31e-01   1.09e+01   1.03e+01 (  1.02e+02,  9.60e+01)
85      0.353   1.07e+00   1.01e+00   5.24e-01   8.15e+00   9.93e+00 (  8.31e+01,  8.34e+01)
90      0.652   1.51e+00   2.27e+00   1.52e+00   2.07e+01   9.47e+00 (  4.35e+02,  7.12e+01)
95      0.579   1.01e+00   1.45e+00   1.06e+00   4.78e+01   9.08e+00 (  7.67e+02,  5.90e+01)
28 n: 3.983e-05 e: 1.402e-05 i: 3.191e-05 :: e: 1.976e-02 i: 1.826e-02 :: n: 3.167e+01 e:21.814 i:26.639 v:4.993e+03
>>> tau_he = 5.000000, nhe(0)=4.005941e+00
 5   -235.082   7.32e-03   5.19e-01   2.15e-03  -9.47e-02   2.49e-07 (  3.31e+00,  5.49e+01)
10   -973.244   3.55e-02   4.55e-02  -8.88e-03  -1.77e+00   4.44e-06 (  2.64e+01,  1.07e+02)
15   -144.037   1.59e-01   6.86e-02   5.44e-03  -4.00e+00   5.41e-05 (  1.12e+02,  1.48e+02)
20    -13.891   1.37e-01   8.46e-02   4.31e-02  -4.61e+00   5.03e-04 (  1.09e+02,  1.79e+02)
25     -0.596   1.80e-01   1.04e-01  -5.56e-02  -1.70e+00   3.63e-03 (  1.43e+02,  2.02e+02)
30      0.067   2.80e-01   2.52e-01   9.80e-02   5.64e-01   2.06e-02 (  2.14e+02,  2.16e+02)
35      0.005   2.18e-01   1.33e-01   2.53e-02   5.09e-02   9.24e-02 (  1.57e+02,  2.18e+02)
40      0.024   2.39e-01   1.74e-01   6.97e-02   2.47e-01   3.29e-01 (  1.59e+02,  2.11e+02)
45      0.056   2.58e-01   2.10e-01   1.20e-01   7.44e-01   9.38e-01 (  1.52e+02,  1.97e+02)
50      0.098   2.83e-01   3.25e-01   1.36e-01   2.01e+00   2.16e+00 (  1.44e+02,  1.80e+02)
55      0.132   3.17e-01   4.21e-01   1.73e-01   3.72e+00   4.06e+00 (  1.29e+02,  1.62e+02)
60      0.198   4.51e-01   5.26e-01   3.06e-01   6.07e+00   6.34e+00 (  1.25e+02,  1.47e+02)
65      0.273   6.99e-01   6.56e-01   3.89e-01   8.25e+00   8.42e+00 (  1.22e+02,  1.34e+02)
70      0.346   1.02e+00   8.11e-01   4.72e-01   9.85e+00   9.80e+00 (  1.18e+02,  1.22e+02)
75      0.385   1.24e+00   8.98e-01   5.07e-01   1.03e+01   1.04e+01 (  1.05e+02,  1.09e+02)
80      0.429   1.50e+00   1.10e+00   5.30e-01   1.08e+01   1.03e+01 (  1.01e+02,  9.60e+01)
85      0.352   1.07e+00   1.01e+00   5.26e-01   8.12e+00   9.93e+00 (  8.26e+01,  8.34e+01)
90      0.653   1.51e+00   2.27e+00   1.52e+00   2.07e+01   9.47e+00 (  4.35e+02,  7.12e+01)
95      0.579   1.01e+00   1.45e+00   1.06e+00   4.78e+01   9.08e+00 (  7.67e+02,  5.90e+01)
29 n: 7.550e-06 e: 4.543e-05 i: 1.391e-04 :: e: 2.400e-02 i: 1.895e-02 :: n: 3.167e+01 e:21.875 i:26.605 v:4.993e+03
>>> tau_he = 5.000000, nhe(0)=4.001717e+00
 5   -235.306   7.30e-03   5.17e-01   2.15e-03  -9.53e-02   2.49e-07 (  3.32e+00,  5.49e+01)
10   -985.393   3.60e-02   4.65e-02  -8.56e-03  -1.79e+00   4.44e-06 (  2.69e+01,  1.07e+02)
15   -144.009   1.60e-01   7.07e-02   5.46e-03  -4.00e+00   5.41e-05 (  1.13e+02,  1.48e+02)
20    -13.941   1.38e-01   8.64e-02   4.31e-02  -4.64e+00   5.03e-04 (  1.10e+02,  1.79e+02)
25     -0.605   1.81e-01   1.05e-01  -5.73e-02  -1.71e+00   3.63e-03 (  1.44e+02,  2.02e+02)
30     -0.028   1.95e-01   1.08e-01  -5.98e-03  -2.11e-01   2.06e-02 (  1.48e+02,  2.16e+02)
35      0.008   2.22e-01   1.34e-01   2.36e-02   7.13e-02   9.24e-02 (  1.61e+02,  2.18e+02)
40      0.025   2.45e-01   1.76e-01   6.91e-02   2.62e-01   3.29e-01 (  1.65e+02,  2.11e+02)
45      0.057   2.59e-01   2.14e-01   1.20e-01   7.75e-01   9.38e-01 (  1.53e+02,  1.97e+02)
50      0.099   2.86e-01   3.31e-01   1.38e-01   2.04e+00   2.16e+00 (  1.46e+02,  1.80e+02)
55      0.134   3.20e-01   4.26e-01   1.75e-01   3.76e+00   4.06e+00 (  1.31e+02,  1.62e+02)
60      0.200   4.57e-01   5.32e-01   3.09e-01   6.15e+00   6.34e+00 (  1.28e+02,  1.47e+02)
65      0.277   7.06e-01   6.64e-01   3.93e-01   8.36e+00   8.42e+00 (  1.25e+02,  1.34e+02)
70      0.350   1.02e+00   8.19e-01   4.76e-01   9.96e+00   9.80e+00 (  1.20e+02,  1.22e+02)
75      0.407   1.32e+00   9.82e-01   5.28e-01   1.09e+01   1.04e+01 (  1.13e+02,  1.09e+02)
80      0.432   1.50e+00   1.11e+00   5.33e-01   1.08e+01   1.03e+01 (  1.02e+02,  9.60e+01)
85      0.353   1.06e+00   1.01e+00   5.25e-01   8.14e+00   9.93e+00 (  8.34e+01,  8.34e+01)
90      0.652   1.51e+00   2.27e+00   1.52e+00   2.07e+01   9.47e+00 (  4.36e+02,  7.12e+01)
95      0.579   1.01e+00   1.45e+00   1.06e+00   4.78e+01   9.08e+00 (  7.67e+02,  5.90e+01)
30 n: 5.012e-05 e: 9.135e-06 i: 1.483e-05 :: e: 1.776e-02 i: 2.047e-02 :: n: 3.166e+01 e:21.808 i:26.682 v:4.993e+03
>>> tau_he = 5.000000, nhe(0)=4.006933e+00
 5   -234.969   7.36e-03   5.20e-01   2.16e-03  -9.51e-02   2.49e-07 (  3.34e+00,  5.49e+01)
10   -973.282   3.56e-02   4.57e-02  -8.77e-03  -1.77e+00   4.44e-06 (  2.65e+01,  1.07e+02)
15   -142.363   1.59e-01   6.94e-02   5.22e-03  -3.96e+00   5.41e-05 (  1.12e+02,  1.48e+02)
20    -13.860   1.38e-01   8.56e-02   4.27e-02  -4.61e+00   5.03e-04 (  1.09e+02,  1.79e+02)
25     -0.597   1.81e-01   1.04e-01  -5.70e-02  -1.70e+00   3.63e-03 (  1.43e+02,  2.02e+02)
30     -0.023   1.96e-01   1.07e-01  -1.12e-02  -1.74e-01   2.06e-02 (  1.48e+02,  2.16e+02)
35      0.007   2.22e-01   1.33e-01   2.41e-02   6.11e-02   9.24e-02 (  1.60e+02,  2.18e+02)
40      0.025   2.44e-01   1.74e-01   6.81e-02   2.68e-01   3.29e-01 (  1.63e+02,  2.11e+02)
45      0.058   2.57e-01   2.12e-01   1.17e-01   7.87e-01   9.38e-01 (  1.52e+02,  1.97e+02)
50      0.099   2.84e-01   3.27e-01   1.36e-01   2.03e+00   2.16e+00 (  1.44e+02,  1.80e+02)
55      0.133   3.18e-01   4.22e-01   1.73e-01   3.73e+00   4.06e+00 (  1.29e+02,  1.62e+02)
60      0.199   4.53e-01   5.28e-01   3.08e-01   6.09e+00   6.34e+00 (  1.26e+02,  1.47e+02)
65      0.274   7.00e-01   6.59e-01   3.91e-01   8.27e+00   8.42e+00 (  1.23e+02,  1.34e+02)
70      0.347   1.01e+00   8.12e-01   4.73e-01   9.85e+00   9.80e+00 (  1.18e+02,  1.22e+02)
75      0.401   1.30e+00   9.70e-01   5.25e-01   1.07e+01   1.04e+01 (  1.11e+02,  1.09e+02)
80      0.429   1.49e+00   1.10e+00   5.31e-01   1.08e+01   1.03e+01 (  1.01e+02,  9.60e+01)
85      0.352   1.06e+00   1.01e+00   5.28e-01   8.13e+00   9.93e+00 (  8.31e+01,  8.34e+01)
90      0.653   1.51e+00   2.27e+00   1.52e+00   2.07e+01   9.47e+00 (  4.36e+02,  7.12e+01)
95      0.579   1.01e+00   1.45e+00   1.06e+00   4.78e+01   9.08e+00 (  7.67e+02,  5.90e+01)
31 n: 2.651e-05 e: 1.756e-05 i: 9.766e-06 :: e: 1.603e-02 i: 1.498e-02 :: n: 3.167e+01 e:21.888 i:26.671 v:4.993e+03
>>> tau_he = 5.000000, nhe(0)=4.007698e+00
 5   -236.104   7.34e-03   5.21e-01   2.16e-03  -9.55e-02   2.49e-07 (  3.34e+00,  5.49e+01)
10   -978.272   3.58e-02   4.60e-02  -8.70e-03  -1.78e+00   4.44e-06 (  2.67e+01,  1.07e+02)
15   -142.659   1.60e-01   7.01e-02   5.48e-03  -3.97e+00   5.41e-05 (  1.12e+02,  1.48e+02)
20    -13.972   1.39e-01   8.64e-02   4.32e-02  -4.65e+00   5.03e-04 (  1.10e+02,  1.79e+02)
25     -0.602   1.82e-01   1.05e-01  -6.08e-02  -1.71e+00   3.63e-03 (  1.45e+02,  2.02e+02)
30     -0.019   1.97e-01   1.08e-01  -1.67e-02  -1.52e-01   2.06e-02 (  1.50e+02,  2.16e+02)
35      0.077   2.91e-01   2.54e-01   1.23e-01   7.19e-01   9.24e-02 (  2.11e+02,  2.18e+02)
40      0.025   2.45e-01   1.76e-01   6.90e-02   2.67e-01   3.29e-01 (  1.65e+02,  2.11e+02)
45      0.090   2.93e-01   2.84e-01   1.44e-01   1.23e+00   9.38e-01 (  1.74e+02,  1.97e+02)
50      0.100   2.87e-01   3.32e-01   1.38e-01   2.05e+00   2.16e+00 (  1.46e+02,  1.80e+02)
55      0.134   3.21e-01   4.27e-01   1.76e-01   3.76e+00   4.06e+00 (  1.31e+02,  1.62e+02)
60      0.201   4.58e-01   5.34e-01   3.10e-01   6.16e+00   6.34e+00 (  1.28e+02,  1.47e+02)
65      0.277   7.06e-01   6.66e-01   3.94e-01   8.37e+00   8.42e+00 (  1.25e+02,  1.34e+02)
70      0.350   1.02e+00   8.18e-01   4.76e-01   9.93e+00   9.80e+00 (  1.20e+02,  1.22e+02)
75      0.403   1.30e+00   9.73e-01   5.25e-01   1.07e+01   1.04e+01 (  1.11e+02,  1.09e+02)
80      0.431   1.49e+00   1.11e+00   5.33e-01   1.08e+01   1.03e+01 (  1.02e+02,  9.60e+01)
85      0.353   1.06e+00   1.02e+00   5.27e-01   8.15e+00   9.93e+00 (  8.38e+01,  8.34e+01)
90      0.653   1.51e+00   2.27e+00   1.52e+00   2.07e+01   9.47e+00 (  4.36e+02,  7.12e+01)
95      0.579   1.01e+00   1.45e+00   1.06e+00   4.78e+01   9.08e+00 (  7.67e+02,  5.90e+01)
32 n: 5.232e-05 e: 2.607e-05 i: 7.573e-05 :: e: 2.298e-02 i: 2.971e-02 :: n: 3.149e+01 e:21.824 i:26.726 v:4.993e+03
>>> tau_he = 5.000000, nhe(0)=3.975578e+00
 5   -236.085   7.36e-03   5.20e-01   2.17e-03  -9.52e-02   2.49e-07 (  3.32e+00,  5.49e+01)
10   -975.592   3.42e-02   4.62e-02  -9.01e-03  -1.77e+00   4.44e-06 (  2.53e+01,  1.07e+02)
15   -140.984   1.60e-01   7.05e-02   6.22e-03  -3.92e+00   5.41e-05 (  1.11e+02,  1.48e+02)
20    -13.875   1.39e-01   8.72e-02   4.39e-02  -4.60e+00   5.03e-04 (  1.10e+02,  1.79e+02)
25     -0.547   2.95e-01   3.13e-01   1.38e-01  -1.56e+00   3.63e-03 (  2.33e+02,  2.02e+02)
30     -0.037   1.99e-01   1.11e-01  -1.43e-02  -2.62e-01   2.06e-02 (  1.51e+02,  2.16e+02)
35     -0.001   2.39e-01   1.46e-01   3.60e-02  -4.78e-03   9.24e-02 (  1.71e+02,  2.18e+02)
40      0.023   2.40e-01   1.75e-01   7.03e-02   2.41e-01   3.29e-01 (  1.60e+02,  2.11e+02)
45      0.056   2.60e-01   2.12e-01   1.21e-01   7.51e-01   9.38e-01 (  1.53e+02,  1.97e+02)
50      0.099   2.86e-01   3.28e-01   1.37e-01   2.02e+00   2.16e+00 (  1.45e+02,  1.80e+02)
55      0.133   3.19e-01   4.24e-01   1.74e-01   3.73e+00   4.06e+00 (  1.30e+02,  1.62e+02)
60      0.199   4.53e-01   5.29e-01   3.06e-01   6.08e+00   6.34e+00 (  1.26e+02,  1.47e+02)
65      0.274   6.98e-01   6.60e-01   3.92e-01   8.26e+00   8.42e+00 (  1.24e+02,  1.34e+02)
70      0.346   1.01e+00   8.11e-01   4.73e-01   9.81e+00   9.80e+00 (  1.18e+02,  1.22e+02)
75      0.398   1.29e+00   9.63e-01   5.22e-01   1.06e+01   1.04e+01 (  1.10e+02,  1.09e+02)
80      0.428   1.48e+00   1.10e+00   5.32e-01   1.07e+01   1.03e+01 (  1.01e+02,  9.60e+01)
85      0.352   1.06e+00   1.01e+00   5.30e-01   8.13e+00   9.93e+00 (  8.34e+01,  8.34e+01)
90      0.653   1.51e+00   2.27e+00   1.52e+00   2.07e+01   9.47e+00 (  4.36e+02,  7.12e+01)
95      0.579   1.01e+00   1.45e+00   1.06e+00   4.78e+01   9.08e+00 (  7.67e+02,  5.90e+01)
33 n: 1.504e-05 e: 6.905e-05 i: 4.772e-04 :: e: 2.419e-02 i: 2.904e-02 :: n: 3.157e+01 e:21.793 i:26.616 v:4.993e+03
>>> tau_he = 5.000000, nhe(0)=3.981963e+00
 5   -236.491   7.34e-03   5.15e-01   2.16e-03  -9.55e-02   2.49e-07 (  3.33e+00,  5.49e+01)
10   -996.702   3.60e-02   4.75e-02  -8.19e-03  -1.81e+00   4.44e-06 (  2.68e+01,  1.07e+02)
15   -140.113   1.61e-01   7.12e-02   3.53e-03  -3.90e+00   5.41e-05 (  1.12e+02,  1.48e+02)
20    -13.723   1.38e-01   8.68e-02   4.42e-02  -4.56e+00   5.03e-04 (  1.08e+02,  1.79e+02)
25     -0.613   1.74e-01   1.05e-01  -1.85e-02  -1.75e+00   3.63e-03 (  1.34e+02,  2.02e+02)
30     -0.021   1.98e-01   1.09e-01  -1.61e-02  -1.63e-01   2.06e-02 (  1.50e+02,  2.16e+02)
35     -0.003   2.20e-01   1.34e-01   3.29e-02  -2.55e-02   9.24e-02 (  1.57e+02,  2.18e+02)
40      0.025   2.39e-01   1.76e-01   7.01e-02   2.67e-01   3.29e-01 (  1.59e+02,  2.11e+02)
45      0.058   2.59e-01   2.14e-01   1.21e-01   7.80e-01   9.38e-01 (  1.53e+02,  1.97e+02)
50      0.100   2.87e-01   3.31e-01   1.38e-01   2.04e+00   2.16e+00 (  1.46e+02,  1.80e+02)
55      0.134   3.21e-01   4.27e-01   1.75e-01   3.75e+00   4.06e+00 (  1.31e+02,  1.62e+02)
60      0.201   4.57e-01   5.34e-01   3.09e-01   6.14e+00   6.34e+00 (  1.28e+02,  1.47e+02)
65      0.277   7.04e-01   6.66e-01   3.95e-01   8.34e+00   8.42e+00 (  1.25e+02,  1.34e+02)
70      0.349   1.01e+00   8.17e-01   4.76e-01   9.89e+00   9.80e+00 (  1.20e+02,  1.22e+02)
75      0.400   1.29e+00   9.67e-01   5.24e-01   1.06e+01   1.04e+01 (  1.10e+02,  1.09e+02)
80      0.430   1.48e+00   1.11e+00   5.33e-01   1.08e+01   1.03e+01 (  1.02e+02,  9.60e+01)
85      0.353   1.06e+00   1.02e+00   5.29e-01   8.15e+00   9.93e+00 (  8.41e+01,  8.34e+01)
90      0.653   1.51e+00   2.27e+00   1.52e+00   2.07e+01   9.47e+00 (  4.37e+02,  7.12e+01)
95      0.579   1.01e+00   1.45e+00   1.06e+00   4.78e+01   9.08e+00 (  7.67e+02,  5.90e+01)
34 n: 1.230e-05 e: 6.026e-06 i: 9.521e-06 :: e: 1.446e-02 i: 1.642e-02 :: n: 3.163e+01 e:21.746 i:26.598 v:4.993e+03
>>> tau_he = 5.000000, nhe(0)=3.993101e+00
 5   -234.858   7.33e-03   5.15e-01   2.16e-03  -9.49e-02   2.49e-07 (  3.32e+00,  5.49e+01)
10   -981.090   3.54e-02   4.64e-02  -8.44e-03  -1.79e+00   4.44e-06 (  2.63e+01,  1.07e+02)
15   -139.482   1.59e-01   7.09e-02   5.27e-03  -3.88e+00   5.41e-05 (  1.10e+02,  1.48e+02)
20    -13.627   1.37e-01   8.56e-02   4.40e-02  -4.53e+00   5.03e-04 (  1.08e+02,  1.79e+02)
25     -0.609   1.73e-01   1.04e-01  -1.99e-02  -1.74e+00   3.63e-03 (  1.34e+02,  2.02e+02)
30     -0.001   1.96e-01   1.07e-01  -1.68e-02  -8.03e-03   2.06e-02 (  1.48e+02,  2.16e+02)
35      0.004   2.16e-01   1.33e-01   2.95e-02   3.75e-02   9.24e-02 (  1.54e+02,  2.18e+02)
40      0.025   2.38e-01   1.74e-01   6.96e-02   2.64e-01   3.29e-01 (  1.58e+02,  2.11e+02)
45      0.058   2.58e-01   2.13e-01   1.19e-01   7.84e-01   9.38e-01 (  1.52e+02,  1.97e+02)
50      0.099   2.85e-01   3.28e-01   1.37e-01   2.02e+00   2.16e+00 (  1.45e+02,  1.80e+02)
55      0.133   3.19e-01   4.24e-01   1.74e-01   3.72e+00   4.06e+00 (  1.30e+02,  1.62e+02)
60      0.199   4.54e-01   5.30e-01   3.07e-01   6.09e+00   6.34e+00 (  1.27e+02,  1.47e+02)
65      0.275   7.00e-01   6.62e-01   3.93e-01   8.29e+00   8.42e+00 (  1.24e+02,  1.34e+02)
70      0.347   1.01e+00   8.13e-01   4.74e-01   9.83e+00   9.80e+00 (  1.19e+02,  1.22e+02)
75      0.398   1.28e+00   9.61e-01   5.21e-01   1.05e+01   1.04e+01 (  1.09e+02,  1.09e+02)
80      0.429   1.48e+00   1.10e+00   5.33e-01   1.07e+01   1.03e+01 (  1.02e+02,  9.60e+01)
85      0.352   1.06e+00   1.02e+00   5.30e-01   8.14e+00   9.93e+00 (  8.38e+01,  8.34e+01)
90      0.653   1.51e+00   2.27e+00   1.52e+00   2.07e+01   9.47e+00 (  4.37e+02,  7.12e+01)
95      0.579   1.01e+00   1.45e+00   1.06e+00   4.78e+01   9.08e+00 (  7.67e+02,  5.90e+01)
35 n: 6.570e-06 e: 6.872e-06 i: 9.489e-06 :: e: 1.397e-02 i: 1.296e-02 :: n: 3.166e+01 e:21.782 i:26.584 v:4.993e+03
>>> tau_he = 5.000000, nhe(0)=3.997999e+00
 5   -234.679   7.31e-03   5.16e-01   2.15e-03  -9.48e-02   2.49e-07 (  3.32e+00,  5.49e+01)
10   -976.921   3.56e-02   4.60e-02  -8.52e-03  -1.78e+00   4.44e-06 (  2.64e+01,  1.07e+02)
15   -139.184   1.59e-01   7.04e-02   5.48e-03  -3.87e+00   5.41e-05 (  1.10e+02,  1.48e+02)
20    -13.688   1.37e-01   8.56e-02   4.42e-02  -4.55e+00   5.03e-04 (  1.08e+02,  1.79e+02)
25     -0.581   1.75e-01   1.03e-01  -3.03e-02  -1.66e+00   3.63e-03 (  1.36e+02,  2.02e+02)
30      0.059   2.78e-01   2.15e-01   5.11e-02   5.05e-01   2.06e-02 (  2.12e+02,  2.16e+02)
35      0.006   2.16e-01   1.34e-01   2.77e-02   5.15e-02   9.24e-02 (  1.55e+02,  2.18e+02)
40      0.025   2.39e-01   1.75e-01   6.99e-02   2.64e-01   3.29e-01 (  1.59e+02,  2.11e+02)
45      0.090   2.93e-01   2.84e-01   1.46e-01   1.23e+00   9.38e-01 (  1.73e+02,  1.97e+02)
50      0.099   2.86e-01   3.31e-01   1.38e-01   2.03e+00   2.16e+00 (  1.45e+02,  1.80e+02)
55      0.133   3.20e-01   4.26e-01   1.75e-01   3.73e+00   4.06e+00 (  1.30e+02,  1.62e+02)
60      0.200   4.57e-01   5.33e-01   3.09e-01   6.13e+00   6.34e+00 (  1.28e+02,  1.47e+02)
65      0.277   7.04e-01   6.66e-01   3.95e-01   8.34e+00   8.42e+00 (  1.25e+02,  1.34e+02)
70      0.349   1.01e+00   8.17e-01   4.76e-01   9.88e+00   9.80e+00 (  1.20e+02,  1.22e+02)
75      0.399   1.28e+00   9.64e-01   5.22e-01   1.06e+01   1.04e+01 (  1.10e+02,  1.09e+02)
80      0.430   1.48e+00   1.11e+00   5.34e-01   1.08e+01   1.03e+01 (  1.02e+02,  9.60e+01)
85      0.353   1.06e+00   1.02e+00   5.30e-01   8.16e+00   9.93e+00 (  8.42e+01,  8.34e+01)
90      0.653   1.51e+00   2.27e+00   1.52e+00   2.07e+01   9.47e+00 (  4.37e+02,  7.12e+01)
95      0.579   1.01e+00   1.45e+00   1.06e+00   4.78e+01   9.08e+00 (  7.67e+02,  5.90e+01)
36 n: 4.480e-05 e: 3.983e-05 i: 8.391e-05 :: e: 1.974e-02 i: 2.359e-02 :: n: 3.158e+01 e:21.746 i:26.596 v:4.993e+03
>>> tau_he = 5.000000, nhe(0)=3.982827e+00
 5   -233.064   7.31e-03   5.15e-01   2.16e-03  -9.46e-02   2.49e-07 (  3.31e+00,  5.49e+01)
10   -971.641   3.41e-02   4.63e-02  -8.67e-03  -1.77e+00   4.44e-06 (  2.53e+01,  1.07e+02)
15   -137.981   1.59e-01   7.06e-02   5.78e-03  -3.85e+00   5.41e-05 (  1.10e+02,  1.48e+02)
20    -13.604   1.37e-01   8.62e-02   4.41e-02  -4.54e+00   5.03e-04 (  1.08e+02,  1.79e+02)
25     -0.586   1.75e-01   1.04e-01  -3.17e-02  -1.66e+00   3.63e-03 (  1.36e+02,  2.02e+02)
30     -0.022   1.94e-01   1.08e-01  -9.51e-03  -1.67e-01   2.06e-02 (  1.46e+02,  2.16e+02)
35      0.009   2.15e-01   1.33e-01   2.59e-02   8.22e-02   9.24e-02 (  1.55e+02,  2.18e+02)
40      0.024   2.40e-01   1.75e-01   7.03e-02   2.53e-01   3.29e-01 (  1.60e+02,  2.11e+02)
45      0.057   2.60e-01   2.13e-01   1.23e-01   7.49e-01   9.38e-01 (  1.52e+02,  1.97e+02)
50      0.099   2.86e-01   3.28e-01   1.38e-01   2.01e+00   2.16e+00 (  1.45e+02,  1.80e+02)
55      0.133   3.19e-01   4.24e-01   1.74e-01   3.71e+00   4.06e+00 (  1.30e+02,  1.62e+02)
60      0.199   4.54e-01   5.30e-01   3.06e-01   6.08e+00   6.34e+00 (  1.27e+02,  1.47e+02)
65      0.275   7.00e-01   6.62e-01   3.93e-01   8.28e+00   8.42e+00 (  1.24e+02,  1.34e+02)
70      0.347   1.01e+00   8.13e-01   4.74e-01   9.82e+00   9.80e+00 (  1.19e+02,  1.22e+02)
75      0.397   1.28e+00   9.59e-01   5.20e-01   1.05e+01   1.04e+01 (  1.09e+02,  1.09e+02)
80      0.429   1.47e+00   1.10e+00   5.33e-01   1.07e+01   1.03e+01 (  1.02e+02,  9.60e+01)
85      0.353   1.06e+00   1.02e+00   5.31e-01   8.15e+00   9.93e+00 (  8.40e+01,  8.34e+01)
90      0.654   1.51e+00   2.27e+00   1.52e+00   2.08e+01   9.47e+00 (  4.37e+02,  7.12e+01)
95      0.579   1.01e+00   1.45e+00   1.06e+00   4.78e+01   9.08e+00 (  7.67e+02,  5.90e+01)
37 n: 8.334e-06 e: 2.488e-06 i: 8.071e-06 :: e: 1.299e-02 i: 1.181e-02 :: n: 3.158e+01 e:21.754 i:26.609 v:4.993e+03
>>> tau_he = 5.000000, nhe(0)=3.984991e+00
 5   -233.152   7.31e-03   5.16e-01   2.16e-03  -9.46e-02   2.49e-07 (  3.31e+00,  5.49e+01)
10   -971.211   3.41e-02   4.63e-02  -8.66e-03  -1.77e+00   4.44e-06 (  2.52e+01,  1.07e+02)
15   -136.719   1.60e-01   6.89e-02   4.01e-03  -3.81e+00   5.41e-05 (  1.10e+02,  1.48e+02)
20    -13.621   1.38e-01   8.65e-02   4.41e-02  -4.54e+00   5.03e-04 (  1.08e+02,  1.79e+02)
25     -0.585   1.76e-01   1.04e-01  -3.68e-02  -1.67e+00   3.63e-03 (  1.37e+02,  2.02e+02)
30     -0.020   1.96e-01   1.09e-01  -1.30e-02  -1.54e-01   2.06e-02 (  1.48e+02,  2.16e+02)
35      0.006   2.15e-01   1.34e-01   2.67e-02   5.92e-02   9.24e-02 (  1.55e+02,  2.18e+02)
40      0.025   2.39e-01   1.76e-01   7.03e-02   2.62e-01   3.29e-01 (  1.59e+02,  2.11e+02)
45      0.058   2.59e-01   2.14e-01   1.22e-01   7.71e-01   9.38e-01 (  1.52e+02,  1.97e+02)
50      0.099   2.86e-01   3.30e-01   1.38e-01   2.02e+00   2.16e+00 (  1.45e+02,  1.80e+02)
55      0.133   3.20e-01   4.25e-01   1.75e-01   3.72e+00   4.06e+00 (  1.30e+02,  1.62e+02)
60      0.200   4.57e-01   5.32e-01   3.08e-01   6.12e+00   6.34e+00 (  1.27e+02,  1.47e+02)
65      0.277   7.04e-01   6.65e-01   3.95e-01   8.33e+00   8.42e+00 (  1.25e+02,  1.34e+02)
70      0.348   1.01e+00   8.17e-01   4.76e-01   9.88e+00   9.80e+00 (  1.20e+02,  1.22e+02)
75      0.399   1.28e+00   9.62e-01   5.21e-01   1.05e+01   1.04e+01 (  1.10e+02,  1.09e+02)
80      0.430   1.48e+00   1.11e+00   5.34e-01   1.08e+01   1.03e+01 (  1.02e+02,  9.60e+01)
85      0.353   1.06e+00   1.02e+00   5.30e-01   8.16e+00   9.93e+00 (  8.43e+01,  8.34e+01)
90      0.653   1.51e+00   2.27e+00   1.52e+00   2.07e+01   9.47e+00 (  4.37e+02,  7.12e+01)
95      0.579   1.01e+00   1.45e+00   1.06e+00   4.78e+01   9.08e+00 (  7.67e+02,  5.90e+01)
38 n: 6.064e-06 e: 5.031e-06 i: 8.286e-06 :: e: 1.067e-02 i: 1.200e-02 :: n: 3.160e+01 e:21.755 i:26.645 v:4.993e+03
>>> tau_he = 5.000000, nhe(0)=3.990615e+00
 5   -233.504   7.34e-03   5.18e-01   2.17e-03  -9.47e-02   2.49e-07 (  3.32e+00,  5.49e+01)
10   -968.006   3.40e-02   4.61e-02  -8.78e-03  -1.77e+00   4.44e-06 (  2.52e+01,  1.07e+02)
15   -137.452   1.59e-01   7.03e-02   5.64e-03  -3.83e+00   5.41e-05 (  1.10e+02,  1.48e+02)
20    -13.663   1.38e-01   8.63e-02   4.38e-02  -4.56e+00   5.03e-04 (  1.08e+02,  1.79e+02)
25     -0.586   1.77e-01   1.04e-01  -4.14e-02  -1.68e+00   3.63e-03 (  1.39e+02,  2.02e+02)
30     -0.016   1.97e-01   1.08e-01  -1.72e-02  -1.29e-01   2.06e-02 (  1.49e+02,  2.16e+02)
35      0.005   2.16e-01   1.34e-01   2.61e-02   4.98e-02   9.24e-02 (  1.56e+02,  2.18e+02)
40      0.025   2.39e-01   1.75e-01   6.99e-02   2.60e-01   3.29e-01 (  1.59e+02,  2.11e+02)
45      0.058   2.58e-01   2.13e-01   1.20e-01   7.81e-01   9.38e-01 (  1.51e+02,  1.97e+02)
50      0.098   2.86e-01   3.28e-01   1.38e-01   2.00e+00   2.16e+00 (  1.44e+02,  1.80e+02)
55      0.133   3.18e-01   4.23e-01   1.74e-01   3.70e+00   4.06e+00 (  1.29e+02,  1.62e+02)
60      0.199   4.55e-01   5.30e-01   3.07e-01   6.09e+00   6.34e+00 (  1.26e+02,  1.47e+02)
65      0.276   7.02e-01   6.63e-01   3.93e-01   8.30e+00   8.42e+00 (  1.24e+02,  1.34e+02)
70      0.347   1.01e+00   8.14e-01   4.75e-01   9.84e+00   9.80e+00 (  1.19e+02,  1.22e+02)
75      0.397   1.28e+00   9.59e-01   5.20e-01   1.05e+01   1.04e+01 (  1.09e+02,  1.09e+02)
80      0.430   1.48e+00   1.10e+00   5.33e-01   1.08e+01   1.03e+01 (  1.02e+02,  9.60e+01)
85      0.353   1.06e+00   1.02e+00   5.31e-01   8.16e+00   9.93e+00 (  8.41e+01,  8.34e+01)
90      0.654   1.51e+00   2.27e+00   1.52e+00   2.08e+01   9.47e+00 (  4.37e+02,  7.12e+01)
95      0.579   1.01e+00   1.45e+00   1.06e+00   4.78e+01   9.08e+00 (  7.67e+02,  5.90e+01)
39 n: 3.351e-06 e: 4.418e-06 i: 7.715e-06 :: e: 9.823e-03 i: 9.279e-03 :: n: 3.162e+01 e:21.789 i:26.668 v:4.993e+03
>>> tau_he = 5.000000, nhe(0)=3.997410e+00
 5   -234.158   7.35e-03   5.20e-01   2.17e-03  -9.49e-02   2.49e-07 (  3.33e+00,  5.49e+01)
10   -970.278   3.55e-02   4.57e-02  -8.72e-03  -1.77e+00   4.44e-06 (  2.63e+01,  1.07e+02)
15   -137.595   1.60e-01   7.02e-02   5.59e-03  -3.84e+00   5.41e-05 (  1.10e+02,  1.48e+02)
20    -13.736   1.38e-01   8.64e-02   4.37e-02  -4.58e+00   5.03e-04 (  1.09e+02,  1.79e+02)
25     -0.590   1.79e-01   1.04e-01  -4.69e-02  -1.69e+00   3.63e-03 (  1.40e+02,  2.02e+02)
30      0.065   2.82e-01   2.56e-01   1.04e-01   5.23e-01   2.06e-02 (  2.14e+02,  2.16e+02)
35      0.006   2.17e-01   1.35e-01   2.50e-02   5.28e-02   9.24e-02 (  1.57e+02,  2.18e+02)
40      0.025   2.39e-01   1.76e-01   6.99e-02   2.62e-01   3.29e-01 (  1.60e+02,  2.11e+02)
45      0.059   2.58e-01   2.15e-01   1.20e-01   7.95e-01   9.38e-01 (  1.51e+02,  1.97e+02)
50      0.099   2.85e-01   3.30e-01   1.38e-01   2.02e+00   2.16e+00 (  1.44e+02,  1.80e+02)
55      0.133   3.19e-01   4.25e-01   1.74e-01   3.71e+00   4.06e+00 (  1.29e+02,  1.62e+02)
60      0.200   4.56e-01   5.31e-01   3.08e-01   6.11e+00   6.34e+00 (  1.27e+02,  1.47e+02)
65      0.277   7.04e-01   6.65e-01   3.94e-01   8.32e+00   8.42e+00 (  1.25e+02,  1.34e+02)
70      0.348   1.01e+00   8.16e-01   4.75e-01   9.87e+00   9.80e+00 (  1.19e+02,  1.22e+02)
75      0.398   1.28e+00   9.61e-01   5.20e-01   1.05e+01   1.04e+01 (  1.09e+02,  1.09e+02)
80      0.431   1.48e+00   1.11e+00   5.33e-01   1.08e+01   1.03e+01 (  1.02e+02,  9.60e+01)
85      0.353   1.06e+00   1.02e+00   5.30e-01   8.17e+00   9.93e+00 (  8.43e+01,  8.34e+01)
90      0.653   1.51e+00   2.27e+00   1.52e+00   2.07e+01   9.47e+00 (  4.37e+02,  7.12e+01)
95      0.579   1.01e+00   1.45e+00   1.06e+00   4.78e+01   9.08e+00 (  7.67e+02,  5.90e+01)
40 n: 3.237e-06 e: 3.205e-05 i: 1.380e-04 :: e: 1.380e-02 i: 1.911e-02 :: n: 3.159e+01 e:21.776 i:26.660 v:4.993e+03
>>> tau_he = 5.000000, nhe(0)=3.990121e+00
 5   -233.808   7.35e-03   5.18e-01   2.17e-03  -9.51e-02   2.49e-07 (  3.33e+00,  5.49e+01)
10   -973.969   3.57e-02   4.61e-02  -8.61e-03  -1.78e+00   4.44e-06 (  2.65e+01,  1.07e+02)
15   -136.280   1.61e-01   6.90e-02   3.83e-03  -3.80e+00   5.41e-05 (  1.10e+02,  1.48e+02)
20    -13.711   1.38e-01   8.71e-02   4.34e-02  -4.58e+00   5.03e-04 (  1.09e+02,  1.79e+02)
25     -0.602   1.79e-01   1.05e-01  -4.67e-02  -1.70e+00   3.63e-03 (  1.40e+02,  2.02e+02)
30     -0.034   1.95e-01   1.09e-01  -1.23e-03  -2.47e-01   2.06e-02 (  1.46e+02,  2.16e+02)
35      0.006   2.23e-01   1.33e-01   2.43e-02   5.60e-02   9.24e-02 (  1.61e+02,  2.18e+02)
40      0.025   2.45e-01   1.75e-01   6.87e-02   2.63e-01   3.29e-01 (  1.64e+02,  2.11e+02)
45      0.091   2.92e-01   2.84e-01   1.45e-01   1.24e+00   9.38e-01 (  1.72e+02,  1.97e+02)
50      0.099   2.85e-01   3.30e-01   1.38e-01   2.03e+00   2.16e+00 (  1.44e+02,  1.80e+02)
55      0.133   3.19e-01   4.24e-01   1.74e-01   3.71e+00   4.06e+00 (  1.29e+02,  1.62e+02)
60      0.199   4.55e-01   5.30e-01   3.07e-01   6.08e+00   6.34e+00 (  1.26e+02,  1.47e+02)
65      0.276   7.01e-01   6.63e-01   3.93e-01   8.29e+00   8.42e+00 (  1.24e+02,  1.34e+02)
70      0.347   1.01e+00   8.14e-01   4.74e-01   9.84e+00   9.80e+00 (  1.19e+02,  1.22e+02)
75      0.397   1.28e+00   9.58e-01   5.19e-01   1.05e+01   1.04e+01 (  1.09e+02,  1.09e+02)
80      0.430   1.48e+00   1.10e+00   5.33e-01   1.08e+01   1.03e+01 (  1.02e+02,  9.60e+01)
85      0.353   1.06e+00   1.02e+00   5.30e-01   8.16e+00   9.93e+00 (  8.41e+01,  8.34e+01)
90      0.654   1.51e+00   2.27e+00   1.52e+00   2.08e+01   9.47e+00 (  4.37e+02,  7.12e+01)
95      0.579   1.01e+00   1.45e+00   1.06e+00   4.78e+01   9.08e+00 (  7.67e+02,  5.90e+01)
41 n: 4.531e-05 e: 4.662e-06 i: 1.865e-05 :: e: 1.101e-02 i: 1.283e-02 :: n: 3.155e+01 e:21.768 i:26.669 v:4.993e+03
>>> tau_he = 5.000000, nhe(0)=3.984311e+00
 5   -233.459   7.35e-03   5.18e-01   2.17e-03  -9.49e-02   2.49e-07 (  3.32e+00,  5.49e+01)
10   -969.663   3.41e-02   4.63e-02  -8.73e-03  -1.77e+00   4.44e-06 (  2.53e+01,  1.07e+02)
15   -136.278   1.61e-01   6.94e-02   4.11e-03  -3.81e+00   5.41e-05 (  1.10e+02,  1.48e+02)
20    -13.667   1.39e-01   8.74e-02   4.38e-02  -4.57e+00   5.03e-04 (  1.09e+02,  1.79e+02)
25     -0.593   1.79e-01   1.05e-01  -5.25e-02  -1.68e+00   3.63e-03 (  1.41e+02,  2.02e+02)
30     -0.026   1.95e-01   1.09e-01  -8.05e-03  -1.92e-01   2.06e-02 (  1.46e+02,  2.16e+02)
35      0.008   2.23e-01   1.35e-01   2.42e-02   7.06e-02   9.24e-02 (  1.61e+02,  2.18e+02)
40      0.024   2.40e-01   1.77e-01   7.08e-02   2.56e-01   3.29e-01 (  1.60e+02,  2.11e+02)
45      0.057   2.60e-01   2.14e-01   1.24e-01   7.57e-01   9.38e-01 (  1.52e+02,  1.97e+02)
50      0.099   2.88e-01   3.29e-01   1.39e-01   2.00e+00   2.16e+00 (  1.45e+02,  1.80e+02)
55      0.133   3.20e-01   4.26e-01   1.75e-01   3.72e+00   4.06e+00 (  1.30e+02,  1.62e+02)
60      0.200   4.56e-01   5.32e-01   3.08e-01   6.10e+00   6.34e+00 (  1.27e+02,  1.47e+02)
65      0.276   7.03e-01   6.65e-01   3.94e-01   8.31e+00   8.42e+00 (  1.25e+02,  1.34e+02)
70      0.348   1.01e+00   8.16e-01   4.75e-01   9.86e+00   9.80e+00 (  1.19e+02,  1.22e+02)
75      0.398   1.28e+00   9.59e-01   5.20e-01   1.05e+01   1.04e+01 (  1.09e+02,  1.09e+02)
80      0.430   1.48e+00   1.10e+00   5.34e-01   1.08e+01   1.03e+01 (  1.02e+02,  9.60e+01)
85      0.353   1.06e+00   1.02e+00   5.30e-01   8.16e+00   9.93e+00 (  8.43e+01,  8.34e+01)
90      0.653   1.51e+00   2.27e+00   1.52e+00   2.08e+01   9.47e+00 (  4.37e+02,  7.12e+01)
95      0.579   1.01e+00   1.45e+00   1.06e+00   4.78e+01   9.08e+00 (  7.67e+02,  5.90e+01)
42 n: 5.839e-06 e: 4.982e-06 i: 8.895e-06 :: e: 8.270e-03 i: 9.326e-03 :: n: 3.157e+01 e:21.762 i:26.698 v:4.993e+03
>>> tau_he = 5.000000, nhe(0)=3.989305e+00
 5   -233.680   7.37e-03   5.20e-01   2.18e-03  -9.50e-02   2.49e-07 (  3.33e+00,  5.49e+01)
10   -966.847   3.41e-02   4.61e-02  -8.83e-03  -1.77e+00   4.44e-06 (  2.52e+01,  1.07e+02)
15   -136.059   1.61e-01   6.90e-02   3.89e-03  -3.80e+00   5.41e-05 (  1.10e+02,  1.48e+02)
20    -13.686   1.39e-01   8.71e-02   4.35e-02  -4.57e+00   5.03e-04 (  1.09e+02,  1.79e+02)
25     -0.590   1.80e-01   1.05e-01  -5.50e-02  -1.68e+00   3.63e-03 (  1.41e+02,  2.02e+02)
30     -0.023   1.95e-01   1.08e-01  -1.26e-02  -1.72e-01   2.06e-02 (  1.47e+02,  2.16e+02)
35      0.077   2.92e-01   2.54e-01   1.23e-01   7.17e-01   9.24e-02 (  2.12e+02,  2.18e+02)
40      0.025   2.39e-01   1.76e-01   7.02e-02   2.59e-01   3.29e-01 (  1.59e+02,  2.11e+02)
45      0.058   2.58e-01   2.14e-01   1.22e-01   7.73e-01   9.38e-01 (  1.51e+02,  1.97e+02)
50      0.098   2.86e-01   3.28e-01   1.38e-01   2.00e+00   2.16e+00 (  1.44e+02,  1.80e+02)
55      0.133   3.18e-01   4.24e-01   1.74e-01   3.70e+00   4.06e+00 (  1.29e+02,  1.62e+02)
60      0.199   4.55e-01   5.30e-01   3.07e-01   6.08e+00   6.34e+00 (  1.26e+02,  1.47e+02)
65      0.276   7.02e-01   6.63e-01   3.94e-01   8.29e+00   8.42e+00 (  1.24e+02,  1.34e+02)
70      0.347   1.01e+00   8.14e-01   4.75e-01   9.84e+00   9.80e+00 (  1.19e+02,  1.22e+02)
75      0.397   1.27e+00   9.57e-01   5.19e-01   1.05e+01   1.04e+01 (  1.09e+02,  1.09e+02)
80      0.430   1.47e+00   1.10e+00   5.33e-01   1.08e+01   1.03e+01 (  1.02e+02,  9.60e+01)
85      0.353   1.06e+00   1.02e+00   5.31e-01   8.16e+00   9.93e+00 (  8.42e+01,  8.34e+01)
90      0.654   1.51e+00   2.27e+00   1.52e+00   2.08e+01   9.47e+00 (  4.37e+02,  7.12e+01)
95      0.579   1.01e+00   1.45e+00   1.06e+00   4.78e+01   9.08e+00 (  7.67e+02,  5.90e+01)
43 n: 9.798e-06 e: 3.219e-05 i: 1.022e-04 :: e: 1.376e-02 i: 1.713e-02 :: n: 3.147e+01 e:21.777 i:26.680 v:4.993e+03
>>> tau_he = 5.000000, nhe(0)=3.967777e+00
 5   -234.292   7.35e-03   5.18e-01   2.17e-03  -9.49e-02   2.49e-07 (  3.32e+00,  5.49e+01)
10   -974.296   3.42e-02   4.65e-02  -8.86e-03  -1.78e+00   4.44e-06 (  2.53e+01,  1.07e+02)
15   -135.918   1.62e-01   7.00e-02   4.78e-03  -3.79e+00   5.41e-05 (  1.10e+02,  1.48e+02)
20    -13.704   1.39e-01   8.82e-02   4.43e-02  -4.57e+00   5.03e-04 (  1.09e+02,  1.79e+02)
25     -0.590   1.82e-01   1.06e-01  -5.55e-02  -1.68e+00   3.63e-03 (  1.43e+02,  2.02e+02)
30     -0.040   1.99e-01   1.12e-01  -1.14e-02  -2.79e-01   2.06e-02 (  1.50e+02,  2.16e+02)
35     -0.000   2.39e-01   1.47e-01   3.68e-02  -2.03e-03   9.24e-02 (  1.71e+02,  2.18e+02)
40      0.024   2.39e-01   1.75e-01   7.06e-02   2.50e-01   3.29e-01 (  1.59e+02,  2.11e+02)
45      0.058   2.58e-01   2.15e-01   1.21e-01   7.90e-01   9.38e-01 (  1.52e+02,  1.97e+02)
50      0.099   2.86e-01   3.30e-01   1.39e-01   2.02e+00   2.16e+00 (  1.44e+02,  1.80e+02)
55      0.133   3.19e-01   4.25e-01   1.74e-01   3.71e+00   4.06e+00 (  1.29e+02,  1.62e+02)
60      0.200   4.56e-01   5.32e-01   3.08e-01   6.10e+00   6.34e+00 (  1.27e+02,  1.47e+02)
65      0.276   7.03e-01   6.65e-01   3.94e-01   8.31e+00   8.42e+00 (  1.25e+02,  1.34e+02)
70      0.348   1.01e+00   8.16e-01   4.75e-01   9.86e+00   9.80e+00 (  1.19e+02,  1.22e+02)
75      0.397   1.27e+00   9.59e-01   5.20e-01   1.05e+01   1.04e+01 (  1.09e+02,  1.09e+02)
80      0.430   1.47e+00   1.11e+00   5.34e-01   1.08e+01   1.03e+01 (  1.02e+02,  9.60e+01)
85      0.353   1.06e+00   1.02e+00   5.31e-01   8.17e+00   9.93e+00 (  8.43e+01,  8.34e+01)
90      0.654   1.51e+00   2.27e+00   1.52e+00   2.08e+01   9.47e+00 (  4.37e+02,  7.12e+01)
95      0.579   1.01e+00   1.45e+00   1.06e+00   4.78e+01   9.08e+00 (  7.67e+02,  5.90e+01)
44 n: 2.884e-06 e: 1.038e-05 i: 7.498e-06 :: e: 6.859e-03 i: 7.078e-03 :: n: 3.154e+01 e:21.723 i:26.721 v:4.993e+03
>>> tau_he = 5.000000, nhe(0)=3.985269e+00
 5   -234.054   7.39e-03   5.20e-01   2.18e-03  -9.49e-02   2.49e-07 (  3.34e+00,  5.49e+01)
10   -968.520   3.37e-02   4.62e-02  -8.83e-03  -1.77e+00   4.44e-06 (  2.49e+01,  1.07e+02)
15   -135.340   1.61e-01   6.94e-02   3.77e-03  -3.78e+00   5.41e-05 (  1.10e+02,  1.48e+02)
20    -13.664   1.39e-01   8.73e-02   4.32e-02  -4.56e+00   5.03e-04 (  1.09e+02,  1.79e+02)
25     -0.584   1.81e-01   1.06e-01  -5.92e-02  -1.67e+00   3.63e-03 (  1.43e+02,  2.02e+02)
30     -0.023   1.96e-01   1.10e-01  -1.66e-02  -1.75e-01   2.06e-02 (  1.48e+02,  2.16e+02)
35      0.010   2.34e-01   1.45e-01   3.28e-02   8.24e-02   9.24e-02 (  1.67e+02,  2.18e+02)
40      0.025   2.38e-01   1.74e-01   7.00e-02   2.67e-01   3.29e-01 (  1.57e+02,  2.11e+02)
45      0.059   2.57e-01   2.14e-01   1.20e-01   8.03e-01   9.38e-01 (  1.50e+02,  1.97e+02)
50      0.099   2.86e-01   3.28e-01   1.38e-01   2.01e+00   2.16e+00 (  1.44e+02,  1.80e+02)
55      0.133   3.18e-01   4.23e-01   1.74e-01   3.70e+00   4.06e+00 (  1.28e+02,  1.62e+02)
60      0.199   4.55e-01   5.30e-01   3.07e-01   6.08e+00   6.34e+00 (  1.26e+02,  1.47e+02)
65      0.276   7.02e-01   6.63e-01   3.93e-01   8.29e+00   8.42e+00 (  1.24e+02,  1.34e+02)
70      0.347   1.01e+00   8.14e-01   4.75e-01   9.84e+00   9.80e+00 (  1.19e+02,  1.22e+02)
75      0.397   1.27e+00   9.57e-01   5.19e-01   1.05e+01   1.04e+01 (  1.09e+02,  1.09e+02)
80      0.430   1.47e+00   1.10e+00   5.33e-01   1.08e+01   1.03e+01 (  1.02e+02,  9.60e+01)
85      0.353   1.06e+00   1.02e+00   5.31e-01   8.16e+00   9.93e+00 (  8.42e+01,  8.34e+01)
90      0.654   1.51e+00   2.27e+00   1.52e+00   2.08e+01   9.47e+00 (  4.37e+02,  7.12e+01)
95      0.579   1.01e+00   1.45e+00   1.06e+00   4.78e+01   9.08e+00 (  7.67e+02,  5.90e+01)
45 n: 1.876e-06 e: 6.822e-06 i: 5.618e-06 :: e: 6.510e-03 i: 5.957e-03 :: n: 3.153e+01 e:21.781 i:26.682 v:4.993e+03
>>> tau_he = 5.000000, nhe(0)=3.979894e+00
 5   -234.862   7.36e-03   5.20e-01   2.18e-03  -9.51e-02   2.49e-07 (  3.33e+00,  5.49e+01)
10   -974.056   3.39e-02   4.65e-02  -8.90e-03  -1.78e+00   4.44e-06 (  2.51e+01,  1.07e+02)
15   -135.948   1.62e-01   6.96e-02   4.36e-03  -3.79e+00   5.41e-05 (  1.10e+02,  1.48e+02)
20    -13.753   1.39e-01   8.77e-02   4.37e-02  -4.58e+00   5.03e-04 (  1.09e+02,  1.79e+02)
25     -0.541   2.94e-01   3.12e-01   1.38e-01  -1.55e+00   3.63e-03 (  2.32e+02,  2.02e+02)
30      0.048   2.84e-01   2.62e-01   1.10e-01   3.60e-01   2.06e-02 (  2.15e+02,  2.16e+02)
35      0.006   2.37e-01   1.47e-01   3.51e-02   4.69e-02   9.24e-02 (  1.69e+02,  2.18e+02)
40      0.024   2.38e-01   1.75e-01   7.06e-02   2.56e-01   3.29e-01 (  1.59e+02,  2.11e+02)
45      0.090   2.92e-01   2.85e-01   1.47e-01   1.24e+00   9.38e-01 (  1.72e+02,  1.97e+02)
50      0.099   2.87e-01   3.30e-01   1.39e-01   2.01e+00   2.16e+00 (  1.44e+02,  1.80e+02)
55      0.133   3.19e-01   4.25e-01   1.75e-01   3.71e+00   4.06e+00 (  1.29e+02,  1.62e+02)
60      0.200   4.57e-01   5.32e-01   3.09e-01   6.10e+00   6.34e+00 (  1.27e+02,  1.47e+02)
65      0.277   7.04e-01   6.65e-01   3.94e-01   8.32e+00   8.42e+00 (  1.25e+02,  1.34e+02)
70      0.349   1.01e+00   8.17e-01   4.76e-01   9.87e+00   9.80e+00 (  1.19e+02,  1.22e+02)
75      0.398   1.28e+00   9.59e-01   5.19e-01   1.05e+01   1.04e+01 (  1.09e+02,  1.09e+02)
80      0.431   1.48e+00   1.11e+00   5.34e-01   1.08e+01   1.03e+01 (  1.03e+02,  9.60e+01)
85      0.353   1.06e+00   1.02e+00   5.30e-01   8.17e+00   9.93e+00 (  8.44e+01,  8.34e+01)
90      0.653   1.51e+00   2.27e+00   1.52e+00   2.08e+01   9.47e+00 (  4.37e+02,  7.12e+01)
95      0.579   1.01e+00   1.45e+00   1.06e+00   4.78e+01   9.08e+00 (  7.67e+02,  5.90e+01)
46 n: 4.654e-05 e: 1.246e-04 i: 6.275e-04 :: e: 2.324e-02 i: 3.699e-02 :: n: 3.147e+01 e:21.669 i:26.560 v:4.993e+03
>>> tau_he = 5.000000, nhe(0)=3.957901e+00
 5   -232.804   7.32e-03   5.11e-01   2.16e-03  -9.47e-02   2.49e-07 (  3.31e+00,  5.49e+01)
10   -988.077   3.45e-02   4.79e-02  -8.29e-03  -1.81e+00   4.44e-06 (  2.55e+01,  1.07e+02)
15   -134.731   1.61e-01   7.21e-02   4.40e-03  -3.77e+00   5.41e-05 (  1.10e+02,  1.48e+02)
20    -13.485   1.37e-01   9.09e-02   2.58e-02  -4.51e+00   5.03e-04 (  1.07e+02,  1.79e+02)
25     -0.611   1.71e-01   1.05e-01  -1.03e-02  -1.72e+00   3.63e-03 (  1.31e+02,  2.02e+02)
30     -0.056   1.95e-01   1.10e-01   6.60e-03  -3.88e-01   2.06e-02 (  1.44e+02,  2.16e+02)
35     -0.001   2.18e-01   1.33e-01   3.35e-02  -1.19e-02   9.24e-02 (  1.55e+02,  2.18e+02)
40      0.025   2.39e-01   1.75e-01   7.04e-02   2.59e-01   3.29e-01 (  1.58e+02,  2.11e+02)
45      0.058   2.59e-01   2.13e-01   1.24e-01   7.64e-01   9.38e-01 (  1.51e+02,  1.97e+02)
50      0.099   2.86e-01   3.28e-01   1.38e-01   2.00e+00   2.16e+00 (  1.44e+02,  1.80e+02)
55      0.133   3.18e-01   4.24e-01   1.73e-01   3.70e+00   4.06e+00 (  1.28e+02,  1.62e+02)
60      0.199   4.53e-01   5.29e-01   3.06e-01   6.06e+00   6.34e+00 (  1.26e+02,  1.47e+02)
65      0.275   6.99e-01   6.62e-01   3.93e-01   8.26e+00   8.42e+00 (  1.24e+02,  1.34e+02)
70      0.347   1.01e+00   8.13e-01   4.74e-01   9.81e+00   9.80e+00 (  1.19e+02,  1.22e+02)
75      0.396   1.27e+00   9.55e-01   5.18e-01   1.04e+01   1.04e+01 (  1.08e+02,  1.09e+02)
80      0.429   1.47e+00   1.10e+00   5.33e-01   1.08e+01   1.03e+01 (  1.02e+02,  9.60e+01)
85      0.353   1.06e+00   1.02e+00   5.31e-01   8.16e+00   9.93e+00 (  8.41e+01,  8.34e+01)
90      0.654   1.51e+00   2.27e+00   1.52e+00   2.08e+01   9.47e+00 (  4.37e+02,  7.12e+01)
95      0.579   1.01e+00   1.45e+00   1.06e+00   4.78e+01   9.08e+00 (  7.67e+02,  5.90e+01)
47 n: 4.227e-06 e: 4.890e-06 i: 1.444e-05 :: e: 1.036e-02 i: 1.018e-02 :: n: 3.155e+01 e:21.635 i:26.495 v:4.993e+03
>>> tau_he = 5.000000, nhe(0)=3.967506e+00
 5   -230.712   7.27e-03   5.09e-01   2.15e-03  -9.39e-02   2.49e-07 (  3.28e+00,  5.49e+01)
10   -977.240   3.40e-02   4.71e-02  -8.33e-03  -1.79e+00   4.44e-06 (  2.51e+01,  1.07e+02)
15   -133.513   1.60e-01   7.09e-02   4.40e-03  -3.73e+00   5.41e-05 (  1.09e+02,  1.48e+02)
20    -13.301   1.36e-01   8.67e-02   4.47e-02  -4.45e+00   5.03e-04 (  1.06e+02,  1.79e+02)
25     -0.599   1.71e-01   1.04e-01  -1.28e-02  -1.70e+00   3.63e-03 (  1.31e+02,  2.02e+02)
30     -0.026   1.92e-01   1.08e-01   2.11e-03  -1.96e-01   2.06e-02 (  1.42e+02,  2.16e+02)
35      0.007   2.14e-01   1.33e-01   3.06e-02   6.09e-02   9.24e-02 (  1.52e+02,  2.18e+02)
40      0.025   2.38e-01   1.76e-01   7.09e-02   2.68e-01   3.29e-01 (  1.58e+02,  2.11e+02)
45      0.058   2.58e-01   2.15e-01   1.24e-01   7.80e-01   9.38e-01 (  1.51e+02,  1.97e+02)
50      0.099   2.87e-01   3.30e-01   1.39e-01   2.01e+00   2.16e+00 (  1.44e+02,  1.80e+02)
55      0.133   3.19e-01   4.25e-01   1.75e-01   3.71e+00   4.06e+00 (  1.29e+02,  1.62e+02)
60      0.200   4.57e-01   5.32e-01   3.09e-01   6.11e+00   6.34e+00 (  1.27e+02,  1.47e+02)
65      0.277   7.04e-01   6.66e-01   3.95e-01   8.33e+00   8.42e+00 (  1.25e+02,  1.34e+02)
70      0.349   1.01e+00   8.17e-01   4.76e-01   9.88e+00   9.80e+00 (  1.20e+02,  1.22e+02)
75      0.398   1.28e+00   9.59e-01   5.19e-01   1.05e+01   1.04e+01 (  1.09e+02,  1.09e+02)
80      0.431   1.48e+00   1.11e+00   5.34e-01   1.08e+01   1.03e+01 (  1.03e+02,  9.60e+01)
85      0.353   1.06e+00   1.02e+00   5.30e-01   8.17e+00   9.93e+00 (  8.44e+01,  8.34e+01)
90      0.653   1.51e+00   2.27e+00   1.52e+00   2.08e+01   9.47e+00 (  4.37e+02,  7.12e+01)
95      0.579   1.01e+00   1.45e+00   1.06e+00   4.78e+01   9.08e+00 (  7.67e+02,  5.90e+01)
48 n: 3.579e-06 e: 8.546e-06 i: 1.211e-05 :: e: 9.028e-03 i: 1.052e-02 :: n: 3.156e+01 e:21.627 i:26.488 v:4.993e+03
>>> tau_he = 5.000000, nhe(0)=3.969701e+00
 5   -229.974   7.26e-03   5.10e-01   2.15e-03  -9.36e-02   2.49e-07 (  3.27e+00,  5.49e+01)
10   -968.372   3.36e-02   4.64e-02  -8.62e-03  -1.77e+00   4.44e-06 (  2.48e+01,  1.07e+02)
15   -133.145   1.59e-01   6.95e-02   4.51e-03  -3.72e+00   5.41e-05 (  1.08e+02,  1.48e+02)
20    -13.320   1.36e-01   8.60e-02   4.46e-02  -4.45e+00   5.03e-04 (  1.06e+02,  1.79e+02)
25     -0.601   1.72e-01   1.04e-01  -2.10e-02  -1.71e+00   3.63e-03 (  1.32e+02,  2.02e+02)
30     -0.023   1.92e-01   1.08e-01  -1.49e-03  -1.74e-01   2.06e-02 (  1.43e+02,  2.16e+02)
35      0.005   2.15e-01   1.33e-01   3.03e-02   4.65e-02   9.24e-02 (  1.53e+02,  2.18e+02)
40      0.025   2.37e-01   1.74e-01   7.05e-02   2.61e-01   3.29e-01 (  1.57e+02,  2.11e+02)
45      0.058   2.57e-01   2.13e-01   1.22e-01   7.86e-01   9.38e-01 (  1.50e+02,  1.97e+02)
50      0.098   2.85e-01   3.27e-01   1.38e-01   1.99e+00   2.16e+00 (  1.43e+02,  1.80e+02)
55      0.132   3.17e-01   4.22e-01   1.73e-01   3.69e+00   4.06e+00 (  1.28e+02,  1.62e+02)
60      0.199   4.54e-01   5.29e-01   3.06e-01   6.07e+00   6.34e+00 (  1.26e+02,  1.47e+02)
65      0.275   7.02e-01   6.62e-01   3.93e-01   8.28e+00   8.42e+00 (  1.24e+02,  1.34e+02)
70      0.347   1.01e+00   8.13e-01   4.74e-01   9.83e+00   9.80e+00 (  1.19e+02,  1.22e+02)
75      0.379   1.21e+00   8.81e-01   4.99e-01   9.97e+00   1.04e+01 (  1.03e+02,  1.09e+02)
80      0.430   1.47e+00   1.10e+00   5.33e-01   1.08e+01   1.03e+01 (  1.02e+02,  9.60e+01)
85      0.353   1.06e+00   1.02e+00   5.30e-01   8.16e+00   9.93e+00 (  8.41e+01,  8.34e+01)
90      0.654   1.51e+00   2.27e+00   1.52e+00   2.08e+01   9.47e+00 (  4.37e+02,  7.12e+01)
95      0.579   1.01e+00   1.45e+00   1.06e+00   4.78e+01   9.08e+00 (  7.67e+02,  5.90e+01)
49 n: 4.044e-05 e: 6.306e-06 i: 1.332e-05 :: e: 1.444e-02 i: 1.478e-02 :: n: 3.160e+01 e:21.653 i:26.505 v:4.993e+03
 plasma volume = 149.460806
 stored energy(e,i,b,a) = 6.637190e+01 6.439992e+01 0.000000e+00 0.000000e+00
 betan = 1.478143
*power
 Pnb(e,i) = 0.000000e+00 0.000000e+00
 Prf(e,i) = 4.647224e+00 2.536068e+01
 Prad     = -7.977918e+01 
 Pei      = 1.734654e+01 
 Pfuse    = 7.356363e+01 
 Pfusi    = 2.238127e+01 
 Poh      = 0.000000e+00 
*confinement time
 taut, tauITER98y2, H98y2 : 2.832176e+00 2.420065e+00 1.170289e+00
 taue, taui : 4.206552e+00 1.279115e+01
 taut, tau89, H89 : 2.832176e+00 1.036429e+00 2.732629e+00
*temperature
 nea, nebar : 2.199306e+01 2.576571e+01 
 tea, tia : 7.261642e+00 7.680674e+00 (9.454433e-01)
 te0, ti0 : 1.929745e+01 2.343565e+01 (8.234229e-01)
 Sn : 1.999493e+03 
*current balance
 Ip,Ibs,Inb,Irf: 1.000000e+01 2.289463e+00 0.000000e+00 7.673155e-02
 fni,fbs: 0.237 0.229

 plasma volume = 149.460806
 stored energy(e,i,b,a) = 6.637190e+01 6.439992e+01 0.000000e+00 0.000000e+00
 betan = 1.478143
*power
 Pnb(e,i) = 0.000000e+00 0.000000e+00
 Prf(e,i) = 4.647224e+00 2.536068e+01
 Prad     = -7.977918e+01 
 Pei      = 1.734654e+01 
 Pfuse    = 7.356363e+01 
 Pfusi    = 2.238127e+01 
 Poh      = 0.000000e+00 
*confinement time
 taut, tauITER98y2, H98y2 : 2.832176e+00 2.420065e+00 1.170289e+00
 taue, taui : 4.206552e+00 1.279115e+01
 taut, tau89, H89 : 2.832176e+00 1.036429e+00 2.732629e+00
*temperature
 nea, nebar : 2.199306e+01 2.576571e+01 
 tea, tia : 7.261642e+00 7.680674e+00 (9.454433e-01)
 te0, ti0 : 1.929745e+01 2.343565e+01 (8.234229e-01)
 Sn : 1.999493e+03 
*current balance
 Ip,Ibs,Inb,Irf: 1.000000e+01 2.289463e+00 0.000000e+00 7.673155e-02
 fni,fbs: 0.237 0.229
 ELAPASED TIME = 45 sec

finalize
