NCAPTC: : NetCDF: Variable not found
Warning: ieee_overflow is signaling
Warning: ieee_underflow is signaling
Warning: ieee_inexact is signaling
FORTRAN STOP
 solver
 /global/common/software/atom/perlmutter/data/greentable/
 /global/common/software/atom/perlmutter/data/greentable/

          EFITD Version  07/09/2014


 type mode (2=file, 3=snap, 4=time, 5=input, 6=com file, 7=snap_ext):

 number of time slices?

 type input file names:
 #
 table_dir = </global/common/software/atom/perlmutter/data/greentable/>

  ----- time =     0 ms ----- ( 0)
 it=  1 chi2=0.00E+00 zm= 7.53E-03 err=5.202E+00 dz= 7.535E-03 chigam= 0.00E+00
 it=  2 chi2=0.00E+00 zm= 1.07E-02 err=8.295E-01 dz= 3.159E-03 chigam= 0.00E+00
 it=  3 chi2=0.00E+00 zm= 1.31E-02 err=4.633E-01 dz= 2.378E-03 chigam= 0.00E+00
 it=  4 chi2=0.00E+00 zm= 1.49E-02 err=2.720E-01 dz= 1.792E-03 chigam= 0.00E+00
 it=  5 chi2=0.00E+00 zm= 1.62E-02 err=1.668E-01 dz= 1.370E-03 chigam= 0.00E+00
 it=  6 chi2=0.00E+00 zm= 1.73E-02 err=9.873E-02 dz= 1.035E-03 chigam= 0.00E+00
 it=  7 chi2=0.00E+00 zm= 1.81E-02 err=6.185E-02 dz= 7.872E-04 chigam= 0.00E+00
 it=  8 chi2=0.00E+00 zm= 1.87E-02 err=3.928E-02 dz= 5.974E-04 chigam= 0.00E+00
 it=  9 chi2=0.00E+00 zm= 1.91E-02 err=2.821E-02 dz= 4.528E-04 chigam= 0.00E+00
 it= 10 chi2=0.00E+00 zm= 1.94E-02 err=1.491E-02 dz= 3.321E-04 chigam= 0.00E+00
 it= 11 chi2=0.00E+00 zm= 1.97E-02 err=1.008E-02 dz= 2.462E-04 chigam= 0.00E+00
 it= 12 chi2=0.00E+00 zm= 1.99E-02 err=7.167E-03 dz= 1.837E-04 chigam= 0.00E+00
 it= 13 chi2=0.00E+00 zm= 2.00E-02 err=4.808E-03 dz= 1.357E-04 chigam= 0.00E+00
 it= 14 chi2=0.00E+00 zm= 2.01E-02 err=1.742E-03 dz= 9.522E-05 chigam= 0.00E+00
 it= 15 chi2=0.00E+00 zm= 2.02E-02 err=1.171E-03 dz= 6.934E-05 chigam= 0.00E+00
 it= 16 chi2=0.00E+00 zm= 2.02E-02 err=8.196E-04 dz= 5.052E-05 chigam= 0.00E+00
 it= 17 chi2=0.00E+00 zm= 2.03E-02 err=5.853E-04 dz= 3.682E-05 chigam= 0.00E+00
 it= 18 chi2=0.00E+00 zm= 2.03E-02 err=4.431E-04 dz= 2.685E-05 chigam= 0.00E+00
 it= 19 chi2=0.00E+00 zm= 2.03E-02 err=3.543E-04 dz= 1.959E-05 chigam= 0.00E+00
 it= 20 chi2=0.00E+00 zm= 2.03E-02 err=2.716E-04 dz= 1.430E-05 chigam= 0.00E+00
 it= 21 chi2=0.00E+00 zm= 2.03E-02 err=2.031E-04 dz= 1.043E-05 chigam= 0.00E+00
 it= 22 chi2=0.00E+00 zm= 2.03E-02 err=1.493E-04 dz= 7.618E-06 chigam= 0.00E+00
 it= 23 chi2=0.00E+00 zm= 2.03E-02 err=1.087E-04 dz= 5.562E-06 chigam= 0.00E+00
 it= 24 chi2=0.00E+00 zm= 2.03E-02 err=7.852E-05 dz= 4.063E-06 chigam= 0.00E+00

      ******************** EFITD129 x 129  output ********************

       data used:   
  0 flux loops
  0 magnetic probes(i)
  0 full rogowski
  0 diamagnetic loop


 shot #   =          1 time(ms) =          0 chi**2   =  0.000E+00
 betat(%) =      0.964 betap    =      0.484 li       =      0.861
 vol(cm3) =  0.773E+07 rout(cm) =    172.138 zout(cm) =      0.812
 elong    =      1.343 utriang  =     -0.374 ltriang  =     -0.309
 a(cm)    =     41.369 lin(cm)  = ********** lout(cm) =     10.669
 ltop(cm) = ********** q*       =      2.293 rc(cm)   =    176.244
 zc(cm)   =      1.800 bt0(t)   =      2.000 qout     =      2.193
