========================================================================
= FASTRAN

nonlinear model = 0
ichi = 1
ineo = 0
reading state...
read formatted input, inprof...
init geometry...
read formatted input, inmetric...
nrho in inmetric = 101
rhob in inmetric = 1.271294e+00
solve avg grad-shafranv...
solve_avg_gs::Ip_temp = 9.965288e+00 
solve_avg_gs::Ip      = 1.000000e+01 
>>> tau_he = 5.000000, nhe(0)=3.724622e+00

 plasma volume = 151.411878
 stored energy(e,i,b,a) = 9.560201e+01 8.466615e+01 0.000000e+00 0.000000e+00
 betan = 2.016801
*power
 Pnb(e,i) = 0.000000e+00 0.000000e+00
 Prf(e,i) = 1.167647e+01 2.832215e+01
 Prad     = -9.029804e+01 
 Pei      = 0.000000e+00 
 Pfuse    = 1.017480e+02 
 Pfusi    = 4.167327e+01 
 Poh      = 0.000000e+00 
*confinement time
 taut, tauITER98y2, H98y2 : 1.935831e+00 1.446561e+00 1.338230e+00
 taue, taui : 4.133883e+00 2.031666e+00
 taut, tau89, H89 : 1.935831e+00 7.263527e-01 2.665139e+00
*temperature
 nea, nebar : 2.054190e+01 2.349230e+01 
 tea, tia : 1.112424e+01 1.112424e+01 (1.000000e+00)
 te0, ti0 : 2.802534e+01 2.802534e+01 (1.000000e+00)
 Sn : 0.000000e+00 
*current balance
 Ip,Ibs,Inb,Irf: 1.000000e+01 3.190804e+00 0.000000e+00 3.287810e-01
 fni,fbs: 0.352 0.319

Time advancing...
rho_bdry 0.900000 ...
te_bdry = 5.000307
ti_bdry = 5.000307
ne_bdry = 16.078026
rv_bdry = 279.463030
nrho_tr_bdry = 18
drho_bdry = 0.000000e+00
nrhob = 90
 [    0] t = 0.0000 
>>> tau_he = 5.000000, nhe(0)=3.777019e+00
 5     -0.010   1.01e-02   3.17e-01   3.36e-03  -4.75e-02   0.00e+00 (  3.30e+00,  3.43e+01)
10      0.001   5.35e-03  -1.88e-03   3.87e-04   8.31e-03   0.00e+00 (  2.23e+00,  7.30e+01)
15     -0.003   1.29e-03  -3.43e-03  -2.83e-03  -2.52e-02   0.00e+00 (  6.30e-01,  1.07e+02)
20      0.001   2.72e-02  -9.30e-02  -8.08e-03   5.63e-03   0.00e+00 (  1.50e+01,  1.35e+02)
25      0.006   5.89e-02  -8.08e-02   2.43e-03   5.53e-02   0.00e+00 (  3.52e+01,  1.53e+02)
30      0.023   2.01e-01  -9.85e-02   4.53e-02   2.41e-01   0.00e+00 (  1.27e+02,  1.68e+02)
35      0.033   2.66e-01  -5.65e-02   4.23e-02   3.81e-01   0.00e+00 (  1.73e+02,  1.78e+02)
40      0.047   3.84e-01   3.47e-02   7.11e-02   5.91e-01   0.00e+00 (  2.52e+02,  1.86e+02)
45      0.063   4.84e-01   1.28e-01   8.77e-02   8.33e-01   0.00e+00 (  3.16e+02,  1.91e+02)
50      0.146   6.67e-01   3.88e-01   1.40e-01   2.03e+00   0.00e+00 (  4.25e+02,  1.93e+02)
55      0.238   8.11e-01   6.90e-01   3.86e-01   3.47e+00   0.00e+00 (  4.96e+02,  1.91e+02)
60      0.320   9.23e-01   9.85e-01   5.57e-01   4.83e+00   0.00e+00 (  5.32e+02,  1.86e+02)
65      0.390   1.01e+00   1.29e+00   8.55e-01   6.08e+00   0.00e+00 (  5.38e+02,  1.77e+02)
70      0.438   1.09e+00   1.59e+00   1.18e+00   7.02e+00   0.00e+00 (  5.29e+02,  1.66e+02)
75      0.449   1.15e+00   1.81e+00   1.44e+00   7.41e+00   0.00e+00 (  4.90e+02,  1.52e+02)
80      0.428   1.14e+00   1.89e+00   1.54e+00   7.48e+00   0.00e+00 (  4.21e+02,  1.36e+02)
85      0.499   1.18e+00   2.02e+00   1.57e+00   1.11e+01   0.00e+00 (  3.88e+02,  1.20e+02)
90      3.318   7.26e+00   9.10e+00   6.30e+00   1.49e+02   0.00e+00 (  3.32e+03,  1.05e+02)
95      0.511   8.93e-01   1.28e+00   9.18e-01   4.35e+01   0.00e+00 (  6.98e+02,  8.88e+01)
 0 e: 8.561e-07 i: 5.595e-06 :: e: 0.000e+00 i: 0.000e+00 :: n: 3.012e+01 e:27.951 i:27.806 v:4.993e+03
>>> tau_he = 5.000000, nhe(0)=3.761820e+00
 5     -0.008   9.59e-03   3.59e-01   3.27e-03  -3.77e-02   0.00e+00 (  3.03e+00,  3.43e+01)
10      0.001   4.68e-03  -2.25e-03   1.93e-04   5.81e-03   0.00e+00 (  1.94e+00,  7.30e+01)
15     -0.003   1.29e-03  -3.27e-03  -2.71e-03  -2.52e-02   0.00e+00 (  6.36e-01,  1.07e+02)
20      0.001   3.04e-02  -9.94e-02  -8.88e-03   1.05e-02   0.00e+00 (  1.68e+01,  1.35e+02)
25     -0.004   5.03e-02  -4.42e-02   5.24e-03  -4.25e-02   0.00e+00 (  3.06e+01,  1.53e+02)
30      0.022   2.00e-01  -9.84e-02   4.48e-02   2.35e-01   0.00e+00 (  1.25e+02,  1.68e+02)
35      0.032   2.70e-01  -5.61e-02   4.29e-02   3.77e-01   0.00e+00 (  1.77e+02,  1.78e+02)
40      0.062   3.96e-01   7.68e-02   8.79e-02   7.72e-01   0.00e+00 (  2.60e+02,  1.86e+02)
45      0.073   4.82e-01   1.51e-01   8.48e-02   9.71e-01   0.00e+00 (  3.15e+02,  1.91e+02)
50      0.160   6.59e-01   4.11e-01   1.65e-01   2.22e+00   0.00e+00 (  4.15e+02,  1.93e+02)
55      0.241   8.08e-01   6.99e-01   3.89e-01   3.51e+00   0.00e+00 (  4.92e+02,  1.91e+02)
60      0.305   9.20e-01   9.66e-01   5.57e-01   4.60e+00   0.00e+00 (  5.29e+02,  1.86e+02)
65      0.369   1.00e+00   1.26e+00   8.32e-01   5.76e+00   0.00e+00 (  5.35e+02,  1.77e+02)
70      0.432   1.09e+00   1.58e+00   1.18e+00   6.93e+00   0.00e+00 (  5.26e+02,  1.66e+02)
75      0.447   1.15e+00   1.80e+00   1.44e+00   7.37e+00   0.00e+00 (  4.88e+02,  1.52e+02)
80      0.425   1.14e+00   1.88e+00   1.53e+00   7.43e+00   0.00e+00 (  4.18e+02,  1.36e+02)
85      0.512   1.21e+00   2.07e+00   1.62e+00   1.13e+01   0.00e+00 (  4.11e+02,  1.20e+02)
90      3.311   7.40e+00   9.16e+00   6.26e+00   1.49e+02   0.00e+00 (  3.16e+03,  1.05e+02)
95      0.511   8.93e-01   1.28e+00   9.18e-01   4.35e+01   0.00e+00 (  6.98e+02,  8.88e+01)
 1 e: 1.480e-01 i: 4.772e-01 :: e: 3.352e-03 i: 1.201e-02 :: n: 3.012e+01 e:27.128 i:35.347 v:4.993e+03
>>> tau_he = 5.000000, nhe(0)=4.178236e+00
 5     -0.007   1.91e-02   3.19e+00   3.00e-03  -3.41e-02   0.00e+00 (  5.47e+00,  3.43e+01)
10     -0.007   9.73e-03   3.75e-02   3.62e-03  -4.12e-02   0.00e+00 (  6.53e+00,  7.30e+01)
15     -0.066   1.76e-01  -2.90e-02   5.26e-02  -4.88e-01   0.00e+00 (  1.81e+02,  1.07e+02)
20     -0.240   3.35e-01  -2.58e-02   8.85e-02  -2.07e+00   0.00e+00 (  3.78e+02,  1.35e+02)
25      0.019   3.24e-01   9.14e-02   5.28e-02   1.80e-01   0.00e+00 (  3.18e+02,  1.53e+02)
30      0.120   2.91e-01   1.42e-01   2.68e-02   1.29e+00   0.00e+00 (  1.98e+02,  1.68e+02)
35      0.529   5.86e-01   4.74e-01   1.98e-01   6.14e+00   0.00e+00 (  3.42e+02,  1.78e+02)
40      0.645   6.49e-01   5.26e-01   3.02e-01   8.04e+00   0.00e+00 (  3.22e+02,  1.86e+02)
45      0.458   5.96e-01   7.23e-01   4.08e-01   6.06e+00   0.00e+00 (  2.60e+02,  1.91e+02)
50      0.332   5.40e-01   7.92e-01   3.47e-01   4.63e+00   0.00e+00 (  2.09e+02,  1.93e+02)
55      0.232   5.07e-01   7.38e-01   4.03e-01   3.38e+00   0.00e+00 (  1.91e+02,  1.91e+02)
60      0.124   4.55e-01   5.09e-01   3.43e-01   1.87e+00   0.00e+00 (  1.67e+02,  1.86e+02)
65      0.119   5.41e-01   6.06e-01   4.35e-01   1.85e+00   0.00e+00 (  1.91e+02,  1.77e+02)
70      0.202   7.23e-01   1.02e+00   7.66e-01   3.23e+00   0.00e+00 (  2.41e+02,  1.66e+02)
75      0.225   7.87e-01   1.20e+00   9.46e-01   3.71e+00   0.00e+00 (  2.43e+02,  1.52e+02)
80      0.240   7.99e-01   1.27e+00   1.01e+00   4.20e+00   0.00e+00 (  2.25e+02,  1.36e+02)
85      0.329   9.69e-01   1.49e+00   1.07e+00   7.29e+00   0.00e+00 (  2.71e+02,  1.20e+02)
90      3.275   7.53e+00   9.29e+00   6.06e+00   1.48e+02   0.00e+00 (  2.99e+03,  1.05e+02)
95      0.511   8.93e-01   1.28e+00   9.18e-01   4.35e+01   0.00e+00 (  6.98e+02,  8.88e+01)
 2 e: 5.490e-02 i: 4.475e-02 :: e: 1.819e-01 i: 2.474e-01 :: n: 3.012e+01 e:30.576 i:32.163 v:4.993e+03
>>> tau_he = 5.000000, nhe(0)=4.046317e+00
 5     -0.011   1.58e-02   2.17e+00   6.44e-03  -5.46e-02   0.00e+00 (  6.01e+00,  3.43e+01)
10     -0.009   2.19e-02   1.85e-02   6.33e-03  -5.64e-02   0.00e+00 (  1.94e+01,  7.30e+01)
15     -0.274   2.15e-01  -7.52e-02   6.97e-02  -2.04e+00   0.00e+00 (  2.68e+02,  1.07e+02)
20     -0.525   2.52e-01  -1.37e-02   2.29e-02  -4.52e+00   0.00e+00 (  3.35e+02,  1.35e+02)
25     -0.144   6.68e-01   7.15e-01   4.77e-01  -1.40e+00   0.00e+00 (  8.54e+02,  1.53e+02)
30      0.301   5.68e-01   4.88e-01   3.30e-01   3.22e+00   0.00e+00 (  5.58e+02,  1.68e+02)
35      0.384   4.91e-01   4.23e-01   2.42e-01   4.47e+00   0.00e+00 (  4.09e+02,  1.78e+02)
40      0.368   4.60e-01   5.16e-01   2.94e-01   4.59e+00   0.00e+00 (  3.19e+02,  1.86e+02)
45      0.300   4.71e-01   6.52e-01   2.49e-01   3.97e+00   0.00e+00 (  2.68e+02,  1.91e+02)
50      0.210   4.65e-01   6.55e-01   2.81e-01   2.93e+00   0.00e+00 (  2.14e+02,  1.93e+02)
55      0.137   4.57e-01   5.61e-01   3.21e-01   1.99e+00   0.00e+00 (  1.84e+02,  1.91e+02)
60      0.074   4.22e-01   4.06e-01   2.75e-01   1.11e+00   0.00e+00 (  1.50e+02,  1.86e+02)
65      0.114   4.88e-01   5.55e-01   4.02e-01   1.77e+00   0.00e+00 (  1.52e+02,  1.77e+02)
70      0.149   5.17e-01   6.87e-01   5.31e-01   2.38e+00   0.00e+00 (  1.40e+02,  1.66e+02)
75      0.179   5.39e-01   8.06e-01   6.52e-01   2.95e+00   0.00e+00 (  1.28e+02,  1.52e+02)
80      0.201   5.41e-01   8.84e-01   7.02e-01   3.52e+00   0.00e+00 (  1.12e+02,  1.36e+02)
85      0.292   7.40e-01   1.14e+00   8.10e-01   6.46e+00   0.00e+00 (  1.48e+02,  1.20e+02)
90      3.241   7.72e+00   9.26e+00   5.92e+00   1.46e+02   0.00e+00 (  2.73e+03,  1.05e+02)
95      0.511   8.93e-01   1.28e+00   9.18e-01   4.35e+01   0.00e+00 (  6.98e+02,  8.88e+01)
 3 e: 3.552e-02 i: 1.159e-02 :: e: 2.684e-01 i: 4.292e-01 :: n: 3.012e+01 e:25.637 i:31.868 v:4.993e+03
>>> tau_he = 5.000000, nhe(0)=4.025504e+00
 5     -0.011   1.41e-02   1.63e+00   5.01e-03  -5.52e-02   0.00e+00 (  4.89e+00,  3.43e+01)
10     -0.007   3.10e-02   2.26e-03   5.03e-03  -4.27e-02   0.00e+00 (  2.46e+01,  7.30e+01)
15     -0.201   1.62e-01  -3.50e-02   2.75e-02  -1.50e+00   0.00e+00 (  1.65e+02,  1.07e+02)
20     -0.170   2.22e-01   4.45e-02   1.84e-02  -1.47e+00   0.00e+00 (  2.35e+02,  1.35e+02)
25     -0.049   2.51e-01   1.04e-01   3.75e-02  -4.77e-01   0.00e+00 (  2.43e+02,  1.53e+02)
30      0.133   3.85e-01   3.46e-01   1.15e-01   1.43e+00   0.00e+00 (  2.99e+02,  1.68e+02)
35      0.197   3.60e-01   3.45e-01   1.38e-01   2.29e+00   0.00e+00 (  2.42e+02,  1.78e+02)
40      0.237   3.60e-01   3.98e-01   1.60e-01   2.95e+00   0.00e+00 (  2.03e+02,  1.86e+02)
45      0.222   3.71e-01   4.63e-01   1.99e-01   2.93e+00   0.00e+00 (  1.72e+02,  1.91e+02)
50      0.189   3.73e-01   5.03e-01   2.37e-01   2.63e+00   0.00e+00 (  1.40e+02,  1.93e+02)
55      0.108   3.10e-01   3.78e-01   2.24e-01   1.57e+00   0.00e+00 (  1.01e+02,  1.91e+02)
60      0.096   3.19e-01   3.59e-01   2.43e-01   1.45e+00   0.00e+00 (  9.20e+01,  1.86e+02)
65      0.129   3.67e-01   4.71e-01   3.37e-01   2.01e+00   0.00e+00 (  9.13e+01,  1.77e+02)
70      0.153   3.92e-01   5.72e-01   4.44e-01   2.45e+00   0.00e+00 (  8.39e+01,  1.66e+02)
75      0.175   4.14e-01   6.61e-01   5.40e-01   2.88e+00   0.00e+00 (  7.71e+01,  1.52e+02)
80      0.191   4.33e-01   7.30e-01   5.84e-01   3.34e+00   0.00e+00 (  6.98e+01,  1.36e+02)
85      0.284   6.75e-01   1.01e+00   7.01e-01   6.28e+00   0.00e+00 (  1.02e+02,  1.20e+02)
90      2.301   5.33e+00   6.54e+00   3.93e+00   1.04e+02   0.00e+00 (  1.74e+03,  1.05e+02)
95      0.511   8.93e-01   1.28e+00   9.18e-01   4.35e+01   0.00e+00 (  6.98e+02,  8.88e+01)
 4 e: 1.610e-03 i: 1.881e-02 :: e: 3.439e-01 i: 4.351e-01 :: n: 3.012e+01 e:26.527 i:28.086 v:4.993e+03
>>> tau_he = 5.000000, nhe(0)=3.784982e+00
 5     -0.011   1.10e-02   1.42e+00   6.24e-03  -5.20e-02   0.00e+00 (  4.19e+00,  3.43e+01)
10     -0.006   2.98e-02  -3.77e-04   6.37e-03  -4.04e-02   0.00e+00 (  2.54e+01,  7.30e+01)
15     -0.198   1.46e-01  -2.16e-02   3.32e-02  -1.48e+00   0.00e+00 (  1.53e+02,  1.07e+02)
20     -0.087   2.03e-01   4.69e-02   5.45e-03  -7.47e-01   0.00e+00 (  2.19e+02,  1.35e+02)
25     -0.011   4.18e-01   3.88e-01   1.72e-01  -1.05e-01   0.00e+00 (  4.16e+02,  1.53e+02)
30      0.135   3.72e-01   3.44e-01   1.42e-01   1.45e+00   0.00e+00 (  3.00e+02,  1.68e+02)
35      0.171   3.54e-01   3.64e-01   1.55e-01   1.99e+00   0.00e+00 (  2.50e+02,  1.78e+02)
40      0.209   3.56e-01   4.41e-01   1.72e-01   2.61e+00   0.00e+00 (  2.13e+02,  1.86e+02)
45      0.202   3.76e-01   5.11e-01   2.32e-01   2.67e+00   0.00e+00 (  1.86e+02,  1.91e+02)
50      0.169   3.85e-01   5.55e-01   2.50e-01   2.35e+00   0.00e+00 (  1.55e+02,  1.93e+02)
55      0.095   3.31e-01   4.19e-01   2.43e-01   1.39e+00   0.00e+00 (  1.16e+02,  1.91e+02)
60      0.082   3.42e-01   3.83e-01   2.53e-01   1.23e+00   0.00e+00 (  1.05e+02,  1.86e+02)
65      0.106   3.74e-01   4.64e-01   3.33e-01   1.66e+00   0.00e+00 (  9.73e+01,  1.77e+02)
70      0.123   3.74e-01   5.15e-01   4.04e-01   1.97e+00   0.00e+00 (  8.27e+01,  1.66e+02)
75      0.137   3.71e-01   5.61e-01   4.60e-01   2.25e+00   0.00e+00 (  7.02e+01,  1.52e+02)
80      0.148   3.70e-01   5.93e-01   4.76e-01   2.59e+00   0.00e+00 (  5.97e+01,  1.36e+02)
85      0.254   6.25e-01   8.74e-01   5.75e-01   5.63e+00   0.00e+00 (  9.18e+01,  1.20e+02)
90      2.310   5.38e+00   6.63e+00   3.92e+00   1.04e+02   0.00e+00 (  1.74e+03,  1.05e+02)
95      0.511   8.93e-01   1.28e+00   9.18e-01   4.35e+01   0.00e+00 (  6.98e+02,  8.88e+01)
 5 e: 1.879e-02 i: 2.338e-03 :: e: 3.371e-01 i: 4.578e-01 :: n: 3.012e+01 e:23.191 i:27.785 v:4.993e+03
>>> tau_he = 5.000000, nhe(0)=3.760338e+00
 5     -0.010   1.01e-02   1.28e+00   5.10e-03  -4.78e-02   0.00e+00 (  3.49e+00,  3.43e+01)
10     -0.006   3.21e-02   1.10e-03   6.08e-03  -3.77e-02   0.00e+00 (  2.44e+01,  7.30e+01)
15     -0.137   1.44e-01  -2.43e-02   2.02e-02  -1.02e+00   0.00e+00 (  1.29e+02,  1.07e+02)
20     -0.025   1.83e-01   4.11e-02   1.28e-02  -2.19e-01   0.00e+00 (  1.67e+02,  1.35e+02)
25     -0.007   2.01e-01   8.24e-02   1.87e-02  -6.80e-02   0.00e+00 (  1.64e+02,  1.53e+02)
30      0.048   2.14e-01   1.19e-01   9.19e-03   5.13e-01   0.00e+00 (  1.45e+02,  1.68e+02)
35      0.127   2.95e-01   2.72e-01   8.33e-02   1.47e+00   0.00e+00 (  1.77e+02,  1.78e+02)
40      0.156   2.95e-01   3.33e-01   1.13e-01   1.95e+00   0.00e+00 (  1.50e+02,  1.86e+02)
45      0.155   3.04e-01   3.63e-01   1.79e-01   2.05e+00   0.00e+00 (  1.27e+02,  1.91e+02)
50      0.139   3.08e-01   3.92e-01   2.01e-01   1.94e+00   0.00e+00 (  1.05e+02,  1.93e+02)
55      0.096   2.71e-01   3.28e-01   2.10e-01   1.40e+00   0.00e+00 (  8.04e+01,  1.91e+02)
60      0.090   2.72e-01   3.21e-01   2.19e-01   1.36e+00   0.00e+00 (  7.00e+01,  1.86e+02)
65      0.115   3.00e-01   3.99e-01   2.86e-01   1.79e+00   0.00e+00 (  6.49e+01,  1.77e+02)
70      0.132   3.10e-01   4.59e-01   3.62e-01   2.11e+00   0.00e+00 (  5.65e+01,  1.66e+02)
75      0.147   3.25e-01   5.20e-01   4.32e-01   2.43e+00   0.00e+00 (  5.03e+01,  1.52e+02)
80      0.160   3.53e-01   5.68e-01   4.62e-01   2.79e+00   0.00e+00 (  4.56e+01,  1.36e+02)
85      0.261   6.47e-01   8.50e-01   5.65e-01   5.77e+00   0.00e+00 (  7.28e+01,  1.20e+02)
90      0.873   2.03e+00   2.56e+00   1.43e+00   3.93e+01   0.00e+00 (  6.19e+02,  1.05e+02)
95      0.511   8.93e-01   1.28e+00   9.18e-01   4.35e+01   0.00e+00 (  6.98e+02,  8.88e+01)
 6 e: 1.566e-03 i: 8.735e-03 :: e: 3.841e-01 i: 4.566e-01 :: n: 3.012e+01 e:24.016 i:25.400 v:4.993e+03
>>> tau_he = 5.000000, nhe(0)=3.569456e+00
 5     -0.009   8.52e-03   1.20e+00   5.68e-03  -4.34e-02   0.00e+00 (  3.11e+00,  3.43e+01)
10     -0.004   2.27e-02   3.24e-04   4.55e-03  -2.36e-02   0.00e+00 (  1.79e+01,  7.30e+01)
15     -0.128   1.25e-01  -2.46e-02   1.52e-02  -9.55e-01   0.00e+00 (  1.13e+02,  1.07e+02)
20     -0.017   1.70e-01   5.56e-02  -8.61e-03  -1.46e-01   0.00e+00 (  1.57e+02,  1.35e+02)
25      0.024   1.91e-01   9.35e-02   7.71e-03   2.37e-01   0.00e+00 (  1.60e+02,  1.53e+02)
30      0.046   2.17e-01   1.41e-01  -6.01e-03   4.97e-01   0.00e+00 (  1.54e+02,  1.68e+02)
35      0.125   2.94e-01   3.04e-01   1.08e-01   1.46e+00   0.00e+00 (  1.84e+02,  1.78e+02)
40      0.151   3.04e-01   3.82e-01   1.24e-01   1.88e+00   0.00e+00 (  1.63e+02,  1.86e+02)
45      0.149   3.18e-01   4.20e-01   1.91e-01   1.98e+00   0.00e+00 (  1.41e+02,  1.91e+02)
50      0.136   3.30e-01   4.58e-01   2.36e-01   1.90e+00   0.00e+00 (  1.21e+02,  1.93e+02)
55      0.090   2.95e-01   3.81e-01   2.23e-01   1.31e+00   0.00e+00 (  9.44e+01,  1.91e+02)
60      0.082   3.00e-01   3.56e-01   2.31e-01   1.24e+00   0.00e+00 (  8.33e+01,  1.86e+02)
65      0.100   3.17e-01   4.08e-01   2.92e-01   1.56e+00   0.00e+00 (  7.43e+01,  1.77e+02)
70      0.110   3.09e-01   4.34e-01   3.44e-01   1.76e+00   0.00e+00 (  6.09e+01,  1.66e+02)
75      0.119   3.01e-01   4.61e-01   3.81e-01   1.96e+00   0.00e+00 (  5.04e+01,  1.52e+02)
80      0.128   3.01e-01   4.74e-01   3.72e-01   2.23e+00   0.00e+00 (  4.19e+01,  1.36e+02)
85      0.250   6.28e-01   7.91e-01   5.00e-01   5.55e+00   0.00e+00 (  7.47e+01,  1.20e+02)
90      0.680   1.60e+00   2.00e+00   1.22e+00   3.06e+01   0.00e+00 (  4.94e+02,  1.05e+02)
95      0.511   8.93e-01   1.28e+00   9.18e-01   4.35e+01   0.00e+00 (  6.98e+02,  8.88e+01)
 7 e: 9.729e-03 i: 1.290e-03 :: e: 3.378e-01 i: 4.232e-01 :: n: 3.012e+01 e:21.791 i:25.745 v:4.993e+03
>>> tau_he = 5.000000, nhe(0)=3.598457e+00
 5     -0.008   8.52e-03   1.19e+00   4.60e-03  -4.04e-02   0.00e+00 (  2.85e+00,  3.43e+01)
10     -0.005   2.70e-02   1.01e-03   4.69e-03  -2.81e-02   0.00e+00 (  1.94e+01,  7.30e+01)
15     -0.094   1.01e-01  -3.19e-02   1.27e-02  -7.01e-01   0.00e+00 (  8.25e+01,  1.07e+02)
20     -0.002   1.53e-01   3.66e-02   6.65e-03  -1.80e-02   0.00e+00 (  1.27e+02,  1.35e+02)
25      0.019   1.73e-01   7.43e-02   6.57e-03   1.79e-01   0.00e+00 (  1.31e+02,  1.53e+02)
30      0.043   1.88e-01   1.11e-01   1.03e-02   4.64e-01   0.00e+00 (  1.21e+02,  1.68e+02)
35      0.103   2.53e-01   2.33e-01   6.83e-02   1.20e+00   0.00e+00 (  1.40e+02,  1.78e+02)
40      0.118   2.57e-01   2.85e-01   8.22e-02   1.47e+00   0.00e+00 (  1.21e+02,  1.86e+02)
45      0.121   2.61e-01   3.00e-01   1.44e-01   1.60e+00   0.00e+00 (  1.01e+02,  1.91e+02)
50      0.091   2.34e-01   2.77e-01   1.64e-01   1.27e+00   0.00e+00 (  7.47e+01,  1.93e+02)
55      0.089   2.48e-01   3.01e-01   1.99e-01   1.30e+00   0.00e+00 (  6.92e+01,  1.91e+02)
60      0.087   2.48e-01   3.02e-01   2.07e-01   1.32e+00   0.00e+00 (  5.96e+01,  1.86e+02)
65      0.107   2.68e-01   3.64e-01   2.62e-01   1.68e+00   0.00e+00 (  5.35e+01,  1.77e+02)
70      0.121   2.74e-01   4.08e-01   3.25e-01   1.93e+00   0.00e+00 (  4.58e+01,  1.66e+02)
75      0.133   2.89e-01   4.55e-01   3.83e-01   2.19e+00   0.00e+00 (  4.04e+01,  1.52e+02)
80      0.148   3.29e-01   5.01e-01   4.09e-01   2.58e+00   0.00e+00 (  3.74e+01,  1.36e+02)
85      0.255   6.83e-01   7.86e-01   5.10e-01   5.66e+00   0.00e+00 (  6.30e+01,  1.20e+02)
90      0.869   2.05e+00   2.55e+00   1.40e+00   3.91e+01   0.00e+00 (  6.02e+02,  1.05e+02)
95      0.511   8.93e-01   1.28e+00   9.18e-01   4.35e+01   0.00e+00 (  6.98e+02,  8.88e+01)
 8 e: 2.327e-03 i: 4.502e-03 :: e: 3.787e-01 i: 4.368e-01 :: n: 3.012e+01 e:22.849 i:24.155 v:4.993e+03
>>> tau_he = 5.000000, nhe(0)=3.455139e+00
 5     -0.008   7.56e-03   1.15e+00   5.35e-03  -3.85e-02   0.00e+00 (  2.66e+00,  3.43e+01)
10     -0.003   2.01e-02   3.66e-04   3.71e-03  -1.86e-02   0.00e+00 (  1.50e+01,  7.30e+01)
15     -0.061   1.05e-01  -3.03e-02   1.83e-02  -4.55e-01   0.00e+00 (  8.77e+01,  1.07e+02)
20     -0.004   1.44e-01   5.42e-02  -1.66e-02  -3.64e-02   0.00e+00 (  1.24e+02,  1.35e+02)
25      0.030   1.74e-01   9.50e-02   6.93e-03   2.86e-01   0.00e+00 (  1.38e+02,  1.53e+02)
30      0.045   1.98e-01   1.35e-01  -4.41e-03   4.79e-01   0.00e+00 (  1.35e+02,  1.68e+02)
35      0.106   2.68e-01   2.74e-01   1.01e-01   1.23e+00   0.00e+00 (  1.57e+02,  1.78e+02)
40      0.123   2.76e-01   3.40e-01   1.30e-01   1.53e+00   0.00e+00 (  1.38e+02,  1.86e+02)
45      0.123   2.87e-01   3.61e-01   1.68e-01   1.62e+00   0.00e+00 (  1.20e+02,  1.91e+02)
50      0.119   3.01e-01   4.06e-01   2.18e-01   1.66e+00   0.00e+00 (  1.05e+02,  1.93e+02)
55      0.088   2.76e-01   3.56e-01   2.14e-01   1.28e+00   0.00e+00 (  8.43e+01,  1.91e+02)
60      0.082   2.79e-01   3.41e-01   2.22e-01   1.23e+00   0.00e+00 (  7.37e+01,  1.86e+02)
65      0.097   2.90e-01   3.82e-01   2.73e-01   1.51e+00   0.00e+00 (  6.40e+01,  1.77e+02)
70      0.104   2.79e-01   3.96e-01   3.16e-01   1.66e+00   0.00e+00 (  5.17e+01,  1.66e+02)
75      0.110   2.69e-01   4.14e-01   3.45e-01   1.81e+00   0.00e+00 (  4.20e+01,  1.52e+02)
80      0.119   2.76e-01   4.24e-01   3.33e-01   2.09e+00   0.00e+00 (  3.48e+01,  1.36e+02)
85      0.252   6.58e-01   7.52e-01   4.66e-01   5.58e+00   0.00e+00 (  6.64e+01,  1.20e+02)
90      0.870   2.05e+00   2.56e+00   1.39e+00   3.92e+01   0.00e+00 (  6.11e+02,  1.05e+02)
95      0.511   8.93e-01   1.28e+00   9.18e-01   4.35e+01   0.00e+00 (  6.98e+02,  8.88e+01)
 9 e: 5.969e-03 i: 1.385e-03 :: e: 3.135e-01 i: 3.794e-01 :: n: 3.012e+01 e:21.166 i:24.827 v:4.993e+03
>>> tau_he = 5.000000, nhe(0)=3.517716e+00
 5     -0.008   7.86e-03   1.16e+00   4.47e-03  -3.72e-02   0.00e+00 (  2.58e+00,  3.43e+01)
10     -0.004   2.47e-02   1.39e-03   4.00e-03  -2.31e-02   0.00e+00 (  1.71e+01,  7.30e+01)
15     -0.048   8.57e-02  -3.77e-02   1.31e-02  -3.55e-01   0.00e+00 (  6.63e+01,  1.07e+02)
20      0.007   1.42e-01   3.65e-02   1.77e-03   6.40e-02   0.00e+00 (  1.13e+02,  1.35e+02)
25      0.032   1.64e-01   7.52e-02   7.51e-03   3.12e-01   0.00e+00 (  1.21e+02,  1.53e+02)
30      0.042   1.82e-01   1.11e-01   1.07e-02   4.52e-01   0.00e+00 (  1.14e+02,  1.68e+02)
35      0.057   1.86e-01   1.35e-01   3.20e-02   6.65e-01   0.00e+00 (  9.94e+01,  1.78e+02)
40      0.100   2.41e-01   2.56e-01   9.39e-02   1.25e+00   0.00e+00 (  1.09e+02,  1.86e+02)
45      0.085   2.15e-01   2.33e-01   1.20e-01   1.12e+00   0.00e+00 (  8.13e+01,  1.91e+02)
50      0.084   2.24e-01   2.58e-01   1.60e-01   1.17e+00   0.00e+00 (  7.03e+01,  1.93e+02)
55      0.087   2.41e-01   2.89e-01   1.91e-01   1.27e+00   0.00e+00 (  6.56e+01,  1.91e+02)
60      0.087   2.41e-01   2.98e-01   2.04e-01   1.31e+00   0.00e+00 (  5.62e+01,  1.86e+02)
65      0.106   2.58e-01   3.56e-01   2.56e-01   1.66e+00   0.00e+00 (  5.00e+01,  1.77e+02)
70      0.117   2.63e-01   3.92e-01   3.13e-01   1.88e+00   0.00e+00 (  4.22e+01,  1.66e+02)
75      0.127   2.75e-01   4.31e-01   3.64e-01   2.10e+00   0.00e+00 (  3.67e+01,  1.52e+02)
80      0.142   3.15e-01   4.68e-01   3.82e-01   2.47e+00   0.00e+00 (  3.32e+01,  1.36e+02)
85      0.252   7.20e-01   7.47e-01   4.75e-01   5.58e+00   0.00e+00 (  5.72e+01,  1.20e+02)
90      0.867   2.06e+00   2.54e+00   1.39e+00   3.90e+01   0.00e+00 (  5.91e+02,  1.05e+02)
95      0.511   8.93e-01   1.28e+00   9.18e-01   4.35e+01   0.00e+00 (  6.98e+02,  8.88e+01)
10 e: 3.076e-03 i: 2.534e-03 :: e: 3.538e-01 i: 4.023e-01 :: n: 3.012e+01 e:22.376 i:23.671 v:4.993e+03
>>> tau_he = 5.000000, nhe(0)=3.407839e+00
 5     -0.007   7.23e-03   1.15e+00   5.20e-03  -3.62e-02   0.00e+00 (  2.49e+00,  3.43e+01)
10     -0.003   1.58e-02   2.06e-03   2.93e-03  -1.97e-02   0.00e+00 (  1.14e+01,  7.30e+01)
15     -0.050   9.20e-02  -3.44e-02   1.47e-02  -3.74e-01   0.00e+00 (  7.40e+01,  1.07e+02)
20      0.003   1.38e-01   5.24e-02  -1.60e-02   2.75e-02   0.00e+00 (  1.14e+02,  1.35e+02)
25      0.033   1.68e-01   9.74e-02   6.88e-03   3.21e-01   0.00e+00 (  1.30e+02,  1.53e+02)
30      0.046   1.91e-01   1.35e-01  -2.83e-03   4.93e-01   0.00e+00 (  1.28e+02,  1.68e+02)
35      0.099   2.58e-01   2.65e-01   9.80e-02   1.15e+00   0.00e+00 (  1.49e+02,  1.78e+02)
40      0.107   2.63e-01   3.12e-01   1.17e-01   1.33e+00   0.00e+00 (  1.30e+02,  1.86e+02)
45      0.120   2.86e-01   3.69e-01   1.68e-01   1.59e+00   0.00e+00 (  1.18e+02,  1.91e+02)
50      0.112   2.92e-01   3.84e-01   2.11e-01   1.56e+00   0.00e+00 (  1.01e+02,  1.93e+02)
55      0.085   2.72e-01   3.52e-01   2.10e-01   1.24e+00   0.00e+00 (  8.25e+01,  1.91e+02)
60      0.083   2.76e-01   3.42e-01   2.24e-01   1.25e+00   0.00e+00 (  7.18e+01,  1.86e+02)
65      0.098   2.86e-01   3.83e-01   2.73e-01   1.53e+00   0.00e+00 (  6.22e+01,  1.77e+02)
70      0.103   2.73e-01   3.91e-01   3.12e-01   1.65e+00   0.00e+00 (  4.97e+01,  1.66e+02)
75      0.108   2.60e-01   4.02e-01   3.35e-01   1.77e+00   0.00e+00 (  3.97e+01,  1.52e+02)
80      0.118   2.72e-01   4.11e-01   3.22e-01   2.07e+00   0.00e+00 (  3.26e+01,  1.36e+02)
85      0.252   6.94e-01   7.37e-01   4.41e-01   5.59e+00   0.00e+00 (  6.21e+01,  1.20e+02)
90      0.868   2.06e+00   2.55e+00   1.37e+00   3.91e+01   0.00e+00 (  6.02e+02,  1.05e+02)
95      0.511   8.93e-01   1.28e+00   9.18e-01   4.35e+01   0.00e+00 (  6.98e+02,  8.88e+01)
11 e: 4.023e-03 i: 1.804e-03 :: e: 2.547e-01 i: 3.163e-01 :: n: 3.012e+01 e:21.010 i:24.556 v:4.993e+03
>>> tau_he = 5.000000, nhe(0)=3.492825e+00
 5     -0.007   7.70e-03   1.17e+00   4.43e-03  -3.59e-02   0.00e+00 (  2.50e+00,  3.43e+01)
10     -0.003   1.76e-02   3.37e-03   3.21e-03  -2.16e-02   0.00e+00 (  1.19e+01,  7.30e+01)
15     -0.040   8.07e-02  -3.48e-02   1.24e-02  -2.97e-01   0.00e+00 (  6.09e+01,  1.07e+02)
20      0.009   1.29e-01   3.79e-02   7.60e-04   8.01e-02   0.00e+00 (  9.98e+01,  1.35e+02)
25      0.036   1.61e-01   7.81e-02   7.50e-03   3.51e-01   0.00e+00 (  1.16e+02,  1.53e+02)
30      0.043   1.81e-01   1.13e-01   8.45e-03   4.55e-01   0.00e+00 (  1.14e+02,  1.68e+02)
35      0.053   1.85e-01   1.34e-01   3.49e-02   6.10e-01   0.00e+00 (  9.89e+01,  1.78e+02)
40      0.090   2.38e-01   2.42e-01   8.84e-02   1.13e+00   0.00e+00 (  1.08e+02,  1.86e+02)
45      0.077   2.13e-01   2.19e-01   1.22e-01   1.02e+00   0.00e+00 (  8.10e+01,  1.91e+02)
50      0.081   2.24e-01   2.50e-01   1.57e-01   1.13e+00   0.00e+00 (  7.12e+01,  1.93e+02)
55      0.086   2.43e-01   2.91e-01   1.93e-01   1.26e+00   0.00e+00 (  6.69e+01,  1.91e+02)
60      0.089   2.45e-01   3.05e-01   2.08e-01   1.35e+00   0.00e+00 (  5.76e+01,  1.86e+02)
65      0.110   2.63e-01   3.61e-01   2.62e-01   1.71e+00   0.00e+00 (  5.11e+01,  1.77e+02)
70      0.120   2.67e-01   4.02e-01   3.20e-01   1.92e+00   0.00e+00 (  4.31e+01,  1.66e+02)
75      0.129   2.77e-01   4.36e-01   3.68e-01   2.13e+00   0.00e+00 (  3.69e+01,  1.52e+02)
80      0.141   3.15e-01   4.64e-01   3.79e-01   2.47e+00   0.00e+00 (  3.22e+01,  1.36e+02)
85      0.248   7.49e-01   7.25e-01   4.54e-01   5.50e+00   0.00e+00 (  5.37e+01,  1.20e+02)
90      0.866   2.07e+00   2.54e+00   1.38e+00   3.90e+01   0.00e+00 (  5.85e+02,  1.05e+02)
95      0.511   8.93e-01   1.28e+00   9.18e-01   4.35e+01   0.00e+00 (  6.98e+02,  8.88e+01)
12 e: 3.668e-03 i: 1.614e-03 :: e: 2.890e-01 i: 3.330e-01 :: n: 3.012e+01 e:22.335 i:23.653 v:4.993e+03
>>> tau_he = 5.000000, nhe(0)=3.406107e+00
 5     -0.007   7.23e-03   1.18e+00   5.16e-03  -3.54e-02   0.00e+00 (  2.47e+00,  3.43e+01)
10     -0.003   1.43e-02   2.76e-03   2.77e-03  -1.87e-02   0.00e+00 (  1.01e+01,  7.30e+01)
15     -0.045   8.44e-02  -3.68e-02   1.07e-02  -3.32e-01   0.00e+00 (  6.66e+01,  1.07e+02)
20      0.007   1.37e-01   5.21e-02  -1.61e-02   6.34e-02   0.00e+00 (  1.11e+02,  1.35e+02)
25      0.037   1.68e-01   1.01e-01   6.73e-03   3.57e-01   0.00e+00 (  1.29e+02,  1.53e+02)
30      0.048   1.91e-01   1.38e-01  -4.81e-03   5.09e-01   0.00e+00 (  1.29e+02,  1.68e+02)
35      0.095   2.59e-01   2.62e-01   9.69e-02   1.10e+00   0.00e+00 (  1.50e+02,  1.78e+02)
40      0.099   2.64e-01   3.00e-01   1.13e-01   1.23e+00   0.00e+00 (  1.30e+02,  1.86e+02)
45      0.111   2.84e-01   3.54e-01   1.65e-01   1.47e+00   0.00e+00 (  1.19e+02,  1.91e+02)
50      0.110   2.96e-01   3.81e-01   2.10e-01   1.54e+00   0.00e+00 (  1.05e+02,  1.93e+02)
55      0.087   2.78e-01   3.58e-01   2.11e-01   1.26e+00   0.00e+00 (  8.60e+01,  1.91e+02)
60      0.087   2.85e-01   3.57e-01   2.38e-01   1.31e+00   0.00e+00 (  7.56e+01,  1.86e+02)
65      0.104   3.00e-01   4.07e-01   2.89e-01   1.62e+00   0.00e+00 (  6.62e+01,  1.77e+02)
70      0.108   2.85e-01   4.11e-01   3.27e-01   1.73e+00   0.00e+00 (  5.28e+01,  1.66e+02)
75      0.111   2.70e-01   4.17e-01   3.50e-01   1.83e+00   0.00e+00 (  4.18e+01,  1.52e+02)
80      0.118   2.69e-01   4.10e-01   3.22e-01   2.06e+00   0.00e+00 (  3.20e+01,  1.36e+02)
85      0.247   7.00e-01   7.15e-01   4.22e-01   5.47e+00   0.00e+00 (  5.83e+01,  1.20e+02)
90      0.867   2.07e+00   2.54e+00   1.37e+00   3.90e+01   0.00e+00 (  5.96e+02,  1.05e+02)
95      0.511   8.93e-01   1.28e+00   9.18e-01   4.35e+01   0.00e+00 (  6.98e+02,  8.88e+01)
13 e: 2.987e-03 i: 2.200e-03 :: e: 1.912e-01 i: 2.468e-01 :: n: 3.012e+01 e:21.147 i:24.686 v:4.993e+03
>>> tau_he = 5.000000, nhe(0)=3.504769e+00
 5     -0.007   7.81e-03   1.21e+00   4.44e-03  -3.57e-02   0.00e+00 (  2.53e+00,  3.43e+01)
10     -0.003   1.64e-02   3.94e-03   3.07e-03  -2.11e-02   0.00e+00 (  1.11e+01,  7.30e+01)
15     -0.037   7.68e-02  -3.87e-02   1.31e-02  -2.76e-01   0.00e+00 (  5.74e+01,  1.07e+02)
20      0.012   1.30e-01   3.82e-02   9.04e-04   1.03e-01   0.00e+00 (  9.94e+01,  1.35e+02)
25      0.040   1.63e-01   8.19e-02   7.02e-03   3.85e-01   0.00e+00 (  1.18e+02,  1.53e+02)
30      0.044   1.85e-01   1.15e-01   5.07e-03   4.67e-01   0.00e+00 (  1.18e+02,  1.68e+02)
35      0.051   1.88e-01   1.34e-01   3.57e-02   5.95e-01   0.00e+00 (  1.02e+02,  1.78e+02)
40      0.061   2.03e-01   1.65e-01   5.50e-02   7.56e-01   0.00e+00 (  9.40e+01,  1.86e+02)
45      0.073   2.19e-01   2.12e-01   1.24e-01   9.60e-01   0.00e+00 (  8.58e+01,  1.91e+02)
50      0.080   2.32e-01   2.49e-01   1.57e-01   1.12e+00   0.00e+00 (  7.63e+01,  1.93e+02)
55      0.088   2.53e-01   2.98e-01   1.95e-01   1.28e+00   0.00e+00 (  7.21e+01,  1.91e+02)
60      0.093   2.58e-01   3.17e-01   2.18e-01   1.41e+00   0.00e+00 (  6.25e+01,  1.86e+02)
65      0.118   2.81e-01   3.90e-01   2.81e-01   1.83e+00   0.00e+00 (  5.64e+01,  1.77e+02)
70      0.127   2.85e-01   4.31e-01   3.41e-01   2.04e+00   0.00e+00 (  4.75e+01,  1.66e+02)
75      0.136   2.92e-01   4.65e-01   3.90e-01   2.25e+00   0.00e+00 (  4.03e+01,  1.52e+02)
80      0.145   3.21e-01   4.79e-01   3.92e-01   2.53e+00   0.00e+00 (  3.31e+01,  1.36e+02)
85      0.252   7.79e-01   7.31e-01   4.56e-01   5.57e+00   0.00e+00 (  5.33e+01,  1.20e+02)
90      0.865   2.08e+00   2.53e+00   1.37e+00   3.90e+01   0.00e+00 (  5.82e+02,  1.05e+02)
95      0.511   8.93e-01   1.28e+00   9.18e-01   4.35e+01   0.00e+00 (  6.98e+02,  8.88e+01)
14 e: 4.126e-03 i: 1.111e-03 :: e: 2.269e-01 i: 2.697e-01 :: n: 3.012e+01 e:22.561 i:23.942 v:4.993e+03
>>> tau_he = 5.000000, nhe(0)=3.434516e+00
 5     -0.007   7.44e-03   1.22e+00   5.19e-03  -3.57e-02   0.00e+00 (  2.53e+00,  3.43e+01)
10     -0.003   1.34e-02   3.39e-03   2.74e-03  -1.92e-02   0.00e+00 (  9.50e+00,  7.30e+01)
15     -0.042   8.27e-02  -3.90e-02   1.02e-02  -3.14e-01   0.00e+00 (  6.49e+01,  1.07e+02)
20      0.010   1.39e-01   5.25e-02  -1.66e-02   8.91e-02   0.00e+00 (  1.11e+02,  1.35e+02)
25      0.094   2.68e-01   2.66e-01   7.74e-02   9.12e-01   0.00e+00 (  2.05e+02,  1.53e+02)
30      0.049   1.97e-01   1.41e-01  -8.54e-03   5.29e-01   0.00e+00 (  1.34e+02,  1.68e+02)
35      0.095   2.66e-01   2.65e-01   9.69e-02   1.11e+00   0.00e+00 (  1.57e+02,  1.78e+02)
40      0.097   2.71e-01   2.99e-01   1.08e-01   1.21e+00   0.00e+00 (  1.37e+02,  1.86e+02)
45      0.109   2.91e-01   3.49e-01   1.65e-01   1.44e+00   0.00e+00 (  1.26e+02,  1.91e+02)
50      0.113   3.07e-01   3.88e-01   2.13e-01   1.57e+00   0.00e+00 (  1.13e+02,  1.93e+02)
55      0.090   2.93e-01   3.70e-01   2.19e-01   1.31e+00   0.00e+00 (  9.39e+01,  1.91e+02)
60      0.091   3.02e-01   3.78e-01   2.50e-01   1.38e+00   0.00e+00 (  8.33e+01,  1.86e+02)
65      0.113   3.23e-01   4.46e-01   3.15e-01   1.76e+00   0.00e+00 (  7.42e+01,  1.77e+02)
70      0.116   3.10e-01   4.50e-01   3.54e-01   1.86e+00   0.00e+00 (  5.99e+01,  1.66e+02)
75      0.119   2.93e-01   4.53e-01   3.78e-01   1.96e+00   0.00e+00 (  4.75e+01,  1.52e+02)
80      0.123   2.80e-01   4.35e-01   3.43e-01   2.16e+00   0.00e+00 (  3.42e+01,  1.36e+02)
85      0.252   7.21e-01   7.29e-01   4.34e-01   5.59e+00   0.00e+00 (  5.87e+01,  1.20e+02)
90      0.866   2.07e+00   2.54e+00   1.37e+00   3.90e+01   0.00e+00 (  5.94e+02,  1.05e+02)
95      0.511   8.93e-01   1.28e+00   9.18e-01   4.35e+01   0.00e+00 (  6.98e+02,  8.88e+01)
15 e: 2.575e-03 i: 2.538e-03 :: e: 1.387e-01 i: 1.883e-01 :: n: 3.012e+01 e:21.442 i:24.990 v:4.993e+03
>>> tau_he = 5.000000, nhe(0)=3.532335e+00
 5     -0.007   8.04e-03   1.24e+00   4.49e-03  -3.64e-02   0.00e+00 (  2.61e+00,  3.43e+01)
10     -0.003   1.78e-02   4.26e-03   2.98e-03  -2.14e-02   0.00e+00 (  1.21e+01,  7.30e+01)
15     -0.037   7.71e-02  -4.02e-02   1.34e-02  -2.72e-01   0.00e+00 (  5.78e+01,  1.07e+02)
20      0.015   1.32e-01   3.88e-02   1.13e-03   1.26e-01   0.00e+00 (  1.00e+02,  1.35e+02)
25      0.042   1.64e-01   8.00e-02   7.16e-03   4.04e-01   0.00e+00 (  1.17e+02,  1.53e+02)
30      0.045   1.89e-01   1.18e-01   3.77e-03   4.86e-01   0.00e+00 (  1.22e+02,  1.68e+02)
35      0.051   1.95e-01   1.35e-01   3.46e-02   5.98e-01   0.00e+00 (  1.09e+02,  1.78e+02)
40      0.060   2.12e-01   1.66e-01   5.39e-02   7.48e-01   0.00e+00 (  1.02e+02,  1.86e+02)
45      0.071   2.28e-01   2.11e-01   1.21e-01   9.42e-01   0.00e+00 (  9.31e+01,  1.91e+02)
50      0.081   2.46e-01   2.53e-01   1.59e-01   1.13e+00   0.00e+00 (  8.45e+01,  1.93e+02)
55      0.091   2.67e-01   3.09e-01   2.00e-01   1.33e+00   0.00e+00 (  7.99e+01,  1.91e+02)
60      0.099   2.77e-01   3.41e-01   2.31e-01   1.49e+00   0.00e+00 (  7.05e+01,  1.86e+02)
65      0.128   3.07e-01   4.29e-01   3.06e-01   1.99e+00   0.00e+00 (  6.46e+01,  1.77e+02)
70      0.138   3.11e-01   4.74e-01   3.72e-01   2.21e+00   0.00e+00 (  5.47e+01,  1.66e+02)
75      0.148   3.17e-01   5.11e-01   4.26e-01   2.43e+00   0.00e+00 (  4.63e+01,  1.52e+02)
80      0.154   3.39e-01   5.18e-01   4.25e-01   2.69e+00   0.00e+00 (  3.66e+01,  1.36e+02)
85      0.251   7.74e-01   7.32e-01   4.64e-01   5.57e+00   0.00e+00 (  5.30e+01,  1.20e+02)
90      0.865   2.08e+00   2.53e+00   1.37e+00   3.90e+01   0.00e+00 (  5.81e+02,  1.05e+02)
95      0.511   8.93e-01   1.28e+00   9.18e-01   4.35e+01   0.00e+00 (  6.98e+02,  8.88e+01)
16 e: 4.312e-03 i: 9.036e-04 :: e: 1.597e-01 i: 1.984e-01 :: n: 3.012e+01 e:22.873 i:24.320 v:4.993e+03
>>> tau_he = 5.000000, nhe(0)=3.470791e+00
 5     -0.007   7.72e-03   1.25e+00   5.24e-03  -3.64e-02   0.00e+00 (  2.63e+00,  3.43e+01)
10     -0.003   1.30e-02   3.47e-03   2.72e-03  -1.95e-02   0.00e+00 (  9.25e+00,  7.30e+01)
15     -0.036   8.03e-02  -4.06e-02   1.07e-02  -2.67e-01   0.00e+00 (  6.29e+01,  1.07e+02)
20      0.010   1.41e-01   5.30e-02  -1.66e-02   8.73e-02   0.00e+00 (  1.12e+02,  1.35e+02)
25      0.046   1.70e-01   1.03e-01   5.37e-03   4.41e-01   0.00e+00 (  1.28e+02,  1.53e+02)
30      0.052   2.03e-01   1.43e-01  -1.17e-02   5.54e-01   0.00e+00 (  1.40e+02,  1.68e+02)
35      0.106   2.75e-01   2.66e-01   9.51e-02   1.23e+00   0.00e+00 (  1.66e+02,  1.78e+02)
40      0.098   2.83e-01   3.03e-01   1.06e-01   1.23e+00   0.00e+00 (  1.48e+02,  1.86e+02)
45      0.110   3.04e-01   3.52e-01   1.64e-01   1.46e+00   0.00e+00 (  1.37e+02,  1.91e+02)
50      0.117   3.28e-01   4.02e-01   2.16e-01   1.64e+00   0.00e+00 (  1.26e+02,  1.93e+02)
55      0.094   3.11e-01   3.87e-01   2.27e-01   1.36e+00   0.00e+00 (  1.05e+02,  1.91e+02)
60      0.094   3.19e-01   3.81e-01   2.58e-01   1.43e+00   0.00e+00 (  9.24e+01,  1.86e+02)
65      0.123   3.53e-01   4.88e-01   3.44e-01   1.92e+00   0.00e+00 (  8.53e+01,  1.77e+02)
70      0.127   3.45e-01   5.02e-01   3.92e-01   2.03e+00   0.00e+00 (  7.04e+01,  1.66e+02)
75      0.130   3.28e-01   5.06e-01   4.20e-01   2.14e+00   0.00e+00 (  5.65e+01,  1.52e+02)
80      0.137   3.10e-01   4.93e-01   4.01e-01   2.39e+00   0.00e+00 (  4.00e+01,  1.36e+02)
85      0.251   7.11e-01   7.34e-01   4.44e-01   5.56e+00   0.00e+00 (  5.90e+01,  1.20e+02)
90      0.867   2.07e+00   2.54e+00   1.37e+00   3.90e+01   0.00e+00 (  5.95e+02,  1.05e+02)
95      0.511   8.93e-01   1.28e+00   9.18e-01   4.35e+01   0.00e+00 (  6.98e+02,  8.88e+01)
17 e: 2.102e-03 i: 2.638e-03 :: e: 6.643e-02 i: 1.230e-01 :: n: 3.012e+01 e:21.840 i:25.507 v:4.993e+03
>>> tau_he = 5.000000, nhe(0)=3.577738e+00
 5     -0.008   8.44e-03   1.30e+00   4.54e-03  -3.73e-02   0.00e+00 (  2.75e+00,  3.43e+01)
10     -0.003   1.66e-02   4.75e-03   2.85e-03  -2.16e-02   0.00e+00 (  1.13e+01,  7.30e+01)
15     -0.037   8.01e-02  -4.37e-02   1.38e-02  -2.74e-01   0.00e+00 (  6.00e+01,  1.07e+02)
20      0.017   1.37e-01   3.93e-02   1.68e-03   1.50e-01   0.00e+00 (  1.03e+02,  1.35e+02)
25      0.047   1.68e-01   8.49e-02   6.48e-03   4.58e-01   0.00e+00 (  1.21e+02,  1.53e+02)
30      0.048   1.97e-01   1.22e-01   3.46e-04   5.17e-01   0.00e+00 (  1.29e+02,  1.68e+02)
35      0.052   2.04e-01   1.37e-01   3.37e-02   6.10e-01   0.00e+00 (  1.16e+02,  1.78e+02)
40      0.056   2.15e-01   1.59e-01   5.19e-02   6.95e-01   0.00e+00 (  1.06e+02,  1.86e+02)
45      0.071   2.39e-01   2.09e-01   1.05e-01   9.43e-01   0.00e+00 (  1.02e+02,  1.91e+02)
50      0.082   2.60e-01   2.58e-01   1.60e-01   1.15e+00   0.00e+00 (  9.39e+01,  1.93e+02)
55      0.094   2.84e-01   3.24e-01   1.96e-01   1.37e+00   0.00e+00 (  8.94e+01,  1.91e+02)
60      0.107   3.01e-01   3.67e-01   2.47e-01   1.61e+00   0.00e+00 (  8.09e+01,  1.86e+02)
65      0.139   3.36e-01   4.71e-01   3.34e-01   2.16e+00   0.00e+00 (  7.47e+01,  1.77e+02)
70      0.150   3.42e-01   5.22e-01   4.06e-01   2.40e+00   0.00e+00 (  6.38e+01,  1.66e+02)
75      0.161   3.49e-01   5.67e-01   4.69e-01   2.65e+00   0.00e+00 (  5.46e+01,  1.52e+02)
80      0.166   3.61e-01   5.71e-01   4.75e-01   2.90e+00   0.00e+00 (  4.17e+01,  1.36e+02)
85      0.253   7.61e-01   7.49e-01   4.81e-01   5.60e+00   0.00e+00 (  5.44e+01,  1.20e+02)
90      0.865   2.07e+00   2.53e+00   1.38e+00   3.90e+01   0.00e+00 (  5.83e+02,  1.05e+02)
95      0.511   8.93e-01   1.28e+00   9.18e-01   4.35e+01   0.00e+00 (  6.98e+02,  8.88e+01)
18 e: 4.419e-03 i: 7.715e-04 :: e: 1.021e-01 i: 1.338e-01 :: n: 3.012e+01 e:23.332 i:24.904 v:4.993e+03
>>> tau_he = 5.000000, nhe(0)=3.524875e+00
 5     -0.008   8.15e-03   1.32e+00   5.32e-03  -3.77e-02   0.00e+00 (  2.80e+00,  3.43e+01)
10     -0.003   1.27e-02   3.76e-03   2.75e-03  -2.05e-02   0.00e+00 (  9.05e+00,  7.30e+01)
15     -0.038   8.14e-02  -4.25e-02   1.02e-02  -2.84e-01   0.00e+00 (  6.39e+01,  1.07e+02)
20      0.011   1.48e-01   5.42e-02  -1.72e-02   9.89e-02   0.00e+00 (  1.17e+02,  1.35e+02)
25      0.051   1.77e-01   1.09e-01   5.30e-03   4.97e-01   0.00e+00 (  1.34e+02,  1.53e+02)
30      0.055   2.12e-01   1.48e-01  -1.76e-02   5.87e-01   0.00e+00 (  1.48e+02,  1.68e+02)
35      0.111   2.89e-01   2.72e-01   9.71e-02   1.29e+00   0.00e+00 (  1.78e+02,  1.78e+02)
40      0.100   2.96e-01   3.07e-01   9.77e-02   1.25e+00   0.00e+00 (  1.60e+02,  1.86e+02)
45      0.113   3.19e-01   3.55e-01   1.56e-01   1.50e+00   0.00e+00 (  1.50e+02,  1.91e+02)
50      0.123   3.47e-01   4.16e-01   2.20e-01   1.71e+00   0.00e+00 (  1.40e+02,  1.93e+02)
55      0.098   3.29e-01   4.05e-01   2.31e-01   1.42e+00   0.00e+00 (  1.17e+02,  1.91e+02)
60      0.104   3.51e-01   4.35e-01   2.87e-01   1.58e+00   0.00e+00 (  1.07e+02,  1.86e+02)
65      0.134   3.87e-01   5.38e-01   3.77e-01   2.09e+00   0.00e+00 (  9.85e+01,  1.77e+02)
70      0.137   3.81e-01   5.57e-01   4.31e-01   2.20e+00   0.00e+00 (  8.25e+01,  1.66e+02)
75      0.141   3.67e-01   5.66e-01   4.67e-01   2.33e+00   0.00e+00 (  6.75e+01,  1.52e+02)
80      0.147   3.35e-01   5.47e-01   4.46e-01   2.57e+00   0.00e+00 (  4.63e+01,  1.36e+02)
85      0.251   6.91e-01   7.45e-01   4.66e-01   5.57e+00   0.00e+00 (  6.02e+01,  1.20e+02)
90      0.867   2.07e+00   2.54e+00   1.37e+00   3.91e+01   0.00e+00 (  5.98e+02,  1.05e+02)
95      0.511   8.93e-01   1.28e+00   9.18e-01   4.35e+01   0.00e+00 (  6.98e+02,  8.88e+01)
19 e: 1.974e-03 i: 2.614e-03 :: e: 2.830e-02 i: 7.386e-02 :: n: 3.012e+01 e:22.310 i:26.128 v:4.993e+03
>>> tau_he = 5.000000, nhe(0)=3.630150e+00
 5     -0.008   8.93e-03   1.36e+00   4.62e-03  -3.89e-02   0.00e+00 (  2.94e+00,  3.43e+01)
10     -0.003   1.38e-02   5.27e-03   2.52e-03  -2.13e-02   0.00e+00 (  9.50e+00,  7.30e+01)
15     -0.036   8.00e-02  -4.58e-02   1.51e-02  -2.68e-01   0.00e+00 (  6.02e+01,  1.07e+02)
20      0.019   1.41e-01   3.99e-02   8.96e-03   1.60e-01   0.00e+00 (  1.07e+02,  1.35e+02)
25      0.055   1.73e-01   9.04e-02   6.50e-03   5.30e-01   0.00e+00 (  1.25e+02,  1.53e+02)
30      0.052   2.06e-01   1.26e-01  -4.27e-03   5.52e-01   0.00e+00 (  1.37e+02,  1.68e+02)
35      0.056   2.12e-01   1.39e-01   3.95e-02   6.48e-01   0.00e+00 (  1.24e+02,  1.78e+02)
40      0.094   2.76e-01   2.45e-01   7.75e-02   1.17e+00   0.00e+00 (  1.42e+02,  1.86e+02)
45      0.072   2.52e-01   2.12e-01   9.00e-02   9.50e-01   0.00e+00 (  1.12e+02,  1.91e+02)
50      0.111   3.14e-01   3.24e-01   1.85e-01   1.54e+00   0.00e+00 (  1.19e+02,  1.93e+02)
55      0.098   3.02e-01   3.38e-01   1.98e-01   1.42e+00   0.00e+00 (  1.00e+02,  1.91e+02)
60      0.115   3.26e-01   3.94e-01   2.65e-01   1.74e+00   0.00e+00 (  9.26e+01,  1.86e+02)
65      0.149   3.64e-01   5.12e-01   3.62e-01   2.32e+00   0.00e+00 (  8.56e+01,  1.77e+02)
70      0.161   3.73e-01   5.70e-01   4.40e-01   2.57e+00   0.00e+00 (  7.39e+01,  1.66e+02)
75      0.173   3.82e-01   6.23e-01   5.12e-01   2.86e+00   0.00e+00 (  6.41e+01,  1.52e+02)
80      0.183   3.91e-01   6.40e-01   5.25e-01   3.21e+00   0.00e+00 (  4.87e+01,  1.36e+02)
85      0.257   7.44e-01   7.78e-01   5.08e-01   5.69e+00   0.00e+00 (  5.71e+01,  1.20e+02)
90      0.866   2.07e+00   2.54e+00   1.38e+00   3.90e+01   0.00e+00 (  5.87e+02,  1.05e+02)
95      0.511   8.93e-01   1.28e+00   9.18e-01   4.35e+01   0.00e+00 (  6.98e+02,  8.88e+01)
20 e: 4.232e-03 i: 7.603e-04 :: e: 4.178e-02 i: 6.274e-02 :: n: 3.012e+01 e:23.798 i:25.511 v:4.993e+03
>>> tau_he = 5.000000, nhe(0)=3.578621e+00
 5     -0.008   8.63e-03   1.37e+00   5.41e-03  -3.94e-02   0.00e+00 (  2.98e+00,  3.43e+01)
10     -0.003   1.30e-02   4.97e-03   2.75e-03  -2.16e-02   0.00e+00 (  9.37e+00,  7.30e+01)
15     -0.038   8.38e-02  -4.51e-02   1.10e-02  -2.87e-01   0.00e+00 (  6.62e+01,  1.07e+02)
20      0.012   1.53e-01   5.53e-02  -4.45e-03   1.05e-01   0.00e+00 (  1.21e+02,  1.35e+02)
25      0.057   1.78e-01   1.16e-01   4.29e-03   5.52e-01   0.00e+00 (  1.36e+02,  1.53e+02)
30      0.059   2.22e-01   1.53e-01  -2.44e-02   6.27e-01   0.00e+00 (  1.57e+02,  1.68e+02)
35      0.116   3.02e-01   2.80e-01   9.93e-02   1.35e+00   0.00e+00 (  1.90e+02,  1.78e+02)
40      0.102   3.08e-01   3.09e-01   9.76e-02   1.27e+00   0.00e+00 (  1.71e+02,  1.86e+02)
45      0.116   3.34e-01   3.61e-01   1.42e-01   1.54e+00   0.00e+00 (  1.63e+02,  1.91e+02)
50      0.127   3.65e-01   4.26e-01   2.27e-01   1.77e+00   0.00e+00 (  1.53e+02,  1.93e+02)
55      0.101   3.48e-01   3.98e-01   2.47e-01   1.47e+00   0.00e+00 (  1.29e+02,  1.91e+02)
60      0.114   3.80e-01   4.72e-01   3.10e-01   1.72e+00   0.00e+00 (  1.22e+02,  1.86e+02)
65      0.144   4.18e-01   5.86e-01   4.08e-01   2.25e+00   0.00e+00 (  1.12e+02,  1.77e+02)
70      0.148   4.17e-01   6.12e-01   4.69e-01   2.37e+00   0.00e+00 (  9.53e+01,  1.66e+02)
75      0.152   4.07e-01   6.27e-01   5.14e-01   2.51e+00   0.00e+00 (  7.96e+01,  1.52e+02)
80      0.160   3.65e-01   6.10e-01   4.92e-01   2.80e+00   0.00e+00 (  5.41e+01,  1.36e+02)
85      0.253   6.74e-01   7.70e-01   4.91e-01   5.60e+00   0.00e+00 (  6.29e+01,  1.20e+02)
90      0.868   2.06e+00   2.55e+00   1.38e+00   3.91e+01   0.00e+00 (  6.02e+02,  1.05e+02)
95      0.511   8.93e-01   1.28e+00   9.18e-01   4.35e+01   0.00e+00 (  6.98e+02,  8.88e+01)
21 e: 2.038e-03 i: 2.390e-03 :: e: 4.855e-02 i: 5.525e-02 :: n: 3.012e+01 e:22.742 i:26.699 v:4.993e+03
>>> tau_he = 5.000000, nhe(0)=3.676286e+00
 5     -0.008   9.34e-03   1.41e+00   4.95e-03  -4.13e-02   0.00e+00 (  3.10e+00,  3.43e+01)
10     -0.004   1.41e-02   4.90e-03   2.74e-03  -2.19e-02   0.00e+00 (  9.79e+00,  7.30e+01)
15     -0.036   8.21e-02  -4.79e-02   1.57e-02  -2.70e-01   0.00e+00 (  6.22e+01,  1.07e+02)
20      0.017   1.46e-01   4.18e-02   9.62e-03   1.48e-01   0.00e+00 (  1.11e+02,  1.35e+02)
25      0.062   1.81e-01   9.55e-02   7.19e-03   6.03e-01   0.00e+00 (  1.32e+02,  1.53e+02)
30      0.055   2.15e-01   1.31e-01  -9.06e-03   5.90e-01   0.00e+00 (  1.45e+02,  1.68e+02)
35      0.058   2.20e-01   1.42e-01   3.82e-02   6.74e-01   0.00e+00 (  1.31e+02,  1.78e+02)
40      0.096   2.87e-01   2.48e-01   7.80e-02   1.20e+00   0.00e+00 (  1.51e+02,  1.86e+02)
45      0.073   2.64e-01   2.14e-01   8.04e-02   9.67e-01   0.00e+00 (  1.21e+02,  1.91e+02)
50      0.115   3.30e-01   3.33e-01   1.89e-01   1.60e+00   0.00e+00 (  1.30e+02,  1.93e+02)
55      0.102   3.19e-01   3.35e-01   2.11e-01   1.49e+00   0.00e+00 (  1.11e+02,  1.91e+02)
60      0.124   3.49e-01   4.21e-01   2.82e-01   1.87e+00   0.00e+00 (  1.04e+02,  1.86e+02)
65      0.158   3.90e-01   5.48e-01   3.87e-01   2.46e+00   0.00e+00 (  9.61e+01,  1.77e+02)
70      0.170   4.02e-01   6.13e-01   4.70e-01   2.73e+00   0.00e+00 (  8.41e+01,  1.66e+02)
75      0.184   4.14e-01   6.75e-01   5.51e-01   3.04e+00   0.00e+00 (  7.40e+01,  1.52e+02)
80      0.197   4.18e-01   7.02e-01   5.73e-01   3.45e+00   0.00e+00 (  5.63e+01,  1.36e+02)
85      0.260   7.20e-01   8.08e-01   5.38e-01   5.75e+00   0.00e+00 (  6.01e+01,  1.20e+02)
90      0.867   2.06e+00   2.54e+00   1.39e+00   3.91e+01   0.00e+00 (  5.92e+02,  1.05e+02)
95      0.511   8.93e-01   1.28e+00   9.18e-01   4.35e+01   0.00e+00 (  6.98e+02,  8.88e+01)
22 e: 3.866e-03 i: 8.202e-04 :: e: 3.302e-02 i: 5.552e-02 :: n: 3.012e+01 e:24.182 i:26.038 v:4.993e+03
>>> tau_he = 5.000000, nhe(0)=3.623436e+00
 5     -0.008   9.05e-03   1.41e+00   5.49e-03  -4.09e-02   0.00e+00 (  3.16e+00,  3.43e+01)
10     -0.004   1.34e-02   5.47e-03   2.87e-03  -2.27e-02   0.00e+00 (  9.75e+00,  7.30e+01)
15     -0.040   8.40e-02  -5.31e-02   1.12e-02  -2.98e-01   0.00e+00 (  6.66e+01,  1.07e+02)
20      0.016   1.58e-01   5.67e-02  -4.54e-03   1.40e-01   0.00e+00 (  1.25e+02,  1.35e+02)
25      0.061   1.86e-01   1.20e-01   3.76e-03   5.93e-01   0.00e+00 (  1.43e+02,  1.53e+02)
30      0.062   2.29e-01   1.56e-01  -2.96e-02   6.63e-01   0.00e+00 (  1.64e+02,  1.68e+02)
35      0.121   3.14e-01   2.86e-01   1.01e-01   1.40e+00   0.00e+00 (  2.00e+02,  1.78e+02)
40      0.103   3.18e-01   3.11e-01   9.76e-02   1.29e+00   0.00e+00 (  1.80e+02,  1.86e+02)
45      0.118   3.46e-01   3.65e-01   1.30e-01   1.56e+00   0.00e+00 (  1.74e+02,  1.91e+02)
50      0.132   3.80e-01   4.35e-01   2.31e-01   1.84e+00   0.00e+00 (  1.64e+02,  1.93e+02)
55      0.156   4.33e-01   5.67e-01   3.12e-01   2.27e+00   0.00e+00 (  1.67e+02,  1.91e+02)
60      0.123   4.02e-01   5.05e-01   3.27e-01   1.87e+00   0.00e+00 (  1.34e+02,  1.86e+02)
65      0.152   4.44e-01   6.23e-01   4.35e-01   2.38e+00   0.00e+00 (  1.24e+02,  1.77e+02)
70      0.156   4.47e-01   6.56e-01   5.01e-01   2.51e+00   0.00e+00 (  1.07e+02,  1.66e+02)
75      0.162   4.40e-01   6.80e-01   5.54e-01   2.67e+00   0.00e+00 (  9.06e+01,  1.52e+02)
80      0.173   3.98e-01   6.72e-01   5.39e-01   3.02e+00   0.00e+00 (  6.30e+01,  1.36e+02)
85      0.252   6.51e-01   7.93e-01   5.17e-01   5.59e+00   0.00e+00 (  6.56e+01,  1.20e+02)
90      0.869   2.05e+00   2.55e+00   1.39e+00   3.91e+01   0.00e+00 (  6.08e+02,  1.05e+02)
95      0.511   8.93e-01   1.28e+00   9.18e-01   4.35e+01   0.00e+00 (  6.98e+02,  8.88e+01)
23 e: 2.186e-03 i: 2.039e-03 :: e: 7.717e-02 i: 8.107e-02 :: n: 3.012e+01 e:23.083 i:27.146 v:4.993e+03
>>> tau_he = 5.000000, nhe(0)=3.711144e+00
 5     -0.009   9.71e-03   1.45e+00   5.02e-03  -4.27e-02   0.00e+00 (  3.25e+00,  3.43e+01)
10     -0.004   1.44e-02   5.40e-03   2.70e-03  -2.27e-02   0.00e+00 (  1.01e+01,  7.30e+01)
15     -0.027   8.77e-02  -4.71e-02   1.58e-02  -2.04e-01   0.00e+00 (  6.68e+01,  1.07e+02)
20      0.019   1.52e-01   4.33e-02   9.91e-03   1.62e-01   0.00e+00 (  1.15e+02,  1.35e+02)
25      0.067   1.87e-01   9.98e-02   7.10e-03   6.45e-01   0.00e+00 (  1.37e+02,  1.53e+02)
30      0.061   2.20e-01   1.35e-01  -1.13e-02   6.54e-01   0.00e+00 (  1.49e+02,  1.68e+02)
35      0.060   2.27e-01   1.45e-01   3.73e-02   7.00e-01   0.00e+00 (  1.36e+02,  1.78e+02)
40      0.098   2.96e-01   2.52e-01   9.05e-02   1.23e+00   0.00e+00 (  1.58e+02,  1.86e+02)
45      0.075   2.72e-01   2.20e-01   7.58e-02   9.93e-01   0.00e+00 (  1.28e+02,  1.91e+02)
50      0.119   3.43e-01   3.42e-01   1.93e-01   1.65e+00   0.00e+00 (  1.39e+02,  1.93e+02)
55      0.104   3.30e-01   3.40e-01   2.14e-01   1.51e+00   0.00e+00 (  1.18e+02,  1.91e+02)
60      0.130   3.67e-01   4.41e-01   2.92e-01   1.96e+00   0.00e+00 (  1.13e+02,  1.86e+02)
65      0.165   4.11e-01   5.76e-01   4.07e-01   2.58e+00   0.00e+00 (  1.05e+02,  1.77e+02)
70      0.178   4.25e-01   6.47e-01   4.94e-01   2.85e+00   0.00e+00 (  9.29e+01,  1.66e+02)
75      0.193   4.39e-01   7.17e-01   5.83e-01   3.18e+00   0.00e+00 (  8.25e+01,  1.52e+02)
80      0.209   4.42e-01   7.56e-01   6.14e-01   3.65e+00   0.00e+00 (  6.37e+01,  1.36e+02)
85      0.236   6.31e-01   7.59e-01   4.88e-01   5.23e+00   0.00e+00 (  5.75e+01,  1.20e+02)
90      0.868   2.05e+00   2.55e+00   1.40e+00   3.91e+01   0.00e+00 (  5.98e+02,  1.05e+02)
95      0.511   8.93e-01   1.28e+00   9.18e-01   4.35e+01   0.00e+00 (  6.98e+02,  8.88e+01)
24 e: 3.359e-03 i: 9.238e-04 :: e: 4.994e-02 i: 6.756e-02 :: n: 3.012e+01 e:24.436 i:26.427 v:4.993e+03
>>> tau_he = 5.000000, nhe(0)=3.655509e+00
 5     -0.009   9.37e-03   1.44e+00   5.54e-03  -4.22e-02   0.00e+00 (  3.29e+00,  3.43e+01)
10     -0.004   1.39e-02   5.77e-03   2.98e-03  -2.35e-02   0.00e+00 (  1.02e+01,  7.30e+01)
15     -0.040   8.51e-02  -5.47e-02   1.16e-02  -2.96e-01   0.00e+00 (  6.77e+01,  1.07e+02)
20      0.019   1.62e-01   5.76e-02  -4.30e-03   1.64e-01   0.00e+00 (  1.27e+02,  1.35e+02)
25      0.065   1.90e-01   1.24e-01   3.12e-03   6.30e-01   0.00e+00 (  1.46e+02,  1.53e+02)
30      0.067   2.33e-01   1.59e-01  -3.14e-02   7.22e-01   0.00e+00 (  1.68e+02,  1.68e+02)
35      0.124   3.22e-01   2.91e-01   1.02e-01   1.44e+00   0.00e+00 (  2.07e+02,  1.78e+02)
40      0.105   3.25e-01   3.13e-01   9.80e-02   1.31e+00   0.00e+00 (  1.86e+02,  1.86e+02)
45      0.121   3.55e-01   3.70e-01   1.25e-01   1.60e+00   0.00e+00 (  1.82e+02,  1.91e+02)
50      0.135   3.89e-01   4.40e-01   2.33e-01   1.88e+00   0.00e+00 (  1.72e+02,  1.93e+02)
55      0.157   4.44e-01   5.73e-01   3.15e-01   2.29e+00   0.00e+00 (  1.75e+02,  1.91e+02)
60      0.130   4.17e-01   5.23e-01   3.37e-01   1.96e+00   0.00e+00 (  1.42e+02,  1.86e+02)
65      0.159   4.62e-01   6.49e-01   4.52e-01   2.48e+00   0.00e+00 (  1.32e+02,  1.77e+02)
70      0.163   4.68e-01   6.89e-01   5.23e-01   2.62e+00   0.00e+00 (  1.15e+02,  1.66e+02)
75      0.169   4.66e-01   7.18e-01   5.83e-01   2.79e+00   0.00e+00 (  9.92e+01,  1.52e+02)
80      0.183   4.27e-01   7.23e-01   5.79e-01   3.20e+00   0.00e+00 (  7.10e+01,  1.36e+02)
85      0.257   6.44e-01   8.31e-01   5.47e-01   5.68e+00   0.00e+00 (  7.02e+01,  1.20e+02)
90      0.870   2.05e+00   2.56e+00   1.40e+00   3.92e+01   0.00e+00 (  6.14e+02,  1.05e+02)
95      0.511   8.93e-01   1.28e+00   9.18e-01   4.35e+01   0.00e+00 (  6.98e+02,  8.88e+01)
25 e: 2.318e-03 i: 1.656e-03 :: e: 8.750e-02 i: 8.556e-02 :: n: 3.012e+01 e:23.306 i:27.430 v:4.993e+03
>>> tau_he = 5.000000, nhe(0)=3.732850e+00
 5     -0.009   9.95e-03   1.47e+00   5.06e-03  -4.38e-02   0.00e+00 (  3.36e+00,  3.43e+01)
10     -0.004   1.48e-02   5.61e-03   2.79e-03  -2.33e-02   0.00e+00 (  1.04e+01,  7.30e+01)
15     -0.028   8.84e-02  -4.93e-02   1.63e-02  -2.05e-01   0.00e+00 (  6.75e+01,  1.07e+02)
20      0.021   1.55e-01   4.44e-02   1.01e-02   1.82e-01   0.00e+00 (  1.17e+02,  1.35e+02)
25      0.065   1.84e-01   1.04e-01   5.97e-03   6.31e-01   0.00e+00 (  1.36e+02,  1.53e+02)
30      0.064   2.20e-01   1.38e-01  -1.53e-02   6.87e-01   0.00e+00 (  1.50e+02,  1.68e+02)
35      0.062   2.32e-01   1.47e-01   3.69e-02   7.20e-01   0.00e+00 (  1.40e+02,  1.78e+02)
40      0.100   3.03e-01   2.55e-01   9.14e-02   1.25e+00   0.00e+00 (  1.63e+02,  1.86e+02)
45      0.077   2.79e-01   2.24e-01   7.40e-02   1.01e+00   0.00e+00 (  1.34e+02,  1.91e+02)
50      0.121   3.51e-01   3.48e-01   1.97e-01   1.69e+00   0.00e+00 (  1.45e+02,  1.93e+02)
55      0.105   3.37e-01   3.43e-01   2.16e-01   1.53e+00   0.00e+00 (  1.22e+02,  1.91e+02)
60      0.134   3.78e-01   4.54e-01   2.99e-01   2.02e+00   0.00e+00 (  1.19e+02,  1.86e+02)
65      0.170   4.25e-01   5.94e-01   4.20e-01   2.65e+00   0.00e+00 (  1.11e+02,  1.77e+02)
70      0.182   4.42e-01   6.68e-01   5.07e-01   2.92e+00   0.00e+00 (  9.89e+01,  1.66e+02)
75      0.198   4.57e-01   7.43e-01   6.01e-01   3.26e+00   0.00e+00 (  8.85e+01,  1.52e+02)
80      0.216   4.60e-01   7.93e-01   6.42e-01   3.78e+00   0.00e+00 (  6.95e+01,  1.36e+02)
85      0.274   7.06e-01   8.93e-01   6.11e-01   6.08e+00   0.00e+00 (  6.97e+01,  1.20e+02)
90      0.870   2.05e+00   2.55e+00   1.41e+00   3.92e+01   0.00e+00 (  6.04e+02,  1.05e+02)
95      0.511   8.93e-01   1.28e+00   9.18e-01   4.35e+01   0.00e+00 (  6.98e+02,  8.88e+01)
26 e: 2.820e-03 i: 1.025e-03 :: e: 4.327e-02 i: 6.540e-02 :: n: 3.012e+01 e:24.564 i:26.661 v:4.993e+03
>>> tau_he = 5.000000, nhe(0)=3.674390e+00
 5     -0.009   9.56e-03   1.45e+00   5.57e-03  -4.31e-02   0.00e+00 (  3.37e+00,  3.43e+01)
10     -0.005   1.41e-02   5.06e-03   2.84e-03  -3.01e-02   0.00e+00 (  1.04e+01,  7.30e+01)
15     -0.039   8.57e-02  -5.52e-02   1.28e-02  -2.87e-01   0.00e+00 (  6.81e+01,  1.07e+02)
20      0.015   1.58e-01   5.95e-02  -4.47e-03   1.27e-01   0.00e+00 (  1.24e+02,  1.35e+02)
25      0.067   1.93e-01   1.25e-01   2.89e-03   6.48e-01   0.00e+00 (  1.49e+02,  1.53e+02)
30      0.059   2.15e-01   1.50e-01   1.99e-02   6.27e-01   0.00e+00 (  1.54e+02,  1.68e+02)
35      0.126   3.26e-01   2.92e-01   1.02e-01   1.46e+00   0.00e+00 (  2.10e+02,  1.78e+02)
40      0.112   3.26e-01   3.07e-01   9.43e-02   1.39e+00   0.00e+00 (  1.87e+02,  1.86e+02)
45      0.123   3.60e-01   3.73e-01   1.23e-01   1.63e+00   0.00e+00 (  1.86e+02,  1.91e+02)
50      0.137   3.95e-01   4.42e-01   2.34e-01   1.91e+00   0.00e+00 (  1.76e+02,  1.93e+02)
55      0.159   4.49e-01   5.74e-01   3.15e-01   2.32e+00   0.00e+00 (  1.78e+02,  1.91e+02)
60      0.133   4.25e-01   5.33e-01   3.42e-01   2.01e+00   0.00e+00 (  1.46e+02,  1.86e+02)
65      0.161   4.71e-01   6.66e-01   4.61e-01   2.51e+00   0.00e+00 (  1.36e+02,  1.77e+02)
70      0.168   4.79e-01   7.07e-01   5.36e-01   2.69e+00   0.00e+00 (  1.19e+02,  1.66e+02)
75      0.174   4.79e-01   7.42e-01   6.02e-01   2.87e+00   0.00e+00 (  1.04e+02,  1.52e+02)
80      0.189   4.44e-01   7.55e-01   6.03e-01   3.30e+00   0.00e+00 (  7.64e+01,  1.36e+02)
85      0.261   6.44e-01   8.62e-01   5.73e-01   5.78e+00   0.00e+00 (  7.41e+01,  1.20e+02)
90      0.871   2.04e+00   2.56e+00   1.40e+00   3.92e+01   0.00e+00 (  6.19e+02,  1.05e+02)
95      0.511   8.93e-01   1.28e+00   9.18e-01   4.35e+01   0.00e+00 (  6.98e+02,  8.88e+01)
27 e: 2.383e-03 i: 1.317e-03 :: e: 8.487e-02 i: 8.601e-02 :: n: 3.012e+01 e:23.429 i:27.563 v:4.993e+03
>>> tau_he = 5.000000, nhe(0)=3.742915e+00
 5     -0.009   1.01e-02   1.47e+00   5.09e-03  -4.44e-02   0.00e+00 (  3.42e+00,  3.43e+01)
10     -0.004   1.50e-02   5.64e-03   2.83e-03  -2.37e-02   0.00e+00 (  1.07e+01,  7.30e+01)
15     -0.027   8.84e-02  -5.00e-02   1.64e-02  -2.04e-01   0.00e+00 (  6.75e+01,  1.07e+02)
20      0.023   1.57e-01   4.50e-02   1.03e-02   1.96e-01   0.00e+00 (  1.18e+02,  1.35e+02)
25      0.067   1.87e-01   1.06e-01   5.80e-03   6.45e-01   0.00e+00 (  1.37e+02,  1.53e+02)
30      0.065   2.23e-01   1.40e-01  -1.78e-02   6.97e-01   0.00e+00 (  1.53e+02,  1.68e+02)
35      0.063   2.34e-01   1.48e-01   3.68e-02   7.32e-01   0.00e+00 (  1.42e+02,  1.78e+02)
40      0.102   3.06e-01   2.57e-01   9.21e-02   1.27e+00   0.00e+00 (  1.66e+02,  1.86e+02)
45      0.078   2.83e-01   2.27e-01   7.36e-02   1.03e+00   0.00e+00 (  1.37e+02,  1.91e+02)
50      0.123   3.56e-01   3.53e-01   2.00e-01   1.72e+00   0.00e+00 (  1.48e+02,  1.93e+02)
55      0.106   3.41e-01   3.46e-01   2.18e-01   1.54e+00   0.00e+00 (  1.25e+02,  1.91e+02)
60      0.136   3.84e-01   4.61e-01   3.04e-01   2.05e+00   0.00e+00 (  1.22e+02,  1.86e+02)
65      0.171   4.33e-01   6.02e-01   4.25e-01   2.67e+00   0.00e+00 (  1.15e+02,  1.77e+02)
70      0.184   4.49e-01   6.78e-01   5.15e-01   2.96e+00   0.00e+00 (  1.02e+02,  1.66e+02)
75      0.200   4.66e-01   7.55e-01   6.10e-01   3.30e+00   0.00e+00 (  9.14e+01,  1.52e+02)
80      0.219   4.68e-01   8.11e-01   6.55e-01   3.83e+00   0.00e+00 (  7.29e+01,  1.36e+02)
85      0.277   6.99e-01   9.14e-01   6.26e-01   6.14e+00   0.00e+00 (  7.27e+01,  1.20e+02)
90      0.871   2.04e+00   2.56e+00   1.41e+00   3.92e+01   0.00e+00 (  6.08e+02,  1.05e+02)
95      0.511   8.93e-01   1.28e+00   9.18e-01   4.35e+01   0.00e+00 (  6.98e+02,  8.88e+01)
28 e: 2.348e-03 i: 1.088e-03 :: e: 4.152e-02 i: 6.434e-02 :: n: 3.012e+01 e:24.589 i:26.770 v:4.993e+03
>>> tau_he = 5.000000, nhe(0)=3.683017e+00
 5     -0.009   9.65e-03   1.46e+00   5.58e-03  -4.35e-02   0.00e+00 (  3.41e+00,  3.43e+01)
10     -0.005   1.44e-02   4.96e-03   2.88e-03  -3.03e-02   0.00e+00 (  1.07e+01,  7.30e+01)
15     -0.038   8.54e-02  -5.54e-02   1.30e-02  -2.83e-01   0.00e+00 (  6.77e+01,  1.07e+02)
20      0.016   1.59e-01   5.93e-02  -4.13e-03   1.41e-01   0.00e+00 (  1.24e+02,  1.35e+02)
25      0.068   1.94e-01   1.26e-01   2.81e-03   6.58e-01   0.00e+00 (  1.49e+02,  1.53e+02)
30      0.059   2.16e-01   1.50e-01   1.98e-02   6.31e-01   0.00e+00 (  1.56e+02,  1.68e+02)
35      0.126   3.27e-01   2.92e-01   1.02e-01   1.47e+00   0.00e+00 (  2.10e+02,  1.78e+02)
40      0.112   3.27e-01   3.06e-01   9.40e-02   1.40e+00   0.00e+00 (  1.88e+02,  1.86e+02)
45      0.124   3.62e-01   3.74e-01   1.22e-01   1.64e+00   0.00e+00 (  1.88e+02,  1.91e+02)
50      0.138   3.96e-01   4.42e-01   2.34e-01   1.92e+00   0.00e+00 (  1.77e+02,  1.93e+02)
55      0.160   4.49e-01   5.73e-01   3.15e-01   2.33e+00   0.00e+00 (  1.78e+02,  1.91e+02)
60      0.135   4.26e-01   5.35e-01   3.44e-01   2.04e+00   0.00e+00 (  1.47e+02,  1.86e+02)
65      0.163   4.73e-01   6.69e-01   4.63e-01   2.54e+00   0.00e+00 (  1.36e+02,  1.77e+02)
70      0.170   4.81e-01   7.12e-01   5.40e-01   2.72e+00   0.00e+00 (  1.20e+02,  1.66e+02)
75      0.176   4.82e-01   7.50e-01   6.08e-01   2.91e+00   0.00e+00 (  1.05e+02,  1.52e+02)
80      0.191   4.52e-01   7.68e-01   6.13e-01   3.34e+00   0.00e+00 (  7.87e+01,  1.36e+02)
85      0.264   6.45e-01   8.81e-01   5.89e-01   5.85e+00   0.00e+00 (  7.67e+01,  1.20e+02)
90      0.872   2.04e+00   2.56e+00   1.41e+00   3.93e+01   0.00e+00 (  6.22e+02,  1.05e+02)
95      0.511   8.93e-01   1.28e+00   9.18e-01   4.35e+01   0.00e+00 (  6.98e+02,  8.88e+01)
29 e: 2.363e-03 i: 1.047e-03 :: e: 7.742e-02 i: 8.059e-02 :: n: 3.012e+01 e:23.466 i:27.574 v:4.993e+03
>>> tau_he = 5.000000, nhe(0)=3.743758e+00
 5     -0.009   1.01e-02   1.47e+00   5.11e-03  -4.46e-02   0.00e+00 (  3.43e+00,  3.43e+01)
10     -0.004   1.53e-02   5.53e-03   2.86e-03  -2.38e-02   0.00e+00 (  1.09e+01,  7.30e+01)
15     -0.027   8.81e-02  -5.00e-02   1.64e-02  -2.03e-01   0.00e+00 (  6.73e+01,  1.07e+02)
20      0.024   1.57e-01   4.53e-02   1.03e-02   2.06e-01   0.00e+00 (  1.17e+02,  1.35e+02)
25      0.068   1.88e-01   1.07e-01   5.44e-03   6.54e-01   0.00e+00 (  1.38e+02,  1.53e+02)
30      0.066   2.24e-01   1.41e-01  -1.94e-02   7.00e-01   0.00e+00 (  1.54e+02,  1.68e+02)
35      0.063   2.34e-01   1.49e-01   3.70e-02   7.36e-01   0.00e+00 (  1.42e+02,  1.78e+02)
40      0.102   3.07e-01   2.58e-01   9.24e-02   1.27e+00   0.00e+00 (  1.66e+02,  1.86e+02)
45      0.112   3.33e-01   3.06e-01   1.01e-01   1.48e+00   0.00e+00 (  1.62e+02,  1.91e+02)
50      0.124   3.58e-01   3.57e-01   2.01e-01   1.73e+00   0.00e+00 (  1.49e+02,  1.93e+02)
55      0.106   3.41e-01   3.48e-01   2.19e-01   1.55e+00   0.00e+00 (  1.25e+02,  1.91e+02)
60      0.137   3.85e-01   4.64e-01   3.05e-01   2.06e+00   0.00e+00 (  1.22e+02,  1.86e+02)
65      0.172   4.34e-01   6.04e-01   4.26e-01   2.68e+00   0.00e+00 (  1.15e+02,  1.77e+02)
70      0.184   4.49e-01   6.79e-01   5.16e-01   2.95e+00   0.00e+00 (  1.02e+02,  1.66e+02)
75      0.200   4.66e-01   7.55e-01   6.10e-01   3.29e+00   0.00e+00 (  9.17e+01,  1.52e+02)
80      0.218   4.69e-01   8.13e-01   6.57e-01   3.82e+00   0.00e+00 (  7.39e+01,  1.36e+02)
85      0.279   6.95e-01   9.26e-01   6.35e-01   6.18e+00   0.00e+00 (  7.47e+01,  1.20e+02)
90      0.871   2.04e+00   2.56e+00   1.42e+00   3.92e+01   0.00e+00 (  6.11e+02,  1.05e+02)
95      0.511   8.93e-01   1.28e+00   9.18e-01   4.35e+01   0.00e+00 (  6.98e+02,  8.88e+01)
30 e: 1.962e-03 i: 1.141e-03 :: e: 3.427e-02 i: 5.312e-02 :: n: 3.012e+01 e:24.529 i:26.767 v:4.993e+03
>>> tau_he = 5.000000, nhe(0)=3.682799e+00
 5     -0.009   9.63e-03   1.45e+00   5.57e-03  -4.37e-02   0.00e+00 (  3.41e+00,  3.43e+01)
10     -0.005   1.48e-02   4.74e-03   2.90e-03  -3.03e-02   0.00e+00 (  1.09e+01,  7.30e+01)
15     -0.038   8.48e-02  -5.52e-02   1.31e-02  -2.81e-01   0.00e+00 (  6.71e+01,  1.07e+02)
20      0.017   1.58e-01   5.90e-02  -3.91e-03   1.50e-01   0.00e+00 (  1.23e+02,  1.35e+02)
25      0.068   1.94e-01   1.26e-01   2.85e-03   6.61e-01   0.00e+00 (  1.48e+02,  1.53e+02)
30      0.059   2.15e-01   1.50e-01   1.99e-02   6.28e-01   0.00e+00 (  1.55e+02,  1.68e+02)
35      0.126   3.26e-01   2.91e-01   1.01e-01   1.46e+00   0.00e+00 (  2.09e+02,  1.78e+02)
40      0.109   3.28e-01   3.03e-01   9.14e-02   1.36e+00   0.00e+00 (  1.87e+02,  1.86e+02)
45      0.121   3.58e-01   3.66e-01   1.20e-01   1.61e+00   0.00e+00 (  1.84e+02,  1.91e+02)
50      0.137   3.94e-01   4.38e-01   2.32e-01   1.91e+00   0.00e+00 (  1.75e+02,  1.93e+02)
55      0.161   4.45e-01   5.68e-01   3.12e-01   2.34e+00   0.00e+00 (  1.75e+02,  1.91e+02)
60      0.135   4.24e-01   5.32e-01   3.42e-01   2.04e+00   0.00e+00 (  1.45e+02,  1.86e+02)
65      0.164   4.70e-01   6.61e-01   4.60e-01   2.56e+00   0.00e+00 (  1.35e+02,  1.77e+02)
70      0.170   4.78e-01   7.08e-01   5.37e-01   2.72e+00   0.00e+00 (  1.18e+02,  1.66e+02)
75      0.177   4.79e-01   7.47e-01   6.05e-01   2.92e+00   0.00e+00 (  1.03e+02,  1.52e+02)
80      0.191   4.52e-01   7.68e-01   6.14e-01   3.35e+00   0.00e+00 (  7.87e+01,  1.36e+02)
85      0.265   6.45e-01   8.89e-01   5.96e-01   5.87e+00   0.00e+00 (  7.80e+01,  1.20e+02)
90      0.872   2.04e+00   2.57e+00   1.41e+00   3.93e+01   0.00e+00 (  6.24e+02,  1.05e+02)
95      0.511   8.93e-01   1.28e+00   9.18e-01   4.35e+01   0.00e+00 (  6.98e+02,  8.88e+01)
31 e: 2.280e-03 i: 8.489e-04 :: e: 6.556e-02 i: 6.911e-02 :: n: 3.012e+01 e:23.433 i:27.482 v:4.993e+03
>>> tau_he = 5.000000, nhe(0)=3.736987e+00
 5     -0.009   9.99e-03   1.45e+00   5.12e-03  -4.46e-02   0.00e+00 (  3.40e+00,  3.43e+01)
10     -0.004   1.55e-02   5.31e-03   2.88e-03  -2.37e-02   0.00e+00 (  1.11e+01,  7.30e+01)
15     -0.027   8.76e-02  -4.98e-02   1.63e-02  -2.03e-01   0.00e+00 (  6.68e+01,  1.07e+02)
20      0.024   1.56e-01   4.54e-02   1.02e-02   2.10e-01   0.00e+00 (  1.16e+02,  1.35e+02)
25      0.068   1.87e-01   1.08e-01   5.30e-03   6.55e-01   0.00e+00 (  1.37e+02,  1.53e+02)
30      0.065   2.23e-01   1.41e-01  -2.03e-02   6.97e-01   0.00e+00 (  1.54e+02,  1.68e+02)
35      0.063   2.33e-01   1.49e-01   3.74e-02   7.35e-01   0.00e+00 (  1.41e+02,  1.78e+02)
40      0.102   3.05e-01   2.58e-01   9.21e-02   1.27e+00   0.00e+00 (  1.64e+02,  1.86e+02)
45      0.078   2.82e-01   2.28e-01   7.43e-02   1.03e+00   0.00e+00 (  1.36e+02,  1.91e+02)
50      0.124   3.56e-01   3.57e-01   2.01e-01   1.73e+00   0.00e+00 (  1.48e+02,  1.93e+02)
55      0.106   3.40e-01   3.48e-01   2.20e-01   1.55e+00   0.00e+00 (  1.24e+02,  1.91e+02)
60      0.136   3.84e-01   4.64e-01   3.05e-01   2.06e+00   0.00e+00 (  1.21e+02,  1.86e+02)
65      0.171   4.31e-01   6.02e-01   4.24e-01   2.66e+00   0.00e+00 (  1.14e+02,  1.77e+02)
70      0.183   4.46e-01   6.75e-01   5.12e-01   2.93e+00   0.00e+00 (  1.01e+02,  1.66e+02)
75      0.198   4.62e-01   7.48e-01   6.05e-01   3.26e+00   0.00e+00 (  9.04e+01,  1.52e+02)
80      0.216   4.66e-01   8.06e-01   6.51e-01   3.78e+00   0.00e+00 (  7.34e+01,  1.36e+02)
85      0.279   6.92e-01   9.27e-01   6.36e-01   6.17e+00   0.00e+00 (  7.55e+01,  1.20e+02)
90      0.871   2.04e+00   2.56e+00   1.42e+00   3.92e+01   0.00e+00 (  6.12e+02,  1.05e+02)
95      0.511   8.93e-01   1.28e+00   9.18e-01   4.35e+01   0.00e+00 (  6.98e+02,  8.88e+01)
32 e: 1.668e-03 i: 1.065e-03 :: e: 3.122e-02 i: 5.467e-02 :: n: 3.012e+01 e:24.419 i:26.695 v:4.993e+03
>>> tau_he = 5.000000, nhe(0)=3.677051e+00
 5     -0.009   9.56e-03   1.43e+00   5.55e-03  -4.36e-02   0.00e+00 (  3.38e+00,  3.43e+01)
10     -0.004   1.52e-02   5.44e-03   3.12e-03  -2.39e-02   0.00e+00 (  1.12e+01,  7.30e+01)
15     -0.037   8.36e-02  -5.47e-02   1.31e-02  -2.78e-01   0.00e+00 (  6.60e+01,  1.07e+02)
20      0.018   1.57e-01   5.82e-02  -3.64e-03   1.56e-01   0.00e+00 (  1.21e+02,  1.35e+02)
25      0.068   1.92e-01   1.25e-01   2.97e-03   6.60e-01   0.00e+00 (  1.46e+02,  1.53e+02)
30      0.058   2.14e-01   1.49e-01   1.98e-02   6.22e-01   0.00e+00 (  1.54e+02,  1.68e+02)
35      0.124   3.23e-01   2.87e-01   9.99e-02   1.45e+00   0.00e+00 (  2.05e+02,  1.78e+02)
40      0.108   3.25e-01   3.00e-01   9.05e-02   1.34e+00   0.00e+00 (  1.84e+02,  1.86e+02)
45      0.121   3.56e-01   3.65e-01   1.21e-01   1.61e+00   0.00e+00 (  1.82e+02,  1.91e+02)
50      0.136   3.90e-01   4.34e-01   2.31e-01   1.89e+00   0.00e+00 (  1.72e+02,  1.93e+02)
55      0.159   4.39e-01   5.61e-01   3.09e-01   2.31e+00   0.00e+00 (  1.71e+02,  1.91e+02)
60      0.134   4.17e-01   5.24e-01   3.37e-01   2.02e+00   0.00e+00 (  1.41e+02,  1.86e+02)
65      0.163   4.62e-01   6.52e-01   4.54e-01   2.55e+00   0.00e+00 (  1.31e+02,  1.77e+02)
70      0.169   4.70e-01   6.98e-01   5.30e-01   2.71e+00   0.00e+00 (  1.15e+02,  1.66e+02)
75      0.176   4.71e-01   7.37e-01   5.97e-01   2.90e+00   0.00e+00 (  1.00e+02,  1.52e+02)
80      0.190   4.48e-01   7.60e-01   6.07e-01   3.32e+00   0.00e+00 (  7.72e+01,  1.36e+02)
85      0.265   6.45e-01   8.89e-01   5.96e-01   5.87e+00   0.00e+00 (  7.82e+01,  1.20e+02)
90      0.872   2.04e+00   2.57e+00   1.41e+00   3.93e+01   0.00e+00 (  6.24e+02,  1.05e+02)
95      0.511   8.93e-01   1.28e+00   9.18e-01   4.35e+01   0.00e+00 (  6.98e+02,  8.88e+01)
33 e: 2.093e-03 i: 7.197e-04 :: e: 5.345e-02 i: 5.697e-02 :: n: 3.012e+01 e:23.376 i:27.352 v:4.993e+03
>>> tau_he = 5.000000, nhe(0)=3.727209e+00
 5     -0.009   9.88e-03   1.44e+00   5.12e-03  -4.44e-02   0.00e+00 (  3.37e+00,  3.43e+01)
10     -0.004   1.56e-02   5.12e-03   2.87e-03  -2.35e-02   0.00e+00 (  1.12e+01,  7.30e+01)
15     -0.027   8.67e-02  -4.93e-02   1.61e-02  -2.03e-01   0.00e+00 (  6.61e+01,  1.07e+02)
20      0.025   1.55e-01   4.53e-02   1.01e-02   2.11e-01   0.00e+00 (  1.15e+02,  1.35e+02)
25      0.067   1.86e-01   1.08e-01   5.22e-03   6.52e-01   0.00e+00 (  1.36e+02,  1.53e+02)
30      0.065   2.22e-01   1.40e-01  -2.03e-02   6.91e-01   0.00e+00 (  1.53e+02,  1.68e+02)
35      0.063   2.31e-01   1.49e-01   3.81e-02   7.29e-01   0.00e+00 (  1.40e+02,  1.78e+02)
40      0.101   3.03e-01   2.57e-01   9.20e-02   1.26e+00   0.00e+00 (  1.63e+02,  1.86e+02)
45      0.078   2.81e-01   2.30e-01   7.55e-02   1.03e+00   0.00e+00 (  1.35e+02,  1.91e+02)
50      0.124   3.54e-01   3.58e-01   2.01e-01   1.72e+00   0.00e+00 (  1.47e+02,  1.93e+02)
55      0.106   3.37e-01   3.48e-01   2.19e-01   1.54e+00   0.00e+00 (  1.22e+02,  1.91e+02)
60      0.135   3.80e-01   4.61e-01   3.04e-01   2.04e+00   0.00e+00 (  1.19e+02,  1.86e+02)
65      0.169   4.26e-01   5.95e-01   4.18e-01   2.63e+00   0.00e+00 (  1.11e+02,  1.77e+02)
70      0.181   4.40e-01   6.66e-01   5.06e-01   2.90e+00   0.00e+00 (  9.83e+01,  1.66e+02)
75      0.195   4.54e-01   7.37e-01   5.96e-01   3.22e+00   0.00e+00 (  8.80e+01,  1.52e+02)
80      0.212   4.59e-01   7.92e-01   6.41e-01   3.71e+00   0.00e+00 (  7.18e+01,  1.36e+02)
85      0.277   6.88e-01   9.22e-01   6.31e-01   6.14e+00   0.00e+00 (  7.53e+01,  1.20e+02)
90      0.871   2.04e+00   2.56e+00   1.42e+00   3.92e+01   0.00e+00 (  6.13e+02,  1.05e+02)
95      0.511   8.93e-01   1.28e+00   9.18e-01   4.35e+01   0.00e+00 (  6.98e+02,  8.88e+01)
34 e: 1.461e-03 i: 9.770e-04 :: e: 2.784e-02 i: 4.927e-02 :: n: 3.012e+01 e:24.299 i:26.602 v:4.993e+03
>>> tau_he = 5.000000, nhe(0)=3.669626e+00
 5     -0.009   9.47e-03   1.42e+00   5.52e-03  -4.34e-02   0.00e+00 (  3.34e+00,  3.43e+01)
10     -0.004   1.53e-02   5.26e-03   3.10e-03  -2.37e-02   0.00e+00 (  1.13e+01,  7.30e+01)
15     -0.028   8.43e-02  -5.17e-02   1.29e-02  -2.11e-01   0.00e+00 (  6.64e+01,  1.07e+02)
20      0.018   1.55e-01   5.75e-02  -3.42e-03   1.58e-01   0.00e+00 (  1.19e+02,  1.35e+02)
25      0.068   1.90e-01   1.23e-01   3.10e-03   6.57e-01   0.00e+00 (  1.45e+02,  1.53e+02)
30      0.068   2.33e-01   1.58e-01  -3.20e-02   7.22e-01   0.00e+00 (  1.67e+02,  1.68e+02)
35      0.123   3.19e-01   2.84e-01   9.86e-02   1.43e+00   0.00e+00 (  2.02e+02,  1.78e+02)
40      0.107   3.22e-01   2.97e-01   8.97e-02   1.33e+00   0.00e+00 (  1.82e+02,  1.86e+02)
45      0.121   3.54e-01   3.64e-01   1.21e-01   1.60e+00   0.00e+00 (  1.80e+02,  1.91e+02)
50      0.134   3.85e-01   4.30e-01   2.29e-01   1.87e+00   0.00e+00 (  1.69e+02,  1.93e+02)
55      0.109   3.66e-01   4.05e-01   2.50e-01   1.59e+00   0.00e+00 (  1.41e+02,  1.91e+02)
60      0.133   4.09e-01   5.17e-01   3.33e-01   2.01e+00   0.00e+00 (  1.37e+02,  1.86e+02)
65      0.162   4.54e-01   6.41e-01   4.47e-01   2.52e+00   0.00e+00 (  1.27e+02,  1.77e+02)
70      0.167   4.61e-01   6.85e-01   5.21e-01   2.68e+00   0.00e+00 (  1.11e+02,  1.66e+02)
75      0.174   4.62e-01   7.24e-01   5.88e-01   2.88e+00   0.00e+00 (  9.66e+01,  1.52e+02)
80      0.188   4.40e-01   7.47e-01   5.97e-01   3.28e+00   0.00e+00 (  7.50e+01,  1.36e+02)
85      0.264   6.44e-01   8.84e-01   5.92e-01   5.85e+00   0.00e+00 (  7.76e+01,  1.20e+02)
90      0.872   2.04e+00   2.57e+00   1.41e+00   3.93e+01   0.00e+00 (  6.23e+02,  1.05e+02)
95      0.511   8.93e-01   1.28e+00   9.18e-01   4.35e+01   0.00e+00 (  6.98e+02,  8.88e+01)
35 e: 1.871e-03 i: 6.583e-04 :: e: 3.689e-02 i: 3.867e-02 :: n: 3.012e+01 e:23.313 i:27.220 v:4.993e+03
>>> tau_he = 5.000000, nhe(0)=3.717180e+00
 5     -0.009   9.77e-03   1.43e+00   5.12e-03  -4.41e-02   0.00e+00 (  3.33e+00,  3.43e+01)
10     -0.004   1.57e-02   4.98e-03   2.87e-03  -2.32e-02   0.00e+00 (  1.12e+01,  7.30e+01)
15     -0.027   8.59e-02  -4.89e-02   1.60e-02  -2.03e-01   0.00e+00 (  6.54e+01,  1.07e+02)
20      0.024   1.53e-01   4.52e-02   1.00e-02   2.10e-01   0.00e+00 (  1.14e+02,  1.35e+02)
25      0.067   1.84e-01   1.07e-01   5.19e-03   6.48e-01   0.00e+00 (  1.35e+02,  1.53e+02)
30      0.064   2.20e-01   1.40e-01  -1.85e-02   6.87e-01   0.00e+00 (  1.51e+02,  1.68e+02)
35      0.062   2.30e-01   1.49e-01   3.88e-02   7.22e-01   0.00e+00 (  1.38e+02,  1.78e+02)
40      0.100   3.01e-01   2.56e-01   9.14e-02   1.25e+00   0.00e+00 (  1.61e+02,  1.86e+02)
45      0.077   2.80e-01   2.30e-01   7.62e-02   1.03e+00   0.00e+00 (  1.34e+02,  1.91e+02)
50      0.123   3.53e-01   3.58e-01   2.01e-01   1.72e+00   0.00e+00 (  1.45e+02,  1.93e+02)
55      0.108   3.39e-01   3.56e-01   2.24e-01   1.58e+00   0.00e+00 (  1.23e+02,  1.91e+02)
60      0.134   3.77e-01   4.60e-01   3.03e-01   2.03e+00   0.00e+00 (  1.17e+02,  1.86e+02)
65      0.166   4.20e-01   5.88e-01   4.13e-01   2.60e+00   0.00e+00 (  1.09e+02,  1.77e+02)
70      0.178   4.33e-01   6.55e-01   4.99e-01   2.85e+00   0.00e+00 (  9.56e+01,  1.66e+02)
75      0.192   4.46e-01   7.23e-01   5.86e-01   3.16e+00   0.00e+00 (  8.54e+01,  1.52e+02)
80      0.208   4.51e-01   7.76e-01   6.29e-01   3.64e+00   0.00e+00 (  6.99e+01,  1.36e+02)
85      0.275   6.84e-01   9.12e-01   6.22e-01   6.09e+00   0.00e+00 (  7.45e+01,  1.20e+02)
90      0.871   2.04e+00   2.56e+00   1.41e+00   3.92e+01   0.00e+00 (  6.12e+02,  1.05e+02)
95      0.511   8.93e-01   1.28e+00   9.18e-01   4.35e+01   0.00e+00 (  6.98e+02,  8.88e+01)
36 e: 1.339e-03 i: 8.621e-04 :: e: 2.674e-02 i: 4.311e-02 :: n: 3.012e+01 e:24.192 i:26.516 v:4.993e+03
>>> tau_he = 5.000000, nhe(0)=3.662675e+00
 5     -0.009   9.39e-03   1.41e+00   5.50e-03  -4.32e-02   0.00e+00 (  3.31e+00,  3.43e+01)
10     -0.004   1.53e-02   5.14e-03   3.08e-03  -2.34e-02   0.00e+00 (  1.12e+01,  7.30e+01)
15     -0.028   8.33e-02  -5.12e-02   1.28e-02  -2.09e-01   0.00e+00 (  6.55e+01,  1.07e+02)
20      0.019   1.54e-01   5.68e-02  -3.23e-03   1.60e-01   0.00e+00 (  1.18e+02,  1.35e+02)
25      0.068   1.89e-01   1.22e-01   3.24e-03   6.54e-01   0.00e+00 (  1.43e+02,  1.53e+02)
30      0.067   2.31e-01   1.56e-01  -2.96e-02   7.17e-01   0.00e+00 (  1.65e+02,  1.68e+02)
35      0.120   3.16e-01   2.81e-01   9.68e-02   1.39e+00   0.00e+00 (  1.99e+02,  1.78e+02)
40      0.105   3.19e-01   2.94e-01   8.88e-02   1.31e+00   0.00e+00 (  1.79e+02,  1.86e+02)
45      0.120   3.51e-01   3.60e-01   1.21e-01   1.59e+00   0.00e+00 (  1.78e+02,  1.91e+02)
50      0.134   3.83e-01   4.27e-01   2.28e-01   1.86e+00   0.00e+00 (  1.66e+02,  1.93e+02)
55      0.160   4.34e-01   5.60e-01   3.08e-01   2.33e+00   0.00e+00 (  1.67e+02,  1.91e+02)
60      0.132   4.05e-01   5.13e-01   3.31e-01   1.99e+00   0.00e+00 (  1.34e+02,  1.86e+02)
65      0.160   4.47e-01   6.30e-01   4.40e-01   2.49e+00   0.00e+00 (  1.23e+02,  1.77e+02)
70      0.166   4.53e-01   6.74e-01   5.13e-01   2.65e+00   0.00e+00 (  1.07e+02,  1.66e+02)
75      0.173   4.53e-01   7.11e-01   5.78e-01   2.85e+00   0.00e+00 (  9.33e+01,  1.52e+02)
80      0.186   4.33e-01   7.34e-01   5.87e-01   3.25e+00   0.00e+00 (  7.26e+01,  1.36e+02)
85      0.263   6.43e-01   8.76e-01   5.85e-01   5.82e+00   0.00e+00 (  7.66e+01,  1.20e+02)
90      0.872   2.04e+00   2.56e+00   1.41e+00   3.93e+01   0.00e+00 (  6.22e+02,  1.05e+02)
95      0.511   8.93e-01   1.28e+00   9.18e-01   4.35e+01   0.00e+00 (  6.98e+02,  8.88e+01)
37 e: 1.666e-03 i: 5.989e-04 :: e: 3.684e-02 i: 4.227e-02 :: n: 3.012e+01 e:23.264 i:27.105 v:4.993e+03
>>> tau_he = 5.000000, nhe(0)=3.708369e+00
 5     -0.009   9.68e-03   1.42e+00   5.12e-03  -4.38e-02   0.00e+00 (  3.30e+00,  3.43e+01)
10     -0.004   1.56e-02   4.86e-03   2.86e-03  -2.30e-02   0.00e+00 (  1.12e+01,  7.30e+01)
15     -0.027   8.52e-02  -4.86e-02   1.59e-02  -2.03e-01   0.00e+00 (  6.50e+01,  1.07e+02)
20      0.024   1.52e-01   4.52e-02   9.95e-03   2.09e-01   0.00e+00 (  1.13e+02,  1.35e+02)
25      0.067   1.83e-01   1.07e-01   5.13e-03   6.44e-01   0.00e+00 (  1.34e+02,  1.53e+02)
30      0.064   2.18e-01   1.39e-01  -1.76e-02   6.83e-01   0.00e+00 (  1.49e+02,  1.68e+02)
35      0.062   2.29e-01   1.49e-01   3.92e-02   7.19e-01   0.00e+00 (  1.37e+02,  1.78e+02)
40      0.100   2.99e-01   2.56e-01   9.16e-02   1.24e+00   0.00e+00 (  1.60e+02,  1.86e+02)
45      0.110   3.27e-01   3.07e-01   1.04e-01   1.46e+00   0.00e+00 (  1.57e+02,  1.91e+02)
50      0.123   3.51e-01   3.58e-01   2.00e-01   1.71e+00   0.00e+00 (  1.44e+02,  1.93e+02)
55      0.106   3.36e-01   3.52e-01   2.21e-01   1.55e+00   0.00e+00 (  1.21e+02,  1.91e+02)
60      0.133   3.74e-01   4.57e-01   3.01e-01   2.00e+00   0.00e+00 (  1.16e+02,  1.86e+02)
65      0.165   4.16e-01   5.84e-01   4.10e-01   2.58e+00   0.00e+00 (  1.07e+02,  1.77e+02)
70      0.176   4.28e-01   6.49e-01   4.95e-01   2.83e+00   0.00e+00 (  9.40e+01,  1.66e+02)
75      0.190   4.41e-01   7.14e-01   5.80e-01   3.13e+00   0.00e+00 (  8.36e+01,  1.52e+02)
80      0.206   4.45e-01   7.65e-01   6.20e-01   3.59e+00   0.00e+00 (  6.84e+01,  1.36e+02)
85      0.273   6.81e-01   9.04e-01   6.15e-01   6.05e+00   0.00e+00 (  7.37e+01,  1.20e+02)
90      0.871   2.04e+00   2.56e+00   1.41e+00   3.92e+01   0.00e+00 (  6.12e+02,  1.05e+02)
95      0.511   8.93e-01   1.28e+00   9.18e-01   4.35e+01   0.00e+00 (  6.98e+02,  8.88e+01)
38 e: 1.213e-03 i: 8.007e-04 :: e: 2.534e-02 i: 3.485e-02 :: n: 3.012e+01 e:24.095 i:26.437 v:4.993e+03
>>> tau_he = 5.000000, nhe(0)=3.656287e+00
 5     -0.009   9.32e-03   1.40e+00   5.48e-03  -4.30e-02   0.00e+00 (  3.27e+00,  3.43e+01)
10     -0.004   1.54e-02   5.01e-03   3.07e-03  -2.32e-02   0.00e+00 (  1.13e+01,  7.30e+01)
15     -0.028   8.26e-02  -5.07e-02   1.28e-02  -2.08e-01   0.00e+00 (  6.49e+01,  1.07e+02)
20      0.018   1.52e-01   5.64e-02  -3.18e-03   1.59e-01   0.00e+00 (  1.16e+02,  1.35e+02)
25      0.067   1.87e-01   1.21e-01   3.36e-03   6.50e-01   0.00e+00 (  1.41e+02,  1.53e+02)
30      0.067   2.29e-01   1.55e-01  -2.85e-02   7.12e-01   0.00e+00 (  1.63e+02,  1.68e+02)
35      0.119   3.14e-01   2.79e-01   9.61e-02   1.38e+00   0.00e+00 (  1.97e+02,  1.78e+02)
40      0.104   3.17e-01   2.92e-01   8.77e-02   1.29e+00   0.00e+00 (  1.77e+02,  1.86e+02)
45      0.117   3.47e-01   3.53e-01   1.20e-01   1.55e+00   0.00e+00 (  1.74e+02,  1.91e+02)
50      0.132   3.78e-01   4.21e-01   2.26e-01   1.84e+00   0.00e+00 (  1.63e+02,  1.93e+02)
55      0.109   3.62e-01   4.03e-01   2.49e-01   1.59e+00   0.00e+00 (  1.38e+02,  1.91e+02)
60      0.131   4.00e-01   5.06e-01   3.28e-01   1.98e+00   0.00e+00 (  1.32e+02,  1.86e+02)
65      0.159   4.42e-01   6.24e-01   4.36e-01   2.48e+00   0.00e+00 (  1.21e+02,  1.77e+02)
70      0.165   4.47e-01   6.67e-01   5.08e-01   2.64e+00   0.00e+00 (  1.05e+02,  1.66e+02)
75      0.172   4.47e-01   7.04e-01   5.72e-01   2.84e+00   0.00e+00 (  9.12e+01,  1.52e+02)
80      0.185   4.29e-01   7.26e-01   5.81e-01   3.23e+00   0.00e+00 (  7.11e+01,  1.36e+02)
85      0.262   6.43e-01   8.71e-01   5.81e-01   5.81e+00   0.00e+00 (  7.58e+01,  1.20e+02)
90      0.872   2.04e+00   2.56e+00   1.41e+00   3.93e+01   0.00e+00 (  6.21e+02,  1.05e+02)
95      0.511   8.93e-01   1.28e+00   9.18e-01   4.35e+01   0.00e+00 (  6.98e+02,  8.88e+01)
39 e: 1.472e-03 i: 5.559e-04 :: e: 2.496e-02 i: 3.022e-02 :: n: 3.012e+01 e:23.221 i:26.999 v:4.993e+03
>>> tau_he = 5.000000, nhe(0)=3.700229e+00
 5     -0.009   9.60e-03   1.41e+00   5.12e-03  -4.36e-02   0.00e+00 (  3.27e+00,  3.43e+01)
10     -0.004   1.56e-02   4.76e-03   2.85e-03  -2.28e-02   0.00e+00 (  1.11e+01,  7.30e+01)
15     -0.027   8.48e-02  -4.84e-02   1.58e-02  -2.04e-01   0.00e+00 (  6.46e+01,  1.07e+02)
20      0.024   1.51e-01   4.52e-02   9.85e-03   2.06e-01   0.00e+00 (  1.12e+02,  1.35e+02)
25      0.066   1.82e-01   1.07e-01   5.08e-03   6.39e-01   0.00e+00 (  1.33e+02,  1.53e+02)
30      0.064   2.17e-01   1.39e-01  -1.69e-02   6.79e-01   0.00e+00 (  1.48e+02,  1.68e+02)
35      0.061   2.28e-01   1.49e-01   3.96e-02   7.14e-01   0.00e+00 (  1.36e+02,  1.78e+02)
40      0.097   3.00e-01   2.54e-01   8.94e-02   1.21e+00   0.00e+00 (  1.60e+02,  1.86e+02)
45      0.076   2.77e-01   2.28e-01   7.79e-02   1.01e+00   0.00e+00 (  1.32e+02,  1.91e+02)
50      0.122   3.49e-01   3.57e-01   2.00e-01   1.70e+00   0.00e+00 (  1.43e+02,  1.93e+02)
55      0.109   3.38e-01   3.59e-01   2.25e-01   1.58e+00   0.00e+00 (  1.22e+02,  1.91e+02)
60      0.132   3.72e-01   4.57e-01   3.01e-01   2.00e+00   0.00e+00 (  1.15e+02,  1.86e+02)
65      0.164   4.13e-01   5.79e-01   4.07e-01   2.55e+00   0.00e+00 (  1.06e+02,  1.77e+02)
70      0.175   4.24e-01   6.43e-01   4.91e-01   2.80e+00   0.00e+00 (  9.26e+01,  1.66e+02)
75      0.188   4.36e-01   7.07e-01   5.74e-01   3.10e+00   0.00e+00 (  8.23e+01,  1.52e+02)
80      0.203   4.40e-01   7.55e-01   6.12e-01   3.55e+00   0.00e+00 (  6.72e+01,  1.36e+02)
85      0.272   6.79e-01   8.96e-01   6.08e-01   6.02e+00   0.00e+00 (  7.31e+01,  1.20e+02)
90      0.871   2.04e+00   2.56e+00   1.41e+00   3.92e+01   0.00e+00 (  6.11e+02,  1.05e+02)
95      0.511   8.93e-01   1.28e+00   9.18e-01   4.35e+01   0.00e+00 (  6.98e+02,  8.88e+01)
40 e: 1.132e-03 i: 6.674e-04 :: e: 3.169e-02 i: 4.096e-02 :: n: 3.012e+01 e:24.022 i:26.384 v:4.993e+03
>>> tau_he = 5.000000, nhe(0)=3.651985e+00
 5     -0.009   9.27e-03   1.40e+00   5.45e-03  -4.27e-02   0.00e+00 (  3.25e+00,  3.43e+01)
10     -0.004   1.53e-02   4.96e-03   3.04e-03  -2.31e-02   0.00e+00 (  1.12e+01,  7.30e+01)
15     -0.026   8.25e-02  -4.97e-02   1.35e-02  -1.94e-01   0.00e+00 (  6.46e+01,  1.07e+02)
20      0.018   1.51e-01   5.59e-02  -3.00e-03   1.58e-01   0.00e+00 (  1.16e+02,  1.35e+02)
25      0.067   1.86e-01   1.20e-01   3.46e-03   6.47e-01   0.00e+00 (  1.40e+02,  1.53e+02)
30      0.066   2.27e-01   1.54e-01  -2.69e-02   7.06e-01   0.00e+00 (  1.61e+02,  1.68e+02)
35      0.118   3.12e-01   2.76e-01   9.52e-02   1.37e+00   0.00e+00 (  1.95e+02,  1.78e+02)
40      0.103   3.15e-01   2.89e-01   8.71e-02   1.28e+00   0.00e+00 (  1.75e+02,  1.86e+02)
45      0.116   3.45e-01   3.52e-01   1.21e-01   1.54e+00   0.00e+00 (  1.73e+02,  1.91e+02)
50      0.131   3.76e-01   4.19e-01   2.25e-01   1.83e+00   0.00e+00 (  1.62e+02,  1.93e+02)
55      0.111   3.62e-01   4.07e-01   2.50e-01   1.62e+00   0.00e+00 (  1.38e+02,  1.91e+02)
60      0.130   3.97e-01   5.03e-01   3.26e-01   1.97e+00   0.00e+00 (  1.30e+02,  1.86e+02)
65      0.158   4.38e-01   6.18e-01   4.31e-01   2.46e+00   0.00e+00 (  1.19e+02,  1.77e+02)
70      0.164   4.42e-01   6.60e-01   5.03e-01   2.63e+00   0.00e+00 (  1.03e+02,  1.66e+02)
75      0.171   4.43e-01   6.97e-01   5.66e-01   2.82e+00   0.00e+00 (  8.95e+01,  1.52e+02)
80      0.183   4.24e-01   7.19e-01   5.75e-01   3.21e+00   0.00e+00 (  6.97e+01,  1.36e+02)
85      0.261   6.42e-01   8.65e-01   5.76e-01   5.79e+00   0.00e+00 (  7.50e+01,  1.20e+02)
90      0.872   2.04e+00   2.56e+00   1.41e+00   3.93e+01   0.00e+00 (  6.20e+02,  1.05e+02)
95      0.511   8.93e-01   1.28e+00   9.18e-01   4.35e+01   0.00e+00 (  6.98e+02,  8.88e+01)
41 e: 1.278e-03 i: 5.314e-04 :: e: 2.221e-02 i: 2.857e-02 :: n: 3.012e+01 e:23.208 i:26.939 v:4.993e+03
>>> tau_he = 5.000000, nhe(0)=3.695500e+00
 5     -0.009   9.55e-03   1.41e+00   5.12e-03  -4.34e-02   0.00e+00 (  3.25e+00,  3.43e+01)
10     -0.004   1.55e-02   4.75e-03   2.83e-03  -2.27e-02   0.00e+00 (  1.10e+01,  7.30e+01)
15     -0.027   8.44e-02  -4.82e-02   1.57e-02  -2.04e-01   0.00e+00 (  6.44e+01,  1.07e+02)
20      0.024   1.51e-01   4.52e-02   9.81e-03   2.04e-01   0.00e+00 (  1.12e+02,  1.35e+02)
25      0.066   1.82e-01   1.07e-01   5.05e-03   6.36e-01   0.00e+00 (  1.33e+02,  1.53e+02)
30      0.063   2.16e-01   1.39e-01  -1.62e-02   6.76e-01   0.00e+00 (  1.47e+02,  1.68e+02)
35      0.061   2.27e-01   1.49e-01   3.99e-02   7.11e-01   0.00e+00 (  1.36e+02,  1.78e+02)
40      0.096   2.99e-01   2.54e-01   8.94e-02   1.20e+00   0.00e+00 (  1.59e+02,  1.86e+02)
45      0.076   2.77e-01   2.29e-01   7.83e-02   1.01e+00   0.00e+00 (  1.32e+02,  1.91e+02)
50      0.122   3.49e-01   3.58e-01   2.00e-01   1.70e+00   0.00e+00 (  1.43e+02,  1.93e+02)
55      0.110   3.39e-01   3.64e-01   2.27e-01   1.61e+00   0.00e+00 (  1.23e+02,  1.91e+02)
60      0.132   3.71e-01   4.57e-01   3.01e-01   1.99e+00   0.00e+00 (  1.14e+02,  1.86e+02)
65      0.163   4.11e-01   5.77e-01   4.06e-01   2.54e+00   0.00e+00 (  1.05e+02,  1.77e+02)
70      0.173   4.22e-01   6.39e-01   4.88e-01   2.78e+00   0.00e+00 (  9.17e+01,  1.66e+02)
75      0.186   4.33e-01   7.01e-01   5.70e-01   3.07e+00   0.00e+00 (  8.13e+01,  1.52e+02)
80      0.201   4.36e-01   7.48e-01   6.07e-01   3.52e+00   0.00e+00 (  6.63e+01,  1.36e+02)
85      0.270   6.77e-01   8.90e-01   6.03e-01   5.99e+00   0.00e+00 (  7.25e+01,  1.20e+02)
90      0.871   2.04e+00   2.56e+00   1.41e+00   3.92e+01   0.00e+00 (  6.11e+02,  1.05e+02)
95      0.511   8.93e-01   1.28e+00   9.18e-01   4.35e+01   0.00e+00 (  6.98e+02,  8.88e+01)
42 e: 1.066e-03 i: 5.758e-04 :: e: 3.115e-02 i: 3.849e-02 :: n: 3.012e+01 e:23.984 i:26.372 v:4.993e+03
>>> tau_he = 5.000000, nhe(0)=3.650946e+00
 5     -0.009   9.26e-03   1.40e+00   5.44e-03  -4.26e-02   0.00e+00 (  3.24e+00,  3.43e+01)
10     -0.004   1.53e-02   4.97e-03   3.03e-03  -2.30e-02   0.00e+00 (  1.12e+01,  7.30e+01)
15     -0.026   8.20e-02  -4.96e-02   1.35e-02  -1.93e-01   0.00e+00 (  6.42e+01,  1.07e+02)
20      0.018   1.51e-01   5.55e-02  -2.86e-03   1.58e-01   0.00e+00 (  1.15e+02,  1.35e+02)
25      0.067   1.86e-01   1.20e-01   3.51e-03   6.46e-01   0.00e+00 (  1.40e+02,  1.53e+02)
30      0.066   2.27e-01   1.53e-01  -2.59e-02   7.03e-01   0.00e+00 (  1.60e+02,  1.68e+02)
35      0.117   3.11e-01   2.75e-01   9.46e-02   1.36e+00   0.00e+00 (  1.94e+02,  1.78e+02)
40      0.103   3.14e-01   2.88e-01   8.67e-02   1.28e+00   0.00e+00 (  1.74e+02,  1.86e+02)
45      0.117   3.45e-01   3.51e-01   1.21e-01   1.54e+00   0.00e+00 (  1.73e+02,  1.91e+02)
50      0.131   3.75e-01   4.17e-01   2.24e-01   1.82e+00   0.00e+00 (  1.61e+02,  1.93e+02)
55      0.161   4.30e-01   5.60e-01   3.09e-01   2.34e+00   0.00e+00 (  1.64e+02,  1.91e+02)
60      0.130   3.96e-01   5.01e-01   3.26e-01   1.96e+00   0.00e+00 (  1.29e+02,  1.86e+02)
65      0.157   4.35e-01   6.14e-01   4.29e-01   2.46e+00   0.00e+00 (  1.18e+02,  1.77e+02)
70      0.163   4.40e-01   6.56e-01   5.00e-01   2.62e+00   0.00e+00 (  1.02e+02,  1.66e+02)
75      0.171   4.40e-01   6.93e-01   5.64e-01   2.81e+00   0.00e+00 (  8.84e+01,  1.52e+02)
80      0.183   4.22e-01   7.15e-01   5.72e-01   3.20e+00   0.00e+00 (  6.88e+01,  1.36e+02)
85      0.261   6.43e-01   8.62e-01   5.73e-01   5.78e+00   0.00e+00 (  7.44e+01,  1.20e+02)
90      0.872   2.04e+00   2.56e+00   1.41e+00   3.93e+01   0.00e+00 (  6.19e+02,  1.05e+02)
95      0.511   8.93e-01   1.28e+00   9.18e-01   4.35e+01   0.00e+00 (  6.98e+02,  8.88e+01)
43 e: 1.140e-03 i: 5.134e-04 :: e: 2.947e-02 i: 4.103e-02 :: n: 3.012e+01 e:23.217 i:26.907 v:4.993e+03
>>> tau_he = 5.000000, nhe(0)=3.693067e+00
 5     -0.009   9.53e-03   1.40e+00   5.13e-03  -4.33e-02   0.00e+00 (  3.24e+00,  3.43e+01)
10     -0.004   1.54e-02   4.75e-03   2.83e-03  -2.27e-02   0.00e+00 (  1.10e+01,  7.30e+01)
15     -0.028   8.44e-02  -4.82e-02   1.57e-02  -2.05e-01   0.00e+00 (  6.44e+01,  1.07e+02)
20      0.024   1.51e-01   4.54e-02   9.74e-03   2.03e-01   0.00e+00 (  1.12e+02,  1.35e+02)
25      0.066   1.82e-01   1.07e-01   4.99e-03   6.35e-01   0.00e+00 (  1.33e+02,  1.53e+02)
30      0.063   2.16e-01   1.39e-01  -1.65e-02   6.76e-01   0.00e+00 (  1.48e+02,  1.68e+02)
35      0.061   2.27e-01   1.49e-01   3.99e-02   7.12e-01   0.00e+00 (  1.36e+02,  1.78e+02)
40      0.097   3.00e-01   2.55e-01   9.01e-02   1.21e+00   0.00e+00 (  1.60e+02,  1.86e+02)
45      0.077   2.78e-01   2.32e-01   7.89e-02   1.02e+00   0.00e+00 (  1.33e+02,  1.91e+02)
50      0.122   3.49e-01   3.59e-01   2.00e-01   1.70e+00   0.00e+00 (  1.43e+02,  1.93e+02)
55      0.108   3.36e-01   3.58e-01   2.25e-01   1.57e+00   0.00e+00 (  1.21e+02,  1.91e+02)
60      0.131   3.70e-01   4.55e-01   3.00e-01   1.98e+00   0.00e+00 (  1.14e+02,  1.86e+02)
65      0.163   4.11e-01   5.78e-01   4.06e-01   2.54e+00   0.00e+00 (  1.05e+02,  1.77e+02)
70      0.173   4.22e-01   6.40e-01   4.88e-01   2.78e+00   0.00e+00 (  9.18e+01,  1.66e+02)
75      0.186   4.32e-01   7.01e-01   5.69e-01   3.07e+00   0.00e+00 (  8.12e+01,  1.52e+02)
80      0.201   4.35e-01   7.45e-01   6.05e-01   3.51e+00   0.00e+00 (  6.61e+01,  1.36e+02)
85      0.270   6.76e-01   8.87e-01   6.00e-01   5.97e+00   0.00e+00 (  7.22e+01,  1.20e+02)
90      0.871   2.04e+00   2.56e+00   1.41e+00   3.92e+01   0.00e+00 (  6.11e+02,  1.05e+02)
95      0.511   8.93e-01   1.28e+00   9.18e-01   4.35e+01   0.00e+00 (  6.98e+02,  8.88e+01)
44 e: 9.723e-04 i: 5.104e-04 :: e: 3.106e-02 i: 3.816e-02 :: n: 3.012e+01 e:23.956 i:26.375 v:4.993e+03
>>> tau_he = 5.000000, nhe(0)=3.651146e+00
 5     -0.009   9.26e-03   1.40e+00   5.43e-03  -4.26e-02   0.00e+00 (  3.24e+00,  3.43e+01)
10     -0.004   1.53e-02   4.96e-03   3.02e-03  -2.30e-02   0.00e+00 (  1.12e+01,  7.30e+01)
15     -0.026   8.19e-02  -4.95e-02   1.35e-02  -1.93e-01   0.00e+00 (  6.41e+01,  1.07e+02)
20      0.018   1.51e-01   5.54e-02  -2.78e-03   1.58e-01   0.00e+00 (  1.15e+02,  1.35e+02)
25      0.067   1.86e-01   1.19e-01   3.55e-03   6.44e-01   0.00e+00 (  1.40e+02,  1.53e+02)
30      0.066   2.26e-01   1.52e-01  -2.57e-02   7.01e-01   0.00e+00 (  1.59e+02,  1.68e+02)
35      0.117   3.10e-01   2.74e-01   9.43e-02   1.36e+00   0.00e+00 (  1.94e+02,  1.78e+02)
40      0.103   3.13e-01   2.88e-01   8.67e-02   1.28e+00   0.00e+00 (  1.74e+02,  1.86e+02)
45      0.117   3.45e-01   3.52e-01   1.21e-01   1.55e+00   0.00e+00 (  1.73e+02,  1.91e+02)
50      0.130   3.74e-01   4.15e-01   2.23e-01   1.82e+00   0.00e+00 (  1.60e+02,  1.93e+02)
55      0.110   3.59e-01   4.02e-01   2.48e-01   1.60e+00   0.00e+00 (  1.36e+02,  1.91e+02)
60      0.129   3.94e-01   4.97e-01   3.24e-01   1.95e+00   0.00e+00 (  1.28e+02,  1.86e+02)
65      0.158   4.34e-01   6.13e-01   4.28e-01   2.46e+00   0.00e+00 (  1.17e+02,  1.77e+02)
70      0.164   4.39e-01   6.56e-01   5.00e-01   2.63e+00   0.00e+00 (  1.02e+02,  1.66e+02)
75      0.171   4.40e-01   6.93e-01   5.64e-01   2.82e+00   0.00e+00 (  8.82e+01,  1.52e+02)
80      0.183   4.22e-01   7.15e-01   5.72e-01   3.20e+00   0.00e+00 (  6.86e+01,  1.36e+02)
85      0.261   6.43e-01   8.61e-01   5.73e-01   5.78e+00   0.00e+00 (  7.42e+01,  1.20e+02)
90      0.871   2.04e+00   2.56e+00   1.41e+00   3.93e+01   0.00e+00 (  6.19e+02,  1.05e+02)
95      0.511   8.93e-01   1.28e+00   9.18e-01   4.35e+01   0.00e+00 (  6.98e+02,  8.88e+01)
45 e: 9.981e-04 i: 4.700e-04 :: e: 2.154e-02 i: 2.843e-02 :: n: 3.012e+01 e:23.235 i:26.891 v:4.993e+03
>>> tau_he = 5.000000, nhe(0)=3.691825e+00
 5     -0.009   9.54e-03   1.40e+00   5.14e-03  -4.32e-02   0.00e+00 (  3.25e+00,  3.43e+01)
10     -0.004   1.53e-02   4.76e-03   2.83e-03  -2.27e-02   0.00e+00 (  1.09e+01,  7.30e+01)
15     -0.028   8.45e-02  -4.83e-02   1.57e-02  -2.06e-01   0.00e+00 (  6.45e+01,  1.07e+02)
20      0.023   1.51e-01   4.56e-02   9.69e-03   2.02e-01   0.00e+00 (  1.12e+02,  1.35e+02)
25      0.066   1.82e-01   1.07e-01   4.96e-03   6.35e-01   0.00e+00 (  1.33e+02,  1.53e+02)
30      0.063   2.16e-01   1.39e-01  -1.64e-02   6.75e-01   0.00e+00 (  1.48e+02,  1.68e+02)
35      0.061   2.27e-01   1.50e-01   4.00e-02   7.11e-01   0.00e+00 (  1.37e+02,  1.78e+02)
40      0.097   3.00e-01   2.56e-01   9.02e-02   1.21e+00   0.00e+00 (  1.60e+02,  1.86e+02)
45      0.077   2.79e-01   2.32e-01   7.90e-02   1.02e+00   0.00e+00 (  1.33e+02,  1.91e+02)
50      0.122   3.50e-01   3.60e-01   2.01e-01   1.70e+00   0.00e+00 (  1.43e+02,  1.93e+02)
55      0.110   3.39e-01   3.64e-01   2.27e-01   1.59e+00   0.00e+00 (  1.22e+02,  1.91e+02)
60      0.131   3.71e-01   4.57e-01   3.01e-01   1.98e+00   0.00e+00 (  1.14e+02,  1.86e+02)
65      0.162   4.11e-01   5.78e-01   4.06e-01   2.53e+00   0.00e+00 (  1.05e+02,  1.77e+02)
70      0.173   4.21e-01   6.39e-01   4.88e-01   2.77e+00   0.00e+00 (  9.18e+01,  1.66e+02)
75      0.185   4.32e-01   6.99e-01   5.68e-01   3.06e+00   0.00e+00 (  8.12e+01,  1.52e+02)
80      0.200   4.34e-01   7.43e-01   6.03e-01   3.49e+00   0.00e+00 (  6.60e+01,  1.36e+02)
85      0.269   6.75e-01   8.85e-01   5.98e-01   5.96e+00   0.00e+00 (  7.21e+01,  1.20e+02)
90      0.871   2.04e+00   2.56e+00   1.41e+00   3.92e+01   0.00e+00 (  6.11e+02,  1.05e+02)
95      0.511   8.93e-01   1.28e+00   9.18e-01   4.35e+01   0.00e+00 (  6.98e+02,  8.88e+01)
46 e: 9.093e-04 i: 4.471e-04 :: e: 2.904e-02 i: 3.538e-02 :: n: 3.012e+01 e:23.947 i:26.395 v:4.993e+03
>>> tau_he = 5.000000, nhe(0)=3.652810e+00
 5     -0.009   9.27e-03   1.40e+00   5.42e-03  -4.26e-02   0.00e+00 (  3.24e+00,  3.43e+01)
10     -0.004   1.53e-02   4.99e-03   3.02e-03  -2.30e-02   0.00e+00 (  1.12e+01,  7.30e+01)
15     -0.026   8.18e-02  -4.95e-02   1.36e-02  -1.93e-01   0.00e+00 (  6.40e+01,  1.07e+02)
20      0.018   1.51e-01   5.52e-02  -2.66e-03   1.58e-01   0.00e+00 (  1.15e+02,  1.35e+02)
25      0.067   1.86e-01   1.19e-01   3.56e-03   6.45e-01   0.00e+00 (  1.40e+02,  1.53e+02)
30      0.066   2.26e-01   1.52e-01  -2.53e-02   7.01e-01   0.00e+00 (  1.59e+02,  1.68e+02)
35      0.117   3.10e-01   2.74e-01   9.39e-02   1.35e+00   0.00e+00 (  1.94e+02,  1.78e+02)
40      0.102   3.13e-01   2.87e-01   8.64e-02   1.28e+00   0.00e+00 (  1.74e+02,  1.86e+02)
45      0.117   3.45e-01   3.51e-01   1.20e-01   1.55e+00   0.00e+00 (  1.73e+02,  1.91e+02)
50      0.130   3.74e-01   4.14e-01   2.23e-01   1.82e+00   0.00e+00 (  1.60e+02,  1.93e+02)
55      0.112   3.61e-01   4.06e-01   2.51e-01   1.63e+00   0.00e+00 (  1.37e+02,  1.91e+02)
60      0.130   3.94e-01   4.97e-01   3.24e-01   1.96e+00   0.00e+00 (  1.28e+02,  1.86e+02)
65      0.158   4.34e-01   6.12e-01   4.27e-01   2.46e+00   0.00e+00 (  1.17e+02,  1.77e+02)
70      0.164   4.39e-01   6.55e-01   5.00e-01   2.63e+00   0.00e+00 (  1.01e+02,  1.66e+02)
75      0.171   4.39e-01   6.93e-01   5.64e-01   2.83e+00   0.00e+00 (  8.79e+01,  1.52e+02)
80      0.184   4.22e-01   7.15e-01   5.73e-01   3.21e+00   0.00e+00 (  6.85e+01,  1.36e+02)
85      0.261   6.44e-01   8.60e-01   5.72e-01   5.78e+00   0.00e+00 (  7.40e+01,  1.20e+02)
90      0.871   2.04e+00   2.56e+00   1.41e+00   3.92e+01   0.00e+00 (  6.19e+02,  1.05e+02)
95      0.511   8.93e-01   1.28e+00   9.18e-01   4.35e+01   0.00e+00 (  6.98e+02,  8.88e+01)
47 e: 8.841e-04 i: 4.416e-04 :: e: 2.072e-02 i: 2.689e-02 :: n: 3.012e+01 e:23.266 i:26.897 v:4.993e+03
>>> tau_he = 5.000000, nhe(0)=3.692267e+00
 5     -0.009   9.55e-03   1.41e+00   5.14e-03  -4.32e-02   0.00e+00 (  3.25e+00,  3.43e+01)
10     -0.004   1.52e-02   4.81e-03   2.83e-03  -2.27e-02   0.00e+00 (  1.09e+01,  7.30e+01)
15     -0.028   8.46e-02  -4.84e-02   1.57e-02  -2.07e-01   0.00e+00 (  6.47e+01,  1.07e+02)
20      0.023   1.51e-01   4.57e-02   9.67e-03   2.01e-01   0.00e+00 (  1.12e+02,  1.35e+02)
25      0.066   1.82e-01   1.08e-01   4.93e-03   6.36e-01   0.00e+00 (  1.33e+02,  1.53e+02)
30      0.063   2.17e-01   1.40e-01  -1.65e-02   6.77e-01   0.00e+00 (  1.48e+02,  1.68e+02)
35      0.061   2.28e-01   1.50e-01   4.00e-02   7.12e-01   0.00e+00 (  1.37e+02,  1.78e+02)
40      0.097   3.01e-01   2.56e-01   9.05e-02   1.21e+00   0.00e+00 (  1.60e+02,  1.86e+02)
45      0.110   3.25e-01   3.06e-01   1.04e-01   1.46e+00   0.00e+00 (  1.56e+02,  1.91e+02)
50      0.123   3.51e-01   3.62e-01   2.01e-01   1.71e+00   0.00e+00 (  1.44e+02,  1.93e+02)
55      0.111   3.42e-01   3.69e-01   2.29e-01   1.62e+00   0.00e+00 (  1.24e+02,  1.91e+02)
60      0.132   3.72e-01   4.59e-01   3.03e-01   1.99e+00   0.00e+00 (  1.15e+02,  1.86e+02)
65      0.162   4.12e-01   5.79e-01   4.07e-01   2.53e+00   0.00e+00 (  1.05e+02,  1.77e+02)
70      0.173   4.22e-01   6.40e-01   4.88e-01   2.77e+00   0.00e+00 (  9.22e+01,  1.66e+02)
75      0.185   4.32e-01   7.00e-01   5.69e-01   3.05e+00   0.00e+00 (  8.15e+01,  1.52e+02)
80      0.200   4.34e-01   7.43e-01   6.03e-01   3.49e+00   0.00e+00 (  6.60e+01,  1.36e+02)
85      0.269   6.74e-01   8.84e-01   5.97e-01   5.96e+00   0.00e+00 (  7.20e+01,  1.20e+02)
90      0.871   2.04e+00   2.56e+00   1.41e+00   3.92e+01   0.00e+00 (  6.11e+02,  1.05e+02)
95      0.511   8.93e-01   1.28e+00   9.18e-01   4.35e+01   0.00e+00 (  6.98e+02,  8.88e+01)
48 e: 8.436e-04 i: 4.211e-04 :: e: 2.206e-02 i: 2.594e-02 :: n: 3.012e+01 e:23.946 i:26.425 v:4.993e+03
>>> tau_he = 5.000000, nhe(0)=3.655181e+00
 5     -0.009   9.29e-03   1.40e+00   5.42e-03  -4.27e-02   0.00e+00 (  3.24e+00,  3.43e+01)
10     -0.004   1.53e-02   5.01e-03   3.02e-03  -2.30e-02   0.00e+00 (  1.12e+01,  7.30e+01)
15     -0.026   8.19e-02  -4.95e-02   1.37e-02  -1.93e-01   0.00e+00 (  6.41e+01,  1.07e+02)
20      0.018   1.51e-01   5.51e-02  -2.60e-03   1.59e-01   0.00e+00 (  1.15e+02,  1.35e+02)
25      0.067   1.86e-01   1.19e-01   3.56e-03   6.45e-01   0.00e+00 (  1.40e+02,  1.53e+02)
30      0.066   2.26e-01   1.52e-01  -2.55e-02   7.02e-01   0.00e+00 (  1.59e+02,  1.68e+02)
35      0.117   3.11e-01   2.74e-01   9.39e-02   1.36e+00   0.00e+00 (  1.94e+02,  1.78e+02)
40      0.102   3.13e-01   2.86e-01   8.62e-02   1.27e+00   0.00e+00 (  1.73e+02,  1.86e+02)
45      0.115   3.43e-01   3.45e-01   1.18e-01   1.52e+00   0.00e+00 (  1.71e+02,  1.91e+02)
50      0.130   3.74e-01   4.12e-01   2.22e-01   1.81e+00   0.00e+00 (  1.60e+02,  1.93e+02)
55      0.162   4.31e-01   5.60e-01   3.08e-01   2.36e+00   0.00e+00 (  1.64e+02,  1.91e+02)
60      0.131   3.95e-01   4.99e-01   3.24e-01   1.97e+00   0.00e+00 (  1.29e+02,  1.86e+02)
65      0.158   4.34e-01   6.13e-01   4.28e-01   2.47e+00   0.00e+00 (  1.17e+02,  1.77e+02)
70      0.165   4.40e-01   6.57e-01   5.01e-01   2.64e+00   0.00e+00 (  1.02e+02,  1.66e+02)
75      0.172   4.40e-01   6.95e-01   5.65e-01   2.84e+00   0.00e+00 (  8.82e+01,  1.52e+02)
80      0.184   4.23e-01   7.18e-01   5.75e-01   3.22e+00   0.00e+00 (  6.87e+01,  1.36e+02)
85      0.261   6.44e-01   8.62e-01   5.74e-01   5.78e+00   0.00e+00 (  7.40e+01,  1.20e+02)
90      0.871   2.04e+00   2.56e+00   1.41e+00   3.92e+01   0.00e+00 (  6.18e+02,  1.05e+02)
95      0.511   8.93e-01   1.28e+00   9.18e-01   4.35e+01   0.00e+00 (  6.98e+02,  8.88e+01)
49 e: 8.237e-04 i: 4.192e-04 :: e: 2.831e-02 i: 3.854e-02 :: n: 3.012e+01 e:23.291 i:26.895 v:4.993e+03
 plasma volume = 151.411878
 stored energy(e,i,b,a) = 6.763733e+01 6.643531e+01 0.000000e+00 0.000000e+00
 betan = 1.499976
*power
 Pnb(e,i) = 0.000000e+00 0.000000e+00
 Prf(e,i) = 1.167647e+01 2.832215e+01
 Prad     = -8.579067e+01 
 Pei      = 1.711303e+01 
 Pfuse    = 7.068469e+01 
 Pfusi    = 2.351228e+01 
 Poh      = 0.000000e+00 
*confinement time
 taut, tauITER98y2, H98y2 : 2.769815e+00 2.272002e+00 1.219108e+00
 taue, taui : 4.942978e+00 1.038173e+01
 taut, tau89, H89 : 2.769815e+00 1.007462e+00 2.749300e+00
*temperature
 nea, nebar : 2.054190e+01 2.349230e+01 
 tea, tia : 7.973861e+00 8.584256e+00 (9.288937e-01)
 te0, ti0 : 2.072814e+01 2.668794e+01 (7.766855e-01)
 Sn : 0.000000e+00 
*current balance
 Ip,Ibs,Inb,Irf: 1.000000e+01 2.318688e+00 0.000000e+00 3.287810e-01
 fni,fbs: 0.265 0.232

 plasma volume = 151.411878
 stored energy(e,i,b,a) = 6.763733e+01 6.643531e+01 0.000000e+00 0.000000e+00
 betan = 1.499976
*power
 Pnb(e,i) = 0.000000e+00 0.000000e+00
 Prf(e,i) = 1.167647e+01 2.832215e+01
 Prad     = -8.579067e+01 
 Pei      = 1.711303e+01 
 Pfuse    = 7.068469e+01 
 Pfusi    = 2.351228e+01 
 Poh      = 0.000000e+00 
*confinement time
 taut, tauITER98y2, H98y2 : 2.769815e+00 2.272002e+00 1.219108e+00
 taue, taui : 4.942978e+00 1.038173e+01
 taut, tau89, H89 : 2.769815e+00 1.007462e+00 2.749300e+00
*temperature
 nea, nebar : 2.054190e+01 2.349230e+01 
 tea, tia : 7.973861e+00 8.584256e+00 (9.288937e-01)
 te0, ti0 : 2.072814e+01 2.668794e+01 (7.766855e-01)
 Sn : 0.000000e+00 
*current balance
 Ip,Ibs,Inb,Irf: 1.000000e+01 2.318688e+00 0.000000e+00 3.287810e-01
 fni,fbs: 0.265 0.232
 ELAPASED TIME = 47 sec

finalize
