NCAPTC: : NetCDF: Variable not found
Warning: ieee_overflow is signaling
Warning: ieee_underflow is signaling
Warning: ieee_inexact is signaling
FORTRAN STOP
 solver
 /global/common/software/atom/perlmutter/data/greentable/
 /global/common/software/atom/perlmutter/data/greentable/

          EFITD Version  07/09/2014


 type mode (2=file, 3=snap, 4=time, 5=input, 6=com file, 7=snap_ext):

 number of time slices?

 type input file names:
 #
 table_dir = </global/common/software/atom/perlmutter/data/greentable/>

  ----- time =     1 ms ----- ( 0)
 it=  1 chi2=0.00E+00 zm= 7.53E-03 err=5.202E+00 dz= 7.535E-03 chigam= 0.00E+00
 it=  2 chi2=0.00E+00 zm= 1.08E-02 err=8.501E-01 dz= 3.268E-03 chigam= 0.00E+00
 it=  3 chi2=0.00E+00 zm= 1.33E-02 err=4.823E-01 dz= 2.459E-03 chigam= 0.00E+00
 it=  4 chi2=0.00E+00 zm= 1.51E-02 err=2.841E-01 dz= 1.852E-03 chigam= 0.00E+00
 it=  5 chi2=0.00E+00 zm= 1.65E-02 err=1.727E-01 dz= 1.410E-03 chigam= 0.00E+00
 it=  6 chi2=0.00E+00 zm= 1.76E-02 err=1.041E-01 dz= 1.075E-03 chigam= 0.00E+00
 it=  7 chi2=0.00E+00 zm= 1.84E-02 err=6.838E-02 dz= 8.238E-04 chigam= 0.00E+00
 it=  8 chi2=0.00E+00 zm= 1.90E-02 err=4.013E-02 dz= 6.149E-04 chigam= 0.00E+00
 it=  9 chi2=0.00E+00 zm= 1.95E-02 err=2.635E-02 dz= 4.624E-04 chigam= 0.00E+00
 it= 10 chi2=0.00E+00 zm= 1.98E-02 err=1.303E-02 dz= 3.395E-04 chigam= 0.00E+00
 it= 11 chi2=0.00E+00 zm= 2.01E-02 err=9.058E-03 dz= 2.515E-04 chigam= 0.00E+00
 it= 12 chi2=0.00E+00 zm= 2.03E-02 err=3.773E-03 dz= 1.816E-04 chigam= 0.00E+00
 it= 13 chi2=0.00E+00 zm= 2.04E-02 err=2.636E-03 dz= 1.332E-04 chigam= 0.00E+00
 it= 14 chi2=0.00E+00 zm= 2.05E-02 err=2.096E-03 dz= 9.764E-05 chigam= 0.00E+00
 it= 15 chi2=0.00E+00 zm= 2.06E-02 err=1.135E-03 dz= 7.201E-05 chigam= 0.00E+00
 it= 16 chi2=0.00E+00 zm= 2.06E-02 err=7.875E-04 dz= 5.280E-05 chigam= 0.00E+00
 it= 17 chi2=0.00E+00 zm= 2.07E-02 err=5.515E-04 dz= 3.868E-05 chigam= 0.00E+00
 it= 18 chi2=0.00E+00 zm= 2.07E-02 err=4.551E-04 dz= 2.832E-05 chigam= 0.00E+00
 it= 19 chi2=0.00E+00 zm= 2.07E-02 err=3.570E-04 dz= 2.073E-05 chigam= 0.00E+00
 it= 20 chi2=0.00E+00 zm= 2.07E-02 err=2.716E-04 dz= 1.517E-05 chigam= 0.00E+00
 it= 21 chi2=0.00E+00 zm= 2.07E-02 err=2.026E-04 dz= 1.109E-05 chigam= 0.00E+00
 it= 22 chi2=0.00E+00 zm= 2.08E-02 err=1.491E-04 dz= 8.113E-06 chigam= 0.00E+00
 it= 23 chi2=0.00E+00 zm= 2.08E-02 err=1.089E-04 dz= 5.932E-06 chigam= 0.00E+00
 it= 24 chi2=0.00E+00 zm= 2.08E-02 err=7.886E-05 dz= 4.337E-06 chigam= 0.00E+00

      ******************** EFITD129 x 129  output ********************

       data used:   
  0 flux loops
  0 magnetic probes(i)
  0 full rogowski
  0 diamagnetic loop


 shot #   =          1 time(ms) =          1 chi**2   =  0.000E+00
 betat(%) =      1.069 betap    =      0.539 li       =      0.859
 vol(cm3) =  0.775E+07 rout(cm) =    172.169 zout(cm) =      0.811
 elong    =      1.344 utriang  =     -0.373 ltriang  =     -0.308
 a(cm)    =     41.399 lin(cm)  = ********** lout(cm) =     10.608
 ltop(cm) = ********** q*       =      2.307 rc(cm)   =    176.534
 zc(cm)   =      1.825 bt0(t)   =      2.000 qout     =      2.203
