========================================================================
= FASTRAN

nonlinear model = 0
ichi = 0
ineo = 0
reading state...
read formatted input, inprof...
init geometry...
read formatted input, inmetric...
nrho in inmetric = 101
rhob in inmetric = 1.265210e+00
solve avg grad-shafranv...
solve_avg_gs::Ip_temp = 9.904913e+00 
solve_avg_gs::Ip      = 1.000000e+01 
>>> tau_he = 5.000000, nhe(0)=1.446389e+00

 plasma volume = 149.416970
 stored energy(e,i,b) = 5.010220e+01 4.831223e+01 0.000000e+00
 betan = 1.108954
*power
 Pnb(e,i) = 0.000000e+00 0.000000e+00
 Prf(e,i) = 9.998843e+00 2.999653e+01
 Prad     = -8.234349e+00 
 Pei      = 1.638981e-01 
 Pfuse    = 4.178989e+01 
 Pfusi    = 1.336786e+01 
 Poh      = 0.000000e+00 
*confinement time
 taut, tauITER98y2, H98y2 : 1.132257e+00 1.328761e+00 8.521152e-01
 taue, taui : 1.146024e+00 3.658920e+00
 taut, tau89, H89 : 1.132257e+00 7.277992e-01 1.555728e+00
*temperature
 nea, nebar : 1.522318e+01 1.706708e+01 
 tea, tia : 8.292111e+00 8.294676e+00 (9.996908e-01)
 te0, ti0 : 1.838354e+01 1.834598e+01 (1.002048e+00)
 Sn : 1.521250e+03 
*current balance
 Ip,Ibs,Inb,Irf: 1.000000e+01 1.730040e+00 0.000000e+00 0.000000e+00
 fni,fbs: 0.173 0.173

Time advancing...
rho_bdry 0.900000 ...
te_bdry = 5.003038
ti_bdry = 5.003033
ne_bdry = 12.097497
rv_bdry = 279.463030
nrho_tr_bdry = 18
drho_bdry = 0.000000e+00
nrhob = 90
 [    0] t = 0.0000 
>>> tau_he = 5.000000, nhe(0)=1.441477e+00
 5     -0.003  -5.78e-05  -1.11e-02  -1.22e-03  -2.22e-03   4.07e-05 ( -6.79e-03,  2.23e+01)
10      0.000   0.00e+00   0.00e+00   0.00e+00   0.00e+00   2.40e-04 (  0.00e+00,  4.42e+01)
15      0.000   0.00e+00   0.00e+00   0.00e+00   0.00e+00   1.04e-03 (  0.00e+00,  6.55e+01)
20      0.000   0.00e+00   0.00e+00   0.00e+00   0.00e+00   3.79e-03 (  0.00e+00,  8.54e+01)
25     -0.000  -3.49e-04   1.95e-04   9.66e-05  -1.99e-03   1.21e-02 ( -9.22e-02,  1.04e+02)
30      0.007   1.04e-02  -6.13e-03   4.79e-02   3.23e-02   3.47e-02 (  2.95e+00,  1.20e+02)
35      0.061   7.64e-02   3.69e-02   3.17e-01   3.45e-01   8.88e-02 (  2.17e+01,  1.33e+02)
40      0.101   1.51e-01   1.28e-01   4.77e-01   6.38e-01   2.05e-01 (  4.26e+01,  1.44e+02)
45      0.159   2.83e-01   2.65e-01   6.37e-01   1.10e+00   4.26e-01 (  7.86e+01,  1.52e+02)
50      0.193   4.15e-01   4.84e-01   7.56e-01   1.47e+00   8.04e-01 (  1.12e+02,  1.57e+02)
55      0.218   5.51e-01   7.78e-01   8.43e-01   1.98e+00   1.38e+00 (  1.41e+02,  1.59e+02)
60      0.284   7.36e-01   1.15e+00   9.32e-01   3.31e+00   2.16e+00 (  1.75e+02,  1.59e+02)
65      0.373   9.17e-01   1.46e+00   1.06e+00   4.92e+00   3.10e+00 (  1.98e+02,  1.57e+02)
70      0.452   1.08e+00   1.69e+00   1.20e+00   6.26e+00   4.10e+00 (  2.06e+02,  1.53e+02)
75      0.511   1.20e+00   1.84e+00   1.28e+00   7.24e+00   5.04e+00 (  2.00e+02,  1.48e+02)
80      0.540   1.26e+00   1.88e+00   1.30e+00   7.71e+00   5.81e+00 (  1.82e+02,  1.43e+02)
85      0.593   1.38e+00   2.08e+00   1.47e+00   8.45e+00   6.33e+00 (  1.94e+02,  1.37e+02)
90      0.750   1.26e+00   2.07e+00   1.56e+00   1.54e+01   6.60e+00 (  3.71e+02,  1.30e+02)
95      0.260   2.37e-01   4.95e-01   4.38e-01   8.53e+00   6.68e+00 (  1.48e+02,  1.25e+02)
 0 n: 6.577e-08 e: 9.976e-07 i: 2.797e-06 :: e: 0.000e+00 i: 0.000e+00 :: n: 2.049e+01 e:18.384 i:18.346 v:4.993e+03
>>> tau_he = 5.000000, nhe(0)=1.439169e+00
 5     -0.003  -5.63e-05  -1.14e-02  -1.23e-03  -2.13e-03   4.07e-05 ( -6.48e-03,  2.23e+01)
10      0.000   0.00e+00   0.00e+00   0.00e+00   0.00e+00   2.40e-04 (  0.00e+00,  4.42e+01)
15      0.000   0.00e+00   0.00e+00   0.00e+00   0.00e+00   1.04e-03 (  0.00e+00,  6.55e+01)
20      0.000   0.00e+00   0.00e+00   0.00e+00   0.00e+00   3.79e-03 (  0.00e+00,  8.54e+01)
25     -0.000  -3.51e-04   1.97e-04   9.81e-05  -2.01e-03   1.21e-02 ( -9.31e-02,  1.04e+02)
30      0.007   1.09e-02  -6.47e-03   4.98e-02   3.38e-02   3.47e-02 (  3.12e+00,  1.20e+02)
35      0.067   8.33e-02   4.48e-02   3.43e-01   3.77e-01   8.88e-02 (  2.38e+01,  1.33e+02)
40      0.109   1.63e-01   1.38e-01   5.00e-01   6.89e-01   2.05e-01 (  4.66e+01,  1.44e+02)
45      0.172   2.99e-01   2.95e-01   6.71e-01   1.19e+00   4.26e-01 (  8.33e+01,  1.52e+02)
50      0.207   4.30e-01   5.26e-01   7.93e-01   1.56e+00   8.04e-01 (  1.16e+02,  1.57e+02)
55      0.223   5.62e-01   8.09e-01   8.54e-01   2.06e+00   1.38e+00 (  1.45e+02,  1.59e+02)
60      0.278   7.27e-01   1.14e+00   9.20e-01   3.24e+00   2.16e+00 (  1.72e+02,  1.59e+02)
65      0.360   8.98e-01   1.42e+00   1.03e+00   4.72e+00   3.10e+00 (  1.92e+02,  1.57e+02)
70      0.438   1.06e+00   1.65e+00   1.16e+00   6.03e+00   4.10e+00 (  2.00e+02,  1.53e+02)
75      0.506   1.19e+00   1.83e+00   1.27e+00   7.13e+00   5.04e+00 (  1.98e+02,  1.48e+02)
80      0.561   1.30e+00   1.97e+00   1.39e+00   8.03e+00   5.81e+00 (  1.93e+02,  1.43e+02)
85      0.620   1.42e+00   2.23e+00   1.61e+00   8.86e+00   6.33e+00 (  2.19e+02,  1.37e+02)
90      0.996   1.81e+00   2.82e+00   1.85e+00   2.04e+01   6.60e+00 (  4.75e+02,  1.30e+02)
95      0.260   2.37e-01   4.95e-01   4.38e-01   8.53e+00   6.68e+00 (  1.48e+02,  1.25e+02)
 1 n: 1.686e-01 e: 7.361e-02 i: 1.877e-01 :: e: 1.724e-02 i: 2.999e-02 :: n: 2.049e+01 e:18.366 i:18.318 v:4.993e+03
>>> tau_he = 5.000000, nhe(0)=1.402296e+00
 5     -0.042  -1.39e-04  -2.41e-02  -2.03e-03  -2.97e-03   4.07e-05 ( -1.73e-02,  2.23e+01)
10      0.000   0.00e+00   0.00e+00   0.00e+00   0.00e+00   2.40e-04 (  0.00e+00,  4.42e+01)
15     -0.014  -2.05e-04   1.89e-03   1.89e-04  -2.64e-02   1.04e-03 ( -7.56e-02,  6.55e+01)
20      0.038   8.10e-02  -5.00e-02   2.73e-01   2.69e-01   3.79e-03 (  3.96e+01,  8.54e+01)
25      0.195   5.30e-01   4.59e-01   1.27e+00   1.24e+00   1.21e-02 (  3.13e+02,  1.04e+02)
30      0.589   9.96e-01   1.59e+00   2.25e+00   2.48e+00   3.47e-02 (  6.11e+02,  1.20e+02)
35      1.111   1.06e+00   2.26e+00   2.59e+00   3.33e+00   8.88e-02 (  5.23e+02,  1.33e+02)
40      0.765   9.26e-01   2.14e+00   2.37e+00   2.30e+00   2.05e-01 (  3.65e+02,  1.44e+02)
45      0.556   7.57e-01   1.85e+00   2.08e+00   1.84e+00   4.26e-01 (  2.31e+02,  1.52e+02)
50      0.326   5.96e-01   1.41e+00   1.64e+00   1.34e+00   8.04e-01 (  1.50e+02,  1.57e+02)
55      0.177   4.70e-01   9.60e-01   1.14e+00   1.04e+00   1.38e+00 (  9.99e+01,  1.59e+02)
60      0.114   3.84e-01   6.71e-01   7.70e-01   8.32e-01   2.16e+00 (  6.81e+01,  1.59e+02)
65      0.111   3.67e-01   6.08e-01   6.54e-01   9.02e-01   3.10e+00 (  5.58e+01,  1.57e+02)
70      0.125   4.11e-01   7.02e-01   6.35e-01   1.12e+00   4.10e+00 (  5.53e+01,  1.53e+02)
75      0.163   5.11e-01   8.55e-01   6.92e-01   1.60e+00   5.04e+00 (  6.27e+01,  1.48e+02)
80      0.206   6.17e-01   9.91e-01   7.53e-01   2.17e+00   5.81e+00 (  7.07e+01,  1.43e+02)
85      0.225   6.73e-01   1.02e+00   7.53e-01   2.44e+00   6.33e+00 (  7.08e+01,  1.37e+02)
90      0.902   1.78e+00   2.76e+00   1.86e+00   1.69e+01   6.60e+00 (  4.07e+02,  1.30e+02)
95      0.260   2.37e-01   4.95e-01   4.38e-01   8.53e+00   6.68e+00 (  1.48e+02,  1.25e+02)
 2 n: 5.066e-03 e: 4.074e-02 i: 9.238e-02 :: e: 6.873e-01 i: 7.293e-01 :: n: 1.821e+01 e:23.583 i:21.978 v:4.993e+03
>>> tau_he = 5.000000, nhe(0)=1.442445e+00
 5     -0.071  -1.66e-04  -1.80e-02  -2.03e-03  -5.05e-03   4.07e-05 ( -3.01e-02,  2.23e+01)
10      0.000   0.00e+00   0.00e+00   0.00e+00   0.00e+00   2.40e-04 (  0.00e+00,  4.42e+01)
15     -0.245   8.19e-02  -2.16e-02   4.35e-01  -4.57e-01   1.04e-03 (  4.58e+01,  6.55e+01)
20      0.347   6.11e-01   8.12e-01   1.79e+00   1.73e+00   3.79e-03 (  4.12e+02,  8.54e+01)
25      0.553   8.07e-01   1.25e+00   2.00e+00   2.77e+00   1.21e-02 (  5.01e+02,  1.04e+02)
30      0.368   7.51e-01   1.07e+00   1.92e+00   1.08e+00   3.47e-02 (  4.00e+02,  1.20e+02)
35      0.313   7.29e-01   1.07e+00   1.79e+00   7.67e-01   8.88e-02 (  3.28e+02,  1.33e+02)
40      0.335   7.08e-01   1.16e+00   1.65e+00   9.25e-01   2.05e-01 (  2.70e+02,  1.44e+02)
45      0.399   6.40e-01   1.20e+00   1.53e+00   1.27e+00   4.26e-01 (  1.92e+02,  1.52e+02)
50      0.318   5.43e-01   1.08e+00   1.32e+00   1.28e+00   8.04e-01 (  1.30e+02,  1.57e+02)
55      0.215   4.39e-01   8.48e-01   9.93e-01   1.28e+00   1.38e+00 (  8.48e+01,  1.59e+02)
60      0.155   3.45e-01   6.38e-01   6.94e-01   1.19e+00   2.16e+00 (  5.29e+01,  1.59e+02)
65      0.142   3.10e-01   5.65e-01   5.77e-01   1.24e+00   3.10e+00 (  3.86e+01,  1.57e+02)
70      0.154   3.41e-01   6.31e-01   5.44e-01   1.49e+00   4.10e+00 (  3.56e+01,  1.53e+02)
75      0.193   4.36e-01   7.60e-01   5.87e-01   2.03e+00   5.04e+00 (  3.98e+01,  1.48e+02)
80      0.241   5.58e-01   8.92e-01   6.47e-01   2.70e+00   5.81e+00 (  4.58e+01,  1.43e+02)
85      0.274   6.53e-01   9.59e-01   6.69e-01   3.15e+00   6.33e+00 (  4.79e+01,  1.37e+02)
90      0.915   1.82e+00   2.75e+00   1.85e+00   1.75e+01   6.60e+00 (  3.88e+02,  1.30e+02)
95      0.260   2.37e-01   4.95e-01   4.38e-01   8.53e+00   6.68e+00 (  1.48e+02,  1.25e+02)
 3 n: 3.977e-03 e: 2.313e-02 i: 4.850e-02 :: e: 6.714e-01 i: 6.623e-01 :: n: 1.797e+01 e:24.194 i:23.357 v:4.993e+03
>>> tau_he = 5.000000, nhe(0)=1.312734e+00
 5     -0.081  -1.51e-04  -1.24e-02  -1.48e-03  -5.74e-03   4.07e-05 ( -3.23e-02,  2.23e+01)
10     -0.083   1.33e-03  -2.19e-02   1.26e-03  -3.26e-02   2.40e-04 (  5.75e-01,  4.42e+01)
15      0.031   2.79e-01   3.39e-01   1.32e+00   5.64e-02   1.04e-03 (  1.60e+02,  6.55e+01)
20      0.210   3.48e-01   4.64e-01   1.32e+00   8.15e-01   3.79e-03 (  1.81e+02,  8.54e+01)
25      0.243   3.86e-01   5.37e-01   1.33e+00   1.03e+00   1.21e-02 (  1.77e+02,  1.04e+02)
30      0.362   4.63e-01   6.89e-01   1.54e+00   9.93e-01   3.47e-02 (  1.93e+02,  1.20e+02)
35      0.435   5.19e-01   8.21e-01   1.58e+00   1.05e+00   8.88e-02 (  1.92e+02,  1.33e+02)
40      0.386   5.50e-01   9.40e-01   1.51e+00   1.06e+00   2.05e-01 (  1.80e+02,  1.44e+02)
45      0.363   5.29e-01   1.01e+00   1.42e+00   1.15e+00   4.26e-01 (  1.46e+02,  1.52e+02)
50      0.284   4.80e-01   9.61e-01   1.25e+00   1.14e+00   8.04e-01 (  1.11e+02,  1.57e+02)
55      0.196   4.08e-01   7.97e-01   9.50e-01   1.17e+00   1.38e+00 (  7.91e+01,  1.59e+02)
60      0.143   3.41e-01   6.30e-01   6.77e-01   1.14e+00   2.16e+00 (  5.38e+01,  1.59e+02)
65      0.132   3.14e-01   5.76e-01   5.47e-01   1.22e+00   3.10e+00 (  4.05e+01,  1.57e+02)
70      0.149   3.52e-01   6.29e-01   5.19e-01   1.53e+00   4.10e+00 (  3.81e+01,  1.53e+02)
75      0.191   4.56e-01   7.45e-01   5.55e-01   2.14e+00   5.04e+00 (  4.27e+01,  1.48e+02)
80      0.246   5.93e-01   8.69e-01   6.08e-01   2.92e+00   5.81e+00 (  4.94e+01,  1.43e+02)
85      0.289   7.13e-01   9.46e-01   6.30e-01   3.50e+00   6.33e+00 (  5.27e+01,  1.37e+02)
90      0.924   1.84e+00   2.76e+00   1.84e+00   1.79e+01   6.60e+00 (  3.94e+02,  1.30e+02)
95      0.260   2.37e-01   4.95e-01   4.38e-01   8.53e+00   6.68e+00 (  1.48e+02,  1.25e+02)
 4 n: 3.491e-03 e: 1.343e-02 i: 1.294e-02 :: e: 5.412e-01 i: 5.576e-01 :: n: 1.802e+01 e:22.321 i:20.847 v:4.993e+03
>>> tau_he = 5.000000, nhe(0)=1.191113e+00
 5     -0.074  -1.32e-04  -9.98e-03  -1.10e-03  -5.25e-03   4.07e-05 ( -2.66e-02,  2.23e+01)
10     -0.137   8.73e-04  -1.48e-02   1.25e-03  -5.38e-02   2.40e-04 (  3.45e-01,  4.42e+01)
15     -0.082   7.26e-02   2.09e-02   3.90e-01  -1.29e-01   1.04e-03 (  3.25e+01,  6.55e+01)
20      0.116   1.54e-01   1.39e-01   7.17e-01   3.65e-01   3.79e-03 (  6.23e+01,  8.54e+01)
25      0.170   2.18e-01   2.80e-01   8.90e-01   6.30e-01   1.21e-02 (  7.97e+01,  1.04e+02)
30      0.245   2.69e-01   3.98e-01   1.11e+00   6.53e-01   3.47e-02 (  9.05e+01,  1.20e+02)
35      0.337   3.28e-01   4.97e-01   1.18e+00   8.12e-01   8.88e-02 (  1.00e+02,  1.33e+02)
40      0.338   3.76e-01   6.03e-01   1.18e+00   9.30e-01   2.05e-01 (  1.04e+02,  1.44e+02)
45      0.329   3.91e-01   6.88e-01   1.14e+00   1.04e+00   4.26e-01 (  9.43e+01,  1.52e+02)
50      0.273   3.81e-01   7.09e-01   1.05e+00   1.09e+00   8.04e-01 (  8.01e+01,  1.57e+02)
55      0.186   3.45e-01   6.47e-01   8.22e-01   1.13e+00   1.38e+00 (  6.24e+01,  1.59e+02)
60      0.144   3.16e-01   5.76e-01   6.18e-01   1.19e+00   2.16e+00 (  4.75e+01,  1.59e+02)
65      0.141   3.18e-01   5.80e-01   5.30e-01   1.38e+00   3.10e+00 (  3.95e+01,  1.57e+02)
70      0.166   3.81e-01   6.63e-01   5.24e-01   1.82e+00   4.10e+00 (  3.99e+01,  1.53e+02)
75      0.218   5.11e-01   7.95e-01   5.72e-01   2.58e+00   5.04e+00 (  4.60e+01,  1.48e+02)
80      0.279   6.71e-01   9.28e-01   6.32e-01   3.48e+00   5.81e+00 (  5.33e+01,  1.43e+02)
85      0.329   8.15e-01   1.02e+00   6.63e-01   4.18e+00   6.33e+00 (  5.71e+01,  1.37e+02)
90      0.935   1.87e+00   2.77e+00   1.84e+00   1.84e+01   6.60e+00 (  3.95e+02,  1.30e+02)
95      0.260   2.37e-01   4.95e-01   4.38e-01   8.53e+00   6.68e+00 (  1.48e+02,  1.25e+02)
 5 n: 2.489e-03 e: 3.162e-03 i: 4.134e-03 :: e: 3.918e-01 i: 4.109e-01 :: n: 1.813e+01 e:19.712 i:18.752 v:4.993e+03
>>> tau_he = 5.000000, nhe(0)=1.109001e+00
 5     -0.065  -1.17e-04  -9.23e-03  -9.49e-04  -4.57e-03   4.07e-05 ( -2.17e-02,  2.23e+01)
10     -0.019   6.79e-05  -1.53e-03   1.57e-04  -7.36e-03   2.40e-04 (  2.45e-02,  4.42e+01)
15     -0.024   4.78e-02  -4.41e-04   2.81e-01  -3.73e-02   1.04e-03 (  1.90e+01,  6.55e+01)
20      0.066   8.68e-02   5.75e-02   4.23e-01   1.80e-01   3.79e-03 (  3.09e+01,  8.54e+01)
25      0.132   1.40e-01   1.65e-01   6.43e-01   4.36e-01   1.21e-02 (  4.53e+01,  1.04e+02)
30      0.205   1.90e-01   2.99e-01   9.03e-01   5.33e-01   3.47e-02 (  5.68e+01,  1.20e+02)
35      0.266   2.37e-01   3.78e-01   9.91e-01   6.43e-01   8.88e-02 (  6.51e+01,  1.33e+02)
40      0.291   2.85e-01   4.66e-01   1.03e+00   8.02e-01   2.05e-01 (  7.19e+01,  1.44e+02)
45      0.292   3.11e-01   5.44e-01   1.01e+00   9.28e-01   4.26e-01 (  6.96e+01,  1.52e+02)
50      0.241   3.17e-01   5.83e-01   9.44e-01   9.62e-01   8.04e-01 (  6.32e+01,  1.57e+02)
55      0.167   3.01e-01   5.56e-01   7.48e-01   1.02e+00   1.38e+00 (  5.30e+01,  1.59e+02)
60      0.136   3.01e-01   5.24e-01   5.85e-01   1.18e+00   2.16e+00 (  4.49e+01,  1.59e+02)
65      0.139   3.22e-01   5.77e-01   5.08e-01   1.44e+00   3.10e+00 (  4.04e+01,  1.57e+02)
70      0.174   4.07e-01   6.81e-01   5.18e-01   2.00e+00   4.10e+00 (  4.31e+01,  1.53e+02)
75      0.235   5.58e-01   8.22e-01   5.75e-01   2.92e+00   5.04e+00 (  5.08e+01,  1.48e+02)
80      0.301   7.37e-01   9.59e-01   6.35e-01   3.91e+00   5.81e+00 (  5.88e+01,  1.43e+02)
85      0.357   8.99e-01   1.07e+00   6.68e-01   4.71e+00   6.33e+00 (  6.31e+01,  1.37e+02)
90      0.943   1.89e+00   2.78e+00   1.83e+00   1.88e+01   6.60e+00 (  3.99e+02,  1.30e+02)
95      0.260   2.37e-01   4.95e-01   4.38e-01   8.53e+00   6.68e+00 (  1.48e+02,  1.25e+02)
 6 n: 1.928e-03 e: 1.557e-03 i: 9.928e-04 :: e: 3.402e-01 i: 3.808e-01 :: n: 1.827e+01 e:18.454 i:17.425 v:4.993e+03
>>> tau_he = 5.000000, nhe(0)=1.077534e+00
 5     -0.059  -1.09e-04  -8.97e-03  -8.82e-04  -4.17e-03   4.07e-05 ( -1.88e-02,  2.23e+01)
10     -0.004  -1.59e-05   8.87e-05   1.06e-05  -1.65e-03   2.40e-04 ( -5.31e-03,  4.42e+01)
15     -0.008   3.65e-02  -1.63e-02   2.11e-01  -1.27e-02   1.04e-03 (  1.34e+01,  6.55e+01)
20      0.060   6.42e-02   3.35e-02   3.25e-01   1.46e-01   3.79e-03 (  2.12e+01,  8.54e+01)
25      0.107   1.03e-01   1.18e-01   5.41e-01   3.22e-01   1.21e-02 (  3.10e+01,  1.04e+02)
30      0.121   1.15e-01   1.71e-01   6.01e-01   3.09e-01   3.47e-02 (  3.19e+01,  1.20e+02)
35      0.227   1.83e-01   2.96e-01   8.34e-01   5.49e-01   8.88e-02 (  4.66e+01,  1.33e+02)
40      0.258   2.29e-01   3.70e-01   8.82e-01   7.13e-01   2.05e-01 (  5.38e+01,  1.44e+02)
45      0.267   2.59e-01   4.43e-01   8.95e-01   8.45e-01   4.26e-01 (  5.45e+01,  1.52e+02)
50      0.228   2.74e-01   4.90e-01   8.53e-01   9.08e-01   8.04e-01 (  5.20e+01,  1.57e+02)
55      0.158   2.73e-01   4.91e-01   6.87e-01   9.87e-01   1.38e+00 (  4.64e+01,  1.59e+02)
60      0.134   2.89e-01   5.00e-01   5.49e-01   1.21e+00   2.16e+00 (  4.24e+01,  1.59e+02)
65      0.145   3.33e-01   5.88e-01   4.98e-01   1.59e+00   3.10e+00 (  4.13e+01,  1.57e+02)
70      0.189   4.41e-01   7.12e-01   5.24e-01   2.29e+00   4.10e+00 (  4.62e+01,  1.53e+02)
75      0.257   6.15e-01   8.60e-01   5.87e-01   3.33e+00   5.04e+00 (  5.49e+01,  1.48e+02)
80      0.325   8.02e-01   9.98e-01   6.48e-01   4.37e+00   5.81e+00 (  6.23e+01,  1.43e+02)
85      0.384   9.79e-01   1.11e+00   6.84e-01   5.20e+00   6.33e+00 (  6.65e+01,  1.37e+02)
90      0.949   1.90e+00   2.78e+00   1.83e+00   1.91e+01   6.60e+00 (  4.00e+02,  1.30e+02)
95      0.260   2.37e-01   4.95e-01   4.38e-01   8.53e+00   6.68e+00 (  1.48e+02,  1.25e+02)
 7 n: 1.411e-03 e: 2.012e-04 i: 3.552e-04 :: e: 3.299e-01 i: 4.068e-01 :: n: 1.841e+01 e:17.554 i:16.840 v:4.993e+03
>>> tau_he = 5.000000, nhe(0)=1.060290e+00
 5     -0.056  -1.05e-04  -8.93e-03  -8.56e-04  -3.91e-03   4.07e-05 ( -1.73e-02,  2.23e+01)
10     -0.001  -2.26e-06   1.30e-05   1.47e-06  -2.21e-04   2.40e-04 ( -7.28e-04,  4.42e+01)
15     -0.005   3.04e-02  -2.48e-02   1.76e-01  -6.72e-03   1.04e-03 (  1.08e+01,  6.55e+01)
20      0.053   5.75e-02   3.18e-02   3.08e-01   1.16e-01   3.79e-03 (  1.86e+01,  8.54e+01)
25      0.100   9.09e-02   1.04e-01   4.95e-01   2.76e-01   1.21e-02 (  2.67e+01,  1.04e+02)
30      0.108   1.05e-01   1.51e-01   5.16e-01   2.68e-01   3.47e-02 (  2.88e+01,  1.20e+02)
35      0.208   1.64e-01   2.71e-01   7.82e-01   5.06e-01   8.88e-02 (  4.10e+01,  1.33e+02)
40      0.239   2.06e-01   3.36e-01   8.34e-01   6.62e-01   2.05e-01 (  4.74e+01,  1.44e+02)
45      0.247   2.36e-01   4.03e-01   8.51e-01   7.83e-01   4.26e-01 (  4.91e+01,  1.52e+02)
50      0.217   2.55e-01   4.51e-01   8.19e-01   8.64e-01   8.04e-01 (  4.82e+01,  1.57e+02)
55      0.149   2.62e-01   4.64e-01   6.59e-01   9.54e-01   1.38e+00 (  4.47e+01,  1.59e+02)
60      0.131   2.91e-01   4.96e-01   5.31e-01   1.23e+00   2.16e+00 (  4.30e+01,  1.59e+02)
65      0.150   3.51e-01   6.08e-01   4.97e-01   1.72e+00   3.10e+00 (  4.42e+01,  1.57e+02)
70      0.202   4.79e-01   7.42e-01   5.31e-01   2.56e+00   4.10e+00 (  5.07e+01,  1.53e+02)
75      0.275   6.66e-01   8.93e-01   5.97e-01   3.69e+00   5.04e+00 (  5.99e+01,  1.48e+02)
80      0.343   8.54e-01   1.03e+00   6.54e-01   4.73e+00   5.81e+00 (  6.62e+01,  1.43e+02)
85      0.403   1.04e+00   1.15e+00   6.91e-01   5.58e+00   6.33e+00 (  7.03e+01,  1.37e+02)
90      0.954   1.91e+00   2.79e+00   1.83e+00   1.93e+01   6.60e+00 (  4.02e+02,  1.30e+02)
95      0.260   2.37e-01   4.95e-01   4.38e-01   8.53e+00   6.68e+00 (  1.48e+02,  1.25e+02)
 8 n: 1.072e-03 e: 9.350e-05 i: 7.333e-05 :: e: 2.804e-01 i: 3.727e-01 :: n: 1.854e+01 e:17.266 i:16.474 v:4.993e+03
>>> tau_he = 5.000000, nhe(0)=1.067045e+00
 5     -0.054  -1.03e-04  -9.03e-03  -8.56e-04  -3.79e-03   4.07e-05 ( -1.65e-02,  2.23e+01)
10      0.000   0.00e+00   0.00e+00   0.00e+00   0.00e+00   2.40e-04 (  0.00e+00,  4.42e+01)
15     -0.008   2.55e-02  -3.16e-02   1.45e-01  -1.15e-02   1.04e-03 (  8.87e+00,  6.55e+01)
20      0.054   5.55e-02   2.86e-02   2.99e-01   1.09e-01   3.79e-03 (  1.77e+01,  8.54e+01)
25      0.096   8.43e-02   9.44e-02   4.61e-01   2.48e-01   1.21e-02 (  2.47e+01,  1.04e+02)
30      0.108   1.03e-01   1.46e-01   5.06e-01   2.65e-01   3.47e-02 (  2.80e+01,  1.20e+02)
35      0.197   1.54e-01   2.55e-01   7.44e-01   4.78e-01   8.88e-02 (  3.82e+01,  1.33e+02)
40      0.233   1.95e-01   3.16e-01   8.03e-01   6.46e-01   2.05e-01 (  4.46e+01,  1.44e+02)
45      0.243   2.26e-01   3.81e-01   8.24e-01   7.68e-01   4.26e-01 (  4.69e+01,  1.52e+02)
50      0.215   2.49e-01   4.33e-01   7.99e-01   8.58e-01   8.04e-01 (  4.70e+01,  1.57e+02)
55      0.148   2.61e-01   4.57e-01   6.46e-01   9.69e-01   1.38e+00 (  4.48e+01,  1.59e+02)
60      0.134   3.01e-01   5.10e-01   5.27e-01   1.31e+00   2.16e+00 (  4.50e+01,  1.59e+02)
65      0.160   3.76e-01   6.40e-01   5.05e-01   1.91e+00   3.10e+00 (  4.79e+01,  1.57e+02)
70      0.218   5.17e-01   7.79e-01   5.47e-01   2.87e+00   4.10e+00 (  5.51e+01,  1.53e+02)
75      0.293   7.12e-01   9.27e-01   6.12e-01   4.03e+00   5.04e+00 (  6.38e+01,  1.48e+02)
80      0.358   8.99e-01   1.06e+00   6.65e-01   5.03e+00   5.81e+00 (  6.89e+01,  1.43e+02)
85      0.418   1.09e+00   1.18e+00   7.02e-01   5.87e+00   6.33e+00 (  7.23e+01,  1.37e+02)
90      0.957   1.92e+00   2.79e+00   1.82e+00   1.95e+01   6.60e+00 (  4.03e+02,  1.30e+02)
95      0.260   2.37e-01   4.95e-01   4.38e-01   8.53e+00   6.68e+00 (  1.48e+02,  1.25e+02)
 9 n: 7.460e-04 e: 8.395e-05 i: 4.877e-05 :: e: 2.263e-01 i: 3.250e-01 :: n: 1.865e+01 e:17.086 i:16.418 v:4.993e+03
>>> tau_he = 5.000000, nhe(0)=1.078371e+00
 5     -0.054  -1.03e-04  -9.23e-03  -8.73e-04  -3.73e-03   4.07e-05 ( -1.64e-02,  2.23e+01)
10      0.000   0.00e+00   0.00e+00   0.00e+00   0.00e+00   2.40e-04 (  0.00e+00,  4.42e+01)
15     -0.016   2.29e-02  -3.59e-02   1.29e-01  -2.24e-02   1.04e-03 (  7.97e+00,  6.55e+01)
20      0.053   5.75e-02   3.30e-02   3.13e-01   1.00e-01   3.79e-03 (  1.86e+01,  8.54e+01)
25      0.101   8.78e-02   1.01e-01   4.79e-01   2.45e-01   1.21e-02 (  2.62e+01,  1.04e+02)
30      0.121   1.05e-01   1.58e-01   5.63e-01   2.89e-01   3.47e-02 (  2.94e+01,  1.20e+02)
35      0.200   1.57e-01   2.58e-01   7.56e-01   4.86e-01   8.88e-02 (  3.98e+01,  1.33e+02)
40      0.234   1.97e-01   3.18e-01   8.10e-01   6.49e-01   2.05e-01 (  4.59e+01,  1.44e+02)
45      0.243   2.29e-01   3.83e-01   8.30e-01   7.69e-01   4.26e-01 (  4.84e+01,  1.52e+02)
50      0.215   2.53e-01   4.36e-01   8.05e-01   8.59e-01   8.04e-01 (  4.89e+01,  1.57e+02)
55      0.148   2.70e-01   4.66e-01   6.50e-01   9.87e-01   1.38e+00 (  4.76e+01,  1.59e+02)
60      0.138   3.18e-01   5.35e-01   5.33e-01   1.39e+00   2.16e+00 (  4.89e+01,  1.59e+02)
65      0.169   4.05e-01   6.75e-01   5.18e-01   2.09e+00   3.10e+00 (  5.29e+01,  1.57e+02)
70      0.233   5.57e-01   8.15e-01   5.62e-01   3.15e+00   4.10e+00 (  6.06e+01,  1.53e+02)
75      0.307   7.51e-01   9.58e-01   6.25e-01   4.31e+00   5.04e+00 (  6.80e+01,  1.48e+02)
80      0.370   9.31e-01   1.08e+00   6.74e-01   5.26e+00   5.81e+00 (  7.18e+01,  1.43e+02)
85      0.428   1.12e+00   1.20e+00   7.10e-01   6.07e+00   6.33e+00 (  7.45e+01,  1.37e+02)
90      0.960   1.93e+00   2.79e+00   1.82e+00   1.96e+01   6.60e+00 (  4.04e+02,  1.30e+02)
95      0.260   2.37e-01   4.95e-01   4.38e-01   8.53e+00   6.68e+00 (  1.48e+02,  1.25e+02)
10 n: 5.140e-04 e: 8.645e-05 i: 1.295e-04 :: e: 1.745e-01 i: 2.658e-01 :: n: 1.874e+01 e:17.190 i:16.440 v:4.993e+03
>>> tau_he = 5.000000, nhe(0)=1.100591e+00
 5     -0.054  -1.04e-04  -9.48e-03  -9.02e-04  -3.74e-03   4.07e-05 ( -1.65e-02,  2.23e+01)
10      0.000   0.00e+00   0.00e+00   0.00e+00   0.00e+00   2.40e-04 (  0.00e+00,  4.42e+01)
15     -0.018   2.10e-02  -3.96e-02   1.17e-01  -2.50e-02   1.04e-03 (  7.36e+00,  6.55e+01)
20      0.055   6.04e-02   3.72e-02   3.29e-01   9.71e-02   3.79e-03 (  1.99e+01,  8.54e+01)
25      0.108   9.40e-02   1.11e-01   5.08e-01   2.50e-01   1.21e-02 (  2.86e+01,  1.04e+02)
30      0.132   1.13e-01   1.69e-01   6.00e-01   3.11e-01   3.47e-02 (  3.24e+01,  1.20e+02)
35      0.208   1.64e-01   2.64e-01   7.75e-01   5.05e-01   8.88e-02 (  4.25e+01,  1.33e+02)
40      0.240   2.04e-01   3.24e-01   8.23e-01   6.64e-01   2.05e-01 (  4.85e+01,  1.44e+02)
45      0.248   2.37e-01   3.90e-01   8.41e-01   7.85e-01   4.26e-01 (  5.11e+01,  1.52e+02)
50      0.220   2.63e-01   4.48e-01   8.18e-01   8.78e-01   8.04e-01 (  5.20e+01,  1.57e+02)
55      0.151   2.82e-01   4.85e-01   6.61e-01   1.03e+00   1.38e+00 (  5.11e+01,  1.59e+02)
60      0.144   3.39e-01   5.67e-01   5.46e-01   1.50e+00   2.16e+00 (  5.36e+01,  1.59e+02)
65      0.181   4.35e-01   7.13e-01   5.36e-01   2.30e+00   3.10e+00 (  5.81e+01,  1.57e+02)
70      0.246   5.91e-01   8.50e-01   5.80e-01   3.41e+00   4.10e+00 (  6.53e+01,  1.53e+02)
75      0.319   7.79e-01   9.87e-01   6.40e-01   4.54e+00   5.04e+00 (  7.12e+01,  1.48e+02)
80      0.378   9.54e-01   1.10e+00   6.86e-01   5.43e+00   5.81e+00 (  7.37e+01,  1.43e+02)
85      0.435   1.14e+00   1.21e+00   7.21e-01   6.21e+00   6.33e+00 (  7.57e+01,  1.37e+02)
90      0.962   1.93e+00   2.79e+00   1.82e+00   1.97e+01   6.60e+00 (  4.04e+02,  1.30e+02)
95      0.260   2.37e-01   4.95e-01   4.38e-01   8.53e+00   6.68e+00 (  1.48e+02,  1.25e+02)
11 n: 3.160e-04 e: 1.950e-04 i: 1.274e-04 :: e: 1.313e-01 i: 2.106e-01 :: n: 1.881e+01 e:17.327 i:16.611 v:4.993e+03
>>> tau_he = 5.000000, nhe(0)=1.122638e+00
 5     -0.055  -1.06e-04  -9.76e-03  -9.37e-04  -3.78e-03   4.07e-05 ( -1.70e-02,  2.23e+01)
10      0.000   0.00e+00   0.00e+00   0.00e+00   0.00e+00   2.40e-04 (  0.00e+00,  4.42e+01)
15     -0.025   2.01e-02  -4.24e-02   1.12e-01  -3.41e-02   1.04e-03 (  7.21e+00,  6.55e+01)
20      0.056   6.50e-02   4.46e-02   3.56e-01   9.41e-02   3.79e-03 (  2.19e+01,  8.54e+01)
25      0.117   1.03e-01   1.26e-01   5.53e-01   2.58e-01   1.21e-02 (  3.24e+01,  1.04e+02)
30      0.145   1.27e-01   1.93e-01   6.34e-01   3.35e-01   3.47e-02 (  3.76e+01,  1.20e+02)
35      0.221   1.76e-01   2.78e-01   8.15e-01   5.36e-01   8.88e-02 (  4.71e+01,  1.33e+02)
40      0.247   2.16e-01   3.39e-01   8.53e-01   6.85e-01   2.05e-01 (  5.29e+01,  1.44e+02)
45      0.254   2.50e-01   4.07e-01   8.68e-01   8.04e-01   4.26e-01 (  5.56e+01,  1.52e+02)
50      0.224   2.78e-01   4.68e-01   8.43e-01   8.95e-01   8.04e-01 (  5.68e+01,  1.57e+02)
55      0.154   3.01e-01   5.09e-01   6.79e-01   1.07e+00   1.38e+00 (  5.64e+01,  1.59e+02)
60      0.149   3.62e-01   6.14e-01   5.61e-01   1.59e+00   2.16e+00 (  5.92e+01,  1.59e+02)
65      0.190   4.63e-01   7.49e-01   5.54e-01   2.48e+00   3.10e+00 (  6.39e+01,  1.57e+02)
70      0.257   6.20e-01   8.83e-01   5.98e-01   3.62e+00   4.10e+00 (  7.01e+01,  1.53e+02)
75      0.328   8.02e-01   1.01e+00   6.54e-01   4.71e+00   5.04e+00 (  7.46e+01,  1.48e+02)
80      0.384   9.68e-01   1.12e+00   6.96e-01   5.55e+00   5.81e+00 (  7.58e+01,  1.43e+02)
85      0.439   1.15e+00   1.23e+00   7.31e-01   6.30e+00   6.33e+00 (  7.72e+01,  1.37e+02)
90      0.963   1.93e+00   2.79e+00   1.82e+00   1.98e+01   6.60e+00 (  4.05e+02,  1.30e+02)
95      0.260   2.37e-01   4.95e-01   4.38e-01   8.53e+00   6.68e+00 (  1.48e+02,  1.25e+02)
12 n: 1.951e-04 e: 1.637e-04 i: 1.817e-04 :: e: 9.111e-02 i: 1.559e-01 :: n: 1.887e+01 e:17.596 i:16.803 v:4.993e+03
>>> tau_he = 5.000000, nhe(0)=1.147761e+00
 5     -0.056  -1.08e-04  -1.00e-02  -9.75e-04  -3.85e-03   4.07e-05 ( -1.75e-02,  2.23e+01)
10      0.000   0.00e+00   0.00e+00   0.00e+00   0.00e+00   2.40e-04 (  0.00e+00,  4.42e+01)
15     -0.032   1.97e-02  -4.49e-02   1.09e-01  -4.29e-02   1.04e-03 (  7.17e+00,  6.55e+01)
20      0.057   7.21e-02   4.85e-02   3.81e-01   9.06e-02   3.79e-03 (  2.49e+01,  8.54e+01)
25      0.125   1.12e-01   1.40e-01   5.94e-01   2.64e-01   1.21e-02 (  3.60e+01,  1.04e+02)
30      0.171   1.43e-01   2.15e-01   7.07e-01   3.90e-01   3.47e-02 (  4.33e+01,  1.20e+02)
35      0.230   1.88e-01   2.90e-01   8.47e-01   5.58e-01   8.88e-02 (  5.15e+01,  1.33e+02)
40      0.260   2.30e-01   3.54e-01   8.81e-01   7.21e-01   2.05e-01 (  5.77e+01,  1.44e+02)
45      0.266   2.64e-01   4.24e-01   8.93e-01   8.41e-01   4.26e-01 (  6.05e+01,  1.52e+02)
50      0.233   2.94e-01   4.88e-01   8.67e-01   9.29e-01   8.04e-01 (  6.21e+01,  1.57e+02)
55      0.158   3.20e-01   5.37e-01   6.98e-01   1.11e+00   1.38e+00 (  6.19e+01,  1.59e+02)
60      0.155   3.85e-01   6.48e-01   5.79e-01   1.69e+00   2.16e+00 (  6.49e+01,  1.59e+02)
65      0.199   4.89e-01   7.83e-01   5.73e-01   2.64e+00   3.10e+00 (  6.92e+01,  1.57e+02)
70      0.267   6.42e-01   9.12e-01   6.15e-01   3.79e+00   4.10e+00 (  7.42e+01,  1.53e+02)
75      0.334   8.17e-01   1.03e+00   6.69e-01   4.84e+00   5.04e+00 (  7.73e+01,  1.48e+02)
80      0.388   9.77e-01   1.14e+00   7.09e-01   5.64e+00   5.81e+00 (  7.75e+01,  1.43e+02)
85      0.442   1.16e+00   1.24e+00   7.43e-01   6.36e+00   6.33e+00 (  7.83e+01,  1.37e+02)
90      0.964   1.93e+00   2.80e+00   1.82e+00   1.98e+01   6.60e+00 (  4.06e+02,  1.30e+02)
95      0.260   2.37e-01   4.95e-01   4.38e-01   8.53e+00   6.68e+00 (  1.48e+02,  1.25e+02)
13 n: 1.077e-04 e: 1.978e-04 i: 1.480e-04 :: e: 5.912e-02 i: 1.121e-01 :: n: 1.890e+01 e:17.855 i:17.052 v:4.993e+03
>>> tau_he = 5.000000, nhe(0)=1.169659e+00
 5     -0.058  -1.11e-04  -1.03e-02  -1.01e-03  -3.93e-03   4.07e-05 ( -1.82e-02,  2.23e+01)
10      0.000   0.00e+00   0.00e+00   0.00e+00   0.00e+00   2.40e-04 (  0.00e+00,  4.42e+01)
15     -0.038   1.98e-02  -4.67e-02   1.10e-01  -5.10e-02   1.04e-03 (  7.37e+00,  6.55e+01)
20      0.050   7.85e-02   5.63e-02   4.09e-01   7.59e-02   3.79e-03 (  2.77e+01,  8.54e+01)
25      0.130   1.20e-01   1.53e-01   6.35e-01   2.66e-01   1.21e-02 (  3.96e+01,  1.04e+02)
30      0.189   1.57e-01   2.36e-01   7.73e-01   4.27e-01   3.47e-02 (  4.90e+01,  1.20e+02)
35      0.238   2.00e-01   3.04e-01   8.84e-01   5.78e-01   8.88e-02 (  5.64e+01,  1.33e+02)
40      0.268   2.44e-01   3.71e-01   9.15e-01   7.45e-01   2.05e-01 (  6.30e+01,  1.44e+02)
45      0.274   2.79e-01   4.44e-01   9.22e-01   8.67e-01   4.26e-01 (  6.59e+01,  1.52e+02)
50      0.237   3.11e-01   5.11e-01   8.94e-01   9.45e-01   8.04e-01 (  6.77e+01,  1.57e+02)
55      0.161   3.40e-01   5.63e-01   7.19e-01   1.14e+00   1.38e+00 (  6.78e+01,  1.59e+02)
60      0.160   4.07e-01   6.79e-01   5.96e-01   1.77e+00   2.16e+00 (  7.07e+01,  1.59e+02)
65      0.207   5.13e-01   8.13e-01   5.91e-01   2.77e+00   3.10e+00 (  7.44e+01,  1.57e+02)
70      0.274   6.61e-01   9.38e-01   6.31e-01   3.91e+00   4.10e+00 (  7.80e+01,  1.53e+02)
75      0.340   8.29e-01   1.06e+00   6.83e-01   4.94e+00   5.04e+00 (  7.99e+01,  1.48e+02)
80      0.392   9.82e-01   1.15e+00   7.21e-01   5.70e+00   5.81e+00 (  7.93e+01,  1.43e+02)
85      0.444   1.16e+00   1.26e+00   7.54e-01   6.41e+00   6.33e+00 (  7.96e+01,  1.37e+02)
90      0.965   1.93e+00   2.80e+00   1.82e+00   1.98e+01   6.60e+00 (  4.07e+02,  1.30e+02)
95      0.260   2.37e-01   4.95e-01   4.38e-01   8.53e+00   6.68e+00 (  1.48e+02,  1.25e+02)
14 n: 6.236e-05 e: 1.404e-04 i: 1.459e-04 :: e: 3.258e-02 i: 7.453e-02 :: n: 1.893e+01 e:18.152 i:17.284 v:4.993e+03
>>> tau_he = 5.000000, nhe(0)=1.190074e+00
 5     -0.059  -1.13e-04  -1.05e-02  -1.05e-03  -4.02e-03   4.07e-05 ( -1.88e-02,  2.23e+01)
10      0.000   0.00e+00   0.00e+00   0.00e+00   0.00e+00   2.40e-04 (  0.00e+00,  4.42e+01)
15     -0.045   1.99e-02  -4.82e-02   1.11e-01  -5.87e-02   1.04e-03 (  7.59e+00,  6.55e+01)
20      0.048   8.40e-02   6.27e-02   4.34e-01   7.01e-02   3.79e-03 (  3.02e+01,  8.54e+01)
25      0.132   1.26e-01   1.61e-01   6.62e-01   2.63e-01   1.21e-02 (  4.23e+01,  1.04e+02)
30      0.199   1.66e-01   2.48e-01   8.13e-01   4.44e-01   3.47e-02 (  5.28e+01,  1.20e+02)
35      0.245   2.10e-01   3.15e-01   9.13e-01   5.94e-01   8.88e-02 (  6.05e+01,  1.33e+02)
40      0.278   2.55e-01   3.85e-01   9.51e-01   7.72e-01   2.05e-01 (  6.74e+01,  1.44e+02)
45      0.285   2.93e-01   4.61e-01   9.49e-01   9.00e-01   4.26e-01 (  7.08e+01,  1.52e+02)
50      0.241   3.27e-01   5.31e-01   9.17e-01   9.60e-01   8.04e-01 (  7.28e+01,  1.57e+02)
55      0.164   3.57e-01   5.86e-01   7.36e-01   1.17e+00   1.38e+00 (  7.31e+01,  1.59e+02)
60      0.164   4.27e-01   7.06e-01   6.12e-01   1.84e+00   2.16e+00 (  7.59e+01,  1.59e+02)
65      0.213   5.32e-01   8.39e-01   6.07e-01   2.88e+00   3.10e+00 (  7.89e+01,  1.57e+02)
70      0.279   6.74e-01   9.60e-01   6.46e-01   4.00e+00   4.10e+00 (  8.12e+01,  1.53e+02)
75      0.344   8.36e-01   1.07e+00   6.96e-01   5.00e+00   5.04e+00 (  8.21e+01,  1.48e+02)
80      0.394   9.85e-01   1.17e+00   7.33e-01   5.75e+00   5.81e+00 (  8.08e+01,  1.43e+02)
85      0.446   1.15e+00   1.27e+00   7.67e-01   6.44e+00   6.33e+00 (  8.07e+01,  1.37e+02)
90      0.966   1.93e+00   2.80e+00   1.82e+00   1.99e+01   6.60e+00 (  4.08e+02,  1.30e+02)
95      0.260   2.37e-01   4.95e-01   4.38e-01   8.53e+00   6.68e+00 (  1.48e+02,  1.25e+02)
15 n: 3.680e-05 e: 1.242e-04 i: 1.004e-04 :: e: 1.705e-02 i: 4.837e-02 :: n: 1.894e+01 e:18.406 i:17.515 v:4.993e+03
>>> tau_he = 5.000000, nhe(0)=1.205961e+00
 5     -0.061  -1.15e-04  -1.07e-02  -1.08e-03  -4.10e-03   4.07e-05 ( -1.94e-02,  2.23e+01)
10      0.000   0.00e+00   0.00e+00   0.00e+00   0.00e+00   2.40e-04 (  0.00e+00,  4.42e+01)
15     -0.052   2.02e-02  -4.91e-02   1.13e-01  -6.70e-02   1.04e-03 (  7.86e+00,  6.55e+01)
20      0.045   8.87e-02   6.79e-02   4.55e-01   6.36e-02   3.79e-03 (  3.23e+01,  8.54e+01)
25      0.139   1.34e-01   1.67e-01   6.62e-01   2.68e-01   1.21e-02 (  4.56e+01,  1.04e+02)
30      0.206   1.73e-01   2.56e-01   8.43e-01   4.55e-01   3.47e-02 (  5.58e+01,  1.20e+02)
35      0.250   2.19e-01   3.25e-01   9.41e-01   6.08e-01   8.88e-02 (  6.42e+01,  1.33e+02)
40      0.284   2.66e-01   3.99e-01   9.76e-01   7.90e-01   2.05e-01 (  7.16e+01,  1.44e+02)
45      0.290   3.05e-01   4.76e-01   9.72e-01   9.14e-01   4.26e-01 (  7.53e+01,  1.52e+02)
50      0.243   3.40e-01   5.48e-01   9.37e-01   9.69e-01   8.04e-01 (  7.75e+01,  1.57e+02)
55      0.165   3.72e-01   6.06e-01   7.51e-01   1.19e+00   1.38e+00 (  7.79e+01,  1.59e+02)
60      0.168   4.42e-01   7.28e-01   6.26e-01   1.89e+00   2.16e+00 (  8.04e+01,  1.59e+02)
65      0.218   5.47e-01   8.60e-01   6.21e-01   2.95e+00   3.10e+00 (  8.28e+01,  1.57e+02)
70      0.283   6.85e-01   9.79e-01   6.60e-01   4.06e+00   4.10e+00 (  8.41e+01,  1.53e+02)
75      0.347   8.42e-01   1.09e+00   7.08e-01   5.05e+00   5.04e+00 (  8.42e+01,  1.48e+02)
80      0.397   9.86e-01   1.18e+00   7.45e-01   5.78e+00   5.81e+00 (  8.24e+01,  1.43e+02)
85      0.447   1.15e+00   1.28e+00   7.79e-01   6.46e+00   6.33e+00 (  8.19e+01,  1.37e+02)
90      0.967   1.93e+00   2.80e+00   1.83e+00   1.99e+01   6.60e+00 (  4.08e+02,  1.30e+02)
95      0.260   2.37e-01   4.95e-01   4.38e-01   8.53e+00   6.68e+00 (  1.48e+02,  1.25e+02)
16 n: 2.673e-05 e: 7.513e-05 i: 7.778e-05 :: e: 1.507e-02 i: 2.882e-02 :: n: 1.895e+01 e:18.646 i:17.706 v:4.993e+03
>>> tau_he = 5.000000, nhe(0)=1.218889e+00
 5     -0.062  -1.17e-04  -1.08e-02  -1.10e-03  -4.17e-03   4.07e-05 ( -2.00e-02,  2.23e+01)
10      0.000   0.00e+00   0.00e+00   0.00e+00   0.00e+00   2.40e-04 (  0.00e+00,  4.42e+01)
15     -0.057   2.05e-02  -5.00e-02   1.15e-01  -7.33e-02   1.04e-03 (  8.07e+00,  6.55e+01)
20      0.042   9.22e-02   7.21e-02   4.71e-01   5.73e-02   3.79e-03 (  3.40e+01,  8.54e+01)
25      0.138   1.36e-01   1.71e-01   6.75e-01   2.61e-01   1.21e-02 (  4.70e+01,  1.04e+02)
30      0.208   1.76e-01   2.59e-01   8.57e-01   4.55e-01   3.47e-02 (  5.74e+01,  1.20e+02)
35      0.260   2.26e-01   3.32e-01   9.60e-01   6.30e-01   8.88e-02 (  6.73e+01,  1.33e+02)
40      0.289   2.74e-01   4.08e-01   9.95e-01   8.03e-01   2.05e-01 (  7.47e+01,  1.44e+02)
45      0.293   3.14e-01   4.87e-01   9.89e-01   9.25e-01   4.26e-01 (  7.87e+01,  1.52e+02)
50      0.245   3.50e-01   5.61e-01   9.52e-01   9.76e-01   8.04e-01 (  8.11e+01,  1.57e+02)
55      0.166   3.84e-01   6.21e-01   7.63e-01   1.20e+00   1.38e+00 (  8.16e+01,  1.59e+02)
60      0.170   4.55e-01   7.45e-01   6.36e-01   1.93e+00   2.16e+00 (  8.41e+01,  1.59e+02)
65      0.222   5.58e-01   8.77e-01   6.33e-01   3.01e+00   3.10e+00 (  8.58e+01,  1.57e+02)
70      0.286   6.92e-01   9.95e-01   6.71e-01   4.10e+00   4.10e+00 (  8.64e+01,  1.53e+02)
75      0.349   8.46e-01   1.11e+00   7.19e-01   5.08e+00   5.04e+00 (  8.59e+01,  1.48e+02)
80      0.398   9.87e-01   1.20e+00   7.56e-01   5.81e+00   5.81e+00 (  8.37e+01,  1.43e+02)
85      0.448   1.15e+00   1.29e+00   7.90e-01   6.48e+00   6.33e+00 (  8.30e+01,  1.37e+02)
90      0.967   1.93e+00   2.80e+00   1.83e+00   1.99e+01   6.60e+00 (  4.09e+02,  1.30e+02)
95      0.260   2.37e-01   4.95e-01   4.38e-01   8.53e+00   6.68e+00 (  1.48e+02,  1.25e+02)
17 n: 2.165e-05 e: 5.323e-05 i: 4.519e-05 :: e: 2.238e-02 i: 2.483e-02 :: n: 1.894e+01 e:18.829 i:17.871 v:4.993e+03
>>> tau_he = 5.000000, nhe(0)=1.227703e+00
 5     -0.063  -1.18e-04  -1.09e-02  -1.12e-03  -4.23e-03   4.07e-05 ( -2.04e-02,  2.23e+01)
10      0.000   0.00e+00   0.00e+00   0.00e+00   0.00e+00   2.40e-04 (  0.00e+00,  4.42e+01)
15     -0.062   2.06e-02  -5.06e-02   1.17e-01  -7.86e-02   1.04e-03 (  8.25e+00,  6.55e+01)
20      0.038   9.47e-02   7.53e-02   4.83e-01   5.11e-02   3.79e-03 (  3.51e+01,  8.54e+01)
25      0.136   1.38e-01   1.73e-01   6.83e-01   2.52e-01   1.21e-02 (  4.78e+01,  1.04e+02)
30      0.209   1.78e-01   2.61e-01   8.67e-01   4.54e-01   3.47e-02 (  5.85e+01,  1.20e+02)
35      0.263   2.31e-01   3.38e-01   9.76e-01   6.38e-01   8.88e-02 (  6.94e+01,  1.33e+02)
40      0.293   2.79e-01   4.15e-01   1.01e+00   8.15e-01   2.05e-01 (  7.70e+01,  1.44e+02)
45      0.295   3.21e-01   4.95e-01   1.00e+00   9.32e-01   4.26e-01 (  8.12e+01,  1.52e+02)
50      0.246   3.58e-01   5.70e-01   9.64e-01   9.79e-01   8.04e-01 (  8.39e+01,  1.57e+02)
55      0.167   3.92e-01   6.31e-01   7.72e-01   1.21e+00   1.38e+00 (  8.44e+01,  1.59e+02)
60      0.172   4.65e-01   7.58e-01   6.44e-01   1.96e+00   2.16e+00 (  8.70e+01,  1.59e+02)
65      0.224   5.67e-01   8.89e-01   6.42e-01   3.04e+00   3.10e+00 (  8.83e+01,  1.57e+02)
70      0.288   6.98e-01   1.01e+00   6.80e-01   4.12e+00   4.10e+00 (  8.82e+01,  1.53e+02)
75      0.350   8.48e-01   1.12e+00   7.29e-01   5.10e+00   5.04e+00 (  8.74e+01,  1.48e+02)
80      0.400   9.86e-01   1.21e+00   7.66e-01   5.82e+00   5.81e+00 (  8.49e+01,  1.43e+02)
85      0.449   1.15e+00   1.30e+00   8.00e-01   6.49e+00   6.33e+00 (  8.40e+01,  1.37e+02)
90      0.968   1.93e+00   2.80e+00   1.83e+00   1.99e+01   6.60e+00 (  4.10e+02,  1.30e+02)
95      0.260   2.37e-01   4.95e-01   4.38e-01   8.53e+00   6.68e+00 (  1.48e+02,  1.25e+02)
18 n: 1.922e-05 e: 2.724e-05 i: 2.860e-05 :: e: 2.650e-02 i: 2.411e-02 :: n: 1.894e+01 e:18.979 i:17.992 v:4.993e+03
>>> tau_he = 5.000000, nhe(0)=1.233801e+00
 5     -0.064  -1.19e-04  -1.10e-02  -1.13e-03  -4.27e-03   4.07e-05 ( -2.07e-02,  2.23e+01)
10      0.000   0.00e+00   0.00e+00   0.00e+00   0.00e+00   2.40e-04 (  0.00e+00,  4.42e+01)
15     -0.066   2.07e-02  -5.12e-02   1.17e-01  -8.29e-02   1.04e-03 (  8.33e+00,  6.55e+01)
20      0.035   9.61e-02   7.70e-02   4.90e-01   4.58e-02   3.79e-03 (  3.58e+01,  8.54e+01)
25      0.134   1.38e-01   1.73e-01   6.85e-01   2.44e-01   1.21e-02 (  4.81e+01,  1.04e+02)
30      0.208   1.78e-01   2.60e-01   8.68e-01   4.48e-01   3.47e-02 (  5.88e+01,  1.20e+02)
35      0.265   2.34e-01   3.41e-01   9.86e-01   6.43e-01   8.88e-02 (  7.05e+01,  1.33e+02)
40      0.296   2.83e-01   4.19e-01   1.02e+00   8.22e-01   2.05e-01 (  7.83e+01,  1.44e+02)
45      0.297   3.25e-01   4.99e-01   1.01e+00   9.36e-01   4.26e-01 (  8.28e+01,  1.52e+02)
50      0.247   3.63e-01   5.75e-01   9.71e-01   9.80e-01   8.04e-01 (  8.57e+01,  1.57e+02)
55      0.167   3.97e-01   6.37e-01   7.76e-01   1.22e+00   1.38e+00 (  8.63e+01,  1.59e+02)
60      0.173   4.72e-01   7.66e-01   6.49e-01   1.98e+00   2.16e+00 (  8.90e+01,  1.59e+02)
65      0.226   5.72e-01   8.98e-01   6.48e-01   3.06e+00   3.10e+00 (  8.99e+01,  1.57e+02)
70      0.289   7.01e-01   1.02e+00   6.88e-01   4.13e+00   4.10e+00 (  8.95e+01,  1.53e+02)
75      0.351   8.49e-01   1.13e+00   7.36e-01   5.10e+00   5.04e+00 (  8.85e+01,  1.48e+02)
80      0.400   9.85e-01   1.22e+00   7.74e-01   5.83e+00   5.81e+00 (  8.59e+01,  1.43e+02)
85      0.449   1.14e+00   1.31e+00   8.09e-01   6.50e+00   6.33e+00 (  8.48e+01,  1.37e+02)
90      0.968   1.93e+00   2.80e+00   1.83e+00   1.99e+01   6.60e+00 (  4.10e+02,  1.30e+02)
95      0.260   2.37e-01   4.95e-01   4.38e-01   8.53e+00   6.68e+00 (  1.48e+02,  1.25e+02)
19 n: 1.686e-05 e: 1.598e-05 i: 1.410e-05 :: e: 2.747e-02 i: 2.213e-02 :: n: 1.893e+01 e:19.081 i:18.082 v:4.993e+03
>>> tau_he = 5.000000, nhe(0)=1.237054e+00
 5     -0.064  -1.20e-04  -1.10e-02  -1.14e-03  -4.30e-03   4.07e-05 ( -2.09e-02,  2.23e+01)
10      0.000   0.00e+00   0.00e+00   0.00e+00   0.00e+00   2.40e-04 (  0.00e+00,  4.42e+01)
15     -0.069   2.06e-02  -5.16e-02   1.17e-01  -8.64e-02   1.04e-03 (  8.35e+00,  6.55e+01)
20      0.038   9.69e-02   7.78e-02   4.94e-01   4.86e-02   3.79e-03 (  3.61e+01,  8.54e+01)
25      0.132   1.38e-01   1.72e-01   6.85e-01   2.36e-01   1.21e-02 (  4.81e+01,  1.04e+02)
30      0.207   1.78e-01   2.58e-01   8.67e-01   4.43e-01   3.47e-02 (  5.88e+01,  1.20e+02)
35      0.266   2.35e-01   3.43e-01   9.92e-01   6.46e-01   8.88e-02 (  7.11e+01,  1.33e+02)
40      0.297   2.84e-01   4.21e-01   1.02e+00   8.25e-01   2.05e-01 (  7.90e+01,  1.44e+02)
45      0.297   3.27e-01   5.01e-01   1.01e+00   9.37e-01   4.26e-01 (  8.37e+01,  1.52e+02)
50      0.247   3.65e-01   5.78e-01   9.76e-01   9.80e-01   8.04e-01 (  8.68e+01,  1.57e+02)
55      0.167   4.01e-01   6.41e-01   7.79e-01   1.22e+00   1.38e+00 (  8.75e+01,  1.59e+02)
60      0.174   4.76e-01   7.70e-01   6.52e-01   1.99e+00   2.16e+00 (  9.02e+01,  1.59e+02)
65      0.226   5.76e-01   9.03e-01   6.52e-01   3.06e+00   3.10e+00 (  9.10e+01,  1.57e+02)
70      0.290   7.02e-01   1.02e+00   6.93e-01   4.13e+00   4.10e+00 (  9.04e+01,  1.53e+02)
75      0.352   8.49e-01   1.13e+00   7.42e-01   5.10e+00   5.04e+00 (  8.93e+01,  1.48e+02)
80      0.401   9.84e-01   1.22e+00   7.80e-01   5.83e+00   5.81e+00 (  8.66e+01,  1.43e+02)
85      0.450   1.14e+00   1.32e+00   8.16e-01   6.50e+00   6.33e+00 (  8.54e+01,  1.37e+02)
90      0.968   1.92e+00   2.80e+00   1.83e+00   1.99e+01   6.60e+00 (  4.11e+02,  1.30e+02)
95      0.260   2.37e-01   4.95e-01   4.38e-01   8.53e+00   6.68e+00 (  1.48e+02,  1.25e+02)
20 n: 1.452e-05 e: 7.189e-06 i: 7.643e-06 :: e: 2.653e-02 i: 2.035e-02 :: n: 1.892e+01 e:19.152 i:18.138 v:4.993e+03
>>> tau_he = 5.000000, nhe(0)=1.238557e+00
 5     -0.065  -1.20e-04  -1.10e-02  -1.14e-03  -4.32e-03   4.07e-05 ( -2.11e-02,  2.23e+01)
10      0.000   0.00e+00   0.00e+00   0.00e+00   0.00e+00   2.40e-04 (  0.00e+00,  4.42e+01)
15     -0.072   2.03e-02  -5.21e-02   1.16e-01  -8.91e-02   1.04e-03 (  8.30e+00,  6.55e+01)
20      0.036   9.69e-02   7.80e-02   4.95e-01   4.53e-02   3.79e-03 (  3.61e+01,  8.54e+01)
25      0.130   1.37e-01   1.71e-01   6.83e-01   2.28e-01   1.21e-02 (  4.79e+01,  1.04e+02)
30      0.206   1.77e-01   2.56e-01   8.63e-01   4.37e-01   3.47e-02 (  5.85e+01,  1.20e+02)
35      0.262   2.34e-01   3.43e-01   9.94e-01   6.34e-01   8.88e-02 (  7.08e+01,  1.33e+02)
40      0.296   2.84e-01   4.21e-01   1.03e+00   8.23e-01   2.05e-01 (  7.90e+01,  1.44e+02)
45      0.298   3.27e-01   5.01e-01   1.02e+00   9.38e-01   4.26e-01 (  8.39e+01,  1.52e+02)
50      0.247   3.66e-01   5.78e-01   9.77e-01   9.79e-01   8.04e-01 (  8.72e+01,  1.57e+02)
55      0.167   4.02e-01   6.41e-01   7.79e-01   1.22e+00   1.38e+00 (  8.80e+01,  1.59e+02)
60      0.174   4.78e-01   7.72e-01   6.53e-01   1.99e+00   2.16e+00 (  9.08e+01,  1.59e+02)
65      0.226   5.77e-01   9.05e-01   6.55e-01   3.06e+00   3.10e+00 (  9.15e+01,  1.57e+02)
70      0.290   7.03e-01   1.03e+00   6.96e-01   4.12e+00   4.10e+00 (  9.09e+01,  1.53e+02)
75      0.352   8.49e-01   1.14e+00   7.46e-01   5.09e+00   5.04e+00 (  8.98e+01,  1.48e+02)
80      0.401   9.84e-01   1.23e+00   7.85e-01   5.83e+00   5.81e+00 (  8.72e+01,  1.43e+02)
85      0.450   1.14e+00   1.33e+00   8.21e-01   6.50e+00   6.33e+00 (  8.59e+01,  1.37e+02)
90      0.968   1.92e+00   2.80e+00   1.83e+00   1.99e+01   6.60e+00 (  4.11e+02,  1.30e+02)
95      0.260   2.37e-01   4.95e-01   4.38e-01   8.53e+00   6.68e+00 (  1.48e+02,  1.25e+02)
21 n: 1.193e-05 e: 3.912e-06 i: 3.622e-06 :: e: 2.397e-02 i: 1.761e-02 :: n: 1.891e+01 e:19.190 i:18.171 v:4.993e+03
>>> tau_he = 5.000000, nhe(0)=1.238482e+00
 5     -0.065  -1.20e-04  -1.10e-02  -1.14e-03  -4.34e-03   4.07e-05 ( -2.12e-02,  2.23e+01)
10      0.000   0.00e+00   0.00e+00   0.00e+00   0.00e+00   2.40e-04 (  0.00e+00,  4.42e+01)
15     -0.074   2.00e-02  -5.25e-02   1.14e-01  -9.11e-02   1.04e-03 (  8.21e+00,  6.55e+01)
20      0.034   9.67e-02   7.78e-02   4.95e-01   4.27e-02   3.79e-03 (  3.59e+01,  8.54e+01)
25      0.128   1.36e-01   1.70e-01   6.80e-01   2.22e-01   1.21e-02 (  4.76e+01,  1.04e+02)
30      0.204   1.76e-01   2.54e-01   8.59e-01   4.31e-01   3.47e-02 (  5.81e+01,  1.20e+02)
35      0.262   2.34e-01   3.43e-01   9.94e-01   6.34e-01   8.88e-02 (  7.07e+01,  1.33e+02)
40      0.296   2.83e-01   4.20e-01   1.03e+00   8.23e-01   2.05e-01 (  7.88e+01,  1.44e+02)
45      0.297   3.27e-01   5.00e-01   1.02e+00   9.37e-01   4.26e-01 (  8.38e+01,  1.52e+02)
50      0.247   3.66e-01   5.77e-01   9.77e-01   9.78e-01   8.04e-01 (  8.72e+01,  1.57e+02)
55      0.166   4.02e-01   6.40e-01   7.78e-01   1.22e+00   1.38e+00 (  8.81e+01,  1.59e+02)
60      0.174   4.78e-01   7.72e-01   6.52e-01   1.99e+00   2.16e+00 (  9.10e+01,  1.59e+02)
65      0.226   5.78e-01   9.06e-01   6.56e-01   3.05e+00   3.10e+00 (  9.17e+01,  1.57e+02)
70      0.290   7.02e-01   1.03e+00   6.98e-01   4.11e+00   4.10e+00 (  9.11e+01,  1.53e+02)
75      0.352   8.48e-01   1.14e+00   7.49e-01   5.08e+00   5.04e+00 (  9.01e+01,  1.48e+02)
80      0.401   9.84e-01   1.23e+00   7.88e-01   5.82e+00   5.81e+00 (  8.76e+01,  1.43e+02)
85      0.450   1.14e+00   1.33e+00   8.25e-01   6.50e+00   6.33e+00 (  8.63e+01,  1.37e+02)
90      0.968   1.92e+00   2.80e+00   1.83e+00   1.99e+01   6.60e+00 (  4.11e+02,  1.30e+02)
95      0.260   2.37e-01   4.95e-01   4.38e-01   8.53e+00   6.68e+00 (  1.48e+02,  1.25e+02)
22 n: 9.577e-06 e: 2.213e-06 i: 2.204e-06 :: e: 2.102e-02 i: 1.487e-02 :: n: 1.890e+01 e:19.209 i:18.182 v:4.993e+03
>>> tau_he = 5.000000, nhe(0)=1.237590e+00
 5     -0.065  -1.20e-04  -1.10e-02  -1.14e-03  -4.34e-03   4.07e-05 ( -2.12e-02,  2.23e+01)
10      0.000   0.00e+00   0.00e+00   0.00e+00   0.00e+00   2.40e-04 (  0.00e+00,  4.42e+01)
15     -0.076   1.97e-02  -5.29e-02   1.12e-01  -9.26e-02   1.04e-03 (  8.07e+00,  6.55e+01)
20      0.033   9.61e-02   7.73e-02   4.93e-01   4.09e-02   3.79e-03 (  3.57e+01,  8.54e+01)
25      0.126   1.35e-01   1.69e-01   6.76e-01   2.17e-01   1.21e-02 (  4.72e+01,  1.04e+02)
30      0.203   1.74e-01   2.52e-01   8.53e-01   4.26e-01   3.47e-02 (  5.76e+01,  1.20e+02)
35      0.262   2.33e-01   3.42e-01   9.92e-01   6.33e-01   8.88e-02 (  7.03e+01,  1.33e+02)
40      0.296   2.82e-01   4.18e-01   1.02e+00   8.22e-01   2.05e-01 (  7.83e+01,  1.44e+02)
45      0.297   3.26e-01   4.98e-01   1.01e+00   9.36e-01   4.26e-01 (  8.34e+01,  1.52e+02)
50      0.246   3.65e-01   5.75e-01   9.76e-01   9.77e-01   8.04e-01 (  8.68e+01,  1.57e+02)
55      0.166   4.01e-01   6.38e-01   7.76e-01   1.22e+00   1.38e+00 (  8.78e+01,  1.59e+02)
60      0.174   4.78e-01   7.70e-01   6.51e-01   1.99e+00   2.16e+00 (  9.08e+01,  1.59e+02)
65      0.226   5.77e-01   9.05e-01   6.56e-01   3.04e+00   3.10e+00 (  9.16e+01,  1.57e+02)
70      0.289   7.01e-01   1.03e+00   6.99e-01   4.09e+00   4.10e+00 (  9.11e+01,  1.53e+02)
75      0.351   8.47e-01   1.14e+00   7.50e-01   5.07e+00   5.04e+00 (  9.02e+01,  1.48e+02)
80      0.401   9.83e-01   1.23e+00   7.90e-01   5.82e+00   5.81e+00 (  8.78e+01,  1.43e+02)
85      0.450   1.14e+00   1.33e+00   8.28e-01   6.50e+00   6.33e+00 (  8.66e+01,  1.37e+02)
90      0.968   1.92e+00   2.80e+00   1.83e+00   1.99e+01   6.60e+00 (  4.11e+02,  1.30e+02)
95      0.260   2.37e-01   4.95e-01   4.38e-01   8.53e+00   6.68e+00 (  1.48e+02,  1.25e+02)
23 n: 7.491e-06 e: 1.713e-06 i: 1.650e-06 :: e: 1.763e-02 i: 1.202e-02 :: n: 1.889e+01 e:19.210 i:18.181 v:4.993e+03
>>> tau_he = 5.000000, nhe(0)=1.236060e+00
 5     -0.065  -1.20e-04  -1.10e-02  -1.14e-03  -4.34e-03   4.07e-05 ( -2.12e-02,  2.23e+01)
10      0.000   0.00e+00   0.00e+00   0.00e+00   0.00e+00   2.40e-04 (  0.00e+00,  4.42e+01)
15     -0.077   1.92e-02  -5.33e-02   1.09e-01  -9.35e-02   1.04e-03 (  7.91e+00,  6.55e+01)
20      0.039   9.55e-02   7.64e-02   4.91e-01   4.67e-02   3.79e-03 (  3.53e+01,  8.54e+01)
25      0.125   1.34e-01   1.67e-01   6.73e-01   2.13e-01   1.21e-02 (  4.68e+01,  1.04e+02)
30      0.202   1.73e-01   2.51e-01   8.48e-01   4.22e-01   3.47e-02 (  5.72e+01,  1.20e+02)
35      0.261   2.32e-01   3.40e-01   9.90e-01   6.32e-01   8.88e-02 (  6.98e+01,  1.33e+02)
40      0.295   2.81e-01   4.17e-01   1.02e+00   8.21e-01   2.05e-01 (  7.77e+01,  1.44e+02)
45      0.297   3.24e-01   4.96e-01   1.01e+00   9.35e-01   4.26e-01 (  8.29e+01,  1.52e+02)
50      0.246   3.64e-01   5.72e-01   9.74e-01   9.75e-01   8.04e-01 (  8.64e+01,  1.57e+02)
55      0.166   4.02e-01   6.36e-01   7.74e-01   1.22e+00   1.38e+00 (  8.77e+01,  1.59e+02)
60      0.173   4.77e-01   7.68e-01   6.49e-01   1.99e+00   2.16e+00 (  9.04e+01,  1.59e+02)
65      0.226   5.76e-01   9.03e-01   6.55e-01   3.03e+00   3.10e+00 (  9.13e+01,  1.57e+02)
70      0.289   7.00e-01   1.03e+00   6.99e-01   4.08e+00   4.10e+00 (  9.10e+01,  1.53e+02)
75      0.351   8.45e-01   1.14e+00   7.51e-01   5.06e+00   5.04e+00 (  9.02e+01,  1.48e+02)
80      0.401   9.81e-01   1.23e+00   7.91e-01   5.81e+00   5.81e+00 (  8.79e+01,  1.43e+02)
85      0.450   1.14e+00   1.33e+00   8.30e-01   6.49e+00   6.33e+00 (  8.67e+01,  1.37e+02)
90      0.968   1.92e+00   2.80e+00   1.83e+00   1.99e+01   6.60e+00 (  4.11e+02,  1.30e+02)
95      0.260   2.37e-01   4.95e-01   4.38e-01   8.53e+00   6.68e+00 (  1.48e+02,  1.25e+02)
24 n: 5.869e-06 e: 1.624e-06 i: 1.448e-06 :: e: 1.436e-02 i: 9.283e-03 :: n: 1.889e+01 e:19.202 i:18.170 v:4.993e+03
>>> tau_he = 5.000000, nhe(0)=1.234352e+00
 5     -0.065  -1.20e-04  -1.10e-02  -1.14e-03  -4.34e-03   4.07e-05 ( -2.12e-02,  2.23e+01)
10      0.000   0.00e+00   0.00e+00   0.00e+00   0.00e+00   2.40e-04 (  0.00e+00,  4.42e+01)
15     -0.078   1.88e-02  -5.37e-02   1.06e-01  -9.43e-02   1.04e-03 (  7.74e+00,  6.55e+01)
20      0.039   9.49e-02   7.57e-02   4.88e-01   4.60e-02   3.79e-03 (  3.50e+01,  8.54e+01)
25      0.124   1.33e-01   1.66e-01   6.69e-01   2.09e-01   1.21e-02 (  4.64e+01,  1.04e+02)
30      0.201   1.72e-01   2.49e-01   8.43e-01   4.18e-01   3.47e-02 (  5.67e+01,  1.20e+02)
35      0.261   2.31e-01   3.39e-01   9.86e-01   6.31e-01   8.88e-02 (  6.93e+01,  1.33e+02)
40      0.295   2.79e-01   4.15e-01   1.02e+00   8.20e-01   2.05e-01 (  7.71e+01,  1.44e+02)
45      0.296   3.23e-01   4.94e-01   1.01e+00   9.33e-01   4.26e-01 (  8.24e+01,  1.52e+02)
50      0.246   3.62e-01   5.70e-01   9.72e-01   9.74e-01   8.04e-01 (  8.58e+01,  1.57e+02)
55      0.165   4.00e-01   6.33e-01   7.71e-01   1.22e+00   1.38e+00 (  8.72e+01,  1.59e+02)
60      0.173   4.75e-01   7.65e-01   6.46e-01   1.99e+00   2.16e+00 (  8.99e+01,  1.59e+02)
65      0.225   5.74e-01   9.01e-01   6.54e-01   3.02e+00   3.10e+00 (  9.09e+01,  1.57e+02)
70      0.288   6.99e-01   1.03e+00   6.98e-01   4.07e+00   4.10e+00 (  9.07e+01,  1.53e+02)
75      0.351   8.44e-01   1.14e+00   7.51e-01   5.05e+00   5.04e+00 (  9.02e+01,  1.48e+02)
80      0.400   9.80e-01   1.23e+00   7.92e-01   5.80e+00   5.81e+00 (  8.79e+01,  1.43e+02)
85      0.450   1.13e+00   1.33e+00   8.30e-01   6.49e+00   6.33e+00 (  8.67e+01,  1.37e+02)
90      0.968   1.92e+00   2.80e+00   1.83e+00   1.99e+01   6.60e+00 (  4.11e+02,  1.30e+02)
95      0.260   2.37e-01   4.95e-01   4.38e-01   8.53e+00   6.68e+00 (  1.48e+02,  1.25e+02)
25 n: 4.540e-06 e: 1.422e-06 i: 1.396e-06 :: e: 1.115e-02 i: 6.788e-03 :: n: 1.888e+01 e:19.186 i:18.155 v:4.993e+03
>>> tau_he = 5.000000, nhe(0)=1.232555e+00
 5     -0.065  -1.20e-04  -1.09e-02  -1.13e-03  -4.33e-03   4.07e-05 ( -2.11e-02,  2.23e+01)
10      0.000   0.00e+00   0.00e+00   0.00e+00   0.00e+00   2.40e-04 (  0.00e+00,  4.42e+01)
15     -0.079   1.83e-02  -5.41e-02   1.03e-01  -9.49e-02   1.04e-03 (  7.56e+00,  6.55e+01)
20      0.038   9.43e-02   7.51e-02   4.86e-01   4.54e-02   3.79e-03 (  3.47e+01,  8.54e+01)
25      0.124   1.33e-01   1.65e-01   6.66e-01   2.07e-01   1.21e-02 (  4.61e+01,  1.04e+02)
30      0.200   1.71e-01   2.48e-01   8.40e-01   4.16e-01   3.47e-02 (  5.64e+01,  1.20e+02)
35      0.260   2.29e-01   3.38e-01   9.83e-01   6.30e-01   8.88e-02 (  6.88e+01,  1.33e+02)
40      0.294   2.78e-01   4.13e-01   1.02e+00   8.18e-01   2.05e-01 (  7.66e+01,  1.44e+02)
45      0.296   3.21e-01   4.92e-01   1.01e+00   9.32e-01   4.26e-01 (  8.18e+01,  1.52e+02)
50      0.246   3.61e-01   5.68e-01   9.70e-01   9.73e-01   8.04e-01 (  8.53e+01,  1.57e+02)
55      0.165   3.98e-01   6.30e-01   7.68e-01   1.22e+00   1.38e+00 (  8.66e+01,  1.59e+02)
60      0.173   4.74e-01   7.63e-01   6.44e-01   1.99e+00   2.16e+00 (  8.94e+01,  1.59e+02)
65      0.225   5.73e-01   8.99e-01   6.52e-01   3.02e+00   3.10e+00 (  9.05e+01,  1.57e+02)
70      0.287   6.97e-01   1.02e+00   6.98e-01   4.06e+00   4.10e+00 (  9.05e+01,  1.53e+02)
75      0.350   8.43e-01   1.14e+00   7.50e-01   5.04e+00   5.04e+00 (  9.00e+01,  1.48e+02)
80      0.400   9.79e-01   1.23e+00   7.91e-01   5.79e+00   5.81e+00 (  8.78e+01,  1.43e+02)
85      0.450   1.13e+00   1.33e+00   8.31e-01   6.49e+00   6.33e+00 (  8.67e+01,  1.37e+02)
90      0.968   1.92e+00   2.80e+00   1.83e+00   1.99e+01   6.60e+00 (  4.11e+02,  1.30e+02)
95      0.260   2.37e-01   4.95e-01   4.38e-01   8.53e+00   6.68e+00 (  1.48e+02,  1.25e+02)
26 n: 3.595e-06 e: 1.272e-06 i: 1.221e-06 :: e: 8.471e-03 i: 4.857e-03 :: n: 1.888e+01 e:19.169 i:18.136 v:4.993e+03
>>> tau_he = 5.000000, nhe(0)=1.230902e+00
 5     -0.065  -1.20e-04  -1.09e-02  -1.13e-03  -4.32e-03   4.07e-05 ( -2.11e-02,  2.23e+01)
10      0.000   0.00e+00   0.00e+00   0.00e+00   0.00e+00   2.40e-04 (  0.00e+00,  4.42e+01)
15     -0.080   1.79e-02  -5.45e-02   1.00e-01  -9.55e-02   1.04e-03 (  7.38e+00,  6.55e+01)
20      0.038   9.37e-02   7.46e-02   4.84e-01   4.49e-02   3.79e-03 (  3.44e+01,  8.54e+01)
25      0.123   1.32e-01   1.65e-01   6.63e-01   2.04e-01   1.21e-02 (  4.58e+01,  1.04e+02)
30      0.200   1.71e-01   2.47e-01   8.36e-01   4.13e-01   3.47e-02 (  5.60e+01,  1.20e+02)
35      0.260   2.29e-01   3.36e-01   9.81e-01   6.29e-01   8.88e-02 (  6.84e+01,  1.33e+02)
40      0.294   2.77e-01   4.11e-01   1.01e+00   8.17e-01   2.05e-01 (  7.61e+01,  1.44e+02)
45      0.295   3.20e-01   4.90e-01   1.01e+00   9.30e-01   4.26e-01 (  8.13e+01,  1.52e+02)
50      0.246   3.59e-01   5.65e-01   9.68e-01   9.72e-01   8.04e-01 (  8.48e+01,  1.57e+02)
55      0.165   3.97e-01   6.28e-01   7.65e-01   1.22e+00   1.38e+00 (  8.61e+01,  1.59e+02)
60      0.173   4.72e-01   7.60e-01   6.42e-01   1.99e+00   2.16e+00 (  8.90e+01,  1.59e+02)
65      0.224   5.71e-01   8.97e-01   6.51e-01   3.01e+00   3.10e+00 (  9.01e+01,  1.57e+02)
70      0.287   6.96e-01   1.02e+00   6.97e-01   4.05e+00   4.10e+00 (  9.02e+01,  1.53e+02)
75      0.350   8.42e-01   1.14e+00   7.50e-01   5.03e+00   5.04e+00 (  8.99e+01,  1.48e+02)
80      0.400   9.79e-01   1.23e+00   7.91e-01   5.79e+00   5.81e+00 (  8.78e+01,  1.43e+02)
85      0.450   1.13e+00   1.33e+00   8.31e-01   6.48e+00   6.33e+00 (  8.67e+01,  1.37e+02)
90      0.968   1.92e+00   2.80e+00   1.83e+00   1.99e+01   6.60e+00 (  4.11e+02,  1.30e+02)
95      0.260   2.37e-01   4.95e-01   4.38e-01   8.53e+00   6.68e+00 (  1.48e+02,  1.25e+02)
27 n: 2.887e-06 e: 9.790e-07 i: 1.059e-06 :: e: 6.308e-03 i: 3.515e-03 :: n: 1.888e+01 e:19.151 i:18.118 v:4.993e+03
>>> tau_he = 5.000000, nhe(0)=1.229416e+00
 5     -0.065  -1.20e-04  -1.09e-02  -1.13e-03  -4.32e-03   4.07e-05 ( -2.10e-02,  2.23e+01)
10      0.000   0.00e+00   0.00e+00   0.00e+00   0.00e+00   2.40e-04 (  0.00e+00,  4.42e+01)
15     -0.081   1.75e-02  -5.48e-02   9.74e-02  -9.59e-02   1.04e-03 (  7.21e+00,  6.55e+01)
20      0.038   9.32e-02   7.41e-02   4.82e-01   4.45e-02   3.79e-03 (  3.42e+01,  8.54e+01)
25      0.123   1.32e-01   1.64e-01   6.61e-01   2.02e-01   1.21e-02 (  4.56e+01,  1.04e+02)
30      0.200   1.70e-01   2.46e-01   8.34e-01   4.12e-01   3.47e-02 (  5.58e+01,  1.20e+02)
35      0.260   2.28e-01   3.36e-01   9.78e-01   6.28e-01   8.88e-02 (  6.80e+01,  1.33e+02)
40      0.293   2.76e-01   4.10e-01   1.01e+00   8.16e-01   2.05e-01 (  7.56e+01,  1.44e+02)
45      0.295   3.19e-01   4.89e-01   1.00e+00   9.29e-01   4.26e-01 (  8.09e+01,  1.52e+02)
50      0.245   3.58e-01   5.64e-01   9.66e-01   9.71e-01   8.04e-01 (  8.44e+01,  1.57e+02)
55      0.164   3.95e-01   6.26e-01   7.63e-01   1.22e+00   1.38e+00 (  8.56e+01,  1.59e+02)
60      0.172   4.71e-01   7.58e-01   6.39e-01   1.99e+00   2.16e+00 (  8.85e+01,  1.59e+02)
65      0.224   5.70e-01   8.95e-01   6.49e-01   3.01e+00   3.10e+00 (  8.98e+01,  1.57e+02)
70      0.287   6.95e-01   1.02e+00   6.96e-01   4.04e+00   4.10e+00 (  9.00e+01,  1.53e+02)
75      0.349   8.42e-01   1.14e+00   7.49e-01   5.03e+00   5.04e+00 (  8.98e+01,  1.48e+02)
80      0.399   9.78e-01   1.23e+00   7.91e-01   5.78e+00   5.81e+00 (  8.77e+01,  1.43e+02)
85      0.450   1.13e+00   1.33e+00   8.30e-01   6.48e+00   6.33e+00 (  8.67e+01,  1.37e+02)
90      0.968   1.92e+00   2.80e+00   1.83e+00   1.99e+01   6.60e+00 (  4.11e+02,  1.30e+02)
95      0.260   2.37e-01   4.95e-01   4.38e-01   8.53e+00   6.68e+00 (  1.48e+02,  1.25e+02)
28 n: 2.367e-06 e: 7.490e-07 i: 8.370e-07 :: e: 4.775e-03 i: 2.964e-03 :: n: 1.888e+01 e:19.135 i:18.100 v:4.993e+03
>>> tau_he = 5.000000, nhe(0)=1.228187e+00
 5     -0.065  -1.20e-04  -1.09e-02  -1.13e-03  -4.31e-03   4.07e-05 ( -2.10e-02,  2.23e+01)
10      0.000   0.00e+00   0.00e+00   0.00e+00   0.00e+00   2.40e-04 (  0.00e+00,  4.42e+01)
15     -0.081   1.71e-02  -5.52e-02   9.47e-02  -9.64e-02   1.04e-03 (  7.04e+00,  6.55e+01)
20      0.038   9.27e-02   7.36e-02   4.81e-01   4.40e-02   3.79e-03 (  3.39e+01,  8.54e+01)
25      0.122   1.31e-01   1.64e-01   6.60e-01   2.01e-01   1.21e-02 (  4.54e+01,  1.04e+02)
30      0.200   1.70e-01   2.46e-01   8.32e-01   4.11e-01   3.47e-02 (  5.56e+01,  1.20e+02)
35      0.260   2.27e-01   3.35e-01   9.76e-01   6.27e-01   8.88e-02 (  6.78e+01,  1.33e+02)
40      0.293   2.75e-01   4.09e-01   1.01e+00   8.15e-01   2.05e-01 (  7.53e+01,  1.44e+02)
45      0.295   3.18e-01   4.87e-01   1.00e+00   9.28e-01   4.26e-01 (  8.06e+01,  1.52e+02)
50      0.245   3.57e-01   5.62e-01   9.64e-01   9.71e-01   8.04e-01 (  8.41e+01,  1.57e+02)
55      0.164   3.94e-01   6.25e-01   7.61e-01   1.22e+00   1.38e+00 (  8.52e+01,  1.59e+02)
60      0.172   4.71e-01   7.57e-01   6.38e-01   1.99e+00   2.16e+00 (  8.83e+01,  1.59e+02)
65      0.224   5.69e-01   8.94e-01   6.48e-01   3.00e+00   3.10e+00 (  8.95e+01,  1.57e+02)
70      0.286   6.95e-01   1.02e+00   6.95e-01   4.04e+00   4.10e+00 (  8.98e+01,  1.53e+02)
75      0.349   8.41e-01   1.14e+00   7.48e-01   5.02e+00   5.04e+00 (  8.97e+01,  1.48e+02)
80      0.399   9.78e-01   1.23e+00   7.90e-01   5.78e+00   5.81e+00 (  8.76e+01,  1.43e+02)
85      0.450   1.13e+00   1.33e+00   8.30e-01   6.48e+00   6.33e+00 (  8.66e+01,  1.37e+02)
90      0.968   1.92e+00   2.80e+00   1.83e+00   1.99e+01   6.60e+00 (  4.11e+02,  1.30e+02)
95      0.260   2.37e-01   4.95e-01   4.38e-01   8.53e+00   6.68e+00 (  1.48e+02,  1.25e+02)
29 n: 1.959e-06 e: 5.242e-07 i: 6.600e-07 :: e: 3.680e-03 i: 3.183e-03 :: n: 1.888e+01 e:19.122 i:18.085 v:4.993e+03
>>> tau_he = 5.000000, nhe(0)=1.227188e+00
 5     -0.065  -1.19e-04  -1.09e-02  -1.12e-03  -4.30e-03   4.07e-05 ( -2.09e-02,  2.23e+01)
10      0.000   0.00e+00   0.00e+00   0.00e+00   0.00e+00   2.40e-04 (  0.00e+00,  4.42e+01)
15     -0.082   1.67e-02  -5.56e-02   9.21e-02  -9.68e-02   1.04e-03 (  6.89e+00,  6.55e+01)
20      0.038   9.24e-02   7.33e-02   4.79e-01   4.35e-02   3.79e-03 (  3.38e+01,  8.54e+01)
25      0.122   1.31e-01   1.64e-01   6.59e-01   1.99e-01   1.21e-02 (  4.53e+01,  1.04e+02)
30      0.200   1.69e-01   2.46e-01   8.31e-01   4.10e-01   3.47e-02 (  5.55e+01,  1.20e+02)
35      0.259   2.27e-01   3.34e-01   9.74e-01   6.27e-01   8.88e-02 (  6.75e+01,  1.33e+02)
40      0.293   2.74e-01   4.08e-01   1.01e+00   8.15e-01   2.05e-01 (  7.51e+01,  1.44e+02)
45      0.295   3.18e-01   4.86e-01   1.00e+00   9.28e-01   4.26e-01 (  8.04e+01,  1.52e+02)
50      0.245   3.56e-01   5.61e-01   9.63e-01   9.71e-01   8.04e-01 (  8.38e+01,  1.57e+02)
55      0.164   3.93e-01   6.23e-01   7.59e-01   1.22e+00   1.38e+00 (  8.50e+01,  1.59e+02)
60      0.172   4.70e-01   7.56e-01   6.36e-01   1.99e+00   2.16e+00 (  8.80e+01,  1.59e+02)
65      0.224   5.69e-01   8.92e-01   6.47e-01   3.00e+00   3.10e+00 (  8.92e+01,  1.57e+02)
70      0.286   6.94e-01   1.02e+00   6.94e-01   4.04e+00   4.10e+00 (  8.97e+01,  1.53e+02)
75      0.349   8.41e-01   1.14e+00   7.48e-01   5.02e+00   5.04e+00 (  8.96e+01,  1.48e+02)
80      0.399   9.78e-01   1.23e+00   7.90e-01   5.78e+00   5.81e+00 (  8.75e+01,  1.43e+02)
85      0.449   1.13e+00   1.33e+00   8.30e-01   6.48e+00   6.33e+00 (  8.66e+01,  1.37e+02)
90      0.968   1.92e+00   2.80e+00   1.83e+00   1.99e+01   6.60e+00 (  4.11e+02,  1.30e+02)
95      0.260   2.37e-01   4.95e-01   4.38e-01   8.53e+00   6.68e+00 (  1.48e+02,  1.25e+02)
30 n: 1.625e-06 e: 3.591e-07 i: 4.995e-07 :: e: 2.803e-03 i: 3.318e-03 :: n: 1.888e+01 e:19.111 i:18.073 v:4.993e+03
>>> tau_he = 5.000000, nhe(0)=1.226428e+00
 5     -0.065  -1.19e-04  -1.09e-02  -1.12e-03  -4.30e-03   4.07e-05 ( -2.09e-02,  2.23e+01)
10      0.000   0.00e+00   0.00e+00   0.00e+00   0.00e+00   2.40e-04 (  0.00e+00,  4.42e+01)
15     -0.082   1.63e-02  -5.59e-02   8.98e-02  -9.72e-02   1.04e-03 (  6.75e+00,  6.55e+01)
20      0.038   9.21e-02   7.31e-02   4.78e-01   4.30e-02   3.79e-03 (  3.37e+01,  8.54e+01)
25      0.122   1.31e-01   1.64e-01   6.58e-01   1.98e-01   1.21e-02 (  4.52e+01,  1.04e+02)
30      0.200   1.69e-01   2.45e-01   8.31e-01   4.10e-01   3.47e-02 (  5.55e+01,  1.20e+02)
35      0.259   2.26e-01   3.34e-01   9.73e-01   6.27e-01   8.88e-02 (  6.74e+01,  1.33e+02)
40      0.293   2.74e-01   4.08e-01   1.01e+00   8.14e-01   2.05e-01 (  7.49e+01,  1.44e+02)
45      0.295   3.17e-01   4.86e-01   9.99e-01   9.28e-01   4.26e-01 (  8.02e+01,  1.52e+02)
50      0.245   3.56e-01   5.61e-01   9.62e-01   9.70e-01   8.04e-01 (  8.36e+01,  1.57e+02)
55      0.164   3.93e-01   6.23e-01   7.58e-01   1.22e+00   1.38e+00 (  8.47e+01,  1.59e+02)
60      0.172   4.69e-01   7.55e-01   6.35e-01   1.99e+00   2.16e+00 (  8.78e+01,  1.59e+02)
65      0.224   5.68e-01   8.91e-01   6.46e-01   3.00e+00   3.10e+00 (  8.90e+01,  1.57e+02)
70      0.286   6.94e-01   1.02e+00   6.94e-01   4.03e+00   4.10e+00 (  8.95e+01,  1.53e+02)
75      0.349   8.41e-01   1.14e+00   7.47e-01   5.02e+00   5.04e+00 (  8.95e+01,  1.48e+02)
80      0.399   9.78e-01   1.23e+00   7.89e-01   5.78e+00   5.81e+00 (  8.75e+01,  1.43e+02)
85      0.449   1.13e+00   1.33e+00   8.30e-01   6.48e+00   6.33e+00 (  8.65e+01,  1.37e+02)
90      0.968   1.92e+00   2.80e+00   1.83e+00   1.99e+01   6.60e+00 (  4.11e+02,  1.30e+02)
95      0.260   2.37e-01   4.95e-01   4.38e-01   8.53e+00   6.68e+00 (  1.48e+02,  1.25e+02)
31 n: 1.346e-06 e: 2.341e-07 i: 3.856e-07 :: e: 2.186e-03 i: 3.416e-03 :: n: 1.888e+01 e:19.103 i:18.062 v:4.993e+03
>>> tau_he = 5.000000, nhe(0)=1.225862e+00
 5     -0.065  -1.19e-04  -1.08e-02  -1.12e-03  -4.29e-03   4.07e-05 ( -2.08e-02,  2.23e+01)
10      0.000   0.00e+00   0.00e+00   0.00e+00   0.00e+00   2.40e-04 (  0.00e+00,  4.42e+01)
15     -0.083   1.60e-02  -5.62e-02   8.76e-02  -9.76e-02   1.04e-03 (  6.63e+00,  6.55e+01)
20      0.038   9.19e-02   7.29e-02   4.78e-01   4.25e-02   3.79e-03 (  3.36e+01,  8.54e+01)
25      0.122   1.31e-01   1.64e-01   6.58e-01   1.97e-01   1.21e-02 (  4.52e+01,  1.04e+02)
30      0.201   1.69e-01   2.45e-01   8.30e-01   4.10e-01   3.47e-02 (  5.55e+01,  1.20e+02)
35      0.259   2.26e-01   3.33e-01   9.72e-01   6.27e-01   8.88e-02 (  6.73e+01,  1.33e+02)
40      0.293   2.74e-01   4.07e-01   1.01e+00   8.14e-01   2.05e-01 (  7.48e+01,  1.44e+02)
45      0.295   3.17e-01   4.85e-01   9.98e-01   9.27e-01   4.26e-01 (  8.01e+01,  1.52e+02)
50      0.245   3.56e-01   5.60e-01   9.62e-01   9.70e-01   8.04e-01 (  8.35e+01,  1.57e+02)
55      0.164   3.92e-01   6.22e-01   7.57e-01   1.22e+00   1.38e+00 (  8.46e+01,  1.59e+02)
60      0.172   4.69e-01   7.54e-01   6.34e-01   2.00e+00   2.16e+00 (  8.76e+01,  1.59e+02)
65      0.224   5.68e-01   8.91e-01   6.46e-01   3.00e+00   3.10e+00 (  8.89e+01,  1.57e+02)
70      0.286   6.94e-01   1.02e+00   6.93e-01   4.03e+00   4.10e+00 (  8.95e+01,  1.53e+02)
75      0.349   8.40e-01   1.14e+00   7.47e-01   5.02e+00   5.04e+00 (  8.94e+01,  1.48e+02)
80      0.399   9.77e-01   1.23e+00   7.89e-01   5.78e+00   5.81e+00 (  8.75e+01,  1.43e+02)
85      0.449   1.13e+00   1.33e+00   8.30e-01   6.48e+00   6.33e+00 (  8.65e+01,  1.37e+02)
90      0.968   1.92e+00   2.80e+00   1.83e+00   1.99e+01   6.60e+00 (  4.11e+02,  1.30e+02)
95      0.260   2.37e-01   4.95e-01   4.38e-01   8.53e+00   6.68e+00 (  1.48e+02,  1.25e+02)
32 n: 1.113e-06 e: 1.614e-07 i: 3.001e-07 :: e: 1.898e-03 i: 3.425e-03 :: n: 1.888e+01 e:19.098 i:18.055 v:4.993e+03
>>> tau_he = 5.000000, nhe(0)=1.225467e+00
 5     -0.065  -1.19e-04  -1.08e-02  -1.12e-03  -4.29e-03   4.07e-05 ( -2.08e-02,  2.23e+01)
10      0.000   0.00e+00   0.00e+00   0.00e+00   0.00e+00   2.40e-04 (  0.00e+00,  4.42e+01)
15     -0.083   1.57e-02  -5.65e-02   8.55e-02  -9.80e-02   1.04e-03 (  6.51e+00,  6.55e+01)
20      0.037   9.17e-02   7.27e-02   4.77e-01   4.19e-02   3.79e-03 (  3.35e+01,  8.54e+01)
25      0.122   1.31e-01   1.64e-01   6.58e-01   1.96e-01   1.21e-02 (  4.51e+01,  1.04e+02)
30      0.201   1.69e-01   2.46e-01   8.30e-01   4.10e-01   3.47e-02 (  5.55e+01,  1.20e+02)
35      0.259   2.26e-01   3.33e-01   9.72e-01   6.27e-01   8.88e-02 (  6.72e+01,  1.33e+02)
40      0.293   2.73e-01   4.07e-01   1.00e+00   8.14e-01   2.05e-01 (  7.47e+01,  1.44e+02)
45      0.295   3.17e-01   4.85e-01   9.98e-01   9.28e-01   4.26e-01 (  8.00e+01,  1.52e+02)
50      0.245   3.55e-01   5.60e-01   9.61e-01   9.71e-01   8.04e-01 (  8.34e+01,  1.57e+02)
55      0.164   3.92e-01   6.22e-01   7.56e-01   1.22e+00   1.38e+00 (  8.45e+01,  1.59e+02)
60      0.172   4.69e-01   7.54e-01   6.33e-01   2.00e+00   2.16e+00 (  8.75e+01,  1.59e+02)
65      0.224   5.67e-01   8.90e-01   6.45e-01   3.00e+00   3.10e+00 (  8.88e+01,  1.57e+02)
70      0.286   6.94e-01   1.02e+00   6.93e-01   4.03e+00   4.10e+00 (  8.94e+01,  1.53e+02)
75      0.349   8.40e-01   1.14e+00   7.47e-01   5.02e+00   5.04e+00 (  8.94e+01,  1.48e+02)
80      0.399   9.77e-01   1.23e+00   7.89e-01   5.78e+00   5.81e+00 (  8.74e+01,  1.43e+02)
85      0.449   1.13e+00   1.33e+00   8.29e-01   6.48e+00   6.33e+00 (  8.65e+01,  1.37e+02)
90      0.968   1.92e+00   2.80e+00   1.83e+00   1.99e+01   6.60e+00 (  4.11e+02,  1.30e+02)
95      0.260   2.37e-01   4.95e-01   4.38e-01   8.53e+00   6.68e+00 (  1.48e+02,  1.25e+02)
33 n: 9.144e-07 e: 1.176e-07 i: 2.433e-07 :: e: 1.700e-03 i: 3.326e-03 :: n: 1.888e+01 e:19.095 i:18.049 v:4.993e+03
>>> tau_he = 5.000000, nhe(0)=1.225198e+00
 5     -0.065  -1.19e-04  -1.08e-02  -1.12e-03  -4.28e-03   4.07e-05 ( -2.08e-02,  2.23e+01)
10      0.000   0.00e+00   0.00e+00   0.00e+00   0.00e+00   2.40e-04 (  0.00e+00,  4.42e+01)
15     -0.073   1.30e-02  -3.12e-02   8.10e-02  -8.57e-02   1.04e-03 (  5.38e+00,  6.55e+01)
20      0.037   9.16e-02   7.27e-02   4.77e-01   4.13e-02   3.79e-03 (  3.34e+01,  8.54e+01)
25      0.122   1.31e-01   1.64e-01   6.58e-01   1.96e-01   1.21e-02 (  4.51e+01,  1.04e+02)
30      0.201   1.69e-01   2.46e-01   8.31e-01   4.10e-01   3.47e-02 (  5.55e+01,  1.20e+02)
35      0.260   2.26e-01   3.33e-01   9.72e-01   6.27e-01   8.88e-02 (  6.72e+01,  1.33e+02)
40      0.293   2.73e-01   4.07e-01   1.00e+00   8.14e-01   2.05e-01 (  7.47e+01,  1.44e+02)
45      0.295   3.17e-01   4.85e-01   9.98e-01   9.28e-01   4.26e-01 (  8.00e+01,  1.52e+02)
50      0.245   3.55e-01   5.60e-01   9.61e-01   9.71e-01   8.04e-01 (  8.34e+01,  1.57e+02)
55      0.164   3.92e-01   6.22e-01   7.55e-01   1.22e+00   1.38e+00 (  8.45e+01,  1.59e+02)
60      0.172   4.68e-01   7.54e-01   6.33e-01   2.00e+00   2.16e+00 (  8.75e+01,  1.59e+02)
65      0.224   5.67e-01   8.90e-01   6.45e-01   3.00e+00   3.10e+00 (  8.87e+01,  1.57e+02)
70      0.286   6.93e-01   1.02e+00   6.93e-01   4.03e+00   4.10e+00 (  8.94e+01,  1.53e+02)
75      0.349   8.40e-01   1.14e+00   7.47e-01   5.02e+00   5.04e+00 (  8.94e+01,  1.48e+02)
80      0.399   9.78e-01   1.23e+00   7.89e-01   5.78e+00   5.81e+00 (  8.74e+01,  1.43e+02)
85      0.449   1.13e+00   1.33e+00   8.29e-01   6.48e+00   6.33e+00 (  8.65e+01,  1.37e+02)
90      0.968   1.92e+00   2.80e+00   1.83e+00   1.99e+01   6.60e+00 (  4.11e+02,  1.30e+02)
95      0.260   2.37e-01   4.95e-01   4.38e-01   8.53e+00   6.68e+00 (  1.48e+02,  1.25e+02)
34 n: 7.489e-07 e: 2.393e-07 i: 2.656e-06 :: e: 1.779e-03 i: 4.327e-03 :: n: 1.888e+01 e:19.094 i:18.045 v:4.993e+03
>>> tau_he = 5.000000, nhe(0)=1.226232e+00
 5     -0.065  -1.19e-04  -1.09e-02  -1.12e-03  -4.28e-03   4.07e-05 ( -2.08e-02,  2.23e+01)
10      0.000   0.00e+00   0.00e+00   0.00e+00   0.00e+00   2.40e-04 (  0.00e+00,  4.42e+01)
15     -0.084   1.63e-02  -5.58e-02   9.02e-02  -9.88e-02   1.04e-03 (  6.80e+00,  6.55e+01)
20      0.038   9.25e-02   7.40e-02   4.80e-01   4.22e-02   3.79e-03 (  3.38e+01,  8.54e+01)
25      0.122   1.30e-01   1.64e-01   6.57e-01   1.94e-01   1.21e-02 (  4.51e+01,  1.04e+02)
30      0.201   1.69e-01   2.45e-01   8.30e-01   4.09e-01   3.47e-02 (  5.54e+01,  1.20e+02)
35      0.260   2.26e-01   3.33e-01   9.71e-01   6.27e-01   8.88e-02 (  6.72e+01,  1.33e+02)
40      0.293   2.73e-01   4.07e-01   1.00e+00   8.15e-01   2.05e-01 (  7.47e+01,  1.44e+02)
45      0.295   3.17e-01   4.85e-01   9.98e-01   9.28e-01   4.26e-01 (  8.00e+01,  1.52e+02)
50      0.246   3.55e-01   5.60e-01   9.61e-01   9.71e-01   8.04e-01 (  8.34e+01,  1.57e+02)
55      0.164   3.92e-01   6.22e-01   7.55e-01   1.22e+00   1.38e+00 (  8.44e+01,  1.59e+02)
60      0.172   4.68e-01   7.54e-01   6.32e-01   2.00e+00   2.16e+00 (  8.74e+01,  1.59e+02)
65      0.224   5.67e-01   8.90e-01   6.45e-01   3.01e+00   3.10e+00 (  8.87e+01,  1.57e+02)
70      0.286   6.93e-01   1.02e+00   6.93e-01   4.04e+00   4.10e+00 (  8.94e+01,  1.53e+02)
75      0.349   8.41e-01   1.14e+00   7.47e-01   5.02e+00   5.04e+00 (  8.94e+01,  1.48e+02)
80      0.399   9.78e-01   1.23e+00   7.89e-01   5.78e+00   5.81e+00 (  8.74e+01,  1.43e+02)
85      0.449   1.13e+00   1.33e+00   8.29e-01   6.48e+00   6.33e+00 (  8.65e+01,  1.37e+02)
90      0.968   1.92e+00   2.80e+00   1.83e+00   1.99e+01   6.60e+00 (  4.11e+02,  1.30e+02)
95      0.260   2.37e-01   4.95e-01   4.38e-01   8.53e+00   6.68e+00 (  1.48e+02,  1.25e+02)
35 n: 6.173e-07 e: 1.993e-07 i: 2.471e-07 :: e: 1.347e-03 i: 2.891e-03 :: n: 1.888e+01 e:19.097 i:18.057 v:4.993e+03
>>> tau_he = 5.000000, nhe(0)=1.226180e+00
 5     -0.065  -1.19e-04  -1.09e-02  -1.12e-03  -4.29e-03   4.07e-05 ( -2.08e-02,  2.23e+01)
10      0.000   0.00e+00   0.00e+00   0.00e+00   0.00e+00   2.40e-04 (  0.00e+00,  4.42e+01)
15     -0.085   1.61e-02  -5.61e-02   8.85e-02  -9.95e-02   1.04e-03 (  6.71e+00,  6.55e+01)
20      0.037   9.23e-02   7.38e-02   4.80e-01   4.09e-02   3.79e-03 (  3.37e+01,  8.54e+01)
25      0.121   1.31e-01   1.64e-01   6.58e-01   1.94e-01   1.21e-02 (  4.52e+01,  1.04e+02)
30      0.202   1.70e-01   2.46e-01   8.32e-01   4.10e-01   3.47e-02 (  5.56e+01,  1.20e+02)
35      0.260   2.26e-01   3.33e-01   9.72e-01   6.27e-01   8.88e-02 (  6.73e+01,  1.33e+02)
40      0.293   2.74e-01   4.07e-01   1.00e+00   8.15e-01   2.05e-01 (  7.47e+01,  1.44e+02)
45      0.295   3.17e-01   4.85e-01   9.98e-01   9.28e-01   4.26e-01 (  8.01e+01,  1.52e+02)
50      0.246   3.55e-01   5.60e-01   9.61e-01   9.71e-01   8.04e-01 (  8.35e+01,  1.57e+02)
55      0.164   3.92e-01   6.22e-01   7.55e-01   1.23e+00   1.38e+00 (  8.45e+01,  1.59e+02)
60      0.173   4.68e-01   7.54e-01   6.32e-01   2.01e+00   2.16e+00 (  8.74e+01,  1.59e+02)
65      0.224   5.67e-01   8.90e-01   6.45e-01   3.01e+00   3.10e+00 (  8.87e+01,  1.57e+02)
70      0.286   6.94e-01   1.02e+00   6.93e-01   4.04e+00   4.10e+00 (  8.94e+01,  1.53e+02)
75      0.349   8.41e-01   1.14e+00   7.47e-01   5.02e+00   5.04e+00 (  8.94e+01,  1.48e+02)
80      0.399   9.78e-01   1.23e+00   7.89e-01   5.78e+00   5.81e+00 (  8.74e+01,  1.43e+02)
85      0.449   1.13e+00   1.33e+00   8.29e-01   6.48e+00   6.33e+00 (  8.65e+01,  1.37e+02)
90      0.968   1.92e+00   2.80e+00   1.83e+00   1.99e+01   6.60e+00 (  4.11e+02,  1.30e+02)
95      0.260   2.37e-01   4.95e-01   4.38e-01   8.53e+00   6.68e+00 (  1.48e+02,  1.25e+02)
36 n: 5.049e-07 e: 3.668e-08 i: 2.311e-07 :: e: 1.111e-03 i: 2.484e-03 :: n: 1.888e+01 e:19.105 i:18.056 v:4.993e+03
>>> tau_he = 5.000000, nhe(0)=1.226194e+00
 5     -0.065  -1.19e-04  -1.09e-02  -1.12e-03  -4.29e-03   4.07e-05 ( -2.08e-02,  2.23e+01)
10      0.000   0.00e+00   0.00e+00   0.00e+00   0.00e+00   2.40e-04 (  0.00e+00,  4.42e+01)
15     -0.085   1.58e-02  -5.64e-02   8.67e-02  -9.98e-02   1.04e-03 (  6.61e+00,  6.55e+01)
20      0.036   9.21e-02   7.36e-02   4.79e-01   4.04e-02   3.79e-03 (  3.37e+01,  8.54e+01)
25      0.122   1.31e-01   1.64e-01   6.58e-01   1.93e-01   1.21e-02 (  4.52e+01,  1.04e+02)
30      0.202   1.70e-01   2.46e-01   8.33e-01   4.10e-01   3.47e-02 (  5.57e+01,  1.20e+02)
35      0.260   2.26e-01   3.34e-01   9.72e-01   6.27e-01   8.88e-02 (  6.73e+01,  1.33e+02)
40      0.293   2.74e-01   4.07e-01   1.00e+00   8.15e-01   2.05e-01 (  7.48e+01,  1.44e+02)
45      0.295   3.17e-01   4.86e-01   9.98e-01   9.28e-01   4.26e-01 (  8.01e+01,  1.52e+02)
50      0.246   3.56e-01   5.60e-01   9.61e-01   9.72e-01   8.04e-01 (  8.35e+01,  1.57e+02)
55      0.164   3.92e-01   6.22e-01   7.54e-01   1.23e+00   1.38e+00 (  8.45e+01,  1.59e+02)
60      0.173   4.69e-01   7.54e-01   6.32e-01   2.01e+00   2.16e+00 (  8.74e+01,  1.59e+02)
65      0.224   5.67e-01   8.90e-01   6.45e-01   3.01e+00   3.10e+00 (  8.87e+01,  1.57e+02)
70      0.286   6.94e-01   1.02e+00   6.93e-01   4.04e+00   4.10e+00 (  8.94e+01,  1.53e+02)
75      0.349   8.41e-01   1.14e+00   7.47e-01   5.02e+00   5.04e+00 (  8.94e+01,  1.48e+02)
80      0.399   9.78e-01   1.23e+00   7.89e-01   5.78e+00   5.81e+00 (  8.74e+01,  1.43e+02)
85      0.449   1.13e+00   1.33e+00   8.30e-01   6.48e+00   6.33e+00 (  8.65e+01,  1.37e+02)
90      0.968   1.92e+00   2.80e+00   1.83e+00   1.99e+01   6.60e+00 (  4.11e+02,  1.30e+02)
95      0.260   2.37e-01   4.95e-01   4.38e-01   8.53e+00   6.68e+00 (  1.48e+02,  1.25e+02)
37 n: 4.030e-07 e: 4.084e-08 i: 2.085e-07 :: e: 9.787e-04 i: 2.076e-03 :: n: 1.888e+01 e:19.106 i:18.056 v:4.993e+03
>>> tau_he = 5.000000, nhe(0)=1.226053e+00
 5     -0.065  -1.19e-04  -1.08e-02  -1.12e-03  -4.28e-03   4.07e-05 ( -2.08e-02,  2.23e+01)
10      0.000   0.00e+00   0.00e+00   0.00e+00   0.00e+00   2.40e-04 (  0.00e+00,  4.42e+01)
15     -0.086   1.55e-02  -5.67e-02   8.49e-02  -1.00e-01   1.04e-03 (  6.50e+00,  6.55e+01)
20      0.036   9.20e-02   7.34e-02   4.79e-01   3.98e-02   3.79e-03 (  3.36e+01,  8.54e+01)
25      0.121   1.31e-01   1.64e-01   6.58e-01   1.93e-01   1.21e-02 (  4.52e+01,  1.04e+02)
30      0.202   1.70e-01   2.46e-01   8.33e-01   4.10e-01   3.47e-02 (  5.57e+01,  1.20e+02)
35      0.260   2.26e-01   3.34e-01   9.72e-01   6.28e-01   8.88e-02 (  6.73e+01,  1.33e+02)
40      0.293   2.74e-01   4.08e-01   1.01e+00   8.16e-01   2.05e-01 (  7.48e+01,  1.44e+02)
45      0.295   3.17e-01   4.86e-01   9.98e-01   9.29e-01   4.26e-01 (  8.02e+01,  1.52e+02)
50      0.246   3.56e-01   5.60e-01   9.61e-01   9.72e-01   8.04e-01 (  8.35e+01,  1.57e+02)
55      0.164   3.92e-01   6.22e-01   7.54e-01   1.23e+00   1.38e+00 (  8.45e+01,  1.59e+02)
60      0.173   4.69e-01   7.54e-01   6.32e-01   2.01e+00   2.16e+00 (  8.74e+01,  1.59e+02)
65      0.224   5.67e-01   8.90e-01   6.45e-01   3.01e+00   3.10e+00 (  8.87e+01,  1.57e+02)
70      0.286   6.94e-01   1.02e+00   6.93e-01   4.04e+00   4.10e+00 (  8.94e+01,  1.53e+02)
75      0.349   8.41e-01   1.14e+00   7.47e-01   5.02e+00   5.04e+00 (  8.95e+01,  1.48e+02)
80      0.399   9.78e-01   1.23e+00   7.89e-01   5.78e+00   5.81e+00 (  8.75e+01,  1.43e+02)
85      0.450   1.13e+00   1.33e+00   8.30e-01   6.48e+00   6.33e+00 (  8.65e+01,  1.37e+02)
90      0.968   1.92e+00   2.80e+00   1.83e+00   1.99e+01   6.60e+00 (  4.11e+02,  1.30e+02)
95      0.260   2.37e-01   4.95e-01   4.38e-01   8.53e+00   6.68e+00 (  1.48e+02,  1.25e+02)
38 n: 3.311e-07 e: 3.270e-08 i: 1.874e-07 :: e: 9.622e-04 i: 1.770e-03 :: n: 1.888e+01 e:19.108 i:18.054 v:4.993e+03
>>> tau_he = 5.000000, nhe(0)=1.225950e+00
 5     -0.065  -1.19e-04  -1.08e-02  -1.12e-03  -4.28e-03   4.07e-05 ( -2.08e-02,  2.23e+01)
10      0.000   0.00e+00   0.00e+00   0.00e+00   0.00e+00   2.40e-04 (  0.00e+00,  4.42e+01)
15     -0.075   1.28e-02  -3.13e-02   8.05e-02  -8.74e-02   1.04e-03 (  5.38e+00,  6.55e+01)
20      0.036   9.18e-02   7.32e-02   4.78e-01   3.93e-02   3.79e-03 (  3.35e+01,  8.54e+01)
25      0.121   1.31e-01   1.64e-01   6.58e-01   1.92e-01   1.21e-02 (  4.52e+01,  1.04e+02)
30      0.202   1.70e-01   2.46e-01   8.33e-01   4.10e-01   3.47e-02 (  5.57e+01,  1.20e+02)
35      0.260   2.26e-01   3.34e-01   9.72e-01   6.28e-01   8.88e-02 (  6.74e+01,  1.33e+02)
40      0.294   2.74e-01   4.08e-01   1.01e+00   8.16e-01   2.05e-01 (  7.49e+01,  1.44e+02)
45      0.295   3.17e-01   4.86e-01   9.98e-01   9.29e-01   4.26e-01 (  8.02e+01,  1.52e+02)
50      0.246   3.56e-01   5.61e-01   9.61e-01   9.72e-01   8.04e-01 (  8.36e+01,  1.57e+02)
55      0.164   3.92e-01   6.23e-01   7.54e-01   1.23e+00   1.38e+00 (  8.46e+01,  1.59e+02)
60      0.173   4.69e-01   7.54e-01   6.32e-01   2.01e+00   2.16e+00 (  8.74e+01,  1.59e+02)
65      0.224   5.67e-01   8.90e-01   6.45e-01   3.01e+00   3.10e+00 (  8.87e+01,  1.57e+02)
70      0.286   6.94e-01   1.02e+00   6.93e-01   4.04e+00   4.10e+00 (  8.94e+01,  1.53e+02)
75      0.349   8.41e-01   1.14e+00   7.47e-01   5.02e+00   5.04e+00 (  8.95e+01,  1.48e+02)
80      0.399   9.78e-01   1.23e+00   7.89e-01   5.78e+00   5.81e+00 (  8.75e+01,  1.43e+02)
85      0.450   1.13e+00   1.33e+00   8.30e-01   6.48e+00   6.33e+00 (  8.65e+01,  1.37e+02)
90      0.968   1.92e+00   2.80e+00   1.83e+00   1.99e+01   6.60e+00 (  4.11e+02,  1.30e+02)
95      0.260   2.37e-01   4.95e-01   4.38e-01   8.53e+00   6.68e+00 (  1.48e+02,  1.25e+02)
39 n: 2.677e-07 e: 1.397e-07 i: 2.752e-06 :: e: 1.221e-03 i: 2.773e-03 :: n: 1.888e+01 e:19.109 i:18.053 v:4.993e+03
>>> tau_he = 5.000000, nhe(0)=1.227014e+00
 5     -0.065  -1.19e-04  -1.09e-02  -1.12e-03  -4.29e-03   4.07e-05 ( -2.08e-02,  2.23e+01)
10      0.000   0.00e+00   0.00e+00   0.00e+00   0.00e+00   2.40e-04 (  0.00e+00,  4.42e+01)
15     -0.087   1.62e-02  -5.59e-02   8.98e-02  -1.01e-01   1.04e-03 (  6.80e+00,  6.55e+01)
20      0.037   9.26e-02   7.44e-02   4.82e-01   4.03e-02   3.79e-03 (  3.38e+01,  8.54e+01)
25      0.121   1.30e-01   1.64e-01   6.58e-01   1.91e-01   1.21e-02 (  4.52e+01,  1.04e+02)
30      0.202   1.70e-01   2.46e-01   8.32e-01   4.09e-01   3.47e-02 (  5.56e+01,  1.20e+02)
35      0.260   2.26e-01   3.34e-01   9.72e-01   6.28e-01   8.88e-02 (  6.74e+01,  1.33e+02)
40      0.294   2.74e-01   4.08e-01   1.01e+00   8.16e-01   2.05e-01 (  7.49e+01,  1.44e+02)
45      0.295   3.17e-01   4.86e-01   9.99e-01   9.29e-01   4.26e-01 (  8.02e+01,  1.52e+02)
50      0.246   3.56e-01   5.61e-01   9.62e-01   9.72e-01   8.04e-01 (  8.36e+01,  1.57e+02)
55      0.164   3.93e-01   6.23e-01   7.54e-01   1.23e+00   1.38e+00 (  8.46e+01,  1.59e+02)
60      0.173   4.69e-01   7.54e-01   6.32e-01   2.01e+00   2.16e+00 (  8.75e+01,  1.59e+02)
65      0.224   5.67e-01   8.90e-01   6.45e-01   3.01e+00   3.10e+00 (  8.87e+01,  1.57e+02)
70      0.286   6.94e-01   1.02e+00   6.93e-01   4.04e+00   4.10e+00 (  8.94e+01,  1.53e+02)
75      0.349   8.41e-01   1.14e+00   7.47e-01   5.02e+00   5.04e+00 (  8.95e+01,  1.48e+02)
80      0.399   9.78e-01   1.23e+00   7.89e-01   5.78e+00   5.81e+00 (  8.75e+01,  1.43e+02)
85      0.450   1.13e+00   1.33e+00   8.30e-01   6.48e+00   6.33e+00 (  8.65e+01,  1.37e+02)
90      0.968   1.92e+00   2.80e+00   1.83e+00   1.99e+01   6.60e+00 (  4.11e+02,  1.30e+02)
95      0.260   2.37e-01   4.95e-01   4.38e-01   8.53e+00   6.68e+00 (  1.48e+02,  1.25e+02)
40 n: 2.239e-07 e: 1.333e-07 i: 2.231e-07 :: e: 9.008e-04 i: 1.498e-03 :: n: 1.888e+01 e:19.113 i:18.066 v:4.993e+03
>>> tau_he = 5.000000, nhe(0)=1.226945e+00
 5     -0.065  -1.19e-04  -1.09e-02  -1.12e-03  -4.29e-03   4.07e-05 ( -2.09e-02,  2.23e+01)
10      0.000   0.00e+00   0.00e+00   0.00e+00   0.00e+00   2.40e-04 (  0.00e+00,  4.42e+01)
15     -0.087   1.60e-02  -5.62e-02   8.82e-02  -1.01e-01   1.04e-03 (  6.72e+00,  6.55e+01)
20      0.036   9.24e-02   7.41e-02   4.81e-01   3.91e-02   3.79e-03 (  3.38e+01,  8.54e+01)
25      0.121   1.31e-01   1.64e-01   6.58e-01   1.91e-01   1.21e-02 (  4.52e+01,  1.04e+02)
30      0.203   1.70e-01   2.46e-01   8.33e-01   4.10e-01   3.47e-02 (  5.57e+01,  1.20e+02)
35      0.260   2.26e-01   3.34e-01   9.73e-01   6.28e-01   8.88e-02 (  6.74e+01,  1.33e+02)
40      0.294   2.74e-01   4.08e-01   1.01e+00   8.16e-01   2.05e-01 (  7.49e+01,  1.44e+02)
45      0.295   3.17e-01   4.86e-01   9.99e-01   9.29e-01   4.26e-01 (  8.03e+01,  1.52e+02)
50      0.246   3.56e-01   5.61e-01   9.62e-01   9.72e-01   8.04e-01 (  8.36e+01,  1.57e+02)
55      0.164   3.93e-01   6.23e-01   7.54e-01   1.23e+00   1.38e+00 (  8.46e+01,  1.59e+02)
60      0.173   4.69e-01   7.54e-01   6.32e-01   2.01e+00   2.16e+00 (  8.75e+01,  1.59e+02)
65      0.224   5.67e-01   8.90e-01   6.45e-01   3.01e+00   3.10e+00 (  8.87e+01,  1.57e+02)
70      0.286   6.94e-01   1.02e+00   6.93e-01   4.04e+00   4.10e+00 (  8.94e+01,  1.53e+02)
75      0.349   8.41e-01   1.14e+00   7.47e-01   5.02e+00   5.04e+00 (  8.95e+01,  1.48e+02)
80      0.399   9.78e-01   1.23e+00   7.89e-01   5.78e+00   5.81e+00 (  8.75e+01,  1.43e+02)
85      0.450   1.13e+00   1.33e+00   8.30e-01   6.48e+00   6.33e+00 (  8.66e+01,  1.37e+02)
90      0.968   1.92e+00   2.80e+00   1.83e+00   1.99e+01   6.60e+00 (  4.11e+02,  1.30e+02)
95      0.260   2.37e-01   4.95e-01   4.38e-01   8.53e+00   6.68e+00 (  1.48e+02,  1.25e+02)
41 n: 1.840e-07 e: 1.119e-08 i: 2.081e-07 :: e: 8.748e-04 i: 1.200e-03 :: n: 1.888e+01 e:19.121 i:18.066 v:4.993e+03
>>> tau_he = 5.000000, nhe(0)=1.226881e+00
 5     -0.065  -1.19e-04  -1.09e-02  -1.12e-03  -4.29e-03   4.07e-05 ( -2.09e-02,  2.23e+01)
10      0.000   0.00e+00   0.00e+00   0.00e+00   0.00e+00   2.40e-04 (  0.00e+00,  4.42e+01)
15     -0.087   1.57e-02  -5.65e-02   8.65e-02  -1.01e-01   1.04e-03 (  6.62e+00,  6.55e+01)
20      0.035   9.23e-02   7.39e-02   4.80e-01   3.87e-02   3.79e-03 (  3.37e+01,  8.54e+01)
25      0.121   1.31e-01   1.64e-01   6.59e-01   1.91e-01   1.21e-02 (  4.53e+01,  1.04e+02)
30      0.203   1.70e-01   2.47e-01   8.34e-01   4.10e-01   3.47e-02 (  5.58e+01,  1.20e+02)
35      0.260   2.26e-01   3.34e-01   9.73e-01   6.28e-01   8.88e-02 (  6.74e+01,  1.33e+02)
40      0.294   2.74e-01   4.08e-01   1.01e+00   8.17e-01   2.05e-01 (  7.49e+01,  1.44e+02)
45      0.295   3.17e-01   4.86e-01   9.99e-01   9.29e-01   4.26e-01 (  8.03e+01,  1.52e+02)
50      0.246   3.56e-01   5.61e-01   9.62e-01   9.72e-01   8.04e-01 (  8.37e+01,  1.57e+02)
55      0.164   3.93e-01   6.23e-01   7.54e-01   1.23e+00   1.38e+00 (  8.46e+01,  1.59e+02)
60      0.173   4.69e-01   7.55e-01   6.32e-01   2.01e+00   2.16e+00 (  8.75e+01,  1.59e+02)
65      0.224   5.67e-01   8.90e-01   6.45e-01   3.01e+00   3.10e+00 (  8.87e+01,  1.57e+02)
70      0.286   6.94e-01   1.02e+00   6.93e-01   4.04e+00   4.10e+00 (  8.94e+01,  1.53e+02)
75      0.349   8.41e-01   1.14e+00   7.47e-01   5.02e+00   5.04e+00 (  8.95e+01,  1.48e+02)
80      0.399   9.78e-01   1.23e+00   7.89e-01   5.78e+00   5.81e+00 (  8.75e+01,  1.43e+02)
85      0.450   1.13e+00   1.33e+00   8.30e-01   6.48e+00   6.33e+00 (  8.66e+01,  1.37e+02)
90      0.968   1.92e+00   2.80e+00   1.83e+00   1.99e+01   6.60e+00 (  4.11e+02,  1.30e+02)
95      0.260   2.37e-01   4.95e-01   4.38e-01   8.53e+00   6.68e+00 (  1.48e+02,  1.25e+02)
42 n: 1.475e-07 e: 1.153e-08 i: 1.929e-07 :: e: 8.795e-04 i: 9.830e-04 :: n: 1.888e+01 e:19.121 i:18.065 v:4.993e+03
>>> tau_he = 5.000000, nhe(0)=1.226648e+00
 5     -0.065  -1.19e-04  -1.09e-02  -1.12e-03  -4.29e-03   4.07e-05 ( -2.08e-02,  2.23e+01)
10      0.000   0.00e+00   0.00e+00   0.00e+00   0.00e+00   2.40e-04 (  0.00e+00,  4.42e+01)
15     -0.087   1.55e-02  -5.68e-02   8.47e-02  -1.01e-01   1.04e-03 (  6.51e+00,  6.55e+01)
20      0.035   9.20e-02   7.36e-02   4.80e-01   3.82e-02   3.79e-03 (  3.36e+01,  8.54e+01)
25      0.121   1.31e-01   1.64e-01   6.59e-01   1.90e-01   1.21e-02 (  4.53e+01,  1.04e+02)
30      0.203   1.70e-01   2.47e-01   8.34e-01   4.10e-01   3.47e-02 (  5.58e+01,  1.20e+02)
35      0.260   2.26e-01   3.34e-01   9.73e-01   6.29e-01   8.88e-02 (  6.75e+01,  1.33e+02)
40      0.294   2.74e-01   4.08e-01   1.01e+00   8.17e-01   2.05e-01 (  7.50e+01,  1.44e+02)
45      0.296   3.17e-01   4.86e-01   9.99e-01   9.29e-01   4.26e-01 (  8.03e+01,  1.52e+02)
50      0.246   3.56e-01   5.61e-01   9.62e-01   9.73e-01   8.04e-01 (  8.37e+01,  1.57e+02)
55      0.164   3.93e-01   6.23e-01   7.54e-01   1.23e+00   1.38e+00 (  8.47e+01,  1.59e+02)
60      0.173   4.69e-01   7.55e-01   6.32e-01   2.02e+00   2.16e+00 (  8.75e+01,  1.59e+02)
65      0.224   5.68e-01   8.90e-01   6.45e-01   3.01e+00   3.10e+00 (  8.87e+01,  1.57e+02)
70      0.286   6.94e-01   1.02e+00   6.93e-01   4.04e+00   4.10e+00 (  8.95e+01,  1.53e+02)
75      0.349   8.41e-01   1.14e+00   7.47e-01   5.02e+00   5.04e+00 (  8.95e+01,  1.48e+02)
80      0.399   9.78e-01   1.23e+00   7.89e-01   5.78e+00   5.81e+00 (  8.75e+01,  1.43e+02)
85      0.450   1.13e+00   1.33e+00   8.30e-01   6.48e+00   6.33e+00 (  8.66e+01,  1.37e+02)
90      0.968   1.92e+00   2.80e+00   1.83e+00   1.99e+01   6.60e+00 (  4.11e+02,  1.30e+02)
95      0.260   2.37e-01   4.95e-01   4.38e-01   8.53e+00   6.68e+00 (  1.48e+02,  1.25e+02)
43 n: 1.224e-07 e: 1.036e-08 i: 1.735e-07 :: e: 8.483e-04 i: 8.509e-04 :: n: 1.888e+01 e:19.122 i:18.062 v:4.993e+03
>>> tau_he = 5.000000, nhe(0)=1.226436e+00
 5     -0.065  -1.19e-04  -1.09e-02  -1.12e-03  -4.28e-03   4.07e-05 ( -2.08e-02,  2.23e+01)
10      0.000   0.00e+00   0.00e+00   0.00e+00   0.00e+00   2.40e-04 (  0.00e+00,  4.42e+01)
15     -0.076   1.28e-02  -3.14e-02   8.03e-02  -8.85e-02   1.04e-03 (  5.38e+00,  6.55e+01)
20      0.035   9.19e-02   7.33e-02   4.79e-01   3.79e-02   3.79e-03 (  3.36e+01,  8.54e+01)
25      0.121   1.31e-01   1.64e-01   6.58e-01   1.90e-01   1.21e-02 (  4.53e+01,  1.04e+02)
30      0.203   1.70e-01   2.47e-01   8.33e-01   4.10e-01   3.47e-02 (  5.57e+01,  1.20e+02)
35      0.260   2.26e-01   3.34e-01   9.73e-01   6.29e-01   8.88e-02 (  6.75e+01,  1.33e+02)
40      0.294   2.74e-01   4.08e-01   1.01e+00   8.17e-01   2.05e-01 (  7.50e+01,  1.44e+02)
45      0.296   3.17e-01   4.86e-01   9.99e-01   9.30e-01   4.26e-01 (  8.03e+01,  1.52e+02)
50      0.246   3.56e-01   5.61e-01   9.62e-01   9.73e-01   8.04e-01 (  8.37e+01,  1.57e+02)
55      0.164   3.93e-01   6.23e-01   7.54e-01   1.23e+00   1.38e+00 (  8.47e+01,  1.59e+02)
60      0.173   4.69e-01   7.55e-01   6.32e-01   2.02e+00   2.16e+00 (  8.75e+01,  1.59e+02)
65      0.224   5.68e-01   8.91e-01   6.45e-01   3.01e+00   3.10e+00 (  8.87e+01,  1.57e+02)
70      0.286   6.94e-01   1.02e+00   6.93e-01   4.04e+00   4.10e+00 (  8.95e+01,  1.53e+02)
75      0.349   8.41e-01   1.14e+00   7.47e-01   5.02e+00   5.04e+00 (  8.95e+01,  1.48e+02)
80      0.399   9.78e-01   1.23e+00   7.89e-01   5.78e+00   5.81e+00 (  8.76e+01,  1.43e+02)
85      0.450   1.13e+00   1.33e+00   8.30e-01   6.48e+00   6.33e+00 (  8.66e+01,  1.37e+02)
90      0.968   1.92e+00   2.80e+00   1.83e+00   1.99e+01   6.60e+00 (  4.11e+02,  1.30e+02)
95      0.260   2.37e-01   4.95e-01   4.38e-01   8.53e+00   6.68e+00 (  1.48e+02,  1.25e+02)
44 n: 9.948e-08 e: 8.555e-08 i: 2.757e-06 :: e: 1.068e-03 i: 2.033e-03 :: n: 1.888e+01 e:19.122 i:18.060 v:4.993e+03
>>> tau_he = 5.000000, nhe(0)=1.227397e+00
 5     -0.065  -1.19e-04  -1.09e-02  -1.12e-03  -4.29e-03   4.07e-05 ( -2.08e-02,  2.23e+01)
10      0.000   0.00e+00   0.00e+00   0.00e+00   0.00e+00   2.40e-04 (  0.00e+00,  4.42e+01)
15     -0.088   1.61e-02  -5.60e-02   8.96e-02  -1.02e-01   1.04e-03 (  6.81e+00,  6.55e+01)
20      0.036   9.27e-02   7.46e-02   4.82e-01   3.90e-02   3.79e-03 (  3.38e+01,  8.54e+01)
25      0.120   1.30e-01   1.64e-01   6.58e-01   1.89e-01   1.21e-02 (  4.52e+01,  1.04e+02)
30      0.203   1.70e-01   2.46e-01   8.32e-01   4.09e-01   3.47e-02 (  5.56e+01,  1.20e+02)
35      0.260   2.26e-01   3.34e-01   9.73e-01   6.29e-01   8.88e-02 (  6.74e+01,  1.33e+02)
40      0.294   2.74e-01   4.08e-01   1.01e+00   8.17e-01   2.05e-01 (  7.49e+01,  1.44e+02)
45      0.296   3.17e-01   4.86e-01   9.99e-01   9.30e-01   4.26e-01 (  8.03e+01,  1.52e+02)
50      0.246   3.56e-01   5.61e-01   9.62e-01   9.73e-01   8.04e-01 (  8.37e+01,  1.57e+02)
55      0.164   3.93e-01   6.23e-01   7.53e-01   1.23e+00   1.38e+00 (  8.47e+01,  1.59e+02)
60      0.173   4.69e-01   7.55e-01   6.32e-01   2.02e+00   2.16e+00 (  8.75e+01,  1.59e+02)
65      0.224   5.67e-01   8.91e-01   6.45e-01   3.01e+00   3.10e+00 (  8.87e+01,  1.57e+02)
70      0.286   6.94e-01   1.02e+00   6.93e-01   4.04e+00   4.10e+00 (  8.95e+01,  1.53e+02)
75      0.349   8.41e-01   1.14e+00   7.47e-01   5.02e+00   5.04e+00 (  8.96e+01,  1.48e+02)
80      0.399   9.78e-01   1.23e+00   7.89e-01   5.78e+00   5.81e+00 (  8.76e+01,  1.43e+02)
85      0.450   1.13e+00   1.33e+00   8.31e-01   6.48e+00   6.33e+00 (  8.66e+01,  1.37e+02)
90      0.968   1.92e+00   2.80e+00   1.83e+00   1.99e+01   6.60e+00 (  4.11e+02,  1.30e+02)
95      0.260   2.37e-01   4.95e-01   4.38e-01   8.53e+00   6.68e+00 (  1.48e+02,  1.25e+02)
45 n: 8.413e-08 e: 8.697e-08 i: 2.124e-07 :: e: 6.674e-04 i: 9.158e-04 :: n: 1.888e+01 e:19.123 i:18.072 v:4.993e+03
>>> tau_he = 5.000000, nhe(0)=1.227227e+00
 5     -0.065  -1.19e-04  -1.09e-02  -1.12e-03  -4.29e-03   4.07e-05 ( -2.09e-02,  2.23e+01)
10      0.000   0.00e+00   0.00e+00   0.00e+00   0.00e+00   2.40e-04 (  0.00e+00,  4.42e+01)
15     -0.088   1.59e-02  -5.63e-02   8.80e-02  -1.02e-01   1.04e-03 (  6.72e+00,  6.55e+01)
20      0.035   9.24e-02   7.42e-02   4.81e-01   3.79e-02   3.79e-03 (  3.38e+01,  8.54e+01)
25      0.120   1.31e-01   1.64e-01   6.58e-01   1.89e-01   1.21e-02 (  4.53e+01,  1.04e+02)
30      0.203   1.70e-01   2.47e-01   8.33e-01   4.09e-01   3.47e-02 (  5.57e+01,  1.20e+02)
35      0.260   2.26e-01   3.34e-01   9.73e-01   6.29e-01   8.88e-02 (  6.75e+01,  1.33e+02)
40      0.294   2.74e-01   4.08e-01   1.01e+00   8.17e-01   2.05e-01 (  7.50e+01,  1.44e+02)
45      0.296   3.17e-01   4.86e-01   9.99e-01   9.30e-01   4.26e-01 (  8.03e+01,  1.52e+02)
50      0.246   3.56e-01   5.61e-01   9.62e-01   9.73e-01   8.04e-01 (  8.37e+01,  1.57e+02)
55      0.164   3.93e-01   6.23e-01   7.53e-01   1.23e+00   1.38e+00 (  8.47e+01,  1.59e+02)
60      0.173   4.69e-01   7.55e-01   6.32e-01   2.02e+00   2.16e+00 (  8.75e+01,  1.59e+02)
65      0.224   5.67e-01   8.91e-01   6.45e-01   3.01e+00   3.10e+00 (  8.87e+01,  1.57e+02)
70      0.286   6.94e-01   1.02e+00   6.93e-01   4.04e+00   4.10e+00 (  8.95e+01,  1.53e+02)
75      0.349   8.41e-01   1.14e+00   7.47e-01   5.02e+00   5.04e+00 (  8.96e+01,  1.48e+02)
80      0.399   9.78e-01   1.23e+00   7.89e-01   5.78e+00   5.81e+00 (  8.76e+01,  1.43e+02)
85      0.450   1.13e+00   1.33e+00   8.31e-01   6.48e+00   6.33e+00 (  8.66e+01,  1.37e+02)
90      0.968   1.92e+00   2.80e+00   1.83e+00   1.99e+01   6.60e+00 (  4.11e+02,  1.30e+02)
95      0.260   2.37e-01   4.95e-01   4.38e-01   8.53e+00   6.68e+00 (  1.48e+02,  1.25e+02)
46 n: 6.963e-08 e: 5.782e-09 i: 1.976e-07 :: e: 6.038e-04 i: 7.395e-04 :: n: 1.888e+01 e:19.130 i:18.070 v:4.993e+03
>>> tau_he = 5.000000, nhe(0)=1.227080e+00
 5     -0.065  -1.19e-04  -1.09e-02  -1.12e-03  -4.29e-03   4.07e-05 ( -2.09e-02,  2.23e+01)
10      0.000   0.00e+00   0.00e+00   0.00e+00   0.00e+00   2.40e-04 (  0.00e+00,  4.42e+01)
15     -0.088   1.57e-02  -5.65e-02   8.63e-02  -1.02e-01   1.04e-03 (  6.62e+00,  6.55e+01)
20      0.035   9.22e-02   7.39e-02   4.80e-01   3.77e-02   3.79e-03 (  3.37e+01,  8.54e+01)
25      0.120   1.31e-01   1.64e-01   6.59e-01   1.89e-01   1.21e-02 (  4.53e+01,  1.04e+02)
30      0.203   1.70e-01   2.47e-01   8.34e-01   4.10e-01   3.47e-02 (  5.58e+01,  1.20e+02)
35      0.261   2.26e-01   3.34e-01   9.73e-01   6.29e-01   8.88e-02 (  6.75e+01,  1.33e+02)
40      0.294   2.74e-01   4.08e-01   1.01e+00   8.17e-01   2.05e-01 (  7.50e+01,  1.44e+02)
45      0.296   3.17e-01   4.86e-01   9.99e-01   9.30e-01   4.26e-01 (  8.03e+01,  1.52e+02)
50      0.246   3.56e-01   5.61e-01   9.62e-01   9.73e-01   8.04e-01 (  8.37e+01,  1.57e+02)
55      0.164   3.93e-01   6.23e-01   7.53e-01   1.23e+00   1.38e+00 (  8.47e+01,  1.59e+02)
60      0.173   4.69e-01   7.55e-01   6.32e-01   2.02e+00   2.16e+00 (  8.75e+01,  1.59e+02)
65      0.224   5.67e-01   8.91e-01   6.45e-01   3.01e+00   3.10e+00 (  8.87e+01,  1.57e+02)
70      0.286   6.94e-01   1.02e+00   6.93e-01   4.04e+00   4.10e+00 (  8.95e+01,  1.53e+02)
75      0.349   8.41e-01   1.14e+00   7.47e-01   5.02e+00   5.04e+00 (  8.96e+01,  1.48e+02)
80      0.399   9.78e-01   1.23e+00   7.89e-01   5.78e+00   5.81e+00 (  8.76e+01,  1.43e+02)
85      0.450   1.13e+00   1.33e+00   8.31e-01   6.48e+00   6.33e+00 (  8.66e+01,  1.37e+02)
90      0.968   1.92e+00   2.80e+00   1.83e+00   1.99e+01   6.60e+00 (  4.11e+02,  1.30e+02)
95      0.260   2.37e-01   4.95e-01   4.38e-01   8.53e+00   6.68e+00 (  1.48e+02,  1.25e+02)
47 n: 5.523e-08 e: 2.512e-09 i: 1.904e-07 :: e: 5.766e-04 i: 6.393e-04 :: n: 1.888e+01 e:19.129 i:18.069 v:4.993e+03
>>> tau_he = 5.000000, nhe(0)=1.226776e+00
 5     -0.065  -1.19e-04  -1.09e-02  -1.12e-03  -4.29e-03   4.07e-05 ( -2.09e-02,  2.23e+01)
10      0.000   0.00e+00   0.00e+00   0.00e+00   0.00e+00   2.40e-04 (  0.00e+00,  4.42e+01)
15     -0.088   1.54e-02  -5.68e-02   8.45e-02  -1.02e-01   1.04e-03 (  6.52e+00,  6.55e+01)
20      0.034   9.20e-02   7.36e-02   4.80e-01   3.73e-02   3.79e-03 (  3.36e+01,  8.54e+01)
25      0.120   1.31e-01   1.64e-01   6.59e-01   1.88e-01   1.21e-02 (  4.53e+01,  1.04e+02)
30      0.203   1.70e-01   2.47e-01   8.34e-01   4.09e-01   3.47e-02 (  5.58e+01,  1.20e+02)
35      0.261   2.26e-01   3.34e-01   9.73e-01   6.29e-01   8.88e-02 (  6.75e+01,  1.33e+02)
40      0.294   2.74e-01   4.08e-01   1.01e+00   8.17e-01   2.05e-01 (  7.50e+01,  1.44e+02)
45      0.296   3.17e-01   4.86e-01   9.99e-01   9.30e-01   4.26e-01 (  8.03e+01,  1.52e+02)
50      0.246   3.56e-01   5.61e-01   9.62e-01   9.73e-01   8.04e-01 (  8.37e+01,  1.57e+02)
55      0.164   3.93e-01   6.23e-01   7.53e-01   1.23e+00   1.38e+00 (  8.47e+01,  1.59e+02)
60      0.173   4.69e-01   7.55e-01   6.32e-01   2.02e+00   2.16e+00 (  8.75e+01,  1.59e+02)
65      0.224   5.67e-01   8.91e-01   6.45e-01   3.01e+00   3.10e+00 (  8.87e+01,  1.57e+02)
70      0.286   6.94e-01   1.02e+00   6.93e-01   4.04e+00   4.10e+00 (  8.95e+01,  1.53e+02)
75      0.349   8.41e-01   1.14e+00   7.47e-01   5.02e+00   5.04e+00 (  8.96e+01,  1.48e+02)
80      0.399   9.78e-01   1.23e+00   7.89e-01   5.78e+00   5.81e+00 (  8.76e+01,  1.43e+02)
85      0.450   1.13e+00   1.33e+00   8.31e-01   6.48e+00   6.33e+00 (  8.66e+01,  1.37e+02)
90      0.968   1.92e+00   2.80e+00   1.83e+00   1.99e+01   6.60e+00 (  4.11e+02,  1.30e+02)
95      0.260   2.37e-01   4.95e-01   4.38e-01   8.53e+00   6.68e+00 (  1.48e+02,  1.25e+02)
48 n: 4.616e-08 e: 5.844e-09 i: 1.709e-07 :: e: 5.445e-04 i: 5.864e-04 :: n: 1.888e+01 e:19.128 i:18.065 v:4.993e+03
>>> tau_he = 5.000000, nhe(0)=1.226510e+00
 5     -0.065  -1.19e-04  -1.08e-02  -1.12e-03  -4.28e-03   4.07e-05 ( -2.08e-02,  2.23e+01)
10      0.000   0.00e+00   0.00e+00   0.00e+00   0.00e+00   2.40e-04 (  0.00e+00,  4.42e+01)
15     -0.077   1.27e-02  -3.14e-02   8.02e-02  -8.91e-02   1.04e-03 (  5.38e+00,  6.55e+01)
20      0.034   9.18e-02   7.34e-02   4.79e-01   3.70e-02   3.79e-03 (  3.35e+01,  8.54e+01)
25      0.120   1.31e-01   1.64e-01   6.58e-01   1.88e-01   1.21e-02 (  4.52e+01,  1.04e+02)
30      0.203   1.70e-01   2.47e-01   8.33e-01   4.09e-01   3.47e-02 (  5.57e+01,  1.20e+02)
35      0.261   2.26e-01   3.34e-01   9.73e-01   6.29e-01   8.88e-02 (  6.74e+01,  1.33e+02)
40      0.294   2.74e-01   4.08e-01   1.01e+00   8.17e-01   2.05e-01 (  7.49e+01,  1.44e+02)
45      0.296   3.17e-01   4.86e-01   9.99e-01   9.30e-01   4.26e-01 (  8.03e+01,  1.52e+02)
50      0.246   3.56e-01   5.61e-01   9.62e-01   9.73e-01   8.04e-01 (  8.37e+01,  1.57e+02)
55      0.164   3.93e-01   6.23e-01   7.53e-01   1.23e+00   1.38e+00 (  8.47e+01,  1.59e+02)
60      0.173   4.69e-01   7.55e-01   6.32e-01   2.02e+00   2.16e+00 (  8.74e+01,  1.59e+02)
65      0.224   5.67e-01   8.91e-01   6.45e-01   3.01e+00   3.10e+00 (  8.87e+01,  1.57e+02)
70      0.286   6.94e-01   1.02e+00   6.93e-01   4.04e+00   4.10e+00 (  8.95e+01,  1.53e+02)
75      0.349   8.41e-01   1.14e+00   7.47e-01   5.02e+00   5.04e+00 (  8.96e+01,  1.48e+02)
80      0.399   9.78e-01   1.23e+00   7.89e-01   5.78e+00   5.81e+00 (  8.76e+01,  1.43e+02)
85      0.450   1.13e+00   1.33e+00   8.31e-01   6.48e+00   6.33e+00 (  8.66e+01,  1.37e+02)
90      0.968   1.92e+00   2.80e+00   1.83e+00   1.99e+01   6.60e+00 (  4.11e+02,  1.30e+02)
95      0.260   2.37e-01   4.95e-01   4.38e-01   8.53e+00   6.68e+00 (  1.48e+02,  1.25e+02)
49 n: 3.732e-08 e: 6.085e-08 i: 2.760e-06 :: e: 7.771e-04 i: 1.842e-03 :: n: 1.888e+01 e:19.127 i:18.062 v:4.993e+03
 plasma volume = 149.416970
 stored energy(e,i,b) = 4.254572e+01 4.064583e+01 0.000000e+00
 betan = 0.937419
*power
 Pnb(e,i) = 0.000000e+00 0.000000e+00
 Prf(e,i) = 9.998843e+00 2.999653e+01
 Prad     = -7.296850e+00 
 Pei      = -1.784124e+00 
 Pfuse    = 2.879533e+01 
 Pfusi    = 8.442799e+00 
 Poh      = 0.000000e+00 
*confinement time
 taut, tauITER98y2, H98y2 : 1.189527e+00 1.523686e+00 7.806906e-01
 taue, taui : 1.431880e+00 3.974395e+00
 taut, tau89, H89 : 1.189527e+00 8.087742e-01 1.470778e+00
*temperature
 nea, nebar : 1.503170e+01 1.652999e+01 
 tea, tia : 7.228435e+00 7.113491e+00 (1.016159e+00)
 te0, ti0 : 1.671037e+01 1.578505e+01 (1.058620e+00)
 Sn : 1.521250e+03 
*current balance
 Ip,Ibs,Inb,Irf: 1.000000e+01 1.401617e+00 0.000000e+00 0.000000e+00
 fni,fbs: 0.140 0.140

 plasma volume = 149.416970
 stored energy(e,i,b) = 4.254572e+01 4.064583e+01 0.000000e+00
 betan = 0.937419
*power
 Pnb(e,i) = 0.000000e+00 0.000000e+00
 Prf(e,i) = 9.998843e+00 2.999653e+01
 Prad     = -7.296850e+00 
 Pei      = -1.784124e+00 
 Pfuse    = 2.879533e+01 
 Pfusi    = 8.442799e+00 
 Poh      = 0.000000e+00 
*confinement time
 taut, tauITER98y2, H98y2 : 1.189527e+00 1.523686e+00 7.806906e-01
 taue, taui : 1.431880e+00 3.974395e+00
 taut, tau89, H89 : 1.189527e+00 8.087742e-01 1.470778e+00
*temperature
 nea, nebar : 1.503170e+01 1.652999e+01 
 tea, tia : 7.228435e+00 7.113491e+00 (1.016159e+00)
 te0, ti0 : 1.671037e+01 1.578505e+01 (1.058620e+00)
 Sn : 1.521250e+03 
*current balance
 Ip,Ibs,Inb,Irf: 1.000000e+01 1.401617e+00 0.000000e+00 0.000000e+00
 fni,fbs: 0.140 0.140
 ELAPASED TIME = 1574 sec
