========================================================================
= FASTRAN

nonlinear model = 0
ichi = 1
ineo = 0
reading state...
read formatted input, inprof...
init geometry...
read formatted input, inmetric...
nrho in inmetric = 101
rhob in inmetric = 1.260791e+00
solve avg grad-shafranv...
solve_avg_gs::Ip_temp = 9.797574e+00 
solve_avg_gs::Ip      = 1.000000e+01 
>>> tau_he = 5.000000, nhe(0)=8.066128e-01

 plasma volume = 147.746825
 stored energy(e,i,b,a) = 4.241090e+01 3.834691e+01 0.000000e+00 0.000000e+00
 betan = 0.920502
*power
 Pnb(e,i) = 0.000000e+00 0.000000e+00
 Prf(e,i) = 3.799426e+00 4.484677e-04
 Prad     = -1.707637e+01 
 Pei      = -4.808378e+00 
 Pfuse    = 2.013504e+01 
 Pfusi    = 4.376285e+00 
 Poh      = 0.000000e+00 
*confinement time
 taut, tauITER98y2, H98y2 : 7.188166e+00 5.728174e+00 1.254879e+00
 taue, taui : 2.069110e+01 4.175103e+00
 taut, tau89, H89 : 7.188166e+00 2.039357e+00 3.524721e+00
*temperature
 nea, nebar : 1.828598e+01 1.981273e+01 
 tea, tia : 6.149203e+00 6.005957e+00 (1.023851e+00)
 te0, ti0 : 1.247400e+01 1.142006e+01 (1.092288e+00)
 Sn : 1.999551e+02 
*current balance
 Ip,Ibs,Inb,Irf: 1.000000e+01 1.234201e+00 0.000000e+00 2.835862e-02
 fni,fbs: 0.126 0.123

Time advancing...
rho_bdry 0.900000 ...
te_bdry = 4.607324
ti_bdry = 4.611512
ne_bdry = 15.998879
rv_bdry = 279.463030
nrho_tr_bdry = 18
drho_bdry = 0.000000e+00
nrhob = 90
 [    0] t = 0.0000 
>>> tau_he = 5.000000, nhe(0)=8.051014e-01
 5     -0.004   9.32e-04   7.71e-02   9.59e-04  -2.50e-03   5.41e-06 (  5.16e-02,  5.89e+00)
10     -0.001   1.01e-05  -8.80e-04  -3.18e-04  -8.38e-04   3.19e-05 (  1.09e-03,  1.25e+01)
15     -0.002   6.77e-04  -1.77e-03  -6.73e-04  -2.80e-03   1.38e-04 (  1.07e-01,  1.91e+01)
20     -0.017   9.17e-04  -1.21e-03  -2.09e-03  -3.92e-02   5.03e-04 (  1.83e-01,  2.39e+01)
25     -0.007   2.18e-02  -6.71e-03  -4.05e-03  -2.08e-02   1.61e-03 (  5.12e+00,  2.65e+01)
30     -0.017   7.12e-02   4.35e-02   4.29e-02  -5.87e-02   4.60e-03 (  1.85e+01,  2.78e+01)
35      0.008   8.59e-02   5.46e-02   6.66e-02   2.76e-02   1.18e-02 (  2.04e+01,  2.91e+01)
40      0.028   1.06e-01   9.50e-02   8.72e-02   1.18e-01   2.71e-02 (  2.32e+01,  2.92e+01)
45      0.033   1.20e-01   1.27e-01   1.13e-01   1.63e-01   5.64e-02 (  2.37e+01,  2.77e+01)
50      0.040   1.15e-01   1.17e-01   1.22e-01   2.19e-01   1.06e-01 (  2.07e+01,  2.56e+01)
55      0.051   1.23e-01   1.53e-01   1.60e-01   3.10e-01   1.82e-01 (  2.03e+01,  2.31e+01)
60      0.053   1.25e-01   1.66e-01   1.61e-01   3.90e-01   2.85e-01 (  1.86e+01,  2.05e+01)
65      0.048   1.11e-01   1.70e-01   1.50e-01   4.76e-01   4.08e-01 (  1.46e+01,  1.84e+01)
70      0.050   1.13e-01   1.77e-01   1.61e-01   5.90e-01   5.40e-01 (  1.29e+01,  1.74e+01)
75      0.054   1.14e-01   1.80e-01   1.87e-01   6.87e-01   6.63e-01 (  1.09e+01,  1.53e+01)
80      0.062   1.32e-01   1.98e-01   1.86e-01   8.54e-01   7.64e-01 (  1.05e+01,  1.32e+01)
85      0.044   9.82e-02   1.34e-01   1.23e-01   6.24e-01   8.32e-01 (  6.62e+00,  1.10e+01)
90      0.091   1.69e-01   3.01e-01   3.43e-01   1.06e+00   8.67e-01 (  1.80e+01,  8.74e+00)
95      2.107   4.35e+00   5.80e+00   4.32e+00   1.32e+02   8.75e-01 (  2.34e+03,  6.72e+00)
 0 n: 3.882e-10 e: 4.687e-08 i: 9.965e-08 :: e: 0.000e+00 i: 0.000e+00 :: n: 2.245e+01 e:12.476 i:11.411 v:4.993e+03
>>> tau_he = 5.000000, nhe(0)=8.039012e-01
 5     -0.004   9.42e-04   8.34e-02   9.82e-04  -2.47e-03   5.41e-06 (  5.17e-02,  5.89e+00)
10     -0.001   1.02e-05  -8.62e-04  -3.09e-04  -8.27e-04   3.19e-05 (  1.10e-03,  1.25e+01)
15     -0.002   6.77e-04  -1.77e-03  -6.73e-04  -2.82e-03   1.38e-04 (  1.07e-01,  1.91e+01)
20     -0.017   1.00e-03  -1.20e-03  -2.08e-03  -3.98e-02   5.03e-04 (  2.02e-01,  2.39e+01)
25     -0.008   2.26e-02  -5.82e-03  -4.03e-03  -2.17e-02   1.61e-03 (  5.35e+00,  2.65e+01)
30     -0.017   6.86e-02   4.05e-02   3.99e-02  -5.57e-02   4.60e-03 (  1.75e+01,  2.78e+01)
35      0.009   8.68e-02   5.63e-02   6.83e-02   2.99e-02   1.18e-02 (  2.06e+01,  2.91e+01)
40      0.027   1.06e-01   9.40e-02   8.64e-02   1.16e-01   2.71e-02 (  2.31e+01,  2.92e+01)
45      0.033   1.19e-01   1.25e-01   1.10e-01   1.60e-01   5.64e-02 (  2.35e+01,  2.77e+01)
50      0.040   1.22e-01   1.20e-01   1.24e-01   2.20e-01   1.06e-01 (  2.20e+01,  2.56e+01)
55      0.050   1.22e-01   1.51e-01   1.58e-01   3.06e-01   1.82e-01 (  2.01e+01,  2.31e+01)
60      0.053   1.25e-01   1.66e-01   1.60e-01   3.90e-01   2.85e-01 (  1.84e+01,  2.05e+01)
65      0.049   1.10e-01   1.70e-01   1.50e-01   4.77e-01   4.08e-01 (  1.45e+01,  1.84e+01)
70      0.050   1.13e-01   1.77e-01   1.61e-01   5.89e-01   5.40e-01 (  1.29e+01,  1.74e+01)
75      0.054   1.14e-01   1.80e-01   1.88e-01   6.88e-01   6.63e-01 (  1.09e+01,  1.53e+01)
80      0.065   1.40e-01   2.09e-01   1.93e-01   9.15e-01   7.64e-01 (  1.12e+01,  1.32e+01)
85      0.036   7.71e-02   1.06e-01   1.02e-01   4.77e-01   8.32e-01 (  5.11e+00,  1.10e+01)
90      0.094   1.75e-01   3.15e-01   3.57e-01   1.11e+00   8.67e-01 (  1.87e+01,  8.74e+00)
95      2.107   4.35e+00   5.80e+00   4.32e+00   1.32e+02   8.75e-01 (  2.34e+03,  6.72e+00)
 1 n: 6.824e-02 e: 1.733e-03 i: 2.083e-03 :: e: 1.317e-02 i: 1.246e-02 :: n: 2.065e+01 e:12.362 i:11.303 v:4.993e+03
>>> tau_he = 5.000000, nhe(0)=6.746711e-01
 5     -1.414   7.57e-04   1.54e-01   9.31e-04  -3.13e-03   5.41e-06 (  3.81e-02,  5.89e+00)
10     -0.153  -3.11e-05  -1.19e-03  -5.18e-04  -1.83e-03   3.19e-05 ( -3.66e-03,  1.25e+01)
15     -0.433   3.05e-04  -9.16e-05   2.16e-04  -3.24e-02   1.38e-04 (  5.64e-02,  1.91e+01)
20     -0.438   4.38e-03   2.05e-03   6.92e-03  -1.55e-01   5.03e-04 (  1.03e+00,  2.39e+01)
25     -0.107   3.88e-02  -4.67e-04   7.06e-03  -1.45e-01   1.61e-03 (  8.97e+00,  2.65e+01)
30     -0.051   4.15e-02   3.12e-02   2.71e-02  -9.05e-02   4.60e-03 (  8.24e+00,  2.78e+01)
35     -0.048   6.49e-02   7.26e-02   6.06e-02  -6.06e-02   1.18e-02 (  1.25e+01,  2.91e+01)
40      0.015   7.92e-02   7.32e-02   8.99e-02   2.51e-02   2.71e-02 (  1.44e+01,  2.92e+01)
45      0.013   9.12e-02   9.20e-02   1.03e-01   2.69e-02   5.64e-02 (  1.54e+01,  2.77e+01)
50      0.055   1.06e-01   1.37e-01   1.37e-01   1.42e-01   1.06e-01 (  1.69e+01,  2.56e+01)
55      0.056   9.33e-02   1.27e-01   1.55e-01   1.92e-01   1.82e-01 (  1.36e+01,  2.31e+01)
60      0.059   9.56e-02   1.38e-01   1.65e-01   3.04e-01   2.85e-01 (  1.26e+01,  2.05e+01)
65      0.048   1.00e-01   1.47e-01   1.57e-01   3.78e-01   4.08e-01 (  1.24e+01,  1.84e+01)
70      0.047   1.04e-01   1.63e-01   1.70e-01   4.85e-01   5.40e-01 (  1.20e+01,  1.74e+01)
75      0.052   1.09e-01   1.77e-01   1.99e-01   6.22e-01   6.63e-01 (  1.08e+01,  1.53e+01)
80      0.054   1.11e-01   1.72e-01   1.76e-01   6.94e-01   7.64e-01 (  9.30e+00,  1.32e+01)
85      0.062   1.38e-01   1.64e-01   1.86e-01   8.35e-01   8.32e-01 (  9.86e+00,  1.10e+01)
90      0.101   1.86e-01   3.45e-01   3.83e-01   1.20e+00   8.67e-01 (  2.00e+01,  8.74e+00)
95      2.107   4.35e+00   5.80e+00   4.32e+00   1.32e+02   8.75e-01 (  2.34e+03,  6.72e+00)
 2 n: 1.087e-03 e: 5.227e-05 i: 5.361e-04 :: e: 8.861e-02 i: 7.382e-02 :: n: 2.069e+01 e:12.348 i:10.990 v:4.993e+03
>>> tau_he = 5.000000, nhe(0)=6.389506e-01
 5     -1.255   6.80e-04   1.42e-01   8.94e-04  -2.80e-03   5.41e-06 (  3.12e-02,  5.89e+00)
10     -0.135  -3.07e-05  -1.15e-03  -4.54e-04  -1.63e-03   3.19e-05 ( -3.46e-03,  1.25e+01)
15     -0.488   3.10e-04  -1.89e-04   4.18e-04  -3.67e-02   1.38e-04 (  5.66e-02,  1.91e+01)
20     -0.480   3.58e-03   2.76e-03   3.55e-03  -1.71e-01   5.03e-04 (  8.35e-01,  2.39e+01)
25     -0.105   3.71e-02   7.21e-03   1.01e-02  -1.42e-01   1.61e-03 (  8.48e+00,  2.65e+01)
30     -0.036   3.16e-02   2.93e-02   2.29e-02  -6.99e-02   4.60e-03 (  6.28e+00,  2.78e+01)
35     -0.016   5.10e-02   6.00e-02   5.10e-02  -2.14e-02   1.18e-02 (  9.77e+00,  2.91e+01)
40      0.019   6.45e-02   6.05e-02   5.40e-02   3.24e-02   2.71e-02 (  1.17e+01,  2.92e+01)
45      0.009   7.74e-02   7.81e-02   9.56e-02   2.02e-02   5.64e-02 (  1.30e+01,  2.77e+01)
50      0.034   8.82e-02   1.16e-01   1.33e-01   8.65e-02   1.06e-01 (  1.40e+01,  2.56e+01)
55      0.057   8.85e-02   1.24e-01   1.58e-01   1.94e-01   1.82e-01 (  1.29e+01,  2.31e+01)
60      0.050   8.52e-02   1.11e-01   1.49e-01   2.53e-01   2.85e-01 (  1.13e+01,  2.05e+01)
65      0.041   9.16e-02   1.27e-01   1.42e-01   3.24e-01   4.08e-01 (  1.15e+01,  1.84e+01)
70      0.043   9.96e-02   1.54e-01   1.61e-01   4.44e-01   5.40e-01 (  1.17e+01,  1.74e+01)
75      0.051   1.10e-01   1.77e-01   1.99e-01   6.14e-01   6.63e-01 (  1.12e+01,  1.53e+01)
80      0.057   1.20e-01   1.84e-01   1.87e-01   7.38e-01   7.64e-01 (  1.04e+01,  1.32e+01)
85      0.051   1.12e-01   1.31e-01   1.50e-01   6.79e-01   8.32e-01 (  8.35e+00,  1.10e+01)
90      0.101   1.89e-01   3.48e-01   3.84e-01   1.21e+00   8.67e-01 (  2.07e+01,  8.74e+00)
95      2.107   4.35e+00   5.80e+00   4.32e+00   1.32e+02   8.75e-01 (  2.34e+03,  6.72e+00)
 3 n: 4.234e-04 e: 6.127e-04 i: 3.201e-05 :: e: 1.026e-01 i: 6.904e-02 :: n: 2.073e+01 e:11.916 i:10.986 v:4.993e+03
>>> tau_he = 5.000000, nhe(0)=6.410914e-01
 5     -1.207   6.81e-04   1.46e-01   8.88e-04  -2.70e-03   5.41e-06 (  2.97e-02,  5.89e+00)
10     -0.125  -2.67e-05  -1.07e-03  -4.24e-04  -1.52e-03   3.19e-05 ( -2.88e-03,  1.25e+01)
15     -0.330   2.47e-04  -1.30e-03  -1.21e-03  -2.49e-02   1.38e-04 (  4.30e-02,  1.91e+01)
20     -0.392   2.58e-03   1.90e-03   3.90e-03  -1.40e-01   5.03e-04 (  5.67e-01,  2.39e+01)
25     -0.080   2.82e-02  -2.97e-03   2.17e-03  -1.10e-01   1.61e-03 (  6.00e+00,  2.65e+01)
30     -0.014   2.46e-02   1.76e-02   1.86e-02  -2.99e-02   4.60e-03 (  4.58e+00,  2.78e+01)
35      0.001   4.28e-02   4.79e-02   3.90e-02   1.38e-03   1.18e-02 (  7.65e+00,  2.91e+01)
40      0.026   5.33e-02   5.08e-02   4.49e-02   4.54e-02   2.71e-02 (  8.99e+00,  2.92e+01)
45      0.021   6.85e-02   6.89e-02   9.20e-02   4.67e-02   5.64e-02 (  1.07e+01,  2.77e+01)
50      0.037   7.57e-02   9.87e-02   1.13e-01   9.66e-02   1.06e-01 (  1.12e+01,  2.56e+01)
55      0.060   8.73e-02   1.16e-01   1.57e-01   2.03e-01   1.82e-01 (  1.19e+01,  2.31e+01)
60      0.052   7.86e-02   1.07e-01   1.47e-01   2.63e-01   2.85e-01 (  9.85e+00,  2.05e+01)
65      0.043   8.69e-02   1.27e-01   1.41e-01   3.43e-01   4.08e-01 (  1.04e+01,  1.84e+01)
70      0.045   9.94e-02   1.58e-01   1.64e-01   4.77e-01   5.40e-01 (  1.13e+01,  1.74e+01)
75      0.055   1.14e-01   1.84e-01   2.06e-01   6.60e-01   6.63e-01 (  1.14e+01,  1.53e+01)
80      0.068   1.40e-01   2.13e-01   2.18e-01   8.81e-01   7.64e-01 (  1.20e+01,  1.32e+01)
85      0.056   1.20e-01   1.45e-01   1.63e-01   7.31e-01   8.32e-01 (  8.77e+00,  1.10e+01)
90      0.103   1.92e-01   3.56e-01   3.90e-01   1.24e+00   8.67e-01 (  2.10e+01,  8.74e+00)
95      2.107   4.35e+00   5.80e+00   4.32e+00   1.32e+02   8.75e-01 (  2.34e+03,  6.72e+00)
 4 n: 9.123e-04 e: 3.141e-05 i: 3.695e-04 :: e: 1.125e-01 i: 8.157e-02 :: n: 2.073e+01 e:11.946 i:10.699 v:4.993e+03
>>> tau_he = 5.000000, nhe(0)=6.063058e-01
 5     -1.127   6.41e-04   1.42e-01   8.67e-04  -2.54e-03   5.41e-06 (  2.74e-02,  5.89e+00)
10     -0.115  -2.65e-05  -1.03e-03  -4.08e-04  -1.40e-03   3.19e-05 ( -2.82e-03,  1.25e+01)
15     -0.307   1.63e-04  -1.25e-03  -1.30e-03  -2.33e-02   1.38e-04 (  2.80e-02,  1.91e+01)
20     -0.368   2.02e-03   1.72e-03   3.23e-03  -1.32e-01   5.03e-04 (  4.37e-01,  2.39e+01)
25     -0.079   3.34e-03   5.63e-03  -2.38e-03  -1.09e-01   1.61e-03 (  7.03e-01,  2.65e+01)
30     -0.011   2.34e-02   1.70e-02   1.58e-02  -2.53e-02   4.60e-03 (  4.38e+00,  2.78e+01)
35      0.004   4.08e-02   4.59e-02   3.68e-02   6.26e-03   1.18e-02 (  7.34e+00,  2.91e+01)
40      0.022   5.17e-02   4.81e-02   4.35e-02   3.86e-02   2.71e-02 (  8.80e+00,  2.92e+01)
45      0.018   5.93e-02   6.48e-02   8.54e-02   4.19e-02   5.64e-02 (  9.36e+00,  2.77e+01)
50      0.033   7.29e-02   9.11e-02   1.07e-01   8.49e-02   1.06e-01 (  1.09e+01,  2.56e+01)
55      0.046   7.75e-02   9.71e-02   1.23e-01   1.56e-01   1.82e-01 (  1.07e+01,  2.31e+01)
60      0.044   7.22e-02   9.44e-02   1.27e-01   2.24e-01   2.85e-01 (  9.20e+00,  2.05e+01)
65      0.039   8.33e-02   1.17e-01   1.33e-01   3.10e-01   4.08e-01 (  1.01e+01,  1.84e+01)
70      0.041   9.51e-02   1.48e-01   1.55e-01   4.35e-01   5.40e-01 (  1.09e+01,  1.74e+01)
75      0.050   1.07e-01   1.68e-01   1.99e-01   6.01e-01   6.63e-01 (  1.08e+01,  1.53e+01)
80      0.055   1.15e-01   1.77e-01   1.82e-01   7.04e-01   7.64e-01 (  9.96e+00,  1.32e+01)
85      0.049   1.05e-01   1.22e-01   1.45e-01   6.30e-01   8.32e-01 (  7.84e+00,  1.10e+01)
90      0.100   1.88e-01   3.45e-01   3.80e-01   1.21e+00   8.67e-01 (  2.07e+01,  8.74e+00)
95      2.107   4.35e+00   5.80e+00   4.32e+00   1.32e+02   8.75e-01 (  2.34e+03,  6.72e+00)
 5 n: 1.637e-04 e: 4.679e-04 i: 2.136e-05 :: e: 1.247e-01 i: 9.307e-02 :: n: 2.078e+01 e:11.585 i:10.722 v:4.993e+03
>>> tau_he = 5.000000, nhe(0)=6.116553e-01
 5     -1.079   6.32e-04   1.46e-01   8.62e-04  -2.44e-03   5.41e-06 (  2.52e-02,  5.89e+00)
10     -0.106  -2.26e-05  -9.62e-04  -3.82e-04  -1.29e-03   3.19e-05 ( -2.26e-03,  1.25e+01)
15     -0.249   3.45e-05  -1.18e-03  -1.44e-03  -1.89e-02   1.38e-04 (  5.62e-03,  1.91e+01)
20     -0.292   3.17e-03   1.60e-04  -3.88e-03  -1.05e-01   5.03e-04 (  6.50e-01,  2.39e+01)
25     -0.069   1.46e-03   3.24e-03  -2.77e-03  -9.48e-02   1.61e-03 (  2.92e-01,  2.65e+01)
30     -0.010   1.93e-02   1.26e-02   7.44e-03  -2.18e-02   4.60e-03 (  3.45e+00,  2.78e+01)
35      0.017   3.72e-02   3.75e-02   4.92e-02   2.54e-02   1.18e-02 (  6.40e+00,  2.91e+01)
40      0.030   4.40e-02   4.63e-02   6.51e-02   5.32e-02   2.71e-02 (  7.17e+00,  2.92e+01)
45      0.017   6.09e-02   6.44e-02   7.61e-02   3.79e-02   5.64e-02 (  9.19e+00,  2.77e+01)
50      0.035   6.66e-02   8.28e-02   9.75e-02   9.30e-02   1.06e-01 (  9.46e+00,  2.56e+01)
55      0.048   7.38e-02   9.18e-02   1.17e-01   1.62e-01   1.82e-01 (  9.67e+00,  2.31e+01)
60      0.045   6.92e-02   9.41e-02   1.25e-01   2.36e-01   2.85e-01 (  8.43e+00,  2.05e+01)
65      0.041   8.02e-02   1.18e-01   1.32e-01   3.30e-01   4.08e-01 (  9.30e+00,  1.84e+01)
70      0.043   9.37e-02   1.50e-01   1.54e-01   4.64e-01   5.40e-01 (  1.03e+01,  1.74e+01)
75      0.052   1.08e-01   1.74e-01   1.93e-01   6.31e-01   6.63e-01 (  1.04e+01,  1.53e+01)
80      0.062   1.28e-01   1.95e-01   2.00e-01   8.02e-01   7.64e-01 (  1.06e+01,  1.32e+01)
85      0.051   1.11e-01   1.28e-01   1.50e-01   6.62e-01   8.32e-01 (  7.89e+00,  1.10e+01)
90      0.101   1.89e-01   3.46e-01   3.81e-01   1.22e+00   8.67e-01 (  2.05e+01,  8.74e+00)
95      2.107   4.35e+00   5.80e+00   4.32e+00   1.32e+02   8.75e-01 (  2.34e+03,  6.72e+00)
 6 n: 2.521e-04 e: 3.643e-05 i: 3.006e-04 :: e: 1.217e-01 i: 8.425e-02 :: n: 2.079e+01 e:11.645 i:10.486 v:4.993e+03
>>> tau_he = 5.000000, nhe(0)=5.836408e-01
 5     -1.018   5.99e-04   1.43e-01   8.45e-04  -2.31e-03   5.41e-06 (  2.35e-02,  5.89e+00)
10     -0.098  -2.27e-05  -9.23e-04  -3.71e-04  -1.21e-03   3.19e-05 ( -2.25e-03,  1.25e+01)
15     -0.233   4.99e-04  -1.28e-03  -1.31e-03  -1.78e-02   1.38e-04 (  8.03e-02,  1.91e+01)
20     -0.286   2.54e-03   4.19e-04  -3.30e-03  -1.03e-01   5.03e-04 (  5.15e-01,  2.39e+01)
25     -0.069   1.87e-03   3.21e-03  -2.72e-03  -9.47e-02   1.61e-03 (  3.77e-01,  2.65e+01)
30     -0.012   1.94e-02   1.36e-02   8.32e-03  -2.58e-02   4.60e-03 (  3.50e+00,  2.78e+01)
35      0.014   3.70e-02   3.85e-02   5.03e-02   2.06e-02   1.18e-02 (  6.45e+00,  2.91e+01)
40      0.034   4.61e-02   4.64e-02   6.65e-02   5.98e-02   2.71e-02 (  7.64e+00,  2.92e+01)
45      0.014   6.12e-02   6.49e-02   7.62e-02   3.20e-02   5.64e-02 (  9.39e+00,  2.77e+01)
50      0.031   6.57e-02   8.06e-02   9.47e-02   8.28e-02   1.06e-01 (  9.49e+00,  2.56e+01)
55      0.043   7.28e-02   8.83e-02   1.13e-01   1.49e-01   1.82e-01 (  9.72e+00,  2.31e+01)
60      0.042   6.78e-02   8.93e-02   1.20e-01   2.19e-01   2.85e-01 (  8.44e+00,  2.05e+01)
65      0.037   7.74e-02   1.10e-01   1.25e-01   3.03e-01   4.08e-01 (  9.14e+00,  1.84e+01)
70      0.039   8.91e-02   1.39e-01   1.45e-01   4.23e-01   5.40e-01 (  9.94e+00,  1.74e+01)
75      0.047   1.00e-01   1.56e-01   1.82e-01   5.67e-01   6.63e-01 (  9.80e+00,  1.53e+01)
80      0.049   1.02e-01   1.60e-01   1.60e-01   6.31e-01   7.64e-01 (  8.60e+00,  1.32e+01)
85      0.035   7.43e-02   9.38e-02   1.05e-01   4.53e-01   8.32e-01 (  5.36e+00,  1.10e+01)
90      0.098   1.85e-01   3.34e-01   3.67e-01   1.18e+00   8.67e-01 (  2.01e+01,  8.74e+00)
95      2.107   4.35e+00   5.80e+00   4.32e+00   1.32e+02   8.75e-01 (  2.34e+03,  6.72e+00)
 7 n: 6.611e-04 e: 3.817e-04 i: 2.493e-05 :: e: 1.358e-01 i: 1.029e-01 :: n: 2.085e+01 e:11.345 i:10.532 v:4.993e+03
>>> tau_he = 5.000000, nhe(0)=5.924999e-01
 5     -0.989   5.93e-04   1.47e-01   8.42e-04  -2.25e-03   5.41e-06 (  2.20e-02,  5.89e+00)
10     -0.092  -1.96e-05  -8.74e-04  -3.53e-04  -1.14e-03   3.19e-05 ( -1.85e-03,  1.25e+01)
15     -0.191  -2.41e-04  -1.50e-03  -1.30e-03  -1.46e-02   1.38e-04 ( -3.71e-02,  1.91e+01)
20     -0.248   3.81e-03   8.61e-05  -4.87e-03  -9.00e-02   5.03e-04 (  7.40e-01,  2.39e+01)
25     -0.058   1.46e-03   2.57e-03  -2.09e-03  -8.03e-02   1.61e-03 (  2.84e-01,  2.65e+01)
30      0.003   3.11e-02   2.63e-02   4.49e-03   7.33e-03   4.60e-03 (  5.44e+00,  2.78e+01)
35      0.010   3.75e-02   4.03e-02   4.14e-02   1.40e-02   1.18e-02 (  6.32e+00,  2.91e+01)
40      0.029   4.11e-02   4.27e-02   5.96e-02   5.05e-02   2.71e-02 (  6.59e+00,  2.92e+01)
45      0.017   5.72e-02   6.03e-02   6.95e-02   4.14e-02   5.64e-02 (  8.49e+00,  2.77e+01)
50      0.034   6.16e-02   7.55e-02   8.84e-02   9.08e-02   1.06e-01 (  8.58e+00,  2.56e+01)
55      0.046   6.90e-02   8.60e-02   1.09e-01   1.60e-01   1.82e-01 (  8.88e+00,  2.31e+01)
60      0.043   6.59e-02   8.98e-02   1.19e-01   2.32e-01   2.85e-01 (  7.89e+00,  2.05e+01)
65      0.038   7.51e-02   1.12e-01   1.24e-01   3.23e-01   4.08e-01 (  8.48e+00,  1.84e+01)
70      0.041   8.80e-02   1.41e-01   1.45e-01   4.52e-01   5.40e-01 (  9.37e+00,  1.74e+01)
75      0.050   1.03e-01   1.61e-01   1.85e-01   6.11e-01   6.63e-01 (  9.62e+00,  1.53e+01)
80      0.054   1.13e-01   1.73e-01   1.70e-01   7.17e-01   7.64e-01 (  9.04e+00,  1.32e+01)
85      0.042   9.21e-02   1.06e-01   1.21e-01   5.48e-01   8.32e-01 (  6.28e+00,  1.10e+01)
90      0.098   1.83e-01   3.32e-01   3.67e-01   1.17e+00   8.67e-01 (  1.96e+01,  8.74e+00)
95      2.107   4.35e+00   5.80e+00   4.32e+00   1.32e+02   8.75e-01 (  2.34e+03,  6.72e+00)
 8 n: 1.493e-04 e: 4.627e-05 i: 2.545e-04 :: e: 1.141e-01 i: 8.520e-02 :: n: 2.090e+01 e:11.427 i:10.329 v:4.993e+03
>>> tau_he = 5.000000, nhe(0)=5.699908e-01
 5     -0.945   5.67e-04   1.44e-01   8.28e-04  -2.16e-03   5.41e-06 (  2.10e-02,  5.89e+00)
10     -0.088  -2.01e-05  -8.51e-04  -3.47e-04  -1.08e-03   3.19e-05 ( -1.89e-03,  1.25e+01)
15     -0.185  -2.32e-04  -1.45e-03  -1.27e-03  -1.42e-02   1.38e-04 ( -3.55e-02,  1.91e+01)
20     -0.244   3.35e-03   6.51e-05  -4.68e-03  -8.86e-02   5.03e-04 (  6.50e-01,  2.39e+01)
25     -0.060   1.35e-03   2.76e-03  -2.15e-03  -8.24e-02   1.61e-03 (  2.65e-01,  2.65e+01)
30      0.001   3.13e-02   2.85e-02   5.54e-03   2.55e-03   4.60e-03 (  5.56e+00,  2.78e+01)
35      0.009   3.81e-02   4.22e-02   4.29e-02   1.40e-02   1.18e-02 (  6.54e+00,  2.91e+01)
40      0.033   4.41e-02   4.46e-02   6.30e-02   6.01e-02   2.71e-02 (  7.24e+00,  2.92e+01)
45      0.016   5.88e-02   6.29e-02   7.25e-02   3.85e-02   5.64e-02 (  8.92e+00,  2.77e+01)
50      0.031   6.21e-02   7.59e-02   8.85e-02   8.45e-02   1.06e-01 (  8.85e+00,  2.56e+01)
55      0.042   6.92e-02   8.44e-02   1.07e-01   1.50e-01   1.82e-01 (  9.11e+00,  2.31e+01)
60      0.040   6.50e-02   8.61e-02   1.15e-01   2.18e-01   2.85e-01 (  7.96e+00,  2.05e+01)
65      0.035   7.26e-02   1.04e-01   1.17e-01   2.97e-01   4.08e-01 (  8.36e+00,  1.84e+01)
70      0.037   8.38e-02   1.32e-01   1.37e-01   4.14e-01   5.40e-01 (  9.08e+00,  1.74e+01)
75      0.044   9.45e-02   1.51e-01   1.61e-01   5.49e-01   6.63e-01 (  8.93e+00,  1.53e+01)
80      0.049   1.02e-01   1.58e-01   1.52e-01   6.49e-01   7.64e-01 (  8.34e+00,  1.32e+01)
85      0.028   5.79e-02   8.22e-02   8.02e-02   3.68e-01   8.32e-01 (  4.01e+00,  1.10e+01)
90      0.094   1.76e-01   3.14e-01   3.52e-01   1.12e+00   8.67e-01 (  1.89e+01,  8.74e+00)
95      2.107   4.35e+00   5.80e+00   4.32e+00   1.32e+02   8.75e-01 (  2.34e+03,  6.72e+00)
 9 n: 9.717e-04 e: 3.265e-04 i: 3.266e-05 :: e: 1.246e-01 i: 9.087e-02 :: n: 2.096e+01 e:11.163 i:10.390 v:4.993e+03
>>> tau_he = 5.000000, nhe(0)=5.808504e-01
 5     -0.929   5.65e-04   1.47e-01   8.27e-04  -2.13e-03   5.41e-06 (  2.00e-02,  5.89e+00)
10     -0.084  -1.75e-05  -8.16e-04  -3.33e-04  -1.04e-03   3.19e-05 ( -1.59e-03,  1.25e+01)
15     -0.158  -2.76e-04  -1.68e-03  -1.18e-03  -1.22e-02   1.38e-04 ( -4.09e-02,  1.91e+01)
20     -0.223   3.93e-03   5.79e-05  -3.43e-03  -8.13e-02   5.03e-04 (  7.36e-01,  2.39e+01)
25     -0.051   2.50e-03   2.73e-03  -1.94e-04  -6.99e-02   1.61e-03 (  4.77e-01,  2.65e+01)
30     -0.027   8.18e-03   6.86e-03  -2.48e-03  -5.51e-02   4.60e-03 (  1.41e+00,  2.78e+01)
35      0.012   3.48e-02   3.68e-02   3.55e-02   1.81e-02   1.18e-02 (  5.81e+00,  2.91e+01)
40      0.026   4.39e-02   4.13e-02   5.75e-02   4.76e-02   2.71e-02 (  7.03e+00,  2.92e+01)
45      0.019   5.58e-02   5.94e-02   6.75e-02   4.65e-02   5.64e-02 (  8.23e+00,  2.77e+01)
50      0.033   5.91e-02   7.24e-02   8.40e-02   9.24e-02   1.06e-01 (  8.16e+00,  2.56e+01)
55      0.044   6.64e-02   8.33e-02   1.05e-01   1.61e-01   1.82e-01 (  8.45e+00,  2.31e+01)
60      0.042   6.36e-02   8.72e-02   1.15e-01   2.31e-01   2.85e-01 (  7.51e+00,  2.05e+01)
65      0.037   7.12e-02   1.07e-01   1.17e-01   3.19e-01   4.08e-01 (  7.87e+00,  1.84e+01)
70      0.039   8.40e-02   1.36e-01   1.37e-01   4.48e-01   5.40e-01 (  8.69e+00,  1.74e+01)
75      0.047   9.87e-02   1.56e-01   1.63e-01   5.96e-01   6.63e-01 (  8.86e+00,  1.53e+01)
80      0.058   1.22e-01   1.83e-01   1.76e-01   7.83e-01   7.64e-01 (  9.40e+00,  1.32e+01)
85      0.033   7.03e-02   9.00e-02   9.38e-02   4.35e-01   8.32e-01 (  4.59e+00,  1.10e+01)
90      0.094   1.74e-01   3.11e-01   3.53e-01   1.11e+00   8.67e-01 (  1.83e+01,  8.74e+00)
95      2.107   4.35e+00   5.80e+00   4.32e+00   1.32e+02   8.75e-01 (  2.34e+03,  6.72e+00)
10 n: 3.729e-04 e: 5.858e-05 i: 2.222e-04 :: e: 1.126e-01 i: 8.075e-02 :: n: 2.098e+01 e:11.262 i:10.208 v:4.993e+03
>>> tau_he = 5.000000, nhe(0)=5.596874e-01
 5     -0.894   5.44e-04   1.44e-01   8.14e-04  -2.05e-03   5.41e-06 (  1.92e-02,  5.89e+00)
10     -0.080  -1.84e-05  -8.02e-04  -3.30e-04  -9.98e-04   3.19e-05 ( -1.66e-03,  1.25e+01)
15     -0.156  -2.65e-04  -1.62e-03  -1.17e-03  -1.20e-02   1.38e-04 ( -3.92e-02,  1.91e+01)
20     -0.213   2.50e-03   3.31e-05  -3.68e-03  -7.76e-02   5.03e-04 (  4.68e-01,  2.39e+01)
25     -0.052   2.40e-03   2.76e-03  -2.61e-04  -7.23e-02   1.61e-03 (  4.63e-01,  2.65e+01)
30     -0.004   2.96e-02   2.58e-02   6.48e-04  -8.56e-03   4.60e-03 (  5.19e+00,  2.78e+01)
35      0.010   3.60e-02   3.97e-02   3.92e-02   1.43e-02   1.18e-02 (  6.13e+00,  2.91e+01)
40      0.028   4.15e-02   4.50e-02   6.17e-02   5.06e-02   2.71e-02 (  6.78e+00,  2.92e+01)
45      0.017   5.77e-02   6.27e-02   7.16e-02   4.21e-02   5.64e-02 (  8.70e+00,  2.77e+01)
50      0.031   6.02e-02   7.38e-02   8.53e-02   8.64e-02   1.06e-01 (  8.50e+00,  2.56e+01)
55      0.042   6.71e-02   8.25e-02   1.04e-01   1.52e-01   1.82e-01 (  8.74e+00,  2.31e+01)
60      0.039   6.30e-02   8.41e-02   1.12e-01   2.18e-01   2.85e-01 (  7.63e+00,  2.05e+01)
65      0.034   6.93e-02   1.01e-01   1.11e-01   2.96e-01   4.08e-01 (  7.82e+00,  1.84e+01)
70      0.036   8.11e-02   1.29e-01   1.31e-01   4.17e-01   5.40e-01 (  8.55e+00,  1.74e+01)
75      0.044   9.35e-02   1.47e-01   1.58e-01   5.56e-01   6.63e-01 (  8.53e+00,  1.53e+01)
80      0.055   1.16e-01   1.72e-01   1.64e-01   7.43e-01   7.64e-01 (  9.10e+00,  1.32e+01)
85      0.038   8.12e-02   1.11e-01   1.09e-01   5.05e-01   8.32e-01 (  5.41e+00,  1.10e+01)
90      0.088   1.64e-01   2.87e-01   3.30e-01   1.03e+00   8.67e-01 (  1.73e+01,  8.74e+00)
95      2.107   4.35e+00   5.80e+00   4.32e+00   1.32e+02   8.75e-01 (  2.34e+03,  6.72e+00)
11 n: 2.474e-04 e: 2.879e-04 i: 3.979e-05 :: e: 9.373e-02 i: 6.800e-02 :: n: 2.104e+01 e:11.023 i:10.281 v:4.993e+03
>>> tau_he = 5.000000, nhe(0)=5.714726e-01
 5     -0.884   5.43e-04   1.47e-01   8.15e-04  -2.03e-03   5.41e-06 (  1.84e-02,  5.89e+00)
10     -0.078  -1.61e-05  -7.72e-04  -3.19e-04  -9.68e-04   3.19e-05 ( -1.41e-03,  1.25e+01)
15     -0.135  -3.01e-04  -1.79e-03  -1.11e-03  -1.04e-02   1.38e-04 ( -4.31e-02,  1.91e+01)
20     -0.197   3.00e-03  -3.48e-05  -2.77e-03  -7.17e-02   5.03e-04 (  5.44e-01,  2.39e+01)
25     -0.047   2.21e-03   2.41e-03  -2.05e-04  -6.49e-02   1.61e-03 (  4.15e-01,  2.65e+01)
30     -0.028   7.69e-03   6.63e-03  -2.88e-03  -5.55e-02   4.60e-03 (  1.31e+00,  2.78e+01)
35      0.011   3.34e-02   3.52e-02   3.33e-02   1.51e-02   1.18e-02 (  5.54e+00,  2.91e+01)
40      0.026   4.33e-02   4.11e-02   5.70e-02   4.71e-02   2.71e-02 (  6.91e+00,  2.92e+01)
45      0.019   5.50e-02   5.93e-02   6.71e-02   4.83e-02   5.64e-02 (  8.08e+00,  2.77e+01)
50      0.033   5.76e-02   7.07e-02   8.15e-02   9.35e-02   1.06e-01 (  7.90e+00,  2.56e+01)
55      0.044   6.48e-02   8.18e-02   1.02e-01   1.62e-01   1.82e-01 (  8.16e+00,  2.31e+01)
60      0.040   6.20e-02   8.57e-02   1.11e-01   2.31e-01   2.85e-01 (  7.25e+00,  2.05e+01)
65      0.035   6.89e-02   1.04e-01   1.12e-01   3.19e-01   4.08e-01 (  7.47e+00,  1.84e+01)
70      0.039   8.24e-02   1.33e-01   1.32e-01   4.53e-01   5.40e-01 (  8.32e+00,  1.74e+01)
75      0.047   9.73e-02   1.51e-01   1.61e-01   5.98e-01   6.63e-01 (  8.45e+00,  1.53e+01)
80      0.057   1.22e-01   1.77e-01   1.67e-01   7.86e-01   7.64e-01 (  9.04e+00,  1.32e+01)
85      0.040   8.87e-02   1.17e-01   1.14e-01   5.45e-01   8.32e-01 (  5.55e+00,  1.10e+01)
90      0.090   1.65e-01   2.91e-01   3.33e-01   1.05e+00   8.67e-01 (  1.71e+01,  8.74e+00)
95      2.107   4.35e+00   5.80e+00   4.32e+00   1.32e+02   8.75e-01 (  2.34e+03,  6.72e+00)
12 n: 1.539e-04 e: 6.870e-05 i: 2.000e-04 :: e: 8.979e-02 i: 6.451e-02 :: n: 2.107e+01 e:11.133 i:10.113 v:4.993e+03
>>> tau_he = 5.000000, nhe(0)=5.523786e-01
 5     -0.855   5.25e-04   1.44e-01   8.04e-04  -1.97e-03   5.41e-06 (  1.78e-02,  5.89e+00)
10     -0.075  -1.70e-05  -7.64e-04  -3.18e-04  -9.37e-04   3.19e-05 ( -1.50e-03,  1.25e+01)
15     -0.136  -2.87e-04  -1.72e-03  -1.10e-03  -1.05e-02   1.38e-04 ( -4.12e-02,  1.91e+01)
20     -0.198   2.68e-03  -7.34e-06  -3.00e-03  -7.23e-02   5.03e-04 (  4.88e-01,  2.39e+01)
25     -0.049   2.16e-03   2.72e-03  -1.48e-04  -6.78e-02   1.61e-03 (  4.10e-01,  2.65e+01)
30     -0.028   8.55e-03   7.01e-03   1.56e-06  -5.40e-02   4.60e-03 (  1.50e+00,  2.78e+01)
35      0.009   3.49e-02   3.87e-02   3.79e-02   1.30e-02   1.18e-02 (  5.92e+00,  2.91e+01)
40      0.025   4.50e-02   4.46e-02   6.18e-02   4.55e-02   2.71e-02 (  7.35e+00,  2.92e+01)
45      0.018   5.70e-02   6.27e-02   7.16e-02   4.39e-02   5.64e-02 (  8.57e+00,  2.77e+01)
50      0.031   5.89e-02   7.24e-02   8.32e-02   8.80e-02   1.06e-01 (  8.28e+00,  2.56e+01)
55      0.041   6.56e-02   8.15e-02   1.02e-01   1.54e-01   1.82e-01 (  8.49e+00,  2.31e+01)
60      0.038   6.15e-02   8.26e-02   1.08e-01   2.18e-01   2.85e-01 (  7.39e+00,  2.05e+01)
65      0.032   6.71e-02   9.89e-02   1.06e-01   2.97e-01   4.08e-01 (  7.46e+00,  1.84e+01)
70      0.036   7.98e-02   1.28e-01   1.28e-01   4.25e-01   5.40e-01 (  8.23e+00,  1.74e+01)
75      0.044   9.33e-02   1.43e-01   1.52e-01   5.66e-01   6.63e-01 (  8.25e+00,  1.53e+01)
80      0.054   1.16e-01   1.66e-01   1.56e-01   7.43e-01   7.64e-01 (  8.74e+00,  1.32e+01)
85      0.037   8.24e-02   1.07e-01   1.03e-01   5.05e-01   8.32e-01 (  5.26e+00,  1.10e+01)
90      0.087   1.61e-01   2.79e-01   3.23e-01   1.01e+00   8.67e-01 (  1.68e+01,  8.74e+00)
95      2.107   4.35e+00   5.80e+00   4.32e+00   1.32e+02   8.75e-01 (  2.34e+03,  6.72e+00)
13 n: 2.189e-04 e: 2.589e-04 i: 4.838e-05 :: e: 8.588e-02 i: 6.449e-02 :: n: 2.112e+01 e:10.913 i:10.196 v:4.993e+03
>>> tau_he = 5.000000, nhe(0)=5.653641e-01
 5     -0.851   5.26e-04   1.48e-01   8.05e-04  -1.96e-03   5.41e-06 (  1.72e-02,  5.89e+00)
10     -0.073  -1.50e-05  -7.39e-04  -3.09e-04  -9.14e-04   3.19e-05 ( -1.28e-03,  1.25e+01)
15     -0.067  -2.70e-04  -2.35e-03  -1.10e-03  -5.21e-03   1.38e-04 ( -3.78e-02,  1.91e+01)
20     -0.161   2.32e-03  -8.57e-05  -2.39e-03  -5.87e-02   5.03e-04 (  4.11e-01,  2.39e+01)
25     -0.045   2.02e-03   2.28e-03  -2.39e-04  -6.20e-02   1.61e-03 (  3.74e-01,  2.65e+01)
30     -0.028   7.99e-03   6.43e-03  -3.04e-03  -5.42e-02   4.60e-03 (  1.37e+00,  2.78e+01)
35      0.010   3.27e-02   3.46e-02   3.25e-02   1.34e-02   1.18e-02 (  5.42e+00,  2.91e+01)
40      0.026   4.28e-02   4.11e-02   5.68e-02   4.70e-02   2.71e-02 (  6.81e+00,  2.92e+01)
45      0.020   5.43e-02   5.93e-02   6.69e-02   4.96e-02   5.64e-02 (  7.96e+00,  2.77e+01)
50      0.033   5.65e-02   6.96e-02   7.97e-02   9.47e-02   1.06e-01 (  7.71e+00,  2.56e+01)
55      0.043   6.35e-02   8.07e-02   1.00e-01   1.64e-01   1.82e-01 (  7.95e+00,  2.31e+01)
60      0.039   6.09e-02   8.44e-02   1.09e-01   2.32e-01   2.85e-01 (  7.06e+00,  2.05e+01)
65      0.034   6.72e-02   1.03e-01   1.07e-01   3.22e-01   4.08e-01 (  7.17e+00,  1.84e+01)
70      0.038   8.19e-02   1.32e-01   1.28e-01   4.62e-01   5.40e-01 (  8.10e+00,  1.74e+01)
75      0.046   9.73e-02   1.48e-01   1.55e-01   6.06e-01   6.63e-01 (  8.20e+00,  1.53e+01)
80      0.057   1.23e-01   1.71e-01   1.61e-01   7.90e-01   7.64e-01 (  8.79e+00,  1.32e+01)
85      0.040   8.98e-02   1.13e-01   1.07e-01   5.43e-01   8.32e-01 (  5.40e+00,  1.10e+01)
90      0.088   1.62e-01   2.84e-01   3.27e-01   1.03e+00   8.67e-01 (  1.67e+01,  8.74e+00)
95      2.107   4.35e+00   5.80e+00   4.32e+00   1.32e+02   8.75e-01 (  2.34e+03,  6.72e+00)
14 n: 1.313e-04 e: 7.973e-05 i: 1.811e-04 :: e: 7.547e-02 i: 5.608e-02 :: n: 2.115e+01 e:11.034 i:10.040 v:4.993e+03
>>> tau_he = 5.000000, nhe(0)=5.474125e-01
 5     -0.827   5.10e-04   1.45e-01   7.95e-04  -1.91e-03   5.41e-06 (  1.68e-02,  5.89e+00)
10     -0.071  -1.60e-05  -7.34e-04  -3.09e-04  -8.91e-04   3.19e-05 ( -1.37e-03,  1.25e+01)
15     -0.119  -3.01e-04  -1.66e-03  -9.75e-04  -9.23e-03   1.38e-04 ( -4.24e-02,  1.91e+01)
20     -0.180   2.04e-03  -7.81e-05  -2.65e-03  -6.59e-02   5.03e-04 (  3.65e-01,  2.39e+01)
25     -0.047   2.00e-03   2.49e-03  -1.58e-04  -6.53e-02   1.61e-03 (  3.77e-01,  2.65e+01)
30     -0.006   2.90e-02   2.62e-02   3.51e-03  -1.20e-02   4.60e-03 (  5.11e+00,  2.78e+01)
35      0.009   3.45e-02   3.84e-02   3.77e-02   1.17e-02   1.18e-02 (  5.85e+00,  2.91e+01)
40      0.025   4.46e-02   4.47e-02   6.18e-02   4.57e-02   2.71e-02 (  7.27e+00,  2.92e+01)
45      0.018   5.64e-02   6.28e-02   7.15e-02   4.50e-02   5.64e-02 (  8.47e+00,  2.77e+01)
50      0.031   5.79e-02   7.14e-02   8.16e-02   8.93e-02   1.06e-01 (  8.11e+00,  2.56e+01)
55      0.041   6.44e-02   8.05e-02   1.00e-01   1.57e-01   1.82e-01 (  8.29e+00,  2.31e+01)
60      0.037   6.03e-02   8.13e-02   1.05e-01   2.19e-01   2.85e-01 (  7.19e+00,  2.05e+01)
65      0.032   6.41e-02   9.77e-02   1.02e-01   3.00e-01   4.08e-01 (  7.03e+00,  1.84e+01)
70      0.036   7.93e-02   1.27e-01   1.25e-01   4.35e-01   5.40e-01 (  8.03e+00,  1.74e+01)
75      0.046   9.85e-02   1.47e-01   1.56e-01   6.05e-01   6.63e-01 (  8.48e+00,  1.53e+01)
80      0.055   1.18e-01   1.62e-01   1.55e-01   7.62e-01   7.64e-01 (  8.64e+00,  1.32e+01)
85      0.037   8.42e-02   1.04e-01   9.82e-02   5.10e-01   8.32e-01 (  5.17e+00,  1.10e+01)
90      0.085   1.58e-01   2.73e-01   3.17e-01   9.96e-01   8.67e-01 (  1.64e+01,  8.74e+00)
95      2.107   4.35e+00   5.80e+00   4.32e+00   1.32e+02   8.75e-01 (  2.34e+03,  6.72e+00)
15 n: 2.515e-04 e: 2.381e-04 i: 5.609e-05 :: e: 6.155e-02 i: 5.083e-02 :: n: 2.120e+01 e:10.826 i:10.129 v:4.993e+03
>>> tau_he = 5.000000, nhe(0)=5.608248e-01
 5     -0.826   5.12e-04   1.48e-01   7.97e-04  -1.91e-03   5.41e-06 (  1.64e-02,  5.89e+00)
10     -0.070  -1.42e-05  -7.15e-04  -3.01e-04  -8.77e-04   3.19e-05 ( -1.18e-03,  1.25e+01)
15     -0.062  -5.24e-05  -2.18e-03  -9.94e-04  -4.77e-03   1.38e-04 ( -7.19e-03,  1.91e+01)
20     -0.150   1.83e-03  -1.44e-04  -2.19e-03  -5.48e-02   5.03e-04 (  3.20e-01,  2.39e+01)
25     -0.043   1.90e-03   1.93e-03  -3.51e-04  -6.03e-02   1.61e-03 (  3.50e-01,  2.65e+01)
30     -0.028   7.86e-03   6.28e-03  -3.12e-03  -5.38e-02   4.60e-03 (  1.35e+00,  2.78e+01)
35      0.009   3.23e-02   3.44e-02   3.23e-02   1.23e-02   1.18e-02 (  5.36e+00,  2.91e+01)
40      0.026   4.27e-02   4.15e-02   5.73e-02   4.73e-02   2.71e-02 (  6.80e+00,  2.92e+01)
45      0.020   5.39e-02   5.96e-02   6.73e-02   5.05e-02   5.64e-02 (  7.90e+00,  2.77e+01)
50      0.033   5.57e-02   6.90e-02   7.87e-02   9.60e-02   1.06e-01 (  7.60e+00,  2.56e+01)
55      0.043   6.25e-02   8.00e-02   9.87e-02   1.66e-01   1.82e-01 (  7.80e+00,  2.31e+01)
60      0.039   6.07e-02   8.39e-02   1.09e-01   2.37e-01   2.85e-01 (  6.99e+00,  2.05e+01)
65      0.034   6.51e-02   1.02e-01   1.04e-01   3.26e-01   4.08e-01 (  6.87e+00,  1.84e+01)
70      0.038   8.19e-02   1.31e-01   1.26e-01   4.71e-01   5.40e-01 (  7.95e+00,  1.74e+01)
75      0.046   9.70e-02   1.44e-01   1.49e-01   6.07e-01   6.63e-01 (  7.95e+00,  1.53e+01)
80      0.057   1.25e-01   1.67e-01   1.59e-01   8.04e-01   7.64e-01 (  8.68e+00,  1.32e+01)
85      0.040   9.19e-02   1.11e-01   1.03e-01   5.48e-01   8.32e-01 (  5.32e+00,  1.10e+01)
90      0.087   1.60e-01   2.78e-01   3.22e-01   1.02e+00   8.67e-01 (  1.64e+01,  8.74e+00)
95      2.107   4.35e+00   5.80e+00   4.32e+00   1.32e+02   8.75e-01 (  2.34e+03,  6.72e+00)
16 n: 1.191e-04 e: 8.906e-05 i: 1.687e-04 :: e: 6.568e-02 i: 4.836e-02 :: n: 2.122e+01 e:10.954 i:9.979 v:4.993e+03
>>> tau_he = 5.000000, nhe(0)=5.433102e-01
 5     -0.805   4.98e-04   1.45e-01   7.88e-04  -1.86e-03   5.41e-06 (  1.61e-02,  5.89e+00)
10     -0.069  -1.53e-05  -7.14e-04  -3.02e-04  -8.58e-04   3.19e-05 ( -1.29e-03,  1.25e+01)
15     -0.062  -2.65e-04  -2.15e-03  -9.90e-04  -4.79e-03   1.38e-04 ( -3.66e-02,  1.91e+01)
20     -0.154   1.69e-03  -8.35e-05  -2.44e-03  -5.61e-02   5.03e-04 (  2.97e-01,  2.39e+01)
25     -0.046   1.88e-03   2.41e-03  -1.79e-04  -6.33e-02   1.61e-03 (  3.52e-01,  2.65e+01)
30     -0.007   2.85e-02   2.58e-02   3.59e-03  -1.29e-02   4.60e-03 (  5.03e+00,  2.78e+01)
35      0.008   3.41e-02   3.81e-02   3.74e-02   1.07e-02   1.18e-02 (  5.78e+00,  2.91e+01)
40      0.026   4.45e-02   4.51e-02   6.23e-02   4.59e-02   2.71e-02 (  7.26e+00,  2.92e+01)
45      0.020   5.53e-02   5.69e-02   7.26e-02   4.97e-02   5.64e-02 (  8.31e+00,  2.77e+01)
50      0.031   5.73e-02   7.10e-02   8.07e-02   9.06e-02   1.06e-01 (  8.01e+00,  2.56e+01)
55      0.041   6.36e-02   7.98e-02   9.89e-02   1.58e-01   1.82e-01 (  8.15e+00,  2.31e+01)
60      0.036   5.95e-02   8.05e-02   1.03e-01   2.21e-01   2.85e-01 (  7.05e+00,  2.05e+01)
65      0.032   6.43e-02   9.51e-02   1.05e-01   3.11e-01   4.08e-01 (  6.98e+00,  1.84e+01)
70      0.036   7.95e-02   1.27e-01   1.23e-01   4.46e-01   5.40e-01 (  7.91e+00,  1.74e+01)
75      0.046   9.75e-02   1.44e-01   1.45e-01   6.07e-01   6.63e-01 (  8.18e+00,  1.53e+01)
80      0.056   1.22e-01   1.62e-01   1.52e-01   7.81e-01   7.64e-01 (  8.64e+00,  1.32e+01)
85      0.038   8.88e-02   1.07e-01   9.45e-02   5.29e-01   8.32e-01 (  5.28e+00,  1.10e+01)
90      0.084   1.57e-01   2.68e-01   3.12e-01   9.84e-01   8.67e-01 (  1.61e+01,  8.74e+00)
95      2.107   4.35e+00   5.80e+00   4.32e+00   1.32e+02   8.75e-01 (  2.34e+03,  6.72e+00)
17 n: 1.860e-04 e: 2.245e-04 i: 6.341e-05 :: e: 4.874e-02 i: 4.396e-02 :: n: 2.126e+01 e:10.753 i:10.073 v:4.993e+03
>>> tau_he = 5.000000, nhe(0)=5.570816e-01
 5     -0.807   5.01e-04   1.48e-01   7.91e-04  -1.87e-03   5.41e-06 (  1.57e-02,  5.89e+00)
10     -0.068  -1.35e-05  -6.97e-04  -2.95e-04  -8.47e-04   3.19e-05 ( -1.11e-03,  1.25e+01)
15     -0.058  -6.84e-05  -2.17e-03  -9.65e-04  -4.52e-03   1.38e-04 ( -9.25e-03,  1.91e+01)
20     -0.142   1.46e-03  -1.91e-04  -2.06e-03  -5.17e-02   5.03e-04 (  2.50e-01,  2.39e+01)
25     -0.042   1.78e-03   1.86e-03  -3.79e-04  -5.86e-02   1.61e-03 (  3.27e-01,  2.65e+01)
30     -0.028   7.68e-03   6.17e-03  -3.23e-03  -5.39e-02   4.60e-03 (  1.32e+00,  2.78e+01)
35      0.009   3.19e-02   3.41e-02   3.18e-02   1.14e-02   1.18e-02 (  5.29e+00,  2.91e+01)
40      0.027   4.26e-02   4.17e-02   5.76e-02   4.74e-02   2.71e-02 (  6.78e+00,  2.92e+01)
45      0.021   5.39e-02   6.04e-02   6.83e-02   5.11e-02   5.64e-02 (  7.88e+00,  2.77e+01)
50      0.033   5.52e-02   6.87e-02   7.80e-02   9.72e-02   1.06e-01 (  7.51e+00,  2.56e+01)
55      0.042   6.18e-02   7.94e-02   9.75e-02   1.67e-01   1.82e-01 (  7.68e+00,  2.31e+01)
60      0.038   6.01e-02   8.33e-02   1.06e-01   2.39e-01   2.85e-01 (  6.88e+00,  2.05e+01)
65      0.033   6.47e-02   1.02e-01   1.01e-01   3.30e-01   4.08e-01 (  6.76e+00,  1.84e+01)
70      0.038   8.21e-02   1.31e-01   1.24e-01   4.81e-01   5.40e-01 (  7.84e+00,  1.74e+01)
75      0.048   1.03e-01   1.48e-01   1.54e-01   6.44e-01   6.63e-01 (  8.23e+00,  1.53e+01)
80      0.057   1.26e-01   1.63e-01   1.54e-01   8.03e-01   7.64e-01 (  8.47e+00,  1.32e+01)
85      0.041   9.68e-02   1.13e-01   9.95e-02   5.68e-01   8.32e-01 (  5.42e+00,  1.10e+01)
90      0.086   1.59e-01   2.75e-01   3.18e-01   1.01e+00   8.67e-01 (  1.61e+01,  8.74e+00)
95      2.107   4.35e+00   5.80e+00   4.32e+00   1.32e+02   8.75e-01 (  2.34e+03,  6.72e+00)
18 n: 1.171e-04 e: 9.803e-05 i: 1.605e-04 :: e: 5.593e-02 i: 3.893e-02 :: n: 2.128e+01 e:10.886 i:9.927 v:4.993e+03
>>> tau_he = 5.000000, nhe(0)=5.397333e-01
 5     -0.788   4.88e-04   1.44e-01   7.82e-04  -1.83e-03   5.41e-06 (  1.55e-02,  5.89e+00)
10     -0.066  -1.47e-05  -6.97e-04  -2.97e-04  -8.31e-04   3.19e-05 ( -1.22e-03,  1.25e+01)
15     -0.059  -2.73e-04  -2.15e-03  -9.64e-04  -4.56e-03   1.38e-04 ( -3.73e-02,  1.91e+01)
20     -0.146   1.35e-03  -1.23e-04  -2.29e-03  -5.33e-02   5.03e-04 (  2.34e-01,  2.39e+01)
25     -0.045   1.77e-03   2.34e-03  -1.99e-04  -6.17e-02   1.61e-03 (  3.31e-01,  2.65e+01)
30     -0.030   8.55e-03   7.20e-03   3.53e-03  -5.69e-02   4.60e-03 (  1.50e+00,  2.78e+01)
35      0.007   3.37e-02   3.78e-02   3.70e-02   9.95e-03   1.18e-02 (  5.72e+00,  2.91e+01)
40      0.026   4.44e-02   4.53e-02   6.25e-02   4.60e-02   2.71e-02 (  7.24e+00,  2.92e+01)
45      0.020   5.53e-02   5.76e-02   7.35e-02   5.00e-02   5.64e-02 (  8.30e+00,  2.77e+01)
50      0.031   5.68e-02   7.06e-02   8.00e-02   9.16e-02   1.06e-01 (  7.94e+00,  2.56e+01)
55      0.040   6.29e-02   7.93e-02   9.77e-02   1.60e-01   1.82e-01 (  8.05e+00,  2.31e+01)
60      0.035   5.88e-02   7.99e-02   1.01e-01   2.22e-01   2.85e-01 (  6.95e+00,  2.05e+01)
65      0.031   6.38e-02   9.50e-02   1.02e-01   3.15e-01   4.08e-01 (  6.87e+00,  1.84e+01)
70      0.036   7.98e-02   1.26e-01   1.23e-01   4.55e-01   5.40e-01 (  7.82e+00,  1.74e+01)
75      0.045   9.73e-02   1.41e-01   1.41e-01   6.09e-01   6.63e-01 (  7.98e+00,  1.53e+01)
80      0.056   1.25e-01   1.61e-01   1.50e-01   7.93e-01   7.64e-01 (  8.59e+00,  1.32e+01)
85      0.046   1.07e-01   1.38e-01   1.04e-01   6.42e-01   8.32e-01 (  6.18e+00,  1.10e+01)
90      0.084   1.56e-01   2.65e-01   3.09e-01   9.81e-01   8.67e-01 (  1.59e+01,  8.74e+00)
95      2.107   4.35e+00   5.80e+00   4.32e+00   1.32e+02   8.75e-01 (  2.34e+03,  6.72e+00)
19 n: 3.785e-04 e: 2.150e-04 i: 7.043e-05 :: e: 5.327e-02 i: 4.256e-02 :: n: 2.132e+01 e:10.692 i:10.026 v:4.993e+03
>>> tau_he = 5.000000, nhe(0)=5.543416e-01
 5     -0.790   4.91e-04   1.48e-01   7.85e-04  -1.83e-03   5.41e-06 (  1.51e-02,  5.89e+00)
10     -0.066  -1.29e-05  -6.80e-04  -2.90e-04  -8.22e-04   3.19e-05 ( -1.05e-03,  1.25e+01)
15     -0.055  -7.34e-05  -2.15e-03  -9.38e-04  -4.30e-03   1.38e-04 ( -9.79e-03,  1.91e+01)
20     -0.134   1.11e-03  -2.38e-04  -1.94e-03  -4.88e-02   5.03e-04 (  1.89e-01,  2.39e+01)
25     -0.041   1.61e-03   1.79e-03  -4.07e-04  -5.71e-02   1.61e-03 (  2.94e-01,  2.65e+01)
30     -0.028   8.06e-03   6.18e-03  -1.63e-03  -5.33e-02   4.60e-03 (  1.39e+00,  2.78e+01)
35      0.008   3.16e-02   3.39e-02   3.16e-02   1.08e-02   1.18e-02 (  5.25e+00,  2.91e+01)
40      0.027   4.22e-02   4.17e-02   5.74e-02   4.73e-02   2.71e-02 (  6.72e+00,  2.92e+01)
45      0.022   5.28e-02   5.47e-02   6.96e-02   5.48e-02   5.64e-02 (  7.73e+00,  2.77e+01)
50      0.033   5.47e-02   6.83e-02   7.72e-02   9.80e-02   1.06e-01 (  7.43e+00,  2.56e+01)
55      0.042   6.12e-02   7.89e-02   9.65e-02   1.69e-01   1.82e-01 (  7.58e+00,  2.31e+01)
60      0.037   5.96e-02   8.29e-02   1.05e-01   2.41e-01   2.85e-01 (  6.80e+00,  2.05e+01)
65      0.033   6.31e-02   1.02e-01   9.85e-02   3.36e-01   4.08e-01 (  6.54e+00,  1.84e+01)
70      0.038   8.23e-02   1.30e-01   1.23e-01   4.89e-01   5.40e-01 (  7.75e+00,  1.74e+01)
75      0.047   1.02e-01   1.45e-01   1.44e-01   6.40e-01   6.63e-01 (  7.96e+00,  1.53e+01)
80      0.056   1.26e-01   1.58e-01   1.49e-01   7.94e-01   7.64e-01 (  8.22e+00,  1.32e+01)
85      0.043   1.06e-01   1.27e-01   9.87e-02   6.10e-01   8.32e-01 (  5.78e+00,  1.10e+01)
90      0.087   1.61e-01   2.77e-01   3.16e-01   1.03e+00   8.67e-01 (  1.63e+01,  8.74e+00)
95      2.107   4.35e+00   5.80e+00   4.32e+00   1.32e+02   8.75e-01 (  2.34e+03,  6.72e+00)
20 n: 9.920e-05 e: 1.072e-04 i: 1.539e-04 :: e: 4.988e-02 i: 3.683e-02 :: n: 2.134e+01 e:10.832 i:9.884 v:4.993e+03
>>> tau_he = 5.000000, nhe(0)=5.374250e-01
 5     -0.773   4.79e-04   1.45e-01   7.77e-04  -1.79e-03   5.41e-06 (  1.49e-02,  5.89e+00)
10     -0.064  -1.41e-05  -6.82e-04  -2.92e-04  -8.08e-04   3.19e-05 ( -1.16e-03,  1.25e+01)
15     -0.056  -2.58e-04  -2.15e-03  -9.40e-04  -4.36e-03   1.38e-04 ( -3.48e-02,  1.91e+01)
20     -0.139   1.04e-03  -1.63e-04  -2.16e-03  -5.07e-02   5.03e-04 (  1.79e-01,  2.39e+01)
25     -0.044   1.71e-03   2.28e-03  -2.11e-04  -6.05e-02   1.61e-03 (  3.18e-01,  2.65e+01)
30     -0.003   2.87e-02   2.72e-02   4.64e-03  -4.76e-03   4.60e-03 (  5.08e+00,  2.78e+01)
35      0.007   3.35e-02   3.78e-02   3.70e-02   9.51e-03   1.18e-02 (  5.70e+00,  2.91e+01)
40      0.026   4.41e-02   4.53e-02   6.25e-02   4.58e-02   2.71e-02 (  7.19e+00,  2.92e+01)
45      0.020   5.51e-02   5.83e-02   7.43e-02   4.98e-02   5.64e-02 (  8.27e+00,  2.77e+01)
50      0.031   5.63e-02   7.02e-02   7.93e-02   9.22e-02   1.06e-01 (  7.86e+00,  2.56e+01)
55      0.040   6.22e-02   7.85e-02   9.64e-02   1.61e-01   1.82e-01 (  7.95e+00,  2.31e+01)
60      0.035   5.82e-02   7.93e-02   9.90e-02   2.23e-01   2.85e-01 (  6.85e+00,  2.05e+01)
65      0.031   6.17e-02   9.50e-02   9.98e-02   3.19e-01   4.08e-01 (  6.59e+00,  1.84e+01)
70      0.036   8.00e-02   1.26e-01   1.22e-01   4.63e-01   5.40e-01 (  7.75e+00,  1.74e+01)
75      0.045   9.74e-02   1.39e-01   1.38e-01   6.10e-01   6.63e-01 (  7.84e+00,  1.53e+01)
80      0.056   1.26e-01   1.59e-01   1.47e-01   7.90e-01   7.64e-01 (  8.41e+00,  1.32e+01)
85      0.046   1.09e-01   1.40e-01   1.01e-01   6.44e-01   8.32e-01 (  6.12e+00,  1.10e+01)
90      0.085   1.59e-01   2.69e-01   3.08e-01   1.01e+00   8.67e-01 (  1.61e+01,  8.74e+00)
95      2.107   4.35e+00   5.80e+00   4.32e+00   1.32e+02   8.75e-01 (  2.34e+03,  6.72e+00)
21 n: 3.010e-04 e: 2.082e-04 i: 7.691e-05 :: e: 4.177e-02 i: 3.627e-02 :: n: 2.138e+01 e:10.641 i:9.988 v:4.993e+03
>>> tau_he = 5.000000, nhe(0)=5.523378e-01
 5     -0.778   4.84e-04   1.48e-01   7.81e-04  -1.81e-03   5.41e-06 (  1.47e-02,  5.89e+00)
10     -0.066  -1.39e-05  -6.96e-04  -2.95e-04  -8.32e-04   3.19e-05 ( -1.12e-03,  1.25e+01)
15     -0.053  -7.09e-05  -2.14e-03  -9.18e-04  -4.14e-03   1.38e-04 ( -9.36e-03,  1.91e+01)
20     -0.129   5.94e-04  -2.08e-04  -1.91e-03  -4.71e-02   5.03e-04 (  1.00e-01,  2.39e+01)
25     -0.041   1.56e-03   1.82e-03  -3.94e-04  -5.61e-02   1.61e-03 (  2.83e-01,  2.65e+01)
30     -0.029   7.88e-03   6.08e-03  -1.77e-03  -5.33e-02   4.60e-03 (  1.36e+00,  2.78e+01)
35      0.008   3.15e-02   3.38e-02   3.15e-02   1.04e-02   1.18e-02 (  5.23e+00,  2.91e+01)
40      0.027   4.22e-02   4.18e-02   5.77e-02   4.73e-02   2.71e-02 (  6.72e+00,  2.92e+01)
45      0.022   5.28e-02   5.54e-02   7.02e-02   5.46e-02   5.64e-02 (  7.73e+00,  2.77e+01)
50      0.033   5.43e-02   6.81e-02   7.68e-02   9.87e-02   1.06e-01 (  7.38e+00,  2.56e+01)
55      0.042   6.06e-02   7.85e-02   9.55e-02   1.70e-01   1.82e-01 (  7.50e+00,  2.31e+01)
60      0.037   5.92e-02   8.24e-02   1.03e-01   2.42e-01   2.85e-01 (  6.73e+00,  2.05e+01)
65      0.033   6.40e-02   9.95e-02   1.02e-01   3.47e-01   4.08e-01 (  6.58e+00,  1.84e+01)
70      0.038   8.25e-02   1.30e-01   1.22e-01   4.97e-01   5.40e-01 (  7.67e+00,  1.74e+01)
75      0.047   1.02e-01   1.43e-01   1.41e-01   6.45e-01   6.63e-01 (  7.86e+00,  1.53e+01)
80      0.056   1.27e-01   1.56e-01   1.46e-01   7.93e-01   7.64e-01 (  8.08e+00,  1.32e+01)
85      0.046   1.13e-01   1.35e-01   1.03e-01   6.52e-01   8.32e-01 (  5.95e+00,  1.10e+01)
90      0.089   1.66e-01   2.85e-01   3.24e-01   1.07e+00   8.67e-01 (  1.67e+01,  8.74e+00)
95      2.107   4.35e+00   5.80e+00   4.32e+00   1.32e+02   8.75e-01 (  2.34e+03,  6.72e+00)
22 n: 1.250e-04 e: 1.148e-04 i: 1.503e-04 :: e: 4.452e-02 i: 3.346e-02 :: n: 2.140e+01 e:10.785 i:9.847 v:4.993e+03
>>> tau_he = 5.000000, nhe(0)=5.352869e-01
 5     -0.762   4.73e-04   1.44e-01   7.72e-04  -1.77e-03   5.41e-06 (  1.46e-02,  5.89e+00)
10     -0.063  -1.37e-05  -6.71e-04  -2.88e-04  -7.91e-04   3.19e-05 ( -1.11e-03,  1.25e+01)
15     -0.054  -2.68e-04  -2.14e-03  -9.23e-04  -4.22e-03   1.38e-04 ( -3.58e-02,  1.91e+01)
20     -0.135   8.49e-04  -1.86e-04  -2.09e-03  -4.91e-02   5.03e-04 (  1.45e-01,  2.39e+01)
25     -0.043   1.58e-03   1.96e-03  -3.11e-04  -5.98e-02   1.61e-03 (  2.93e-01,  2.65e+01)
30     -0.003   2.82e-02   2.67e-02   4.27e-03  -5.21e-03   4.60e-03 (  4.99e+00,  2.78e+01)
35      0.007   3.33e-02   3.76e-02   3.68e-02   9.08e-03   1.18e-02 (  5.66e+00,  2.91e+01)
40      0.026   4.40e-02   4.55e-02   6.27e-02   4.58e-02   2.71e-02 (  7.18e+00,  2.92e+01)
45      0.020   5.51e-02   5.90e-02   7.52e-02   4.97e-02   5.64e-02 (  8.28e+00,  2.77e+01)
50      0.031   5.60e-02   7.00e-02   7.89e-02   9.28e-02   1.06e-01 (  7.82e+00,  2.56e+01)
55      0.040   6.18e-02   7.81e-02   9.55e-02   1.62e-01   1.82e-01 (  7.88e+00,  2.31e+01)
60      0.034   5.79e-02   7.89e-02   9.74e-02   2.25e-01   2.85e-01 (  6.79e+00,  2.05e+01)
65      0.031   6.17e-02   9.53e-02   9.80e-02   3.23e-01   4.08e-01 (  6.55e+00,  1.84e+01)
70      0.036   8.03e-02   1.26e-01   1.22e-01   4.71e-01   5.40e-01 (  7.69e+00,  1.74e+01)
75      0.045   9.61e-02   1.35e-01   1.31e-01   6.05e-01   6.63e-01 (  7.61e+00,  1.53e+01)
80      0.056   1.26e-01   1.56e-01   1.44e-01   7.87e-01   7.64e-01 (  8.26e+00,  1.32e+01)
85      0.045   1.08e-01   1.37e-01   9.64e-02   6.30e-01   8.32e-01 (  5.91e+00,  1.10e+01)
90      0.086   1.64e-01   2.77e-01   3.15e-01   1.04e+00   8.67e-01 (  1.66e+01,  8.74e+00)
95      2.107   4.35e+00   5.80e+00   4.32e+00   1.32e+02   8.75e-01 (  2.34e+03,  6.72e+00)
23 n: 2.043e-04 e: 2.047e-04 i: 8.276e-05 :: e: 3.512e-02 i: 3.046e-02 :: n: 2.143e+01 e:10.595 i:9.954 v:4.993e+03
>>> tau_he = 5.000000, nhe(0)=5.503942e-01
 5     -0.768   4.77e-04   1.47e-01   7.77e-04  -1.78e-03   5.41e-06 (  1.43e-02,  5.89e+00)
10     -0.065  -1.35e-05  -6.86e-04  -2.92e-04  -8.16e-04   3.19e-05 ( -1.07e-03,  1.25e+01)
15     -0.052  -6.88e-05  -2.12e-03  -9.01e-04  -4.01e-03   1.38e-04 ( -9.00e-03,  1.91e+01)
20     -0.125   5.20e-04  -2.50e-04  -1.85e-03  -4.56e-02   5.03e-04 (  8.70e-02,  2.39e+01)
25     -0.040   1.50e-03   1.78e-03  -4.11e-04  -5.52e-02   1.61e-03 (  2.72e-01,  2.65e+01)
30     -0.029   7.64e-03   5.98e-03  -2.33e-03  -5.34e-02   4.60e-03 (  1.31e+00,  2.78e+01)
35      0.008   3.12e-02   3.35e-02   3.12e-02   1.01e-02   1.18e-02 (  5.18e+00,  2.91e+01)
40      0.027   4.20e-02   4.19e-02   5.77e-02   4.72e-02   2.71e-02 (  6.69e+00,  2.92e+01)
45      0.022   5.27e-02   5.59e-02   7.09e-02   5.44e-02   5.64e-02 (  7.72e+00,  2.77e+01)
50      0.033   5.40e-02   6.79e-02   7.64e-02   9.92e-02   1.06e-01 (  7.33e+00,  2.56e+01)
55      0.041   6.03e-02   7.82e-02   9.48e-02   1.71e-01   1.82e-01 (  7.44e+00,  2.31e+01)
60      0.036   5.89e-02   8.22e-02   1.01e-01   2.44e-01   2.85e-01 (  6.68e+00,  2.05e+01)
65      0.033   6.41e-02   9.98e-02   1.00e-01   3.51e-01   4.08e-01 (  6.56e+00,  1.84e+01)
70      0.038   8.28e-02   1.30e-01   1.22e-01   5.05e-01   5.40e-01 (  7.62e+00,  1.74e+01)
75      0.048   1.03e-01   1.43e-01   1.40e-01   6.52e-01   6.63e-01 (  7.83e+00,  1.53e+01)
80      0.056   1.28e-01   1.54e-01   1.44e-01   7.94e-01   7.64e-01 (  7.98e+00,  1.32e+01)
85      0.046   1.12e-01   1.33e-01   9.89e-02   6.39e-01   8.32e-01 (  5.76e+00,  1.10e+01)
90      0.089   1.68e-01   2.86e-01   3.22e-01   1.08e+00   8.67e-01 (  1.68e+01,  8.74e+00)
95      2.107   4.35e+00   5.80e+00   4.32e+00   1.32e+02   8.75e-01 (  2.34e+03,  6.72e+00)
24 n: 6.932e-05 e: 1.221e-04 i: 1.485e-04 :: e: 3.848e-02 i: 2.734e-02 :: n: 2.144e+01 e:10.743 i:9.814 v:4.993e+03
>>> tau_he = 5.000000, nhe(0)=5.331128e-01
 5     -0.752   4.67e-04   1.44e-01   7.68e-04  -1.75e-03   5.41e-06 (  1.42e-02,  5.89e+00)
10     -0.062  -1.34e-05  -6.62e-04  -2.85e-04  -7.76e-04   3.19e-05 ( -1.08e-03,  1.25e+01)
15     -0.053  -2.77e-04  -2.13e-03  -9.08e-04  -4.10e-03   1.38e-04 ( -3.67e-02,  1.91e+01)
20     -0.131   4.26e-04  -1.59e-04  -2.06e-03  -4.77e-02   5.03e-04 (  7.23e-02,  2.39e+01)
25     -0.042   1.52e-03   1.91e-03  -3.20e-04  -5.87e-02   1.61e-03 (  2.81e-01,  2.65e+01)
30     -0.032   8.48e-03   7.32e-03   4.97e-03  -5.88e-02   4.60e-03 (  1.49e+00,  2.78e+01)
35      0.007   3.30e-02   3.73e-02   3.64e-02   8.73e-03   1.18e-02 (  5.61e+00,  2.91e+01)
40      0.026   4.38e-02   4.55e-02   6.27e-02   4.57e-02   2.71e-02 (  7.15e+00,  2.92e+01)
45      0.021   5.50e-02   5.94e-02   7.57e-02   4.93e-02   5.64e-02 (  8.26e+00,  2.77e+01)
50      0.031   5.57e-02   6.98e-02   7.85e-02   9.31e-02   1.06e-01 (  7.78e+00,  2.56e+01)
55      0.040   6.15e-02   7.76e-02   9.44e-02   1.64e-01   1.82e-01 (  7.83e+00,  2.31e+01)
60      0.034   5.76e-02   7.87e-02   9.60e-02   2.27e-01   2.85e-01 (  6.74e+00,  2.05e+01)
65      0.031   6.18e-02   9.57e-02   9.66e-02   3.27e-01   4.08e-01 (  6.53e+00,  1.84e+01)
70      0.036   8.08e-02   1.26e-01   1.21e-01   4.79e-01   5.40e-01 (  7.66e+00,  1.74e+01)
75      0.045   9.71e-02   1.35e-01   1.30e-01   6.12e-01   6.63e-01 (  7.59e+00,  1.53e+01)
80      0.056   1.27e-01   1.56e-01   1.42e-01   7.90e-01   7.64e-01 (  8.19e+00,  1.32e+01)
85      0.045   1.09e-01   1.36e-01   9.45e-02   6.26e-01   8.32e-01 (  5.81e+00,  1.10e+01)
90      0.087   1.65e-01   2.77e-01   3.13e-01   1.05e+00   8.67e-01 (  1.66e+01,  8.74e+00)
95      2.107   4.35e+00   5.80e+00   4.32e+00   1.32e+02   8.75e-01 (  2.34e+03,  6.72e+00)
25 n: 1.487e-04 e: 2.025e-04 i: 8.867e-05 :: e: 3.236e-02 i: 2.520e-02 :: n: 2.147e+01 e:10.555 i:9.924 v:4.993e+03
>>> tau_he = 5.000000, nhe(0)=5.485363e-01
 5     -0.758   4.71e-04   1.47e-01   7.73e-04  -1.76e-03   5.41e-06 (  1.40e-02,  5.89e+00)
10     -0.064  -1.31e-05  -6.75e-04  -2.89e-04  -7.99e-04   3.19e-05 ( -1.03e-03,  1.25e+01)
15     -0.050  -5.37e-05  -2.11e-03  -8.84e-04  -3.88e-03   1.38e-04 ( -6.97e-03,  1.91e+01)
20     -0.121   4.39e-04  -2.98e-04  -1.78e-03  -4.40e-02   5.03e-04 (  7.28e-02,  2.39e+01)
25     -0.039   1.45e-03   1.90e-03  -3.46e-04  -5.41e-02   1.61e-03 (  2.61e-01,  2.65e+01)
30     -0.029   7.96e-03   6.12e-03  -5.22e-04  -5.36e-02   4.60e-03 (  1.38e+00,  2.78e+01)
35      0.008   3.10e-02   3.34e-02   3.10e-02   9.88e-03   1.18e-02 (  5.14e+00,  2.91e+01)
40      0.027   4.16e-02   4.16e-02   5.73e-02   4.69e-02   2.71e-02 (  6.62e+00,  2.92e+01)
45      0.022   5.24e-02   5.59e-02   7.09e-02   5.40e-02   5.64e-02 (  7.66e+00,  2.77e+01)
50      0.033   5.36e-02   6.76e-02   7.58e-02   9.95e-02   1.06e-01 (  7.27e+00,  2.56e+01)
55      0.041   5.99e-02   7.77e-02   9.37e-02   1.73e-01   1.82e-01 (  7.39e+00,  2.31e+01)
60      0.036   5.87e-02   8.21e-02   1.00e-01   2.46e-01   2.85e-01 (  6.63e+00,  2.05e+01)
65      0.033   6.43e-02   1.00e-01   9.91e-02   3.56e-01   4.08e-01 (  6.53e+00,  1.84e+01)
70      0.038   8.29e-02   1.29e-01   1.22e-01   5.10e-01   5.40e-01 (  7.56e+00,  1.74e+01)
75      0.048   1.04e-01   1.41e-01   1.38e-01   6.53e-01   6.63e-01 (  7.73e+00,  1.53e+01)
80      0.056   1.29e-01   1.53e-01   1.42e-01   7.95e-01   7.64e-01 (  7.90e+00,  1.32e+01)
85      0.045   1.12e-01   1.31e-01   9.60e-02   6.30e-01   8.32e-01 (  5.63e+00,  1.10e+01)
90      0.089   1.68e-01   2.86e-01   3.20e-01   1.09e+00   8.67e-01 (  1.68e+01,  8.74e+00)
95      2.107   4.35e+00   5.80e+00   4.32e+00   1.32e+02   8.75e-01 (  2.34e+03,  6.72e+00)
26 n: 4.600e-05 e: 1.299e-04 i: 1.476e-04 :: e: 3.260e-02 i: 2.253e-02 :: n: 2.147e+01 e:10.708 i:9.785 v:4.993e+03
>>> tau_he = 5.000000, nhe(0)=5.312326e-01
 5     -0.743   4.61e-04   1.44e-01   7.65e-04  -1.73e-03   5.41e-06 (  1.39e-02,  5.89e+00)
10     -0.061  -1.31e-05  -6.52e-04  -2.82e-04  -7.62e-04   3.19e-05 ( -1.04e-03,  1.25e+01)
15     -0.051  -2.79e-04  -2.12e-03  -8.93e-04  -3.97e-03   1.38e-04 ( -3.67e-02,  1.91e+01)
20     -0.127   3.55e-04  -2.01e-04  -1.99e-03  -4.62e-02   5.03e-04 (  5.98e-02,  2.39e+01)
25     -0.042   1.48e-03   1.88e-03  -3.30e-04  -5.80e-02   1.61e-03 (  2.73e-01,  2.65e+01)
30     -0.003   2.82e-02   2.72e-02   4.71e-03  -5.88e-03   4.60e-03 (  5.01e+00,  2.78e+01)
35      0.007   3.29e-02   3.74e-02   3.65e-02   8.66e-03   1.18e-02 (  5.60e+00,  2.91e+01)
40      0.026   4.35e-02   4.53e-02   6.24e-02   4.55e-02   2.71e-02 (  7.09e+00,  2.92e+01)
45      0.020   5.47e-02   5.93e-02   7.57e-02   4.88e-02   5.64e-02 (  8.20e+00,  2.77e+01)
50      0.031   5.52e-02   6.93e-02   7.78e-02   9.33e-02   1.06e-01 (  7.71e+00,  2.56e+01)
55      0.039   5.95e-02   7.73e-02   9.36e-02   1.65e-01   1.82e-01 (  7.56e+00,  2.31e+01)
60      0.033   5.78e-02   7.87e-02   9.66e-02   2.31e-01   2.85e-01 (  6.75e+00,  2.05e+01)
65      0.030   6.19e-02   9.60e-02   9.53e-02   3.31e-01   4.08e-01 (  6.50e+00,  1.84e+01)
70      0.037   8.12e-02   1.26e-01   1.20e-01   4.86e-01   5.40e-01 (  7.64e+00,  1.74e+01)
75      0.045   9.80e-02   1.34e-01   1.29e-01   6.18e-01   6.63e-01 (  7.56e+00,  1.53e+01)
80      0.056   1.29e-01   1.55e-01   1.41e-01   7.93e-01   7.64e-01 (  8.13e+00,  1.32e+01)
85      0.044   1.09e-01   1.35e-01   9.26e-02   6.20e-01   8.32e-01 (  5.70e+00,  1.10e+01)
90      0.086   1.65e-01   2.77e-01   3.12e-01   1.06e+00   8.67e-01 (  1.66e+01,  8.74e+00)
95      2.107   4.35e+00   5.80e+00   4.32e+00   1.32e+02   8.75e-01 (  2.34e+03,  6.72e+00)
27 n: 1.044e-04 e: 2.032e-04 i: 9.386e-05 :: e: 2.660e-02 i: 2.157e-02 :: n: 2.150e+01 e:10.521 i:9.899 v:4.993e+03
>>> tau_he = 5.000000, nhe(0)=5.468056e-01
 5     -0.751   4.66e-04   1.47e-01   7.70e-04  -1.74e-03   5.41e-06 (  1.37e-02,  5.89e+00)
10     -0.063  -1.29e-05  -6.68e-04  -2.87e-04  -7.87e-04   3.19e-05 ( -1.00e-03,  1.25e+01)
15     -0.049  -5.68e-05  -2.10e-03  -8.72e-04  -3.79e-03   1.38e-04 ( -7.32e-03,  1.91e+01)
20     -0.118   3.97e-04  -3.23e-04  -1.74e-03  -4.31e-02   5.03e-04 (  6.56e-02,  2.39e+01)
25     -0.039   1.41e-03   1.88e-03  -3.55e-04  -5.35e-02   1.61e-03 (  2.55e-01,  2.65e+01)
30     -0.029   7.74e-03   6.00e-03  -1.18e-03  -5.33e-02   4.60e-03 (  1.33e+00,  2.78e+01)
35      0.008   3.08e-02   3.33e-02   3.09e-02   9.79e-03   1.18e-02 (  5.12e+00,  2.91e+01)
40      0.027   4.15e-02   4.17e-02   5.73e-02   4.69e-02   2.71e-02 (  6.60e+00,  2.92e+01)
45      0.022   5.22e-02   5.60e-02   7.11e-02   5.38e-02   5.64e-02 (  7.62e+00,  2.77e+01)
50      0.033   5.33e-02   6.73e-02   7.54e-02   9.98e-02   1.06e-01 (  7.22e+00,  2.56e+01)
55      0.041   5.96e-02   7.74e-02   9.31e-02   1.73e-01   1.82e-01 (  7.34e+00,  2.31e+01)
60      0.035   5.84e-02   8.18e-02   9.87e-02   2.48e-01   2.85e-01 (  6.58e+00,  2.05e+01)
65      0.033   6.43e-02   1.00e-01   9.78e-02   3.59e-01   4.08e-01 (  6.51e+00,  1.84e+01)
70      0.038   8.30e-02   1.29e-01   1.22e-01   5.14e-01   5.40e-01 (  7.49e+00,  1.74e+01)
75      0.047   1.02e-01   1.38e-01   1.32e-01   6.47e-01   6.63e-01 (  7.54e+00,  1.53e+01)
80      0.056   1.30e-01   1.52e-01   1.40e-01   7.96e-01   7.64e-01 (  7.83e+00,  1.32e+01)
85      0.045   1.12e-01   1.30e-01   9.42e-02   6.26e-01   8.32e-01 (  5.55e+00,  1.10e+01)
90      0.089   1.69e-01   2.85e-01   3.18e-01   1.09e+00   8.67e-01 (  1.68e+01,  8.74e+00)
95      2.107   4.35e+00   5.80e+00   4.32e+00   1.32e+02   8.75e-01 (  2.34e+03,  6.72e+00)
28 n: 3.366e-05 e: 1.363e-04 i: 1.488e-04 :: e: 2.820e-02 i: 1.960e-02 :: n: 2.150e+01 e:10.676 i:9.758 v:4.993e+03
>>> tau_he = 5.000000, nhe(0)=5.292723e-01
 5     -0.736   4.56e-04   1.44e-01   7.62e-04  -1.71e-03   5.41e-06 (  1.36e-02,  5.89e+00)
10     -0.060  -1.29e-05  -6.46e-04  -2.80e-04  -7.51e-04   3.19e-05 ( -1.02e-03,  1.25e+01)
15     -0.050  -7.02e-05  -2.09e-03  -8.90e-04  -3.90e-03   1.38e-04 ( -9.17e-03,  1.91e+01)
20     -0.125   3.16e-04  -2.24e-04  -1.95e-03  -4.53e-02   5.03e-04 (  5.30e-02,  2.39e+01)
25     -0.042   1.45e-03   1.86e-03  -3.39e-04  -5.73e-02   1.61e-03 (  2.65e-01,  2.65e+01)
30     -0.003   2.77e-02   2.66e-02   4.24e-03  -5.98e-03   4.60e-03 (  4.90e+00,  2.78e+01)
35      0.007   3.27e-02   3.72e-02   3.63e-02   8.49e-03   1.18e-02 (  5.56e+00,  2.91e+01)
40      0.026   4.34e-02   4.54e-02   6.24e-02   4.54e-02   2.71e-02 (  7.07e+00,  2.92e+01)
45      0.020   5.45e-02   5.94e-02   7.58e-02   4.85e-02   5.64e-02 (  8.17e+00,  2.77e+01)
50      0.030   5.50e-02   6.91e-02   7.75e-02   9.35e-02   1.06e-01 (  7.67e+00,  2.56e+01)
55      0.039   5.92e-02   7.70e-02   9.29e-02   1.66e-01   1.82e-01 (  7.53e+00,  2.31e+01)
60      0.033   5.70e-02   7.81e-02   9.32e-02   2.29e-01   2.85e-01 (  6.64e+00,  2.05e+01)
65      0.030   6.19e-02   9.63e-02   9.43e-02   3.34e-01   4.08e-01 (  6.48e+00,  1.84e+01)
70      0.037   8.14e-02   1.25e-01   1.19e-01   4.91e-01   5.40e-01 (  7.60e+00,  1.74e+01)
75      0.045   9.89e-02   1.34e-01   1.29e-01   6.25e-01   6.63e-01 (  7.55e+00,  1.53e+01)
80      0.056   1.30e-01   1.55e-01   1.40e-01   7.96e-01   7.64e-01 (  8.08e+00,  1.32e+01)
85      0.053   1.40e-01   1.58e-01   1.15e-01   7.47e-01   8.32e-01 (  7.19e+00,  1.10e+01)
90      0.086   1.65e-01   2.76e-01   3.10e-01   1.06e+00   8.67e-01 (  1.66e+01,  8.74e+00)
95      2.107   4.35e+00   5.80e+00   4.32e+00   1.32e+02   8.75e-01 (  2.34e+03,  6.72e+00)
29 n: 5.584e-04 e: 2.065e-04 i: 9.853e-05 :: e: 3.320e-02 i: 2.349e-02 :: n: 2.153e+01 e:10.487 i:9.874 v:4.993e+03
>>> tau_he = 5.000000, nhe(0)=5.452158e-01
 5     -0.744   4.61e-04   1.47e-01   7.67e-04  -1.73e-03   5.41e-06 (  1.34e-02,  5.89e+00)
10     -0.062  -1.26e-05  -6.62e-04  -2.84e-04  -7.77e-04   3.19e-05 ( -9.77e-04,  1.25e+01)
15     -0.048  -5.92e-05  -2.09e-03  -8.61e-04  -3.71e-03   1.38e-04 ( -7.60e-03,  1.91e+01)
20     -0.116   3.57e-04  -3.48e-04  -1.71e-03  -4.21e-02   5.03e-04 (  5.87e-02,  2.39e+01)
25     -0.038   1.37e-03   1.84e-03  -3.69e-04  -5.28e-02   1.61e-03 (  2.46e-01,  2.65e+01)
30     -0.031   6.86e-03   5.92e-03  -6.62e-03  -5.65e-02   4.60e-03 (  1.18e+00,  2.78e+01)
35      0.008   3.05e-02   3.30e-02   3.04e-02   9.65e-03   1.18e-02 (  5.06e+00,  2.91e+01)
40      0.027   4.13e-02   4.15e-02   5.71e-02   4.68e-02   2.71e-02 (  6.56e+00,  2.92e+01)
45      0.022   5.19e-02   5.60e-02   7.10e-02   5.35e-02   5.64e-02 (  7.57e+00,  2.77e+01)
50      0.032   5.30e-02   6.71e-02   7.50e-02   1.00e-01   1.06e-01 (  7.18e+00,  2.56e+01)
55      0.041   5.93e-02   7.72e-02   9.25e-02   1.74e-01   1.82e-01 (  7.30e+00,  2.31e+01)
60      0.035   5.82e-02   8.16e-02   9.75e-02   2.49e-01   2.85e-01 (  6.54e+00,  2.05e+01)
65      0.032   6.44e-02   1.01e-01   9.67e-02   3.62e-01   4.08e-01 (  6.48e+00,  1.84e+01)
70      0.038   8.30e-02   1.28e-01   1.21e-01   5.17e-01   5.40e-01 (  7.44e+00,  1.74e+01)
75      0.047   1.03e-01   1.37e-01   1.31e-01   6.50e-01   6.63e-01 (  7.51e+00,  1.53e+01)
80      0.056   1.29e-01   1.48e-01   1.37e-01   7.83e-01   7.64e-01 (  7.62e+00,  1.32e+01)
85      0.043   1.08e-01   1.22e-01   9.07e-02   5.96e-01   8.32e-01 (  5.22e+00,  1.10e+01)
90      0.090   1.73e-01   2.91e-01   3.25e-01   1.12e+00   8.67e-01 (  1.72e+01,  8.74e+00)
95      2.107   4.35e+00   5.80e+00   4.32e+00   1.32e+02   8.75e-01 (  2.34e+03,  6.72e+00)
30 n: 4.901e-05 e: 1.426e-04 i: 1.509e-04 :: e: 2.191e-02 i: 1.899e-02 :: n: 2.153e+01 e:10.645 i:9.732 v:4.993e+03
>>> tau_he = 5.000000, nhe(0)=5.273909e-01
 5     -0.730   4.52e-04   1.43e-01   7.59e-04  -1.69e-03   5.41e-06 (  1.34e-02,  5.89e+00)
10     -0.059  -1.26e-05  -6.40e-04  -2.78e-04  -7.41e-04   3.19e-05 ( -9.95e-04,  1.25e+01)
15     -0.049  -6.86e-05  -2.08e-03  -8.79e-04  -3.82e-03   1.38e-04 ( -8.92e-03,  1.91e+01)
20     -0.122   2.76e-04  -2.48e-04  -1.91e-03  -4.44e-02   5.03e-04 (  4.60e-02,  2.39e+01)
25     -0.041   1.40e-03   1.83e-03  -3.50e-04  -5.66e-02   1.61e-03 (  2.57e-01,  2.65e+01)
30     -0.032   8.28e-03   7.28e-03   4.99e-03  -5.89e-02   4.60e-03 (  1.46e+00,  2.78e+01)
35      0.007   3.24e-02   3.69e-02   3.58e-02   8.34e-03   1.18e-02 (  5.50e+00,  2.91e+01)
40      0.026   4.31e-02   4.52e-02   6.22e-02   4.52e-02   2.71e-02 (  7.02e+00,  2.92e+01)
45      0.020   5.42e-02   5.93e-02   7.57e-02   4.81e-02   5.64e-02 (  8.12e+00,  2.77e+01)
50      0.030   5.47e-02   6.89e-02   7.70e-02   9.36e-02   1.06e-01 (  7.63e+00,  2.56e+01)
55      0.039   5.89e-02   7.67e-02   9.23e-02   1.66e-01   1.82e-01 (  7.49e+00,  2.31e+01)
60      0.032   5.68e-02   7.78e-02   9.20e-02   2.30e-01   2.85e-01 (  6.60e+00,  2.05e+01)
65      0.030   6.20e-02   9.66e-02   9.34e-02   3.37e-01   4.08e-01 (  6.45e+00,  1.84e+01)
70      0.037   8.15e-02   1.25e-01   1.19e-01   4.94e-01   5.40e-01 (  7.55e+00,  1.74e+01)
75      0.046   9.95e-02   1.33e-01   1.28e-01   6.28e-01   6.63e-01 (  7.53e+00,  1.53e+01)
80      0.056   1.30e-01   1.54e-01   1.38e-01   7.94e-01   7.64e-01 (  7.98e+00,  1.32e+01)
85      0.052   1.38e-01   1.52e-01   1.12e-01   7.24e-01   8.32e-01 (  6.92e+00,  1.10e+01)
90      0.086   1.66e-01   2.77e-01   3.09e-01   1.07e+00   8.67e-01 (  1.67e+01,  8.74e+00)
95      2.107   4.35e+00   5.80e+00   4.32e+00   1.32e+02   8.75e-01 (  2.34e+03,  6.72e+00)
31 n: 3.625e-04 e: 2.088e-04 i: 1.039e-04 :: e: 2.882e-02 i: 1.915e-02 :: n: 2.156e+01 e:10.456 i:9.851 v:4.993e+03
>>> tau_he = 5.000000, nhe(0)=5.436399e-01
 5     -0.737   4.57e-04   1.47e-01   7.64e-04  -1.71e-03   5.41e-06 (  1.32e-02,  5.89e+00)
10     -0.061  -1.23e-05  -6.54e-04  -2.82e-04  -7.65e-04   3.19e-05 ( -9.48e-04,  1.25e+01)
15     -0.047  -6.17e-05  -2.08e-03  -8.48e-04  -3.61e-03   1.38e-04 ( -7.86e-03,  1.91e+01)
20     -0.113   3.00e-04  -3.85e-04  -1.66e-03  -4.09e-02   5.03e-04 (  4.89e-02,  2.39e+01)
25     -0.038   1.33e-03   1.81e-03  -3.86e-04  -5.20e-02   1.61e-03 (  2.38e-01,  2.65e+01)
30     -0.029   7.71e-03   5.97e-03  -9.13e-04  -5.31e-02   4.60e-03 (  1.33e+00,  2.78e+01)
35      0.008   3.03e-02   3.28e-02   3.01e-02   9.64e-03   1.18e-02 (  5.01e+00,  2.91e+01)
40      0.027   4.08e-02   4.11e-02   5.65e-02   4.65e-02   2.71e-02 (  6.47e+00,  2.92e+01)
45      0.022   5.14e-02   5.56e-02   7.05e-02   5.31e-02   5.64e-02 (  7.49e+00,  2.77e+01)
50      0.032   5.26e-02   6.66e-02   7.44e-02   1.00e-01   1.06e-01 (  7.11e+00,  2.56e+01)
55      0.040   5.89e-02   7.67e-02   9.18e-02   1.74e-01   1.82e-01 (  7.24e+00,  2.31e+01)
60      0.034   5.75e-02   8.11e-02   9.42e-02   2.48e-01   2.85e-01 (  6.44e+00,  2.05e+01)
65      0.032   6.45e-02   1.01e-01   9.58e-02   3.65e-01   4.08e-01 (  6.45e+00,  1.84e+01)
70      0.038   8.31e-02   1.28e-01   1.21e-01   5.20e-01   5.40e-01 (  7.39e+00,  1.74e+01)
75      0.047   1.03e-01   1.37e-01   1.31e-01   6.53e-01   6.63e-01 (  7.47e+00,  1.53e+01)
80      0.056   1.30e-01   1.48e-01   1.36e-01   7.83e-01   7.64e-01 (  7.56e+00,  1.32e+01)
85      0.041   1.06e-01   1.17e-01   8.77e-02   5.74e-01   8.32e-01 (  5.00e+00,  1.10e+01)
90      0.090   1.73e-01   2.91e-01   3.24e-01   1.13e+00   8.67e-01 (  1.72e+01,  8.74e+00)
95      2.107   4.35e+00   5.80e+00   4.32e+00   1.32e+02   8.75e-01 (  2.34e+03,  6.72e+00)
32 n: 1.082e-04 e: 1.501e-04 i: 1.530e-04 :: e: 2.043e-02 i: 1.851e-02 :: n: 2.156e+01 e:10.618 i:9.709 v:4.993e+03
>>> tau_he = 5.000000, nhe(0)=5.256891e-01
 5     -0.723   4.48e-04   1.43e-01   7.57e-04  -1.68e-03   5.41e-06 (  1.32e-02,  5.89e+00)
10     -0.058  -1.24e-05  -6.33e-04  -2.76e-04  -7.30e-04   3.19e-05 ( -9.71e-04,  1.25e+01)
15     -0.048  -6.69e-05  -2.07e-03  -8.67e-04  -3.73e-03   1.38e-04 ( -8.64e-03,  1.91e+01)
20     -0.119   2.26e-04  -2.80e-04  -1.86e-03  -4.32e-02   5.03e-04 (  3.75e-02,  2.39e+01)
25     -0.041   1.37e-03   1.81e-03  -3.58e-04  -5.60e-02   1.61e-03 (  2.50e-01,  2.65e+01)
30     -0.003   2.77e-02   2.69e-02   4.44e-03  -6.03e-03   4.60e-03 (  4.90e+00,  2.78e+01)
35      0.007   3.23e-02   3.69e-02   3.58e-02   8.42e-03   1.18e-02 (  5.48e+00,  2.91e+01)
40      0.026   4.27e-02   4.49e-02   6.17e-02   4.50e-02   2.71e-02 (  6.95e+00,  2.92e+01)
45      0.020   5.37e-02   5.89e-02   7.51e-02   4.76e-02   5.64e-02 (  8.04e+00,  2.77e+01)
50      0.030   5.42e-02   6.83e-02   7.63e-02   9.35e-02   1.06e-01 (  7.55e+00,  2.56e+01)
55      0.038   5.85e-02   7.61e-02   9.14e-02   1.66e-01   1.82e-01 (  7.42e+00,  2.31e+01)
60      0.032   5.65e-02   7.74e-02   9.07e-02   2.31e-01   2.85e-01 (  6.55e+00,  2.05e+01)
65      0.030   6.19e-02   9.67e-02   9.26e-02   3.39e-01   4.08e-01 (  6.42e+00,  1.84e+01)
70      0.037   8.14e-02   1.25e-01   1.18e-01   4.97e-01   5.40e-01 (  7.50e+00,  1.74e+01)
75      0.046   9.99e-02   1.33e-01   1.28e-01   6.31e-01   6.63e-01 (  7.49e+00,  1.53e+01)
80      0.056   1.31e-01   1.54e-01   1.37e-01   7.96e-01   7.64e-01 (  7.95e+00,  1.32e+01)
85      0.051   1.37e-01   1.50e-01   1.10e-01   7.16e-01   8.32e-01 (  6.81e+00,  1.10e+01)
90      0.087   1.68e-01   2.79e-01   3.14e-01   1.08e+00   8.67e-01 (  1.68e+01,  8.74e+00)
95      2.107   4.35e+00   5.80e+00   4.32e+00   1.32e+02   8.75e-01 (  2.34e+03,  6.72e+00)
33 n: 2.984e-04 e: 2.133e-04 i: 1.089e-04 :: e: 2.641e-02 i: 1.844e-02 :: n: 2.158e+01 e:10.427 i:9.830 v:4.993e+03
>>> tau_he = 5.000000, nhe(0)=5.421022e-01
 5     -0.732   4.53e-04   1.47e-01   7.62e-04  -1.70e-03   5.41e-06 (  1.30e-02,  5.89e+00)
10     -0.060  -1.21e-05  -6.48e-04  -2.80e-04  -7.56e-04   3.19e-05 ( -9.27e-04,  1.25e+01)
15     -0.046  -6.05e-05  -2.07e-03  -8.39e-04  -3.55e-03   1.38e-04 ( -7.66e-03,  1.91e+01)
20     -0.111   2.74e-04  -4.02e-04  -1.64e-03  -4.02e-02   5.03e-04 (  4.46e-02,  2.39e+01)
25     -0.037   1.30e-03   1.79e-03  -3.94e-04  -5.15e-02   1.61e-03 (  2.32e-01,  2.65e+01)
30     -0.029   7.44e-03   5.86e-03  -1.94e-03  -5.27e-02   4.60e-03 (  1.28e+00,  2.78e+01)
35      0.008   3.01e-02   3.27e-02   2.99e-02   9.63e-03   1.18e-02 (  4.98e+00,  2.91e+01)
40      0.027   4.06e-02   4.10e-02   5.63e-02   4.65e-02   2.71e-02 (  6.44e+00,  2.92e+01)
45      0.022   5.11e-02   5.54e-02   7.02e-02   5.29e-02   5.64e-02 (  7.43e+00,  2.77e+01)
50      0.032   5.22e-02   6.63e-02   7.38e-02   1.00e-01   1.06e-01 (  7.05e+00,  2.56e+01)
55      0.040   5.85e-02   7.63e-02   9.10e-02   1.75e-01   1.82e-01 (  7.18e+00,  2.31e+01)
60      0.034   5.75e-02   8.07e-02   9.30e-02   2.49e-01   2.85e-01 (  6.42e+00,  2.05e+01)
65      0.032   6.45e-02   1.01e-01   9.49e-02   3.68e-01   4.08e-01 (  6.42e+00,  1.84e+01)
70      0.039   8.32e-02   1.28e-01   1.20e-01   5.22e-01   5.40e-01 (  7.35e+00,  1.74e+01)
75      0.047   1.04e-01   1.36e-01   1.30e-01   6.54e-01   6.63e-01 (  7.42e+00,  1.53e+01)
80      0.056   1.31e-01   1.47e-01   1.35e-01   7.85e-01   7.64e-01 (  7.53e+00,  1.32e+01)
85      0.041   1.05e-01   1.14e-01   8.64e-02   5.66e-01   8.32e-01 (  4.89e+00,  1.10e+01)
90      0.090   1.73e-01   2.90e-01   3.22e-01   1.13e+00   8.67e-01 (  1.72e+01,  8.74e+00)
95      2.107   4.35e+00   5.80e+00   4.32e+00   1.32e+02   8.75e-01 (  2.34e+03,  6.72e+00)
34 n: 1.364e-04 e: 1.564e-04 i: 1.570e-04 :: e: 1.981e-02 i: 1.763e-02 :: n: 2.158e+01 e:10.591 i:9.686 v:4.993e+03
>>> tau_he = 5.000000, nhe(0)=5.237819e-01
 5     -0.718   4.44e-04   1.43e-01   7.54e-04  -1.66e-03   5.41e-06 (  1.30e-02,  5.89e+00)
10     -0.058  -1.23e-05  -6.28e-04  -2.74e-04  -7.23e-04   3.19e-05 ( -9.53e-04,  1.25e+01)
15     -0.048  -6.58e-05  -2.06e-03  -8.59e-04  -3.67e-03   1.38e-04 ( -8.46e-03,  1.91e+01)
20     -0.118   2.06e-04  -2.97e-04  -1.83e-03  -4.26e-02   5.03e-04 (  3.41e-02,  2.39e+01)
25     -0.040   1.33e-03   1.85e-03  -3.41e-04  -5.53e-02   1.61e-03 (  2.42e-01,  2.65e+01)
30     -0.026   8.38e-03   7.75e-03   3.85e-03  -4.78e-02   4.60e-03 (  1.48e+00,  2.78e+01)
35      0.007   3.19e-02   3.66e-02   3.54e-02   8.31e-03   1.18e-02 (  5.41e+00,  2.91e+01)
40      0.026   4.25e-02   4.48e-02   6.15e-02   4.49e-02   2.71e-02 (  6.91e+00,  2.92e+01)
45      0.020   5.34e-02   5.88e-02   7.49e-02   4.74e-02   5.64e-02 (  7.99e+00,  2.77e+01)
50      0.030   5.39e-02   6.80e-02   7.57e-02   9.36e-02   1.06e-01 (  7.51e+00,  2.56e+01)
55      0.038   5.82e-02   7.57e-02   9.06e-02   1.66e-01   1.82e-01 (  7.37e+00,  2.31e+01)
60      0.031   5.62e-02   7.71e-02   8.94e-02   2.31e-01   2.85e-01 (  6.50e+00,  2.05e+01)
65      0.030   6.19e-02   9.69e-02   9.19e-02   3.41e-01   4.08e-01 (  6.39e+00,  1.84e+01)
70      0.037   8.14e-02   1.24e-01   1.17e-01   4.98e-01   5.40e-01 (  7.45e+00,  1.74e+01)
75      0.046   1.00e-01   1.32e-01   1.27e-01   6.32e-01   6.63e-01 (  7.45e+00,  1.53e+01)
80      0.057   1.32e-01   1.54e-01   1.36e-01   7.98e-01   7.64e-01 (  7.92e+00,  1.32e+01)
85      0.051   1.37e-01   1.49e-01   1.09e-01   7.10e-01   8.32e-01 (  6.71e+00,  1.10e+01)
90      0.087   1.68e-01   2.78e-01   3.12e-01   1.08e+00   8.67e-01 (  1.68e+01,  8.74e+00)
95      2.107   4.35e+00   5.80e+00   4.32e+00   1.32e+02   8.75e-01 (  2.34e+03,  6.72e+00)
35 n: 2.590e-04 e: 2.181e-04 i: 1.142e-04 :: e: 2.324e-02 i: 1.509e-02 :: n: 2.160e+01 e:10.399 i:9.810 v:4.993e+03
>>> tau_he = 5.000000, nhe(0)=5.405324e-01
 5     -0.726   4.49e-04   1.46e-01   7.60e-04  -1.68e-03   5.41e-06 (  1.28e-02,  5.89e+00)
10     -0.060  -1.19e-05  -6.42e-04  -2.78e-04  -7.47e-04   3.19e-05 ( -9.04e-04,  1.25e+01)
15     -0.045  -5.89e-05  -2.06e-03  -8.28e-04  -3.47e-03   1.38e-04 ( -7.43e-03,  1.91e+01)
20     -0.098   2.68e-04  -8.24e-04  -1.59e-03  -3.55e-02   5.03e-04 (  4.34e-02,  2.39e+01)
25     -0.037   1.26e-03   1.75e-03  -4.09e-04  -5.08e-02   1.61e-03 (  2.24e-01,  2.65e+01)
30     -0.029   7.62e-03   5.94e-03  -9.36e-04  -5.28e-02   4.60e-03 (  1.31e+00,  2.78e+01)
35      0.008   2.97e-02   3.24e-02   2.95e-02   9.60e-03   1.18e-02 (  4.91e+00,  2.91e+01)
40      0.027   4.02e-02   4.06e-02   5.57e-02   4.63e-02   2.71e-02 (  6.35e+00,  2.92e+01)
45      0.022   5.06e-02   5.50e-02   6.96e-02   5.27e-02   5.64e-02 (  7.35e+00,  2.77e+01)
50      0.032   5.18e-02   6.58e-02   7.31e-02   1.00e-01   1.06e-01 (  6.98e+00,  2.56e+01)
55      0.040   5.81e-02   7.58e-02   9.02e-02   1.75e-01   1.82e-01 (  7.11e+00,  2.31e+01)
60      0.034   5.72e-02   8.04e-02   9.19e-02   2.50e-01   2.85e-01 (  6.37e+00,  2.05e+01)
65      0.032   6.45e-02   1.01e-01   9.40e-02   3.70e-01   4.08e-01 (  6.38e+00,  1.84e+01)
70      0.039   8.32e-02   1.27e-01   1.19e-01   5.24e-01   5.40e-01 (  7.30e+00,  1.74e+01)
75      0.047   1.04e-01   1.35e-01   1.29e-01   6.55e-01   6.63e-01 (  7.38e+00,  1.53e+01)
80      0.056   1.32e-01   1.47e-01   1.35e-01   7.86e-01   7.64e-01 (  7.49e+00,  1.32e+01)
85      0.046   1.22e-01   1.33e-01   9.45e-02   6.42e-01   8.32e-01 (  5.60e+00,  1.10e+01)
90      0.090   1.73e-01   2.89e-01   3.20e-01   1.13e+00   8.67e-01 (  1.71e+01,  8.74e+00)
95      2.107   4.35e+00   5.80e+00   4.32e+00   1.32e+02   8.75e-01 (  2.34e+03,  6.72e+00)
36 n: 2.646e-05 e: 1.637e-04 i: 1.612e-04 :: e: 1.786e-02 i: 1.239e-02 :: n: 2.160e+01 e:10.567 i:9.665 v:4.993e+03
>>> tau_he = 5.000000, nhe(0)=5.221017e-01
 5     -0.712   4.40e-04   1.43e-01   7.52e-04  -1.65e-03   5.41e-06 (  1.28e-02,  5.89e+00)
10     -0.057  -1.21e-05  -6.22e-04  -2.72e-04  -7.14e-04   3.19e-05 ( -9.33e-04,  1.25e+01)
15     -0.047  -6.43e-05  -2.05e-03  -8.49e-04  -3.59e-03   1.38e-04 ( -8.23e-03,  1.91e+01)
20     -0.115   1.81e-04  -3.27e-04  -1.79e-03  -4.16e-02   5.03e-04 (  2.99e-02,  2.39e+01)
25     -0.040   1.30e-03   1.83e-03  -3.50e-04  -5.48e-02   1.61e-03 (  2.35e-01,  2.65e+01)
30     -0.003   2.74e-02   2.69e-02   4.40e-03  -5.95e-03   4.60e-03 (  4.85e+00,  2.78e+01)
35      0.007   3.18e-02   3.66e-02   3.53e-02   8.36e-03   1.18e-02 (  5.38e+00,  2.91e+01)
40      0.026   4.22e-02   4.44e-02   6.10e-02   4.46e-02   2.71e-02 (  6.84e+00,  2.92e+01)
45      0.020   5.30e-02   5.83e-02   7.42e-02   4.71e-02   5.64e-02 (  7.91e+00,  2.77e+01)
50      0.030   5.35e-02   6.75e-02   7.50e-02   9.35e-02   1.06e-01 (  7.43e+00,  2.56e+01)
55      0.038   5.77e-02   7.51e-02   8.97e-02   1.66e-01   1.82e-01 (  7.30e+00,  2.31e+01)
60      0.031   5.58e-02   7.66e-02   8.81e-02   2.32e-01   2.85e-01 (  6.44e+00,  2.05e+01)
65      0.029   6.16e-02   1.00e-01   8.71e-02   3.40e-01   4.08e-01 (  6.33e+00,  1.84e+01)
70      0.037   8.12e-02   1.24e-01   1.16e-01   4.99e-01   5.40e-01 (  7.40e+00,  1.74e+01)
75      0.046   1.00e-01   1.31e-01   1.26e-01   6.32e-01   6.63e-01 (  7.40e+00,  1.53e+01)
80      0.056   1.31e-01   1.52e-01   1.35e-01   7.91e-01   7.64e-01 (  7.80e+00,  1.32e+01)
85      0.049   1.33e-01   1.42e-01   1.06e-01   6.78e-01   8.32e-01 (  6.39e+00,  1.10e+01)
90      0.087   1.69e-01   2.78e-01   3.10e-01   1.09e+00   8.67e-01 (  1.69e+01,  8.74e+00)
95      2.107   4.35e+00   5.80e+00   4.32e+00   1.32e+02   8.75e-01 (  2.34e+03,  6.72e+00)
37 n: 1.237e-04 e: 2.246e-04 i: 1.193e-04 :: e: 2.052e-02 i: 1.402e-02 :: n: 2.163e+01 e:10.372 i:9.791 v:4.993e+03
>>> tau_he = 5.000000, nhe(0)=5.391171e-01
 5     -0.721   4.46e-04   1.46e-01   7.57e-04  -1.67e-03   5.41e-06 (  1.26e-02,  5.89e+00)
10     -0.059  -1.17e-05  -6.37e-04  -2.77e-04  -7.39e-04   3.19e-05 ( -8.85e-04,  1.25e+01)
15     -0.044  -5.78e-05  -2.06e-03  -8.20e-04  -3.41e-03   1.38e-04 ( -7.26e-03,  1.91e+01)
20     -0.097   2.56e-04  -8.32e-04  -1.57e-03  -3.51e-02   5.03e-04 (  4.13e-02,  2.39e+01)
25     -0.037   1.23e-03   1.73e-03  -4.18e-04  -5.03e-02   1.61e-03 (  2.18e-01,  2.65e+01)
30     -0.030   6.73e-03   5.85e-03  -6.49e-03  -5.56e-02   4.60e-03 (  1.15e+00,  2.78e+01)
35      0.008   2.95e-02   3.22e-02   2.92e-02   9.59e-03   1.18e-02 (  4.87e+00,  2.91e+01)
40      0.027   4.00e-02   4.05e-02   5.55e-02   4.62e-02   2.71e-02 (  6.32e+00,  2.92e+01)
45      0.022   5.03e-02   5.48e-02   6.92e-02   5.27e-02   5.64e-02 (  7.29e+00,  2.77e+01)
50      0.032   5.14e-02   6.55e-02   7.25e-02   1.00e-01   1.06e-01 (  6.92e+00,  2.56e+01)
55      0.040   5.78e-02   7.54e-02   8.95e-02   1.75e-01   1.82e-01 (  7.05e+00,  2.31e+01)
60      0.033   5.68e-02   8.01e-02   9.07e-02   2.50e-01   2.85e-01 (  6.31e+00,  2.05e+01)
65      0.032   6.36e-02   1.01e-01   9.31e-02   3.71e-01   4.08e-01 (  6.27e+00,  1.84e+01)
70      0.039   8.32e-02   1.27e-01   1.19e-01   5.25e-01   5.40e-01 (  7.26e+00,  1.74e+01)
75      0.047   1.04e-01   1.35e-01   1.29e-01   6.56e-01   6.63e-01 (  7.33e+00,  1.53e+01)
80      0.056   1.32e-01   1.46e-01   1.34e-01   7.86e-01   7.64e-01 (  7.43e+00,  1.32e+01)
85      0.045   1.20e-01   1.30e-01   9.25e-02   6.25e-01   8.32e-01 (  5.43e+00,  1.10e+01)
90      0.090   1.73e-01   2.88e-01   3.18e-01   1.13e+00   8.67e-01 (  1.71e+01,  8.74e+00)
95      2.107   4.35e+00   5.80e+00   4.32e+00   1.32e+02   8.75e-01 (  2.34e+03,  6.72e+00)
38 n: 3.360e-05 e: 1.702e-04 i: 1.664e-04 :: e: 1.596e-02 i: 1.221e-02 :: n: 2.162e+01 e:10.542 i:9.643 v:4.993e+03
>>> tau_he = 5.000000, nhe(0)=5.202578e-01
 5     -0.707   4.37e-04   1.42e-01   7.49e-04  -1.64e-03   5.41e-06 (  1.26e-02,  5.89e+00)
10     -0.058  -1.32e-05  -6.44e-04  -2.79e-04  -7.32e-04   3.19e-05 ( -1.02e-03,  1.25e+01)
15     -0.046  -6.33e-05  -2.05e-03  -8.41e-04  -3.54e-03   1.38e-04 ( -8.08e-03,  1.91e+01)
20     -0.113   1.68e-04  -3.43e-04  -1.76e-03  -4.10e-02   5.03e-04 (  2.76e-02,  2.39e+01)
25     -0.040   1.26e-03   1.81e-03  -3.60e-04  -5.42e-02   1.61e-03 (  2.28e-01,  2.65e+01)
30     -0.026   8.24e-03   7.69e-03   3.70e-03  -4.75e-02   4.60e-03 (  1.45e+00,  2.78e+01)
35      0.006   3.15e-02   3.63e-02   3.48e-02   8.25e-03   1.18e-02 (  5.32e+00,  2.91e+01)
40      0.026   4.20e-02   4.43e-02   6.07e-02   4.45e-02   2.71e-02 (  6.80e+00,  2.92e+01)
45      0.020   5.27e-02   5.81e-02   7.39e-02   4.70e-02   5.64e-02 (  7.86e+00,  2.77e+01)
50      0.030   5.32e-02   6.71e-02   7.44e-02   9.36e-02   1.06e-01 (  7.38e+00,  2.56e+01)
55      0.037   5.74e-02   7.46e-02   8.89e-02   1.66e-01   1.82e-01 (  7.25e+00,  2.31e+01)
60      0.031   5.55e-02   7.62e-02   8.69e-02   2.32e-01   2.85e-01 (  6.39e+00,  2.05e+01)
65      0.029   6.15e-02   1.00e-01   8.64e-02   3.42e-01   4.08e-01 (  6.30e+00,  1.84e+01)
70      0.037   8.12e-02   1.23e-01   1.16e-01   5.01e-01   5.40e-01 (  7.35e+00,  1.74e+01)
75      0.046   1.00e-01   1.31e-01   1.25e-01   6.33e-01   6.63e-01 (  7.37e+00,  1.53e+01)
80      0.056   1.32e-01   1.52e-01   1.34e-01   7.93e-01   7.64e-01 (  7.77e+00,  1.32e+01)
85      0.049   1.33e-01   1.41e-01   1.05e-01   6.74e-01   8.32e-01 (  6.33e+00,  1.10e+01)
90      0.087   1.69e-01   2.77e-01   3.09e-01   1.09e+00   8.67e-01 (  1.68e+01,  8.74e+00)
95      2.107   4.35e+00   5.80e+00   4.32e+00   1.32e+02   8.75e-01 (  2.34e+03,  6.72e+00)
39 n: 1.060e-04 e: 2.310e-04 i: 1.248e-04 :: e: 1.707e-02 i: 1.087e-02 :: n: 2.165e+01 e:10.344 i:9.772 v:4.993e+03
>>> tau_he = 5.000000, nhe(0)=5.376263e-01
 5     -0.716   4.42e-04   1.46e-01   7.55e-04  -1.66e-03   5.41e-06 (  1.24e-02,  5.89e+00)
10     -0.058  -1.15e-05  -6.31e-04  -2.75e-04  -7.30e-04   3.19e-05 ( -8.64e-04,  1.25e+01)
15     -0.043  -5.64e-05  -2.05e-03  -8.10e-04  -3.34e-03   1.38e-04 ( -7.04e-03,  1.91e+01)
20     -0.095   2.31e-04  -8.49e-04  -1.53e-03  -3.43e-02   5.03e-04 (  3.70e-02,  2.39e+01)
25     -0.036   1.19e-03   1.70e-03  -4.35e-04  -4.96e-02   1.61e-03 (  2.10e-01,  2.65e+01)
30     -0.029   7.43e-03   5.85e-03  -1.56e-03  -5.22e-02   4.60e-03 (  1.28e+00,  2.78e+01)
35      0.008   2.92e-02   3.19e-02   2.87e-02   9.59e-03   1.18e-02 (  4.80e+00,  2.91e+01)
40      0.027   3.96e-02   4.00e-02   5.48e-02   4.59e-02   2.71e-02 (  6.23e+00,  2.92e+01)
45      0.022   4.98e-02   5.43e-02   6.85e-02   5.25e-02   5.64e-02 (  7.20e+00,  2.77e+01)
50      0.032   5.10e-02   6.50e-02   7.18e-02   1.00e-01   1.06e-01 (  6.84e+00,  2.56e+01)
55      0.039   5.73e-02   7.49e-02   8.87e-02   1.75e-01   1.82e-01 (  6.98e+00,  2.31e+01)
60      0.033   5.64e-02   7.97e-02   8.95e-02   2.51e-01   2.85e-01 (  6.24e+00,  2.05e+01)
65      0.032   6.36e-02   1.00e-01   9.23e-02   3.72e-01   4.08e-01 (  6.23e+00,  1.84e+01)
70      0.039   8.33e-02   1.26e-01   1.18e-01   5.27e-01   5.40e-01 (  7.22e+00,  1.74e+01)
75      0.047   1.04e-01   1.34e-01   1.28e-01   6.56e-01   6.63e-01 (  7.29e+00,  1.53e+01)
80      0.056   1.33e-01   1.46e-01   1.33e-01   7.87e-01   7.64e-01 (  7.40e+00,  1.32e+01)
85      0.045   1.20e-01   1.29e-01   9.16e-02   6.21e-01   8.32e-01 (  5.36e+00,  1.10e+01)
90      0.090   1.73e-01   2.88e-01   3.17e-01   1.13e+00   8.67e-01 (  1.71e+01,  8.74e+00)
95      2.107   4.35e+00   5.80e+00   4.32e+00   1.32e+02   8.75e-01 (  2.34e+03,  6.72e+00)
40 n: 3.769e-05 e: 1.782e-04 i: 1.713e-04 :: e: 1.389e-02 i: 1.170e-02 :: n: 2.164e+01 e:10.519 i:9.623 v:4.993e+03
>>> tau_he = 5.000000, nhe(0)=5.185250e-01
 5     -0.702   4.33e-04   1.42e-01   7.47e-04  -1.62e-03   5.41e-06 (  1.24e-02,  5.89e+00)
10     -0.058  -1.30e-05  -6.38e-04  -2.78e-04  -7.23e-04   3.19e-05 ( -9.95e-04,  1.25e+01)
15     -0.045  -6.20e-05  -2.04e-03  -8.32e-04  -3.47e-03   1.38e-04 ( -7.86e-03,  1.91e+01)
20     -0.111   1.46e-04  -3.71e-04  -1.72e-03  -4.01e-02   5.03e-04 (  2.38e-02,  2.39e+01)
25     -0.039   1.23e-03   1.78e-03  -3.70e-04  -5.36e-02   1.61e-03 (  2.21e-01,  2.65e+01)
30     -0.026   8.42e-03   7.82e-03   4.14e-03  -4.76e-02   4.60e-03 (  1.49e+00,  2.78e+01)
35      0.007   3.13e-02   3.61e-02   3.46e-02   8.30e-03   1.18e-02 (  5.28e+00,  2.91e+01)
40      0.026   4.16e-02   4.39e-02   6.01e-02   4.43e-02   2.71e-02 (  6.72e+00,  2.92e+01)
45      0.020   5.22e-02   5.76e-02   7.32e-02   4.67e-02   5.64e-02 (  7.77e+00,  2.77e+01)
50      0.030   5.27e-02   6.66e-02   7.36e-02   9.34e-02   1.06e-01 (  7.31e+00,  2.56e+01)
55      0.037   5.69e-02   7.40e-02   8.80e-02   1.66e-01   1.82e-01 (  7.18e+00,  2.31e+01)
60      0.030   5.51e-02   7.57e-02   8.56e-02   2.32e-01   2.85e-01 (  6.33e+00,  2.05e+01)
65      0.029   6.14e-02   1.00e-01   8.60e-02   3.43e-01   4.08e-01 (  6.26e+00,  1.84e+01)
70      0.037   8.11e-02   1.23e-01   1.15e-01   5.02e-01   5.40e-01 (  7.31e+00,  1.74e+01)
75      0.046   1.01e-01   1.30e-01   1.25e-01   6.33e-01   6.63e-01 (  7.33e+00,  1.53e+01)
80      0.056   1.33e-01   1.52e-01   1.33e-01   7.95e-01   7.64e-01 (  7.75e+00,  1.32e+01)
85      0.049   1.33e-01   1.40e-01   1.04e-01   6.71e-01   8.32e-01 (  6.27e+00,  1.10e+01)
90      0.086   1.69e-01   2.76e-01   3.07e-01   1.09e+00   8.67e-01 (  1.68e+01,  8.74e+00)
95      2.107   4.35e+00   5.80e+00   4.32e+00   1.32e+02   8.75e-01 (  2.34e+03,  6.72e+00)
41 n: 9.369e-05 e: 2.379e-04 i: 1.308e-04 :: e: 1.536e-02 i: 9.774e-03 :: n: 2.166e+01 e:10.319 i:9.754 v:4.993e+03
>>> tau_he = 5.000000, nhe(0)=5.362787e-01
 5     -0.711   4.38e-04   1.46e-01   7.53e-04  -1.65e-03   5.41e-06 (  1.22e-02,  5.89e+00)
10     -0.058  -1.13e-05  -6.25e-04  -2.73e-04  -7.22e-04   3.19e-05 ( -8.44e-04,  1.25e+01)
15     -0.043  -5.51e-05  -2.04e-03  -8.01e-04  -3.28e-03   1.38e-04 ( -6.84e-03,  1.91e+01)
20     -0.093   2.10e-04  -8.64e-04  -1.50e-03  -3.36e-02   5.03e-04 (  3.36e-02,  2.39e+01)
25     -0.036   1.16e-03   1.67e-03  -4.46e-04  -4.91e-02   1.61e-03 (  2.04e-01,  2.65e+01)
30     -0.029   7.58e-03   5.94e-03  -6.28e-04  -5.23e-02   4.60e-03 (  1.30e+00,  2.78e+01)
35      0.008   2.90e-02   3.18e-02   2.85e-02   9.65e-03   1.18e-02 (  4.76e+00,  2.91e+01)
40      0.026   3.92e-02   3.96e-02   5.42e-02   4.57e-02   2.71e-02 (  6.15e+00,  2.92e+01)
45      0.022   4.93e-02   5.38e-02   6.78e-02   5.24e-02   5.64e-02 (  7.11e+00,  2.77e+01)
50      0.031   5.42e-02   6.41e-02   7.11e-02   9.81e-02   1.06e-01 (  7.25e+00,  2.56e+01)
55      0.039   5.69e-02   7.44e-02   8.78e-02   1.75e-01   1.82e-01 (  6.91e+00,  2.31e+01)
60      0.032   5.60e-02   7.92e-02   8.83e-02   2.51e-01   2.85e-01 (  6.17e+00,  2.05e+01)
65      0.031   6.33e-02   1.04e-01   8.76e-02   3.71e-01   4.08e-01 (  6.17e+00,  1.84e+01)
70      0.039   8.32e-02   1.26e-01   1.17e-01   5.27e-01   5.40e-01 (  7.17e+00,  1.74e+01)
75      0.047   1.04e-01   1.33e-01   1.27e-01   6.56e-01   6.63e-01 (  7.24e+00,  1.53e+01)
80      0.056   1.34e-01   1.45e-01   1.32e-01   7.87e-01   7.64e-01 (  7.36e+00,  1.32e+01)
85      0.045   1.20e-01   1.28e-01   9.09e-02   6.19e-01   8.32e-01 (  5.32e+00,  1.10e+01)
90      0.089   1.73e-01   2.87e-01   3.16e-01   1.13e+00   8.67e-01 (  1.70e+01,  8.74e+00)
95      2.107   4.35e+00   5.80e+00   4.32e+00   1.32e+02   8.75e-01 (  2.34e+03,  6.72e+00)
42 n: 3.846e-05 e: 1.863e-04 i: 1.769e-04 :: e: 1.128e-02 i: 1.180e-02 :: n: 2.166e+01 e:10.498 i:9.603 v:4.993e+03
>>> tau_he = 5.000000, nhe(0)=5.169277e-01
 5     -0.697   4.30e-04   1.42e-01   7.45e-04  -1.61e-03   5.41e-06 (  1.22e-02,  5.89e+00)
10     -0.057  -1.28e-05  -6.32e-04  -2.76e-04  -7.16e-04   3.19e-05 ( -9.78e-04,  1.25e+01)
15     -0.044  -6.08e-05  -2.03e-03  -8.23e-04  -3.41e-03   1.38e-04 ( -7.68e-03,  1.91e+01)
20     -0.109   1.28e-04  -3.94e-04  -1.69e-03  -3.94e-02   5.03e-04 (  2.08e-02,  2.39e+01)
25     -0.039   1.20e-03   1.76e-03  -3.77e-04  -5.32e-02   1.61e-03 (  2.16e-01,  2.65e+01)
30     -0.003   2.72e-02   2.72e-02   4.53e-03  -5.78e-03   4.60e-03 (  4.81e+00,  2.78e+01)
35      0.007   3.11e-02   3.61e-02   3.45e-02   8.34e-03   1.18e-02 (  5.25e+00,  2.91e+01)
40      0.026   4.12e-02   4.35e-02   5.97e-02   4.40e-02   2.71e-02 (  6.66e+00,  2.92e+01)
45      0.020   5.18e-02   5.72e-02   7.25e-02   4.66e-02   5.64e-02 (  7.70e+00,  2.77e+01)
50      0.030   5.22e-02   6.61e-02   7.28e-02   9.37e-02   1.06e-01 (  7.22e+00,  2.56e+01)
55      0.037   5.64e-02   7.34e-02   8.70e-02   1.66e-01   1.82e-01 (  7.11e+00,  2.31e+01)
60      0.030   5.47e-02   7.52e-02   8.43e-02   2.32e-01   2.85e-01 (  6.27e+00,  2.05e+01)
65      0.029   6.05e-02   9.99e-02   8.54e-02   3.44e-01   4.08e-01 (  6.14e+00,  1.84e+01)
70      0.037   8.11e-02   1.22e-01   1.15e-01   5.03e-01   5.40e-01 (  7.27e+00,  1.74e+01)
75      0.046   1.01e-01   1.29e-01   1.24e-01   6.33e-01   6.63e-01 (  7.29e+00,  1.53e+01)
80      0.056   1.34e-01   1.52e-01   1.33e-01   7.96e-01   7.64e-01 (  7.72e+00,  1.32e+01)
85      0.048   1.34e-01   1.40e-01   1.04e-01   6.70e-01   8.32e-01 (  6.23e+00,  1.10e+01)
90      0.086   1.68e-01   2.75e-01   3.06e-01   1.09e+00   8.67e-01 (  1.68e+01,  8.74e+00)
95      2.107   4.35e+00   5.80e+00   4.32e+00   1.32e+02   8.75e-01 (  2.34e+03,  6.72e+00)
43 n: 8.812e-05 e: 2.471e-04 i: 1.364e-04 :: e: 1.803e-02 i: 1.220e-02 :: n: 2.168e+01 e:10.294 i:9.737 v:4.993e+03
>>> tau_he = 5.000000, nhe(0)=5.349052e-01
 5     -0.707   4.36e-04   1.46e-01   7.51e-04  -1.64e-03   5.41e-06 (  1.21e-02,  5.89e+00)
10     -0.057  -1.11e-05  -6.22e-04  -2.72e-04  -7.16e-04   3.19e-05 ( -8.29e-04,  1.25e+01)
15     -0.042  -5.42e-05  -2.03e-03  -7.95e-04  -3.24e-03   1.38e-04 ( -6.71e-03,  1.91e+01)
20     -0.092   2.03e-04  -8.69e-04  -1.49e-03  -3.32e-02   5.03e-04 (  3.24e-02,  2.39e+01)
25     -0.036   1.13e-03   1.65e-03  -4.54e-04  -4.86e-02   1.61e-03 (  1.98e-01,  2.65e+01)
30     -0.030   6.61e-03   5.79e-03  -6.56e-03  -5.49e-02   4.60e-03 (  1.13e+00,  2.78e+01)
35      0.008   2.88e-02   3.15e-02   2.81e-02   9.61e-03   1.18e-02 (  4.71e+00,  2.91e+01)
40      0.026   3.90e-02   3.95e-02   5.40e-02   4.57e-02   2.71e-02 (  6.12e+00,  2.92e+01)
45      0.022   4.90e-02   5.36e-02   6.74e-02   5.25e-02   5.64e-02 (  7.06e+00,  2.77e+01)
50      0.031   5.37e-02   6.37e-02   7.04e-02   9.86e-02   1.06e-01 (  7.16e+00,  2.56e+01)
55      0.039   5.64e-02   7.39e-02   8.70e-02   1.75e-01   1.82e-01 (  6.84e+00,  2.31e+01)
60      0.032   5.54e-02   7.88e-02   8.72e-02   2.52e-01   2.85e-01 (  6.09e+00,  2.05e+01)
65      0.031   6.32e-02   1.03e-01   8.70e-02   3.73e-01   4.08e-01 (  6.14e+00,  1.84e+01)
70      0.038   8.32e-02   1.25e-01   1.17e-01   5.28e-01   5.40e-01 (  7.13e+00,  1.74e+01)
75      0.047   1.05e-01   1.33e-01   1.27e-01   6.56e-01   6.63e-01 (  7.20e+00,  1.53e+01)
80      0.056   1.34e-01   1.45e-01   1.32e-01   7.87e-01   7.64e-01 (  7.32e+00,  1.32e+01)
85      0.045   1.21e-01   1.28e-01   9.05e-02   6.19e-01   8.32e-01 (  5.30e+00,  1.10e+01)
90      0.089   1.73e-01   2.86e-01   3.14e-01   1.13e+00   8.67e-01 (  1.70e+01,  8.74e+00)
95      2.107   4.35e+00   5.80e+00   4.32e+00   1.32e+02   8.75e-01 (  2.34e+03,  6.72e+00)
44 n: 3.822e-05 e: 1.935e-04 i: 1.841e-04 :: e: 1.159e-02 i: 1.145e-02 :: n: 2.168e+01 e:10.474 i:9.582 v:4.993e+03
>>> tau_he = 5.000000, nhe(0)=5.150563e-01
 5     -0.693   4.27e-04   1.42e-01   7.42e-04  -1.60e-03   5.41e-06 (  1.21e-02,  5.89e+00)
10     -0.057  -1.27e-05  -6.29e-04  -2.75e-04  -7.10e-04   3.19e-05 ( -9.64e-04,  1.25e+01)
15     -0.044  -6.00e-05  -2.02e-03  -8.17e-04  -3.37e-03   1.38e-04 ( -7.56e-03,  1.91e+01)
20     -0.108   1.18e-04  -4.05e-04  -1.67e-03  -3.89e-02   5.03e-04 (  1.92e-02,  2.39e+01)
25     -0.038   1.16e-03   1.90e-03  -3.07e-04  -5.24e-02   1.61e-03 (  2.08e-01,  2.65e+01)
30     -0.026   8.09e-03   7.65e-03   3.61e-03  -4.70e-02   4.60e-03 (  1.42e+00,  2.78e+01)
35      0.006   3.08e-02   3.57e-02   3.39e-02   8.19e-03   1.18e-02 (  5.19e+00,  2.91e+01)
40      0.025   4.11e-02   4.34e-02   5.94e-02   4.39e-02   2.71e-02 (  6.63e+00,  2.92e+01)
45      0.020   5.15e-02   5.70e-02   7.21e-02   4.66e-02   5.64e-02 (  7.65e+00,  2.77e+01)
50      0.030   5.18e-02   6.57e-02   7.22e-02   9.40e-02   1.06e-01 (  7.15e+00,  2.56e+01)
55      0.036   5.61e-02   7.29e-02   8.62e-02   1.66e-01   1.82e-01 (  7.05e+00,  2.31e+01)
60      0.029   5.34e-02   7.39e-02   7.91e-02   2.26e-01   2.85e-01 (  6.10e+00,  2.05e+01)
65      0.029   6.04e-02   9.98e-02   8.49e-02   3.45e-01   4.08e-01 (  6.11e+00,  1.84e+01)
70      0.037   8.10e-02   1.22e-01   1.14e-01   5.04e-01   5.40e-01 (  7.23e+00,  1.74e+01)
75      0.046   1.01e-01   1.29e-01   1.24e-01   6.33e-01   6.63e-01 (  7.25e+00,  1.53e+01)
80      0.057   1.34e-01   1.52e-01   1.32e-01   7.97e-01   7.64e-01 (  7.69e+00,  1.32e+01)
85      0.048   1.34e-01   1.39e-01   1.03e-01   6.66e-01   8.32e-01 (  6.18e+00,  1.10e+01)
90      0.086   1.68e-01   2.74e-01   3.05e-01   1.09e+00   8.67e-01 (  1.67e+01,  8.74e+00)
95      2.107   4.35e+00   5.80e+00   4.32e+00   1.32e+02   8.75e-01 (  2.34e+03,  6.72e+00)
45 n: 9.596e-05 e: 2.557e-04 i: 1.426e-04 :: e: 1.431e-02 i: 9.273e-03 :: n: 2.170e+01 e:10.267 i:9.718 v:4.993e+03
>>> tau_he = 5.000000, nhe(0)=5.334673e-01
 5     -0.702   4.32e-04   1.45e-01   7.49e-04  -1.63e-03   5.41e-06 (  1.19e-02,  5.89e+00)
10     -0.057  -1.09e-05  -6.16e-04  -2.70e-04  -7.09e-04   3.19e-05 ( -8.10e-04,  1.25e+01)
15     -0.041  -5.30e-05  -2.03e-03  -7.85e-04  -3.17e-03   1.38e-04 ( -6.52e-03,  1.91e+01)
20     -0.090   1.81e-04  -8.85e-04  -1.46e-03  -3.25e-02   5.03e-04 (  2.87e-02,  2.39e+01)
25     -0.035   1.09e-03   1.61e-03  -4.73e-04  -4.78e-02   1.61e-03 (  1.90e-01,  2.65e+01)
30     -0.030   6.64e-03   5.79e-03  -6.39e-03  -5.48e-02   4.60e-03 (  1.13e+00,  2.78e+01)
35      0.008   2.84e-02   3.12e-02   2.75e-02   9.56e-03   1.18e-02 (  4.64e+00,  2.91e+01)
40      0.026   3.86e-02   3.90e-02   5.32e-02   4.53e-02   2.71e-02 (  6.03e+00,  2.92e+01)
45      0.022   4.85e-02   5.30e-02   6.66e-02   5.24e-02   5.64e-02 (  6.97e+00,  2.77e+01)
50      0.031   5.31e-02   6.32e-02   6.95e-02   9.88e-02   1.06e-01 (  7.07e+00,  2.56e+01)
55      0.038   5.60e-02   7.34e-02   8.62e-02   1.75e-01   1.82e-01 (  6.77e+00,  2.31e+01)
60      0.031   5.41e-02   7.77e-02   8.19e-02   2.47e-01   2.85e-01 (  5.92e+00,  2.05e+01)
65      0.031   6.32e-02   1.03e-01   8.65e-02   3.74e-01   4.08e-01 (  6.11e+00,  1.84e+01)
70      0.038   8.32e-02   1.25e-01   1.16e-01   5.29e-01   5.40e-01 (  7.09e+00,  1.74e+01)
75      0.047   1.05e-01   1.32e-01   1.26e-01   6.56e-01   6.63e-01 (  7.16e+00,  1.53e+01)
80      0.056   1.35e-01   1.44e-01   1.31e-01   7.88e-01   7.64e-01 (  7.29e+00,  1.32e+01)
85      0.045   1.22e-01   1.29e-01   9.02e-02   6.21e-01   8.32e-01 (  5.29e+00,  1.10e+01)
90      0.089   1.73e-01   2.85e-01   3.13e-01   1.13e+00   8.67e-01 (  1.70e+01,  8.74e+00)
95      2.107   4.35e+00   5.80e+00   4.32e+00   1.32e+02   8.75e-01 (  2.34e+03,  6.72e+00)
46 n: 4.654e-05 e: 2.026e-04 i: 1.906e-04 :: e: 1.129e-02 i: 1.102e-02 :: n: 2.170e+01 e:10.452 i:9.561 v:4.993e+03
>>> tau_he = 5.000000, nhe(0)=5.133721e-01
 5     -0.687   4.24e-04   1.41e-01   7.40e-04  -1.59e-03   5.41e-06 (  1.19e-02,  5.89e+00)
10     -0.056  -1.25e-05  -6.23e-04  -2.73e-04  -7.02e-04   3.19e-05 ( -9.46e-04,  1.25e+01)
15     -0.043  -5.88e-05  -2.02e-03  -8.08e-04  -3.31e-03   1.38e-04 ( -7.37e-03,  1.91e+01)
20     -0.106   9.80e-05  -4.32e-04  -1.64e-03  -3.81e-02   5.03e-04 (  1.58e-02,  2.39e+01)
25     -0.038   1.13e-03   1.74e-03  -3.73e-04  -5.19e-02   1.61e-03 (  2.02e-01,  2.65e+01)
30     -0.026   8.19e-03   7.72e-03   3.85e-03  -4.70e-02   4.60e-03 (  1.44e+00,  2.78e+01)
35      0.006   3.05e-02   3.55e-02   3.35e-02   8.20e-03   1.18e-02 (  5.14e+00,  2.91e+01)
40      0.025   4.06e-02   4.29e-02   5.87e-02   4.36e-02   2.71e-02 (  6.55e+00,  2.92e+01)
45      0.020   5.10e-02   5.64e-02   7.13e-02   4.64e-02   5.64e-02 (  7.56e+00,  2.77e+01)
50      0.030   5.13e-02   6.51e-02   7.12e-02   9.40e-02   1.06e-01 (  7.06e+00,  2.56e+01)
55      0.036   5.56e-02   7.22e-02   8.52e-02   1.65e-01   1.82e-01 (  6.98e+00,  2.31e+01)
60      0.028   5.36e-02   7.38e-02   7.82e-02   2.27e-01   2.85e-01 (  6.12e+00,  2.05e+01)
65      0.029   6.04e-02   9.99e-02   8.46e-02   3.46e-01   4.08e-01 (  6.09e+00,  1.84e+01)
70      0.037   8.10e-02   1.22e-01   1.13e-01   5.05e-01   5.40e-01 (  7.20e+00,  1.74e+01)
75      0.046   1.01e-01   1.28e-01   1.23e-01   6.34e-01   6.63e-01 (  7.22e+00,  1.53e+01)
80      0.057   1.35e-01   1.52e-01   1.32e-01   7.98e-01   7.64e-01 (  7.67e+00,  1.32e+01)
85      0.049   1.37e-01   1.41e-01   1.03e-01   6.80e-01   8.32e-01 (  6.27e+00,  1.10e+01)
90      0.086   1.68e-01   2.73e-01   3.03e-01   1.08e+00   8.67e-01 (  1.67e+01,  8.74e+00)
95      2.107   4.35e+00   5.80e+00   4.32e+00   1.32e+02   8.75e-01 (  2.34e+03,  6.72e+00)
47 n: 1.134e-04 e: 2.648e-04 i: 1.495e-04 :: e: 1.402e-02 i: 9.410e-03 :: n: 2.172e+01 e:10.242 i:9.701 v:4.993e+03
>>> tau_he = 5.000000, nhe(0)=5.322091e-01
 5     -0.698   4.29e-04   1.45e-01   7.47e-04  -1.61e-03   5.41e-06 (  1.17e-02,  5.89e+00)
10     -0.056  -1.07e-05  -6.11e-04  -2.69e-04  -7.01e-04   3.19e-05 ( -7.91e-04,  1.25e+01)
15     -0.040  -5.17e-05  -2.02e-03  -7.77e-04  -3.11e-03   1.38e-04 ( -6.33e-03,  1.91e+01)
20     -0.088   1.63e-04  -8.99e-04  -1.43e-03  -3.18e-02   5.03e-04 (  2.57e-02,  2.39e+01)
25     -0.035   1.05e-03   1.59e-03  -4.86e-04  -4.73e-02   1.61e-03 (  1.83e-01,  2.65e+01)
30     -0.028   7.26e-03   5.78e-03  -1.84e-03  -5.14e-02   4.60e-03 (  1.24e+00,  2.78e+01)
35      0.008   2.81e-02   3.09e-02   2.71e-02   9.59e-03   1.18e-02 (  4.59e+00,  2.91e+01)
40      0.026   3.81e-02   3.85e-02   5.26e-02   4.51e-02   2.71e-02 (  5.95e+00,  2.92e+01)
45      0.022   4.80e-02   5.24e-02   6.57e-02   5.23e-02   5.64e-02 (  6.87e+00,  2.77e+01)
50      0.031   5.26e-02   6.26e-02   6.84e-02   9.89e-02   1.06e-01 (  6.97e+00,  2.56e+01)
55      0.038   5.55e-02   7.27e-02   8.53e-02   1.75e-01   1.82e-01 (  6.69e+00,  2.31e+01)
60      0.031   5.39e-02   7.76e-02   8.10e-02   2.48e-01   2.85e-01 (  5.89e+00,  2.05e+01)
65      0.031   6.33e-02   1.03e-01   8.61e-02   3.76e-01   4.08e-01 (  6.08e+00,  1.84e+01)
70      0.038   8.32e-02   1.24e-01   1.16e-01   5.30e-01   5.40e-01 (  7.05e+00,  1.74e+01)
75      0.047   1.05e-01   1.32e-01   1.25e-01   6.56e-01   6.63e-01 (  7.12e+00,  1.53e+01)
80      0.056   1.35e-01   1.44e-01   1.30e-01   7.86e-01   7.64e-01 (  7.24e+00,  1.32e+01)
85      0.045   1.23e-01   1.28e-01   8.98e-02   6.20e-01   8.32e-01 (  5.26e+00,  1.10e+01)
90      0.089   1.73e-01   2.84e-01   3.12e-01   1.13e+00   8.67e-01 (  1.69e+01,  8.74e+00)
95      2.107   4.35e+00   5.80e+00   4.32e+00   1.32e+02   8.75e-01 (  2.34e+03,  6.72e+00)
48 n: 4.780e-05 e: 2.122e-04 i: 1.978e-04 :: e: 1.081e-02 i: 1.078e-02 :: n: 2.172e+01 e:10.431 i:9.542 v:4.993e+03
>>> tau_he = 5.000000, nhe(0)=5.117594e-01
 5     -0.683   4.21e-04   1.41e-01   7.38e-04  -1.58e-03   5.41e-06 (  1.18e-02,  5.89e+00)
10     -0.055  -1.24e-05  -6.18e-04  -2.72e-04  -6.95e-04   3.19e-05 ( -9.30e-04,  1.25e+01)
15     -0.042  -5.77e-05  -2.01e-03  -8.00e-04  -3.25e-03   1.38e-04 ( -7.20e-03,  1.91e+01)
20     -0.104   8.13e-05  -4.54e-04  -1.61e-03  -3.74e-02   5.03e-04 (  1.31e-02,  2.39e+01)
25     -0.038   1.10e-03   1.72e-03  -3.82e-04  -5.14e-02   1.61e-03 (  1.95e-01,  2.65e+01)
30     -0.026   8.25e-03   7.78e-03   4.06e-03  -4.70e-02   4.60e-03 (  1.45e+00,  2.78e+01)
35      0.006   3.03e-02   3.53e-02   3.33e-02   8.23e-03   1.18e-02 (  5.09e+00,  2.91e+01)
40      0.025   4.03e-02   4.26e-02   5.82e-02   4.34e-02   2.71e-02 (  6.48e+00,  2.92e+01)
45      0.020   5.05e-02   5.59e-02   7.06e-02   4.63e-02   5.64e-02 (  7.48e+00,  2.77e+01)
50      0.029   5.08e-02   6.45e-02   7.03e-02   9.40e-02   1.06e-01 (  6.97e+00,  2.56e+01)
55      0.036   5.51e-02   7.15e-02   8.42e-02   1.65e-01   1.82e-01 (  6.90e+00,  2.31e+01)
60      0.028   5.33e-02   7.35e-02   7.72e-02   2.28e-01   2.85e-01 (  6.07e+00,  2.05e+01)
65      0.029   6.03e-02   9.99e-02   8.42e-02   3.48e-01   4.08e-01 (  6.06e+00,  1.84e+01)
70      0.037   8.09e-02   1.21e-01   1.13e-01   5.05e-01   5.40e-01 (  7.15e+00,  1.74e+01)
75      0.046   1.01e-01   1.28e-01   1.22e-01   6.34e-01   6.63e-01 (  7.19e+00,  1.53e+01)
80      0.057   1.35e-01   1.51e-01   1.31e-01   7.98e-01   7.64e-01 (  7.63e+00,  1.32e+01)
85      0.049   1.38e-01   1.41e-01   1.02e-01   6.79e-01   8.32e-01 (  6.24e+00,  1.10e+01)
90      0.085   1.68e-01   2.72e-01   3.02e-01   1.08e+00   8.67e-01 (  1.66e+01,  8.74e+00)
95      2.107   4.35e+00   5.80e+00   4.32e+00   1.32e+02   8.75e-01 (  2.34e+03,  6.72e+00)
49 n: 1.031e-04 e: 2.748e-04 i: 1.567e-04 :: e: 1.311e-02 i: 9.084e-03 :: n: 2.174e+01 e:10.217 i:9.685 v:4.993e+03
 plasma volume = 147.746825
 stored energy(e,i,b,a) = 3.840990e+01 3.590910e+01 0.000000e+00 0.000000e+00
 betan = 0.847111
*power
 Pnb(e,i) = 0.000000e+00 0.000000e+00
 Prf(e,i) = 3.799426e+00 4.484677e-04
 Prad     = -1.643293e+01 
 Pei      = 1.581797e+00 
 Pfuse    = 1.532655e+01 
 Pfusi    = 2.903731e+00 
 Poh      = 0.000000e+00 
*confinement time
 taut, tauITER98y2, H98y2 : 1.327783e+01 9.257139e+00 1.434334e+00
 taue, taui : 8.985101e+00 2.716408e+01
 taut, tau89, H89 : 1.327783e+01 2.888750e+00 4.596393e+00
*temperature
 nea, nebar : 1.838164e+01 1.977615e+01 
 tea, tia : 5.592442e+00 5.611878e+00 (9.965366e-01)
 te0, ti0 : 9.993892e+00 9.735548e+00 (1.026536e+00)
 Sn : 1.999551e+02 
*current balance
 Ip,Ibs,Inb,Irf: 1.000000e+01 1.082674e+00 0.000000e+00 2.835862e-02
 fni,fbs: 0.111 0.108

 plasma volume = 147.746825
 stored energy(e,i,b,a) = 3.840990e+01 3.590910e+01 0.000000e+00 0.000000e+00
 betan = 0.847111
*power
 Pnb(e,i) = 0.000000e+00 0.000000e+00
 Prf(e,i) = 3.799426e+00 4.484677e-04
 Prad     = -1.643293e+01 
 Pei      = 1.581797e+00 
 Pfuse    = 1.532655e+01 
 Pfusi    = 2.903731e+00 
 Poh      = 0.000000e+00 
*confinement time
 taut, tauITER98y2, H98y2 : 1.327783e+01 9.257139e+00 1.434334e+00
 taue, taui : 8.985101e+00 2.716408e+01
 taut, tau89, H89 : 1.327783e+01 2.888750e+00 4.596393e+00
*temperature
 nea, nebar : 1.838164e+01 1.977615e+01 
 tea, tia : 5.592442e+00 5.611878e+00 (9.965366e-01)
 te0, ti0 : 9.993892e+00 9.735548e+00 (1.026536e+00)
 Sn : 1.999551e+02 
*current balance
 Ip,Ibs,Inb,Irf: 1.000000e+01 1.082674e+00 0.000000e+00 2.835862e-02
 fni,fbs: 0.111 0.108
 ELAPASED TIME = 44 sec

finalize
