NCAPTC: : NetCDF: Variable not found
Warning: ieee_overflow is signaling
Warning: ieee_underflow is signaling
Warning: ieee_inexact is signaling
FORTRAN STOP
 solver
 /global/common/software/atom/perlmutter/data/greentable/
 /global/common/software/atom/perlmutter/data/greentable/

          EFITD Version  07/09/2014


 type mode (2=file, 3=snap, 4=time, 5=input, 6=com file, 7=snap_ext):

 number of time slices?

 type input file names:
 #
 table_dir = </global/common/software/atom/perlmutter/data/greentable/>

  ----- time =     8 ms ----- ( 0)
 it=  1 chi2=0.00E+00 zm= 7.53E-03 err=5.202E+00 dz= 7.535E-03 chigam= 0.00E+00
 it=  2 chi2=0.00E+00 zm= 1.09E-02 err=8.979E-01 dz= 3.348E-03 chigam= 0.00E+00
 it=  3 chi2=0.00E+00 zm= 1.34E-02 err=5.214E-01 dz= 2.540E-03 chigam= 0.00E+00
 it=  4 chi2=0.00E+00 zm= 1.53E-02 err=3.056E-01 dz= 1.924E-03 chigam= 0.00E+00
 it=  5 chi2=0.00E+00 zm= 1.68E-02 err=1.804E-01 dz= 1.462E-03 chigam= 0.00E+00
 it=  6 chi2=0.00E+00 zm= 1.79E-02 err=1.114E-01 dz= 1.113E-03 chigam= 0.00E+00
 it=  7 chi2=0.00E+00 zm= 1.88E-02 err=6.184E-02 dz= 8.292E-04 chigam= 0.00E+00
 it=  8 chi2=0.00E+00 zm= 1.94E-02 err=4.069E-02 dz= 6.216E-04 chigam= 0.00E+00
 it=  9 chi2=0.00E+00 zm= 1.98E-02 err=2.976E-02 dz= 4.646E-04 chigam= 0.00E+00
 it= 10 chi2=0.00E+00 zm= 2.02E-02 err=1.519E-02 dz= 3.381E-04 chigam= 0.00E+00
 it= 11 chi2=0.00E+00 zm= 2.04E-02 err=9.470E-03 dz= 2.486E-04 chigam= 0.00E+00
 it= 12 chi2=0.00E+00 zm= 2.06E-02 err=9.480E-03 dz= 1.807E-04 chigam= 0.00E+00
 it= 13 chi2=0.00E+00 zm= 2.07E-02 err=5.434E-03 dz= 1.318E-04 chigam= 0.00E+00
 it= 14 chi2=0.00E+00 zm= 2.08E-02 err=3.138E-03 dz= 9.600E-05 chigam= 0.00E+00
 it= 15 chi2=0.00E+00 zm= 2.09E-02 err=2.517E-03 dz= 6.868E-05 chigam= 0.00E+00
 it= 16 chi2=0.00E+00 zm= 2.10E-02 err=1.656E-03 dz= 4.982E-05 chigam= 0.00E+00
 it= 17 chi2=0.00E+00 zm= 2.10E-02 err=1.105E-03 dz= 3.615E-05 chigam= 0.00E+00
 it= 18 chi2=0.00E+00 zm= 2.10E-02 err=7.458E-04 dz= 2.624E-05 chigam= 0.00E+00
 it= 19 chi2=0.00E+00 zm= 2.10E-02 err=5.082E-04 dz= 1.906E-05 chigam= 0.00E+00
 it= 20 chi2=0.00E+00 zm= 2.10E-02 err=3.489E-04 dz= 1.385E-05 chigam= 0.00E+00
 it= 21 chi2=0.00E+00 zm= 2.11E-02 err=2.412E-04 dz= 1.007E-05 chigam= 0.00E+00
 it= 22 chi2=0.00E+00 zm= 2.11E-02 err=1.675E-04 dz= 7.318E-06 chigam= 0.00E+00
 it= 23 chi2=0.00E+00 zm= 2.11E-02 err=1.169E-04 dz= 5.323E-06 chigam= 0.00E+00
 it= 24 chi2=0.00E+00 zm= 2.11E-02 err=8.186E-05 dz= 3.872E-06 chigam= 0.00E+00

      ******************** EFITD129 x 129  output ********************

       data used:   
  0 flux loops
  0 magnetic probes(i)
  0 full rogowski
  0 diamagnetic loop


 shot #   =          1 time(ms) =          8 chi**2   =  0.000E+00
 betat(%) =      1.312 betap    =      0.667 li       =      0.858
 vol(cm3) =  0.782E+07 rout(cm) =    172.233 zout(cm) =      0.740
 elong    =      1.351 utriang  =     -0.370 ltriang  =     -0.306
 a(cm)    =     41.463 lin(cm)  = ********** lout(cm) =     10.480
 ltop(cm) = ********** q*       =      2.348 rc(cm)   =    177.217
 zc(cm)   =      1.838 bt0(t)   =      2.000 qout     =      2.230
