========================================================================
= FASTRAN

nonlinear model = 0
ichi = 1
ineo = 0
reading state...
read formatted input, inprof...
init geometry...
read formatted input, inmetric...
nrho in inmetric = 101
rhob in inmetric = 1.263732e+00
solve avg grad-shafranv...
solve_avg_gs::Ip_temp = 1.002257e+01 
solve_avg_gs::Ip      = 1.000000e+01 
>>> tau_he = 5.000000, nhe(0)=3.860718e+00

 plasma volume = 148.796323
 stored energy(e,i,b,a) = 6.282429e+01 4.576512e+01 0.000000e+00 0.000000e+00
 betan = 1.232290
*power
 Pnb(e,i) = 0.000000e+00 0.000000e+00
 Prf(e,i) = 2.689155e+01 1.313199e+01
 Prad     = -2.187421e+01 
 Pei      = 3.468350e+00 
 Pfuse    = 4.556287e+00 
 Pfusi    = 5.255281e-01 
 Poh      = 0.000000e+00 
*confinement time
 taut, tauITER98y2, H98y2 : 4.674303e+00 3.593717e+00 1.300688e+00
 taue, taui : 4.817083e+00 -1.555144e+01
 taut, tau89, H89 : 4.674303e+00 1.431698e+00 3.264866e+00
*temperature
 nea, nebar : 1.866469e+01 2.143540e+01 
 tea, tia : 8.134794e+00 9.653522e+00 (8.426763e-01)
 te0, ti0 : 2.230200e+01 3.716122e+01 (6.001417e-01)
 Sn : 0.000000e+00 
*current balance
 Ip,Ibs,Inb,Irf: 1.000000e+01 1.668034e+00 0.000000e+00 6.944164e-01
 fni,fbs: 0.236 0.167

Time advancing...
rho_bdry 0.900000 ...
te_bdry = 3.746797
ti_bdry = 3.746714
ne_bdry = 14.498656
rv_bdry = 279.463030
nrho_tr_bdry = 18
drho_bdry = 0.000000e+00
nrhob = 90
 [    0] t = 0.0000 
>>> tau_he = 5.000000, nhe(0)=3.880023e+00
 5      0.005   9.98e-03   1.26e-01   9.88e-04   2.15e-02   0.00e+00 (  1.45e+00,  4.93e+01)
10     -0.000   6.37e-04  -9.03e-03  -3.35e-03  -1.91e-04   0.00e+00 (  1.80e-01,  9.79e+01)
15     -0.001   8.34e-03  -1.50e-02  -1.91e-03  -7.68e-03   0.00e+00 (  3.36e+00,  1.25e+02)
20     -0.009   6.77e-02  -8.47e-02  -2.53e-03  -7.66e-02   0.00e+00 (  3.40e+01,  1.36e+02)
25     -0.025   1.88e-01  -7.08e-02   1.83e-02  -2.34e-01   0.00e+00 (  1.09e+02,  1.38e+02)
30     -0.047   2.86e-01  -1.00e-01   1.76e-02  -4.87e-01   0.00e+00 (  1.79e+02,  1.33e+02)
35     -0.046   3.11e-01  -7.93e-02   2.71e-02  -5.16e-01   0.00e+00 (  1.81e+02,  1.28e+02)
40     -0.045   3.20e-01  -5.68e-02   3.25e-02  -5.39e-01   0.00e+00 (  1.78e+02,  1.22e+02)
45     -0.042   2.98e-01  -5.19e-02   1.89e-02  -5.35e-01   0.00e+00 (  1.62e+02,  1.15e+02)
50     -0.037   2.81e-01  -3.45e-02   3.45e-02  -4.98e-01   0.00e+00 (  1.42e+02,  1.07e+02)
55     -0.036   2.93e-01  -2.00e-02   5.15e-02  -5.06e-01   0.00e+00 (  1.29e+02,  9.80e+01)
60     -0.035   3.03e-01   4.24e-03   6.98e-02  -4.98e-01   0.00e+00 (  1.16e+02,  8.77e+01)
65     -0.034   3.17e-01   2.70e-02   9.30e-02  -5.00e-01   0.00e+00 (  1.03e+02,  7.73e+01)
70     -0.032   3.27e-01   5.14e-02   1.20e-01  -4.82e-01   0.00e+00 (  9.07e+01,  6.77e+01)
75     -0.027   3.44e-01   1.00e-01   1.70e-01  -4.19e-01   0.00e+00 (  8.29e+01,  5.98e+01)
80     -0.021   3.57e-01   1.40e-01   2.01e-01  -3.44e-01   0.00e+00 (  7.65e+01,  5.26e+01)
85     -0.001   3.27e-01   1.98e-01   2.20e-01  -1.41e-02   0.00e+00 (  6.47e+01,  4.62e+01)
90      0.057   2.05e-01   4.21e-01   2.79e-01   2.03e+00   0.00e+00 (  5.18e+01,  4.11e+01)
95      0.023   8.18e-02   1.35e-01   1.02e-01   1.45e+00   0.00e+00 (  4.31e+01,  3.79e+01)
 0 e: 1.103e-06 i: 2.222e-06 :: e: 0.000e+00 i: 0.000e+00 :: n: 2.762e+01 e:22.317 i:37.009 v:4.993e+03
>>> tau_he = 5.000000, nhe(0)=3.871458e+00
 5      0.004   9.79e-03   1.47e-01   1.47e-03   2.08e-02   0.00e+00 (  1.38e+00,  4.93e+01)
10     -0.000   6.39e-04  -9.05e-03  -3.32e-03  -2.72e-04   0.00e+00 (  1.83e-01,  9.79e+01)
15     -0.001   1.00e-02  -1.58e-02  -1.87e-03  -9.62e-03   0.00e+00 (  4.11e+00,  1.25e+02)
20     -0.011   8.27e-02  -8.71e-02   1.88e-03  -9.13e-02   0.00e+00 (  4.24e+01,  1.36e+02)
25     -0.025   1.89e-01  -7.13e-02   1.84e-02  -2.37e-01   0.00e+00 (  1.10e+02,  1.38e+02)
30     -0.044   2.79e-01  -9.51e-02   1.73e-02  -4.51e-01   0.00e+00 (  1.70e+02,  1.33e+02)
35     -0.046   3.10e-01  -7.90e-02   2.68e-02  -5.14e-01   0.00e+00 (  1.80e+02,  1.28e+02)
40     -0.045   3.16e-01  -5.61e-02   3.18e-02  -5.35e-01   0.00e+00 (  1.75e+02,  1.22e+02)
45     -0.042   3.01e-01  -5.22e-02   1.98e-02  -5.34e-01   0.00e+00 (  1.63e+02,  1.15e+02)
50     -0.037   2.82e-01  -3.47e-02   3.47e-02  -4.99e-01   0.00e+00 (  1.42e+02,  1.07e+02)
55     -0.036   2.92e-01  -1.99e-02   5.13e-02  -5.06e-01   0.00e+00 (  1.29e+02,  9.80e+01)
60     -0.034   3.01e-01   4.45e-03   6.94e-02  -4.93e-01   0.00e+00 (  1.15e+02,  8.77e+01)
65     -0.034   3.17e-01   2.74e-02   9.32e-02  -5.00e-01   0.00e+00 (  1.03e+02,  7.73e+01)
70     -0.032   3.27e-01   5.21e-02   1.20e-01  -4.83e-01   0.00e+00 (  9.09e+01,  6.77e+01)
75     -0.027   3.44e-01   1.00e-01   1.70e-01  -4.19e-01   0.00e+00 (  8.29e+01,  5.98e+01)
80     -0.019   3.50e-01   1.45e-01   2.05e-01  -3.07e-01   0.00e+00 (  7.47e+01,  5.26e+01)
85     -0.000   3.25e-01   1.95e-01   2.17e-01  -3.91e-03   0.00e+00 (  6.37e+01,  4.62e+01)
90      0.057   2.06e-01   4.22e-01   2.80e-01   2.02e+00   0.00e+00 (  5.24e+01,  4.11e+01)
95      0.023   8.18e-02   1.35e-01   1.02e-01   1.45e+00   0.00e+00 (  4.31e+01,  3.79e+01)
 1 e: 5.648e-01 i: 8.568e-01 :: e: 7.257e-03 i: 9.299e-03 :: n: 2.762e+01 e:21.359 i:26.739 v:4.993e+03
>>> tau_he = 5.000000, nhe(0)=3.203346e+00
 5      0.000   3.31e-03   6.84e-01   2.12e-03   1.78e-03   0.00e+00 (  1.21e+00,  4.93e+01)
10      0.014   2.76e-01  -1.41e-01   5.71e-02   8.44e-02   0.00e+00 (  2.42e+02,  9.79e+01)
15     -0.091   4.25e-01  -1.83e-01   7.74e-02  -6.51e-01   0.00e+00 (  4.36e+02,  1.25e+02)
20     -0.046   3.42e-01  -9.42e-02   4.68e-02  -3.83e-01   0.00e+00 (  2.53e+02,  1.36e+02)
25     -0.015   2.09e-01  -3.55e-02   1.51e-02  -1.41e-01   0.00e+00 (  9.95e+01,  1.38e+02)
30     -0.006   1.57e-01  -2.28e-02   1.01e-02  -6.04e-02   0.00e+00 (  5.68e+01,  1.33e+02)
35     -0.004   1.58e-01  -2.18e-02   1.38e-02  -4.57e-02   0.00e+00 (  5.16e+01,  1.28e+02)
40     -0.005   1.81e-01  -2.00e-02   1.50e-02  -6.05e-02   0.00e+00 (  5.69e+01,  1.22e+02)
45     -0.008   2.22e-01  -2.10e-02   2.06e-02  -9.78e-02   0.00e+00 (  7.10e+01,  1.15e+02)
50     -0.012   2.32e-01  -1.87e-02   2.34e-02  -1.59e-01   0.00e+00 (  7.38e+01,  1.07e+02)
55     -0.015   2.05e-01  -1.45e-02   2.14e-02  -2.02e-01   0.00e+00 (  6.08e+01,  9.80e+01)
60     -0.012   1.75e-01  -5.24e-03   2.63e-02  -1.74e-01   0.00e+00 (  4.69e+01,  8.77e+01)
65     -0.007   1.74e-01   1.97e-02   4.54e-02  -1.06e-01   0.00e+00 (  4.16e+01,  7.73e+01)
70     -0.001   1.87e-01   5.96e-02   8.32e-02  -1.82e-02   0.00e+00 (  3.95e+01,  6.77e+01)
75      0.003   2.05e-01   9.98e-02   1.27e-01   5.25e-02   0.00e+00 (  3.83e+01,  5.98e+01)
80      0.011   2.18e-01   1.52e-01   1.74e-01   1.71e-01   0.00e+00 (  3.66e+01,  5.26e+01)
85      0.013   2.34e-01   1.83e-01   1.88e-01   2.53e-01   0.00e+00 (  3.94e+01,  4.62e+01)
90      0.057   2.02e-01   4.21e-01   2.77e-01   2.03e+00   0.00e+00 (  5.06e+01,  4.11e+01)
95      0.023   8.18e-02   1.35e-01   1.02e-01   1.45e+00   0.00e+00 (  4.31e+01,  3.79e+01)
 2 e: 4.482e-02 i: 2.107e-02 :: e: 4.064e-01 i: 2.326e-01 :: n: 2.762e+01 e:21.281 i:23.230 v:4.993e+03
>>> tau_he = 5.000000, nhe(0)=2.906568e+00
 5     -0.000   2.41e-03   5.07e-01   1.90e-03  -1.40e-03   0.00e+00 (  9.25e-01,  4.93e+01)
10      0.004   1.33e-01  -6.45e-02   2.86e-02   2.41e-02   0.00e+00 (  9.77e+01,  9.79e+01)
15     -0.030   2.23e-01  -7.45e-02   3.57e-02  -2.17e-01   0.00e+00 (  1.78e+02,  1.25e+02)
20     -0.028   2.46e-01  -6.47e-02   2.91e-02  -2.31e-01   0.00e+00 (  1.64e+02,  1.36e+02)
25     -0.012   1.80e-01  -3.73e-02   1.72e-02  -1.16e-01   0.00e+00 (  8.79e+01,  1.38e+02)
30     -0.005   1.56e-01  -2.74e-02   1.74e-02  -5.38e-02   0.00e+00 (  6.07e+01,  1.33e+02)
35     -0.004   1.58e-01  -2.46e-02   1.80e-02  -4.83e-02   0.00e+00 (  5.59e+01,  1.28e+02)
40     -0.006   1.73e-01  -2.26e-02   2.03e-02  -6.82e-02   0.00e+00 (  5.87e+01,  1.22e+02)
45     -0.009   2.21e-01  -2.42e-02   2.82e-02  -1.14e-01   0.00e+00 (  7.48e+01,  1.15e+02)
50     -0.014   2.37e-01  -2.26e-02   3.36e-02  -1.94e-01   0.00e+00 (  7.97e+01,  1.07e+02)
55     -0.017   2.29e-01  -1.59e-02   3.75e-02  -2.42e-01   0.00e+00 (  7.32e+01,  9.80e+01)
60     -0.016   2.18e-01   7.40e-03   4.91e-02  -2.36e-01   0.00e+00 (  6.44e+01,  8.77e+01)
65     -0.015   2.33e-01   4.02e-02   7.68e-02  -2.23e-01   0.00e+00 (  6.25e+01,  7.73e+01)
70     -0.014   2.58e-01   7.37e-02   1.15e-01  -2.18e-01   0.00e+00 (  6.17e+01,  6.77e+01)
75     -0.013   2.83e-01   9.95e-02   1.53e-01  -2.04e-01   0.00e+00 (  5.95e+01,  5.98e+01)
80     -0.008   2.94e-01   1.32e-01   1.82e-01  -1.24e-01   0.00e+00 (  5.54e+01,  5.26e+01)
85      0.001   3.21e-01   1.74e-01   1.98e-01   2.87e-02   0.00e+00 (  5.99e+01,  4.62e+01)
90      0.056   2.15e-01   4.28e-01   2.82e-01   2.01e+00   0.00e+00 (  5.57e+01,  4.11e+01)
95      0.023   8.18e-02   1.35e-01   1.02e-01   1.45e+00   0.00e+00 (  4.31e+01,  3.79e+01)
 3 e: 1.307e-02 i: 1.675e-03 :: e: 2.196e-01 i: 1.510e-01 :: n: 2.762e+01 e:19.814 i:23.584 v:4.993e+03
>>> tau_he = 5.000000, nhe(0)=2.940976e+00
 5     -0.000   2.56e-03   5.72e-01   1.82e-03  -8.05e-04   0.00e+00 (  1.01e+00,  4.93e+01)
10      0.005   1.32e-01  -6.03e-02   2.42e-02   2.72e-02   0.00e+00 (  9.19e+01,  9.79e+01)
15     -0.024   2.07e-01  -6.05e-02   2.78e-02  -1.71e-01   0.00e+00 (  1.51e+02,  1.25e+02)
20     -0.025   2.39e-01  -5.61e-02   2.43e-02  -2.03e-01   0.00e+00 (  1.49e+02,  1.36e+02)
25     -0.013   1.98e-01  -3.70e-02   1.69e-02  -1.21e-01   0.00e+00 (  9.48e+01,  1.38e+02)
30     -0.006   1.78e-01  -2.86e-02   1.76e-02  -5.81e-02   0.00e+00 (  6.86e+01,  1.33e+02)
35     -0.004   1.79e-01  -2.41e-02   1.75e-02  -4.89e-02   0.00e+00 (  6.23e+01,  1.28e+02)
40     -0.005   1.94e-01  -2.08e-02   1.85e-02  -6.15e-02   0.00e+00 (  6.32e+01,  1.22e+02)
45     -0.007   2.17e-01  -2.00e-02   2.32e-02  -8.97e-02   0.00e+00 (  6.84e+01,  1.15e+02)
50     -0.011   2.17e-01  -1.68e-02   2.42e-02  -1.43e-01   0.00e+00 (  6.57e+01,  1.07e+02)
55     -0.013   1.97e-01  -1.32e-02   2.32e-02  -1.86e-01   0.00e+00 (  5.54e+01,  9.80e+01)
60     -0.012   1.74e-01  -1.12e-03   2.88e-02  -1.72e-01   0.00e+00 (  4.46e+01,  8.77e+01)
65     -0.008   1.73e-01   1.81e-02   4.60e-02  -1.22e-01   0.00e+00 (  3.94e+01,  7.73e+01)
70     -0.003   1.80e-01   4.83e-02   7.50e-02  -5.10e-02   0.00e+00 (  3.59e+01,  6.77e+01)
75      0.002   1.87e-01   7.86e-02   1.09e-01   2.72e-02   0.00e+00 (  3.24e+01,  5.98e+01)
80      0.010   1.89e-01   1.21e-01   1.45e-01   1.60e-01   0.00e+00 (  2.91e+01,  5.26e+01)
85      0.015   1.87e-01   1.53e-01   1.54e-01   3.00e-01   0.00e+00 (  2.80e+01,  4.62e+01)
90      0.058   1.94e-01   4.17e-01   2.70e-01   2.06e+00   0.00e+00 (  4.64e+01,  4.11e+01)
95      0.023   8.18e-02   1.35e-01   1.02e-01   1.45e+00   0.00e+00 (  4.31e+01,  3.79e+01)
 4 e: 4.283e-03 i: 4.051e-03 :: e: 3.093e-01 i: 1.626e-01 :: n: 2.762e+01 e:20.347 i:22.569 v:4.993e+03
>>> tau_he = 5.000000, nhe(0)=2.843896e+00
 5     -0.000   2.32e-03   5.27e-01   1.84e-03  -2.12e-03   0.00e+00 (  9.54e-01,  4.93e+01)
10      0.002   1.03e-01  -4.09e-02   1.98e-02   9.37e-03   0.00e+00 (  6.88e+01,  9.79e+01)
15     -0.017   1.60e-01  -4.75e-02   2.13e-02  -1.21e-01   0.00e+00 (  1.10e+02,  1.25e+02)
20     -0.020   1.97e-01  -4.78e-02   2.04e-02  -1.61e-01   0.00e+00 (  1.19e+02,  1.36e+02)
25     -0.012   1.76e-01  -3.51e-02   1.68e-02  -1.15e-01   0.00e+00 (  8.57e+01,  1.38e+02)
30     -0.007   1.67e-01  -2.93e-02   1.93e-02  -6.71e-02   0.00e+00 (  6.68e+01,  1.33e+02)
35     -0.006   1.71e-01  -2.53e-02   1.96e-02  -6.35e-02   0.00e+00 (  6.25e+01,  1.28e+02)
40     -0.007   1.87e-01  -2.19e-02   2.11e-02  -8.34e-02   0.00e+00 (  6.42e+01,  1.22e+02)
45     -0.010   2.12e-01  -2.18e-02   2.65e-02  -1.21e-01   0.00e+00 (  7.05e+01,  1.15e+02)
50     -0.014   2.19e-01  -1.95e-02   3.00e-02  -1.82e-01   0.00e+00 (  7.03e+01,  1.07e+02)
55     -0.016   2.12e-01  -1.33e-02   3.36e-02  -2.19e-01   0.00e+00 (  6.40e+01,  9.80e+01)
60     -0.014   2.02e-01   9.00e-03   4.57e-02  -2.07e-01   0.00e+00 (  5.60e+01,  8.77e+01)
65     -0.012   2.13e-01   3.46e-02   6.93e-02  -1.83e-01   0.00e+00 (  5.30e+01,  7.73e+01)
70     -0.011   2.26e-01   5.26e-02   9.50e-02  -1.70e-01   0.00e+00 (  4.96e+01,  6.77e+01)
75     -0.008   2.43e-01   7.66e-02   1.28e-01  -1.30e-01   0.00e+00 (  4.66e+01,  5.98e+01)
80     -0.002   2.47e-01   1.11e-01   1.51e-01  -2.80e-02   0.00e+00 (  4.22e+01,  5.26e+01)
85      0.006   2.51e-01   1.39e-01   1.55e-01   1.24e-01   0.00e+00 (  4.16e+01,  4.62e+01)
90      0.057   2.04e-01   4.23e-01   2.74e-01   2.04e+00   0.00e+00 (  5.03e+01,  4.11e+01)
95      0.023   8.18e-02   1.35e-01   1.02e-01   1.45e+00   0.00e+00 (  4.31e+01,  3.79e+01)
 5 e: 3.243e-03 i: 1.098e-03 :: e: 1.992e-01 i: 1.364e-01 :: n: 2.762e+01 e:19.677 i:23.188 v:4.993e+03
>>> tau_he = 5.000000, nhe(0)=2.904184e+00
 5     -0.000   2.52e-03   5.83e-01   1.83e-03  -1.57e-03   0.00e+00 (  1.05e+00,  4.93e+01)
10      0.002   1.05e-01  -3.77e-02   1.83e-02   1.26e-02   0.00e+00 (  6.85e+01,  9.79e+01)
15     -0.017   1.61e-01  -4.42e-02   1.96e-02  -1.18e-01   0.00e+00 (  1.06e+02,  1.25e+02)
20     -0.019   2.01e-01  -4.59e-02   1.91e-02  -1.58e-01   0.00e+00 (  1.17e+02,  1.36e+02)
25     -0.013   1.89e-01  -3.57e-02   1.67e-02  -1.22e-01   0.00e+00 (  9.10e+01,  1.38e+02)
30     -0.007   1.85e-01  -3.01e-02   1.95e-02  -7.36e-02   0.00e+00 (  7.44e+01,  1.33e+02)
35     -0.006   1.89e-01  -2.58e-02   1.97e-02  -6.70e-02   0.00e+00 (  6.90e+01,  1.28e+02)
40     -0.007   2.01e-01  -2.15e-02   2.02e-02  -8.13e-02   0.00e+00 (  6.82e+01,  1.22e+02)
45     -0.009   2.17e-01  -2.04e-02   2.43e-02  -1.08e-01   0.00e+00 (  7.00e+01,  1.15e+02)
50     -0.012   2.14e-01  -1.65e-02   2.51e-02  -1.60e-01   0.00e+00 (  6.56e+01,  1.07e+02)
55     -0.014   1.99e-01  -1.29e-02   2.59e-02  -1.93e-01   0.00e+00 (  5.66e+01,  9.80e+01)
60     -0.013   1.80e-01   1.86e-03   3.28e-02  -1.82e-01   0.00e+00 (  4.67e+01,  8.77e+01)
65     -0.009   1.80e-01   2.09e-02   5.01e-02  -1.35e-01   0.00e+00 (  4.12e+01,  7.73e+01)
70     -0.005   1.85e-01   4.82e-02   7.65e-02  -7.00e-02   0.00e+00 (  3.67e+01,  6.77e+01)
75     -0.001   1.85e-01   6.22e-02   9.98e-02  -1.83e-02   0.00e+00 (  3.18e+01,  5.98e+01)
80      0.008   1.87e-01   1.10e-01   1.36e-01   1.33e-01   0.00e+00 (  2.83e+01,  5.26e+01)
85      0.014   1.77e-01   1.38e-01   1.40e-01   2.79e-01   0.00e+00 (  2.57e+01,  4.62e+01)
90      0.058   1.91e-01   4.16e-01   2.68e-01   2.07e+00   0.00e+00 (  4.51e+01,  4.11e+01)
95      0.023   8.18e-02   1.35e-01   1.02e-01   1.45e+00   0.00e+00 (  4.31e+01,  3.79e+01)
 6 e: 1.729e-03 i: 1.254e-03 :: e: 2.357e-01 i: 1.396e-01 :: n: 2.762e+01 e:20.140 i:22.818 v:4.993e+03
>>> tau_he = 5.000000, nhe(0)=2.868449e+00
 5     -0.000   2.43e-03   5.67e-01   1.86e-03  -2.32e-03   0.00e+00 (  1.03e+00,  4.93e+01)
10      0.002   9.64e-02  -3.69e-02   1.83e-02   1.23e-02   0.00e+00 (  6.20e+01,  9.79e+01)
15     -0.014   1.36e-01  -3.93e-02   1.69e-02  -9.88e-02   0.00e+00 (  8.80e+01,  1.25e+02)
20     -0.017   1.76e-01  -4.20e-02   1.70e-02  -1.40e-01   0.00e+00 (  1.02e+02,  1.36e+02)
25     -0.013   1.76e-01  -3.49e-02   1.64e-02  -1.19e-01   0.00e+00 (  8.55e+01,  1.38e+02)
30     -0.008   1.77e-01  -3.07e-02   2.04e-02  -8.18e-02   0.00e+00 (  7.32e+01,  1.33e+02)
35     -0.007   1.83e-01  -2.67e-02   2.11e-02  -7.93e-02   0.00e+00 (  6.94e+01,  1.28e+02)
40     -0.008   1.98e-01  -2.31e-02   2.24e-02  -9.70e-02   0.00e+00 (  6.97e+01,  1.22e+02)
45     -0.010   2.15e-01  -2.17e-02   2.66e-02  -1.30e-01   0.00e+00 (  7.22e+01,  1.15e+02)
50     -0.014   2.17e-01  -1.90e-02   2.93e-02  -1.85e-01   0.00e+00 (  6.96e+01,  1.07e+02)
55     -0.016   2.10e-01  -1.21e-02   3.32e-02  -2.18e-01   0.00e+00 (  6.31e+01,  9.80e+01)
60     -0.015   2.00e-01   8.03e-03   4.43e-02  -2.10e-01   0.00e+00 (  5.52e+01,  8.77e+01)
65     -0.012   2.09e-01   3.13e-02   6.58e-02  -1.82e-01   0.00e+00 (  5.11e+01,  7.73e+01)
70     -0.010   2.18e-01   4.80e-02   8.91e-02  -1.59e-01   0.00e+00 (  4.67e+01,  6.77e+01)
75     -0.007   2.29e-01   7.31e-02   1.21e-01  -1.02e-01   0.00e+00 (  4.27e+01,  5.98e+01)
80      0.000   2.31e-01   1.06e-01   1.43e-01   5.29e-03   0.00e+00 (  3.81e+01,  5.26e+01)
85      0.009   2.23e-01   1.33e-01   1.45e-01   1.72e-01   0.00e+00 (  3.52e+01,  4.62e+01)
90      0.057   1.98e-01   4.21e-01   2.70e-01   2.05e+00   0.00e+00 (  4.79e+01,  4.11e+01)
95      0.023   8.18e-02   1.35e-01   1.02e-01   1.45e+00   0.00e+00 (  4.31e+01,  3.79e+01)
 7 e: 9.329e-04 i: 7.996e-04 :: e: 1.577e-01 i: 1.194e-01 :: n: 2.762e+01 e:19.810 i:23.388 v:4.993e+03
>>> tau_he = 5.000000, nhe(0)=2.922906e+00
 5     -0.000   2.51e-03   6.17e-01   1.87e-03  -1.90e-03   0.00e+00 (  1.08e+00,  4.93e+01)
10      0.002   9.78e-02  -3.90e-02   1.76e-02   1.37e-02   0.00e+00 (  6.19e+01,  9.79e+01)
15     -0.014   1.36e-01  -3.86e-02   1.59e-02  -9.79e-02   0.00e+00 (  8.63e+01,  1.25e+02)
20     -0.017   1.78e-01  -4.13e-02   1.61e-02  -1.41e-01   0.00e+00 (  1.01e+02,  1.36e+02)
25     -0.014   1.84e-01  -3.55e-02   1.64e-02  -1.26e-01   0.00e+00 (  8.93e+01,  1.38e+02)
30     -0.009   1.89e-01  -3.13e-02   2.05e-02  -8.82e-02   0.00e+00 (  7.88e+01,  1.33e+02)
35     -0.007   1.96e-01  -2.72e-02   2.10e-02  -8.32e-02   0.00e+00 (  7.45e+01,  1.28e+02)
40     -0.008   2.08e-01  -2.32e-02   2.20e-02  -9.63e-02   0.00e+00 (  7.32e+01,  1.22e+02)
45     -0.010   2.20e-01  -2.10e-02   2.54e-02  -1.23e-01   0.00e+00 (  7.30e+01,  1.15e+02)
50     -0.013   2.16e-01  -1.70e-02   2.62e-02  -1.74e-01   0.00e+00 (  6.78e+01,  1.07e+02)
55     -0.015   2.04e-01  -1.30e-02   2.82e-02  -2.05e-01   0.00e+00 (  5.94e+01,  9.80e+01)
60     -0.014   1.89e-01   2.16e-03   3.60e-02  -1.97e-01   0.00e+00 (  5.01e+01,  8.77e+01)
65     -0.011   1.90e-01   2.25e-02   5.38e-02  -1.56e-01   0.00e+00 (  4.46e+01,  7.73e+01)
70     -0.007   1.93e-01   4.13e-02   7.65e-02  -1.07e-01   0.00e+00 (  3.92e+01,  6.77e+01)
75     -0.001   1.97e-01   7.17e-02   1.10e-01  -2.12e-02   0.00e+00 (  3.47e+01,  5.98e+01)
80      0.006   1.97e-01   1.09e-01   1.36e-01   9.96e-02   0.00e+00 (  3.05e+01,  5.26e+01)
85      0.013   1.83e-01   1.36e-01   1.39e-01   2.57e-01   0.00e+00 (  2.70e+01,  4.62e+01)
90      0.058   1.92e-01   4.17e-01   2.67e-01   2.07e+00   0.00e+00 (  4.51e+01,  4.11e+01)
95      0.023   8.18e-02   1.35e-01   1.02e-01   1.45e+00   0.00e+00 (  4.31e+01,  3.79e+01)
 8 e: 8.063e-04 i: 4.995e-04 :: e: 1.686e-01 i: 1.194e-01 :: n: 2.762e+01 e:20.175 i:23.288 v:4.993e+03
>>> tau_he = 5.000000, nhe(0)=2.913291e+00
 5     -0.001   2.57e-03   6.20e-01   1.91e-03  -2.36e-03   0.00e+00 (  1.13e+00,  4.93e+01)
10      0.002   9.59e-02  -3.93e-02   1.79e-02   1.44e-02   0.00e+00 (  6.01e+01,  9.79e+01)
15     -0.013   1.24e-01  -3.62e-02   1.49e-02  -9.17e-02   0.00e+00 (  7.78e+01,  1.25e+02)
20     -0.016   1.65e-01  -3.95e-02   1.51e-02  -1.34e-01   0.00e+00 (  9.31e+01,  1.36e+02)
25     -0.013   1.76e-01  -3.52e-02   1.61e-02  -1.25e-01   0.00e+00 (  8.60e+01,  1.38e+02)
30     -0.009   1.85e-01  -3.21e-02   2.12e-02  -9.46e-02   0.00e+00 (  7.83e+01,  1.33e+02)
35     -0.008   1.93e-01  -2.76e-02   2.17e-02  -9.18e-02   0.00e+00 (  7.51e+01,  1.28e+02)
40     -0.009   2.07e-01  -2.43e-02   2.36e-02  -1.07e-01   0.00e+00 (  7.46e+01,  1.22e+02)
45     -0.011   2.20e-01  -2.23e-02   2.71e-02  -1.37e-01   0.00e+00 (  7.50e+01,  1.15e+02)
50     -0.014   2.20e-01  -1.89e-02   2.90e-02  -1.88e-01   0.00e+00 (  7.10e+01,  1.07e+02)
55     -0.016   2.13e-01  -1.27e-02   3.31e-02  -2.23e-01   0.00e+00 (  6.44e+01,  9.80e+01)
60     -0.015   2.03e-01   6.40e-03   4.36e-02  -2.19e-01   0.00e+00 (  5.64e+01,  8.77e+01)
65     -0.013   2.11e-01   2.91e-02   6.44e-02  -1.92e-01   0.00e+00 (  5.19e+01,  7.73e+01)
70     -0.011   2.18e-01   4.72e-02   8.81e-02  -1.60e-01   0.00e+00 (  4.69e+01,  6.77e+01)
75     -0.006   2.28e-01   7.45e-02   1.21e-01  -9.69e-02   0.00e+00 (  4.26e+01,  5.98e+01)
80      0.001   2.30e-01   1.09e-01   1.45e-01   1.32e-02   0.00e+00 (  3.80e+01,  5.26e+01)
85      0.009   2.17e-01   1.35e-01   1.45e-01   1.85e-01   0.00e+00 (  3.40e+01,  4.62e+01)
90      0.058   1.96e-01   4.20e-01   2.69e-01   2.05e+00   0.00e+00 (  4.71e+01,  4.11e+01)
95      0.023   8.18e-02   1.35e-01   1.02e-01   1.45e+00   0.00e+00 (  4.31e+01,  3.79e+01)
 9 e: 2.918e-04 i: 5.538e-04 :: e: 1.146e-01 i: 1.038e-01 :: n: 2.762e+01 e:20.014 i:23.760 v:4.993e+03
>>> tau_he = 5.000000, nhe(0)=2.957179e+00
 5     -0.000   2.62e-03   6.67e-01   1.93e-03  -2.05e-03   0.00e+00 (  1.16e+00,  4.93e+01)
10      0.003   9.69e-02  -3.97e-02   1.73e-02   1.66e-02   0.00e+00 (  6.01e+01,  9.79e+01)
15     -0.013   1.25e-01  -3.61e-02   1.45e-02  -9.13e-02   0.00e+00 (  7.74e+01,  1.25e+02)
20     -0.016   1.67e-01  -3.95e-02   1.48e-02  -1.35e-01   0.00e+00 (  9.32e+01,  1.36e+02)
25     -0.014   1.81e-01  -3.59e-02   1.61e-02  -1.30e-01   0.00e+00 (  8.86e+01,  1.38e+02)
30     -0.010   1.93e-01  -3.24e-02   2.11e-02  -1.00e-01   0.00e+00 (  8.23e+01,  1.33e+02)
35     -0.009   2.02e-01  -2.85e-02   2.20e-02  -9.60e-02   0.00e+00 (  7.90e+01,  1.28e+02)
40     -0.009   2.14e-01  -2.44e-02   2.32e-02  -1.08e-01   0.00e+00 (  7.75e+01,  1.22e+02)
45     -0.010   2.25e-01  -2.22e-02   2.61e-02  -1.33e-01   0.00e+00 (  7.61e+01,  1.15e+02)
50     -0.014   2.21e-01  -1.77e-02   2.72e-02  -1.83e-01   0.00e+00 (  7.04e+01,  1.07e+02)
55     -0.016   2.11e-01  -1.35e-02   3.00e-02  -2.16e-01   0.00e+00 (  6.27e+01,  9.80e+01)
60     -0.015   1.97e-01   2.37e-03   3.84e-02  -2.13e-01   0.00e+00 (  5.38e+01,  8.77e+01)
65     -0.012   2.00e-01   2.33e-02   5.69e-02  -1.77e-01   0.00e+00 (  4.82e+01,  7.73e+01)
70     -0.008   2.06e-01   5.16e-02   8.43e-02  -1.16e-01   0.00e+00 (  4.31e+01,  6.77e+01)
75     -0.003   2.09e-01   7.50e-02   1.16e-01  -4.44e-02   0.00e+00 (  3.79e+01,  5.98e+01)
80      0.004   2.11e-01   1.13e-01   1.42e-01   7.10e-02   0.00e+00 (  3.38e+01,  5.26e+01)
85      0.012   1.95e-01   1.39e-01   1.44e-01   2.38e-01   0.00e+00 (  2.95e+01,  4.62e+01)
90      0.058   1.93e-01   4.17e-01   2.68e-01   2.06e+00   0.00e+00 (  4.56e+01,  4.11e+01)
95      0.023   8.18e-02   1.35e-01   1.02e-01   1.45e+00   0.00e+00 (  4.31e+01,  3.79e+01)
10 e: 3.957e-04 i: 3.003e-04 :: e: 1.152e-01 i: 1.009e-01 :: n: 2.762e+01 e:20.286 i:23.784 v:4.993e+03
>>> tau_he = 5.000000, nhe(0)=2.959192e+00
 5     -0.000   2.61e-03   6.84e-01   1.89e-03  -2.30e-03   0.00e+00 (  1.17e+00,  4.93e+01)
10      0.003   9.45e-02  -3.99e-02   1.75e-02   1.77e-02   0.00e+00 (  5.82e+01,  9.79e+01)
15     -0.013   1.17e-01  -3.46e-02   1.38e-02  -9.00e-02   0.00e+00 (  7.20e+01,  1.25e+02)
20     -0.016   1.55e-01  -3.84e-02   1.41e-02  -1.31e-01   0.00e+00 (  8.64e+01,  1.36e+02)
25     -0.014   1.76e-01  -3.58e-02   1.59e-02  -1.30e-01   0.00e+00 (  8.67e+01,  1.38e+02)
30     -0.010   1.90e-01  -3.33e-02   2.16e-02  -1.05e-01   0.00e+00 (  8.21e+01,  1.33e+02)
35     -0.009   2.01e-01  -2.92e-02   2.26e-02  -1.01e-01   0.00e+00 (  7.98e+01,  1.28e+02)
40     -0.010   2.14e-01  -2.50e-02   2.38e-02  -1.15e-01   0.00e+00 (  7.86e+01,  1.22e+02)
45     -0.011   2.25e-01  -2.30e-02   2.76e-02  -1.42e-01   0.00e+00 (  7.77e+01,  1.15e+02)
50     -0.014   2.24e-01  -1.93e-02   2.92e-02  -1.92e-01   0.00e+00 (  7.29e+01,  1.07e+02)
55     -0.017   2.17e-01  -1.42e-02   3.28e-02  -2.30e-01   0.00e+00 (  6.62e+01,  9.80e+01)
60     -0.016   2.07e-01   4.92e-03   4.33e-02  -2.29e-01   0.00e+00 (  5.82e+01,  8.77e+01)
65     -0.014   2.14e-01   2.77e-02   6.41e-02  -2.03e-01   0.00e+00 (  5.35e+01,  7.73e+01)
70     -0.011   2.21e-01   4.71e-02   8.85e-02  -1.69e-01   0.00e+00 (  4.81e+01,  6.77e+01)
75     -0.006   2.32e-01   7.73e-02   1.24e-01  -1.01e-01   0.00e+00 (  4.40e+01,  5.98e+01)
80      0.001   2.34e-01   1.15e-01   1.50e-01   1.04e-02   0.00e+00 (  3.94e+01,  5.26e+01)
85      0.010   2.19e-01   1.40e-01   1.50e-01   1.88e-01   0.00e+00 (  3.48e+01,  4.62e+01)
90      0.058   1.96e-01   4.19e-01   2.69e-01   2.05e+00   0.00e+00 (  4.70e+01,  4.11e+01)
95      0.023   8.18e-02   1.35e-01   1.02e-01   1.45e+00   0.00e+00 (  4.31e+01,  3.79e+01)
11 e: 9.448e-05 i: 4.004e-04 :: e: 7.749e-02 i: 9.197e-02 :: n: 2.762e+01 e:20.214 i:24.158 v:4.993e+03
>>> tau_he = 5.000000, nhe(0)=2.992945e+00
 5     -0.000   2.63e-03   7.29e-01   1.90e-03  -2.06e-03   0.00e+00 (  1.18e+00,  4.93e+01)
10      0.003   9.55e-02  -4.06e-02   1.72e-02   2.00e-02   0.00e+00 (  5.83e+01,  9.79e+01)
15     -0.013   1.18e-01  -3.49e-02   1.36e-02  -9.02e-02   0.00e+00 (  7.22e+01,  1.25e+02)
20     -0.016   1.61e-01  -3.88e-02   1.40e-02  -1.34e-01   0.00e+00 (  8.92e+01,  1.36e+02)
25     -0.014   1.80e-01  -3.64e-02   1.58e-02  -1.35e-01   0.00e+00 (  8.85e+01,  1.38e+02)
30     -0.011   1.96e-01  -3.40e-02   2.19e-02  -1.11e-01   0.00e+00 (  8.49e+01,  1.33e+02)
35     -0.009   2.06e-01  -2.99e-02   2.29e-02  -1.05e-01   0.00e+00 (  8.21e+01,  1.28e+02)
40     -0.010   2.19e-01  -2.53e-02   2.39e-02  -1.16e-01   0.00e+00 (  8.08e+01,  1.22e+02)
45     -0.011   2.29e-01  -2.33e-02   2.69e-02  -1.40e-01   0.00e+00 (  7.87e+01,  1.15e+02)
50     -0.014   2.25e-01  -1.87e-02   2.84e-02  -1.88e-01   0.00e+00 (  7.29e+01,  1.07e+02)
55     -0.016   2.16e-01  -1.41e-02   3.13e-02  -2.25e-01   0.00e+00 (  6.56e+01,  9.80e+01)
60     -0.016   2.04e-01   2.19e-03   4.01e-02  -2.27e-01   0.00e+00 (  5.69e+01,  8.77e+01)
65     -0.013   2.08e-01   2.39e-02   5.93e-02  -1.95e-01   0.00e+00 (  5.15e+01,  7.73e+01)
70     -0.009   2.16e-01   5.33e-02   8.78e-02  -1.37e-01   0.00e+00 (  4.63e+01,  6.77e+01)
75     -0.005   2.22e-01   7.73e-02   1.20e-01  -7.17e-02   0.00e+00 (  4.14e+01,  5.98e+01)
80      0.003   2.24e-01   1.18e-01   1.49e-01   4.64e-02   0.00e+00 (  3.70e+01,  5.26e+01)
85      0.011   2.07e-01   1.43e-01   1.50e-01   2.21e-01   0.00e+00 (  3.23e+01,  4.62e+01)
90      0.058   1.94e-01   4.18e-01   2.68e-01   2.06e+00   0.00e+00 (  4.61e+01,  4.11e+01)
95      0.023   8.18e-02   1.35e-01   1.02e-01   1.45e+00   0.00e+00 (  4.31e+01,  3.79e+01)
12 e: 1.900e-04 i: 2.488e-04 :: e: 7.562e-02 i: 9.059e-02 :: n: 2.762e+01 e:20.410 i:24.228 v:4.993e+03
>>> tau_he = 5.000000, nhe(0)=2.999036e+00
 5     -0.000   2.74e-03   7.54e-01   1.94e-03  -2.25e-03   0.00e+00 (  1.25e+00,  4.93e+01)
10      0.003   9.31e-02  -4.00e-02   1.72e-02   2.02e-02   0.00e+00 (  5.66e+01,  9.79e+01)
15     -0.012   1.14e-01  -3.43e-02   1.33e-02  -8.87e-02   0.00e+00 (  6.94e+01,  1.25e+02)
20     -0.016   1.52e-01  -3.81e-02   1.35e-02  -1.31e-01   0.00e+00 (  8.42e+01,  1.36e+02)
25     -0.015   1.77e-01  -3.64e-02   1.57e-02  -1.35e-01   0.00e+00 (  8.74e+01,  1.38e+02)
30     -0.011   1.94e-01  -3.42e-02   2.19e-02  -1.15e-01   0.00e+00 (  8.49e+01,  1.33e+02)
35     -0.010   2.05e-01  -3.02e-02   2.31e-02  -1.10e-01   0.00e+00 (  8.26e+01,  1.28e+02)
40     -0.010   2.19e-01  -2.59e-02   2.44e-02  -1.21e-01   0.00e+00 (  8.17e+01,  1.22e+02)
45     -0.011   2.29e-01  -2.33e-02   2.77e-02  -1.46e-01   0.00e+00 (  7.99e+01,  1.15e+02)
50     -0.015   2.27e-01  -1.97e-02   2.94e-02  -1.95e-01   0.00e+00 (  7.46e+01,  1.07e+02)
55     -0.017   2.20e-01  -1.50e-02   3.30e-02  -2.35e-01   0.00e+00 (  6.80e+01,  9.80e+01)
60     -0.017   2.11e-01   3.70e-03   4.33e-02  -2.38e-01   0.00e+00 (  6.01e+01,  8.77e+01)
65     -0.014   2.18e-01   2.67e-02   6.41e-02  -2.13e-01   0.00e+00 (  5.52e+01,  7.73e+01)
70     -0.011   2.27e-01   5.66e-02   9.35e-02  -1.64e-01   0.00e+00 (  5.02e+01,  6.77e+01)
75     -0.007   2.37e-01   8.03e-02   1.27e-01  -1.07e-01   0.00e+00 (  4.55e+01,  5.98e+01)
80      0.000   2.40e-01   1.20e-01   1.56e-01   3.66e-03   0.00e+00 (  4.10e+01,  5.26e+01)
85      0.009   2.25e-01   1.45e-01   1.56e-01   1.84e-01   0.00e+00 (  3.62e+01,  4.62e+01)
90      0.058   1.96e-01   4.19e-01   2.70e-01   2.05e+00   0.00e+00 (  4.72e+01,  4.11e+01)
95      0.023   8.18e-02   1.35e-01   1.02e-01   1.45e+00   0.00e+00 (  4.31e+01,  3.79e+01)
13 e: 3.624e-05 i: 3.139e-04 :: e: 5.016e-02 i: 8.409e-02 :: n: 2.762e+01 e:20.382 i:24.508 v:4.993e+03
>>> tau_he = 5.000000, nhe(0)=3.023723e+00
 5     -0.000   2.71e-03   8.02e-01   1.95e-03  -2.08e-03   0.00e+00 (  1.24e+00,  4.93e+01)
10      0.004   9.47e-02  -4.09e-02   1.71e-02   2.28e-02   0.00e+00 (  5.72e+01,  9.79e+01)
15     -0.012   1.14e-01  -3.46e-02   1.32e-02  -8.91e-02   0.00e+00 (  6.96e+01,  1.25e+02)
20     -0.016   1.53e-01  -3.83e-02   1.34e-02  -1.33e-01   0.00e+00 (  8.47e+01,  1.36e+02)
25     -0.015   1.79e-01  -3.69e-02   1.56e-02  -1.39e-01   0.00e+00 (  8.86e+01,  1.38e+02)
30     -0.012   1.98e-01  -3.47e-02   2.20e-02  -1.19e-01   0.00e+00 (  8.69e+01,  1.33e+02)
35     -0.010   2.09e-01  -3.07e-02   2.33e-02  -1.13e-01   0.00e+00 (  8.46e+01,  1.28e+02)
40     -0.010   2.23e-01  -2.62e-02   2.45e-02  -1.22e-01   0.00e+00 (  8.33e+01,  1.22e+02)
45     -0.011   2.32e-01  -2.34e-02   2.76e-02  -1.44e-01   0.00e+00 (  8.07e+01,  1.15e+02)
50     -0.014   2.28e-01  -1.94e-02   2.90e-02  -1.92e-01   0.00e+00 (  7.48e+01,  1.07e+02)
55     -0.017   2.20e-01  -1.47e-02   3.22e-02  -2.32e-01   0.00e+00 (  6.79e+01,  9.80e+01)
60     -0.016   2.09e-01   1.97e-03   4.13e-02  -2.37e-01   0.00e+00 (  5.94e+01,  8.77e+01)
65     -0.014   2.15e-01   2.44e-02   6.12e-02  -2.09e-01   0.00e+00 (  5.41e+01,  7.73e+01)
70     -0.010   2.23e-01   5.43e-02   9.03e-02  -1.55e-01   0.00e+00 (  4.88e+01,  6.77e+01)
75     -0.006   2.31e-01   8.04e-02   1.25e-01  -8.92e-02   0.00e+00 (  4.41e+01,  5.98e+01)
80      0.002   2.34e-01   1.22e-01   1.55e-01   2.59e-02   0.00e+00 (  3.97e+01,  5.26e+01)
85      0.011   2.18e-01   1.48e-01   1.57e-01   2.07e-01   0.00e+00 (  3.47e+01,  4.62e+01)
90      0.058   1.95e-01   4.19e-01   2.69e-01   2.06e+00   0.00e+00 (  4.67e+01,  4.11e+01)
95      0.023   8.18e-02   1.35e-01   1.02e-01   1.45e+00   0.00e+00 (  4.31e+01,  3.79e+01)
14 e: 8.854e-05 i: 2.393e-04 :: e: 4.782e-02 i: 8.397e-02 :: n: 2.762e+01 e:20.521 i:24.579 v:4.993e+03
>>> tau_he = 5.000000, nhe(0)=3.029783e+00
 5     -0.000   2.73e-03   8.39e-01   1.98e-03  -2.20e-03   0.00e+00 (  1.26e+00,  4.93e+01)
10      0.004   9.14e-02  -4.18e-02   1.73e-02   2.51e-02   0.00e+00 (  5.50e+01,  9.79e+01)
15     -0.012   1.12e-01  -3.43e-02   1.31e-02  -8.84e-02   0.00e+00 (  6.80e+01,  1.25e+02)
20     -0.016   1.50e-01  -3.82e-02   1.32e-02  -1.33e-01   0.00e+00 (  8.33e+01,  1.36e+02)
25     -0.015   1.77e-01  -3.70e-02   1.55e-02  -1.40e-01   0.00e+00 (  8.80e+01,  1.38e+02)
30     -0.012   1.97e-01  -3.48e-02   2.21e-02  -1.22e-01   0.00e+00 (  8.70e+01,  1.33e+02)
35     -0.010   2.08e-01  -3.11e-02   2.35e-02  -1.16e-01   0.00e+00 (  8.51e+01,  1.28e+02)
40     -0.010   2.23e-01  -2.66e-02   2.48e-02  -1.26e-01   0.00e+00 (  8.40e+01,  1.22e+02)
45     -0.012   2.32e-01  -2.37e-02   2.79e-02  -1.48e-01   0.00e+00 (  8.14e+01,  1.15e+02)
50     -0.015   2.29e-01  -2.01e-02   2.97e-02  -1.97e-01   0.00e+00 (  7.60e+01,  1.07e+02)
55     -0.017   2.24e-01  -1.49e-02   3.35e-02  -2.38e-01   0.00e+00 (  6.96e+01,  9.80e+01)
60     -0.017   2.13e-01   2.89e-03   4.34e-02  -2.45e-01   0.00e+00 (  6.16e+01,  8.77e+01)
65     -0.015   2.21e-01   2.63e-02   6.44e-02  -2.21e-01   0.00e+00 (  5.67e+01,  7.73e+01)
70     -0.011   2.31e-01   5.65e-02   9.42e-02  -1.74e-01   0.00e+00 (  5.16e+01,  6.77e+01)
75     -0.007   2.41e-01   8.26e-02   1.29e-01  -1.13e-01   0.00e+00 (  4.69e+01,  5.98e+01)
80     -0.000   2.45e-01   1.24e-01   1.60e-01  -3.44e-03   0.00e+00 (  4.25e+01,  5.26e+01)
85      0.009   2.30e-01   1.49e-01   1.61e-01   1.82e-01   0.00e+00 (  3.74e+01,  4.62e+01)
90      0.058   1.97e-01   4.20e-01   2.70e-01   2.05e+00   0.00e+00 (  4.74e+01,  4.11e+01)
95      0.023   8.18e-02   1.35e-01   1.02e-01   1.45e+00   0.00e+00 (  4.31e+01,  3.79e+01)
15 e: 1.491e-05 i: 2.719e-04 :: e: 3.181e-02 i: 8.119e-02 :: n: 2.762e+01 e:20.511 i:24.768 v:4.993e+03
>>> tau_he = 5.000000, nhe(0)=3.046103e+00
 5     -0.000   2.78e-03   8.95e-01   2.00e-03  -2.09e-03   0.00e+00 (  1.29e+00,  4.93e+01)
10      0.005   9.28e-02  -4.29e-02   1.74e-02   2.85e-02   0.00e+00 (  5.57e+01,  9.79e+01)
15     -0.012   1.13e-01  -3.45e-02   1.30e-02  -8.87e-02   0.00e+00 (  6.83e+01,  1.25e+02)
20     -0.016   1.50e-01  -3.84e-02   1.30e-02  -1.35e-01   0.00e+00 (  8.35e+01,  1.36e+02)
25     -0.015   1.79e-01  -3.71e-02   1.55e-02  -1.43e-01   0.00e+00 (  8.87e+01,  1.38e+02)
30     -0.012   1.99e-01  -3.52e-02   2.21e-02  -1.25e-01   0.00e+00 (  8.83e+01,  1.33e+02)
35     -0.011   2.11e-01  -3.13e-02   2.36e-02  -1.19e-01   0.00e+00 (  8.64e+01,  1.28e+02)
40     -0.011   2.26e-01  -2.69e-02   2.48e-02  -1.27e-01   0.00e+00 (  8.51e+01,  1.22e+02)
45     -0.012   2.34e-01  -2.38e-02   2.78e-02  -1.48e-01   0.00e+00 (  8.21e+01,  1.15e+02)
50     -0.015   2.30e-01  -1.99e-02   2.94e-02  -1.95e-01   0.00e+00 (  7.63e+01,  1.07e+02)
55     -0.017   2.24e-01  -1.52e-02   3.28e-02  -2.37e-01   0.00e+00 (  6.96e+01,  9.80e+01)
60     -0.017   2.13e-01   1.79e-03   4.21e-02  -2.45e-01   0.00e+00 (  6.12e+01,  8.77e+01)
65     -0.015   2.19e-01   2.48e-02   6.26e-02  -2.19e-01   0.00e+00 (  5.60e+01,  7.73e+01)
70     -0.011   2.28e-01   5.51e-02   9.22e-02  -1.68e-01   0.00e+00 (  5.08e+01,  6.77e+01)
75     -0.006   2.38e-01   8.71e-02   1.28e-01  -9.88e-02   0.00e+00 (  4.62e+01,  5.98e+01)
80      0.001   2.42e-01   1.25e-01   1.60e-01   1.08e-02   0.00e+00 (  4.17e+01,  5.26e+01)
85      0.010   2.26e-01   1.52e-01   1.62e-01   1.96e-01   0.00e+00 (  3.66e+01,  4.62e+01)
90      0.058   1.96e-01   4.19e-01   2.70e-01   2.05e+00   0.00e+00 (  4.71e+01,  4.11e+01)
95      0.023   8.18e-02   1.35e-01   1.02e-01   1.45e+00   0.00e+00 (  4.31e+01,  3.79e+01)
16 e: 3.924e-05 i: 2.473e-04 :: e: 2.970e-02 i: 8.426e-02 :: n: 2.762e+01 e:20.605 i:24.805 v:4.993e+03
>>> tau_he = 5.000000, nhe(0)=3.049207e+00
 5     -0.000   2.79e-03   9.51e-01   2.02e-03  -2.18e-03   0.00e+00 (  1.30e+00,  4.93e+01)
10      0.005   9.39e-02  -4.43e-02   1.79e-02   3.23e-02   0.00e+00 (  5.62e+01,  9.79e+01)
15     -0.013   1.11e-01  -3.52e-02   1.28e-02  -8.95e-02   0.00e+00 (  6.74e+01,  1.25e+02)
20     -0.016   1.49e-01  -3.83e-02   1.29e-02  -1.35e-01   0.00e+00 (  8.27e+01,  1.36e+02)
25     -0.015   1.78e-01  -3.72e-02   1.55e-02  -1.44e-01   0.00e+00 (  8.84e+01,  1.38e+02)
30     -0.012   1.98e-01  -3.54e-02   2.22e-02  -1.27e-01   0.00e+00 (  8.84e+01,  1.33e+02)
35     -0.011   2.11e-01  -3.17e-02   2.37e-02  -1.21e-01   0.00e+00 (  8.68e+01,  1.28e+02)
40     -0.011   2.26e-01  -2.71e-02   2.50e-02  -1.29e-01   0.00e+00 (  8.55e+01,  1.22e+02)
45     -0.012   2.34e-01  -2.40e-02   2.80e-02  -1.50e-01   0.00e+00 (  8.26e+01,  1.15e+02)
50     -0.015   2.31e-01  -2.03e-02   2.99e-02  -1.98e-01   0.00e+00 (  7.71e+01,  1.07e+02)
55     -0.017   2.26e-01  -1.53e-02   3.37e-02  -2.41e-01   0.00e+00 (  7.08e+01,  9.80e+01)
60     -0.017   2.15e-01   2.39e-03   4.35e-02  -2.50e-01   0.00e+00 (  6.27e+01,  8.77e+01)
65     -0.015   2.23e-01   2.61e-02   6.47e-02  -2.27e-01   0.00e+00 (  5.78e+01,  7.73e+01)
70     -0.012   2.33e-01   5.66e-02   9.47e-02  -1.80e-01   0.00e+00 (  5.26e+01,  6.77e+01)
75     -0.007   2.45e-01   8.85e-02   1.31e-01  -1.15e-01   0.00e+00 (  4.81e+01,  5.98e+01)
80     -0.001   2.49e-01   1.26e-01   1.63e-01  -8.58e-03   0.00e+00 (  4.36e+01,  5.26e+01)
85      0.009   2.34e-01   1.53e-01   1.65e-01   1.79e-01   0.00e+00 (  3.84e+01,  4.62e+01)
90      0.057   1.97e-01   4.20e-01   2.70e-01   2.05e+00   0.00e+00 (  4.75e+01,  4.11e+01)
95      0.023   8.18e-02   1.35e-01   1.02e-01   1.45e+00   0.00e+00 (  4.31e+01,  3.79e+01)
17 e: 1.074e-05 i: 2.720e-04 :: e: 2.032e-02 i: 8.594e-02 :: n: 2.762e+01 e:20.602 i:24.896 v:4.993e+03
>>> tau_he = 5.000000, nhe(0)=3.057044e+00
 5     -0.000   2.82e-03   1.03e+00   2.04e-03  -2.14e-03   0.00e+00 (  1.31e+00,  4.93e+01)
10      0.006   9.56e-02  -4.57e-02   1.83e-02   3.70e-02   0.00e+00 (  5.70e+01,  9.79e+01)
15     -0.013   1.12e-01  -3.54e-02   1.28e-02  -8.96e-02   0.00e+00 (  6.77e+01,  1.25e+02)
20     -0.017   1.50e-01  -3.86e-02   1.29e-02  -1.36e-01   0.00e+00 (  8.32e+01,  1.36e+02)
25     -0.016   1.79e-01  -3.75e-02   1.55e-02  -1.46e-01   0.00e+00 (  8.91e+01,  1.38e+02)
30     -0.013   2.00e-01  -3.56e-02   2.23e-02  -1.29e-01   0.00e+00 (  8.94e+01,  1.33e+02)
35     -0.011   2.13e-01  -3.19e-02   2.38e-02  -1.23e-01   0.00e+00 (  8.77e+01,  1.28e+02)
40     -0.011   2.27e-01  -2.73e-02   2.51e-02  -1.29e-01   0.00e+00 (  8.63e+01,  1.22e+02)
45     -0.012   2.35e-01  -2.41e-02   2.80e-02  -1.50e-01   0.00e+00 (  8.31e+01,  1.15e+02)
50     -0.015   2.32e-01  -2.02e-02   2.97e-02  -1.97e-01   0.00e+00 (  7.72e+01,  1.07e+02)
55     -0.017   2.26e-01  -1.55e-02   3.33e-02  -2.40e-01   0.00e+00 (  7.07e+01,  9.80e+01)
60     -0.017   2.15e-01   1.47e-03   4.30e-02  -2.50e-01   0.00e+00 (  6.25e+01,  8.77e+01)
65     -0.015   2.22e-01   2.52e-02   6.36e-02  -2.25e-01   0.00e+00 (  5.74e+01,  7.73e+01)
70     -0.012   2.32e-01   5.57e-02   9.35e-02  -1.77e-01   0.00e+00 (  5.21e+01,  6.77e+01)
75     -0.007   2.42e-01   8.82e-02   1.30e-01  -1.09e-01   0.00e+00 (  4.76e+01,  5.98e+01)
80      0.000   2.47e-01   1.27e-01   1.63e-01   4.76e-04   0.00e+00 (  4.31e+01,  5.26e+01)
85      0.010   2.31e-01   1.54e-01   1.66e-01   1.88e-01   0.00e+00 (  3.78e+01,  4.62e+01)
90      0.058   1.97e-01   4.19e-01   2.70e-01   2.05e+00   0.00e+00 (  4.74e+01,  4.11e+01)
95      0.023   8.18e-02   1.35e-01   1.02e-01   1.45e+00   0.00e+00 (  4.31e+01,  3.79e+01)
18 e: 1.951e-05 i: 2.905e-04 :: e: 1.891e-02 i: 9.197e-02 :: n: 2.762e+01 e:20.661 i:24.863 v:4.993e+03
>>> tau_he = 5.000000, nhe(0)=3.054148e+00
 5     -0.001   2.81e-03   1.14e+00   1.85e-03  -2.87e-03   0.00e+00 (  1.31e+00,  4.93e+01)
10      0.007   9.75e-02  -4.74e-02   1.89e-02   4.30e-02   0.00e+00 (  5.80e+01,  9.79e+01)
15     -0.012   1.11e-01  -3.54e-02   1.28e-02  -8.91e-02   0.00e+00 (  6.73e+01,  1.25e+02)
20     -0.016   1.50e-01  -5.86e-02   1.10e-02  -1.32e-01   0.00e+00 (  8.34e+01,  1.36e+02)
25     -0.016   1.78e-01  -3.76e-02   1.55e-02  -1.46e-01   0.00e+00 (  8.91e+01,  1.38e+02)
30     -0.013   2.00e-01  -3.58e-02   2.23e-02  -1.31e-01   0.00e+00 (  8.96e+01,  1.33e+02)
35     -0.011   2.13e-01  -3.21e-02   2.39e-02  -1.24e-01   0.00e+00 (  8.80e+01,  1.28e+02)
40     -0.011   2.27e-01  -2.75e-02   2.53e-02  -1.31e-01   0.00e+00 (  8.66e+01,  1.22e+02)
45     -0.012   2.35e-01  -2.43e-02   2.82e-02  -1.52e-01   0.00e+00 (  8.34e+01,  1.15e+02)
50     -0.015   2.33e-01  -2.05e-02   3.00e-02  -1.99e-01   0.00e+00 (  7.77e+01,  1.07e+02)
55     -0.017   2.27e-01  -1.56e-02   3.38e-02  -2.42e-01   0.00e+00 (  7.15e+01,  9.80e+01)
60     -0.018   2.17e-01   1.88e-03   4.39e-02  -2.53e-01   0.00e+00 (  6.34e+01,  8.77e+01)
65     -0.016   2.25e-01   2.61e-02   6.49e-02  -2.30e-01   0.00e+00 (  5.85e+01,  7.73e+01)
70     -0.012   2.35e-01   5.66e-02   9.51e-02  -1.85e-01   0.00e+00 (  5.33e+01,  6.77e+01)
75     -0.008   2.46e-01   8.89e-02   1.32e-01  -1.20e-01   0.00e+00 (  4.88e+01,  5.98e+01)
80     -0.001   2.51e-01   1.28e-01   1.64e-01  -1.19e-02   0.00e+00 (  4.42e+01,  5.26e+01)
85      0.009   2.36e-01   1.55e-01   1.67e-01   1.78e-01   0.00e+00 (  3.89e+01,  4.62e+01)
90      0.057   1.97e-01   4.20e-01   2.71e-01   2.05e+00   0.00e+00 (  4.77e+01,  4.11e+01)
95      0.023   8.18e-02   1.35e-01   1.02e-01   1.45e+00   0.00e+00 (  4.31e+01,  3.79e+01)
19 e: 1.031e-05 i: 3.550e-04 :: e: 1.302e-02 i: 1.011e-01 :: n: 2.762e+01 e:20.654 i:24.806 v:4.993e+03
>>> tau_he = 5.000000, nhe(0)=3.049290e+00
 5     -0.001   2.80e-03   1.30e+00   1.87e-03  -2.94e-03   0.00e+00 (  1.32e+00,  4.93e+01)
10      0.009   1.00e-01  -4.93e-02   1.97e-02   5.09e-02   0.00e+00 (  5.93e+01,  9.79e+01)
15     -0.012   1.12e-01  -3.56e-02   1.29e-02  -8.86e-02   0.00e+00 (  6.78e+01,  1.25e+02)
20     -0.017   1.51e-01  -3.89e-02   1.31e-02  -1.36e-01   0.00e+00 (  8.39e+01,  1.36e+02)
25     -0.016   1.80e-01  -3.79e-02   1.56e-02  -1.46e-01   0.00e+00 (  8.99e+01,  1.38e+02)
30     -0.013   2.01e-01  -3.60e-02   2.25e-02  -1.32e-01   0.00e+00 (  9.03e+01,  1.33e+02)
35     -0.011   2.14e-01  -3.22e-02   2.41e-02  -1.25e-01   0.00e+00 (  8.86e+01,  1.28e+02)
40     -0.011   2.29e-01  -2.76e-02   2.54e-02  -1.31e-01   0.00e+00 (  8.71e+01,  1.22e+02)
45     -0.012   2.36e-01  -2.43e-02   2.82e-02  -1.51e-01   0.00e+00 (  8.37e+01,  1.15e+02)
50     -0.015   2.33e-01  -2.05e-02   3.00e-02  -1.98e-01   0.00e+00 (  7.78e+01,  1.07e+02)
55     -0.017   2.27e-01  -1.57e-02   3.36e-02  -2.42e-01   0.00e+00 (  7.15e+01,  9.80e+01)
60     -0.018   2.17e-01   1.50e-03   4.34e-02  -2.53e-01   0.00e+00 (  6.33e+01,  8.77e+01)
65     -0.015   2.24e-01   2.55e-02   6.42e-02  -2.29e-01   0.00e+00 (  5.82e+01,  7.73e+01)
70     -0.012   2.34e-01   5.60e-02   9.42e-02  -1.83e-01   0.00e+00 (  5.29e+01,  6.77e+01)
75     -0.007   2.45e-01   8.85e-02   1.31e-01  -1.16e-01   0.00e+00 (  4.83e+01,  5.98e+01)
80     -0.000   2.50e-01   1.28e-01   1.64e-01  -5.95e-03   0.00e+00 (  4.38e+01,  5.26e+01)
85      0.009   2.34e-01   1.56e-01   1.67e-01   1.84e-01   0.00e+00 (  3.85e+01,  4.62e+01)
90      0.057   1.97e-01   4.20e-01   2.71e-01   2.05e+00   0.00e+00 (  4.75e+01,  4.11e+01)
95      0.023   8.18e-02   1.35e-01   1.02e-01   1.45e+00   0.00e+00 (  4.31e+01,  3.79e+01)
20 e: 1.273e-05 i: 4.737e-04 :: e: 1.238e-02 i: 1.185e-01 :: n: 2.762e+01 e:20.680 i:24.606 v:4.993e+03
>>> tau_he = 5.000000, nhe(0)=3.032009e+00
 5     -0.001   2.76e-03   1.59e+00   1.88e-03  -3.14e-03   0.00e+00 (  1.30e+00,  4.93e+01)
10      0.011   1.04e-01  -5.18e-02   2.09e-02   6.25e-02   0.00e+00 (  6.13e+01,  9.79e+01)
15     -0.012   1.13e-01  -3.50e-02   1.32e-02  -8.63e-02   0.00e+00 (  6.82e+01,  1.25e+02)
20     -0.016   1.51e-01  -3.90e-02   1.33e-02  -1.35e-01   0.00e+00 (  8.43e+01,  1.36e+02)
25     -0.016   1.81e-01  -3.82e-02   1.58e-02  -1.45e-01   0.00e+00 (  9.03e+01,  1.38e+02)
30     -0.013   2.02e-01  -3.62e-02   2.27e-02  -1.31e-01   0.00e+00 (  9.06e+01,  1.33e+02)
35     -0.011   2.15e-01  -3.24e-02   2.43e-02  -1.24e-01   0.00e+00 (  8.89e+01,  1.28e+02)
40     -0.011   2.29e-01  -2.77e-02   2.56e-02  -1.31e-01   0.00e+00 (  8.74e+01,  1.22e+02)
45     -0.012   2.36e-01  -2.44e-02   2.85e-02  -1.52e-01   0.00e+00 (  8.39e+01,  1.15e+02)
50     -0.015   2.34e-01  -2.06e-02   3.03e-02  -1.99e-01   0.00e+00 (  7.81e+01,  1.07e+02)
55     -0.017   2.28e-01  -1.57e-02   3.40e-02  -2.43e-01   0.00e+00 (  7.19e+01,  9.80e+01)
60     -0.018   2.18e-01   1.79e-03   4.40e-02  -2.55e-01   0.00e+00 (  6.38e+01,  8.77e+01)
65     -0.016   2.25e-01   2.60e-02   6.51e-02  -2.33e-01   0.00e+00 (  5.88e+01,  7.73e+01)
70     -0.012   2.36e-01   5.64e-02   9.51e-02  -1.88e-01   0.00e+00 (  5.35e+01,  6.77e+01)
75     -0.008   2.47e-01   8.87e-02   1.32e-01  -1.22e-01   0.00e+00 (  4.90e+01,  5.98e+01)
80     -0.001   2.52e-01   1.28e-01   1.65e-01  -1.35e-02   0.00e+00 (  4.44e+01,  5.26e+01)
85      0.009   2.36e-01   1.56e-01   1.68e-01   1.78e-01   0.00e+00 (  3.91e+01,  4.62e+01)
90      0.057   1.97e-01   4.20e-01   2.71e-01   2.05e+00   0.00e+00 (  4.77e+01,  4.11e+01)
95      0.023   8.18e-02   1.35e-01   1.02e-01   1.45e+00   0.00e+00 (  4.31e+01,  3.79e+01)
21 e: 1.618e-05 i: 7.868e-04 :: e: 9.224e-03 i: 1.521e-01 :: n: 2.762e+01 e:20.655 i:24.221 v:4.993e+03
>>> tau_he = 5.000000, nhe(0)=2.998249e+00
 5     -0.001   2.68e-03   2.46e+00   1.89e-03  -3.42e-03   0.00e+00 (  1.27e+00,  4.93e+01)
10      0.014   1.10e-01  -5.60e-02   2.28e-02   8.28e-02   0.00e+00 (  6.47e+01,  9.79e+01)
15     -0.012   1.15e-01  -3.54e-02   1.36e-02  -8.39e-02   0.00e+00 (  6.96e+01,  1.25e+02)
20     -0.016   1.53e-01  -3.93e-02   1.37e-02  -1.33e-01   0.00e+00 (  8.54e+01,  1.36e+02)
25     -0.015   1.83e-01  -3.85e-02   1.62e-02  -1.42e-01   0.00e+00 (  9.13e+01,  1.38e+02)
30     -0.012   2.04e-01  -3.68e-02   2.33e-02  -1.28e-01   0.00e+00 (  9.17e+01,  1.33e+02)
35     -0.011   2.16e-01  -3.27e-02   2.47e-02  -1.22e-01   0.00e+00 (  8.96e+01,  1.28e+02)
40     -0.011   2.30e-01  -2.78e-02   2.60e-02  -1.29e-01   0.00e+00 (  8.78e+01,  1.22e+02)
45     -0.012   2.37e-01  -2.45e-02   2.87e-02  -1.50e-01   0.00e+00 (  8.41e+01,  1.15e+02)
50     -0.015   2.34e-01  -2.05e-02   3.04e-02  -1.98e-01   0.00e+00 (  7.81e+01,  1.07e+02)
55     -0.017   2.28e-01  -1.58e-02   3.40e-02  -2.42e-01   0.00e+00 (  7.18e+01,  9.80e+01)
60     -0.018   2.17e-01   1.57e-03   4.38e-02  -2.55e-01   0.00e+00 (  6.36e+01,  8.77e+01)
65     -0.016   2.25e-01   2.56e-02   6.46e-02  -2.32e-01   0.00e+00 (  5.84e+01,  7.73e+01)
70     -0.012   2.35e-01   5.57e-02   9.43e-02  -1.86e-01   0.00e+00 (  5.31e+01,  6.77e+01)
75     -0.008   2.46e-01   8.79e-02   1.31e-01  -1.19e-01   0.00e+00 (  4.85e+01,  5.98e+01)
80     -0.001   2.50e-01   1.28e-01   1.64e-01  -8.99e-03   0.00e+00 (  4.39e+01,  5.26e+01)
85      0.009   2.34e-01   1.55e-01   1.67e-01   1.83e-01   0.00e+00 (  3.86e+01,  4.62e+01)
90      0.057   1.97e-01   4.20e-01   2.71e-01   2.05e+00   0.00e+00 (  4.75e+01,  4.11e+01)
95      0.023   8.18e-02   1.35e-01   1.02e-01   1.45e+00   0.00e+00 (  4.31e+01,  3.79e+01)
22 e: 2.373e-05 i: 8.532e-04 :: e: 1.061e-02 i: 1.719e-01 :: n: 2.762e+01 e:20.626 i:23.547 v:4.993e+03
>>> tau_he = 5.000000, nhe(0)=2.937183e+00
 5     -0.001   2.53e-03   8.80e+00   1.90e-03  -3.86e-03   0.00e+00 (  1.20e+00,  4.93e+01)
10      0.017   9.98e-02  -5.57e-02   2.30e-02   1.02e-01   0.00e+00 (  5.81e+01,  9.79e+01)
15     -0.011   1.19e-01  -3.51e-02   1.42e-02  -8.08e-02   0.00e+00 (  7.14e+01,  1.25e+02)
20     -0.016   1.56e-01  -3.97e-02   1.42e-02  -1.28e-01   0.00e+00 (  8.67e+01,  1.36e+02)
25     -0.015   1.85e-01  -3.89e-02   1.69e-02  -1.36e-01   0.00e+00 (  9.23e+01,  1.38e+02)
30     -0.012   2.06e-01  -3.64e-02   2.37e-02  -1.22e-01   0.00e+00 (  9.26e+01,  1.33e+02)
35     -0.011   2.18e-01  -3.30e-02   2.54e-02  -1.18e-01   0.00e+00 (  9.01e+01,  1.28e+02)
40     -0.010   2.32e-01  -2.83e-02   2.65e-02  -1.25e-01   0.00e+00 (  8.82e+01,  1.22e+02)
45     -0.012   2.38e-01  -2.48e-02   2.94e-02  -1.48e-01   0.00e+00 (  8.42e+01,  1.15e+02)
50     -0.015   2.34e-01  -2.05e-02   3.09e-02  -1.97e-01   0.00e+00 (  7.81e+01,  1.07e+02)
55     -0.017   2.29e-01  -1.57e-02   3.44e-02  -2.42e-01   0.00e+00 (  7.17e+01,  9.80e+01)
60     -0.018   2.18e-01   1.76e-03   4.41e-02  -2.56e-01   0.00e+00 (  6.36e+01,  8.77e+01)
65     -0.016   2.25e-01   2.57e-02   6.49e-02  -2.33e-01   0.00e+00 (  5.84e+01,  7.73e+01)
70     -0.012   2.35e-01   5.54e-02   9.43e-02  -1.87e-01   0.00e+00 (  5.31e+01,  6.77e+01)
75     -0.008   2.46e-01   8.72e-02   1.31e-01  -1.21e-01   0.00e+00 (  4.84e+01,  5.98e+01)
80     -0.001   2.50e-01   1.26e-01   1.63e-01  -1.17e-02   0.00e+00 (  4.39e+01,  5.26e+01)
85      0.009   2.34e-01   1.54e-01   1.66e-01   1.81e-01   0.00e+00 (  3.85e+01,  4.62e+01)
90      0.057   1.97e-01   4.20e-01   2.70e-01   2.05e+00   0.00e+00 (  4.75e+01,  4.11e+01)
95      0.023   8.18e-02   1.35e-01   1.02e-01   1.45e+00   0.00e+00 (  4.31e+01,  3.79e+01)
23 e: 2.676e-05 i: 5.170e-04 :: e: 8.288e-03 i: 1.540e-01 :: n: 2.762e+01 e:20.535 i:22.835 v:4.993e+03
>>> tau_he = 5.000000, nhe(0)=2.869888e+00
 5     -0.001   2.81e-03   1.06e+06   1.90e-03  -4.15e-03   0.00e+00 (  1.34e+00,  4.93e+01)
10      0.022   1.08e-01  -5.01e-02   2.53e-02   1.29e-01   0.00e+00 (  6.25e+01,  9.79e+01)
15     -0.010   1.24e-01  -2.98e-02   1.54e-02  -7.40e-02   0.00e+00 (  7.45e+01,  1.25e+02)
20     -0.015   1.59e-01  -4.01e-02   1.49e-02  -1.22e-01   0.00e+00 (  8.80e+01,  1.36e+02)
25     -0.014   1.87e-01  -3.91e-02   1.76e-02  -1.29e-01   0.00e+00 (  9.32e+01,  1.38e+02)
30     -0.011   2.08e-01  -3.69e-02   2.44e-02  -1.14e-01   0.00e+00 (  9.31e+01,  1.33e+02)
35     -0.010   2.19e-01  -3.31e-02   2.59e-02  -1.11e-01   0.00e+00 (  9.02e+01,  1.28e+02)
40     -0.010   2.32e-01  -2.82e-02   2.70e-02  -1.20e-01   0.00e+00 (  8.80e+01,  1.22e+02)
45     -0.011   2.38e-01  -2.46e-02   2.98e-02  -1.44e-01   0.00e+00 (  8.36e+01,  1.15e+02)
50     -0.014   2.34e-01  -2.06e-02   3.13e-02  -1.93e-01   0.00e+00 (  7.73e+01,  1.07e+02)
55     -0.017   2.28e-01  -1.55e-02   3.43e-02  -2.39e-01   0.00e+00 (  7.09e+01,  9.80e+01)
60     -0.018   2.17e-01   1.67e-03   4.37e-02  -2.53e-01   0.00e+00 (  6.27e+01,  8.77e+01)
65     -0.015   2.23e-01   2.51e-02   6.41e-02  -2.29e-01   0.00e+00 (  5.75e+01,  7.73e+01)
70     -0.013   2.30e-01   4.52e-02   8.88e-02  -1.96e-01   0.00e+00 (  5.16e+01,  6.77e+01)
75     -0.008   2.42e-01   8.10e-02   1.28e-01  -1.19e-01   0.00e+00 (  4.72e+01,  5.98e+01)
80     -0.000   2.47e-01   1.25e-01   1.61e-01  -4.79e-03   0.00e+00 (  4.29e+01,  5.26e+01)
85      0.010   2.30e-01   1.53e-01   1.64e-01   1.88e-01   0.00e+00 (  3.75e+01,  4.62e+01)
90      0.058   1.96e-01   4.19e-01   2.70e-01   2.05e+00   0.00e+00 (  4.72e+01,  4.11e+01)
95      0.023   8.18e-02   1.35e-01   1.02e-01   1.45e+00   0.00e+00 (  4.31e+01,  3.79e+01)
24 e: 3.609e-05 i: 3.757e-04 :: e: 1.526e-02 i: 1.413e-01 :: n: 2.762e+01 e:20.444 i:22.096 v:4.993e+03
>>> tau_he = 5.000000, nhe(0)=2.796779e+00
 5     -0.001   2.62e-03   9.86e+05   1.88e-03  -4.46e-03   0.00e+00 (  1.25e+00,  4.93e+01)
10      0.026   1.14e-01  -3.23e-02   2.70e-02   1.55e-01   0.00e+00 (  6.59e+01,  9.79e+01)
15     -0.009   1.26e-01  -3.17e-02   1.72e-02  -6.42e-02   0.00e+00 (  7.48e+01,  1.25e+02)
20     -0.014   1.61e-01  -4.03e-02   1.56e-02  -1.14e-01   0.00e+00 (  8.88e+01,  1.36e+02)
25     -0.013   1.89e-01  -3.94e-02   1.83e-02  -1.21e-01   0.00e+00 (  9.36e+01,  1.38e+02)
30     -0.010   2.10e-01  -3.72e-02   2.51e-02  -1.06e-01   0.00e+00 (  9.32e+01,  1.33e+02)
35     -0.009   2.21e-01  -3.32e-02   2.65e-02  -1.05e-01   0.00e+00 (  9.05e+01,  1.28e+02)
40     -0.010   2.33e-01  -2.92e-02   2.83e-02  -1.15e-01   0.00e+00 (  8.75e+01,  1.22e+02)
45     -0.011   2.37e-01  -2.44e-02   3.01e-02  -1.40e-01   0.00e+00 (  8.29e+01,  1.15e+02)
50     -0.014   2.33e-01  -2.03e-02   3.15e-02  -1.90e-01   0.00e+00 (  7.66e+01,  1.07e+02)
55     -0.017   2.27e-01  -1.53e-02   3.45e-02  -2.36e-01   0.00e+00 (  7.02e+01,  9.80e+01)
60     -0.017   2.16e-01   1.82e-03   4.38e-02  -2.51e-01   0.00e+00 (  6.20e+01,  8.77e+01)
65     -0.015   2.22e-01   2.48e-02   6.39e-02  -2.28e-01   0.00e+00 (  5.68e+01,  7.73e+01)
70     -0.013   2.29e-01   4.47e-02   8.82e-02  -1.93e-01   0.00e+00 (  5.09e+01,  6.77e+01)
75     -0.008   2.40e-01   7.97e-02   1.27e-01  -1.16e-01   0.00e+00 (  4.65e+01,  5.98e+01)
80     -0.000   2.44e-01   1.22e-01   1.58e-01  -2.80e-03   0.00e+00 (  4.22e+01,  5.26e+01)
85      0.010   2.27e-01   1.50e-01   1.61e-01   1.90e-01   0.00e+00 (  3.68e+01,  4.62e+01)
90      0.058   1.96e-01   4.19e-01   2.69e-01   2.05e+00   0.00e+00 (  4.70e+01,  4.11e+01)
95      0.023   8.18e-02   1.35e-01   1.02e-01   1.45e+00   0.00e+00 (  4.31e+01,  3.79e+01)
25 e: 5.835e-05 i: 2.927e-04 :: e: 1.877e-02 i: 1.287e-01 :: n: 2.762e+01 e:20.326 i:21.368 v:4.993e+03
>>> tau_he = 5.000000, nhe(0)=2.720907e+00
 5     -0.001   2.45e-03   8.75e+05   2.08e-03  -3.82e-03   0.00e+00 (  1.17e+00,  4.93e+01)
10      0.031   1.20e-01  -1.15e-02   2.80e-02   1.81e-01   0.00e+00 (  6.86e+01,  9.79e+01)
15     -0.007   1.32e-01  -3.71e-02   2.00e-02  -4.72e-02   0.00e+00 (  7.80e+01,  1.25e+02)
20     -0.013   1.64e-01  -4.07e-02   1.66e-02  -1.04e-01   0.00e+00 (  9.01e+01,  1.36e+02)
25     -0.012   1.92e-01  -4.10e-02   2.34e-02  -1.09e-01   0.00e+00 (  9.46e+01,  1.38e+02)
30     -0.010   2.11e-01  -3.75e-02   2.58e-02  -9.81e-02   0.00e+00 (  9.34e+01,  1.33e+02)
35     -0.009   2.21e-01  -3.31e-02   2.70e-02  -9.84e-02   0.00e+00 (  9.02e+01,  1.28e+02)
40     -0.009   2.33e-01  -2.89e-02   2.87e-02  -1.09e-01   0.00e+00 (  8.70e+01,  1.22e+02)
45     -0.011   2.37e-01  -2.47e-02   3.05e-02  -1.36e-01   0.00e+00 (  8.23e+01,  1.15e+02)
50     -0.014   2.32e-01  -2.00e-02   3.15e-02  -1.87e-01   0.00e+00 (  7.56e+01,  1.07e+02)
55     -0.017   2.26e-01  -1.50e-02   3.44e-02  -2.32e-01   0.00e+00 (  6.91e+01,  9.80e+01)
60     -0.017   2.14e-01   1.79e-03   4.34e-02  -2.48e-01   0.00e+00 (  6.10e+01,  8.77e+01)
65     -0.015   2.20e-01   2.42e-02   6.30e-02  -2.24e-01   0.00e+00 (  5.57e+01,  7.73e+01)
70     -0.012   2.26e-01   4.38e-02   8.68e-02  -1.87e-01   0.00e+00 (  4.97e+01,  6.77e+01)
75     -0.007   2.36e-01   7.79e-02   1.25e-01  -1.09e-01   0.00e+00 (  4.53e+01,  5.98e+01)
80      0.000   2.40e-01   1.20e-01   1.55e-01   4.89e-03   0.00e+00 (  4.10e+01,  5.26e+01)
85      0.010   2.21e-01   1.48e-01   1.57e-01   1.97e-01   0.00e+00 (  3.55e+01,  4.62e+01)
90      0.058   1.95e-01   4.19e-01   2.69e-01   2.06e+00   0.00e+00 (  4.66e+01,  4.11e+01)
95      0.023   8.18e-02   1.35e-01   1.02e-01   1.45e+00   0.00e+00 (  4.31e+01,  3.79e+01)
26 e: 6.922e-05 i: 2.628e-04 :: e: 2.484e-02 i: 1.212e-01 :: n: 2.762e+01 e:20.207 i:20.621 v:4.993e+03
>>> tau_he = 5.000000, nhe(0)=2.638954e+00
 5     -0.001   2.27e-03   8.07e+05   2.04e-03  -4.09e-03   0.00e+00 (  1.09e+00,  4.93e+01)
10      0.035   1.25e-01   3.20e-01   2.88e-02   2.06e-01   0.00e+00 (  7.10e+01,  9.79e+01)
15     -0.005   1.38e-01  -4.02e-02   2.21e-02  -3.37e-02   0.00e+00 (  8.10e+01,  1.25e+02)
20     -0.011   1.67e-01  -4.12e-02   1.77e-02  -9.45e-02   0.00e+00 (  9.08e+01,  1.36e+02)
25     -0.011   1.94e-01  -4.13e-02   2.42e-02  -9.96e-02   0.00e+00 (  9.49e+01,  1.38e+02)
30     -0.009   2.12e-01  -3.78e-02   2.65e-02  -8.95e-02   0.00e+00 (  9.33e+01,  1.33e+02)
35     -0.008   2.22e-01  -3.30e-02   2.75e-02  -9.17e-02   0.00e+00 (  8.97e+01,  1.28e+02)
40     -0.009   2.32e-01  -2.87e-02   2.91e-02  -1.04e-01   0.00e+00 (  8.62e+01,  1.22e+02)
45     -0.010   2.36e-01  -2.45e-02   3.08e-02  -1.32e-01   0.00e+00 (  8.14e+01,  1.15e+02)
50     -0.014   2.31e-01  -1.98e-02   3.17e-02  -1.83e-01   0.00e+00 (  7.46e+01,  1.07e+02)
55     -0.016   2.24e-01  -1.47e-02   3.45e-02  -2.28e-01   0.00e+00 (  6.81e+01,  9.80e+01)
60     -0.017   2.13e-01   1.93e-03   4.32e-02  -2.45e-01   0.00e+00 (  6.01e+01,  8.77e+01)
65     -0.015   2.18e-01   2.38e-02   6.25e-02  -2.21e-01   0.00e+00 (  5.48e+01,  7.73e+01)
70     -0.012   2.23e-01   4.30e-02   8.57e-02  -1.83e-01   0.00e+00 (  4.87e+01,  6.77e+01)
75     -0.007   2.33e-01   7.63e-02   1.23e-01  -1.05e-01   0.00e+00 (  4.43e+01,  5.98e+01)
80      0.001   2.36e-01   1.17e-01   1.52e-01   9.25e-03   0.00e+00 (  4.00e+01,  5.26e+01)
85      0.010   2.17e-01   1.45e-01   1.54e-01   2.00e-01   0.00e+00 (  3.45e+01,  4.62e+01)
90      0.058   1.94e-01   4.18e-01   2.68e-01   2.06e+00   0.00e+00 (  4.62e+01,  4.11e+01)
95      0.023   8.18e-02   1.35e-01   1.02e-01   1.45e+00   0.00e+00 (  4.31e+01,  3.79e+01)
27 e: 9.440e-05 i: 1.637e-03 :: e: 2.880e-02 i: 1.454e-01 :: n: 2.762e+01 e:20.068 i:21.127 v:4.993e+03
>>> tau_he = 5.000000, nhe(0)=2.695598e+00
 5     -0.001   2.38e-03   8.86e+05   1.81e-03  -4.75e-03   0.00e+00 (  1.14e+00,  4.93e+01)
10      0.029   1.15e-01  -6.47e-03   2.62e-02   1.72e-01   0.00e+00 (  6.41e+01,  9.79e+01)
15     -0.006   1.30e-01  -3.60e-02   1.95e-02  -4.20e-02   0.00e+00 (  7.52e+01,  1.25e+02)
20     -0.012   1.59e-01  -3.86e-02   1.57e-02  -1.00e-01   0.00e+00 (  8.58e+01,  1.36e+02)
25     -0.011   1.88e-01  -3.95e-02   2.24e-02  -1.04e-01   0.00e+00 (  9.10e+01,  1.38e+02)
30     -0.009   2.06e-01  -3.60e-02   2.48e-02  -9.39e-02   0.00e+00 (  8.98e+01,  1.33e+02)
35     -0.008   2.16e-01  -3.17e-02   2.59e-02  -9.45e-02   0.00e+00 (  8.67e+01,  1.28e+02)
40     -0.009   2.26e-01  -2.74e-02   2.76e-02  -1.06e-01   0.00e+00 (  8.32e+01,  1.22e+02)
45     -0.010   2.30e-01  -2.34e-02   2.91e-02  -1.31e-01   0.00e+00 (  7.86e+01,  1.15e+02)
50     -0.013   2.25e-01  -1.87e-02   2.99e-02  -1.80e-01   0.00e+00 (  7.21e+01,  1.07e+02)
55     -0.016   2.20e-01  -1.42e-02   3.32e-02  -2.22e-01   0.00e+00 (  6.60e+01,  9.80e+01)
60     -0.016   2.09e-01   2.12e-03   4.21e-02  -2.36e-01   0.00e+00 (  5.82e+01,  8.77e+01)
65     -0.014   2.14e-01   2.36e-02   6.11e-02  -2.11e-01   0.00e+00 (  5.31e+01,  7.73e+01)
70     -0.011   2.19e-01   4.27e-02   8.43e-02  -1.72e-01   0.00e+00 (  4.72e+01,  6.77e+01)
75     -0.006   2.28e-01   7.53e-02   1.21e-01  -9.39e-02   0.00e+00 (  4.29e+01,  5.98e+01)
80      0.001   2.31e-01   1.16e-01   1.50e-01   2.05e-02   0.00e+00 (  3.87e+01,  5.26e+01)
85      0.011   2.12e-01   1.43e-01   1.51e-01   2.09e-01   0.00e+00 (  3.31e+01,  4.62e+01)
90      0.058   1.93e-01   4.18e-01   2.67e-01   2.06e+00   0.00e+00 (  4.58e+01,  4.11e+01)
95      0.023   8.18e-02   1.35e-01   1.02e-01   1.45e+00   0.00e+00 (  4.31e+01,  3.79e+01)
28 e: 2.715e-05 i: 1.607e-04 :: e: 2.890e-02 i: 1.081e-01 :: n: 2.762e+01 e:20.158 i:20.504 v:4.993e+03
>>> tau_he = 5.000000, nhe(0)=2.625729e+00
 5     -0.001   2.25e-03   7.95e+05   2.03e-03  -4.23e-03   0.00e+00 (  1.08e+00,  4.93e+01)
10      0.033   1.21e-01   2.10e-01   2.78e-02   1.98e-01   0.00e+00 (  6.77e+01,  9.79e+01)
15     -0.004   1.34e-01  -3.89e-02   2.16e-02  -3.16e-02   0.00e+00 (  7.77e+01,  1.25e+02)
20     -0.011   1.62e-01  -3.99e-02   1.71e-02  -9.33e-02   0.00e+00 (  8.80e+01,  1.36e+02)
25     -0.011   1.91e-01  -4.05e-02   2.38e-02  -9.89e-02   0.00e+00 (  9.30e+01,  1.38e+02)
30     -0.009   2.09e-01  -3.71e-02   2.62e-02  -9.03e-02   0.00e+00 (  9.20e+01,  1.33e+02)
35     -0.008   2.19e-01  -3.26e-02   2.74e-02  -9.33e-02   0.00e+00 (  8.88e+01,  1.28e+02)
40     -0.009   2.31e-01  -2.84e-02   2.91e-02  -1.06e-01   0.00e+00 (  8.57e+01,  1.22e+02)
45     -0.011   2.35e-01  -2.42e-02   3.08e-02  -1.35e-01   0.00e+00 (  8.09e+01,  1.15e+02)
50     -0.014   2.30e-01  -1.96e-02   3.18e-02  -1.86e-01   0.00e+00 (  7.42e+01,  1.07e+02)
55     -0.016   2.24e-01  -1.43e-02   3.50e-02  -2.29e-01   0.00e+00 (  6.79e+01,  9.80e+01)
60     -0.017   2.13e-01   2.51e-03   4.39e-02  -2.45e-01   0.00e+00 (  6.00e+01,  8.77e+01)
65     -0.015   2.18e-01   2.41e-02   6.29e-02  -2.21e-01   0.00e+00 (  5.46e+01,  7.73e+01)
70     -0.012   2.23e-01   4.30e-02   8.58e-02  -1.83e-01   0.00e+00 (  4.85e+01,  6.77e+01)
75     -0.007   2.32e-01   7.51e-02   1.22e-01  -1.06e-01   0.00e+00 (  4.39e+01,  5.98e+01)
80      0.000   2.35e-01   1.15e-01   1.50e-01   7.86e-03   0.00e+00 (  3.95e+01,  5.26e+01)
85      0.010   2.15e-01   1.41e-01   1.50e-01   1.99e-01   0.00e+00 (  3.38e+01,  4.62e+01)
90      0.058   1.94e-01   4.18e-01   2.68e-01   2.06e+00   0.00e+00 (  4.59e+01,  4.11e+01)
95      0.023   8.18e-02   1.35e-01   1.02e-01   1.45e+00   0.00e+00 (  4.31e+01,  3.79e+01)
29 e: 8.181e-05 i: 4.948e-04 :: e: 2.109e-02 i: 1.086e-01 :: n: 2.762e+01 e:20.007 i:20.750 v:4.993e+03
>>> tau_he = 5.000000, nhe(0)=2.653880e+00
 5     -0.001   2.30e-03   8.16e+05   2.02e-03  -4.07e-03   0.00e+00 (  1.11e+00,  4.93e+01)
10      0.031   1.17e-01   6.72e-02   2.63e-02   1.84e-01   0.00e+00 (  6.46e+01,  9.79e+01)
15     -0.005   1.32e-01  -3.75e-02   2.05e-02  -3.35e-02   0.00e+00 (  7.56e+01,  1.25e+02)
20     -0.012   1.60e-01  -3.87e-02   1.62e-02  -9.56e-02   0.00e+00 (  8.59e+01,  1.36e+02)
25     -0.011   1.89e-01  -3.96e-02   2.29e-02  -9.97e-02   0.00e+00 (  9.15e+01,  1.38e+02)
30     -0.009   2.07e-01  -3.63e-02   2.53e-02  -9.08e-02   0.00e+00 (  9.04e+01,  1.33e+02)
35     -0.008   2.17e-01  -3.18e-02   2.64e-02  -9.26e-02   0.00e+00 (  8.72e+01,  1.28e+02)
40     -0.009   2.27e-01  -2.73e-02   2.79e-02  -1.05e-01   0.00e+00 (  8.37e+01,  1.22e+02)
45     -0.010   2.31e-01  -2.33e-02   2.95e-02  -1.31e-01   0.00e+00 (  7.88e+01,  1.15e+02)
50     -0.013   2.26e-01  -1.90e-02   3.04e-02  -1.80e-01   0.00e+00 (  7.21e+01,  1.07e+02)
55     -0.016   2.19e-01  -1.41e-02   3.33e-02  -2.21e-01   0.00e+00 (  6.57e+01,  9.80e+01)
60     -0.016   2.08e-01   1.92e-03   4.18e-02  -2.35e-01   0.00e+00 (  5.79e+01,  8.77e+01)
65     -0.014   2.13e-01   2.29e-02   6.04e-02  -2.09e-01   0.00e+00 (  5.24e+01,  7.73e+01)
70     -0.011   2.17e-01   4.22e-02   8.34e-02  -1.68e-01   0.00e+00 (  4.66e+01,  6.77e+01)
75     -0.006   2.25e-01   7.44e-02   1.19e-01  -8.83e-02   0.00e+00 (  4.21e+01,  5.98e+01)
80      0.002   2.28e-01   1.14e-01   1.48e-01   2.69e-02   0.00e+00 (  3.78e+01,  5.26e+01)
85      0.011   2.07e-01   1.41e-01   1.48e-01   2.14e-01   0.00e+00 (  3.22e+01,  4.62e+01)
90      0.058   1.92e-01   4.17e-01   2.67e-01   2.06e+00   0.00e+00 (  4.54e+01,  4.11e+01)
95      0.023   8.18e-02   1.35e-01   1.02e-01   1.45e+00   0.00e+00 (  4.31e+01,  3.79e+01)
30 e: 3.249e-05 i: 7.789e-05 :: e: 2.669e-02 i: 8.073e-02 :: n: 2.762e+01 e:20.097 i:20.375 v:4.993e+03
>>> tau_he = 5.000000, nhe(0)=2.611230e+00
 5     -0.001   2.22e-03   7.83e+05   2.02e-03  -4.30e-03   0.00e+00 (  1.08e+00,  4.93e+01)
10      0.033   1.24e-01   3.46e-01   2.73e-02   1.98e-01   0.00e+00 (  6.83e+01,  9.79e+01)
15     -0.004   1.33e-01  -3.88e-02   2.15e-02  -2.74e-02   0.00e+00 (  7.59e+01,  1.25e+02)
20     -0.011   1.60e-01  -3.93e-02   1.69e-02  -9.08e-02   0.00e+00 (  8.64e+01,  1.36e+02)
25     -0.010   1.89e-01  -4.00e-02   2.35e-02  -9.66e-02   0.00e+00 (  9.18e+01,  1.38e+02)
30     -0.009   2.08e-01  -3.67e-02   2.60e-02  -8.87e-02   0.00e+00 (  9.10e+01,  1.33e+02)
35     -0.008   2.18e-01  -3.22e-02   2.72e-02  -9.23e-02   0.00e+00 (  8.79e+01,  1.28e+02)
40     -0.009   2.29e-01  -2.81e-02   2.89e-02  -1.06e-01   0.00e+00 (  8.49e+01,  1.22e+02)
45     -0.011   2.34e-01  -2.40e-02   3.07e-02  -1.35e-01   0.00e+00 (  8.03e+01,  1.15e+02)
50     -0.014   2.29e-01  -1.95e-02   3.17e-02  -1.85e-01   0.00e+00 (  7.36e+01,  1.07e+02)
55     -0.016   2.23e-01  -1.42e-02   3.49e-02  -2.27e-01   0.00e+00 (  6.74e+01,  9.80e+01)
60     -0.017   2.12e-01   2.60e-03   4.38e-02  -2.44e-01   0.00e+00 (  5.96e+01,  8.77e+01)
65     -0.015   2.18e-01   2.40e-02   6.28e-02  -2.20e-01   0.00e+00 (  5.43e+01,  7.73e+01)
70     -0.011   2.24e-01   4.87e-02   8.96e-02  -1.70e-01   0.00e+00 (  4.86e+01,  6.77e+01)
75     -0.007   2.32e-01   7.49e-02   1.22e-01  -1.06e-01   0.00e+00 (  4.38e+01,  5.98e+01)
80      0.000   2.35e-01   1.14e-01   1.49e-01   7.33e-03   0.00e+00 (  3.94e+01,  5.26e+01)
85      0.010   2.14e-01   1.40e-01   1.49e-01   1.97e-01   0.00e+00 (  3.36e+01,  4.62e+01)
90      0.058   1.93e-01   4.18e-01   2.67e-01   2.06e+00   0.00e+00 (  4.57e+01,  4.11e+01)
95      0.023   8.18e-02   1.35e-01   1.02e-01   1.45e+00   0.00e+00 (  4.31e+01,  3.79e+01)
31 e: 5.411e-05 i: 1.107e-03 :: e: 1.684e-02 i: 1.095e-01 :: n: 2.762e+01 e:19.983 i:21.082 v:4.993e+03
>>> tau_he = 5.000000, nhe(0)=2.690729e+00
 5     -0.001   2.51e-03   8.84e+05   1.82e-03  -4.90e-03   0.00e+00 (  1.22e+00,  4.93e+01)
10      0.028   1.11e-01   4.40e-04   2.48e-02   1.67e-01   0.00e+00 (  6.10e+01,  9.79e+01)
15     -0.005   1.27e-01  -3.55e-02   1.90e-02  -3.82e-02   0.00e+00 (  7.21e+01,  1.25e+02)
20     -0.012   1.56e-01  -3.76e-02   1.52e-02  -9.88e-02   0.00e+00 (  8.34e+01,  1.36e+02)
25     -0.011   1.85e-01  -3.88e-02   2.20e-02  -1.03e-01   0.00e+00 (  8.96e+01,  1.38e+02)
30     -0.009   2.04e-01  -3.56e-02   2.45e-02  -9.46e-02   0.00e+00 (  8.91e+01,  1.33e+02)
35     -0.009   2.15e-01  -3.14e-02   2.57e-02  -9.56e-02   0.00e+00 (  8.62e+01,  1.28e+02)
40     -0.009   2.26e-01  -2.72e-02   2.74e-02  -1.07e-01   0.00e+00 (  8.31e+01,  1.22e+02)
45     -0.010   2.30e-01  -2.32e-02   2.90e-02  -1.32e-01   0.00e+00 (  7.84e+01,  1.15e+02)
50     -0.013   2.24e-01  -1.85e-02   2.97e-02  -1.80e-01   0.00e+00 (  7.17e+01,  1.07e+02)
55     -0.016   2.18e-01  -1.41e-02   3.30e-02  -2.21e-01   0.00e+00 (  6.54e+01,  9.80e+01)
60     -0.016   2.08e-01   1.88e-03   4.16e-02  -2.34e-01   0.00e+00 (  5.76e+01,  8.77e+01)
65     -0.014   2.12e-01   2.28e-02   6.01e-02  -2.08e-01   0.00e+00 (  5.22e+01,  7.73e+01)
70     -0.011   2.17e-01   4.22e-02   8.32e-02  -1.66e-01   0.00e+00 (  4.65e+01,  6.77e+01)
75     -0.006   2.25e-01   7.47e-02   1.19e-01  -8.63e-02   0.00e+00 (  4.19e+01,  5.98e+01)
80      0.002   2.27e-01   1.15e-01   1.48e-01   2.86e-02   0.00e+00 (  3.77e+01,  5.26e+01)
85      0.011   2.07e-01   1.41e-01   1.48e-01   2.15e-01   0.00e+00 (  3.21e+01,  4.62e+01)
90      0.058   1.92e-01   4.17e-01   2.67e-01   2.06e+00   0.00e+00 (  4.52e+01,  4.11e+01)
95      0.023   8.18e-02   1.35e-01   1.02e-01   1.45e+00   0.00e+00 (  4.31e+01,  3.79e+01)
32 e: 8.383e-05 i: 2.051e-04 :: e: 2.247e-02 i: 8.314e-02 :: n: 2.762e+01 e:20.161 i:20.535 v:4.993e+03
>>> tau_he = 5.000000, nhe(0)=2.629335e+00
 5     -0.001   2.27e-03   7.98e+05   2.04e-03  -4.35e-03   0.00e+00 (  1.11e+00,  4.93e+01)
10      0.032   1.22e-01   1.69e-01   2.68e-02   1.92e-01   0.00e+00 (  6.69e+01,  9.79e+01)
15     -0.004   1.30e-01  -3.80e-02   2.10e-02  -2.88e-02   0.00e+00 (  7.45e+01,  1.25e+02)
20     -0.011   1.59e-01  -3.89e-02   1.65e-02  -9.32e-02   0.00e+00 (  8.54e+01,  1.36e+02)
25     -0.011   1.88e-01  -3.99e-02   2.33e-02  -9.92e-02   0.00e+00 (  9.15e+01,  1.38e+02)
30     -0.009   2.07e-01  -3.67e-02   2.59e-02  -9.19e-02   0.00e+00 (  9.12e+01,  1.33e+02)
35     -0.009   2.18e-01  -3.24e-02   2.72e-02  -9.53e-02   0.00e+00 (  8.85e+01,  1.28e+02)
40     -0.009   2.30e-01  -2.84e-02   2.91e-02  -1.09e-01   0.00e+00 (  8.58e+01,  1.22e+02)
45     -0.011   2.35e-01  -2.43e-02   3.10e-02  -1.38e-01   0.00e+00 (  8.12e+01,  1.15e+02)
50     -0.014   2.30e-01  -1.98e-02   3.21e-02  -1.88e-01   0.00e+00 (  7.46e+01,  1.07e+02)
55     -0.017   2.25e-01  -1.43e-02   3.55e-02  -2.31e-01   0.00e+00 (  6.84e+01,  9.80e+01)
60     -0.017   2.14e-01   2.64e-03   4.45e-02  -2.48e-01   0.00e+00 (  6.05e+01,  8.77e+01)
65     -0.015   2.20e-01   2.43e-02   6.36e-02  -2.25e-01   0.00e+00 (  5.52e+01,  7.73e+01)
70     -0.013   2.26e-01   4.26e-02   8.62e-02  -1.91e-01   0.00e+00 (  4.93e+01,  6.77e+01)
75     -0.007   2.34e-01   7.60e-02   1.23e-01  -1.12e-01   0.00e+00 (  4.46e+01,  5.98e+01)
80      0.000   2.38e-01   1.15e-01   1.51e-01   2.70e-04   0.00e+00 (  4.02e+01,  5.26e+01)
85      0.010   2.17e-01   1.41e-01   1.50e-01   1.91e-01   0.00e+00 (  3.44e+01,  4.62e+01)
90      0.058   1.94e-01   4.18e-01   2.67e-01   2.06e+00   0.00e+00 (  4.58e+01,  4.11e+01)
95      0.023   8.18e-02   1.35e-01   1.02e-01   1.45e+00   0.00e+00 (  4.31e+01,  3.79e+01)
33 e: 7.486e-05 i: 1.659e-04 :: e: 7.803e-03 i: 6.806e-02 :: n: 2.762e+01 e:20.008 i:20.713 v:4.993e+03
>>> tau_he = 5.000000, nhe(0)=2.649708e+00
 5     -0.001   2.43e-03   8.15e+05   2.03e-03  -4.20e-03   0.00e+00 (  1.19e+00,  4.93e+01)
10      0.031   1.15e-01   1.22e-01   2.55e-02   1.84e-01   0.00e+00 (  6.30e+01,  9.79e+01)
15     -0.004   1.31e-01  -3.77e-02   2.06e-02  -2.85e-02   0.00e+00 (  7.43e+01,  1.25e+02)
20     -0.011   1.59e-01  -3.85e-02   1.60e-02  -9.46e-02   0.00e+00 (  8.51e+01,  1.36e+02)
25     -0.011   1.89e-01  -3.97e-02   2.29e-02  -9.91e-02   0.00e+00 (  9.13e+01,  1.38e+02)
30     -0.009   2.08e-01  -3.65e-02   2.54e-02  -9.10e-02   0.00e+00 (  9.08e+01,  1.33e+02)
35     -0.008   2.18e-01  -3.21e-02   2.66e-02  -9.31e-02   0.00e+00 (  8.77e+01,  1.28e+02)
40     -0.009   2.29e-01  -2.76e-02   2.82e-02  -1.05e-01   0.00e+00 (  8.44e+01,  1.22e+02)
45     -0.010   2.33e-01  -2.36e-02   2.98e-02  -1.32e-01   0.00e+00 (  7.96e+01,  1.15e+02)
50     -0.014   2.27e-01  -1.92e-02   3.06e-02  -1.81e-01   0.00e+00 (  7.27e+01,  1.07e+02)
55     -0.016   2.21e-01  -1.43e-02   3.34e-02  -2.22e-01   0.00e+00 (  6.61e+01,  9.80e+01)
60     -0.016   2.09e-01   2.61e-03   4.20e-02  -2.37e-01   0.00e+00 (  5.82e+01,  8.77e+01)
65     -0.014   2.13e-01   2.23e-02   6.01e-02  -2.11e-01   0.00e+00 (  5.27e+01,  7.73e+01)
70     -0.011   2.18e-01   4.24e-02   8.36e-02  -1.68e-01   0.00e+00 (  4.68e+01,  6.77e+01)
75     -0.006   2.26e-01   7.54e-02   1.20e-01  -8.82e-02   0.00e+00 (  4.23e+01,  5.98e+01)
80      0.002   2.29e-01   1.16e-01   1.49e-01   2.66e-02   0.00e+00 (  3.81e+01,  5.26e+01)
85      0.011   2.08e-01   1.42e-01   1.49e-01   2.13e-01   0.00e+00 (  3.24e+01,  4.62e+01)
90      0.058   1.92e-01   4.17e-01   2.67e-01   2.06e+00   0.00e+00 (  4.53e+01,  4.11e+01)
95      0.023   8.18e-02   1.35e-01   1.02e-01   1.45e+00   0.00e+00 (  4.31e+01,  3.79e+01)
34 e: 4.500e-05 i: 5.811e-05 :: e: 1.680e-02 i: 5.478e-02 :: n: 2.762e+01 e:20.112 i:20.535 v:4.993e+03
>>> tau_he = 5.000000, nhe(0)=2.629486e+00
 5     -0.001   2.28e-03   7.98e+05   2.03e-03  -4.35e-03   0.00e+00 (  1.12e+00,  4.93e+01)
10      0.032   1.20e-01   1.95e-01   2.62e-02   1.90e-01   0.00e+00 (  6.56e+01,  9.79e+01)
15     -0.004   1.30e-01  -3.78e-02   2.09e-02  -2.68e-02   0.00e+00 (  7.34e+01,  1.25e+02)
20     -0.011   1.57e-01  -3.83e-02   1.61e-02  -9.30e-02   0.00e+00 (  8.42e+01,  1.36e+02)
25     -0.011   1.87e-01  -3.96e-02   2.31e-02  -9.78e-02   0.00e+00 (  9.06e+01,  1.38e+02)
30     -0.009   2.06e-01  -3.65e-02   2.56e-02  -9.05e-02   0.00e+00 (  9.03e+01,  1.33e+02)
35     -0.008   2.17e-01  -3.21e-02   2.69e-02  -9.38e-02   0.00e+00 (  8.76e+01,  1.28e+02)
40     -0.009   2.29e-01  -2.82e-02   2.88e-02  -1.07e-01   0.00e+00 (  8.49e+01,  1.22e+02)
45     -0.011   2.34e-01  -2.41e-02   3.06e-02  -1.36e-01   0.00e+00 (  8.05e+01,  1.15e+02)
50     -0.014   2.29e-01  -1.96e-02   3.17e-02  -1.86e-01   0.00e+00 (  7.40e+01,  1.07e+02)
55     -0.016   2.24e-01  -1.43e-02   3.51e-02  -2.28e-01   0.00e+00 (  6.78e+01,  9.80e+01)
60     -0.017   2.14e-01   2.34e-03   4.40e-02  -2.46e-01   0.00e+00 (  6.01e+01,  8.77e+01)
65     -0.015   2.19e-01   2.40e-02   6.32e-02  -2.23e-01   0.00e+00 (  5.49e+01,  7.73e+01)
70     -0.012   2.24e-01   4.40e-02   8.69e-02  -1.84e-01   0.00e+00 (  4.90e+01,  6.77e+01)
75     -0.007   2.34e-01   7.65e-02   1.24e-01  -1.10e-01   0.00e+00 (  4.47e+01,  5.98e+01)
80      0.000   2.38e-01   1.16e-01   1.52e-01   6.31e-04   0.00e+00 (  4.04e+01,  5.26e+01)
85      0.010   2.18e-01   1.41e-01   1.51e-01   1.91e-01   0.00e+00 (  3.45e+01,  4.62e+01)
90      0.058   1.94e-01   4.18e-01   2.67e-01   2.06e+00   0.00e+00 (  4.58e+01,  4.11e+01)
95      0.023   8.18e-02   1.35e-01   1.02e-01   1.45e+00   0.00e+00 (  4.31e+01,  3.79e+01)
35 e: 3.167e-05 i: 1.592e-04 :: e: 6.264e-03 i: 5.945e-02 :: n: 2.762e+01 e:20.026 i:20.770 v:4.993e+03
>>> tau_he = 5.000000, nhe(0)=2.656111e+00
 5     -0.001   2.46e-03   8.20e+05   2.04e-03  -4.23e-03   0.00e+00 (  1.20e+00,  4.93e+01)
10      0.031   1.18e-01   9.65e-02   2.53e-02   1.82e-01   0.00e+00 (  6.40e+01,  9.79e+01)
15     -0.004   1.29e-01  -3.72e-02   2.03e-02  -2.86e-02   0.00e+00 (  7.31e+01,  1.25e+02)
20     -0.012   1.57e-01  -3.82e-02   1.58e-02  -9.52e-02   0.00e+00 (  8.43e+01,  1.36e+02)
25     -0.011   1.88e-01  -3.95e-02   2.27e-02  -9.97e-02   0.00e+00 (  9.08e+01,  1.38e+02)
30     -0.009   2.07e-01  -3.63e-02   2.53e-02  -9.19e-02   0.00e+00 (  9.04e+01,  1.33e+02)
35     -0.008   2.17e-01  -3.20e-02   2.65e-02  -9.39e-02   0.00e+00 (  8.76e+01,  1.28e+02)
40     -0.009   2.29e-01  -2.76e-02   2.82e-02  -1.06e-01   0.00e+00 (  8.45e+01,  1.22e+02)
45     -0.010   2.33e-01  -2.36e-02   2.98e-02  -1.32e-01   0.00e+00 (  7.98e+01,  1.15e+02)
50     -0.014   2.28e-01  -1.93e-02   3.08e-02  -1.81e-01   0.00e+00 (  7.31e+01,  1.07e+02)
55     -0.016   2.21e-01  -1.44e-02   3.36e-02  -2.24e-01   0.00e+00 (  6.65e+01,  9.80e+01)
60     -0.017   2.10e-01   2.54e-03   4.23e-02  -2.39e-01   0.00e+00 (  5.86e+01,  8.77e+01)
65     -0.014   2.14e-01   2.24e-02   6.05e-02  -2.14e-01   0.00e+00 (  5.32e+01,  7.73e+01)
70     -0.011   2.18e-01   4.29e-02   8.43e-02  -1.71e-01   0.00e+00 (  4.72e+01,  6.77e+01)
75     -0.006   2.28e-01   7.60e-02   1.21e-01  -9.20e-02   0.00e+00 (  4.29e+01,  5.98e+01)
80      0.001   2.31e-01   1.17e-01   1.50e-01   2.22e-02   0.00e+00 (  3.87e+01,  5.26e+01)
85      0.011   2.11e-01   1.42e-01   1.50e-01   2.09e-01   0.00e+00 (  3.29e+01,  4.62e+01)
90      0.058   1.92e-01   4.18e-01   2.67e-01   2.06e+00   0.00e+00 (  4.54e+01,  4.11e+01)
95      0.023   8.18e-02   1.35e-01   1.02e-01   1.45e+00   0.00e+00 (  4.31e+01,  3.79e+01)
36 e: 3.285e-05 i: 2.447e-05 :: e: 1.226e-02 i: 4.367e-02 :: n: 2.762e+01 e:20.119 i:20.556 v:4.993e+03
>>> tau_he = 5.000000, nhe(0)=2.631879e+00
 5     -0.001   2.40e-03   8.01e+05   2.04e-03  -4.38e-03   0.00e+00 (  1.18e+00,  4.93e+01)
10      0.032   1.20e-01   2.22e-01   2.59e-02   1.90e-01   0.00e+00 (  6.49e+01,  9.79e+01)
15     -0.004   1.29e-01  -3.78e-02   2.09e-02  -2.56e-02   0.00e+00 (  7.31e+01,  1.25e+02)
20     -0.011   1.57e-01  -3.84e-02   1.61e-02  -9.33e-02   0.00e+00 (  8.43e+01,  1.36e+02)
25     -0.011   1.87e-01  -3.97e-02   2.31e-02  -9.80e-02   0.00e+00 (  9.08e+01,  1.38e+02)
30     -0.009   2.07e-01  -3.66e-02   2.56e-02  -9.09e-02   0.00e+00 (  9.06e+01,  1.33e+02)
35     -0.008   2.17e-01  -3.23e-02   2.69e-02  -9.40e-02   0.00e+00 (  8.79e+01,  1.28e+02)
40     -0.009   2.30e-01  -2.83e-02   2.89e-02  -1.07e-01   0.00e+00 (  8.53e+01,  1.22e+02)
45     -0.011   2.34e-01  -2.42e-02   3.07e-02  -1.36e-01   0.00e+00 (  8.08e+01,  1.15e+02)
50     -0.014   2.30e-01  -1.97e-02   3.18e-02  -1.86e-01   0.00e+00 (  7.42e+01,  1.07e+02)
55     -0.016   2.24e-01  -1.44e-02   3.51e-02  -2.29e-01   0.00e+00 (  6.80e+01,  9.80e+01)
60     -0.017   2.14e-01   2.06e-03   4.39e-02  -2.47e-01   0.00e+00 (  6.03e+01,  8.77e+01)
65     -0.015   2.20e-01   2.38e-02   6.30e-02  -2.24e-01   0.00e+00 (  5.51e+01,  7.73e+01)
70     -0.012   2.25e-01   4.43e-02   8.71e-02  -1.85e-01   0.00e+00 (  4.91e+01,  6.77e+01)
75     -0.007   2.35e-01   7.70e-02   1.24e-01  -1.10e-01   0.00e+00 (  4.48e+01,  5.98e+01)
80      0.000   2.39e-01   1.17e-01   1.53e-01   5.52e-04   0.00e+00 (  4.05e+01,  5.26e+01)
85      0.010   2.19e-01   1.42e-01   1.52e-01   1.91e-01   0.00e+00 (  3.47e+01,  4.62e+01)
90      0.058   1.94e-01   4.18e-01   2.67e-01   2.06e+00   0.00e+00 (  4.58e+01,  4.11e+01)
95      0.023   8.18e-02   1.35e-01   1.02e-01   1.45e+00   0.00e+00 (  4.31e+01,  3.79e+01)
37 e: 2.358e-05 i: 1.941e-04 :: e: 3.311e-03 i: 5.362e-02 :: n: 2.762e+01 e:20.040 i:20.859 v:4.993e+03
>>> tau_he = 5.000000, nhe(0)=2.666041e+00
 5     -0.001   2.55e-03   8.29e+05   2.05e-03  -4.21e-03   0.00e+00 (  1.25e+00,  4.93e+01)
10      0.030   1.17e-01   7.70e-02   2.50e-02   1.79e-01   0.00e+00 (  6.31e+01,  9.79e+01)
15     -0.004   1.28e-01  -3.64e-02   1.98e-02  -2.96e-02   0.00e+00 (  7.21e+01,  1.25e+02)
20     -0.012   1.56e-01  -3.80e-02   1.56e-02  -9.62e-02   0.00e+00 (  8.38e+01,  1.36e+02)
25     -0.011   1.87e-01  -3.94e-02   2.25e-02  -1.01e-01   0.00e+00 (  9.04e+01,  1.38e+02)
30     -0.009   2.06e-01  -3.62e-02   2.51e-02  -9.29e-02   0.00e+00 (  9.02e+01,  1.33e+02)
35     -0.008   2.17e-01  -3.20e-02   2.64e-02  -9.47e-02   0.00e+00 (  8.75e+01,  1.28e+02)
40     -0.009   2.29e-01  -2.76e-02   2.81e-02  -1.06e-01   0.00e+00 (  8.45e+01,  1.22e+02)
45     -0.010   2.33e-01  -2.37e-02   2.98e-02  -1.33e-01   0.00e+00 (  7.99e+01,  1.15e+02)
50     -0.014   2.28e-01  -1.93e-02   3.08e-02  -1.82e-01   0.00e+00 (  7.32e+01,  1.07e+02)
55     -0.016   2.22e-01  -1.45e-02   3.37e-02  -2.24e-01   0.00e+00 (  6.68e+01,  9.80e+01)
60     -0.017   2.11e-01   2.46e-03   4.24e-02  -2.40e-01   0.00e+00 (  5.89e+01,  8.77e+01)
65     -0.015   2.15e-01   2.25e-02   6.07e-02  -2.15e-01   0.00e+00 (  5.35e+01,  7.73e+01)
70     -0.011   2.19e-01   4.34e-02   8.50e-02  -1.73e-01   0.00e+00 (  4.76e+01,  6.77e+01)
75     -0.006   2.29e-01   7.67e-02   1.22e-01  -9.44e-02   0.00e+00 (  4.33e+01,  5.98e+01)
80      0.001   2.33e-01   1.17e-01   1.51e-01   1.91e-02   0.00e+00 (  3.91e+01,  5.26e+01)
85      0.011   2.13e-01   1.43e-01   1.51e-01   2.07e-01   0.00e+00 (  3.33e+01,  4.62e+01)
90      0.058   1.93e-01   4.18e-01   2.67e-01   2.06e+00   0.00e+00 (  4.55e+01,  4.11e+01)
95      0.023   8.18e-02   1.35e-01   1.02e-01   1.45e+00   0.00e+00 (  4.31e+01,  3.79e+01)
38 e: 3.102e-05 i: 3.681e-05 :: e: 9.036e-03 i: 4.052e-02 :: n: 2.762e+01 e:20.139 i:20.596 v:4.993e+03
>>> tau_he = 5.000000, nhe(0)=2.636339e+00
 5     -0.001   2.42e-03   8.05e+05   2.05e-03  -4.40e-03   0.00e+00 (  1.19e+00,  4.93e+01)
10      0.032   1.19e-01   2.27e-01   2.57e-02   1.89e-01   0.00e+00 (  6.45e+01,  9.79e+01)
15     -0.004   1.29e-01  -3.78e-02   2.09e-02  -2.50e-02   0.00e+00 (  7.29e+01,  1.25e+02)
20     -0.011   1.57e-01  -3.84e-02   1.61e-02  -9.39e-02   0.00e+00 (  8.42e+01,  1.36e+02)
25     -0.011   1.87e-01  -3.98e-02   2.31e-02  -9.86e-02   0.00e+00 (  9.09e+01,  1.38e+02)
30     -0.009   2.07e-01  -3.67e-02   2.57e-02  -9.15e-02   0.00e+00 (  9.08e+01,  1.33e+02)
35     -0.008   2.18e-01  -3.24e-02   2.70e-02  -9.46e-02   0.00e+00 (  8.82e+01,  1.28e+02)
40     -0.009   2.30e-01  -2.84e-02   2.89e-02  -1.07e-01   0.00e+00 (  8.56e+01,  1.22e+02)
45     -0.011   2.35e-01  -2.43e-02   3.08e-02  -1.36e-01   0.00e+00 (  8.11e+01,  1.15e+02)
50     -0.014   2.30e-01  -1.98e-02   3.19e-02  -1.86e-01   0.00e+00 (  7.46e+01,  1.07e+02)
55     -0.016   2.25e-01  -1.46e-02   3.52e-02  -2.30e-01   0.00e+00 (  6.84e+01,  9.80e+01)
60     -0.017   2.15e-01   1.88e-03   4.39e-02  -2.48e-01   0.00e+00 (  6.06e+01,  8.77e+01)
65     -0.015   2.20e-01   2.37e-02   6.31e-02  -2.26e-01   0.00e+00 (  5.54e+01,  7.73e+01)
70     -0.012   2.25e-01   4.47e-02   8.76e-02  -1.86e-01   0.00e+00 (  4.95e+01,  6.77e+01)
75     -0.007   2.36e-01   7.76e-02   1.25e-01  -1.12e-01   0.00e+00 (  4.52e+01,  5.98e+01)
80     -0.000   2.40e-01   1.17e-01   1.53e-01  -1.08e-03   0.00e+00 (  4.09e+01,  5.26e+01)
85      0.010   2.20e-01   1.43e-01   1.53e-01   1.90e-01   0.00e+00 (  3.50e+01,  4.62e+01)
90      0.058   1.94e-01   4.18e-01   2.67e-01   2.06e+00   0.00e+00 (  4.59e+01,  4.11e+01)
95      0.023   8.18e-02   1.35e-01   1.02e-01   1.45e+00   0.00e+00 (  4.31e+01,  3.79e+01)
39 e: 2.455e-05 i: 1.776e-04 :: e: 3.461e-03 i: 4.606e-02 :: n: 2.762e+01 e:20.052 i:20.905 v:4.993e+03
>>> tau_he = 5.000000, nhe(0)=2.671146e+00
 5     -0.001   2.60e-03   8.34e+05   2.06e-03  -4.21e-03   0.00e+00 (  1.28e+00,  4.93e+01)
10      0.030   1.16e-01   7.61e-02   2.48e-02   1.79e-01   0.00e+00 (  6.26e+01,  9.79e+01)
15     -0.004   1.28e-01  -3.64e-02   1.97e-02  -2.92e-02   0.00e+00 (  7.19e+01,  1.25e+02)
20     -0.012   1.56e-01  -3.80e-02   1.55e-02  -9.67e-02   0.00e+00 (  8.37e+01,  1.36e+02)
25     -0.011   1.87e-01  -3.94e-02   2.25e-02  -1.01e-01   0.00e+00 (  9.04e+01,  1.38e+02)
30     -0.009   2.06e-01  -3.62e-02   2.50e-02  -9.34e-02   0.00e+00 (  9.02e+01,  1.33e+02)
35     -0.009   2.17e-01  -3.21e-02   2.63e-02  -9.51e-02   0.00e+00 (  8.75e+01,  1.28e+02)
40     -0.009   2.29e-01  -2.77e-02   2.81e-02  -1.06e-01   0.00e+00 (  8.46e+01,  1.22e+02)
45     -0.010   2.33e-01  -2.38e-02   2.98e-02  -1.33e-01   0.00e+00 (  8.00e+01,  1.15e+02)
50     -0.014   2.28e-01  -1.94e-02   3.09e-02  -1.82e-01   0.00e+00 (  7.34e+01,  1.07e+02)
55     -0.016   2.22e-01  -1.45e-02   3.37e-02  -2.24e-01   0.00e+00 (  6.70e+01,  9.80e+01)
60     -0.017   2.11e-01   2.34e-03   4.24e-02  -2.41e-01   0.00e+00 (  5.91e+01,  8.77e+01)
65     -0.015   2.16e-01   2.25e-02   6.08e-02  -2.16e-01   0.00e+00 (  5.37e+01,  7.73e+01)
70     -0.011   2.20e-01   4.38e-02   8.54e-02  -1.74e-01   0.00e+00 (  4.79e+01,  6.77e+01)
75     -0.006   2.30e-01   7.72e-02   1.22e-01  -9.58e-02   0.00e+00 (  4.36e+01,  5.98e+01)
80      0.001   2.34e-01   1.18e-01   1.52e-01   1.73e-02   0.00e+00 (  3.94e+01,  5.26e+01)
85      0.010   2.14e-01   1.44e-01   1.52e-01   2.05e-01   0.00e+00 (  3.37e+01,  4.62e+01)
90      0.058   1.93e-01   4.18e-01   2.67e-01   2.06e+00   0.00e+00 (  4.55e+01,  4.11e+01)
95      0.023   8.18e-02   1.35e-01   1.02e-01   1.45e+00   0.00e+00 (  4.31e+01,  3.79e+01)
40 e: 3.043e-05 i: 4.438e-05 :: e: 6.854e-03 i: 3.521e-02 :: n: 2.762e+01 e:20.153 i:20.636 v:4.993e+03
>>> tau_he = 5.000000, nhe(0)=2.640945e+00
 5     -0.001   2.43e-03   8.09e+05   2.06e-03  -4.41e-03   0.00e+00 (  1.20e+00,  4.93e+01)
10      0.026   8.95e-02   2.30e-01   2.11e-02   1.54e-01   0.00e+00 (  4.83e+01,  9.79e+01)
15     -0.003   1.29e-01  -3.78e-02   2.09e-02  -2.48e-02   0.00e+00 (  7.27e+01,  1.25e+02)
20     -0.011   1.57e-01  -3.84e-02   1.60e-02  -9.44e-02   0.00e+00 (  8.42e+01,  1.36e+02)
25     -0.011   1.87e-01  -3.98e-02   2.30e-02  -9.90e-02   0.00e+00 (  9.09e+01,  1.38e+02)
30     -0.009   2.07e-01  -3.67e-02   2.56e-02  -9.21e-02   0.00e+00 (  9.08e+01,  1.33e+02)
35     -0.009   2.18e-01  -3.24e-02   2.70e-02  -9.49e-02   0.00e+00 (  8.83e+01,  1.28e+02)
40     -0.009   2.30e-01  -2.85e-02   2.90e-02  -1.07e-01   0.00e+00 (  8.58e+01,  1.22e+02)
45     -0.011   2.35e-01  -2.44e-02   3.08e-02  -1.36e-01   0.00e+00 (  8.13e+01,  1.15e+02)
50     -0.014   2.31e-01  -1.99e-02   3.20e-02  -1.86e-01   0.00e+00 (  7.48e+01,  1.07e+02)
55     -0.017   2.25e-01  -1.46e-02   3.52e-02  -2.30e-01   0.00e+00 (  6.86e+01,  9.80e+01)
60     -0.017   2.15e-01   1.77e-03   4.40e-02  -2.49e-01   0.00e+00 (  6.08e+01,  8.77e+01)
65     -0.015   2.21e-01   2.38e-02   6.33e-02  -2.27e-01   0.00e+00 (  5.56e+01,  7.73e+01)
70     -0.012   2.26e-01   4.50e-02   8.80e-02  -1.87e-01   0.00e+00 (  4.98e+01,  6.77e+01)
75     -0.007   2.37e-01   7.80e-02   1.25e-01  -1.13e-01   0.00e+00 (  4.54e+01,  5.98e+01)
80     -0.000   2.41e-01   1.18e-01   1.54e-01  -2.75e-03   0.00e+00 (  4.11e+01,  5.26e+01)
85      0.010   2.21e-01   1.43e-01   1.53e-01   1.89e-01   0.00e+00 (  3.53e+01,  4.62e+01)
90      0.058   1.94e-01   4.18e-01   2.68e-01   2.06e+00   0.00e+00 (  4.60e+01,  4.11e+01)
95      0.023   8.18e-02   1.35e-01   1.02e-01   1.45e+00   0.00e+00 (  4.31e+01,  3.79e+01)
41 e: 4.067e-05 i: 1.651e-04 :: e: 8.061e-03 i: 4.009e-02 :: n: 2.762e+01 e:20.063 i:20.951 v:4.993e+03
>>> tau_he = 5.000000, nhe(0)=2.676261e+00
 5     -0.001   2.50e-03   8.37e+05   2.05e-03  -4.19e-03   0.00e+00 (  1.23e+00,  4.93e+01)
10      0.030   1.17e-01   7.26e-02   2.51e-02   1.80e-01   0.00e+00 (  6.36e+01,  9.79e+01)
15     -0.004   1.28e-01  -3.65e-02   1.98e-02  -2.91e-02   0.00e+00 (  7.21e+01,  1.25e+02)
20     -0.012   1.56e-01  -3.79e-02   1.54e-02  -9.71e-02   0.00e+00 (  8.34e+01,  1.36e+02)
25     -0.011   1.86e-01  -3.94e-02   2.24e-02  -1.01e-01   0.00e+00 (  9.02e+01,  1.38e+02)
30     -0.009   2.06e-01  -3.62e-02   2.50e-02  -9.39e-02   0.00e+00 (  9.01e+01,  1.33e+02)
35     -0.009   2.17e-01  -3.21e-02   2.63e-02  -9.53e-02   0.00e+00 (  8.75e+01,  1.28e+02)
40     -0.009   2.29e-01  -2.77e-02   2.81e-02  -1.06e-01   0.00e+00 (  8.46e+01,  1.22e+02)
45     -0.010   2.33e-01  -2.38e-02   2.98e-02  -1.33e-01   0.00e+00 (  8.01e+01,  1.15e+02)
50     -0.014   2.28e-01  -1.94e-02   3.09e-02  -1.82e-01   0.00e+00 (  7.35e+01,  1.07e+02)
55     -0.016   2.22e-01  -1.46e-02   3.37e-02  -2.25e-01   0.00e+00 (  6.71e+01,  9.80e+01)
60     -0.017   2.11e-01   2.26e-03   4.24e-02  -2.41e-01   0.00e+00 (  5.92e+01,  8.77e+01)
65     -0.015   2.16e-01   2.26e-02   6.09e-02  -2.17e-01   0.00e+00 (  5.39e+01,  7.73e+01)
70     -0.012   2.21e-01   4.41e-02   8.57e-02  -1.74e-01   0.00e+00 (  4.81e+01,  6.77e+01)
75     -0.006   2.31e-01   7.76e-02   1.23e-01  -9.67e-02   0.00e+00 (  4.38e+01,  5.98e+01)
80      0.001   2.35e-01   1.18e-01   1.53e-01   1.63e-02   0.00e+00 (  3.96e+01,  5.26e+01)
85      0.010   2.15e-01   1.44e-01   1.53e-01   2.05e-01   0.00e+00 (  3.39e+01,  4.62e+01)
90      0.058   1.93e-01   4.18e-01   2.67e-01   2.06e+00   0.00e+00 (  4.56e+01,  4.11e+01)
95      0.023   8.18e-02   1.35e-01   1.02e-01   1.45e+00   0.00e+00 (  4.31e+01,  3.79e+01)
42 e: 3.142e-05 i: 5.783e-05 :: e: 6.668e-03 i: 3.169e-02 :: n: 2.762e+01 e:20.165 i:20.669 v:4.993e+03
>>> tau_he = 5.000000, nhe(0)=2.644562e+00
 5     -0.001   2.43e-03   8.12e+05   2.06e-03  -4.38e-03   0.00e+00 (  1.20e+00,  4.93e+01)
10      0.032   1.20e-01   2.14e-01   2.58e-02   1.90e-01   0.00e+00 (  6.49e+01,  9.79e+01)
15     -0.003   1.29e-01  -3.79e-02   2.09e-02  -2.46e-02   0.00e+00 (  7.28e+01,  1.25e+02)
20     -0.011   1.56e-01  -3.84e-02   1.59e-02  -9.47e-02   0.00e+00 (  8.40e+01,  1.36e+02)
25     -0.011   1.87e-01  -3.98e-02   2.30e-02  -9.94e-02   0.00e+00 (  9.08e+01,  1.38e+02)
30     -0.009   2.07e-01  -3.67e-02   2.56e-02  -9.24e-02   0.00e+00 (  9.08e+01,  1.33e+02)
35     -0.009   2.18e-01  -3.25e-02   2.69e-02  -9.52e-02   0.00e+00 (  8.83e+01,  1.28e+02)
40     -0.009   2.31e-01  -2.86e-02   2.90e-02  -1.07e-01   0.00e+00 (  8.58e+01,  1.22e+02)
45     -0.011   2.36e-01  -2.45e-02   3.08e-02  -1.36e-01   0.00e+00 (  8.14e+01,  1.15e+02)
50     -0.014   2.31e-01  -1.99e-02   3.20e-02  -1.87e-01   0.00e+00 (  7.50e+01,  1.07e+02)
55     -0.017   2.26e-01  -1.47e-02   3.52e-02  -2.30e-01   0.00e+00 (  6.88e+01,  9.80e+01)
60     -0.017   2.15e-01   1.71e-03   4.40e-02  -2.49e-01   0.00e+00 (  6.10e+01,  8.77e+01)
65     -0.015   2.21e-01   2.38e-02   6.34e-02  -2.28e-01   0.00e+00 (  5.58e+01,  7.73e+01)
70     -0.012   2.27e-01   4.52e-02   8.83e-02  -1.88e-01   0.00e+00 (  5.00e+01,  6.77e+01)
75     -0.007   2.37e-01   7.83e-02   1.26e-01  -1.14e-01   0.00e+00 (  4.57e+01,  5.98e+01)
80     -0.000   2.42e-01   1.18e-01   1.55e-01  -4.09e-03   0.00e+00 (  4.13e+01,  5.26e+01)
85      0.009   2.23e-01   1.44e-01   1.55e-01   1.86e-01   0.00e+00 (  3.56e+01,  4.62e+01)
90      0.058   1.94e-01   4.18e-01   2.68e-01   2.06e+00   0.00e+00 (  4.60e+01,  4.11e+01)
95      0.023   8.18e-02   1.35e-01   1.02e-01   1.45e+00   0.00e+00 (  4.31e+01,  3.79e+01)
43 e: 2.964e-05 i: 1.120e-04 :: e: 6.148e-03 i: 3.259e-02 :: n: 2.762e+01 e:20.071 i:20.933 v:4.993e+03
>>> tau_he = 5.000000, nhe(0)=2.674255e+00
 5     -0.001   2.58e-03   8.36e+05   2.06e-03  -4.21e-03   0.00e+00 (  1.27e+00,  4.93e+01)
10      0.030   1.17e-01   8.88e-02   2.50e-02   1.81e-01   0.00e+00 (  6.32e+01,  9.79e+01)
15     -0.004   1.28e-01  -3.67e-02   1.99e-02  -2.81e-02   0.00e+00 (  7.21e+01,  1.25e+02)
20     -0.012   1.56e-01  -3.81e-02   1.55e-02  -9.71e-02   0.00e+00 (  8.37e+01,  1.36e+02)
25     -0.011   1.87e-01  -3.95e-02   2.25e-02  -1.01e-01   0.00e+00 (  9.04e+01,  1.38e+02)
30     -0.009   2.06e-01  -3.63e-02   2.51e-02  -9.39e-02   0.00e+00 (  9.04e+01,  1.33e+02)
35     -0.009   2.17e-01  -3.22e-02   2.64e-02  -9.53e-02   0.00e+00 (  8.77e+01,  1.28e+02)
40     -0.009   2.30e-01  -2.82e-02   2.83e-02  -1.06e-01   0.00e+00 (  8.50e+01,  1.22e+02)
45     -0.010   2.34e-01  -2.39e-02   2.99e-02  -1.33e-01   0.00e+00 (  8.03e+01,  1.15e+02)
50     -0.014   2.29e-01  -1.95e-02   3.10e-02  -1.82e-01   0.00e+00 (  7.37e+01,  1.07e+02)
55     -0.016   2.23e-01  -1.47e-02   3.38e-02  -2.25e-01   0.00e+00 (  6.72e+01,  9.80e+01)
60     -0.017   2.12e-01   2.19e-03   4.24e-02  -2.42e-01   0.00e+00 (  5.94e+01,  8.77e+01)
65     -0.015   2.16e-01   2.26e-02   6.10e-02  -2.18e-01   0.00e+00 (  5.40e+01,  7.73e+01)
70     -0.012   2.21e-01   4.42e-02   8.59e-02  -1.75e-01   0.00e+00 (  4.83e+01,  6.77e+01)
75     -0.006   2.31e-01   7.78e-02   1.23e-01  -9.76e-02   0.00e+00 (  4.40e+01,  5.98e+01)
80      0.001   2.35e-01   1.19e-01   1.53e-01   1.54e-02   0.00e+00 (  3.97e+01,  5.26e+01)
85      0.010   2.15e-01   1.45e-01   1.53e-01   2.04e-01   0.00e+00 (  3.40e+01,  4.62e+01)
90      0.058   1.93e-01   4.18e-01   2.67e-01   2.06e+00   0.00e+00 (  4.56e+01,  4.11e+01)
95      0.023   8.18e-02   1.35e-01   1.02e-01   1.45e+00   0.00e+00 (  4.31e+01,  3.79e+01)
44 e: 2.661e-05 i: 3.912e-05 :: e: 5.018e-03 i: 2.512e-02 :: n: 2.762e+01 e:20.164 i:20.696 v:4.993e+03
>>> tau_he = 5.000000, nhe(0)=2.647683e+00
 5     -0.001   2.44e-03   8.15e+05   2.06e-03  -4.39e-03   0.00e+00 (  1.20e+00,  4.93e+01)
10      0.026   8.97e-02   2.16e-01   2.12e-02   1.54e-01   0.00e+00 (  4.85e+01,  9.79e+01)
15     -0.003   1.29e-01  -3.78e-02   2.08e-02  -2.45e-02   0.00e+00 (  7.25e+01,  1.25e+02)
20     -0.012   1.56e-01  -3.83e-02   1.59e-02  -9.52e-02   0.00e+00 (  8.40e+01,  1.36e+02)
25     -0.011   1.87e-01  -3.98e-02   2.29e-02  -9.97e-02   0.00e+00 (  9.07e+01,  1.38e+02)
30     -0.009   2.07e-01  -3.67e-02   2.55e-02  -9.27e-02   0.00e+00 (  9.08e+01,  1.33e+02)
35     -0.009   2.18e-01  -3.25e-02   2.69e-02  -9.53e-02   0.00e+00 (  8.82e+01,  1.28e+02)
40     -0.009   2.30e-01  -2.86e-02   2.89e-02  -1.07e-01   0.00e+00 (  8.58e+01,  1.22e+02)
45     -0.011   2.36e-01  -2.45e-02   3.08e-02  -1.36e-01   0.00e+00 (  8.14e+01,  1.15e+02)
50     -0.014   2.31e-01  -1.99e-02   3.20e-02  -1.86e-01   0.00e+00 (  7.49e+01,  1.07e+02)
55     -0.017   2.26e-01  -1.47e-02   3.52e-02  -2.30e-01   0.00e+00 (  6.87e+01,  9.80e+01)
60     -0.017   2.15e-01   1.67e-03   4.39e-02  -2.49e-01   0.00e+00 (  6.10e+01,  8.77e+01)
65     -0.015   2.21e-01   2.38e-02   6.34e-02  -2.27e-01   0.00e+00 (  5.58e+01,  7.73e+01)
70     -0.012   2.27e-01   4.54e-02   8.84e-02  -1.88e-01   0.00e+00 (  5.01e+01,  6.77e+01)
75     -0.007   2.38e-01   7.85e-02   1.26e-01  -1.15e-01   0.00e+00 (  4.57e+01,  5.98e+01)
80     -0.000   2.42e-01   1.19e-01   1.55e-01  -4.21e-03   0.00e+00 (  4.14e+01,  5.26e+01)
85      0.009   2.23e-01   1.44e-01   1.55e-01   1.86e-01   0.00e+00 (  3.56e+01,  4.62e+01)
90      0.058   1.94e-01   4.19e-01   2.68e-01   2.06e+00   0.00e+00 (  4.61e+01,  4.11e+01)
95      0.023   8.18e-02   1.35e-01   1.02e-01   1.45e+00   0.00e+00 (  4.31e+01,  3.79e+01)
45 e: 3.875e-05 i: 1.026e-04 :: e: 8.817e-03 i: 2.887e-02 :: n: 2.762e+01 e:20.078 i:20.959 v:4.993e+03
>>> tau_he = 5.000000, nhe(0)=2.677109e+00
 5     -0.001   2.50e-03   8.38e+05   2.05e-03  -4.20e-03   0.00e+00 (  1.23e+00,  4.93e+01)
10      0.031   1.18e-01   8.39e-02   2.52e-02   1.82e-01   0.00e+00 (  6.40e+01,  9.79e+01)
15     -0.004   1.29e-01  -3.68e-02   1.99e-02  -2.81e-02   0.00e+00 (  7.23e+01,  1.25e+02)
20     -0.012   1.56e-01  -3.80e-02   1.54e-02  -9.74e-02   0.00e+00 (  8.35e+01,  1.36e+02)
25     -0.011   1.87e-01  -3.95e-02   2.24e-02  -1.02e-01   0.00e+00 (  9.03e+01,  1.38e+02)
30     -0.009   2.06e-01  -3.63e-02   2.50e-02  -9.42e-02   0.00e+00 (  9.03e+01,  1.33e+02)
35     -0.009   2.17e-01  -3.21e-02   2.63e-02  -9.55e-02   0.00e+00 (  8.77e+01,  1.28e+02)
40     -0.009   2.30e-01  -2.82e-02   2.82e-02  -1.06e-01   0.00e+00 (  8.50e+01,  1.22e+02)
45     -0.010   2.34e-01  -2.39e-02   2.99e-02  -1.33e-01   0.00e+00 (  8.03e+01,  1.15e+02)
50     -0.014   2.29e-01  -1.95e-02   3.10e-02  -1.82e-01   0.00e+00 (  7.37e+01,  1.07e+02)
55     -0.016   2.23e-01  -1.47e-02   3.38e-02  -2.25e-01   0.00e+00 (  6.73e+01,  9.80e+01)
60     -0.017   2.12e-01   2.19e-03   4.24e-02  -2.42e-01   0.00e+00 (  5.94e+01,  8.77e+01)
65     -0.015   2.17e-01   2.27e-02   6.11e-02  -2.18e-01   0.00e+00 (  5.41e+01,  7.73e+01)
70     -0.012   2.22e-01   4.44e-02   8.61e-02  -1.76e-01   0.00e+00 (  4.84e+01,  6.77e+01)
75     -0.006   2.32e-01   7.79e-02   1.23e-01  -9.83e-02   0.00e+00 (  4.41e+01,  5.98e+01)
80      0.001   2.35e-01   1.19e-01   1.53e-01   1.46e-02   0.00e+00 (  3.98e+01,  5.26e+01)
85      0.010   2.16e-01   1.45e-01   1.53e-01   2.03e-01   0.00e+00 (  3.41e+01,  4.62e+01)
90      0.058   1.93e-01   4.18e-01   2.67e-01   2.06e+00   0.00e+00 (  4.57e+01,  4.11e+01)
95      0.023   8.18e-02   1.35e-01   1.02e-01   1.45e+00   0.00e+00 (  4.31e+01,  3.79e+01)
46 e: 2.547e-05 i: 4.907e-05 :: e: 5.378e-03 i: 2.348e-02 :: n: 2.762e+01 e:20.168 i:20.711 v:4.993e+03
>>> tau_he = 5.000000, nhe(0)=2.649355e+00
 5     -0.001   2.44e-03   8.15e+05   2.06e-03  -4.37e-03   0.00e+00 (  1.20e+00,  4.93e+01)
10      0.032   1.20e-01   2.07e-01   2.58e-02   1.90e-01   0.00e+00 (  6.50e+01,  9.79e+01)
15     -0.003   1.29e-01  -3.79e-02   2.09e-02  -2.42e-02   0.00e+00 (  7.28e+01,  1.25e+02)
20     -0.012   1.56e-01  -3.83e-02   1.58e-02  -9.53e-02   0.00e+00 (  8.39e+01,  1.36e+02)
25     -0.011   1.87e-01  -3.98e-02   2.29e-02  -9.99e-02   0.00e+00 (  9.07e+01,  1.38e+02)
30     -0.009   2.07e-01  -3.67e-02   2.55e-02  -9.29e-02   0.00e+00 (  9.08e+01,  1.33e+02)
35     -0.009   2.18e-01  -3.25e-02   2.69e-02  -9.54e-02   0.00e+00 (  8.82e+01,  1.28e+02)
40     -0.009   2.31e-01  -2.86e-02   2.89e-02  -1.07e-01   0.00e+00 (  8.58e+01,  1.22e+02)
45     -0.011   2.36e-01  -2.45e-02   3.08e-02  -1.36e-01   0.00e+00 (  8.14e+01,  1.15e+02)
50     -0.014   2.31e-01  -1.99e-02   3.20e-02  -1.86e-01   0.00e+00 (  7.50e+01,  1.07e+02)
55     -0.017   2.26e-01  -1.48e-02   3.52e-02  -2.30e-01   0.00e+00 (  6.88e+01,  9.80e+01)
60     -0.017   2.15e-01   1.64e-03   4.39e-02  -2.49e-01   0.00e+00 (  6.10e+01,  8.77e+01)
65     -0.015   2.21e-01   2.39e-02   6.34e-02  -2.28e-01   0.00e+00 (  5.59e+01,  7.73e+01)
70     -0.012   2.27e-01   4.55e-02   8.85e-02  -1.88e-01   0.00e+00 (  5.01e+01,  6.77e+01)
75     -0.007   2.38e-01   7.86e-02   1.26e-01  -1.15e-01   0.00e+00 (  4.57e+01,  5.98e+01)
80     -0.000   2.42e-01   1.19e-01   1.55e-01  -4.26e-03   0.00e+00 (  4.14e+01,  5.26e+01)
85      0.009   2.23e-01   1.44e-01   1.55e-01   1.86e-01   0.00e+00 (  3.57e+01,  4.62e+01)
90      0.058   1.94e-01   4.19e-01   2.68e-01   2.06e+00   0.00e+00 (  4.61e+01,  4.11e+01)
95      0.023   8.18e-02   1.35e-01   1.02e-01   1.45e+00   0.00e+00 (  4.31e+01,  3.79e+01)
47 e: 2.605e-05 i: 7.683e-05 :: e: 6.190e-03 i: 2.421e-02 :: n: 2.762e+01 e:20.082 i:20.942 v:4.993e+03
>>> tau_he = 5.000000, nhe(0)=2.675248e+00
 5     -0.001   2.57e-03   8.37e+05   2.06e-03  -4.22e-03   0.00e+00 (  1.26e+00,  4.93e+01)
10      0.031   1.17e-01   9.55e-02   2.50e-02   1.82e-01   0.00e+00 (  6.34e+01,  9.79e+01)
15     -0.004   1.28e-01  -3.68e-02   1.99e-02  -2.74e-02   0.00e+00 (  7.21e+01,  1.25e+02)
20     -0.012   1.56e-01  -3.81e-02   1.54e-02  -9.75e-02   0.00e+00 (  8.37e+01,  1.36e+02)
25     -0.011   1.87e-01  -3.95e-02   2.25e-02  -1.02e-01   0.00e+00 (  9.05e+01,  1.38e+02)
30     -0.009   2.07e-01  -3.64e-02   2.51e-02  -9.42e-02   0.00e+00 (  9.04e+01,  1.33e+02)
35     -0.009   2.17e-01  -3.22e-02   2.64e-02  -9.56e-02   0.00e+00 (  8.78e+01,  1.28e+02)
40     -0.009   2.30e-01  -2.83e-02   2.83e-02  -1.06e-01   0.00e+00 (  8.51e+01,  1.22e+02)
45     -0.010   2.34e-01  -2.38e-02   2.99e-02  -1.33e-01   0.00e+00 (  8.03e+01,  1.15e+02)
50     -0.014   2.29e-01  -1.96e-02   3.10e-02  -1.82e-01   0.00e+00 (  7.38e+01,  1.07e+02)
55     -0.016   2.23e-01  -1.47e-02   3.39e-02  -2.25e-01   0.00e+00 (  6.74e+01,  9.80e+01)
60     -0.017   2.12e-01   2.19e-03   4.25e-02  -2.42e-01   0.00e+00 (  5.95e+01,  8.77e+01)
65     -0.015   2.17e-01   2.27e-02   6.12e-02  -2.18e-01   0.00e+00 (  5.42e+01,  7.73e+01)
70     -0.012   2.22e-01   4.45e-02   8.62e-02  -1.76e-01   0.00e+00 (  4.85e+01,  6.77e+01)
75     -0.006   2.32e-01   7.80e-02   1.23e-01  -9.89e-02   0.00e+00 (  4.41e+01,  5.98e+01)
80      0.001   2.36e-01   1.19e-01   1.53e-01   1.39e-02   0.00e+00 (  3.99e+01,  5.26e+01)
85      0.010   2.16e-01   1.45e-01   1.54e-01   2.03e-01   0.00e+00 (  3.42e+01,  4.62e+01)
90      0.058   1.93e-01   4.18e-01   2.67e-01   2.06e+00   0.00e+00 (  4.57e+01,  4.11e+01)
95      0.023   8.18e-02   1.35e-01   1.02e-01   1.45e+00   0.00e+00 (  4.31e+01,  3.79e+01)
48 e: 2.122e-05 i: 3.532e-05 :: e: 4.376e-03 i: 1.917e-02 :: n: 2.762e+01 e:20.164 i:20.730 v:4.993e+03
>>> tau_he = 5.000000, nhe(0)=2.651485e+00
 5     -0.001   2.45e-03   8.17e+05   2.06e-03  -4.38e-03   0.00e+00 (  1.21e+00,  4.93e+01)
10      0.032   1.19e-01   2.00e-01   2.55e-02   1.89e-01   0.00e+00 (  6.43e+01,  9.79e+01)
15     -0.003   1.29e-01  -3.74e-02   2.05e-02  -2.49e-02   0.00e+00 (  7.23e+01,  1.25e+02)
20     -0.012   1.56e-01  -3.83e-02   1.58e-02  -9.57e-02   0.00e+00 (  8.39e+01,  1.36e+02)
25     -0.011   1.87e-01  -3.98e-02   2.29e-02  -1.00e-01   0.00e+00 (  9.07e+01,  1.38e+02)
30     -0.009   2.07e-01  -3.66e-02   2.55e-02  -9.32e-02   0.00e+00 (  9.08e+01,  1.33e+02)
35     -0.009   2.18e-01  -3.24e-02   2.68e-02  -9.56e-02   0.00e+00 (  8.82e+01,  1.28e+02)
40     -0.009   2.30e-01  -2.86e-02   2.89e-02  -1.07e-01   0.00e+00 (  8.57e+01,  1.22e+02)
45     -0.011   2.36e-01  -2.45e-02   3.07e-02  -1.36e-01   0.00e+00 (  8.14e+01,  1.15e+02)
50     -0.014   2.31e-01  -1.99e-02   3.19e-02  -1.86e-01   0.00e+00 (  7.49e+01,  1.07e+02)
55     -0.017   2.26e-01  -1.48e-02   3.51e-02  -2.30e-01   0.00e+00 (  6.87e+01,  9.80e+01)
60     -0.017   2.15e-01   1.62e-03   4.39e-02  -2.49e-01   0.00e+00 (  6.09e+01,  8.77e+01)
65     -0.015   2.21e-01   2.39e-02   6.34e-02  -2.27e-01   0.00e+00 (  5.58e+01,  7.73e+01)
70     -0.012   2.27e-01   4.55e-02   8.85e-02  -1.88e-01   0.00e+00 (  5.01e+01,  6.77e+01)
75     -0.007   2.38e-01   7.86e-02   1.26e-01  -1.14e-01   0.00e+00 (  4.57e+01,  5.98e+01)
80     -0.000   2.42e-01   1.19e-01   1.55e-01  -3.80e-03   0.00e+00 (  4.14e+01,  5.26e+01)
85      0.010   2.23e-01   1.44e-01   1.56e-01   1.87e-01   0.00e+00 (  3.57e+01,  4.62e+01)
90      0.058   1.94e-01   4.19e-01   2.68e-01   2.06e+00   0.00e+00 (  4.61e+01,  4.11e+01)
95      0.023   8.18e-02   1.35e-01   1.02e-01   1.45e+00   0.00e+00 (  4.31e+01,  3.79e+01)
49 e: 2.072e-05 i: 5.817e-05 :: e: 5.322e-03 i: 2.024e-02 :: n: 2.762e+01 e:20.087 i:20.935 v:4.993e+03
 plasma volume = 148.796323
 stored energy(e,i,b,a) = 5.251165e+01 3.586859e+01 0.000000e+00 0.000000e+00
 betan = 1.002953
*power
 Pnb(e,i) = 0.000000e+00 0.000000e+00
 Prf(e,i) = 2.689155e+01 1.313199e+01
 Prad     = -1.988327e+01 
 Pei      = 3.620418e+00 
 Pfuse    = 4.679426e+00 
 Pfusi    = 5.445947e-01 
 Poh      = 0.000000e+00 
*confinement time
 taut, tauITER98y2, H98y2 : 3.484436e+00 3.382353e+00 1.030181e+00
 taue, taui : 3.430313e+00 -1.166146e+01
 taut, tau89, H89 : 3.484436e+00 1.370173e+00 2.543062e+00
*temperature
 nea, nebar : 1.866469e+01 2.143540e+01 
 tea, tia : 6.906885e+00 7.444360e+00 (9.278010e-01)
 te0, ti0 : 1.683996e+01 2.088706e+01 (8.062387e-01)
 Sn : 0.000000e+00 
*current balance
 Ip,Ibs,Inb,Irf: 1.000000e+01 1.263877e+00 0.000000e+00 6.944164e-01
 fni,fbs: 0.196 0.126

 plasma volume = 148.796323
 stored energy(e,i,b,a) = 5.251165e+01 3.586859e+01 0.000000e+00 0.000000e+00
 betan = 1.002953
*power
 Pnb(e,i) = 0.000000e+00 0.000000e+00
 Prf(e,i) = 2.689155e+01 1.313199e+01
 Prad     = -1.988327e+01 
 Pei      = 3.620418e+00 
 Pfuse    = 4.679426e+00 
 Pfusi    = 5.445947e-01 
 Poh      = 0.000000e+00 
*confinement time
 taut, tauITER98y2, H98y2 : 3.484436e+00 3.382353e+00 1.030181e+00
 taue, taui : 3.430313e+00 -1.166146e+01
 taut, tau89, H89 : 3.484436e+00 1.370173e+00 2.543062e+00
*temperature
 nea, nebar : 1.866469e+01 2.143540e+01 
 tea, tia : 6.906885e+00 7.444360e+00 (9.278010e-01)
 te0, ti0 : 1.683996e+01 2.088706e+01 (8.062387e-01)
 Sn : 0.000000e+00 
*current balance
 Ip,Ibs,Inb,Irf: 1.000000e+01 1.263877e+00 0.000000e+00 6.944164e-01
 fni,fbs: 0.196 0.126
 ELAPASED TIME = 46 sec

finalize
