
 running toray 1.9 (12 July 2012)

  resetting kj=          102  (           52 )
 Reading in namelist from toray.in ... 

 Ray pattern = .gauss.   Number of rays =            48

 running GAFIT version 4.0 (12 July 2012)

 no GAFIT namelist input - using defaults

  TorGA_read_psiin:: nr =           129  (           65 )
  TorGA_read_psiin:: nz =           129  (           65 )
 Ray=   1  ISTOP= 7   IFLAG= 2  AT     0.474094E+03    0.525180E+02    0.833096E+02
 Ray=   2  ISTOP= 7   IFLAG= 2  AT     0.474676E+03    0.506109E+02    0.834333E+02
 Ray=   3  ISTOP= 7   IFLAG= 2  AT     0.475260E+03    0.523843E+02    0.854590E+02
 Ray=   4  ISTOP= 7   IFLAG= 2  AT     0.473928E+03    0.542437E+02    0.845228E+02
 Ray=   5  ISTOP= 7   IFLAG= 2  AT     0.472814E+03    0.536983E+02    0.819311E+02
 Ray=   6  ISTOP= 7   IFLAG= 2  AT     0.473239E+03    0.514573E+02    0.812732E+02
 Ray=   7  ISTOP= 7   IFLAG= 2  AT     0.473475E+03    0.495846E+02    0.801492E+02
 Ray=   8  ISTOP= 7   IFLAG= 2  AT     0.474743E+03    0.488641E+02    0.819843E+02
 Ray=   9  ISTOP= 7   IFLAG= 2  AT     0.475829E+03    0.491050E+02    0.842028E+02
 Ray=  10  ISTOP= 7   IFLAG= 2  AT     0.476567E+03    0.503146E+02    0.862102E+02
 Ray=  11  ISTOP= 7   IFLAG= 2  AT     0.476449E+03    0.520764E+02    0.874570E+02
 Ray=  12  ISTOP= 7   IFLAG= 2  AT     0.475869E+03    0.540412E+02    0.875771E+02
 Ray=  13  ISTOP= 7   IFLAG= 2  AT     0.474625E+03    0.555198E+02    0.865412E+02
 Ray=  14  ISTOP= 7   IFLAG= 2  AT     0.473355E+03    0.562175E+02    0.846430E+02
 Ray=  15  ISTOP= 7   IFLAG= 2  AT     0.472277E+03    0.559063E+02    0.824165E+02
 Ray=  16  ISTOP= 7   IFLAG= 2  AT     0.471552E+03    0.546445E+02    0.804713E+02
 Ray=  17  ISTOP= 7   IFLAG= 2  AT     0.471747E+03    0.529423E+02    0.792756E+02
 Ray=  18  ISTOP= 7   IFLAG= 2  AT     0.472241E+03    0.510177E+02    0.791783E+02
 Ray=  19  ISTOP= 7   IFLAG= 2  AT     0.472149E+03    0.493154E+02    0.773426E+02
 Ray=  20  ISTOP= 7   IFLAG= 2  AT     0.473862E+03    0.473873E+02    0.794484E+02
 Ray=  21  ISTOP= 7   IFLAG= 2  AT     0.475965E+03    0.468928E+02    0.825978E+02
 Ray=  22  ISTOP= 7   IFLAG= 2  AT     0.477200E+03    0.477693E+02    0.860361E+02
 Ray=  23  ISTOP= 7   IFLAG= 2  AT     0.477828E+03    0.500468E+02    0.887941E+02
 Ray=  24  ISTOP= 7   IFLAG= 2  AT     0.477828E+03    0.532052E+02    0.900906E+02
 Ray=  25  ISTOP= 7   IFLAG= 2  AT     0.476306E+03    0.560166E+02    0.895249E+02
 Ray=  26  ISTOP= 7   IFLAG= 2  AT     0.474109E+03    0.578133E+02    0.872744E+02
 Ray=  27  ISTOP= 7   IFLAG= 2  AT     0.472019E+03    0.581757E+02    0.840105E+02
 Ray=  28  ISTOP= 7   IFLAG= 2  AT     0.470802E+03    0.571491E+02    0.806212E+02
 Ray=  29  ISTOP= 7   IFLAG= 2  AT     0.470155E+03    0.547989E+02    0.780330E+02
 Ray=  30  ISTOP= 7   IFLAG= 2  AT     0.470643E+03    0.519493E+02    0.768486E+02
 Ray=  31  ISTOP= 7   IFLAG= 2  AT     0.472016E+03    0.468198E+02    0.748233E+02
 Ray=  32  ISTOP= 7   IFLAG= 2  AT     0.474247E+03    0.450986E+02    0.770530E+02
 Ray=  33  ISTOP= 7   IFLAG= 2  AT     0.475967E+03    0.440506E+02    0.801277E+02
 Ray=  34  ISTOP= 7   IFLAG= 2  AT     0.477469E+03    0.439945E+02    0.836406E+02
 Ray=  35  ISTOP= 7   IFLAG= 2  AT     0.479178E+03    0.451699E+02    0.871694E+02
 Ray=  36  ISTOP= 7   IFLAG= 2  AT     0.479971E+03    0.471924E+02    0.903164E+02
 Ray=  37  ISTOP= 7   IFLAG= 2  AT     0.480797E+03    0.501999E+02    0.926684E+02
 Ray=  38  ISTOP= 7   IFLAG= 2  AT     0.480149E+03    0.533400E+02    0.938590E+02
 Ray=  39  ISTOP= 7   IFLAG= 2  AT     0.478763E+03    0.564146E+02    0.937212E+02
 Ray=  40  ISTOP= 7   IFLAG= 2  AT     0.477026E+03    0.590863E+02    0.922864E+02
 Ray=  41  ISTOP= 7   IFLAG= 2  AT     0.474826E+03    0.608633E+02    0.897521E+02
 Ray=  42  ISTOP= 7   IFLAG= 2  AT     0.472639E+03    0.616043E+02    0.864860E+02
 Ray=  43  ISTOP= 7   IFLAG= 2  AT     0.470649E+03    0.612105E+02    0.829244E+02
 Ray=  44  ISTOP= 7   IFLAG= 2  AT     0.469041E+03    0.597584E+02    0.795145E+02
 Ray=  45  ISTOP= 7   IFLAG= 2  AT     0.468736E+03    0.578021E+02    0.765574E+02
 Ray=  46  ISTOP= 7   IFLAG= 2  AT     0.468422E+03    0.549963E+02    0.745129E+02
 Ray=  47  ISTOP= 7   IFLAG= 2  AT     0.468988E+03    0.520570E+02    0.734869E+02
 Ray=  48  ISTOP= 7   IFLAG= 2  AT     0.470374E+03    0.492882E+02    0.735718E+02
 TorGa_wrtnetcdf,  kopt=            1
 TorGa_wrtnetcdf,  kopt=            0

 TORAY-GA         total CPU time       1.36 sec

