========================================================================
= FASTRAN

nonlinear model = 0
ichi = 1
ineo = 0
reading state...
read formatted input, inprof...
init geometry...
read formatted input, inmetric...
nrho in inmetric = 101
rhob in inmetric = 1.264288e+00
solve avg grad-shafranv...
solve_avg_gs::Ip_temp = 1.004425e+01 
solve_avg_gs::Ip      = 1.000000e+01 
>>> tau_he = 5.000000, nhe(0)=2.362785e+00

 plasma volume = 148.968228
 stored energy(e,i,b,a) = 5.985564e+01 5.459908e+01 0.000000e+00 0.000000e+00
 betan = 1.296901
*power
 Pnb(e,i) = 0.000000e+00 0.000000e+00
 Prf(e,i) = 3.000198e+01 8.000527e+00
 Prad     = -4.417955e+01 
 Pei      = -1.101236e+01 
 Pfuse    = 4.912543e+01 
 Pfusi    = 1.407562e+01 
 Poh      = 0.000000e+00 
*confinement time
 taut, tauITER98y2, H98y2 : 2.007132e+00 2.026101e+00 9.906379e-01
 taue, taui : 2.500706e+00 2.176304e+00
 taut, tau89, H89 : 2.007132e+00 9.247447e-01 2.170472e+00
*temperature
 nea, nebar : 2.106859e+01 2.393555e+01 
 tea, tia : 7.124733e+00 6.891402e+00 (1.033858e+00)
 te0, ti0 : 1.683547e+01 1.636281e+01 (1.028886e+00)
 Sn : 1.696740e+03 
*current balance
 Ip,Ibs,Inb,Irf: 1.000000e+01 1.948742e+00 0.000000e+00 0.000000e+00
 fni,fbs: 0.195 0.195

Time advancing...
rho_bdry 0.900000 ...
te_bdry = 4.607324
ti_bdry = 4.611512
ne_bdry = 15.998879
rv_bdry = 279.463030
nrho_tr_bdry = 18
drho_bdry = 0.000000e+00
nrhob = 90
 [    0] t = 0.0000 
>>> tau_he = 5.000000, nhe(0)=2.353898e+00
 5     -0.008   2.12e-03   1.15e-01   1.21e-03  -1.04e-02   4.48e-05 (  2.41e-01,  2.24e+01)
10     -0.002   4.18e-04  -2.26e-03  -1.52e-03  -4.87e-03   2.64e-04 (  9.25e-02,  4.34e+01)
15     -0.015   7.47e-04  -3.13e-03  -3.52e-03  -5.56e-02   1.14e-03 (  2.38e-01,  6.25e+01)
20     -0.017   2.47e-02  -4.28e-02   5.47e-03  -8.39e-02   4.17e-03 (  9.92e+00,  7.95e+01)
25     -0.015   8.97e-02   9.79e-03   3.21e-02  -9.30e-02   1.34e-02 (  4.18e+01,  9.44e+01)
30     -0.004   1.51e-01   1.00e-01   6.29e-02  -3.14e-02   3.83e-02 (  7.66e+01,  1.06e+02)
35      0.006   1.83e-01   1.37e-01   1.07e-01   4.72e-02   9.81e-02 (  8.80e+01,  1.14e+02)
40      0.023   2.14e-01   1.89e-01   1.35e-01   2.01e-01   2.26e-01 (  9.56e+01,  1.17e+02)
45      0.042   2.35e-01   2.39e-01   1.56e-01   4.32e-01   4.72e-01 (  9.62e+01,  1.16e+02)
50      0.069   2.65e-01   2.98e-01   1.67e-01   8.19e-01   8.90e-01 (  9.61e+01,  1.12e+02)
55      0.086   2.94e-01   3.87e-01   2.01e-01   1.41e+00   1.53e+00 (  9.43e+01,  1.07e+02)
60      0.111   3.33e-01   4.61e-01   2.44e-01   2.13e+00   2.39e+00 (  9.00e+01,  1.01e+02)
65      0.155   4.05e-01   5.66e-01   3.24e-01   3.27e+00   3.44e+00 (  9.05e+01,  9.54e+01)
70      0.212   5.21e-01   7.11e-01   4.49e-01   4.52e+00   4.55e+00 (  9.17e+01,  9.02e+01)
75      0.255   6.26e-01   8.11e-01   5.02e-01   5.57e+00   5.60e+00 (  8.91e+01,  8.53e+01)
80      0.289   7.27e-01   9.04e-01   5.34e-01   6.44e+00   6.46e+00 (  8.55e+01,  8.07e+01)
85      0.319   8.45e-01   9.87e-01   5.35e-01   7.38e+00   7.05e+00 (  8.78e+01,  7.62e+01)
90      0.279   6.74e-01   1.04e+00   7.38e-01   5.85e+00   7.36e+00 (  9.06e+01,  7.20e+01)
95      2.501   5.13e+00   6.66e+00   5.03e+00   1.60e+02   7.44e+00 (  2.81e+03,  6.83e+01)
 0 n: 3.970e-10 e: 1.345e-07 i: 2.713e-07 :: e: 0.000e+00 i: 0.000e+00 :: n: 2.925e+01 e:16.848 i:16.346 v:4.993e+03
>>> tau_he = 5.000000, nhe(0)=2.351291e+00
 5     -0.008   2.08e-03   1.21e-01   1.23e-03  -9.85e-03   4.48e-05 (  2.36e-01,  2.24e+01)
10     -0.002   3.78e-04  -2.18e-03  -1.51e-03  -4.78e-03   2.64e-04 (  8.39e-02,  4.34e+01)
15     -0.016   7.60e-04  -3.11e-03  -3.53e-03  -5.83e-02   1.14e-03 (  2.44e-01,  6.25e+01)
20     -0.020   2.38e-02  -4.26e-02   3.98e-03  -9.75e-02   4.17e-03 (  9.65e+00,  7.95e+01)
25     -0.015   9.15e-02   1.32e-02   3.39e-02  -9.07e-02   1.34e-02 (  4.28e+01,  9.44e+01)
30     -0.006   1.49e-01   9.71e-02   6.22e-02  -4.12e-02   3.83e-02 (  7.46e+01,  1.06e+02)
35      0.006   1.83e-01   1.36e-01   1.07e-01   4.82e-02   9.81e-02 (  8.79e+01,  1.14e+02)
40      0.023   2.14e-01   1.90e-01   1.35e-01   2.02e-01   2.26e-01 (  9.55e+01,  1.17e+02)
45      0.042   2.34e-01   2.38e-01   1.56e-01   4.27e-01   4.72e-01 (  9.59e+01,  1.16e+02)
50      0.065   2.65e-01   3.09e-01   1.69e-01   7.80e-01   8.90e-01 (  9.60e+01,  1.12e+02)
55      0.085   2.92e-01   3.83e-01   2.00e-01   1.38e+00   1.53e+00 (  9.36e+01,  1.07e+02)
60      0.113   3.36e-01   4.68e-01   2.47e-01   2.18e+00   2.39e+00 (  9.12e+01,  1.01e+02)
65      0.154   4.02e-01   5.62e-01   3.21e-01   3.24e+00   3.44e+00 (  8.97e+01,  9.54e+01)
70      0.212   5.21e-01   7.11e-01   4.49e-01   4.52e+00   4.55e+00 (  9.17e+01,  9.02e+01)
75      0.255   6.26e-01   8.11e-01   5.02e-01   5.57e+00   5.60e+00 (  8.91e+01,  8.53e+01)
80      0.288   7.25e-01   9.03e-01   5.34e-01   6.42e+00   6.46e+00 (  8.53e+01,  8.07e+01)
85      0.322   8.55e-01   9.95e-01   5.37e-01   7.49e+00   7.05e+00 (  8.92e+01,  7.62e+01)
90      0.278   6.73e-01   1.04e+00   7.38e-01   5.83e+00   7.36e+00 (  9.04e+01,  7.20e+01)
95      2.501   5.13e+00   6.66e+00   5.03e+00   1.60e+02   7.44e+00 (  2.81e+03,  6.83e+01)
 1 n: 1.376e-03 e: 5.649e-03 i: 6.544e-03 :: e: 3.402e-03 i: 5.136e-03 :: n: 3.039e+01 e:17.731 i:16.472 v:4.993e+03
>>> tau_he = 5.000000, nhe(0)=2.534180e+00
 5     -0.859   1.82e-03   2.11e-01   9.48e-04  -2.06e-02   4.48e-05 (  3.44e-01,  2.24e+01)
10     -0.257  -4.47e-04  -5.48e-03  -3.86e-03  -3.33e-02   2.64e-04 ( -1.73e-01,  4.34e+01)
15     -1.380   1.94e-02   2.29e-02   7.46e-03  -1.16e+00   1.14e-03 (  1.10e+01,  6.25e+01)
20     -0.110   8.20e-02  -3.56e-02   5.68e-03  -4.46e-01   4.17e-03 (  5.05e+01,  7.95e+01)
25      0.030   7.36e-02   2.17e-02   2.36e-03   4.68e-01   1.34e-02 (  3.90e+01,  9.44e+01)
30      0.034   9.41e-02   9.45e-02   1.53e-02   6.14e-01   3.83e-02 (  4.33e+01,  1.06e+02)
35      0.037   1.50e-01   1.05e-01   6.90e-02   3.77e-01   9.81e-02 (  6.48e+01,  1.14e+02)
40      0.031   1.92e-01   1.67e-01   1.26e-01   2.72e-01   2.26e-01 (  7.84e+01,  1.17e+02)
45      0.048   2.22e-01   2.30e-01   1.48e-01   4.85e-01   4.72e-01 (  8.48e+01,  1.16e+02)
50      0.071   2.50e-01   2.84e-01   1.61e-01   8.85e-01   8.90e-01 (  8.64e+01,  1.12e+02)
55      0.088   2.78e-01   3.72e-01   1.94e-01   1.45e+00   1.53e+00 (  8.53e+01,  1.07e+02)
60      0.147   3.85e-01   5.69e-01   2.89e-01   2.96e+00   2.39e+00 (  1.02e+02,  1.01e+02)
65      0.156   3.96e-01   5.56e-01   3.16e-01   3.30e+00   3.44e+00 (  8.52e+01,  9.54e+01)
70      0.207   5.03e-01   6.88e-01   4.36e-01   4.38e+00   4.55e+00 (  8.51e+01,  9.02e+01)
75      0.250   6.13e-01   7.92e-01   4.92e-01   5.44e+00   5.60e+00 (  8.43e+01,  8.53e+01)
80      0.282   7.16e-01   8.80e-01   5.26e-01   6.26e+00   6.46e+00 (  8.17e+01,  8.07e+01)
85      0.315   8.37e-01   9.73e-01   5.29e-01   7.24e+00   7.05e+00 (  8.44e+01,  7.62e+01)
90      0.278   6.70e-01   1.04e+00   7.36e-01   5.81e+00   7.36e+00 (  8.91e+01,  7.20e+01)
95      2.501   5.13e+00   6.66e+00   5.03e+00   1.60e+02   7.44e+00 (  2.81e+03,  6.83e+01)
 2 n: 3.522e-04 e: 3.127e-04 i: 4.130e-04 :: e: 4.970e-02 i: 4.756e-02 :: n: 2.942e+01 e:18.077 i:16.626 v:4.993e+03
>>> tau_he = 5.000000, nhe(0)=2.422589e+00
 5     -0.892   1.81e-03   1.96e-01   1.04e-03  -2.13e-02   4.48e-05 (  3.34e-01,  2.24e+01)
10     -0.922  -5.84e-04  -1.23e-03  -1.24e-03  -1.19e-01   2.64e-04 ( -2.26e-01,  4.34e+01)
15     -1.587   3.06e-02  -2.97e-02   1.24e-03  -1.33e+00   1.14e-03 (  1.75e+01,  6.25e+01)
20     -0.134   9.10e-02  -2.23e-02   1.46e-02  -5.26e-01   4.17e-03 (  5.57e+01,  7.95e+01)
25      0.022   9.83e-02   6.30e-02   1.82e-02   2.26e-01   1.34e-02 (  5.40e+01,  9.44e+01)
30      0.036   1.23e-01   7.36e-02   2.89e-02   4.56e-01   3.83e-02 (  6.00e+01,  1.06e+02)
35      0.019   1.67e-01   1.28e-01   9.59e-02   1.63e-01   9.81e-02 (  7.52e+01,  1.14e+02)
40      0.021   1.99e-01   1.79e-01   1.43e-01   1.77e-01   2.26e-01 (  8.32e+01,  1.17e+02)
45      0.045   2.25e-01   2.37e-01   1.52e-01   4.48e-01   4.72e-01 (  8.71e+01,  1.16e+02)
50      0.069   2.52e-01   2.89e-01   1.64e-01   8.51e-01   8.90e-01 (  8.78e+01,  1.12e+02)
55      0.085   2.78e-01   3.72e-01   1.96e-01   1.39e+00   1.53e+00 (  8.59e+01,  1.07e+02)
60      0.115   3.31e-01   4.63e-01   2.44e-01   2.26e+00   2.39e+00 (  8.71e+01,  1.01e+02)
65      0.152   3.93e-01   5.46e-01   3.11e-01   3.21e+00   3.44e+00 (  8.47e+01,  9.54e+01)
70      0.205   5.04e-01   6.82e-01   4.32e-01   4.36e+00   4.55e+00 (  8.55e+01,  9.02e+01)
75      0.250   6.15e-01   7.85e-01   4.85e-01   5.44e+00   5.60e+00 (  8.46e+01,  8.53e+01)
80      0.283   7.20e-01   8.76e-01   5.18e-01   6.29e+00   6.46e+00 (  8.22e+01,  8.07e+01)
85      0.315   8.42e-01   9.69e-01   5.18e-01   7.26e+00   7.05e+00 (  8.47e+01,  7.62e+01)
90      0.276   6.68e-01   1.03e+00   7.28e-01   5.78e+00   7.36e+00 (  8.87e+01,  7.20e+01)
95      2.501   5.13e+00   6.66e+00   5.03e+00   1.60e+02   7.44e+00 (  2.81e+03,  6.83e+01)
 3 n: 2.105e-05 e: 2.319e-04 i: 4.880e-05 :: e: 3.186e-02 i: 3.801e-02 :: n: 2.911e+01 e:17.863 i:16.776 v:4.993e+03
>>> tau_he = 5.000000, nhe(0)=2.404072e+00
 5     -0.942   1.89e-03   1.95e-01   1.06e-03  -2.24e-02   4.48e-05 (  3.58e-01,  2.24e+01)
10     -1.069  -1.88e-04  -7.54e-04  -1.12e-03  -1.38e-01   2.64e-04 ( -7.44e-02,  4.34e+01)
15     -1.614   3.20e-02  -2.83e-02   2.82e-03  -1.35e+00   1.14e-03 (  1.81e+01,  6.25e+01)
20     -0.135   9.08e-02  -1.87e-02   1.58e-02  -5.14e-01   4.17e-03 (  5.39e+01,  7.95e+01)
25      0.001   1.03e-01   6.38e-02   3.22e-02   9.58e-03   1.34e-02 (  5.55e+01,  9.44e+01)
30      0.030   1.33e-01   9.07e-02   4.62e-02   2.96e-01   3.83e-02 (  6.41e+01,  1.06e+02)
35      0.022   1.67e-01   1.43e-01   9.48e-02   1.86e-01   9.81e-02 (  7.37e+01,  1.14e+02)
40      0.026   1.93e-01   1.73e-01   1.35e-01   2.18e-01   2.26e-01 (  7.87e+01,  1.17e+02)
45      0.048   2.18e-01   2.28e-01   1.47e-01   4.75e-01   4.72e-01 (  8.22e+01,  1.16e+02)
50      0.070   2.44e-01   2.79e-01   1.59e-01   8.70e-01   8.90e-01 (  8.27e+01,  1.12e+02)
55      0.085   2.69e-01   3.61e-01   1.91e-01   1.40e+00   1.53e+00 (  8.07e+01,  1.07e+02)
60      0.115   3.20e-01   4.52e-01   2.38e-01   2.26e+00   2.39e+00 (  8.16e+01,  1.01e+02)
65      0.151   3.82e-01   5.35e-01   3.02e-01   3.20e+00   3.44e+00 (  8.01e+01,  9.54e+01)
70      0.204   4.97e-01   6.72e-01   4.25e-01   4.36e+00   4.55e+00 (  8.20e+01,  9.02e+01)
75      0.249   6.13e-01   7.78e-01   4.80e-01   5.44e+00   5.60e+00 (  8.19e+01,  8.53e+01)
80      0.284   7.25e-01   8.73e-01   5.16e-01   6.32e+00   6.46e+00 (  8.03e+01,  8.07e+01)
85      0.317   8.54e-01   9.69e-01   5.18e-01   7.32e+00   7.05e+00 (  8.34e+01,  7.62e+01)
90      0.278   6.69e-01   1.03e+00   7.28e-01   5.81e+00   7.36e+00 (  8.79e+01,  7.20e+01)
95      2.501   5.13e+00   6.66e+00   5.03e+00   1.60e+02   7.44e+00 (  2.81e+03,  6.83e+01)
 4 n: 1.752e-05 e: 2.548e-05 i: 1.574e-04 :: e: 3.684e-02 i: 4.193e-02 :: n: 2.894e+01 e:17.940 i:16.564 v:4.993e+03
>>> tau_he = 5.000000, nhe(0)=2.345251e+00
 5     -0.945   1.85e-03   1.91e-01   1.07e-03  -2.25e-02   4.48e-05 (  3.55e-01,  2.24e+01)
10     -1.223   1.16e-03  -1.38e-04  -7.95e-04  -1.57e-01   2.64e-04 (  4.66e-01,  4.34e+01)
15     -1.603   3.32e-02  -2.54e-02   3.78e-03  -1.34e+00   1.14e-03 (  1.87e+01,  6.25e+01)
20     -0.130   9.06e-02  -1.31e-02   1.95e-02  -4.96e-01   4.17e-03 (  5.30e+01,  7.95e+01)
25     -0.008   1.05e-01   6.70e-02   3.81e-02  -5.57e-02   1.34e-02 (  5.63e+01,  9.44e+01)
30      0.014   1.38e-01   9.97e-02   5.21e-02   1.13e-01   3.83e-02 (  6.67e+01,  1.06e+02)
35      0.016   1.75e-01   1.46e-01   1.07e-01   1.27e-01   9.81e-02 (  7.82e+01,  1.14e+02)
40      0.027   1.94e-01   1.76e-01   1.38e-01   2.29e-01   2.26e-01 (  8.00e+01,  1.17e+02)
45      0.046   2.19e-01   2.33e-01   1.49e-01   4.57e-01   4.72e-01 (  8.34e+01,  1.16e+02)
50      0.068   2.45e-01   2.83e-01   1.62e-01   8.50e-01   8.90e-01 (  8.39e+01,  1.12e+02)
55      0.084   2.70e-01   3.64e-01   1.92e-01   1.38e+00   1.53e+00 (  8.16e+01,  1.07e+02)
60      0.113   3.21e-01   4.50e-01   2.38e-01   2.23e+00   2.39e+00 (  8.24e+01,  1.01e+02)
65      0.157   4.00e-01   5.47e-01   3.15e-01   3.32e+00   3.44e+00 (  8.41e+01,  9.54e+01)
70      0.204   5.00e-01   6.68e-01   4.23e-01   4.37e+00   4.55e+00 (  8.28e+01,  9.02e+01)
75      0.250   6.17e-01   7.74e-01   4.76e-01   5.47e+00   5.60e+00 (  8.26e+01,  8.53e+01)
80      0.285   7.30e-01   8.70e-01   5.09e-01   6.35e+00   6.46e+00 (  8.09e+01,  8.07e+01)
85      0.318   8.58e-01   9.67e-01   5.10e-01   7.34e+00   7.05e+00 (  8.38e+01,  7.62e+01)
90      0.276   6.67e-01   1.02e+00   7.20e-01   5.78e+00   7.36e+00 (  8.76e+01,  7.20e+01)
95      2.501   5.13e+00   6.66e+00   5.03e+00   1.60e+02   7.44e+00 (  2.81e+03,  6.83e+01)
 5 n: 1.504e-05 e: 2.494e-04 i: 1.028e-05 :: e: 2.861e-02 i: 3.654e-02 :: n: 2.885e+01 e:17.585 i:16.561 v:4.993e+03
>>> tau_he = 5.000000, nhe(0)=2.332165e+00
 5     -0.924   1.87e-03   1.90e-01   1.08e-03  -2.20e-02   4.48e-05 (  3.53e-01,  2.24e+01)
10     -1.121   1.28e-03  -9.33e-04  -9.16e-04  -1.44e-01   2.64e-04 (  5.02e-01,  4.34e+01)
15     -1.123   3.06e-02  -3.15e-02  -1.71e-03  -9.37e-01   1.14e-03 (  1.66e+01,  6.25e+01)
20     -0.121   8.43e-02  -1.24e-02   1.81e-02  -4.63e-01   4.17e-03 (  4.71e+01,  7.95e+01)
25     -0.004   1.11e-01   7.22e-02   3.71e-02  -2.75e-02   1.34e-02 (  5.76e+01,  9.44e+01)
30      0.002   1.34e-01   9.70e-02   6.13e-02   1.19e-02   3.83e-02 (  6.32e+01,  1.06e+02)
35      0.013   1.67e-01   1.41e-01   1.05e-01   9.93e-02   9.81e-02 (  7.27e+01,  1.14e+02)
40      0.029   1.89e-01   1.69e-01   1.36e-01   2.39e-01   2.26e-01 (  7.61e+01,  1.17e+02)
45      0.047   2.14e-01   2.25e-01   1.46e-01   4.69e-01   4.72e-01 (  7.94e+01,  1.16e+02)
50      0.069   2.39e-01   2.74e-01   1.58e-01   8.58e-01   8.90e-01 (  7.97e+01,  1.12e+02)
55      0.084   2.63e-01   3.55e-01   1.88e-01   1.39e+00   1.53e+00 (  7.77e+01,  1.07e+02)
60      0.113   3.12e-01   4.41e-01   2.33e-01   2.22e+00   2.39e+00 (  7.82e+01,  1.01e+02)
65      0.148   3.75e-01   5.22e-01   2.92e-01   3.15e+00   3.44e+00 (  7.68e+01,  9.54e+01)
70      0.203   4.94e-01   6.60e-01   4.18e-01   4.36e+00   4.55e+00 (  7.98e+01,  9.02e+01)
75      0.249   6.12e-01   7.68e-01   4.72e-01   5.46e+00   5.60e+00 (  7.99e+01,  8.53e+01)
80      0.285   7.33e-01   8.66e-01   5.07e-01   6.36e+00   6.46e+00 (  7.91e+01,  8.07e+01)
85      0.319   8.67e-01   9.66e-01   5.10e-01   7.37e+00   7.05e+00 (  8.24e+01,  7.62e+01)
90      0.277   6.68e-01   1.02e+00   7.20e-01   5.80e+00   7.36e+00 (  8.70e+01,  7.20e+01)
95      2.501   5.13e+00   6.66e+00   5.03e+00   1.60e+02   7.44e+00 (  2.81e+03,  6.83e+01)
 6 n: 1.389e-05 e: 1.133e-05 i: 1.610e-04 :: e: 3.840e-02 i: 4.305e-02 :: n: 2.887e+01 e:17.575 i:16.310 v:4.993e+03
>>> tau_he = 5.000000, nhe(0)=2.292928e+00
 5     -0.906   1.82e-03   1.87e-01   1.08e-03  -2.16e-02   4.48e-05 (  3.45e-01,  2.24e+01)
10     -1.164   1.22e-03  -9.78e-05  -6.97e-04  -1.50e-01   2.64e-04 (  4.82e-01,  4.34e+01)
15     -1.080   3.02e-02  -2.92e-02  -1.83e-03  -9.02e-01   1.14e-03 (  1.62e+01,  6.25e+01)
20     -0.113   8.35e-02  -9.80e-03   2.45e-02  -4.34e-01   4.17e-03 (  4.60e+01,  7.95e+01)
25      0.000   1.11e-01   7.07e-02   3.59e-02   1.50e-03   1.34e-02 (  5.76e+01,  9.44e+01)
30      0.004   1.36e-01   9.74e-02   6.11e-02   2.73e-02   3.83e-02 (  6.39e+01,  1.06e+02)
35      0.010   1.67e-01   1.44e-01   1.10e-01   7.56e-02   9.81e-02 (  7.29e+01,  1.14e+02)
40      0.026   1.90e-01   1.72e-01   1.42e-01   2.17e-01   2.26e-01 (  7.67e+01,  1.17e+02)
45      0.046   2.14e-01   2.29e-01   1.48e-01   4.51e-01   4.72e-01 (  8.00e+01,  1.16e+02)
50      0.068   2.39e-01   2.77e-01   1.60e-01   8.40e-01   8.90e-01 (  8.03e+01,  1.12e+02)
55      0.083   2.64e-01   3.57e-01   1.89e-01   1.37e+00   1.53e+00 (  7.83e+01,  1.07e+02)
60      0.111   3.13e-01   4.40e-01   2.30e-01   2.20e+00   2.39e+00 (  7.89e+01,  1.01e+02)
65      0.155   3.93e-01   5.35e-01   3.05e-01   3.30e+00   3.44e+00 (  8.09e+01,  9.54e+01)
70      0.204   4.98e-01   6.58e-01   4.16e-01   4.38e+00   4.55e+00 (  8.07e+01,  9.02e+01)
75      0.250   6.16e-01   7.65e-01   4.68e-01   5.48e+00   5.60e+00 (  8.05e+01,  8.53e+01)
80      0.286   7.37e-01   8.63e-01   5.01e-01   6.38e+00   6.46e+00 (  7.95e+01,  8.07e+01)
85      0.320   8.70e-01   9.64e-01   5.02e-01   7.39e+00   7.05e+00 (  8.27e+01,  7.62e+01)
90      0.276   6.66e-01   1.01e+00   7.13e-01   5.77e+00   7.36e+00 (  8.67e+01,  7.20e+01)
95      2.501   5.13e+00   6.66e+00   5.03e+00   1.60e+02   7.44e+00 (  2.81e+03,  6.83e+01)
 7 n: 1.115e-05 e: 1.988e-04 i: 1.024e-05 :: e: 3.104e-02 i: 3.691e-02 :: n: 2.889e+01 e:17.253 i:16.275 v:4.993e+03
>>> tau_he = 5.000000, nhe(0)=2.289008e+00
 5     -0.881   1.82e-03   1.86e-01   9.50e-04  -2.10e-02   4.48e-05 (  3.39e-01,  2.24e+01)
10     -1.028   3.56e-05  -5.16e-04  -1.02e-03  -1.33e-01   2.64e-04 (  1.38e-02,  4.34e+01)
15     -1.160   2.64e-02  -2.89e-02   2.39e-04  -9.70e-01   1.14e-03 (  1.37e+01,  6.25e+01)
20     -0.099   7.94e-02  -9.59e-03   1.90e-02  -3.81e-01   4.17e-03 (  4.20e+01,  7.95e+01)
25      0.004   1.07e-01   6.45e-02   3.29e-02   2.64e-02   1.34e-02 (  5.37e+01,  9.44e+01)
30      0.004   1.29e-01   9.27e-02   5.93e-02   3.24e-02   3.83e-02 (  5.96e+01,  1.06e+02)
35      0.012   1.63e-01   1.37e-01   1.05e-01   9.08e-02   9.81e-02 (  6.96e+01,  1.14e+02)
40      0.028   1.85e-01   1.66e-01   1.39e-01   2.27e-01   2.26e-01 (  7.35e+01,  1.17e+02)
45      0.053   2.13e-01   2.18e-01   1.48e-01   5.20e-01   4.72e-01 (  7.80e+01,  1.16e+02)
50      0.068   2.33e-01   2.68e-01   1.57e-01   8.44e-01   8.90e-01 (  7.67e+01,  1.12e+02)
55      0.083   2.58e-01   3.49e-01   1.86e-01   1.37e+00   1.53e+00 (  7.50e+01,  1.07e+02)
60      0.111   3.06e-01   4.32e-01   2.27e-01   2.20e+00   2.39e+00 (  7.55e+01,  1.01e+02)
65      0.147   3.69e-01   5.12e-01   2.84e-01   3.14e+00   3.44e+00 (  7.44e+01,  9.54e+01)
70      0.203   4.93e-01   6.51e-01   4.11e-01   4.37e+00   4.55e+00 (  7.81e+01,  9.02e+01)
75      0.249   6.14e-01   7.59e-01   4.65e-01   5.47e+00   5.60e+00 (  7.84e+01,  8.53e+01)
80      0.285   7.39e-01   8.59e-01   4.99e-01   6.38e+00   6.46e+00 (  7.78e+01,  8.07e+01)
85      0.320   8.77e-01   9.62e-01   5.02e-01   7.40e+00   7.05e+00 (  8.13e+01,  7.62e+01)
90      0.277   6.67e-01   1.02e+00   7.14e-01   5.79e+00   7.36e+00 (  8.61e+01,  7.20e+01)
95      2.501   5.13e+00   6.66e+00   5.03e+00   1.60e+02   7.44e+00 (  2.81e+03,  6.83e+01)
 8 n: 2.034e-05 e: 7.654e-06 i: 1.170e-04 :: e: 3.693e-02 i: 4.167e-02 :: n: 2.883e+01 e:17.240 i:16.059 v:4.993e+03
>>> tau_he = 5.000000, nhe(0)=2.243998e+00
 5     -0.860   1.77e-03   1.83e-01   9.50e-04  -2.05e-02   4.48e-05 (  3.29e-01,  2.24e+01)
10     -0.998  -2.30e-05  -5.97e-04  -9.76e-04  -1.29e-01   2.64e-04 ( -8.86e-03,  4.34e+01)
15     -1.127   2.49e-02  -2.57e-02  -5.02e-03  -9.42e-01   1.14e-03 (  1.28e+01,  6.25e+01)
20     -0.098   7.91e-02  -7.46e-03   2.58e-02  -3.70e-01   4.17e-03 (  4.13e+01,  7.95e+01)
25     -0.007   1.07e-01   6.51e-02   4.22e-02  -4.43e-02   1.34e-02 (  5.33e+01,  9.44e+01)
30      0.002   1.29e-01   9.41e-02   6.15e-02   1.67e-02   3.83e-02 (  5.97e+01,  1.06e+02)
35      0.011   1.63e-01   1.39e-01   1.09e-01   7.64e-02   9.81e-02 (  6.99e+01,  1.14e+02)
40      0.026   1.86e-01   1.69e-01   1.44e-01   2.10e-01   2.26e-01 (  7.40e+01,  1.17e+02)
45      0.052   2.14e-01   2.21e-01   1.50e-01   5.03e-01   4.72e-01 (  7.85e+01,  1.16e+02)
50      0.067   2.34e-01   2.71e-01   1.58e-01   8.30e-01   8.90e-01 (  7.73e+01,  1.12e+02)
55      0.081   2.58e-01   3.53e-01   1.88e-01   1.35e+00   1.53e+00 (  7.55e+01,  1.07e+02)
60      0.110   3.07e-01   4.32e-01   2.27e-01   2.20e+00   2.39e+00 (  7.62e+01,  1.01e+02)
65      0.154   3.88e-01   5.26e-01   2.97e-01   3.29e+00   3.44e+00 (  7.85e+01,  9.54e+01)
70      0.203   4.96e-01   6.50e-01   4.10e-01   4.39e+00   4.55e+00 (  7.89e+01,  9.02e+01)
75      0.250   6.18e-01   7.56e-01   4.62e-01   5.49e+00   5.60e+00 (  7.89e+01,  8.53e+01)
80      0.286   7.43e-01   8.57e-01   4.94e-01   6.40e+00   6.46e+00 (  7.81e+01,  8.07e+01)
85      0.321   8.81e-01   9.61e-01   4.95e-01   7.41e+00   7.05e+00 (  8.15e+01,  7.62e+01)
90      0.275   6.65e-01   1.01e+00   7.08e-01   5.77e+00   7.36e+00 (  8.58e+01,  7.20e+01)
95      2.501   5.13e+00   6.66e+00   5.03e+00   1.60e+02   7.44e+00 (  2.81e+03,  6.83e+01)
 9 n: 1.722e-05 e: 1.485e-04 i: 6.817e-06 :: e: 2.976e-02 i: 3.489e-02 :: n: 2.886e+01 e:16.965 i:16.028 v:4.993e+03
>>> tau_he = 5.000000, nhe(0)=2.243200e+00
 5     -0.839   1.77e-03   1.84e-01   8.35e-04  -2.00e-02   4.48e-05 (  3.23e-01,  2.24e+01)
10     -0.930  -1.10e-05  -6.24e-04  -8.47e-04  -1.20e-01   2.64e-04 ( -4.15e-03,  4.34e+01)
15     -1.030   1.19e-02   1.86e-02  -1.00e-03  -8.62e-01   1.14e-03 (  5.97e+00,  6.25e+01)
20     -0.083   7.41e-02  -9.39e-03   1.86e-02  -3.15e-01   4.17e-03 (  3.74e+01,  7.95e+01)
25     -0.000   1.03e-01   6.02e-02   3.46e-02  -1.55e-03   1.34e-02 (  4.99e+01,  9.44e+01)
30      0.010   1.25e-01   8.77e-02   5.70e-02   7.63e-02   3.83e-02 (  5.65e+01,  1.06e+02)
35      0.011   1.59e-01   1.34e-01   1.04e-01   8.13e-02   9.81e-02 (  6.68e+01,  1.14e+02)
40      0.027   1.82e-01   1.64e-01   1.42e-01   2.17e-01   2.26e-01 (  7.12e+01,  1.17e+02)
45      0.053   2.10e-01   2.15e-01   1.47e-01   5.05e-01   4.72e-01 (  7.55e+01,  1.16e+02)
50      0.067   2.29e-01   2.64e-01   1.55e-01   8.33e-01   8.90e-01 (  7.43e+01,  1.12e+02)
55      0.081   2.53e-01   3.46e-01   1.85e-01   1.36e+00   1.53e+00 (  7.27e+01,  1.07e+02)
60      0.110   3.02e-01   4.26e-01   2.23e-01   2.20e+00   2.39e+00 (  7.35e+01,  1.01e+02)
65      0.146   3.66e-01   5.04e-01   2.77e-01   3.13e+00   3.44e+00 (  7.26e+01,  9.54e+01)
70      0.203   4.92e-01   6.44e-01   4.06e-01   4.38e+00   4.55e+00 (  7.67e+01,  9.02e+01)
75      0.249   6.16e-01   7.51e-01   4.59e-01   5.48e+00   5.60e+00 (  7.72e+01,  8.53e+01)
80      0.286   7.45e-01   8.53e-01   4.92e-01   6.39e+00   6.46e+00 (  7.66e+01,  8.07e+01)
85      0.321   8.87e-01   9.58e-01   4.95e-01   7.42e+00   7.05e+00 (  8.03e+01,  7.62e+01)
90      0.276   6.66e-01   1.01e+00   7.08e-01   5.78e+00   7.36e+00 (  8.52e+01,  7.20e+01)
95      2.501   5.13e+00   6.66e+00   5.03e+00   1.60e+02   7.44e+00 (  2.81e+03,  6.83e+01)
10 n: 1.975e-05 e: 4.057e-06 i: 8.377e-05 :: e: 3.484e-02 i: 3.900e-02 :: n: 2.881e+01 e:16.968 i:15.849 v:4.993e+03
>>> tau_he = 5.000000, nhe(0)=2.204745e+00
 5     -0.819   1.72e-03   1.82e-01   8.40e-04  -1.95e-02   4.48e-05 (  3.13e-01,  2.24e+01)
10     -0.901  -7.52e-05  -7.10e-04  -8.10e-04  -1.16e-01   2.64e-04 ( -2.84e-02,  4.34e+01)
15     -1.017   1.18e-02   1.85e-02  -9.64e-04  -8.51e-01   1.14e-03 (  5.88e+00,  6.25e+01)
20     -0.078   7.38e-02  -7.52e-03   2.44e-02  -2.99e-01   4.17e-03 (  3.69e+01,  7.95e+01)
25     -0.009   1.02e-01   6.11e-02   4.06e-02  -6.33e-02   1.34e-02 (  4.92e+01,  9.44e+01)
30     -0.004   1.28e-01   9.21e-02   6.49e-02  -2.90e-02   3.83e-02 (  5.76e+01,  1.06e+02)
35      0.008   1.59e-01   1.36e-01   1.07e-01   5.54e-02   9.81e-02 (  6.71e+01,  1.14e+02)
40      0.026   1.82e-01   1.67e-01   1.46e-01   2.04e-01   2.26e-01 (  7.16e+01,  1.17e+02)
45      0.052   2.10e-01   2.17e-01   1.49e-01   4.91e-01   4.72e-01 (  7.59e+01,  1.16e+02)
50      0.066   2.29e-01   2.66e-01   1.57e-01   8.22e-01   8.90e-01 (  7.48e+01,  1.12e+02)
55      0.080   2.54e-01   3.47e-01   1.86e-01   1.35e+00   1.53e+00 (  7.32e+01,  1.07e+02)
60      0.110   3.03e-01   4.25e-01   2.24e-01   2.20e+00   2.39e+00 (  7.41e+01,  1.01e+02)
65      0.153   3.84e-01   5.19e-01   2.90e-01   3.30e+00   3.44e+00 (  7.65e+01,  9.54e+01)
70      0.203   4.95e-01   6.43e-01   4.05e-01   4.40e+00   4.55e+00 (  7.73e+01,  9.02e+01)
75      0.249   6.19e-01   7.49e-01   4.56e-01   5.50e+00   5.60e+00 (  7.75e+01,  8.53e+01)
80      0.286   7.48e-01   8.51e-01   4.87e-01   6.41e+00   6.46e+00 (  7.68e+01,  8.07e+01)
85      0.322   8.91e-01   9.58e-01   4.89e-01   7.43e+00   7.05e+00 (  8.04e+01,  7.62e+01)
90      0.275   6.64e-01   1.00e+00   7.02e-01   5.76e+00   7.36e+00 (  8.50e+01,  7.20e+01)
95      2.501   5.13e+00   6.66e+00   5.03e+00   1.60e+02   7.44e+00 (  2.81e+03,  6.83e+01)
11 n: 1.615e-05 e: 1.038e-04 i: 3.331e-06 :: e: 2.774e-02 i: 3.233e-02 :: n: 2.888e+01 e:16.745 i:15.832 v:4.993e+03
>>> tau_he = 5.000000, nhe(0)=2.211693e+00
 5     -0.797   1.73e-03   1.81e-01   8.45e-04  -1.90e-02   4.48e-05 (  3.09e-01,  2.24e+01)
10     -0.846  -5.97e-05  -7.36e-04  -7.36e-04  -1.09e-01   2.64e-04 ( -2.22e-02,  4.34e+01)
15     -0.961   1.15e-02   1.74e-02  -5.22e-04  -8.05e-01   1.14e-03 (  5.65e+00,  6.25e+01)
20     -0.085   6.82e-02  -6.46e-03   1.68e-02  -3.29e-01   4.17e-03 (  3.34e+01,  7.95e+01)
25     -0.001   9.86e-02   5.70e-02   3.34e-02  -8.99e-03   1.34e-02 (  4.65e+01,  9.44e+01)
30      0.009   1.23e-01   8.57e-02   5.79e-02   6.10e-02   3.83e-02 (  5.45e+01,  1.06e+02)
35      0.014   1.56e-01   1.31e-01   1.02e-01   1.05e-01   9.81e-02 (  6.46e+01,  1.14e+02)
40      0.027   1.79e-01   1.62e-01   1.44e-01   2.13e-01   2.26e-01 (  6.92e+01,  1.17e+02)
45      0.053   2.07e-01   2.12e-01   1.46e-01   4.94e-01   4.72e-01 (  7.34e+01,  1.16e+02)
50      0.066   2.25e-01   2.60e-01   1.54e-01   8.25e-01   8.90e-01 (  7.23e+01,  1.12e+02)
55      0.080   2.49e-01   3.42e-01   1.83e-01   1.35e+00   1.53e+00 (  7.10e+01,  1.07e+02)
60      0.109   2.98e-01   4.20e-01   2.21e-01   2.20e+00   2.39e+00 (  7.18e+01,  1.01e+02)
65      0.152   3.78e-01   5.12e-01   2.85e-01   3.27e+00   3.44e+00 (  7.41e+01,  9.54e+01)
70      0.202   4.92e-01   6.37e-01   4.02e-01   4.39e+00   4.55e+00 (  7.55e+01,  9.02e+01)
75      0.249   6.18e-01   7.44e-01   4.54e-01   5.49e+00   5.60e+00 (  7.60e+01,  8.53e+01)
80      0.286   7.50e-01   8.47e-01   4.86e-01   6.40e+00   6.46e+00 (  7.55e+01,  8.07e+01)
85      0.322   8.96e-01   9.55e-01   4.89e-01   7.43e+00   7.05e+00 (  7.93e+01,  7.62e+01)
90      0.276   6.65e-01   1.00e+00   7.02e-01   5.77e+00   7.36e+00 (  8.45e+01,  7.20e+01)
95      2.501   5.13e+00   6.66e+00   5.03e+00   1.60e+02   7.44e+00 (  2.81e+03,  6.83e+01)
12 n: 1.351e-05 e: 3.211e-06 i: 5.661e-05 :: e: 3.055e-02 i: 3.572e-02 :: n: 2.882e+01 e:16.766 i:15.689 v:4.993e+03
>>> tau_he = 5.000000, nhe(0)=2.178319e+00
 5     -0.783   1.69e-03   1.79e-01   8.45e-04  -1.87e-02   4.48e-05 (  3.01e-01,  2.24e+01)
10     -0.828  -1.11e-04  -8.00e-04  -7.18e-04  -1.07e-01   2.64e-04 ( -4.10e-02,  4.34e+01)
15     -0.951   1.13e-02   1.72e-02  -5.05e-04  -7.96e-01   1.14e-03 (  5.58e+00,  6.25e+01)
20     -0.084   6.93e-02  -4.52e-03   2.27e-02  -3.23e-01   4.17e-03 (  3.38e+01,  7.95e+01)
25     -0.004   9.85e-02   5.79e-02   3.52e-02  -2.76e-02   1.34e-02 (  4.64e+01,  9.44e+01)
30     -0.005   1.25e-01   9.00e-02   6.51e-02  -3.37e-02   3.83e-02 (  5.57e+01,  1.06e+02)
35      0.008   1.57e-01   1.34e-01   1.06e-01   5.49e-02   9.81e-02 (  6.52e+01,  1.14e+02)
40      0.025   1.80e-01   1.65e-01   1.48e-01   1.99e-01   2.26e-01 (  6.98e+01,  1.17e+02)
45      0.050   2.08e-01   2.14e-01   1.48e-01   4.71e-01   4.72e-01 (  7.43e+01,  1.16e+02)
50      0.065   2.26e-01   2.62e-01   1.55e-01   8.17e-01   8.90e-01 (  7.29e+01,  1.12e+02)
55      0.079   2.50e-01   3.43e-01   1.83e-01   1.35e+00   1.53e+00 (  7.15e+01,  1.07e+02)
60      0.109   2.99e-01   4.20e-01   2.22e-01   2.20e+00   2.39e+00 (  7.24e+01,  1.01e+02)
65      0.152   3.79e-01   5.10e-01   2.82e-01   3.27e+00   3.44e+00 (  7.44e+01,  9.54e+01)
70      0.203   4.94e-01   6.36e-01   4.01e-01   4.41e+00   4.55e+00 (  7.59e+01,  9.02e+01)
75      0.249   6.21e-01   7.43e-01   4.52e-01   5.51e+00   5.60e+00 (  7.63e+01,  8.53e+01)
80      0.287   7.54e-01   8.46e-01   4.82e-01   6.42e+00   6.46e+00 (  7.57e+01,  8.07e+01)
85      0.323   9.00e-01   9.55e-01   4.84e-01   7.45e+00   7.05e+00 (  7.94e+01,  7.62e+01)
90      0.275   6.64e-01   9.97e-01   6.98e-01   5.76e+00   7.36e+00 (  8.43e+01,  7.20e+01)
95      2.501   5.13e+00   6.66e+00   5.03e+00   1.60e+02   7.44e+00 (  2.81e+03,  6.83e+01)
13 n: 1.113e-05 e: 7.190e-05 i: 1.767e-06 :: e: 2.683e-02 i: 3.116e-02 :: n: 2.890e+01 e:16.585 i:15.689 v:4.993e+03
>>> tau_he = 5.000000, nhe(0)=2.188801e+00
 5     -0.769   1.69e-03   1.79e-01   8.40e-04  -1.84e-02   4.48e-05 (  2.98e-01,  2.24e+01)
10     -0.786  -8.17e-05  -8.14e-04  -6.87e-04  -1.02e-01   2.64e-04 ( -3.00e-02,  4.34e+01)
15     -0.917   1.11e-02   1.68e-02  -1.29e-04  -7.68e-01   1.14e-03 (  5.39e+00,  6.25e+01)
20     -0.079   6.73e-02  -5.77e-03   1.68e-02  -3.05e-01   4.17e-03 (  3.23e+01,  7.95e+01)
25      0.010   9.52e-02   3.66e-02   3.37e-02   7.53e-02   1.34e-02 (  4.41e+01,  9.44e+01)
30      0.008   1.21e-01   8.44e-02   5.83e-02   5.41e-02   3.83e-02 (  5.32e+01,  1.06e+02)
35      0.014   1.54e-01   1.29e-01   1.02e-01   1.02e-01   9.81e-02 (  6.31e+01,  1.14e+02)
40      0.027   1.77e-01   1.61e-01   1.45e-01   2.08e-01   2.26e-01 (  6.78e+01,  1.17e+02)
45      0.051   2.05e-01   2.10e-01   1.46e-01   4.76e-01   4.72e-01 (  7.22e+01,  1.16e+02)
50      0.066   2.22e-01   2.57e-01   1.53e-01   8.21e-01   8.90e-01 (  7.09e+01,  1.12e+02)
55      0.080   2.47e-01   3.39e-01   1.81e-01   1.36e+00   1.53e+00 (  6.98e+01,  1.07e+02)
60      0.109   2.95e-01   4.16e-01   2.19e-01   2.20e+00   2.39e+00 (  7.05e+01,  1.01e+02)
65      0.151   3.75e-01   5.06e-01   2.79e-01   3.26e+00   3.44e+00 (  7.25e+01,  9.54e+01)
70      0.202   4.91e-01   6.31e-01   3.98e-01   4.40e+00   4.55e+00 (  7.44e+01,  9.02e+01)
75      0.249   6.19e-01   7.39e-01   4.49e-01   5.50e+00   5.60e+00 (  7.48e+01,  8.53e+01)
80      0.286   7.55e-01   8.42e-01   4.80e-01   6.40e+00   6.46e+00 (  7.45e+01,  8.07e+01)
85      0.323   9.05e-01   9.52e-01   4.83e-01   7.44e+00   7.05e+00 (  7.84e+01,  7.62e+01)
90      0.276   6.64e-01   9.99e-01   7.01e-01   5.78e+00   7.36e+00 (  8.38e+01,  7.20e+01)
95      2.501   5.13e+00   6.66e+00   5.03e+00   1.60e+02   7.44e+00 (  2.81e+03,  6.83e+01)
14 n: 9.811e-06 e: 4.303e-06 i: 3.627e-05 :: e: 2.963e-02 i: 3.376e-02 :: n: 2.881e+01 e:16.621 i:15.579 v:4.993e+03
>>> tau_he = 5.000000, nhe(0)=2.157654e+00
 5     -0.759   1.66e-03   1.77e-01   8.41e-04  -1.81e-02   4.48e-05 (  2.92e-01,  2.24e+01)
10     -0.773  -1.30e-04  -8.70e-04  -6.55e-04  -1.00e-01   2.64e-04 ( -4.75e-02,  4.34e+01)
15     -0.916   1.33e-02   1.62e-02   3.95e-05  -7.67e-01   1.14e-03 (  6.46e+00,  6.25e+01)
20     -0.079   6.13e-02  -3.19e-03   2.32e-02  -2.98e-01   4.17e-03 (  2.93e+01,  7.95e+01)
25     -0.015   9.20e-02   5.65e-02   4.01e-02  -9.41e-02   1.34e-02 (  4.27e+01,  9.44e+01)
30      0.003   1.23e-01   8.68e-02   6.22e-02   2.16e-02   3.83e-02 (  5.41e+01,  1.06e+02)
35      0.012   1.55e-01   1.31e-01   1.05e-01   8.56e-02   9.81e-02 (  6.38e+01,  1.14e+02)
40      0.026   1.78e-01   1.63e-01   1.47e-01   1.99e-01   2.26e-01 (  6.85e+01,  1.17e+02)
45      0.050   2.06e-01   2.12e-01   1.47e-01   4.67e-01   4.72e-01 (  7.28e+01,  1.16e+02)
50      0.065   2.23e-01   2.59e-01   1.54e-01   8.15e-01   8.90e-01 (  7.15e+01,  1.12e+02)
55      0.079   2.48e-01   3.41e-01   1.82e-01   1.35e+00   1.53e+00 (  7.05e+01,  1.07e+02)
60      0.109   2.97e-01   4.16e-01   2.20e-01   2.20e+00   2.39e+00 (  7.12e+01,  1.01e+02)
65      0.151   3.76e-01   5.05e-01   2.76e-01   3.26e+00   3.44e+00 (  7.30e+01,  9.54e+01)
70      0.203   4.94e-01   6.31e-01   3.97e-01   4.42e+00   4.55e+00 (  7.49e+01,  9.02e+01)
75      0.249   6.22e-01   7.38e-01   4.48e-01   5.52e+00   5.60e+00 (  7.52e+01,  8.53e+01)
80      0.287   7.58e-01   8.41e-01   4.77e-01   6.42e+00   6.46e+00 (  7.46e+01,  8.07e+01)
85      0.324   9.08e-01   9.52e-01   4.79e-01   7.46e+00   7.05e+00 (  7.84e+01,  7.62e+01)
90      0.274   6.63e-01   9.92e-01   6.94e-01   5.75e+00   7.36e+00 (  8.36e+01,  7.20e+01)
95      2.501   5.13e+00   6.66e+00   5.03e+00   1.60e+02   7.44e+00 (  2.81e+03,  6.83e+01)
15 n: 7.954e-06 e: 4.782e-05 i: 1.961e-06 :: e: 2.600e-02 i: 2.957e-02 :: n: 2.884e+01 e:16.477 i:15.591 v:4.993e+03
>>> tau_he = 5.000000, nhe(0)=2.163535e+00
 5     -0.747   1.67e-03   1.77e-01   8.37e-04  -1.79e-02   4.48e-05 (  2.90e-01,  2.24e+01)
10     -0.740  -1.11e-04  -8.80e-04  -6.65e-04  -9.58e-02   2.64e-04 ( -4.02e-02,  4.34e+01)
15     -0.886   1.08e-02   1.64e-02   1.53e-04  -7.42e-01   1.14e-03 (  5.19e+00,  6.25e+01)
20     -0.075   6.04e-02  -3.66e-03   2.21e-02  -2.84e-01   4.17e-03 (  2.86e+01,  7.95e+01)
25     -0.007   9.49e-02   5.23e-02   3.72e-02  -4.43e-02   1.34e-02 (  4.35e+01,  9.44e+01)
30      0.005   1.21e-01   8.42e-02   6.03e-02   3.28e-02   3.83e-02 (  5.27e+01,  1.06e+02)
35      0.013   1.53e-01   1.28e-01   1.03e-01   9.02e-02   9.81e-02 (  6.23e+01,  1.14e+02)
40      0.026   1.76e-01   1.60e-01   1.46e-01   2.05e-01   2.26e-01 (  6.69e+01,  1.17e+02)
45      0.051   2.03e-01   2.09e-01   1.45e-01   4.72e-01   4.72e-01 (  7.12e+01,  1.16e+02)
50      0.065   2.20e-01   2.56e-01   1.52e-01   8.20e-01   8.90e-01 (  7.00e+01,  1.12e+02)
55      0.079   2.45e-01   3.37e-01   1.80e-01   1.36e+00   1.53e+00 (  6.90e+01,  1.07e+02)
60      0.109   2.94e-01   4.13e-01   2.18e-01   2.21e+00   2.39e+00 (  6.97e+01,  1.01e+02)
65      0.151   3.73e-01   5.01e-01   2.74e-01   3.26e+00   3.44e+00 (  7.14e+01,  9.54e+01)
70      0.202   4.91e-01   6.27e-01   3.95e-01   4.41e+00   4.55e+00 (  7.36e+01,  9.02e+01)
75      0.249   6.21e-01   7.34e-01   4.46e-01   5.51e+00   5.60e+00 (  7.40e+01,  8.53e+01)
80      0.286   7.60e-01   8.38e-01   4.76e-01   6.41e+00   6.46e+00 (  7.36e+01,  8.07e+01)
85      0.324   9.12e-01   9.50e-01   4.79e-01   7.45e+00   7.05e+00 (  7.75e+01,  7.62e+01)
90      0.276   6.63e-01   9.94e-01   6.97e-01   5.77e+00   7.36e+00 (  8.33e+01,  7.20e+01)
95      2.501   5.13e+00   6.66e+00   5.03e+00   1.60e+02   7.44e+00 (  2.81e+03,  6.83e+01)
16 n: 7.188e-06 e: 4.272e-06 i: 2.514e-05 :: e: 2.741e-02 i: 3.055e-02 :: n: 2.884e+01 e:16.517 i:15.500 v:4.993e+03
>>> tau_he = 5.000000, nhe(0)=2.147419e+00
 5     -0.741   1.64e-03   1.76e-01   8.36e-04  -1.77e-02   4.48e-05 (  2.86e-01,  2.24e+01)
10     -0.732  -1.46e-04  -9.23e-04  -6.66e-04  -9.49e-02   2.64e-04 ( -5.31e-02,  4.34e+01)
15     -0.889   1.30e-02   1.59e-02   2.23e-04  -7.45e-01   1.14e-03 (  6.26e+00,  6.25e+01)
20     -0.074   6.08e-02  -2.34e-03   2.33e-02  -2.82e-01   4.17e-03 (  2.88e+01,  7.95e+01)
25     -0.005   9.47e-02   5.28e-02   3.73e-02  -3.66e-02   1.34e-02 (  4.36e+01,  9.44e+01)
30      0.003   1.21e-01   8.58e-02   6.23e-02   1.89e-02   3.83e-02 (  5.32e+01,  1.06e+02)
35      0.008   1.53e-01   1.30e-01   1.05e-01   5.48e-02   9.81e-02 (  6.29e+01,  1.14e+02)
40      0.025   1.77e-01   1.62e-01   1.48e-01   1.96e-01   2.26e-01 (  6.76e+01,  1.17e+02)
45      0.050   2.04e-01   2.11e-01   1.46e-01   4.64e-01   4.72e-01 (  7.18e+01,  1.16e+02)
50      0.065   2.21e-01   2.58e-01   1.53e-01   8.15e-01   8.90e-01 (  7.06e+01,  1.12e+02)
55      0.079   2.46e-01   3.39e-01   1.80e-01   1.36e+00   1.53e+00 (  6.97e+01,  1.07e+02)
60      0.109   2.95e-01   4.14e-01   2.19e-01   2.21e+00   2.39e+00 (  7.04e+01,  1.01e+02)
65      0.151   3.75e-01   5.01e-01   2.72e-01   3.26e+00   3.44e+00 (  7.20e+01,  9.54e+01)
70      0.203   4.94e-01   6.27e-01   3.95e-01   4.43e+00   4.55e+00 (  7.41e+01,  9.02e+01)
75      0.249   6.23e-01   7.34e-01   4.44e-01   5.53e+00   5.60e+00 (  7.44e+01,  8.53e+01)
80      0.287   7.62e-01   8.37e-01   4.73e-01   6.42e+00   6.46e+00 (  7.38e+01,  8.07e+01)
85      0.324   9.15e-01   9.50e-01   4.75e-01   7.46e+00   7.05e+00 (  7.76e+01,  7.62e+01)
90      0.275   6.62e-01   9.90e-01   6.94e-01   5.76e+00   7.36e+00 (  8.31e+01,  7.20e+01)
95      2.501   5.13e+00   6.66e+00   5.03e+00   1.60e+02   7.44e+00 (  2.81e+03,  6.83e+01)
17 n: 6.592e-06 e: 2.972e-05 i: 2.153e-06 :: e: 2.382e-02 i: 2.629e-02 :: n: 2.888e+01 e:16.406 i:15.523 v:4.993e+03
>>> tau_he = 5.000000, nhe(0)=2.157269e+00
 5     -0.734   1.65e-03   1.76e-01   8.33e-04  -1.76e-02   4.48e-05 (  2.85e-01,  2.24e+01)
10     -0.414   3.42e-04  -3.03e-03  -6.44e-04  -5.37e-02   2.64e-04 (  1.23e-01,  4.34e+01)
15     -0.865   1.28e-02   1.63e-02   6.50e-04  -7.25e-01   1.14e-03 (  6.13e+00,  6.25e+01)
20     -0.071   6.01e-02  -2.87e-03   2.23e-02  -2.72e-01   4.17e-03 (  2.83e+01,  7.95e+01)
25      0.003   9.33e-02   3.42e-02   3.83e-02   1.98e-02   1.34e-02 (  4.25e+01,  9.44e+01)
30      0.005   1.20e-01   8.36e-02   5.97e-02   3.69e-02   3.83e-02 (  5.21e+01,  1.06e+02)
35      0.018   1.51e-01   1.25e-01   9.99e-02   1.30e-01   9.81e-02 (  6.16e+01,  1.14e+02)
40      0.026   1.75e-01   1.59e-01   1.46e-01   2.03e-01   2.26e-01 (  6.64e+01,  1.17e+02)
45      0.051   2.02e-01   2.08e-01   1.45e-01   4.68e-01   4.72e-01 (  7.05e+01,  1.16e+02)
50      0.065   2.19e-01   2.55e-01   1.52e-01   8.20e-01   8.90e-01 (  6.94e+01,  1.12e+02)
55      0.079   2.44e-01   3.36e-01   1.79e-01   1.37e+00   1.53e+00 (  6.85e+01,  1.07e+02)
60      0.109   2.93e-01   4.12e-01   2.18e-01   2.22e+00   2.39e+00 (  6.93e+01,  1.01e+02)
65      0.150   3.72e-01   4.98e-01   2.70e-01   3.26e+00   3.44e+00 (  7.08e+01,  9.54e+01)
70      0.202   4.92e-01   6.24e-01   3.93e-01   4.42e+00   4.55e+00 (  7.30e+01,  9.02e+01)
75      0.249   6.23e-01   7.31e-01   4.43e-01   5.52e+00   5.60e+00 (  7.34e+01,  8.53e+01)
80      0.286   7.63e-01   8.34e-01   4.72e-01   6.41e+00   6.46e+00 (  7.29e+01,  8.07e+01)
85      0.324   9.18e-01   9.48e-01   4.75e-01   7.45e+00   7.05e+00 (  7.68e+01,  7.62e+01)
90      0.275   6.63e-01   9.91e-01   6.94e-01   5.77e+00   7.36e+00 (  8.28e+01,  7.20e+01)
95      2.501   5.13e+00   6.66e+00   5.03e+00   1.60e+02   7.44e+00 (  2.81e+03,  6.83e+01)
18 n: 5.976e-06 e: 6.110e-06 i: 1.431e-05 :: e: 2.484e-02 i: 2.866e-02 :: n: 2.883e+01 e:16.457 i:15.459 v:4.993e+03
>>> tau_he = 5.000000, nhe(0)=2.138333e+00
 5     -0.730   1.63e-03   1.76e-01   8.34e-04  -1.75e-02   4.48e-05 (  2.82e-01,  2.24e+01)
10     -0.411   2.31e-04  -3.05e-03  -6.14e-04  -5.33e-02   2.64e-04 (  8.32e-02,  4.34e+01)
15     -0.865   1.28e-02   1.63e-02   6.89e-04  -7.25e-01   1.14e-03 (  6.13e+00,  6.25e+01)
20     -0.074   6.07e-02  -1.46e-03   2.41e-02  -2.80e-01   4.17e-03 (  2.86e+01,  7.95e+01)
25     -0.007   8.94e-02   5.35e-02   3.84e-02  -4.53e-02   1.34e-02 (  4.09e+01,  9.44e+01)
30      0.002   1.21e-01   8.57e-02   6.25e-02   1.56e-02   3.83e-02 (  5.30e+01,  1.06e+02)
35      0.006   1.53e-01   1.30e-01   1.05e-01   4.18e-02   9.81e-02 (  6.27e+01,  1.14e+02)
40      0.025   1.76e-01   1.61e-01   1.48e-01   1.94e-01   2.26e-01 (  6.73e+01,  1.17e+02)
45      0.050   2.03e-01   2.10e-01   1.46e-01   4.61e-01   4.72e-01 (  7.13e+01,  1.16e+02)
50      0.065   2.20e-01   2.57e-01   1.53e-01   8.16e-01   8.90e-01 (  7.03e+01,  1.12e+02)
55      0.079   2.45e-01   3.38e-01   1.79e-01   1.37e+00   1.53e+00 (  6.93e+01,  1.07e+02)
60      0.109   2.95e-01   4.13e-01   2.19e-01   2.22e+00   2.39e+00 (  7.00e+01,  1.01e+02)
65      0.151   3.74e-01   4.99e-01   2.69e-01   3.27e+00   3.44e+00 (  7.14e+01,  9.54e+01)
70      0.203   4.94e-01   6.25e-01   3.93e-01   4.44e+00   4.55e+00 (  7.35e+01,  9.02e+01)
75      0.249   6.25e-01   7.31e-01   4.42e-01   5.54e+00   5.60e+00 (  7.38e+01,  8.53e+01)
80      0.287   7.65e-01   8.34e-01   4.70e-01   6.42e+00   6.46e+00 (  7.30e+01,  8.07e+01)
85      0.324   9.20e-01   9.48e-01   4.72e-01   7.46e+00   7.05e+00 (  7.69e+01,  7.62e+01)
90      0.275   6.62e-01   9.87e-01   6.91e-01   5.75e+00   7.36e+00 (  8.27e+01,  7.20e+01)
95      2.501   5.13e+00   6.66e+00   5.03e+00   1.60e+02   7.44e+00 (  2.81e+03,  6.83e+01)
19 n: 5.352e-06 e: 1.870e-05 i: 3.085e-06 :: e: 2.182e-02 i: 2.328e-02 :: n: 2.888e+01 e:16.371 i:15.488 v:4.993e+03
>>> tau_he = 5.000000, nhe(0)=2.151117e+00
 5     -0.726   1.64e-03   1.76e-01   8.34e-04  -1.74e-02   4.48e-05 (  2.82e-01,  2.24e+01)
10     -0.401   3.00e-04  -2.98e-03  -6.69e-04  -5.20e-02   2.64e-04 (  1.07e-01,  4.34e+01)
15     -0.851   1.27e-02   1.61e-02   8.29e-04  -7.14e-01   1.14e-03 (  6.03e+00,  6.25e+01)
20     -0.072   6.03e-02  -1.88e-03   2.32e-02  -2.73e-01   4.17e-03 (  2.83e+01,  7.95e+01)
25      0.000   9.36e-02   3.49e-02   3.99e-02   2.67e-03   1.34e-02 (  4.27e+01,  9.44e+01)
30      0.006   1.19e-01   8.34e-02   5.93e-02   3.96e-02   3.83e-02 (  5.20e+01,  1.06e+02)
35      0.018   1.51e-01   1.25e-01   1.00e-01   1.26e-01   9.81e-02 (  6.15e+01,  1.14e+02)
40      0.026   1.75e-01   1.59e-01   1.46e-01   2.01e-01   2.26e-01 (  6.63e+01,  1.17e+02)
45      0.051   2.02e-01   2.08e-01   1.45e-01   4.65e-01   4.72e-01 (  7.03e+01,  1.16e+02)
50      0.065   2.19e-01   2.55e-01   1.51e-01   8.21e-01   8.90e-01 (  6.93e+01,  1.12e+02)
55      0.079   2.44e-01   3.36e-01   1.78e-01   1.38e+00   1.53e+00 (  6.84e+01,  1.07e+02)
60      0.109   2.93e-01   4.11e-01   2.18e-01   2.23e+00   2.39e+00 (  6.91e+01,  1.01e+02)
65      0.150   3.71e-01   4.97e-01   2.69e-01   3.27e+00   3.44e+00 (  7.04e+01,  9.54e+01)
70      0.202   4.92e-01   6.23e-01   3.92e-01   4.44e+00   4.55e+00 (  7.26e+01,  9.02e+01)
75      0.249   6.24e-01   7.28e-01   4.41e-01   5.53e+00   5.60e+00 (  7.30e+01,  8.53e+01)
80      0.286   7.66e-01   8.31e-01   4.70e-01   6.41e+00   6.46e+00 (  7.23e+01,  8.07e+01)
85      0.324   9.22e-01   9.46e-01   4.72e-01   7.45e+00   7.05e+00 (  7.62e+01,  7.62e+01)
90      0.275   6.62e-01   9.88e-01   6.92e-01   5.76e+00   7.36e+00 (  8.25e+01,  7.20e+01)
95      2.501   5.13e+00   6.66e+00   5.03e+00   1.60e+02   7.44e+00 (  2.81e+03,  6.83e+01)
20 n: 4.434e-06 e: 7.447e-06 i: 8.301e-06 :: e: 2.157e-02 i: 2.498e-02 :: n: 2.885e+01 e:16.428 i:15.441 v:4.993e+03
>>> tau_he = 5.000000, nhe(0)=2.138401e+00
 5     -0.724   1.63e-03   1.76e-01   8.34e-04  -1.73e-02   4.48e-05 (  2.80e-01,  2.24e+01)
10     -0.400   2.07e-04  -3.00e-03  -6.39e-04  -5.19e-02   2.64e-04 (  7.40e-02,  4.34e+01)
15     -0.855   1.27e-02   1.61e-02   8.50e-04  -7.16e-01   1.14e-03 (  6.06e+00,  6.25e+01)
20     -0.072   6.09e-02  -7.26e-04   2.44e-02  -2.74e-01   4.17e-03 (  2.87e+01,  7.95e+01)
25     -0.003   8.88e-02   5.29e-02   3.71e-02  -2.30e-02   1.34e-02 (  4.06e+01,  9.44e+01)
30      0.002   1.21e-01   8.57e-02   6.28e-02   1.14e-02   3.83e-02 (  5.30e+01,  1.06e+02)
35      0.005   1.53e-01   1.29e-01   9.36e-02   3.32e-02   9.81e-02 (  6.27e+01,  1.14e+02)
40      0.025   1.76e-01   1.61e-01   1.49e-01   1.91e-01   2.26e-01 (  6.73e+01,  1.17e+02)
45      0.050   2.03e-01   2.10e-01   1.46e-01   4.59e-01   4.72e-01 (  7.12e+01,  1.16e+02)
50      0.064   2.20e-01   2.57e-01   1.52e-01   8.18e-01   8.90e-01 (  7.02e+01,  1.12e+02)
55      0.079   2.45e-01   3.38e-01   1.79e-01   1.37e+00   1.53e+00 (  6.92e+01,  1.07e+02)
60      0.109   2.95e-01   4.12e-01   2.19e-01   2.24e+00   2.39e+00 (  6.99e+01,  1.01e+02)
65      0.151   3.73e-01   4.98e-01   2.68e-01   3.28e+00   3.44e+00 (  7.11e+01,  9.54e+01)
70      0.203   4.94e-01   6.23e-01   3.92e-01   4.45e+00   4.55e+00 (  7.32e+01,  9.02e+01)
75      0.249   6.26e-01   7.28e-01   4.41e-01   5.54e+00   5.60e+00 (  7.33e+01,  8.53e+01)
80      0.287   7.67e-01   8.32e-01   4.68e-01   6.42e+00   6.46e+00 (  7.25e+01,  8.07e+01)
85      0.325   9.23e-01   9.46e-01   4.70e-01   7.46e+00   7.05e+00 (  7.64e+01,  7.62e+01)
90      0.274   6.61e-01   9.85e-01   6.89e-01   5.75e+00   7.36e+00 (  8.24e+01,  7.20e+01)
95      2.501   5.13e+00   6.66e+00   5.03e+00   1.60e+02   7.44e+00 (  2.81e+03,  6.83e+01)
21 n: 4.317e-06 e: 1.066e-05 i: 4.184e-06 :: e: 1.860e-02 i: 1.992e-02 :: n: 2.892e+01 e:16.365 i:15.478 v:4.993e+03
>>> tau_he = 5.000000, nhe(0)=2.153813e+00
 5     -0.723   1.64e-03   1.77e-01   8.35e-04  -1.73e-02   4.48e-05 (  2.81e-01,  2.24e+01)
10     -0.393   2.73e-04  -2.94e-03  -6.95e-04  -5.10e-02   2.64e-04 (  9.73e-02,  4.34e+01)
15     -0.847   1.26e-02   1.60e-02   9.54e-04  -7.10e-01   1.14e-03 (  6.01e+00,  6.25e+01)
20     -0.070   6.06e-02  -1.09e-03   2.36e-02  -2.69e-01   4.17e-03 (  2.85e+01,  7.95e+01)
25      0.003   9.30e-02   3.45e-02   3.82e-02   2.29e-02   1.34e-02 (  4.25e+01,  9.44e+01)
30      0.006   1.20e-01   8.35e-02   5.91e-02   4.08e-02   3.83e-02 (  5.22e+01,  1.06e+02)
35      0.017   1.51e-01   1.25e-01   1.00e-01   1.25e-01   9.81e-02 (  6.18e+01,  1.14e+02)
40      0.026   1.75e-01   1.59e-01   1.47e-01   1.98e-01   2.26e-01 (  6.66e+01,  1.17e+02)
45      0.051   2.02e-01   2.08e-01   1.45e-01   4.63e-01   4.72e-01 (  7.05e+01,  1.16e+02)
50      0.065   2.19e-01   2.55e-01   1.51e-01   8.23e-01   8.90e-01 (  6.95e+01,  1.12e+02)
55      0.079   2.44e-01   3.36e-01   1.78e-01   1.38e+00   1.53e+00 (  6.86e+01,  1.07e+02)
60      0.109   2.93e-01   4.11e-01   2.18e-01   2.24e+00   2.39e+00 (  6.92e+01,  1.01e+02)
65      0.150   3.72e-01   4.97e-01   2.68e-01   3.28e+00   3.44e+00 (  7.03e+01,  9.54e+01)
70      0.202   4.93e-01   6.22e-01   3.91e-01   4.45e+00   4.55e+00 (  7.24e+01,  9.02e+01)
75      0.249   6.25e-01   7.27e-01   4.40e-01   5.53e+00   5.60e+00 (  7.26e+01,  8.53e+01)
80      0.286   7.67e-01   8.30e-01   4.68e-01   6.40e+00   6.46e+00 (  7.18e+01,  8.07e+01)
85      0.324   9.25e-01   9.44e-01   4.70e-01   7.44e+00   7.05e+00 (  7.58e+01,  7.62e+01)
90      0.275   6.62e-01   9.86e-01   6.90e-01   5.76e+00   7.36e+00 (  8.22e+01,  7.20e+01)
95      2.501   5.13e+00   6.66e+00   5.03e+00   1.60e+02   7.44e+00 (  2.81e+03,  6.83e+01)
22 n: 2.872e-06 e: 9.295e-06 i: 4.259e-06 :: e: 1.801e-02 i: 2.132e-02 :: n: 2.885e+01 e:16.431 i:15.449 v:4.993e+03
>>> tau_he = 5.000000, nhe(0)=2.139564e+00
 5     -0.723   1.63e-03   1.77e-01   8.36e-04  -1.73e-02   4.48e-05 (  2.80e-01,  2.24e+01)
10     -0.394   1.87e-04  -2.98e-03  -6.48e-04  -5.12e-02   2.64e-04 (  6.69e-02,  4.34e+01)
15     -0.853   1.27e-02   1.61e-02   9.46e-04  -7.15e-01   1.14e-03 (  6.05e+00,  6.25e+01)
20     -0.075   6.14e-02   2.91e-04   2.57e-02  -2.81e-01   4.17e-03 (  2.89e+01,  7.95e+01)
25     -0.014   9.00e-02   5.51e-02   3.96e-02  -8.70e-02   1.34e-02 (  4.13e+01,  9.44e+01)
30      0.002   1.21e-01   8.57e-02   6.21e-02   1.58e-02   3.83e-02 (  5.33e+01,  1.06e+02)
35      0.006   1.53e-01   1.29e-01   1.05e-01   3.89e-02   9.81e-02 (  6.30e+01,  1.14e+02)
40      0.025   1.76e-01   1.61e-01   1.48e-01   1.91e-01   2.26e-01 (  6.76e+01,  1.17e+02)
45      0.050   2.04e-01   2.11e-01   1.46e-01   4.58e-01   4.72e-01 (  7.15e+01,  1.16e+02)
50      0.065   2.20e-01   2.58e-01   1.52e-01   8.21e-01   8.90e-01 (  7.05e+01,  1.12e+02)
55      0.079   2.46e-01   3.39e-01   1.79e-01   1.38e+00   1.53e+00 (  6.95e+01,  1.07e+02)
60      0.109   2.95e-01   4.13e-01   2.19e-01   2.25e+00   2.39e+00 (  7.01e+01,  1.01e+02)
65      0.151   3.73e-01   4.98e-01   2.68e-01   3.29e+00   3.44e+00 (  7.10e+01,  9.54e+01)
70      0.203   4.95e-01   6.23e-01   3.92e-01   4.46e+00   4.55e+00 (  7.30e+01,  9.02e+01)
75      0.249   6.27e-01   7.27e-01   4.40e-01   5.54e+00   5.60e+00 (  7.30e+01,  8.53e+01)
80      0.287   7.69e-01   8.30e-01   4.67e-01   6.41e+00   6.46e+00 (  7.21e+01,  8.07e+01)
85      0.325   9.26e-01   9.45e-01   4.69e-01   7.45e+00   7.05e+00 (  7.59e+01,  7.62e+01)
90      0.274   6.61e-01   9.84e-01   6.88e-01   5.75e+00   7.36e+00 (  8.22e+01,  7.20e+01)
95      2.501   5.13e+00   6.66e+00   5.03e+00   1.60e+02   7.44e+00 (  2.81e+03,  6.83e+01)
23 n: 2.727e-06 e: 6.201e-06 i: 5.320e-06 :: e: 1.483e-02 i: 1.668e-02 :: n: 2.891e+01 e:16.382 i:15.491 v:4.993e+03
>>> tau_he = 5.000000, nhe(0)=2.154670e+00
 5     -0.723   1.64e-03   1.78e-01   8.37e-04  -1.73e-02   4.48e-05 (  2.81e-01,  2.24e+01)
10     -0.390   2.53e-04  -2.94e-03  -6.99e-04  -5.06e-02   2.64e-04 (  9.00e-02,  4.34e+01)
15     -0.849   1.26e-02   1.60e-02   9.91e-04  -7.11e-01   1.14e-03 (  6.02e+00,  6.25e+01)
20     -0.073   6.13e-02   2.69e-05   2.50e-02  -2.76e-01   4.17e-03 (  2.88e+01,  7.95e+01)
25     -0.006   9.38e-02   5.18e-02   3.69e-02  -4.03e-02   1.34e-02 (  4.30e+01,  9.44e+01)
30      0.006   1.20e-01   8.38e-02   5.91e-02   3.92e-02   3.83e-02 (  5.26e+01,  1.06e+02)
35      0.017   1.52e-01   1.26e-01   9.99e-02   1.24e-01   9.81e-02 (  6.22e+01,  1.14e+02)
40      0.025   1.75e-01   1.60e-01   1.47e-01   1.97e-01   2.26e-01 (  6.70e+01,  1.17e+02)
45      0.051   2.03e-01   2.09e-01   1.45e-01   4.61e-01   4.72e-01 (  7.10e+01,  1.16e+02)
50      0.065   2.20e-01   2.56e-01   1.51e-01   8.26e-01   8.90e-01 (  7.00e+01,  1.12e+02)
55      0.079   2.45e-01   3.38e-01   1.78e-01   1.39e+00   1.53e+00 (  6.90e+01,  1.07e+02)
60      0.110   2.94e-01   4.12e-01   2.18e-01   2.25e+00   2.39e+00 (  6.96e+01,  1.01e+02)
65      0.151   3.72e-01   4.97e-01   2.68e-01   3.29e+00   3.44e+00 (  7.05e+01,  9.54e+01)
70      0.203   4.93e-01   6.22e-01   3.91e-01   4.45e+00   4.55e+00 (  7.24e+01,  9.02e+01)
75      0.249   6.26e-01   7.26e-01   4.40e-01   5.54e+00   5.60e+00 (  7.25e+01,  8.53e+01)
80      0.286   7.69e-01   8.28e-01   4.67e-01   6.40e+00   6.46e+00 (  7.16e+01,  8.07e+01)
85      0.324   9.26e-01   9.43e-01   4.69e-01   7.44e+00   7.05e+00 (  7.55e+01,  7.62e+01)
90      0.275   6.62e-01   9.85e-01   6.89e-01   5.75e+00   7.36e+00 (  8.21e+01,  7.20e+01)
95      2.501   5.13e+00   6.66e+00   5.03e+00   1.60e+02   7.44e+00 (  2.81e+03,  6.83e+01)
24 n: 2.272e-06 e: 9.856e-06 i: 2.292e-06 :: e: 1.412e-02 i: 1.682e-02 :: n: 2.888e+01 e:16.449 i:15.469 v:4.993e+03
>>> tau_he = 5.000000, nhe(0)=2.146752e+00
 5     -0.724   1.63e-03   1.77e-01   8.37e-04  -1.74e-02   4.48e-05 (  2.81e-01,  2.24e+01)
10     -0.393   1.80e-04  -2.98e-03  -6.52e-04  -5.11e-02   2.64e-04 (  6.46e-02,  4.34e+01)
15     -0.858   1.27e-02   1.61e-02   9.15e-04  -7.19e-01   1.14e-03 (  6.08e+00,  6.25e+01)
20     -0.085   6.22e-02   1.88e-03   2.66e-02  -3.24e-01   4.17e-03 (  2.93e+01,  7.95e+01)
25     -0.006   9.43e-02   5.24e-02   3.71e-02  -3.76e-02   1.34e-02 (  4.34e+01,  9.44e+01)
30      0.002   1.22e-01   8.58e-02   6.23e-02   1.09e-02   3.83e-02 (  5.37e+01,  1.06e+02)
35      0.005   1.54e-01   1.30e-01   9.32e-02   3.19e-02   9.81e-02 (  6.35e+01,  1.14e+02)
40      0.025   1.77e-01   1.62e-01   1.48e-01   1.89e-01   2.26e-01 (  6.81e+01,  1.17e+02)
45      0.050   2.04e-01   2.11e-01   1.46e-01   4.56e-01   4.72e-01 (  7.20e+01,  1.16e+02)
50      0.065   2.21e-01   2.59e-01   1.52e-01   8.24e-01   8.90e-01 (  7.10e+01,  1.12e+02)
55      0.079   2.46e-01   3.40e-01   1.79e-01   1.39e+00   1.53e+00 (  7.00e+01,  1.07e+02)
60      0.110   2.96e-01   4.14e-01   2.19e-01   2.26e+00   2.39e+00 (  7.04e+01,  1.01e+02)
65      0.151   3.74e-01   4.99e-01   2.69e-01   3.29e+00   3.44e+00 (  7.12e+01,  9.54e+01)
70      0.203   4.95e-01   6.24e-01   3.92e-01   4.47e+00   4.55e+00 (  7.30e+01,  9.02e+01)
75      0.250   6.27e-01   7.27e-01   4.40e-01   5.55e+00   5.60e+00 (  7.29e+01,  8.53e+01)
80      0.287   7.69e-01   8.29e-01   4.66e-01   6.41e+00   6.46e+00 (  7.18e+01,  8.07e+01)
85      0.324   9.26e-01   9.44e-01   4.68e-01   7.44e+00   7.05e+00 (  7.56e+01,  7.62e+01)
90      0.274   6.61e-01   9.83e-01   6.88e-01   5.75e+00   7.36e+00 (  8.21e+01,  7.20e+01)
95      2.501   5.13e+00   6.66e+00   5.03e+00   1.60e+02   7.44e+00 (  2.81e+03,  6.83e+01)
25 n: 2.280e-06 e: 3.361e-06 i: 5.889e-06 :: e: 1.075e-02 i: 1.250e-02 :: n: 2.894e+01 e:16.412 i:15.515 v:4.993e+03
>>> tau_he = 5.000000, nhe(0)=2.163699e+00
 5     -0.726   1.65e-03   1.79e-01   8.38e-04  -1.74e-02   4.48e-05 (  2.83e-01,  2.24e+01)
10     -0.391   2.47e-04  -2.94e-03  -6.91e-04  -5.07e-02   2.64e-04 (  8.82e-02,  4.34e+01)
15     -0.856   1.27e-02   1.61e-02   9.73e-04  -7.17e-01   1.14e-03 (  6.07e+00,  6.25e+01)
20     -0.083   6.20e-02   1.39e-03   2.57e-02  -3.20e-01   4.17e-03 (  2.92e+01,  7.95e+01)
25      0.003   9.37e-02   3.48e-02   3.51e-02   2.33e-02   1.34e-02 (  4.30e+01,  9.44e+01)
30      0.006   1.21e-01   8.40e-02   5.88e-02   4.13e-02   3.83e-02 (  5.31e+01,  1.06e+02)
35      0.012   1.53e-01   1.28e-01   1.02e-01   8.85e-02   9.81e-02 (  6.30e+01,  1.14e+02)
40      0.025   1.76e-01   1.61e-01   1.47e-01   1.95e-01   2.26e-01 (  6.77e+01,  1.17e+02)
45      0.051   2.04e-01   2.10e-01   1.46e-01   4.59e-01   4.72e-01 (  7.16e+01,  1.16e+02)
50      0.065   2.21e-01   2.58e-01   1.52e-01   8.29e-01   8.90e-01 (  7.07e+01,  1.12e+02)
55      0.080   2.46e-01   3.39e-01   1.78e-01   1.40e+00   1.53e+00 (  6.97e+01,  1.07e+02)
60      0.110   2.95e-01   4.14e-01   2.18e-01   2.26e+00   2.39e+00 (  7.01e+01,  1.01e+02)
65      0.151   3.73e-01   4.99e-01   2.70e-01   3.29e+00   3.44e+00 (  7.08e+01,  9.54e+01)
70      0.203   4.94e-01   6.23e-01   3.92e-01   4.46e+00   4.55e+00 (  7.26e+01,  9.02e+01)
75      0.249   6.26e-01   7.26e-01   4.40e-01   5.54e+00   5.60e+00 (  7.25e+01,  8.53e+01)
80      0.286   7.69e-01   8.28e-01   4.67e-01   6.40e+00   6.46e+00 (  7.14e+01,  8.07e+01)
85      0.324   9.27e-01   9.42e-01   4.68e-01   7.43e+00   7.05e+00 (  7.53e+01,  7.62e+01)
90      0.275   6.62e-01   9.84e-01   6.89e-01   5.75e+00   7.36e+00 (  8.21e+01,  7.20e+01)
95      2.501   5.13e+00   6.66e+00   5.03e+00   1.60e+02   7.44e+00 (  2.81e+03,  6.83e+01)
26 n: 7.764e-07 e: 1.111e-05 i: 1.181e-06 :: e: 1.051e-02 i: 1.374e-02 :: n: 2.889e+01 e:16.485 i:15.505 v:4.993e+03
>>> tau_he = 5.000000, nhe(0)=2.154778e+00
 5     -0.729   1.64e-03   1.79e-01   8.39e-04  -1.75e-02   4.48e-05 (  2.83e-01,  2.24e+01)
10     -0.395   1.81e-04  -2.99e-03  -6.29e-04  -5.12e-02   2.64e-04 (  6.49e-02,  4.34e+01)
15     -0.866   1.28e-02   1.62e-02   9.56e-04  -7.25e-01   1.14e-03 (  6.15e+00,  6.25e+01)
20     -0.089   6.28e-02   2.51e-03   2.77e-02  -3.36e-01   4.17e-03 (  2.97e+01,  7.95e+01)
25     -0.014   9.05e-02   5.49e-02   3.94e-02  -9.07e-02   1.34e-02 (  4.18e+01,  9.44e+01)
30      0.003   1.22e-01   8.58e-02   6.09e-02   2.31e-02   3.83e-02 (  5.41e+01,  1.06e+02)
35      0.009   1.55e-01   1.30e-01   1.04e-01   6.50e-02   9.81e-02 (  6.42e+01,  1.14e+02)
40      0.025   1.78e-01   1.62e-01   1.48e-01   1.91e-01   2.26e-01 (  6.87e+01,  1.17e+02)
45      0.050   2.05e-01   2.12e-01   1.47e-01   4.55e-01   4.72e-01 (  7.26e+01,  1.16e+02)
50      0.065   2.22e-01   2.60e-01   1.53e-01   8.28e-01   8.90e-01 (  7.17e+01,  1.12e+02)
55      0.080   2.48e-01   3.41e-01   1.79e-01   1.40e+00   1.53e+00 (  7.06e+01,  1.07e+02)
60      0.110   2.97e-01   4.16e-01   2.20e-01   2.26e+00   2.39e+00 (  7.10e+01,  1.01e+02)
65      0.151   3.75e-01   5.00e-01   2.71e-01   3.30e+00   3.44e+00 (  7.15e+01,  9.54e+01)
70      0.203   4.95e-01   6.25e-01   3.93e-01   4.47e+00   4.55e+00 (  7.32e+01,  9.02e+01)
75      0.250   6.27e-01   7.28e-01   4.40e-01   5.55e+00   5.60e+00 (  7.29e+01,  8.53e+01)
80      0.287   7.69e-01   8.29e-01   4.67e-01   6.41e+00   6.46e+00 (  7.17e+01,  8.07e+01)
85      0.324   9.26e-01   9.43e-01   4.68e-01   7.43e+00   7.05e+00 (  7.55e+01,  7.62e+01)
90      0.274   6.61e-01   9.83e-01   6.88e-01   5.75e+00   7.36e+00 (  8.21e+01,  7.20e+01)
95      2.501   5.13e+00   6.66e+00   5.03e+00   1.60e+02   7.44e+00 (  2.81e+03,  6.83e+01)
27 n: 4.378e-07 e: 1.556e-06 i: 6.713e-06 :: e: 8.075e-03 i: 9.641e-03 :: n: 2.892e+01 e:16.460 i:15.554 v:4.993e+03
>>> tau_he = 5.000000, nhe(0)=2.167358e+00
 5     -0.731   1.65e-03   1.80e-01   8.41e-04  -1.75e-02   4.48e-05 (  2.85e-01,  2.24e+01)
10     -0.394   2.37e-04  -2.96e-03  -6.55e-04  -5.11e-02   2.64e-04 (  8.48e-02,  4.34e+01)
15     -0.866   1.28e-02   1.62e-02   9.49e-04  -7.26e-01   1.14e-03 (  6.15e+00,  6.25e+01)
20     -0.087   6.28e-02   2.19e-03   2.70e-02  -3.32e-01   4.17e-03 (  2.97e+01,  7.95e+01)
25     -0.007   9.48e-02   5.20e-02   3.71e-02  -4.90e-02   1.34e-02 (  4.37e+01,  9.44e+01)
30      0.005   1.22e-01   8.46e-02   5.95e-02   3.22e-02   3.83e-02 (  5.38e+01,  1.06e+02)
35      0.017   1.53e-01   1.27e-01   9.93e-02   1.26e-01   9.81e-02 (  6.36e+01,  1.14e+02)
40      0.025   1.78e-01   1.61e-01   1.46e-01   1.95e-01   2.26e-01 (  6.85e+01,  1.17e+02)
45      0.050   2.05e-01   2.11e-01   1.46e-01   4.58e-01   4.72e-01 (  7.24e+01,  1.16e+02)
50      0.065   2.22e-01   2.59e-01   1.52e-01   8.32e-01   8.90e-01 (  7.16e+01,  1.12e+02)
55      0.080   2.47e-01   3.41e-01   1.79e-01   1.41e+00   1.53e+00 (  7.04e+01,  1.07e+02)
60      0.110   2.97e-01   4.16e-01   2.19e-01   2.27e+00   2.39e+00 (  7.07e+01,  1.01e+02)
65      0.151   3.74e-01   5.01e-01   2.72e-01   3.30e+00   3.44e+00 (  7.12e+01,  9.54e+01)
70      0.203   4.94e-01   6.25e-01   3.93e-01   4.47e+00   4.55e+00 (  7.29e+01,  9.02e+01)
75      0.249   6.26e-01   7.27e-01   4.41e-01   5.54e+00   5.60e+00 (  7.26e+01,  8.53e+01)
80      0.286   7.68e-01   8.28e-01   4.67e-01   6.39e+00   6.46e+00 (  7.14e+01,  8.07e+01)
85      0.324   9.26e-01   9.42e-01   4.68e-01   7.42e+00   7.05e+00 (  7.52e+01,  7.62e+01)
90      0.275   6.62e-01   9.85e-01   6.89e-01   5.76e+00   7.36e+00 (  8.21e+01,  7.20e+01)
95      2.501   5.13e+00   6.66e+00   5.03e+00   1.60e+02   7.44e+00 (  2.81e+03,  6.83e+01)
28 n: 1.530e-06 e: 1.003e-05 i: 4.336e-07 :: e: 7.352e-03 i: 9.596e-03 :: n: 2.890e+01 e:16.527 i:15.546 v:4.993e+03
>>> tau_he = 5.000000, nhe(0)=2.163199e+00
 5     -0.734   1.65e-03   1.80e-01   8.41e-04  -1.76e-02   4.48e-05 (  2.85e-01,  2.24e+01)
10     -0.399   1.83e-04  -3.01e-03  -6.00e-04  -5.18e-02   2.64e-04 (  6.58e-02,  4.34e+01)
15     -0.877   1.29e-02   1.63e-02   8.50e-04  -7.35e-01   1.14e-03 (  6.22e+00,  6.25e+01)
20     -0.088   6.34e-02   3.00e-03   2.79e-02  -3.34e-01   4.17e-03 (  3.01e+01,  7.95e+01)
25     -0.006   9.51e-02   5.24e-02   3.69e-02  -4.05e-02   1.34e-02 (  4.41e+01,  9.44e+01)
30      0.002   1.23e-01   8.63e-02   6.18e-02   1.18e-02   3.83e-02 (  5.48e+01,  1.06e+02)
35      0.007   1.56e-01   1.31e-01   1.06e-01   4.65e-02   9.81e-02 (  6.50e+01,  1.14e+02)
40      0.024   1.79e-01   1.63e-01   1.48e-01   1.88e-01   2.26e-01 (  6.95e+01,  1.17e+02)
45      0.043   2.02e-01   2.17e-01   1.43e-01   3.92e-01   4.72e-01 (  7.19e+01,  1.16e+02)
50      0.065   2.24e-01   2.61e-01   1.53e-01   8.31e-01   8.90e-01 (  7.25e+01,  1.12e+02)
55      0.080   2.49e-01   3.43e-01   1.80e-01   1.40e+00   1.53e+00 (  7.13e+01,  1.07e+02)
60      0.110   2.99e-01   4.18e-01   2.20e-01   2.27e+00   2.39e+00 (  7.16e+01,  1.01e+02)
65      0.152   3.75e-01   5.02e-01   2.73e-01   3.31e+00   3.44e+00 (  7.19e+01,  9.54e+01)
70      0.204   4.96e-01   6.27e-01   3.94e-01   4.48e+00   4.55e+00 (  7.35e+01,  9.02e+01)
75      0.250   6.27e-01   7.29e-01   4.41e-01   5.55e+00   5.60e+00 (  7.30e+01,  8.53e+01)
80      0.287   7.68e-01   8.29e-01   4.67e-01   6.40e+00   6.46e+00 (  7.17e+01,  8.07e+01)
85      0.324   9.25e-01   9.42e-01   4.68e-01   7.42e+00   7.05e+00 (  7.54e+01,  7.62e+01)
90      0.274   6.62e-01   9.84e-01   6.88e-01   5.75e+00   7.36e+00 (  8.22e+01,  7.20e+01)
95      2.501   5.13e+00   6.66e+00   5.03e+00   1.60e+02   7.44e+00 (  2.81e+03,  6.83e+01)
29 n: 2.679e-06 e: 7.902e-07 i: 6.232e-06 :: e: 5.273e-03 i: 6.738e-03 :: n: 2.896e+01 e:16.509 i:15.594 v:4.993e+03
>>> tau_he = 5.000000, nhe(0)=2.180117e+00
 5     -0.738   1.66e-03   1.81e-01   8.41e-04  -1.77e-02   4.48e-05 (  2.88e-01,  2.24e+01)
10     -0.399   2.43e-04  -2.99e-03  -6.18e-04  -5.18e-02   2.64e-04 (  8.77e-02,  4.34e+01)
15     -0.878   1.30e-02   1.63e-02   8.73e-04  -7.36e-01   1.14e-03 (  6.24e+00,  6.25e+01)
20     -0.086   6.33e-02   2.51e-03   2.71e-02  -3.32e-01   4.17e-03 (  3.00e+01,  7.95e+01)
25      0.003   9.48e-02   3.50e-02   3.51e-02   2.00e-02   1.34e-02 (  4.39e+01,  9.44e+01)
30      0.005   1.22e-01   8.49e-02   5.89e-02   3.76e-02   3.83e-02 (  5.44e+01,  1.06e+02)
35      0.009   1.55e-01   1.30e-01   1.03e-01   6.78e-02   9.81e-02 (  6.46e+01,  1.14e+02)
40      0.025   1.79e-01   1.62e-01   1.46e-01   1.95e-01   2.26e-01 (  6.93e+01,  1.17e+02)
45      0.052   2.05e-01   2.12e-01   1.46e-01   4.73e-01   4.72e-01 (  7.28e+01,  1.16e+02)
50      0.065   2.24e-01   2.61e-01   1.52e-01   8.36e-01   8.90e-01 (  7.24e+01,  1.12e+02)
55      0.080   2.49e-01   3.42e-01   1.79e-01   1.41e+00   1.53e+00 (  7.12e+01,  1.07e+02)
60      0.110   2.98e-01   4.18e-01   2.20e-01   2.28e+00   2.39e+00 (  7.14e+01,  1.01e+02)
65      0.152   3.75e-01   5.03e-01   2.74e-01   3.30e+00   3.44e+00 (  7.17e+01,  9.54e+01)
70      0.203   4.95e-01   6.27e-01   3.94e-01   4.48e+00   4.55e+00 (  7.32e+01,  9.02e+01)
75      0.249   6.26e-01   7.29e-01   4.42e-01   5.55e+00   5.60e+00 (  7.28e+01,  8.53e+01)
80      0.286   7.68e-01   8.28e-01   4.68e-01   6.39e+00   6.46e+00 (  7.14e+01,  8.07e+01)
85      0.323   9.24e-01   9.41e-01   4.69e-01   7.41e+00   7.05e+00 (  7.52e+01,  7.62e+01)
90      0.275   6.62e-01   9.85e-01   6.90e-01   5.76e+00   7.36e+00 (  8.22e+01,  7.20e+01)
95      2.501   5.13e+00   6.66e+00   5.03e+00   1.60e+02   7.44e+00 (  2.81e+03,  6.83e+01)
30 n: 1.067e-06 e: 1.060e-05 i: 6.032e-07 :: e: 4.524e-03 i: 7.454e-03 :: n: 2.892e+01 e:16.579 i:15.597 v:4.993e+03
>>> tau_he = 5.000000, nhe(0)=2.175604e+00
 5     -0.742   1.66e-03   1.81e-01   8.43e-04  -1.78e-02   4.48e-05 (  2.88e-01,  2.24e+01)
10     -0.404   1.96e-04  -3.03e-03  -5.52e-04  -5.24e-02   2.64e-04 (  7.09e-02,  4.34e+01)
15     -0.890   1.31e-02   1.65e-02   8.46e-04  -7.45e-01   1.14e-03 (  6.33e+00,  6.25e+01)
20     -0.091   6.40e-02   3.35e-03   2.87e-02  -3.45e-01   4.17e-03 (  3.05e+01,  7.95e+01)
25     -0.013   9.14e-02   5.48e-02   3.86e-02  -8.37e-02   1.34e-02 (  4.25e+01,  9.44e+01)
30      0.004   1.23e-01   8.63e-02   6.01e-02   2.78e-02   3.83e-02 (  5.52e+01,  1.06e+02)
35      0.010   1.56e-01   1.31e-01   1.02e-01   7.06e-02   9.81e-02 (  6.55e+01,  1.14e+02)
40      0.024   1.80e-01   1.64e-01   1.47e-01   1.92e-01   2.26e-01 (  7.02e+01,  1.17e+02)
45      0.044   2.02e-01   2.18e-01   1.43e-01   4.06e-01   4.72e-01 (  7.24e+01,  1.16e+02)
50      0.065   2.25e-01   2.63e-01   1.53e-01   8.35e-01   8.90e-01 (  7.34e+01,  1.12e+02)
55      0.080   2.51e-01   3.44e-01   1.80e-01   1.41e+00   1.53e+00 (  7.21e+01,  1.07e+02)
60      0.111   3.00e-01   4.19e-01   2.21e-01   2.28e+00   2.39e+00 (  7.23e+01,  1.01e+02)
65      0.152   3.76e-01   5.04e-01   2.75e-01   3.31e+00   3.44e+00 (  7.24e+01,  9.54e+01)
70      0.204   4.96e-01   6.29e-01   3.95e-01   4.48e+00   4.55e+00 (  7.38e+01,  9.02e+01)
75      0.250   6.27e-01   7.30e-01   4.42e-01   5.56e+00   5.60e+00 (  7.32e+01,  8.53e+01)
80      0.286   7.67e-01   8.30e-01   4.68e-01   6.40e+00   6.46e+00 (  7.17e+01,  8.07e+01)
85      0.323   9.23e-01   9.42e-01   4.69e-01   7.42e+00   7.05e+00 (  7.54e+01,  7.62e+01)
90      0.275   6.62e-01   9.85e-01   6.89e-01   5.76e+00   7.36e+00 (  8.23e+01,  7.20e+01)
95      2.501   5.13e+00   6.66e+00   5.03e+00   1.60e+02   7.44e+00 (  2.81e+03,  6.83e+01)
31 n: 1.779e-06 e: 2.327e-07 i: 6.683e-06 :: e: 3.813e-03 i: 5.395e-03 :: n: 2.895e+01 e:16.571 i:15.645 v:4.993e+03
>>> tau_he = 5.000000, nhe(0)=2.187362e+00
 5     -0.746   1.67e-03   1.82e-01   8.44e-04  -1.79e-02   4.48e-05 (  2.91e-01,  2.24e+01)
10     -0.406   2.44e-04  -3.02e-03  -5.58e-04  -5.26e-02   2.64e-04 (  8.85e-02,  4.34e+01)
15     -0.893   1.31e-02   1.65e-02   8.08e-04  -7.48e-01   1.14e-03 (  6.35e+00,  6.25e+01)
20     -0.090   6.41e-02   3.07e-03   2.81e-02  -3.42e-01   4.17e-03 (  3.05e+01,  7.95e+01)
25     -0.007   9.59e-02   5.22e-02   3.69e-02  -4.73e-02   1.34e-02 (  4.46e+01,  9.44e+01)
30      0.004   1.23e-01   8.55e-02   5.95e-02   2.95e-02   3.83e-02 (  5.52e+01,  1.06e+02)
35      0.010   1.56e-01   1.30e-01   1.01e-01   7.66e-02   9.81e-02 (  6.53e+01,  1.14e+02)
40      0.025   1.80e-01   1.63e-01   1.45e-01   1.96e-01   2.26e-01 (  7.01e+01,  1.17e+02)
45      0.051   2.06e-01   2.13e-01   1.47e-01   4.74e-01   4.72e-01 (  7.38e+01,  1.16e+02)
50      0.065   2.25e-01   2.62e-01   1.53e-01   8.40e-01   8.90e-01 (  7.33e+01,  1.12e+02)
55      0.080   2.51e-01   3.44e-01   1.80e-01   1.42e+00   1.53e+00 (  7.20e+01,  1.07e+02)
60      0.111   3.00e-01   4.20e-01   2.21e-01   2.28e+00   2.39e+00 (  7.21e+01,  1.01e+02)
65      0.152   3.76e-01   5.05e-01   2.77e-01   3.31e+00   3.44e+00 (  7.23e+01,  9.54e+01)
70      0.204   4.95e-01   6.29e-01   3.95e-01   4.48e+00   4.55e+00 (  7.36e+01,  9.02e+01)
75      0.250   6.26e-01   7.31e-01   4.43e-01   5.55e+00   5.60e+00 (  7.31e+01,  8.53e+01)
80      0.286   7.67e-01   8.30e-01   4.69e-01   6.39e+00   6.46e+00 (  7.16e+01,  8.07e+01)
85      0.323   9.22e-01   9.41e-01   4.70e-01   7.41e+00   7.05e+00 (  7.53e+01,  7.62e+01)
90      0.275   6.62e-01   9.87e-01   6.90e-01   5.76e+00   7.36e+00 (  8.23e+01,  7.20e+01)
95      2.501   5.13e+00   6.66e+00   5.03e+00   1.60e+02   7.44e+00 (  2.81e+03,  6.83e+01)
32 n: 5.984e-07 e: 9.062e-06 i: 9.073e-08 :: e: 2.447e-03 i: 4.342e-03 :: n: 2.895e+01 e:16.634 i:15.649 v:4.993e+03
>>> tau_he = 5.000000, nhe(0)=2.188198e+00
 5     -0.750   1.67e-03   1.82e-01   8.44e-04  -1.80e-02   4.48e-05 (  2.92e-01,  2.24e+01)
10     -0.412   2.09e-04  -3.07e-03  -5.10e-04  -5.34e-02   2.64e-04 (  7.62e-02,  4.34e+01)
15     -0.905   1.32e-02   1.66e-02   6.94e-04  -7.58e-01   1.14e-03 (  6.44e+00,  6.25e+01)
20     -0.090   6.46e-02   3.66e-03   2.88e-02  -3.44e-01   4.17e-03 (  3.09e+01,  7.95e+01)
25     -0.005   9.61e-02   5.24e-02   3.65e-02  -3.71e-02   1.34e-02 (  4.50e+01,  9.44e+01)
30      0.003   1.24e-01   8.66e-02   6.04e-02   2.32e-02   3.83e-02 (  5.59e+01,  1.06e+02)
35      0.012   1.61e-01   1.30e-01   1.03e-01   8.78e-02   9.81e-02 (  6.76e+01,  1.14e+02)
40      0.024   1.81e-01   1.64e-01   1.46e-01   1.92e-01   2.26e-01 (  7.10e+01,  1.17e+02)
45      0.044   2.04e-01   2.19e-01   1.44e-01   4.06e-01   4.72e-01 (  7.32e+01,  1.16e+02)
50      0.065   2.27e-01   2.64e-01   1.54e-01   8.38e-01   8.90e-01 (  7.42e+01,  1.12e+02)
55      0.080   2.52e-01   3.46e-01   1.81e-01   1.41e+00   1.53e+00 (  7.28e+01,  1.07e+02)
60      0.111   3.01e-01   4.22e-01   2.22e-01   2.28e+00   2.39e+00 (  7.30e+01,  1.01e+02)
65      0.152   3.77e-01   5.06e-01   2.78e-01   3.31e+00   3.44e+00 (  7.30e+01,  9.54e+01)
70      0.204   4.96e-01   6.31e-01   3.96e-01   4.49e+00   4.55e+00 (  7.42e+01,  9.02e+01)
75      0.250   6.26e-01   7.32e-01   4.44e-01   5.56e+00   5.60e+00 (  7.35e+01,  8.53e+01)
80      0.286   7.66e-01   8.31e-01   4.70e-01   6.40e+00   6.46e+00 (  7.19e+01,  8.07e+01)
85      0.323   9.21e-01   9.42e-01   4.70e-01   7.41e+00   7.05e+00 (  7.55e+01,  7.62e+01)
90      0.275   6.62e-01   9.86e-01   6.90e-01   5.76e+00   7.36e+00 (  8.25e+01,  7.20e+01)
95      2.501   5.13e+00   6.66e+00   5.03e+00   1.60e+02   7.44e+00 (  2.81e+03,  6.83e+01)
33 n: 2.385e-06 e: 1.161e-07 i: 6.077e-06 :: e: 4.129e-03 i: 4.444e-03 :: n: 2.896e+01 e:16.631 i:15.696 v:4.993e+03
>>> tau_he = 5.000000, nhe(0)=2.198680e+00
 5     -0.754   1.68e-03   1.83e-01   8.46e-04  -1.81e-02   4.48e-05 (  2.94e-01,  2.24e+01)
10     -0.414   2.59e-04  -3.06e-03  -4.99e-04  -5.37e-02   2.64e-04 (  9.44e-02,  4.34e+01)
15     -0.909   1.33e-02   1.67e-02   6.93e-04  -7.61e-01   1.14e-03 (  6.47e+00,  6.25e+01)
20     -0.089   6.47e-02   3.31e-03   2.82e-02  -3.43e-01   4.17e-03 (  3.10e+01,  7.95e+01)
25      0.002   9.60e-02   3.49e-02   3.84e-02   1.32e-02   1.34e-02 (  4.49e+01,  9.44e+01)
30      0.004   1.24e-01   8.61e-02   5.99e-02   2.54e-02   3.83e-02 (  5.59e+01,  1.06e+02)
35      0.010   1.57e-01   1.31e-01   1.02e-01   7.04e-02   9.81e-02 (  6.61e+01,  1.14e+02)
40      0.025   1.81e-01   1.64e-01   1.45e-01   1.95e-01   2.26e-01 (  7.10e+01,  1.17e+02)
45      0.045   2.04e-01   2.18e-01   1.43e-01   4.11e-01   4.72e-01 (  7.33e+01,  1.16e+02)
50      0.066   2.27e-01   2.64e-01   1.53e-01   8.43e-01   8.90e-01 (  7.43e+01,  1.12e+02)
55      0.081   2.52e-01   3.46e-01   1.81e-01   1.42e+00   1.53e+00 (  7.28e+01,  1.07e+02)
60      0.111   3.01e-01   4.22e-01   2.22e-01   2.28e+00   2.39e+00 (  7.29e+01,  1.01e+02)
65      0.152   3.77e-01   5.07e-01   2.79e-01   3.31e+00   3.44e+00 (  7.29e+01,  9.54e+01)
70      0.204   4.96e-01   6.32e-01   3.97e-01   4.49e+00   4.55e+00 (  7.41e+01,  9.02e+01)
75      0.250   6.25e-01   7.33e-01   4.44e-01   5.55e+00   5.60e+00 (  7.34e+01,  8.53e+01)
80      0.286   7.65e-01   8.31e-01   4.71e-01   6.39e+00   6.46e+00 (  7.18e+01,  8.07e+01)
85      0.323   9.20e-01   9.42e-01   4.71e-01   7.40e+00   7.05e+00 (  7.54e+01,  7.62e+01)
90      0.275   6.63e-01   9.88e-01   6.92e-01   5.77e+00   7.36e+00 (  8.25e+01,  7.20e+01)
95      2.501   5.13e+00   6.66e+00   5.03e+00   1.60e+02   7.44e+00 (  2.81e+03,  6.83e+01)
34 n: 1.812e-06 e: 8.104e-06 i: 8.484e-07 :: e: 2.713e-03 i: 5.189e-03 :: n: 2.896e+01 e:16.691 i:15.706 v:4.993e+03
>>> tau_he = 5.000000, nhe(0)=2.200530e+00
 5     -0.759   1.68e-03   1.84e-01   8.46e-04  -1.82e-02   4.48e-05 (  2.96e-01,  2.24e+01)
10     -0.419   2.32e-04  -3.10e-03  -4.49e-04  -5.44e-02   2.64e-04 (  8.49e-02,  4.34e+01)
15     -0.920   1.34e-02   1.68e-02   6.55e-04  -7.70e-01   1.14e-03 (  6.56e+00,  6.25e+01)
20     -0.092   6.53e-02   3.88e-03   2.93e-02  -3.52e-01   4.17e-03 (  3.14e+01,  7.95e+01)
25     -0.002   9.69e-02   5.41e-02   3.76e-02  -1.40e-02   1.34e-02 (  4.55e+01,  9.44e+01)
30      0.004   1.25e-01   8.69e-02   5.97e-02   3.01e-02   3.83e-02 (  5.65e+01,  1.06e+02)
35      0.012   1.62e-01   1.30e-01   1.03e-01   8.87e-02   9.81e-02 (  6.83e+01,  1.14e+02)
40      0.025   1.82e-01   1.65e-01   1.45e-01   1.95e-01   2.26e-01 (  7.18e+01,  1.17e+02)
45      0.044   2.05e-01   2.19e-01   1.44e-01   4.12e-01   4.72e-01 (  7.41e+01,  1.16e+02)
50      0.066   2.28e-01   2.66e-01   1.54e-01   8.43e-01   8.90e-01 (  7.51e+01,  1.12e+02)
55      0.081   2.53e-01   3.47e-01   1.81e-01   1.42e+00   1.53e+00 (  7.36e+01,  1.07e+02)
60      0.111   3.03e-01   4.24e-01   2.22e-01   2.28e+00   2.39e+00 (  7.37e+01,  1.01e+02)
65      0.152   3.78e-01   5.09e-01   2.81e-01   3.32e+00   3.44e+00 (  7.35e+01,  9.54e+01)
70      0.204   4.97e-01   6.33e-01   3.98e-01   4.49e+00   4.55e+00 (  7.47e+01,  9.02e+01)
75      0.250   6.26e-01   7.34e-01   4.45e-01   5.56e+00   5.60e+00 (  7.38e+01,  8.53e+01)
80      0.286   7.65e-01   8.32e-01   4.71e-01   6.40e+00   6.46e+00 (  7.21e+01,  8.07e+01)
85      0.323   9.18e-01   9.42e-01   4.71e-01   7.40e+00   7.05e+00 (  7.57e+01,  7.62e+01)
90      0.275   6.63e-01   9.88e-01   6.92e-01   5.76e+00   7.36e+00 (  8.26e+01,  7.20e+01)
95      2.501   5.13e+00   6.66e+00   5.03e+00   1.60e+02   7.44e+00 (  2.81e+03,  6.83e+01)
35 n: 2.021e-06 e: 1.053e-07 i: 5.575e-06 :: e: 4.050e-03 i: 4.921e-03 :: n: 2.897e+01 e:16.696 i:15.750 v:4.993e+03
>>> tau_he = 5.000000, nhe(0)=2.208736e+00
 5     -0.764   1.69e-03   1.85e-01   8.48e-04  -1.83e-02   4.48e-05 (  2.98e-01,  2.24e+01)
10     -0.422   2.78e-04  -3.10e-03  -4.26e-04  -5.48e-02   2.64e-04 (  1.02e-01,  4.34e+01)
15     -0.926   1.35e-02   1.69e-02   6.20e-04  -7.75e-01   1.14e-03 (  6.61e+00,  6.25e+01)
20     -0.091   6.54e-02   3.68e-03   2.89e-02  -3.51e-01   4.17e-03 (  3.15e+01,  7.95e+01)
25     -0.000   9.67e-02   5.32e-02   3.66e-02  -3.20e-03   1.34e-02 (  4.55e+01,  9.44e+01)
30      0.003   1.25e-01   8.67e-02   6.00e-02   2.31e-02   3.83e-02 (  5.66e+01,  1.06e+02)
35      0.012   1.62e-01   1.30e-01   1.03e-01   8.48e-02   9.81e-02 (  6.84e+01,  1.14e+02)
40      0.025   1.82e-01   1.65e-01   1.44e-01   1.97e-01   2.26e-01 (  7.18e+01,  1.17e+02)
45      0.051   2.09e-01   2.15e-01   1.47e-01   4.79e-01   4.72e-01 (  7.57e+01,  1.16e+02)
50      0.066   2.28e-01   2.66e-01   1.53e-01   8.47e-01   8.90e-01 (  7.51e+01,  1.12e+02)
55      0.081   2.53e-01   3.47e-01   1.81e-01   1.42e+00   1.53e+00 (  7.36e+01,  1.07e+02)
60      0.111   3.03e-01   4.24e-01   2.22e-01   2.29e+00   2.39e+00 (  7.37e+01,  1.01e+02)
65      0.152   3.78e-01   5.09e-01   2.82e-01   3.32e+00   3.44e+00 (  7.35e+01,  9.54e+01)
70      0.204   4.96e-01   6.34e-01   3.98e-01   4.49e+00   4.55e+00 (  7.46e+01,  9.02e+01)
75      0.250   6.25e-01   7.35e-01   4.46e-01   5.55e+00   5.60e+00 (  7.38e+01,  8.53e+01)
80      0.286   7.64e-01   8.32e-01   4.72e-01   6.39e+00   6.46e+00 (  7.21e+01,  8.07e+01)
85      0.322   9.17e-01   9.42e-01   4.72e-01   7.39e+00   7.05e+00 (  7.56e+01,  7.62e+01)
90      0.275   6.63e-01   9.90e-01   6.93e-01   5.77e+00   7.36e+00 (  8.27e+01,  7.20e+01)
95      2.501   5.13e+00   6.66e+00   5.03e+00   1.60e+02   7.44e+00 (  2.81e+03,  6.83e+01)
36 n: 8.998e-07 e: 6.564e-06 i: 2.579e-07 :: e: 3.760e-03 i: 4.219e-03 :: n: 2.897e+01 e:16.749 i:15.759 v:4.993e+03
>>> tau_he = 5.000000, nhe(0)=2.210742e+00
 5     -0.768   1.69e-03   1.85e-01   8.48e-04  -1.84e-02   4.48e-05 (  2.99e-01,  2.24e+01)
10     -0.429   2.57e-04  -3.14e-03  -3.93e-04  -5.56e-02   2.64e-04 (  9.47e-02,  4.34e+01)
15     -0.937   1.36e-02   1.70e-02   4.90e-04  -7.85e-01   1.14e-03 (  6.69e+00,  6.25e+01)
20     -0.092   6.59e-02   4.16e-03   2.94e-02  -3.52e-01   4.17e-03 (  3.18e+01,  7.95e+01)
25      0.006   9.75e-02   3.72e-02   3.60e-02   4.55e-02   1.34e-02 (  4.60e+01,  9.44e+01)
30      0.003   1.26e-01   8.74e-02   6.02e-02   2.26e-02   3.83e-02 (  5.72e+01,  1.06e+02)
35      0.011   1.63e-01   1.31e-01   1.04e-01   7.95e-02   9.81e-02 (  6.90e+01,  1.14e+02)
40      0.024   1.83e-01   1.66e-01   1.45e-01   1.93e-01   2.26e-01 (  7.25e+01,  1.17e+02)
45      0.044   2.06e-01   2.20e-01   1.44e-01   4.12e-01   4.72e-01 (  7.49e+01,  1.16e+02)
50      0.066   2.30e-01   2.67e-01   1.54e-01   8.45e-01   8.90e-01 (  7.59e+01,  1.12e+02)
55      0.081   2.55e-01   3.49e-01   1.82e-01   1.42e+00   1.53e+00 (  7.43e+01,  1.07e+02)
60      0.111   3.04e-01   4.26e-01   2.24e-01   2.28e+00   2.39e+00 (  7.44e+01,  1.01e+02)
65      0.152   3.79e-01   5.11e-01   2.83e-01   3.32e+00   3.44e+00 (  7.41e+01,  9.54e+01)
70      0.205   4.97e-01   6.36e-01   3.99e-01   4.49e+00   4.55e+00 (  7.51e+01,  9.02e+01)
75      0.250   6.25e-01   7.37e-01   4.47e-01   5.56e+00   5.60e+00 (  7.42e+01,  8.53e+01)
80      0.286   7.63e-01   8.34e-01   4.73e-01   6.40e+00   6.46e+00 (  7.24e+01,  8.07e+01)
85      0.322   9.16e-01   9.43e-01   4.73e-01   7.40e+00   7.05e+00 (  7.58e+01,  7.62e+01)
90      0.275   6.63e-01   9.90e-01   6.93e-01   5.77e+00   7.36e+00 (  8.28e+01,  7.20e+01)
95      2.501   5.13e+00   6.66e+00   5.03e+00   1.60e+02   7.44e+00 (  2.81e+03,  6.83e+01)
37 n: 2.188e-06 e: 1.318e-07 i: 5.153e-06 :: e: 4.513e-03 i: 6.190e-03 :: n: 2.894e+01 e:16.753 i:15.803 v:4.993e+03
>>> tau_he = 5.000000, nhe(0)=2.213916e+00
 5     -0.772   1.70e-03   1.86e-01   8.52e-04  -1.85e-02   4.48e-05 (  3.01e-01,  2.24e+01)
10     -0.431   2.97e-04  -3.14e-03  -3.53e-04  -5.59e-02   2.64e-04 (  1.09e-01,  4.34e+01)
15     -0.942   1.37e-02   1.71e-02   5.37e-04  -7.88e-01   1.14e-03 (  6.73e+00,  6.25e+01)
20     -0.098   6.62e-02   4.22e-03   3.03e-02  -3.68e-01   4.17e-03 (  3.19e+01,  7.95e+01)
25     -0.012   9.37e-02   5.65e-02   4.00e-02  -7.40e-02   1.34e-02 (  4.42e+01,  9.44e+01)
30      0.005   1.26e-01   8.69e-02   5.90e-02   3.54e-02   3.83e-02 (  5.71e+01,  1.06e+02)
35      0.012   1.63e-01   1.31e-01   1.03e-01   8.59e-02   9.81e-02 (  6.89e+01,  1.14e+02)
40      0.025   1.83e-01   1.65e-01   1.44e-01   1.98e-01   2.26e-01 (  7.26e+01,  1.17e+02)
45      0.044   2.06e-01   2.19e-01   1.44e-01   4.16e-01   4.72e-01 (  7.50e+01,  1.16e+02)
50      0.066   2.30e-01   2.67e-01   1.54e-01   8.48e-01   8.90e-01 (  7.60e+01,  1.12e+02)
55      0.081   2.55e-01   3.49e-01   1.82e-01   1.42e+00   1.53e+00 (  7.44e+01,  1.07e+02)
60      0.112   3.04e-01   4.26e-01   2.23e-01   2.29e+00   2.39e+00 (  7.44e+01,  1.01e+02)
65      0.153   3.79e-01   5.12e-01   2.84e-01   3.32e+00   3.44e+00 (  7.41e+01,  9.54e+01)
70      0.205   4.97e-01   6.37e-01   4.00e-01   4.49e+00   4.55e+00 (  7.51e+01,  9.02e+01)
75      0.250   6.24e-01   7.37e-01   4.48e-01   5.56e+00   5.60e+00 (  7.42e+01,  8.53e+01)
80      0.286   7.63e-01   8.34e-01   4.74e-01   6.39e+00   6.46e+00 (  7.24e+01,  8.07e+01)
85      0.322   9.15e-01   9.43e-01   4.74e-01   7.39e+00   7.05e+00 (  7.58e+01,  7.62e+01)
90      0.275   6.63e-01   9.91e-01   6.94e-01   5.77e+00   7.36e+00 (  8.29e+01,  7.20e+01)
95      2.501   5.13e+00   6.66e+00   5.03e+00   1.60e+02   7.44e+00 (  2.81e+03,  6.83e+01)
38 n: 1.870e-06 e: 5.145e-06 i: 4.497e-07 :: e: 4.219e-03 i: 5.516e-03 :: n: 2.894e+01 e:16.800 i:15.808 v:4.993e+03
>>> tau_he = 5.000000, nhe(0)=2.215102e+00
 5     -0.776   1.70e-03   1.86e-01   8.51e-04  -1.86e-02   4.48e-05 (  3.02e-01,  2.24e+01)
10     -0.437   2.77e-04  -3.18e-03  -3.35e-04  -5.67e-02   2.64e-04 (  1.02e-01,  4.34e+01)
15     -0.959   1.37e-02   1.66e-02   1.09e-04  -8.02e-01   1.14e-03 (  6.78e+00,  6.25e+01)
20     -0.097   6.66e-02   4.67e-03   3.07e-02  -3.67e-01   4.17e-03 (  3.22e+01,  7.95e+01)
25     -0.012   9.92e-02   5.61e-02   3.95e-02  -7.61e-02   1.34e-02 (  4.70e+01,  9.44e+01)
30      0.003   1.26e-01   8.77e-02   6.02e-02   2.07e-02   3.83e-02 (  5.77e+01,  1.06e+02)
35      0.011   1.63e-01   1.32e-01   1.04e-01   8.04e-02   9.81e-02 (  6.94e+01,  1.14e+02)
40      0.025   1.84e-01   1.66e-01   1.44e-01   1.97e-01   2.26e-01 (  7.31e+01,  1.17e+02)
45      0.044   2.07e-01   2.20e-01   1.44e-01   4.17e-01   4.72e-01 (  7.57e+01,  1.16e+02)
50      0.066   2.31e-01   2.68e-01   1.54e-01   8.49e-01   8.90e-01 (  7.66e+01,  1.12e+02)
55      0.081   2.56e-01   3.50e-01   1.83e-01   1.42e+00   1.53e+00 (  7.50e+01,  1.07e+02)
60      0.112   3.06e-01   4.27e-01   2.24e-01   2.29e+00   2.39e+00 (  7.50e+01,  1.01e+02)
65      0.153   3.80e-01   5.13e-01   2.86e-01   3.32e+00   3.44e+00 (  7.46e+01,  9.54e+01)
70      0.205   4.98e-01   6.38e-01   4.01e-01   4.50e+00   4.55e+00 (  7.56e+01,  9.02e+01)
75      0.250   6.25e-01   7.39e-01   4.49e-01   5.56e+00   5.60e+00 (  7.45e+01,  8.53e+01)
80      0.286   7.62e-01   8.35e-01   4.75e-01   6.40e+00   6.46e+00 (  7.27e+01,  8.07e+01)
85      0.322   9.13e-01   9.43e-01   4.75e-01   7.39e+00   7.05e+00 (  7.61e+01,  7.62e+01)
90      0.275   6.63e-01   9.92e-01   6.95e-01   5.77e+00   7.36e+00 (  8.30e+01,  7.20e+01)
95      2.501   5.13e+00   6.66e+00   5.03e+00   1.60e+02   7.44e+00 (  2.81e+03,  6.83e+01)
39 n: 1.582e-06 e: 1.629e-07 i: 3.320e-06 :: e: 5.694e-03 i: 6.300e-03 :: n: 2.896e+01 e:16.799 i:15.841 v:4.993e+03
>>> tau_he = 5.000000, nhe(0)=2.223981e+00
 5     -0.779   1.71e-03   1.87e-01   8.52e-04  -1.87e-02   4.48e-05 (  3.04e-01,  2.24e+01)
10     -0.440   3.20e-04  -3.18e-03  -3.24e-04  -5.71e-02   2.64e-04 (  1.18e-01,  4.34e+01)
15     -0.959   1.14e-02   1.71e-02  -4.65e-05  -8.02e-01   1.14e-03 (  5.64e+00,  6.25e+01)
20     -0.096   6.66e-02   4.37e-03   3.01e-02  -3.63e-01   4.17e-03 (  3.22e+01,  7.95e+01)
25     -0.003   9.81e-02   5.36e-02   3.74e-02  -2.03e-02   1.34e-02 (  4.64e+01,  9.44e+01)
30      0.004   1.26e-01   8.72e-02   5.94e-02   3.05e-02   3.83e-02 (  5.75e+01,  1.06e+02)
35      0.009   1.60e-01   1.33e-01   1.03e-01   6.62e-02   9.81e-02 (  6.78e+01,  1.14e+02)
40      0.025   1.84e-01   1.66e-01   1.43e-01   1.99e-01   2.26e-01 (  7.31e+01,  1.17e+02)
45      0.044   2.07e-01   2.20e-01   1.44e-01   4.21e-01   4.72e-01 (  7.57e+01,  1.16e+02)
50      0.066   2.31e-01   2.68e-01   1.54e-01   8.51e-01   8.90e-01 (  7.66e+01,  1.12e+02)
55      0.081   2.56e-01   3.50e-01   1.83e-01   1.42e+00   1.53e+00 (  7.50e+01,  1.07e+02)
60      0.112   3.06e-01   4.28e-01   2.24e-01   2.29e+00   2.39e+00 (  7.50e+01,  1.01e+02)
65      0.153   3.80e-01   5.14e-01   2.87e-01   3.32e+00   3.44e+00 (  7.46e+01,  9.54e+01)
70      0.205   4.97e-01   6.39e-01   4.01e-01   4.49e+00   4.55e+00 (  7.56e+01,  9.02e+01)
75      0.250   6.24e-01   7.39e-01   4.49e-01   5.56e+00   5.60e+00 (  7.45e+01,  8.53e+01)
80      0.286   7.61e-01   8.36e-01   4.76e-01   6.39e+00   6.46e+00 (  7.27e+01,  8.07e+01)
85      0.322   9.12e-01   9.43e-01   4.76e-01   7.39e+00   7.05e+00 (  7.61e+01,  7.62e+01)
90      0.276   6.64e-01   9.93e-01   6.96e-01   5.78e+00   7.36e+00 (  8.31e+01,  7.20e+01)
95      2.501   5.13e+00   6.66e+00   5.03e+00   1.60e+02   7.44e+00 (  2.81e+03,  6.83e+01)
40 n: 1.258e-06 e: 4.332e-06 i: 1.557e-07 :: e: 4.946e-03 i: 5.777e-03 :: n: 2.897e+01 e:16.843 i:15.847 v:4.993e+03
>>> tau_he = 5.000000, nhe(0)=2.226498e+00
 5     -0.783   1.71e-03   1.87e-01   8.51e-04  -1.88e-02   4.48e-05 (  3.06e-01,  2.24e+01)
10     -0.446  -6.10e-05  -3.07e-03  -3.56e-04  -5.79e-02   2.64e-04 ( -2.27e-02,  4.34e+01)
15     -0.969   1.15e-02   1.72e-02  -1.35e-04  -8.11e-01   1.14e-03 (  5.72e+00,  6.25e+01)
20     -0.095   6.69e-02   4.61e-03   3.04e-02  -3.64e-01   4.17e-03 (  3.24e+01,  7.95e+01)
25     -0.001   9.81e-02   5.35e-02   3.68e-02  -1.02e-02   1.34e-02 (  4.66e+01,  9.44e+01)
30      0.004   1.27e-01   8.78e-02   5.98e-02   2.61e-02   3.83e-02 (  5.80e+01,  1.06e+02)
35      0.012   1.64e-01   1.32e-01   1.03e-01   8.48e-02   9.81e-02 (  6.99e+01,  1.14e+02)
40      0.025   1.85e-01   1.67e-01   1.44e-01   1.98e-01   2.26e-01 (  7.37e+01,  1.17e+02)
45      0.044   2.08e-01   2.21e-01   1.44e-01   4.21e-01   4.72e-01 (  7.62e+01,  1.16e+02)
50      0.066   2.32e-01   2.69e-01   1.55e-01   8.51e-01   8.90e-01 (  7.72e+01,  1.12e+02)
55      0.081   2.57e-01   3.51e-01   1.83e-01   1.42e+00   1.53e+00 (  7.56e+01,  1.07e+02)
60      0.112   3.07e-01   4.29e-01   2.25e-01   2.28e+00   2.39e+00 (  7.55e+01,  1.01e+02)
65      0.153   3.81e-01   5.15e-01   2.88e-01   3.32e+00   3.44e+00 (  7.51e+01,  9.54e+01)
70      0.205   4.98e-01   6.40e-01   4.02e-01   4.49e+00   4.55e+00 (  7.60e+01,  9.02e+01)
75      0.250   6.24e-01   7.41e-01   4.50e-01   5.56e+00   5.60e+00 (  7.48e+01,  8.53e+01)
80      0.286   7.61e-01   8.37e-01   4.77e-01   6.40e+00   6.46e+00 (  7.29e+01,  8.07e+01)
85      0.322   9.11e-01   9.44e-01   4.76e-01   7.39e+00   7.05e+00 (  7.63e+01,  7.62e+01)
90      0.276   6.64e-01   9.93e-01   6.96e-01   5.78e+00   7.36e+00 (  8.32e+01,  7.20e+01)
95      2.501   5.13e+00   6.66e+00   5.03e+00   1.60e+02   7.44e+00 (  2.81e+03,  6.83e+01)
41 n: 1.318e-06 e: 1.537e-07 i: 2.813e-06 :: e: 6.246e-03 i: 6.265e-03 :: n: 2.898e+01 e:16.846 i:15.879 v:4.993e+03
>>> tau_he = 5.000000, nhe(0)=2.233022e+00
 5     -0.786   1.72e-03   1.88e-01   8.53e-04  -1.88e-02   4.48e-05 (  3.07e-01,  2.24e+01)
10     -0.449  -4.84e-05  -3.07e-03  -3.44e-04  -5.82e-02   2.64e-04 ( -1.80e-02,  4.34e+01)
15     -0.971   1.15e-02   1.72e-02  -1.10e-04  -8.13e-01   1.14e-03 (  5.73e+00,  6.25e+01)
20     -0.094   6.69e-02   4.39e-03   3.00e-02  -3.62e-01   4.17e-03 (  3.25e+01,  7.95e+01)
25      0.006   9.85e-02   3.67e-02   3.59e-02   3.97e-02   1.34e-02 (  4.67e+01,  9.44e+01)
30      0.003   1.27e-01   8.76e-02   5.98e-02   2.33e-02   3.83e-02 (  5.81e+01,  1.06e+02)
35      0.011   1.64e-01   1.32e-01   1.04e-01   8.28e-02   9.81e-02 (  6.99e+01,  1.14e+02)
40      0.025   1.85e-01   1.66e-01   1.43e-01   1.99e-01   2.26e-01 (  7.37e+01,  1.17e+02)
45      0.045   2.08e-01   2.20e-01   1.44e-01   4.25e-01   4.72e-01 (  7.63e+01,  1.16e+02)
50      0.066   2.32e-01   2.69e-01   1.55e-01   8.53e-01   8.90e-01 (  7.72e+01,  1.12e+02)
55      0.082   2.57e-01   3.51e-01   1.83e-01   1.42e+00   1.53e+00 (  7.56e+01,  1.07e+02)
60      0.112   3.07e-01   4.29e-01   2.25e-01   2.29e+00   2.39e+00 (  7.55e+01,  1.01e+02)
65      0.153   3.81e-01   5.15e-01   2.88e-01   3.32e+00   3.44e+00 (  7.51e+01,  9.54e+01)
70      0.205   4.97e-01   6.41e-01   4.03e-01   4.49e+00   4.55e+00 (  7.60e+01,  9.02e+01)
75      0.250   6.23e-01   7.41e-01   4.51e-01   5.56e+00   5.60e+00 (  7.49e+01,  8.53e+01)
80      0.286   7.60e-01   8.37e-01   4.77e-01   6.40e+00   6.46e+00 (  7.30e+01,  8.07e+01)
85      0.322   9.10e-01   9.44e-01   4.77e-01   7.39e+00   7.05e+00 (  7.63e+01,  7.62e+01)
90      0.276   6.64e-01   9.94e-01   6.97e-01   5.78e+00   7.36e+00 (  8.33e+01,  7.20e+01)
95      2.501   5.13e+00   6.66e+00   5.03e+00   1.60e+02   7.44e+00 (  2.81e+03,  6.83e+01)
42 n: 1.338e-06 e: 3.418e-06 i: 8.556e-07 :: e: 6.006e-03 i: 6.920e-03 :: n: 2.894e+01 e:16.885 i:15.890 v:4.993e+03
>>> tau_he = 5.000000, nhe(0)=2.229268e+00
 5     -0.790   1.72e-03   1.88e-01   8.55e-04  -1.89e-02   4.48e-05 (  3.08e-01,  2.24e+01)
10     -0.454  -5.46e-05  -3.09e-03  -3.03e-04  -5.88e-02   2.64e-04 ( -2.03e-02,  4.34e+01)
15     -0.990   1.16e-02   1.79e-02  -4.70e-05  -8.28e-01   1.14e-03 (  5.79e+00,  6.25e+01)
20     -0.102   6.74e-02   5.02e-03   3.16e-02  -3.80e-01   4.17e-03 (  3.27e+01,  7.95e+01)
25     -0.013   9.49e-02   5.69e-02   4.04e-02  -8.42e-02   1.34e-02 (  4.51e+01,  9.44e+01)
30      0.004   1.27e-01   8.80e-02   5.94e-02   3.16e-02   3.83e-02 (  5.83e+01,  1.06e+02)
35      0.011   1.64e-01   1.32e-01   1.04e-01   8.36e-02   9.81e-02 (  7.02e+01,  1.14e+02)
40      0.025   1.85e-01   1.67e-01   1.43e-01   1.99e-01   2.26e-01 (  7.41e+01,  1.17e+02)
45      0.044   2.09e-01   2.21e-01   1.44e-01   4.25e-01   4.72e-01 (  7.68e+01,  1.16e+02)
50      0.066   2.33e-01   2.70e-01   1.55e-01   8.53e-01   8.90e-01 (  7.77e+01,  1.12e+02)
55      0.082   2.58e-01   3.52e-01   1.84e-01   1.42e+00   1.53e+00 (  7.60e+01,  1.07e+02)
60      0.112   3.07e-01   4.30e-01   2.25e-01   2.28e+00   2.39e+00 (  7.59e+01,  1.01e+02)
65      0.153   3.82e-01   5.16e-01   2.89e-01   3.32e+00   3.44e+00 (  7.55e+01,  9.54e+01)
70      0.205   4.98e-01   6.42e-01   4.03e-01   4.50e+00   4.55e+00 (  7.64e+01,  9.02e+01)
75      0.250   6.24e-01   7.43e-01   4.51e-01   5.56e+00   5.60e+00 (  7.52e+01,  8.53e+01)
80      0.286   7.60e-01   8.38e-01   4.78e-01   6.40e+00   6.46e+00 (  7.32e+01,  8.07e+01)
85      0.322   9.08e-01   9.45e-01   4.78e-01   7.39e+00   7.05e+00 (  7.65e+01,  7.62e+01)
90      0.276   6.64e-01   9.95e-01   6.97e-01   5.78e+00   7.36e+00 (  8.34e+01,  7.20e+01)
95      2.501   5.13e+00   6.66e+00   5.03e+00   1.60e+02   7.44e+00 (  2.81e+03,  6.83e+01)
43 n: 1.040e-06 e: 1.439e-07 i: 2.068e-06 :: e: 6.328e-03 i: 7.070e-03 :: n: 2.894e+01 e:16.887 i:15.914 v:4.993e+03
>>> tau_he = 5.000000, nhe(0)=2.234464e+00
 5     -0.792   1.73e-03   1.89e-01   8.55e-04  -1.90e-02   4.48e-05 (  3.09e-01,  2.24e+01)
10     -0.457  -4.19e-05  -3.10e-03  -3.03e-04  -5.92e-02   2.64e-04 ( -1.56e-02,  4.34e+01)
15     -0.995   1.17e-02   1.80e-02  -1.08e-04  -8.33e-01   1.14e-03 (  5.83e+00,  6.25e+01)
20     -0.100   6.75e-02   4.88e-03   3.11e-02  -3.76e-01   4.17e-03 (  3.28e+01,  7.95e+01)
25     -0.012   1.00e-01   5.58e-02   3.94e-02  -8.00e-02   1.34e-02 (  4.76e+01,  9.44e+01)
30      0.004   1.27e-01   8.78e-02   5.96e-02   2.63e-02   3.83e-02 (  5.84e+01,  1.06e+02)
35      0.009   1.61e-01   1.34e-01   1.03e-01   6.68e-02   9.81e-02 (  6.86e+01,  1.14e+02)
40      0.025   1.85e-01   1.67e-01   1.43e-01   2.01e-01   2.26e-01 (  7.41e+01,  1.17e+02)
45      0.051   2.13e-01   2.17e-01   1.48e-01   4.90e-01   4.72e-01 (  7.82e+01,  1.16e+02)
50      0.066   2.33e-01   2.70e-01   1.55e-01   8.55e-01   8.90e-01 (  7.77e+01,  1.12e+02)
55      0.082   2.58e-01   3.52e-01   1.84e-01   1.42e+00   1.53e+00 (  7.60e+01,  1.07e+02)
60      0.112   3.07e-01   4.30e-01   2.25e-01   2.28e+00   2.39e+00 (  7.59e+01,  1.01e+02)
65      0.153   3.81e-01   5.17e-01   2.90e-01   3.32e+00   3.44e+00 (  7.55e+01,  9.54e+01)
70      0.205   4.98e-01   6.43e-01   4.04e-01   4.49e+00   4.55e+00 (  7.64e+01,  9.02e+01)
75      0.250   6.23e-01   7.43e-01   4.52e-01   5.56e+00   5.60e+00 (  7.52e+01,  8.53e+01)
80      0.286   7.59e-01   8.39e-01   4.79e-01   6.40e+00   6.46e+00 (  7.32e+01,  8.07e+01)
85      0.322   9.08e-01   9.45e-01   4.79e-01   7.38e+00   7.05e+00 (  7.66e+01,  7.62e+01)
90      0.276   6.64e-01   9.96e-01   6.98e-01   5.78e+00   7.36e+00 (  8.35e+01,  7.20e+01)
95      2.501   5.13e+00   6.66e+00   5.03e+00   1.60e+02   7.44e+00 (  2.81e+03,  6.83e+01)
44 n: 2.044e-06 e: 2.231e-06 i: 1.570e-07 :: e: 6.318e-03 i: 6.314e-03 :: n: 2.895e+01 e:16.916 i:15.918 v:4.993e+03
>>> tau_he = 5.000000, nhe(0)=2.236380e+00
 5     -0.795   1.73e-03   1.89e-01   8.55e-04  -1.90e-02   4.48e-05 (  3.10e-01,  2.24e+01)
10     -0.461  -4.03e-05  -3.11e-03  -3.02e-04  -5.98e-02   2.64e-04 ( -1.51e-02,  4.34e+01)
15     -1.003   1.18e-02   1.81e-02  -1.94e-04  -8.40e-01   1.14e-03 (  5.89e+00,  6.25e+01)
20     -0.098   6.77e-02   5.07e-03   3.12e-02  -3.74e-01   4.17e-03 (  3.29e+01,  7.95e+01)
25     -0.004   9.92e-02   5.41e-02   3.78e-02  -2.82e-02   1.34e-02 (  4.73e+01,  9.44e+01)
30      0.004   1.28e-01   8.81e-02   5.95e-02   2.91e-02   3.83e-02 (  5.86e+01,  1.06e+02)
35      0.012   1.65e-01   1.32e-01   1.03e-01   8.68e-02   9.81e-02 (  7.05e+01,  1.14e+02)
40      0.025   1.86e-01   1.67e-01   1.43e-01   1.98e-01   2.26e-01 (  7.45e+01,  1.17e+02)
45      0.044   2.09e-01   2.22e-01   1.45e-01   4.23e-01   4.72e-01 (  7.71e+01,  1.16e+02)
50      0.066   2.34e-01   2.71e-01   1.55e-01   8.52e-01   8.90e-01 (  7.81e+01,  1.12e+02)
55      0.082   2.59e-01   3.53e-01   1.84e-01   1.42e+00   1.53e+00 (  7.64e+01,  1.07e+02)
60      0.112   3.08e-01   4.31e-01   2.26e-01   2.28e+00   2.39e+00 (  7.63e+01,  1.01e+02)
65      0.153   3.82e-01   5.17e-01   2.90e-01   3.31e+00   3.44e+00 (  7.58e+01,  9.54e+01)
70      0.205   4.98e-01   6.44e-01   4.04e-01   4.49e+00   4.55e+00 (  7.67e+01,  9.02e+01)
75      0.250   6.23e-01   7.44e-01   4.53e-01   5.56e+00   5.60e+00 (  7.54e+01,  8.53e+01)
80      0.286   7.58e-01   8.40e-01   4.80e-01   6.40e+00   6.46e+00 (  7.35e+01,  8.07e+01)
85      0.322   9.06e-01   9.45e-01   4.79e-01   7.39e+00   7.05e+00 (  7.68e+01,  7.62e+01)
90      0.276   6.64e-01   9.96e-01   6.99e-01   5.78e+00   7.36e+00 (  8.36e+01,  7.20e+01)
95      2.501   5.13e+00   6.66e+00   5.03e+00   1.60e+02   7.44e+00 (  2.81e+03,  6.83e+01)
45 n: 1.130e-06 e: 9.886e-08 i: 1.332e-06 :: e: 6.492e-03 i: 6.622e-03 :: n: 2.896e+01 e:16.916 i:15.939 v:4.993e+03
>>> tau_he = 5.000000, nhe(0)=2.240523e+00
 5     -0.797   1.73e-03   1.89e-01   8.56e-04  -1.91e-02   4.48e-05 (  3.12e-01,  2.24e+01)
10     -0.464  -2.96e-05  -3.11e-03  -2.92e-04  -6.01e-02   2.64e-04 ( -1.11e-02,  4.34e+01)
15     -1.006   1.18e-02   1.81e-02  -1.92e-04  -8.43e-01   1.14e-03 (  5.92e+00,  6.25e+01)
20     -0.097   6.77e-02   4.83e-03   3.08e-02  -3.70e-01   4.17e-03 (  3.29e+01,  7.95e+01)
25     -0.002   9.89e-02   5.35e-02   3.69e-02  -1.43e-02   1.34e-02 (  4.71e+01,  9.44e+01)
30      0.004   1.28e-01   8.81e-02   5.98e-02   2.44e-02   3.83e-02 (  5.86e+01,  1.06e+02)
35      0.013   1.65e-01   1.32e-01   1.04e-01   9.64e-02   9.81e-02 (  7.05e+01,  1.14e+02)
40      0.025   1.86e-01   1.67e-01   1.43e-01   1.99e-01   2.26e-01 (  7.45e+01,  1.17e+02)
45      0.045   2.09e-01   2.21e-01   1.44e-01   4.26e-01   4.72e-01 (  7.71e+01,  1.16e+02)
50      0.067   2.34e-01   2.70e-01   1.55e-01   8.53e-01   8.90e-01 (  7.80e+01,  1.12e+02)
55      0.082   2.59e-01   3.53e-01   1.84e-01   1.42e+00   1.53e+00 (  7.64e+01,  1.07e+02)
60      0.112   3.08e-01   4.31e-01   2.26e-01   2.28e+00   2.39e+00 (  7.62e+01,  1.01e+02)
65      0.153   3.82e-01   5.18e-01   2.91e-01   3.31e+00   3.44e+00 (  7.58e+01,  9.54e+01)
70      0.205   4.98e-01   6.44e-01   4.05e-01   4.49e+00   4.55e+00 (  7.67e+01,  9.02e+01)
75      0.250   6.23e-01   7.45e-01   4.53e-01   5.56e+00   5.60e+00 (  7.54e+01,  8.53e+01)
80      0.286   7.58e-01   8.40e-01   4.80e-01   6.40e+00   6.46e+00 (  7.35e+01,  8.07e+01)
85      0.321   9.06e-01   9.46e-01   4.80e-01   7.38e+00   7.05e+00 (  7.68e+01,  7.62e+01)
90      0.276   6.64e-01   9.97e-01   6.99e-01   5.78e+00   7.36e+00 (  8.36e+01,  7.20e+01)
95      2.501   5.13e+00   6.66e+00   5.03e+00   1.60e+02   7.44e+00 (  2.81e+03,  6.83e+01)
46 n: 1.191e-06 e: 1.515e-06 i: 6.033e-08 :: e: 5.961e-03 i: 5.927e-03 :: n: 2.896e+01 e:16.941 i:15.941 v:4.993e+03
>>> tau_he = 5.000000, nhe(0)=2.241394e+00
 5     -0.799   1.73e-03   1.89e-01   8.55e-04  -1.91e-02   4.48e-05 (  3.12e-01,  2.24e+01)
10     -0.467  -2.92e-05  -3.13e-03  -2.88e-04  -6.06e-02   2.64e-04 ( -1.10e-02,  4.34e+01)
15     -1.013   1.19e-02   1.82e-02  -2.50e-04  -8.48e-01   1.14e-03 (  5.97e+00,  6.25e+01)
20     -0.096   6.79e-02   5.01e-03   3.09e-02  -3.69e-01   4.17e-03 (  3.30e+01,  7.95e+01)
25      0.000   9.90e-02   5.38e-02   3.29e-02   2.14e-03   1.34e-02 (  4.72e+01,  9.44e+01)
30      0.003   1.28e-01   8.85e-02   6.03e-02   2.11e-02   3.83e-02 (  5.89e+01,  1.06e+02)
35      0.010   1.62e-01   1.34e-01   1.05e-01   7.03e-02   9.81e-02 (  6.92e+01,  1.14e+02)
40      0.025   1.86e-01   1.68e-01   1.44e-01   1.98e-01   2.26e-01 (  7.48e+01,  1.17e+02)
45      0.044   2.10e-01   2.22e-01   1.45e-01   4.26e-01   4.72e-01 (  7.74e+01,  1.16e+02)
50      0.066   2.34e-01   2.71e-01   1.55e-01   8.53e-01   8.90e-01 (  7.83e+01,  1.12e+02)
55      0.082   2.59e-01   3.53e-01   1.84e-01   1.42e+00   1.53e+00 (  7.66e+01,  1.07e+02)
60      0.112   3.08e-01   4.32e-01   2.26e-01   2.28e+00   2.39e+00 (  7.65e+01,  1.01e+02)
65      0.153   3.82e-01   5.18e-01   2.91e-01   3.31e+00   3.44e+00 (  7.60e+01,  9.54e+01)
70      0.205   4.98e-01   6.45e-01   4.05e-01   4.49e+00   4.55e+00 (  7.69e+01,  9.02e+01)
75      0.250   6.23e-01   7.45e-01   4.54e-01   5.56e+00   5.60e+00 (  7.57e+01,  8.53e+01)
80      0.286   7.57e-01   8.41e-01   4.81e-01   6.40e+00   6.46e+00 (  7.37e+01,  8.07e+01)
85      0.321   9.05e-01   9.46e-01   4.80e-01   7.39e+00   7.05e+00 (  7.69e+01,  7.62e+01)
90      0.276   6.64e-01   9.97e-01   7.00e-01   5.78e+00   7.36e+00 (  8.37e+01,  7.20e+01)
95      2.501   5.13e+00   6.66e+00   5.03e+00   1.60e+02   7.44e+00 (  2.81e+03,  6.83e+01)
47 n: 6.752e-07 e: 6.754e-08 i: 8.454e-07 :: e: 5.652e-03 i: 6.437e-03 :: n: 2.898e+01 e:16.941 i:15.959 v:4.993e+03
>>> tau_he = 5.000000, nhe(0)=2.246952e+00
 5     -0.801   1.74e-03   1.90e-01   8.56e-04  -1.92e-02   4.48e-05 (  3.13e-01,  2.24e+01)
10     -0.469  -1.82e-05  -3.13e-03  -2.85e-04  -6.08e-02   2.64e-04 ( -6.86e-03,  4.34e+01)
15     -1.016   1.19e-02   1.82e-02  -2.57e-04  -8.50e-01   1.14e-03 (  6.00e+00,  6.25e+01)
20     -0.096   6.79e-02   4.84e-03   3.06e-02  -3.68e-01   4.17e-03 (  3.30e+01,  7.95e+01)
25      0.007   9.90e-02   3.65e-02   3.51e-02   4.73e-02   1.34e-02 (  4.72e+01,  9.44e+01)
30      0.004   1.28e-01   8.81e-02   5.93e-02   3.02e-02   3.83e-02 (  5.88e+01,  1.06e+02)
35      0.013   1.65e-01   1.32e-01   1.04e-01   9.20e-02   9.81e-02 (  7.08e+01,  1.14e+02)
40      0.025   1.86e-01   1.67e-01   1.43e-01   2.00e-01   2.26e-01 (  7.47e+01,  1.17e+02)
45      0.045   2.10e-01   2.22e-01   1.44e-01   4.29e-01   4.72e-01 (  7.74e+01,  1.16e+02)
50      0.067   2.34e-01   2.71e-01   1.55e-01   8.54e-01   8.90e-01 (  7.82e+01,  1.12e+02)
55      0.082   2.59e-01   3.53e-01   1.84e-01   1.42e+00   1.53e+00 (  7.66e+01,  1.07e+02)
60      0.112   3.08e-01   4.32e-01   2.26e-01   2.28e+00   2.39e+00 (  7.64e+01,  1.01e+02)
65      0.153   3.82e-01   5.18e-01   2.92e-01   3.31e+00   3.44e+00 (  7.60e+01,  9.54e+01)
70      0.205   4.98e-01   6.45e-01   4.05e-01   4.49e+00   4.55e+00 (  7.69e+01,  9.02e+01)
75      0.250   6.22e-01   7.46e-01   4.54e-01   5.56e+00   5.60e+00 (  7.57e+01,  8.53e+01)
80      0.286   7.57e-01   8.41e-01   4.81e-01   6.40e+00   6.46e+00 (  7.37e+01,  8.07e+01)
85      0.321   9.04e-01   9.46e-01   4.81e-01   7.38e+00   7.05e+00 (  7.70e+01,  7.62e+01)
90      0.276   6.65e-01   9.98e-01   7.00e-01   5.79e+00   7.36e+00 (  8.38e+01,  7.20e+01)
95      2.501   5.13e+00   6.66e+00   5.03e+00   1.60e+02   7.44e+00 (  2.81e+03,  6.83e+01)
48 n: 9.000e-07 e: 1.164e-06 i: 8.189e-07 :: e: 5.598e-03 i: 6.928e-03 :: n: 2.892e+01 e:16.963 i:15.965 v:4.993e+03
>>> tau_he = 5.000000, nhe(0)=2.240152e+00
 5     -0.803   1.74e-03   1.90e-01   8.58e-04  -1.92e-02   4.48e-05 (  3.13e-01,  2.24e+01)
10     -0.472  -2.46e-05  -3.14e-03  -2.48e-04  -6.12e-02   2.64e-04 ( -9.26e-03,  4.34e+01)
15     -1.021   1.20e-02   1.83e-02  -2.21e-04  -8.54e-01   1.14e-03 (  6.04e+00,  6.25e+01)
20     -0.103   6.82e-02   5.37e-03   3.21e-02  -3.85e-01   4.17e-03 (  3.32e+01,  7.95e+01)
25     -0.013   9.56e-02   5.70e-02   4.02e-02  -8.21e-02   1.34e-02 (  4.56e+01,  9.44e+01)
30      0.004   1.28e-01   8.87e-02   5.98e-02   2.68e-02   3.83e-02 (  5.90e+01,  1.06e+02)
35      0.012   1.66e-01   1.33e-01   1.05e-01   8.87e-02   9.81e-02 (  7.10e+01,  1.14e+02)
40      0.025   1.86e-01   1.68e-01   1.43e-01   2.00e-01   2.26e-01 (  7.49e+01,  1.17e+02)
45      0.045   2.10e-01   2.22e-01   1.45e-01   4.29e-01   4.72e-01 (  7.77e+01,  1.16e+02)
50      0.067   2.34e-01   2.71e-01   1.55e-01   8.54e-01   8.90e-01 (  7.85e+01,  1.12e+02)
55      0.082   2.60e-01   3.54e-01   1.85e-01   1.42e+00   1.53e+00 (  7.68e+01,  1.07e+02)
60      0.112   3.09e-01   4.32e-01   2.26e-01   2.28e+00   2.39e+00 (  7.67e+01,  1.01e+02)
65      0.153   3.83e-01   5.19e-01   2.92e-01   3.31e+00   3.44e+00 (  7.62e+01,  9.54e+01)
70      0.205   4.99e-01   6.46e-01   4.06e-01   4.49e+00   4.55e+00 (  7.71e+01,  9.02e+01)
75      0.251   6.22e-01   7.46e-01   4.54e-01   5.56e+00   5.60e+00 (  7.59e+01,  8.53e+01)
80      0.286   7.57e-01   8.42e-01   4.82e-01   6.40e+00   6.46e+00 (  7.39e+01,  8.07e+01)
85      0.321   9.04e-01   9.47e-01   4.81e-01   7.39e+00   7.05e+00 (  7.71e+01,  7.62e+01)
90      0.276   6.64e-01   9.98e-01   7.00e-01   5.79e+00   7.36e+00 (  8.38e+01,  7.20e+01)
95      2.501   5.13e+00   6.66e+00   5.03e+00   1.60e+02   7.44e+00 (  2.81e+03,  6.83e+01)
49 n: 6.201e-07 e: 1.669e-07 i: 6.535e-07 :: e: 5.689e-03 i: 6.341e-03 :: n: 2.893e+01 e:16.959 i:15.976 v:4.993e+03
 plasma volume = 148.968228
 stored energy(e,i,b,a) = 5.698408e+01 5.287711e+01 0.000000e+00 0.000000e+00
 betan = 1.244851
*power
 Pnb(e,i) = 0.000000e+00 0.000000e+00
 Prf(e,i) = 3.000198e+01 8.000527e+00
 Prad     = -4.393249e+01 
 Pei      = -6.916057e+00 
 Pfuse    = 4.612063e+01 
 Pfusi    = 1.264355e+01 
 Poh      = 0.000000e+00 
*confinement time
 taut, tauITER98y2, H98y2 : 2.079358e+00 2.139361e+00 9.719526e-01
 taue, taui : 2.254647e+00 2.703383e+00
 taut, tau89, H89 : 2.079358e+00 9.611192e-01 2.163475e+00
*temperature
 nea, nebar : 2.114546e+01 2.403721e+01 
 tea, tia : 6.786175e+00 6.652436e+00 (1.020104e+00)
 te0, ti0 : 1.549339e+01 1.529428e+01 (1.013018e+00)
 Sn : 1.696740e+03 
*current balance
 Ip,Ibs,Inb,Irf: 1.000000e+01 1.825604e+00 0.000000e+00 0.000000e+00
 fni,fbs: 0.183 0.183

 plasma volume = 148.968228
 stored energy(e,i,b,a) = 5.698408e+01 5.287711e+01 0.000000e+00 0.000000e+00
 betan = 1.244851
*power
 Pnb(e,i) = 0.000000e+00 0.000000e+00
 Prf(e,i) = 3.000198e+01 8.000527e+00
 Prad     = -4.393249e+01 
 Pei      = -6.916057e+00 
 Pfuse    = 4.612063e+01 
 Pfusi    = 1.264355e+01 
 Poh      = 0.000000e+00 
*confinement time
 taut, tauITER98y2, H98y2 : 2.079358e+00 2.139361e+00 9.719526e-01
 taue, taui : 2.254647e+00 2.703383e+00
 taut, tau89, H89 : 2.079358e+00 9.611192e-01 2.163475e+00
*temperature
 nea, nebar : 2.114546e+01 2.403721e+01 
 tea, tia : 6.786175e+00 6.652436e+00 (1.020104e+00)
 te0, ti0 : 1.549339e+01 1.529428e+01 (1.013018e+00)
 Sn : 1.696740e+03 
*current balance
 Ip,Ibs,Inb,Irf: 1.000000e+01 1.825604e+00 0.000000e+00 0.000000e+00
 fni,fbs: 0.183 0.183
 ELAPASED TIME = 45 sec

finalize
