NCAPTC: : NetCDF: Variable not found
Warning: ieee_overflow is signaling
Warning: ieee_underflow is signaling
Warning: ieee_inexact is signaling
FORTRAN STOP
 solver
 /global/common/software/atom/perlmutter/data/greentable/
 /global/common/software/atom/perlmutter/data/greentable/

          EFITD Version  07/09/2014


 type mode (2=file, 3=snap, 4=time, 5=input, 6=com file, 7=snap_ext):

 number of time slices?

 type input file names:
 #
 table_dir = </global/common/software/atom/perlmutter/data/greentable/>

  ----- time =     4 ms ----- ( 0)
 it=  1 chi2=0.00E+00 zm= 7.53E-03 err=5.202E+00 dz= 7.535E-03 chigam= 0.00E+00
 it=  2 chi2=0.00E+00 zm= 1.09E-02 err=8.928E-01 dz= 3.380E-03 chigam= 0.00E+00
 it=  3 chi2=0.00E+00 zm= 1.35E-02 err=5.146E-01 dz= 2.541E-03 chigam= 0.00E+00
 it=  4 chi2=0.00E+00 zm= 1.54E-02 err=3.026E-01 dz= 1.910E-03 chigam= 0.00E+00
 it=  5 chi2=0.00E+00 zm= 1.68E-02 err=1.781E-01 dz= 1.449E-03 chigam= 0.00E+00
 it=  6 chi2=0.00E+00 zm= 1.79E-02 err=1.131E-01 dz= 1.105E-03 chigam= 0.00E+00
 it=  7 chi2=0.00E+00 zm= 1.87E-02 err=6.259E-02 dz= 8.236E-04 chigam= 0.00E+00
 it=  8 chi2=0.00E+00 zm= 1.94E-02 err=3.821E-02 dz= 6.167E-04 chigam= 0.00E+00
 it=  9 chi2=0.00E+00 zm= 1.98E-02 err=2.553E-02 dz= 4.544E-04 chigam= 0.00E+00
 it= 10 chi2=0.00E+00 zm= 2.02E-02 err=1.716E-02 dz= 3.363E-04 chigam= 0.00E+00
 it= 11 chi2=0.00E+00 zm= 2.04E-02 err=9.239E-03 dz= 2.455E-04 chigam= 0.00E+00
 it= 12 chi2=0.00E+00 zm= 2.06E-02 err=6.218E-03 dz= 1.800E-04 chigam= 0.00E+00
 it= 13 chi2=0.00E+00 zm= 2.07E-02 err=4.221E-03 dz= 1.318E-04 chigam= 0.00E+00
 it= 14 chi2=0.00E+00 zm= 2.08E-02 err=2.886E-03 dz= 9.637E-05 chigam= 0.00E+00
 it= 15 chi2=0.00E+00 zm= 2.09E-02 err=1.985E-03 dz= 7.039E-05 chigam= 0.00E+00
 it= 16 chi2=0.00E+00 zm= 2.09E-02 err=1.371E-03 dz= 5.138E-05 chigam= 0.00E+00
 it= 17 chi2=0.00E+00 zm= 2.10E-02 err=9.510E-04 dz= 3.748E-05 chigam= 0.00E+00
 it= 18 chi2=0.00E+00 zm= 2.10E-02 err=6.618E-04 dz= 2.733E-05 chigam= 0.00E+00
 it= 19 chi2=0.00E+00 zm= 2.10E-02 err=4.619E-04 dz= 1.993E-05 chigam= 0.00E+00
 it= 20 chi2=0.00E+00 zm= 2.10E-02 err=3.234E-04 dz= 1.453E-05 chigam= 0.00E+00
 it= 21 chi2=0.00E+00 zm= 2.10E-02 err=2.269E-04 dz= 1.059E-05 chigam= 0.00E+00
 it= 22 chi2=0.00E+00 zm= 2.10E-02 err=1.596E-04 dz= 7.720E-06 chigam= 0.00E+00
 it= 23 chi2=0.00E+00 zm= 2.10E-02 err=3.765E-03 dz= 4.179E-06 chigam= 0.00E+00
 it= 24 chi2=0.00E+00 zm= 2.11E-02 err=2.002E-03 dz= 2.583E-06 chigam= 0.00E+00
 it= 25 chi2=0.00E+00 zm= 2.11E-02 err=1.070E-03 dz= 1.560E-06 chigam= 0.00E+00
 it= 26 chi2=0.00E+00 zm= 2.11E-02 err=5.742E-04 dz= 9.155E-07 chigam= 0.00E+00
 it= 27 chi2=0.00E+00 zm= 2.11E-02 err=3.103E-04 dz= 5.190E-07 chigam= 0.00E+00
 it= 28 chi2=0.00E+00 zm= 2.11E-02 err=1.688E-04 dz= 2.760E-07 chigam= 0.00E+00
 it= 29 chi2=0.00E+00 zm= 2.11E-02 err=9.267E-05 dz= 1.345E-07 chigam= 0.00E+00

      ******************** EFITD129 x 129  output ********************

       data used:   
  0 flux loops
  0 magnetic probes(i)
  0 full rogowski
  0 diamagnetic loop


 shot #   =          1 time(ms) =          4 chi**2   =  0.000E+00
 betat(%) =      1.283 betap    =      0.651 li       =      0.860
 vol(cm3) =  0.781E+07 rout(cm) =    172.224 zout(cm) =      0.744
 elong    =      1.351 utriang  =     -0.371 ltriang  =     -0.307
 a(cm)    =     41.455 lin(cm)  = ********** lout(cm) =     10.496
 ltop(cm) = ********** q*       =      2.344 rc(cm)   =    177.146
 zc(cm)   =      1.830 bt0(t)   =      2.000 qout     =      2.227
