NCAPTC: : NetCDF: Variable not found
Warning: ieee_overflow is signaling
Warning: ieee_underflow is signaling
Warning: ieee_inexact is signaling
FORTRAN STOP
 solver
 /global/common/software/atom/perlmutter/data/greentable/
 /global/common/software/atom/perlmutter/data/greentable/

          EFITD Version  07/09/2014


 type mode (2=file, 3=snap, 4=time, 5=input, 6=com file, 7=snap_ext):

 number of time slices?

 type input file names:
 #
 table_dir = </global/common/software/atom/perlmutter/data/greentable/>

  ----- time =     5 ms ----- ( 0)
 it=  1 chi2=0.00E+00 zm= 7.53E-03 err=5.202E+00 dz= 7.535E-03 chigam= 0.00E+00
 it=  2 chi2=0.00E+00 zm= 1.04E-02 err=8.349E-01 dz= 2.831E-03 chigam= 0.00E+00
 it=  3 chi2=0.00E+00 zm= 1.25E-02 err=4.892E-01 dz= 2.143E-03 chigam= 0.00E+00
 it=  4 chi2=0.00E+00 zm= 1.43E-02 err=3.041E-01 dz= 1.748E-03 chigam= 0.00E+00
 it=  5 chi2=0.00E+00 zm= 1.57E-02 err=1.901E-01 dz= 1.463E-03 chigam= 0.00E+00
 it=  6 chi2=0.00E+00 zm= 1.69E-02 err=1.203E-01 dz= 1.228E-03 chigam= 0.00E+00
 it=  7 chi2=0.00E+00 zm= 1.80E-02 err=8.182E-02 dz= 1.037E-03 chigam= 0.00E+00
 it=  8 chi2=0.00E+00 zm= 1.89E-02 err=5.621E-02 dz= 8.749E-04 chigam= 0.00E+00
 it=  9 chi2=0.00E+00 zm= 1.96E-02 err=4.355E-02 dz= 7.380E-04 chigam= 0.00E+00
 it= 10 chi2=0.00E+00 zm= 2.02E-02 err=3.111E-02 dz= 6.155E-04 chigam= 0.00E+00
 it= 11 chi2=0.00E+00 zm= 2.07E-02 err=2.165E-02 dz= 5.089E-04 chigam= 0.00E+00
 it= 12 chi2=0.00E+00 zm= 2.11E-02 err=1.259E-02 dz= 4.164E-04 chigam= 0.00E+00
 it= 13 chi2=0.00E+00 zm= 2.15E-02 err=9.648E-03 dz= 3.411E-04 chigam= 0.00E+00
 it= 14 chi2=0.00E+00 zm= 2.18E-02 err=7.364E-03 dz= 2.785E-04 chigam= 0.00E+00
 it= 15 chi2=0.00E+00 zm= 2.20E-02 err=2.809E-03 dz= 2.239E-04 chigam= 0.00E+00
 it= 16 chi2=0.00E+00 zm= 2.22E-02 err=2.763E-03 dz= 1.813E-04 chigam= 0.00E+00
 it= 17 chi2=0.00E+00 zm= 2.23E-02 err=1.966E-03 dz= 1.474E-04 chigam= 0.00E+00
 it= 18 chi2=0.00E+00 zm= 2.24E-02 err=1.807E-03 dz= 1.193E-04 chigam= 0.00E+00
 it= 19 chi2=0.00E+00 zm= 2.25E-02 err=1.545E-03 dz= 9.642E-05 chigam= 0.00E+00
 it= 20 chi2=0.00E+00 zm= 2.26E-02 err=1.271E-03 dz= 7.787E-05 chigam= 0.00E+00
 it= 21 chi2=0.00E+00 zm= 2.27E-02 err=1.024E-03 dz= 6.283E-05 chigam= 0.00E+00
 it= 22 chi2=0.00E+00 zm= 2.27E-02 err=8.145E-04 dz= 5.066E-05 chigam= 0.00E+00
 it= 23 chi2=0.00E+00 zm= 2.28E-02 err=6.436E-04 dz= 4.083E-05 chigam= 0.00E+00
 it= 24 chi2=0.00E+00 zm= 2.28E-02 err=5.068E-04 dz= 3.289E-05 chigam= 0.00E+00
 it= 25 chi2=0.00E+00 zm= 2.28E-02 err=3.985E-04 dz= 2.648E-05 chigam= 0.00E+00
 it= 26 chi2=0.00E+00 zm= 2.28E-02 err=3.133E-04 dz= 2.131E-05 chigam= 0.00E+00
 it= 27 chi2=0.00E+00 zm= 2.29E-02 err=2.464E-04 dz= 1.715E-05 chigam= 0.00E+00
 it= 28 chi2=0.00E+00 zm= 2.29E-02 err=1.940E-04 dz= 1.380E-05 chigam= 0.00E+00
 it= 29 chi2=0.00E+00 zm= 2.29E-02 err=1.529E-04 dz= 1.110E-05 chigam= 0.00E+00
 it= 30 chi2=0.00E+00 zm= 2.29E-02 err=1.207E-04 dz= 8.923E-06 chigam= 0.00E+00
 it= 31 chi2=0.00E+00 zm= 2.29E-02 err=9.544E-05 dz= 7.175E-06 chigam= 0.00E+00

      ******************** EFITD129 x 129  output ********************

       data used:   
  0 flux loops
  0 magnetic probes(i)
  0 full rogowski
  0 diamagnetic loop


 shot #   =          1 time(ms) =          5 chi**2   =  0.000E+00
 betat(%) =      1.031 betap    =      0.517 li       =      1.079
 vol(cm3) =  0.775E+07 rout(cm) =    172.297 zout(cm) =      0.978
 elong    =      1.334 utriang  =     -0.368 ltriang  =     -0.304
 a(cm)    =     41.528 lin(cm)  = ********** lout(cm) =     10.351
 ltop(cm) = ********** q*       =      2.300 rc(cm)   =    176.624
 zc(cm)   =      2.163 bt0(t)   =      2.000 qout     =      2.223
