========================================================================
= FASTRAN

nonlinear model = 1
ichi = 0
ineo = 0
reading state...
read formatted input, inprof...
init geometry...
read formatted input, inmetric...
nrho in inmetric = 101
rhob in inmetric = 1.265994e+00
solve avg grad-shafranv...
solve_avg_gs::Ip_temp = 3.875835e+00 
solve_avg_gs::Ip      = 1.000000e+01 
>>> tau_he = 5.000000, nhe(0)=2.533494e+00

 plasma volume = 149.929429
 stored energy(e,i,b) = 6.103727e+01 5.886810e+01 0.000000e+00
 betan = 1.344785
*power
 Pnb(e,i) = 0.000000e+00 0.000000e+00
 Prf(e,i) = 0.000000e+00 0.000000e+00
 Prad     = -9.110047e+00 
 Pei      = 1.305821e+00 
 Pfuse    = 6.430429e+01 
 Pfusi    = 2.164757e+01 
 Poh      = 0.000000e+00 
*confinement time
 taut, tauITER98y2, H98y2 : 1.560418e+00 1.553255e+00 1.004612e+00
 taue, taui : 1.080305e+00 2.893955e+00
 taut, tau89, H89 : 1.560418e+00 7.885217e-01 1.978916e+00
*temperature
 nea, nebar : 1.712073e+01 2.016200e+01 
 tea, tia : 8.628842e+00 8.682535e+00 (9.938161e-01)
 te0, ti0 : 1.881549e+01 1.901571e+01 (9.894705e-01)
 Sn : 0.000000e+00 
*current balance
 Ip,Ibs,Inb,Irf: 1.000000e+01 2.714058e+00 0.000000e+00 0.000000e+00
 fni,fbs: 0.271 0.271

 plasma volume = 149.929429
 stored energy(e,i,b) = 6.103727e+01 5.886810e+01 0.000000e+00
 betan = 1.344785
*power
 Pnb(e,i) = 0.000000e+00 0.000000e+00
 Prf(e,i) = 0.000000e+00 0.000000e+00
 Prad     = -9.110047e+00 
 Pei      = 1.305821e+00 
 Pfuse    = 6.430429e+01 
 Pfusi    = 2.164757e+01 
 Poh      = 0.000000e+00 
*confinement time
 taut, tauITER98y2, H98y2 : 1.560418e+00 1.553255e+00 1.004612e+00
 taue, taui : 1.080305e+00 2.893955e+00
 taut, tau89, H89 : 1.560418e+00 7.885217e-01 1.978916e+00
*temperature
 nea, nebar : 1.712073e+01 2.016200e+01 
 tea, tia : 8.628842e+00 8.682535e+00 (9.938161e-01)
 te0, ti0 : 1.881549e+01 1.901571e+01 (9.894705e-01)
 Sn : 0.000000e+00 
*current balance
 Ip,Ibs,Inb,Irf: 1.000000e+01 2.714058e+00 0.000000e+00 0.000000e+00
 fni,fbs: 0.271 0.271
 ELAPASED TIME = 0 sec
