NCAPTC: : NetCDF: Variable not found
Warning: ieee_overflow is signaling
Warning: ieee_underflow is signaling
Warning: ieee_inexact is signaling
FORTRAN STOP
 solver
 /global/common/software/atom/perlmutter/data/greentable/
 /global/common/software/atom/perlmutter/data/greentable/

          EFITD Version  07/09/2014


 type mode (2=file, 3=snap, 4=time, 5=input, 6=com file, 7=snap_ext):

 number of time slices?

 type input file names:
 #
 table_dir = </global/common/software/atom/perlmutter/data/greentable/>

  ----- time =     2 ms ----- ( 0)
 it=  1 chi2=0.00E+00 zm= 7.53E-03 err=5.202E+00 dz= 7.535E-03 chigam= 0.00E+00
 it=  2 chi2=0.00E+00 zm= 1.09E-02 err=8.541E-01 dz= 3.359E-03 chigam= 0.00E+00
 it=  3 chi2=0.00E+00 zm= 1.34E-02 err=4.947E-01 dz= 2.543E-03 chigam= 0.00E+00
 it=  4 chi2=0.00E+00 zm= 1.54E-02 err=2.942E-01 dz= 1.924E-03 chigam= 0.00E+00
 it=  5 chi2=0.00E+00 zm= 1.68E-02 err=1.781E-01 dz= 1.467E-03 chigam= 0.00E+00
 it=  6 chi2=0.00E+00 zm= 1.80E-02 err=1.107E-01 dz= 1.130E-03 chigam= 0.00E+00
 it=  7 chi2=0.00E+00 zm= 1.88E-02 err=7.375E-02 dz= 8.675E-04 chigam= 0.00E+00
 it=  8 chi2=0.00E+00 zm= 1.95E-02 err=4.356E-02 dz= 6.508E-04 chigam= 0.00E+00
 it=  9 chi2=0.00E+00 zm= 2.00E-02 err=2.453E-02 dz= 4.860E-04 chigam= 0.00E+00
 it= 10 chi2=0.00E+00 zm= 2.03E-02 err=1.644E-02 dz= 3.633E-04 chigam= 0.00E+00
 it= 11 chi2=0.00E+00 zm= 2.06E-02 err=6.597E-03 dz= 2.674E-04 chigam= 0.00E+00
 it= 12 chi2=0.00E+00 zm= 2.08E-02 err=8.717E-03 dz= 2.058E-04 chigam= 0.00E+00
 it= 13 chi2=0.00E+00 zm= 2.10E-02 err=5.673E-03 dz= 1.532E-04 chigam= 0.00E+00
 it= 14 chi2=0.00E+00 zm= 2.11E-02 err=3.759E-03 dz= 1.137E-04 chigam= 0.00E+00
 it= 15 chi2=0.00E+00 zm= 2.12E-02 err=3.226E-03 dz= 8.749E-05 chigam= 0.00E+00
 it= 16 chi2=0.00E+00 zm= 2.12E-02 err=2.059E-03 dz= 6.514E-05 chigam= 0.00E+00
 it= 17 chi2=0.00E+00 zm= 2.13E-02 err=1.348E-03 dz= 4.834E-05 chigam= 0.00E+00
 it= 18 chi2=0.00E+00 zm= 2.13E-02 err=9.020E-04 dz= 3.579E-05 chigam= 0.00E+00
 it= 19 chi2=0.00E+00 zm= 2.13E-02 err=6.145E-04 dz= 2.644E-05 chigam= 0.00E+00
 it= 20 chi2=0.00E+00 zm= 2.13E-02 err=4.247E-04 dz= 1.950E-05 chigam= 0.00E+00
 it= 21 chi2=0.00E+00 zm= 2.14E-02 err=2.967E-04 dz= 1.437E-05 chigam= 0.00E+00
 it= 22 chi2=0.00E+00 zm= 2.14E-02 err=2.091E-04 dz= 1.058E-05 chigam= 0.00E+00
 it= 23 chi2=0.00E+00 zm= 2.14E-02 err=1.483E-04 dz= 7.779E-06 chigam= 0.00E+00
 it= 24 chi2=0.00E+00 zm= 2.14E-02 err=1.058E-04 dz= 5.720E-06 chigam= 0.00E+00
 it= 25 chi2=0.00E+00 zm= 2.14E-02 err=7.568E-05 dz= 4.203E-06 chigam= 0.00E+00

      ******************** EFITD129 x 129  output ********************

       data used:   
  0 flux loops
  0 magnetic probes(i)
  0 full rogowski
  0 diamagnetic loop


 shot #   =          1 time(ms) =          2 chi**2   =  0.000E+00
 betat(%) =      1.114 betap    =      0.561 li       =      0.861
 vol(cm3) =  0.776E+07 rout(cm) =    172.186 zout(cm) =      0.825
 elong    =      1.344 utriang  =     -0.372 ltriang  =     -0.308
 a(cm)    =     41.417 lin(cm)  = ********** lout(cm) =     10.573
 ltop(cm) = ********** q*       =      2.311 rc(cm)   =    176.623
 zc(cm)   =      1.864 bt0(t)   =      2.000 qout     =      2.208
