NCAPTC: : NetCDF: Variable not found
Warning: ieee_overflow is signaling
Warning: ieee_underflow is signaling
Warning: ieee_inexact is signaling
FORTRAN STOP
 solver
 /global/common/software/atom/perlmutter/data/greentable/
 /global/common/software/atom/perlmutter/data/greentable/

          EFITD Version  07/09/2014


 type mode (2=file, 3=snap, 4=time, 5=input, 6=com file, 7=snap_ext):

 number of time slices?

 type input file names:
 #
 table_dir = </global/common/software/atom/perlmutter/data/greentable/>

  ----- time =     1 ms ----- ( 0)
 it=  1 chi2=0.00E+00 zm= 7.53E-03 err=5.202E+00 dz= 7.535E-03 chigam= 0.00E+00
 it=  2 chi2=0.00E+00 zm= 1.08E-02 err=8.829E-01 dz= 3.255E-03 chigam= 0.00E+00
 it=  3 chi2=0.00E+00 zm= 1.32E-02 err=5.021E-01 dz= 2.449E-03 chigam= 0.00E+00
 it=  4 chi2=0.00E+00 zm= 1.51E-02 err=2.935E-01 dz= 1.841E-03 chigam= 0.00E+00
 it=  5 chi2=0.00E+00 zm= 1.65E-02 err=1.712E-01 dz= 1.395E-03 chigam= 0.00E+00
 it=  6 chi2=0.00E+00 zm= 1.75E-02 err=1.076E-01 dz= 1.064E-03 chigam= 0.00E+00
 it=  7 chi2=0.00E+00 zm= 1.83E-02 err=5.955E-02 dz= 7.895E-04 chigam= 0.00E+00
 it=  8 chi2=0.00E+00 zm= 1.89E-02 err=3.287E-02 dz= 5.844E-04 chigam= 0.00E+00
 it=  9 chi2=0.00E+00 zm= 1.94E-02 err=2.576E-02 dz= 4.383E-04 chigam= 0.00E+00
 it= 10 chi2=0.00E+00 zm= 1.97E-02 err=1.913E-02 dz= 3.175E-04 chigam= 0.00E+00
 it= 11 chi2=0.00E+00 zm= 1.99E-02 err=1.035E-02 dz= 2.288E-04 chigam= 0.00E+00
 it= 12 chi2=0.00E+00 zm= 2.01E-02 err=8.574E-03 dz= 1.647E-04 chigam= 0.00E+00
 it= 13 chi2=0.00E+00 zm= 2.02E-02 err=5.394E-03 dz= 1.240E-04 chigam= 0.00E+00
 it= 14 chi2=0.00E+00 zm= 2.03E-02 err=3.192E-03 dz= 9.036E-05 chigam= 0.00E+00
 it= 15 chi2=0.00E+00 zm= 2.03E-02 err=2.076E-03 dz= 6.570E-05 chigam= 0.00E+00
 it= 16 chi2=0.00E+00 zm= 2.04E-02 err=1.367E-03 dz= 4.770E-05 chigam= 0.00E+00
 it= 17 chi2=0.00E+00 zm= 2.04E-02 err=9.100E-04 dz= 3.459E-05 chigam= 0.00E+00
 it= 18 chi2=0.00E+00 zm= 2.05E-02 err=6.122E-04 dz= 2.507E-05 chigam= 0.00E+00
 it= 19 chi2=0.00E+00 zm= 2.05E-02 err=4.155E-04 dz= 1.816E-05 chigam= 0.00E+00
 it= 20 chi2=0.00E+00 zm= 2.05E-02 err=2.844E-04 dz= 1.315E-05 chigam= 0.00E+00
 it= 21 chi2=0.00E+00 zm= 2.05E-02 err=1.959E-04 dz= 9.519E-06 chigam= 0.00E+00
 it= 22 chi2=0.00E+00 zm= 2.05E-02 err=1.358E-04 dz= 6.894E-06 chigam= 0.00E+00
 it= 23 chi2=0.00E+00 zm= 2.05E-02 err=9.464E-05 dz= 4.992E-06 chigam= 0.00E+00

      ******************** EFITD129 x 129  output ********************

       data used:   
  0 flux loops
  0 magnetic probes(i)
  0 full rogowski
  0 diamagnetic loop


 shot #   =          1 time(ms) =          1 chi**2   =  0.000E+00
 betat(%) =      1.218 betap    =      0.618 li       =      0.858
 vol(cm3) =  0.780E+07 rout(cm) =    172.202 zout(cm) =      0.746
 elong    =      1.350 utriang  =     -0.371 ltriang  =     -0.307
 a(cm)    =     41.432 lin(cm)  = ********** lout(cm) =     10.542
 ltop(cm) = ********** q*       =      2.335 rc(cm)   =    176.977
 zc(cm)   =      1.808 bt0(t)   =      2.000 qout     =      2.220
