========================================================================
= FASTRAN

nonlinear model = 0
ichi = 1
ineo = 0
reading state...
read formatted input, inprof...
init geometry...
read formatted input, inmetric...
nrho in inmetric = 101
rhob in inmetric = 1.265438e+00
solve avg grad-shafranv...
solve_avg_gs::Ip_temp = 9.979537e+00 
solve_avg_gs::Ip      = 1.000000e+01 
>>> tau_he = 5.000000, nhe(0)=2.449294e+00

 plasma volume = 149.355127
 stored energy(e,i,b,a) = 6.475041e+01 5.883964e+01 0.000000e+00 0.000000e+00
 betan = 1.397476
*power
 Pnb(e,i) = 0.000000e+00 0.000000e+00
 Prf(e,i) = 5.753033e+00 3.426385e+01
 Prad     = -2.515227e+01 
 Pei      = 1.661283e+00 
 Pfuse    = 5.804316e+01 
 Pfusi    = 1.791632e+01 
 Poh      = 0.000000e+00 
*confinement time
 taut, tauITER98y2, H98y2 : 1.360763e+00 1.421056e+00 9.575713e-01
 taue, taui : 1.606502e+00 3.619779e+00
 taut, tau89, H89 : 1.360763e+00 7.272292e-01 1.871161e+00
*temperature
 nea, nebar : 1.945602e+01 2.196451e+01 
 tea, tia : 8.372201e+00 8.431546e+00 (9.929615e-01)
 te0, ti0 : 1.881350e+01 1.901367e+01 (9.894724e-01)
 Sn : 2.274715e+03 
*current balance
 Ip,Ibs,Inb,Irf: 1.000000e+01 2.091046e+00 0.000000e+00 1.103725e-01
 fni,fbs: 0.220 0.209

Time advancing...
rho_bdry 0.900000 ...
te_bdry = 4.607324
ti_bdry = 4.611512
ne_bdry = 15.998879
rv_bdry = 279.463030
nrho_tr_bdry = 18
drho_bdry = 0.000000e+00
nrhob = 90
 [    0] t = 0.0000 
>>> tau_he = 5.000000, nhe(0)=2.439595e+00
 5     -0.002   3.52e-03   1.26e-01   2.35e-03  -8.52e-03   6.03e-05 (  6.45e-01,  3.07e+01)
10     -0.000   1.82e-04  -1.63e-03  -9.03e-04  -1.23e-03   3.56e-04 (  4.24e-02,  6.20e+01)
15     -0.000   3.29e-04  -1.37e-03  -4.92e-04  -3.24e-03   1.54e-03 (  9.01e-02,  9.00e+01)
20     -0.001   2.70e-04  -2.22e-03  -1.55e-03  -7.20e-03   5.61e-03 (  8.33e-02,  1.14e+02)
25     -0.000   4.91e-03  -5.62e-03  -1.83e-03  -4.02e-04   1.80e-02 (  1.64e+00,  1.33e+02)
30     -0.001   4.44e-02  -1.35e-02   3.76e-03  -8.41e-03   5.15e-02 (  1.57e+01,  1.48e+02)
35      0.019   1.09e-01  -1.55e-02   2.99e-02   1.97e-01   1.32e-01 (  4.00e+01,  1.59e+02)
40      0.032   1.74e-01   3.85e-02   6.34e-02   3.49e-01   3.04e-01 (  6.47e+01,  1.68e+02)
45      0.046   2.32e-01   9.67e-02   6.98e-02   5.31e-01   6.33e-01 (  8.61e+01,  1.73e+02)
50      0.064   2.95e-01   1.83e-01   1.64e-01   7.77e-01   1.19e+00 (  1.07e+02,  1.75e+02)
55      0.096   3.75e-01   3.53e-01   2.20e-01   1.22e+00   2.05e+00 (  1.32e+02,  1.74e+02)
60      0.146   4.77e-01   5.36e-01   3.40e-01   1.93e+00   3.21e+00 (  1.60e+02,  1.70e+02)
65      0.242   6.25e-01   9.32e-01   6.42e-01   3.30e+00   4.61e+00 (  1.96e+02,  1.64e+02)
70      0.282   7.08e-01   1.17e+00   8.78e-01   3.96e+00   6.11e+00 (  2.04e+02,  1.57e+02)
75      0.298   7.59e-01   1.33e+00   1.06e+00   4.27e+00   7.52e+00 (  1.97e+02,  1.49e+02)
80      0.287   7.34e-01   1.35e+00   1.13e+00   4.19e+00   8.67e+00 (  1.67e+02,  1.40e+02)
85      0.253   6.15e-01   1.22e+00   1.03e+00   3.76e+00   9.46e+00 (  1.19e+02,  1.31e+02)
90      0.219   5.10e-01   1.03e+00   8.89e-01   3.58e+00   9.88e+00 (  8.45e+01,  1.23e+02)
95      1.988   4.10e+00   5.46e+00   4.04e+00   1.28e+02   9.98e+00 (  2.26e+03,  1.16e+02)
 0 n: 1.833e-07 e: 8.843e-07 i: 1.156e-05 :: e: 0.000e+00 i: 0.000e+00 :: n: 2.760e+01 e:18.780 i:18.947 v:4.993e+03
>>> tau_he = 5.000000, nhe(0)=2.427236e+00
 5     -0.002   3.78e-03   1.63e-01   2.59e-03  -7.19e-03   6.03e-05 (  6.70e-01,  3.07e+01)
10     -0.000   1.82e-04  -1.25e-03  -7.60e-04  -1.24e-03   3.56e-04 (  4.24e-02,  6.20e+01)
15     -0.001   3.21e-04  -1.94e-03  -7.77e-04  -3.60e-03   1.54e-03 (  8.82e-02,  9.00e+01)
20     -0.001   2.67e-04  -2.62e-03  -1.98e-03  -8.67e-03   5.61e-03 (  8.27e-02,  1.14e+02)
25      0.000   5.83e-03  -6.48e-03  -1.96e-03   2.21e-03   1.80e-02 (  1.97e+00,  1.33e+02)
30     -0.001   4.60e-02  -1.45e-02   4.06e-03  -5.70e-03   5.15e-02 (  1.64e+01,  1.48e+02)
35      0.020   1.09e-01  -1.50e-02   3.05e-02   2.01e-01   1.32e-01 (  4.02e+01,  1.59e+02)
40      0.033   1.75e-01   4.04e-02   6.43e-02   3.57e-01   3.04e-01 (  6.53e+01,  1.68e+02)
45      0.047   2.34e-01   1.01e-01   6.95e-02   5.41e-01   6.33e-01 (  8.70e+01,  1.73e+02)
50      0.067   2.99e-01   1.95e-01   1.71e-01   8.18e-01   1.19e+00 (  1.09e+02,  1.75e+02)
55      0.098   3.78e-01   3.63e-01   2.21e-01   1.25e+00   2.05e+00 (  1.34e+02,  1.74e+02)
60      0.157   4.86e-01   5.71e-01   3.60e-01   2.09e+00   3.21e+00 (  1.63e+02,  1.70e+02)
65      0.233   6.18e-01   9.12e-01   6.29e-01   3.14e+00   4.61e+00 (  1.92e+02,  1.64e+02)
70      0.270   6.98e-01   1.13e+00   8.50e-01   3.75e+00   6.11e+00 (  1.99e+02,  1.57e+02)
75      0.285   7.38e-01   1.28e+00   1.02e+00   4.07e+00   7.52e+00 (  1.89e+02,  1.49e+02)
80      0.277   7.15e-01   1.31e+00   1.08e+00   4.04e+00   8.67e+00 (  1.61e+02,  1.40e+02)
85      0.256   6.22e-01   1.23e+00   1.03e+00   3.86e+00   9.46e+00 (  1.22e+02,  1.31e+02)
90      0.227   5.41e-01   1.09e+00   9.52e-01   3.70e+00   9.88e+00 (  9.32e+01,  1.23e+02)
95      1.988   4.10e+00   5.46e+00   4.04e+00   1.28e+02   9.98e+00 (  2.26e+03,  1.16e+02)
 1 n: 3.748e-01 e: 6.022e-02 i: 3.330e-01 :: e: 1.143e-02 i: 2.273e-02 :: n: 3.302e+01 e:23.302 i:34.776 v:4.993e+03
>>> tau_he = 5.000000, nhe(0)=4.563742e+00
 5     -2.565   1.10e-02   9.19e-01   2.74e-03  -5.44e-02   6.03e-05 (  2.34e+00,  3.07e+01)
10     -2.176   1.32e-02   2.22e-02   6.05e-03  -2.49e-01   3.56e-04 (  6.23e+00,  6.20e+01)
15     -5.692   2.23e-01   7.15e-02   3.16e-02  -4.25e+00   1.54e-03 (  1.61e+02,  9.00e+01)
20     -1.960   5.02e-01   5.39e-01   6.27e-02  -7.07e+00   5.61e-03 (  4.72e+02,  1.14e+02)
25      0.174   4.91e-01   4.86e-01   2.02e-01   2.36e+00   1.80e-02 (  5.14e+02,  1.33e+02)
30      0.353   4.54e-01   3.68e-01   1.85e-01   3.55e+00   5.15e-02 (  4.08e+02,  1.48e+02)
35      0.329   3.71e-01   2.92e-01   1.41e-01   3.92e+00   1.32e-01 (  2.71e+02,  1.59e+02)
40      0.219   3.15e-01   3.34e-01   1.58e-01   2.62e+00   3.04e-01 (  1.98e+02,  1.68e+02)
45      0.212   3.29e-01   4.16e-01   1.66e-01   3.11e+00   6.33e-01 (  1.85e+02,  1.73e+02)
50      0.238   3.99e-01   5.92e-01   2.26e-01   4.35e+00   1.19e+00 (  1.99e+02,  1.75e+02)
55      0.225   4.36e-01   7.18e-01   3.29e-01   4.63e+00   2.05e+00 (  1.86e+02,  1.74e+02)
60      0.203   4.55e-01   7.60e-01   4.08e-01   4.18e+00   3.21e+00 (  1.60e+02,  1.70e+02)
65      0.120   3.47e-01   4.94e-01   2.98e-01   2.35e+00   4.61e+00 (  9.93e+01,  1.64e+02)
70      0.170   4.55e-01   6.39e-01   4.28e-01   3.68e+00   6.11e+00 (  1.13e+02,  1.57e+02)
75      0.285   7.22e-01   9.06e-01   5.65e-01   7.22e+00   7.52e+00 (  1.61e+02,  1.49e+02)
80      0.481   1.22e+00   1.38e+00   7.23e-01   1.46e+01   8.67e+00 (  2.58e+02,  1.40e+02)
85      0.707   1.87e+00   2.02e+00   9.30e-01   2.64e+01   9.46e+00 (  4.01e+02,  1.31e+02)
90      0.378   9.66e-01   1.29e+00   7.74e-01   1.10e+01   9.88e+00 (  1.78e+02,  1.23e+02)
95      1.988   4.10e+00   5.46e+00   4.04e+00   1.28e+02   9.98e+00 (  2.26e+03,  1.16e+02)
 2 n: 6.010e-02 e: 8.242e-02 i: 9.270e-03 :: e: 3.776e-01 i: 4.096e-01 :: n: 3.089e+01 e:33.497 i:36.101 v:4.993e+03
>>> tau_he = 5.000000, nhe(0)=4.411012e+00
 5     -8.005   1.13e-02   9.68e-01   1.09e-03  -1.68e-01   6.03e-05 (  5.22e+00,  3.07e+01)
10    -32.737   9.44e-02   1.46e-01  -2.60e-02  -3.70e+00   3.56e-04 (  9.49e+01,  6.20e+01)
15    -23.254   2.24e-01  -5.58e-02  -5.73e-02  -1.72e+01   1.54e-03 (  2.99e+02,  9.00e+01)
20     -5.402   8.14e-01   8.61e-01   5.35e-01  -1.90e+01   5.61e-03 (  1.20e+03,  1.14e+02)
25     -0.378   8.38e-01   9.11e-01   8.55e-01  -3.89e+00   1.80e-02 (  1.35e+03,  1.33e+02)
30     -0.106   7.12e-01   6.72e-01   8.68e-01  -8.82e-01   5.15e-02 (  1.07e+03,  1.48e+02)
35      0.308   5.46e-01   4.37e-01   5.91e-01   2.11e+00   1.32e-01 (  6.97e+02,  1.59e+02)
40      0.236   4.44e-01   4.24e-01   3.82e-01   1.99e+00   3.04e-01 (  4.69e+02,  1.68e+02)
45      0.166   4.15e-01   4.49e-01   2.49e-01   1.89e+00   6.33e-01 (  3.56e+02,  1.73e+02)
50      0.173   4.25e-01   5.28e-01   1.87e-01   2.52e+00   1.19e+00 (  2.86e+02,  1.75e+02)
55      0.182   4.49e-01   6.46e-01   2.82e-01   3.23e+00   2.05e+00 (  2.31e+02,  1.74e+02)
60      0.167   4.39e-01   6.55e-01   3.42e-01   3.28e+00   3.21e+00 (  1.69e+02,  1.70e+02)
65      0.115   3.48e-01   4.56e-01   2.74e-01   2.30e+00   4.61e+00 (  1.00e+02,  1.64e+02)
70      0.170   4.35e-01   5.96e-01   3.93e-01   3.80e+00   6.11e+00 (  9.91e+01,  1.57e+02)
75      0.265   6.50e-01   8.17e-01   5.08e-01   6.68e+00   7.52e+00 (  1.23e+02,  1.49e+02)
80      0.382   9.66e-01   1.12e+00   6.22e-01   1.08e+01   8.67e+00 (  1.63e+02,  1.40e+02)
85      0.510   1.35e+00   1.49e+00   7.66e-01   1.67e+01   9.46e+00 (  2.34e+02,  1.31e+02)
90      0.349   8.69e-01   1.24e+00   8.00e-01   9.49e+00   9.88e+00 (  1.47e+02,  1.23e+02)
95      1.988   4.10e+00   5.46e+00   4.04e+00   1.28e+02   9.98e+00 (  2.26e+03,  1.16e+02)
 3 n: 1.508e-02 e: 4.811e-02 i: 2.713e-02 :: e: 4.068e-01 i: 4.359e-01 :: n: 3.062e+01 e:28.201 i:40.725 v:4.993e+03
>>> tau_he = 5.000000, nhe(0)=4.523553e+00
 5     -8.054   1.66e-02   1.06e+00   2.88e-03  -1.68e-01   6.03e-05 (  6.68e+00,  3.07e+01)
10    -25.868   9.39e-02   1.33e-01  -1.24e-02  -2.91e+00   3.56e-04 (  7.69e+01,  6.20e+01)
15    -13.630   2.71e-01  -2.51e-02  -5.89e-02  -1.00e+01   1.54e-03 (  2.68e+02,  9.00e+01)
20     -1.599   2.95e-01   1.50e-01  -2.40e-01  -5.62e+00   5.61e-03 (  2.78e+02,  1.14e+02)
25     -0.054   6.10e-01   5.55e-01   2.08e-01  -5.66e-01   1.80e-02 (  6.27e+02,  1.33e+02)
30      0.288   6.69e-01   5.87e-01   4.28e-01   2.38e+00   5.15e-02 (  7.12e+02,  1.48e+02)
35      0.622   5.72e-01   4.50e-01   4.03e-01   4.34e+00   1.32e-01 (  5.88e+02,  1.59e+02)
40      0.349   4.17e-01   3.91e-01   2.97e-01   2.83e+00   3.04e-01 (  3.87e+02,  1.68e+02)
45      0.226   4.10e-01   4.10e-01   2.45e-01   2.34e+00   6.33e-01 (  3.23e+02,  1.73e+02)
50      0.239   4.32e-01   5.34e-01   2.72e-01   3.16e+00   1.19e+00 (  2.75e+02,  1.75e+02)
55      0.229   4.55e-01   6.56e-01   2.98e-01   3.84e+00   2.05e+00 (  2.26e+02,  1.74e+02)
60      0.213   4.68e-01   7.33e-01   4.02e-01   4.19e+00   3.21e+00 (  1.79e+02,  1.70e+02)
65      0.155   3.95e-01   5.71e-01   3.42e-01   3.26e+00   4.61e+00 (  1.16e+02,  1.64e+02)
70      0.208   5.00e-01   7.18e-01   4.60e-01   4.80e+00   6.11e+00 (  1.17e+02,  1.57e+02)
75      0.281   6.79e-01   8.82e-01   5.50e-01   7.16e+00   7.52e+00 (  1.31e+02,  1.49e+02)
80      0.365   9.11e-01   1.10e+00   6.33e-01   1.01e+01   8.67e+00 (  1.54e+02,  1.40e+02)
85      0.459   1.20e+00   1.37e+00   7.37e-01   1.42e+01   9.46e+00 (  2.00e+02,  1.31e+02)
90      0.339   8.38e-01   1.23e+00   8.18e-01   8.91e+00   9.88e+00 (  1.40e+02,  1.23e+02)
95      1.988   4.10e+00   5.46e+00   4.04e+00   1.28e+02   9.98e+00 (  2.26e+03,  1.16e+02)
 4 n: 7.339e-03 e: 1.367e-02 i: 1.539e-02 :: e: 3.015e-01 i: 3.142e-01 :: n: 3.001e+01 e:31.157 i:37.358 v:4.993e+03
>>> tau_he = 5.000000, nhe(0)=4.263879e+00
 5     -9.162   1.34e-02   9.91e-01   2.28e-03  -1.91e-01   6.03e-05 (  6.43e+00,  3.07e+01)
10    -34.094   1.05e-01   1.64e-01  -1.87e-02  -3.83e+00   3.56e-04 (  9.61e+01,  6.20e+01)
15    -16.448   2.93e-01   6.92e-03  -9.36e-02  -1.21e+01   1.54e-03 (  3.07e+02,  9.00e+01)
20     -1.801   2.54e-01   9.39e-02   1.57e-02  -6.33e+00   5.61e-03 (  2.56e+02,  1.14e+02)
25      0.080   6.11e-01   6.50e-01   2.38e-01   8.08e-01   1.80e-02 (  6.27e+02,  1.33e+02)
30      0.265   6.90e-01   6.08e-01   4.87e-01   2.06e+00   5.15e-02 (  7.32e+02,  1.48e+02)
35      0.357   6.68e-01   5.49e-01   5.70e-01   2.13e+00   1.32e-01 (  7.25e+02,  1.59e+02)
40      0.224   5.27e-01   5.03e-01   4.50e-01   1.62e+00   3.04e-01 (  5.53e+02,  1.68e+02)
45      0.213   4.99e-01   5.13e-01   3.44e-01   1.97e+00   6.33e-01 (  4.60e+02,  1.73e+02)
50      0.234   5.24e-01   6.51e-01   3.39e-01   2.74e+00   1.19e+00 (  3.96e+02,  1.75e+02)
55      0.232   5.50e-01   7.84e-01   3.46e-01   3.55e+00   2.05e+00 (  3.29e+02,  1.74e+02)
60      0.220   5.59e-01   8.64e-01   4.65e-01   4.16e+00   3.21e+00 (  2.60e+02,  1.70e+02)
65      0.204   5.58e-01   8.30e-01   4.95e-01   4.35e+00   4.61e+00 (  2.02e+02,  1.64e+02)
70      0.240   6.25e-01   8.72e-01   5.55e-01   5.65e+00   6.11e+00 (  1.78e+02,  1.57e+02)
75      0.312   7.74e-01   1.01e+00   6.28e-01   7.95e+00   7.52e+00 (  1.77e+02,  1.49e+02)
80      0.374   9.37e-01   1.17e+00   6.77e-01   1.01e+01   8.67e+00 (  1.82e+02,  1.40e+02)
85      0.440   1.13e+00   1.36e+00   7.44e-01   1.32e+01   9.46e+00 (  2.11e+02,  1.31e+02)
90      0.319   7.94e-01   1.20e+00   8.08e-01   8.16e+00   9.88e+00 (  1.40e+02,  1.23e+02)
95      1.988   4.10e+00   5.46e+00   4.04e+00   1.28e+02   9.98e+00 (  2.26e+03,  1.16e+02)
 5 n: 2.964e-03 e: 2.077e-02 i: 9.070e-03 :: e: 2.681e-01 i: 2.733e-01 :: n: 2.941e+01 e:27.323 i:38.341 v:4.993e+03
>>> tau_he = 5.000000, nhe(0)=4.146745e+00
 5     -7.927   1.47e-02   1.01e+00   3.37e-03  -1.65e-01   6.03e-05 (  6.34e+00,  3.07e+01)
10    -22.341   7.68e-02   1.14e-01  -9.05e-03  -2.51e+00   3.56e-04 (  5.92e+01,  6.20e+01)
15    -10.845   3.11e-01   6.92e-02  -7.69e-02  -7.99e+00   1.54e-03 (  2.64e+02,  9.00e+01)
20     -1.242   2.24e-01   8.58e-02   1.71e-02  -4.30e+00   5.61e-03 (  1.87e+02,  1.14e+02)
25      0.039   2.48e-01   1.06e-01   2.77e-02   3.17e-01   1.80e-02 (  1.98e+02,  1.33e+02)
30      0.111   5.10e-01   4.92e-01   2.18e-01   7.84e-01   5.15e-02 (  4.13e+02,  1.48e+02)
35      0.040   5.24e-01   5.06e-01   3.35e-01   2.15e-01   1.32e-01 (  4.42e+02,  1.59e+02)
40      0.242   5.07e-01   4.59e-01   3.07e-01   1.61e+00   3.04e-01 (  4.33e+02,  1.68e+02)
45      0.195   4.72e-01   4.57e-01   2.72e-01   1.65e+00   6.33e-01 (  3.67e+02,  1.73e+02)
50      0.213   4.92e-01   5.44e-01   2.95e-01   2.27e+00   1.19e+00 (  3.23e+02,  1.75e+02)
55      0.228   5.01e-01   6.39e-01   3.01e-01   3.22e+00   2.05e+00 (  2.68e+02,  1.74e+02)
60      0.222   5.17e-01   7.44e-01   4.08e-01   4.06e+00   3.21e+00 (  2.22e+02,  1.70e+02)
65      0.221   5.32e-01   7.93e-01   4.76e-01   4.70e+00   4.61e+00 (  1.82e+02,  1.64e+02)
70      0.254   6.02e-01   8.79e-01   5.58e-01   5.98e+00   6.11e+00 (  1.65e+02,  1.57e+02)
75      0.311   7.36e-01   1.02e+00   6.47e-01   7.87e+00   7.52e+00 (  1.63e+02,  1.49e+02)
80      0.365   8.83e-01   1.17e+00   7.20e-01   9.70e+00   8.67e+00 (  1.64e+02,  1.40e+02)
85      0.427   1.05e+00   1.37e+00   8.03e-01   1.24e+01   9.46e+00 (  1.86e+02,  1.31e+02)
90      0.328   7.98e-01   1.25e+00   8.70e-01   8.24e+00   9.88e+00 (  1.37e+02,  1.23e+02)
95      1.988   4.10e+00   5.46e+00   4.04e+00   1.28e+02   9.98e+00 (  2.26e+03,  1.16e+02)
 6 n: 1.404e-03 e: 5.140e-03 i: 8.920e-03 :: e: 1.760e-01 i: 2.046e-01 :: n: 2.899e+01 e:28.736 i:35.924 v:4.993e+03
>>> tau_he = 5.000000, nhe(0)=3.952016e+00
 5     -8.142   1.26e-02   9.40e-01   3.00e-03  -1.69e-01   6.03e-05 (  5.86e+00,  3.07e+01)
10    -25.381   8.72e-02   1.29e-01  -8.15e-03  -2.85e+00   3.56e-04 (  7.00e+01,  6.20e+01)
15    -11.241   3.20e-01   1.02e-01  -7.28e-02  -8.29e+00   1.54e-03 (  2.71e+02,  9.00e+01)
20     -1.569   5.77e-01   7.39e-01   2.26e-01  -5.36e+00   5.61e-03 (  5.02e+02,  1.14e+02)
25     -0.104   2.51e-01   1.52e-01   1.31e-02  -7.37e-01   1.80e-02 (  2.10e+02,  1.33e+02)
30      0.095   4.95e-01   5.12e-01   2.71e-01   6.24e-01   5.15e-02 (  4.03e+02,  1.48e+02)
35     -0.147   5.33e-01   5.53e-01   4.07e-01  -7.53e-01   1.32e-01 (  4.48e+02,  1.59e+02)
40      0.165   5.34e-01   5.28e-01   3.84e-01   1.06e+00   3.04e-01 (  4.59e+02,  1.68e+02)
45      0.179   5.16e-01   5.48e-01   3.37e-01   1.43e+00   6.33e-01 (  4.15e+02,  1.73e+02)
50      0.204   5.50e-01   6.62e-01   3.18e-01   2.02e+00   1.19e+00 (  3.83e+02,  1.75e+02)
55      0.228   5.71e-01   7.65e-01   3.55e-01   3.03e+00   2.05e+00 (  3.31e+02,  1.74e+02)
60      0.225   5.87e-01   8.73e-01   4.73e-01   3.97e+00   3.21e+00 (  2.79e+02,  1.70e+02)
65      0.231   6.18e-01   9.22e-01   5.51e-01   4.86e+00   4.61e+00 (  2.39e+02,  1.64e+02)
70      0.275   7.03e-01   1.01e+00   6.39e-01   6.48e+00   6.11e+00 (  2.20e+02,  1.57e+02)
75      0.333   8.25e-01   1.13e+00   7.14e-01   8.38e+00   7.52e+00 (  2.09e+02,  1.49e+02)
80      0.373   9.27e-01   1.24e+00   7.52e-01   9.80e+00   8.67e+00 (  1.97e+02,  1.40e+02)
85      0.414   1.05e+00   1.37e+00   7.89e-01   1.18e+01   9.46e+00 (  2.09e+02,  1.31e+02)
90      0.305   7.75e-01   1.20e+00   8.29e-01   7.54e+00   9.88e+00 (  1.42e+02,  1.23e+02)
95      1.988   4.10e+00   5.46e+00   4.04e+00   1.28e+02   9.98e+00 (  2.26e+03,  1.16e+02)
 7 n: 6.093e-04 e: 1.072e-02 i: 8.285e-03 :: e: 2.137e-01 i: 2.204e-01 :: n: 2.876e+01 e:26.045 i:35.631 v:4.993e+03
>>> tau_he = 5.000000, nhe(0)=3.882016e+00
 5     -7.259   1.29e-02   8.99e-01   3.46e-03  -1.51e-01   6.03e-05 (  5.67e+00,  3.07e+01)
10    -20.396   7.31e-02   1.07e-01  -5.41e-03  -2.29e+00   3.56e-04 (  5.32e+01,  6.20e+01)
15     -6.162   2.65e-01   1.14e-01  -1.45e-02  -4.56e+00   1.54e-03 (  1.93e+02,  9.00e+01)
20     -0.873   2.84e-01   1.87e-01  -1.76e-01  -2.99e+00   5.61e-03 (  2.06e+02,  1.14e+02)
25      0.007   2.26e-01   1.23e-01   2.25e-02   4.80e-02   1.80e-02 (  1.69e+02,  1.33e+02)
30     -0.007   2.80e-01   1.71e-01  -5.54e-03  -4.69e-02   5.15e-02 (  1.99e+02,  1.48e+02)
35     -0.042   4.75e-01   4.68e-01   2.64e-01  -2.35e-01   1.32e-01 (  3.42e+02,  1.59e+02)
40      0.143   4.81e-01   4.55e-01   2.85e-01   8.95e-01   3.04e-01 (  3.53e+02,  1.68e+02)
45      0.162   4.73e-01   4.75e-01   2.51e-01   1.23e+00   6.33e-01 (  3.28e+02,  1.73e+02)
50      0.125   4.52e-01   4.16e-01   2.55e-01   1.16e+00   1.19e+00 (  2.74e+02,  1.75e+02)
55      0.210   5.13e-01   6.19e-01   2.90e-01   2.65e+00   2.05e+00 (  2.63e+02,  1.74e+02)
60      0.212   5.24e-01   7.26e-01   4.06e-01   3.63e+00   3.21e+00 (  2.24e+02,  1.70e+02)
65      0.226   5.54e-01   8.15e-01   4.91e-01   4.70e+00   4.61e+00 (  1.95e+02,  1.64e+02)
70      0.267   6.37e-01   9.34e-01   5.97e-01   6.23e+00   6.11e+00 (  1.83e+02,  1.57e+02)
75      0.321   7.58e-01   1.08e+00   6.92e-01   7.97e+00   7.52e+00 (  1.77e+02,  1.49e+02)
80      0.365   8.75e-01   1.21e+00   7.65e-01   9.45e+00   8.67e+00 (  1.72e+02,  1.40e+02)
85      0.411   1.00e+00   1.37e+00   8.29e-01   1.15e+01   9.46e+00 (  1.85e+02,  1.31e+02)
90      0.319   7.77e-01   1.25e+00   8.85e-01   7.82e+00   9.88e+00 (  1.37e+02,  1.23e+02)
95      1.988   4.10e+00   5.46e+00   4.04e+00   1.28e+02   9.98e+00 (  2.26e+03,  1.16e+02)
 8 n: 4.153e-04 e: 1.718e-03 i: 4.678e-03 :: e: 1.041e-01 i: 1.285e-01 :: n: 2.863e+01 e:26.766 i:33.844 v:4.993e+03
>>> tau_he = 5.000000, nhe(0)=3.775491e+00
 5     -7.169   1.15e-02   8.43e-01   3.26e-03  -1.49e-01   6.03e-05 (  5.26e+00,  3.07e+01)
10    -21.562   7.21e-02   1.12e-01  -5.45e-03  -2.43e+00   3.56e-04 (  5.35e+01,  6.20e+01)
15     -6.076   2.61e-01   1.23e-01  -1.53e-02  -4.50e+00   1.54e-03 (  1.89e+02,  9.00e+01)
20     -0.957   2.22e-01   1.17e-01   3.73e-02  -3.24e+00   5.61e-03 (  1.63e+02,  1.14e+02)
25     -0.090   2.27e-01   1.49e-01   2.91e-02  -5.89e-01   1.80e-02 (  1.75e+02,  1.33e+02)
30     -0.013   2.43e-01   1.69e-01   4.48e-02  -9.56e-02   5.15e-02 (  1.79e+02,  1.48e+02)
35     -0.009   4.64e-01   4.78e-01   2.97e-01  -5.45e-02   1.32e-01 (  3.35e+02,  1.59e+02)
40      0.056   4.85e-01   4.92e-01   3.14e-01   3.42e-01   3.04e-01 (  3.55e+02,  1.68e+02)
45      0.148   4.95e-01   5.30e-01   2.77e-01   1.08e+00   6.33e-01 (  3.46e+02,  1.73e+02)
50      0.126   4.75e-01   4.82e-01   2.83e-01   1.16e+00   1.19e+00 (  2.96e+02,  1.75e+02)
55      0.209   5.44e-01   7.08e-01   3.40e-01   2.57e+00   2.05e+00 (  2.90e+02,  1.74e+02)
60      0.209   5.63e-01   8.11e-01   4.47e-01   3.50e+00   3.21e+00 (  2.53e+02,  1.70e+02)
65      0.226   6.03e-01   8.94e-01   5.37e-01   4.67e+00   4.61e+00 (  2.26e+02,  1.64e+02)
70      0.274   6.93e-01   1.01e+00   6.40e-01   6.36e+00   6.11e+00 (  2.13e+02,  1.57e+02)
75      0.327   8.05e-01   1.13e+00   7.21e-01   8.06e+00   7.52e+00 (  2.02e+02,  1.49e+02)
80      0.362   8.94e-01   1.23e+00   7.63e-01   9.27e+00   8.67e+00 (  1.89e+02,  1.40e+02)
85      0.395   9.90e-01   1.34e+00   7.94e-01   1.09e+01   9.46e+00 (  1.95e+02,  1.31e+02)
90      0.299   7.59e-01   1.20e+00   8.37e-01   7.26e+00   9.88e+00 (  1.38e+02,  1.23e+02)
95      1.988   4.10e+00   5.46e+00   4.04e+00   1.28e+02   9.98e+00 (  2.26e+03,  1.16e+02)
 9 n: 1.889e-04 e: 4.530e-03 i: 1.646e-03 :: e: 1.120e-01 i: 1.298e-01 :: n: 2.859e+01 e:25.155 i:34.126 v:4.993e+03
>>> tau_he = 5.000000, nhe(0)=3.776758e+00
 5     -6.669   1.20e-02   8.50e-01   3.51e-03  -1.39e-01   6.03e-05 (  5.27e+00,  3.07e+01)
10    -17.810   6.23e-02   9.29e-02  -4.83e-03  -2.01e+00   3.56e-04 (  4.34e+01,  6.20e+01)
15     -5.181   2.43e-01   9.97e-02  -6.61e-03  -3.85e+00   1.54e-03 (  1.63e+02,  9.00e+01)
20     -0.832   2.12e-01   1.05e-01   3.15e-02  -2.84e+00   5.61e-03 (  1.47e+02,  1.14e+02)
25     -0.035   2.18e-01   1.37e-01   3.29e-02  -2.41e-01   1.80e-02 (  1.61e+02,  1.33e+02)
30      0.038   2.38e-01   1.45e-01   3.58e-02   2.99e-01   5.15e-02 (  1.66e+02,  1.48e+02)
35     -0.110   2.86e-01   1.92e-01   5.21e-02  -6.74e-01   1.32e-01 (  1.89e+02,  1.59e+02)
40      0.015   4.43e-01   3.81e-01   2.34e-01   8.97e-02   3.04e-01 (  2.92e+02,  1.68e+02)
45      0.031   4.05e-01   3.25e-01   1.89e-01   2.23e-01   6.33e-01 (  2.55e+02,  1.73e+02)
50      0.123   4.34e-01   4.10e-01   2.55e-01   1.12e+00   1.19e+00 (  2.45e+02,  1.75e+02)
55      0.139   4.38e-01   4.59e-01   2.29e-01   1.67e+00   2.05e+00 (  2.12e+02,  1.74e+02)
60      0.132   4.18e-01   4.90e-01   3.06e-01   2.18e+00   3.21e+00 (  1.72e+02,  1.70e+02)
65      0.217   5.42e-01   7.97e-01   4.82e-01   4.45e+00   4.61e+00 (  1.87e+02,  1.64e+02)
70      0.262   6.29e-01   9.25e-01   5.92e-01   6.03e+00   6.11e+00 (  1.78e+02,  1.57e+02)
75      0.314   7.44e-01   1.06e+00   6.87e-01   7.67e+00   7.52e+00 (  1.72e+02,  1.49e+02)
80      0.354   8.49e-01   1.19e+00   7.55e-01   8.99e+00   8.67e+00 (  1.65e+02,  1.40e+02)
85      0.393   9.64e-01   1.32e+00   8.07e-01   1.08e+01   9.46e+00 (  1.74e+02,  1.31e+02)
90      0.317   7.69e-01   1.24e+00   8.87e-01   7.65e+00   9.88e+00 (  1.34e+02,  1.23e+02)
95      1.988   4.10e+00   5.46e+00   4.04e+00   1.28e+02   9.98e+00 (  2.26e+03,  1.16e+02)
10 n: 3.878e-04 e: 8.716e-04 i: 1.588e-03 :: e: 6.302e-02 i: 1.020e-01 :: n: 2.868e+01 e:25.813 i:33.162 v:4.993e+03
>>> tau_he = 5.000000, nhe(0)=3.751230e+00
 5     -6.750   1.13e-02   8.33e-01   3.33e-03  -1.41e-01   6.03e-05 (  5.16e+00,  3.07e+01)
10    -18.811   6.27e-02   9.55e-02  -5.46e-03  -2.12e+00   3.56e-04 (  4.49e+01,  6.20e+01)
15     -5.262   2.44e-01   1.13e-01  -3.65e-03  -3.92e+00   1.54e-03 (  1.67e+02,  9.00e+01)
20     -0.887   2.15e-01   1.18e-01   2.64e-02  -3.04e+00   5.61e-03 (  1.55e+02,  1.14e+02)
25      0.010   4.12e-01   4.58e-01   1.52e-01   6.57e-02   1.80e-02 (  3.17e+02,  1.33e+02)
30      0.148   3.97e-01   4.04e-01   1.82e-01   1.13e+00   5.15e-02 (  2.91e+02,  1.48e+02)
35     -0.075   2.89e-01   2.05e-01   3.92e-02  -5.08e-01   1.32e-01 (  1.99e+02,  1.59e+02)
40      0.034   4.41e-01   3.99e-01   2.49e-01   2.16e-01   3.04e-01 (  2.95e+02,  1.68e+02)
45      0.120   4.64e-01   4.73e-01   2.85e-01   8.97e-01   6.33e-01 (  2.98e+02,  1.73e+02)
50      0.213   4.99e-01   5.94e-01   2.77e-01   1.95e+00   1.19e+00 (  2.89e+02,  1.75e+02)
55      0.197   5.15e-01   6.67e-01   3.21e-01   2.41e+00   2.05e+00 (  2.58e+02,  1.74e+02)
60      0.200   5.35e-01   7.72e-01   4.29e-01   3.38e+00   3.21e+00 (  2.29e+02,  1.70e+02)
65      0.217   5.70e-01   8.48e-01   5.08e-01   4.46e+00   4.61e+00 (  2.04e+02,  1.64e+02)
70      0.263   6.59e-01   9.61e-01   6.11e-01   6.04e+00   6.11e+00 (  1.93e+02,  1.57e+02)
75      0.314   7.68e-01   1.08e+00   6.94e-01   7.65e+00   7.52e+00 (  1.84e+02,  1.49e+02)
80      0.348   8.55e-01   1.18e+00   7.39e-01   8.81e+00   8.67e+00 (  1.73e+02,  1.40e+02)
85      0.379   9.49e-01   1.29e+00   7.66e-01   1.03e+01   9.46e+00 (  1.77e+02,  1.31e+02)
90      0.301   7.56e-01   1.19e+00   8.40e-01   7.23e+00   9.88e+00 (  1.34e+02,  1.23e+02)
95      1.988   4.10e+00   5.46e+00   4.04e+00   1.28e+02   9.98e+00 (  2.26e+03,  1.16e+02)
11 n: 1.799e-04 e: 2.252e-03 i: 1.842e-03 :: e: 8.669e-02 i: 1.224e-01 :: n: 2.854e+01 e:24.735 i:33.220 v:4.993e+03
>>> tau_he = 5.000000, nhe(0)=3.723846e+00
 5     -6.416   1.15e-02   8.26e-01   3.46e-03  -1.34e-01   6.03e-05 (  5.11e+00,  3.07e+01)
10    -16.889   5.81e-02   8.64e-02  -4.88e-03  -1.91e+00   3.56e-04 (  4.00e+01,  6.20e+01)
15     -4.763   2.33e-01   1.02e-01   2.91e-03  -3.55e+00   1.54e-03 (  1.51e+02,  9.00e+01)
20     -0.825   2.07e-01   1.10e-01   2.57e-02  -2.79e+00   5.61e-03 (  1.43e+02,  1.14e+02)
25     -0.088   1.98e-01   1.27e-01   3.44e-02  -5.40e-01   1.80e-02 (  1.42e+02,  1.33e+02)
30      0.026   2.51e-01   1.60e-01  -1.98e-02   1.91e-01   5.15e-02 (  1.74e+02,  1.48e+02)
35     -0.044   2.75e-01   1.89e-01   3.25e-02  -3.18e-01   1.32e-01 (  1.82e+02,  1.59e+02)
40      0.039   4.16e-01   3.59e-01   2.15e-01   2.51e-01   3.04e-01 (  2.63e+02,  1.68e+02)
45      0.034   3.84e-01   3.12e-01   1.95e-01   2.45e-01   6.33e-01 (  2.30e+02,  1.73e+02)
50      0.199   4.72e-01   5.27e-01   2.64e-01   1.74e+00   1.19e+00 (  2.55e+02,  1.75e+02)
55      0.133   4.26e-01   4.51e-01   2.39e-01   1.58e+00   2.05e+00 (  2.00e+02,  1.74e+02)
60      0.128   4.11e-01   4.86e-01   3.00e-01   2.14e+00   3.21e+00 (  1.66e+02,  1.70e+02)
65      0.211   5.31e-01   7.83e-01   4.73e-01   4.33e+00   4.61e+00 (  1.79e+02,  1.64e+02)
70      0.256   6.17e-01   9.07e-01   5.78e-01   5.86e+00   6.11e+00 (  1.71e+02,  1.57e+02)
75      0.306   7.28e-01   1.04e+00   6.71e-01   7.44e+00   7.52e+00 (  1.64e+02,  1.49e+02)
80      0.344   8.29e-01   1.16e+00   7.33e-01   8.68e+00   8.67e+00 (  1.57e+02,  1.40e+02)
85      0.380   9.33e-01   1.28e+00   7.74e-01   1.03e+01   9.46e+00 (  1.63e+02,  1.31e+02)
90      0.310   7.53e-01   1.21e+00   8.67e-01   7.42e+00   9.88e+00 (  1.29e+02,  1.23e+02)
95      1.988   4.10e+00   5.46e+00   4.04e+00   1.28e+02   9.98e+00 (  2.26e+03,  1.16e+02)
12 n: 6.412e-04 e: 3.983e-04 i: 8.617e-04 :: e: 6.138e-02 i: 1.071e-01 :: n: 2.855e+01 e:25.142 i:32.633 v:4.993e+03
>>> tau_he = 5.000000, nhe(0)=3.699071e+00
 5     -6.431   1.10e-02   8.14e-01   3.38e-03  -1.34e-01   6.03e-05 (  5.00e+00,  3.07e+01)
10    -17.362   5.75e-02   8.85e-02  -5.05e-03  -1.96e+00   3.56e-04 (  4.01e+01,  6.20e+01)
15     -4.766   2.34e-01   1.05e-01   8.44e-04  -3.55e+00   1.54e-03 (  1.52e+02,  9.00e+01)
20     -0.717   2.02e-01   1.16e-01   2.20e-02  -2.44e+00   5.61e-03 (  1.42e+02,  1.14e+02)
25     -0.101   1.98e-01   1.40e-01   3.33e-02  -6.17e-01   1.80e-02 (  1.46e+02,  1.33e+02)
30      0.003   2.32e-01   1.55e-01   3.72e-02   1.94e-02   5.15e-02 (  1.65e+02,  1.48e+02)
35      0.095   4.00e-01   3.90e-01   1.99e-01   7.12e-01   1.32e-01 (  2.72e+02,  1.59e+02)
40      0.042   4.18e-01   3.76e-01   2.34e-01   2.71e-01   3.04e-01 (  2.67e+02,  1.68e+02)
45      0.037   3.87e-01   3.33e-01   2.15e-01   2.71e-01   6.33e-01 (  2.35e+02,  1.73e+02)
50      0.195   4.80e-01   5.57e-01   2.75e-01   1.65e+00   1.19e+00 (  2.63e+02,  1.75e+02)
55      0.189   4.97e-01   6.35e-01   3.19e-01   2.27e+00   2.05e+00 (  2.39e+02,  1.74e+02)
60      0.196   5.19e-01   7.47e-01   4.15e-01   3.34e+00   3.21e+00 (  2.17e+02,  1.70e+02)
65      0.211   5.51e-01   8.18e-01   4.89e-01   4.36e+00   4.61e+00 (  1.91e+02,  1.64e+02)
70      0.257   6.38e-01   9.32e-01   5.91e-01   5.89e+00   6.11e+00 (  1.81e+02,  1.57e+02)
75      0.307   7.45e-01   1.05e+00   6.76e-01   7.45e+00   7.52e+00 (  1.73e+02,  1.49e+02)
80      0.341   8.34e-01   1.15e+00   7.22e-01   8.59e+00   8.67e+00 (  1.62e+02,  1.40e+02)
85      0.371   9.27e-01   1.25e+00   7.46e-01   1.00e+01   9.46e+00 (  1.66e+02,  1.31e+02)
90      0.299   7.46e-01   1.18e+00   8.31e-01   7.13e+00   9.88e+00 (  1.29e+02,  1.23e+02)
95      1.988   4.10e+00   5.46e+00   4.04e+00   1.28e+02   9.98e+00 (  2.26e+03,  1.16e+02)
13 n: 2.013e-04 e: 9.165e-04 i: 6.525e-04 :: e: 4.873e-02 i: 8.911e-02 :: n: 2.853e+01 e:24.516 i:32.887 v:4.993e+03
>>> tau_he = 5.000000, nhe(0)=3.705571e+00
 5     -6.252   1.13e-02   8.25e-01   3.49e-03  -1.31e-01   6.03e-05 (  5.03e+00,  3.07e+01)
10    -15.900   5.44e-02   8.02e-02  -5.30e-03  -1.80e+00   3.56e-04 (  3.70e+01,  6.20e+01)
15     -4.445   2.27e-01   9.52e-02   1.06e-03  -3.32e+00   1.54e-03 (  1.43e+02,  9.00e+01)
20     -0.677   2.01e-01   1.11e-01   1.95e-02  -2.32e+00   5.61e-03 (  1.39e+02,  1.14e+02)
25     -0.079   2.05e-01   1.34e-01   1.56e-02  -5.08e-01   1.80e-02 (  1.50e+02,  1.33e+02)
30      0.115   3.72e-01   3.78e-01   1.59e-01   8.22e-01   5.15e-02 (  2.61e+02,  1.48e+02)
35     -0.044   2.67e-01   1.86e-01   4.01e-02  -3.16e-01   1.32e-01 (  1.75e+02,  1.59e+02)
40      0.046   3.98e-01   3.45e-01   2.07e-01   3.06e-01   3.04e-01 (  2.45e+02,  1.68e+02)
45      0.044   3.70e-01   3.08e-01   1.95e-01   3.34e-01   6.33e-01 (  2.16e+02,  1.73e+02)
50      0.187   4.60e-01   5.12e-01   2.86e-01   1.54e+00   1.19e+00 (  2.40e+02,  1.75e+02)
55      0.128   4.17e-01   4.43e-01   2.39e-01   1.51e+00   2.05e+00 (  1.92e+02,  1.74e+02)
60      0.126   4.05e-01   4.83e-01   2.97e-01   2.13e+00   3.21e+00 (  1.62e+02,  1.70e+02)
65      0.207   5.24e-01   7.73e-01   4.65e-01   4.27e+00   4.61e+00 (  1.75e+02,  1.64e+02)
70      0.252   6.10e-01   8.95e-01   5.69e-01   5.79e+00   6.11e+00 (  1.66e+02,  1.57e+02)
75      0.302   7.20e-01   1.03e+00   6.61e-01   7.34e+00   7.52e+00 (  1.60e+02,  1.49e+02)
80      0.339   8.19e-01   1.14e+00   7.18e-01   8.55e+00   8.67e+00 (  1.53e+02,  1.40e+02)
85      0.373   9.18e-01   1.25e+00   7.52e-01   1.01e+01   9.46e+00 (  1.57e+02,  1.31e+02)
90      0.306   7.44e-01   1.19e+00   8.50e-01   7.27e+00   9.88e+00 (  1.25e+02,  1.23e+02)
95      1.988   4.10e+00   5.46e+00   4.04e+00   1.28e+02   9.98e+00 (  2.26e+03,  1.16e+02)
14 n: 4.700e-04 e: 2.636e-04 i: 7.086e-04 :: e: 5.889e-02 i: 1.007e-01 :: n: 2.853e+01 e:24.841 i:32.485 v:4.993e+03
>>> tau_he = 5.000000, nhe(0)=3.687327e+00
 5     -6.298   1.10e-02   8.18e-01   3.44e-03  -1.32e-01   6.03e-05 (  4.98e+00,  3.07e+01)
10    -16.452   5.45e-02   8.28e-02  -5.36e-03  -1.86e+00   3.56e-04 (  3.75e+01,  6.20e+01)
15     -4.521   2.29e-01   9.98e-02   2.52e-03  -3.38e+00   1.54e-03 (  1.46e+02,  9.00e+01)
20     -0.704   2.04e-01   1.19e-01   1.83e-02  -2.42e+00   5.61e-03 (  1.44e+02,  1.14e+02)
25     -0.005   3.79e-01   4.28e-01   1.49e-01  -3.34e-02   1.80e-02 (  2.82e+02,  1.33e+02)
30      0.008   2.55e-01   1.68e-01  -3.32e-02   5.14e-02   5.15e-02 (  1.80e+02,  1.48e+02)
35     -0.038   2.70e-01   1.94e-01   3.63e-02  -2.79e-01   1.32e-01 (  1.81e+02,  1.59e+02)
40      0.043   4.03e-01   3.59e-01   2.23e-01   2.82e-01   3.04e-01 (  2.52e+02,  1.68e+02)
45      0.044   3.75e-01   3.23e-01   2.10e-01   3.29e-01   6.33e-01 (  2.22e+02,  1.73e+02)
50      0.184   4.67e-01   5.31e-01   2.97e-01   1.48e+00   1.19e+00 (  2.47e+02,  1.75e+02)
55      0.131   4.28e-01   4.67e-01   2.51e-01   1.55e+00   2.05e+00 (  2.01e+02,  1.74e+02)
60      0.193   5.07e-01   7.29e-01   4.03e-01   3.33e+00   3.21e+00 (  2.08e+02,  1.70e+02)
65      0.208   5.39e-01   7.98e-01   4.76e-01   4.31e+00   4.61e+00 (  1.84e+02,  1.64e+02)
70      0.253   6.25e-01   9.13e-01   5.79e-01   5.83e+00   6.11e+00 (  1.74e+02,  1.57e+02)
75      0.303   7.32e-01   1.04e+00   6.64e-01   7.36e+00   7.52e+00 (  1.66e+02,  1.49e+02)
80      0.338   8.23e-01   1.14e+00   7.11e-01   8.51e+00   8.67e+00 (  1.57e+02,  1.40e+02)
85      0.364   9.17e-01   1.21e+00   7.36e-01   9.80e+00   9.46e+00 (  1.59e+02,  1.31e+02)
90      0.298   7.39e-01   1.17e+00   8.24e-01   7.08e+00   9.88e+00 (  1.26e+02,  1.23e+02)
95      1.988   4.10e+00   5.46e+00   4.04e+00   1.28e+02   9.98e+00 (  2.26e+03,  1.16e+02)
15 n: 1.806e-04 e: 5.524e-04 i: 9.618e-04 :: e: 4.860e-02 i: 8.862e-02 :: n: 2.852e+01 e:24.374 i:32.600 v:4.993e+03
>>> tau_he = 5.000000, nhe(0)=3.690796e+00
 5     -6.157   1.11e-02   8.20e-01   3.49e-03  -1.29e-01   6.03e-05 (  4.96e+00,  3.07e+01)
10    -15.577   5.31e-02   7.80e-02  -5.40e-03  -1.76e+00   3.56e-04 (  3.60e+01,  6.20e+01)
15     -4.316   2.05e-01   5.82e-02   4.83e-03  -3.23e+00   1.54e-03 (  1.27e+02,  9.00e+01)
20     -0.663   2.00e-01   1.14e-01   1.78e-02  -2.28e+00   5.61e-03 (  1.38e+02,  1.14e+02)
25     -0.071   1.91e-01   1.28e-01   3.25e-02  -4.55e-01   1.80e-02 (  1.37e+02,  1.33e+02)
30      0.010   2.51e-01   1.62e-01  -3.28e-02   7.06e-02   5.15e-02 (  1.75e+02,  1.48e+02)
35     -0.018   2.69e-01   1.87e-01   3.20e-02  -1.37e-01   1.32e-01 (  1.78e+02,  1.59e+02)
40     -0.049   3.17e-01   2.28e-01   1.05e-01  -3.16e-01   3.04e-01 (  1.93e+02,  1.68e+02)
45      0.045   3.64e-01   3.06e-01   1.98e-01   3.43e-01   6.33e-01 (  2.11e+02,  1.73e+02)
50      0.180   4.54e-01   5.01e-01   2.85e-01   1.42e+00   1.19e+00 (  2.33e+02,  1.75e+02)
55      0.130   4.14e-01   4.47e-01   2.39e-01   1.54e+00   2.05e+00 (  1.90e+02,  1.74e+02)
60      0.129   4.05e-01   5.17e-01   2.83e-01   2.20e+00   3.21e+00 (  1.61e+02,  1.70e+02)
65      0.205   5.20e-01   7.67e-01   4.61e-01   4.24e+00   4.61e+00 (  1.73e+02,  1.64e+02)
70      0.250   6.07e-01   8.89e-01   5.64e-01   5.76e+00   6.11e+00 (  1.64e+02,  1.57e+02)
75      0.300   7.16e-01   1.02e+00   6.55e-01   7.29e+00   7.52e+00 (  1.58e+02,  1.49e+02)
80      0.337   8.15e-01   1.13e+00   7.10e-01   8.49e+00   8.67e+00 (  1.51e+02,  1.40e+02)
85      0.365   9.12e-01   1.21e+00   7.42e-01   9.84e+00   9.46e+00 (  1.54e+02,  1.31e+02)
90      0.303   7.38e-01   1.18e+00   8.41e-01   7.19e+00   9.88e+00 (  1.23e+02,  1.23e+02)
95      1.988   4.10e+00   5.46e+00   4.04e+00   1.28e+02   9.98e+00 (  2.26e+03,  1.16e+02)
16 n: 3.768e-04 e: 2.107e-04 i: 2.439e-04 :: e: 5.437e-02 i: 9.127e-02 :: n: 2.861e+01 e:24.681 i:32.452 v:4.993e+03
>>> tau_he = 5.000000, nhe(0)=3.700799e+00
 5     -6.189   1.09e-02   8.30e-01   3.47e-03  -1.29e-01   6.03e-05 (  4.95e+00,  3.07e+01)
10    -15.551   5.16e-02   7.69e-02  -6.01e-03  -1.76e+00   3.56e-04 (  3.53e+01,  6.20e+01)
15     -4.395   2.08e-01   6.00e-02   5.15e-03  -3.29e+00   1.54e-03 (  1.30e+02,  9.00e+01)
20     -0.685   2.03e-01   1.19e-01   1.71e-02  -2.36e+00   5.61e-03 (  1.42e+02,  1.14e+02)
25     -0.087   1.96e-01   1.35e-01   1.46e-02  -5.45e-01   1.80e-02 (  1.44e+02,  1.33e+02)
30      0.104   3.78e-01   3.91e-01   1.84e-01   6.79e-01   5.15e-02 (  2.69e+02,  1.48e+02)
35      0.109   3.71e-01   3.75e-01   1.84e-01   8.90e-01   1.32e-01 (  2.53e+02,  1.59e+02)
40      0.091   3.96e-01   3.52e-01   2.14e-01   6.32e-01   3.04e-01 (  2.47e+02,  1.68e+02)
45      0.046   3.68e-01   3.17e-01   2.06e-01   3.55e-01   6.33e-01 (  2.16e+02,  1.73e+02)
50      0.186   4.62e-01   5.10e-01   2.87e-01   1.44e+00   1.19e+00 (  2.39e+02,  1.75e+02)
55      0.130   4.21e-01   4.65e-01   2.47e-01   1.56e+00   2.05e+00 (  1.97e+02,  1.74e+02)
60      0.191   5.01e-01   7.19e-01   3.96e-01   3.34e+00   3.21e+00 (  2.04e+02,  1.70e+02)
65      0.206   5.33e-01   7.86e-01   4.68e-01   4.29e+00   4.61e+00 (  1.80e+02,  1.64e+02)
70      0.252   6.19e-01   9.03e-01   5.72e-01   5.81e+00   6.11e+00 (  1.70e+02,  1.57e+02)
75      0.301   7.26e-01   1.03e+00   6.58e-01   7.33e+00   7.52e+00 (  1.63e+02,  1.49e+02)
80      0.337   8.19e-01   1.13e+00   7.06e-01   8.49e+00   8.67e+00 (  1.54e+02,  1.40e+02)
85      0.363   9.13e-01   1.21e+00   7.30e-01   9.80e+00   9.46e+00 (  1.56e+02,  1.31e+02)
90      0.300   7.32e-01   1.17e+00   8.30e-01   7.09e+00   9.88e+00 (  1.23e+02,  1.23e+02)
95      1.988   4.10e+00   5.46e+00   4.04e+00   1.28e+02   9.98e+00 (  2.26e+03,  1.16e+02)
17 n: 1.497e-04 e: 2.234e-04 i: 7.344e-04 :: e: 3.953e-02 i: 7.833e-02 :: n: 2.852e+01 e:24.427 i:32.601 v:4.993e+03
>>> tau_he = 5.000000, nhe(0)=3.690111e+00
 5     -6.123   1.10e-02   8.39e-01   3.57e-03  -1.28e-01   6.03e-05 (  4.94e+00,  3.07e+01)
10    -14.863   5.05e-02   7.28e-02  -6.37e-03  -1.68e+00   3.56e-04 (  3.42e+01,  6.20e+01)
15     -4.286   2.07e-01   5.95e-02   4.46e-03  -3.20e+00   1.54e-03 (  1.28e+02,  9.00e+01)
20     -0.665   1.99e-01   1.19e-01   1.56e-02  -2.30e+00   5.61e-03 (  1.38e+02,  1.14e+02)
25     -0.024   3.73e-01   4.14e-01   1.41e-01  -1.50e-01   1.80e-02 (  2.72e+02,  1.33e+02)
30     -0.082   2.52e-01   1.66e-01  -2.42e-02  -4.91e-01   5.15e-02 (  1.76e+02,  1.48e+02)
35     -0.035   2.65e-01   1.85e-01   3.39e-02  -2.63e-01   1.32e-01 (  1.77e+02,  1.59e+02)
40      0.086   3.91e-01   3.39e-01   2.05e-01   5.92e-01   3.04e-01 (  2.41e+02,  1.68e+02)
45      0.048   3.63e-01   3.06e-01   1.95e-01   3.69e-01   6.33e-01 (  2.11e+02,  1.73e+02)
50      0.185   4.55e-01   4.91e-01   2.80e-01   1.41e+00   1.19e+00 (  2.32e+02,  1.75e+02)
55      0.131   4.15e-01   4.51e-01   2.39e-01   1.58e+00   2.05e+00 (  1.91e+02,  1.74e+02)
60      0.188   4.89e-01   6.89e-01   3.83e-01   3.26e+00   3.21e+00 (  1.96e+02,  1.70e+02)
65      0.205   5.21e-01   7.68e-01   4.60e-01   4.27e+00   4.61e+00 (  1.74e+02,  1.64e+02)
70      0.251   6.09e-01   8.91e-01   5.65e-01   5.80e+00   6.11e+00 (  1.65e+02,  1.57e+02)
75      0.301   7.17e-01   1.02e+00   6.55e-01   7.32e+00   7.52e+00 (  1.58e+02,  1.49e+02)
80      0.337   8.16e-01   1.13e+00   7.09e-01   8.52e+00   8.67e+00 (  1.51e+02,  1.40e+02)
85      0.365   9.14e-01   1.21e+00   7.38e-01   9.85e+00   9.46e+00 (  1.53e+02,  1.31e+02)
90      0.302   7.35e-01   1.18e+00   8.36e-01   7.15e+00   9.88e+00 (  1.22e+02,  1.23e+02)
95      1.988   4.10e+00   5.46e+00   4.04e+00   1.28e+02   9.98e+00 (  2.26e+03,  1.16e+02)
18 n: 1.028e-04 e: 2.269e-04 i: 1.007e-03 :: e: 4.512e-02 i: 7.597e-02 :: n: 2.856e+01 e:24.566 i:32.404 v:4.993e+03
>>> tau_he = 5.000000, nhe(0)=3.687748e+00
 5     -6.106   1.09e-02   8.39e-01   3.50e-03  -1.28e-01   6.03e-05 (  4.92e+00,  3.07e+01)
10    -15.192   4.69e-02   7.50e-02  -6.72e-03  -1.72e+00   3.56e-04 (  3.20e+01,  6.20e+01)
15     -4.317   2.28e-01   1.01e-01   5.47e-04  -3.23e+00   1.54e-03 (  1.43e+02,  9.00e+01)
20     -0.677   1.99e-01   1.31e-01  -3.01e-02  -2.35e+00   5.61e-03 (  1.39e+02,  1.14e+02)
25     -0.062   1.93e-01   1.30e-01   2.12e-02  -4.05e-01   1.80e-02 (  1.38e+02,  1.33e+02)
30      0.001   2.53e-01   1.66e-01  -3.14e-02   8.86e-03   5.15e-02 (  1.77e+02,  1.48e+02)
35      0.092   3.84e-01   3.71e-01   1.84e-01   7.03e-01   1.32e-01 (  2.59e+02,  1.59e+02)
40      0.045   3.96e-01   3.52e-01   2.16e-01   2.99e-01   3.04e-01 (  2.45e+02,  1.68e+02)
45      0.047   3.67e-01   3.16e-01   2.05e-01   3.62e-01   6.33e-01 (  2.14e+02,  1.73e+02)
50      0.185   4.61e-01   5.04e-01   2.89e-01   1.38e+00   1.19e+00 (  2.37e+02,  1.75e+02)
55      0.132   4.21e-01   4.66e-01   2.46e-01   1.59e+00   2.05e+00 (  1.97e+02,  1.74e+02)
60      0.186   4.96e-01   7.02e-01   3.88e-01   3.22e+00   3.21e+00 (  2.01e+02,  1.70e+02)
65      0.205   5.31e-01   7.81e-01   4.65e-01   4.28e+00   4.61e+00 (  1.79e+02,  1.64e+02)
70      0.253   6.19e-01   9.05e-01   5.73e-01   5.86e+00   6.11e+00 (  1.71e+02,  1.57e+02)
75      0.302   7.26e-01   1.03e+00   6.60e-01   7.37e+00   7.52e+00 (  1.63e+02,  1.49e+02)
80      0.338   8.21e-01   1.13e+00   7.09e-01   8.53e+00   8.67e+00 (  1.54e+02,  1.40e+02)
85      0.364   9.14e-01   1.21e+00   7.33e-01   9.83e+00   9.46e+00 (  1.55e+02,  1.31e+02)
90      0.299   7.31e-01   1.17e+00   8.30e-01   7.08e+00   9.88e+00 (  1.23e+02,  1.23e+02)
95      1.988   4.10e+00   5.46e+00   4.04e+00   1.28e+02   9.98e+00 (  2.26e+03,  1.16e+02)
19 n: 7.807e-05 e: 1.474e-04 i: 5.020e-04 :: e: 3.547e-02 i: 6.324e-02 :: n: 2.859e+01 e:24.391 i:32.554 v:4.993e+03
>>> tau_he = 5.000000, nhe(0)=3.701772e+00
 5     -6.059   1.10e-02   8.48e-01   3.58e-03  -1.27e-01   6.03e-05 (  4.93e+00,  3.07e+01)
10    -14.610   4.61e-02   7.16e-02  -7.03e-03  -1.66e+00   3.56e-04 (  3.13e+01,  6.20e+01)
15     -4.205   2.07e-01   5.96e-02   3.85e-03  -3.15e+00   1.54e-03 (  1.27e+02,  9.00e+01)
20     -0.655   1.97e-01   1.20e-01   1.48e-02  -2.28e+00   5.61e-03 (  1.37e+02,  1.14e+02)
25     -0.017   2.04e-01   1.33e-01   2.20e-02  -1.14e-01   1.80e-02 (  1.47e+02,  1.33e+02)
30      0.109   3.70e-01   3.79e-01   1.69e-01   7.38e-01   5.15e-02 (  2.59e+02,  1.48e+02)
35     -0.039   2.65e-01   1.86e-01   3.73e-02  -2.89e-01   1.32e-01 (  1.76e+02,  1.59e+02)
40     -0.039   3.14e-01   2.26e-01   1.02e-01  -2.63e-01   3.04e-01 (  1.92e+02,  1.68e+02)
45      0.049   3.62e-01   3.07e-01   1.96e-01   3.82e-01   6.33e-01 (  2.10e+02,  1.73e+02)
50      0.184   4.56e-01   4.90e-01   2.83e-01   1.36e+00   1.19e+00 (  2.32e+02,  1.75e+02)
55      0.132   4.16e-01   4.55e-01   2.40e-01   1.60e+00   2.05e+00 (  1.93e+02,  1.74e+02)
60      0.184   4.87e-01   6.80e-01   3.80e-01   3.17e+00   3.21e+00 (  1.95e+02,  1.70e+02)
65      0.205   5.24e-01   7.68e-01   4.58e-01   4.27e+00   4.61e+00 (  1.75e+02,  1.64e+02)
70      0.253   6.13e-01   8.96e-01   5.68e-01   5.86e+00   6.11e+00 (  1.67e+02,  1.57e+02)
75      0.302   7.21e-01   1.02e+00   6.58e-01   7.37e+00   7.52e+00 (  1.60e+02,  1.49e+02)
80      0.339   8.19e-01   1.13e+00   7.12e-01   8.56e+00   8.67e+00 (  1.52e+02,  1.40e+02)
85      0.366   9.15e-01   1.21e+00   7.39e-01   9.87e+00   9.46e+00 (  1.53e+02,  1.31e+02)
90      0.301   7.33e-01   1.17e+00   8.35e-01   7.12e+00   9.88e+00 (  1.22e+02,  1.23e+02)
95      1.988   4.10e+00   5.46e+00   4.04e+00   1.28e+02   9.98e+00 (  2.26e+03,  1.16e+02)
20 n: 1.078e-04 e: 1.624e-04 i: 5.099e-04 :: e: 4.053e-02 i: 6.735e-02 :: n: 2.862e+01 e:24.562 i:32.494 v:4.993e+03
>>> tau_he = 5.000000, nhe(0)=3.706600e+00
 5     -6.073   1.09e-02   8.57e-01   3.58e-03  -1.27e-01   6.03e-05 (  4.92e+00,  3.07e+01)
10    -14.590   4.51e-02   7.08e-02  -7.52e-03  -1.65e+00   3.56e-04 (  3.09e+01,  6.20e+01)
15     -4.239   2.29e-01   9.88e-02   5.01e-04  -3.17e+00   1.54e-03 (  1.42e+02,  9.00e+01)
20     -0.680   4.18e-01   5.19e-01   1.21e-01  -2.36e+00   5.61e-03 (  2.94e+02,  1.14e+02)
25      0.006   3.68e-01   4.08e-01   1.27e-01   4.01e-02   1.80e-02 (  2.69e+02,  1.33e+02)
30     -0.007   2.51e-01   1.64e-01  -2.63e-02  -4.56e-02   5.15e-02 (  1.76e+02,  1.48e+02)
35     -0.012   2.68e-01   1.87e-01   2.99e-02  -9.64e-02   1.32e-01 (  1.81e+02,  1.59e+02)
40      0.094   3.91e-01   3.45e-01   2.03e-01   6.82e-01   3.04e-01 (  2.43e+02,  1.68e+02)
45      0.050   3.65e-01   3.14e-01   1.99e-01   3.99e-01   6.33e-01 (  2.13e+02,  1.73e+02)
50      0.184   4.59e-01   4.98e-01   2.88e-01   1.34e+00   1.19e+00 (  2.35e+02,  1.75e+02)
55      0.133   4.21e-01   4.65e-01   2.45e-01   1.61e+00   2.05e+00 (  1.96e+02,  1.74e+02)
60      0.183   4.91e-01   6.88e-01   3.84e-01   3.15e+00   3.21e+00 (  1.98e+02,  1.70e+02)
65      0.205   5.30e-01   7.78e-01   4.63e-01   4.29e+00   4.61e+00 (  1.79e+02,  1.64e+02)
70      0.254   6.21e-01   9.06e-01   5.74e-01   5.90e+00   6.11e+00 (  1.71e+02,  1.57e+02)
75      0.303   7.28e-01   1.03e+00   6.62e-01   7.41e+00   7.52e+00 (  1.63e+02,  1.49e+02)
80      0.339   8.23e-01   1.14e+00   7.13e-01   8.58e+00   8.67e+00 (  1.54e+02,  1.40e+02)
85      0.365   9.17e-01   1.21e+00   7.36e-01   9.87e+00   9.46e+00 (  1.55e+02,  1.31e+02)
90      0.300   7.31e-01   1.17e+00   8.31e-01   7.08e+00   9.88e+00 (  1.22e+02,  1.23e+02)
95      1.988   4.10e+00   5.46e+00   4.04e+00   1.28e+02   9.98e+00 (  2.26e+03,  1.16e+02)
21 n: 4.654e-05 e: 6.661e-04 i: 4.126e-03 :: e: 5.730e-02 i: 8.495e-02 :: n: 2.865e+01 e:24.346 i:32.236 v:4.993e+03
>>> tau_he = 5.000000, nhe(0)=3.700007e+00
 5     -5.968   1.08e-02   8.40e-01   3.55e-03  -1.25e-01   6.03e-05 (  4.84e+00,  3.07e+01)
10    -14.784   4.64e-02   7.20e-02  -7.01e-03  -1.68e+00   3.56e-04 (  3.17e+01,  6.20e+01)
15     -4.089   2.04e-01   5.83e-02   5.27e-03  -3.06e+00   1.54e-03 (  1.24e+02,  9.00e+01)
20     -0.721   1.95e-01   1.05e-01   2.67e-02  -2.48e+00   5.61e-03 (  1.30e+02,  1.14e+02)
25     -0.058   1.86e-01   1.22e-01   2.66e-02  -3.79e-01   1.80e-02 (  1.31e+02,  1.33e+02)
30      0.011   2.24e-01   1.46e-01   3.58e-02   8.11e-02   5.15e-02 (  1.57e+02,  1.48e+02)
35      0.105   3.80e-01   3.63e-01   1.68e-01   8.65e-01   1.32e-01 (  2.57e+02,  1.59e+02)
40      0.090   3.93e-01   3.43e-01   2.06e-01   6.24e-01   3.04e-01 (  2.43e+02,  1.68e+02)
45      0.049   3.64e-01   3.10e-01   1.96e-01   3.84e-01   6.33e-01 (  2.12e+02,  1.73e+02)
50      0.185   4.58e-01   4.90e-01   2.86e-01   1.33e+00   1.19e+00 (  2.32e+02,  1.75e+02)
55      0.134   4.19e-01   4.60e-01   2.41e-01   1.63e+00   2.05e+00 (  1.95e+02,  1.74e+02)
60      0.125   4.06e-01   5.12e-01   2.80e-01   2.15e+00   3.21e+00 (  1.63e+02,  1.70e+02)
65      0.205   5.27e-01   7.71e-01   4.59e-01   4.29e+00   4.61e+00 (  1.77e+02,  1.64e+02)
70      0.254   6.17e-01   9.02e-01   5.72e-01   5.90e+00   6.11e+00 (  1.69e+02,  1.57e+02)
75      0.303   7.24e-01   1.03e+00   6.62e-01   7.40e+00   7.52e+00 (  1.62e+02,  1.49e+02)
80      0.340   8.21e-01   1.14e+00   7.16e-01   8.59e+00   8.67e+00 (  1.53e+02,  1.40e+02)
85      0.366   9.16e-01   1.22e+00   7.42e-01   9.89e+00   9.46e+00 (  1.54e+02,  1.31e+02)
90      0.301   7.32e-01   1.17e+00   8.35e-01   7.10e+00   9.88e+00 (  1.22e+02,  1.23e+02)
95      1.988   4.10e+00   5.46e+00   4.04e+00   1.28e+02   9.98e+00 (  2.26e+03,  1.16e+02)
22 n: 3.409e-04 e: 1.541e-04 i: 4.388e-04 :: e: 4.402e-02 i: 6.772e-02 :: n: 2.858e+01 e:24.445 i:32.222 v:4.993e+03
>>> tau_he = 5.000000, nhe(0)=3.684317e+00
 5     -5.884   1.06e-02   8.47e-01   3.55e-03  -1.23e-01   6.03e-05 (  4.73e+00,  3.07e+01)
10    -14.185   4.33e-02   6.87e-02  -7.54e-03  -1.61e+00   3.56e-04 (  2.94e+01,  6.20e+01)
15     -4.033   2.06e-01   5.96e-02   7.03e-03  -3.02e+00   1.54e-03 (  1.24e+02,  9.00e+01)
20     -0.662   1.93e-01   1.08e-01   2.57e-02  -2.28e+00   5.61e-03 (  1.29e+02,  1.14e+02)
25     -0.068   1.90e-01   1.30e-01   2.66e-02  -4.32e-01   1.80e-02 (  1.36e+02,  1.33e+02)
30      0.107   3.77e-01   3.89e-01   1.80e-01   7.08e-01   5.15e-02 (  2.67e+02,  1.48e+02)
35     -0.034   2.69e-01   1.90e-01   3.13e-02  -2.59e-01   1.32e-01 (  1.81e+02,  1.59e+02)
40      0.086   3.95e-01   3.45e-01   2.12e-01   5.86e-01   3.04e-01 (  2.45e+02,  1.68e+02)
45      0.048   3.67e-01   3.13e-01   1.99e-01   3.78e-01   6.33e-01 (  2.15e+02,  1.73e+02)
50      0.173   4.60e-01   4.94e-01   2.93e-01   1.23e+00   1.19e+00 (  2.35e+02,  1.75e+02)
55      0.135   4.23e-01   4.68e-01   2.44e-01   1.65e+00   2.05e+00 (  1.99e+02,  1.74e+02)
60      0.188   4.98e-01   7.01e-01   3.85e-01   3.29e+00   3.21e+00 (  2.03e+02,  1.70e+02)
65      0.208   5.35e-01   7.85e-01   4.66e-01   4.37e+00   4.61e+00 (  1.82e+02,  1.64e+02)
70      0.256   6.23e-01   9.11e-01   5.77e-01   5.93e+00   6.11e+00 (  1.73e+02,  1.57e+02)
75      0.304   7.29e-01   1.04e+00   6.65e-01   7.43e+00   7.52e+00 (  1.64e+02,  1.49e+02)
80      0.340   8.24e-01   1.14e+00   7.17e-01   8.60e+00   8.67e+00 (  1.55e+02,  1.40e+02)
85      0.366   9.18e-01   1.22e+00   7.40e-01   9.88e+00   9.46e+00 (  1.56e+02,  1.31e+02)
90      0.299   7.30e-01   1.17e+00   8.32e-01   7.07e+00   9.88e+00 (  1.22e+02,  1.23e+02)
95      1.988   4.10e+00   5.46e+00   4.04e+00   1.28e+02   9.98e+00 (  2.26e+03,  1.16e+02)
23 n: 3.730e-05 e: 1.022e-04 i: 5.320e-04 :: e: 3.370e-02 i: 5.409e-02 :: n: 2.849e+01 e:24.366 i:32.388 v:4.993e+03
>>> tau_he = 5.000000, nhe(0)=3.674193e+00
 5     -5.857   1.07e-02   8.60e-01   3.59e-03  -1.23e-01   6.03e-05 (  4.74e+00,  3.07e+01)
10    -13.782   4.32e-02   6.64e-02  -7.91e-03  -1.56e+00   3.56e-04 (  2.92e+01,  6.20e+01)
15     -4.008   2.07e-01   6.05e-02   6.49e-03  -3.00e+00   1.54e-03 (  1.24e+02,  9.00e+01)
20     -0.605   1.96e-01   1.11e-01   2.19e-02  -2.09e+00   5.61e-03 (  1.31e+02,  1.14e+02)
25     -0.078   1.95e-01   1.34e-01   2.81e-02  -4.91e-01   1.80e-02 (  1.40e+02,  1.33e+02)
30     -0.062   2.54e-01   1.68e-01  -2.96e-02  -3.88e-01   5.15e-02 (  1.76e+02,  1.48e+02)
35     -0.024   2.70e-01   1.88e-01   3.33e-02  -1.82e-01   1.32e-01 (  1.81e+02,  1.59e+02)
40     -0.050   3.19e-01   2.30e-01   1.06e-01  -3.26e-01   3.04e-01 (  1.96e+02,  1.68e+02)
45      0.047   3.65e-01   3.09e-01   1.98e-01   3.65e-01   6.33e-01 (  2.12e+02,  1.73e+02)
50      0.173   4.58e-01   4.87e-01   2.90e-01   1.22e+00   1.19e+00 (  2.32e+02,  1.75e+02)
55      0.135   4.22e-01   4.63e-01   2.42e-01   1.65e+00   2.05e+00 (  1.97e+02,  1.74e+02)
60      0.185   4.93e-01   6.89e-01   3.80e-01   3.22e+00   3.21e+00 (  2.00e+02,  1.70e+02)
65      0.207   5.31e-01   7.78e-01   4.63e-01   4.35e+00   4.61e+00 (  1.80e+02,  1.64e+02)
70      0.255   6.20e-01   9.07e-01   5.75e-01   5.92e+00   6.11e+00 (  1.71e+02,  1.57e+02)
75      0.304   7.26e-01   1.03e+00   6.66e-01   7.41e+00   7.52e+00 (  1.63e+02,  1.49e+02)
80      0.340   8.23e-01   1.14e+00   7.20e-01   8.60e+00   8.67e+00 (  1.54e+02,  1.40e+02)
85      0.371   9.16e-01   1.24e+00   7.42e-01   1.00e+01   9.46e+00 (  1.54e+02,  1.31e+02)
90      0.300   7.31e-01   1.17e+00   8.36e-01   7.09e+00   9.88e+00 (  1.22e+02,  1.23e+02)
95      1.988   4.10e+00   5.46e+00   4.04e+00   1.28e+02   9.98e+00 (  2.26e+03,  1.16e+02)
24 n: 6.030e-05 e: 6.063e-05 i: 1.533e-04 :: e: 3.091e-02 i: 4.885e-02 :: n: 2.866e+01 e:24.507 i:32.529 v:4.993e+03
>>> tau_he = 5.000000, nhe(0)=3.714079e+00
 5     -5.904   1.08e-02   8.82e-01   3.61e-03  -1.24e-01   6.03e-05 (  4.82e+00,  3.07e+01)
10    -13.576   4.23e-02   6.47e-02  -8.47e-03  -1.54e+00   3.56e-04 (  2.89e+01,  6.20e+01)
15     -4.068   2.10e-01   6.04e-02   4.41e-03  -3.05e+00   1.54e-03 (  1.27e+02,  9.00e+01)
20     -0.625   1.99e-01   1.13e-01   1.92e-02  -2.17e+00   5.61e-03 (  1.35e+02,  1.14e+02)
25      0.006   3.72e-01   4.13e-01   1.29e-01   3.68e-02   1.80e-02 (  2.72e+02,  1.33e+02)
30      0.112   3.73e-01   3.82e-01   1.69e-01   7.74e-01   5.15e-02 (  2.64e+02,  1.48e+02)
35      0.108   3.81e-01   3.66e-01   1.70e-01   8.97e-01   1.32e-01 (  2.60e+02,  1.59e+02)
40      0.093   3.95e-01   3.47e-01   2.07e-01   6.56e-01   3.04e-01 (  2.45e+02,  1.68e+02)
45      0.050   3.66e-01   3.13e-01   1.99e-01   3.94e-01   6.33e-01 (  2.13e+02,  1.73e+02)
50      0.173   4.59e-01   4.92e-01   2.92e-01   1.21e+00   1.19e+00 (  2.33e+02,  1.75e+02)
55      0.135   4.23e-01   4.68e-01   2.44e-01   1.65e+00   2.05e+00 (  1.99e+02,  1.74e+02)
60      0.184   4.95e-01   6.91e-01   3.81e-01   3.19e+00   3.21e+00 (  2.01e+02,  1.70e+02)
65      0.207   5.35e-01   7.83e-01   4.66e-01   4.35e+00   4.61e+00 (  1.82e+02,  1.64e+02)
70      0.256   6.24e-01   9.13e-01   5.79e-01   5.94e+00   6.11e+00 (  1.73e+02,  1.57e+02)
75      0.305   7.30e-01   1.04e+00   6.68e-01   7.43e+00   7.52e+00 (  1.65e+02,  1.49e+02)
80      0.341   8.24e-01   1.14e+00   7.20e-01   8.60e+00   8.67e+00 (  1.55e+02,  1.40e+02)
85      0.366   9.16e-01   1.22e+00   7.42e-01   9.87e+00   9.46e+00 (  1.55e+02,  1.31e+02)
90      0.299   7.30e-01   1.17e+00   8.33e-01   7.05e+00   9.88e+00 (  1.22e+02,  1.23e+02)
95      1.988   4.10e+00   5.46e+00   4.04e+00   1.28e+02   9.98e+00 (  2.26e+03,  1.16e+02)
25 n: 1.976e-05 e: 1.432e-04 i: 9.135e-04 :: e: 3.929e-02 i: 5.991e-02 :: n: 2.855e+01 e:24.459 i:32.405 v:4.993e+03
>>> tau_he = 5.000000, nhe(0)=3.686768e+00
 5     -5.862   1.07e-02   8.79e-01   3.62e-03  -1.23e-01   6.03e-05 (  4.78e+00,  3.07e+01)
10    -13.636   4.32e-02   6.47e-02  -8.69e-03  -1.55e+00   3.56e-04 (  2.96e+01,  6.20e+01)
15     -4.076   2.10e-01   6.29e-02   4.06e-03  -3.06e+00   1.54e-03 (  1.28e+02,  9.00e+01)
20     -0.638   1.99e-01   1.16e-01   1.94e-02  -2.19e+00   5.61e-03 (  1.35e+02,  1.14e+02)
25     -0.089   1.89e-01   1.30e-01   3.45e-02  -5.39e-01   1.80e-02 (  1.35e+02,  1.33e+02)
30     -0.006   2.49e-01   1.62e-01  -1.77e-02  -3.68e-02   5.15e-02 (  1.73e+02,  1.48e+02)
35     -0.021   2.71e-01   1.86e-01   3.18e-02  -1.59e-01   1.32e-01 (  1.83e+02,  1.59e+02)
40      0.089   3.96e-01   3.44e-01   2.06e-01   6.21e-01   3.04e-01 (  2.47e+02,  1.68e+02)
45      0.050   3.67e-01   3.11e-01   1.93e-01   4.00e-01   6.33e-01 (  2.15e+02,  1.73e+02)
50      0.173   4.60e-01   4.89e-01   2.92e-01   1.22e+00   1.19e+00 (  2.34e+02,  1.75e+02)
55      0.136   4.23e-01   4.66e-01   2.42e-01   1.67e+00   2.05e+00 (  1.99e+02,  1.74e+02)
60      0.183   4.93e-01   6.85e-01   3.78e-01   3.17e+00   3.21e+00 (  2.00e+02,  1.70e+02)
65      0.208   5.33e-01   7.80e-01   4.64e-01   4.36e+00   4.61e+00 (  1.81e+02,  1.64e+02)
70      0.257   6.23e-01   9.12e-01   5.78e-01   5.95e+00   6.11e+00 (  1.73e+02,  1.57e+02)
75      0.305   7.29e-01   1.04e+00   6.69e-01   7.44e+00   7.52e+00 (  1.64e+02,  1.49e+02)
80      0.341   8.25e-01   1.15e+00   7.23e-01   8.62e+00   8.67e+00 (  1.55e+02,  1.40e+02)
85      0.371   9.16e-01   1.24e+00   7.44e-01   1.00e+01   9.46e+00 (  1.55e+02,  1.31e+02)
90      0.300   7.31e-01   1.17e+00   8.36e-01   7.08e+00   9.88e+00 (  1.22e+02,  1.23e+02)
95      1.988   4.10e+00   5.46e+00   4.04e+00   1.28e+02   9.98e+00 (  2.26e+03,  1.16e+02)
26 n: 1.949e-05 e: 3.375e-05 i: 1.880e-04 :: e: 2.627e-02 i: 4.050e-02 :: n: 2.858e+01 e:24.459 i:32.520 v:4.993e+03
>>> tau_he = 5.000000, nhe(0)=3.698050e+00
 5     -5.819   1.08e-02   8.94e-01   3.64e-03  -1.22e-01   6.03e-05 (  4.77e+00,  3.07e+01)
10    -13.104   4.16e-02   6.18e-02  -9.07e-03  -1.49e+00   3.56e-04 (  2.84e+01,  6.20e+01)
15     -4.030   2.11e-01   6.28e-02   3.71e-03  -3.02e+00   1.54e-03 (  1.28e+02,  9.00e+01)
20     -0.632   2.02e-01   1.18e-01   1.82e-02  -2.18e+00   5.61e-03 (  1.37e+02,  1.14e+02)
25     -0.067   1.93e-01   1.33e-01   2.12e-02  -4.33e-01   1.80e-02 (  1.38e+02,  1.33e+02)
30      0.020   2.51e-01   1.64e-01  -3.28e-02   1.43e-01   5.15e-02 (  1.75e+02,  1.48e+02)
35     -0.011   2.71e-01   1.89e-01   2.80e-02  -8.96e-02   1.32e-01 (  1.83e+02,  1.59e+02)
40      0.048   3.97e-01   3.50e-01   2.12e-01   3.24e-01   3.04e-01 (  2.45e+02,  1.68e+02)
45      0.050   3.67e-01   3.14e-01   1.98e-01   3.92e-01   6.33e-01 (  2.14e+02,  1.73e+02)
50      0.174   4.60e-01   4.92e-01   2.94e-01   1.21e+00   1.19e+00 (  2.34e+02,  1.75e+02)
55      0.191   4.82e-01   6.17e-01   3.06e-01   2.34e+00   2.05e+00 (  2.27e+02,  1.74e+02)
60      0.183   4.94e-01   6.87e-01   3.80e-01   3.15e+00   3.21e+00 (  2.01e+02,  1.70e+02)
65      0.208   5.36e-01   7.84e-01   4.67e-01   4.35e+00   4.61e+00 (  1.83e+02,  1.64e+02)
70      0.257   6.26e-01   9.16e-01   5.81e-01   5.95e+00   6.11e+00 (  1.74e+02,  1.57e+02)
75      0.305   7.31e-01   1.04e+00   6.71e-01   7.44e+00   7.52e+00 (  1.66e+02,  1.49e+02)
80      0.341   8.25e-01   1.15e+00   7.24e-01   8.60e+00   8.67e+00 (  1.56e+02,  1.40e+02)
85      0.370   9.15e-01   1.24e+00   7.43e-01   9.98e+00   9.46e+00 (  1.56e+02,  1.31e+02)
90      0.300   7.30e-01   1.17e+00   8.41e-01   7.06e+00   9.88e+00 (  1.22e+02,  1.23e+02)
95      1.988   4.10e+00   5.46e+00   4.04e+00   1.28e+02   9.98e+00 (  2.26e+03,  1.16e+02)
27 n: 2.149e-04 e: 7.768e-05 i: 2.240e-04 :: e: 2.696e-02 i: 4.474e-02 :: n: 2.846e+01 e:24.522 i:32.646 v:4.993e+03
>>> tau_he = 5.000000, nhe(0)=3.678876e+00
 5     -5.834   1.08e-02   9.16e-01   3.70e-03  -1.22e-01   6.03e-05 (  4.78e+00,  3.07e+01)
10    -12.163   4.39e-02   5.49e-02  -8.65e-03  -1.38e+00   3.56e-04 (  2.99e+01,  6.20e+01)
15     -4.031   2.13e-01   6.34e-02   4.91e-03  -3.02e+00   1.54e-03 (  1.28e+02,  9.00e+01)
20     -0.638   2.05e-01   1.21e-01   1.82e-02  -2.20e+00   5.61e-03 (  1.39e+02,  1.14e+02)
25     -0.080   1.99e-01   1.37e-01   1.13e-02  -5.03e-01   1.80e-02 (  1.44e+02,  1.33e+02)
30      0.110   3.77e-01   3.88e-01   1.76e-01   7.41e-01   5.15e-02 (  2.66e+02,  1.48e+02)
35      0.102   3.87e-01   3.73e-01   1.82e-01   8.00e-01   1.32e-01 (  2.63e+02,  1.59e+02)
40     -0.055   3.22e-01   2.35e-01   1.09e-01  -3.49e-01   3.04e-01 (  1.98e+02,  1.68e+02)
45      0.048   3.68e-01   3.15e-01   2.02e-01   3.68e-01   6.33e-01 (  2.14e+02,  1.73e+02)
50      0.101   4.05e-01   3.61e-01   2.46e-01   6.93e-01   1.19e+00 (  2.05e+02,  1.75e+02)
55      0.133   4.24e-01   4.62e-01   2.46e-01   1.57e+00   2.05e+00 (  1.98e+02,  1.74e+02)
60      0.123   4.10e-01   5.12e-01   2.81e-01   2.09e+00   3.21e+00 (  1.66e+02,  1.70e+02)
65      0.207   5.34e-01   7.81e-01   4.66e-01   4.32e+00   4.61e+00 (  1.82e+02,  1.64e+02)
70      0.256   6.23e-01   9.14e-01   5.80e-01   5.91e+00   6.11e+00 (  1.73e+02,  1.57e+02)
75      0.305   7.28e-01   1.04e+00   6.71e-01   7.40e+00   7.52e+00 (  1.65e+02,  1.49e+02)
80      0.340   8.22e-01   1.15e+00   7.25e-01   8.57e+00   8.67e+00 (  1.55e+02,  1.40e+02)
85      0.369   9.12e-01   1.24e+00   7.45e-01   9.94e+00   9.46e+00 (  1.55e+02,  1.31e+02)
90      0.300   7.30e-01   1.17e+00   8.42e-01   7.05e+00   9.88e+00 (  1.22e+02,  1.23e+02)
95      1.988   4.10e+00   5.46e+00   4.04e+00   1.28e+02   9.98e+00 (  2.26e+03,  1.16e+02)
28 n: 2.914e-04 e: 1.825e-04 i: 8.754e-04 :: e: 4.448e-02 i: 7.043e-02 :: n: 2.859e+01 e:24.524 i:32.734 v:4.993e+03
>>> tau_he = 5.000000, nhe(0)=3.709686e+00
 5     -5.855   1.10e-02   9.35e-01   3.73e-03  -1.23e-01   6.03e-05 (  4.86e+00,  3.07e+01)
10    -11.920   5.04e-02   7.07e-02  -6.28e-03  -1.35e+00   3.56e-04 (  3.46e+01,  6.20e+01)
15     -4.032   2.34e-01   1.03e-01  -8.52e-04  -3.02e+00   1.54e-03 (  1.42e+02,  9.00e+01)
20     -0.668   1.81e-01   9.94e-02   1.58e-02  -2.31e+00   5.61e-03 (  1.25e+02,  1.14e+02)
25     -0.011   3.75e-01   4.23e-01   1.47e-01  -6.78e-02   1.80e-02 (  2.75e+02,  1.33e+02)
30     -0.074   2.54e-01   1.67e-01  -2.74e-02  -4.54e-01   5.15e-02 (  1.78e+02,  1.48e+02)
35     -0.016   2.70e-01   1.85e-01   2.96e-02  -1.24e-01   1.32e-01 (  1.82e+02,  1.59e+02)
40      0.093   3.93e-01   3.41e-01   1.99e-01   6.79e-01   3.04e-01 (  2.45e+02,  1.68e+02)
45      0.056   3.64e-01   3.10e-01   1.87e-01   4.57e-01   6.33e-01 (  2.13e+02,  1.73e+02)
50      0.187   4.59e-01   4.94e-01   2.88e-01   1.36e+00   1.19e+00 (  2.33e+02,  1.75e+02)
55      0.135   4.22e-01   4.64e-01   2.43e-01   1.64e+00   2.05e+00 (  1.98e+02,  1.74e+02)
60      0.186   4.96e-01   6.93e-01   3.81e-01   3.25e+00   3.21e+00 (  2.02e+02,  1.70e+02)
65      0.209   5.36e-01   7.85e-01   4.67e-01   4.39e+00   4.61e+00 (  1.82e+02,  1.64e+02)
70      0.257   6.24e-01   9.14e-01   5.80e-01   5.93e+00   6.11e+00 (  1.73e+02,  1.57e+02)
75      0.305   7.29e-01   1.04e+00   6.71e-01   7.41e+00   7.52e+00 (  1.65e+02,  1.49e+02)
80      0.341   8.23e-01   1.15e+00   7.24e-01   8.59e+00   8.67e+00 (  1.55e+02,  1.40e+02)
85      0.369   9.12e-01   1.24e+00   7.43e-01   9.95e+00   9.46e+00 (  1.55e+02,  1.31e+02)
90      0.299   7.29e-01   1.17e+00   8.41e-01   7.05e+00   9.88e+00 (  1.22e+02,  1.23e+02)
95      1.988   4.10e+00   5.46e+00   4.04e+00   1.28e+02   9.98e+00 (  2.26e+03,  1.16e+02)
29 n: 5.327e-05 e: 1.649e-04 i: 8.533e-04 :: e: 3.802e-02 i: 5.443e-02 :: n: 2.860e+01 e:24.556 i:32.620 v:4.993e+03
>>> tau_he = 5.000000, nhe(0)=3.707551e+00
 5     -5.842   1.09e-02   9.33e-01   3.73e-03  -1.22e-01   6.03e-05 (  4.84e+00,  3.07e+01)
10    -11.899   4.99e-02   7.00e-02  -6.37e-03  -1.35e+00   3.56e-04 (  3.43e+01,  6.20e+01)
15     -4.012   2.33e-01   1.02e-01  -2.64e-04  -3.01e+00   1.54e-03 (  1.41e+02,  9.00e+01)
20     -0.667   1.81e-01   9.95e-02   1.59e-02  -2.31e+00   5.61e-03 (  1.24e+02,  1.14e+02)
25     -0.061   1.95e-01   1.31e-01   1.97e-02  -4.00e-01   1.80e-02 (  1.41e+02,  1.33e+02)
30      0.006   2.53e-01   1.65e-01  -3.12e-02   4.38e-02   5.15e-02 (  1.78e+02,  1.48e+02)
35      0.096   3.86e-01   3.69e-01   1.75e-01   7.71e-01   1.32e-01 (  2.62e+02,  1.59e+02)
40      0.087   3.98e-01   3.47e-01   2.10e-01   6.01e-01   3.04e-01 (  2.48e+02,  1.68e+02)
45      0.052   3.68e-01   3.13e-01   1.93e-01   4.13e-01   6.33e-01 (  2.16e+02,  1.73e+02)
50      0.176   4.62e-01   4.96e-01   2.94e-01   1.25e+00   1.19e+00 (  2.36e+02,  1.75e+02)
55      0.135   4.26e-01   4.68e-01   2.44e-01   1.65e+00   2.05e+00 (  2.01e+02,  1.74e+02)
60      0.185   4.98e-01   6.93e-01   3.82e-01   3.21e+00   3.21e+00 (  2.04e+02,  1.70e+02)
65      0.209   5.39e-01   7.88e-01   4.69e-01   4.38e+00   4.61e+00 (  1.84e+02,  1.64e+02)
70      0.257   6.26e-01   9.18e-01   5.83e-01   5.94e+00   6.11e+00 (  1.75e+02,  1.57e+02)
75      0.305   7.31e-01   1.04e+00   6.73e-01   7.42e+00   7.52e+00 (  1.66e+02,  1.49e+02)
80      0.341   8.24e-01   1.15e+00   7.26e-01   8.59e+00   8.67e+00 (  1.56e+02,  1.40e+02)
85      0.369   9.13e-01   1.24e+00   7.44e-01   9.94e+00   9.46e+00 (  1.55e+02,  1.31e+02)
90      0.299   7.29e-01   1.17e+00   8.41e-01   7.04e+00   9.88e+00 (  1.22e+02,  1.23e+02)
95      1.988   4.10e+00   5.46e+00   4.04e+00   1.28e+02   9.98e+00 (  2.26e+03,  1.16e+02)
30 n: 2.555e-05 e: 9.714e-05 i: 4.328e-04 :: e: 3.039e-02 i: 4.370e-02 :: n: 2.854e+01 e:24.521 i:32.719 v:4.993e+03
>>> tau_he = 5.000000, nhe(0)=3.701010e+00
 5     -5.819   1.09e-02   9.46e-01   3.76e-03  -1.22e-01   6.03e-05 (  4.83e+00,  3.07e+01)
10    -11.511   4.82e-02   6.65e-02  -6.52e-03  -1.31e+00   3.56e-04 (  3.28e+01,  6.20e+01)
15     -3.944   2.13e-01   6.21e-02   4.44e-03  -2.96e+00   1.54e-03 (  1.27e+02,  9.00e+01)
20     -0.667   1.83e-01   1.01e-01   1.52e-02  -2.32e+00   5.61e-03 (  1.26e+02,  1.14e+02)
25     -0.060   1.99e-01   1.35e-01   9.72e-03  -4.01e-01   1.80e-02 (  1.44e+02,  1.33e+02)
30      0.105   3.79e-01   3.91e-01   1.80e-01   6.80e-01   5.15e-02 (  2.67e+02,  1.48e+02)
35     -0.038   2.69e-01   1.89e-01   3.38e-02  -2.85e-01   1.32e-01 (  1.81e+02,  1.59e+02)
40      0.050   3.97e-01   3.46e-01   2.06e-01   3.38e-01   3.04e-01 (  2.45e+02,  1.68e+02)
45      0.053   3.67e-01   3.12e-01   1.91e-01   4.23e-01   6.33e-01 (  2.15e+02,  1.73e+02)
50      0.177   4.62e-01   4.94e-01   2.94e-01   1.25e+00   1.19e+00 (  2.35e+02,  1.75e+02)
55      0.136   4.26e-01   4.68e-01   2.44e-01   1.66e+00   2.05e+00 (  2.01e+02,  1.74e+02)
60      0.184   4.97e-01   6.90e-01   3.81e-01   3.19e+00   3.21e+00 (  2.03e+02,  1.70e+02)
65      0.209   5.38e-01   7.88e-01   4.69e-01   4.39e+00   4.61e+00 (  1.84e+02,  1.64e+02)
70      0.258   6.27e-01   9.19e-01   5.83e-01   5.95e+00   6.11e+00 (  1.75e+02,  1.57e+02)
75      0.306   7.31e-01   1.05e+00   6.75e-01   7.43e+00   7.52e+00 (  1.66e+02,  1.49e+02)
80      0.342   8.25e-01   1.15e+00   7.29e-01   8.60e+00   8.67e+00 (  1.56e+02,  1.40e+02)
85      0.370   9.12e-01   1.24e+00   7.47e-01   9.95e+00   9.46e+00 (  1.55e+02,  1.31e+02)
90      0.300   7.30e-01   1.18e+00   8.43e-01   7.05e+00   9.88e+00 (  1.22e+02,  1.23e+02)
95      1.988   4.10e+00   5.46e+00   4.04e+00   1.28e+02   9.98e+00 (  2.26e+03,  1.16e+02)
31 n: 1.714e-05 e: 7.894e-05 i: 4.119e-04 :: e: 2.779e-02 i: 4.104e-02 :: n: 2.846e+01 e:24.569 i:32.728 v:4.993e+03
>>> tau_he = 5.000000, nhe(0)=3.684630e+00
 5     -5.942   1.08e-02   9.56e-01   3.91e-03  -1.24e-01   6.03e-05 (  4.80e+00,  3.07e+01)
10    -11.308   4.71e-02   6.42e-02  -6.81e-03  -1.28e+00   3.56e-04 (  3.20e+01,  6.20e+01)
15     -3.962   2.15e-01   6.38e-02   4.83e-03  -2.97e+00   1.54e-03 (  1.28e+02,  9.00e+01)
20     -0.648   4.29e-01   5.33e-01   1.29e-01  -2.25e+00   5.61e-03 (  2.98e+02,  1.14e+02)
25     -0.001   3.75e-01   4.20e-01   1.37e-01  -6.54e-03   1.80e-02 (  2.74e+02,  1.33e+02)
30     -0.070   2.55e-01   1.70e-01  -2.49e-02  -4.30e-01   5.15e-02 (  1.77e+02,  1.48e+02)
35     -0.036   2.71e-01   1.91e-01   3.21e-02  -2.71e-01   1.32e-01 (  1.82e+02,  1.59e+02)
40     -0.050   3.22e-01   2.33e-01   1.06e-01  -3.27e-01   3.04e-01 (  1.99e+02,  1.68e+02)
45      0.050   3.69e-01   3.14e-01   1.96e-01   3.97e-01   6.33e-01 (  2.16e+02,  1.73e+02)
50      0.176   4.63e-01   4.96e-01   2.96e-01   1.23e+00   1.19e+00 (  2.36e+02,  1.75e+02)
55      0.137   4.27e-01   4.71e-01   2.45e-01   1.66e+00   2.05e+00 (  2.02e+02,  1.74e+02)
60      0.183   4.97e-01   6.89e-01   3.81e-01   3.16e+00   3.21e+00 (  2.03e+02,  1.70e+02)
65      0.209   5.39e-01   7.89e-01   4.70e-01   4.37e+00   4.61e+00 (  1.85e+02,  1.64e+02)
70      0.258   6.28e-01   9.21e-01   5.85e-01   5.95e+00   6.11e+00 (  1.76e+02,  1.57e+02)
75      0.306   7.32e-01   1.05e+00   6.76e-01   7.43e+00   7.52e+00 (  1.67e+02,  1.49e+02)
80      0.342   8.25e-01   1.15e+00   7.30e-01   8.59e+00   8.67e+00 (  1.57e+02,  1.40e+02)
85      0.369   9.12e-01   1.24e+00   7.47e-01   9.93e+00   9.46e+00 (  1.56e+02,  1.31e+02)
90      0.299   7.29e-01   1.17e+00   8.43e-01   7.04e+00   9.88e+00 (  1.22e+02,  1.23e+02)
95      1.988   4.10e+00   5.46e+00   4.04e+00   1.28e+02   9.98e+00 (  2.26e+03,  1.16e+02)
32 n: 5.133e-05 e: 7.249e-04 i: 4.459e-03 :: e: 5.477e-02 i: 7.221e-02 :: n: 2.863e+01 e:24.431 i:32.374 v:4.993e+03
>>> tau_he = 5.000000, nhe(0)=3.701015e+00
 5     -5.734   1.07e-02   9.45e-01   3.76e-03  -1.20e-01   6.03e-05 (  4.79e+00,  3.07e+01)
10    -11.444   4.80e-02   6.53e-02  -6.82e-03  -1.30e+00   3.56e-04 (  3.29e+01,  6.20e+01)
15     -3.832   2.16e-01   6.11e-02   4.75e-03  -2.88e+00   1.54e-03 (  1.29e+02,  9.00e+01)
20     -0.647   1.94e-01   1.08e-01   2.50e-02  -2.25e+00   5.61e-03 (  1.29e+02,  1.14e+02)
25     -0.017   1.99e-01   1.28e-01   2.41e-02  -1.19e-01   1.80e-02 (  1.41e+02,  1.33e+02)
30      0.010   2.54e-01   1.64e-01  -3.32e-02   6.71e-02   5.15e-02 (  1.77e+02,  1.48e+02)
35      0.108   3.85e-01   3.67e-01   1.68e-01   8.95e-01   1.32e-01 (  2.62e+02,  1.59e+02)
40      0.095   3.97e-01   3.47e-01   2.05e-01   6.74e-01   3.04e-01 (  2.47e+02,  1.68e+02)
45      0.054   3.67e-01   3.13e-01   1.93e-01   4.29e-01   6.33e-01 (  2.15e+02,  1.73e+02)
50      0.177   4.61e-01   4.93e-01   2.94e-01   1.24e+00   1.19e+00 (  2.33e+02,  1.75e+02)
55      0.192   4.82e-01   6.15e-01   3.05e-01   2.34e+00   2.05e+00 (  2.27e+02,  1.74e+02)
60      0.183   4.94e-01   6.82e-01   3.80e-01   3.14e+00   3.21e+00 (  2.01e+02,  1.70e+02)
65      0.209   5.38e-01   7.86e-01   4.68e-01   4.37e+00   4.61e+00 (  1.84e+02,  1.64e+02)
70      0.258   6.26e-01   9.19e-01   5.84e-01   5.95e+00   6.11e+00 (  1.75e+02,  1.57e+02)
75      0.306   7.31e-01   1.05e+00   6.76e-01   7.43e+00   7.52e+00 (  1.66e+02,  1.49e+02)
80      0.342   8.25e-01   1.15e+00   7.30e-01   8.60e+00   8.67e+00 (  1.57e+02,  1.40e+02)
85      0.370   9.12e-01   1.24e+00   7.48e-01   9.94e+00   9.46e+00 (  1.56e+02,  1.31e+02)
90      0.300   7.29e-01   1.18e+00   8.43e-01   7.04e+00   9.88e+00 (  1.22e+02,  1.23e+02)
95      1.988   4.10e+00   5.46e+00   4.04e+00   1.28e+02   9.98e+00 (  2.26e+03,  1.16e+02)
33 n: 2.011e-04 e: 9.210e-05 i: 4.086e-04 :: e: 3.098e-02 i: 4.744e-02 :: n: 2.849e+01 e:24.449 i:32.297 v:4.993e+03
>>> tau_he = 5.000000, nhe(0)=3.669049e+00
 5     -5.759   1.05e-02   9.50e-01   3.88e-03  -1.21e-01   6.03e-05 (  4.62e+00,  3.07e+01)
10    -10.935   4.46e-02   5.99e-02  -6.57e-03  -1.24e+00   3.56e-04 (  3.01e+01,  6.20e+01)
15     -3.748   2.16e-01   6.14e-02   7.67e-03  -2.81e+00   1.54e-03 (  1.27e+02,  9.00e+01)
20     -0.579   1.96e-01   1.10e-01   2.38e-02  -2.02e+00   5.61e-03 (  1.30e+02,  1.14e+02)
25     -0.036   2.00e-01   1.35e-01   2.66e-02  -2.39e-01   1.80e-02 (  1.42e+02,  1.33e+02)
30      0.046   3.84e-01   3.99e-01   1.85e-01   2.83e-01   5.15e-02 (  2.69e+02,  1.48e+02)
35     -0.023   2.72e-01   1.90e-01   3.31e-02  -1.78e-01   1.32e-01 (  1.84e+02,  1.59e+02)
40      0.090   3.98e-01   3.48e-01   2.09e-01   6.32e-01   3.04e-01 (  2.48e+02,  1.68e+02)
45      0.053   3.69e-01   3.17e-01   1.95e-01   4.26e-01   6.33e-01 (  2.17e+02,  1.73e+02)
50      0.175   4.63e-01   4.97e-01   2.96e-01   1.22e+00   1.19e+00 (  2.35e+02,  1.75e+02)
55      0.133   4.27e-01   4.66e-01   2.47e-01   1.59e+00   2.05e+00 (  2.01e+02,  1.74e+02)
60      0.123   4.14e-01   5.16e-01   2.82e-01   2.10e+00   3.21e+00 (  1.69e+02,  1.70e+02)
65      0.209   5.40e-01   7.90e-01   4.71e-01   4.36e+00   4.61e+00 (  1.85e+02,  1.64e+02)
70      0.258   6.29e-01   9.23e-01   5.86e-01   5.95e+00   6.11e+00 (  1.76e+02,  1.57e+02)
75      0.306   7.33e-01   1.05e+00   6.78e-01   7.42e+00   7.52e+00 (  1.67e+02,  1.49e+02)
80      0.342   8.25e-01   1.15e+00   7.31e-01   8.59e+00   8.67e+00 (  1.57e+02,  1.40e+02)
85      0.369   9.12e-01   1.24e+00   7.48e-01   9.92e+00   9.46e+00 (  1.56e+02,  1.31e+02)
90      0.299   7.29e-01   1.17e+00   8.43e-01   7.03e+00   9.88e+00 (  1.22e+02,  1.23e+02)
95      1.988   4.10e+00   5.46e+00   4.04e+00   1.28e+02   9.98e+00 (  2.26e+03,  1.16e+02)
34 n: 3.389e-04 e: 1.190e-04 i: 5.624e-04 :: e: 3.533e-02 i: 5.170e-02 :: n: 2.843e+01 e:24.360 i:32.389 v:4.993e+03
>>> tau_he = 5.000000, nhe(0)=3.661242e+00
 5     -5.742   1.06e-02   9.68e-01   3.92e-03  -1.20e-01   6.03e-05 (  4.64e+00,  3.07e+01)
10    -10.595   4.41e-02   5.71e-02  -6.37e-03  -1.20e+00   3.56e-04 (  2.97e+01,  6.20e+01)
15     -3.721   2.17e-01   6.22e-02   7.19e-03  -2.79e+00   1.54e-03 (  1.27e+02,  9.00e+01)
20     -0.585   1.98e-01   1.14e-01   2.18e-02  -2.03e+00   5.61e-03 (  1.31e+02,  1.14e+02)
25     -0.061   1.96e-01   1.34e-01   1.75e-02  -3.94e-01   1.80e-02 (  1.40e+02,  1.33e+02)
30     -0.081   2.54e-01   1.70e-01  -1.91e-02  -4.81e-01   5.15e-02 (  1.75e+02,  1.48e+02)
35     -0.023   2.72e-01   1.89e-01   3.30e-02  -1.74e-01   1.32e-01 (  1.82e+02,  1.59e+02)
40      0.045   3.99e-01   3.49e-01   2.13e-01   2.95e-01   3.04e-01 (  2.46e+02,  1.68e+02)
45      0.051   3.68e-01   3.13e-01   1.97e-01   3.95e-01   6.33e-01 (  2.15e+02,  1.73e+02)
50      0.103   4.05e-01   3.59e-01   2.46e-01   7.09e-01   1.19e+00 (  2.04e+02,  1.75e+02)
55      0.135   4.25e-01   4.63e-01   2.44e-01   1.61e+00   2.05e+00 (  1.99e+02,  1.74e+02)
60      0.186   4.98e-01   6.93e-01   3.82e-01   3.24e+00   3.21e+00 (  2.03e+02,  1.70e+02)
65      0.210   5.38e-01   7.88e-01   4.69e-01   4.39e+00   4.61e+00 (  1.84e+02,  1.64e+02)
70      0.257   6.25e-01   9.17e-01   5.83e-01   5.91e+00   6.11e+00 (  1.74e+02,  1.57e+02)
75      0.305   7.29e-01   1.05e+00   6.75e-01   7.39e+00   7.52e+00 (  1.66e+02,  1.49e+02)
80      0.341   8.23e-01   1.15e+00   7.30e-01   8.57e+00   8.67e+00 (  1.56e+02,  1.40e+02)
85      0.369   9.10e-01   1.24e+00   7.48e-01   9.91e+00   9.46e+00 (  1.55e+02,  1.31e+02)
90      0.299   7.29e-01   1.18e+00   8.44e-01   7.03e+00   9.88e+00 (  1.22e+02,  1.23e+02)
95      1.988   4.10e+00   5.46e+00   4.04e+00   1.28e+02   9.98e+00 (  2.26e+03,  1.16e+02)
35 n: 2.092e-04 e: 6.790e-05 i: 2.453e-04 :: e: 2.850e-02 i: 4.403e-02 :: n: 2.853e+01 e:24.452 i:32.457 v:4.993e+03
>>> tau_he = 5.000000, nhe(0)=3.683915e+00
 5     -5.768   1.07e-02   9.91e-01   3.95e-03  -1.21e-01   6.03e-05 (  4.69e+00,  3.07e+01)
10    -10.357   3.76e-02   6.56e-02  -5.08e-03  -1.18e+00   3.56e-04 (  2.55e+01,  6.20e+01)
15     -3.759   2.18e-01   6.20e-02   6.10e-03  -2.82e+00   1.54e-03 (  1.29e+02,  9.00e+01)
20     -0.600   2.01e-01   1.16e-01   1.98e-02  -2.09e+00   5.61e-03 (  1.35e+02,  1.14e+02)
25     -0.020   2.08e-01   1.39e-01   7.95e-03  -1.40e-01   1.80e-02 (  1.50e+02,  1.33e+02)
30      0.003   2.55e-01   1.68e-01  -3.19e-02   1.68e-02   5.15e-02 (  1.78e+02,  1.48e+02)
35      0.094   3.87e-01   3.72e-01   1.81e-01   7.35e-01   1.32e-01 (  2.62e+02,  1.59e+02)
40     -0.053   3.21e-01   2.32e-01   1.08e-01  -3.44e-01   3.04e-01 (  1.97e+02,  1.68e+02)
45      0.052   3.67e-01   3.13e-01   1.96e-01   4.08e-01   6.33e-01 (  2.14e+02,  1.73e+02)
50      0.189   4.62e-01   4.99e-01   2.92e-01   1.35e+00   1.19e+00 (  2.34e+02,  1.75e+02)
55      0.135   4.25e-01   4.68e-01   2.46e-01   1.64e+00   2.05e+00 (  2.00e+02,  1.74e+02)
60      0.184   4.97e-01   6.92e-01   3.82e-01   3.18e+00   3.21e+00 (  2.03e+02,  1.70e+02)
65      0.209   5.39e-01   7.89e-01   4.70e-01   4.36e+00   4.61e+00 (  1.84e+02,  1.64e+02)
70      0.257   6.26e-01   9.18e-01   5.84e-01   5.90e+00   6.11e+00 (  1.75e+02,  1.57e+02)
75      0.305   7.30e-01   1.05e+00   6.75e-01   7.38e+00   7.52e+00 (  1.66e+02,  1.49e+02)
80      0.340   8.22e-01   1.15e+00   7.28e-01   8.55e+00   8.67e+00 (  1.56e+02,  1.40e+02)
85      0.368   9.09e-01   1.24e+00   7.45e-01   9.88e+00   9.46e+00 (  1.55e+02,  1.31e+02)
90      0.298   7.28e-01   1.17e+00   8.41e-01   7.01e+00   9.88e+00 (  1.22e+02,  1.23e+02)
95      1.988   4.10e+00   5.46e+00   4.04e+00   1.28e+02   9.98e+00 (  2.26e+03,  1.16e+02)
36 n: 1.176e-04 e: 8.230e-05 i: 3.170e-04 :: e: 2.988e-02 i: 4.132e-02 :: n: 2.866e+01 e:24.468 i:32.554 v:4.993e+03
>>> tau_he = 5.000000, nhe(0)=3.715874e+00
 5     -5.778   1.07e-02   1.01e+00   3.98e-03  -1.21e-01   6.03e-05 (  4.74e+00,  3.07e+01)
10     -9.978   3.78e-02   6.31e-02  -3.65e-03  -1.13e+00   3.56e-04 (  2.59e+01,  6.20e+01)
15     -3.780   2.18e-01   6.01e-02   4.49e-03  -2.84e+00   1.54e-03 (  1.29e+02,  9.00e+01)
20     -0.613   2.02e-01   1.16e-01   1.76e-02  -2.14e+00   5.61e-03 (  1.37e+02,  1.14e+02)
25      0.067   3.82e-01   4.13e-01   1.28e-01   4.81e-01   1.80e-02 (  2.80e+02,  1.33e+02)
30      0.107   3.77e-01   3.87e-01   1.76e-01   7.12e-01   5.15e-02 (  2.66e+02,  1.48e+02)
35     -0.013   2.69e-01   1.85e-01   2.94e-02  -1.00e-01   1.32e-01 (  1.82e+02,  1.59e+02)
40      0.094   3.91e-01   3.40e-01   1.96e-01   6.94e-01   3.04e-01 (  2.43e+02,  1.68e+02)
45      0.055   3.65e-01   3.11e-01   1.88e-01   4.53e-01   6.33e-01 (  2.13e+02,  1.73e+02)
50      0.187   4.60e-01   4.94e-01   2.89e-01   1.34e+00   1.19e+00 (  2.33e+02,  1.75e+02)
55      0.135   4.24e-01   4.66e-01   2.43e-01   1.65e+00   2.05e+00 (  1.99e+02,  1.74e+02)
60      0.183   4.94e-01   6.85e-01   3.78e-01   3.17e+00   3.21e+00 (  2.01e+02,  1.70e+02)
65      0.209   5.36e-01   7.85e-01   4.67e-01   4.36e+00   4.61e+00 (  1.83e+02,  1.64e+02)
70      0.257   6.24e-01   9.16e-01   5.82e-01   5.92e+00   6.11e+00 (  1.74e+02,  1.57e+02)
75      0.305   7.29e-01   1.04e+00   6.74e-01   7.40e+00   7.52e+00 (  1.65e+02,  1.49e+02)
80      0.341   8.23e-01   1.15e+00   7.28e-01   8.58e+00   8.67e+00 (  1.56e+02,  1.40e+02)
85      0.369   9.11e-01   1.24e+00   7.45e-01   9.92e+00   9.46e+00 (  1.55e+02,  1.31e+02)
90      0.299   7.29e-01   1.17e+00   8.42e-01   7.03e+00   9.88e+00 (  1.22e+02,  1.23e+02)
95      1.988   4.10e+00   5.46e+00   4.04e+00   1.28e+02   9.98e+00 (  2.26e+03,  1.16e+02)
37 n: 3.278e-05 e: 2.554e-04 i: 1.321e-03 :: e: 3.705e-02 i: 4.762e-02 :: n: 2.856e+01 e:24.479 i:32.349 v:4.993e+03
>>> tau_he = 5.000000, nhe(0)=3.685561e+00
 5     -5.723   1.06e-02   1.00e+00   3.96e-03  -1.20e-01   6.03e-05 (  4.66e+00,  3.07e+01)
10    -10.181   3.82e-02   6.38e-02  -5.28e-03  -1.16e+00   3.56e-04 (  2.62e+01,  6.20e+01)
15     -3.787   2.19e-01   6.26e-02   5.08e-03  -2.85e+00   1.54e-03 (  1.30e+02,  9.00e+01)
20     -0.619   2.01e-01   1.18e-01   1.86e-02  -2.14e+00   5.61e-03 (  1.36e+02,  1.14e+02)
25     -0.064   1.92e-01   1.32e-01   2.11e-02  -4.11e-01   1.80e-02 (  1.37e+02,  1.33e+02)
30      0.001   2.50e-01   1.64e-01  -2.02e-02   7.33e-03   5.15e-02 (  1.74e+02,  1.48e+02)
35     -0.009   2.72e-01   1.88e-01   2.64e-02  -7.42e-02   1.32e-01 (  1.84e+02,  1.59e+02)
40      0.088   3.98e-01   3.47e-01   2.09e-01   6.11e-01   3.04e-01 (  2.48e+02,  1.68e+02)
45      0.052   3.69e-01   3.15e-01   1.94e-01   4.12e-01   6.33e-01 (  2.17e+02,  1.73e+02)
50      0.177   4.63e-01   4.97e-01   2.96e-01   1.24e+00   1.19e+00 (  2.36e+02,  1.75e+02)
55      0.136   4.27e-01   4.71e-01   2.46e-01   1.66e+00   2.05e+00 (  2.01e+02,  1.74e+02)
60      0.183   4.96e-01   6.88e-01   3.80e-01   3.15e+00   3.21e+00 (  2.02e+02,  1.70e+02)
65      0.209   5.39e-01   7.88e-01   4.69e-01   4.36e+00   4.61e+00 (  1.84e+02,  1.64e+02)
70      0.257   6.27e-01   9.19e-01   5.84e-01   5.93e+00   6.11e+00 (  1.75e+02,  1.57e+02)
75      0.305   7.31e-01   1.05e+00   6.76e-01   7.40e+00   7.52e+00 (  1.66e+02,  1.49e+02)
80      0.341   8.24e-01   1.15e+00   7.29e-01   8.57e+00   8.67e+00 (  1.57e+02,  1.40e+02)
85      0.369   9.11e-01   1.24e+00   7.45e-01   9.91e+00   9.46e+00 (  1.56e+02,  1.31e+02)
90      0.299   7.28e-01   1.17e+00   8.42e-01   7.02e+00   9.88e+00 (  1.22e+02,  1.23e+02)
95      1.988   4.10e+00   5.46e+00   4.04e+00   1.28e+02   9.98e+00 (  2.26e+03,  1.16e+02)
38 n: 2.143e-05 e: 3.369e-05 i: 1.634e-04 :: e: 2.396e-02 i: 3.112e-02 :: n: 2.857e+01 e:24.402 i:32.479 v:4.993e+03
>>> tau_he = 5.000000, nhe(0)=3.694427e+00
 5     -5.683   1.06e-02   1.02e+00   3.99e-03  -1.19e-01   6.03e-05 (  4.65e+00,  3.07e+01)
10     -9.678   3.75e-02   6.01e-02  -3.26e-03  -1.10e+00   3.56e-04 (  2.56e+01,  6.20e+01)
15     -3.721   2.18e-01   6.15e-02   4.98e-03  -2.80e+00   1.54e-03 (  1.29e+02,  9.00e+01)
20     -0.609   2.03e-01   1.19e-01   1.78e-02  -2.12e+00   5.61e-03 (  1.36e+02,  1.14e+02)
25     -0.034   2.01e-01   1.36e-01   2.18e-02  -2.32e-01   1.80e-02 (  1.44e+02,  1.33e+02)
30      0.023   2.51e-01   1.64e-01  -3.33e-02   1.64e-01   5.15e-02 (  1.75e+02,  1.48e+02)
35      0.100   3.84e-01   3.68e-01   1.72e-01   8.15e-01   1.32e-01 (  2.60e+02,  1.59e+02)
40      0.045   3.99e-01   3.49e-01   2.13e-01   2.95e-01   3.04e-01 (  2.46e+02,  1.68e+02)
45      0.050   3.68e-01   3.13e-01   1.97e-01   3.93e-01   6.33e-01 (  2.15e+02,  1.73e+02)
50      0.177   4.61e-01   4.94e-01   2.95e-01   1.22e+00   1.19e+00 (  2.33e+02,  1.75e+02)
55      0.137   4.25e-01   4.69e-01   2.45e-01   1.66e+00   2.05e+00 (  2.00e+02,  1.74e+02)
60      0.182   4.93e-01   6.80e-01   3.79e-01   3.12e+00   3.21e+00 (  2.00e+02,  1.70e+02)
65      0.208   5.36e-01   7.84e-01   4.67e-01   4.34e+00   4.61e+00 (  1.83e+02,  1.64e+02)
70      0.257   6.25e-01   9.17e-01   5.83e-01   5.91e+00   6.11e+00 (  1.74e+02,  1.57e+02)
75      0.305   7.29e-01   1.05e+00   6.75e-01   7.39e+00   7.52e+00 (  1.66e+02,  1.49e+02)
80      0.341   8.23e-01   1.15e+00   7.29e-01   8.56e+00   8.67e+00 (  1.56e+02,  1.40e+02)
85      0.369   9.10e-01   1.24e+00   7.46e-01   9.90e+00   9.46e+00 (  1.55e+02,  1.31e+02)
90      0.299   7.28e-01   1.17e+00   8.42e-01   7.03e+00   9.88e+00 (  1.22e+02,  1.23e+02)
95      1.988   4.10e+00   5.46e+00   4.04e+00   1.28e+02   9.98e+00 (  2.26e+03,  1.16e+02)
39 n: 1.499e-05 e: 1.036e-04 i: 3.413e-04 :: e: 2.436e-02 i: 3.263e-02 :: n: 2.850e+01 e:24.489 i:32.477 v:4.993e+03
>>> tau_he = 5.000000, nhe(0)=3.679316e+00
 5     -5.697   1.06e-02   1.03e+00   4.00e-03  -1.19e-01   6.03e-05 (  4.65e+00,  3.07e+01)
10     -9.585   3.78e-02   5.90e-02  -3.23e-03  -1.09e+00   3.56e-04 (  2.59e+01,  6.20e+01)
15     -3.750   2.19e-01   6.24e-02   5.89e-03  -2.82e+00   1.54e-03 (  1.29e+02,  9.00e+01)
20     -0.621   2.04e-01   1.22e-01   1.75e-02  -2.16e+00   5.61e-03 (  1.39e+02,  1.14e+02)
25      0.009   3.73e-01   4.16e-01   1.33e-01   5.78e-02   1.80e-02 (  2.71e+02,  1.33e+02)
30      0.105   3.79e-01   3.92e-01   1.84e-01   6.75e-01   5.15e-02 (  2.67e+02,  1.48e+02)
35     -0.023   2.71e-01   1.89e-01   3.40e-02  -1.78e-01   1.32e-01 (  1.83e+02,  1.59e+02)
40     -0.042   3.19e-01   2.31e-01   1.04e-01  -2.83e-01   3.04e-01 (  1.97e+02,  1.68e+02)
45      0.051   3.68e-01   3.14e-01   1.96e-01   4.02e-01   6.33e-01 (  2.15e+02,  1.73e+02)
50      0.176   4.61e-01   4.95e-01   2.95e-01   1.21e+00   1.19e+00 (  2.34e+02,  1.75e+02)
55      0.137   4.26e-01   4.71e-01   2.46e-01   1.66e+00   2.05e+00 (  2.00e+02,  1.74e+02)
60      0.181   4.93e-01   6.81e-01   3.80e-01   3.10e+00   3.21e+00 (  2.00e+02,  1.70e+02)
65      0.208   5.37e-01   7.86e-01   4.68e-01   4.34e+00   4.61e+00 (  1.83e+02,  1.64e+02)
70      0.257   6.26e-01   9.18e-01   5.83e-01   5.91e+00   6.11e+00 (  1.75e+02,  1.57e+02)
75      0.305   7.30e-01   1.05e+00   6.75e-01   7.39e+00   7.52e+00 (  1.66e+02,  1.49e+02)
80      0.341   8.23e-01   1.15e+00   7.28e-01   8.57e+00   8.67e+00 (  1.56e+02,  1.40e+02)
85      0.369   9.10e-01   1.24e+00   7.45e-01   9.90e+00   9.46e+00 (  1.55e+02,  1.31e+02)
90      0.299   7.28e-01   1.17e+00   8.41e-01   7.02e+00   9.88e+00 (  1.22e+02,  1.23e+02)
95      1.988   4.10e+00   5.46e+00   4.04e+00   1.28e+02   9.98e+00 (  2.26e+03,  1.16e+02)
40 n: 4.909e-05 e: 2.819e-04 i: 1.353e-03 :: e: 3.769e-02 i: 4.732e-02 :: n: 2.855e+01 e:24.375 i:32.385 v:4.993e+03
>>> tau_he = 5.000000, nhe(0)=3.684825e+00
 5     -5.653   1.06e-02   1.03e+00   4.00e-03  -1.19e-01   6.03e-05 (  4.63e+00,  3.07e+01)
10     -9.619   3.83e-02   5.94e-02  -3.43e-03  -1.09e+00   3.56e-04 (  2.63e+01,  6.20e+01)
15     -3.738   2.19e-01   6.36e-02   4.07e-03  -2.81e+00   1.54e-03 (  1.30e+02,  9.00e+01)
20     -0.628   2.03e-01   1.21e-01   1.72e-02  -2.16e+00   5.61e-03 (  1.38e+02,  1.14e+02)
25     -0.088   1.88e-01   1.30e-01   3.45e-02  -5.27e-01   1.80e-02 (  1.33e+02,  1.33e+02)
30     -0.021   2.47e-01   1.62e-01  -2.14e-02  -1.32e-01   5.15e-02 (  1.71e+02,  1.48e+02)
35     -0.000   2.69e-01   1.86e-01   2.30e-02  -1.00e-03   1.32e-01 (  1.82e+02,  1.59e+02)
40      0.095   3.93e-01   3.43e-01   2.00e-01   6.90e-01   3.04e-01 (  2.44e+02,  1.68e+02)
45      0.054   3.66e-01   3.12e-01   1.93e-01   4.29e-01   6.33e-01 (  2.13e+02,  1.73e+02)
50      0.176   4.59e-01   4.91e-01   2.93e-01   1.22e+00   1.19e+00 (  2.31e+02,  1.75e+02)
55      0.137   4.24e-01   4.69e-01   2.44e-01   1.67e+00   2.05e+00 (  1.99e+02,  1.74e+02)
60      0.124   4.10e-01   5.13e-01   2.80e-01   2.13e+00   3.21e+00 (  1.66e+02,  1.70e+02)
65      0.208   5.35e-01   7.82e-01   4.65e-01   4.34e+00   4.61e+00 (  1.82e+02,  1.64e+02)
70      0.257   6.24e-01   9.15e-01   5.81e-01   5.91e+00   6.11e+00 (  1.73e+02,  1.57e+02)
75      0.305   7.29e-01   1.04e+00   6.73e-01   7.40e+00   7.52e+00 (  1.65e+02,  1.49e+02)
80      0.341   8.23e-01   1.15e+00   7.28e-01   8.57e+00   8.67e+00 (  1.56e+02,  1.40e+02)
85      0.369   9.10e-01   1.24e+00   7.45e-01   9.92e+00   9.46e+00 (  1.55e+02,  1.31e+02)
90      0.299   7.29e-01   1.17e+00   8.42e-01   7.03e+00   9.88e+00 (  1.22e+02,  1.23e+02)
95      1.988   4.10e+00   5.46e+00   4.04e+00   1.28e+02   9.98e+00 (  2.26e+03,  1.16e+02)
41 n: 3.159e-04 e: 4.979e-05 i: 1.841e-04 :: e: 3.093e-02 i: 4.037e-02 :: n: 2.860e+01 e:24.435 i:32.383 v:4.993e+03
>>> tau_he = 5.000000, nhe(0)=3.695572e+00
 5     -5.633   1.06e-02   1.04e+00   4.00e-03  -1.18e-01   6.03e-05 (  4.62e+00,  3.07e+01)
10     -9.342   3.77e-02   5.49e-02  -3.71e-03  -1.06e+00   3.56e-04 (  2.59e+01,  6.20e+01)
15     -3.728   2.19e-01   6.24e-02   4.51e-03  -2.80e+00   1.54e-03 (  1.29e+02,  9.00e+01)
20     -0.626   2.04e-01   1.22e-01   1.67e-02  -2.16e+00   5.61e-03 (  1.38e+02,  1.14e+02)
25     -0.069   1.91e-01   1.32e-01   2.64e-02  -4.40e-01   1.80e-02 (  1.37e+02,  1.33e+02)
30      0.016   2.51e-01   1.64e-01  -3.13e-02   1.13e-01   5.15e-02 (  1.75e+02,  1.48e+02)
35      0.108   3.82e-01   3.65e-01   1.67e-01   9.11e-01   1.32e-01 (  2.60e+02,  1.59e+02)
40      0.087   3.97e-01   3.47e-01   2.12e-01   5.93e-01   3.04e-01 (  2.46e+02,  1.68e+02)
45      0.049   3.67e-01   3.13e-01   1.98e-01   3.84e-01   6.33e-01 (  2.15e+02,  1.73e+02)
50      0.102   4.05e-01   3.60e-01   2.46e-01   6.97e-01   1.19e+00 (  2.04e+02,  1.75e+02)
55      0.191   4.82e-01   6.17e-01   3.06e-01   2.34e+00   2.05e+00 (  2.27e+02,  1.74e+02)
60      0.185   4.97e-01   6.95e-01   3.81e-01   3.24e+00   3.21e+00 (  2.03e+02,  1.70e+02)
65      0.209   5.38e-01   7.87e-01   4.68e-01   4.38e+00   4.61e+00 (  1.83e+02,  1.64e+02)
70      0.256   6.25e-01   9.16e-01   5.82e-01   5.90e+00   6.11e+00 (  1.74e+02,  1.57e+02)
75      0.304   7.29e-01   1.04e+00   6.73e-01   7.38e+00   7.52e+00 (  1.65e+02,  1.49e+02)
80      0.340   8.22e-01   1.15e+00   7.26e-01   8.55e+00   8.67e+00 (  1.56e+02,  1.40e+02)
85      0.368   9.10e-01   1.24e+00   7.42e-01   9.89e+00   9.46e+00 (  1.55e+02,  1.31e+02)
90      0.298   7.27e-01   1.17e+00   8.40e-01   7.01e+00   9.88e+00 (  1.22e+02,  1.23e+02)
95      1.988   4.10e+00   5.46e+00   4.04e+00   1.28e+02   9.98e+00 (  2.26e+03,  1.16e+02)
42 n: 6.606e-04 e: 1.408e-04 i: 4.919e-04 :: e: 3.468e-02 i: 5.029e-02 :: n: 2.851e+01 e:24.425 i:32.466 v:4.993e+03
>>> tau_he = 5.000000, nhe(0)=3.680399e+00
 5     -5.624   1.06e-02   1.06e+00   4.03e-03  -1.18e-01   6.03e-05 (  4.61e+00,  3.07e+01)
10     -9.046   3.74e-02   5.48e-02  -2.65e-03  -1.03e+00   3.56e-04 (  2.56e+01,  6.20e+01)
15     -3.705   2.19e-01   6.22e-02   5.53e-03  -2.79e+00   1.54e-03 (  1.29e+02,  9.00e+01)
20     -0.627   2.06e-01   1.23e-01   1.67e-02  -2.17e+00   5.61e-03 (  1.40e+02,  1.14e+02)
25     -0.082   1.98e-01   1.36e-01   1.44e-02  -5.16e-01   1.80e-02 (  1.43e+02,  1.33e+02)
30      0.101   3.79e-01   3.91e-01   1.83e-01   6.41e-01   5.15e-02 (  2.66e+02,  1.48e+02)
35     -0.020   2.70e-01   1.87e-01   3.28e-02  -1.56e-01   1.32e-01 (  1.82e+02,  1.59e+02)
40     -0.039   3.18e-01   2.29e-01   1.01e-01  -2.65e-01   3.04e-01 (  1.96e+02,  1.68e+02)
45      0.054   3.65e-01   3.11e-01   1.90e-01   4.36e-01   6.33e-01 (  2.13e+02,  1.73e+02)
50      0.188   4.60e-01   4.95e-01   2.90e-01   1.34e+00   1.19e+00 (  2.33e+02,  1.75e+02)
55      0.134   4.23e-01   4.63e-01   2.44e-01   1.61e+00   2.05e+00 (  1.98e+02,  1.74e+02)
60      0.183   4.94e-01   6.85e-01   3.78e-01   3.16e+00   3.21e+00 (  2.01e+02,  1.70e+02)
65      0.208   5.36e-01   7.84e-01   4.67e-01   4.35e+00   4.61e+00 (  1.82e+02,  1.64e+02)
70      0.256   6.23e-01   9.14e-01   5.81e-01   5.89e+00   6.11e+00 (  1.73e+02,  1.57e+02)
75      0.304   7.27e-01   1.04e+00   6.73e-01   7.37e+00   7.52e+00 (  1.65e+02,  1.49e+02)
80      0.340   8.21e-01   1.15e+00   7.27e-01   8.55e+00   8.67e+00 (  1.55e+02,  1.40e+02)
85      0.368   9.09e-01   1.24e+00   7.44e-01   9.89e+00   9.46e+00 (  1.54e+02,  1.31e+02)
90      0.299   7.28e-01   1.17e+00   8.41e-01   7.02e+00   9.88e+00 (  1.22e+02,  1.23e+02)
95      1.988   4.10e+00   5.46e+00   4.04e+00   1.28e+02   9.98e+00 (  2.26e+03,  1.16e+02)
43 n: 1.025e-04 e: 1.189e-04 i: 5.267e-04 :: e: 3.107e-02 i: 4.055e-02 :: n: 2.855e+01 e:24.457 i:32.497 v:4.993e+03
>>> tau_he = 5.000000, nhe(0)=3.690971e+00
 5     -5.636   1.06e-02   1.07e+00   4.04e-03  -1.18e-01   6.03e-05 (  4.63e+00,  3.07e+01)
10     -8.633   3.92e-02   7.12e-02  -2.57e-04  -9.81e-01   3.56e-04 (  2.70e+01,  6.20e+01)
15     -3.718   2.20e-01   6.28e-02   4.70e-03  -2.79e+00   1.54e-03 (  1.30e+02,  9.00e+01)
20     -0.651   1.82e-01   1.01e-01   1.59e-02  -2.25e+00   5.61e-03 (  1.24e+02,  1.14e+02)
25     -0.018   3.73e-01   4.21e-01   1.47e-01  -1.12e-01   1.80e-02 (  2.72e+02,  1.33e+02)
30     -0.076   2.53e-01   1.67e-01  -2.27e-02  -4.64e-01   5.15e-02 (  1.76e+02,  1.48e+02)
35     -0.001   2.69e-01   1.86e-01   2.38e-02  -9.19e-03   1.32e-01 (  1.82e+02,  1.59e+02)
40      0.095   3.93e-01   3.44e-01   2.00e-01   6.93e-01   3.04e-01 (  2.45e+02,  1.68e+02)
45      0.055   3.65e-01   3.13e-01   1.92e-01   4.42e-01   6.33e-01 (  2.14e+02,  1.73e+02)
50      0.188   4.60e-01   4.96e-01   2.91e-01   1.33e+00   1.19e+00 (  2.33e+02,  1.75e+02)
55      0.134   4.24e-01   4.66e-01   2.45e-01   1.63e+00   2.05e+00 (  1.98e+02,  1.74e+02)
60      0.182   4.94e-01   6.85e-01   3.78e-01   3.14e+00   3.21e+00 (  2.00e+02,  1.70e+02)
65      0.208   5.37e-01   7.85e-01   4.67e-01   4.35e+00   4.61e+00 (  1.83e+02,  1.64e+02)
70      0.256   6.24e-01   9.16e-01   5.82e-01   5.91e+00   6.11e+00 (  1.74e+02,  1.57e+02)
75      0.305   7.29e-01   1.04e+00   6.73e-01   7.38e+00   7.52e+00 (  1.65e+02,  1.49e+02)
80      0.340   8.22e-01   1.15e+00   7.27e-01   8.56e+00   8.67e+00 (  1.56e+02,  1.40e+02)
85      0.368   9.10e-01   1.24e+00   7.43e-01   9.89e+00   9.46e+00 (  1.55e+02,  1.31e+02)
90      0.299   7.28e-01   1.17e+00   8.40e-01   7.02e+00   9.88e+00 (  1.22e+02,  1.23e+02)
95      1.988   4.10e+00   5.46e+00   4.04e+00   1.28e+02   9.98e+00 (  2.26e+03,  1.16e+02)
44 n: 4.343e-05 e: 1.739e-04 i: 1.004e-03 :: e: 3.232e-02 i: 4.093e-02 :: n: 2.856e+01 e:24.439 i:32.425 v:4.993e+03
>>> tau_he = 5.000000, nhe(0)=3.689472e+00
 5     -5.619   1.06e-02   1.06e+00   4.03e-03  -1.18e-01   6.03e-05 (  4.61e+00,  3.07e+01)
10     -8.686   3.95e-02   7.16e-02  -3.41e-04  -9.87e-01   3.56e-04 (  2.72e+01,  6.20e+01)
15     -3.725   2.20e-01   6.34e-02   4.18e-03  -2.80e+00   1.54e-03 (  1.30e+02,  9.00e+01)
20     -0.649   1.81e-01   1.01e-01   1.59e-02  -2.25e+00   5.61e-03 (  1.24e+02,  1.14e+02)
25     -0.059   1.93e-01   1.29e-01   2.01e-02  -3.85e-01   1.80e-02 (  1.38e+02,  1.33e+02)
30      0.004   2.52e-01   1.64e-01  -2.68e-02   2.90e-02   5.15e-02 (  1.76e+02,  1.48e+02)
35      0.108   3.82e-01   3.66e-01   1.68e-01   9.04e-01   1.32e-01 (  2.61e+02,  1.59e+02)
40      0.087   3.98e-01   3.47e-01   2.11e-01   5.97e-01   3.04e-01 (  2.47e+02,  1.68e+02)
45      0.050   3.67e-01   3.14e-01   1.96e-01   3.97e-01   6.33e-01 (  2.15e+02,  1.73e+02)
50      0.176   4.60e-01   4.94e-01   2.94e-01   1.22e+00   1.19e+00 (  2.33e+02,  1.75e+02)
55      0.135   4.24e-01   4.66e-01   2.45e-01   1.63e+00   2.05e+00 (  1.98e+02,  1.74e+02)
60      0.181   4.92e-01   6.79e-01   3.78e-01   3.11e+00   3.21e+00 (  1.99e+02,  1.70e+02)
65      0.208   5.35e-01   7.83e-01   4.66e-01   4.34e+00   4.61e+00 (  1.82e+02,  1.64e+02)
70      0.256   6.23e-01   9.14e-01   5.81e-01   5.89e+00   6.11e+00 (  1.73e+02,  1.57e+02)
75      0.304   7.28e-01   1.04e+00   6.73e-01   7.37e+00   7.52e+00 (  1.65e+02,  1.49e+02)
80      0.340   8.21e-01   1.15e+00   7.27e-01   8.55e+00   8.67e+00 (  1.55e+02,  1.40e+02)
85      0.368   9.10e-01   1.24e+00   7.43e-01   9.89e+00   9.46e+00 (  1.55e+02,  1.31e+02)
90      0.299   7.28e-01   1.17e+00   8.41e-01   7.02e+00   9.88e+00 (  1.22e+02,  1.23e+02)
95      1.988   4.10e+00   5.46e+00   4.04e+00   1.28e+02   9.98e+00 (  2.26e+03,  1.16e+02)
45 n: 1.732e-05 e: 8.900e-05 i: 3.890e-04 :: e: 2.749e-02 i: 3.413e-02 :: n: 2.855e+01 e:24.445 i:32.472 v:4.993e+03
>>> tau_he = 5.000000, nhe(0)=3.689304e+00
 5     -5.610   1.06e-02   1.07e+00   4.04e-03  -1.18e-01   6.03e-05 (  4.60e+00,  3.07e+01)
10     -8.511   3.90e-02   7.02e-02  -8.59e-05  -9.67e-01   3.56e-04 (  2.68e+01,  6.20e+01)
15     -3.706   2.20e-01   6.29e-02   4.62e-03  -2.79e+00   1.54e-03 (  1.30e+02,  9.00e+01)
20     -0.620   4.23e-01   5.24e-01   1.24e-01  -2.16e+00   5.61e-03 (  2.90e+02,  1.14e+02)
25     -0.041   2.01e-01   1.37e-01   2.33e-02  -2.74e-01   1.80e-02 (  1.45e+02,  1.33e+02)
30      0.107   3.76e-01   3.86e-01   1.76e-01   7.07e-01   5.15e-02 (  2.64e+02,  1.48e+02)
35     -0.017   2.71e-01   1.88e-01   3.09e-02  -1.30e-01   1.32e-01 (  1.83e+02,  1.59e+02)
40      0.086   3.96e-01   3.44e-01   2.09e-01   5.91e-01   3.04e-01 (  2.45e+02,  1.68e+02)
45      0.052   3.66e-01   3.13e-01   1.95e-01   4.14e-01   6.33e-01 (  2.14e+02,  1.73e+02)
50      0.176   4.60e-01   4.94e-01   2.94e-01   1.22e+00   1.19e+00 (  2.32e+02,  1.75e+02)
55      0.135   4.24e-01   4.68e-01   2.45e-01   1.64e+00   2.05e+00 (  1.99e+02,  1.74e+02)
60      0.181   4.91e-01   6.79e-01   3.78e-01   3.11e+00   3.21e+00 (  1.99e+02,  1.70e+02)
65      0.208   5.36e-01   7.84e-01   4.66e-01   4.34e+00   4.61e+00 (  1.82e+02,  1.64e+02)
70      0.256   6.24e-01   9.15e-01   5.82e-01   5.91e+00   6.11e+00 (  1.74e+02,  1.57e+02)
75      0.305   7.29e-01   1.04e+00   6.73e-01   7.39e+00   7.52e+00 (  1.65e+02,  1.49e+02)
80      0.340   8.22e-01   1.15e+00   7.27e-01   8.56e+00   8.67e+00 (  1.56e+02,  1.40e+02)
85      0.368   9.10e-01   1.24e+00   7.43e-01   9.90e+00   9.46e+00 (  1.55e+02,  1.31e+02)
90      0.299   7.28e-01   1.17e+00   8.40e-01   7.02e+00   9.88e+00 (  1.22e+02,  1.23e+02)
95      1.988   4.10e+00   5.46e+00   4.04e+00   1.28e+02   9.98e+00 (  2.26e+03,  1.16e+02)
46 n: 1.468e-05 e: 2.532e-04 i: 2.014e-03 :: e: 4.432e-02 i: 5.745e-02 :: n: 2.845e+01 e:24.356 i:32.125 v:4.993e+03
>>> tau_he = 5.000000, nhe(0)=3.651854e+00
 5     -5.537   1.03e-02   1.04e+00   3.99e-03  -1.16e-01   6.03e-05 (  4.49e+00,  3.07e+01)
10     -9.267   3.81e-02   5.33e-02  -3.36e-03  -1.05e+00   3.56e-04 (  2.62e+01,  6.20e+01)
15     -3.642   2.17e-01   6.21e-02   8.02e-03  -2.74e+00   1.54e-03 (  1.26e+02,  9.00e+01)
20     -0.572   1.95e-01   1.09e-01   2.44e-02  -1.99e+00   5.61e-03 (  1.28e+02,  1.14e+02)
25     -0.062   1.96e-01   1.34e-01   1.76e-02  -4.04e-01   1.80e-02 (  1.40e+02,  1.33e+02)
30     -0.025   2.50e-01   1.66e-01  -2.46e-02  -1.56e-01   5.15e-02 (  1.73e+02,  1.48e+02)
35     -0.018   2.73e-01   1.90e-01   3.01e-02  -1.41e-01   1.32e-01 (  1.84e+02,  1.59e+02)
40     -0.053   3.21e-01   2.33e-01   1.08e-01  -3.39e-01   3.04e-01 (  1.98e+02,  1.68e+02)
45      0.049   3.68e-01   3.14e-01   1.99e-01   3.86e-01   6.33e-01 (  2.14e+02,  1.73e+02)
50      0.105   4.05e-01   3.63e-01   2.47e-01   7.17e-01   1.19e+00 (  2.04e+02,  1.75e+02)
55      0.136   4.24e-01   4.68e-01   2.45e-01   1.65e+00   2.05e+00 (  1.99e+02,  1.74e+02)
60      0.124   4.10e-01   5.13e-01   2.80e-01   2.12e+00   3.21e+00 (  1.66e+02,  1.70e+02)
65      0.208   5.35e-01   7.82e-01   4.66e-01   4.33e+00   4.61e+00 (  1.82e+02,  1.64e+02)
70      0.256   6.23e-01   9.15e-01   5.81e-01   5.90e+00   6.11e+00 (  1.73e+02,  1.57e+02)
75      0.304   7.28e-01   1.04e+00   6.73e-01   7.38e+00   7.52e+00 (  1.65e+02,  1.49e+02)
80      0.340   8.22e-01   1.15e+00   7.27e-01   8.55e+00   8.67e+00 (  1.55e+02,  1.40e+02)
85      0.368   9.10e-01   1.24e+00   7.44e-01   9.89e+00   9.46e+00 (  1.55e+02,  1.31e+02)
90      0.299   7.28e-01   1.17e+00   8.41e-01   7.02e+00   9.88e+00 (  1.22e+02,  1.23e+02)
95      1.988   4.10e+00   5.46e+00   4.04e+00   1.28e+02   9.98e+00 (  2.26e+03,  1.16e+02)
47 n: 2.436e-04 e: 2.930e-05 i: 1.109e-04 :: e: 3.829e-02 i: 5.314e-02 :: n: 2.869e+01 e:24.328 i:32.257 v:4.993e+03
>>> tau_he = 5.000000, nhe(0)=3.707647e+00
 5     -5.504   1.04e-02   1.06e+00   4.00e-03  -1.15e-01   6.03e-05 (  4.52e+00,  3.07e+01)
10     -8.338   3.80e-02   6.86e-02   5.77e-05  -9.48e-01   3.56e-04 (  2.62e+01,  6.20e+01)
15     -3.595   2.17e-01   5.95e-02   5.91e-03  -2.70e+00   1.54e-03 (  1.26e+02,  9.00e+01)
20     -0.574   1.96e-01   1.08e-01   2.17e-02  -2.00e+00   5.61e-03 (  1.30e+02,  1.14e+02)
25     -0.020   2.05e-01   1.36e-01   1.30e-02  -1.39e-01   1.80e-02 (  1.49e+02,  1.33e+02)
30      0.013   2.52e-01   1.63e-01  -3.55e-02   9.26e-02   5.15e-02 (  1.77e+02,  1.48e+02)
35      0.110   3.79e-01   3.61e-01   1.62e-01   9.41e-01   1.32e-01 (  2.58e+02,  1.59e+02)
40      0.090   3.94e-01   3.43e-01   2.05e-01   6.36e-01   3.04e-01 (  2.45e+02,  1.68e+02)
45      0.054   3.64e-01   3.10e-01   1.91e-01   4.33e-01   6.33e-01 (  2.12e+02,  1.73e+02)
50      0.189   4.59e-01   4.95e-01   2.89e-01   1.35e+00   1.19e+00 (  2.32e+02,  1.75e+02)
55      0.191   4.79e-01   6.14e-01   3.04e-01   2.35e+00   2.05e+00 (  2.25e+02,  1.74e+02)
60      0.185   4.95e-01   6.91e-01   3.79e-01   3.24e+00   3.21e+00 (  2.01e+02,  1.70e+02)
65      0.208   5.35e-01   7.84e-01   4.66e-01   4.37e+00   4.61e+00 (  1.82e+02,  1.64e+02)
70      0.256   6.22e-01   9.12e-01   5.79e-01   5.89e+00   6.11e+00 (  1.72e+02,  1.57e+02)
75      0.304   7.27e-01   1.04e+00   6.71e-01   7.37e+00   7.52e+00 (  1.64e+02,  1.49e+02)
80      0.340   8.21e-01   1.15e+00   7.24e-01   8.54e+00   8.67e+00 (  1.55e+02,  1.40e+02)
85      0.364   9.10e-01   1.21e+00   7.44e-01   9.77e+00   9.46e+00 (  1.54e+02,  1.31e+02)
90      0.299   7.27e-01   1.17e+00   8.39e-01   7.02e+00   9.88e+00 (  1.22e+02,  1.23e+02)
95      1.988   4.10e+00   5.46e+00   4.04e+00   1.28e+02   9.98e+00 (  2.26e+03,  1.16e+02)
48 n: 1.887e-04 e: 1.006e-04 i: 3.393e-04 :: e: 2.916e-02 i: 4.502e-02 :: n: 2.854e+01 e:24.451 i:32.245 v:4.993e+03
>>> tau_he = 5.000000, nhe(0)=3.676544e+00
 5     -5.527   1.04e-02   1.07e+00   4.01e-03  -1.16e-01   6.03e-05 (  4.49e+00,  3.07e+01)
10     -8.300   3.81e-02   6.79e-02   3.77e-04  -9.43e-01   3.56e-04 (  2.62e+01,  6.20e+01)
15     -3.635   2.17e-01   6.00e-02   8.03e-03  -2.73e+00   1.54e-03 (  1.26e+02,  9.00e+01)
20     -0.589   1.99e-01   1.13e-01   2.18e-02  -2.05e+00   5.61e-03 (  1.32e+02,  1.14e+02)
25      0.019   3.75e-01   4.17e-01   1.29e-01   1.27e-01   1.80e-02 (  2.74e+02,  1.33e+02)
30      0.042   3.83e-01   3.98e-01   1.86e-01   2.59e-01   5.15e-02 (  2.70e+02,  1.48e+02)
35     -0.019   2.72e-01   1.88e-01   3.09e-02  -1.46e-01   1.32e-01 (  1.84e+02,  1.59e+02)
40      0.086   3.96e-01   3.44e-01   2.08e-01   5.99e-01   3.04e-01 (  2.46e+02,  1.68e+02)
45      0.052   3.67e-01   3.13e-01   1.92e-01   4.23e-01   6.33e-01 (  2.15e+02,  1.73e+02)
50      0.187   4.62e-01   4.97e-01   2.92e-01   1.32e+00   1.19e+00 (  2.34e+02,  1.75e+02)
55      0.132   4.24e-01   4.63e-01   2.45e-01   1.59e+00   2.05e+00 (  1.99e+02,  1.74e+02)
60      0.183   4.95e-01   6.87e-01   3.79e-01   3.16e+00   3.21e+00 (  2.02e+02,  1.70e+02)
65      0.208   5.37e-01   7.86e-01   4.68e-01   4.37e+00   4.61e+00 (  1.83e+02,  1.64e+02)
70      0.256   6.24e-01   9.15e-01   5.81e-01   5.90e+00   6.11e+00 (  1.74e+02,  1.57e+02)
75      0.304   7.28e-01   1.04e+00   6.73e-01   7.38e+00   7.52e+00 (  1.65e+02,  1.49e+02)
80      0.340   8.22e-01   1.15e+00   7.26e-01   8.56e+00   8.67e+00 (  1.56e+02,  1.40e+02)
85      0.369   9.11e-01   1.24e+00   7.43e-01   9.92e+00   9.46e+00 (  1.55e+02,  1.31e+02)
90      0.299   7.28e-01   1.17e+00   8.40e-01   7.02e+00   9.88e+00 (  1.22e+02,  1.23e+02)
95      1.988   4.10e+00   5.46e+00   4.04e+00   1.28e+02   9.98e+00 (  2.26e+03,  1.16e+02)
49 n: 4.940e-05 e: 2.697e-04 i: 1.336e-03 :: e: 3.669e-02 i: 4.712e-02 :: n: 2.845e+01 e:24.310 i:32.209 v:4.993e+03
 plasma volume = 149.355127
 stored energy(e,i,b,a) = 7.299229e+01 6.739359e+01 0.000000e+00 0.000000e+00
 betan = 1.587392
*power
 Pnb(e,i) = 0.000000e+00 0.000000e+00
 Prf(e,i) = 5.753033e+00 3.426385e+01
 Prad     = -3.104535e+01 
 Pei      = 1.069678e+00 
 Pfuse    = 7.328656e+01 
 Pfusi    = 2.480304e+01 
 Poh      = 0.000000e+00 
*confinement time
 taut, tauITER98y2, H98y2 : 1.311269e+00 1.315353e+00 9.968947e-01
 taue, taui : 1.487698e+00 2.839614e+00
 taut, tau89, H89 : 1.311269e+00 6.757556e-01 1.940448e+00
*temperature
 nea, nebar : 2.130347e+01 2.399157e+01 
 tea, tia : 8.476456e+00 8.756709e+00 (9.679957e-01)
 te0, ti0 : 2.205377e+01 2.825124e+01 (7.806301e-01)
 Sn : 2.274715e+03 
*current balance
 Ip,Ibs,Inb,Irf: 1.000000e+01 2.360822e+00 0.000000e+00 1.103725e-01
 fni,fbs: 0.247 0.236

 plasma volume = 149.355127
 stored energy(e,i,b,a) = 7.299229e+01 6.739359e+01 0.000000e+00 0.000000e+00
 betan = 1.587392
*power
 Pnb(e,i) = 0.000000e+00 0.000000e+00
 Prf(e,i) = 5.753033e+00 3.426385e+01
 Prad     = -3.104535e+01 
 Pei      = 1.069678e+00 
 Pfuse    = 7.328656e+01 
 Pfusi    = 2.480304e+01 
 Poh      = 0.000000e+00 
*confinement time
 taut, tauITER98y2, H98y2 : 1.311269e+00 1.315353e+00 9.968947e-01
 taue, taui : 1.487698e+00 2.839614e+00
 taut, tau89, H89 : 1.311269e+00 6.757556e-01 1.940448e+00
*temperature
 nea, nebar : 2.130347e+01 2.399157e+01 
 tea, tia : 8.476456e+00 8.756709e+00 (9.679957e-01)
 te0, ti0 : 2.205377e+01 2.825124e+01 (7.806301e-01)
 Sn : 2.274715e+03 
*current balance
 Ip,Ibs,Inb,Irf: 1.000000e+01 2.360822e+00 0.000000e+00 1.103725e-01
 fni,fbs: 0.247 0.236
 ELAPASED TIME = 45 sec

finalize
