NCAPTC: : NetCDF: Variable not found
Warning: ieee_overflow is signaling
Warning: ieee_underflow is signaling
Warning: ieee_inexact is signaling
FORTRAN STOP
 solver
 /global/common/software/atom/perlmutter/data/greentable/
 /global/common/software/atom/perlmutter/data/greentable/

          EFITD Version  07/09/2014


 type mode (2=file, 3=snap, 4=time, 5=input, 6=com file, 7=snap_ext):

 number of time slices?

 type input file names:
 #
 table_dir = </global/common/software/atom/perlmutter/data/greentable/>

  ----- time =     1 ms ----- ( 0)
 it=  1 chi2=0.00E+00 zm= 7.53E-03 err=5.202E+00 dz= 7.535E-03 chigam= 0.00E+00
 it=  2 chi2=0.00E+00 zm= 1.07E-02 err=8.854E-01 dz= 3.166E-03 chigam= 0.00E+00
 it=  3 chi2=0.00E+00 zm= 1.31E-02 err=4.944E-01 dz= 2.361E-03 chigam= 0.00E+00
 it=  4 chi2=0.00E+00 zm= 1.48E-02 err=2.866E-01 dz= 1.776E-03 chigam= 0.00E+00
 it=  5 chi2=0.00E+00 zm= 1.62E-02 err=1.698E-01 dz= 1.350E-03 chigam= 0.00E+00
 it=  6 chi2=0.00E+00 zm= 1.72E-02 err=1.077E-01 dz= 1.032E-03 chigam= 0.00E+00
 it=  7 chi2=0.00E+00 zm= 1.80E-02 err=6.245E-02 dz= 7.706E-04 chigam= 0.00E+00
 it=  8 chi2=0.00E+00 zm= 1.86E-02 err=3.489E-02 dz= 5.702E-04 chigam= 0.00E+00
 it=  9 chi2=0.00E+00 zm= 1.90E-02 err=2.438E-02 dz= 4.221E-04 chigam= 0.00E+00
 it= 10 chi2=0.00E+00 zm= 1.93E-02 err=1.519E-02 dz= 3.102E-04 chigam= 0.00E+00
 it= 11 chi2=0.00E+00 zm= 1.95E-02 err=8.446E-03 dz= 2.246E-04 chigam= 0.00E+00
 it= 12 chi2=0.00E+00 zm= 1.97E-02 err=5.020E-03 dz= 1.631E-04 chigam= 0.00E+00
 it= 13 chi2=0.00E+00 zm= 1.98E-02 err=4.525E-03 dz= 1.217E-04 chigam= 0.00E+00
 it= 14 chi2=0.00E+00 zm= 1.99E-02 err=2.959E-03 dz= 8.879E-05 chigam= 0.00E+00
 it= 15 chi2=0.00E+00 zm= 2.00E-02 err=1.952E-03 dz= 6.464E-05 chigam= 0.00E+00
 it= 16 chi2=0.00E+00 zm= 2.00E-02 err=1.298E-03 dz= 4.697E-05 chigam= 0.00E+00
 it= 17 chi2=0.00E+00 zm= 2.00E-02 err=6.620E-04 dz= 3.217E-05 chigam= 0.00E+00
 it= 18 chi2=0.00E+00 zm= 2.01E-02 err=4.191E-04 dz= 2.306E-05 chigam= 0.00E+00
 it= 19 chi2=0.00E+00 zm= 2.01E-02 err=3.046E-04 dz= 1.655E-05 chigam= 0.00E+00
 it= 20 chi2=0.00E+00 zm= 2.01E-02 err=2.186E-04 dz= 1.190E-05 chigam= 0.00E+00
 it= 21 chi2=0.00E+00 zm= 2.01E-02 err=1.556E-04 dz= 8.562E-06 chigam= 0.00E+00
 it= 22 chi2=0.00E+00 zm= 2.01E-02 err=1.103E-04 dz= 6.165E-06 chigam= 0.00E+00
 it= 23 chi2=0.00E+00 zm= 2.01E-02 err=7.794E-05 dz= 4.445E-06 chigam= 0.00E+00

      ******************** EFITD129 x 129  output ********************

       data used:   
  0 flux loops
  0 magnetic probes(i)
  0 full rogowski
  0 diamagnetic loop


 shot #   =          1 time(ms) =          1 chi**2   =  0.000E+00
 betat(%) =      1.228 betap    =      0.623 li       =      0.859
 vol(cm3) =  0.780E+07 rout(cm) =    172.209 zout(cm) =      0.752
 elong    =      1.350 utriang  =     -0.371 ltriang  =     -0.307
 a(cm)    =     41.439 lin(cm)  = ********** lout(cm) =     10.528
 ltop(cm) = ********** q*       =      2.337 rc(cm)   =    177.070
 zc(cm)   =      1.809 bt0(t)   =      2.000 qout     =      2.220
