========================================================================
= FASTRAN

nonlinear model = 0
ichi = 1
ineo = 0
reading state...
read formatted input, inprof...
init geometry...
read formatted input, inmetric...
nrho in inmetric = 101
rhob in inmetric = 1.265272e+00
solve avg grad-shafranv...
solve_avg_gs::Ip_temp = 9.995158e+00 
solve_avg_gs::Ip      = 1.000000e+01 
>>> tau_he = 5.000000, nhe(0)=3.129948e+00

 plasma volume = 149.295322
 stored energy(e,i,b,a) = 6.182964e+01 6.097762e+01 0.000000e+00 0.000000e+00
 betan = 1.389370
*power
 Pnb(e,i) = 0.000000e+00 0.000000e+00
 Prf(e,i) = 5.809052e+00 3.420488e+01
 Prad     = -7.880062e+01 
 Pei      = 1.923022e+01 
 Pfuse    = 6.160070e+01 
 Pfusi    = 1.917854e+01 
 Poh      = 0.000000e+00 
*confinement time
 taut, tauITER98y2, H98y2 : 2.924500e+00 2.419069e+00 1.208936e+00
 taue, taui : 7.887081e+00 -1.179946e+03
 taut, tau89, H89 : 2.924500e+00 1.069257e+00 2.735078e+00
*temperature
 nea, nebar : 1.945941e+01 2.196893e+01 
 tea, tia : 7.952815e+00 8.632009e+00 (9.213168e-01)
 te0, ti0 : 1.908757e+01 2.595168e+01 (7.355041e-01)
 Sn : 0.000000e+00 
*current balance
 Ip,Ibs,Inb,Irf: 1.000000e+01 2.127446e+00 0.000000e+00 9.525805e-02
 fni,fbs: 0.222 0.213

Time advancing...
rho_bdry 0.900000 ...
te_bdry = 4.607324
ti_bdry = 4.611512
ne_bdry = 15.998879
rv_bdry = 279.463030
nrho_tr_bdry = 18
drho_bdry = 0.000000e+00
nrhob = 90
 [    0] t = 0.0000 
>>> tau_he = 5.000000, nhe(0)=3.130870e+00
 5      0.001   1.05e-02   2.38e-01   1.85e-03   2.72e-03   0.00e+00 (  1.12e+00,  4.95e+01)
10      0.001   4.33e-03  -3.44e-03   9.13e-04   8.23e-03   0.00e+00 (  9.03e-01,  9.52e+01)
15      0.002   2.14e-02  -4.67e-02  -8.88e-03   1.15e-02   0.00e+00 (  6.40e+00,  1.29e+02)
20      0.052   1.05e-01  -3.95e-02   1.70e-03   3.96e-01   0.00e+00 (  3.96e+01,  1.54e+02)
25      0.053   1.43e-01   7.54e-02   1.86e-02   4.58e-01   0.00e+00 (  6.25e+01,  1.72e+02)
30      0.077   1.96e-01   1.48e-01   5.00e-02   7.24e-01   0.00e+00 (  9.36e+01,  1.83e+02)
35      0.142   3.03e-01   2.95e-01   1.10e-01   1.46e+00   0.00e+00 (  1.41e+02,  1.86e+02)
40      0.134   3.07e-01   3.31e-01   1.22e-01   1.48e+00   0.00e+00 (  1.30e+02,  1.82e+02)
45      0.150   3.21e-01   3.85e-01   1.80e-01   1.75e+00   0.00e+00 (  1.20e+02,  1.71e+02)
50      0.160   3.71e-01   4.67e-01   2.26e-01   1.96e+00   0.00e+00 (  1.27e+02,  1.55e+02)
55      0.118   3.85e-01   4.42e-01   2.72e-01   1.51e+00   0.00e+00 (  1.33e+02,  1.37e+02)
60      0.098   5.37e-01   5.86e-01   3.70e-01   1.30e+00   0.00e+00 (  2.08e+02,  1.18e+02)
65     -0.054   7.54e-01   6.62e-01   4.83e-01  -7.45e-01   0.00e+00 (  3.64e+02,  1.02e+02)
70      0.091   6.42e-01   7.41e-01   5.65e-01   1.28e+00   0.00e+00 (  2.13e+02,  9.31e+01)
75      0.216   4.71e-01   7.79e-01   6.38e-01   3.10e+00   0.00e+00 (  8.25e+01,  8.72e+01)
80      0.253   4.83e-01   8.39e-01   7.14e-01   3.70e+00   0.00e+00 (  5.28e+01,  7.99e+01)
85      0.252   5.21e-01   8.59e-01   7.31e-01   3.74e+00   0.00e+00 (  4.14e+01,  6.93e+01)
90      0.246   4.95e-01   9.79e-01   8.38e-01   4.01e+00   0.00e+00 (  5.73e+01,  5.54e+01)
95      2.040   4.20e+00   5.57e+00   4.12e+00   1.31e+02   0.00e+00 (  2.32e+03,  4.04e+01)
 0 e: 3.761e-06 i: 5.697e-06 :: e: 0.000e+00 i: 0.000e+00 :: n: 2.762e+01 e:19.122 i:25.877 v:4.993e+03
>>> tau_he = 5.000000, nhe(0)=3.125339e+00
 5      0.001   1.06e-02   2.90e-01   1.99e-03   3.53e-03   0.00e+00 (  1.15e+00,  4.95e+01)
10      0.001   3.01e-03  -1.82e-03   7.45e-04   5.86e-03   0.00e+00 (  6.38e-01,  9.52e+01)
15      0.009   3.14e-02  -4.44e-02  -1.36e-02   6.21e-02   0.00e+00 (  9.62e+00,  1.29e+02)
20      0.052   1.11e-01  -3.41e-02   2.87e-03   3.93e-01   0.00e+00 (  4.18e+01,  1.54e+02)
25      0.054   1.44e-01   7.76e-02   1.85e-02   4.65e-01   0.00e+00 (  6.37e+01,  1.72e+02)
30      0.075   1.95e-01   1.47e-01   4.97e-02   7.12e-01   0.00e+00 (  9.33e+01,  1.83e+02)
35      0.136   2.97e-01   2.86e-01   1.17e-01   1.40e+00   0.00e+00 (  1.36e+02,  1.86e+02)
40      0.134   3.08e-01   3.31e-01   1.22e-01   1.48e+00   0.00e+00 (  1.30e+02,  1.82e+02)
45      0.148   3.23e-01   3.82e-01   1.78e-01   1.73e+00   0.00e+00 (  1.21e+02,  1.71e+02)
50      0.155   3.69e-01   4.56e-01   2.28e-01   1.90e+00   0.00e+00 (  1.28e+02,  1.55e+02)
55      0.170   4.67e-01   6.06e-01   3.30e-01   2.18e+00   0.00e+00 (  1.66e+02,  1.37e+02)
60      0.097   5.33e-01   5.79e-01   3.66e-01   1.28e+00   0.00e+00 (  2.06e+02,  1.18e+02)
65     -0.027   7.23e-01   6.53e-01   4.70e-01  -3.64e-01   0.00e+00 (  3.31e+02,  1.02e+02)
70      0.102   6.38e-01   7.58e-01   5.75e-01   1.44e+00   0.00e+00 (  2.07e+02,  9.31e+01)
75      0.209   4.83e-01   7.88e-01   6.45e-01   3.01e+00   0.00e+00 (  8.98e+01,  8.72e+01)
80      0.250   4.78e-01   8.41e-01   7.15e-01   3.66e+00   0.00e+00 (  5.43e+01,  7.99e+01)
85      0.249   5.15e-01   8.51e-01   7.24e-01   3.71e+00   0.00e+00 (  4.11e+01,  6.93e+01)
90      0.246   4.95e-01   9.80e-01   8.39e-01   4.01e+00   0.00e+00 (  5.75e+01,  5.54e+01)
95      2.040   4.20e+00   5.57e+00   4.12e+00   1.31e+02   0.00e+00 (  2.32e+03,  4.04e+01)
 1 e: 2.069e-01 i: 1.926e-01 :: e: 1.793e-02 i: 2.774e-02 :: n: 2.762e+01 e:22.950 i:32.041 v:4.993e+03
>>> tau_he = 5.000000, nhe(0)=3.489285e+00
 5     -0.017   1.31e-02   1.14e+00   4.56e-03  -7.20e-02   0.00e+00 (  4.73e+00,  4.95e+01)
10     -0.033   5.11e-02   3.33e-02   4.69e-03  -1.81e-01   0.00e+00 (  3.76e+01,  9.52e+01)
15     -0.237   1.79e-01   9.59e-02  -8.26e-03  -1.56e+00   0.00e+00 (  1.53e+02,  1.29e+02)
20      0.370   4.51e-01   4.59e-01   9.00e-02   2.82e+00   0.00e+00 (  3.17e+02,  1.54e+02)
25      0.360   3.75e-01   3.58e-01   1.05e-01   3.08e+00   0.00e+00 (  2.46e+02,  1.72e+02)
30      0.076   2.16e-01   1.68e-01   5.79e-03   7.15e-01   0.00e+00 (  1.25e+02,  1.83e+02)
35      0.061   2.09e-01   1.56e-01   6.46e-02   6.22e-01   0.00e+00 (  9.98e+01,  1.86e+02)
40      0.058   2.43e-01   1.88e-01   6.95e-02   6.42e-01   0.00e+00 (  1.10e+02,  1.82e+02)
45      0.065   2.77e-01   2.29e-01   1.13e-01   7.61e-01   0.00e+00 (  1.17e+02,  1.71e+02)
50      0.111   3.49e-01   3.67e-01   1.90e-01   1.36e+00   0.00e+00 (  1.28e+02,  1.55e+02)
55      0.128   3.48e-01   4.26e-01   2.55e-01   1.64e+00   0.00e+00 (  1.09e+02,  1.37e+02)
60      0.167   3.78e-01   5.52e-01   3.61e-01   2.21e+00   0.00e+00 (  9.42e+01,  1.18e+02)
65      0.206   4.80e-01   7.81e-01   5.44e-01   2.82e+00   0.00e+00 (  1.16e+02,  1.02e+02)
70      0.222   4.88e-01   8.55e-01   6.44e-01   3.13e+00   0.00e+00 (  9.65e+01,  9.31e+01)
75      0.210   5.03e-01   8.84e-01   7.08e-01   3.03e+00   0.00e+00 (  9.34e+01,  8.72e+01)
80      0.196   4.59e-01   8.42e-01   7.07e-01   2.87e+00   0.00e+00 (  7.40e+01,  7.99e+01)
85      0.183   3.85e-01   7.52e-01   6.45e-01   2.72e+00   0.00e+00 (  5.00e+01,  6.93e+01)
90      0.203   4.39e-01   8.88e-01   7.64e-01   3.31e+00   0.00e+00 (  6.18e+01,  5.54e+01)
95      2.040   4.20e+00   5.57e+00   4.12e+00   1.31e+02   0.00e+00 (  2.32e+03,  4.04e+01)
 2 e: 4.375e-03 i: 1.073e-02 :: e: 1.903e-01 i: 1.959e-01 :: n: 2.762e+01 e:24.057 i:33.167 v:4.993e+03
>>> tau_he = 5.000000, nhe(0)=3.545938e+00
 5     -0.024   1.42e-02   1.01e+00   5.80e-03  -1.04e-01   0.00e+00 (  6.05e+00,  4.95e+01)
10     -0.134   8.61e-02   1.19e-01   2.25e-03  -7.40e-01   0.00e+00 (  7.42e+01,  9.52e+01)
15     -0.332   1.93e-01   5.95e-02  -4.00e-02  -2.19e+00   0.00e+00 (  1.86e+02,  1.29e+02)
20      0.340   4.53e-01   4.66e-01   1.07e-01   2.59e+00   0.00e+00 (  3.49e+02,  1.54e+02)
25      0.353   3.82e-01   3.68e-01   1.23e-01   3.02e+00   0.00e+00 (  2.76e+02,  1.72e+02)
30      0.148   3.14e-01   3.31e-01   1.22e-01   1.40e+00   0.00e+00 (  2.03e+02,  1.83e+02)
35      0.054   2.23e-01   1.82e-01   5.99e-02   5.56e-01   0.00e+00 (  1.16e+02,  1.86e+02)
40      0.095   2.94e-01   2.96e-01   1.06e-01   1.05e+00   0.00e+00 (  1.39e+02,  1.82e+02)
45      0.073   2.80e-01   2.66e-01   1.28e-01   8.50e-01   0.00e+00 (  1.20e+02,  1.71e+02)
50      0.118   3.51e-01   3.98e-01   1.97e-01   1.45e+00   0.00e+00 (  1.29e+02,  1.55e+02)
55      0.117   3.38e-01   4.18e-01   2.50e-01   1.51e+00   0.00e+00 (  1.06e+02,  1.37e+02)
60      0.134   3.42e-01   4.76e-01   3.12e-01   1.78e+00   0.00e+00 (  8.46e+01,  1.18e+02)
65      0.155   4.14e-01   6.12e-01   4.23e-01   2.12e+00   0.00e+00 (  9.61e+01,  1.02e+02)
70      0.172   4.03e-01   6.56e-01   4.97e-01   2.43e+00   0.00e+00 (  7.50e+01,  9.31e+01)
75      0.181   4.26e-01   7.22e-01   5.91e-01   2.61e+00   0.00e+00 (  7.21e+01,  8.72e+01)
80      0.191   4.15e-01   7.59e-01   6.45e-01   2.80e+00   0.00e+00 (  5.96e+01,  7.99e+01)
85      0.193   3.88e-01   7.41e-01   6.36e-01   2.86e+00   0.00e+00 (  4.41e+01,  6.93e+01)
90      0.212   4.45e-01   8.99e-01   7.74e-01   3.46e+00   0.00e+00 (  5.89e+01,  5.54e+01)
95      2.040   4.20e+00   5.57e+00   4.12e+00   1.31e+02   0.00e+00 (  2.32e+03,  4.04e+01)
 3 e: 2.374e-03 i: 3.763e-03 :: e: 2.088e-01 i: 1.917e-01 :: n: 2.762e+01 e:23.487 i:32.814 v:4.993e+03
>>> tau_he = 5.000000, nhe(0)=3.531255e+00
 5     -0.024   1.37e-02   9.77e-01   5.95e-03  -1.06e-01   0.00e+00 (  5.97e+00,  4.95e+01)
10     -0.121   8.09e-02   1.11e-01   4.52e-03  -6.67e-01   0.00e+00 (  6.74e+01,  9.52e+01)
15     -0.277   1.80e-01   5.81e-02  -3.94e-02  -1.82e+00   0.00e+00 (  1.60e+02,  1.29e+02)
20      0.237   4.00e-01   3.96e-01   6.67e-02   1.80e+00   0.00e+00 (  2.81e+02,  1.54e+02)
25      0.292   3.57e-01   3.33e-01   1.05e-01   2.50e+00   0.00e+00 (  2.44e+02,  1.72e+02)
30      0.144   3.12e-01   3.24e-01   1.14e-01   1.36e+00   0.00e+00 (  2.00e+02,  1.83e+02)
35      0.108   2.91e-01   2.79e-01   1.02e-01   1.11e+00   0.00e+00 (  1.56e+02,  1.86e+02)
40      0.099   2.98e-01   3.05e-01   1.10e-01   1.09e+00   0.00e+00 (  1.44e+02,  1.82e+02)
45      0.110   3.23e-01   3.49e-01   1.60e-01   1.29e+00   0.00e+00 (  1.40e+02,  1.71e+02)
50      0.125   3.51e-01   4.12e-01   1.93e-01   1.53e+00   0.00e+00 (  1.28e+02,  1.55e+02)
55      0.121   3.35e-01   4.24e-01   2.52e-01   1.56e+00   0.00e+00 (  1.03e+02,  1.37e+02)
60      0.137   3.38e-01   4.82e-01   3.15e-01   1.83e+00   0.00e+00 (  8.19e+01,  1.18e+02)
65      0.157   3.96e-01   6.04e-01   4.19e-01   2.15e+00   0.00e+00 (  8.78e+01,  1.02e+02)
70      0.169   3.86e-01   6.34e-01   4.82e-01   2.38e+00   0.00e+00 (  6.87e+01,  9.31e+01)
75      0.175   4.00e-01   6.81e-01   5.61e-01   2.51e+00   0.00e+00 (  6.44e+01,  8.72e+01)
80      0.180   3.87e-01   7.05e-01   6.05e-01   2.64e+00   0.00e+00 (  5.29e+01,  7.99e+01)
85      0.180   3.65e-01   6.78e-01   5.85e-01   2.67e+00   0.00e+00 (  3.95e+01,  6.93e+01)
90      0.208   4.34e-01   8.70e-01   7.49e-01   3.38e+00   0.00e+00 (  5.63e+01,  5.54e+01)
95      2.040   4.20e+00   5.57e+00   4.12e+00   1.31e+02   0.00e+00 (  2.32e+03,  4.04e+01)
 4 e: 1.017e-03 i: 2.417e-03 :: e: 1.825e-01 i: 1.627e-01 :: n: 2.762e+01 e:23.184 i:31.846 v:4.993e+03
>>> tau_he = 5.000000, nhe(0)=3.485848e+00
 5     -0.024   1.28e-02   9.58e-01   5.99e-03  -1.05e-01   0.00e+00 (  5.69e+00,  4.95e+01)
10     -0.088   7.44e-02   9.18e-02   4.38e-03  -4.86e-01   0.00e+00 (  6.01e+01,  9.52e+01)
15     -0.278   1.93e-01   9.74e-02  -2.26e-01  -1.83e+00   0.00e+00 (  1.61e+02,  1.29e+02)
20      0.200   3.60e-01   3.51e-01   4.49e-02   1.52e+00   0.00e+00 (  2.37e+02,  1.54e+02)
25      0.145   2.98e-01   3.26e-01   8.55e-02   1.24e+00   0.00e+00 (  1.94e+02,  1.72e+02)
30      0.137   3.12e-01   2.98e-01   7.91e-02   1.29e+00   0.00e+00 (  1.96e+02,  1.83e+02)
35      0.108   2.94e-01   2.84e-01   1.04e-01   1.11e+00   0.00e+00 (  1.59e+02,  1.86e+02)
40      0.099   3.03e-01   3.13e-01   1.14e-01   1.10e+00   0.00e+00 (  1.49e+02,  1.82e+02)
45      0.112   3.28e-01   3.60e-01   1.65e-01   1.31e+00   0.00e+00 (  1.44e+02,  1.71e+02)
50      0.127   3.56e-01   4.26e-01   1.97e-01   1.56e+00   0.00e+00 (  1.32e+02,  1.55e+02)
55      0.120   3.39e-01   4.31e-01   2.56e-01   1.54e+00   0.00e+00 (  1.06e+02,  1.37e+02)
60      0.135   3.42e-01   4.86e-01   3.17e-01   1.80e+00   0.00e+00 (  8.43e+01,  1.18e+02)
65      0.154   3.95e-01   5.93e-01   4.13e-01   2.12e+00   0.00e+00 (  8.77e+01,  1.02e+02)
70      0.163   3.79e-01   6.19e-01   4.71e-01   2.30e+00   0.00e+00 (  6.75e+01,  9.31e+01)
75      0.168   3.87e-01   6.56e-01   5.43e-01   2.42e+00   0.00e+00 (  6.15e+01,  8.72e+01)
80      0.174   3.72e-01   6.75e-01   5.83e-01   2.55e+00   0.00e+00 (  4.99e+01,  7.99e+01)
85      0.174   3.54e-01   6.47e-01   5.60e-01   2.58e+00   0.00e+00 (  3.72e+01,  6.93e+01)
90      0.205   4.29e-01   8.55e-01   7.37e-01   3.35e+00   0.00e+00 (  5.48e+01,  5.54e+01)
95      2.040   4.20e+00   5.57e+00   4.12e+00   1.31e+02   0.00e+00 (  2.32e+03,  4.04e+01)
 5 e: 9.754e-04 i: 1.433e-03 :: e: 1.599e-01 i: 1.499e-01 :: n: 2.762e+01 e:22.583 i:31.228 v:4.993e+03
>>> tau_he = 5.000000, nhe(0)=3.454793e+00
 5     -0.023   1.23e-02   9.44e-01   5.92e-03  -1.01e-01   0.00e+00 (  5.41e+00,  4.95e+01)
10     -0.065   6.65e-02   7.64e-02   6.32e-03  -3.60e-01   0.00e+00 (  5.14e+01,  9.52e+01)
15     -0.183   1.79e-01   1.15e-01  -1.65e-01  -1.20e+00   0.00e+00 (  1.39e+02,  1.29e+02)
20      0.064   1.60e-01   1.09e-01  -8.75e-03   4.85e-01   0.00e+00 (  9.85e+01,  1.54e+02)
25      0.068   1.76e-01   1.30e-01   1.04e-02   5.84e-01   0.00e+00 (  1.09e+02,  1.72e+02)
30      0.066   2.17e-01   1.62e-01   2.05e-03   6.27e-01   0.00e+00 (  1.31e+02,  1.83e+02)
35      0.107   2.88e-01   2.75e-01   1.01e-01   1.10e+00   0.00e+00 (  1.53e+02,  1.86e+02)
40      0.099   2.98e-01   3.06e-01   1.11e-01   1.09e+00   0.00e+00 (  1.44e+02,  1.82e+02)
45      0.112   3.22e-01   3.52e-01   1.63e-01   1.31e+00   0.00e+00 (  1.39e+02,  1.71e+02)
50      0.127   3.51e-01   4.18e-01   1.94e-01   1.56e+00   0.00e+00 (  1.28e+02,  1.55e+02)
55      0.120   3.36e-01   4.25e-01   2.52e-01   1.54e+00   0.00e+00 (  1.04e+02,  1.37e+02)
60      0.136   3.41e-01   4.83e-01   3.15e-01   1.80e+00   0.00e+00 (  8.39e+01,  1.18e+02)
65      0.154   3.88e-01   5.91e-01   4.11e-01   2.11e+00   0.00e+00 (  8.50e+01,  1.02e+02)
70      0.164   3.76e-01   6.14e-01   4.68e-01   2.31e+00   0.00e+00 (  6.64e+01,  9.31e+01)
75      0.169   3.82e-01   6.50e-01   5.38e-01   2.43e+00   0.00e+00 (  5.97e+01,  8.72e+01)
80      0.175   3.69e-01   6.71e-01   5.80e-01   2.56e+00   0.00e+00 (  4.84e+01,  7.99e+01)
85      0.175   3.55e-01   6.44e-01   5.58e-01   2.60e+00   0.00e+00 (  3.64e+01,  6.93e+01)
90      0.206   4.29e-01   8.51e-01   7.34e-01   3.36e+00   0.00e+00 (  5.41e+01,  5.54e+01)
95      2.040   4.20e+00   5.57e+00   4.12e+00   1.31e+02   0.00e+00 (  2.32e+03,  4.04e+01)
 6 e: 2.578e-04 i: 3.070e-04 :: e: 1.230e-01 i: 1.181e-01 :: n: 2.762e+01 e:22.521 i:30.882 v:4.993e+03
>>> tau_he = 5.000000, nhe(0)=3.436826e+00
 5     -0.023   1.20e-02   9.61e-01   5.98e-03  -9.84e-02   0.00e+00 (  5.29e+00,  4.95e+01)
10     -0.055   6.03e-02   6.40e-02   5.57e-03  -3.00e-01   0.00e+00 (  4.53e+01,  9.52e+01)
15     -0.155   1.75e-01   1.12e-01  -1.43e-01  -1.02e+00   0.00e+00 (  1.31e+02,  1.29e+02)
20      0.064   1.61e-01   1.11e-01  -9.50e-03   4.84e-01   0.00e+00 (  9.92e+01,  1.54e+02)
25      0.068   1.76e-01   1.32e-01   1.08e-02   5.82e-01   0.00e+00 (  1.09e+02,  1.72e+02)
30      0.067   2.17e-01   1.64e-01   2.29e-03   6.36e-01   0.00e+00 (  1.31e+02,  1.83e+02)
35      0.107   2.87e-01   2.77e-01   1.03e-01   1.10e+00   0.00e+00 (  1.52e+02,  1.86e+02)
40      0.099   2.98e-01   3.10e-01   1.21e-01   1.10e+00   0.00e+00 (  1.44e+02,  1.82e+02)
45      0.112   3.23e-01   3.57e-01   1.66e-01   1.31e+00   0.00e+00 (  1.39e+02,  1.71e+02)
50      0.127   3.53e-01   4.25e-01   1.97e-01   1.56e+00   0.00e+00 (  1.29e+02,  1.55e+02)
55      0.119   3.38e-01   4.31e-01   2.56e-01   1.53e+00   0.00e+00 (  1.06e+02,  1.37e+02)
60      0.134   3.46e-01   4.89e-01   3.18e-01   1.78e+00   0.00e+00 (  8.64e+01,  1.18e+02)
65      0.154   3.92e-01   5.90e-01   4.11e-01   2.11e+00   0.00e+00 (  8.66e+01,  1.02e+02)
70      0.161   3.77e-01   6.15e-01   4.68e-01   2.27e+00   0.00e+00 (  6.76e+01,  9.31e+01)
75      0.166   3.81e-01   6.45e-01   5.35e-01   2.39e+00   0.00e+00 (  6.01e+01,  8.72e+01)
80      0.172   3.66e-01   6.63e-01   5.73e-01   2.51e+00   0.00e+00 (  4.84e+01,  7.99e+01)
85      0.171   3.49e-01   6.31e-01   5.48e-01   2.54e+00   0.00e+00 (  3.59e+01,  6.93e+01)
90      0.204   4.25e-01   8.42e-01   7.27e-01   3.32e+00   0.00e+00 (  5.36e+01,  5.54e+01)
95      2.040   4.20e+00   5.57e+00   4.12e+00   1.31e+02   0.00e+00 (  2.32e+03,  4.04e+01)
 7 e: 2.649e-04 i: 1.550e-04 :: e: 1.090e-01 i: 1.043e-01 :: n: 2.762e+01 e:22.298 i:30.943 v:4.993e+03
>>> tau_he = 5.000000, nhe(0)=3.439762e+00
 5     -0.023   1.21e-02   9.92e-01   5.94e-03  -9.83e-02   0.00e+00 (  5.30e+00,  4.95e+01)
10     -0.048   5.55e-02   5.32e-02   3.65e-03  -2.63e-01   0.00e+00 (  4.07e+01,  9.52e+01)
15     -0.114   1.68e-01   1.07e-01  -1.17e-01  -7.51e-01   0.00e+00 (  1.22e+02,  1.29e+02)
20      0.063   1.60e-01   1.11e-01  -9.46e-03   4.80e-01   0.00e+00 (  9.91e+01,  1.54e+02)
25      0.067   1.76e-01   1.31e-01   1.06e-02   5.76e-01   0.00e+00 (  1.09e+02,  1.72e+02)
30      0.067   2.15e-01   1.61e-01   2.44e-03   6.34e-01   0.00e+00 (  1.29e+02,  1.83e+02)
35      0.103   2.83e-01   2.70e-01   9.93e-02   1.06e+00   0.00e+00 (  1.48e+02,  1.86e+02)
40      0.098   2.93e-01   3.01e-01   1.09e-01   1.07e+00   0.00e+00 (  1.39e+02,  1.82e+02)
45      0.110   3.16e-01   3.45e-01   1.61e-01   1.29e+00   0.00e+00 (  1.34e+02,  1.71e+02)
50      0.125   3.46e-01   4.11e-01   1.92e-01   1.53e+00   0.00e+00 (  1.25e+02,  1.55e+02)
55      0.118   3.33e-01   4.20e-01   2.50e-01   1.51e+00   0.00e+00 (  1.03e+02,  1.37e+02)
60      0.133   3.42e-01   4.80e-01   3.13e-01   1.77e+00   0.00e+00 (  8.51e+01,  1.18e+02)
65      0.155   3.86e-01   5.82e-01   4.08e-01   2.12e+00   0.00e+00 (  8.41e+01,  1.02e+02)
70      0.163   3.76e-01   6.12e-01   4.66e-01   2.29e+00   0.00e+00 (  6.68e+01,  9.31e+01)
75      0.169   3.81e-01   6.47e-01   5.36e-01   2.43e+00   0.00e+00 (  5.92e+01,  8.72e+01)
80      0.176   3.69e-01   6.70e-01   5.80e-01   2.57e+00   0.00e+00 (  4.80e+01,  7.99e+01)
85      0.175   3.56e-01   6.41e-01   5.56e-01   2.60e+00   0.00e+00 (  3.59e+01,  6.93e+01)
90      0.206   4.28e-01   8.46e-01   7.30e-01   3.36e+00   0.00e+00 (  5.34e+01,  5.54e+01)
95      2.040   4.20e+00   5.57e+00   4.12e+00   1.31e+02   0.00e+00 (  2.32e+03,  4.04e+01)
 8 e: 1.692e-04 i: 1.281e-04 :: e: 9.991e-02 i: 9.796e-02 :: n: 2.762e+01 e:22.433 i:30.882 v:4.993e+03
>>> tau_he = 5.000000, nhe(0)=3.436689e+00
 5     -0.023   1.20e-02   1.01e+00   6.03e-03  -9.85e-02   0.00e+00 (  5.33e+00,  4.95e+01)
10     -0.044   5.27e-02   4.84e-02   3.18e-03  -2.40e-01   0.00e+00 (  3.83e+01,  9.52e+01)
15     -0.092   1.71e-01   1.16e-01  -1.12e-01  -6.06e-01   0.00e+00 (  1.23e+02,  1.29e+02)
20      0.062   1.64e-01   1.16e-01  -1.06e-02   4.74e-01   0.00e+00 (  1.03e+02,  1.54e+02)
25      0.133   2.86e-01   3.11e-01   7.41e-02   1.14e+00   0.00e+00 (  1.81e+02,  1.72e+02)
30      0.069   2.16e-01   1.66e-01  -2.45e-04   6.49e-01   0.00e+00 (  1.31e+02,  1.83e+02)
35      0.104   2.86e-01   2.76e-01   1.02e-01   1.07e+00   0.00e+00 (  1.50e+02,  1.86e+02)
40      0.099   2.96e-01   3.08e-01   1.20e-01   1.09e+00   0.00e+00 (  1.42e+02,  1.82e+02)
45      0.113   3.21e-01   3.54e-01   1.65e-01   1.32e+00   0.00e+00 (  1.37e+02,  1.71e+02)
50      0.126   3.51e-01   4.22e-01   1.97e-01   1.55e+00   0.00e+00 (  1.27e+02,  1.55e+02)
55      0.118   3.38e-01   4.29e-01   2.55e-01   1.51e+00   0.00e+00 (  1.06e+02,  1.37e+02)
60      0.133   3.49e-01   4.90e-01   3.19e-01   1.76e+00   0.00e+00 (  8.85e+01,  1.18e+02)
65      0.154   3.92e-01   5.90e-01   4.12e-01   2.11e+00   0.00e+00 (  8.66e+01,  1.02e+02)
70      0.161   3.82e-01   6.17e-01   4.69e-01   2.27e+00   0.00e+00 (  6.91e+01,  9.31e+01)
75      0.167   3.83e-01   6.48e-01   5.37e-01   2.40e+00   0.00e+00 (  6.06e+01,  8.72e+01)
80      0.173   3.68e-01   6.67e-01   5.77e-01   2.53e+00   0.00e+00 (  4.88e+01,  7.99e+01)
85      0.172   3.50e-01   6.34e-01   5.50e-01   2.56e+00   0.00e+00 (  3.60e+01,  6.93e+01)
90      0.204   4.25e-01   8.40e-01   7.24e-01   3.32e+00   0.00e+00 (  5.32e+01,  5.54e+01)
95      2.040   4.20e+00   5.57e+00   4.12e+00   1.31e+02   0.00e+00 (  2.32e+03,  4.04e+01)
 9 e: 1.261e-04 i: 2.906e-04 :: e: 9.133e-02 i: 9.240e-02 :: n: 2.762e+01 e:22.266 i:30.990 v:4.993e+03
>>> tau_he = 5.000000, nhe(0)=3.442192e+00
 5     -0.023   1.21e-02   1.03e+00   6.00e-03  -9.90e-02   0.00e+00 (  5.37e+00,  4.95e+01)
10     -0.040   5.04e-02   4.36e-02   3.00e-03  -2.18e-01   0.00e+00 (  3.61e+01,  9.52e+01)
15     -0.085   1.69e-01   1.15e-01  -9.96e-02  -5.60e-01   0.00e+00 (  1.18e+02,  1.29e+02)
20      0.062   1.65e-01   1.15e-01  -1.03e-02   4.68e-01   0.00e+00 (  1.03e+02,  1.54e+02)
25      0.066   1.75e-01   1.28e-01   1.02e-02   5.65e-01   0.00e+00 (  1.09e+02,  1.72e+02)
30      0.068   2.15e-01   1.62e-01   4.83e-04   6.45e-01   0.00e+00 (  1.29e+02,  1.83e+02)
35      0.104   2.84e-01   2.70e-01   9.92e-02   1.06e+00   0.00e+00 (  1.49e+02,  1.86e+02)
40      0.098   2.93e-01   3.00e-01   1.09e-01   1.08e+00   0.00e+00 (  1.39e+02,  1.82e+02)
45      0.078   2.75e-01   2.72e-01   1.32e-01   9.15e-01   0.00e+00 (  1.16e+02,  1.71e+02)
50      0.125   3.47e-01   4.11e-01   1.92e-01   1.54e+00   0.00e+00 (  1.25e+02,  1.55e+02)
55      0.118   3.35e-01   4.20e-01   2.49e-01   1.51e+00   0.00e+00 (  1.04e+02,  1.37e+02)
60      0.134   3.48e-01   4.84e-01   3.15e-01   1.77e+00   0.00e+00 (  8.82e+01,  1.18e+02)
65      0.155   3.89e-01   5.91e-01   4.10e-01   2.12e+00   0.00e+00 (  8.51e+01,  1.02e+02)
70      0.164   3.83e-01   6.20e-01   4.72e-01   2.31e+00   0.00e+00 (  6.90e+01,  9.31e+01)
75      0.171   3.86e-01   6.56e-01   5.43e-01   2.46e+00   0.00e+00 (  6.06e+01,  8.72e+01)
80      0.179   3.75e-01   6.83e-01   5.90e-01   2.61e+00   0.00e+00 (  4.92e+01,  7.99e+01)
85      0.178   3.61e-01   6.54e-01   5.66e-01   2.64e+00   0.00e+00 (  3.66e+01,  6.93e+01)
90      0.207   4.29e-01   8.48e-01   7.31e-01   3.37e+00   0.00e+00 (  5.33e+01,  5.54e+01)
95      2.040   4.20e+00   5.57e+00   4.12e+00   1.31e+02   0.00e+00 (  2.32e+03,  4.04e+01)
10 e: 1.676e-04 i: 1.371e-04 :: e: 8.263e-02 i: 8.319e-02 :: n: 2.762e+01 e:22.440 i:30.987 v:4.993e+03
>>> tau_he = 5.000000, nhe(0)=3.442085e+00
 5     -0.023   1.22e-02   1.06e+00   6.08e-03  -9.92e-02   0.00e+00 (  5.41e+00,  4.95e+01)
10     -0.035   4.91e-02   4.07e-02   4.15e-03  -1.94e-01   0.00e+00 (  3.50e+01,  9.52e+01)
15     -0.077   1.71e-01   1.17e-01  -9.56e-02  -5.06e-01   0.00e+00 (  1.18e+02,  1.29e+02)
20      0.055   1.56e-01   1.03e-01  -1.06e-02   4.15e-01   0.00e+00 (  9.83e+01,  1.54e+02)
25      0.067   1.79e-01   1.34e-01   1.06e-02   5.72e-01   0.00e+00 (  1.13e+02,  1.72e+02)
30      0.070   2.19e-01   1.67e-01  -1.94e-03   6.65e-01   0.00e+00 (  1.33e+02,  1.83e+02)
35      0.105   2.88e-01   2.77e-01   1.02e-01   1.08e+00   0.00e+00 (  1.52e+02,  1.86e+02)
40      0.100   2.98e-01   3.10e-01   1.20e-01   1.10e+00   0.00e+00 (  1.43e+02,  1.82e+02)
45      0.117   3.24e-01   3.60e-01   1.67e-01   1.36e+00   0.00e+00 (  1.39e+02,  1.71e+02)
50      0.128   3.54e-01   4.26e-01   1.99e-01   1.58e+00   0.00e+00 (  1.29e+02,  1.55e+02)
55      0.118   3.42e-01   4.31e-01   2.56e-01   1.51e+00   0.00e+00 (  1.08e+02,  1.37e+02)
60      0.134   3.57e-01   4.98e-01   3.23e-01   1.78e+00   0.00e+00 (  9.25e+01,  1.18e+02)
65      0.156   3.99e-01   6.00e-01   4.19e-01   2.14e+00   0.00e+00 (  8.91e+01,  1.02e+02)
70      0.163   3.91e-01   6.31e-01   4.79e-01   2.30e+00   0.00e+00 (  7.23e+01,  9.31e+01)
75      0.169   3.92e-01   6.63e-01   5.48e-01   2.44e+00   0.00e+00 (  6.29e+01,  8.72e+01)
80      0.176   3.77e-01   6.85e-01   5.90e-01   2.58e+00   0.00e+00 (  5.07e+01,  7.99e+01)
85      0.175   3.56e-01   6.51e-01   5.64e-01   2.61e+00   0.00e+00 (  3.72e+01,  6.93e+01)
90      0.205   4.26e-01   8.43e-01   7.27e-01   3.33e+00   0.00e+00 (  5.35e+01,  5.54e+01)
95      2.040   4.20e+00   5.57e+00   4.12e+00   1.31e+02   0.00e+00 (  2.32e+03,  4.04e+01)
11 e: 8.684e-05 i: 1.861e-04 :: e: 6.271e-02 i: 6.121e-02 :: n: 2.762e+01 e:22.343 i:31.270 v:4.993e+03
>>> tau_he = 5.000000, nhe(0)=3.456406e+00
 5     -0.023   1.24e-02   1.10e+00   6.04e-03  -1.00e-01   0.00e+00 (  5.51e+00,  4.95e+01)
10     -0.031   4.69e-02   3.48e-02   3.98e-03  -1.72e-01   0.00e+00 (  3.31e+01,  9.52e+01)
15     -0.055   1.72e-01   1.04e-01  -1.85e-02  -3.65e-01   0.00e+00 (  1.16e+02,  1.29e+02)
20      0.054   1.59e-01   1.03e-01  -1.06e-02   4.11e-01   0.00e+00 (  1.01e+02,  1.54e+02)
25      0.067   1.80e-01   1.33e-01   1.04e-02   5.75e-01   0.00e+00 (  1.14e+02,  1.72e+02)
30      0.071   2.19e-01   1.65e-01  -2.86e-03   6.67e-01   0.00e+00 (  1.33e+02,  1.83e+02)
35      0.105   2.87e-01   2.72e-01   9.93e-02   1.08e+00   0.00e+00 (  1.51e+02,  1.86e+02)
40      0.099   2.96e-01   3.02e-01   1.09e-01   1.09e+00   0.00e+00 (  1.42e+02,  1.82e+02)
45      0.113   3.20e-01   3.49e-01   1.61e-01   1.32e+00   0.00e+00 (  1.37e+02,  1.71e+02)
50      0.127   3.51e-01   4.14e-01   1.94e-01   1.56e+00   0.00e+00 (  1.27e+02,  1.55e+02)
55      0.118   3.40e-01   4.22e-01   2.50e-01   1.51e+00   0.00e+00 (  1.07e+02,  1.37e+02)
60      0.135   3.57e-01   4.92e-01   3.20e-01   1.79e+00   0.00e+00 (  9.25e+01,  1.18e+02)
65      0.157   3.96e-01   6.02e-01   4.18e-01   2.16e+00   0.00e+00 (  8.79e+01,  1.02e+02)
70      0.167   3.93e-01   6.36e-01   4.83e-01   2.35e+00   0.00e+00 (  7.25e+01,  9.31e+01)
75      0.175   3.97e-01   6.74e-01   5.56e-01   2.51e+00   0.00e+00 (  6.33e+01,  8.72e+01)
80      0.183   3.85e-01   7.05e-01   6.05e-01   2.68e+00   0.00e+00 (  5.15e+01,  7.99e+01)
85      0.183   3.69e-01   6.76e-01   5.84e-01   2.71e+00   0.00e+00 (  3.82e+01,  6.93e+01)
90      0.208   4.31e-01   8.55e-01   7.37e-01   3.39e+00   0.00e+00 (  5.38e+01,  5.54e+01)
95      2.040   4.20e+00   5.57e+00   4.12e+00   1.31e+02   0.00e+00 (  2.32e+03,  4.04e+01)
12 e: 1.936e-04 i: 9.481e-05 :: e: 5.216e-02 i: 5.078e-02 :: n: 2.762e+01 e:22.580 i:31.329 v:4.993e+03
>>> tau_he = 5.000000, nhe(0)=3.459523e+00
 5     -0.023   1.25e-02   1.12e+00   6.14e-03  -1.01e-01   0.00e+00 (  5.58e+00,  4.95e+01)
10     -0.030   4.58e-02   3.26e-02   3.77e-03  -1.63e-01   0.00e+00 (  3.24e+01,  9.52e+01)
15     -0.051   1.75e-01   1.07e-01  -1.97e-02  -3.36e-01   0.00e+00 (  1.18e+02,  1.29e+02)
20      0.215   3.65e-01   3.54e-01   4.47e-02   1.63e+00   0.00e+00 (  2.34e+02,  1.54e+02)
25      0.139   2.94e-01   3.21e-01   7.80e-02   1.19e+00   0.00e+00 (  1.89e+02,  1.72e+02)
30      0.076   2.22e-01   1.71e-01  -4.63e-03   7.14e-01   0.00e+00 (  1.36e+02,  1.83e+02)
35      0.109   2.93e-01   2.80e-01   1.04e-01   1.12e+00   0.00e+00 (  1.55e+02,  1.86e+02)
40      0.101   3.02e-01   3.11e-01   1.12e-01   1.11e+00   0.00e+00 (  1.46e+02,  1.82e+02)
45      0.115   3.27e-01   3.61e-01   1.66e-01   1.35e+00   0.00e+00 (  1.41e+02,  1.71e+02)
50      0.130   3.59e-01   4.30e-01   2.00e-01   1.60e+00   0.00e+00 (  1.32e+02,  1.55e+02)
55      0.119   3.49e-01   4.36e-01   2.59e-01   1.53e+00   0.00e+00 (  1.12e+02,  1.37e+02)
60      0.136   3.67e-01   5.09e-01   3.30e-01   1.81e+00   0.00e+00 (  9.75e+01,  1.18e+02)
65      0.158   4.08e-01   6.18e-01   4.27e-01   2.16e+00   0.00e+00 (  9.25e+01,  1.02e+02)
70      0.167   4.04e-01   6.51e-01   4.92e-01   2.35e+00   0.00e+00 (  7.65e+01,  9.31e+01)
75      0.174   4.05e-01   6.85e-01   5.64e-01   2.50e+00   0.00e+00 (  6.63e+01,  8.72e+01)
80      0.181   3.89e-01   7.09e-01   6.08e-01   2.65e+00   0.00e+00 (  5.36e+01,  7.99e+01)
85      0.180   3.65e-01   6.77e-01   5.85e-01   2.68e+00   0.00e+00 (  3.91e+01,  6.93e+01)
90      0.206   4.29e-01   8.52e-01   7.35e-01   3.36e+00   0.00e+00 (  5.42e+01,  5.54e+01)
95      2.040   4.20e+00   5.57e+00   4.12e+00   1.31e+02   0.00e+00 (  2.32e+03,  4.04e+01)
13 e: 4.047e-04 i: 1.534e-03 :: e: 6.949e-02 i: 6.376e-02 :: n: 2.762e+01 e:22.371 i:31.333 v:4.993e+03
>>> tau_he = 5.000000, nhe(0)=3.459767e+00
 5     -0.023   1.25e-02   1.13e+00   6.09e-03  -1.01e-01   0.00e+00 (  5.58e+00,  4.95e+01)
10     -0.029   4.56e-02   3.17e-02   3.84e-03  -1.60e-01   0.00e+00 (  3.20e+01,  9.52e+01)
15     -0.038   1.74e-01   1.03e-01  -1.85e-02  -2.47e-01   0.00e+00 (  1.14e+02,  1.29e+02)
20      0.069   1.67e-01   1.12e-01  -8.97e-03   5.23e-01   0.00e+00 (  1.02e+02,  1.54e+02)
25      0.068   1.81e-01   1.29e-01   9.92e-03   5.81e-01   0.00e+00 (  1.13e+02,  1.72e+02)
30      0.076   2.22e-01   1.68e-01  -4.76e-03   7.15e-01   0.00e+00 (  1.35e+02,  1.83e+02)
35      0.109   2.93e-01   2.76e-01   1.00e-01   1.12e+00   0.00e+00 (  1.55e+02,  1.86e+02)
40      0.101   3.02e-01   3.05e-01   1.10e-01   1.12e+00   0.00e+00 (  1.45e+02,  1.82e+02)
45      0.114   3.23e-01   3.52e-01   1.59e-01   1.33e+00   0.00e+00 (  1.39e+02,  1.71e+02)
50      0.130   3.57e-01   4.19e-01   1.96e-01   1.60e+00   0.00e+00 (  1.31e+02,  1.55e+02)
55      0.120   3.48e-01   4.28e-01   2.54e-01   1.54e+00   0.00e+00 (  1.12e+02,  1.37e+02)
60      0.138   3.68e-01   5.05e-01   3.28e-01   1.83e+00   0.00e+00 (  9.78e+01,  1.18e+02)
65      0.162   4.08e-01   6.18e-01   4.30e-01   2.22e+00   0.00e+00 (  9.21e+01,  1.02e+02)
70      0.172   4.07e-01   6.59e-01   4.99e-01   2.42e+00   0.00e+00 (  7.70e+01,  9.31e+01)
75      0.180   4.11e-01   7.00e-01   5.75e-01   2.59e+00   0.00e+00 (  6.71e+01,  8.72e+01)
80      0.189   4.00e-01   7.34e-01   6.27e-01   2.77e+00   0.00e+00 (  5.48e+01,  7.99e+01)
85      0.189   3.80e-01   7.07e-01   6.09e-01   2.80e+00   0.00e+00 (  4.05e+01,  6.93e+01)
90      0.210   4.35e-01   8.67e-01   7.47e-01   3.42e+00   0.00e+00 (  5.48e+01,  5.54e+01)
95      2.040   4.20e+00   5.57e+00   4.12e+00   1.31e+02   0.00e+00 (  2.32e+03,  4.04e+01)
14 e: 1.908e-04 i: 8.354e-05 :: e: 3.500e-02 i: 3.120e-02 :: n: 2.762e+01 e:22.568 i:31.308 v:4.993e+03
>>> tau_he = 5.000000, nhe(0)=3.458492e+00
 5     -0.023   1.25e-02   1.15e+00   6.15e-03  -1.00e-01   0.00e+00 (  5.58e+00,  4.95e+01)
10     -0.024   4.08e-02   2.88e-02   3.75e-03  -1.34e-01   0.00e+00 (  2.86e+01,  9.52e+01)
15     -0.031   1.77e-01   1.05e-01  -1.93e-02  -2.05e-01   0.00e+00 (  1.15e+02,  1.29e+02)
20      0.071   1.72e-01   1.18e-01  -1.02e-02   5.36e-01   0.00e+00 (  1.06e+02,  1.54e+02)
25      0.070   1.84e-01   1.36e-01   1.04e-02   5.96e-01   0.00e+00 (  1.16e+02,  1.72e+02)
30      0.078   2.26e-01   1.73e-01  -6.58e-03   7.39e-01   0.00e+00 (  1.39e+02,  1.83e+02)
35      0.112   2.98e-01   2.85e-01   1.04e-01   1.15e+00   0.00e+00 (  1.59e+02,  1.86e+02)
40      0.104   3.07e-01   3.15e-01   1.13e-01   1.14e+00   0.00e+00 (  1.50e+02,  1.82e+02)
45      0.118   3.32e-01   3.64e-01   1.65e-01   1.37e+00   0.00e+00 (  1.44e+02,  1.71e+02)
50      0.133   3.66e-01   4.37e-01   2.02e-01   1.64e+00   0.00e+00 (  1.37e+02,  1.55e+02)
55      0.122   3.57e-01   4.44e-01   2.62e-01   1.56e+00   0.00e+00 (  1.17e+02,  1.37e+02)
60      0.139   3.80e-01   5.24e-01   3.38e-01   1.85e+00   0.00e+00 (  1.04e+02,  1.18e+02)
65      0.162   4.21e-01   6.37e-01   4.41e-01   2.22e+00   0.00e+00 (  9.75e+01,  1.02e+02)
70      0.171   4.20e-01   6.75e-01   5.09e-01   2.41e+00   0.00e+00 (  8.17e+01,  9.31e+01)
75      0.179   4.20e-01   7.12e-01   5.84e-01   2.57e+00   0.00e+00 (  7.06e+01,  8.72e+01)
80      0.187   4.05e-01   7.40e-01   6.31e-01   2.73e+00   0.00e+00 (  5.73e+01,  7.99e+01)
85      0.186   3.76e-01   7.09e-01   6.11e-01   2.77e+00   0.00e+00 (  4.18e+01,  6.93e+01)
90      0.208   4.33e-01   8.65e-01   7.45e-01   3.39e+00   0.00e+00 (  5.54e+01,  5.54e+01)
95      2.040   4.20e+00   5.57e+00   4.12e+00   1.31e+02   0.00e+00 (  2.32e+03,  4.04e+01)
15 e: 6.523e-05 i: 1.806e-04 :: e: 3.162e-02 i: 2.922e-02 :: n: 2.762e+01 e:22.441 i:31.608 v:4.993e+03
>>> tau_he = 5.000000, nhe(0)=3.473295e+00
 5     -0.023   1.28e-02   1.19e+00   6.09e-03  -1.01e-01   0.00e+00 (  5.67e+00,  4.95e+01)
10     -0.021   3.96e-02   2.29e-02   3.73e-03  -1.18e-01   0.00e+00 (  2.74e+01,  9.52e+01)
15     -0.059   1.77e-01   1.03e-01  -1.72e-02  -3.88e-01   0.00e+00 (  1.13e+02,  1.29e+02)
20      0.071   1.72e-01   1.17e-01  -9.78e-03   5.40e-01   0.00e+00 (  1.06e+02,  1.54e+02)
25      0.074   1.83e-01   1.35e-01   9.83e-03   6.30e-01   0.00e+00 (  1.15e+02,  1.72e+02)
30      0.078   2.25e-01   1.70e-01  -6.43e-03   7.37e-01   0.00e+00 (  1.37e+02,  1.83e+02)
35      0.109   2.96e-01   2.77e-01   9.99e-02   1.12e+00   0.00e+00 (  1.57e+02,  1.86e+02)
40      0.103   3.05e-01   3.06e-01   1.10e-01   1.13e+00   0.00e+00 (  1.47e+02,  1.82e+02)
45      0.114   3.26e-01   3.52e-01   1.57e-01   1.34e+00   0.00e+00 (  1.41e+02,  1.71e+02)
50      0.132   3.62e-01   4.22e-01   1.97e-01   1.62e+00   0.00e+00 (  1.34e+02,  1.55e+02)
55      0.122   3.54e-01   4.32e-01   2.56e-01   1.56e+00   0.00e+00 (  1.15e+02,  1.37e+02)
60      0.140   3.78e-01   5.15e-01   3.34e-01   1.86e+00   0.00e+00 (  1.03e+02,  1.18e+02)
65      0.165   4.18e-01   6.33e-01   4.40e-01   2.27e+00   0.00e+00 (  9.60e+01,  1.02e+02)
70      0.175   4.22e-01   6.78e-01   5.12e-01   2.47e+00   0.00e+00 (  8.16e+01,  9.31e+01)
75      0.185   4.25e-01   7.24e-01   5.93e-01   2.66e+00   0.00e+00 (  7.09e+01,  8.72e+01)
80      0.195   4.13e-01   7.62e-01   6.48e-01   2.85e+00   0.00e+00 (  5.82e+01,  7.99e+01)
85      0.194   3.90e-01   7.38e-01   6.34e-01   2.89e+00   0.00e+00 (  4.30e+01,  6.93e+01)
90      0.212   4.40e-01   8.80e-01   7.58e-01   3.45e+00   0.00e+00 (  5.61e+01,  5.54e+01)
95      2.040   4.20e+00   5.57e+00   4.12e+00   1.31e+02   0.00e+00 (  2.32e+03,  4.04e+01)
16 e: 1.959e-04 i: 8.166e-05 :: e: 2.478e-02 i: 2.898e-02 :: n: 2.762e+01 e:22.705 i:31.616 v:4.993e+03
>>> tau_he = 5.000000, nhe(0)=3.473874e+00
 5     -0.023   1.28e-02   1.22e+00   6.19e-03  -1.01e-01   0.00e+00 (  5.71e+00,  4.95e+01)
10     -0.014   3.82e-02   1.68e-02   4.24e-04  -7.56e-02   0.00e+00 (  2.67e+01,  9.52e+01)
15     -0.047   1.81e-01   1.08e-01  -1.80e-02  -3.06e-01   0.00e+00 (  1.16e+02,  1.29e+02)
20      0.062   1.65e-01   1.06e-01  -1.06e-02   4.75e-01   0.00e+00 (  1.03e+02,  1.54e+02)
25      0.074   1.87e-01   1.41e-01   4.84e-03   6.33e-01   0.00e+00 (  1.20e+02,  1.72e+02)
30      0.080   2.30e-01   1.76e-01  -9.17e-03   7.57e-01   0.00e+00 (  1.42e+02,  1.83e+02)
35      0.114   3.02e-01   2.87e-01   1.05e-01   1.17e+00   0.00e+00 (  1.61e+02,  1.86e+02)
40      0.105   3.10e-01   3.17e-01   1.13e-01   1.16e+00   0.00e+00 (  1.52e+02,  1.82e+02)
45      0.119   3.35e-01   3.65e-01   1.64e-01   1.39e+00   0.00e+00 (  1.46e+02,  1.71e+02)
50      0.135   3.71e-01   4.41e-01   2.04e-01   1.66e+00   0.00e+00 (  1.40e+02,  1.55e+02)
55      0.123   3.63e-01   4.49e-01   2.65e-01   1.58e+00   0.00e+00 (  1.21e+02,  1.37e+02)
60      0.141   3.89e-01   5.34e-01   3.43e-01   1.87e+00   0.00e+00 (  1.08e+02,  1.18e+02)
65      0.165   4.30e-01   6.50e-01   4.50e-01   2.27e+00   0.00e+00 (  1.01e+02,  1.02e+02)
70      0.174   4.32e-01   6.93e-01   5.22e-01   2.46e+00   0.00e+00 (  8.57e+01,  9.31e+01)
75      0.183   4.32e-01   7.33e-01   6.00e-01   2.63e+00   0.00e+00 (  7.40e+01,  8.72e+01)
80      0.191   4.17e-01   7.64e-01   6.49e-01   2.79e+00   0.00e+00 (  6.05e+01,  7.99e+01)
85      0.190   3.84e-01   7.35e-01   6.31e-01   2.83e+00   0.00e+00 (  4.40e+01,  6.93e+01)
90      0.210   4.37e-01   8.77e-01   7.56e-01   3.42e+00   0.00e+00 (  5.66e+01,  5.54e+01)
95      2.040   4.20e+00   5.57e+00   4.12e+00   1.31e+02   0.00e+00 (  2.32e+03,  4.04e+01)
17 e: 6.831e-05 i: 1.920e-04 :: e: 2.879e-02 i: 3.517e-02 :: n: 2.762e+01 e:22.557 i:31.948 v:4.993e+03
>>> tau_he = 5.000000, nhe(0)=3.489934e+00
 5     -0.023   1.31e-02   1.26e+00   6.11e-03  -1.02e-01   0.00e+00 (  5.81e+00,  4.95e+01)
10     -0.013   3.75e-02   1.20e-02   8.50e-04  -6.91e-02   0.00e+00 (  2.60e+01,  9.52e+01)
15     -0.052   1.82e-01   1.04e-01  -1.70e-02  -3.44e-01   0.00e+00 (  1.15e+02,  1.29e+02)
20      0.063   1.66e-01   1.06e-01  -1.03e-02   4.78e-01   0.00e+00 (  1.03e+02,  1.54e+02)
25      0.074   1.88e-01   1.39e-01   4.53e-03   6.37e-01   0.00e+00 (  1.21e+02,  1.72e+02)
30      0.080   2.29e-01   1.72e-01  -9.03e-03   7.54e-01   0.00e+00 (  1.40e+02,  1.83e+02)
35      0.110   3.00e-01   2.79e-01   1.00e-01   1.13e+00   0.00e+00 (  1.59e+02,  1.86e+02)
40      0.104   3.08e-01   3.08e-01   1.10e-01   1.14e+00   0.00e+00 (  1.49e+02,  1.82e+02)
45      0.116   3.29e-01   3.53e-01   1.56e-01   1.35e+00   0.00e+00 (  1.42e+02,  1.71e+02)
50      0.134   3.66e-01   4.25e-01   1.98e-01   1.64e+00   0.00e+00 (  1.36e+02,  1.55e+02)
55      0.123   3.59e-01   4.37e-01   2.58e-01   1.58e+00   0.00e+00 (  1.18e+02,  1.37e+02)
60      0.142   3.86e-01   5.24e-01   3.39e-01   1.89e+00   0.00e+00 (  1.06e+02,  1.18e+02)
65      0.168   4.25e-01   6.44e-01   4.47e-01   2.30e+00   0.00e+00 (  9.90e+01,  1.02e+02)
70      0.178   4.31e-01   6.93e-01   5.22e-01   2.51e+00   0.00e+00 (  8.48e+01,  9.31e+01)
75      0.188   4.35e-01   7.41e-01   6.06e-01   2.71e+00   0.00e+00 (  7.36e+01,  8.72e+01)
80      0.198   4.24e-01   7.83e-01   6.63e-01   2.90e+00   0.00e+00 (  6.07e+01,  7.99e+01)
85      0.199   3.98e-01   7.62e-01   6.53e-01   2.95e+00   0.00e+00 (  4.51e+01,  6.93e+01)
90      0.214   4.44e-01   8.92e-01   7.68e-01   3.48e+00   0.00e+00 (  5.72e+01,  5.54e+01)
95      2.040   4.20e+00   5.57e+00   4.12e+00   1.31e+02   0.00e+00 (  2.32e+03,  4.04e+01)
18 e: 1.881e-04 i: 8.617e-05 :: e: 2.283e-02 i: 3.200e-02 :: n: 2.762e+01 e:22.832 i:31.930 v:4.993e+03
>>> tau_he = 5.000000, nhe(0)=3.489293e+00
 5     -0.024   1.31e-02   1.29e+00   6.21e-03  -1.03e-01   0.00e+00 (  5.86e+00,  4.95e+01)
10     -0.012   3.66e-02   1.14e-02   8.29e-04  -6.87e-02   0.00e+00 (  2.56e+01,  9.52e+01)
15     -0.017   1.86e-01   1.09e-01  -1.93e-02  -1.12e-01   0.00e+00 (  1.18e+02,  1.29e+02)
20     -0.009   1.73e-01   1.17e-01  -1.17e-02  -7.13e-02   0.00e+00 (  1.10e+02,  1.54e+02)
25      0.145   3.10e-01   3.38e-01   8.53e-02   1.24e+00   0.00e+00 (  2.03e+02,  1.72e+02)
30      0.151   3.28e-01   3.12e-01   8.01e-02   1.42e+00   0.00e+00 (  2.03e+02,  1.83e+02)
35      0.115   3.05e-01   2.89e-01   1.05e-01   1.18e+00   0.00e+00 (  1.63e+02,  1.86e+02)
40      0.106   3.13e-01   3.19e-01   1.13e-01   1.17e+00   0.00e+00 (  1.54e+02,  1.82e+02)
45      0.120   3.38e-01   3.67e-01   1.64e-01   1.40e+00   0.00e+00 (  1.48e+02,  1.71e+02)
50      0.137   3.75e-01   4.46e-01   2.06e-01   1.69e+00   0.00e+00 (  1.42e+02,  1.55e+02)
55      0.174   4.32e-01   6.02e-01   3.25e-01   2.23e+00   0.00e+00 (  1.45e+02,  1.37e+02)
60      0.143   3.96e-01   5.43e-01   3.50e-01   1.90e+00   0.00e+00 (  1.12e+02,  1.18e+02)
65      0.167   4.37e-01   6.61e-01   4.57e-01   2.29e+00   0.00e+00 (  1.04e+02,  1.02e+02)
70      0.177   4.41e-01   7.06e-01   5.31e-01   2.49e+00   0.00e+00 (  8.88e+01,  9.31e+01)
75      0.185   4.41e-01   7.48e-01   6.11e-01   2.67e+00   0.00e+00 (  7.66e+01,  8.72e+01)
80      0.194   4.26e-01   7.80e-01   6.61e-01   2.83e+00   0.00e+00 (  6.29e+01,  7.99e+01)
85      0.193   3.91e-01   7.54e-01   6.46e-01   2.87e+00   0.00e+00 (  4.59e+01,  6.93e+01)
90      0.211   4.41e-01   8.87e-01   7.64e-01   3.44e+00   0.00e+00 (  5.76e+01,  5.54e+01)
95      2.040   4.20e+00   5.57e+00   4.12e+00   1.31e+02   0.00e+00 (  2.32e+03,  4.04e+01)
19 e: 2.894e-04 i: 8.642e-04 :: e: 5.912e-02 i: 7.280e-02 :: n: 2.762e+01 e:22.583 i:32.049 v:4.993e+03
>>> tau_he = 5.000000, nhe(0)=3.494985e+00
 5     -0.024   1.32e-02   1.30e+00   6.13e-03  -1.03e-01   0.00e+00 (  5.87e+00,  4.95e+01)
10     -0.014   3.60e-02   1.34e-02   1.49e-03  -7.45e-02   0.00e+00 (  2.51e+01,  9.52e+01)
15     -0.013   1.85e-01   1.07e-01  -1.88e-02  -8.30e-02   0.00e+00 (  1.15e+02,  1.29e+02)
20      0.211   3.80e-01   3.68e-01   4.05e-02   1.61e+00   0.00e+00 (  2.39e+02,  1.54e+02)
25      0.074   1.85e-01   1.35e-01   9.73e-03   6.35e-01   0.00e+00 (  1.17e+02,  1.72e+02)
30      0.078   2.24e-01   1.69e-01  -4.51e-04   7.35e-01   0.00e+00 (  1.35e+02,  1.83e+02)
35      0.114   3.02e-01   2.81e-01   1.01e-01   1.17e+00   0.00e+00 (  1.60e+02,  1.86e+02)
40      0.106   3.11e-01   3.11e-01   1.11e-01   1.17e+00   0.00e+00 (  1.51e+02,  1.82e+02)
45      0.118   3.32e-01   3.58e-01   1.57e-01   1.38e+00   0.00e+00 (  1.45e+02,  1.71e+02)
50      0.136   3.69e-01   4.30e-01   1.99e-01   1.67e+00   0.00e+00 (  1.38e+02,  1.55e+02)
55      0.122   3.59e-01   4.31e-01   2.56e-01   1.56e+00   0.00e+00 (  1.18e+02,  1.37e+02)
60      0.144   3.91e-01   5.29e-01   3.44e-01   1.91e+00   0.00e+00 (  1.09e+02,  1.18e+02)
65      0.171   4.33e-01   6.55e-01   4.55e-01   2.34e+00   0.00e+00 (  1.02e+02,  1.02e+02)
70      0.181   4.40e-01   7.06e-01   5.32e-01   2.55e+00   0.00e+00 (  8.77e+01,  9.31e+01)
75      0.192   4.43e-01   7.57e-01   6.17e-01   2.76e+00   0.00e+00 (  7.60e+01,  8.72e+01)
80      0.202   4.33e-01   7.98e-01   6.82e-01   2.95e+00   0.00e+00 (  6.30e+01,  7.99e+01)
85      0.202   4.05e-01   7.82e-01   6.69e-01   3.00e+00   0.00e+00 (  4.70e+01,  6.93e+01)
90      0.215   4.48e-01   9.03e-01   7.77e-01   3.51e+00   0.00e+00 (  5.82e+01,  5.54e+01)
95      2.040   4.20e+00   5.57e+00   4.12e+00   1.31e+02   0.00e+00 (  2.32e+03,  4.04e+01)
20 e: 4.520e-04 i: 1.520e-03 :: e: 4.825e-02 i: 5.495e-02 :: n: 2.762e+01 e:22.726 i:31.715 v:4.993e+03
>>> tau_he = 5.000000, nhe(0)=3.479014e+00
 5     -0.023   1.30e-02   1.30e+00   6.22e-03  -1.01e-01   0.00e+00 (  5.78e+00,  4.95e+01)
10     -0.013   3.76e-02   1.10e-02   9.62e-04  -7.15e-02   0.00e+00 (  2.64e+01,  9.52e+01)
15     -0.008   1.84e-01   1.08e-01  -1.97e-02  -5.38e-02   0.00e+00 (  1.14e+02,  1.29e+02)
20      0.057   1.76e-01   1.20e-01  -1.32e-02   4.37e-01   0.00e+00 (  1.07e+02,  1.54e+02)
25      0.076   1.87e-01   1.39e-01   1.01e-02   6.51e-01   0.00e+00 (  1.19e+02,  1.72e+02)
30      0.081   2.29e-01   1.75e-01  -4.75e-03   7.63e-01   0.00e+00 (  1.39e+02,  1.83e+02)
35      0.117   3.07e-01   2.91e-01   1.06e-01   1.20e+00   0.00e+00 (  1.64e+02,  1.86e+02)
40      0.109   3.16e-01   3.23e-01   1.14e-01   1.20e+00   0.00e+00 (  1.56e+02,  1.82e+02)
45      0.121   3.39e-01   3.73e-01   1.65e-01   1.42e+00   0.00e+00 (  1.50e+02,  1.71e+02)
50      0.140   3.79e-01   4.51e-01   2.07e-01   1.72e+00   0.00e+00 (  1.44e+02,  1.55e+02)
55      0.172   4.33e-01   5.98e-01   3.23e-01   2.21e+00   0.00e+00 (  1.45e+02,  1.37e+02)
60      0.145   4.01e-01   5.50e-01   3.54e-01   1.92e+00   0.00e+00 (  1.14e+02,  1.18e+02)
65      0.170   4.45e-01   6.72e-01   4.64e-01   2.33e+00   0.00e+00 (  1.07e+02,  1.02e+02)
70      0.179   4.49e-01   7.20e-01   5.41e-01   2.52e+00   0.00e+00 (  9.16e+01,  9.31e+01)
75      0.188   4.49e-01   7.63e-01   6.22e-01   2.71e+00   0.00e+00 (  7.89e+01,  8.72e+01)
80      0.196   4.34e-01   7.96e-01   6.73e-01   2.87e+00   0.00e+00 (  6.50e+01,  7.99e+01)
85      0.196   3.97e-01   7.72e-01   6.61e-01   2.91e+00   0.00e+00 (  4.77e+01,  6.93e+01)
90      0.212   4.44e-01   8.97e-01   7.72e-01   3.46e+00   0.00e+00 (  5.86e+01,  5.54e+01)
95      2.040   4.20e+00   5.57e+00   4.12e+00   1.31e+02   0.00e+00 (  2.32e+03,  4.04e+01)
21 e: 1.310e-04 i: 1.365e-04 :: e: 3.774e-02 i: 5.384e-02 :: n: 2.762e+01 e:22.482 i:31.919 v:4.993e+03
>>> tau_he = 5.000000, nhe(0)=3.488641e+00
 5     -0.023   1.32e-02   1.34e+00   5.74e-03  -9.81e-02   0.00e+00 (  5.82e+00,  4.95e+01)
10     -0.010   3.73e-02   1.36e-02   3.51e-03  -5.59e-02   0.00e+00 (  2.58e+01,  9.52e+01)
15     -0.033   1.83e-01   1.04e-01  -1.70e-02  -2.18e-01   0.00e+00 (  1.11e+02,  1.29e+02)
20      0.058   1.75e-01   1.17e-01  -1.24e-02   4.45e-01   0.00e+00 (  1.06e+02,  1.54e+02)
25      0.077   1.87e-01   1.37e-01   9.86e-03   6.55e-01   0.00e+00 (  1.18e+02,  1.72e+02)
30      0.080   2.27e-01   1.71e-01  -3.68e-03   7.58e-01   0.00e+00 (  1.37e+02,  1.83e+02)
35      0.115   3.03e-01   2.82e-01   1.01e-01   1.18e+00   0.00e+00 (  1.60e+02,  1.86e+02)
40      0.107   3.12e-01   3.12e-01   1.11e-01   1.18e+00   0.00e+00 (  1.51e+02,  1.82e+02)
45      0.119   3.33e-01   3.59e-01   1.57e-01   1.39e+00   0.00e+00 (  1.45e+02,  1.71e+02)
50      0.137   3.71e-01   4.31e-01   2.00e-01   1.68e+00   0.00e+00 (  1.39e+02,  1.55e+02)
55      0.120   3.58e-01   4.27e-01   2.54e-01   1.54e+00   0.00e+00 (  1.18e+02,  1.37e+02)
60      0.144   3.94e-01   5.32e-01   3.43e-01   1.91e+00   0.00e+00 (  1.11e+02,  1.18e+02)
65      0.171   4.37e-01   6.61e-01   4.59e-01   2.35e+00   0.00e+00 (  1.04e+02,  1.02e+02)
70      0.182   4.45e-01   7.14e-01   5.37e-01   2.57e+00   0.00e+00 (  8.95e+01,  9.31e+01)
75      0.193   4.48e-01   7.66e-01   6.23e-01   2.78e+00   0.00e+00 (  7.74e+01,  8.72e+01)
80      0.204   4.38e-01   8.08e-01   6.90e-01   2.98e+00   0.00e+00 (  6.45e+01,  7.99e+01)
85      0.204   4.08e-01   7.94e-01   6.78e-01   3.03e+00   0.00e+00 (  4.82e+01,  6.93e+01)
90      0.217   4.50e-01   9.11e-01   7.83e-01   3.53e+00   0.00e+00 (  5.89e+01,  5.54e+01)
95      2.040   4.20e+00   5.57e+00   4.12e+00   1.31e+02   0.00e+00 (  2.32e+03,  4.04e+01)
22 e: 1.412e-04 i: 7.674e-05 :: e: 2.551e-02 i: 3.721e-02 :: n: 2.762e+01 e:22.726 i:31.785 v:4.993e+03
>>> tau_he = 5.000000, nhe(0)=3.482300e+00
 5     -0.023   1.30e-02   1.36e+00   6.21e-03  -1.00e-01   0.00e+00 (  5.78e+00,  4.95e+01)
10     -0.009   3.64e-02   1.20e-02   3.91e-03  -5.02e-02   0.00e+00 (  2.54e+01,  9.52e+01)
15     -0.034   1.86e-01   1.07e-01  -1.87e-02  -2.21e-01   0.00e+00 (  1.13e+02,  1.29e+02)
20      0.048   1.66e-01   1.06e-01  -1.37e-02   3.66e-01   0.00e+00 (  1.02e+02,  1.54e+02)
25      0.076   1.89e-01   1.43e-01   6.76e-03   6.51e-01   0.00e+00 (  1.22e+02,  1.72e+02)
30      0.082   2.30e-01   1.76e-01  -6.79e-03   7.71e-01   0.00e+00 (  1.41e+02,  1.83e+02)
35      0.117   3.07e-01   2.90e-01   1.06e-01   1.20e+00   0.00e+00 (  1.63e+02,  1.86e+02)
40      0.109   3.16e-01   3.23e-01   1.14e-01   1.20e+00   0.00e+00 (  1.55e+02,  1.82e+02)
45      0.121   3.39e-01   3.73e-01   1.65e-01   1.42e+00   0.00e+00 (  1.49e+02,  1.71e+02)
50      0.140   3.78e-01   4.51e-01   2.07e-01   1.71e+00   0.00e+00 (  1.44e+02,  1.55e+02)
55      0.122   3.66e-01   4.45e-01   2.65e-01   1.57e+00   0.00e+00 (  1.23e+02,  1.37e+02)
60      0.144   4.01e-01   5.49e-01   3.53e-01   1.91e+00   0.00e+00 (  1.15e+02,  1.18e+02)
65      0.170   4.46e-01   6.74e-01   4.65e-01   2.33e+00   0.00e+00 (  1.08e+02,  1.02e+02)
70      0.179   4.51e-01   7.22e-01   5.42e-01   2.53e+00   0.00e+00 (  9.23e+01,  9.31e+01)
75      0.189   4.51e-01   7.66e-01   6.24e-01   2.72e+00   0.00e+00 (  7.94e+01,  8.72e+01)
80      0.197   4.37e-01   8.00e-01   6.76e-01   2.88e+00   0.00e+00 (  6.57e+01,  7.99e+01)
85      0.197   3.99e-01   7.78e-01   6.66e-01   2.92e+00   0.00e+00 (  4.85e+01,  6.93e+01)
90      0.213   4.46e-01   9.02e-01   7.76e-01   3.47e+00   0.00e+00 (  5.91e+01,  5.54e+01)
95      2.040   4.20e+00   5.57e+00   4.12e+00   1.31e+02   0.00e+00 (  2.32e+03,  4.04e+01)
23 e: 1.320e-04 i: 1.268e-04 :: e: 2.564e-02 i: 3.773e-02 :: n: 2.762e+01 e:22.497 i:32.038 v:4.993e+03
>>> tau_he = 5.000000, nhe(0)=3.494352e+00
 5     -0.023   1.34e-02   1.39e+00   5.74e-03  -9.81e-02   0.00e+00 (  5.87e+00,  4.95e+01)
10     -0.007   3.67e-02   5.64e-03   4.11e-03  -4.09e-02   0.00e+00 (  2.54e+01,  9.52e+01)
15     -0.029   1.85e-01   1.04e-01  -1.66e-02  -1.93e-01   0.00e+00 (  1.11e+02,  1.29e+02)
20      0.048   1.66e-01   1.05e-01  -1.33e-02   3.62e-01   0.00e+00 (  1.01e+02,  1.54e+02)
25      0.076   1.89e-01   1.40e-01   7.31e-03   6.51e-01   0.00e+00 (  1.21e+02,  1.72e+02)
30      0.081   2.28e-01   1.72e-01  -5.85e-03   7.63e-01   0.00e+00 (  1.38e+02,  1.83e+02)
35      0.113   3.02e-01   2.80e-01   1.00e-01   1.16e+00   0.00e+00 (  1.59e+02,  1.86e+02)
40      0.107   3.11e-01   3.11e-01   1.10e-01   1.17e+00   0.00e+00 (  1.50e+02,  1.82e+02)
45      0.118   3.32e-01   3.57e-01   1.56e-01   1.38e+00   0.00e+00 (  1.44e+02,  1.71e+02)
50      0.137   3.70e-01   4.31e-01   2.00e-01   1.68e+00   0.00e+00 (  1.38e+02,  1.55e+02)
55      0.122   3.59e-01   4.32e-01   2.57e-01   1.56e+00   0.00e+00 (  1.18e+02,  1.37e+02)
60      0.144   3.95e-01   5.33e-01   3.44e-01   1.91e+00   0.00e+00 (  1.11e+02,  1.18e+02)
65      0.171   4.36e-01   6.58e-01   4.57e-01   2.34e+00   0.00e+00 (  1.03e+02,  1.02e+02)
70      0.182   4.44e-01   7.11e-01   5.35e-01   2.56e+00   0.00e+00 (  8.90e+01,  9.31e+01)
75      0.193   4.47e-01   7.63e-01   6.21e-01   2.78e+00   0.00e+00 (  7.69e+01,  8.72e+01)
80      0.203   4.37e-01   8.06e-01   6.88e-01   2.97e+00   0.00e+00 (  6.42e+01,  7.99e+01)
85      0.203   4.08e-01   7.93e-01   6.78e-01   3.02e+00   0.00e+00 (  4.84e+01,  6.93e+01)
90      0.217   4.51e-01   9.13e-01   7.85e-01   3.53e+00   0.00e+00 (  5.92e+01,  5.54e+01)
95      2.040   4.20e+00   5.57e+00   4.12e+00   1.31e+02   0.00e+00 (  2.32e+03,  4.04e+01)
24 e: 1.476e-04 i: 8.366e-05 :: e: 2.027e-02 i: 3.064e-02 :: n: 2.762e+01 e:22.759 i:31.896 v:4.993e+03
>>> tau_he = 5.000000, nhe(0)=3.487737e+00
 5     -0.023   1.32e-02   1.42e+00   6.22e-03  -1.00e-01   0.00e+00 (  5.83e+00,  4.95e+01)
10     -0.008   3.58e-02   3.59e-03   4.04e-03  -4.19e-02   0.00e+00 (  2.50e+01,  9.52e+01)
15     -0.030   1.88e-01   1.09e-01  -1.87e-02  -1.96e-01   0.00e+00 (  1.14e+02,  1.29e+02)
20     -0.003   1.74e-01   1.16e-01  -1.13e-02  -1.96e-02   0.00e+00 (  1.08e+02,  1.54e+02)
25      0.146   3.11e-01   3.39e-01   8.52e-02   1.25e+00   0.00e+00 (  2.03e+02,  1.72e+02)
30      0.082   2.32e-01   1.78e-01  -8.72e-03   7.76e-01   0.00e+00 (  1.42e+02,  1.83e+02)
35      0.117   3.06e-01   2.90e-01   1.06e-01   1.20e+00   0.00e+00 (  1.63e+02,  1.86e+02)
40      0.108   3.15e-01   3.22e-01   1.14e-01   1.19e+00   0.00e+00 (  1.54e+02,  1.82e+02)
45      0.121   3.38e-01   3.73e-01   1.65e-01   1.41e+00   0.00e+00 (  1.48e+02,  1.71e+02)
50      0.140   3.78e-01   4.52e-01   2.08e-01   1.72e+00   0.00e+00 (  1.43e+02,  1.55e+02)
55      0.172   4.32e-01   5.97e-01   3.23e-01   2.20e+00   0.00e+00 (  1.45e+02,  1.37e+02)
60      0.144   4.02e-01   5.50e-01   3.54e-01   1.91e+00   0.00e+00 (  1.15e+02,  1.18e+02)
65      0.168   4.45e-01   6.71e-01   4.63e-01   2.31e+00   0.00e+00 (  1.07e+02,  1.02e+02)
70      0.178   4.48e-01   7.17e-01   5.39e-01   2.51e+00   0.00e+00 (  9.16e+01,  9.31e+01)
75      0.188   4.48e-01   7.61e-01   6.20e-01   2.70e+00   0.00e+00 (  7.86e+01,  8.72e+01)
80      0.196   4.34e-01   7.94e-01   6.72e-01   2.86e+00   0.00e+00 (  6.51e+01,  7.99e+01)
85      0.196   3.97e-01   7.74e-01   6.62e-01   2.90e+00   0.00e+00 (  4.83e+01,  6.93e+01)
90      0.213   4.46e-01   9.02e-01   7.76e-01   3.47e+00   0.00e+00 (  5.91e+01,  5.54e+01)
95      2.040   4.20e+00   5.57e+00   4.12e+00   1.31e+02   0.00e+00 (  2.32e+03,  4.04e+01)
25 e: 2.472e-04 i: 5.248e-04 :: e: 3.961e-02 i: 5.240e-02 :: n: 2.762e+01 e:22.465 i:32.009 v:4.993e+03
>>> tau_he = 5.000000, nhe(0)=3.493043e+00
 5     -0.022   1.34e-02   1.43e+00   5.76e-03  -9.77e-02   0.00e+00 (  5.87e+00,  4.95e+01)
10     -0.008   3.73e-02   2.65e-03   4.20e-03  -4.17e-02   0.00e+00 (  2.58e+01,  9.52e+01)
15     -0.027   1.86e-01   1.06e-01  -1.76e-02  -1.75e-01   0.00e+00 (  1.12e+02,  1.29e+02)
20     -0.002   1.70e-01   1.12e-01  -1.06e-02  -1.54e-02   0.00e+00 (  1.05e+02,  1.54e+02)
25      0.075   1.85e-01   1.35e-01   9.72e-03   6.41e-01   0.00e+00 (  1.17e+02,  1.72e+02)
30      0.080   2.27e-01   1.71e-01  -5.69e-03   7.60e-01   0.00e+00 (  1.38e+02,  1.83e+02)
35      0.113   3.02e-01   2.80e-01   1.00e-01   1.16e+00   0.00e+00 (  1.59e+02,  1.86e+02)
40      0.107   3.10e-01   3.11e-01   1.11e-01   1.18e+00   0.00e+00 (  1.50e+02,  1.82e+02)
45      0.119   3.31e-01   3.58e-01   1.58e-01   1.39e+00   0.00e+00 (  1.43e+02,  1.71e+02)
50      0.137   3.69e-01   4.31e-01   2.00e-01   1.68e+00   0.00e+00 (  1.37e+02,  1.55e+02)
55      0.120   3.56e-01   4.26e-01   2.53e-01   1.53e+00   0.00e+00 (  1.16e+02,  1.37e+02)
60      0.143   3.93e-01   5.30e-01   3.43e-01   1.91e+00   0.00e+00 (  1.10e+02,  1.18e+02)
65      0.170   4.35e-01   6.56e-01   4.56e-01   2.34e+00   0.00e+00 (  1.03e+02,  1.02e+02)
70      0.181   4.42e-01   7.08e-01   5.33e-01   2.55e+00   0.00e+00 (  8.84e+01,  9.31e+01)
75      0.193   4.44e-01   7.59e-01   6.19e-01   2.77e+00   0.00e+00 (  7.61e+01,  8.72e+01)
80      0.202   4.35e-01   8.02e-01   6.85e-01   2.96e+00   0.00e+00 (  6.36e+01,  7.99e+01)
85      0.203   4.07e-01   7.90e-01   6.75e-01   3.01e+00   0.00e+00 (  4.81e+01,  6.93e+01)
90      0.217   4.51e-01   9.13e-01   7.85e-01   3.54e+00   0.00e+00 (  5.91e+01,  5.54e+01)
95      2.040   4.20e+00   5.57e+00   4.12e+00   1.31e+02   0.00e+00 (  2.32e+03,  4.04e+01)
26 e: 1.203e-04 i: 9.910e-05 :: e: 1.836e-02 i: 2.801e-02 :: n: 2.762e+01 e:22.695 i:31.795 v:4.993e+03
>>> tau_he = 5.000000, nhe(0)=3.482857e+00
 5     -0.023   1.31e-02   1.45e+00   6.22e-03  -9.94e-02   0.00e+00 (  5.79e+00,  4.95e+01)
10     -0.008   3.62e-02   2.40e-03   4.31e-03  -4.19e-02   0.00e+00 (  2.53e+01,  9.52e+01)
15      0.004   1.88e-01   1.09e-01  -1.98e-02   2.56e-02   0.00e+00 (  1.14e+02,  1.29e+02)
20      0.226   3.88e-01   3.77e-01   4.60e-02   1.72e+00   0.00e+00 (  2.42e+02,  1.54e+02)
25      0.075   1.88e-01   1.41e-01   1.03e-02   6.42e-01   0.00e+00 (  1.20e+02,  1.72e+02)
30      0.082   2.30e-01   1.77e-01  -7.90e-03   7.76e-01   0.00e+00 (  1.41e+02,  1.83e+02)
35      0.117   3.05e-01   2.90e-01   1.06e-01   1.20e+00   0.00e+00 (  1.62e+02,  1.86e+02)
40      0.108   3.14e-01   3.23e-01   1.14e-01   1.19e+00   0.00e+00 (  1.54e+02,  1.82e+02)
45      0.121   3.39e-01   3.74e-01   1.66e-01   1.42e+00   0.00e+00 (  1.48e+02,  1.71e+02)
50      0.140   3.77e-01   4.52e-01   2.08e-01   1.71e+00   0.00e+00 (  1.42e+02,  1.55e+02)
55      0.122   3.65e-01   4.45e-01   2.64e-01   1.56e+00   0.00e+00 (  1.21e+02,  1.37e+02)
60      0.143   4.00e-01   5.48e-01   3.53e-01   1.90e+00   0.00e+00 (  1.14e+02,  1.18e+02)
65      0.168   4.44e-01   6.69e-01   4.62e-01   2.30e+00   0.00e+00 (  1.07e+02,  1.02e+02)
70      0.177   4.47e-01   7.14e-01   5.37e-01   2.50e+00   0.00e+00 (  9.10e+01,  9.31e+01)
75      0.187   4.45e-01   7.56e-01   6.17e-01   2.69e+00   0.00e+00 (  7.78e+01,  8.72e+01)
80      0.194   4.31e-01   7.89e-01   6.68e-01   2.85e+00   0.00e+00 (  6.44e+01,  7.99e+01)
85      0.194   3.95e-01   7.68e-01   6.58e-01   2.89e+00   0.00e+00 (  4.80e+01,  6.93e+01)
90      0.213   4.45e-01   9.01e-01   7.75e-01   3.47e+00   0.00e+00 (  5.90e+01,  5.54e+01)
95      2.040   4.20e+00   5.57e+00   4.12e+00   1.31e+02   0.00e+00 (  2.32e+03,  4.04e+01)
27 e: 5.769e-04 i: 1.399e-03 :: e: 4.073e-02 i: 4.338e-02 :: n: 2.762e+01 e:22.346 i:31.811 v:4.993e+03
>>> tau_he = 5.000000, nhe(0)=3.483495e+00
 5     -0.023   1.31e-02   1.47e+00   6.10e-03  -9.88e-02   0.00e+00 (  5.75e+00,  4.95e+01)
10     -0.009   3.98e-02   1.52e-03   4.55e-03  -4.97e-02   0.00e+00 (  2.76e+01,  9.52e+01)
15     -0.021   1.83e-01   1.02e-01  -1.64e-02  -1.39e-01   0.00e+00 (  1.08e+02,  1.29e+02)
20      0.060   1.73e-01   1.14e-01  -1.15e-02   4.58e-01   0.00e+00 (  1.03e+02,  1.54e+02)
25      0.076   1.86e-01   1.36e-01   9.76e-03   6.48e-01   0.00e+00 (  1.18e+02,  1.72e+02)
30      0.081   2.28e-01   1.72e-01  -7.79e-03   7.69e-01   0.00e+00 (  1.38e+02,  1.83e+02)
35      0.113   3.00e-01   2.79e-01   9.97e-02   1.16e+00   0.00e+00 (  1.57e+02,  1.86e+02)
40      0.106   3.09e-01   3.09e-01   1.10e-01   1.17e+00   0.00e+00 (  1.49e+02,  1.82e+02)
45      0.118   3.30e-01   3.56e-01   1.57e-01   1.38e+00   0.00e+00 (  1.42e+02,  1.71e+02)
50      0.137   3.67e-01   4.29e-01   1.99e-01   1.68e+00   0.00e+00 (  1.36e+02,  1.55e+02)
55      0.122   3.56e-01   4.30e-01   2.55e-01   1.56e+00   0.00e+00 (  1.17e+02,  1.37e+02)
60      0.143   3.91e-01   5.29e-01   3.44e-01   1.90e+00   0.00e+00 (  1.09e+02,  1.18e+02)
65      0.169   4.32e-01   6.51e-01   4.52e-01   2.32e+00   0.00e+00 (  1.02e+02,  1.02e+02)
70      0.180   4.38e-01   7.02e-01   5.29e-01   2.54e+00   0.00e+00 (  8.72e+01,  9.31e+01)
75      0.191   4.40e-01   7.53e-01   6.14e-01   2.75e+00   0.00e+00 (  7.49e+01,  8.72e+01)
80      0.201   4.32e-01   7.95e-01   6.80e-01   2.94e+00   0.00e+00 (  6.27e+01,  7.99e+01)
85      0.202   4.04e-01   7.84e-01   6.70e-01   2.99e+00   0.00e+00 (  4.76e+01,  6.93e+01)
90      0.217   4.51e-01   9.12e-01   7.84e-01   3.53e+00   0.00e+00 (  5.89e+01,  5.54e+01)
95      2.040   4.20e+00   5.57e+00   4.12e+00   1.31e+02   0.00e+00 (  2.32e+03,  4.04e+01)
28 e: 1.531e-04 i: 9.689e-05 :: e: 1.581e-02 i: 2.332e-02 :: n: 2.762e+01 e:22.602 i:31.562 v:4.993e+03
>>> tau_he = 5.000000, nhe(0)=3.471359e+00
 5     -0.022   1.29e-02   1.49e+00   6.21e-03  -9.75e-02   0.00e+00 (  5.69e+00,  4.95e+01)
10     -0.008   3.60e-02   1.98e-03   4.49e-03  -4.18e-02   0.00e+00 (  2.50e+01,  9.52e+01)
15     -0.021   1.85e-01   1.06e-01  -1.84e-02  -1.35e-01   0.00e+00 (  1.10e+02,  1.29e+02)
20      0.060   1.77e-01   1.21e-01  -1.34e-02   4.54e-01   0.00e+00 (  1.06e+02,  1.54e+02)
25      0.076   1.88e-01   1.42e-01   5.88e-03   6.47e-01   0.00e+00 (  1.21e+02,  1.72e+02)
30      0.083   2.31e-01   1.78e-01  -9.64e-03   7.83e-01   0.00e+00 (  1.42e+02,  1.83e+02)
35      0.116   3.04e-01   2.90e-01   1.06e-01   1.20e+00   0.00e+00 (  1.62e+02,  1.86e+02)
40      0.108   3.13e-01   3.23e-01   1.14e-01   1.19e+00   0.00e+00 (  1.53e+02,  1.82e+02)
45      0.121   3.38e-01   3.73e-01   1.67e-01   1.41e+00   0.00e+00 (  1.48e+02,  1.71e+02)
50      0.140   3.77e-01   4.53e-01   2.08e-01   1.72e+00   0.00e+00 (  1.42e+02,  1.55e+02)
55      0.123   3.66e-01   4.50e-01   2.67e-01   1.58e+00   0.00e+00 (  1.22e+02,  1.37e+02)
60      0.142   4.00e-01   5.48e-01   3.53e-01   1.89e+00   0.00e+00 (  1.14e+02,  1.18e+02)
65      0.167   4.41e-01   6.66e-01   4.60e-01   2.29e+00   0.00e+00 (  1.06e+02,  1.02e+02)
70      0.176   4.44e-01   7.10e-01   5.34e-01   2.48e+00   0.00e+00 (  9.02e+01,  9.31e+01)
75      0.185   4.42e-01   7.50e-01   6.12e-01   2.67e+00   0.00e+00 (  7.69e+01,  8.72e+01)
80      0.193   4.27e-01   7.81e-01   6.62e-01   2.82e+00   0.00e+00 (  6.36e+01,  7.99e+01)
85      0.193   3.91e-01   7.60e-01   6.51e-01   2.86e+00   0.00e+00 (  4.74e+01,  6.93e+01)
90      0.212   4.44e-01   8.98e-01   7.73e-01   3.46e+00   0.00e+00 (  5.88e+01,  5.54e+01)
95      2.040   4.20e+00   5.57e+00   4.12e+00   1.31e+02   0.00e+00 (  2.32e+03,  4.04e+01)
29 e: 2.099e-04 i: 1.137e-04 :: e: 1.545e-02 i: 1.937e-02 :: n: 2.762e+01 e:22.300 i:31.806 v:4.993e+03
>>> tau_he = 5.000000, nhe(0)=3.483079e+00
 5     -0.022   1.32e-02   1.53e+00   5.74e-03  -9.51e-02   0.00e+00 (  5.76e+00,  4.95e+01)
10     -0.008   3.74e-02   2.57e-03   5.38e-03  -4.38e-02   0.00e+00 (  2.58e+01,  9.52e+01)
15     -0.018   1.83e-01   1.01e-01  -1.58e-02  -1.16e-01   0.00e+00 (  1.07e+02,  1.29e+02)
20      0.059   1.75e-01   1.17e-01  -1.24e-02   4.51e-01   0.00e+00 (  1.05e+02,  1.54e+02)
25      0.075   1.87e-01   1.38e-01   9.93e-03   6.46e-01   0.00e+00 (  1.19e+02,  1.72e+02)
30      0.081   2.27e-01   1.71e-01  -7.77e-03   7.67e-01   0.00e+00 (  1.38e+02,  1.83e+02)
35      0.111   2.98e-01   2.77e-01   9.93e-02   1.14e+00   0.00e+00 (  1.56e+02,  1.86e+02)
40      0.105   3.07e-01   3.07e-01   1.10e-01   1.16e+00   0.00e+00 (  1.47e+02,  1.82e+02)
45      0.117   3.27e-01   3.53e-01   1.56e-01   1.37e+00   0.00e+00 (  1.40e+02,  1.71e+02)
50      0.136   3.65e-01   4.27e-01   1.99e-01   1.67e+00   0.00e+00 (  1.35e+02,  1.55e+02)
55      0.122   3.56e-01   4.32e-01   2.57e-01   1.57e+00   0.00e+00 (  1.17e+02,  1.37e+02)
60      0.142   3.90e-01   5.26e-01   3.39e-01   1.89e+00   0.00e+00 (  1.08e+02,  1.18e+02)
65      0.168   4.28e-01   6.46e-01   4.49e-01   2.31e+00   0.00e+00 (  1.00e+02,  1.02e+02)
70      0.179   4.35e-01   6.96e-01   5.25e-01   2.52e+00   0.00e+00 (  8.60e+01,  9.31e+01)
75      0.190   4.36e-01   7.46e-01   6.09e-01   2.74e+00   0.00e+00 (  7.38e+01,  8.72e+01)
80      0.200   4.28e-01   7.88e-01   6.75e-01   2.93e+00   0.00e+00 (  6.17e+01,  7.99e+01)
85      0.200   4.02e-01   7.77e-01   6.65e-01   2.98e+00   0.00e+00 (  4.70e+01,  6.93e+01)
90      0.217   4.50e-01   9.09e-01   7.82e-01   3.53e+00   0.00e+00 (  5.87e+01,  5.54e+01)
95      2.040   4.20e+00   5.57e+00   4.12e+00   1.31e+02   0.00e+00 (  2.32e+03,  4.04e+01)
30 e: 1.930e-04 i: 9.002e-05 :: e: 1.416e-02 i: 1.957e-02 :: n: 2.762e+01 e:22.612 i:31.566 v:4.993e+03
>>> tau_he = 5.000000, nhe(0)=3.471578e+00
 5     -0.023   1.29e-02   1.55e+00   6.11e-03  -9.80e-02   0.00e+00 (  5.70e+00,  4.95e+01)
10     -0.008   3.65e-02   2.39e-03   5.53e-03  -4.49e-02   0.00e+00 (  2.54e+01,  9.52e+01)
15     -0.020   1.86e-01   1.06e-01  -1.83e-02  -1.30e-01   0.00e+00 (  1.10e+02,  1.29e+02)
20      0.049   1.66e-01   1.07e-01  -1.41e-02   3.69e-01   0.00e+00 (  1.01e+02,  1.54e+02)
25      0.145   3.08e-01   3.35e-01   8.40e-02   1.24e+00   0.00e+00 (  2.00e+02,  1.72e+02)
30      0.151   3.25e-01   3.11e-01   8.07e-02   1.43e+00   0.00e+00 (  2.00e+02,  1.83e+02)
35      0.116   3.03e-01   2.89e-01   1.06e-01   1.19e+00   0.00e+00 (  1.61e+02,  1.86e+02)
40      0.107   3.12e-01   3.22e-01   1.14e-01   1.18e+00   0.00e+00 (  1.52e+02,  1.82e+02)
45      0.120   3.36e-01   3.72e-01   1.67e-01   1.40e+00   0.00e+00 (  1.47e+02,  1.71e+02)
50      0.139   3.75e-01   4.52e-01   2.08e-01   1.71e+00   0.00e+00 (  1.41e+02,  1.55e+02)
55      0.172   4.30e-01   6.00e-01   3.24e-01   2.20e+00   0.00e+00 (  1.43e+02,  1.37e+02)
60      0.141   3.98e-01   5.46e-01   3.51e-01   1.88e+00   0.00e+00 (  1.13e+02,  1.18e+02)
65      0.165   4.38e-01   6.61e-01   4.56e-01   2.27e+00   0.00e+00 (  1.05e+02,  1.02e+02)
70      0.175   4.40e-01   7.04e-01   5.30e-01   2.46e+00   0.00e+00 (  8.92e+01,  9.31e+01)
75      0.184   4.38e-01   7.43e-01   6.07e-01   2.64e+00   0.00e+00 (  7.58e+01,  8.72e+01)
80      0.191   4.23e-01   7.73e-01   6.56e-01   2.80e+00   0.00e+00 (  6.26e+01,  7.99e+01)
85      0.191   3.88e-01   7.52e-01   6.44e-01   2.83e+00   0.00e+00 (  4.67e+01,  6.93e+01)
90      0.212   4.43e-01   8.94e-01   7.70e-01   3.45e+00   0.00e+00 (  5.85e+01,  5.54e+01)
95      2.040   4.20e+00   5.57e+00   4.12e+00   1.31e+02   0.00e+00 (  2.32e+03,  4.04e+01)
31 e: 4.905e-04 i: 8.721e-04 :: e: 4.458e-02 i: 5.240e-02 :: n: 2.762e+01 e:22.231 i:31.673 v:4.993e+03
>>> tau_he = 5.000000, nhe(0)=3.476646e+00
 5     -0.022   1.30e-02   1.56e+00   6.08e-03  -9.68e-02   0.00e+00 (  5.68e+00,  4.95e+01)
10     -0.008   3.79e-02   2.27e-03   5.46e-03  -4.56e-02   0.00e+00 (  2.61e+01,  9.52e+01)
15     -0.018   1.82e-01   1.03e-01  -1.70e-02  -1.19e-01   0.00e+00 (  1.07e+02,  1.29e+02)
20      0.048   1.62e-01   1.04e-01  -1.35e-02   3.63e-01   0.00e+00 (  9.82e+01,  1.54e+02)
25      0.070   1.84e-01   1.32e-01   9.92e-03   6.01e-01   0.00e+00 (  1.16e+02,  1.72e+02)
30      0.075   2.22e-01   1.66e-01   9.44e-04   7.05e-01   0.00e+00 (  1.32e+02,  1.83e+02)
35      0.111   2.97e-01   2.76e-01   9.88e-02   1.14e+00   0.00e+00 (  1.55e+02,  1.86e+02)
40      0.106   3.06e-01   3.07e-01   1.10e-01   1.16e+00   0.00e+00 (  1.47e+02,  1.82e+02)
45      0.118   3.27e-01   3.54e-01   1.58e-01   1.38e+00   0.00e+00 (  1.40e+02,  1.71e+02)
50      0.135   3.64e-01   4.26e-01   1.98e-01   1.66e+00   0.00e+00 (  1.34e+02,  1.55e+02)
55      0.119   3.52e-01   4.23e-01   2.51e-01   1.53e+00   0.00e+00 (  1.14e+02,  1.37e+02)
60      0.141   3.88e-01   5.22e-01   3.37e-01   1.88e+00   0.00e+00 (  1.07e+02,  1.18e+02)
65      0.168   4.26e-01   6.43e-01   4.47e-01   2.31e+00   0.00e+00 (  9.94e+01,  1.02e+02)
70      0.179   4.33e-01   6.94e-01   5.23e-01   2.52e+00   0.00e+00 (  8.53e+01,  9.31e+01)
75      0.190   4.35e-01   7.43e-01   6.07e-01   2.73e+00   0.00e+00 (  7.32e+01,  8.72e+01)
80      0.200   4.26e-01   7.84e-01   6.72e-01   2.92e+00   0.00e+00 (  6.11e+01,  7.99e+01)
85      0.200   4.01e-01   7.73e-01   6.62e-01   2.97e+00   0.00e+00 (  4.65e+01,  6.93e+01)
90      0.217   4.50e-01   9.08e-01   7.81e-01   3.53e+00   0.00e+00 (  5.84e+01,  5.54e+01)
95      2.040   4.20e+00   5.57e+00   4.12e+00   1.31e+02   0.00e+00 (  2.32e+03,  4.04e+01)
32 e: 1.889e-04 i: 1.196e-04 :: e: 2.027e-02 i: 2.514e-02 :: n: 2.762e+01 e:22.525 i:31.381 v:4.993e+03
>>> tau_he = 5.000000, nhe(0)=3.462344e+00
 5     -0.022   1.28e-02   1.57e+00   6.10e-03  -9.68e-02   0.00e+00 (  5.62e+00,  4.95e+01)
10     -0.008   3.68e-02   2.08e-03   5.55e-03  -4.59e-02   0.00e+00 (  2.56e+01,  9.52e+01)
15     -0.001   1.85e-01   1.06e-01  -2.02e-02  -3.91e-03   0.00e+00 (  1.09e+02,  1.29e+02)
20     -0.001   1.70e-01   1.15e-01  -1.12e-02  -4.02e-03   0.00e+00 (  1.05e+02,  1.54e+02)
25      0.074   1.84e-01   1.39e-01   1.03e-02   6.33e-01   0.00e+00 (  1.17e+02,  1.72e+02)
30      0.079   2.24e-01   1.73e-01  -1.09e-03   7.51e-01   0.00e+00 (  1.35e+02,  1.83e+02)
35      0.113   3.01e-01   2.87e-01   1.05e-01   1.16e+00   0.00e+00 (  1.59e+02,  1.86e+02)
40      0.108   3.11e-01   3.22e-01   1.14e-01   1.19e+00   0.00e+00 (  1.51e+02,  1.82e+02)
45      0.120   3.36e-01   3.74e-01   1.68e-01   1.41e+00   0.00e+00 (  1.46e+02,  1.71e+02)
50      0.139   3.74e-01   4.52e-01   2.08e-01   1.70e+00   0.00e+00 (  1.40e+02,  1.55e+02)
55      0.121   3.62e-01   4.46e-01   2.64e-01   1.55e+00   0.00e+00 (  1.20e+02,  1.37e+02)
60      0.140   3.97e-01   5.43e-01   3.49e-01   1.87e+00   0.00e+00 (  1.12e+02,  1.18e+02)
65      0.165   4.37e-01   6.60e-01   4.56e-01   2.27e+00   0.00e+00 (  1.04e+02,  1.02e+02)
70      0.174   4.39e-01   7.02e-01   5.29e-01   2.45e+00   0.00e+00 (  8.88e+01,  9.31e+01)
75      0.183   4.36e-01   7.40e-01   6.05e-01   2.63e+00   0.00e+00 (  7.54e+01,  8.72e+01)
80      0.190   4.21e-01   7.70e-01   6.53e-01   2.78e+00   0.00e+00 (  6.22e+01,  7.99e+01)
85      0.190   3.86e-01   7.47e-01   6.40e-01   2.82e+00   0.00e+00 (  4.64e+01,  6.93e+01)
90      0.211   4.42e-01   8.92e-01   7.68e-01   3.44e+00   0.00e+00 (  5.83e+01,  5.54e+01)
95      2.040   4.20e+00   5.57e+00   4.12e+00   1.31e+02   0.00e+00 (  2.32e+03,  4.04e+01)
33 e: 2.734e-04 i: 1.236e-04 :: e: 1.599e-02 i: 1.986e-02 :: n: 2.762e+01 e:22.185 i:31.654 v:4.993e+03
>>> tau_he = 5.000000, nhe(0)=3.475619e+00
 5     -0.022   1.30e-02   1.61e+00   5.95e-03  -9.69e-02   0.00e+00 (  5.65e+00,  4.95e+01)
10     -0.008   3.79e-02   1.92e-03   5.51e-03  -4.57e-02   0.00e+00 (  2.60e+01,  9.52e+01)
15     -0.017   1.82e-01   1.02e-01  -1.62e-02  -1.11e-01   0.00e+00 (  1.06e+02,  1.29e+02)
20      0.046   1.63e-01   1.06e-01  -1.41e-02   3.51e-01   0.00e+00 (  9.97e+01,  1.54e+02)
25      0.074   1.83e-01   1.34e-01   9.78e-03   6.30e-01   0.00e+00 (  1.15e+02,  1.72e+02)
30      0.078   2.20e-01   1.66e-01   6.81e-04   7.35e-01   0.00e+00 (  1.31e+02,  1.83e+02)
35      0.062   2.28e-01   1.81e-01   5.46e-02   6.36e-01   0.00e+00 (  1.18e+02,  1.86e+02)
40      0.104   3.03e-01   3.04e-01   1.09e-01   1.15e+00   0.00e+00 (  1.44e+02,  1.82e+02)
45      0.116   3.25e-01   3.49e-01   1.57e-01   1.36e+00   0.00e+00 (  1.38e+02,  1.71e+02)
50      0.134   3.61e-01   4.22e-01   1.97e-01   1.65e+00   0.00e+00 (  1.32e+02,  1.55e+02)
55      0.120   3.51e-01   4.24e-01   2.52e-01   1.54e+00   0.00e+00 (  1.13e+02,  1.37e+02)
60      0.140   3.84e-01   5.18e-01   3.34e-01   1.86e+00   0.00e+00 (  1.06e+02,  1.18e+02)
65      0.167   4.22e-01   6.37e-01   4.43e-01   2.29e+00   0.00e+00 (  9.77e+01,  1.02e+02)
70      0.177   4.29e-01   6.87e-01   5.18e-01   2.50e+00   0.00e+00 (  8.41e+01,  9.31e+01)
75      0.189   4.31e-01   7.36e-01   6.02e-01   2.72e+00   0.00e+00 (  7.21e+01,  8.72e+01)
80      0.199   4.23e-01   7.78e-01   6.67e-01   2.91e+00   0.00e+00 (  6.02e+01,  7.99e+01)
85      0.199   3.99e-01   7.68e-01   6.58e-01   2.96e+00   0.00e+00 (  4.60e+01,  6.93e+01)
90      0.216   4.49e-01   9.05e-01   7.79e-01   3.53e+00   0.00e+00 (  5.81e+01,  5.54e+01)
95      2.040   4.20e+00   5.57e+00   4.12e+00   1.31e+02   0.00e+00 (  2.32e+03,  4.04e+01)
34 e: 2.819e-04 i: 1.317e-04 :: e: 3.008e-02 i: 3.323e-02 :: n: 2.762e+01 e:22.561 i:31.416 v:4.993e+03
>>> tau_he = 5.000000, nhe(0)=3.464076e+00
 5     -0.022   1.28e-02   1.64e+00   6.11e-03  -9.65e-02   0.00e+00 (  5.64e+00,  4.95e+01)
10     -0.009   3.66e-02   8.43e-04   3.18e-03  -4.73e-02   0.00e+00 (  2.54e+01,  9.52e+01)
15     -0.000   1.85e-01   1.06e-01  -1.98e-02  -6.74e-04   0.00e+00 (  1.10e+02,  1.29e+02)
20      0.224   3.82e-01   3.72e-01   4.58e-02   1.70e+00   0.00e+00 (  2.39e+02,  1.54e+02)
25      0.142   3.03e-01   3.30e-01   8.10e-02   1.22e+00   0.00e+00 (  1.96e+02,  1.72e+02)
30      0.080   2.26e-01   1.75e-01  -4.25e-03   7.53e-01   0.00e+00 (  1.37e+02,  1.83e+02)
35      0.116   3.02e-01   2.92e-01   1.07e-01   1.19e+00   0.00e+00 (  1.61e+02,  1.86e+02)
40      0.107   3.10e-01   3.22e-01   1.14e-01   1.18e+00   0.00e+00 (  1.51e+02,  1.82e+02)
45      0.119   3.33e-01   3.71e-01   1.68e-01   1.39e+00   0.00e+00 (  1.44e+02,  1.71e+02)
50      0.138   3.72e-01   4.50e-01   2.08e-01   1.69e+00   0.00e+00 (  1.39e+02,  1.55e+02)
55      0.122   3.62e-01   4.48e-01   2.66e-01   1.56e+00   0.00e+00 (  1.20e+02,  1.37e+02)
60      0.139   3.94e-01   5.40e-01   3.47e-01   1.85e+00   0.00e+00 (  1.11e+02,  1.18e+02)
65      0.163   4.33e-01   6.54e-01   4.51e-01   2.24e+00   0.00e+00 (  1.02e+02,  1.02e+02)
70      0.172   4.35e-01   6.95e-01   5.24e-01   2.43e+00   0.00e+00 (  8.75e+01,  9.31e+01)
75      0.181   4.32e-01   7.32e-01   5.99e-01   2.61e+00   0.00e+00 (  7.42e+01,  8.72e+01)
80      0.188   4.17e-01   7.61e-01   6.47e-01   2.76e+00   0.00e+00 (  6.12e+01,  7.99e+01)
85      0.188   3.82e-01   7.37e-01   6.33e-01   2.79e+00   0.00e+00 (  4.56e+01,  6.93e+01)
90      0.211   4.41e-01   8.88e-01   7.65e-01   3.43e+00   0.00e+00 (  5.79e+01,  5.54e+01)
95      2.040   4.20e+00   5.57e+00   4.12e+00   1.31e+02   0.00e+00 (  2.32e+03,  4.04e+01)
35 e: 8.374e-04 i: 1.653e-03 :: e: 4.719e-02 i: 4.872e-02 :: n: 2.762e+01 e:22.105 i:31.433 v:4.993e+03
>>> tau_he = 5.000000, nhe(0)=3.464781e+00
 5     -0.022   1.28e-02   1.62e+00   5.96e-03  -9.60e-02   0.00e+00 (  5.59e+00,  4.95e+01)
10     -0.009   3.82e-02   7.97e-04   3.04e-03  -4.89e-02   0.00e+00 (  2.63e+01,  9.52e+01)
15     -0.015   1.79e-01   1.00e-01  -1.61e-02  -9.94e-02   0.00e+00 (  1.04e+02,  1.29e+02)
20      0.078   1.70e-01   1.12e-01  -7.66e-03   5.90e-01   0.00e+00 (  1.00e+02,  1.54e+02)
25      0.069   1.82e-01   1.27e-01   9.84e-03   5.94e-01   0.00e+00 (  1.13e+02,  1.72e+02)
30      0.078   2.22e-01   1.67e-01  -2.05e-03   7.38e-01   0.00e+00 (  1.33e+02,  1.83e+02)
35      0.114   2.97e-01   2.78e-01   9.95e-02   1.17e+00   0.00e+00 (  1.56e+02,  1.86e+02)
40      0.105   3.04e-01   3.05e-01   1.09e-01   1.15e+00   0.00e+00 (  1.45e+02,  1.82e+02)
45      0.116   3.24e-01   3.48e-01   1.56e-01   1.35e+00   0.00e+00 (  1.38e+02,  1.71e+02)
50      0.134   3.60e-01   4.21e-01   1.96e-01   1.65e+00   0.00e+00 (  1.32e+02,  1.55e+02)
55      0.121   3.51e-01   4.26e-01   2.54e-01   1.55e+00   0.00e+00 (  1.14e+02,  1.37e+02)
60      0.140   3.83e-01   5.17e-01   3.35e-01   1.87e+00   0.00e+00 (  1.05e+02,  1.18e+02)
65      0.166   4.19e-01   6.33e-01   4.40e-01   2.28e+00   0.00e+00 (  9.64e+01,  1.02e+02)
70      0.177   4.26e-01   6.83e-01   5.15e-01   2.49e+00   0.00e+00 (  8.30e+01,  9.31e+01)
75      0.188   4.28e-01   7.31e-01   5.98e-01   2.71e+00   0.00e+00 (  7.11e+01,  8.72e+01)
80      0.198   4.20e-01   7.72e-01   6.63e-01   2.90e+00   0.00e+00 (  5.94e+01,  7.99e+01)
85      0.198   3.98e-01   7.62e-01   6.54e-01   2.95e+00   0.00e+00 (  4.54e+01,  6.93e+01)
90      0.216   4.48e-01   9.03e-01   7.77e-01   3.52e+00   0.00e+00 (  5.78e+01,  5.54e+01)
95      2.040   4.20e+00   5.57e+00   4.12e+00   1.31e+02   0.00e+00 (  2.32e+03,  4.04e+01)
36 e: 2.783e-04 i: 1.508e-04 :: e: 2.188e-02 i: 2.672e-02 :: n: 2.762e+01 e:22.452 i:31.097 v:4.993e+03
>>> tau_he = 5.000000, nhe(0)=3.447938e+00
 5     -0.022   1.25e-02   1.64e+00   6.10e-03  -9.44e-02   0.00e+00 (  5.50e+00,  4.95e+01)
10     -0.008   3.61e-02   6.21e-04   3.16e-03  -4.67e-02   0.00e+00 (  2.50e+01,  9.52e+01)
15     -0.015   1.82e-01   1.05e-01  -1.85e-02  -1.01e-01   0.00e+00 (  1.07e+02,  1.29e+02)
20      0.059   1.73e-01   1.20e-01  -1.34e-02   4.48e-01   0.00e+00 (  1.04e+02,  1.54e+02)
25      0.070   1.85e-01   1.37e-01   1.04e-02   6.01e-01   0.00e+00 (  1.17e+02,  1.72e+02)
30      0.080   2.27e-01   1.76e-01  -5.00e-03   7.60e-01   0.00e+00 (  1.38e+02,  1.83e+02)
35      0.116   3.03e-01   2.92e-01   1.07e-01   1.20e+00   0.00e+00 (  1.62e+02,  1.86e+02)
40      0.107   3.11e-01   3.23e-01   1.15e-01   1.18e+00   0.00e+00 (  1.51e+02,  1.82e+02)
45      0.119   3.34e-01   3.73e-01   1.69e-01   1.40e+00   0.00e+00 (  1.45e+02,  1.71e+02)
50      0.138   3.73e-01   4.53e-01   2.08e-01   1.70e+00   0.00e+00 (  1.40e+02,  1.55e+02)
55      0.123   3.64e-01   4.52e-01   2.68e-01   1.57e+00   0.00e+00 (  1.21e+02,  1.37e+02)
60      0.139   3.94e-01   5.43e-01   3.48e-01   1.85e+00   0.00e+00 (  1.12e+02,  1.18e+02)
65      0.163   4.33e-01   6.56e-01   4.52e-01   2.24e+00   0.00e+00 (  1.02e+02,  1.02e+02)
70      0.172   4.35e-01   6.95e-01   5.23e-01   2.42e+00   0.00e+00 (  8.76e+01,  9.31e+01)
75      0.181   4.31e-01   7.30e-01   5.98e-01   2.60e+00   0.00e+00 (  7.41e+01,  8.72e+01)
80      0.187   4.15e-01   7.57e-01   6.44e-01   2.74e+00   0.00e+00 (  6.09e+01,  7.99e+01)
85      0.187   3.80e-01   7.32e-01   6.29e-01   2.77e+00   0.00e+00 (  4.53e+01,  6.93e+01)
90      0.210   4.40e-01   8.85e-01   7.62e-01   3.42e+00   0.00e+00 (  5.77e+01,  5.54e+01)
95      2.040   4.20e+00   5.57e+00   4.12e+00   1.31e+02   0.00e+00 (  2.32e+03,  4.04e+01)
37 e: 3.483e-04 i: 1.828e-04 :: e: 1.696e-02 i: 2.141e-02 :: n: 2.762e+01 e:22.062 i:31.435 v:4.993e+03
>>> tau_he = 5.000000, nhe(0)=3.464655e+00
 5     -0.022   1.28e-02   1.68e+00   5.92e-03  -9.46e-02   0.00e+00 (  5.55e+00,  4.95e+01)
10     -0.008   3.74e-02   5.50e-04   3.23e-03  -4.65e-02   0.00e+00 (  2.56e+01,  9.52e+01)
15     -0.013   1.79e-01   9.83e-02  -1.50e-02  -8.37e-02   0.00e+00 (  1.03e+02,  1.29e+02)
20      0.059   1.70e-01   1.14e-01  -1.21e-02   4.45e-01   0.00e+00 (  1.01e+02,  1.54e+02)
25      0.070   1.83e-01   1.31e-01   9.87e-03   6.01e-01   0.00e+00 (  1.14e+02,  1.72e+02)
30      0.078   2.21e-01   1.67e-01  -2.45e-03   7.41e-01   0.00e+00 (  1.32e+02,  1.83e+02)
35      0.110   2.95e-01   2.75e-01   9.83e-02   1.13e+00   0.00e+00 (  1.54e+02,  1.86e+02)
40      0.104   3.02e-01   3.02e-01   1.08e-01   1.14e+00   0.00e+00 (  1.43e+02,  1.82e+02)
45      0.115   3.23e-01   3.46e-01   1.55e-01   1.34e+00   0.00e+00 (  1.37e+02,  1.71e+02)
50      0.133   3.58e-01   4.18e-01   1.96e-01   1.63e+00   0.00e+00 (  1.31e+02,  1.55e+02)
55      0.121   3.51e-01   4.26e-01   2.53e-01   1.55e+00   0.00e+00 (  1.13e+02,  1.37e+02)
60      0.140   3.82e-01   5.14e-01   3.32e-01   1.86e+00   0.00e+00 (  1.05e+02,  1.18e+02)
65      0.166   4.18e-01   6.30e-01   4.38e-01   2.28e+00   0.00e+00 (  9.57e+01,  1.02e+02)
70      0.176   4.25e-01   6.80e-01   5.13e-01   2.48e+00   0.00e+00 (  8.26e+01,  9.31e+01)
75      0.188   4.27e-01   7.29e-01   5.97e-01   2.70e+00   0.00e+00 (  7.08e+01,  8.72e+01)
80      0.198   4.20e-01   7.71e-01   6.62e-01   2.90e+00   0.00e+00 (  5.91e+01,  7.99e+01)
85      0.198   3.97e-01   7.60e-01   6.52e-01   2.95e+00   0.00e+00 (  4.52e+01,  6.93e+01)
90      0.216   4.48e-01   9.02e-01   7.76e-01   3.52e+00   0.00e+00 (  5.76e+01,  5.54e+01)
95      2.040   4.20e+00   5.57e+00   4.12e+00   1.31e+02   0.00e+00 (  2.32e+03,  4.04e+01)
38 e: 3.709e-04 i: 1.417e-04 :: e: 1.994e-02 i: 2.481e-02 :: n: 2.762e+01 e:22.499 i:31.130 v:4.993e+03
>>> tau_he = 5.000000, nhe(0)=3.449592e+00
 5     -0.022   1.26e-02   1.70e+00   6.12e-03  -9.42e-02   0.00e+00 (  5.53e+00,  4.95e+01)
10     -0.008   3.76e-02  -5.48e-04   5.01e-03  -4.44e-02   0.00e+00 (  2.61e+01,  9.52e+01)
15     -0.016   1.83e-01   1.05e-01  -1.84e-02  -1.07e-01   0.00e+00 (  1.07e+02,  1.29e+02)
20      0.048   1.63e-01   1.06e-01  -1.40e-02   3.63e-01   0.00e+00 (  9.94e+01,  1.54e+02)
25      0.073   1.85e-01   1.41e-01   8.08e-03   6.26e-01   0.00e+00 (  1.18e+02,  1.72e+02)
30      0.080   2.27e-01   1.76e-01  -6.21e-03   7.60e-01   0.00e+00 (  1.39e+02,  1.83e+02)
35      0.115   3.01e-01   2.91e-01   1.07e-01   1.18e+00   0.00e+00 (  1.60e+02,  1.86e+02)
40      0.106   3.10e-01   3.22e-01   1.14e-01   1.17e+00   0.00e+00 (  1.50e+02,  1.82e+02)
45      0.119   3.33e-01   3.72e-01   1.68e-01   1.39e+00   0.00e+00 (  1.45e+02,  1.71e+02)
50      0.138   3.72e-01   4.52e-01   2.08e-01   1.69e+00   0.00e+00 (  1.39e+02,  1.55e+02)
55      0.170   4.28e-01   6.01e-01   3.25e-01   2.18e+00   0.00e+00 (  1.42e+02,  1.37e+02)
60      0.139   3.94e-01   5.41e-01   3.48e-01   1.84e+00   0.00e+00 (  1.11e+02,  1.18e+02)
65      0.163   4.31e-01   6.53e-01   4.51e-01   2.23e+00   0.00e+00 (  1.02e+02,  1.02e+02)
70      0.171   4.34e-01   6.92e-01   5.21e-01   2.41e+00   0.00e+00 (  8.72e+01,  9.31e+01)
75      0.180   4.30e-01   7.28e-01   5.96e-01   2.59e+00   0.00e+00 (  7.38e+01,  8.72e+01)
80      0.187   4.14e-01   7.54e-01   6.42e-01   2.73e+00   0.00e+00 (  6.06e+01,  7.99e+01)
85      0.186   3.79e-01   7.28e-01   6.25e-01   2.76e+00   0.00e+00 (  4.50e+01,  6.93e+01)
90      0.210   4.39e-01   8.83e-01   7.60e-01   3.42e+00   0.00e+00 (  5.75e+01,  5.54e+01)
95      2.040   4.20e+00   5.57e+00   4.12e+00   1.31e+02   0.00e+00 (  2.32e+03,  4.04e+01)
39 e: 4.079e-04 i: 2.317e-04 :: e: 2.405e-02 i: 3.279e-02 :: n: 2.762e+01 e:22.082 i:31.523 v:4.993e+03
>>> tau_he = 5.000000, nhe(0)=3.469018e+00
 5     -0.022   1.29e-02   1.74e+00   5.92e-03  -9.47e-02   0.00e+00 (  5.58e+00,  4.95e+01)
10     -0.008   3.89e-02  -4.40e-04   4.91e-03  -4.39e-02   0.00e+00 (  2.65e+01,  9.52e+01)
15     -0.013   1.80e-01   9.84e-02  -1.48e-02  -8.60e-02   0.00e+00 (  1.04e+02,  1.29e+02)
20      0.047   1.60e-01   1.01e-01  -1.29e-02   3.60e-01   0.00e+00 (  9.67e+01,  1.54e+02)
25      0.073   1.83e-01   1.34e-01   9.74e-03   6.27e-01   0.00e+00 (  1.16e+02,  1.72e+02)
30      0.078   2.22e-01   1.67e-01  -4.10e-03   7.41e-01   0.00e+00 (  1.33e+02,  1.83e+02)
35      0.109   2.93e-01   2.73e-01   9.79e-02   1.12e+00   0.00e+00 (  1.52e+02,  1.86e+02)
40      0.103   3.01e-01   3.01e-01   1.08e-01   1.14e+00   0.00e+00 (  1.43e+02,  1.82e+02)
45      0.115   3.22e-01   3.45e-01   1.56e-01   1.34e+00   0.00e+00 (  1.36e+02,  1.71e+02)
50      0.132   3.56e-01   4.15e-01   1.95e-01   1.62e+00   0.00e+00 (  1.30e+02,  1.55e+02)
55      0.117   3.46e-01   4.16e-01   2.48e-01   1.51e+00   0.00e+00 (  1.11e+02,  1.37e+02)
60      0.138   3.79e-01   5.09e-01   3.29e-01   1.84e+00   0.00e+00 (  1.04e+02,  1.18e+02)
65      0.166   4.16e-01   6.28e-01   4.37e-01   2.28e+00   0.00e+00 (  9.50e+01,  1.02e+02)
70      0.176   4.24e-01   6.79e-01   5.12e-01   2.48e+00   0.00e+00 (  8.22e+01,  9.31e+01)
75      0.188   4.26e-01   7.28e-01   5.96e-01   2.70e+00   0.00e+00 (  7.04e+01,  8.72e+01)
80      0.198   4.19e-01   7.70e-01   6.61e-01   2.90e+00   0.00e+00 (  5.89e+01,  7.99e+01)
85      0.198   3.98e-01   7.60e-01   6.51e-01   2.95e+00   0.00e+00 (  4.50e+01,  6.93e+01)
90      0.216   4.48e-01   9.01e-01   7.75e-01   3.52e+00   0.00e+00 (  5.75e+01,  5.54e+01)
95      2.040   4.20e+00   5.57e+00   4.12e+00   1.31e+02   0.00e+00 (  2.32e+03,  4.04e+01)
40 e: 4.263e-04 i: 1.559e-04 :: e: 2.226e-02 i: 2.674e-02 :: n: 2.762e+01 e:22.556 i:31.197 v:4.993e+03
>>> tau_he = 5.000000, nhe(0)=3.453035e+00
 5     -0.022   1.27e-02   1.76e+00   6.14e-03  -9.45e-02   0.00e+00 (  5.57e+00,  4.95e+01)
10     -0.008   3.78e-02  -7.26e-04   5.05e-03  -4.49e-02   0.00e+00 (  2.62e+01,  9.52e+01)
15     -0.017   1.84e-01   1.06e-01  -1.85e-02  -1.13e-01   0.00e+00 (  1.08e+02,  1.29e+02)
20     -0.003   1.70e-01   1.15e-01  -1.14e-02  -2.19e-02   0.00e+00 (  1.05e+02,  1.54e+02)
25      0.143   3.03e-01   3.31e-01   8.45e-02   1.22e+00   0.00e+00 (  1.98e+02,  1.72e+02)
30      0.080   2.28e-01   1.77e-01  -7.49e-03   7.60e-01   0.00e+00 (  1.40e+02,  1.83e+02)
35      0.114   3.00e-01   2.90e-01   1.07e-01   1.17e+00   0.00e+00 (  1.60e+02,  1.86e+02)
40      0.106   3.09e-01   3.22e-01   1.14e-01   1.17e+00   0.00e+00 (  1.50e+02,  1.82e+02)
45      0.119   3.33e-01   3.73e-01   1.69e-01   1.39e+00   0.00e+00 (  1.44e+02,  1.71e+02)
50      0.137   3.71e-01   4.51e-01   2.08e-01   1.68e+00   0.00e+00 (  1.39e+02,  1.55e+02)
55      0.119   3.60e-01   4.46e-01   2.65e-01   1.53e+00   0.00e+00 (  1.19e+02,  1.37e+02)
60      0.138   3.93e-01   5.38e-01   3.46e-01   1.83e+00   0.00e+00 (  1.11e+02,  1.18e+02)
65      0.163   4.30e-01   6.53e-01   4.50e-01   2.23e+00   0.00e+00 (  1.02e+02,  1.02e+02)
70      0.171   4.33e-01   6.91e-01   5.20e-01   2.40e+00   0.00e+00 (  8.71e+01,  9.31e+01)
75      0.179   4.29e-01   7.26e-01   5.95e-01   2.58e+00   0.00e+00 (  7.36e+01,  8.72e+01)
80      0.186   4.13e-01   7.52e-01   6.40e-01   2.72e+00   0.00e+00 (  6.04e+01,  7.99e+01)
85      0.185   3.77e-01   7.25e-01   6.23e-01   2.75e+00   0.00e+00 (  4.48e+01,  6.93e+01)
90      0.209   4.38e-01   8.81e-01   7.59e-01   3.41e+00   0.00e+00 (  5.74e+01,  5.54e+01)
95      2.040   4.20e+00   5.57e+00   4.12e+00   1.31e+02   0.00e+00 (  2.32e+03,  4.04e+01)
41 e: 5.509e-04 i: 5.231e-04 :: e: 2.477e-02 i: 3.122e-02 :: n: 2.762e+01 e:22.067 i:31.490 v:4.993e+03
>>> tau_he = 5.000000, nhe(0)=3.467470e+00
 5     -0.022   1.29e-02   1.76e+00   5.93e-03  -9.47e-02   0.00e+00 (  5.58e+00,  4.95e+01)
10     -0.008   3.92e-02  -5.51e-04   4.94e-03  -4.46e-02   0.00e+00 (  2.68e+01,  9.52e+01)
15     -0.014   1.80e-01   9.98e-02  -1.57e-02  -9.38e-02   0.00e+00 (  1.04e+02,  1.29e+02)
20      0.045   1.61e-01   1.04e-01  -1.38e-02   3.44e-01   0.00e+00 (  9.82e+01,  1.54e+02)
25      0.068   1.82e-01   1.29e-01   9.75e-03   5.84e-01   0.00e+00 (  1.14e+02,  1.72e+02)
30      0.078   2.21e-01   1.66e-01  -3.07e-03   7.33e-01   0.00e+00 (  1.33e+02,  1.83e+02)
35      0.061   2.28e-01   1.80e-01   5.33e-02   6.29e-01   0.00e+00 (  1.18e+02,  1.86e+02)
40      0.103   3.00e-01   3.00e-01   1.08e-01   1.13e+00   0.00e+00 (  1.42e+02,  1.82e+02)
45      0.114   3.21e-01   3.43e-01   1.55e-01   1.33e+00   0.00e+00 (  1.35e+02,  1.71e+02)
50      0.132   3.55e-01   4.13e-01   1.94e-01   1.62e+00   0.00e+00 (  1.29e+02,  1.55e+02)
55      0.119   3.46e-01   4.18e-01   2.48e-01   1.52e+00   0.00e+00 (  1.11e+02,  1.37e+02)
60      0.139   3.78e-01   5.08e-01   3.30e-01   1.84e+00   0.00e+00 (  1.03e+02,  1.18e+02)
65      0.166   4.14e-01   6.25e-01   4.35e-01   2.27e+00   0.00e+00 (  9.41e+01,  1.02e+02)
70      0.176   4.21e-01   6.77e-01   5.12e-01   2.48e+00   0.00e+00 (  8.13e+01,  9.31e+01)
75      0.188   4.25e-01   7.26e-01   5.94e-01   2.70e+00   0.00e+00 (  6.99e+01,  8.72e+01)
80      0.198   4.18e-01   7.68e-01   6.60e-01   2.90e+00   0.00e+00 (  5.85e+01,  7.99e+01)
85      0.198   3.97e-01   7.58e-01   6.50e-01   2.95e+00   0.00e+00 (  4.47e+01,  6.93e+01)
90      0.216   4.48e-01   9.00e-01   7.74e-01   3.52e+00   0.00e+00 (  5.73e+01,  5.54e+01)
95      2.040   4.20e+00   5.57e+00   4.12e+00   1.31e+02   0.00e+00 (  2.32e+03,  4.04e+01)
42 e: 4.787e-04 i: 1.879e-04 :: e: 3.219e-02 i: 3.603e-02 :: n: 2.762e+01 e:22.555 i:31.139 v:4.993e+03
>>> tau_he = 5.000000, nhe(0)=3.450117e+00
 5     -0.022   1.26e-02   1.78e+00   6.14e-03  -9.41e-02   0.00e+00 (  5.55e+00,  4.95e+01)
10     -0.008   3.93e-02  -7.88e-04   5.11e-03  -4.55e-02   0.00e+00 (  2.72e+01,  9.52e+01)
15      0.002   1.84e-01   1.06e-01  -2.00e-02   1.14e-02   0.00e+00 (  1.09e+02,  1.29e+02)
20      0.222   3.79e-01   3.69e-01   4.63e-02   1.69e+00   0.00e+00 (  2.37e+02,  1.54e+02)
25      0.072   1.84e-01   1.40e-01   1.04e-02   6.16e-01   0.00e+00 (  1.18e+02,  1.72e+02)
30      0.080   2.28e-01   1.77e-01  -7.07e-03   7.60e-01   0.00e+00 (  1.40e+02,  1.83e+02)
35      0.116   3.03e-01   2.95e-01   1.09e-01   1.20e+00   0.00e+00 (  1.63e+02,  1.86e+02)
40      0.106   3.09e-01   3.24e-01   1.15e-01   1.17e+00   0.00e+00 (  1.51e+02,  1.82e+02)
45      0.118   3.33e-01   3.74e-01   1.70e-01   1.38e+00   0.00e+00 (  1.44e+02,  1.71e+02)
50      0.137   3.71e-01   4.53e-01   2.09e-01   1.68e+00   0.00e+00 (  1.39e+02,  1.55e+02)
55      0.121   3.62e-01   4.50e-01   2.67e-01   1.55e+00   0.00e+00 (  1.20e+02,  1.37e+02)
60      0.138   3.93e-01   5.40e-01   3.47e-01   1.83e+00   0.00e+00 (  1.11e+02,  1.18e+02)
65      0.162   4.30e-01   6.52e-01   4.50e-01   2.22e+00   0.00e+00 (  1.01e+02,  1.02e+02)
70      0.170   4.33e-01   6.90e-01   5.19e-01   2.39e+00   0.00e+00 (  8.70e+01,  9.31e+01)
75      0.178   4.28e-01   7.24e-01   5.93e-01   2.57e+00   0.00e+00 (  7.34e+01,  8.72e+01)
80      0.185   4.11e-01   7.49e-01   6.38e-01   2.71e+00   0.00e+00 (  6.02e+01,  7.99e+01)
85      0.184   3.76e-01   7.21e-01   6.20e-01   2.73e+00   0.00e+00 (  4.45e+01,  6.93e+01)
90      0.209   4.37e-01   8.78e-01   7.57e-01   3.40e+00   0.00e+00 (  5.72e+01,  5.54e+01)
95      2.040   4.20e+00   5.57e+00   4.12e+00   1.31e+02   0.00e+00 (  2.32e+03,  4.04e+01)
43 e: 9.302e-04 i: 1.273e-03 :: e: 3.808e-02 i: 3.904e-02 :: n: 2.762e+01 e:22.011 i:31.391 v:4.993e+03
>>> tau_he = 5.000000, nhe(0)=3.462517e+00
 5     -0.022   1.28e-02   1.78e+00   5.93e-03  -9.42e-02   0.00e+00 (  5.55e+00,  4.95e+01)
10     -0.008   3.92e-02  -6.85e-04   4.92e-03  -4.47e-02   0.00e+00 (  2.67e+01,  9.52e+01)
15     -0.012   1.78e-01   9.66e-02  -1.43e-02  -7.77e-02   0.00e+00 (  1.02e+02,  1.29e+02)
20      0.077   1.69e-01   1.10e-01  -7.21e-03   5.87e-01   0.00e+00 (  9.98e+01,  1.54e+02)
25      0.070   1.84e-01   1.30e-01   9.74e-03   5.95e-01   0.00e+00 (  1.15e+02,  1.72e+02)
30      0.079   2.23e-01   1.67e-01  -5.87e-03   7.44e-01   0.00e+00 (  1.34e+02,  1.83e+02)
35      0.112   2.95e-01   2.75e-01   9.84e-02   1.15e+00   0.00e+00 (  1.54e+02,  1.86e+02)
40      0.103   3.00e-01   3.00e-01   1.08e-01   1.13e+00   0.00e+00 (  1.42e+02,  1.82e+02)
45      0.081   2.76e-01   2.69e-01   1.26e-01   9.45e-01   0.00e+00 (  1.16e+02,  1.71e+02)
50      0.132   3.55e-01   4.12e-01   1.93e-01   1.62e+00   0.00e+00 (  1.29e+02,  1.55e+02)
55      0.120   3.47e-01   4.19e-01   2.49e-01   1.53e+00   0.00e+00 (  1.11e+02,  1.37e+02)
60      0.139   3.78e-01   5.08e-01   3.30e-01   1.85e+00   0.00e+00 (  1.03e+02,  1.18e+02)
65      0.166   4.13e-01   6.23e-01   4.34e-01   2.27e+00   0.00e+00 (  9.36e+01,  1.02e+02)
70      0.176   4.20e-01   6.75e-01   5.12e-01   2.48e+00   0.00e+00 (  8.10e+01,  9.31e+01)
75      0.188   4.23e-01   7.25e-01   5.95e-01   2.71e+00   0.00e+00 (  6.95e+01,  8.72e+01)
80      0.198   4.18e-01   7.68e-01   6.59e-01   2.90e+00   0.00e+00 (  5.83e+01,  7.99e+01)
85      0.199   3.98e-01   7.58e-01   6.50e-01   2.95e+00   0.00e+00 (  4.46e+01,  6.93e+01)
90      0.216   4.48e-01   9.00e-01   7.74e-01   3.53e+00   0.00e+00 (  5.72e+01,  5.54e+01)
95      2.040   4.20e+00   5.57e+00   4.12e+00   1.31e+02   0.00e+00 (  2.32e+03,  4.04e+01)
44 e: 5.836e-04 i: 2.287e-04 :: e: 2.888e-02 i: 3.360e-02 :: n: 2.762e+01 e:22.540 i:30.986 v:4.993e+03
>>> tau_he = 5.000000, nhe(0)=3.442233e+00
 5     -0.021   1.25e-02   1.80e+00   6.15e-03  -9.30e-02   0.00e+00 (  5.49e+00,  4.95e+01)
10     -0.008   3.86e-02  -9.05e-04   5.04e-03  -4.45e-02   0.00e+00 (  2.67e+01,  9.52e+01)
15     -0.014   1.83e-01   1.04e-01  -1.82e-02  -9.29e-02   0.00e+00 (  1.07e+02,  1.29e+02)
20      0.058   1.74e-01   1.21e-01  -1.38e-02   4.40e-01   0.00e+00 (  1.05e+02,  1.54e+02)
25      0.073   1.85e-01   1.42e-01   6.56e-03   6.25e-01   0.00e+00 (  1.19e+02,  1.72e+02)
30      0.150   3.23e-01   3.12e-01   8.35e-02   1.42e+00   0.00e+00 (  2.00e+02,  1.83e+02)
35      0.116   3.04e-01   2.95e-01   1.09e-01   1.19e+00   0.00e+00 (  1.63e+02,  1.86e+02)
40      0.107   3.11e-01   3.25e-01   1.15e-01   1.18e+00   0.00e+00 (  1.52e+02,  1.82e+02)
45      0.121   3.37e-01   3.81e-01   1.73e-01   1.41e+00   0.00e+00 (  1.48e+02,  1.71e+02)
50      0.138   3.74e-01   4.57e-01   2.10e-01   1.69e+00   0.00e+00 (  1.41e+02,  1.55e+02)
55      0.122   3.65e-01   4.55e-01   2.70e-01   1.56e+00   0.00e+00 (  1.21e+02,  1.37e+02)
60      0.138   3.94e-01   5.43e-01   3.48e-01   1.83e+00   0.00e+00 (  1.12e+02,  1.18e+02)
65      0.162   4.31e-01   6.54e-01   4.51e-01   2.22e+00   0.00e+00 (  1.02e+02,  1.02e+02)
70      0.170   4.34e-01   6.91e-01   5.20e-01   2.39e+00   0.00e+00 (  8.74e+01,  9.31e+01)
75      0.178   4.28e-01   7.24e-01   5.93e-01   2.56e+00   0.00e+00 (  7.38e+01,  8.72e+01)
80      0.184   4.11e-01   7.48e-01   6.38e-01   2.70e+00   0.00e+00 (  6.03e+01,  7.99e+01)
85      0.183   3.75e-01   7.20e-01   6.19e-01   2.73e+00   0.00e+00 (  4.45e+01,  6.93e+01)
90      0.208   4.36e-01   8.77e-01   7.55e-01   3.40e+00   0.00e+00 (  5.71e+01,  5.54e+01)
95      2.040   4.20e+00   5.57e+00   4.12e+00   1.31e+02   0.00e+00 (  2.32e+03,  4.04e+01)
45 e: 7.083e-04 i: 4.770e-04 :: e: 2.948e-02 i: 3.380e-02 :: n: 2.762e+01 e:21.991 i:31.424 v:4.993e+03
>>> tau_he = 5.000000, nhe(0)=3.464054e+00
 5     -0.021   1.28e-02   1.82e+00   5.90e-03  -9.36e-02   0.00e+00 (  5.54e+00,  4.95e+01)
10     -0.008   3.86e-02  -6.19e-04   5.52e-03  -4.16e-02   0.00e+00 (  2.62e+01,  9.52e+01)
15     -0.011   1.78e-01   9.62e-02  -1.40e-02  -7.04e-02   0.00e+00 (  1.02e+02,  1.29e+02)
20      0.077   1.71e-01   1.14e-01  -8.39e-03   5.84e-01   0.00e+00 (  1.02e+02,  1.54e+02)
25      0.073   1.82e-01   1.32e-01   9.60e-03   6.26e-01   0.00e+00 (  1.15e+02,  1.72e+02)
30      0.073   2.19e-01   1.63e-01   1.76e-03   6.90e-01   0.00e+00 (  1.30e+02,  1.83e+02)
35      0.061   2.28e-01   1.80e-01   5.27e-02   6.29e-01   0.00e+00 (  1.19e+02,  1.86e+02)
40      0.103   3.01e-01   2.99e-01   1.07e-01   1.13e+00   0.00e+00 (  1.43e+02,  1.82e+02)
45      0.115   3.21e-01   3.44e-01   1.54e-01   1.35e+00   0.00e+00 (  1.36e+02,  1.71e+02)
50      0.132   3.56e-01   4.12e-01   1.93e-01   1.62e+00   0.00e+00 (  1.29e+02,  1.55e+02)
55      0.120   3.48e-01   4.20e-01   2.49e-01   1.54e+00   0.00e+00 (  1.12e+02,  1.37e+02)
60      0.139   3.78e-01   5.08e-01   3.30e-01   1.85e+00   0.00e+00 (  1.03e+02,  1.18e+02)
65      0.166   4.13e-01   6.23e-01   4.34e-01   2.28e+00   0.00e+00 (  9.36e+01,  1.02e+02)
70      0.177   4.20e-01   6.76e-01   5.12e-01   2.49e+00   0.00e+00 (  8.11e+01,  9.31e+01)
75      0.189   4.24e-01   7.26e-01   5.96e-01   2.72e+00   0.00e+00 (  6.96e+01,  8.72e+01)
80      0.199   4.19e-01   7.70e-01   6.61e-01   2.92e+00   0.00e+00 (  5.84e+01,  7.99e+01)
85      0.200   3.99e-01   7.61e-01   6.52e-01   2.97e+00   0.00e+00 (  4.47e+01,  6.93e+01)
90      0.217   4.48e-01   9.01e-01   7.75e-01   3.53e+00   0.00e+00 (  5.72e+01,  5.54e+01)
95      2.040   4.20e+00   5.57e+00   4.12e+00   1.31e+02   0.00e+00 (  2.32e+03,  4.04e+01)
46 e: 7.040e-04 i: 2.319e-04 :: e: 2.951e-02 i: 3.394e-02 :: n: 2.762e+01 e:22.591 i:31.014 v:4.993e+03
>>> tau_he = 5.000000, nhe(0)=3.443726e+00
 5     -0.021   1.26e-02   1.84e+00   6.17e-03  -9.31e-02   0.00e+00 (  5.51e+00,  4.95e+01)
10     -0.008   3.85e-02  -1.01e-03   5.06e-03  -4.46e-02   0.00e+00 (  2.66e+01,  9.52e+01)
15     -0.015   1.84e-01   1.05e-01  -1.84e-02  -9.84e-02   0.00e+00 (  1.07e+02,  1.29e+02)
20      0.047   1.64e-01   1.08e-01  -1.44e-02   3.58e-01   0.00e+00 (  1.01e+02,  1.54e+02)
25      0.143   3.04e-01   3.32e-01   8.43e-02   1.23e+00   0.00e+00 (  1.97e+02,  1.72e+02)
30      0.079   2.26e-01   1.76e-01  -3.41e-03   7.48e-01   0.00e+00 (  1.38e+02,  1.83e+02)
35      0.117   3.06e-01   2.99e-01   1.10e-01   1.21e+00   0.00e+00 (  1.65e+02,  1.86e+02)
40      0.107   3.12e-01   3.27e-01   1.16e-01   1.18e+00   0.00e+00 (  1.53e+02,  1.82e+02)
45      0.120   3.37e-01   3.81e-01   1.72e-01   1.41e+00   0.00e+00 (  1.48e+02,  1.71e+02)
50      0.138   3.75e-01   4.59e-01   2.11e-01   1.70e+00   0.00e+00 (  1.41e+02,  1.55e+02)
55      0.170   4.31e-01   6.08e-01   3.28e-01   2.18e+00   0.00e+00 (  1.44e+02,  1.37e+02)
60      0.138   3.96e-01   5.46e-01   3.50e-01   1.84e+00   0.00e+00 (  1.12e+02,  1.18e+02)
65      0.162   4.33e-01   6.57e-01   4.53e-01   2.22e+00   0.00e+00 (  1.03e+02,  1.02e+02)
70      0.170   4.35e-01   6.94e-01   5.22e-01   2.39e+00   0.00e+00 (  8.81e+01,  9.31e+01)
75      0.178   4.30e-01   7.26e-01   5.95e-01   2.56e+00   0.00e+00 (  7.43e+01,  8.72e+01)
80      0.184   4.12e-01   7.50e-01   6.39e-01   2.70e+00   0.00e+00 (  6.07e+01,  7.99e+01)
85      0.183   3.75e-01   7.20e-01   6.19e-01   2.72e+00   0.00e+00 (  4.47e+01,  6.93e+01)
90      0.208   4.36e-01   8.76e-01   7.55e-01   3.39e+00   0.00e+00 (  5.72e+01,  5.54e+01)
95      2.040   4.20e+00   5.57e+00   4.12e+00   1.31e+02   0.00e+00 (  2.32e+03,  4.04e+01)
47 e: 8.196e-04 i: 6.153e-04 :: e: 3.978e-02 i: 5.027e-02 :: n: 2.762e+01 e:21.988 i:31.439 v:4.993e+03
>>> tau_he = 5.000000, nhe(0)=3.464820e+00
 5     -0.021   1.29e-02   1.84e+00   5.90e-03  -9.36e-02   0.00e+00 (  5.55e+00,  4.95e+01)
10     -0.008   3.86e-02  -6.71e-04   5.51e-03  -4.17e-02   0.00e+00 (  2.62e+01,  9.52e+01)
15     -0.011   1.79e-01   9.74e-02  -1.46e-02  -7.42e-02   0.00e+00 (  1.02e+02,  1.29e+02)
20      0.076   1.72e-01   1.16e-01  -9.47e-03   5.75e-01   0.00e+00 (  1.03e+02,  1.54e+02)
25      0.069   1.81e-01   1.27e-01   9.72e-03   5.87e-01   0.00e+00 (  1.13e+02,  1.72e+02)
30      0.076   2.18e-01   1.63e-01   2.13e-03   7.20e-01   0.00e+00 (  1.29e+02,  1.83e+02)
35      0.112   2.95e-01   2.74e-01   9.78e-02   1.15e+00   0.00e+00 (  1.55e+02,  1.86e+02)
40      0.103   3.01e-01   2.99e-01   1.08e-01   1.13e+00   0.00e+00 (  1.43e+02,  1.82e+02)
45      0.115   3.21e-01   3.43e-01   1.54e-01   1.34e+00   0.00e+00 (  1.35e+02,  1.71e+02)
50      0.131   3.54e-01   4.09e-01   1.93e-01   1.61e+00   0.00e+00 (  1.28e+02,  1.55e+02)
55      0.117   3.44e-01   4.10e-01   2.45e-01   1.50e+00   0.00e+00 (  1.10e+02,  1.37e+02)
60      0.139   3.77e-01   5.04e-01   3.28e-01   1.84e+00   0.00e+00 (  1.03e+02,  1.18e+02)
65      0.167   4.14e-01   6.24e-01   4.35e-01   2.29e+00   0.00e+00 (  9.38e+01,  1.02e+02)
70      0.178   4.22e-01   6.78e-01   5.13e-01   2.50e+00   0.00e+00 (  8.14e+01,  9.31e+01)
75      0.190   4.26e-01   7.30e-01   5.98e-01   2.73e+00   0.00e+00 (  6.99e+01,  8.72e+01)
80      0.201   4.21e-01   7.75e-01   6.65e-01   2.94e+00   0.00e+00 (  5.88e+01,  7.99e+01)
85      0.201   4.02e-01   7.66e-01   6.57e-01   2.99e+00   0.00e+00 (  4.49e+01,  6.93e+01)
90      0.217   4.49e-01   9.03e-01   7.77e-01   3.54e+00   0.00e+00 (  5.73e+01,  5.54e+01)
95      2.040   4.20e+00   5.57e+00   4.12e+00   1.31e+02   0.00e+00 (  2.32e+03,  4.04e+01)
48 e: 7.374e-04 i: 2.789e-04 :: e: 2.337e-02 i: 2.897e-02 :: n: 2.762e+01 e:22.599 i:30.961 v:4.993e+03
>>> tau_he = 5.000000, nhe(0)=3.440996e+00
 5     -0.021   1.25e-02   1.85e+00   6.18e-03  -9.29e-02   0.00e+00 (  5.50e+00,  4.95e+01)
10     -0.008   3.84e-02  -1.05e-03   5.06e-03  -4.46e-02   0.00e+00 (  2.65e+01,  9.52e+01)
15      0.003   1.84e-01   1.05e-01  -2.02e-02   2.01e-02   0.00e+00 (  1.08e+02,  1.29e+02)
20      0.046   1.65e-01   1.11e-01  -1.50e-02   3.47e-01   0.00e+00 (  1.02e+02,  1.54e+02)
25      0.069   1.86e-01   1.40e-01   1.08e-02   5.88e-01   0.00e+00 (  1.20e+02,  1.72e+02)
30      0.079   2.26e-01   1.77e-01  -3.74e-03   7.50e-01   0.00e+00 (  1.38e+02,  1.83e+02)
35      0.117   3.05e-01   2.98e-01   1.10e-01   1.20e+00   0.00e+00 (  1.64e+02,  1.86e+02)
40      0.107   3.12e-01   3.28e-01   1.16e-01   1.18e+00   0.00e+00 (  1.53e+02,  1.82e+02)
45      0.121   3.38e-01   3.82e-01   1.73e-01   1.41e+00   0.00e+00 (  1.48e+02,  1.71e+02)
50      0.138   3.75e-01   4.60e-01   2.11e-01   1.70e+00   0.00e+00 (  1.41e+02,  1.55e+02)
55      0.120   3.64e-01   4.52e-01   2.68e-01   1.53e+00   0.00e+00 (  1.21e+02,  1.37e+02)
60      0.138   3.96e-01   5.46e-01   3.50e-01   1.83e+00   0.00e+00 (  1.13e+02,  1.18e+02)
65      0.163   4.34e-01   6.60e-01   4.55e-01   2.23e+00   0.00e+00 (  1.03e+02,  1.02e+02)
70      0.170   4.38e-01   6.97e-01   5.24e-01   2.39e+00   0.00e+00 (  8.89e+01,  9.31e+01)
75      0.178   4.32e-01   7.29e-01   5.97e-01   2.56e+00   0.00e+00 (  7.50e+01,  8.72e+01)
80      0.184   4.14e-01   7.52e-01   6.41e-01   2.70e+00   0.00e+00 (  6.12e+01,  7.99e+01)
85      0.183   3.75e-01   7.22e-01   6.20e-01   2.72e+00   0.00e+00 (  4.50e+01,  6.93e+01)
90      0.208   4.36e-01   8.77e-01   7.56e-01   3.39e+00   0.00e+00 (  5.73e+01,  5.54e+01)
95      2.040   4.20e+00   5.57e+00   4.12e+00   1.31e+02   0.00e+00 (  2.32e+03,  4.04e+01)
49 e: 8.311e-04 i: 3.458e-04 :: e: 1.977e-02 i: 2.436e-02 :: n: 2.762e+01 e:21.979 i:31.517 v:4.993e+03
 plasma volume = 149.295322
 stored energy(e,i,b,a) = 5.862163e+01 5.937530e+01 0.000000e+00 0.000000e+00
 betan = 1.334948
*power
 Pnb(e,i) = 0.000000e+00 0.000000e+00
 Prf(e,i) = 5.809052e+00 3.420488e+01
 Prad     = -7.853381e+01 
 Pei      = 2.185243e+01 
 Pfuse    = 5.805119e+01 
 Pfusi    = 1.830374e+01 
 Poh      = 0.000000e+00 
*confinement time
 taut, tauITER98y2, H98y2 : 3.118720e+00 2.599502e+00 1.199738e+00
 taue, taui : 8.165876e+00 -1.673163e+01
 taut, tau89, H89 : 3.118720e+00 1.126474e+00 2.768569e+00
*temperature
 nea, nebar : 1.945941e+01 2.196893e+01 
 tea, tia : 7.566616e+00 8.393440e+00 (9.014916e-01)
 te0, ti0 : 1.943843e+01 2.722654e+01 (7.139517e-01)
 Sn : 0.000000e+00 
*current balance
 Ip,Ibs,Inb,Irf: 1.000000e+01 2.016177e+00 0.000000e+00 9.525805e-02
 fni,fbs: 0.211 0.202

 plasma volume = 149.295322
 stored energy(e,i,b,a) = 5.862163e+01 5.937530e+01 0.000000e+00 0.000000e+00
 betan = 1.334948
*power
 Pnb(e,i) = 0.000000e+00 0.000000e+00
 Prf(e,i) = 5.809052e+00 3.420488e+01
 Prad     = -7.853381e+01 
 Pei      = 2.185243e+01 
 Pfuse    = 5.805119e+01 
 Pfusi    = 1.830374e+01 
 Poh      = 0.000000e+00 
*confinement time
 taut, tauITER98y2, H98y2 : 3.118720e+00 2.599502e+00 1.199738e+00
 taue, taui : 8.165876e+00 -1.673163e+01
 taut, tau89, H89 : 3.118720e+00 1.126474e+00 2.768569e+00
*temperature
 nea, nebar : 1.945941e+01 2.196893e+01 
 tea, tia : 7.566616e+00 8.393440e+00 (9.014916e-01)
 te0, ti0 : 1.943843e+01 2.722654e+01 (7.139517e-01)
 Sn : 0.000000e+00 
*current balance
 Ip,Ibs,Inb,Irf: 1.000000e+01 2.016177e+00 0.000000e+00 9.525805e-02
 fni,fbs: 0.211 0.202
 ELAPASED TIME = 46 sec

finalize
