========================================================================
= FASTRAN

nonlinear model = 0
ichi = 0
ineo = 0
reading state...
read formatted input, inprof...
init geometry...
read formatted input, inmetric...
nrho in inmetric = 101
rhob in inmetric = 1.265061e+00
solve avg grad-shafranv...
solve_avg_gs::Ip_temp = 9.992534e+00 
solve_avg_gs::Ip      = 1.000000e+01 
>>> tau_he = 5.000000, nhe(0)=2.522728e+00

 plasma volume = 148.946467
 stored energy(e,i,b) = 6.031992e+01 5.805307e+01 0.000000e+00
 betan = 1.346556
*power
 Pnb(e,i) = 0.000000e+00 0.000000e+00
 Prf(e,i) = 9.998016e+00 2.999405e+01
 Prad     = -1.040965e+01 
 Pei      = 1.290223e+00 
 Pfuse    = 6.303720e+01 
 Pfusi    = 2.113918e+01 
 Poh      = 0.000000e+00 
*confinement time
 taut, tauITER98y2, H98y2 : 1.040561e+00 1.172399e+00 8.875491e-01
 taue, taui : 9.437406e-01 2.924742e+00
 taut, tau89, H89 : 1.040561e+00 6.422799e-01 1.620106e+00
*temperature
 nea, nebar : 1.709095e+01 2.036541e+01 
 tea, tia : 8.601361e+00 8.654658e+00 (9.938419e-01)
 te0, ti0 : 1.881549e+01 1.901571e+01 (9.894705e-01)
 Sn : 1.513921e+03 
*current balance
 Ip,Ibs,Inb,Irf: 1.000000e+01 1.870812e+00 0.000000e+00 0.000000e+00
 fni,fbs: 0.187 0.187

Time advancing...
rho_bdry 0.900000 ...
te_bdry = 5.003038
ti_bdry = 5.003033
ne_bdry = 12.097497
rv_bdry = 279.463030
nrho_tr_bdry = 18
drho_bdry = 0.000000e+00
nrhob = 90
 [    0] t = 0.0000 
>>> tau_he = 5.000000, nhe(0)=2.512765e+00
 5     -0.000   4.85e-04   1.57e-03  -8.67e-04  -4.16e-04   4.01e-05 (  8.67e-02,  3.68e+01)
10     -0.000   3.62e-04   1.33e-03  -6.96e-04  -1.62e-03   2.37e-04 (  8.16e-02,  7.22e+01)
15     -0.000   4.23e-04   2.94e-04  -3.42e-04  -2.65e-03   1.02e-03 (  1.11e-01,  1.06e+02)
20     -0.000   2.27e-03   1.36e-02   8.89e-04  -3.66e-03   3.73e-03 (  6.67e-01,  1.36e+02)
25      0.002   8.25e-03   2.80e-03   1.19e-03   2.05e-02   1.20e-02 (  2.60e+00,  1.63e+02)
30      0.004   3.17e-02  -5.77e-03   1.24e-02   4.61e-02   3.42e-02 (  1.04e+01,  1.87e+02)
35      0.023   7.66e-02  -8.92e-03   2.45e-02   3.07e-01   8.76e-02 (  2.57e+01,  2.06e+02)
40      0.047   1.38e-01   5.15e-03   4.13e-02   6.78e-01   2.02e-01 (  4.60e+01,  2.21e+02)
45      0.071   2.08e-01   1.26e-01   1.34e-01   1.08e+00   4.21e-01 (  6.82e+01,  2.31e+02)
50      0.119   3.47e-01   3.19e-01   2.46e-01   1.89e+00   7.94e-01 (  1.09e+02,  2.37e+02)
55      0.162   4.70e-01   5.36e-01   3.40e-01   2.69e+00   1.36e+00 (  1.40e+02,  2.39e+02)
60      0.213   5.98e-01   7.88e-01   7.46e-01   3.66e+00   2.14e+00 (  1.65e+02,  2.37e+02)
65      0.278   7.38e-01   1.06e+00   8.35e-01   4.92e+00   3.07e+00 (  1.85e+02,  2.33e+02)
70      0.355   9.03e-01   1.40e+00   9.57e-01   6.45e+00   4.07e+00 (  2.01e+02,  2.26e+02)
75      0.416   1.03e+00   1.61e+00   1.05e+00   7.75e+00   5.01e+00 (  1.99e+02,  2.18e+02)
80      0.475   1.19e+00   1.72e+00   1.14e+00   9.16e+00   5.78e+00 (  1.97e+02,  2.10e+02)
85      0.555   1.38e+00   1.93e+00   1.30e+00   1.15e+01   6.32e+00 (  2.27e+02,  2.01e+02)
90      0.730   1.89e+00   2.96e+00   2.19e+00   1.87e+01   6.60e+00 (  6.09e+02,  1.92e+02)
95      0.491   1.57e+00   2.45e+00   2.33e+00   1.63e+01   6.69e+00 (  1.00e+03,  1.83e+02)
 0 n: 1.118e-07 e: 1.032e-06 i: 2.135e-06 :: e: 0.000e+00 i: 0.000e+00 :: n: 2.763e+01 e:18.815 i:19.016 v:4.993e+03
>>> tau_he = 5.000000, nhe(0)=2.500322e+00
 5     -0.000   5.07e-04   1.35e-03  -9.72e-04  -3.08e-04   4.01e-05 (  8.83e-02,  3.68e+01)
10     -0.000   3.63e-04   1.41e-03  -6.90e-04  -1.61e-03   2.37e-04 (  8.17e-02,  7.22e+01)
15     -0.000   4.24e-04   2.81e-04  -3.46e-04  -2.65e-03   1.02e-03 (  1.12e-01,  1.06e+02)
20     -0.000   2.29e-03   1.38e-02   9.17e-04  -3.67e-03   3.73e-03 (  6.72e-01,  1.36e+02)
25      0.002   8.42e-03   2.71e-03   1.21e-03   2.08e-02   1.20e-02 (  2.67e+00,  1.63e+02)
30      0.004   3.26e-02  -5.85e-03   1.26e-02   4.63e-02   3.42e-02 (  1.08e+01,  1.87e+02)
35      0.023   7.77e-02  -8.89e-03   2.46e-02   3.08e-01   8.76e-02 (  2.62e+01,  2.06e+02)
40      0.052   1.47e-01   1.28e-02   4.82e-02   7.51e-01   2.02e-01 (  4.95e+01,  2.21e+02)
45      0.076   2.20e-01   1.38e-01   1.43e-01   1.15e+00   4.21e-01 (  7.29e+01,  2.31e+02)
50      0.123   3.54e-01   3.33e-01   2.53e-01   1.95e+00   7.94e-01 (  1.11e+02,  2.37e+02)
55      0.165   4.74e-01   5.48e-01   3.48e-01   2.72e+00   1.36e+00 (  1.41e+02,  2.39e+02)
60      0.216   6.04e-01   8.00e-01   7.46e-01   3.71e+00   2.14e+00 (  1.66e+02,  2.37e+02)
65      0.279   7.41e-01   1.07e+00   8.36e-01   4.95e+00   3.07e+00 (  1.85e+02,  2.33e+02)
70      0.345   8.84e-01   1.36e+00   9.26e-01   6.26e+00   4.07e+00 (  1.95e+02,  2.26e+02)
75      0.415   1.03e+00   1.60e+00   1.04e+00   7.77e+00   5.01e+00 (  2.00e+02,  2.18e+02)
80      0.499   1.24e+00   1.83e+00   1.22e+00   9.71e+00   5.78e+00 (  2.14e+02,  2.10e+02)
85      0.564   1.41e+00   2.09e+00   1.45e+00   1.18e+01   6.32e+00 (  2.56e+02,  2.01e+02)
90      0.645   1.72e+00   2.70e+00   1.98e+00   1.58e+01   6.60e+00 (  4.80e+02,  1.92e+02)
95      0.491   1.57e+00   2.45e+00   2.33e+00   1.63e+01   6.69e+00 (  1.00e+03,  1.83e+02)
 1 n: 4.921e-01 e: 6.561e-02 i: 1.344e-01 :: e: 1.407e-02 i: 2.895e-02 :: n: 2.760e+01 e:18.790 i:18.959 v:4.993e+03
>>> tau_he = 5.000000, nhe(0)=1.624278e+00
 5     -0.136  -3.49e-05  -3.18e-03  -6.56e-04  -5.27e-03   4.01e-05 ( -4.78e-03,  3.68e+01)
10     -0.143  -3.96e-03  -1.73e-03  -1.55e-03  -3.03e-02   2.37e-04 ( -1.08e+00,  7.22e+01)
15     -0.209   2.85e-04   2.12e-03   1.34e-03  -2.85e-01   1.02e-03 (  1.16e-01,  1.06e+02)
20     -0.055   5.81e-02  -2.87e-02   1.04e-02  -2.49e-01   3.73e-03 (  3.07e+01,  1.36e+02)
25     -0.302   4.58e-01   3.31e-02   2.27e-01  -1.40e+00   1.20e-02 (  2.83e+02,  1.63e+02)
30     -0.101   6.13e-01   3.70e-01   4.22e-01  -5.97e-01   3.42e-02 (  3.82e+02,  1.87e+02)
35      0.296   9.23e-01   1.19e+00   1.00e+00   1.65e+00   8.76e-02 (  5.18e+02,  2.06e+02)
40      0.794   1.08e+00   1.89e+00   1.63e+00   4.91e+00   2.02e-01 (  5.27e+02,  2.21e+02)
45      0.376   8.50e-01   1.57e+00   1.33e+00   2.56e+00   4.21e-01 (  3.53e+02,  2.31e+02)
50      0.224   6.89e-01   1.28e+00   1.17e+00   1.64e+00   7.94e-01 (  2.28e+02,  2.37e+02)
55      0.135   5.69e-01   9.68e-01   9.56e-01   1.10e+00   1.36e+00 (  1.59e+02,  2.39e+02)
60      0.083   4.61e-01   7.12e-01   6.57e-01   7.92e-01   2.14e+00 (  1.11e+02,  2.37e+02)
65      0.045   3.50e-01   5.33e-01   2.86e-01   4.82e-01   3.07e+00 (  7.23e+01,  2.33e+02)
70      0.058   3.01e-01   3.96e-01   4.31e-01   6.57e-01   4.07e+00 (  5.38e+01,  2.26e+02)
75      0.078   3.09e-01   4.24e-01   3.95e-01   9.29e-01   5.01e+00 (  4.89e+01,  2.18e+02)
80      0.109   3.36e-01   5.18e-01   5.02e-01   1.30e+00   5.78e+00 (  4.69e+01,  2.10e+02)
85      0.094   2.58e-01   3.62e-01   3.66e-01   1.10e+00   6.32e+00 (  3.18e+01,  2.01e+02)
90      0.405   1.27e+00   2.24e+00   1.79e+00   7.78e+00   6.60e+00 (  3.02e+02,  1.92e+02)
95      0.491   1.57e+00   2.45e+00   2.33e+00   1.63e+01   6.69e+00 (  1.00e+03,  1.83e+02)
 2 n: 7.904e-03 e: 3.231e-02 i: 9.127e-02 :: e: 7.819e-01 i: 8.738e-01 :: n: 1.953e+01 e:25.369 i:22.626 v:4.993e+03
>>> tau_he = 5.000000, nhe(0)=1.919293e+00
 5     -0.270   1.22e-05  -5.92e-03  -1.19e-03  -1.07e-02   4.01e-05 (  2.39e-03,  3.68e+01)
10     -1.700  -6.39e-03   9.35e-03   3.04e-03  -3.71e-01   2.37e-04 ( -2.57e+00,  7.22e+01)
15     -1.505   1.02e-01  -1.57e-01   2.51e-02  -2.11e+00   1.02e-03 (  6.31e+01,  1.06e+02)
20     -0.497   4.19e-01   7.91e-02   2.07e-01  -2.38e+00   3.73e-03 (  3.16e+02,  1.36e+02)
25      0.073   8.00e-01   8.50e-01   4.88e-01   3.77e-01   1.20e-02 (  5.74e+02,  1.63e+02)
30      0.259   8.52e-01   9.66e-01   6.77e-01   1.61e+00   3.42e-02 (  5.66e+02,  1.87e+02)
35      0.207   8.15e-01   9.35e-01   8.07e-01   1.15e+00   8.76e-02 (  4.60e+02,  2.06e+02)
40      0.158   7.16e-01   9.03e-01   7.11e-01   9.74e-01   2.02e-01 (  3.45e+02,  2.21e+02)
45      0.207   7.37e-01   1.02e+00   9.26e-01   1.40e+00   4.21e-01 (  3.07e+02,  2.31e+02)
50      0.218   6.84e-01   1.01e+00   9.58e-01   1.61e+00   7.94e-01 (  2.24e+02,  2.37e+02)
55      0.193   5.57e-01   8.84e-01   8.60e-01   1.60e+00   1.36e+00 (  1.46e+02,  2.39e+02)
60      0.147   4.33e-01   6.65e-01   6.11e-01   1.49e+00   2.14e+00 (  9.27e+01,  2.37e+02)
65      0.113   3.33e-01   5.59e-01   4.17e-01   1.31e+00   3.07e+00 (  5.84e+01,  2.33e+02)
70      0.101   2.63e-01   4.65e-01   4.48e-01   1.24e+00   4.07e+00 (  3.79e+01,  2.26e+02)
75      0.127   3.05e-01   5.17e-01   4.25e-01   1.64e+00   5.01e+00 (  3.71e+01,  2.18e+02)
80      0.144   3.34e-01   5.23e-01   4.57e-01   1.86e+00   5.78e+00 (  3.41e+01,  2.10e+02)
85      0.120   2.71e-01   3.66e-01   3.45e-01   1.53e+00   6.32e+00 (  2.38e+01,  2.01e+02)
90      0.458   1.27e+00   2.28e+00   1.80e+00   9.06e+00   6.60e+00 (  2.80e+02,  1.92e+02)
95      0.491   1.57e+00   2.45e+00   2.33e+00   1.63e+01   6.69e+00 (  1.00e+03,  1.83e+02)
 3 n: 6.717e-03 e: 1.136e-02 i: 3.544e-02 :: e: 7.259e-01 i: 7.575e-01 :: n: 1.998e+01 e:26.429 i:26.980 v:4.993e+03
>>> tau_he = 5.000000, nhe(0)=1.869597e+00
 5     -0.240  -3.15e-03   7.01e-03  -2.11e-03  -9.74e-03   4.01e-05 ( -8.17e-01,  3.68e+01)
10     -5.940   1.22e-02  -2.87e-01   5.70e-03  -1.32e+00   2.37e-04 (  6.44e+00,  7.22e+01)
15     -2.851   2.32e-01  -3.77e-02   1.64e-01  -4.08e+00   1.02e-03 (  1.69e+02,  1.06e+02)
20     -0.360   4.15e-01   3.22e-01   2.99e-01  -1.72e+00   3.73e-03 (  3.05e+02,  1.36e+02)
25     -0.216   4.67e-01   4.72e-01   4.20e-01  -1.07e+00   1.20e-02 (  2.96e+02,  1.63e+02)
30      0.083   6.57e-01   7.35e-01   5.85e-01   5.00e-01   3.42e-02 (  3.90e+02,  1.87e+02)
35      0.119   7.02e-01   8.22e-01   7.42e-01   6.64e-01   8.76e-02 (  3.71e+02,  2.06e+02)
40      0.097   6.48e-01   8.54e-01   6.96e-01   5.97e-01   2.02e-01 (  3.05e+02,  2.21e+02)
45      0.155   6.92e-01   9.52e-01   9.65e-01   1.05e+00   4.21e-01 (  2.89e+02,  2.31e+02)
50      0.171   6.60e-01   9.92e-01   9.80e-01   1.26e+00   7.94e-01 (  2.27e+02,  2.37e+02)
55      0.153   5.71e-01   8.97e-01   8.91e-01   1.27e+00   1.36e+00 (  1.64e+02,  2.39e+02)
60      0.122   4.84e-01   7.51e-01   6.69e-01   1.28e+00   2.14e+00 (  1.16e+02,  2.37e+02)
65      0.097   3.81e-01   6.19e-01   5.81e-01   1.18e+00   3.07e+00 (  7.58e+01,  2.33e+02)
70      0.109   3.40e-01   5.67e-01   4.74e-01   1.44e+00   4.07e+00 (  5.57e+01,  2.26e+02)
75      0.137   3.65e-01   6.02e-01   4.30e-01   1.90e+00   5.01e+00 (  5.01e+01,  2.18e+02)
80      0.151   3.77e-01   5.73e-01   4.35e-01   2.10e+00   5.78e+00 (  4.34e+01,  2.10e+02)
85      0.143   3.49e-01   4.45e-01   3.59e-01   1.97e+00   6.32e+00 (  3.43e+01,  2.01e+02)
90      0.459   1.32e+00   2.25e+00   1.75e+00   9.34e+00   6.60e+00 (  2.97e+02,  1.92e+02)
95      0.491   1.57e+00   2.45e+00   2.33e+00   1.63e+01   6.69e+00 (  1.00e+03,  1.83e+02)
 4 n: 5.454e-03 e: 1.549e-02 i: 1.219e-02 :: e: 5.751e-01 i: 6.111e-01 :: n: 2.027e+01 e:26.942 i:25.005 v:4.993e+03
>>> tau_he = 5.000000, nhe(0)=1.833068e+00
 5     -0.223  -1.03e-03   6.10e-03  -1.89e-03  -9.27e-03   4.01e-05 ( -2.63e-01,  3.68e+01)
10     -4.257   1.29e-02  -2.58e-01  -2.77e-03  -9.70e-01   2.37e-04 (  6.54e+00,  7.22e+01)
15     -1.666   1.57e-01  -3.58e-02   1.07e-01  -2.44e+00   1.02e-03 (  9.61e+01,  1.06e+02)
20     -0.141   2.74e-01   1.38e-01   2.05e-01  -7.13e-01   3.73e-03 (  1.60e+02,  1.36e+02)
25     -0.050   3.24e-01   2.39e-01   2.78e-01  -2.68e-01   1.20e-02 (  1.66e+02,  1.63e+02)
30      0.073   3.82e-01   2.93e-01   3.36e-01   4.37e-01   3.42e-02 (  1.80e+02,  1.87e+02)
35      0.093   4.70e-01   4.49e-01   5.19e-01   5.26e-01   8.76e-02 (  2.03e+02,  2.06e+02)
40      0.148   5.29e-01   6.35e-01   5.86e-01   9.21e-01   2.02e-01 (  2.11e+02,  2.21e+02)
45      0.174   5.83e-01   7.27e-01   7.70e-01   1.19e+00   4.21e-01 (  2.11e+02,  2.31e+02)
50      0.182   5.37e-01   7.34e-01   7.97e-01   1.34e+00   7.94e-01 (  1.66e+02,  2.37e+02)
55      0.165   5.00e-01   7.23e-01   7.70e-01   1.39e+00   1.36e+00 (  1.34e+02,  2.39e+02)
60      0.141   4.50e-01   6.86e-01   6.11e-01   1.53e+00   2.14e+00 (  1.03e+02,  2.37e+02)
65      0.126   3.99e-01   6.51e-01   6.25e-01   1.63e+00   3.07e+00 (  7.79e+01,  2.33e+02)
70      0.148   3.98e-01   6.84e-01   5.33e-01   2.08e+00   4.07e+00 (  6.48e+01,  2.26e+02)
75      0.174   4.40e-01   7.56e-01   5.43e-01   2.57e+00   5.01e+00 (  6.01e+01,  2.18e+02)
80      0.196   4.73e-01   7.24e-01   5.33e-01   2.91e+00   5.78e+00 (  5.43e+01,  2.10e+02)
85      0.190   4.53e-01   6.36e-01   4.69e-01   2.80e+00   6.32e+00 (  4.47e+01,  2.01e+02)
90      0.496   1.34e+00   2.31e+00   1.79e+00   1.03e+01   6.60e+00 (  3.02e+02,  1.92e+02)
95      0.491   1.57e+00   2.45e+00   2.33e+00   1.63e+01   6.69e+00 (  1.00e+03,  1.83e+02)
 5 n: 3.560e-03 e: 3.273e-03 i: 6.669e-03 :: e: 4.009e-01 i: 3.974e-01 :: n: 2.064e+01 e:23.950 i:23.345 v:4.993e+03
>>> tau_he = 5.000000, nhe(0)=1.754389e+00
 5     -0.187  -1.07e-03   4.89e-03  -1.68e-03  -7.93e-03   4.01e-05 ( -2.71e-01,  3.68e+01)
10     -2.746   7.56e-04   1.43e-02   6.54e-03  -6.36e-01   2.37e-04 (  3.75e-01,  7.22e+01)
15     -1.094   8.12e-02  -3.22e-02   7.82e-02  -1.63e+00   1.02e-03 (  4.59e+01,  1.06e+02)
20     -0.050   2.29e-01   1.23e-01   1.68e-01  -2.66e-01   3.73e-03 (  1.22e+02,  1.36e+02)
25      0.026   2.56e-01   1.76e-01   2.27e-01   1.49e-01   1.20e-02 (  1.21e+02,  1.63e+02)
30      0.067   2.99e-01   2.42e-01   3.11e-01   4.00e-01   3.42e-02 (  1.31e+02,  1.87e+02)
35      0.102   3.64e-01   3.72e-01   4.54e-01   5.77e-01   8.76e-02 (  1.46e+02,  2.06e+02)
40      0.132   4.37e-01   5.35e-01   5.52e-01   8.22e-01   2.02e-01 (  1.63e+02,  2.21e+02)
45      0.149   4.80e-01   6.09e-01   6.80e-01   1.02e+00   4.21e-01 (  1.64e+02,  2.31e+02)
50      0.157   4.63e-01   6.39e-01   7.31e-01   1.16e+00   7.94e-01 (  1.40e+02,  2.37e+02)
55      0.140   4.52e-01   6.44e-01   7.00e-01   1.18e+00   1.36e+00 (  1.21e+02,  2.39e+02)
60      0.122   4.28e-01   6.38e-01   5.54e-01   1.35e+00   2.14e+00 (  1.01e+02,  2.37e+02)
65      0.125   4.26e-01   6.84e-01   7.35e-01   1.70e+00   3.07e+00 (  8.74e+01,  2.33e+02)
70      0.163   4.68e-01   7.81e-01   5.82e-01   2.41e+00   4.07e+00 (  8.12e+01,  2.26e+02)
75      0.187   4.96e-01   8.28e-01   5.57e-01   2.90e+00   5.01e+00 (  7.28e+01,  2.18e+02)
80      0.230   5.75e-01   8.82e-01   5.85e-01   3.60e+00   5.78e+00 (  7.15e+01,  2.10e+02)
85      0.247   6.06e-01   8.70e-01   6.42e-01   3.85e+00   6.32e+00 (  6.51e+01,  2.01e+02)
90      0.509   1.37e+00   2.33e+00   1.79e+00   1.08e+01   6.60e+00 (  3.15e+02,  1.92e+02)
95      0.491   1.57e+00   2.45e+00   2.33e+00   1.63e+01   6.69e+00 (  1.00e+03,  1.83e+02)
 6 n: 1.829e-03 e: 2.899e-03 i: 1.600e-03 :: e: 2.601e-01 i: 2.534e-01 :: n: 2.094e+01 e:23.086 i:21.484 v:4.993e+03
>>> tau_he = 5.000000, nhe(0)=1.735147e+00
 5     -0.172  -7.78e-04   4.55e-03  -1.55e-03  -7.35e-03   4.01e-05 ( -1.86e-01,  3.68e+01)
10     -2.224   2.88e-04   1.27e-02   6.92e-03  -5.22e-01   2.37e-04 (  1.34e-01,  7.22e+01)
15     -0.791   5.80e-02  -3.95e-02   6.49e-02  -1.19e+00   1.02e-03 (  3.00e+01,  1.06e+02)
20     -0.016   1.74e-01   7.14e-02   1.27e-01  -8.16e-02   3.73e-03 (  8.25e+01,  1.36e+02)
25      0.052   2.28e-01   1.60e-01   1.83e-01   2.78e-01   1.20e-02 (  9.85e+01,  1.63e+02)
30      0.080   2.42e-01   1.80e-01   2.57e-01   4.63e-01   3.42e-02 (  9.72e+01,  1.87e+02)
35      0.109   2.96e-01   2.84e-01   3.72e-01   6.18e-01   8.76e-02 (  1.09e+02,  2.06e+02)
40      0.139   3.46e-01   4.00e-01   4.66e-01   8.63e-01   2.02e-01 (  1.18e+02,  2.21e+02)
45      0.142   3.92e-01   4.80e-01   5.57e-01   9.70e-01   4.21e-01 (  1.24e+02,  2.31e+02)
50      0.150   4.02e-01   5.23e-01   6.23e-01   1.11e+00   7.94e-01 (  1.13e+02,  2.37e+02)
55      0.141   4.01e-01   5.56e-01   6.24e-01   1.21e+00   1.36e+00 (  1.02e+02,  2.39e+02)
60      0.127   3.98e-01   5.89e-01   5.01e-01   1.45e+00   2.14e+00 (  9.09e+01,  2.37e+02)
65      0.141   4.28e-01   6.91e-01   7.22e-01   1.99e+00   3.07e+00 (  8.58e+01,  2.33e+02)
70      0.178   4.84e-01   8.17e-01   5.88e-01   2.74e+00   4.07e+00 (  8.27e+01,  2.26e+02)
75      0.212   5.44e-01   8.90e-01   5.79e-01   3.42e+00   5.01e+00 (  7.91e+01,  2.18e+02)
80      0.267   6.62e-01   1.03e+00   6.90e-01   4.33e+00   5.78e+00 (  8.18e+01,  2.10e+02)
85      0.283   6.92e-01   9.84e-01   7.15e-01   4.60e+00   6.32e+00 (  7.41e+01,  2.01e+02)
90      0.525   1.40e+00   2.36e+00   1.80e+00   1.14e+01   6.60e+00 (  3.21e+02,  1.92e+02)
95      0.491   1.57e+00   2.45e+00   2.33e+00   1.63e+01   6.69e+00 (  1.00e+03,  1.83e+02)
 7 n: 9.361e-04 e: 3.505e-04 i: 8.845e-04 :: e: 1.814e-01 i: 1.750e-01 :: n: 2.114e+01 e:21.740 i:20.832 v:4.993e+03
>>> tau_he = 5.000000, nhe(0)=1.700020e+00
 5     -0.156  -7.75e-04   4.15e-03  -1.46e-03  -6.71e-03   4.01e-05 ( -1.83e-01,  3.68e+01)
10     -1.997  -2.24e-04   1.17e-02   6.78e-03  -4.73e-01   2.37e-04 ( -1.03e-01,  7.22e+01)
15     -0.686   4.84e-02  -3.96e-02   5.51e-02  -1.04e+00   1.02e-03 (  2.45e+01,  1.06e+02)
20     -0.018   1.54e-01   6.04e-02   1.19e-01  -9.20e-02   3.73e-03 (  7.03e+01,  1.36e+02)
25      0.047   2.09e-01   1.42e-01   1.76e-01   2.42e-01   1.20e-02 (  8.74e+01,  1.63e+02)
30      0.080   2.42e-01   2.02e-01   2.49e-01   4.58e-01   3.42e-02 (  9.52e+01,  1.87e+02)
35      0.101   2.76e-01   2.61e-01   3.55e-01   5.69e-01   8.76e-02 (  1.00e+02,  2.06e+02)
40      0.128   3.22e-01   3.61e-01   4.40e-01   8.00e-01   2.02e-01 (  1.08e+02,  2.21e+02)
45      0.131   3.60e-01   4.41e-01   5.36e-01   8.89e-01   4.21e-01 (  1.12e+02,  2.31e+02)
50      0.140   3.75e-01   4.87e-01   5.87e-01   1.04e+00   7.94e-01 (  1.06e+02,  2.37e+02)
55      0.131   3.81e-01   5.27e-01   5.98e-01   1.13e+00   1.36e+00 (  9.78e+01,  2.39e+02)
60      0.118   3.90e-01   5.72e-01   4.63e-01   1.39e+00   2.14e+00 (  9.05e+01,  2.37e+02)
65      0.144   4.45e-01   7.15e-01   6.98e-01   2.09e+00   3.07e+00 (  9.11e+01,  2.33e+02)
70      0.186   5.15e-01   8.52e-01   5.84e-01   2.96e+00   4.07e+00 (  9.02e+01,  2.26e+02)
75      0.237   6.18e-01   9.87e-01   6.11e-01   3.94e+00   5.01e+00 (  9.24e+01,  2.18e+02)
80      0.279   7.00e-01   1.06e+00   6.91e-01   4.66e+00   5.78e+00 (  8.90e+01,  2.10e+02)
85      0.304   7.51e-01   1.04e+00   7.36e-01   5.09e+00   6.32e+00 (  8.30e+01,  2.01e+02)
90      0.531   1.41e+00   2.36e+00   1.80e+00   1.16e+01   6.60e+00 (  3.26e+02,  1.92e+02)
95      0.491   1.57e+00   2.45e+00   2.33e+00   1.63e+01   6.69e+00 (  1.00e+03,  1.83e+02)
 8 n: 5.687e-04 e: 4.279e-04 i: 1.582e-04 :: e: 1.455e-01 i: 1.402e-01 :: n: 2.129e+01 e:21.481 i:20.117 v:4.993e+03
>>> tau_he = 5.000000, nhe(0)=1.704185e+00
 5     -0.147  -6.49e-04   4.15e-03  -1.41e-03  -6.39e-03   4.01e-05 ( -1.48e-01,  3.68e+01)
10     -1.703  -1.96e-04   1.53e-02   6.04e-03  -4.06e-01   2.37e-04 ( -8.74e-02,  7.22e+01)
15     -0.614   5.78e-02  -6.57e-02   2.95e-02  -9.35e-01   1.02e-03 (  2.83e+01,  1.06e+02)
20      0.011   1.39e-01   4.23e-02   1.05e-01   5.80e-02   3.73e-03 (  6.11e+01,  1.36e+02)
25      0.048   1.93e-01   1.20e-01   1.61e-01   2.39e-01   1.20e-02 (  7.75e+01,  1.63e+02)
30      0.080   2.25e-01   1.75e-01   2.26e-01   4.50e-01   3.42e-02 (  8.56e+01,  1.87e+02)
35      0.107   2.62e-01   2.32e-01   3.40e-01   6.07e-01   8.76e-02 (  9.20e+01,  2.06e+02)
40      0.133   3.08e-01   3.25e-01   4.31e-01   8.32e-01   2.02e-01 (  1.00e+02,  2.21e+02)
45      0.136   3.44e-01   4.01e-01   4.98e-01   9.26e-01   4.21e-01 (  1.04e+02,  2.31e+02)
50      0.137   3.61e-01   4.49e-01   5.52e-01   1.02e+00   7.94e-01 (  9.95e+01,  2.37e+02)
55      0.131   3.66e-01   5.00e-01   5.70e-01   1.16e+00   1.36e+00 (  9.25e+01,  2.39e+02)
60      0.122   3.83e-01   5.60e-01   4.39e-01   1.47e+00   2.14e+00 (  8.80e+01,  2.37e+02)
65      0.154   4.54e-01   7.28e-01   6.79e-01   2.31e+00   3.07e+00 (  9.20e+01,  2.33e+02)
70      0.198   5.32e-01   8.74e-01   5.84e-01   3.23e+00   4.07e+00 (  9.23e+01,  2.26e+02)
75      0.250   6.43e-01   1.01e+00   6.21e-01   4.25e+00   5.01e+00 (  9.50e+01,  2.18e+02)
80      0.300   7.49e-01   1.11e+00   7.16e-01   5.11e+00   5.78e+00 (  9.44e+01,  2.10e+02)
85      0.322   7.96e-01   1.09e+00   7.62e-01   5.51e+00   6.32e+00 (  8.74e+01,  2.01e+02)
90      0.538   1.43e+00   2.37e+00   1.79e+00   1.19e+01   6.60e+00 (  3.29e+02,  1.92e+02)
95      0.491   1.57e+00   2.45e+00   2.33e+00   1.63e+01   6.69e+00 (  1.00e+03,  1.83e+02)
 9 n: 3.049e-04 e: 5.833e-05 i: 1.242e-04 :: e: 1.213e-01 i: 1.368e-01 :: n: 2.142e+01 e:20.950 i:19.950 v:4.993e+03
>>> tau_he = 5.000000, nhe(0)=1.696825e+00
 5     -0.141  -6.62e-04   4.01e-03  -1.38e-03  -6.16e-03   4.01e-05 ( -1.51e-01,  3.68e+01)
10     -1.632  -5.04e-04   1.48e-02   5.81e-03  -3.92e-01   2.37e-04 ( -2.25e-01,  7.22e+01)
15     -0.470   5.80e-02  -7.48e-02   2.96e-02  -7.19e-01   1.02e-03 (  2.82e+01,  1.06e+02)
20      0.000   1.36e-01   4.06e-02   1.12e-01   4.69e-04   3.73e-03 (  5.91e+01,  1.36e+02)
25      0.047   1.90e-01   1.16e-01   1.59e-01   2.30e-01   1.20e-02 (  7.62e+01,  1.63e+02)
30      0.079   2.20e-01   1.71e-01   2.24e-01   4.37e-01   3.42e-02 (  8.38e+01,  1.87e+02)
35      0.103   2.62e-01   2.29e-01   3.37e-01   5.86e-01   8.76e-02 (  9.24e+01,  2.06e+02)
40      0.130   3.03e-01   3.19e-01   4.28e-01   8.15e-01   2.02e-01 (  9.93e+01,  2.21e+02)
45      0.133   3.39e-01   3.95e-01   4.95e-01   9.08e-01   4.21e-01 (  1.03e+02,  2.31e+02)
50      0.134   3.59e-01   4.46e-01   5.51e-01   1.00e+00   7.94e-01 (  1.00e+02,  2.37e+02)
55      0.127   3.68e-01   5.00e-01   5.67e-01   1.14e+00   1.36e+00 (  9.45e+01,  2.39e+02)
60      0.116   3.87e-01   5.92e-01   4.08e-01   1.44e+00   2.14e+00 (  9.05e+01,  2.37e+02)
65      0.158   4.71e-01   7.51e-01   6.64e-01   2.42e+00   3.07e+00 (  9.71e+01,  2.33e+02)
70      0.205   5.55e-01   8.97e-01   5.84e-01   3.40e+00   4.07e+00 (  9.77e+01,  2.26e+02)
75      0.256   6.63e-01   1.03e+00   6.20e-01   4.41e+00   5.01e+00 (  9.93e+01,  2.18e+02)
80      0.307   7.71e-01   1.13e+00   7.16e-01   5.29e+00   5.78e+00 (  9.84e+01,  2.10e+02)
85      0.332   8.22e-01   1.11e+00   7.65e-01   5.75e+00   6.32e+00 (  9.18e+01,  2.01e+02)
90      0.541   1.44e+00   2.37e+00   1.79e+00   1.20e+01   6.60e+00 (  3.32e+02,  1.92e+02)
95      0.491   1.57e+00   2.45e+00   2.33e+00   1.63e+01   6.69e+00 (  1.00e+03,  1.83e+02)
10 n: 2.374e-04 e: 4.776e-05 i: 6.936e-05 :: e: 9.645e-02 i: 1.129e-01 :: n: 2.151e+01 e:20.955 i:19.708 v:4.993e+03
>>> tau_he = 5.000000, nhe(0)=1.710932e+00
 5     -0.138  -6.06e-04   4.07e-03  -1.37e-03  -6.09e-03   4.01e-05 ( -1.36e-01,  3.68e+01)
10     -1.576  -7.46e-04   1.46e-02   5.57e-03  -3.81e-01   2.37e-04 ( -3.29e-01,  7.22e+01)
15     -0.432   5.18e-02  -7.99e-02   2.49e-02  -6.64e-01   1.02e-03 (  2.47e+01,  1.06e+02)
20     -0.008   1.26e-01   3.93e-02   1.03e-01  -3.71e-02   3.73e-03 (  5.41e+01,  1.36e+02)
25      0.046   1.87e-01   1.10e-01   1.57e-01   2.22e-01   1.20e-02 (  7.39e+01,  1.63e+02)
30      0.077   2.19e-01   1.63e-01   2.20e-01   4.20e-01   3.42e-02 (  8.30e+01,  1.87e+02)
35      0.105   2.59e-01   2.21e-01   3.31e-01   5.93e-01   8.76e-02 (  9.10e+01,  2.06e+02)
40      0.132   2.99e-01   3.09e-01   4.20e-01   8.22e-01   2.02e-01 (  9.77e+01,  2.21e+02)
45      0.135   3.35e-01   3.84e-01   4.87e-01   9.19e-01   4.21e-01 (  1.02e+02,  2.31e+02)
50      0.136   3.58e-01   4.41e-01   5.47e-01   1.02e+00   7.94e-01 (  9.99e+01,  2.37e+02)
55      0.129   3.70e-01   4.99e-01   5.62e-01   1.17e+00   1.36e+00 (  9.55e+01,  2.39e+02)
60      0.120   3.95e-01   6.00e-01   4.00e-01   1.52e+00   2.14e+00 (  9.29e+01,  2.37e+02)
65      0.165   4.84e-01   7.67e-01   6.59e-01   2.58e+00   3.07e+00 (  9.98e+01,  2.33e+02)
70      0.213   5.71e-01   9.14e-01   5.89e-01   3.59e+00   4.07e+00 (  1.00e+02,  2.26e+02)
75      0.264   6.78e-01   1.05e+00   6.27e-01   4.59e+00   5.01e+00 (  1.01e+02,  2.18e+02)
80      0.315   7.89e-01   1.15e+00   7.26e-01   5.48e+00   5.78e+00 (  1.00e+02,  2.10e+02)
85      0.342   8.47e-01   1.14e+00   7.82e-01   5.98e+00   6.32e+00 (  9.43e+01,  2.01e+02)
90      0.546   1.44e+00   2.37e+00   1.79e+00   1.22e+01   6.60e+00 (  3.33e+02,  1.92e+02)
95      0.491   1.57e+00   2.45e+00   2.33e+00   1.63e+01   6.69e+00 (  1.00e+03,  1.83e+02)
11 n: 1.463e-04 e: 6.424e-05 i: 4.280e-05 :: e: 7.505e-02 i: 9.649e-02 :: n: 2.159e+01 e:20.795 i:19.743 v:4.993e+03
>>> tau_he = 5.000000, nhe(0)=1.717181e+00
 5     -0.137  -6.23e-04   4.05e-03  -1.38e-03  -6.06e-03   4.01e-05 ( -1.41e-01,  3.68e+01)
10     -1.574  -9.67e-04   1.46e-02   5.40e-03  -3.82e-01   2.37e-04 ( -4.28e-01,  7.22e+01)
15     -0.415   4.81e-02  -8.28e-02   2.28e-02  -6.41e-01   1.02e-03 (  2.30e+01,  1.06e+02)
20     -0.010   1.26e-01   3.78e-02   1.04e-01  -4.48e-02   3.73e-03 (  5.41e+01,  1.36e+02)
25      0.043   1.89e-01   1.14e-01   1.66e-01   2.00e-01   1.20e-02 (  7.52e+01,  1.63e+02)
30      0.076   2.22e-01   1.67e-01   2.27e-01   4.10e-01   3.42e-02 (  8.48e+01,  1.87e+02)
35      0.105   2.63e-01   2.28e-01   3.40e-01   5.95e-01   8.76e-02 (  9.37e+01,  2.06e+02)
40      0.131   3.03e-01   3.15e-01   4.27e-01   8.20e-01   2.02e-01 (  1.00e+02,  2.21e+02)
45      0.134   3.39e-01   3.91e-01   4.95e-01   9.13e-01   4.21e-01 (  1.05e+02,  2.31e+02)
50      0.136   3.65e-01   4.51e-01   5.59e-01   1.02e+00   7.94e-01 (  1.04e+02,  2.37e+02)
55      0.128   3.80e-01   5.12e-01   5.69e-01   1.18e+00   1.36e+00 (  1.00e+02,  2.39e+02)
60      0.121   4.08e-01   6.16e-01   3.96e-01   1.56e+00   2.14e+00 (  9.81e+01,  2.37e+02)
65      0.168   5.00e-01   7.87e-01   6.58e-01   2.67e+00   3.07e+00 (  1.05e+02,  2.33e+02)
70      0.220   5.93e-01   9.39e-01   5.98e-01   3.75e+00   4.07e+00 (  1.06e+02,  2.26e+02)
75      0.271   6.99e-01   1.07e+00   6.35e-01   4.74e+00   5.01e+00 (  1.05e+02,  2.18e+02)
80      0.319   8.01e-01   1.16e+00   7.32e-01   5.59e+00   5.78e+00 (  1.03e+02,  2.10e+02)
85      0.352   8.74e-01   1.16e+00   8.02e-01   6.20e+00   6.32e+00 (  9.87e+01,  2.01e+02)
90      0.548   1.45e+00   2.38e+00   1.79e+00   1.23e+01   6.60e+00 (  3.35e+02,  1.92e+02)
95      0.491   1.57e+00   2.45e+00   2.33e+00   1.63e+01   6.69e+00 (  1.00e+03,  1.83e+02)
12 n: 1.177e-04 e: 1.569e-05 i: 7.970e-05 :: e: 4.970e-02 i: 7.121e-02 :: n: 2.165e+01 e:20.926 i:19.727 v:4.993e+03
>>> tau_he = 5.000000, nhe(0)=1.733719e+00
 5     -0.138  -6.02e-04   4.13e-03  -1.39e-03  -6.11e-03   4.01e-05 ( -1.36e-01,  3.68e+01)
10     -1.580  -1.12e-03   1.47e-02   5.23e-03  -3.85e-01   2.37e-04 ( -4.96e-01,  7.22e+01)
15     -0.388   4.58e-02  -8.60e-02   2.23e-02  -6.00e-01   1.02e-03 (  2.19e+01,  1.06e+02)
20     -0.011   1.26e-01   3.55e-02   1.02e-01  -4.95e-02   3.73e-03 (  5.40e+01,  1.36e+02)
25      0.041   1.91e-01   1.14e-01   1.71e-01   1.87e-01   1.20e-02 (  7.61e+01,  1.63e+02)
30      0.077   2.25e-01   1.68e-01   2.31e-01   4.08e-01   3.42e-02 (  8.61e+01,  1.87e+02)
35      0.103   2.60e-01   2.29e-01   3.30e-01   5.80e-01   8.76e-02 (  9.33e+01,  2.06e+02)
40      0.133   3.06e-01   3.16e-01   4.30e-01   8.30e-01   2.02e-01 (  1.02e+02,  2.21e+02)
45      0.135   3.43e-01   3.93e-01   5.00e-01   9.23e-01   4.21e-01 (  1.07e+02,  2.31e+02)
50      0.140   3.65e-01   4.58e-01   5.66e-01   1.06e+00   7.94e-01 (  1.05e+02,  2.37e+02)
55      0.130   3.89e-01   5.20e-01   5.73e-01   1.21e+00   1.36e+00 (  1.04e+02,  2.39e+02)
60      0.124   4.20e-01   6.30e-01   3.97e-01   1.64e+00   2.14e+00 (  1.02e+02,  2.37e+02)
65      0.173   5.12e-01   8.01e-01   6.60e-01   2.77e+00   3.07e+00 (  1.08e+02,  2.33e+02)
70      0.225   6.04e-01   9.52e-01   6.05e-01   3.85e+00   4.07e+00 (  1.08e+02,  2.26e+02)
75      0.274   7.07e-01   1.08e+00   6.42e-01   4.83e+00   5.01e+00 (  1.07e+02,  2.18e+02)
80      0.323   8.10e-01   1.18e+00   7.41e-01   5.67e+00   5.78e+00 (  1.04e+02,  2.10e+02)
85      0.356   8.83e-01   1.17e+00   8.13e-01   6.29e+00   6.32e+00 (  1.00e+02,  2.01e+02)
90      0.550   1.45e+00   2.38e+00   1.79e+00   1.23e+01   6.60e+00 (  3.36e+02,  1.92e+02)
95      0.491   1.57e+00   2.45e+00   2.33e+00   1.63e+01   6.69e+00 (  1.00e+03,  1.83e+02)
13 n: 8.147e-05 e: 7.099e-05 i: 4.658e-05 :: e: 3.564e-02 i: 5.478e-02 :: n: 2.169e+01 e:20.954 i:19.858 v:4.993e+03
>>> tau_he = 5.000000, nhe(0)=1.744363e+00
 5     -0.139  -6.22e-04   4.16e-03  -1.41e-03  -6.17e-03   4.01e-05 ( -1.41e-01,  3.68e+01)
10     -1.616  -1.25e-03   1.50e-02   5.11e-03  -3.95e-01   2.37e-04 ( -5.56e-01,  7.22e+01)
15     -0.384   4.39e-02  -7.27e-02   2.99e-02  -5.95e-01   1.02e-03 (  2.12e+01,  1.06e+02)
20     -0.013   1.28e-01   3.63e-02   1.05e-01  -5.90e-02   3.73e-03 (  5.54e+01,  1.36e+02)
25      0.038   1.95e-01   1.20e-01   1.82e-01   1.68e-01   1.20e-02 (  7.85e+01,  1.63e+02)
30      0.076   2.29e-01   1.74e-01   2.40e-01   4.02e-01   3.42e-02 (  8.90e+01,  1.87e+02)
35      0.104   2.66e-01   2.37e-01   3.41e-01   5.85e-01   8.76e-02 (  9.70e+01,  2.06e+02)
40      0.134   3.13e-01   3.25e-01   4.40e-01   8.35e-01   2.02e-01 (  1.06e+02,  2.21e+02)
45      0.135   3.50e-01   4.03e-01   5.17e-01   9.22e-01   4.21e-01 (  1.10e+02,  2.31e+02)
50      0.141   3.75e-01   4.70e-01   5.80e-01   1.07e+00   7.94e-01 (  1.10e+02,  2.37e+02)
55      0.130   4.01e-01   5.34e-01   5.84e-01   1.23e+00   1.36e+00 (  1.09e+02,  2.39e+02)
60      0.125   4.35e-01   6.47e-01   4.01e-01   1.68e+00   2.14e+00 (  1.07e+02,  2.37e+02)
65      0.178   5.30e-01   8.20e-01   6.71e-01   2.86e+00   3.07e+00 (  1.13e+02,  2.33e+02)
70      0.228   6.14e-01   9.65e-01   6.12e-01   3.91e+00   4.07e+00 (  1.11e+02,  2.26e+02)
75      0.276   7.15e-01   1.09e+00   6.48e-01   4.88e+00   5.01e+00 (  1.09e+02,  2.18e+02)
80      0.325   8.15e-01   1.19e+00   7.47e-01   5.72e+00   5.78e+00 (  1.06e+02,  2.10e+02)
85      0.358   8.88e-01   1.18e+00   8.20e-01   6.34e+00   6.32e+00 (  1.02e+02,  2.01e+02)
90      0.551   1.45e+00   2.38e+00   1.80e+00   1.23e+01   6.60e+00 (  3.37e+02,  1.92e+02)
95      0.491   1.57e+00   2.45e+00   2.33e+00   1.63e+01   6.69e+00 (  1.00e+03,  1.83e+02)
14 n: 6.431e-05 e: 2.521e-05 i: 6.405e-05 :: e: 2.039e-02 i: 3.542e-02 :: n: 2.171e+01 e:21.129 i:19.944 v:4.993e+03
>>> tau_he = 5.000000, nhe(0)=1.759994e+00
 5     -0.141  -6.18e-04   4.25e-03  -1.43e-03  -6.28e-03   4.01e-05 ( -1.40e-01,  3.68e+01)
10     -1.654  -1.32e-03   1.53e-02   4.99e-03  -4.06e-01   2.37e-04 ( -5.91e-01,  7.22e+01)
15     -0.386   4.28e-02  -7.48e-02   2.58e-02  -6.00e-01   1.02e-03 (  2.08e+01,  1.06e+02)
20     -0.014   1.30e-01   3.70e-02   1.07e-01  -6.47e-02   3.73e-03 (  5.68e+01,  1.36e+02)
25      0.035   1.99e-01   1.23e-01   1.89e-01   1.55e-01   1.20e-02 (  8.03e+01,  1.63e+02)
30      0.077   2.33e-01   1.77e-01   2.46e-01   4.02e-01   3.42e-02 (  9.11e+01,  1.87e+02)
35      0.105   2.71e-01   2.42e-01   3.47e-01   5.92e-01   8.76e-02 (  9.97e+01,  2.06e+02)
40      0.136   3.17e-01   3.30e-01   4.45e-01   8.47e-01   2.02e-01 (  1.09e+02,  2.21e+02)
45      0.136   3.56e-01   4.08e-01   5.31e-01   9.29e-01   4.21e-01 (  1.13e+02,  2.31e+02)
50      0.143   3.84e-01   4.79e-01   5.90e-01   1.09e+00   7.94e-01 (  1.13e+02,  2.37e+02)
55      0.132   4.11e-01   5.44e-01   5.90e-01   1.25e+00   1.36e+00 (  1.13e+02,  2.39e+02)
60      0.128   4.46e-01   6.60e-01   4.07e-01   1.73e+00   2.14e+00 (  1.11e+02,  2.37e+02)
65      0.181   5.39e-01   8.30e-01   6.75e-01   2.92e+00   3.07e+00 (  1.16e+02,  2.33e+02)
70      0.230   6.22e-01   9.75e-01   6.19e-01   3.96e+00   4.07e+00 (  1.13e+02,  2.26e+02)
75      0.279   7.21e-01   1.10e+00   6.56e-01   4.92e+00   5.01e+00 (  1.11e+02,  2.18e+02)
80      0.327   8.20e-01   1.20e+00   7.56e-01   5.76e+00   5.78e+00 (  1.07e+02,  2.10e+02)
85      0.360   8.92e-01   1.20e+00   8.30e-01   6.39e+00   6.32e+00 (  1.03e+02,  2.01e+02)
90      0.552   1.46e+00   2.39e+00   1.80e+00   1.24e+01   6.60e+00 (  3.39e+02,  1.92e+02)
95      0.491   1.57e+00   2.45e+00   2.33e+00   1.63e+01   6.69e+00 (  1.00e+03,  1.83e+02)
15 n: 4.651e-05 e: 5.239e-05 i: 3.461e-05 :: e: 1.455e-02 i: 2.410e-02 :: n: 2.173e+01 e:21.226 i:20.103 v:4.993e+03
>>> tau_he = 5.000000, nhe(0)=1.770426e+00
 5     -0.143  -6.37e-04   4.30e-03  -1.45e-03  -6.39e-03   4.01e-05 ( -1.46e-01,  3.68e+01)
10     -1.709  -1.35e-03   1.56e-02   4.89e-03  -4.21e-01   2.37e-04 ( -6.08e-01,  7.22e+01)
15     -0.390   4.27e-02  -7.65e-02   2.42e-02  -6.08e-01   1.02e-03 (  2.10e+01,  1.06e+02)
20     -0.016   1.34e-01   3.92e-02   1.10e-01  -7.25e-02   3.73e-03 (  5.87e+01,  1.36e+02)
25      0.032   2.05e-01   1.28e-01   1.98e-01   1.36e-01   1.20e-02 (  8.36e+01,  1.63e+02)
30      0.077   2.38e-01   1.83e-01   2.55e-01   3.99e-01   3.42e-02 (  9.38e+01,  1.87e+02)
35      0.105   2.77e-01   2.50e-01   3.56e-01   5.93e-01   8.76e-02 (  1.03e+02,  2.06e+02)
40      0.130   3.18e-01   3.34e-01   4.31e-01   8.13e-01   2.02e-01 (  1.10e+02,  2.21e+02)
45      0.133   3.57e-01   4.15e-01   5.33e-01   9.03e-01   4.21e-01 (  1.15e+02,  2.31e+02)
50      0.145   3.93e-01   4.89e-01   6.06e-01   1.10e+00   7.94e-01 (  1.18e+02,  2.37e+02)
55      0.132   4.20e-01   5.56e-01   5.99e-01   1.26e+00   1.36e+00 (  1.17e+02,  2.39e+02)
60      0.129   4.57e-01   6.73e-01   4.14e-01   1.77e+00   2.14e+00 (  1.15e+02,  2.37e+02)
65      0.182   5.47e-01   8.40e-01   6.80e-01   2.95e+00   3.07e+00 (  1.19e+02,  2.33e+02)
70      0.232   6.29e-01   9.84e-01   6.25e-01   3.99e+00   4.07e+00 (  1.16e+02,  2.26e+02)
75      0.280   7.26e-01   1.11e+00   6.63e-01   4.95e+00   5.01e+00 (  1.13e+02,  2.18e+02)
80      0.328   8.23e-01   1.21e+00   7.62e-01   5.78e+00   5.78e+00 (  1.09e+02,  2.10e+02)
85      0.361   8.94e-01   1.21e+00   8.37e-01   6.41e+00   6.32e+00 (  1.04e+02,  2.01e+02)
90      0.553   1.46e+00   2.39e+00   1.80e+00   1.24e+01   6.60e+00 (  3.40e+02,  1.92e+02)
95      0.491   1.57e+00   2.45e+00   2.33e+00   1.63e+01   6.69e+00 (  1.00e+03,  1.83e+02)
16 n: 3.734e-05 e: 2.129e-05 i: 4.075e-05 :: e: 1.290e-02 i: 1.557e-02 :: n: 2.174e+01 e:21.389 i:20.216 v:4.993e+03
>>> tau_he = 5.000000, nhe(0)=1.781728e+00
 5     -0.145  -6.41e-04   4.37e-03  -1.47e-03  -6.50e-03   4.01e-05 ( -1.48e-01,  3.68e+01)
10     -1.759  -1.35e-03   1.59e-02   4.77e-03  -4.34e-01   2.37e-04 ( -6.11e-01,  7.22e+01)
15     -0.400   4.13e-02  -7.67e-02   2.27e-02  -6.25e-01   1.02e-03 (  2.04e+01,  1.06e+02)
20     -0.017   1.37e-01   4.05e-02   1.13e-01  -7.71e-02   3.73e-03 (  6.01e+01,  1.36e+02)
25      0.030   2.08e-01   1.31e-01   2.05e-01   1.26e-01   1.20e-02 (  8.50e+01,  1.63e+02)
30      0.078   2.41e-01   1.86e-01   2.60e-01   3.98e-01   3.42e-02 (  9.55e+01,  1.87e+02)
35      0.106   2.81e-01   2.54e-01   3.61e-01   5.98e-01   8.76e-02 (  1.05e+02,  2.06e+02)
40      0.131   3.23e-01   3.39e-01   4.36e-01   8.18e-01   2.02e-01 (  1.13e+02,  2.21e+02)
45      0.133   3.62e-01   4.20e-01   5.43e-01   9.07e-01   4.21e-01 (  1.18e+02,  2.31e+02)
50      0.146   3.99e-01   4.96e-01   6.14e-01   1.11e+00   7.94e-01 (  1.21e+02,  2.37e+02)
55      0.133   4.28e-01   5.64e-01   6.04e-01   1.28e+00   1.36e+00 (  1.20e+02,  2.39e+02)
60      0.131   4.65e-01   6.83e-01   4.20e-01   1.80e+00   2.14e+00 (  1.18e+02,  2.37e+02)
65      0.183   5.53e-01   8.46e-01   6.85e-01   2.98e+00   3.07e+00 (  1.21e+02,  2.33e+02)
70      0.233   6.34e-01   9.92e-01   6.32e-01   4.02e+00   4.07e+00 (  1.17e+02,  2.26e+02)
75      0.281   7.30e-01   1.12e+00   6.70e-01   4.97e+00   5.01e+00 (  1.14e+02,  2.18e+02)
80      0.329   8.26e-01   1.21e+00   7.70e-01   5.80e+00   5.78e+00 (  1.10e+02,  2.10e+02)
85      0.362   8.95e-01   1.22e+00   8.45e-01   6.43e+00   6.32e+00 (  1.05e+02,  2.01e+02)
90      0.553   1.46e+00   2.40e+00   1.81e+00   1.24e+01   6.60e+00 (  3.41e+02,  1.92e+02)
95      0.491   1.57e+00   2.45e+00   2.33e+00   1.63e+01   6.69e+00 (  1.00e+03,  1.83e+02)
17 n: 2.721e-05 e: 2.769e-05 i: 2.030e-05 :: e: 1.182e-02 i: 1.274e-02 :: n: 2.174e+01 e:21.485 i:20.347 v:4.993e+03
>>> tau_he = 5.000000, nhe(0)=1.788701e+00
 5     -0.147  -6.58e-04   4.40e-03  -1.48e-03  -6.59e-03   4.01e-05 ( -1.52e-01,  3.68e+01)
10     -1.810  -1.33e-03   1.62e-02   4.66e-03  -4.48e-01   2.37e-04 ( -6.07e-01,  7.22e+01)
15     -0.404   4.14e-02  -7.79e-02   2.23e-02  -6.32e-01   1.02e-03 (  2.07e+01,  1.06e+02)
20     -0.028   1.39e-01   4.15e-02   1.16e-01  -1.27e-01   3.73e-03 (  6.14e+01,  1.36e+02)
25      0.027   2.11e-01   1.35e-01   2.11e-01   1.14e-01   1.20e-02 (  8.65e+01,  1.63e+02)
30      0.070   2.44e-01   1.90e-01   2.64e-01   3.56e-01   3.42e-02 (  9.71e+01,  1.87e+02)
35      0.108   2.84e-01   2.59e-01   3.65e-01   6.06e-01   8.76e-02 (  1.07e+02,  2.06e+02)
40      0.131   3.27e-01   3.45e-01   4.42e-01   8.20e-01   2.02e-01 (  1.15e+02,  2.21e+02)
45      0.133   3.67e-01   4.26e-01   5.43e-01   9.06e-01   4.21e-01 (  1.21e+02,  2.31e+02)
50      0.146   4.05e-01   5.04e-01   6.24e-01   1.11e+00   7.94e-01 (  1.24e+02,  2.37e+02)
55      0.133   4.34e-01   5.71e-01   6.09e-01   1.29e+00   1.36e+00 (  1.23e+02,  2.39e+02)
60      0.132   4.73e-01   6.92e-01   4.26e-01   1.83e+00   2.14e+00 (  1.21e+02,  2.37e+02)
65      0.184   5.58e-01   8.52e-01   6.89e-01   2.99e+00   3.07e+00 (  1.23e+02,  2.33e+02)
70      0.234   6.38e-01   9.98e-01   6.37e-01   4.02e+00   4.07e+00 (  1.19e+02,  2.26e+02)
75      0.282   7.33e-01   1.12e+00   6.75e-01   4.97e+00   5.01e+00 (  1.15e+02,  2.18e+02)
80      0.329   8.28e-01   1.22e+00   7.75e-01   5.80e+00   5.78e+00 (  1.11e+02,  2.10e+02)
85      0.362   8.98e-01   1.23e+00   8.52e-01   6.44e+00   6.32e+00 (  1.06e+02,  2.01e+02)
90      0.553   1.46e+00   2.40e+00   1.81e+00   1.24e+01   6.60e+00 (  3.42e+02,  1.92e+02)
95      0.491   1.57e+00   2.45e+00   2.33e+00   1.63e+01   6.69e+00 (  1.00e+03,  1.83e+02)
18 n: 2.111e-05 e: 1.085e-05 i: 1.808e-05 :: e: 1.524e-02 i: 1.312e-02 :: n: 2.174e+01 e:21.601 i:20.433 v:4.993e+03
>>> tau_he = 5.000000, nhe(0)=1.795041e+00
 5     -0.149  -6.65e-04   4.44e-03  -1.49e-03  -6.68e-03   4.01e-05 ( -1.55e-01,  3.68e+01)
10     -1.854  -1.30e-03   1.65e-02   4.54e-03  -4.60e-01   2.37e-04 ( -5.96e-01,  7.22e+01)
15     -0.399   4.14e-02  -7.59e-02   2.31e-02  -6.26e-01   1.02e-03 (  2.08e+01,  1.06e+02)
20     -0.029   1.41e-01   4.28e-02   1.18e-01  -1.29e-01   3.73e-03 (  6.23e+01,  1.36e+02)
25      0.026   2.13e-01   1.37e-01   2.16e-01   1.07e-01   1.20e-02 (  8.72e+01,  1.63e+02)
30      0.070   2.46e-01   1.92e-01   2.68e-01   3.53e-01   3.42e-02 (  9.80e+01,  1.87e+02)
35      0.108   2.86e-01   2.62e-01   3.68e-01   6.08e-01   8.76e-02 (  1.08e+02,  2.06e+02)
40      0.132   3.30e-01   3.48e-01   4.45e-01   8.24e-01   2.02e-01 (  1.17e+02,  2.21e+02)
45      0.133   3.70e-01   4.30e-01   5.43e-01   9.07e-01   4.21e-01 (  1.22e+02,  2.31e+02)
50      0.147   4.09e-01   5.08e-01   6.28e-01   1.12e+00   7.94e-01 (  1.25e+02,  2.37e+02)
55      0.134   4.38e-01   5.76e-01   6.12e-01   1.30e+00   1.36e+00 (  1.25e+02,  2.39e+02)
60      0.133   4.77e-01   6.98e-01   4.29e-01   1.85e+00   2.14e+00 (  1.23e+02,  2.37e+02)
65      0.185   5.61e-01   8.56e-01   6.92e-01   3.00e+00   3.07e+00 (  1.24e+02,  2.33e+02)
70      0.234   6.41e-01   1.00e+00   6.41e-01   4.03e+00   4.07e+00 (  1.20e+02,  2.26e+02)
75      0.282   7.35e-01   1.13e+00   6.80e-01   4.98e+00   5.01e+00 (  1.16e+02,  2.18e+02)
80      0.330   8.29e-01   1.23e+00   7.80e-01   5.80e+00   5.78e+00 (  1.12e+02,  2.10e+02)
85      0.362   8.99e-01   1.23e+00   8.55e-01   6.44e+00   6.32e+00 (  1.07e+02,  2.01e+02)
90      0.554   1.46e+00   2.40e+00   1.81e+00   1.24e+01   6.60e+00 (  3.43e+02,  1.92e+02)
95      0.491   1.57e+00   2.45e+00   2.33e+00   1.63e+01   6.69e+00 (  1.00e+03,  1.83e+02)
19 n: 1.537e-05 e: 1.019e-05 i: 7.705e-06 :: e: 1.770e-02 i: 1.551e-02 :: n: 2.174e+01 e:21.664 i:20.515 v:4.993e+03
>>> tau_he = 5.000000, nhe(0)=1.798240e+00
 5     -0.150  -6.77e-04   4.46e-03  -1.50e-03  -6.74e-03   4.01e-05 ( -1.58e-01,  3.68e+01)
10     -1.893  -1.26e-03   1.66e-02   4.44e-03  -4.70e-01   2.37e-04 ( -5.81e-01,  7.22e+01)
15     -0.443   4.09e-02  -7.34e-02   2.44e-02  -6.94e-01   1.02e-03 (  2.06e+01,  1.06e+02)
20     -0.029   1.43e-01   4.42e-02   1.20e-01  -1.30e-01   3.73e-03 (  6.31e+01,  1.36e+02)
25      0.024   2.14e-01   1.38e-01   2.20e-01   9.93e-02   1.20e-02 (  8.77e+01,  1.63e+02)
30      0.070   2.47e-01   1.94e-01   2.71e-01   3.49e-01   3.42e-02 (  9.87e+01,  1.87e+02)
35      0.108   2.88e-01   2.64e-01   3.71e-01   6.08e-01   8.76e-02 (  1.10e+02,  2.06e+02)
40      0.132   3.32e-01   3.51e-01   4.48e-01   8.24e-01   2.02e-01 (  1.18e+02,  2.21e+02)
45      0.133   3.73e-01   4.33e-01   5.45e-01   9.07e-01   4.21e-01 (  1.24e+02,  2.31e+02)
50      0.148   4.12e-01   5.11e-01   6.32e-01   1.12e+00   7.94e-01 (  1.27e+02,  2.37e+02)
55      0.134   4.41e-01   5.80e-01   6.14e-01   1.31e+00   1.36e+00 (  1.26e+02,  2.39e+02)
60      0.134   4.81e-01   7.02e-01   4.31e-01   1.87e+00   2.14e+00 (  1.24e+02,  2.37e+02)
65      0.185   5.63e-01   8.58e-01   6.94e-01   3.00e+00   3.07e+00 (  1.24e+02,  2.33e+02)
70      0.234   6.42e-01   1.01e+00   6.44e-01   4.03e+00   4.07e+00 (  1.20e+02,  2.26e+02)
75      0.282   7.36e-01   1.13e+00   6.84e-01   4.98e+00   5.01e+00 (  1.17e+02,  2.18e+02)
80      0.329   8.29e-01   1.23e+00   7.81e-01   5.79e+00   5.78e+00 (  1.13e+02,  2.10e+02)
85      0.363   9.00e-01   1.24e+00   8.59e-01   6.44e+00   6.32e+00 (  1.08e+02,  2.01e+02)
90      0.553   1.46e+00   2.40e+00   1.81e+00   1.24e+01   6.60e+00 (  3.44e+02,  1.92e+02)
95      0.491   1.57e+00   2.45e+00   2.33e+00   1.63e+01   6.69e+00 (  1.00e+03,  1.83e+02)
20 n: 1.140e-05 e: 4.229e-06 i: 5.136e-06 :: e: 1.866e-02 i: 1.698e-02 :: n: 2.173e+01 e:21.725 i:20.562 v:4.993e+03
>>> tau_he = 5.000000, nhe(0)=1.800634e+00
 5     -0.151  -6.82e-04   4.47e-03  -1.51e-03  -6.78e-03   4.01e-05 ( -1.60e-01,  3.68e+01)
10     -1.924  -1.21e-03   1.68e-02   4.34e-03  -4.79e-01   2.37e-04 ( -5.60e-01,  7.22e+01)
15     -0.444   4.10e-02  -7.36e-02   2.42e-02  -6.98e-01   1.02e-03 (  2.07e+01,  1.06e+02)
20     -0.029   1.44e-01   4.51e-02   1.21e-01  -1.30e-01   3.73e-03 (  6.34e+01,  1.36e+02)
25      0.023   2.15e-01   1.39e-01   2.23e-01   9.45e-02   1.20e-02 (  8.77e+01,  1.63e+02)
30      0.070   2.48e-01   1.94e-01   2.73e-01   3.47e-01   3.42e-02 (  9.89e+01,  1.87e+02)
35      0.109   2.89e-01   2.65e-01   3.72e-01   6.09e-01   8.76e-02 (  1.10e+02,  2.06e+02)
40      0.132   3.33e-01   3.52e-01   4.49e-01   8.26e-01   2.02e-01 (  1.19e+02,  2.21e+02)
45      0.133   3.74e-01   4.34e-01   5.45e-01   9.08e-01   4.21e-01 (  1.24e+02,  2.31e+02)
50      0.149   4.14e-01   5.12e-01   6.34e-01   1.13e+00   7.94e-01 (  1.28e+02,  2.37e+02)
55      0.134   4.43e-01   5.81e-01   6.14e-01   1.31e+00   1.36e+00 (  1.27e+02,  2.39e+02)
60      0.134   4.83e-01   7.05e-01   4.32e-01   1.88e+00   2.14e+00 (  1.25e+02,  2.37e+02)
65      0.185   5.63e-01   8.59e-01   6.95e-01   3.00e+00   3.07e+00 (  1.25e+02,  2.33e+02)
70      0.234   6.43e-01   1.01e+00   6.47e-01   4.02e+00   4.07e+00 (  1.21e+02,  2.26e+02)
75      0.282   7.37e-01   1.13e+00   6.86e-01   4.98e+00   5.01e+00 (  1.17e+02,  2.18e+02)
80      0.330   8.29e-01   1.23e+00   7.84e-01   5.79e+00   5.78e+00 (  1.13e+02,  2.10e+02)
85      0.363   9.00e-01   1.24e+00   8.63e-01   6.45e+00   6.32e+00 (  1.08e+02,  2.01e+02)
90      0.554   1.47e+00   2.40e+00   1.81e+00   1.24e+01   6.60e+00 (  3.44e+02,  1.92e+02)
95      0.491   1.57e+00   2.45e+00   2.33e+00   1.63e+01   6.69e+00 (  1.00e+03,  1.83e+02)
21 n: 7.907e-06 e: 3.297e-06 i: 2.321e-06 :: e: 1.808e-02 i: 1.691e-02 :: n: 2.173e+01 e:21.749 i:20.598 v:4.993e+03
>>> tau_he = 5.000000, nhe(0)=1.800900e+00
 5     -0.151  -6.89e-04   4.47e-03  -1.51e-03  -6.81e-03   4.01e-05 ( -1.62e-01,  3.68e+01)
10     -1.949  -1.16e-03   1.69e-02   4.25e-03  -4.86e-01   2.37e-04 ( -5.39e-01,  7.22e+01)
15     -0.445   4.10e-02  -7.38e-02   2.40e-02  -7.00e-01   1.02e-03 (  2.08e+01,  1.06e+02)
20     -0.029   1.44e-01   4.58e-02   1.23e-01  -1.28e-01   3.73e-03 (  6.36e+01,  1.36e+02)
25      0.023   2.15e-01   1.40e-01   2.25e-01   9.01e-02   1.20e-02 (  8.75e+01,  1.63e+02)
30      0.070   2.48e-01   1.95e-01   2.74e-01   3.45e-01   3.42e-02 (  9.89e+01,  1.87e+02)
35      0.109   2.89e-01   2.65e-01   3.73e-01   6.10e-01   8.76e-02 (  1.10e+02,  2.06e+02)
40      0.132   3.34e-01   3.53e-01   4.50e-01   8.26e-01   2.02e-01 (  1.19e+02,  2.21e+02)
45      0.133   3.74e-01   4.35e-01   5.46e-01   9.07e-01   4.21e-01 (  1.24e+02,  2.31e+02)
50      0.149   4.15e-01   5.13e-01   6.35e-01   1.14e+00   7.94e-01 (  1.28e+02,  2.37e+02)
55      0.134   4.43e-01   5.82e-01   6.14e-01   1.32e+00   1.36e+00 (  1.27e+02,  2.39e+02)
60      0.135   4.84e-01   7.06e-01   4.31e-01   1.89e+00   2.14e+00 (  1.25e+02,  2.37e+02)
65      0.185   5.63e-01   8.59e-01   6.95e-01   2.99e+00   3.07e+00 (  1.25e+02,  2.33e+02)
70      0.234   6.43e-01   1.01e+00   6.48e-01   4.02e+00   4.07e+00 (  1.21e+02,  2.26e+02)
75      0.282   7.37e-01   1.14e+00   6.88e-01   4.97e+00   5.01e+00 (  1.17e+02,  2.18e+02)
80      0.329   8.29e-01   1.23e+00   7.86e-01   5.79e+00   5.78e+00 (  1.13e+02,  2.10e+02)
85      0.363   8.99e-01   1.24e+00   8.65e-01   6.45e+00   6.32e+00 (  1.08e+02,  2.01e+02)
90      0.553   1.47e+00   2.41e+00   1.81e+00   1.24e+01   6.60e+00 (  3.44e+02,  1.92e+02)
95      0.491   1.57e+00   2.45e+00   2.33e+00   1.63e+01   6.69e+00 (  1.00e+03,  1.83e+02)
22 n: 5.587e-06 e: 2.187e-06 i: 1.717e-06 :: e: 1.676e-02 i: 1.619e-02 :: n: 2.172e+01 e:21.767 i:20.609 v:4.993e+03
>>> tau_he = 5.000000, nhe(0)=1.800531e+00
 5     -0.151  -6.92e-04   4.47e-03  -1.51e-03  -6.83e-03   4.01e-05 ( -1.62e-01,  3.68e+01)
10     -1.967  -1.11e-03   1.69e-02   4.18e-03  -4.91e-01   2.37e-04 ( -5.17e-01,  7.22e+01)
15     -0.445   4.09e-02  -7.38e-02   2.37e-02  -7.00e-01   1.02e-03 (  2.08e+01,  1.06e+02)
20     -0.028   1.44e-01   4.61e-02   1.23e-01  -1.26e-01   3.73e-03 (  6.34e+01,  1.36e+02)
25      0.022   2.14e-01   1.39e-01   2.26e-01   8.74e-02   1.20e-02 (  8.70e+01,  1.63e+02)
30      0.070   2.47e-01   1.94e-01   2.75e-01   3.44e-01   3.42e-02 (  9.85e+01,  1.87e+02)
35      0.109   2.89e-01   2.65e-01   3.73e-01   6.10e-01   8.76e-02 (  1.10e+02,  2.06e+02)
40      0.132   3.34e-01   3.53e-01   4.50e-01   8.26e-01   2.02e-01 (  1.19e+02,  2.21e+02)
45      0.133   3.74e-01   4.35e-01   5.46e-01   9.08e-01   4.21e-01 (  1.24e+02,  2.31e+02)
50      0.149   4.14e-01   5.13e-01   6.35e-01   1.14e+00   7.94e-01 (  1.28e+02,  2.37e+02)
55      0.134   4.43e-01   5.82e-01   6.13e-01   1.32e+00   1.36e+00 (  1.27e+02,  2.39e+02)
60      0.135   4.84e-01   7.06e-01   4.29e-01   1.90e+00   2.14e+00 (  1.25e+02,  2.37e+02)
65      0.184   5.63e-01   8.58e-01   6.94e-01   2.99e+00   3.07e+00 (  1.24e+02,  2.33e+02)
70      0.234   6.42e-01   1.01e+00   6.48e-01   4.01e+00   4.07e+00 (  1.21e+02,  2.26e+02)
75      0.280   7.30e-01   1.13e+00   6.84e-01   4.92e+00   5.01e+00 (  1.16e+02,  2.18e+02)
80      0.329   8.29e-01   1.23e+00   7.87e-01   5.78e+00   5.78e+00 (  1.13e+02,  2.10e+02)
85      0.363   8.99e-01   1.24e+00   8.66e-01   6.44e+00   6.32e+00 (  1.09e+02,  2.01e+02)
90      0.553   1.47e+00   2.41e+00   1.81e+00   1.24e+01   6.60e+00 (  3.44e+02,  1.92e+02)
95      0.491   1.57e+00   2.45e+00   2.33e+00   1.63e+01   6.69e+00 (  1.00e+03,  1.83e+02)
23 n: 4.433e-06 e: 1.842e-06 i: 1.763e-06 :: e: 1.392e-02 i: 1.379e-02 :: n: 2.172e+01 e:21.761 i:20.611 v:4.993e+03
>>> tau_he = 5.000000, nhe(0)=1.799165e+00
 5     -0.151  -6.95e-04   4.46e-03  -1.51e-03  -6.83e-03   4.01e-05 ( -1.63e-01,  3.68e+01)
10     -1.980  -1.07e-03   1.69e-02   4.11e-03  -4.95e-01   2.37e-04 ( -4.98e-01,  7.22e+01)
15     -0.428   4.07e-02  -7.48e-02   2.46e-02  -6.74e-01   1.02e-03 (  2.07e+01,  1.06e+02)
20     -0.028   1.44e-01   4.63e-02   1.23e-01  -1.24e-01   3.73e-03 (  6.32e+01,  1.36e+02)
25      0.014   2.03e-01   1.20e-01   2.23e-01   5.48e-02   1.20e-02 (  8.22e+01,  1.63e+02)
30      0.070   2.47e-01   1.94e-01   2.75e-01   3.42e-01   3.42e-02 (  9.81e+01,  1.87e+02)
35      0.109   2.89e-01   2.65e-01   3.73e-01   6.10e-01   8.76e-02 (  1.10e+02,  2.06e+02)
40      0.132   3.33e-01   3.53e-01   4.49e-01   8.26e-01   2.02e-01 (  1.19e+02,  2.21e+02)
45      0.133   3.74e-01   4.34e-01   5.46e-01   9.07e-01   4.21e-01 (  1.24e+02,  2.31e+02)
50      0.148   4.13e-01   5.13e-01   6.34e-01   1.13e+00   7.94e-01 (  1.27e+02,  2.37e+02)
55      0.134   4.42e-01   5.81e-01   6.11e-01   1.32e+00   1.36e+00 (  1.26e+02,  2.39e+02)
60      0.135   4.83e-01   7.06e-01   4.26e-01   1.91e+00   2.14e+00 (  1.25e+02,  2.37e+02)
65      0.184   5.61e-01   8.56e-01   6.93e-01   2.98e+00   3.07e+00 (  1.24e+02,  2.33e+02)
70      0.231   6.35e-01   9.99e-01   6.44e-01   3.96e+00   4.07e+00 (  1.19e+02,  2.26e+02)
75      0.280   7.31e-01   1.13e+00   6.85e-01   4.92e+00   5.01e+00 (  1.16e+02,  2.18e+02)
80      0.329   8.29e-01   1.23e+00   7.87e-01   5.78e+00   5.78e+00 (  1.13e+02,  2.10e+02)
85      0.363   8.99e-01   1.24e+00   8.66e-01   6.44e+00   6.32e+00 (  1.09e+02,  2.01e+02)
90      0.553   1.47e+00   2.41e+00   1.81e+00   1.24e+01   6.60e+00 (  3.45e+02,  1.92e+02)
95      0.491   1.57e+00   2.45e+00   2.33e+00   1.63e+01   6.69e+00 (  1.00e+03,  1.83e+02)
24 n: 2.291e-06 e: 1.507e-06 i: 4.596e-06 :: e: 1.018e-02 i: 1.221e-02 :: n: 2.172e+01 e:21.752 i:20.599 v:4.993e+03
>>> tau_he = 5.000000, nhe(0)=1.798351e+00
 5     -0.151  -6.93e-04   4.46e-03  -1.51e-03  -6.83e-03   4.01e-05 ( -1.63e-01,  3.68e+01)
10     -1.984  -1.03e-03   1.69e-02   4.08e-03  -4.97e-01   2.37e-04 ( -4.81e-01,  7.22e+01)
15     -0.415   3.81e-02  -8.46e-02   2.05e-02  -6.55e-01   1.02e-03 (  1.94e+01,  1.06e+02)
20     -0.027   1.44e-01   4.63e-02   1.23e-01  -1.22e-01   3.73e-03 (  6.30e+01,  1.36e+02)
25      0.014   2.04e-01   1.23e-01   2.27e-01   5.37e-02   1.20e-02 (  8.27e+01,  1.63e+02)
30      0.070   2.47e-01   1.94e-01   2.76e-01   3.42e-01   3.42e-02 (  9.78e+01,  1.87e+02)
35      0.109   2.88e-01   2.64e-01   3.72e-01   6.12e-01   8.76e-02 (  1.09e+02,  2.06e+02)
40      0.132   3.32e-01   3.52e-01   4.49e-01   8.26e-01   2.02e-01 (  1.18e+02,  2.21e+02)
45      0.133   3.73e-01   4.33e-01   5.45e-01   9.08e-01   4.21e-01 (  1.24e+02,  2.31e+02)
50      0.148   4.12e-01   5.12e-01   6.32e-01   1.13e+00   7.94e-01 (  1.27e+02,  2.37e+02)
55      0.134   4.40e-01   5.79e-01   6.09e-01   1.32e+00   1.36e+00 (  1.26e+02,  2.39e+02)
60      0.135   4.82e-01   7.04e-01   4.22e-01   1.91e+00   2.14e+00 (  1.24e+02,  2.37e+02)
65      0.184   5.60e-01   8.54e-01   6.91e-01   2.98e+00   3.07e+00 (  1.23e+02,  2.33e+02)
70      0.234   6.41e-01   1.01e+00   6.47e-01   4.01e+00   4.07e+00 (  1.20e+02,  2.26e+02)
75      0.283   7.37e-01   1.14e+00   6.89e-01   4.97e+00   5.01e+00 (  1.17e+02,  2.18e+02)
80      0.329   8.29e-01   1.23e+00   7.86e-01   5.78e+00   5.78e+00 (  1.13e+02,  2.10e+02)
85      0.362   8.99e-01   1.24e+00   8.66e-01   6.44e+00   6.32e+00 (  1.09e+02,  2.01e+02)
90      0.553   1.47e+00   2.41e+00   1.81e+00   1.24e+01   6.60e+00 (  3.45e+02,  1.92e+02)
95      0.491   1.57e+00   2.45e+00   2.33e+00   1.63e+01   6.69e+00 (  1.00e+03,  1.83e+02)
25 n: 3.152e-06 e: 1.221e-06 i: 6.068e-06 :: e: 9.846e-03 i: 1.209e-02 :: n: 2.172e+01 e:21.733 i:20.590 v:4.993e+03
>>> tau_he = 5.000000, nhe(0)=1.796437e+00
 5     -0.151  -6.95e-04   4.44e-03  -1.51e-03  -6.82e-03   4.01e-05 ( -1.63e-01,  3.68e+01)
10     -1.989  -9.91e-04   1.69e-02   4.05e-03  -4.99e-01   2.37e-04 ( -4.62e-01,  7.22e+01)
15     -0.411   3.75e-02  -8.46e-02   1.97e-02  -6.49e-01   1.02e-03 (  1.91e+01,  1.06e+02)
20     -0.027   1.44e-01   4.61e-02   1.23e-01  -1.21e-01   3.73e-03 (  6.27e+01,  1.36e+02)
25      0.013   2.05e-01   1.26e-01   2.30e-01   5.20e-02   1.20e-02 (  8.30e+01,  1.63e+02)
30      0.070   2.46e-01   1.94e-01   2.77e-01   3.41e-01   3.42e-02 (  9.75e+01,  1.87e+02)
35      0.109   2.87e-01   2.64e-01   3.71e-01   6.11e-01   8.76e-02 (  1.09e+02,  2.06e+02)
40      0.132   3.32e-01   3.51e-01   4.48e-01   8.25e-01   2.02e-01 (  1.18e+02,  2.21e+02)
45      0.133   3.72e-01   4.32e-01   5.45e-01   9.07e-01   4.21e-01 (  1.23e+02,  2.31e+02)
50      0.148   4.11e-01   5.11e-01   6.31e-01   1.13e+00   7.94e-01 (  1.26e+02,  2.37e+02)
55      0.134   4.39e-01   5.78e-01   6.07e-01   1.32e+00   1.36e+00 (  1.25e+02,  2.39e+02)
60      0.135   4.81e-01   7.03e-01   4.19e-01   1.91e+00   2.14e+00 (  1.24e+02,  2.37e+02)
65      0.184   5.58e-01   8.52e-01   6.90e-01   2.98e+00   3.07e+00 (  1.23e+02,  2.33e+02)
70      0.233   6.39e-01   1.00e+00   6.45e-01   4.00e+00   4.07e+00 (  1.20e+02,  2.26e+02)
75      0.279   7.29e-01   1.13e+00   6.83e-01   4.91e+00   5.01e+00 (  1.16e+02,  2.18e+02)
80      0.329   8.28e-01   1.23e+00   7.85e-01   5.77e+00   5.78e+00 (  1.13e+02,  2.10e+02)
85      0.362   8.98e-01   1.24e+00   8.65e-01   6.43e+00   6.32e+00 (  1.09e+02,  2.01e+02)
90      0.553   1.47e+00   2.41e+00   1.81e+00   1.24e+01   6.60e+00 (  3.44e+02,  1.92e+02)
95      0.491   1.57e+00   2.45e+00   2.33e+00   1.63e+01   6.69e+00 (  1.00e+03,  1.83e+02)
26 n: 2.029e-06 e: 1.322e-06 i: 4.348e-06 :: e: 7.070e-03 i: 8.956e-03 :: n: 2.171e+01 e:21.721 i:20.571 v:4.993e+03
>>> tau_he = 5.000000, nhe(0)=1.794895e+00
 5     -0.150  -6.95e-04   4.43e-03  -1.51e-03  -6.81e-03   4.01e-05 ( -1.63e-01,  3.68e+01)
10     -1.991  -9.67e-04   1.69e-02   4.02e-03  -5.00e-01   2.37e-04 ( -4.50e-01,  7.22e+01)
15     -0.407   3.69e-02  -8.45e-02   1.89e-02  -6.43e-01   1.02e-03 (  1.88e+01,  1.06e+02)
20     -0.027   1.43e-01   4.59e-02   1.23e-01  -1.20e-01   3.73e-03 (  6.23e+01,  1.36e+02)
25      0.013   2.06e-01   1.27e-01   2.33e-01   5.10e-02   1.20e-02 (  8.31e+01,  1.63e+02)
30      0.070   2.46e-01   1.94e-01   2.77e-01   3.40e-01   3.42e-02 (  9.72e+01,  1.87e+02)
35      0.109   2.87e-01   2.63e-01   3.71e-01   6.12e-01   8.76e-02 (  1.09e+02,  2.06e+02)
40      0.132   3.31e-01   3.50e-01   4.47e-01   8.26e-01   2.02e-01 (  1.18e+02,  2.21e+02)
45      0.133   3.71e-01   4.32e-01   5.44e-01   9.08e-01   4.21e-01 (  1.23e+02,  2.31e+02)
50      0.148   4.10e-01   5.09e-01   6.29e-01   1.13e+00   7.94e-01 (  1.26e+02,  2.37e+02)
55      0.134   4.38e-01   5.77e-01   6.05e-01   1.32e+00   1.36e+00 (  1.25e+02,  2.39e+02)
60      0.135   4.80e-01   7.02e-01   4.16e-01   1.92e+00   2.14e+00 (  1.23e+02,  2.37e+02)
65      0.183   5.57e-01   8.50e-01   6.88e-01   2.97e+00   3.07e+00 (  1.22e+02,  2.33e+02)
70      0.233   6.38e-01   1.00e+00   6.45e-01   3.99e+00   4.07e+00 (  1.19e+02,  2.26e+02)
75      0.282   7.36e-01   1.13e+00   6.87e-01   4.96e+00   5.01e+00 (  1.17e+02,  2.18e+02)
80      0.329   8.28e-01   1.23e+00   7.84e-01   5.77e+00   5.78e+00 (  1.13e+02,  2.10e+02)
85      0.362   8.98e-01   1.24e+00   8.64e-01   6.43e+00   6.32e+00 (  1.09e+02,  2.01e+02)
90      0.553   1.47e+00   2.41e+00   1.81e+00   1.24e+01   6.60e+00 (  3.44e+02,  1.92e+02)
95      0.491   1.57e+00   2.45e+00   2.33e+00   1.63e+01   6.69e+00 (  1.00e+03,  1.83e+02)
27 n: 1.691e-06 e: 1.092e-06 i: 3.412e-06 :: e: 6.124e-03 i: 7.584e-03 :: n: 2.171e+01 e:21.702 i:20.553 v:4.993e+03
>>> tau_he = 5.000000, nhe(0)=1.793049e+00
 5     -0.150  -6.96e-04   4.42e-03  -1.50e-03  -6.79e-03   4.01e-05 ( -1.63e-01,  3.68e+01)
10     -1.992  -9.45e-04   1.69e-02   3.99e-03  -5.00e-01   2.37e-04 ( -4.41e-01,  7.22e+01)
15     -0.404   3.64e-02  -8.43e-02   1.83e-02  -6.38e-01   1.02e-03 (  1.86e+01,  1.06e+02)
20     -0.027   1.43e-01   4.57e-02   1.23e-01  -1.19e-01   3.73e-03 (  6.20e+01,  1.36e+02)
25      0.013   2.06e-01   1.29e-01   2.34e-01   4.99e-02   1.20e-02 (  8.31e+01,  1.63e+02)
30      0.070   2.45e-01   1.94e-01   2.77e-01   3.39e-01   3.42e-02 (  9.68e+01,  1.87e+02)
35      0.109   2.87e-01   2.63e-01   3.70e-01   6.11e-01   8.76e-02 (  1.09e+02,  2.06e+02)
40      0.132   3.31e-01   3.50e-01   4.47e-01   8.25e-01   2.02e-01 (  1.17e+02,  2.21e+02)
45      0.133   3.71e-01   4.31e-01   5.44e-01   9.08e-01   4.21e-01 (  1.23e+02,  2.31e+02)
50      0.147   4.09e-01   5.09e-01   6.28e-01   1.13e+00   7.94e-01 (  1.25e+02,  2.37e+02)
55      0.134   4.37e-01   5.76e-01   6.03e-01   1.32e+00   1.36e+00 (  1.24e+02,  2.39e+02)
60      0.135   4.79e-01   7.01e-01   4.13e-01   1.92e+00   2.14e+00 (  1.23e+02,  2.37e+02)
65      0.183   5.56e-01   8.49e-01   6.86e-01   2.97e+00   3.07e+00 (  1.22e+02,  2.33e+02)
70      0.233   6.36e-01   1.00e+00   6.42e-01   3.98e+00   4.07e+00 (  1.19e+02,  2.26e+02)
75      0.279   7.28e-01   1.12e+00   6.81e-01   4.90e+00   5.01e+00 (  1.15e+02,  2.18e+02)
80      0.328   8.27e-01   1.23e+00   7.83e-01   5.77e+00   5.78e+00 (  1.13e+02,  2.10e+02)
85      0.362   8.98e-01   1.24e+00   8.63e-01   6.43e+00   6.32e+00 (  1.08e+02,  2.01e+02)
90      0.553   1.46e+00   2.40e+00   1.81e+00   1.24e+01   6.60e+00 (  3.44e+02,  1.92e+02)
95      0.491   1.57e+00   2.45e+00   2.33e+00   1.63e+01   6.69e+00 (  1.00e+03,  1.83e+02)
28 n: 1.328e-06 e: 1.060e-06 i: 2.530e-06 :: e: 3.899e-03 i: 5.091e-03 :: n: 2.171e+01 e:21.687 i:20.532 v:4.993e+03
>>> tau_he = 5.000000, nhe(0)=1.791616e+00
 5     -0.149  -6.96e-04   4.40e-03  -1.50e-03  -6.78e-03   4.01e-05 ( -1.63e-01,  3.68e+01)
10     -1.992  -9.29e-04   1.69e-02   3.96e-03  -5.01e-01   2.37e-04 ( -4.33e-01,  7.22e+01)
15     -0.400   3.59e-02  -8.42e-02   1.76e-02  -6.34e-01   1.02e-03 (  1.84e+01,  1.06e+02)
20     -0.027   1.42e-01   4.54e-02   1.22e-01  -1.18e-01   3.73e-03 (  6.17e+01,  1.36e+02)
25      0.013   2.06e-01   1.29e-01   2.36e-01   4.90e-02   1.20e-02 (  8.29e+01,  1.63e+02)
30      0.070   2.45e-01   1.94e-01   2.77e-01   3.39e-01   3.42e-02 (  9.64e+01,  1.87e+02)
35      0.109   2.87e-01   2.62e-01   3.70e-01   6.12e-01   8.76e-02 (  1.08e+02,  2.06e+02)
40      0.132   3.30e-01   3.49e-01   4.46e-01   8.25e-01   2.02e-01 (  1.17e+02,  2.21e+02)
45      0.133   3.70e-01   4.30e-01   5.44e-01   9.08e-01   4.21e-01 (  1.22e+02,  2.31e+02)
50      0.147   4.08e-01   5.08e-01   6.27e-01   1.13e+00   7.94e-01 (  1.25e+02,  2.37e+02)
55      0.133   4.36e-01   5.75e-01   6.02e-01   1.32e+00   1.36e+00 (  1.24e+02,  2.39e+02)
60      0.135   4.78e-01   7.00e-01   4.11e-01   1.92e+00   2.14e+00 (  1.22e+02,  2.37e+02)
65      0.183   5.55e-01   8.47e-01   6.85e-01   2.97e+00   3.07e+00 (  1.21e+02,  2.33e+02)
70      0.233   6.36e-01   1.00e+00   6.42e-01   3.98e+00   4.07e+00 (  1.19e+02,  2.26e+02)
75      0.282   7.34e-01   1.13e+00   6.85e-01   4.96e+00   5.01e+00 (  1.16e+02,  2.18e+02)
80      0.328   8.27e-01   1.23e+00   7.82e-01   5.77e+00   5.78e+00 (  1.13e+02,  2.10e+02)
85      0.362   8.98e-01   1.24e+00   8.62e-01   6.43e+00   6.32e+00 (  1.08e+02,  2.01e+02)
90      0.553   1.46e+00   2.40e+00   1.81e+00   1.24e+01   6.60e+00 (  3.44e+02,  1.92e+02)
95      0.491   1.57e+00   2.45e+00   2.33e+00   1.63e+01   6.69e+00 (  1.00e+03,  1.83e+02)
29 n: 1.144e-06 e: 8.184e-07 i: 1.999e-06 :: e: 3.373e-03 i: 4.323e-03 :: n: 2.171e+01 e:21.669 i:20.514 v:4.993e+03
>>> tau_he = 5.000000, nhe(0)=1.790098e+00
 5     -0.149  -6.97e-04   4.39e-03  -1.50e-03  -6.76e-03   4.01e-05 ( -1.63e-01,  3.68e+01)
10     -1.991  -9.17e-04   1.69e-02   3.94e-03  -5.01e-01   2.37e-04 ( -4.27e-01,  7.22e+01)
15     -0.398   3.55e-02  -8.40e-02   1.70e-02  -6.30e-01   1.02e-03 (  1.82e+01,  1.06e+02)
20     -0.026   1.42e-01   4.52e-02   1.22e-01  -1.17e-01   3.73e-03 (  6.15e+01,  1.36e+02)
25      0.013   2.06e-01   1.30e-01   2.37e-01   4.80e-02   1.20e-02 (  8.28e+01,  1.63e+02)
30      0.070   2.44e-01   1.94e-01   2.77e-01   3.38e-01   3.42e-02 (  9.61e+01,  1.87e+02)
35      0.109   2.86e-01   2.62e-01   3.69e-01   6.12e-01   8.76e-02 (  1.08e+02,  2.06e+02)
40      0.132   3.29e-01   3.49e-01   4.46e-01   8.25e-01   2.02e-01 (  1.17e+02,  2.21e+02)
45      0.133   3.69e-01   4.30e-01   5.43e-01   9.08e-01   4.21e-01 (  1.22e+02,  2.31e+02)
50      0.147   4.07e-01   5.07e-01   6.26e-01   1.13e+00   7.94e-01 (  1.25e+02,  2.37e+02)
55      0.133   4.35e-01   5.74e-01   6.00e-01   1.32e+00   1.36e+00 (  1.23e+02,  2.39e+02)
60      0.135   4.77e-01   6.99e-01   4.08e-01   1.92e+00   2.14e+00 (  1.22e+02,  2.37e+02)
65      0.183   5.54e-01   8.46e-01   6.84e-01   2.97e+00   3.07e+00 (  1.21e+02,  2.33e+02)
70      0.232   6.35e-01   9.98e-01   6.41e-01   3.98e+00   4.07e+00 (  1.18e+02,  2.26e+02)
75      0.281   7.33e-01   1.13e+00   6.84e-01   4.95e+00   5.01e+00 (  1.16e+02,  2.18e+02)
80      0.328   8.27e-01   1.23e+00   7.81e-01   5.76e+00   5.78e+00 (  1.13e+02,  2.10e+02)
85      0.362   8.98e-01   1.24e+00   8.61e-01   6.43e+00   6.32e+00 (  1.08e+02,  2.01e+02)
90      0.553   1.46e+00   2.40e+00   1.81e+00   1.24e+01   6.60e+00 (  3.44e+02,  1.92e+02)
95      0.491   1.57e+00   2.45e+00   2.33e+00   1.63e+01   6.69e+00 (  1.00e+03,  1.83e+02)
30 n: 7.745e-07 e: 7.113e-07 i: 1.457e-06 :: e: 2.591e-03 i: 3.189e-03 :: n: 2.171e+01 e:21.655 i:20.496 v:4.993e+03
>>> tau_he = 5.000000, nhe(0)=1.788898e+00
 5     -0.149  -6.97e-04   4.38e-03  -1.50e-03  -6.75e-03   4.01e-05 ( -1.63e-01,  3.68e+01)
10     -1.991  -9.08e-04   1.68e-02   3.92e-03  -5.01e-01   2.37e-04 ( -4.23e-01,  7.22e+01)
15     -0.391   3.66e-02  -8.41e-02   2.47e-02  -6.20e-01   1.02e-03 (  1.88e+01,  1.06e+02)
20     -0.026   1.42e-01   4.50e-02   1.22e-01  -1.16e-01   3.73e-03 (  6.12e+01,  1.36e+02)
25      0.012   2.06e-01   1.30e-01   2.37e-01   4.71e-02   1.20e-02 (  8.26e+01,  1.63e+02)
30      0.062   2.55e-01   1.92e-01   2.79e-01   2.98e-01   3.42e-02 (  1.00e+02,  1.87e+02)
35      0.109   2.86e-01   2.62e-01   3.69e-01   6.12e-01   8.76e-02 (  1.08e+02,  2.06e+02)
40      0.132   3.29e-01   3.49e-01   4.45e-01   8.25e-01   2.02e-01 (  1.16e+02,  2.21e+02)
45      0.133   3.69e-01   4.29e-01   5.43e-01   9.08e-01   4.21e-01 (  1.22e+02,  2.31e+02)
50      0.147   4.07e-01   5.06e-01   6.25e-01   1.13e+00   7.94e-01 (  1.24e+02,  2.37e+02)
55      0.133   4.34e-01   5.73e-01   5.99e-01   1.32e+00   1.36e+00 (  1.23e+02,  2.39e+02)
60      0.135   4.76e-01   6.98e-01   4.06e-01   1.93e+00   2.14e+00 (  1.21e+02,  2.37e+02)
65      0.183   5.53e-01   8.45e-01   6.83e-01   2.97e+00   3.07e+00 (  1.21e+02,  2.33e+02)
70      0.232   6.34e-01   9.97e-01   6.40e-01   3.98e+00   4.07e+00 (  1.18e+02,  2.26e+02)
75      0.281   7.32e-01   1.13e+00   6.83e-01   4.94e+00   5.01e+00 (  1.16e+02,  2.18e+02)
80      0.328   8.26e-01   1.23e+00   7.80e-01   5.76e+00   5.78e+00 (  1.12e+02,  2.10e+02)
85      0.362   8.98e-01   1.24e+00   8.61e-01   6.43e+00   6.32e+00 (  1.08e+02,  2.01e+02)
90      0.553   1.46e+00   2.40e+00   1.81e+00   1.24e+01   6.60e+00 (  3.44e+02,  1.92e+02)
95      0.491   1.57e+00   2.45e+00   2.33e+00   1.63e+01   6.69e+00 (  1.00e+03,  1.83e+02)
31 n: 5.619e-07 e: 1.147e-06 i: 1.117e-06 :: e: 3.148e-03 i: 2.451e-03 :: n: 2.171e+01 e:21.642 i:20.481 v:4.993e+03
>>> tau_he = 5.000000, nhe(0)=1.787887e+00
 5     -0.148  -6.97e-04   4.37e-03  -1.50e-03  -6.74e-03   4.01e-05 ( -1.63e-01,  3.68e+01)
10     -1.991  -8.94e-04   1.68e-02   3.91e-03  -5.01e-01   2.37e-04 ( -4.17e-01,  7.22e+01)
15     -0.389   3.61e-02  -8.39e-02   2.35e-02  -6.17e-01   1.02e-03 (  1.86e+01,  1.06e+02)
20     -0.026   1.41e-01   4.48e-02   1.22e-01  -1.16e-01   3.73e-03 (  6.10e+01,  1.36e+02)
25      0.012   2.06e-01   1.30e-01   2.38e-01   4.66e-02   1.20e-02 (  8.24e+01,  1.63e+02)
30      0.063   2.54e-01   1.92e-01   2.80e-01   3.02e-01   3.42e-02 (  9.98e+01,  1.87e+02)
35      0.110   2.85e-01   2.62e-01   3.69e-01   6.13e-01   8.76e-02 (  1.07e+02,  2.06e+02)
40      0.132   3.29e-01   3.48e-01   4.45e-01   8.25e-01   2.02e-01 (  1.16e+02,  2.21e+02)
45      0.133   3.69e-01   4.29e-01   5.43e-01   9.08e-01   4.21e-01 (  1.21e+02,  2.31e+02)
50      0.147   4.06e-01   5.06e-01   6.24e-01   1.13e+00   7.94e-01 (  1.24e+02,  2.37e+02)
55      0.133   4.34e-01   5.73e-01   5.98e-01   1.33e+00   1.36e+00 (  1.23e+02,  2.39e+02)
60      0.135   4.76e-01   6.97e-01   4.05e-01   1.93e+00   2.14e+00 (  1.21e+02,  2.37e+02)
65      0.183   5.53e-01   8.45e-01   6.82e-01   2.97e+00   3.07e+00 (  1.21e+02,  2.33e+02)
70      0.232   6.33e-01   9.96e-01   6.39e-01   3.98e+00   4.07e+00 (  1.18e+02,  2.26e+02)
75      0.281   7.31e-01   1.13e+00   6.82e-01   4.94e+00   5.01e+00 (  1.15e+02,  2.18e+02)
80      0.328   8.26e-01   1.23e+00   7.79e-01   5.76e+00   5.78e+00 (  1.12e+02,  2.10e+02)
85      0.362   8.98e-01   1.24e+00   8.60e-01   6.43e+00   6.32e+00 (  1.08e+02,  2.01e+02)
90      0.553   1.46e+00   2.40e+00   1.81e+00   1.24e+01   6.60e+00 (  3.44e+02,  1.92e+02)
95      0.491   1.57e+00   2.45e+00   2.33e+00   1.63e+01   6.69e+00 (  1.00e+03,  1.83e+02)
32 n: 4.532e-07 e: 8.647e-07 i: 8.438e-07 :: e: 2.784e-03 i: 2.124e-03 :: n: 2.171e+01 e:21.630 i:20.468 v:4.993e+03
>>> tau_he = 5.000000, nhe(0)=1.787039e+00
 5     -0.148  -6.97e-04   4.36e-03  -1.49e-03  -6.73e-03   4.01e-05 ( -1.63e-01,  3.68e+01)
10     -1.990  -8.82e-04   1.68e-02   3.90e-03  -5.02e-01   2.37e-04 ( -4.11e-01,  7.22e+01)
15     -0.381   2.70e-02  -8.09e-02   1.44e-02  -6.04e-01   1.02e-03 (  1.39e+01,  1.06e+02)
20     -0.026   1.41e-01   4.46e-02   1.21e-01  -1.16e-01   3.73e-03 (  6.08e+01,  1.36e+02)
25      0.012   2.05e-01   1.30e-01   2.38e-01   4.58e-02   1.20e-02 (  8.22e+01,  1.63e+02)
30      0.064   2.54e-01   1.92e-01   2.80e-01   3.05e-01   3.42e-02 (  9.93e+01,  1.87e+02)
35      0.110   2.85e-01   2.61e-01   3.69e-01   6.14e-01   8.76e-02 (  1.07e+02,  2.06e+02)
40      0.132   3.28e-01   3.48e-01   4.44e-01   8.24e-01   2.02e-01 (  1.16e+02,  2.21e+02)
45      0.133   3.68e-01   4.29e-01   5.43e-01   9.07e-01   4.21e-01 (  1.21e+02,  2.31e+02)
50      0.147   4.06e-01   5.06e-01   6.24e-01   1.13e+00   7.94e-01 (  1.24e+02,  2.37e+02)
55      0.133   4.34e-01   5.73e-01   5.97e-01   1.33e+00   1.36e+00 (  1.23e+02,  2.39e+02)
60      0.135   4.75e-01   6.97e-01   4.04e-01   1.93e+00   2.14e+00 (  1.21e+02,  2.37e+02)
65      0.183   5.52e-01   8.44e-01   6.81e-01   2.97e+00   3.07e+00 (  1.20e+02,  2.33e+02)
70      0.232   6.33e-01   9.96e-01   6.39e-01   3.97e+00   4.07e+00 (  1.18e+02,  2.26e+02)
75      0.281   7.31e-01   1.13e+00   6.81e-01   4.94e+00   5.01e+00 (  1.15e+02,  2.18e+02)
80      0.328   8.26e-01   1.23e+00   7.78e-01   5.76e+00   5.78e+00 (  1.12e+02,  2.10e+02)
85      0.362   8.98e-01   1.24e+00   8.59e-01   6.43e+00   6.32e+00 (  1.08e+02,  2.01e+02)
90      0.553   1.46e+00   2.40e+00   1.81e+00   1.24e+01   6.60e+00 (  3.44e+02,  1.92e+02)
95      0.491   1.57e+00   2.45e+00   2.33e+00   1.63e+01   6.69e+00 (  1.00e+03,  1.83e+02)
33 n: 3.828e-07 e: 1.501e-06 i: 3.565e-07 :: e: 3.545e-03 i: 1.780e-03 :: n: 2.171e+01 e:21.620 i:20.457 v:4.993e+03
>>> tau_he = 5.000000, nhe(0)=1.786482e+00
 5     -0.148  -6.98e-04   4.36e-03  -1.49e-03  -6.72e-03   4.01e-05 ( -1.63e-01,  3.68e+01)
10     -1.993  -8.57e-04   1.68e-02   3.89e-03  -5.03e-01   2.37e-04 ( -4.00e-01,  7.22e+01)
15     -0.383   2.69e-02  -8.09e-02   1.36e-02  -6.07e-01   1.02e-03 (  1.39e+01,  1.06e+02)
20     -0.026   1.41e-01   4.46e-02   1.21e-01  -1.16e-01   3.73e-03 (  6.07e+01,  1.36e+02)
25      0.012   2.05e-01   1.30e-01   2.38e-01   4.54e-02   1.20e-02 (  8.20e+01,  1.63e+02)
30      0.064   2.54e-01   1.92e-01   2.80e-01   3.08e-01   3.42e-02 (  9.89e+01,  1.87e+02)
35      0.110   2.85e-01   2.61e-01   3.69e-01   6.14e-01   8.76e-02 (  1.07e+02,  2.06e+02)
40      0.132   3.28e-01   3.48e-01   4.44e-01   8.24e-01   2.02e-01 (  1.16e+02,  2.21e+02)
45      0.133   3.68e-01   4.28e-01   5.42e-01   9.07e-01   4.21e-01 (  1.21e+02,  2.31e+02)
50      0.147   4.06e-01   5.05e-01   6.23e-01   1.13e+00   7.94e-01 (  1.24e+02,  2.37e+02)
55      0.133   4.33e-01   5.72e-01   5.96e-01   1.33e+00   1.36e+00 (  1.23e+02,  2.39e+02)
60      0.135   4.75e-01   6.97e-01   4.02e-01   1.93e+00   2.14e+00 (  1.21e+02,  2.37e+02)
65      0.183   5.52e-01   8.44e-01   6.80e-01   2.97e+00   3.07e+00 (  1.20e+02,  2.33e+02)
70      0.232   6.33e-01   9.95e-01   6.38e-01   3.98e+00   4.07e+00 (  1.17e+02,  2.26e+02)
75      0.281   7.30e-01   1.13e+00   6.81e-01   4.94e+00   5.01e+00 (  1.15e+02,  2.18e+02)
80      0.328   8.26e-01   1.22e+00   7.78e-01   5.76e+00   5.78e+00 (  1.12e+02,  2.10e+02)
85      0.362   8.98e-01   1.23e+00   8.59e-01   6.43e+00   6.32e+00 (  1.08e+02,  2.01e+02)
90      0.553   1.46e+00   2.40e+00   1.81e+00   1.24e+01   6.60e+00 (  3.44e+02,  1.92e+02)
95      0.491   1.57e+00   2.45e+00   2.33e+00   1.63e+01   6.69e+00 (  1.00e+03,  1.83e+02)
34 n: 3.292e-07 e: 1.177e-06 i: 2.387e-07 :: e: 3.265e-03 i: 1.816e-03 :: n: 2.171e+01 e:21.618 i:20.449 v:4.993e+03
>>> tau_he = 5.000000, nhe(0)=1.786186e+00
 5     -0.148  -6.99e-04   4.35e-03  -1.49e-03  -6.71e-03   4.01e-05 ( -1.64e-01,  3.68e+01)
10     -1.998  -8.37e-04   1.68e-02   3.88e-03  -5.04e-01   2.37e-04 ( -3.91e-01,  7.22e+01)
15     -0.385   2.70e-02  -8.09e-02   1.29e-02  -6.11e-01   1.02e-03 (  1.40e+01,  1.06e+02)
20     -0.026   1.41e-01   4.46e-02   1.21e-01  -1.17e-01   3.73e-03 (  6.07e+01,  1.36e+02)
25      0.012   2.05e-01   1.30e-01   2.39e-01   4.50e-02   1.20e-02 (  8.18e+01,  1.63e+02)
30      0.065   2.53e-01   1.92e-01   2.81e-01   3.10e-01   3.42e-02 (  9.86e+01,  1.87e+02)
35      0.110   2.85e-01   2.61e-01   3.69e-01   6.15e-01   8.76e-02 (  1.07e+02,  2.06e+02)
40      0.132   3.28e-01   3.48e-01   4.44e-01   8.24e-01   2.02e-01 (  1.16e+02,  2.21e+02)
45      0.133   3.68e-01   4.28e-01   5.42e-01   9.07e-01   4.21e-01 (  1.21e+02,  2.31e+02)
50      0.148   4.06e-01   5.04e-01   6.22e-01   1.13e+00   7.94e-01 (  1.24e+02,  2.37e+02)
55      0.133   4.33e-01   5.72e-01   5.95e-01   1.33e+00   1.36e+00 (  1.23e+02,  2.39e+02)
60      0.135   4.75e-01   6.96e-01   4.02e-01   1.93e+00   2.14e+00 (  1.21e+02,  2.37e+02)
65      0.183   5.52e-01   8.43e-01   6.80e-01   2.97e+00   3.07e+00 (  1.20e+02,  2.33e+02)
70      0.232   6.33e-01   9.95e-01   6.38e-01   3.98e+00   4.07e+00 (  1.17e+02,  2.26e+02)
75      0.281   7.30e-01   1.13e+00   6.80e-01   4.94e+00   5.01e+00 (  1.15e+02,  2.18e+02)
80      0.328   8.26e-01   1.22e+00   7.77e-01   5.76e+00   5.78e+00 (  1.12e+02,  2.10e+02)
85      0.362   8.98e-01   1.23e+00   8.59e-01   6.43e+00   6.32e+00 (  1.08e+02,  2.01e+02)
90      0.553   1.46e+00   2.40e+00   1.81e+00   1.24e+01   6.60e+00 (  3.44e+02,  1.92e+02)
95      0.491   1.57e+00   2.45e+00   2.33e+00   1.63e+01   6.69e+00 (  1.00e+03,  1.83e+02)
35 n: 2.866e-07 e: 9.043e-07 i: 1.835e-07 :: e: 2.990e-03 i: 1.910e-03 :: n: 2.171e+01 e:21.618 i:20.444 v:4.993e+03
>>> tau_he = 5.000000, nhe(0)=1.786019e+00
 5     -0.147  -7.01e-04   4.35e-03  -1.49e-03  -6.71e-03   4.01e-05 ( -1.64e-01,  3.68e+01)
10     -2.003  -8.17e-04   1.68e-02   3.86e-03  -5.05e-01   2.37e-04 ( -3.82e-01,  7.22e+01)
15     -0.402   2.69e-02  -8.02e-02   1.01e-02  -6.38e-01   1.02e-03 (  1.40e+01,  1.06e+02)
20     -0.027   1.41e-01   4.47e-02   1.21e-01  -1.17e-01   3.73e-03 (  6.07e+01,  1.36e+02)
25      0.012   2.05e-01   1.30e-01   2.39e-01   4.45e-02   1.20e-02 (  8.17e+01,  1.63e+02)
30      0.065   2.53e-01   1.92e-01   2.81e-01   3.12e-01   3.42e-02 (  9.83e+01,  1.87e+02)
35      0.110   2.84e-01   2.61e-01   3.69e-01   6.15e-01   8.76e-02 (  1.07e+02,  2.06e+02)
40      0.132   3.28e-01   3.47e-01   4.44e-01   8.24e-01   2.02e-01 (  1.16e+02,  2.21e+02)
45      0.133   3.68e-01   4.28e-01   5.42e-01   9.07e-01   4.21e-01 (  1.21e+02,  2.31e+02)
50      0.148   4.06e-01   5.04e-01   6.22e-01   1.13e+00   7.94e-01 (  1.24e+02,  2.37e+02)
55      0.133   4.33e-01   5.72e-01   5.95e-01   1.33e+00   1.36e+00 (  1.23e+02,  2.39e+02)
60      0.135   4.75e-01   6.96e-01   4.01e-01   1.93e+00   2.14e+00 (  1.21e+02,  2.37e+02)
65      0.183   5.52e-01   8.43e-01   6.80e-01   2.97e+00   3.07e+00 (  1.20e+02,  2.33e+02)
70      0.232   6.32e-01   9.95e-01   6.38e-01   3.98e+00   4.07e+00 (  1.17e+02,  2.26e+02)
75      0.281   7.30e-01   1.13e+00   6.80e-01   4.94e+00   5.01e+00 (  1.15e+02,  2.18e+02)
80      0.328   8.26e-01   1.22e+00   7.77e-01   5.76e+00   5.78e+00 (  1.12e+02,  2.10e+02)
85      0.362   8.98e-01   1.23e+00   8.58e-01   6.43e+00   6.32e+00 (  1.08e+02,  2.01e+02)
90      0.553   1.46e+00   2.40e+00   1.81e+00   1.24e+01   6.60e+00 (  3.44e+02,  1.92e+02)
95      0.491   1.57e+00   2.45e+00   2.33e+00   1.63e+01   6.69e+00 (  1.00e+03,  1.83e+02)
36 n: 2.479e-07 e: 7.225e-07 i: 1.070e-07 :: e: 2.768e-03 i: 1.784e-03 :: n: 2.171e+01 e:21.619 i:20.441 v:4.993e+03
>>> tau_he = 5.000000, nhe(0)=1.785986e+00
 5     -0.147  -7.03e-04   4.34e-03  -1.49e-03  -6.71e-03   4.01e-05 ( -1.64e-01,  3.68e+01)
10     -2.008  -7.99e-04   1.69e-02   3.85e-03  -5.07e-01   2.37e-04 ( -3.73e-01,  7.22e+01)
15     -0.403   2.70e-02  -8.03e-02   9.74e-03  -6.40e-01   1.02e-03 (  1.41e+01,  1.06e+02)
20     -0.027   1.41e-01   4.47e-02   1.21e-01  -1.17e-01   3.73e-03 (  6.07e+01,  1.36e+02)
25      0.012   2.05e-01   1.30e-01   2.39e-01   4.40e-02   1.20e-02 (  8.16e+01,  1.63e+02)
30      0.066   2.53e-01   1.92e-01   2.81e-01   3.14e-01   3.42e-02 (  9.81e+01,  1.87e+02)
35      0.110   2.84e-01   2.61e-01   3.69e-01   6.16e-01   8.76e-02 (  1.07e+02,  2.06e+02)
40      0.132   3.28e-01   3.47e-01   4.44e-01   8.24e-01   2.02e-01 (  1.16e+02,  2.21e+02)
45      0.133   3.68e-01   4.28e-01   5.42e-01   9.07e-01   4.21e-01 (  1.21e+02,  2.31e+02)
50      0.148   4.06e-01   5.04e-01   6.22e-01   1.13e+00   7.94e-01 (  1.24e+02,  2.37e+02)
55      0.133   4.33e-01   5.72e-01   5.94e-01   1.33e+00   1.36e+00 (  1.23e+02,  2.39e+02)
60      0.135   4.75e-01   6.96e-01   4.01e-01   1.93e+00   2.14e+00 (  1.21e+02,  2.37e+02)
65      0.183   5.52e-01   8.43e-01   6.79e-01   2.97e+00   3.07e+00 (  1.20e+02,  2.33e+02)
70      0.232   6.32e-01   9.95e-01   6.38e-01   3.98e+00   4.07e+00 (  1.17e+02,  2.26e+02)
75      0.281   7.30e-01   1.12e+00   6.80e-01   4.94e+00   5.01e+00 (  1.15e+02,  2.18e+02)
80      0.328   8.26e-01   1.22e+00   7.77e-01   5.76e+00   5.78e+00 (  1.12e+02,  2.10e+02)
85      0.362   8.98e-01   1.23e+00   8.58e-01   6.43e+00   6.32e+00 (  1.08e+02,  2.01e+02)
90      0.553   1.46e+00   2.40e+00   1.81e+00   1.24e+01   6.60e+00 (  3.44e+02,  1.92e+02)
95      0.491   1.57e+00   2.45e+00   2.33e+00   1.63e+01   6.69e+00 (  1.00e+03,  1.83e+02)
37 n: 2.151e-07 e: 5.628e-07 i: 8.065e-08 :: e: 2.489e-03 i: 1.667e-03 :: n: 2.172e+01 e:21.621 i:20.440 v:4.993e+03
>>> tau_he = 5.000000, nhe(0)=1.786024e+00
 5     -0.147  -7.04e-04   4.34e-03  -1.49e-03  -6.71e-03   4.01e-05 ( -1.65e-01,  3.68e+01)
10     -2.013  -8.04e-04   1.69e-02   3.84e-03  -5.08e-01   2.37e-04 ( -3.76e-01,  7.22e+01)
15     -0.405   2.71e-02  -8.03e-02   9.44e-03  -6.43e-01   1.02e-03 (  1.42e+01,  1.06e+02)
20     -0.027   1.41e-01   4.48e-02   1.22e-01  -1.17e-01   3.73e-03 (  6.07e+01,  1.36e+02)
25      0.012   2.05e-01   1.30e-01   2.39e-01   4.34e-02   1.20e-02 (  8.16e+01,  1.63e+02)
30      0.066   2.52e-01   1.92e-01   2.81e-01   3.15e-01   3.42e-02 (  9.80e+01,  1.87e+02)
35      0.110   2.84e-01   2.61e-01   3.69e-01   6.16e-01   8.76e-02 (  1.07e+02,  2.06e+02)
40      0.132   3.28e-01   3.47e-01   4.44e-01   8.24e-01   2.02e-01 (  1.16e+02,  2.21e+02)
45      0.133   3.68e-01   4.28e-01   5.42e-01   9.07e-01   4.21e-01 (  1.21e+02,  2.31e+02)
50      0.148   4.06e-01   5.05e-01   6.22e-01   1.13e+00   7.94e-01 (  1.24e+02,  2.37e+02)
55      0.133   4.33e-01   5.72e-01   5.94e-01   1.33e+00   1.36e+00 (  1.23e+02,  2.39e+02)
60      0.135   4.75e-01   6.96e-01   4.00e-01   1.93e+00   2.14e+00 (  1.21e+02,  2.37e+02)
65      0.183   5.52e-01   8.43e-01   6.79e-01   2.97e+00   3.07e+00 (  1.20e+02,  2.33e+02)
70      0.232   6.32e-01   9.95e-01   6.38e-01   3.98e+00   4.07e+00 (  1.17e+02,  2.26e+02)
75      0.281   7.30e-01   1.12e+00   6.80e-01   4.94e+00   5.01e+00 (  1.15e+02,  2.18e+02)
80      0.328   8.26e-01   1.22e+00   7.77e-01   5.76e+00   5.78e+00 (  1.12e+02,  2.10e+02)
85      0.362   8.99e-01   1.23e+00   8.58e-01   6.43e+00   6.32e+00 (  1.08e+02,  2.01e+02)
90      0.553   1.46e+00   2.40e+00   1.81e+00   1.24e+01   6.60e+00 (  3.44e+02,  1.92e+02)
95      0.491   1.57e+00   2.45e+00   2.33e+00   1.63e+01   6.69e+00 (  1.00e+03,  1.83e+02)
38 n: 1.863e-07 e: 4.363e-07 i: 6.331e-08 :: e: 2.203e-03 i: 1.511e-03 :: n: 2.172e+01 e:21.625 i:20.440 v:4.993e+03
>>> tau_he = 5.000000, nhe(0)=1.786114e+00
 5     -0.147  -7.06e-04   4.34e-03  -1.49e-03  -6.71e-03   4.01e-05 ( -1.65e-01,  3.68e+01)
10     -2.018  -7.90e-04   1.69e-02   3.83e-03  -5.09e-01   2.37e-04 ( -3.70e-01,  7.22e+01)
15     -0.406   2.72e-02  -8.04e-02   9.17e-03  -6.45e-01   1.02e-03 (  1.43e+01,  1.06e+02)
20     -0.027   1.41e-01   4.48e-02   1.22e-01  -1.18e-01   3.73e-03 (  6.07e+01,  1.36e+02)
25      0.012   2.05e-01   1.30e-01   2.40e-01   4.28e-02   1.20e-02 (  8.15e+01,  1.63e+02)
30      0.066   2.52e-01   1.92e-01   2.82e-01   3.17e-01   3.42e-02 (  9.78e+01,  1.87e+02)
35      0.110   2.84e-01   2.61e-01   3.69e-01   6.16e-01   8.76e-02 (  1.07e+02,  2.06e+02)
40      0.132   3.28e-01   3.47e-01   4.44e-01   8.24e-01   2.02e-01 (  1.16e+02,  2.21e+02)
45      0.133   3.68e-01   4.28e-01   5.42e-01   9.07e-01   4.21e-01 (  1.21e+02,  2.31e+02)
50      0.147   4.06e-01   5.05e-01   6.23e-01   1.13e+00   7.94e-01 (  1.24e+02,  2.37e+02)
55      0.133   4.33e-01   5.72e-01   5.94e-01   1.33e+00   1.36e+00 (  1.23e+02,  2.39e+02)
60      0.135   4.75e-01   6.96e-01   4.00e-01   1.94e+00   2.14e+00 (  1.21e+02,  2.37e+02)
65      0.183   5.52e-01   8.43e-01   6.79e-01   2.97e+00   3.07e+00 (  1.20e+02,  2.33e+02)
70      0.232   6.33e-01   9.95e-01   6.38e-01   3.98e+00   4.07e+00 (  1.17e+02,  2.26e+02)
75      0.281   7.30e-01   1.12e+00   6.80e-01   4.94e+00   5.01e+00 (  1.15e+02,  2.18e+02)
80      0.328   8.26e-01   1.22e+00   7.77e-01   5.77e+00   5.78e+00 (  1.12e+02,  2.10e+02)
85      0.362   8.99e-01   1.23e+00   8.58e-01   6.43e+00   6.32e+00 (  1.08e+02,  2.01e+02)
90      0.553   1.46e+00   2.40e+00   1.81e+00   1.24e+01   6.60e+00 (  3.44e+02,  1.92e+02)
95      0.491   1.57e+00   2.45e+00   2.33e+00   1.63e+01   6.69e+00 (  1.00e+03,  1.83e+02)
39 n: 1.605e-07 e: 3.417e-07 i: 4.740e-08 :: e: 1.940e-03 i: 1.272e-03 :: n: 2.172e+01 e:21.628 i:20.440 v:4.993e+03
>>> tau_he = 5.000000, nhe(0)=1.786225e+00
 5     -0.147  -7.08e-04   4.33e-03  -1.49e-03  -6.71e-03   4.01e-05 ( -1.65e-01,  3.68e+01)
10     -2.022  -7.76e-04   1.69e-02   3.82e-03  -5.11e-01   2.37e-04 ( -3.64e-01,  7.22e+01)
15     -0.407   2.72e-02  -8.04e-02   8.93e-03  -6.47e-01   1.02e-03 (  1.44e+01,  1.06e+02)
20     -0.027   1.41e-01   4.49e-02   1.22e-01  -1.18e-01   3.73e-03 (  6.07e+01,  1.36e+02)
25      0.011   2.05e-01   1.30e-01   2.40e-01   4.22e-02   1.20e-02 (  8.15e+01,  1.63e+02)
30      0.067   2.52e-01   1.92e-01   2.82e-01   3.18e-01   3.42e-02 (  9.77e+01,  1.87e+02)
35      0.110   2.84e-01   2.61e-01   3.69e-01   6.17e-01   8.76e-02 (  1.07e+02,  2.06e+02)
40      0.132   3.28e-01   3.48e-01   4.44e-01   8.24e-01   2.02e-01 (  1.16e+02,  2.21e+02)
45      0.133   3.68e-01   4.28e-01   5.42e-01   9.07e-01   4.21e-01 (  1.21e+02,  2.31e+02)
50      0.148   4.06e-01   5.05e-01   6.22e-01   1.13e+00   7.94e-01 (  1.24e+02,  2.37e+02)
55      0.133   4.33e-01   5.72e-01   5.93e-01   1.33e+00   1.36e+00 (  1.23e+02,  2.39e+02)
60      0.135   4.75e-01   6.96e-01   4.00e-01   1.94e+00   2.14e+00 (  1.21e+02,  2.37e+02)
65      0.183   5.52e-01   8.43e-01   6.79e-01   2.97e+00   3.07e+00 (  1.20e+02,  2.33e+02)
70      0.232   6.33e-01   9.95e-01   6.38e-01   3.98e+00   4.07e+00 (  1.17e+02,  2.26e+02)
75      0.281   7.30e-01   1.12e+00   6.80e-01   4.94e+00   5.01e+00 (  1.15e+02,  2.18e+02)
80      0.328   8.26e-01   1.22e+00   7.77e-01   5.77e+00   5.78e+00 (  1.12e+02,  2.10e+02)
85      0.362   8.99e-01   1.23e+00   8.58e-01   6.43e+00   6.32e+00 (  1.08e+02,  2.01e+02)
90      0.553   1.46e+00   2.40e+00   1.81e+00   1.24e+01   6.60e+00 (  3.44e+02,  1.92e+02)
95      0.491   1.57e+00   2.45e+00   2.33e+00   1.63e+01   6.69e+00 (  1.00e+03,  1.83e+02)
40 n: 1.401e-07 e: 2.676e-07 i: 4.413e-08 :: e: 1.685e-03 i: 1.182e-03 :: n: 2.172e+01 e:21.632 i:20.441 v:4.993e+03
>>> tau_he = 5.000000, nhe(0)=1.786352e+00
 5     -0.147  -7.09e-04   4.33e-03  -1.49e-03  -6.71e-03   4.01e-05 ( -1.66e-01,  3.68e+01)
10     -2.026  -7.64e-04   1.69e-02   3.81e-03  -5.12e-01   2.37e-04 ( -3.58e-01,  7.22e+01)
15     -0.408   2.73e-02  -8.05e-02   8.70e-03  -6.49e-01   1.02e-03 (  1.45e+01,  1.06e+02)
20     -0.027   1.41e-01   4.49e-02   1.22e-01  -1.18e-01   3.73e-03 (  6.07e+01,  1.36e+02)
25      0.011   2.05e-01   1.30e-01   2.40e-01   4.17e-02   1.20e-02 (  8.15e+01,  1.63e+02)
30      0.067   2.52e-01   1.92e-01   2.82e-01   3.18e-01   3.42e-02 (  9.76e+01,  1.87e+02)
35      0.110   2.84e-01   2.61e-01   3.69e-01   6.17e-01   8.76e-02 (  1.07e+02,  2.06e+02)
40      0.132   3.28e-01   3.48e-01   4.44e-01   8.24e-01   2.02e-01 (  1.16e+02,  2.21e+02)
45      0.133   3.68e-01   4.28e-01   5.42e-01   9.07e-01   4.21e-01 (  1.21e+02,  2.31e+02)
50      0.147   4.06e-01   5.06e-01   6.23e-01   1.13e+00   7.94e-01 (  1.24e+02,  2.37e+02)
55      0.133   4.33e-01   5.72e-01   5.93e-01   1.33e+00   1.36e+00 (  1.23e+02,  2.39e+02)
60      0.136   4.75e-01   6.96e-01   4.00e-01   1.94e+00   2.14e+00 (  1.21e+02,  2.37e+02)
65      0.183   5.52e-01   8.43e-01   6.79e-01   2.97e+00   3.07e+00 (  1.20e+02,  2.33e+02)
70      0.232   6.33e-01   9.95e-01   6.38e-01   3.98e+00   4.07e+00 (  1.17e+02,  2.26e+02)
75      0.281   7.30e-01   1.12e+00   6.80e-01   4.94e+00   5.01e+00 (  1.15e+02,  2.18e+02)
80      0.328   8.26e-01   1.22e+00   7.77e-01   5.77e+00   5.78e+00 (  1.12e+02,  2.10e+02)
85      0.362   8.99e-01   1.23e+00   8.58e-01   6.43e+00   6.32e+00 (  1.08e+02,  2.01e+02)
90      0.553   1.46e+00   2.40e+00   1.81e+00   1.24e+01   6.60e+00 (  3.44e+02,  1.92e+02)
95      0.491   1.57e+00   2.45e+00   2.33e+00   1.63e+01   6.69e+00 (  1.00e+03,  1.83e+02)
41 n: 1.185e-07 e: 2.115e-07 i: 3.299e-08 :: e: 1.463e-03 i: 9.434e-04 :: n: 2.172e+01 e:21.636 i:20.442 v:4.993e+03
>>> tau_he = 5.000000, nhe(0)=1.786471e+00
 5     -0.147  -7.10e-04   4.33e-03  -1.50e-03  -6.71e-03   4.01e-05 ( -1.66e-01,  3.68e+01)
10     -2.030  -7.53e-04   1.69e-02   3.81e-03  -5.13e-01   2.37e-04 ( -3.53e-01,  7.22e+01)
15     -0.409   2.74e-02  -8.05e-02   8.50e-03  -6.50e-01   1.02e-03 (  1.45e+01,  1.06e+02)
20     -0.027   1.41e-01   4.50e-02   1.22e-01  -1.19e-01   3.73e-03 (  6.07e+01,  1.36e+02)
25      0.011   2.05e-01   1.30e-01   2.40e-01   4.12e-02   1.20e-02 (  8.14e+01,  1.63e+02)
30      0.067   2.52e-01   1.92e-01   2.82e-01   3.19e-01   3.42e-02 (  9.76e+01,  1.87e+02)
35      0.111   2.84e-01   2.61e-01   3.69e-01   6.17e-01   8.76e-02 (  1.07e+02,  2.06e+02)
40      0.132   3.28e-01   3.48e-01   4.44e-01   8.24e-01   2.02e-01 (  1.16e+02,  2.21e+02)
45      0.133   3.68e-01   4.28e-01   5.42e-01   9.07e-01   4.21e-01 (  1.21e+02,  2.31e+02)
50      0.147   4.06e-01   5.06e-01   6.23e-01   1.13e+00   7.94e-01 (  1.24e+02,  2.37e+02)
55      0.133   4.34e-01   5.72e-01   5.93e-01   1.33e+00   1.36e+00 (  1.23e+02,  2.39e+02)
60      0.136   4.75e-01   6.96e-01   4.00e-01   1.94e+00   2.14e+00 (  1.21e+02,  2.37e+02)
65      0.183   5.52e-01   8.43e-01   6.79e-01   2.97e+00   3.07e+00 (  1.20e+02,  2.33e+02)
70      0.232   6.33e-01   9.95e-01   6.38e-01   3.98e+00   4.07e+00 (  1.17e+02,  2.26e+02)
75      0.281   7.30e-01   1.12e+00   6.80e-01   4.94e+00   5.01e+00 (  1.15e+02,  2.18e+02)
80      0.328   8.26e-01   1.22e+00   7.77e-01   5.77e+00   5.78e+00 (  1.12e+02,  2.10e+02)
85      0.362   8.99e-01   1.23e+00   8.58e-01   6.43e+00   6.32e+00 (  1.08e+02,  2.01e+02)
90      0.553   1.46e+00   2.40e+00   1.81e+00   1.24e+01   6.60e+00 (  3.44e+02,  1.92e+02)
95      0.491   1.57e+00   2.45e+00   2.33e+00   1.63e+01   6.69e+00 (  1.00e+03,  1.83e+02)
42 n: 1.025e-07 e: 1.656e-07 i: 2.782e-08 :: e: 1.279e-03 i: 8.073e-04 :: n: 2.172e+01 e:21.639 i:20.443 v:4.993e+03
>>> tau_he = 5.000000, nhe(0)=1.786585e+00
 5     -0.147  -7.12e-04   4.33e-03  -1.50e-03  -6.71e-03   4.01e-05 ( -1.66e-01,  3.68e+01)
10     -2.034  -7.43e-04   1.69e-02   3.80e-03  -5.14e-01   2.37e-04 ( -3.49e-01,  7.22e+01)
15     -0.410   2.74e-02  -8.06e-02   8.32e-03  -6.52e-01   1.02e-03 (  1.46e+01,  1.06e+02)
20     -0.027   1.41e-01   4.50e-02   1.22e-01  -1.19e-01   3.73e-03 (  6.07e+01,  1.36e+02)
25      0.011   2.05e-01   1.30e-01   2.41e-01   4.07e-02   1.20e-02 (  8.14e+01,  1.63e+02)
30      0.067   2.52e-01   1.92e-01   2.83e-01   3.20e-01   3.42e-02 (  9.75e+01,  1.87e+02)
35      0.111   2.84e-01   2.61e-01   3.69e-01   6.18e-01   8.76e-02 (  1.07e+02,  2.06e+02)
40      0.132   3.28e-01   3.48e-01   4.44e-01   8.24e-01   2.02e-01 (  1.16e+02,  2.21e+02)
45      0.133   3.68e-01   4.28e-01   5.42e-01   9.07e-01   4.21e-01 (  1.21e+02,  2.31e+02)
50      0.147   4.06e-01   5.06e-01   6.23e-01   1.13e+00   7.94e-01 (  1.24e+02,  2.37e+02)
55      0.133   4.34e-01   5.72e-01   5.93e-01   1.33e+00   1.36e+00 (  1.23e+02,  2.39e+02)
60      0.136   4.75e-01   6.97e-01   4.00e-01   1.94e+00   2.14e+00 (  1.21e+02,  2.37e+02)
65      0.183   5.52e-01   8.43e-01   6.79e-01   2.97e+00   3.07e+00 (  1.20e+02,  2.33e+02)
70      0.232   6.33e-01   9.95e-01   6.38e-01   3.98e+00   4.07e+00 (  1.17e+02,  2.26e+02)
75      0.281   7.30e-01   1.12e+00   6.80e-01   4.94e+00   5.01e+00 (  1.15e+02,  2.18e+02)
80      0.328   8.26e-01   1.22e+00   7.77e-01   5.77e+00   5.78e+00 (  1.12e+02,  2.10e+02)
85      0.362   8.99e-01   1.23e+00   8.58e-01   6.43e+00   6.32e+00 (  1.08e+02,  2.01e+02)
90      0.553   1.46e+00   2.40e+00   1.81e+00   1.24e+01   6.60e+00 (  3.44e+02,  1.92e+02)
95      0.491   1.57e+00   2.45e+00   2.33e+00   1.63e+01   6.69e+00 (  1.00e+03,  1.83e+02)
43 n: 8.722e-08 e: 1.306e-07 i: 2.288e-08 :: e: 1.116e-03 i: 6.838e-04 :: n: 2.172e+01 e:21.643 i:20.445 v:4.993e+03
>>> tau_he = 5.000000, nhe(0)=1.786679e+00
 5     -0.147  -7.13e-04   4.33e-03  -1.50e-03  -6.71e-03   4.01e-05 ( -1.67e-01,  3.68e+01)
10     -2.037  -7.34e-04   1.70e-02   3.79e-03  -5.15e-01   2.37e-04 ( -3.44e-01,  7.22e+01)
15     -0.411   2.75e-02  -8.06e-02   8.15e-03  -6.53e-01   1.02e-03 (  1.46e+01,  1.06e+02)
20     -0.027   1.41e-01   4.50e-02   1.22e-01  -1.19e-01   3.73e-03 (  6.07e+01,  1.36e+02)
25      0.011   2.05e-01   1.30e-01   2.41e-01   4.03e-02   1.20e-02 (  8.14e+01,  1.63e+02)
30      0.067   2.52e-01   1.92e-01   2.83e-01   3.20e-01   3.42e-02 (  9.74e+01,  1.87e+02)
35      0.111   2.84e-01   2.61e-01   3.69e-01   6.18e-01   8.76e-02 (  1.07e+02,  2.06e+02)
40      0.132   3.28e-01   3.48e-01   4.44e-01   8.24e-01   2.02e-01 (  1.16e+02,  2.21e+02)
45      0.133   3.68e-01   4.28e-01   5.42e-01   9.07e-01   4.21e-01 (  1.21e+02,  2.31e+02)
50      0.147   4.06e-01   5.06e-01   6.23e-01   1.13e+00   7.94e-01 (  1.24e+02,  2.37e+02)
55      0.132   4.34e-01   5.72e-01   5.93e-01   1.33e+00   1.36e+00 (  1.23e+02,  2.39e+02)
60      0.136   4.75e-01   6.97e-01   4.00e-01   1.94e+00   2.14e+00 (  1.21e+02,  2.37e+02)
65      0.183   5.52e-01   8.43e-01   6.79e-01   2.97e+00   3.07e+00 (  1.20e+02,  2.33e+02)
70      0.232   6.33e-01   9.95e-01   6.38e-01   3.98e+00   4.07e+00 (  1.17e+02,  2.26e+02)
75      0.281   7.30e-01   1.12e+00   6.80e-01   4.94e+00   5.01e+00 (  1.15e+02,  2.18e+02)
80      0.328   8.26e-01   1.22e+00   7.77e-01   5.77e+00   5.78e+00 (  1.12e+02,  2.10e+02)
85      0.362   8.99e-01   1.23e+00   8.58e-01   6.43e+00   6.32e+00 (  1.08e+02,  2.01e+02)
90      0.553   1.46e+00   2.40e+00   1.81e+00   1.24e+01   6.60e+00 (  3.44e+02,  1.92e+02)
95      0.491   1.57e+00   2.45e+00   2.33e+00   1.63e+01   6.69e+00 (  1.00e+03,  1.83e+02)
44 n: 7.396e-08 e: 1.022e-07 i: 1.893e-08 :: e: 9.716e-04 i: 5.743e-04 :: n: 2.172e+01 e:21.646 i:20.446 v:4.993e+03
>>> tau_he = 5.000000, nhe(0)=1.786758e+00
 5     -0.147  -7.14e-04   4.33e-03  -1.50e-03  -6.71e-03   4.01e-05 ( -1.67e-01,  3.68e+01)
10     -2.157   9.79e-03  -2.24e-01  -4.02e-03  -5.45e-01   2.37e-04 (  4.60e+00,  7.22e+01)
15     -0.412   2.75e-02  -8.06e-02   7.99e-03  -6.54e-01   1.02e-03 (  1.47e+01,  1.06e+02)
20     -0.027   1.41e-01   4.50e-02   1.22e-01  -1.19e-01   3.73e-03 (  6.07e+01,  1.36e+02)
25      0.011   2.05e-01   1.31e-01   2.41e-01   3.99e-02   1.20e-02 (  8.14e+01,  1.63e+02)
30      0.068   2.52e-01   1.92e-01   2.83e-01   3.21e-01   3.42e-02 (  9.74e+01,  1.87e+02)
35      0.111   2.84e-01   2.61e-01   3.69e-01   6.18e-01   8.76e-02 (  1.07e+02,  2.06e+02)
40      0.132   3.28e-01   3.48e-01   4.44e-01   8.24e-01   2.02e-01 (  1.16e+02,  2.21e+02)
45      0.133   3.68e-01   4.28e-01   5.42e-01   9.07e-01   4.21e-01 (  1.21e+02,  2.31e+02)
50      0.147   4.06e-01   5.06e-01   6.23e-01   1.13e+00   7.94e-01 (  1.24e+02,  2.37e+02)
55      0.132   4.34e-01   5.72e-01   5.92e-01   1.33e+00   1.36e+00 (  1.23e+02,  2.39e+02)
60      0.136   4.75e-01   6.97e-01   4.00e-01   1.94e+00   2.14e+00 (  1.21e+02,  2.37e+02)
65      0.183   5.52e-01   8.43e-01   6.79e-01   2.97e+00   3.07e+00 (  1.20e+02,  2.33e+02)
70      0.232   6.33e-01   9.95e-01   6.38e-01   3.98e+00   4.07e+00 (  1.17e+02,  2.26e+02)
75      0.281   7.30e-01   1.13e+00   6.80e-01   4.94e+00   5.01e+00 (  1.15e+02,  2.18e+02)
80      0.328   8.26e-01   1.22e+00   7.77e-01   5.77e+00   5.78e+00 (  1.12e+02,  2.10e+02)
85      0.362   8.99e-01   1.23e+00   8.58e-01   6.43e+00   6.32e+00 (  1.08e+02,  2.01e+02)
90      0.553   1.46e+00   2.40e+00   1.81e+00   1.24e+01   6.60e+00 (  3.44e+02,  1.92e+02)
95      0.491   1.57e+00   2.45e+00   2.33e+00   1.63e+01   6.69e+00 (  1.00e+03,  1.83e+02)
45 n: 6.223e-08 e: 9.662e-07 i: 2.914e-04 :: e: 1.796e-03 i: 1.743e-02 :: n: 2.172e+01 e:21.649 i:20.447 v:4.993e+03
>>> tau_he = 5.000000, nhe(0)=1.777725e+00
 5     -0.146  -7.51e-04   4.21e-03  -1.49e-03  -6.66e-03   4.01e-05 ( -1.76e-01,  3.68e+01)
10     -1.829  -5.38e-04   1.19e-02   6.82e-03  -4.62e-01   2.37e-04 ( -2.52e-01,  7.22e+01)
15     -0.387   2.35e-02  -7.95e-02  -4.93e-04  -6.15e-01   1.02e-03 (  1.25e+01,  1.06e+02)
20     -0.028   1.40e-01   4.35e-02   1.20e-01  -1.21e-01   3.73e-03 (  6.01e+01,  1.36e+02)
25      0.010   2.04e-01   1.29e-01   2.40e-01   3.80e-02   1.20e-02 (  8.11e+01,  1.63e+02)
30      0.067   2.52e-01   1.91e-01   2.82e-01   3.19e-01   3.42e-02 (  9.72e+01,  1.87e+02)
35      0.110   2.84e-01   2.61e-01   3.69e-01   6.16e-01   8.76e-02 (  1.07e+02,  2.06e+02)
40      0.132   3.28e-01   3.47e-01   4.44e-01   8.23e-01   2.02e-01 (  1.16e+02,  2.21e+02)
45      0.133   3.68e-01   4.28e-01   5.42e-01   9.06e-01   4.21e-01 (  1.21e+02,  2.31e+02)
50      0.148   4.06e-01   5.05e-01   6.21e-01   1.13e+00   7.94e-01 (  1.24e+02,  2.37e+02)
55      0.132   4.34e-01   5.72e-01   5.92e-01   1.33e+00   1.36e+00 (  1.23e+02,  2.39e+02)
60      0.136   4.75e-01   6.97e-01   3.99e-01   1.94e+00   2.14e+00 (  1.21e+02,  2.37e+02)
65      0.183   5.52e-01   8.43e-01   6.79e-01   2.97e+00   3.07e+00 (  1.20e+02,  2.33e+02)
70      0.232   6.33e-01   9.95e-01   6.38e-01   3.98e+00   4.07e+00 (  1.17e+02,  2.26e+02)
75      0.281   7.30e-01   1.12e+00   6.80e-01   4.94e+00   5.01e+00 (  1.15e+02,  2.18e+02)
80      0.328   8.26e-01   1.22e+00   7.77e-01   5.77e+00   5.78e+00 (  1.12e+02,  2.10e+02)
85      0.362   8.99e-01   1.23e+00   8.58e-01   6.43e+00   6.32e+00 (  1.08e+02,  2.01e+02)
90      0.553   1.46e+00   2.40e+00   1.81e+00   1.24e+01   6.60e+00 (  3.44e+02,  1.92e+02)
95      0.491   1.57e+00   2.45e+00   2.33e+00   1.63e+01   6.69e+00 (  1.00e+03,  1.83e+02)
46 n: 6.621e-08 e: 2.359e-06 i: 2.958e-06 :: e: 1.522e-03 i: 3.011e-03 :: n: 2.172e+01 e:21.643 i:20.337 v:4.993e+03
>>> tau_he = 5.000000, nhe(0)=1.778093e+00
 5     -0.144  -7.35e-04   4.21e-03  -1.48e-03  -6.59e-03   4.01e-05 ( -1.71e-01,  3.68e+01)
10     -1.827  -8.37e-04   1.19e-02   6.40e-03  -4.62e-01   2.37e-04 ( -3.88e-01,  7.22e+01)
15     -0.387   2.35e-02  -7.94e-02  -4.13e-04  -6.14e-01   1.02e-03 (  1.25e+01,  1.06e+02)
20     -0.033   1.39e-01   4.41e-02   1.20e-01  -1.44e-01   3.73e-03 (  5.98e+01,  1.36e+02)
25      0.011   2.03e-01   1.29e-01   2.40e-01   4.17e-02   1.20e-02 (  8.07e+01,  1.63e+02)
30      0.068   2.51e-01   1.91e-01   2.82e-01   3.23e-01   3.42e-02 (  9.68e+01,  1.87e+02)
35      0.111   2.84e-01   2.60e-01   3.68e-01   6.18e-01   8.76e-02 (  1.06e+02,  2.06e+02)
40      0.132   3.28e-01   3.47e-01   4.44e-01   8.24e-01   2.02e-01 (  1.16e+02,  2.21e+02)
45      0.133   3.68e-01   4.28e-01   5.42e-01   9.08e-01   4.21e-01 (  1.21e+02,  2.31e+02)
50      0.148   4.06e-01   5.04e-01   6.21e-01   1.13e+00   7.94e-01 (  1.24e+02,  2.37e+02)
55      0.132   4.33e-01   5.72e-01   5.92e-01   1.33e+00   1.36e+00 (  1.23e+02,  2.39e+02)
60      0.136   4.75e-01   6.96e-01   3.99e-01   1.94e+00   2.14e+00 (  1.21e+02,  2.37e+02)
65      0.183   5.52e-01   8.43e-01   6.79e-01   2.97e+00   3.07e+00 (  1.20e+02,  2.33e+02)
70      0.232   6.33e-01   9.95e-01   6.38e-01   3.98e+00   4.07e+00 (  1.17e+02,  2.26e+02)
75      0.281   7.30e-01   1.12e+00   6.80e-01   4.94e+00   5.01e+00 (  1.15e+02,  2.18e+02)
80      0.328   8.26e-01   1.22e+00   7.77e-01   5.77e+00   5.78e+00 (  1.12e+02,  2.10e+02)
85      0.362   8.99e-01   1.23e+00   8.58e-01   6.43e+00   6.32e+00 (  1.08e+02,  2.01e+02)
90      0.553   1.46e+00   2.40e+00   1.81e+00   1.24e+01   6.60e+00 (  3.44e+02,  1.92e+02)
95      0.491   1.57e+00   2.45e+00   2.33e+00   1.63e+01   6.69e+00 (  1.00e+03,  1.83e+02)
47 n: 3.988e-08 e: 3.967e-07 i: 2.951e-06 :: e: 1.613e-03 i: 2.954e-03 :: n: 2.172e+01 e:21.603 i:20.340 v:4.993e+03
>>> tau_he = 5.000000, nhe(0)=1.778039e+00
 5     -0.145  -7.31e-04   4.23e-03  -1.48e-03  -6.59e-03   4.01e-05 ( -1.70e-01,  3.68e+01)
10     -1.863  -8.62e-04   1.19e-02   6.17e-03  -4.71e-01   2.37e-04 ( -4.00e-01,  7.22e+01)
15     -0.390   2.39e-02  -7.96e-02  -2.98e-04  -6.20e-01   1.02e-03 (  1.27e+01,  1.06e+02)
20     -0.033   1.39e-01   4.41e-02   1.20e-01  -1.45e-01   3.73e-03 (  5.98e+01,  1.36e+02)
25      0.011   2.03e-01   1.29e-01   2.40e-01   4.07e-02   1.20e-02 (  8.07e+01,  1.63e+02)
30      0.068   2.51e-01   1.91e-01   2.82e-01   3.22e-01   3.42e-02 (  9.67e+01,  1.87e+02)
35      0.111   2.84e-01   2.60e-01   3.68e-01   6.17e-01   8.76e-02 (  1.06e+02,  2.06e+02)
40      0.132   3.28e-01   3.47e-01   4.43e-01   8.23e-01   2.02e-01 (  1.16e+02,  2.21e+02)
45      0.133   3.67e-01   4.28e-01   5.42e-01   9.07e-01   4.21e-01 (  1.21e+02,  2.31e+02)
50      0.148   4.06e-01   5.04e-01   6.21e-01   1.13e+00   7.94e-01 (  1.24e+02,  2.37e+02)
55      0.132   4.33e-01   5.72e-01   5.91e-01   1.33e+00   1.36e+00 (  1.23e+02,  2.39e+02)
60      0.136   4.75e-01   6.96e-01   3.98e-01   1.94e+00   2.14e+00 (  1.21e+02,  2.37e+02)
65      0.183   5.52e-01   8.43e-01   6.79e-01   2.97e+00   3.07e+00 (  1.20e+02,  2.33e+02)
70      0.232   6.33e-01   9.95e-01   6.37e-01   3.98e+00   4.07e+00 (  1.17e+02,  2.26e+02)
75      0.281   7.30e-01   1.12e+00   6.79e-01   4.93e+00   5.01e+00 (  1.15e+02,  2.18e+02)
80      0.328   8.26e-01   1.22e+00   7.76e-01   5.77e+00   5.78e+00 (  1.12e+02,  2.10e+02)
85      0.362   8.99e-01   1.23e+00   8.58e-01   6.43e+00   6.32e+00 (  1.08e+02,  2.01e+02)
90      0.553   1.46e+00   2.40e+00   1.81e+00   1.24e+01   6.60e+00 (  3.44e+02,  1.92e+02)
95      0.491   1.57e+00   2.45e+00   2.33e+00   1.63e+01   6.69e+00 (  1.00e+03,  1.83e+02)
48 n: 4.692e-08 e: 2.731e-07 i: 2.809e-06 :: e: 1.528e-03 i: 2.823e-03 :: n: 2.172e+01 e:21.613 i:20.340 v:4.993e+03
>>> tau_he = 5.000000, nhe(0)=1.779154e+00
 5     -0.145  -7.27e-04   4.24e-03  -1.48e-03  -6.60e-03   4.01e-05 ( -1.69e-01,  3.68e+01)
10     -1.900  -9.02e-04   1.20e-02   5.91e-03  -4.80e-01   2.37e-04 ( -4.20e-01,  7.22e+01)
15     -0.394   2.43e-02  -7.98e-02  -1.44e-04  -6.27e-01   1.02e-03 (  1.30e+01,  1.06e+02)
20     -0.033   1.39e-01   4.43e-02   1.20e-01  -1.46e-01   3.73e-03 (  5.99e+01,  1.36e+02)
25      0.011   2.03e-01   1.29e-01   2.40e-01   4.10e-02   1.20e-02 (  8.07e+01,  1.63e+02)
30      0.068   2.51e-01   1.91e-01   2.82e-01   3.23e-01   3.42e-02 (  9.66e+01,  1.87e+02)
35      0.111   2.84e-01   2.60e-01   3.68e-01   6.18e-01   8.76e-02 (  1.06e+02,  2.06e+02)
40      0.132   3.27e-01   3.47e-01   4.43e-01   8.24e-01   2.02e-01 (  1.16e+02,  2.21e+02)
45      0.133   3.67e-01   4.27e-01   5.42e-01   9.08e-01   4.21e-01 (  1.21e+02,  2.31e+02)
50      0.148   4.05e-01   5.04e-01   6.21e-01   1.13e+00   7.94e-01 (  1.24e+02,  2.37e+02)
55      0.132   4.33e-01   5.71e-01   5.91e-01   1.33e+00   1.36e+00 (  1.23e+02,  2.39e+02)
60      0.136   4.75e-01   6.96e-01   3.98e-01   1.94e+00   2.14e+00 (  1.21e+02,  2.37e+02)
65      0.183   5.51e-01   8.42e-01   6.78e-01   2.97e+00   3.07e+00 (  1.20e+02,  2.33e+02)
70      0.232   6.32e-01   9.94e-01   6.37e-01   3.98e+00   4.07e+00 (  1.17e+02,  2.26e+02)
75      0.281   7.29e-01   1.12e+00   6.79e-01   4.94e+00   5.01e+00 (  1.15e+02,  2.18e+02)
80      0.328   8.26e-01   1.22e+00   7.76e-01   5.77e+00   5.78e+00 (  1.12e+02,  2.10e+02)
85      0.362   8.99e-01   1.23e+00   8.58e-01   6.43e+00   6.32e+00 (  1.08e+02,  2.01e+02)
90      0.553   1.46e+00   2.40e+00   1.81e+00   1.24e+01   6.60e+00 (  3.44e+02,  1.92e+02)
95      0.491   1.57e+00   2.45e+00   2.33e+00   1.63e+01   6.69e+00 (  1.00e+03,  1.83e+02)
49 n: 3.203e-08 e: 2.683e-07 i: 2.288e-06 :: e: 1.464e-03 i: 2.686e-03 :: n: 2.172e+01 e:21.612 i:20.353 v:4.993e+03
 plasma volume = 148.946467
 stored energy(e,i,b) = 5.198120e+01 4.847690e+01 0.000000e+00
 betan = 1.142764
*power
 Pnb(e,i) = 0.000000e+00 0.000000e+00
 Prf(e,i) = 9.998016e+00 2.999405e+01
 Prad     = -8.308107e+00 
 Pei      = -6.239994e+00 
 Pfuse    = 4.274604e+01 
 Pfusi    = 1.432980e+01 
 Poh      = 0.000000e+00 
*confinement time
 taut, tauITER98y2, H98y2 : 1.131797e+00 1.327190e+00 8.527772e-01
 taue, taui : 1.360908e+00 2.356703e+00
 taut, tau89, H89 : 1.131797e+00 7.187999e-01 1.574565e+00
*temperature
 nea, nebar : 1.600314e+01 1.815043e+01 
 tea, tia : 8.101171e+00 7.844895e+00 (1.032668e+00)
 te0, ti0 : 1.887213e+01 1.890610e+01 (9.982032e-01)
 Sn : 1.513921e+03 
*current balance
 Ip,Ibs,Inb,Irf: 1.000000e+01 1.459409e+00 0.000000e+00 0.000000e+00
 fni,fbs: 0.146 0.146

 plasma volume = 148.946467
 stored energy(e,i,b) = 5.198120e+01 4.847690e+01 0.000000e+00
 betan = 1.142764
*power
 Pnb(e,i) = 0.000000e+00 0.000000e+00
 Prf(e,i) = 9.998016e+00 2.999405e+01
 Prad     = -8.308107e+00 
 Pei      = -6.239994e+00 
 Pfuse    = 4.274604e+01 
 Pfusi    = 1.432980e+01 
 Poh      = 0.000000e+00 
*confinement time
 taut, tauITER98y2, H98y2 : 1.131797e+00 1.327190e+00 8.527772e-01
 taue, taui : 1.360908e+00 2.356703e+00
 taut, tau89, H89 : 1.131797e+00 7.187999e-01 1.574565e+00
*temperature
 nea, nebar : 1.600314e+01 1.815043e+01 
 tea, tia : 8.101171e+00 7.844895e+00 (1.032668e+00)
 te0, ti0 : 1.887213e+01 1.890610e+01 (9.982032e-01)
 Sn : 1.513921e+03 
*current balance
 Ip,Ibs,Inb,Irf: 1.000000e+01 1.459409e+00 0.000000e+00 0.000000e+00
 fni,fbs: 0.146 0.146
 ELAPASED TIME = 1716 sec
