========================================================================
= FASTRAN

nonlinear model = 0
ichi = 1
ineo = 0
reading state...
read formatted input, inprof...
init geometry...
read formatted input, inmetric...
nrho in inmetric = 101
rhob in inmetric = 1.265893e+00
solve avg grad-shafranv...
solve_avg_gs::Ip_temp = 1.000297e+01 
solve_avg_gs::Ip      = 1.000000e+01 
>>> tau_he = 5.000000, nhe(0)=3.141614e+00

 plasma volume = 149.514077
 stored energy(e,i,b,a) = 6.573172e+01 6.270608e+01 0.000000e+00 0.000000e+00
 betan = 1.451073
*power
 Pnb(e,i) = 0.000000e+00 0.000000e+00
 Prf(e,i) = 4.258792e+00 2.575092e+01
 Prad     = -5.139685e+01 
 Pei      = 3.662005e+00 
 Pfuse    = 6.520870e+01 
 Pfusi    = 2.087437e+01 
 Poh      = 0.000000e+00 
*confinement time
 taut, tauITER98y2, H98y2 : 1.985253e+00 1.825887e+00 1.087281e+00
 taue, taui : 3.024562e+00 3.643083e+00
 taut, tau89, H89 : 1.985253e+00 8.653103e-01 2.294267e+00
*temperature
 nea, nebar : 2.018310e+01 2.284380e+01 
 tea, tia : 8.032536e+00 8.283008e+00 (9.697608e-01)
 te0, ti0 : 2.051954e+01 2.516151e+01 (8.155133e-01)
 Sn : 9.997391e+02 
*current balance
 Ip,Ibs,Inb,Irf: 1.000000e+01 2.205792e+00 0.000000e+00 1.021717e-01
 fni,fbs: 0.231 0.221

Time advancing...
rho_bdry 0.900000 ...
te_bdry = 5.000307
ti_bdry = 5.000307
ne_bdry = 16.078026
rv_bdry = 279.463030
nrho_tr_bdry = 18
drho_bdry = 0.000000e+00
nrhob = 90
 [    0] t = 0.0000 
>>> tau_he = 5.000000, nhe(0)=3.140616e+00
 5     -0.026   5.34e-03   2.13e-01   1.15e-03  -3.17e-02   1.24e-07 (  7.76e-01,  4.89e+01)
10     -0.040   1.45e-02   4.69e-02  -3.41e-03  -9.70e-02   2.22e-06 (  4.11e+00,  9.70e+01)
15     -0.096   4.43e-02  -6.75e-02  -5.87e-04  -3.50e-01   2.70e-05 (  1.80e+01,  1.36e+02)
20     -0.111   1.34e-01   5.65e-03   3.22e-02  -5.37e-01   2.51e-04 (  6.84e+01,  1.66e+02)
25     -0.054   1.83e-01   1.07e-01   4.35e-02  -3.22e-01   1.81e-03 (  1.07e+02,  1.89e+02)
30     -0.011   2.34e-01   1.77e-01   3.81e-02  -7.72e-02   1.03e-02 (  1.49e+02,  2.05e+02)
35     -0.002   2.74e-01   2.13e-01   7.40e-02  -1.45e-02   4.61e-02 (  1.61e+02,  2.11e+02)
40      0.017   3.15e-01   2.60e-01   1.72e-01   1.18e-01   1.64e-01 (  1.67e+02,  2.10e+02)
45      0.053   3.31e-01   3.03e-01   2.33e-01   3.93e-01   4.68e-01 (  1.60e+02,  2.03e+02)
50      0.088   3.48e-01   3.38e-01   2.01e-01   7.99e-01   1.08e+00 (  1.46e+02,  1.92e+02)
55      0.098   3.53e-01   4.07e-01   2.21e-01   1.40e+00   2.03e+00 (  1.29e+02,  1.77e+02)
60      0.164   4.48e-01   6.06e-01   3.22e-01   3.05e+00   3.16e+00 (  1.37e+02,  1.61e+02)
65      0.217   5.37e-01   7.44e-01   4.42e-01   4.45e+00   4.20e+00 (  1.34e+02,  1.46e+02)
70      0.243   5.90e-01   8.17e-01   5.26e-01   4.93e+00   4.89e+00 (  1.19e+02,  1.32e+02)
75      0.261   6.31e-01   8.95e-01   5.95e-01   5.20e+00   5.17e+00 (  1.07e+02,  1.19e+02)
80      0.267   6.42e-01   9.55e-01   6.53e-01   5.22e+00   5.14e+00 (  9.72e+01,  1.07e+02)
85      0.250   5.94e-01   9.48e-01   6.83e-01   4.71e+00   4.96e+00 (  8.44e+01,  9.55e+01)
90      0.699   1.62e+00   2.41e+00   1.61e+00   2.26e+01   4.73e+00 (  5.00e+02,  8.47e+01)
95      0.621   1.08e+00   1.54e+00   1.13e+00   5.12e+01   4.54e+00 (  8.16e+02,  7.42e+01)
 0 n: 8.286e-09 e: 4.756e-07 i: 3.622e-06 :: e: 0.000e+00 i: 0.000e+00 :: n: 2.776e+01 e:20.551 i:25.098 v:4.993e+03
>>> tau_he = 5.000000, nhe(0)=3.135771e+00
 5     -0.023   5.16e-03   2.23e-01   9.85e-04  -2.84e-02   1.24e-07 (  7.52e-01,  4.89e+01)
10     -0.006   2.70e-03  -3.90e-03  -7.08e-04  -1.36e-02   2.22e-06 (  7.77e-01,  9.70e+01)
15     -0.103   5.38e-02  -6.23e-02   1.47e-03  -3.75e-01   2.70e-05 (  2.23e+01,  1.36e+02)
20     -0.142   1.16e-01   3.48e-02   3.45e-02  -6.87e-01   2.51e-04 (  5.94e+01,  1.66e+02)
25     -0.054   1.83e-01   1.08e-01   4.37e-02  -3.27e-01   1.81e-03 (  1.08e+02,  1.89e+02)
30     -0.020   2.30e-01   1.74e-01   5.22e-02  -1.44e-01   1.03e-02 (  1.44e+02,  2.05e+02)
35     -0.001   2.73e-01   2.12e-01   7.37e-02  -9.53e-03   4.61e-02 (  1.61e+02,  2.11e+02)
40      0.017   3.15e-01   2.60e-01   1.72e-01   1.18e-01   1.64e-01 (  1.67e+02,  2.10e+02)
45      0.043   3.28e-01   2.98e-01   2.40e-01   3.17e-01   4.68e-01 (  1.58e+02,  2.03e+02)
50      0.144   4.09e-01   4.62e-01   2.44e-01   1.31e+00   1.08e+00 (  1.72e+02,  1.92e+02)
55      0.141   4.15e-01   5.20e-01   2.79e-01   2.04e+00   2.03e+00 (  1.53e+02,  1.77e+02)
60      0.163   4.47e-01   6.03e-01   3.20e-01   3.03e+00   3.16e+00 (  1.36e+02,  1.61e+02)
65      0.187   4.79e-01   6.38e-01   3.82e-01   3.81e+00   4.20e+00 (  1.19e+02,  1.46e+02)
70      0.245   5.95e-01   8.24e-01   5.30e-01   4.99e+00   4.89e+00 (  1.20e+02,  1.32e+02)
75      0.262   6.32e-01   8.97e-01   5.96e-01   5.22e+00   5.17e+00 (  1.08e+02,  1.19e+02)
80      0.268   6.45e-01   9.57e-01   6.54e-01   5.24e+00   5.14e+00 (  9.76e+01,  1.07e+02)
85      0.248   5.87e-01   9.43e-01   6.84e-01   4.64e+00   4.96e+00 (  8.34e+01,  9.55e+01)
90      0.699   1.62e+00   2.41e+00   1.61e+00   2.27e+01   4.73e+00 (  5.00e+02,  8.47e+01)
95      0.621   1.08e+00   1.54e+00   1.13e+00   5.12e+01   4.54e+00 (  8.16e+02,  7.42e+01)
 1 n: 2.710e-02 e: 2.938e-02 i: 1.348e-01 :: e: 2.967e-02 i: 4.230e-02 :: n: 2.869e+01 e:23.428 i:28.474 v:4.993e+03
>>> tau_he = 5.000000, nhe(0)=3.555238e+00
 5   -418.905   9.35e-03   5.89e-01   2.45e-03  -1.05e-01   1.24e-07 (  3.77e+00,  4.89e+01)
10  -1866.900   5.44e-02   5.80e-02  -1.92e-02  -2.10e+00   2.22e-06 (  4.17e+01,  9.70e+01)
15   -358.387   1.95e-01   1.20e-01  -1.01e-01  -6.17e+00   2.70e-05 (  1.68e+02,  1.36e+02)
20     -7.123   5.07e-01   3.80e-01   2.30e-01  -1.49e+00   2.51e-04 (  3.75e+02,  1.66e+02)
25     -0.774   3.44e-01   4.19e-01   2.87e-01  -1.43e+00   1.81e-03 (  2.38e+02,  1.89e+02)
30      0.054   1.93e-01   1.35e-01   3.43e-02   6.31e-01   1.03e-02 (  1.25e+02,  2.05e+02)
35      0.104   2.87e-01   2.50e-01   1.01e-01   1.23e+00   4.61e-02 (  1.68e+02,  2.11e+02)
40      0.099   2.98e-01   2.96e-01   9.73e-02   1.24e+00   1.64e-01 (  1.57e+02,  2.10e+02)
45      0.061   2.97e-01   2.70e-01   1.77e-01   6.29e-01   4.68e-01 (  1.43e+02,  2.03e+02)
50      0.142   3.88e-01   4.69e-01   2.21e-01   1.78e+00   1.08e+00 (  1.68e+02,  1.92e+02)
55      0.166   4.33e-01   6.01e-01   2.77e-01   3.03e+00   2.03e+00 (  1.64e+02,  1.77e+02)
60      0.163   4.42e-01   5.97e-01   3.12e-01   3.17e+00   3.16e+00 (  1.32e+02,  1.61e+02)
65      0.167   4.40e-01   5.74e-01   3.46e-01   3.35e+00   4.20e+00 (  1.05e+02,  1.46e+02)
70      0.236   5.77e-01   7.84e-01   5.05e-01   4.82e+00   4.89e+00 (  1.13e+02,  1.32e+02)
75      0.263   6.37e-01   8.85e-01   5.81e-01   5.30e+00   5.17e+00 (  1.07e+02,  1.19e+02)
80      0.268   6.49e-01   9.45e-01   6.36e-01   5.32e+00   5.14e+00 (  9.72e+01,  1.07e+02)
85      0.250   5.97e-01   9.32e-01   6.55e-01   4.78e+00   4.96e+00 (  8.41e+01,  9.55e+01)
90      0.699   1.62e+00   2.40e+00   1.60e+00   2.27e+01   4.73e+00 (  5.00e+02,  8.47e+01)
95      0.621   1.08e+00   1.54e+00   1.13e+00   5.12e+01   4.54e+00 (  8.16e+02,  7.42e+01)
 2 n: 2.729e-03 e: 1.230e-03 i: 7.815e-03 :: e: 1.194e-01 i: 1.487e-01 :: n: 2.731e+01 e:24.208 i:28.454 v:4.993e+03
>>> tau_he = 5.000000, nhe(0)=3.284176e+00
 5   -500.702   7.97e-03   5.37e-01   2.45e-03  -1.26e-01   1.24e-07 (  3.42e+00,  4.89e+01)
10  -2641.866   7.51e-02   1.03e-01   7.27e-03  -2.96e+00   2.22e-06 (  6.05e+01,  9.70e+01)
15   -362.059   1.59e-01   5.84e-02   4.31e-02  -6.22e+00   2.70e-05 (  1.38e+02,  1.36e+02)
20    -11.110   4.57e-01   3.76e-01   3.41e-01  -2.31e+00   2.51e-04 (  3.29e+02,  1.66e+02)
25     -1.129   2.06e-01   1.67e-01   5.80e-02  -2.07e+00   1.81e-03 (  1.42e+02,  1.89e+02)
30      0.002   2.21e-01   1.58e-01   4.72e-02   2.12e-02   1.03e-02 (  1.45e+02,  2.05e+02)
35      0.012   2.58e-01   1.91e-01   9.54e-02   1.05e-01   4.61e-02 (  1.53e+02,  2.11e+02)
40     -0.001   3.04e-01   2.38e-01   1.68e-01  -5.78e-03   1.64e-01 (  1.63e+02,  2.10e+02)
45      0.042   3.22e-01   2.84e-01   2.15e-01   3.43e-01   4.68e-01 (  1.58e+02,  2.03e+02)
50      0.139   4.04e-01   4.72e-01   2.35e-01   1.52e+00   1.08e+00 (  1.77e+02,  1.92e+02)
55      0.154   4.30e-01   5.73e-01   2.80e-01   2.57e+00   2.03e+00 (  1.64e+02,  1.77e+02)
60      0.160   4.42e-01   5.96e-01   3.13e-01   3.04e+00   3.16e+00 (  1.34e+02,  1.61e+02)
65      0.170   4.46e-01   5.87e-01   3.52e-01   3.40e+00   4.20e+00 (  1.07e+02,  1.46e+02)
70      0.234   5.69e-01   7.81e-01   5.04e-01   4.73e+00   4.89e+00 (  1.11e+02,  1.32e+02)
75      0.257   6.21e-01   8.72e-01   5.77e-01   5.14e+00   5.17e+00 (  1.03e+02,  1.19e+02)
80      0.263   6.34e-01   9.33e-01   6.34e-01   5.17e+00   5.14e+00 (  9.36e+01,  1.07e+02)
85      0.248   5.88e-01   9.26e-01   6.63e-01   4.69e+00   4.96e+00 (  8.16e+01,  9.55e+01)
90      0.697   1.62e+00   2.40e+00   1.60e+00   2.26e+01   4.73e+00 (  4.97e+02,  8.47e+01)
95      0.621   1.08e+00   1.54e+00   1.13e+00   5.12e+01   4.54e+00 (  8.16e+02,  7.42e+01)
 3 n: 1.679e-03 e: 2.053e-03 i: 1.599e-03 :: e: 8.352e-02 i: 1.105e-01 :: n: 2.697e+01 e:23.378 i:28.924 v:4.993e+03
>>> tau_he = 5.000000, nhe(0)=3.246197e+00
 5   -495.446   8.44e-03   5.45e-01   2.60e-03  -1.25e-01   1.24e-07 (  3.54e+00,  4.89e+01)
10  -2429.343   6.96e-02   9.70e-02   7.50e-03  -2.73e+00   2.22e-06 (  5.24e+01,  9.70e+01)
15   -328.424   2.17e-01   1.47e-01  -1.36e-01  -5.65e+00   2.70e-05 (  1.70e+02,  1.36e+02)
20    -11.106   4.01e-01   4.95e-01   2.83e-01  -2.31e+00   2.51e-04 (  2.54e+02,  1.66e+02)
25     -1.128   1.96e-01   1.71e-01   5.77e-02  -2.05e+00   1.81e-03 (  1.26e+02,  1.89e+02)
30     -0.037   2.24e-01   1.69e-01   6.08e-02  -2.49e-01   1.03e-02 (  1.41e+02,  2.05e+02)
35      0.010   2.53e-01   1.94e-01   9.08e-02   8.12e-02   4.61e-02 (  1.45e+02,  2.11e+02)
40      0.009   3.00e-01   2.42e-01   1.76e-01   6.28e-02   1.64e-01 (  1.55e+02,  2.10e+02)
45      0.053   3.15e-01   2.87e-01   2.16e-01   4.16e-01   4.68e-01 (  1.49e+02,  2.03e+02)
50      0.143   3.98e-01   4.61e-01   2.33e-01   1.48e+00   1.08e+00 (  1.67e+02,  1.92e+02)
55      0.149   4.15e-01   5.44e-01   2.75e-01   2.38e+00   2.03e+00 (  1.53e+02,  1.77e+02)
60      0.161   4.36e-01   5.92e-01   3.12e-01   3.04e+00   3.16e+00 (  1.29e+02,  1.61e+02)
65      0.176   4.51e-01   6.01e-01   3.59e-01   3.55e+00   4.20e+00 (  1.08e+02,  1.46e+02)
70      0.236   5.70e-01   7.86e-01   5.07e-01   4.78e+00   4.89e+00 (  1.11e+02,  1.32e+02)
75      0.257   6.19e-01   8.71e-01   5.77e-01   5.13e+00   5.17e+00 (  1.02e+02,  1.19e+02)
80      0.263   6.32e-01   9.30e-01   6.33e-01   5.16e+00   5.14e+00 (  9.25e+01,  1.07e+02)
85      0.247   5.86e-01   9.22e-01   6.61e-01   4.67e+00   4.96e+00 (  8.06e+01,  9.55e+01)
90      0.697   1.61e+00   2.40e+00   1.60e+00   2.26e+01   4.73e+00 (  4.96e+02,  8.47e+01)
95      0.621   1.08e+00   1.54e+00   1.13e+00   5.12e+01   4.54e+00 (  8.16e+02,  7.42e+01)
 4 n: 9.589e-04 e: 6.332e-04 i: 3.961e-03 :: e: 7.487e-02 i: 1.071e-01 :: n: 2.689e+01 e:23.559 i:28.242 v:4.993e+03
>>> tau_he = 5.000000, nhe(0)=3.190320e+00
 5   -497.865   8.18e-03   5.33e-01   2.61e-03  -1.25e-01   1.24e-07 (  3.54e+00,  4.89e+01)
10  -2456.761   6.88e-02   9.71e-02   7.44e-03  -2.76e+00   2.22e-06 (  5.15e+01,  9.70e+01)
15   -305.235   2.11e-01   1.47e-01  -9.50e-02  -5.26e+00   2.70e-05 (  1.59e+02,  1.36e+02)
20    -18.973   2.05e-01   1.71e-01   2.16e-02  -3.94e+00   2.51e-04 (  1.26e+02,  1.66e+02)
25     -1.361   1.97e-01   1.77e-01   7.20e-02  -2.46e+00   1.81e-03 (  1.30e+02,  1.89e+02)
30     -0.059   2.32e-01   1.76e-01   5.19e-02  -3.77e-01   1.03e-02 (  1.50e+02,  2.05e+02)
35     -0.005   2.63e-01   2.03e-01   7.68e-02  -3.98e-02   4.61e-02 (  1.55e+02,  2.11e+02)
40      0.008   3.06e-01   2.52e-01   1.81e-01   5.99e-02   1.64e-01 (  1.62e+02,  2.10e+02)
45      0.047   3.22e-01   2.97e-01   2.21e-01   3.66e-01   4.68e-01 (  1.56e+02,  2.03e+02)
50      0.136   4.01e-01   4.60e-01   2.37e-01   1.36e+00   1.08e+00 (  1.70e+02,  1.92e+02)
55      0.141   4.14e-01   5.31e-01   2.74e-01   2.19e+00   2.03e+00 (  1.54e+02,  1.77e+02)
60      0.159   4.40e-01   5.94e-01   3.13e-01   3.00e+00   3.16e+00 (  1.32e+02,  1.61e+02)
65      0.181   4.66e-01   6.18e-01   3.71e-01   3.67e+00   4.20e+00 (  1.13e+02,  1.46e+02)
70      0.237   5.79e-01   7.93e-01   5.10e-01   4.84e+00   4.89e+00 (  1.14e+02,  1.32e+02)
75      0.257   6.22e-01   8.72e-01   5.76e-01   5.13e+00   5.17e+00 (  1.03e+02,  1.19e+02)
80      0.261   6.31e-01   9.26e-01   6.27e-01   5.13e+00   5.14e+00 (  9.31e+01,  1.07e+02)
85      0.244   5.82e-01   9.13e-01   6.53e-01   4.62e+00   4.96e+00 (  8.07e+01,  9.55e+01)
90      0.696   1.61e+00   2.40e+00   1.60e+00   2.25e+01   4.73e+00 (  4.97e+02,  8.47e+01)
95      0.621   1.08e+00   1.54e+00   1.13e+00   5.12e+01   4.54e+00 (  8.16e+02,  7.42e+01)
 5 n: 4.984e-04 e: 5.953e-04 i: 2.066e-04 :: e: 4.245e-02 i: 6.586e-02 :: n: 2.695e+01 e:23.043 i:28.274 v:4.993e+03
>>> tau_he = 5.000000, nhe(0)=3.203120e+00
 5   -478.550   8.23e-03   5.35e-01   2.64e-03  -1.21e-01   1.24e-07 (  3.50e+00,  4.89e+01)
10  -2218.743   5.96e-02   8.41e-02   2.37e-03  -2.50e+00   2.22e-06 (  4.24e+01,  9.70e+01)
15   -270.529   2.01e-01   1.42e-01  -5.15e-02  -4.67e+00   2.70e-05 (  1.41e+02,  1.36e+02)
20    -18.268   1.96e-01   1.64e-01   4.18e-02  -3.80e+00   2.51e-04 (  1.17e+02,  1.66e+02)
25     -1.311   1.92e-01   1.71e-01   7.60e-02  -2.38e+00   1.81e-03 (  1.24e+02,  1.89e+02)
30     -0.037   2.27e-01   1.70e-01   4.84e-02  -2.49e-01   1.03e-02 (  1.44e+02,  2.05e+02)
35      0.013   2.54e-01   1.96e-01   6.62e-02   1.04e-01   4.61e-02 (  1.47e+02,  2.11e+02)
40      0.020   3.00e-01   2.45e-01   1.70e-01   1.46e-01   1.64e-01 (  1.56e+02,  2.10e+02)
45      0.051   3.15e-01   2.88e-01   2.15e-01   3.99e-01   4.68e-01 (  1.49e+02,  2.03e+02)
50      0.135   3.90e-01   4.39e-01   2.30e-01   1.32e+00   1.08e+00 (  1.61e+02,  1.92e+02)
55      0.137   4.00e-01   5.03e-01   2.64e-01   2.10e+00   2.03e+00 (  1.44e+02,  1.77e+02)
60      0.159   4.30e-01   5.80e-01   3.06e-01   2.99e+00   3.16e+00 (  1.27e+02,  1.61e+02)
65      0.183   4.63e-01   6.17e-01   3.69e-01   3.75e+00   4.20e+00 (  1.11e+02,  1.46e+02)
70      0.238   5.73e-01   7.88e-01   5.07e-01   4.85e+00   4.89e+00 (  1.11e+02,  1.32e+02)
75      0.258   6.19e-01   8.69e-01   5.75e-01   5.16e+00   5.17e+00 (  1.01e+02,  1.19e+02)
80      0.264   6.34e-01   9.30e-01   6.33e-01   5.20e+00   5.14e+00 (  9.20e+01,  1.07e+02)
85      0.248   5.87e-01   9.24e-01   6.55e-01   4.70e+00   4.96e+00 (  8.00e+01,  9.55e+01)
90      0.697   1.62e+00   2.40e+00   1.60e+00   2.26e+01   4.73e+00 (  4.95e+02,  8.47e+01)
95      0.621   1.08e+00   1.54e+00   1.13e+00   5.12e+01   4.54e+00 (  8.16e+02,  7.42e+01)
 6 n: 3.000e-04 e: 1.981e-04 i: 2.916e-04 :: e: 3.903e-02 i: 5.544e-02 :: n: 2.682e+01 e:23.208 i:27.943 v:4.993e+03
>>> tau_he = 5.000000, nhe(0)=3.157682e+00
 5   -474.582   8.01e-03   5.31e-01   2.64e-03  -1.19e-01   1.24e-07 (  3.43e+00,  4.89e+01)
10  -2185.417   5.75e-02   8.09e-02   3.64e-05  -2.47e+00   2.22e-06 (  4.03e+01,  9.70e+01)
15   -273.467   1.98e-01   1.44e-01  -3.12e-02  -4.73e+00   2.70e-05 (  1.35e+02,  1.36e+02)
20    -16.696   1.93e-01   1.63e-01   5.36e-02  -3.47e+00   2.51e-04 (  1.16e+02,  1.66e+02)
25     -1.354   1.93e-01   1.76e-01   8.49e-02  -2.45e+00   1.81e-03 (  1.26e+02,  1.89e+02)
30     -0.091   2.35e-01   1.79e-01   5.59e-02  -5.60e-01   1.03e-02 (  1.51e+02,  2.05e+02)
35     -0.018   2.66e-01   2.07e-01   8.46e-02  -1.30e-01   4.61e-02 (  1.56e+02,  2.11e+02)
40      0.015   3.06e-01   2.55e-01   1.81e-01   1.11e-01   1.64e-01 (  1.62e+02,  2.10e+02)
45      0.048   3.20e-01   2.98e-01   2.21e-01   3.74e-01   4.68e-01 (  1.54e+02,  2.03e+02)
50      0.082   3.39e-01   3.34e-01   1.92e-01   7.82e-01   1.08e+00 (  1.41e+02,  1.92e+02)
55      0.134   4.03e-01   5.06e-01   2.69e-01   2.02e+00   2.03e+00 (  1.47e+02,  1.77e+02)
60      0.159   4.37e-01   5.91e-01   3.10e-01   3.00e+00   3.16e+00 (  1.31e+02,  1.61e+02)
65      0.187   4.77e-01   6.34e-01   3.81e-01   3.86e+00   4.20e+00 (  1.16e+02,  1.46e+02)
70      0.239   5.83e-01   7.97e-01   5.12e-01   4.90e+00   4.89e+00 (  1.15e+02,  1.32e+02)
75      0.258   6.23e-01   8.72e-01   5.75e-01   5.16e+00   5.17e+00 (  1.03e+02,  1.19e+02)
80      0.262   6.33e-01   9.26e-01   6.27e-01   5.15e+00   5.14e+00 (  9.32e+01,  1.07e+02)
85      0.244   5.81e-01   9.09e-01   6.50e-01   4.62e+00   4.96e+00 (  8.04e+01,  9.55e+01)
90      0.695   1.61e+00   2.40e+00   1.60e+00   2.25e+01   4.73e+00 (  4.96e+02,  8.47e+01)
95      0.621   1.08e+00   1.54e+00   1.13e+00   5.12e+01   4.54e+00 (  8.16e+02,  7.42e+01)
 7 n: 2.484e-04 e: 2.770e-04 i: 1.053e-04 :: e: 3.110e-02 i: 4.790e-02 :: n: 2.690e+01 e:22.851 i:28.071 v:4.993e+03
>>> tau_he = 5.000000, nhe(0)=3.180237e+00
 5   -466.988   8.15e-03   5.37e-01   2.68e-03  -1.18e-01   1.24e-07 (  3.46e+00,  4.89e+01)
10  -2056.387   5.46e-02   7.47e-02  -3.29e-03  -2.33e+00   2.22e-06 (  3.73e+01,  9.70e+01)
15   -257.182   1.94e-01   1.31e-01   5.77e-02  -4.46e+00   2.70e-05 (  1.28e+02,  1.36e+02)
20    -16.364   1.88e-01   1.58e-01   6.07e-02  -3.41e+00   2.51e-04 (  1.12e+02,  1.66e+02)
25     -1.250   1.96e-01   1.69e-01   8.37e-02  -2.26e+00   1.81e-03 (  1.26e+02,  1.89e+02)
30     -0.045   2.27e-01   1.70e-01   5.17e-02  -2.93e-01   1.03e-02 (  1.44e+02,  2.05e+02)
35     -0.003   2.59e-01   1.99e-01   7.56e-02  -2.42e-02   4.61e-02 (  1.50e+02,  2.11e+02)
40      0.019   3.00e-01   2.45e-01   1.72e-01   1.42e-01   1.64e-01 (  1.56e+02,  2.10e+02)
45      0.052   3.16e-01   2.88e-01   2.14e-01   4.04e-01   4.68e-01 (  1.49e+02,  2.03e+02)
50      0.133   3.87e-01   4.36e-01   2.23e-01   1.30e+00   1.08e+00 (  1.59e+02,  1.92e+02)
55      0.132   3.92e-01   4.86e-01   2.60e-01   2.00e+00   2.03e+00 (  1.40e+02,  1.77e+02)
60      0.158   4.27e-01   5.76e-01   3.03e-01   2.98e+00   3.16e+00 (  1.26e+02,  1.61e+02)
65      0.187   4.70e-01   6.26e-01   3.75e-01   3.87e+00   4.20e+00 (  1.13e+02,  1.46e+02)
70      0.238   5.75e-01   7.88e-01   5.06e-01   4.88e+00   4.89e+00 (  1.11e+02,  1.32e+02)
75      0.258   6.19e-01   8.67e-01   5.73e-01   5.17e+00   5.17e+00 (  1.01e+02,  1.19e+02)
80      0.265   6.35e-01   9.29e-01   6.31e-01   5.22e+00   5.14e+00 (  9.17e+01,  1.07e+02)
85      0.248   5.88e-01   9.22e-01   6.53e-01   4.71e+00   4.96e+00 (  7.96e+01,  9.55e+01)
90      0.697   1.62e+00   2.40e+00   1.60e+00   2.26e+01   4.73e+00 (  4.94e+02,  8.47e+01)
95      0.621   1.08e+00   1.54e+00   1.13e+00   5.12e+01   4.54e+00 (  8.16e+02,  7.42e+01)
 8 n: 1.543e-04 e: 1.502e-04 i: 1.545e-04 :: e: 2.930e-02 i: 4.196e-02 :: n: 2.692e+01 e:23.049 i:27.844 v:4.993e+03
>>> tau_he = 5.000000, nhe(0)=3.170950e+00
 5   -466.180   8.01e-03   5.35e-01   2.67e-03  -1.18e-01   1.24e-07 (  3.44e+00,  4.89e+01)
10  -2048.768   5.38e-02   7.40e-02  -3.15e-03  -2.33e+00   2.22e-06 (  3.67e+01,  9.70e+01)
15   -250.740   1.98e-01   1.33e-01   6.41e-02  -4.36e+00   2.70e-05 (  1.29e+02,  1.36e+02)
20    -16.767   1.89e-01   1.60e-01   6.71e-02  -3.50e+00   2.51e-04 (  1.14e+02,  1.66e+02)
25     -1.281   1.98e-01   1.71e-01   8.56e-02  -2.33e+00   1.81e-03 (  1.29e+02,  1.89e+02)
30     -0.032   2.28e-01   1.74e-01   4.42e-02  -2.24e-01   1.03e-02 (  1.47e+02,  2.05e+02)
35      0.002   2.63e-01   2.05e-01   7.33e-02   1.44e-02   4.61e-02 (  1.54e+02,  2.11e+02)
40      0.016   3.06e-01   2.55e-01   1.82e-01   1.17e-01   1.64e-01 (  1.62e+02,  2.10e+02)
45      0.049   3.20e-01   2.98e-01   2.21e-01   3.84e-01   4.68e-01 (  1.54e+02,  2.03e+02)
50      0.082   3.37e-01   3.33e-01   1.91e-01   7.84e-01   1.08e+00 (  1.40e+02,  1.92e+02)
55      0.131   3.99e-01   4.95e-01   2.66e-01   1.96e+00   2.03e+00 (  1.44e+02,  1.77e+02)
60      0.159   4.36e-01   5.90e-01   3.10e-01   3.01e+00   3.16e+00 (  1.31e+02,  1.61e+02)
65      0.191   4.83e-01   6.43e-01   3.87e-01   3.96e+00   4.20e+00 (  1.18e+02,  1.46e+02)
70      0.240   5.84e-01   7.98e-01   5.12e-01   4.92e+00   4.89e+00 (  1.15e+02,  1.32e+02)
75      0.258   6.23e-01   8.71e-01   5.74e-01   5.17e+00   5.17e+00 (  1.03e+02,  1.19e+02)
80      0.262   6.33e-01   9.26e-01   6.26e-01   5.17e+00   5.14e+00 (  9.30e+01,  1.07e+02)
85      0.244   5.82e-01   9.08e-01   6.48e-01   4.62e+00   4.96e+00 (  8.02e+01,  9.55e+01)
90      0.695   1.61e+00   2.40e+00   1.60e+00   2.25e+01   4.73e+00 (  4.95e+02,  8.47e+01)
95      0.621   1.08e+00   1.54e+00   1.13e+00   5.12e+01   4.54e+00 (  8.16e+02,  7.42e+01)
 9 n: 1.582e-04 e: 1.523e-04 i: 9.461e-05 :: e: 2.417e-02 i: 3.670e-02 :: n: 2.697e+01 e:22.794 i:27.994 v:4.993e+03
>>> tau_he = 5.000000, nhe(0)=3.189257e+00
 5   -461.715   8.14e-03   5.42e-01   2.70e-03  -1.17e-01   1.24e-07 (  3.48e+00,  4.89e+01)
10  -1956.654   5.14e-02   6.95e-02  -5.33e-03  -2.22e+00   2.22e-06 (  3.44e+01,  9.70e+01)
15   -238.927   1.97e-01   1.27e-01   6.19e-02  -4.16e+00   2.70e-05 (  1.25e+02,  1.36e+02)
20    -16.569   1.85e-01   1.57e-01   7.47e-02  -3.46e+00   2.51e-04 (  1.11e+02,  1.66e+02)
25     -1.264   1.95e-01   1.68e-01   8.71e-02  -2.30e+00   1.81e-03 (  1.27e+02,  1.89e+02)
30     -0.023   2.26e-01   1.69e-01   4.34e-02  -1.63e-01   1.03e-02 (  1.44e+02,  2.05e+02)
35      0.006   2.58e-01   1.99e-01   6.86e-02   5.01e-02   4.61e-02 (  1.51e+02,  2.11e+02)
40      0.018   3.02e-01   2.47e-01   1.73e-01   1.32e-01   1.64e-01 (  1.58e+02,  2.10e+02)
45      0.051   3.17e-01   2.89e-01   2.15e-01   4.05e-01   4.68e-01 (  1.51e+02,  2.03e+02)
50      0.134   3.88e-01   4.36e-01   2.28e-01   1.31e+00   1.08e+00 (  1.60e+02,  1.92e+02)
55      0.096   3.39e-01   3.92e-01   2.15e-01   1.44e+00   2.03e+00 (  1.21e+02,  1.77e+02)
60      0.159   4.28e-01   5.78e-01   3.04e-01   3.00e+00   3.16e+00 (  1.27e+02,  1.61e+02)
65      0.190   4.75e-01   6.34e-01   3.80e-01   3.95e+00   4.20e+00 (  1.15e+02,  1.46e+02)
70      0.239   5.76e-01   7.90e-01   5.07e-01   4.91e+00   4.89e+00 (  1.11e+02,  1.32e+02)
75      0.258   6.20e-01   8.68e-01   5.74e-01   5.19e+00   5.17e+00 (  1.01e+02,  1.19e+02)
80      0.265   6.36e-01   9.31e-01   6.31e-01   5.23e+00   5.14e+00 (  9.19e+01,  1.07e+02)
85      0.249   5.88e-01   9.23e-01   6.52e-01   4.72e+00   4.96e+00 (  7.97e+01,  9.55e+01)
90      0.697   1.61e+00   2.40e+00   1.60e+00   2.26e+01   4.73e+00 (  4.94e+02,  8.47e+01)
95      0.621   1.08e+00   1.54e+00   1.13e+00   5.12e+01   4.54e+00 (  8.16e+02,  7.42e+01)
10 n: 2.916e-04 e: 1.373e-04 i: 9.586e-05 :: e: 2.892e-02 i: 4.053e-02 :: n: 2.693e+01 e:22.990 i:27.863 v:4.993e+03
>>> tau_he = 5.000000, nhe(0)=3.173438e+00
 5   -462.905   8.03e-03   5.41e-01   2.69e-03  -1.17e-01   1.24e-07 (  3.45e+00,  4.89e+01)
10  -1961.796   5.11e-02   6.95e-02  -4.79e-03  -2.23e+00   2.22e-06 (  3.41e+01,  9.70e+01)
15   -235.447   1.99e-01   1.30e-01   6.84e-02  -4.10e+00   2.70e-05 (  1.25e+02,  1.36e+02)
20    -16.929   1.86e-01   1.60e-01   7.78e-02  -3.53e+00   2.51e-04 (  1.13e+02,  1.66e+02)
25     -1.299   1.97e-01   1.71e-01   8.93e-02  -2.36e+00   1.81e-03 (  1.29e+02,  1.89e+02)
30     -0.033   2.30e-01   1.74e-01   4.34e-02  -2.28e-01   1.03e-02 (  1.48e+02,  2.05e+02)
35     -0.006   2.66e-01   2.07e-01   7.64e-02  -4.27e-02   4.61e-02 (  1.57e+02,  2.11e+02)
40      0.015   3.08e-01   2.56e-01   1.82e-01   1.11e-01   1.64e-01 (  1.64e+02,  2.10e+02)
45      0.052   3.23e-01   2.97e-01   2.21e-01   4.02e-01   4.68e-01 (  1.56e+02,  2.03e+02)
50      0.132   3.94e-01   4.45e-01   2.29e-01   1.27e+00   1.08e+00 (  1.65e+02,  1.92e+02)
55      0.134   4.02e-01   5.03e-01   2.67e-01   2.02e+00   2.03e+00 (  1.47e+02,  1.77e+02)
60      0.161   4.40e-01   5.95e-01   3.13e-01   3.06e+00   3.16e+00 (  1.32e+02,  1.61e+02)
65      0.216   5.33e-01   7.33e-01   4.36e-01   4.50e+00   4.20e+00 (  1.31e+02,  1.46e+02)
70      0.241   5.86e-01   8.01e-01   5.14e-01   4.95e+00   4.89e+00 (  1.15e+02,  1.32e+02)
75      0.259   6.25e-01   8.73e-01   5.75e-01   5.19e+00   5.17e+00 (  1.04e+02,  1.19e+02)
80      0.263   6.36e-01   9.29e-01   6.28e-01   5.19e+00   5.14e+00 (  9.34e+01,  1.07e+02)
85      0.245   5.84e-01   9.11e-01   6.50e-01   4.65e+00   4.96e+00 (  8.05e+01,  9.55e+01)
90      0.695   1.61e+00   2.40e+00   1.60e+00   2.25e+01   4.73e+00 (  4.95e+02,  8.47e+01)
95      0.621   1.08e+00   1.54e+00   1.13e+00   5.12e+01   4.54e+00 (  8.16e+02,  7.42e+01)
11 n: 1.348e-04 e: 1.009e-04 i: 8.089e-05 :: e: 2.230e-02 i: 3.372e-02 :: n: 2.695e+01 e:22.781 i:28.041 v:4.993e+03
>>> tau_he = 5.000000, nhe(0)=3.187986e+00
 5   -460.076   8.17e-03   5.48e-01   2.72e-03  -1.17e-01   1.24e-07 (  3.49e+00,  4.89e+01)
10  -1896.361   4.95e-02   6.66e-02  -5.92e-03  -2.16e+00   2.22e-06 (  3.26e+01,  9.70e+01)
15   -224.168   1.99e-01   1.25e-01   4.89e-02  -3.91e+00   2.70e-05 (  1.22e+02,  1.36e+02)
20    -17.979   1.85e-01   1.60e-01   8.41e-02  -3.75e+00   2.51e-04 (  1.12e+02,  1.66e+02)
25     -1.116   1.99e-01   1.65e-01   8.87e-02  -2.03e+00   1.81e-03 (  1.30e+02,  1.89e+02)
30     -0.016   2.27e-01   1.70e-01   3.92e-02  -1.20e-01   1.03e-02 (  1.45e+02,  2.05e+02)
35      0.006   2.61e-01   2.01e-01   6.82e-02   5.02e-02   4.61e-02 (  1.53e+02,  2.11e+02)
40      0.019   3.05e-01   2.50e-01   1.75e-01   1.38e-01   1.64e-01 (  1.60e+02,  2.10e+02)
45      0.053   3.20e-01   2.90e-01   2.18e-01   4.10e-01   4.68e-01 (  1.52e+02,  2.03e+02)
50      0.082   3.34e-01   3.23e-01   1.86e-01   7.79e-01   1.08e+00 (  1.37e+02,  1.92e+02)
55      0.133   3.95e-01   4.88e-01   2.62e-01   1.99e+00   2.03e+00 (  1.42e+02,  1.77e+02)
60      0.160   4.33e-01   5.85e-01   3.08e-01   3.04e+00   3.16e+00 (  1.29e+02,  1.61e+02)
65      0.189   4.74e-01   6.33e-01   3.78e-01   3.91e+00   4.20e+00 (  1.15e+02,  1.46e+02)
70      0.240   5.78e-01   7.94e-01   5.10e-01   4.92e+00   4.89e+00 (  1.12e+02,  1.32e+02)
75      0.260   6.24e-01   8.74e-01   5.78e-01   5.22e+00   5.17e+00 (  1.02e+02,  1.19e+02)
80      0.267   6.40e-01   9.37e-01   6.35e-01   5.27e+00   5.14e+00 (  9.29e+01,  1.07e+02)
85      0.250   5.91e-01   9.29e-01   6.57e-01   4.74e+00   4.96e+00 (  8.06e+01,  9.55e+01)
90      0.697   1.62e+00   2.40e+00   1.60e+00   2.26e+01   4.73e+00 (  4.95e+02,  8.47e+01)
95      0.621   1.08e+00   1.54e+00   1.13e+00   5.12e+01   4.54e+00 (  8.16e+02,  7.42e+01)
12 n: 2.274e-04 e: 1.048e-04 i: 6.773e-05 :: e: 2.194e-02 i: 2.976e-02 :: n: 2.691e+01 e:22.965 i:27.956 v:4.993e+03
>>> tau_he = 5.000000, nhe(0)=3.174918e+00
 5   -462.496   8.10e-03   5.49e-01   2.73e-03  -1.17e-01   1.24e-07 (  3.48e+00,  4.89e+01)
10  -1908.980   4.91e-02   6.71e-02  -5.33e-03  -2.18e+00   2.22e-06 (  3.22e+01,  9.70e+01)
15   -222.024   2.02e-01   1.28e-01   5.41e-02  -3.87e+00   2.70e-05 (  1.23e+02,  1.36e+02)
20    -18.323   1.87e-01   1.63e-01   8.65e-02  -3.82e+00   2.51e-04 (  1.14e+02,  1.66e+02)
25     -1.313   1.98e-01   1.72e-01   9.01e-02  -2.38e+00   1.81e-03 (  1.30e+02,  1.89e+02)
30     -0.020   2.31e-01   1.74e-01   3.97e-02  -1.42e-01   1.03e-02 (  1.49e+02,  2.05e+02)
35     -0.007   2.67e-01   2.08e-01   7.64e-02  -5.26e-02   4.61e-02 (  1.59e+02,  2.11e+02)
40      0.015   3.10e-01   2.58e-01   1.72e-01   1.10e-01   1.64e-01 (  1.65e+02,  2.10e+02)
45      0.053   3.25e-01   2.99e-01   2.23e-01   4.10e-01   4.68e-01 (  1.57e+02,  2.03e+02)
50      0.134   3.96e-01   4.49e-01   2.35e-01   1.30e+00   1.08e+00 (  1.66e+02,  1.92e+02)
55      0.133   4.02e-01   5.00e-01   2.67e-01   1.99e+00   2.03e+00 (  1.46e+02,  1.77e+02)
60      0.161   4.41e-01   5.97e-01   3.14e-01   3.06e+00   3.16e+00 (  1.33e+02,  1.61e+02)
65      0.192   4.86e-01   6.48e-01   3.89e-01   3.99e+00   4.20e+00 (  1.20e+02,  1.46e+02)
70      0.241   5.87e-01   8.04e-01   5.16e-01   4.95e+00   4.89e+00 (  1.16e+02,  1.32e+02)
75      0.260   6.28e-01   8.79e-01   5.79e-01   5.21e+00   5.17e+00 (  1.04e+02,  1.19e+02)
80      0.264   6.38e-01   9.35e-01   6.33e-01   5.22e+00   5.14e+00 (  9.43e+01,  1.07e+02)
85      0.246   5.87e-01   9.18e-01   6.56e-01   4.67e+00   4.96e+00 (  8.13e+01,  9.55e+01)
90      0.696   1.61e+00   2.40e+00   1.60e+00   2.25e+01   4.73e+00 (  4.96e+02,  8.47e+01)
95      0.621   1.08e+00   1.54e+00   1.13e+00   5.12e+01   4.54e+00 (  8.16e+02,  7.42e+01)
13 n: 9.542e-05 e: 6.538e-05 i: 6.942e-05 :: e: 1.749e-02 i: 2.583e-02 :: n: 2.694e+01 e:22.796 i:28.128 v:4.993e+03
>>> tau_he = 5.000000, nhe(0)=3.191707e+00
 5   -460.625   8.23e-03   5.55e-01   2.75e-03  -1.17e-01   1.24e-07 (  3.52e+00,  4.89e+01)
10  -1858.761   4.81e-02   6.50e-02  -5.99e-03  -2.12e+00   2.22e-06 (  3.13e+01,  9.70e+01)
15   -214.188   2.01e-01   1.26e-01   5.16e-02  -3.74e+00   2.70e-05 (  1.20e+02,  1.36e+02)
20    -18.156   1.86e-01   1.61e-01   8.98e-02  -3.79e+00   2.51e-04 (  1.12e+02,  1.66e+02)
25     -1.132   2.00e-01   1.66e-01   9.20e-02  -2.06e+00   1.81e-03 (  1.31e+02,  1.89e+02)
30     -0.005   2.28e-01   1.70e-01   3.52e-02  -3.79e-02   1.03e-02 (  1.46e+02,  2.05e+02)
35      0.005   2.64e-01   2.03e-01   6.83e-02   4.03e-02   4.61e-02 (  1.55e+02,  2.11e+02)
40      0.018   3.08e-01   2.53e-01   1.67e-01   1.34e-01   1.64e-01 (  1.63e+02,  2.10e+02)
45      0.053   3.22e-01   2.93e-01   2.20e-01   4.11e-01   4.68e-01 (  1.54e+02,  2.03e+02)
50      0.083   3.37e-01   3.25e-01   1.87e-01   7.89e-01   1.08e+00 (  1.39e+02,  1.92e+02)
55      0.096   3.43e-01   3.95e-01   2.16e-01   1.43e+00   2.03e+00 (  1.24e+02,  1.77e+02)
60      0.161   4.36e-01   5.89e-01   3.10e-01   3.05e+00   3.16e+00 (  1.31e+02,  1.61e+02)
65      0.192   4.81e-01   6.43e-01   3.85e-01   3.99e+00   4.20e+00 (  1.18e+02,  1.46e+02)
70      0.241   5.82e-01   8.00e-01   5.14e-01   4.95e+00   4.89e+00 (  1.14e+02,  1.32e+02)
75      0.261   6.26e-01   8.79e-01   5.81e-01   5.23e+00   5.17e+00 (  1.03e+02,  1.19e+02)
80      0.267   6.41e-01   9.41e-01   6.39e-01   5.27e+00   5.14e+00 (  9.37e+01,  1.07e+02)
85      0.250   5.93e-01   9.34e-01   6.61e-01   4.75e+00   4.96e+00 (  8.13e+01,  9.55e+01)
90      0.697   1.61e+00   2.40e+00   1.60e+00   2.26e+01   4.73e+00 (  4.95e+02,  8.47e+01)
95      0.621   1.08e+00   1.54e+00   1.13e+00   5.12e+01   4.54e+00 (  8.16e+02,  7.42e+01)
14 n: 2.064e-04 e: 8.933e-05 i: 5.564e-05 :: e: 2.070e-02 i: 3.010e-02 :: n: 2.694e+01 e:22.968 i:28.066 v:4.993e+03
>>> tau_he = 5.000000, nhe(0)=3.187914e+00
 5   -463.416   8.17e-03   5.57e-01   2.75e-03  -1.18e-01   1.24e-07 (  3.52e+00,  4.89e+01)
10  -1871.858   4.77e-02   6.56e-02  -5.44e-03  -2.14e+00   2.22e-06 (  3.10e+01,  9.70e+01)
15   -212.722   2.02e-01   1.29e-01   5.58e-02  -3.72e+00   2.70e-05 (  1.20e+02,  1.36e+02)
20    -17.682   1.85e-01   1.61e-01   9.16e-02  -3.69e+00   2.51e-04 (  1.12e+02,  1.66e+02)
25     -1.160   2.02e-01   1.68e-01   8.96e-02  -2.10e+00   1.81e-03 (  1.33e+02,  1.89e+02)
30     -0.012   2.32e-01   1.73e-01   3.49e-02  -8.74e-02   1.03e-02 (  1.50e+02,  2.05e+02)
35     -0.005   2.69e-01   2.08e-01   7.40e-02  -3.60e-02   4.61e-02 (  1.60e+02,  2.11e+02)
40      0.014   3.12e-01   2.58e-01   1.72e-01   1.05e-01   1.64e-01 (  1.67e+02,  2.10e+02)
45      0.053   3.26e-01   2.99e-01   2.25e-01   4.08e-01   4.68e-01 (  1.59e+02,  2.03e+02)
50      0.135   3.99e-01   4.51e-01   2.36e-01   1.32e+00   1.08e+00 (  1.68e+02,  1.92e+02)
55      0.136   4.07e-01   5.09e-01   2.69e-01   2.06e+00   2.03e+00 (  1.49e+02,  1.77e+02)
60      0.163   4.45e-01   6.03e-01   3.17e-01   3.10e+00   3.16e+00 (  1.35e+02,  1.61e+02)
65      0.217   5.37e-01   7.40e-01   4.40e-01   4.53e+00   4.20e+00 (  1.33e+02,  1.46e+02)
70      0.243   5.89e-01   8.08e-01   5.19e-01   4.97e+00   4.89e+00 (  1.17e+02,  1.32e+02)
75      0.261   6.29e-01   8.83e-01   5.83e-01   5.23e+00   5.17e+00 (  1.05e+02,  1.19e+02)
80      0.265   6.40e-01   9.40e-01   6.37e-01   5.23e+00   5.14e+00 (  9.50e+01,  1.07e+02)
85      0.247   5.89e-01   9.25e-01   6.61e-01   4.69e+00   4.96e+00 (  8.20e+01,  9.55e+01)
90      0.696   1.61e+00   2.40e+00   1.60e+00   2.25e+01   4.73e+00 (  4.97e+02,  8.47e+01)
95      0.621   1.08e+00   1.54e+00   1.13e+00   5.12e+01   4.54e+00 (  8.16e+02,  7.42e+01)
15 n: 1.560e-04 e: 4.042e-05 i: 5.765e-05 :: e: 2.342e-02 i: 2.984e-02 :: n: 2.695e+01 e:22.839 i:28.222 v:4.993e+03
>>> tau_he = 5.000000, nhe(0)=3.200052e+00
 5   -461.701   8.28e-03   5.62e-01   2.77e-03  -1.18e-01   1.24e-07 (  3.55e+00,  4.89e+01)
10  -1832.056   4.70e-02   6.40e-02  -5.94e-03  -2.10e+00   2.22e-06 (  3.03e+01,  9.70e+01)
15   -206.544   2.02e-01   1.26e-01   5.37e-02  -3.61e+00   2.70e-05 (  1.18e+02,  1.36e+02)
20    -17.482   1.84e-01   1.50e-01   1.26e-01  -3.66e+00   2.51e-04 (  1.11e+02,  1.66e+02)
25     -1.145   2.02e-01   1.67e-01   9.19e-02  -2.09e+00   1.81e-03 (  1.32e+02,  1.89e+02)
30      0.002   2.29e-01   1.70e-01   3.07e-02   1.62e-02   1.03e-02 (  1.48e+02,  2.05e+02)
35      0.008   2.66e-01   2.05e-01   6.60e-02   6.07e-02   4.61e-02 (  1.57e+02,  2.11e+02)
40      0.018   3.10e-01   2.55e-01   1.67e-01   1.33e-01   1.64e-01 (  1.65e+02,  2.10e+02)
45      0.053   3.25e-01   2.95e-01   2.23e-01   4.10e-01   4.68e-01 (  1.57e+02,  2.03e+02)
50      0.084   3.40e-01   3.29e-01   1.89e-01   8.02e-01   1.08e+00 (  1.42e+02,  1.92e+02)
55      0.135   4.03e-01   4.98e-01   2.66e-01   2.02e+00   2.03e+00 (  1.47e+02,  1.77e+02)
60      0.163   4.41e-01   5.95e-01   3.14e-01   3.08e+00   3.16e+00 (  1.33e+02,  1.61e+02)
65      0.190   4.80e-01   6.41e-01   3.83e-01   3.93e+00   4.20e+00 (  1.18e+02,  1.46e+02)
70      0.242   5.84e-01   8.04e-01   5.17e-01   4.95e+00   4.89e+00 (  1.15e+02,  1.32e+02)
75      0.262   6.29e-01   8.85e-01   5.86e-01   5.25e+00   5.17e+00 (  1.04e+02,  1.19e+02)
80      0.268   6.44e-01   9.47e-01   6.44e-01   5.29e+00   5.14e+00 (  9.48e+01,  1.07e+02)
85      0.251   5.95e-01   9.40e-01   6.67e-01   4.77e+00   4.96e+00 (  8.23e+01,  9.55e+01)
90      0.697   1.61e+00   2.40e+00   1.60e+00   2.26e+01   4.73e+00 (  4.96e+02,  8.47e+01)
95      0.621   1.08e+00   1.54e+00   1.13e+00   5.12e+01   4.54e+00 (  8.16e+02,  7.42e+01)
16 n: 2.212e-04 e: 6.310e-05 i: 3.197e-05 :: e: 1.717e-02 i: 2.285e-02 :: n: 2.686e+01 e:22.983 i:28.193 v:4.993e+03
>>> tau_he = 5.000000, nhe(0)=3.181671e+00
 5   -462.520   8.23e-03   5.63e-01   2.78e-03  -1.18e-01   1.24e-07 (  3.54e+00,  4.89e+01)
10  -1842.977   4.67e-02   6.45e-02  -5.65e-03  -2.11e+00   2.22e-06 (  3.01e+01,  9.70e+01)
15   -201.641   2.07e-01   1.29e-01   5.84e-02  -3.53e+00   2.70e-05 (  1.20e+02,  1.36e+02)
20    -17.757   1.86e-01   1.63e-01   9.56e-02  -3.72e+00   2.51e-04 (  1.13e+02,  1.66e+02)
25     -1.168   2.04e-01   1.70e-01   9.40e-02  -2.12e+00   1.81e-03 (  1.34e+02,  1.89e+02)
30     -0.038   2.36e-01   1.77e-01   4.20e-02  -2.48e-01   1.03e-02 (  1.53e+02,  2.05e+02)
35     -0.005   2.71e-01   2.10e-01   7.36e-02  -3.84e-02   4.61e-02 (  1.62e+02,  2.11e+02)
40      0.084   3.76e-01   3.84e-01   2.36e-01   6.11e-01   1.64e-01 (  2.01e+02,  2.10e+02)
45      0.054   3.29e-01   3.01e-01   2.28e-01   4.15e-01   4.68e-01 (  1.60e+02,  2.03e+02)
50      0.137   4.02e-01   4.56e-01   2.38e-01   1.33e+00   1.08e+00 (  1.70e+02,  1.92e+02)
55      0.135   4.08e-01   5.07e-01   2.70e-01   2.02e+00   2.03e+00 (  1.50e+02,  1.77e+02)
60      0.163   4.47e-01   6.04e-01   3.19e-01   3.09e+00   3.16e+00 (  1.36e+02,  1.61e+02)
65      0.216   5.36e-01   7.40e-01   4.40e-01   4.48e+00   4.20e+00 (  1.33e+02,  1.46e+02)
70      0.243   5.90e-01   8.12e-01   5.22e-01   4.97e+00   4.89e+00 (  1.18e+02,  1.32e+02)
75      0.262   6.32e-01   8.89e-01   5.88e-01   5.24e+00   5.17e+00 (  1.06e+02,  1.19e+02)
80      0.266   6.43e-01   9.46e-01   6.43e-01   5.25e+00   5.14e+00 (  9.60e+01,  1.07e+02)
85      0.248   5.91e-01   9.34e-01   6.69e-01   4.71e+00   4.96e+00 (  8.30e+01,  9.55e+01)
90      0.696   1.61e+00   2.40e+00   1.60e+00   2.25e+01   4.73e+00 (  4.98e+02,  8.47e+01)
95      0.621   1.08e+00   1.54e+00   1.13e+00   5.12e+01   4.54e+00 (  8.16e+02,  7.42e+01)
17 n: 1.431e-04 e: 5.633e-05 i: 1.027e-04 :: e: 3.065e-02 i: 3.952e-02 :: n: 2.679e+01 e:22.846 i:28.318 v:4.993e+03
>>> tau_he = 5.000000, nhe(0)=3.175713e+00
 5   -460.566   8.32e-03   5.65e-01   2.80e-03  -1.18e-01   1.24e-07 (  3.55e+00,  4.89e+01)
10  -1818.358   4.65e-02   6.37e-02  -5.90e-03  -2.09e+00   2.22e-06 (  2.97e+01,  9.70e+01)
15   -195.648   2.08e-01   1.28e-01   5.75e-02  -3.43e+00   2.70e-05 (  1.19e+02,  1.36e+02)
20    -17.478   1.85e-01   1.53e-01   1.28e-01  -3.66e+00   2.51e-04 (  1.12e+02,  1.66e+02)
25     -1.145   2.04e-01   1.69e-01   9.20e-02  -2.08e+00   1.81e-03 (  1.33e+02,  1.89e+02)
30     -0.019   2.34e-01   1.75e-01   3.63e-02  -1.32e-01   1.03e-02 (  1.50e+02,  2.05e+02)
35     -0.014   2.73e-01   2.10e-01   7.97e-02  -1.02e-01   4.61e-02 (  1.61e+02,  2.11e+02)
40     -0.003   3.13e-01   2.53e-01   1.88e-01  -1.84e-02   1.64e-01 (  1.65e+02,  2.10e+02)
45      0.053   3.27e-01   2.96e-01   2.25e-01   4.06e-01   4.68e-01 (  1.58e+02,  2.03e+02)
50      0.136   4.00e-01   4.46e-01   2.35e-01   1.30e+00   1.08e+00 (  1.67e+02,  1.92e+02)
55      0.135   4.04e-01   4.98e-01   2.67e-01   1.99e+00   2.03e+00 (  1.47e+02,  1.77e+02)
60      0.163   4.43e-01   5.99e-01   3.16e-01   3.07e+00   3.16e+00 (  1.34e+02,  1.61e+02)
65      0.190   4.80e-01   6.42e-01   3.83e-01   3.90e+00   4.20e+00 (  1.18e+02,  1.46e+02)
70      0.242   5.86e-01   8.09e-01   5.20e-01   4.95e+00   4.89e+00 (  1.16e+02,  1.32e+02)
75      0.263   6.31e-01   8.91e-01   5.91e-01   5.26e+00   5.17e+00 (  1.06e+02,  1.19e+02)
80      0.269   6.45e-01   9.53e-01   6.50e-01   5.29e+00   5.14e+00 (  9.59e+01,  1.07e+02)
85      0.252   5.97e-01   9.48e-01   6.73e-01   4.78e+00   4.96e+00 (  8.33e+01,  9.55e+01)
90      0.698   1.62e+00   2.40e+00   1.61e+00   2.26e+01   4.73e+00 (  4.97e+02,  8.47e+01)
95      0.621   1.08e+00   1.54e+00   1.13e+00   5.12e+01   4.54e+00 (  8.16e+02,  7.42e+01)
18 n: 1.611e-04 e: 3.014e-05 i: 2.928e-05 :: e: 1.821e-02 i: 2.285e-02 :: n: 2.687e+01 e:22.922 i:28.276 v:4.993e+03
>>> tau_he = 5.000000, nhe(0)=3.186895e+00
 5   -462.339   8.32e-03   5.67e-01   2.80e-03  -1.18e-01   1.24e-07 (  3.58e+00,  4.89e+01)
10  -1827.562   4.66e-02   6.45e-02  -5.39e-03  -2.10e+00   2.22e-06 (  2.99e+01,  9.70e+01)
15   -192.544   2.12e-01   1.38e-01   6.84e-02  -3.38e+00   2.70e-05 (  1.21e+02,  1.36e+02)
20    -18.496   1.89e-01   1.65e-01   8.94e-02  -3.88e+00   2.51e-04 (  1.15e+02,  1.66e+02)
25     -1.152   2.04e-01   1.70e-01   8.84e-02  -2.10e+00   1.81e-03 (  1.35e+02,  1.89e+02)
30     -0.007   2.34e-01   1.75e-01   2.98e-02  -4.97e-02   1.03e-02 (  1.51e+02,  2.05e+02)
35      0.007   2.69e-01   2.10e-01   6.85e-02   5.82e-02   4.61e-02 (  1.59e+02,  2.11e+02)
40      0.010   3.12e-01   2.56e-01   1.85e-01   7.20e-02   1.64e-01 (  1.65e+02,  2.10e+02)
45      0.054   3.27e-01   3.01e-01   2.28e-01   4.08e-01   4.68e-01 (  1.58e+02,  2.03e+02)
50      0.084   3.44e-01   3.34e-01   1.93e-01   7.84e-01   1.08e+00 (  1.44e+02,  1.92e+02)
55      0.134   4.06e-01   5.00e-01   2.70e-01   1.96e+00   2.03e+00 (  1.49e+02,  1.77e+02)
60      0.164   4.47e-01   6.05e-01   3.20e-01   3.08e+00   3.16e+00 (  1.37e+02,  1.61e+02)
65      0.216   5.35e-01   7.39e-01   4.39e-01   4.46e+00   4.20e+00 (  1.33e+02,  1.46e+02)
70      0.243   5.91e-01   8.15e-01   5.24e-01   4.97e+00   4.89e+00 (  1.18e+02,  1.32e+02)
75      0.262   6.33e-01   8.93e-01   5.92e-01   5.24e+00   5.17e+00 (  1.07e+02,  1.19e+02)
80      0.267   6.43e-01   9.51e-01   6.46e-01   5.24e+00   5.14e+00 (  9.66e+01,  1.07e+02)
85      0.249   5.94e-01   9.41e-01   6.75e-01   4.72e+00   4.96e+00 (  8.38e+01,  9.55e+01)
90      0.697   1.61e+00   2.40e+00   1.60e+00   2.26e+01   4.73e+00 (  4.99e+02,  8.47e+01)
95      0.621   1.08e+00   1.54e+00   1.13e+00   5.12e+01   4.54e+00 (  8.16e+02,  7.42e+01)
19 n: 2.072e-04 e: 2.320e-05 i: 3.993e-05 :: e: 1.981e-02 i: 2.851e-02 :: n: 2.682e+01 e:22.847 i:28.332 v:4.993e+03
>>> tau_he = 5.000000, nhe(0)=3.181189e+00
 5   -461.923   8.35e-03   5.68e-01   2.81e-03  -1.18e-01   1.24e-07 (  3.58e+00,  4.89e+01)
10  -1810.762   4.62e-02   6.36e-02  -5.71e-03  -2.08e+00   2.22e-06 (  2.94e+01,  9.70e+01)
15   -188.417   2.11e-01   1.36e-01   6.86e-02  -3.31e+00   2.70e-05 (  1.19e+02,  1.36e+02)
20    -17.577   1.85e-01   1.52e-01   1.28e-01  -3.69e+00   2.51e-04 (  1.12e+02,  1.66e+02)
25     -1.153   2.04e-01   1.69e-01   9.20e-02  -2.10e+00   1.81e-03 (  1.34e+02,  1.89e+02)
30     -0.018   2.35e-01   1.75e-01   3.57e-02  -1.27e-01   1.03e-02 (  1.51e+02,  2.05e+02)
35     -0.001   2.70e-01   2.09e-01   7.19e-02  -7.60e-03   4.61e-02 (  1.59e+02,  2.11e+02)
40      0.013   3.10e-01   2.53e-01   1.79e-01   9.35e-02   1.64e-01 (  1.64e+02,  2.10e+02)
45      0.054   3.28e-01   2.98e-01   2.26e-01   4.14e-01   4.68e-01 (  1.58e+02,  2.03e+02)
50      0.138   4.00e-01   4.49e-01   2.36e-01   1.31e+00   1.08e+00 (  1.68e+02,  1.92e+02)
55      0.097   3.49e-01   4.00e-01   2.19e-01   1.42e+00   2.03e+00 (  1.27e+02,  1.77e+02)
60      0.163   4.43e-01   5.98e-01   3.16e-01   3.04e+00   3.16e+00 (  1.34e+02,  1.61e+02)
65      0.188   4.78e-01   6.40e-01   3.82e-01   3.86e+00   4.20e+00 (  1.18e+02,  1.46e+02)
70      0.242   5.86e-01   8.10e-01   5.21e-01   4.93e+00   4.89e+00 (  1.16e+02,  1.32e+02)
75      0.262   6.30e-01   8.92e-01   5.92e-01   5.24e+00   5.17e+00 (  1.06e+02,  1.19e+02)
80      0.268   6.44e-01   9.53e-01   6.51e-01   5.27e+00   5.14e+00 (  9.61e+01,  1.07e+02)
85      0.251   5.96e-01   9.47e-01   6.81e-01   4.76e+00   4.96e+00 (  8.36e+01,  9.55e+01)
90      0.697   1.62e+00   2.40e+00   1.61e+00   2.26e+01   4.73e+00 (  4.98e+02,  8.47e+01)
95      0.621   1.08e+00   1.54e+00   1.13e+00   5.12e+01   4.54e+00 (  8.16e+02,  7.42e+01)
20 n: 3.128e-04 e: 2.574e-05 i: 3.073e-05 :: e: 2.003e-02 i: 2.720e-02 :: n: 2.689e+01 e:22.893 i:28.322 v:4.993e+03
>>> tau_he = 5.000000, nhe(0)=3.193507e+00
 5   -462.290   8.35e-03   5.69e-01   2.80e-03  -1.18e-01   1.24e-07 (  3.59e+00,  4.89e+01)
10  -1809.774   4.60e-02   6.39e-02  -5.27e-03  -2.08e+00   2.22e-06 (  2.93e+01,  9.70e+01)
15   -186.327   2.12e-01   1.37e-01   6.96e-02  -3.28e+00   2.70e-05 (  1.19e+02,  1.36e+02)
20    -17.698   1.86e-01   1.63e-01   9.32e-02  -3.72e+00   2.51e-04 (  1.13e+02,  1.66e+02)
25     -1.324   2.01e-01   1.73e-01   8.92e-02  -2.42e+00   1.81e-03 (  1.32e+02,  1.89e+02)
30     -0.005   2.34e-01   1.75e-01   2.94e-02  -3.57e-02   1.03e-02 (  1.51e+02,  2.05e+02)
35      0.011   2.69e-01   2.09e-01   6.59e-02   8.39e-02   4.61e-02 (  1.59e+02,  2.11e+02)
40      0.016   3.12e-01   2.57e-01   1.81e-01   1.17e-01   1.64e-01 (  1.65e+02,  2.10e+02)
45      0.053   3.27e-01   3.01e-01   2.29e-01   4.05e-01   4.68e-01 (  1.59e+02,  2.03e+02)
50      0.137   4.02e-01   4.50e-01   2.38e-01   1.28e+00   1.08e+00 (  1.69e+02,  1.92e+02)
55      0.137   4.10e-01   5.10e-01   2.72e-01   2.03e+00   2.03e+00 (  1.51e+02,  1.77e+02)
60      0.164   4.48e-01   6.07e-01   3.21e-01   3.09e+00   3.16e+00 (  1.37e+02,  1.61e+02)
65      0.191   4.86e-01   6.50e-01   3.89e-01   3.94e+00   4.20e+00 (  1.21e+02,  1.46e+02)
70      0.243   5.90e-01   8.14e-01   5.23e-01   4.95e+00   4.89e+00 (  1.18e+02,  1.32e+02)
75      0.262   6.32e-01   8.92e-01   5.92e-01   5.23e+00   5.17e+00 (  1.07e+02,  1.19e+02)
80      0.267   6.42e-01   9.50e-01   6.46e-01   5.23e+00   5.14e+00 (  9.64e+01,  1.07e+02)
85      0.249   5.93e-01   9.42e-01   6.76e-01   4.72e+00   4.96e+00 (  8.38e+01,  9.55e+01)
90      0.697   1.62e+00   2.40e+00   1.60e+00   2.26e+01   4.73e+00 (  4.99e+02,  8.47e+01)
95      0.621   1.08e+00   1.54e+00   1.13e+00   5.12e+01   4.54e+00 (  8.16e+02,  7.42e+01)
21 n: 1.149e-04 e: 1.521e-05 i: 2.806e-05 :: e: 1.509e-02 i: 2.197e-02 :: n: 2.675e+01 e:22.855 i:28.359 v:4.993e+03
>>> tau_he = 5.000000, nhe(0)=3.170245e+00
 5   -462.292   8.35e-03   5.69e-01   2.81e-03  -1.18e-01   1.24e-07 (  3.57e+00,  4.89e+01)
10  -1803.965   4.57e-02   6.33e-02  -5.58e-03  -2.07e+00   2.22e-06 (  2.89e+01,  9.70e+01)
15   -183.011   2.12e-01   1.36e-01   7.15e-02  -3.21e+00   2.70e-05 (  1.18e+02,  1.36e+02)
20    -17.628   1.86e-01   1.53e-01   1.30e-01  -3.69e+00   2.51e-04 (  1.12e+02,  1.66e+02)
25     -1.164   2.05e-01   1.70e-01   9.46e-02  -2.11e+00   1.81e-03 (  1.34e+02,  1.89e+02)
30     -0.028   2.37e-01   1.77e-01   3.92e-02  -1.90e-01   1.03e-02 (  1.52e+02,  2.05e+02)
35     -0.013   2.74e-01   2.12e-01   7.84e-02  -9.23e-02   4.61e-02 (  1.62e+02,  2.11e+02)
40      0.015   3.12e-01   2.56e-01   1.81e-01   1.11e-01   1.64e-01 (  1.66e+02,  2.10e+02)
45      0.053   3.27e-01   2.99e-01   2.28e-01   3.97e-01   4.68e-01 (  1.58e+02,  2.03e+02)
50      0.083   3.44e-01   3.31e-01   1.92e-01   7.70e-01   1.08e+00 (  1.44e+02,  1.92e+02)
55      0.135   4.07e-01   5.01e-01   2.69e-01   1.98e+00   2.03e+00 (  1.49e+02,  1.77e+02)
60      0.164   4.46e-01   6.03e-01   3.19e-01   3.08e+00   3.16e+00 (  1.36e+02,  1.61e+02)
65      0.216   5.34e-01   7.39e-01   4.38e-01   4.46e+00   4.20e+00 (  1.33e+02,  1.46e+02)
70      0.243   5.88e-01   8.14e-01   5.23e-01   4.95e+00   4.89e+00 (  1.17e+02,  1.32e+02)
75      0.262   6.31e-01   8.92e-01   5.92e-01   5.23e+00   5.17e+00 (  1.06e+02,  1.19e+02)
80      0.268   6.43e-01   9.53e-01   6.49e-01   5.25e+00   5.14e+00 (  9.62e+01,  1.07e+02)
85      0.251   5.95e-01   9.47e-01   6.81e-01   4.75e+00   4.96e+00 (  8.38e+01,  9.55e+01)
90      0.697   1.62e+00   2.40e+00   1.61e+00   2.26e+01   4.73e+00 (  4.98e+02,  8.47e+01)
95      0.621   1.08e+00   1.54e+00   1.13e+00   5.12e+01   4.54e+00 (  8.16e+02,  7.42e+01)
22 n: 2.399e-04 e: 1.326e-05 i: 2.412e-05 :: e: 1.808e-02 i: 2.481e-02 :: n: 2.681e+01 e:22.850 i:28.393 v:4.993e+03
>>> tau_he = 5.000000, nhe(0)=3.182406e+00
 5   -462.252   8.38e-03   5.70e-01   2.81e-03  -1.18e-01   1.24e-07 (  3.59e+00,  4.89e+01)
10  -1785.303   5.14e-02   6.14e-02  -4.92e-03  -2.05e+00   2.22e-06 (  3.25e+01,  9.70e+01)
15   -180.566   2.14e-01   1.37e-01   7.14e-02  -3.18e+00   2.70e-05 (  1.18e+02,  1.36e+02)
20    -17.572   1.87e-01   1.54e-01   1.29e-01  -3.69e+00   2.51e-04 (  1.13e+02,  1.66e+02)
25     -1.156   2.05e-01   1.70e-01   9.10e-02  -2.10e+00   1.81e-03 (  1.34e+02,  1.89e+02)
30     -0.012   2.35e-01   1.76e-01   3.28e-02  -8.51e-02   1.03e-02 (  1.51e+02,  2.05e+02)
35      0.000   2.71e-01   2.11e-01   7.24e-02   3.14e-04   4.61e-02 (  1.60e+02,  2.11e+02)
40      0.018   3.13e-01   2.58e-01   1.71e-01   1.29e-01   1.64e-01 (  1.66e+02,  2.10e+02)
45      0.054   3.30e-01   3.02e-01   2.29e-01   4.13e-01   4.68e-01 (  1.60e+02,  2.03e+02)
50      0.138   4.03e-01   4.53e-01   2.39e-01   1.30e+00   1.08e+00 (  1.69e+02,  1.92e+02)
55      0.136   4.08e-01   5.04e-01   2.71e-01   1.99e+00   2.03e+00 (  1.49e+02,  1.77e+02)
60      0.164   4.47e-01   6.04e-01   3.20e-01   3.06e+00   3.16e+00 (  1.36e+02,  1.61e+02)
65      0.190   4.83e-01   6.46e-01   3.86e-01   3.88e+00   4.20e+00 (  1.20e+02,  1.46e+02)
70      0.242   5.88e-01   8.14e-01   5.24e-01   4.93e+00   4.89e+00 (  1.18e+02,  1.32e+02)
75      0.262   6.31e-01   8.94e-01   5.93e-01   5.22e+00   5.17e+00 (  1.07e+02,  1.19e+02)
80      0.268   6.44e-01   9.55e-01   6.51e-01   5.25e+00   5.14e+00 (  9.68e+01,  1.07e+02)
85      0.250   5.94e-01   9.45e-01   6.79e-01   4.72e+00   4.96e+00 (  8.40e+01,  9.55e+01)
90      0.697   1.62e+00   2.40e+00   1.61e+00   2.26e+01   4.73e+00 (  4.99e+02,  8.47e+01)
95      0.621   1.08e+00   1.54e+00   1.13e+00   5.12e+01   4.54e+00 (  8.16e+02,  7.42e+01)
23 n: 1.301e-04 e: 9.355e-06 i: 1.781e-05 :: e: 1.530e-02 i: 1.963e-02 :: n: 2.683e+01 e:22.851 i:28.406 v:4.993e+03
>>> tau_he = 5.000000, nhe(0)=3.188391e+00
 5   -463.196   8.42e-03   5.72e-01   2.82e-03  -1.19e-01   1.24e-07 (  3.62e+00,  4.89e+01)
10  -1777.677   5.12e-02   6.13e-02  -4.83e-03  -2.05e+00   2.22e-06 (  3.24e+01,  9.70e+01)
15   -179.027   2.14e-01   1.36e-01   7.14e-02  -3.15e+00   2.70e-05 (  1.17e+02,  1.36e+02)
20    -17.616   1.87e-01   1.54e-01   1.28e-01  -3.70e+00   2.51e-04 (  1.13e+02,  1.66e+02)
25     -1.157   2.05e-01   1.70e-01   9.03e-02  -2.11e+00   1.81e-03 (  1.35e+02,  1.89e+02)
30      0.000   2.33e-01   1.75e-01   2.84e-02   2.60e-03   1.03e-02 (  1.50e+02,  2.05e+02)
35      0.008   2.70e-01   2.10e-01   6.73e-02   6.09e-02   4.61e-02 (  1.60e+02,  2.11e+02)
40      0.086   3.76e-01   3.83e-01   2.35e-01   6.20e-01   1.64e-01 (  1.99e+02,  2.10e+02)
45      0.053   3.30e-01   3.01e-01   2.30e-01   3.99e-01   4.68e-01 (  1.60e+02,  2.03e+02)
50      0.084   3.45e-01   3.34e-01   1.93e-01   7.81e-01   1.08e+00 (  1.44e+02,  1.92e+02)
55      0.097   3.51e-01   4.02e-01   2.20e-01   1.40e+00   2.03e+00 (  1.28e+02,  1.77e+02)
60      0.163   4.46e-01   6.03e-01   3.19e-01   3.05e+00   3.16e+00 (  1.36e+02,  1.61e+02)
65      0.191   4.85e-01   6.50e-01   3.88e-01   3.93e+00   4.20e+00 (  1.21e+02,  1.46e+02)
70      0.243   5.88e-01   8.14e-01   5.24e-01   4.94e+00   4.89e+00 (  1.18e+02,  1.32e+02)
75      0.262   6.30e-01   8.93e-01   5.93e-01   5.22e+00   5.17e+00 (  1.06e+02,  1.19e+02)
80      0.268   6.44e-01   9.55e-01   6.53e-01   5.25e+00   5.14e+00 (  9.66e+01,  1.07e+02)
85      0.251   5.95e-01   9.47e-01   6.81e-01   4.73e+00   4.96e+00 (  8.39e+01,  9.55e+01)
90      0.697   1.62e+00   2.40e+00   1.61e+00   2.26e+01   4.73e+00 (  4.99e+02,  8.47e+01)
95      0.621   1.08e+00   1.54e+00   1.13e+00   5.12e+01   4.54e+00 (  8.16e+02,  7.42e+01)
24 n: 2.860e-04 e: 3.884e-05 i: 1.230e-04 :: e: 2.425e-02 i: 3.418e-02 :: n: 2.673e+01 e:22.855 i:28.408 v:4.993e+03
>>> tau_he = 5.000000, nhe(0)=3.168700e+00
 5   -463.556   8.41e-03   5.71e-01   2.83e-03  -1.18e-01   1.24e-07 (  3.60e+00,  4.89e+01)
10  -1775.987   5.09e-02   6.12e-02  -4.74e-03  -2.05e+00   2.22e-06 (  3.19e+01,  9.70e+01)
15   -176.664   2.14e-01   1.37e-01   7.38e-02  -3.11e+00   2.70e-05 (  1.17e+02,  1.36e+02)
20    -17.671   1.88e-01   1.65e-01   9.78e-02  -3.71e+00   2.51e-04 (  1.13e+02,  1.66e+02)
25     -1.159   2.06e-01   1.71e-01   9.20e-02  -2.11e+00   1.81e-03 (  1.35e+02,  1.89e+02)
30     -0.017   2.37e-01   1.78e-01   3.41e-02  -1.19e-01   1.03e-02 (  1.52e+02,  2.05e+02)
35     -0.028   2.78e-01   2.14e-01   8.69e-02  -1.89e-01   4.61e-02 (  1.64e+02,  2.11e+02)
40     -0.006   3.15e-01   2.54e-01   1.90e-01  -4.06e-02   1.64e-01 (  1.66e+02,  2.10e+02)
45      0.053   3.28e-01   2.99e-01   2.29e-01   4.00e-01   4.68e-01 (  1.59e+02,  2.03e+02)
50      0.139   4.04e-01   4.55e-01   2.39e-01   1.33e+00   1.08e+00 (  1.70e+02,  1.92e+02)
55      0.139   4.11e-01   5.13e-01   2.72e-01   2.06e+00   2.03e+00 (  1.51e+02,  1.77e+02)
60      0.165   4.49e-01   6.08e-01   3.21e-01   3.10e+00   3.16e+00 (  1.37e+02,  1.61e+02)
65      0.217   5.37e-01   7.42e-01   4.41e-01   4.47e+00   4.20e+00 (  1.34e+02,  1.46e+02)
70      0.243   5.90e-01   8.16e-01   5.25e-01   4.95e+00   4.89e+00 (  1.18e+02,  1.32e+02)
75      0.262   6.31e-01   8.94e-01   5.93e-01   5.22e+00   5.17e+00 (  1.07e+02,  1.19e+02)
80      0.268   6.44e-01   9.55e-01   6.51e-01   5.24e+00   5.14e+00 (  9.67e+01,  1.07e+02)
85      0.250   5.94e-01   9.45e-01   6.80e-01   4.72e+00   4.96e+00 (  8.40e+01,  9.55e+01)
90      0.697   1.62e+00   2.40e+00   1.61e+00   2.26e+01   4.73e+00 (  4.99e+02,  8.47e+01)
95      0.621   1.08e+00   1.54e+00   1.13e+00   5.12e+01   4.54e+00 (  8.16e+02,  7.42e+01)
25 n: 1.675e-04 e: 1.292e-05 i: 2.354e-05 :: e: 1.861e-02 i: 2.542e-02 :: n: 2.679e+01 e:22.800 i:28.447 v:4.993e+03
>>> tau_he = 5.000000, nhe(0)=3.181703e+00
 5   -463.815   8.47e-03   5.72e-01   2.84e-03  -1.19e-01   1.24e-07 (  3.64e+00,  4.89e+01)
10  -1898.965   4.76e-02   6.91e-02  -6.53e-03  -2.19e+00   2.22e-06 (  2.99e+01,  9.70e+01)
15   -174.524   2.14e-01   1.37e-01   7.25e-02  -3.08e+00   2.70e-05 (  1.16e+02,  1.36e+02)
20    -17.518   1.87e-01   1.54e-01   1.28e-01  -3.68e+00   2.51e-04 (  1.13e+02,  1.66e+02)
25     -1.147   2.05e-01   1.70e-01   8.86e-02  -2.09e+00   1.81e-03 (  1.34e+02,  1.89e+02)
30     -0.002   2.34e-01   1.76e-01   2.84e-02  -1.58e-02   1.03e-02 (  1.50e+02,  2.05e+02)
35     -0.001   2.71e-01   2.11e-01   7.43e-02  -1.06e-02   4.61e-02 (  1.59e+02,  2.11e+02)
40      0.009   3.11e-01   2.54e-01   1.83e-01   6.60e-02   1.64e-01 (  1.63e+02,  2.10e+02)
45      0.054   3.27e-01   3.00e-01   2.29e-01   4.06e-01   4.68e-01 (  1.58e+02,  2.03e+02)
50      0.087   3.46e-01   3.35e-01   1.99e-01   8.06e-01   1.08e+00 (  1.44e+02,  1.92e+02)
55      0.137   4.09e-01   5.07e-01   2.72e-01   2.01e+00   2.03e+00 (  1.50e+02,  1.77e+02)
60      0.164   4.47e-01   6.05e-01   3.20e-01   3.07e+00   3.16e+00 (  1.36e+02,  1.61e+02)
65      0.190   4.83e-01   6.47e-01   3.86e-01   3.89e+00   4.20e+00 (  1.20e+02,  1.46e+02)
70      0.243   5.88e-01   8.15e-01   5.24e-01   4.93e+00   4.89e+00 (  1.18e+02,  1.32e+02)
75      0.262   6.31e-01   8.95e-01   5.95e-01   5.22e+00   5.17e+00 (  1.07e+02,  1.19e+02)
80      0.268   6.44e-01   9.56e-01   6.53e-01   5.25e+00   5.14e+00 (  9.68e+01,  1.07e+02)
85      0.251   5.95e-01   9.48e-01   6.83e-01   4.73e+00   4.96e+00 (  8.42e+01,  9.55e+01)
90      0.698   1.62e+00   2.40e+00   1.61e+00   2.26e+01   4.73e+00 (  4.99e+02,  8.47e+01)
95      0.621   1.08e+00   1.54e+00   1.13e+00   5.12e+01   4.54e+00 (  8.16e+02,  7.42e+01)
26 n: 2.200e-04 e: 1.137e-05 i: 1.879e-05 :: e: 1.404e-02 i: 2.042e-02 :: n: 2.687e+01 e:22.838 i:28.403 v:4.993e+03
>>> tau_he = 5.000000, nhe(0)=3.195821e+00
 5   -463.831   8.46e-03   5.73e-01   2.83e-03  -1.19e-01   1.24e-07 (  3.65e+00,  4.89e+01)
10  -1893.440   4.74e-02   6.88e-02  -6.56e-03  -2.19e+00   2.22e-06 (  2.98e+01,  9.70e+01)
15   -174.122   2.14e-01   1.36e-01   7.26e-02  -3.08e+00   2.70e-05 (  1.16e+02,  1.36e+02)
20    -17.691   1.87e-01   1.63e-01   9.36e-02  -3.73e+00   2.51e-04 (  1.14e+02,  1.66e+02)
25     -1.154   2.05e-01   1.70e-01   8.81e-02  -2.11e+00   1.81e-03 (  1.35e+02,  1.89e+02)
30      0.026   2.34e-01   1.73e-01   2.68e-02   2.06e-01   1.03e-02 (  1.51e+02,  2.05e+02)
35      0.011   2.69e-01   2.09e-01   6.58e-02   8.83e-02   4.61e-02 (  1.59e+02,  2.11e+02)
40      0.013   3.11e-01   2.54e-01   1.80e-01   9.69e-02   1.64e-01 (  1.64e+02,  2.10e+02)
45      0.054   3.28e-01   3.01e-01   2.29e-01   4.10e-01   4.68e-01 (  1.59e+02,  2.03e+02)
50      0.140   4.04e-01   4.56e-01   2.40e-01   1.32e+00   1.08e+00 (  1.70e+02,  1.92e+02)
55      0.136   4.09e-01   5.06e-01   2.72e-01   1.99e+00   2.03e+00 (  1.50e+02,  1.77e+02)
60      0.164   4.47e-01   6.05e-01   3.20e-01   3.05e+00   3.16e+00 (  1.36e+02,  1.61e+02)
65      0.191   4.87e-01   6.52e-01   3.90e-01   3.93e+00   4.20e+00 (  1.21e+02,  1.46e+02)
70      0.243   5.89e-01   8.16e-01   5.25e-01   4.93e+00   4.89e+00 (  1.18e+02,  1.32e+02)
75      0.262   6.31e-01   8.94e-01   5.94e-01   5.21e+00   5.17e+00 (  1.07e+02,  1.19e+02)
80      0.267   6.43e-01   9.55e-01   6.52e-01   5.23e+00   5.14e+00 (  9.68e+01,  1.07e+02)
85      0.250   5.94e-01   9.46e-01   6.81e-01   4.72e+00   4.96e+00 (  8.41e+01,  9.55e+01)
90      0.697   1.62e+00   2.40e+00   1.61e+00   2.26e+01   4.73e+00 (  4.99e+02,  8.47e+01)
95      0.621   1.08e+00   1.54e+00   1.13e+00   5.12e+01   4.54e+00 (  8.16e+02,  7.42e+01)
27 n: 1.341e-04 e: 9.427e-06 i: 2.197e-05 :: e: 1.211e-02 i: 1.792e-02 :: n: 2.672e+01 e:22.820 i:28.399 v:4.993e+03
>>> tau_he = 5.000000, nhe(0)=3.165283e+00
 5   -460.006   8.41e-03   5.71e-01   2.84e-03  -1.18e-01   1.24e-07 (  3.60e+00,  4.89e+01)
10  -1748.477   4.99e-02   6.00e-02  -4.92e-03  -2.02e+00   2.22e-06 (  3.12e+01,  9.70e+01)
15   -171.222   2.14e-01   1.36e-01   7.54e-02  -3.02e+00   2.70e-05 (  1.15e+02,  1.36e+02)
20    -17.526   1.87e-01   1.54e-01   1.31e-01  -3.69e+00   2.51e-04 (  1.13e+02,  1.66e+02)
25     -1.158   2.05e-01   1.71e-01   9.47e-02  -2.11e+00   1.81e-03 (  1.34e+02,  1.89e+02)
30     -0.076   2.42e-01   1.81e-01   4.52e-02  -4.69e-01   1.03e-02 (  1.55e+02,  2.05e+02)
35     -0.006   2.73e-01   2.12e-01   7.55e-02  -4.41e-02   4.61e-02 (  1.61e+02,  2.11e+02)
40      0.016   3.12e-01   2.56e-01   1.80e-01   1.15e-01   1.64e-01 (  1.65e+02,  2.10e+02)
45      0.054   3.29e-01   3.01e-01   2.30e-01   4.03e-01   4.68e-01 (  1.59e+02,  2.03e+02)
50      0.087   3.47e-01   3.36e-01   1.99e-01   8.03e-01   1.08e+00 (  1.45e+02,  1.92e+02)
55      0.097   3.52e-01   4.04e-01   2.21e-01   1.40e+00   2.03e+00 (  1.28e+02,  1.77e+02)
60      0.164   4.47e-01   6.04e-01   3.20e-01   3.05e+00   3.16e+00 (  1.36e+02,  1.61e+02)
65      0.217   5.36e-01   7.43e-01   4.41e-01   4.46e+00   4.20e+00 (  1.34e+02,  1.46e+02)
70      0.243   5.89e-01   8.17e-01   5.25e-01   4.94e+00   4.89e+00 (  1.18e+02,  1.32e+02)
75      0.262   6.31e-01   8.94e-01   5.94e-01   5.21e+00   5.17e+00 (  1.07e+02,  1.19e+02)
80      0.267   6.43e-01   9.56e-01   6.53e-01   5.24e+00   5.14e+00 (  9.68e+01,  1.07e+02)
85      0.250   5.94e-01   9.48e-01   6.83e-01   4.72e+00   4.96e+00 (  8.42e+01,  9.55e+01)
90      0.697   1.62e+00   2.40e+00   1.61e+00   2.26e+01   4.73e+00 (  4.99e+02,  8.47e+01)
95      0.621   1.08e+00   1.54e+00   1.13e+00   5.12e+01   4.54e+00 (  8.16e+02,  7.42e+01)
28 n: 4.851e-04 e: 1.947e-05 i: 3.807e-05 :: e: 1.928e-02 i: 2.693e-02 :: n: 2.679e+01 e:22.782 i:28.460 v:4.993e+03
>>> tau_he = 5.000000, nhe(0)=3.183153e+00
 5   -460.882   8.47e-03   5.74e-01   2.84e-03  -1.19e-01   1.24e-07 (  3.63e+00,  4.89e+01)
10  -1870.067   4.67e-02   6.79e-02  -6.64e-03  -2.16e+00   2.22e-06 (  2.91e+01,  9.70e+01)
15   -169.568   2.15e-01   1.36e-01   7.39e-02  -3.00e+00   2.70e-05 (  1.15e+02,  1.36e+02)
20    -17.441   1.87e-01   1.54e-01   1.28e-01  -3.68e+00   2.51e-04 (  1.13e+02,  1.66e+02)
25     -1.317   2.02e-01   1.74e-01   9.09e-02  -2.40e+00   1.81e-03 (  1.32e+02,  1.89e+02)
30     -0.032   2.37e-01   1.78e-01   3.99e-02  -2.12e-01   1.03e-02 (  1.51e+02,  2.05e+02)
35      0.005   2.70e-01   2.10e-01   6.99e-02   3.59e-02   4.61e-02 (  1.59e+02,  2.11e+02)
40      0.017   3.11e-01   2.55e-01   1.79e-01   1.23e-01   1.64e-01 (  1.64e+02,  2.10e+02)
45      0.055   3.28e-01   3.00e-01   2.29e-01   4.14e-01   4.68e-01 (  1.59e+02,  2.03e+02)
50      0.141   4.05e-01   4.57e-01   2.40e-01   1.34e+00   1.08e+00 (  1.70e+02,  1.92e+02)
55      0.139   4.11e-01   5.14e-01   2.73e-01   2.06e+00   2.03e+00 (  1.51e+02,  1.77e+02)
60      0.164   4.47e-01   6.06e-01   3.21e-01   3.07e+00   3.16e+00 (  1.36e+02,  1.61e+02)
65      0.190   4.83e-01   6.47e-01   3.86e-01   3.88e+00   4.20e+00 (  1.20e+02,  1.46e+02)
70      0.242   5.88e-01   8.14e-01   5.24e-01   4.92e+00   4.89e+00 (  1.18e+02,  1.32e+02)
75      0.262   6.31e-01   8.94e-01   5.94e-01   5.21e+00   5.17e+00 (  1.07e+02,  1.19e+02)
80      0.267   6.43e-01   9.55e-01   6.52e-01   5.23e+00   5.14e+00 (  9.68e+01,  1.07e+02)
85      0.250   5.94e-01   9.47e-01   6.82e-01   4.72e+00   4.96e+00 (  8.42e+01,  9.55e+01)
90      0.697   1.62e+00   2.40e+00   1.61e+00   2.26e+01   4.73e+00 (  4.99e+02,  8.47e+01)
95      0.621   1.08e+00   1.54e+00   1.13e+00   5.12e+01   4.54e+00 (  8.16e+02,  7.42e+01)
29 n: 1.808e-04 e: 1.133e-05 i: 2.108e-05 :: e: 1.243e-02 i: 1.832e-02 :: n: 2.675e+01 e:22.827 i:28.416 v:4.993e+03
>>> tau_he = 5.000000, nhe(0)=3.172832e+00
 5   -461.250   8.44e-03   5.73e-01   2.84e-03  -1.19e-01   1.24e-07 (  3.62e+00,  4.89e+01)
10  -1875.722   4.67e-02   6.80e-02  -6.76e-03  -2.17e+00   2.22e-06 (  2.91e+01,  9.70e+01)
15   -169.316   2.15e-01   1.36e-01   7.57e-02  -2.99e+00   2.70e-05 (  1.15e+02,  1.36e+02)
20    -17.542   1.87e-01   1.54e-01   1.30e-01  -3.70e+00   2.51e-04 (  1.13e+02,  1.66e+02)
25     -1.158   2.05e-01   1.71e-01   9.33e-02  -2.11e+00   1.81e-03 (  1.35e+02,  1.89e+02)
30     -0.033   2.38e-01   1.78e-01   4.09e-02  -2.20e-01   1.03e-02 (  1.52e+02,  2.05e+02)
35     -0.001   2.72e-01   2.12e-01   7.30e-02  -6.18e-03   4.61e-02 (  1.61e+02,  2.11e+02)
40      0.016   3.13e-01   2.57e-01   1.81e-01   1.16e-01   1.64e-01 (  1.66e+02,  2.10e+02)
45      0.053   3.29e-01   3.02e-01   2.31e-01   3.98e-01   4.68e-01 (  1.60e+02,  2.03e+02)
50      0.138   4.05e-01   4.53e-01   2.40e-01   1.29e+00   1.08e+00 (  1.70e+02,  1.92e+02)
55      0.137   4.11e-01   5.08e-01   2.73e-01   2.00e+00   2.03e+00 (  1.51e+02,  1.77e+02)
60      0.164   4.48e-01   6.06e-01   3.21e-01   3.06e+00   3.16e+00 (  1.37e+02,  1.61e+02)
65      0.191   4.87e-01   6.53e-01   3.90e-01   3.93e+00   4.20e+00 (  1.21e+02,  1.46e+02)
70      0.243   5.89e-01   8.16e-01   5.25e-01   4.93e+00   4.89e+00 (  1.18e+02,  1.32e+02)
75      0.262   6.31e-01   8.94e-01   5.94e-01   5.21e+00   5.17e+00 (  1.07e+02,  1.19e+02)
80      0.267   6.43e-01   9.55e-01   6.53e-01   5.23e+00   5.14e+00 (  9.68e+01,  1.07e+02)
85      0.250   5.94e-01   9.47e-01   6.82e-01   4.72e+00   4.96e+00 (  8.42e+01,  9.55e+01)
90      0.697   1.62e+00   2.40e+00   1.61e+00   2.26e+01   4.73e+00 (  4.99e+02,  8.47e+01)
95      0.621   1.08e+00   1.54e+00   1.13e+00   5.12e+01   4.54e+00 (  8.16e+02,  7.42e+01)
30 n: 1.088e-04 e: 1.217e-05 i: 1.290e-05 :: e: 1.134e-02 i: 1.514e-02 :: n: 2.678e+01 e:22.769 i:28.450 v:4.993e+03
>>> tau_he = 5.000000, nhe(0)=3.180434e+00
 5   -459.559   8.46e-03   5.74e-01   2.84e-03  -1.18e-01   1.24e-07 (  3.63e+00,  4.89e+01)
10  -1860.182   4.64e-02   6.74e-02  -6.83e-03  -2.15e+00   2.22e-06 (  2.89e+01,  9.70e+01)
15   -167.320   2.15e-01   1.35e-01   7.47e-02  -2.96e+00   2.70e-05 (  1.14e+02,  1.36e+02)
20    -17.423   1.87e-01   1.54e-01   1.28e-01  -3.68e+00   2.51e-04 (  1.13e+02,  1.66e+02)
25     -1.145   2.05e-01   1.70e-01   9.20e-02  -2.09e+00   1.81e-03 (  1.34e+02,  1.89e+02)
30     -0.017   2.36e-01   1.77e-01   3.58e-02  -1.21e-01   1.03e-02 (  1.50e+02,  2.05e+02)
35      0.010   2.70e-01   2.10e-01   6.73e-02   7.45e-02   4.61e-02 (  1.59e+02,  2.11e+02)
40      0.019   3.13e-01   2.59e-01   1.70e-01   1.35e-01   1.64e-01 (  1.65e+02,  2.10e+02)
45      0.054   3.29e-01   3.02e-01   2.31e-01   4.00e-01   4.68e-01 (  1.59e+02,  2.03e+02)
50      0.085   3.45e-01   3.34e-01   1.94e-01   7.77e-01   1.08e+00 (  1.44e+02,  1.92e+02)
55      0.097   3.51e-01   4.04e-01   2.21e-01   1.41e+00   2.03e+00 (  1.28e+02,  1.77e+02)
60      0.164   4.47e-01   6.05e-01   3.20e-01   3.06e+00   3.16e+00 (  1.36e+02,  1.61e+02)
65      0.217   5.36e-01   7.43e-01   4.41e-01   4.46e+00   4.20e+00 (  1.34e+02,  1.46e+02)
70      0.243   5.89e-01   8.17e-01   5.25e-01   4.94e+00   4.89e+00 (  1.18e+02,  1.32e+02)
75      0.262   6.30e-01   8.94e-01   5.95e-01   5.21e+00   5.17e+00 (  1.07e+02,  1.19e+02)
80      0.267   6.43e-01   9.56e-01   6.53e-01   5.23e+00   5.14e+00 (  9.68e+01,  1.07e+02)
85      0.250   5.94e-01   9.48e-01   6.83e-01   4.72e+00   4.96e+00 (  8.42e+01,  9.55e+01)
90      0.698   1.62e+00   2.40e+00   1.61e+00   2.26e+01   4.73e+00 (  4.99e+02,  8.47e+01)
95      0.621   1.08e+00   1.54e+00   1.13e+00   5.12e+01   4.54e+00 (  8.16e+02,  7.42e+01)
31 n: 4.904e-04 e: 1.722e-05 i: 3.098e-05 :: e: 1.674e-02 i: 2.416e-02 :: n: 2.672e+01 e:22.808 i:28.417 v:4.993e+03
>>> tau_he = 5.000000, nhe(0)=3.167529e+00
 5   -460.282   8.43e-03   5.74e-01   2.84e-03  -1.18e-01   1.24e-07 (  3.61e+00,  4.89e+01)
10  -1736.777   4.95e-02   5.95e-02  -4.95e-03  -2.01e+00   2.22e-06 (  3.08e+01,  9.70e+01)
15   -166.971   2.15e-01   1.36e-01   7.67e-02  -2.95e+00   2.70e-05 (  1.14e+02,  1.36e+02)
20    -17.511   1.87e-01   1.55e-01   1.31e-01  -3.69e+00   2.51e-04 (  1.13e+02,  1.66e+02)
25     -1.158   2.05e-01   1.71e-01   9.50e-02  -2.11e+00   1.81e-03 (  1.34e+02,  1.89e+02)
30     -0.037   2.38e-01   1.79e-01   4.29e-02  -2.38e-01   1.03e-02 (  1.52e+02,  2.05e+02)
35     -0.013   2.76e-01   2.13e-01   7.92e-02  -9.22e-02   4.61e-02 (  1.63e+02,  2.11e+02)
40      0.015   3.14e-01   2.59e-01   1.72e-01   1.08e-01   1.64e-01 (  1.67e+02,  2.10e+02)
45      0.053   3.29e-01   3.02e-01   2.31e-01   4.01e-01   4.68e-01 (  1.59e+02,  2.03e+02)
50      0.140   4.05e-01   4.55e-01   2.40e-01   1.31e+00   1.08e+00 (  1.70e+02,  1.92e+02)
55      0.139   4.12e-01   5.15e-01   2.74e-01   2.06e+00   2.03e+00 (  1.51e+02,  1.77e+02)
60      0.164   4.48e-01   6.06e-01   3.21e-01   3.07e+00   3.16e+00 (  1.37e+02,  1.61e+02)
65      0.189   4.83e-01   6.47e-01   3.87e-01   3.88e+00   4.20e+00 (  1.20e+02,  1.46e+02)
70      0.242   5.88e-01   8.14e-01   5.24e-01   4.91e+00   4.89e+00 (  1.18e+02,  1.32e+02)
75      0.261   6.31e-01   8.94e-01   5.94e-01   5.21e+00   5.17e+00 (  1.07e+02,  1.19e+02)
80      0.267   6.42e-01   9.55e-01   6.52e-01   5.22e+00   5.14e+00 (  9.69e+01,  1.07e+02)
85      0.250   5.93e-01   9.46e-01   6.81e-01   4.71e+00   4.96e+00 (  8.42e+01,  9.55e+01)
90      0.697   1.62e+00   2.40e+00   1.61e+00   2.26e+01   4.73e+00 (  5.00e+02,  8.47e+01)
95      0.621   1.08e+00   1.54e+00   1.13e+00   5.12e+01   4.54e+00 (  8.16e+02,  7.42e+01)
32 n: 1.729e-04 e: 1.022e-05 i: 1.887e-05 :: e: 1.203e-02 i: 1.639e-02 :: n: 2.675e+01 e:22.752 i:28.473 v:4.993e+03
>>> tau_he = 5.000000, nhe(0)=3.176844e+00
 5   -460.008   8.48e-03   5.75e-01   2.85e-03  -1.18e-01   1.24e-07 (  3.63e+00,  4.89e+01)
10  -1856.093   4.63e-02   6.72e-02  -6.78e-03  -2.15e+00   2.22e-06 (  2.87e+01,  9.70e+01)
15   -165.326   2.15e-01   1.35e-01   7.54e-02  -2.93e+00   2.70e-05 (  1.13e+02,  1.36e+02)
20    -17.397   1.87e-01   1.54e-01   1.29e-01  -3.67e+00   2.51e-04 (  1.13e+02,  1.66e+02)
25     -1.145   2.05e-01   1.70e-01   9.24e-02  -2.09e+00   1.81e-03 (  1.34e+02,  1.89e+02)
30     -0.019   2.36e-01   1.77e-01   3.71e-02  -1.32e-01   1.03e-02 (  1.50e+02,  2.05e+02)
35      0.001   2.71e-01   2.11e-01   7.27e-02   4.66e-03   4.61e-02 (  1.60e+02,  2.11e+02)
40      0.018   3.14e-01   2.59e-01   1.71e-01   1.30e-01   1.64e-01 (  1.66e+02,  2.10e+02)
45      0.054   3.29e-01   3.01e-01   2.30e-01   3.99e-01   4.68e-01 (  1.58e+02,  2.03e+02)
50      0.086   3.46e-01   3.35e-01   1.94e-01   7.88e-01   1.08e+00 (  1.44e+02,  1.92e+02)
55      0.137   4.10e-01   5.07e-01   2.72e-01   2.00e+00   2.03e+00 (  1.50e+02,  1.77e+02)
60      0.164   4.47e-01   6.05e-01   3.20e-01   3.06e+00   3.16e+00 (  1.36e+02,  1.61e+02)
65      0.191   4.86e-01   6.51e-01   3.89e-01   3.92e+00   4.20e+00 (  1.21e+02,  1.46e+02)
70      0.242   5.88e-01   8.15e-01   5.24e-01   4.93e+00   4.89e+00 (  1.18e+02,  1.32e+02)
75      0.262   6.30e-01   8.94e-01   5.94e-01   5.21e+00   5.17e+00 (  1.07e+02,  1.19e+02)
80      0.267   6.43e-01   9.55e-01   6.53e-01   5.23e+00   5.14e+00 (  9.67e+01,  1.07e+02)
85      0.250   5.94e-01   9.48e-01   6.83e-01   4.72e+00   4.96e+00 (  8.41e+01,  9.55e+01)
90      0.698   1.62e+00   2.40e+00   1.61e+00   2.26e+01   4.73e+00 (  4.99e+02,  8.47e+01)
95      0.621   1.08e+00   1.54e+00   1.13e+00   5.12e+01   4.54e+00 (  8.16e+02,  7.42e+01)
33 n: 2.270e-04 e: 9.871e-06 i: 1.667e-05 :: e: 1.022e-02 i: 1.480e-02 :: n: 2.680e+01 e:22.799 i:28.435 v:4.993e+03
>>> tau_he = 5.000000, nhe(0)=3.184332e+00
 5   -460.535   8.46e-03   5.75e-01   2.84e-03  -1.19e-01   1.24e-07 (  3.64e+00,  4.89e+01)
10  -1860.190   4.63e-02   6.74e-02  -6.76e-03  -2.16e+00   2.22e-06 (  2.89e+01,  9.70e+01)
15   -165.678   2.15e-01   1.35e-01   7.58e-02  -2.94e+00   2.70e-05 (  1.14e+02,  1.36e+02)
20    -17.494   1.87e-01   1.54e-01   1.29e-01  -3.69e+00   2.51e-04 (  1.13e+02,  1.66e+02)
25     -1.151   2.05e-01   1.70e-01   9.19e-02  -2.11e+00   1.81e-03 (  1.34e+02,  1.89e+02)
30     -0.009   2.35e-01   1.76e-01   3.31e-02  -6.36e-02   1.03e-02 (  1.50e+02,  2.05e+02)
35      0.006   2.71e-01   2.11e-01   6.92e-02   4.33e-02   4.61e-02 (  1.60e+02,  2.11e+02)
40      0.016   3.15e-01   2.60e-01   1.72e-01   1.16e-01   1.64e-01 (  1.67e+02,  2.10e+02)
45      0.054   3.29e-01   3.02e-01   2.31e-01   4.05e-01   4.68e-01 (  1.60e+02,  2.03e+02)
50      0.140   4.05e-01   4.56e-01   2.40e-01   1.31e+00   1.08e+00 (  1.70e+02,  1.92e+02)
55      0.137   4.09e-01   5.07e-01   2.73e-01   1.99e+00   2.03e+00 (  1.50e+02,  1.77e+02)
60      0.164   4.47e-01   6.05e-01   3.21e-01   3.05e+00   3.16e+00 (  1.36e+02,  1.61e+02)
65      0.217   5.37e-01   7.43e-01   4.41e-01   4.45e+00   4.20e+00 (  1.34e+02,  1.46e+02)
70      0.243   5.89e-01   8.16e-01   5.25e-01   4.93e+00   4.89e+00 (  1.18e+02,  1.32e+02)
75      0.261   6.30e-01   8.93e-01   5.94e-01   5.20e+00   5.17e+00 (  1.07e+02,  1.19e+02)
80      0.267   6.42e-01   9.54e-01   6.52e-01   5.22e+00   5.14e+00 (  9.68e+01,  1.07e+02)
85      0.249   5.93e-01   9.45e-01   6.81e-01   4.70e+00   4.96e+00 (  8.41e+01,  9.55e+01)
90      0.697   1.62e+00   2.40e+00   1.61e+00   2.26e+01   4.73e+00 (  5.00e+02,  8.47e+01)
95      0.621   1.08e+00   1.54e+00   1.13e+00   5.12e+01   4.54e+00 (  8.16e+02,  7.42e+01)
34 n: 1.371e-04 e: 5.965e-06 i: 1.239e-05 :: e: 1.185e-02 i: 1.610e-02 :: n: 2.673e+01 e:22.770 i:28.447 v:4.993e+03
>>> tau_he = 5.000000, nhe(0)=3.171706e+00
 5   -459.127   8.45e-03   5.75e-01   2.85e-03  -1.18e-01   1.24e-07 (  3.62e+00,  4.89e+01)
10  -1723.960   4.92e-02   5.91e-02  -5.00e-03  -2.00e+00   2.22e-06 (  3.05e+01,  9.70e+01)
15   -164.155   2.15e-01   1.35e-01   7.66e-02  -2.91e+00   2.70e-05 (  1.13e+02,  1.36e+02)
20    -17.435   1.87e-01   1.54e-01   1.30e-01  -3.68e+00   2.51e-04 (  1.13e+02,  1.66e+02)
25     -1.150   2.05e-01   1.71e-01   9.44e-02  -2.10e+00   1.81e-03 (  1.34e+02,  1.89e+02)
30     -0.014   2.36e-01   1.77e-01   3.59e-02  -1.01e-01   1.03e-02 (  1.50e+02,  2.05e+02)
35     -0.002   2.73e-01   2.12e-01   7.35e-02  -1.21e-02   4.61e-02 (  1.61e+02,  2.11e+02)
40      0.087   3.78e-01   3.86e-01   2.37e-01   6.18e-01   1.64e-01 (  2.00e+02,  2.10e+02)
45      0.054   3.30e-01   3.03e-01   2.31e-01   3.99e-01   4.68e-01 (  1.59e+02,  2.03e+02)
50      0.087   3.47e-01   3.36e-01   2.00e-01   7.97e-01   1.08e+00 (  1.45e+02,  1.92e+02)
55      0.097   3.52e-01   4.05e-01   2.21e-01   1.40e+00   2.03e+00 (  1.28e+02,  1.77e+02)
60      0.163   4.46e-01   6.03e-01   3.20e-01   3.03e+00   3.16e+00 (  1.36e+02,  1.61e+02)
65      0.189   4.82e-01   6.47e-01   3.86e-01   3.87e+00   4.20e+00 (  1.20e+02,  1.46e+02)
70      0.242   5.87e-01   8.14e-01   5.24e-01   4.91e+00   4.89e+00 (  1.18e+02,  1.32e+02)
75      0.262   6.30e-01   8.95e-01   5.95e-01   5.21e+00   5.17e+00 (  1.07e+02,  1.19e+02)
80      0.267   6.43e-01   9.56e-01   6.53e-01   5.23e+00   5.14e+00 (  9.68e+01,  1.07e+02)
85      0.250   5.94e-01   9.48e-01   6.83e-01   4.72e+00   4.96e+00 (  8.42e+01,  9.55e+01)
90      0.698   1.62e+00   2.40e+00   1.61e+00   2.26e+01   4.73e+00 (  4.99e+02,  8.47e+01)
95      0.621   1.08e+00   1.54e+00   1.13e+00   5.12e+01   4.54e+00 (  8.16e+02,  7.42e+01)
35 n: 2.598e-04 e: 3.752e-05 i: 1.309e-04 :: e: 2.081e-02 i: 3.005e-02 :: n: 2.676e+01 e:22.762 i:28.454 v:4.993e+03
>>> tau_he = 5.000000, nhe(0)=3.177632e+00
 5   -459.410   8.47e-03   5.75e-01   2.85e-03  -1.18e-01   1.24e-07 (  3.63e+00,  4.89e+01)
10  -1854.849   4.62e-02   6.73e-02  -6.66e-03  -2.15e+00   2.22e-06 (  2.87e+01,  9.70e+01)
15   -163.494   2.16e-01   1.36e-01   7.64e-02  -2.90e+00   2.70e-05 (  1.13e+02,  1.36e+02)
20    -18.262   1.90e-01   1.67e-01   9.45e-02  -3.86e+00   2.51e-04 (  1.15e+02,  1.66e+02)
25     -1.311   2.02e-01   1.75e-01   9.07e-02  -2.40e+00   1.81e-03 (  1.32e+02,  1.89e+02)
30      0.000   2.34e-01   1.76e-01   2.92e-02   5.51e-04   1.03e-02 (  1.49e+02,  2.05e+02)
35     -0.013   2.75e-01   2.13e-01   8.04e-02  -8.99e-02   4.61e-02 (  1.62e+02,  2.11e+02)
40     -0.004   3.14e-01   2.55e-01   1.91e-01  -2.54e-02   1.64e-01 (  1.65e+02,  2.10e+02)
45      0.053   3.28e-01   3.00e-01   2.30e-01   3.98e-01   4.68e-01 (  1.59e+02,  2.03e+02)
50      0.141   4.05e-01   4.58e-01   2.40e-01   1.33e+00   1.08e+00 (  1.70e+02,  1.92e+02)
55      0.140   4.12e-01   5.15e-01   2.74e-01   2.06e+00   2.03e+00 (  1.51e+02,  1.77e+02)
60      0.164   4.48e-01   6.07e-01   3.21e-01   3.07e+00   3.16e+00 (  1.37e+02,  1.61e+02)
65      0.191   4.87e-01   6.52e-01   3.90e-01   3.93e+00   4.20e+00 (  1.21e+02,  1.46e+02)
70      0.243   5.89e-01   8.15e-01   5.25e-01   4.93e+00   4.89e+00 (  1.18e+02,  1.32e+02)
75      0.262   6.31e-01   8.94e-01   5.94e-01   5.21e+00   5.17e+00 (  1.07e+02,  1.19e+02)
80      0.267   6.43e-01   9.55e-01   6.52e-01   5.23e+00   5.14e+00 (  9.69e+01,  1.07e+02)
85      0.250   5.94e-01   9.46e-01   6.81e-01   4.71e+00   4.96e+00 (  8.42e+01,  9.55e+01)
90      0.698   1.62e+00   2.40e+00   1.61e+00   2.26e+01   4.73e+00 (  5.00e+02,  8.47e+01)
95      0.621   1.08e+00   1.54e+00   1.13e+00   5.12e+01   4.54e+00 (  8.16e+02,  7.42e+01)
36 n: 1.905e-04 e: 5.988e-06 i: 2.216e-05 :: e: 1.102e-02 i: 1.681e-02 :: n: 2.684e+01 e:22.753 i:28.423 v:4.993e+03
>>> tau_he = 5.000000, nhe(0)=3.189874e+00
 5   -458.990   8.47e-03   5.75e-01   2.84e-03  -1.18e-01   1.24e-07 (  3.64e+00,  4.89e+01)
10  -1853.240   4.63e-02   6.73e-02  -6.65e-03  -2.15e+00   2.22e-06 (  2.88e+01,  9.70e+01)
15   -163.365   2.15e-01   1.35e-01   7.55e-02  -2.90e+00   2.70e-05 (  1.13e+02,  1.36e+02)
20    -17.407   1.87e-01   1.53e-01   1.28e-01  -3.68e+00   2.51e-04 (  1.13e+02,  1.66e+02)
25     -1.143   2.05e-01   1.70e-01   8.98e-02  -2.10e+00   1.81e-03 (  1.34e+02,  1.89e+02)
30      0.028   2.34e-01   1.73e-01   2.73e-02   2.19e-01   1.03e-02 (  1.50e+02,  2.05e+02)
35      0.010   2.69e-01   2.10e-01   6.78e-02   7.60e-02   4.61e-02 (  1.58e+02,  2.11e+02)
40      0.010   3.11e-01   2.55e-01   1.84e-01   6.90e-02   1.64e-01 (  1.63e+02,  2.10e+02)
45      0.053   3.28e-01   3.00e-01   2.30e-01   3.97e-01   4.68e-01 (  1.58e+02,  2.03e+02)
50      0.087   3.46e-01   3.36e-01   2.00e-01   8.05e-01   1.08e+00 (  1.45e+02,  1.92e+02)
55      0.137   4.10e-01   5.08e-01   2.73e-01   2.00e+00   2.03e+00 (  1.50e+02,  1.77e+02)
60      0.164   4.48e-01   6.06e-01   3.21e-01   3.06e+00   3.16e+00 (  1.37e+02,  1.61e+02)
65      0.217   5.37e-01   7.43e-01   4.41e-01   4.46e+00   4.20e+00 (  1.34e+02,  1.46e+02)
70      0.243   5.89e-01   8.16e-01   5.25e-01   4.94e+00   4.89e+00 (  1.18e+02,  1.32e+02)
75      0.262   6.31e-01   8.94e-01   5.94e-01   5.21e+00   5.17e+00 (  1.07e+02,  1.19e+02)
80      0.267   6.43e-01   9.55e-01   6.53e-01   5.23e+00   5.14e+00 (  9.69e+01,  1.07e+02)
85      0.250   5.94e-01   9.47e-01   6.82e-01   4.72e+00   4.96e+00 (  8.42e+01,  9.55e+01)
90      0.698   1.62e+00   2.40e+00   1.61e+00   2.26e+01   4.73e+00 (  5.00e+02,  8.47e+01)
95      0.621   1.08e+00   1.54e+00   1.13e+00   5.12e+01   4.54e+00 (  8.16e+02,  7.42e+01)
37 n: 2.066e-04 e: 6.585e-06 i: 1.499e-05 :: e: 1.320e-02 i: 1.853e-02 :: n: 2.672e+01 e:22.763 i:28.401 v:4.993e+03
>>> tau_he = 5.000000, nhe(0)=3.166017e+00
 5   -456.084   8.42e-03   5.73e-01   2.84e-03  -1.18e-01   1.24e-07 (  3.60e+00,  4.89e+01)
10  -1718.623   4.90e-02   5.90e-02  -4.95e-03  -2.00e+00   2.22e-06 (  3.04e+01,  9.70e+01)
15   -162.097   2.15e-01   1.35e-01   7.79e-02  -2.88e+00   2.70e-05 (  1.12e+02,  1.36e+02)
20    -17.363   1.87e-01   1.54e-01   1.31e-01  -3.67e+00   2.51e-04 (  1.13e+02,  1.66e+02)
25     -1.151   2.05e-01   1.71e-01   9.53e-02  -2.10e+00   1.81e-03 (  1.34e+02,  1.89e+02)
30     -0.069   2.41e-01   1.81e-01   4.46e-02  -4.34e-01   1.03e-02 (  1.54e+02,  2.05e+02)
35     -0.002   2.72e-01   2.12e-01   7.40e-02  -1.45e-02   4.61e-02 (  1.60e+02,  2.11e+02)
40      0.013   3.12e-01   2.55e-01   1.81e-01   9.32e-02   1.64e-01 (  1.64e+02,  2.10e+02)
45      0.054   3.29e-01   3.01e-01   2.30e-01   4.07e-01   4.68e-01 (  1.59e+02,  2.03e+02)
50      0.141   4.05e-01   4.59e-01   2.41e-01   1.33e+00   1.08e+00 (  1.70e+02,  1.92e+02)
55      0.137   4.10e-01   5.07e-01   2.73e-01   1.99e+00   2.03e+00 (  1.50e+02,  1.77e+02)
60      0.163   4.47e-01   6.04e-01   3.20e-01   3.03e+00   3.16e+00 (  1.36e+02,  1.61e+02)
65      0.189   4.83e-01   6.47e-01   3.87e-01   3.87e+00   4.20e+00 (  1.20e+02,  1.46e+02)
70      0.242   5.88e-01   8.15e-01   5.25e-01   4.91e+00   4.89e+00 (  1.18e+02,  1.32e+02)
75      0.262   6.31e-01   8.95e-01   5.95e-01   5.20e+00   5.17e+00 (  1.07e+02,  1.19e+02)
80      0.267   6.43e-01   9.55e-01   6.53e-01   5.22e+00   5.14e+00 (  9.70e+01,  1.07e+02)
85      0.250   5.94e-01   9.47e-01   6.83e-01   4.71e+00   4.96e+00 (  8.43e+01,  9.55e+01)
90      0.697   1.62e+00   2.40e+00   1.61e+00   2.26e+01   4.73e+00 (  5.00e+02,  8.47e+01)
95      0.621   1.08e+00   1.54e+00   1.13e+00   5.12e+01   4.54e+00 (  8.16e+02,  7.42e+01)
38 n: 1.600e-04 e: 1.041e-05 i: 2.438e-05 :: e: 1.080e-02 i: 1.496e-02 :: n: 2.675e+01 e:22.714 i:28.455 v:4.993e+03
>>> tau_he = 5.000000, nhe(0)=3.176016e+00
 5   -456.435   8.47e-03   5.74e-01   2.85e-03  -1.18e-01   1.24e-07 (  3.62e+00,  4.89e+01)
10  -1841.745   4.60e-02   6.69e-02  -6.70e-03  -2.14e+00   2.22e-06 (  2.85e+01,  9.70e+01)
15   -161.026   2.15e-01   1.35e-01   7.65e-02  -2.86e+00   2.70e-05 (  1.12e+02,  1.36e+02)
20    -18.056   1.89e-01   1.57e-01   1.29e-01  -3.82e+00   2.51e-04 (  1.14e+02,  1.66e+02)
25     -1.138   2.05e-01   1.70e-01   9.19e-02  -2.08e+00   1.81e-03 (  1.34e+02,  1.89e+02)
30     -0.027   2.36e-01   1.78e-01   3.93e-02  -1.80e-01   1.03e-02 (  1.50e+02,  2.05e+02)
35      0.010   2.69e-01   2.10e-01   6.76e-02   8.17e-02   4.61e-02 (  1.58e+02,  2.11e+02)
40      0.017   3.11e-01   2.56e-01   1.81e-01   1.24e-01   1.64e-01 (  1.63e+02,  2.10e+02)
45      0.054   3.28e-01   3.02e-01   2.30e-01   4.03e-01   4.68e-01 (  1.58e+02,  2.03e+02)
50      0.088   3.46e-01   3.37e-01   2.00e-01   8.06e-01   1.08e+00 (  1.45e+02,  1.92e+02)
55      0.097   3.51e-01   4.04e-01   2.21e-01   1.40e+00   2.03e+00 (  1.28e+02,  1.77e+02)
60      0.163   4.46e-01   6.03e-01   3.20e-01   3.03e+00   3.16e+00 (  1.36e+02,  1.61e+02)
65      0.191   4.86e-01   6.51e-01   3.89e-01   3.92e+00   4.20e+00 (  1.21e+02,  1.46e+02)
70      0.242   5.88e-01   8.15e-01   5.25e-01   4.92e+00   4.89e+00 (  1.18e+02,  1.32e+02)
75      0.261   6.30e-01   8.94e-01   5.94e-01   5.20e+00   5.17e+00 (  1.07e+02,  1.19e+02)
80      0.267   6.42e-01   9.55e-01   6.53e-01   5.22e+00   5.14e+00 (  9.68e+01,  1.07e+02)
85      0.250   5.94e-01   9.48e-01   6.83e-01   4.72e+00   4.96e+00 (  8.42e+01,  9.55e+01)
90      0.698   1.62e+00   2.40e+00   1.61e+00   2.26e+01   4.73e+00 (  4.99e+02,  8.47e+01)
95      0.621   1.08e+00   1.54e+00   1.13e+00   5.12e+01   4.54e+00 (  8.16e+02,  7.42e+01)
39 n: 1.993e-04 e: 9.428e-06 i: 1.789e-05 :: e: 1.355e-02 i: 1.871e-02 :: n: 2.672e+01 e:22.758 i:28.423 v:4.993e+03
>>> tau_he = 5.000000, nhe(0)=3.166742e+00
 5   -458.053   8.44e-03   5.74e-01   2.85e-03  -1.18e-01   1.24e-07 (  3.62e+00,  4.89e+01)
10  -1851.418   4.60e-02   6.70e-02  -6.83e-03  -2.15e+00   2.22e-06 (  2.85e+01,  9.70e+01)
15   -161.539   2.15e-01   1.36e-01   7.80e-02  -2.86e+00   2.70e-05 (  1.12e+02,  1.36e+02)
20    -17.372   1.87e-01   1.55e-01   1.31e-01  -3.67e+00   2.51e-04 (  1.13e+02,  1.66e+02)
25     -1.151   2.05e-01   1.71e-01   9.47e-02  -2.10e+00   1.81e-03 (  1.34e+02,  1.89e+02)
30     -0.072   2.41e-01   1.81e-01   4.67e-02  -4.50e-01   1.03e-02 (  1.54e+02,  2.05e+02)
35     -0.013   2.75e-01   2.12e-01   7.95e-02  -8.99e-02   4.61e-02 (  1.62e+02,  2.11e+02)
40      0.015   3.12e-01   2.56e-01   1.81e-01   1.06e-01   1.64e-01 (  1.65e+02,  2.10e+02)
45      0.054   3.28e-01   3.01e-01   2.30e-01   4.02e-01   4.68e-01 (  1.59e+02,  2.03e+02)
50      0.141   4.05e-01   4.58e-01   2.40e-01   1.33e+00   1.08e+00 (  1.70e+02,  1.92e+02)
55      0.139   4.11e-01   5.13e-01   2.73e-01   2.04e+00   2.03e+00 (  1.51e+02,  1.77e+02)
60      0.164   4.47e-01   6.06e-01   3.21e-01   3.06e+00   3.16e+00 (  1.36e+02,  1.61e+02)
65      0.216   5.36e-01   7.42e-01   4.41e-01   4.45e+00   4.20e+00 (  1.34e+02,  1.46e+02)
70      0.242   5.89e-01   8.15e-01   5.25e-01   4.93e+00   4.89e+00 (  1.18e+02,  1.32e+02)
75      0.261   6.30e-01   8.93e-01   5.93e-01   5.20e+00   5.17e+00 (  1.07e+02,  1.19e+02)
80      0.266   6.41e-01   9.53e-01   6.51e-01   5.21e+00   5.14e+00 (  9.66e+01,  1.07e+02)
85      0.249   5.93e-01   9.45e-01   6.80e-01   4.70e+00   4.96e+00 (  8.40e+01,  9.55e+01)
90      0.697   1.62e+00   2.40e+00   1.61e+00   2.26e+01   4.73e+00 (  4.99e+02,  8.47e+01)
95      0.621   1.08e+00   1.54e+00   1.13e+00   5.12e+01   4.54e+00 (  8.16e+02,  7.42e+01)
40 n: 1.428e-04 e: 8.296e-06 i: 1.630e-05 :: e: 1.316e-02 i: 1.696e-02 :: n: 2.673e+01 e:22.713 i:28.450 v:4.993e+03
>>> tau_he = 5.000000, nhe(0)=3.171039e+00
 5   -456.620   8.46e-03   5.74e-01   2.85e-03  -1.18e-01   1.24e-07 (  3.62e+00,  4.89e+01)
10  -1842.161   4.59e-02   6.67e-02  -6.85e-03  -2.14e+00   2.22e-06 (  2.84e+01,  9.70e+01)
15   -160.347   2.15e-01   1.35e-01   7.71e-02  -2.85e+00   2.70e-05 (  1.12e+02,  1.36e+02)
20    -17.271   1.87e-01   1.54e-01   1.30e-01  -3.65e+00   2.51e-04 (  1.12e+02,  1.66e+02)
25     -1.139   2.05e-01   1.71e-01   9.32e-02  -2.08e+00   1.81e-03 (  1.33e+02,  1.89e+02)
30     -0.029   2.36e-01   1.78e-01   4.14e-02  -1.93e-01   1.03e-02 (  1.50e+02,  2.05e+02)
35      0.001   2.71e-01   2.11e-01   7.32e-02   6.97e-03   4.61e-02 (  1.59e+02,  2.11e+02)
40      0.018   3.12e-01   2.57e-01   1.81e-01   1.29e-01   1.64e-01 (  1.64e+02,  2.10e+02)
45      0.054   3.28e-01   3.01e-01   2.30e-01   4.01e-01   4.68e-01 (  1.58e+02,  2.03e+02)
50      0.088   3.47e-01   3.37e-01   2.00e-01   8.08e-01   1.08e+00 (  1.45e+02,  1.92e+02)
55      0.137   4.09e-01   5.07e-01   2.73e-01   2.00e+00   2.03e+00 (  1.50e+02,  1.77e+02)
60      0.163   4.46e-01   6.04e-01   3.20e-01   3.04e+00   3.16e+00 (  1.36e+02,  1.61e+02)
65      0.189   4.82e-01   6.46e-01   3.86e-01   3.87e+00   4.20e+00 (  1.20e+02,  1.46e+02)
70      0.242   5.87e-01   8.13e-01   5.24e-01   4.91e+00   4.89e+00 (  1.17e+02,  1.32e+02)
75      0.261   6.30e-01   8.94e-01   5.94e-01   5.20e+00   5.17e+00 (  1.07e+02,  1.19e+02)
80      0.267   6.42e-01   9.55e-01   6.52e-01   5.23e+00   5.14e+00 (  9.67e+01,  1.07e+02)
85      0.250   5.94e-01   9.47e-01   6.82e-01   4.72e+00   4.96e+00 (  8.41e+01,  9.55e+01)
90      0.698   1.62e+00   2.40e+00   1.61e+00   2.26e+01   4.73e+00 (  4.99e+02,  8.47e+01)
95      0.621   1.08e+00   1.54e+00   1.13e+00   5.12e+01   4.54e+00 (  8.16e+02,  7.42e+01)
41 n: 2.141e-04 e: 6.739e-06 i: 1.371e-05 :: e: 9.929e-03 i: 1.359e-02 :: n: 2.678e+01 e:22.742 i:28.424 v:4.993e+03
>>> tau_he = 5.000000, nhe(0)=3.178569e+00
 5   -456.908   8.45e-03   5.75e-01   2.85e-03  -1.18e-01   1.24e-07 (  3.62e+00,  4.89e+01)
10  -1843.911   4.60e-02   6.68e-02  -6.86e-03  -2.14e+00   2.22e-06 (  2.85e+01,  9.70e+01)
15   -160.751   2.15e-01   1.35e-01   7.71e-02  -2.85e+00   2.70e-05 (  1.12e+02,  1.36e+02)
20    -18.135   1.89e-01   1.57e-01   1.29e-01  -3.84e+00   2.51e-04 (  1.14e+02,  1.66e+02)
25     -1.143   2.05e-01   1.70e-01   9.28e-02  -2.09e+00   1.81e-03 (  1.34e+02,  1.89e+02)
30     -0.019   2.35e-01   1.77e-01   3.77e-02  -1.29e-01   1.03e-02 (  1.50e+02,  2.05e+02)
35      0.005   2.70e-01   2.10e-01   7.00e-02   4.03e-02   4.61e-02 (  1.59e+02,  2.11e+02)
40      0.016   3.13e-01   2.57e-01   1.82e-01   1.17e-01   1.64e-01 (  1.65e+02,  2.10e+02)
45      0.054   3.29e-01   3.02e-01   2.30e-01   4.06e-01   4.68e-01 (  1.59e+02,  2.03e+02)
50      0.141   4.05e-01   4.58e-01   2.41e-01   1.33e+00   1.08e+00 (  1.70e+02,  1.92e+02)
55      0.137   4.09e-01   5.06e-01   2.73e-01   1.98e+00   2.03e+00 (  1.49e+02,  1.77e+02)
60      0.163   4.46e-01   6.03e-01   3.20e-01   3.03e+00   3.16e+00 (  1.36e+02,  1.61e+02)
65      0.191   4.86e-01   6.51e-01   3.89e-01   3.92e+00   4.20e+00 (  1.21e+02,  1.46e+02)
70      0.242   5.88e-01   8.14e-01   5.24e-01   4.92e+00   4.89e+00 (  1.18e+02,  1.32e+02)
75      0.261   6.30e-01   8.93e-01   5.93e-01   5.20e+00   5.17e+00 (  1.07e+02,  1.19e+02)
80      0.267   6.42e-01   9.53e-01   6.51e-01   5.21e+00   5.14e+00 (  9.67e+01,  1.07e+02)
85      0.249   5.93e-01   9.45e-01   6.80e-01   4.70e+00   4.96e+00 (  8.40e+01,  9.55e+01)
90      0.697   1.62e+00   2.40e+00   1.61e+00   2.26e+01   4.73e+00 (  4.99e+02,  8.47e+01)
95      0.621   1.08e+00   1.54e+00   1.13e+00   5.12e+01   4.54e+00 (  8.16e+02,  7.42e+01)
42 n: 1.312e-04 e: 5.315e-06 i: 1.444e-05 :: e: 8.757e-03 i: 1.173e-02 :: n: 2.673e+01 e:22.729 i:28.425 v:4.993e+03
>>> tau_he = 5.000000, nhe(0)=3.170188e+00
 5   -456.077   8.44e-03   5.74e-01   2.85e-03  -1.18e-01   1.24e-07 (  3.61e+00,  4.89e+01)
10  -1712.810   4.89e-02   5.87e-02  -5.04e-03  -1.99e+00   2.22e-06 (  3.03e+01,  9.70e+01)
15   -159.981   2.15e-01   1.35e-01   7.77e-02  -2.84e+00   2.70e-05 (  1.12e+02,  1.36e+02)
20    -17.306   1.87e-01   1.54e-01   1.30e-01  -3.66e+00   2.51e-04 (  1.12e+02,  1.66e+02)
25     -1.143   2.05e-01   1.71e-01   9.47e-02  -2.09e+00   1.81e-03 (  1.33e+02,  1.89e+02)
30     -0.022   2.36e-01   1.77e-01   3.93e-02  -1.50e-01   1.03e-02 (  1.50e+02,  2.05e+02)
35     -0.001   2.72e-01   2.12e-01   7.35e-02  -5.60e-03   4.61e-02 (  1.60e+02,  2.11e+02)
40      0.017   3.14e-01   2.59e-01   1.72e-01   1.23e-01   1.64e-01 (  1.66e+02,  2.10e+02)
45      0.053   3.29e-01   3.02e-01   2.31e-01   3.97e-01   4.68e-01 (  1.59e+02,  2.03e+02)
50      0.087   3.47e-01   3.37e-01   2.00e-01   8.03e-01   1.08e+00 (  1.45e+02,  1.92e+02)
55      0.097   3.51e-01   4.03e-01   2.21e-01   1.39e+00   2.03e+00 (  1.28e+02,  1.77e+02)
60      0.163   4.46e-01   6.03e-01   3.20e-01   3.03e+00   3.16e+00 (  1.36e+02,  1.61e+02)
65      0.216   5.36e-01   7.42e-01   4.40e-01   4.45e+00   4.20e+00 (  1.33e+02,  1.46e+02)
70      0.243   5.88e-01   8.15e-01   5.25e-01   4.93e+00   4.89e+00 (  1.18e+02,  1.32e+02)
75      0.261   6.30e-01   8.93e-01   5.94e-01   5.20e+00   5.17e+00 (  1.07e+02,  1.19e+02)
80      0.267   6.42e-01   9.54e-01   6.52e-01   5.22e+00   5.14e+00 (  9.66e+01,  1.07e+02)
85      0.250   5.93e-01   9.46e-01   6.81e-01   4.71e+00   4.96e+00 (  8.40e+01,  9.55e+01)
90      0.698   1.62e+00   2.40e+00   1.61e+00   2.26e+01   4.73e+00 (  4.99e+02,  8.47e+01)
95      0.621   1.08e+00   1.54e+00   1.13e+00   5.12e+01   4.54e+00 (  8.16e+02,  7.42e+01)
43 n: 4.861e-04 e: 1.320e-05 i: 3.037e-05 :: e: 1.485e-02 i: 2.091e-02 :: n: 2.681e+01 e:22.728 i:28.457 v:4.993e+03
>>> tau_he = 5.000000, nhe(0)=3.187297e+00
 5   -457.259   8.48e-03   5.76e-01   2.85e-03  -1.18e-01   1.24e-07 (  3.63e+00,  4.89e+01)
10  -1838.153   4.58e-02   6.66e-02  -6.76e-03  -2.14e+00   2.22e-06 (  2.84e+01,  9.70e+01)
15   -159.934   2.15e-01   1.35e-01   7.65e-02  -2.84e+00   2.70e-05 (  1.12e+02,  1.36e+02)
20    -18.107   1.90e-01   1.56e-01   1.28e-01  -3.83e+00   2.51e-04 (  1.14e+02,  1.66e+02)
25     -1.141   2.05e-01   1.70e-01   9.20e-02  -2.09e+00   1.81e-03 (  1.34e+02,  1.89e+02)
30     -0.008   2.34e-01   1.75e-01   3.38e-02  -5.92e-02   1.03e-02 (  1.49e+02,  2.05e+02)
35      0.008   2.70e-01   2.10e-01   6.81e-02   6.05e-02   4.61e-02 (  1.59e+02,  2.11e+02)
40      0.017   3.14e-01   2.58e-01   1.71e-01   1.21e-01   1.64e-01 (  1.66e+02,  2.10e+02)
45      0.054   3.29e-01   3.01e-01   2.30e-01   4.06e-01   4.68e-01 (  1.59e+02,  2.03e+02)
50      0.142   4.05e-01   4.59e-01   2.41e-01   1.33e+00   1.08e+00 (  1.70e+02,  1.92e+02)
55      0.139   4.11e-01   5.14e-01   2.74e-01   2.04e+00   2.03e+00 (  1.50e+02,  1.77e+02)
60      0.164   4.46e-01   6.05e-01   3.20e-01   3.05e+00   3.16e+00 (  1.36e+02,  1.61e+02)
65      0.189   4.82e-01   6.46e-01   3.86e-01   3.87e+00   4.20e+00 (  1.20e+02,  1.46e+02)
70      0.242   5.87e-01   8.13e-01   5.23e-01   4.91e+00   4.89e+00 (  1.17e+02,  1.32e+02)
75      0.261   6.30e-01   8.93e-01   5.93e-01   5.20e+00   5.17e+00 (  1.07e+02,  1.19e+02)
80      0.267   6.42e-01   9.53e-01   6.51e-01   5.22e+00   5.14e+00 (  9.67e+01,  1.07e+02)
85      0.250   5.93e-01   9.45e-01   6.80e-01   4.71e+00   4.96e+00 (  8.40e+01,  9.55e+01)
90      0.697   1.62e+00   2.40e+00   1.61e+00   2.26e+01   4.73e+00 (  4.99e+02,  8.47e+01)
95      0.621   1.08e+00   1.54e+00   1.13e+00   5.12e+01   4.54e+00 (  8.16e+02,  7.42e+01)
44 n: 1.810e-04 e: 7.387e-06 i: 1.702e-05 :: e: 9.917e-03 i: 1.360e-02 :: n: 2.672e+01 e:22.761 i:28.435 v:4.993e+03
>>> tau_he = 5.000000, nhe(0)=3.168822e+00
 5   -457.749   8.44e-03   5.75e-01   2.85e-03  -1.18e-01   1.24e-07 (  3.61e+00,  4.89e+01)
10  -1844.929   4.58e-02   6.66e-02  -6.92e-03  -2.14e+00   2.22e-06 (  2.83e+01,  9.70e+01)
15   -159.970   2.16e-01   1.35e-01   7.85e-02  -2.84e+00   2.70e-05 (  1.12e+02,  1.36e+02)
20    -17.370   1.87e-01   1.55e-01   1.31e-01  -3.67e+00   2.51e-04 (  1.13e+02,  1.66e+02)
25     -1.151   2.05e-01   1.71e-01   9.53e-02  -2.10e+00   1.81e-03 (  1.34e+02,  1.89e+02)
30     -0.022   2.36e-01   1.78e-01   3.90e-02  -1.51e-01   1.03e-02 (  1.51e+02,  2.05e+02)
35     -0.008   2.74e-01   2.13e-01   7.68e-02  -5.57e-02   4.61e-02 (  1.62e+02,  2.11e+02)
40      0.016   3.15e-01   2.61e-01   1.73e-01   1.12e-01   1.64e-01 (  1.67e+02,  2.10e+02)
45      0.053   3.30e-01   3.02e-01   2.32e-01   3.92e-01   4.68e-01 (  1.60e+02,  2.03e+02)
50      0.087   3.48e-01   3.38e-01   2.01e-01   8.05e-01   1.08e+00 (  1.46e+02,  1.92e+02)
55      0.137   4.10e-01   5.08e-01   2.73e-01   1.99e+00   2.03e+00 (  1.50e+02,  1.77e+02)
60      0.164   4.47e-01   6.05e-01   3.21e-01   3.05e+00   3.16e+00 (  1.36e+02,  1.61e+02)
65      0.191   4.86e-01   6.52e-01   3.90e-01   3.92e+00   4.20e+00 (  1.21e+02,  1.46e+02)
70      0.242   5.89e-01   8.15e-01   5.25e-01   4.92e+00   4.89e+00 (  1.18e+02,  1.32e+02)
75      0.261   6.30e-01   8.94e-01   5.94e-01   5.20e+00   5.17e+00 (  1.07e+02,  1.19e+02)
80      0.267   6.42e-01   9.54e-01   6.52e-01   5.22e+00   5.14e+00 (  9.68e+01,  1.07e+02)
85      0.250   5.93e-01   9.46e-01   6.81e-01   4.71e+00   4.96e+00 (  8.41e+01,  9.55e+01)
90      0.697   1.62e+00   2.40e+00   1.61e+00   2.26e+01   4.73e+00 (  4.99e+02,  8.47e+01)
95      0.621   1.08e+00   1.54e+00   1.13e+00   5.12e+01   4.54e+00 (  8.16e+02,  7.42e+01)
45 n: 1.869e-04 e: 8.166e-06 i: 1.579e-05 :: e: 8.798e-03 i: 1.212e-02 :: n: 2.679e+01 e:22.717 i:28.482 v:4.993e+03
>>> tau_he = 5.000000, nhe(0)=3.184774e+00
 5   -457.154   8.48e-03   5.77e-01   2.85e-03  -1.18e-01   1.24e-07 (  3.63e+00,  4.89e+01)
10  -1834.665   4.57e-02   6.63e-02  -6.91e-03  -2.13e+00   2.22e-06 (  2.83e+01,  9.70e+01)
15   -159.159   2.16e-01   1.34e-01   7.66e-02  -2.82e+00   2.70e-05 (  1.12e+02,  1.36e+02)
20    -18.083   1.90e-01   1.56e-01   1.28e-01  -3.82e+00   2.51e-04 (  1.14e+02,  1.66e+02)
25     -1.310   2.02e-01   1.74e-01   9.26e-02  -2.40e+00   1.81e-03 (  1.32e+02,  1.89e+02)
30     -0.007   2.34e-01   1.76e-01   3.35e-02  -5.05e-02   1.03e-02 (  1.49e+02,  2.05e+02)
35      0.004   2.71e-01   2.10e-01   7.04e-02   3.00e-02   4.61e-02 (  1.59e+02,  2.11e+02)
40      0.018   3.14e-01   2.59e-01   1.71e-01   1.26e-01   1.64e-01 (  1.66e+02,  2.10e+02)
45      0.055   3.29e-01   3.01e-01   2.31e-01   4.09e-01   4.68e-01 (  1.59e+02,  2.03e+02)
50      0.142   4.05e-01   4.58e-01   2.40e-01   1.33e+00   1.08e+00 (  1.70e+02,  1.92e+02)
55      0.098   3.51e-01   4.06e-01   2.21e-01   1.42e+00   2.03e+00 (  1.28e+02,  1.77e+02)
60      0.163   4.46e-01   6.03e-01   3.20e-01   3.04e+00   3.16e+00 (  1.36e+02,  1.61e+02)
65      0.216   5.36e-01   7.42e-01   4.40e-01   4.45e+00   4.20e+00 (  1.33e+02,  1.46e+02)
70      0.243   5.89e-01   8.15e-01   5.25e-01   4.93e+00   4.89e+00 (  1.18e+02,  1.32e+02)
75      0.261   6.30e-01   8.93e-01   5.94e-01   5.20e+00   5.17e+00 (  1.07e+02,  1.19e+02)
80      0.267   6.42e-01   9.54e-01   6.52e-01   5.22e+00   5.14e+00 (  9.67e+01,  1.07e+02)
85      0.250   5.93e-01   9.46e-01   6.82e-01   4.71e+00   4.96e+00 (  8.41e+01,  9.55e+01)
90      0.698   1.62e+00   2.40e+00   1.61e+00   2.26e+01   4.73e+00 (  4.99e+02,  8.47e+01)
95      0.621   1.08e+00   1.54e+00   1.13e+00   5.12e+01   4.54e+00 (  8.16e+02,  7.42e+01)
46 n: 5.955e-04 e: 2.006e-05 i: 3.385e-05 :: e: 1.451e-02 i: 1.959e-02 :: n: 2.677e+01 e:22.774 i:28.433 v:4.993e+03
>>> tau_he = 5.000000, nhe(0)=3.177898e+00
 5   -457.670   8.44e-03   5.76e-01   2.85e-03  -1.18e-01   1.24e-07 (  3.62e+00,  4.89e+01)
10  -1843.816   4.58e-02   6.66e-02  -6.92e-03  -2.14e+00   2.22e-06 (  2.84e+01,  9.70e+01)
15   -159.773   2.16e-01   1.35e-01   7.82e-02  -2.83e+00   2.70e-05 (  1.12e+02,  1.36e+02)
20    -17.385   1.87e-01   1.55e-01   1.31e-01  -3.67e+00   2.51e-04 (  1.13e+02,  1.66e+02)
25     -1.154   2.05e-01   1.71e-01   9.45e-02  -2.11e+00   1.81e-03 (  1.34e+02,  1.89e+02)
30     -0.009   2.35e-01   1.77e-01   3.38e-02  -6.26e-02   1.03e-02 (  1.50e+02,  2.05e+02)
35     -0.001   2.73e-01   2.12e-01   7.28e-02  -4.06e-03   4.61e-02 (  1.61e+02,  2.11e+02)
40      0.086   3.78e-01   3.86e-01   2.39e-01   6.11e-01   1.64e-01 (  2.01e+02,  2.10e+02)
45      0.053   3.30e-01   3.03e-01   2.32e-01   3.90e-01   4.68e-01 (  1.60e+02,  2.03e+02)
50      0.140   4.06e-01   4.55e-01   2.41e-01   1.29e+00   1.08e+00 (  1.70e+02,  1.92e+02)
55      0.139   4.13e-01   5.16e-01   2.75e-01   2.04e+00   2.03e+00 (  1.52e+02,  1.77e+02)
60      0.164   4.48e-01   6.07e-01   3.22e-01   3.06e+00   3.16e+00 (  1.37e+02,  1.61e+02)
65      0.190   4.84e-01   6.48e-01   3.87e-01   3.88e+00   4.20e+00 (  1.20e+02,  1.46e+02)
70      0.242   5.88e-01   8.15e-01   5.25e-01   4.92e+00   4.89e+00 (  1.18e+02,  1.32e+02)
75      0.262   6.31e-01   8.95e-01   5.94e-01   5.21e+00   5.17e+00 (  1.07e+02,  1.19e+02)
80      0.267   6.43e-01   9.55e-01   6.52e-01   5.23e+00   5.14e+00 (  9.71e+01,  1.07e+02)
85      0.250   5.94e-01   9.46e-01   6.81e-01   4.71e+00   4.96e+00 (  8.43e+01,  9.55e+01)
90      0.697   1.62e+00   2.40e+00   1.61e+00   2.26e+01   4.73e+00 (  5.00e+02,  8.47e+01)
95      0.621   1.08e+00   1.54e+00   1.13e+00   5.12e+01   4.54e+00 (  8.16e+02,  7.42e+01)
47 n: 1.644e-04 e: 2.517e-05 i: 6.976e-05 :: e: 1.679e-02 i: 2.299e-02 :: n: 2.674e+01 e:22.711 i:28.447 v:4.993e+03
>>> tau_he = 5.000000, nhe(0)=3.172028e+00
 5   -455.190   8.45e-03   5.74e-01   2.84e-03  -1.17e-01   1.24e-07 (  3.60e+00,  4.89e+01)
10  -1835.856   4.57e-02   6.64e-02  -6.96e-03  -2.13e+00   2.22e-06 (  2.83e+01,  9.70e+01)
15   -158.364   2.15e-01   1.35e-01   7.79e-02  -2.81e+00   2.70e-05 (  1.11e+02,  1.36e+02)
20    -18.029   1.90e-01   1.57e-01   1.30e-01  -3.81e+00   2.51e-04 (  1.14e+02,  1.66e+02)
25     -1.136   2.05e-01   1.71e-01   9.25e-02  -2.08e+00   1.81e-03 (  1.34e+02,  1.89e+02)
30      0.015   2.34e-01   1.75e-01   3.08e-02   1.12e-01   1.03e-02 (  1.49e+02,  2.05e+02)
35     -0.010   2.75e-01   2.13e-01   7.96e-02  -7.33e-02   4.61e-02 (  1.61e+02,  2.11e+02)
40     -0.002   3.15e-01   2.56e-01   1.91e-01  -1.53e-02   1.64e-01 (  1.65e+02,  2.10e+02)
45      0.052   3.29e-01   3.00e-01   2.30e-01   3.85e-01   4.68e-01 (  1.58e+02,  2.03e+02)
50      0.086   3.46e-01   3.35e-01   1.94e-01   7.82e-01   1.08e+00 (  1.45e+02,  1.92e+02)
55      0.138   4.10e-01   5.08e-01   2.73e-01   2.00e+00   2.03e+00 (  1.50e+02,  1.77e+02)
60      0.164   4.48e-01   6.06e-01   3.21e-01   3.07e+00   3.16e+00 (  1.36e+02,  1.61e+02)
65      0.192   4.87e-01   6.53e-01   3.90e-01   3.94e+00   4.20e+00 (  1.21e+02,  1.46e+02)
70      0.243   5.89e-01   8.16e-01   5.25e-01   4.94e+00   4.89e+00 (  1.18e+02,  1.32e+02)
75      0.262   6.31e-01   8.96e-01   5.95e-01   5.22e+00   5.17e+00 (  1.07e+02,  1.19e+02)
80      0.268   6.44e-01   9.57e-01   6.54e-01   5.24e+00   5.14e+00 (  9.71e+01,  1.07e+02)
85      0.251   5.95e-01   9.50e-01   6.84e-01   4.73e+00   4.96e+00 (  8.44e+01,  9.55e+01)
90      0.698   1.62e+00   2.40e+00   1.61e+00   2.26e+01   4.73e+00 (  5.00e+02,  8.47e+01)
95      0.621   1.08e+00   1.54e+00   1.13e+00   5.12e+01   4.54e+00 (  8.16e+02,  7.42e+01)
48 n: 2.242e-04 e: 6.062e-06 i: 1.406e-05 :: e: 1.055e-02 i: 1.494e-02 :: n: 2.679e+01 e:22.721 i:28.415 v:4.993e+03
>>> tau_he = 5.000000, nhe(0)=3.179865e+00
 5   -453.759   8.44e-03   5.75e-01   2.84e-03  -1.18e-01   1.24e-07 (  3.61e+00,  4.89e+01)
10  -1835.106   4.59e-02   6.65e-02  -6.94e-03  -2.14e+00   2.22e-06 (  2.85e+01,  9.70e+01)
15   -158.523   2.15e-01   1.35e-01   7.75e-02  -2.82e+00   2.70e-05 (  1.12e+02,  1.36e+02)
20    -18.010   1.89e-01   1.57e-01   1.29e-01  -3.82e+00   2.51e-04 (  1.14e+02,  1.66e+02)
25     -1.139   2.05e-01   1.70e-01   9.15e-02  -2.09e+00   1.81e-03 (  1.34e+02,  1.89e+02)
30     -0.020   2.36e-01   1.77e-01   3.57e-02  -1.36e-01   1.03e-02 (  1.51e+02,  2.05e+02)
35      0.012   2.69e-01   2.10e-01   6.67e-02   9.35e-02   4.61e-02 (  1.58e+02,  2.11e+02)
40      0.010   3.11e-01   2.55e-01   1.84e-01   6.71e-02   1.64e-01 (  1.63e+02,  2.10e+02)
45      0.054   3.28e-01   3.01e-01   2.30e-01   4.02e-01   4.68e-01 (  1.58e+02,  2.03e+02)
50      0.140   4.04e-01   4.55e-01   2.41e-01   1.30e+00   1.08e+00 (  1.69e+02,  1.92e+02)
55      0.137   4.09e-01   5.06e-01   2.73e-01   1.98e+00   2.03e+00 (  1.49e+02,  1.77e+02)
60      0.164   4.47e-01   6.05e-01   3.21e-01   3.05e+00   3.16e+00 (  1.36e+02,  1.61e+02)
65      0.217   5.37e-01   7.44e-01   4.42e-01   4.46e+00   4.20e+00 (  1.34e+02,  1.46e+02)
70      0.243   5.90e-01   8.17e-01   5.26e-01   4.93e+00   4.89e+00 (  1.18e+02,  1.32e+02)
75      0.261   6.31e-01   8.94e-01   5.94e-01   5.20e+00   5.17e+00 (  1.07e+02,  1.19e+02)
80      0.267   6.42e-01   9.55e-01   6.52e-01   5.22e+00   5.14e+00 (  9.70e+01,  1.07e+02)
85      0.250   5.93e-01   9.46e-01   6.82e-01   4.71e+00   4.96e+00 (  8.44e+01,  9.55e+01)
90      0.697   1.62e+00   2.40e+00   1.61e+00   2.26e+01   4.73e+00 (  5.00e+02,  8.47e+01)
95      0.621   1.08e+00   1.54e+00   1.13e+00   5.12e+01   4.54e+00 (  8.16e+02,  7.42e+01)
49 n: 1.469e-04 e: 7.216e-06 i: 1.669e-05 :: e: 1.140e-02 i: 1.522e-02 :: n: 2.667e+01 e:22.706 i:28.397 v:4.993e+03
 plasma volume = 149.514077
 stored energy(e,i,b,a) = 6.552681e+01 6.246961e+01 0.000000e+00 0.000000e+00
 betan = 1.446086
*power
 Pnb(e,i) = 0.000000e+00 0.000000e+00
 Prf(e,i) = 4.258792e+00 2.575092e+01
 Prad     = -5.134114e+01 
 Pei      = 3.626522e+00 
 Pfuse    = 6.541754e+01 
 Pfusi    = 2.112797e+01 
 Poh      = 0.000000e+00 
*confinement time
 taut, tauITER98y2, H98y2 : 1.962711e+00 1.814517e+00 1.081672e+00
 taue, taui : 2.983684e+00 3.569397e+00
 taut, tau89, H89 : 1.962711e+00 8.617098e-01 2.277694e+00
*temperature
 nea, nebar : 2.016872e+01 2.280247e+01 
 tea, tia : 8.018752e+00 8.267170e+00 (9.699513e-01)
 te0, ti0 : 2.046701e+01 2.505819e+01 (8.167793e-01)
 Sn : 9.997391e+02 
*current balance
 Ip,Ibs,Inb,Irf: 1.000000e+01 2.134273e+00 0.000000e+00 1.021717e-01
 fni,fbs: 0.224 0.213

 plasma volume = 149.514077
 stored energy(e,i,b,a) = 6.552681e+01 6.246961e+01 0.000000e+00 0.000000e+00
 betan = 1.446086
*power
 Pnb(e,i) = 0.000000e+00 0.000000e+00
 Prf(e,i) = 4.258792e+00 2.575092e+01
 Prad     = -5.134114e+01 
 Pei      = 3.626522e+00 
 Pfuse    = 6.541754e+01 
 Pfusi    = 2.112797e+01 
 Poh      = 0.000000e+00 
*confinement time
 taut, tauITER98y2, H98y2 : 1.962711e+00 1.814517e+00 1.081672e+00
 taue, taui : 2.983684e+00 3.569397e+00
 taut, tau89, H89 : 1.962711e+00 8.617098e-01 2.277694e+00
*temperature
 nea, nebar : 2.016872e+01 2.280247e+01 
 tea, tia : 8.018752e+00 8.267170e+00 (9.699513e-01)
 te0, ti0 : 2.046701e+01 2.505819e+01 (8.167793e-01)
 Sn : 9.997391e+02 
*current balance
 Ip,Ibs,Inb,Irf: 1.000000e+01 2.134273e+00 0.000000e+00 1.021717e-01
 fni,fbs: 0.224 0.213
 ELAPASED TIME = 45 sec

finalize
