NCAPTC: : NetCDF: Variable not found
Warning: ieee_overflow is signaling
Warning: ieee_underflow is signaling
Warning: ieee_inexact is signaling
FORTRAN STOP
 solver
 /global/common/software/atom/perlmutter/data/greentable/
 /global/common/software/atom/perlmutter/data/greentable/

          EFITD Version  07/09/2014


 type mode (2=file, 3=snap, 4=time, 5=input, 6=com file, 7=snap_ext):

 number of time slices?

 type input file names:
 #
 table_dir = </global/common/software/atom/perlmutter/data/greentable/>

  ----- time =     4 ms ----- ( 0)
 it=  1 chi2=0.00E+00 zm= 7.53E-03 err=5.202E+00 dz= 7.535E-03 chigam= 0.00E+00
 it=  2 chi2=0.00E+00 zm= 1.09E-02 err=9.144E-01 dz= 3.321E-03 chigam= 0.00E+00
 it=  3 chi2=0.00E+00 zm= 1.33E-02 err=5.259E-01 dz= 2.493E-03 chigam= 0.00E+00
 it=  4 chi2=0.00E+00 zm= 1.52E-02 err=3.059E-01 dz= 1.882E-03 chigam= 0.00E+00
 it=  5 chi2=0.00E+00 zm= 1.67E-02 err=1.813E-01 dz= 1.431E-03 chigam= 0.00E+00
 it=  6 chi2=0.00E+00 zm= 1.77E-02 err=1.073E-01 dz= 1.080E-03 chigam= 0.00E+00
 it=  7 chi2=0.00E+00 zm= 1.85E-02 err=6.453E-02 dz= 8.036E-04 chigam= 0.00E+00
 it=  8 chi2=0.00E+00 zm= 1.91E-02 err=3.873E-02 dz= 5.949E-04 chigam= 0.00E+00
 it=  9 chi2=0.00E+00 zm= 1.96E-02 err=2.705E-02 dz= 4.375E-04 chigam= 0.00E+00
 it= 10 chi2=0.00E+00 zm= 1.99E-02 err=1.489E-02 dz= 3.133E-04 chigam= 0.00E+00
 it= 11 chi2=0.00E+00 zm= 2.01E-02 err=9.253E-03 dz= 2.258E-04 chigam= 0.00E+00
 it= 12 chi2=0.00E+00 zm= 2.03E-02 err=4.788E-03 dz= 1.609E-04 chigam= 0.00E+00
 it= 13 chi2=0.00E+00 zm= 2.04E-02 err=3.065E-03 dz= 1.155E-04 chigam= 0.00E+00
 it= 14 chi2=0.00E+00 zm= 2.05E-02 err=1.984E-03 dz= 8.285E-05 chigam= 0.00E+00
 it= 15 chi2=0.00E+00 zm= 2.05E-02 err=1.395E-03 dz= 5.941E-05 chigam= 0.00E+00
 it= 16 chi2=0.00E+00 zm= 2.06E-02 err=9.785E-04 dz= 4.260E-05 chigam= 0.00E+00
 it= 17 chi2=0.00E+00 zm= 2.06E-02 err=6.855E-04 dz= 3.055E-05 chigam= 0.00E+00
 it= 18 chi2=0.00E+00 zm= 2.06E-02 err=4.798E-04 dz= 2.191E-05 chigam= 0.00E+00
 it= 19 chi2=0.00E+00 zm= 2.06E-02 err=3.355E-04 dz= 1.572E-05 chigam= 0.00E+00
 it= 20 chi2=0.00E+00 zm= 2.07E-02 err=2.346E-04 dz= 1.129E-05 chigam= 0.00E+00
 it= 21 chi2=0.00E+00 zm= 2.07E-02 err=1.641E-04 dz= 8.109E-06 chigam= 0.00E+00
 it= 22 chi2=0.00E+00 zm= 2.07E-02 err=1.149E-04 dz= 5.827E-06 chigam= 0.00E+00
 it= 23 chi2=0.00E+00 zm= 2.07E-02 err=8.047E-05 dz= 4.192E-06 chigam= 0.00E+00

      ******************** EFITD129 x 129  output ********************

       data used:   
  0 flux loops
  0 magnetic probes(i)
  0 full rogowski
  0 diamagnetic loop


 shot #   =          1 time(ms) =          4 chi**2   =  0.000E+00
 betat(%) =      1.372 betap    =      0.699 li       =      0.856
 vol(cm3) =  0.783E+07 rout(cm) =    172.239 zout(cm) =      0.708
 elong    =      1.354 utriang  =     -0.370 ltriang  =     -0.338
 a(cm)    =     41.470 lin(cm)  = ********** lout(cm) =     10.466
 ltop(cm) = ********** q*       =      2.363 rc(cm)   =    177.408
 zc(cm)   =      1.815 bt0(t)   =      2.000 qout     =      2.236
