NCAPTC: : NetCDF: Variable not found
Warning: ieee_overflow is signaling
Warning: ieee_underflow is signaling
Warning: ieee_inexact is signaling
FORTRAN STOP
 solver
 /global/common/software/atom/perlmutter/data/greentable/
 /global/common/software/atom/perlmutter/data/greentable/

          EFITD Version  07/09/2014


 type mode (2=file, 3=snap, 4=time, 5=input, 6=com file, 7=snap_ext):

 number of time slices?

 type input file names:
 #
 table_dir = </global/common/software/atom/perlmutter/data/greentable/>

  ----- time =     2 ms ----- ( 0)
 it=  1 chi2=0.00E+00 zm= 7.53E-03 err=5.202E+00 dz= 7.535E-03 chigam= 0.00E+00
 it=  2 chi2=0.00E+00 zm= 1.08E-02 err=8.568E-01 dz= 3.287E-03 chigam= 0.00E+00
 it=  3 chi2=0.00E+00 zm= 1.33E-02 err=4.900E-01 dz= 2.480E-03 chigam= 0.00E+00
 it=  4 chi2=0.00E+00 zm= 1.52E-02 err=2.893E-01 dz= 1.873E-03 chigam= 0.00E+00
 it=  5 chi2=0.00E+00 zm= 1.66E-02 err=1.739E-01 dz= 1.422E-03 chigam= 0.00E+00
 it=  6 chi2=0.00E+00 zm= 1.77E-02 err=1.079E-01 dz= 1.091E-03 chigam= 0.00E+00
 it=  7 chi2=0.00E+00 zm= 1.85E-02 err=7.108E-02 dz= 8.370E-04 chigam= 0.00E+00
 it=  8 chi2=0.00E+00 zm= 1.92E-02 err=4.190E-02 dz= 6.269E-04 chigam= 0.00E+00
 it=  9 chi2=0.00E+00 zm= 1.96E-02 err=2.269E-02 dz= 4.642E-04 chigam= 0.00E+00
 it= 10 chi2=0.00E+00 zm= 2.00E-02 err=1.193E-02 dz= 3.411E-04 chigam= 0.00E+00
 it= 11 chi2=0.00E+00 zm= 2.02E-02 err=8.354E-03 dz= 2.520E-04 chigam= 0.00E+00
 it= 12 chi2=0.00E+00 zm= 2.04E-02 err=9.341E-03 dz= 1.933E-04 chigam= 0.00E+00
 it= 13 chi2=0.00E+00 zm= 2.05E-02 err=6.542E-03 dz= 1.465E-04 chigam= 0.00E+00
 it= 14 chi2=0.00E+00 zm= 2.07E-02 err=2.772E-03 dz= 1.095E-04 chigam= 0.00E+00
 it= 15 chi2=0.00E+00 zm= 2.07E-02 err=1.959E-03 dz= 8.116E-05 chigam= 0.00E+00
 it= 16 chi2=0.00E+00 zm= 2.08E-02 err=1.384E-03 dz= 5.994E-05 chigam= 0.00E+00
 it= 17 chi2=0.00E+00 zm= 2.08E-02 err=9.785E-04 dz= 4.416E-05 chigam= 0.00E+00
 it= 18 chi2=0.00E+00 zm= 2.09E-02 err=6.924E-04 dz= 3.247E-05 chigam= 0.00E+00
 it= 19 chi2=0.00E+00 zm= 2.09E-02 err=4.906E-04 dz= 2.384E-05 chigam= 0.00E+00
 it= 20 chi2=0.00E+00 zm= 2.09E-02 err=3.482E-04 dz= 1.748E-05 chigam= 0.00E+00
 it= 21 chi2=0.00E+00 zm= 2.09E-02 err=2.475E-04 dz= 1.281E-05 chigam= 0.00E+00
 it= 22 chi2=0.00E+00 zm= 2.09E-02 err=1.761E-04 dz= 9.375E-06 chigam= 0.00E+00
 it= 23 chi2=0.00E+00 zm= 2.09E-02 err=1.256E-04 dz= 6.860E-06 chigam= 0.00E+00
 it= 24 chi2=0.00E+00 zm= 2.10E-02 err=8.968E-05 dz= 5.018E-06 chigam= 0.00E+00

      ******************** EFITD129 x 129  output ********************

       data used:   
  0 flux loops
  0 magnetic probes(i)
  0 full rogowski
  0 diamagnetic loop


 shot #   =          1 time(ms) =          2 chi**2   =  0.000E+00
 betat(%) =      1.109 betap    =      0.559 li       =      0.859
 vol(cm3) =  0.776E+07 rout(cm) =    172.179 zout(cm) =      0.815
 elong    =      1.345 utriang  =     -0.372 ltriang  =     -0.308
 a(cm)    =     41.409 lin(cm)  = ********** lout(cm) =     10.588
 ltop(cm) = ********** q*       =      2.312 rc(cm)   =    176.630
 zc(cm)   =      1.844 bt0(t)   =      2.000 qout     =      2.207
