========================================================================
= FASTRAN

nonlinear model = 0
ichi = 1
ineo = 0
reading state...
read formatted input, inprof...
init geometry...
read formatted input, inmetric...
nrho in inmetric = 101
rhob in inmetric = 1.266558e+00
solve avg grad-shafranv...
solve_avg_gs::Ip_temp = 1.000189e+01 
solve_avg_gs::Ip      = 1.000000e+01 
>>> tau_he = 5.000000, nhe(0)=3.645154e+00

 plasma volume = 149.739286
 stored energy(e,i,b,a) = 6.806342e+01 6.625391e+01 0.000000e+00 0.000000e+00
 betan = 1.515880
*power
 Pnb(e,i) = 0.000000e+00 0.000000e+00
 Prf(e,i) = 7.988037e+00 3.200979e+01
 Prad     = -8.314441e+01 
 Pei      = 1.207805e+01 
 Pfuse    = 7.427838e+01 
 Pfusi    = 2.427259e+01 
 Poh      = 0.000000e+00 
*confinement time
 taut, tauITER98y2, H98y2 : 2.424308e+00 2.057784e+00 1.178116e+00
 taue, taui : 6.077058e+00 5.433080e+00
 taut, tau89, H89 : 2.424308e+00 9.382051e-01 2.583986e+00
*temperature
 nea, nebar : 2.050748e+01 2.350938e+01 
 tea, tia : 8.115984e+00 8.595448e+00 (9.442188e-01)
 te0, ti0 : 2.096666e+01 2.672097e+01 (7.846518e-01)
 Sn : 0.000000e+00 
*current balance
 Ip,Ibs,Inb,Irf: 1.000000e+01 2.416668e+00 0.000000e+00 1.693418e-01
 fni,fbs: 0.259 0.242

Time advancing...
rho_bdry 0.900000 ...
te_bdry = 5.000307
ti_bdry = 5.000307
ne_bdry = 16.078026
rv_bdry = 279.463030
nrho_tr_bdry = 18
drho_bdry = 0.000000e+00
nrhob = 90
 [    0] t = 0.0000 
>>> tau_he = 5.000000, nhe(0)=3.676740e+00
 5     -0.002   9.69e-03   2.44e-01   1.63e-03  -8.02e-03   0.00e+00 (  1.58e+00,  4.76e+01)
10     -0.001   2.33e-02   7.20e-02  -2.98e-03  -4.21e-03   0.00e+00 (  7.34e+00,  9.64e+01)
15      0.009   5.39e-02  -6.14e-02  -1.62e-02   6.99e-02   0.00e+00 (  2.42e+01,  1.44e+02)
20      0.032   1.18e-01  -2.41e-02   7.19e-03   2.76e-01   0.00e+00 (  6.61e+01,  1.83e+02)
25      0.063   1.84e-01   1.09e-01   6.45e-03   6.18e-01   0.00e+00 (  1.17e+02,  2.08e+02)
30      0.076   2.32e-01   1.66e-01  -1.50e-02   8.27e-01   0.00e+00 (  1.58e+02,  2.23e+02)
35      0.121   3.12e-01   2.69e-01   1.02e-01   1.42e+00   0.00e+00 (  1.84e+02,  2.27e+02)
40      0.110   3.20e-01   3.04e-01   9.47e-02   1.38e+00   0.00e+00 (  1.75e+02,  2.23e+02)
45      0.121   3.44e-01   3.50e-01   1.13e-01   1.62e+00   0.00e+00 (  1.70e+02,  2.13e+02)
50      0.136   3.80e-01   4.20e-01   2.05e-01   1.90e+00   0.00e+00 (  1.62e+02,  1.99e+02)
55      0.153   4.18e-01   5.11e-01   2.76e-01   2.24e+00   0.00e+00 (  1.53e+02,  1.82e+02)
60      0.146   4.16e-01   5.26e-01   3.25e-01   2.20e+00   0.00e+00 (  1.36e+02,  1.64e+02)
65      0.157   4.35e-01   5.94e-01   4.05e-01   2.44e+00   0.00e+00 (  1.22e+02,  1.46e+02)
70      0.191   4.84e-01   7.32e-01   5.35e-01   3.03e+00   0.00e+00 (  1.12e+02,  1.29e+02)
75      0.200   4.90e-01   7.79e-01   6.17e-01   3.26e+00   0.00e+00 (  9.72e+01,  1.13e+02)
80      0.214   4.83e-01   8.15e-01   6.52e-01   3.68e+00   0.00e+00 (  7.84e+01,  9.74e+01)
85      0.295   7.16e-01   9.83e-01   6.64e-01   6.40e+00   0.00e+00 (  8.47e+01,  8.29e+01)
90      3.158   7.78e+00   8.95e+00   5.54e+00   1.39e+02   0.00e+00 (  2.33e+03,  6.86e+01)
95      0.781   1.33e+00   1.90e+00   1.40e+00   6.47e+01   0.00e+00 (  1.01e+03,  5.44e+01)
 0 e: 3.470e-07 i: 4.082e-06 :: e: 0.000e+00 i: 0.000e+00 :: n: 3.012e+01 e:20.992 i:26.617 v:4.993e+03
>>> tau_he = 5.000000, nhe(0)=3.668826e+00
 5     -0.001   9.82e-03   2.76e-01   1.75e-03  -6.53e-03   0.00e+00 (  1.60e+00,  4.76e+01)
10      0.001   6.56e-03  -4.05e-03   3.88e-04   8.34e-03   0.00e+00 (  2.08e+00,  9.64e+01)
15      0.008   5.37e-02  -6.12e-02  -1.62e-02   5.88e-02   0.00e+00 (  2.44e+01,  1.44e+02)
20      0.035   1.25e-01  -1.78e-02   1.17e-02   3.03e-01   0.00e+00 (  7.07e+01,  1.83e+02)
25      0.063   1.84e-01   1.11e-01   6.22e-03   6.22e-01   0.00e+00 (  1.18e+02,  2.08e+02)
30      0.074   2.29e-01   1.63e-01  -1.35e-03   7.97e-01   0.00e+00 (  1.53e+02,  2.23e+02)
35      0.121   3.12e-01   2.70e-01   1.02e-01   1.43e+00   0.00e+00 (  1.84e+02,  2.27e+02)
40      0.110   3.20e-01   3.04e-01   9.46e-02   1.38e+00   0.00e+00 (  1.75e+02,  2.23e+02)
45      0.121   3.44e-01   3.50e-01   1.13e-01   1.62e+00   0.00e+00 (  1.70e+02,  2.13e+02)
50      0.136   3.80e-01   4.20e-01   2.05e-01   1.90e+00   0.00e+00 (  1.62e+02,  1.99e+02)
55      0.154   4.18e-01   5.12e-01   2.76e-01   2.24e+00   0.00e+00 (  1.54e+02,  1.82e+02)
60      0.146   4.16e-01   5.26e-01   3.25e-01   2.20e+00   0.00e+00 (  1.36e+02,  1.64e+02)
65      0.157   4.35e-01   5.93e-01   4.05e-01   2.44e+00   0.00e+00 (  1.22e+02,  1.46e+02)
70      0.191   4.84e-01   7.33e-01   5.36e-01   3.03e+00   0.00e+00 (  1.12e+02,  1.29e+02)
75      0.200   4.90e-01   7.79e-01   6.18e-01   3.26e+00   0.00e+00 (  9.73e+01,  1.13e+02)
80      0.214   4.82e-01   8.14e-01   6.51e-01   3.68e+00   0.00e+00 (  7.81e+01,  9.74e+01)
85      0.295   7.15e-01   9.85e-01   6.66e-01   6.40e+00   0.00e+00 (  8.52e+01,  8.29e+01)
90      2.645   6.33e+00   7.46e+00   4.48e+00   1.16e+02   0.00e+00 (  1.90e+03,  6.86e+01)
95      0.781   1.33e+00   1.90e+00   1.40e+00   6.47e+01   0.00e+00 (  1.01e+03,  5.44e+01)
 1 e: 2.251e-02 i: 1.433e-01 :: e: 3.977e-03 i: 8.173e-03 :: n: 3.012e+01 e:23.411 i:27.907 v:4.993e+03
>>> tau_he = 5.000000, nhe(0)=3.765032e+00
 5     -0.010   1.01e-02   1.56e+00   5.03e-03  -4.95e-02   0.00e+00 (  3.58e+00,  4.76e+01)
10     -0.004   7.25e-03   3.81e-03   1.10e-03  -2.43e-02   0.00e+00 (  4.92e+00,  9.64e+01)
15     -0.101   1.41e-01  -6.63e-03   3.31e-02  -7.56e-01   0.00e+00 (  1.17e+02,  1.44e+02)
20      0.068   3.48e-01   3.98e-01   4.46e-02   5.87e-01   0.00e+00 (  2.76e+02,  1.83e+02)
25      0.150   3.22e-01   3.49e-01   9.39e-02   1.47e+00   0.00e+00 (  2.31e+02,  2.08e+02)
30      0.077   2.22e-01   1.63e-01  -4.84e-03   8.34e-01   0.00e+00 (  1.44e+02,  2.23e+02)
35      0.069   2.23e-01   1.66e-01   5.79e-02   8.09e-01   0.00e+00 (  1.26e+02,  2.27e+02)
40      0.108   3.03e-01   2.84e-01   9.66e-02   1.36e+00   0.00e+00 (  1.59e+02,  2.23e+02)
45      0.116   3.33e-01   3.37e-01   1.13e-01   1.54e+00   0.00e+00 (  1.59e+02,  2.13e+02)
50      0.130   3.68e-01   4.05e-01   2.01e-01   1.82e+00   0.00e+00 (  1.53e+02,  1.99e+02)
55      0.109   3.48e-01   3.98e-01   2.17e-01   1.59e+00   0.00e+00 (  1.25e+02,  1.82e+02)
60      0.141   4.05e-01   5.11e-01   3.18e-01   2.13e+00   0.00e+00 (  1.30e+02,  1.64e+02)
65      0.153   4.25e-01   5.78e-01   3.93e-01   2.37e+00   0.00e+00 (  1.17e+02,  1.46e+02)
70      0.187   4.74e-01   7.17e-01   5.25e-01   2.97e+00   0.00e+00 (  1.08e+02,  1.29e+02)
75      0.197   4.81e-01   7.65e-01   6.06e-01   3.21e+00   0.00e+00 (  9.44e+01,  1.13e+02)
80      0.211   4.75e-01   8.01e-01   6.41e-01   3.63e+00   0.00e+00 (  7.64e+01,  9.74e+01)
85      0.293   7.14e-01   9.73e-01   6.56e-01   6.36e+00   0.00e+00 (  8.36e+01,  8.29e+01)
90      2.645   6.33e+00   7.46e+00   4.47e+00   1.16e+02   0.00e+00 (  1.89e+03,  6.86e+01)
95      0.781   1.33e+00   1.90e+00   1.40e+00   6.47e+01   0.00e+00 (  1.01e+03,  5.44e+01)
 2 e: 5.099e-04 i: 6.990e-03 :: e: 8.958e-02 i: 9.956e-02 :: n: 3.012e+01 e:23.670 i:28.232 v:4.993e+03
>>> tau_he = 5.000000, nhe(0)=3.789022e+00
 5     -0.010   1.03e-02   1.22e+00   5.02e-03  -5.10e-02   0.00e+00 (  3.62e+00,  4.76e+01)
10     -0.003   1.24e-02  -2.51e-03   1.19e-03  -1.94e-02   0.00e+00 (  8.69e+00,  9.64e+01)
15     -0.066   1.48e-01   2.04e-03   1.61e-02  -4.96e-01   0.00e+00 (  1.26e+02,  1.44e+02)
20      0.044   1.67e-01   8.85e-02  -1.54e-02   3.78e-01   0.00e+00 (  1.33e+02,  1.83e+02)
25      0.138   3.26e-01   3.44e-01   9.14e-02   1.35e+00   0.00e+00 (  2.41e+02,  2.08e+02)
30      0.075   2.29e-01   1.65e-01  -1.74e-02   8.09e-01   0.00e+00 (  1.56e+02,  2.23e+02)
35      0.118   3.05e-01   2.66e-01   1.01e-01   1.39e+00   0.00e+00 (  1.79e+02,  2.27e+02)
40      0.105   3.10e-01   2.95e-01   1.05e-01   1.33e+00   0.00e+00 (  1.67e+02,  2.23e+02)
45      0.116   3.34e-01   3.39e-01   1.13e-01   1.55e+00   0.00e+00 (  1.61e+02,  2.13e+02)
50      0.131   3.69e-01   4.07e-01   2.01e-01   1.83e+00   0.00e+00 (  1.54e+02,  1.99e+02)
55      0.110   3.50e-01   4.03e-01   2.19e-01   1.61e+00   0.00e+00 (  1.26e+02,  1.82e+02)
60      0.141   4.03e-01   5.10e-01   3.17e-01   2.13e+00   0.00e+00 (  1.29e+02,  1.64e+02)
65      0.151   4.19e-01   5.70e-01   3.88e-01   2.34e+00   0.00e+00 (  1.15e+02,  1.46e+02)
70      0.185   4.68e-01   7.07e-01   5.19e-01   2.94e+00   0.00e+00 (  1.06e+02,  1.29e+02)
75      0.195   4.74e-01   7.54e-01   5.98e-01   3.18e+00   0.00e+00 (  9.21e+01,  1.13e+02)
80      0.209   4.70e-01   7.90e-01   6.33e-01   3.60e+00   0.00e+00 (  7.46e+01,  9.74e+01)
85      0.291   7.13e-01   9.65e-01   6.48e-01   6.33e+00   0.00e+00 (  8.24e+01,  8.29e+01)
90      2.643   6.33e+00   7.46e+00   4.47e+00   1.16e+02   0.00e+00 (  1.89e+03,  6.86e+01)
95      0.781   1.33e+00   1.90e+00   1.40e+00   6.47e+01   0.00e+00 (  1.01e+03,  5.44e+01)
 3 e: 2.184e-04 i: 1.159e-03 :: e: 5.097e-02 i: 5.724e-02 :: n: 3.012e+01 e:23.571 i:28.327 v:4.993e+03
>>> tau_he = 5.000000, nhe(0)=3.795927e+00
 5     -0.011   1.03e-02   1.19e+00   5.04e-03  -5.28e-02   0.00e+00 (  3.67e+00,  4.76e+01)
10     -0.002   1.54e-02  -2.76e-03   2.29e-03  -1.53e-02   0.00e+00 (  1.09e+01,  9.64e+01)
15     -0.055   1.48e-01   1.14e-02   1.74e-02  -4.14e-01   0.00e+00 (  1.22e+02,  1.44e+02)
20      0.048   1.66e-01   8.78e-02  -1.53e-02   4.20e-01   0.00e+00 (  1.29e+02,  1.83e+02)
25      0.069   1.92e-01   1.26e-01   2.30e-03   6.76e-01   0.00e+00 (  1.37e+02,  2.08e+02)
30      0.076   2.30e-01   1.65e-01  -1.67e-02   8.20e-01   0.00e+00 (  1.56e+02,  2.23e+02)
35      0.120   3.08e-01   2.69e-01   1.02e-01   1.41e+00   0.00e+00 (  1.81e+02,  2.27e+02)
40      0.108   3.13e-01   2.99e-01   9.32e-02   1.36e+00   0.00e+00 (  1.69e+02,  2.23e+02)
45      0.118   3.36e-01   3.43e-01   1.14e-01   1.57e+00   0.00e+00 (  1.63e+02,  2.13e+02)
50      0.133   3.72e-01   4.13e-01   2.02e-01   1.87e+00   0.00e+00 (  1.56e+02,  1.99e+02)
55      0.156   4.16e-01   5.18e-01   2.78e-01   2.27e+00   0.00e+00 (  1.52e+02,  1.82e+02)
60      0.143   4.06e-01   5.16e-01   3.20e-01   2.16e+00   0.00e+00 (  1.30e+02,  1.64e+02)
65      0.152   4.20e-01   5.73e-01   3.90e-01   2.36e+00   0.00e+00 (  1.15e+02,  1.46e+02)
70      0.185   4.67e-01   7.07e-01   5.19e-01   2.95e+00   0.00e+00 (  1.05e+02,  1.29e+02)
75      0.195   4.73e-01   7.51e-01   5.97e-01   3.17e+00   0.00e+00 (  9.15e+01,  1.13e+02)
80      0.208   4.67e-01   7.86e-01   6.29e-01   3.58e+00   0.00e+00 (  7.38e+01,  9.74e+01)
85      0.291   7.13e-01   9.60e-01   6.45e-01   6.31e+00   0.00e+00 (  8.18e+01,  8.29e+01)
90      2.643   6.34e+00   7.46e+00   4.47e+00   1.16e+02   0.00e+00 (  1.89e+03,  6.86e+01)
95      0.781   1.33e+00   1.90e+00   1.40e+00   6.47e+01   0.00e+00 (  1.01e+03,  5.44e+01)
 4 e: 7.875e-05 i: 5.525e-05 :: e: 2.736e-02 i: 2.938e-02 :: n: 3.012e+01 e:23.583 i:28.380 v:4.993e+03
>>> tau_he = 5.000000, nhe(0)=3.799691e+00
 5     -0.011   1.03e-02   1.19e+00   5.05e-03  -5.34e-02   0.00e+00 (  3.70e+00,  4.76e+01)
10     -0.003   1.58e-02  -2.76e-03   2.33e-03  -1.57e-02   0.00e+00 (  1.12e+01,  9.64e+01)
15     -0.047   1.48e-01   1.48e-02   1.75e-02  -3.53e-01   0.00e+00 (  1.20e+02,  1.44e+02)
20      0.047   1.64e-01   8.79e-02  -1.51e-02   4.05e-01   0.00e+00 (  1.27e+02,  1.83e+02)
25      0.069   1.93e-01   1.28e-01   2.16e-03   6.81e-01   0.00e+00 (  1.39e+02,  2.08e+02)
30      0.076   2.31e-01   1.66e-01  -1.76e-02   8.24e-01   0.00e+00 (  1.57e+02,  2.23e+02)
35      0.120   3.09e-01   2.70e-01   1.03e-01   1.41e+00   0.00e+00 (  1.83e+02,  2.27e+02)
40      0.108   3.15e-01   3.01e-01   9.38e-02   1.36e+00   0.00e+00 (  1.71e+02,  2.23e+02)
45      0.119   3.39e-01   3.46e-01   1.14e-01   1.58e+00   0.00e+00 (  1.65e+02,  2.13e+02)
50      0.134   3.75e-01   4.17e-01   2.03e-01   1.88e+00   0.00e+00 (  1.59e+02,  1.99e+02)
55      0.155   4.17e-01   5.19e-01   2.78e-01   2.26e+00   0.00e+00 (  1.53e+02,  1.82e+02)
60      0.143   4.09e-01   5.19e-01   3.21e-01   2.16e+00   0.00e+00 (  1.32e+02,  1.64e+02)
65      0.152   4.24e-01   5.78e-01   3.94e-01   2.36e+00   0.00e+00 (  1.16e+02,  1.46e+02)
70      0.186   4.70e-01   7.11e-01   5.21e-01   2.95e+00   0.00e+00 (  1.07e+02,  1.29e+02)
75      0.195   4.74e-01   7.54e-01   5.98e-01   3.18e+00   0.00e+00 (  9.21e+01,  1.13e+02)
80      0.208   4.68e-01   7.87e-01   6.30e-01   3.58e+00   0.00e+00 (  7.41e+01,  9.74e+01)
85      0.291   7.13e-01   9.60e-01   6.44e-01   6.31e+00   0.00e+00 (  8.17e+01,  8.29e+01)
90      2.643   6.34e+00   7.46e+00   4.47e+00   1.16e+02   0.00e+00 (  1.89e+03,  6.86e+01)
95      0.781   1.33e+00   1.90e+00   1.40e+00   6.47e+01   0.00e+00 (  1.01e+03,  5.44e+01)
 5 e: 6.415e-05 i: 5.358e-05 :: e: 2.238e-02 i: 2.396e-02 :: n: 3.012e+01 e:23.534 i:28.500 v:4.993e+03
>>> tau_he = 5.000000, nhe(0)=3.807943e+00
 5     -0.011   1.04e-02   1.19e+00   5.04e-03  -5.41e-02   0.00e+00 (  3.74e+00,  4.76e+01)
10     -0.003   1.62e-02  -2.72e-03   2.35e-03  -1.61e-02   0.00e+00 (  1.14e+01,  9.64e+01)
15     -0.011   1.40e-01   6.27e-03  -1.87e-04  -8.31e-02   0.00e+00 (  1.11e+02,  1.44e+02)
20      0.048   1.64e-01   8.73e-02  -1.48e-02   4.20e-01   0.00e+00 (  1.26e+02,  1.83e+02)
25      0.070   1.94e-01   1.28e-01   2.11e-03   6.85e-01   0.00e+00 (  1.40e+02,  2.08e+02)
30      0.076   2.31e-01   1.66e-01  -1.81e-02   8.26e-01   0.00e+00 (  1.58e+02,  2.23e+02)
35      0.120   3.09e-01   2.69e-01   1.02e-01   1.41e+00   0.00e+00 (  1.83e+02,  2.27e+02)
40      0.108   3.16e-01   3.01e-01   9.38e-02   1.36e+00   0.00e+00 (  1.71e+02,  2.23e+02)
45      0.119   3.39e-01   3.45e-01   1.13e-01   1.59e+00   0.00e+00 (  1.66e+02,  2.13e+02)
50      0.134   3.75e-01   4.15e-01   2.03e-01   1.88e+00   0.00e+00 (  1.59e+02,  1.99e+02)
55      0.154   4.16e-01   5.15e-01   2.77e-01   2.25e+00   0.00e+00 (  1.52e+02,  1.82e+02)
60      0.144   4.09e-01   5.19e-01   3.21e-01   2.17e+00   0.00e+00 (  1.32e+02,  1.64e+02)
65      0.154   4.25e-01   5.80e-01   3.96e-01   2.38e+00   0.00e+00 (  1.17e+02,  1.46e+02)
70      0.187   4.72e-01   7.14e-01   5.23e-01   2.97e+00   0.00e+00 (  1.07e+02,  1.29e+02)
75      0.196   4.76e-01   7.58e-01   6.02e-01   3.20e+00   0.00e+00 (  9.27e+01,  1.13e+02)
80      0.210   4.70e-01   7.92e-01   6.34e-01   3.61e+00   0.00e+00 (  7.46e+01,  9.74e+01)
85      0.291   7.14e-01   9.63e-01   6.47e-01   6.33e+00   0.00e+00 (  8.19e+01,  8.29e+01)
90      2.642   6.34e+00   7.46e+00   4.47e+00   1.16e+02   0.00e+00 (  1.89e+03,  6.86e+01)
95      0.781   1.33e+00   1.90e+00   1.40e+00   6.47e+01   0.00e+00 (  1.01e+03,  5.44e+01)
 6 e: 4.517e-05 i: 4.385e-05 :: e: 1.752e-02 i: 2.017e-02 :: n: 3.012e+01 e:23.569 i:28.578 v:4.993e+03
>>> tau_he = 5.000000, nhe(0)=3.813375e+00
 5     -0.011   1.05e-02   1.19e+00   5.06e-03  -5.48e-02   0.00e+00 (  3.78e+00,  4.76e+01)
10     -0.003   1.65e-02  -1.52e-03   2.47e-03  -1.64e-02   0.00e+00 (  1.18e+01,  9.64e+01)
15     -0.006   1.43e-01   1.06e-02  -3.38e-04  -4.57e-02   0.00e+00 (  1.11e+02,  1.44e+02)
20      0.050   1.65e-01   8.79e-02  -1.50e-02   4.31e-01   0.00e+00 (  1.27e+02,  1.83e+02)
25      0.076   1.91e-01   1.30e-01   2.75e-03   7.47e-01   0.00e+00 (  1.39e+02,  2.08e+02)
30      0.077   2.32e-01   1.67e-01  -1.96e-02   8.30e-01   0.00e+00 (  1.59e+02,  2.23e+02)
35      0.121   3.11e-01   2.71e-01   1.03e-01   1.42e+00   0.00e+00 (  1.84e+02,  2.27e+02)
40      0.109   3.17e-01   3.03e-01   9.43e-02   1.37e+00   0.00e+00 (  1.73e+02,  2.23e+02)
45      0.119   3.41e-01   3.48e-01   1.14e-01   1.60e+00   0.00e+00 (  1.67e+02,  2.13e+02)
50      0.135   3.77e-01   4.18e-01   2.04e-01   1.89e+00   0.00e+00 (  1.60e+02,  1.99e+02)
55      0.154   4.18e-01   5.16e-01   2.77e-01   2.25e+00   0.00e+00 (  1.53e+02,  1.82e+02)
60      0.144   4.12e-01   5.22e-01   3.23e-01   2.17e+00   0.00e+00 (  1.33e+02,  1.64e+02)
65      0.154   4.28e-01   5.85e-01   3.99e-01   2.39e+00   0.00e+00 (  1.19e+02,  1.46e+02)
70      0.187   4.75e-01   7.19e-01   5.26e-01   2.98e+00   0.00e+00 (  1.09e+02,  1.29e+02)
75      0.197   4.80e-01   7.63e-01   6.05e-01   3.20e+00   0.00e+00 (  9.39e+01,  1.13e+02)
80      0.210   4.72e-01   7.95e-01   6.37e-01   3.61e+00   0.00e+00 (  7.53e+01,  9.74e+01)
85      0.291   7.14e-01   9.64e-01   6.48e-01   6.33e+00   0.00e+00 (  8.23e+01,  8.29e+01)
90      2.643   6.33e+00   7.46e+00   4.47e+00   1.16e+02   0.00e+00 (  1.89e+03,  6.86e+01)
95      0.781   1.33e+00   1.90e+00   1.40e+00   6.47e+01   0.00e+00 (  1.01e+03,  5.44e+01)
 7 e: 3.576e-05 i: 4.429e-05 :: e: 1.492e-02 i: 1.609e-02 :: n: 3.012e+01 e:23.541 i:28.698 v:4.993e+03
>>> tau_he = 5.000000, nhe(0)=3.821548e+00
 5     -0.011   1.06e-02   1.19e+00   5.05e-03  -5.54e-02   0.00e+00 (  3.82e+00,  4.76e+01)
10     -0.003   1.69e-02  -1.47e-03   2.51e-03  -1.68e-02   0.00e+00 (  1.20e+01,  9.64e+01)
15     -0.001   1.45e-01   1.35e-02  -2.88e-04  -8.51e-03   0.00e+00 (  1.11e+02,  1.44e+02)
20      0.051   1.65e-01   8.76e-02  -1.63e-02   4.47e-01   0.00e+00 (  1.26e+02,  1.83e+02)
25      0.076   1.93e-01   1.31e-01   2.75e-03   7.49e-01   0.00e+00 (  1.40e+02,  2.08e+02)
30      0.077   2.33e-01   1.67e-01  -2.01e-02   8.32e-01   0.00e+00 (  1.59e+02,  2.23e+02)
35      0.121   3.11e-01   2.70e-01   1.02e-01   1.42e+00   0.00e+00 (  1.84e+02,  2.27e+02)
40      0.109   3.17e-01   3.02e-01   9.42e-02   1.37e+00   0.00e+00 (  1.73e+02,  2.23e+02)
45      0.120   3.41e-01   3.47e-01   1.13e-01   1.60e+00   0.00e+00 (  1.67e+02,  2.13e+02)
50      0.135   3.77e-01   4.17e-01   2.03e-01   1.89e+00   0.00e+00 (  1.60e+02,  1.99e+02)
55      0.154   4.17e-01   5.13e-01   2.76e-01   2.25e+00   0.00e+00 (  1.53e+02,  1.82e+02)
60      0.144   4.12e-01   5.21e-01   3.23e-01   2.18e+00   0.00e+00 (  1.33e+02,  1.64e+02)
65      0.155   4.30e-01   5.86e-01   4.00e-01   2.41e+00   0.00e+00 (  1.19e+02,  1.46e+02)
70      0.189   4.77e-01   7.22e-01   5.28e-01   3.00e+00   0.00e+00 (  1.09e+02,  1.29e+02)
75      0.198   4.82e-01   7.67e-01   6.09e-01   3.23e+00   0.00e+00 (  9.46e+01,  1.13e+02)
80      0.212   4.75e-01   8.01e-01   6.41e-01   3.64e+00   0.00e+00 (  7.59e+01,  9.74e+01)
85      0.292   7.15e-01   9.69e-01   6.52e-01   6.35e+00   0.00e+00 (  8.26e+01,  8.29e+01)
90      2.643   6.33e+00   7.46e+00   4.47e+00   1.16e+02   0.00e+00 (  1.89e+03,  6.86e+01)
95      0.781   1.33e+00   1.90e+00   1.40e+00   6.47e+01   0.00e+00 (  1.01e+03,  5.44e+01)
 8 e: 3.521e-05 i: 2.896e-05 :: e: 1.236e-02 i: 1.177e-02 :: n: 3.012e+01 e:23.574 i:28.764 v:4.993e+03
>>> tau_he = 5.000000, nhe(0)=3.826070e+00
 5     -0.011   1.06e-02   1.19e+00   5.07e-03  -5.61e-02   0.00e+00 (  3.85e+00,  4.76e+01)
10     -0.003   1.72e-02  -1.42e-03   2.55e-03  -1.71e-02   0.00e+00 (  1.22e+01,  9.64e+01)
15      0.003   1.47e-01   1.66e-02  -3.76e-04   2.29e-02   0.00e+00 (  1.11e+02,  1.44e+02)
20      0.045   1.62e-01   8.92e-02  -1.66e-02   3.92e-01   0.00e+00 (  1.23e+02,  1.83e+02)
25      0.077   1.94e-01   1.33e-01   2.71e-03   7.50e-01   0.00e+00 (  1.41e+02,  2.08e+02)
30      0.077   2.34e-01   1.68e-01  -2.13e-02   8.36e-01   0.00e+00 (  1.61e+02,  2.23e+02)
35      0.121   3.12e-01   2.71e-01   1.03e-01   1.42e+00   0.00e+00 (  1.85e+02,  2.27e+02)
40      0.109   3.20e-01   3.04e-01   9.57e-02   1.38e+00   0.00e+00 (  1.75e+02,  2.23e+02)
45      0.120   3.43e-01   3.50e-01   1.13e-01   1.61e+00   0.00e+00 (  1.69e+02,  2.13e+02)
50      0.135   3.79e-01   4.20e-01   2.05e-01   1.90e+00   0.00e+00 (  1.62e+02,  1.99e+02)
55      0.154   4.19e-01   5.16e-01   2.77e-01   2.25e+00   0.00e+00 (  1.54e+02,  1.82e+02)
60      0.145   4.14e-01   5.25e-01   3.24e-01   2.19e+00   0.00e+00 (  1.35e+02,  1.64e+02)
65      0.156   4.33e-01   5.90e-01   4.02e-01   2.42e+00   0.00e+00 (  1.21e+02,  1.46e+02)
70      0.189   4.80e-01   7.26e-01   5.31e-01   3.00e+00   0.00e+00 (  1.10e+02,  1.29e+02)
75      0.198   4.85e-01   7.71e-01   6.12e-01   3.23e+00   0.00e+00 (  9.57e+01,  1.13e+02)
80      0.212   4.77e-01   8.05e-01   6.44e-01   3.65e+00   0.00e+00 (  7.67e+01,  9.74e+01)
85      0.293   7.14e-01   9.71e-01   6.54e-01   6.35e+00   0.00e+00 (  8.31e+01,  8.29e+01)
90      2.644   6.33e+00   7.46e+00   4.47e+00   1.16e+02   0.00e+00 (  1.89e+03,  6.86e+01)
95      0.781   1.33e+00   1.90e+00   1.40e+00   6.47e+01   0.00e+00 (  1.01e+03,  5.44e+01)
 9 e: 2.399e-05 i: 2.998e-05 :: e: 1.238e-02 i: 1.173e-02 :: n: 3.012e+01 e:23.546 i:28.861 v:4.993e+03
>>> tau_he = 5.000000, nhe(0)=3.832607e+00
 5     -0.011   1.07e-02   1.19e+00   5.06e-03  -5.66e-02   0.00e+00 (  3.88e+00,  4.76e+01)
10     -0.001   1.75e-02  -1.82e-03   2.74e-03  -9.16e-03   0.00e+00 (  1.25e+01,  9.64e+01)
15      0.007   1.48e-01   1.87e-02  -2.16e-04   5.50e-02   0.00e+00 (  1.11e+02,  1.44e+02)
20      0.046   1.62e-01   8.88e-02  -1.65e-02   4.01e-01   0.00e+00 (  1.23e+02,  1.83e+02)
25      0.077   1.95e-01   1.33e-01   2.72e-03   7.51e-01   0.00e+00 (  1.42e+02,  2.08e+02)
30      0.077   2.35e-01   1.68e-01  -2.15e-02   8.38e-01   0.00e+00 (  1.61e+02,  2.23e+02)
35      0.121   3.12e-01   2.70e-01   1.02e-01   1.42e+00   0.00e+00 (  1.85e+02,  2.27e+02)
40      0.109   3.19e-01   3.03e-01   9.45e-02   1.38e+00   0.00e+00 (  1.74e+02,  2.23e+02)
45      0.120   3.43e-01   3.49e-01   1.13e-01   1.61e+00   0.00e+00 (  1.69e+02,  2.13e+02)
50      0.135   3.79e-01   4.18e-01   2.04e-01   1.90e+00   0.00e+00 (  1.62e+02,  1.99e+02)
55      0.154   4.18e-01   5.13e-01   2.76e-01   2.25e+00   0.00e+00 (  1.54e+02,  1.82e+02)
60      0.145   4.15e-01   5.24e-01   3.24e-01   2.19e+00   0.00e+00 (  1.35e+02,  1.64e+02)
65      0.157   4.34e-01   5.91e-01   4.03e-01   2.43e+00   0.00e+00 (  1.21e+02,  1.46e+02)
70      0.190   4.82e-01   7.29e-01   5.33e-01   3.02e+00   0.00e+00 (  1.11e+02,  1.29e+02)
75      0.200   4.87e-01   7.75e-01   6.14e-01   3.25e+00   0.00e+00 (  9.62e+01,  1.13e+02)
80      0.213   4.79e-01   8.10e-01   6.48e-01   3.67e+00   0.00e+00 (  7.72e+01,  9.74e+01)
85      0.294   7.16e-01   9.75e-01   6.58e-01   6.37e+00   0.00e+00 (  8.34e+01,  8.29e+01)
90      2.644   6.33e+00   7.46e+00   4.47e+00   1.16e+02   0.00e+00 (  1.89e+03,  6.86e+01)
95      0.781   1.33e+00   1.90e+00   1.40e+00   6.47e+01   0.00e+00 (  1.01e+03,  5.44e+01)
10 e: 2.446e-05 i: 1.905e-05 :: e: 1.226e-02 i: 1.078e-02 :: n: 3.012e+01 e:23.574 i:28.905 v:4.993e+03
>>> tau_he = 5.000000, nhe(0)=3.835620e+00
 5     -0.012   1.07e-02   1.19e+00   5.07e-03  -5.71e-02   0.00e+00 (  3.91e+00,  4.76e+01)
10     -0.001   1.77e-02  -1.77e-03   2.77e-03  -9.09e-03   0.00e+00 (  1.26e+01,  9.64e+01)
15      0.011   1.50e-01   2.09e-02  -2.85e-04   8.38e-02   0.00e+00 (  1.11e+02,  1.44e+02)
20      0.055   1.75e-01   1.06e-01  -1.76e-02   4.80e-01   0.00e+00 (  1.32e+02,  1.83e+02)
25      0.077   1.96e-01   1.34e-01   2.71e-03   7.52e-01   0.00e+00 (  1.44e+02,  2.08e+02)
30      0.078   2.35e-01   1.69e-01  -2.24e-02   8.41e-01   0.00e+00 (  1.62e+02,  2.23e+02)
35      0.122   3.13e-01   2.72e-01   1.03e-01   1.43e+00   0.00e+00 (  1.86e+02,  2.27e+02)
40      0.110   3.21e-01   3.05e-01   9.60e-02   1.38e+00   0.00e+00 (  1.76e+02,  2.23e+02)
45      0.121   3.45e-01   3.51e-01   1.13e-01   1.61e+00   0.00e+00 (  1.70e+02,  2.13e+02)
50      0.136   3.81e-01   4.21e-01   2.05e-01   1.90e+00   0.00e+00 (  1.63e+02,  1.99e+02)
55      0.154   4.20e-01   5.16e-01   2.77e-01   2.25e+00   0.00e+00 (  1.55e+02,  1.82e+02)
60      0.146   4.17e-01   5.27e-01   3.26e-01   2.20e+00   0.00e+00 (  1.36e+02,  1.64e+02)
65      0.157   4.36e-01   5.95e-01   4.06e-01   2.44e+00   0.00e+00 (  1.22e+02,  1.46e+02)
70      0.190   4.84e-01   7.32e-01   5.35e-01   3.02e+00   0.00e+00 (  1.12e+02,  1.29e+02)
75      0.200   4.89e-01   7.78e-01   6.17e-01   3.25e+00   0.00e+00 (  9.72e+01,  1.13e+02)
80      0.213   4.81e-01   8.13e-01   6.50e-01   3.67e+00   0.00e+00 (  7.80e+01,  9.74e+01)
85      0.294   7.15e-01   9.77e-01   6.59e-01   6.38e+00   0.00e+00 (  8.39e+01,  8.29e+01)
90      2.645   6.33e+00   7.46e+00   4.47e+00   1.16e+02   0.00e+00 (  1.89e+03,  6.86e+01)
95      0.781   1.33e+00   1.90e+00   1.40e+00   6.47e+01   0.00e+00 (  1.01e+03,  5.44e+01)
11 e: 2.037e-05 i: 3.207e-05 :: e: 1.497e-02 i: 1.364e-02 :: n: 3.012e+01 e:23.535 i:28.966 v:4.993e+03
>>> tau_he = 5.000000, nhe(0)=3.839700e+00
 5     -0.012   1.08e-02   1.19e+00   5.06e-03  -5.75e-02   0.00e+00 (  3.92e+00,  4.76e+01)
10     -0.001   1.79e-02  -1.73e-03   2.79e-03  -8.97e-03   0.00e+00 (  1.27e+01,  9.64e+01)
15      0.015   1.51e-01   2.22e-02  -1.45e-04   1.14e-01   0.00e+00 (  1.10e+02,  1.44e+02)
20      0.057   1.75e-01   1.04e-01  -1.73e-02   4.92e-01   0.00e+00 (  1.31e+02,  1.83e+02)
25      0.077   1.96e-01   1.34e-01   2.72e-03   7.53e-01   0.00e+00 (  1.44e+02,  2.08e+02)
30      0.078   2.36e-01   1.69e-01  -2.25e-02   8.43e-01   0.00e+00 (  1.62e+02,  2.23e+02)
35      0.122   3.13e-01   2.71e-01   1.02e-01   1.43e+00   0.00e+00 (  1.86e+02,  2.27e+02)
40      0.110   3.20e-01   3.04e-01   9.48e-02   1.38e+00   0.00e+00 (  1.75e+02,  2.23e+02)
45      0.121   3.45e-01   3.50e-01   1.13e-01   1.61e+00   0.00e+00 (  1.70e+02,  2.13e+02)
50      0.136   3.81e-01   4.20e-01   2.05e-01   1.90e+00   0.00e+00 (  1.63e+02,  1.99e+02)
55      0.154   4.19e-01   5.14e-01   2.76e-01   2.25e+00   0.00e+00 (  1.55e+02,  1.82e+02)
60      0.146   4.17e-01   5.27e-01   3.26e-01   2.20e+00   0.00e+00 (  1.36e+02,  1.64e+02)
65      0.158   4.36e-01   5.95e-01   4.06e-01   2.45e+00   0.00e+00 (  1.22e+02,  1.46e+02)
70      0.191   4.85e-01   7.34e-01   5.36e-01   3.04e+00   0.00e+00 (  1.12e+02,  1.29e+02)
75      0.201   4.91e-01   7.81e-01   6.19e-01   3.27e+00   0.00e+00 (  9.75e+01,  1.13e+02)
80      0.215   4.83e-01   8.17e-01   6.53e-01   3.70e+00   0.00e+00 (  7.84e+01,  9.74e+01)
85      0.295   7.17e-01   9.81e-01   6.63e-01   6.40e+00   0.00e+00 (  8.42e+01,  8.29e+01)
90      2.644   6.33e+00   7.46e+00   4.47e+00   1.16e+02   0.00e+00 (  1.89e+03,  6.86e+01)
95      0.781   1.33e+00   1.90e+00   1.40e+00   6.47e+01   0.00e+00 (  1.01e+03,  5.44e+01)
12 e: 1.901e-05 i: 2.307e-05 :: e: 1.411e-02 i: 1.260e-02 :: n: 3.012e+01 e:23.547 i:28.976 v:4.993e+03
>>> tau_he = 5.000000, nhe(0)=3.840399e+00
 5     -0.012   1.08e-02   1.18e+00   5.07e-03  -5.78e-02   0.00e+00 (  3.94e+00,  4.76e+01)
10     -0.000   1.81e-02  -1.48e-03   3.04e-03  -2.27e-03   0.00e+00 (  1.28e+01,  9.64e+01)
15      0.018   1.52e-01   2.37e-02  -6.39e-05   1.38e-01   0.00e+00 (  1.09e+02,  1.44e+02)
20      0.058   1.75e-01   1.03e-01  -1.73e-02   5.01e-01   0.00e+00 (  1.30e+02,  1.83e+02)
25      0.077   1.97e-01   1.35e-01   2.70e-03   7.55e-01   0.00e+00 (  1.45e+02,  2.08e+02)
30      0.078   2.36e-01   1.70e-01  -2.31e-02   8.46e-01   0.00e+00 (  1.63e+02,  2.23e+02)
35      0.122   3.14e-01   2.72e-01   1.03e-01   1.43e+00   0.00e+00 (  1.87e+02,  2.27e+02)
40      0.110   3.22e-01   3.06e-01   9.62e-02   1.39e+00   0.00e+00 (  1.77e+02,  2.23e+02)
45      0.121   3.46e-01   3.52e-01   1.13e-01   1.62e+00   0.00e+00 (  1.71e+02,  2.13e+02)
50      0.136   3.82e-01   4.22e-01   2.06e-01   1.91e+00   0.00e+00 (  1.64e+02,  1.99e+02)
55      0.155   4.21e-01   5.16e-01   2.78e-01   2.26e+00   0.00e+00 (  1.56e+02,  1.82e+02)
60      0.146   4.19e-01   5.30e-01   3.27e-01   2.21e+00   0.00e+00 (  1.37e+02,  1.64e+02)
65      0.158   4.38e-01   5.98e-01   4.08e-01   2.45e+00   0.00e+00 (  1.23e+02,  1.46e+02)
70      0.191   4.87e-01   7.36e-01   5.38e-01   3.04e+00   0.00e+00 (  1.13e+02,  1.29e+02)
75      0.201   4.93e-01   7.84e-01   6.20e-01   3.27e+00   0.00e+00 (  9.83e+01,  1.13e+02)
80      0.215   4.84e-01   8.19e-01   6.55e-01   3.69e+00   0.00e+00 (  7.89e+01,  9.74e+01)
85      0.295   7.16e-01   9.82e-01   6.64e-01   6.40e+00   0.00e+00 (  8.46e+01,  8.29e+01)
90      2.645   6.33e+00   7.46e+00   4.48e+00   1.16e+02   0.00e+00 (  1.90e+03,  6.86e+01)
95      0.781   1.33e+00   1.90e+00   1.40e+00   6.47e+01   0.00e+00 (  1.01e+03,  5.44e+01)
13 e: 1.455e-05 i: 2.077e-05 :: e: 1.454e-02 i: 1.326e-02 :: n: 3.012e+01 e:23.502 i:29.017 v:4.993e+03
>>> tau_he = 5.000000, nhe(0)=3.843093e+00
 5     -0.012   1.08e-02   1.18e+00   5.06e-03  -5.80e-02   0.00e+00 (  3.94e+00,  4.76e+01)
10     -0.000   1.81e-02  -1.57e-03   3.14e-03  -1.88e-03   0.00e+00 (  1.29e+01,  9.64e+01)
15      0.022   1.52e-01   2.44e-02   1.94e-04   1.62e-01   0.00e+00 (  1.08e+02,  1.44e+02)
20      0.059   1.74e-01   1.02e-01  -1.70e-02   5.11e-01   0.00e+00 (  1.29e+02,  1.83e+02)
25      0.077   1.97e-01   1.35e-01   2.72e-03   7.56e-01   0.00e+00 (  1.45e+02,  2.08e+02)
30      0.078   2.36e-01   1.69e-01  -2.29e-02   8.47e-01   0.00e+00 (  1.63e+02,  2.23e+02)
35      0.122   3.14e-01   2.71e-01   1.02e-01   1.43e+00   0.00e+00 (  1.86e+02,  2.27e+02)
40      0.110   3.21e-01   3.05e-01   9.50e-02   1.39e+00   0.00e+00 (  1.76e+02,  2.23e+02)
45      0.121   3.46e-01   3.51e-01   1.12e-01   1.62e+00   0.00e+00 (  1.71e+02,  2.13e+02)
50      0.136   3.82e-01   4.21e-01   2.05e-01   1.91e+00   0.00e+00 (  1.63e+02,  1.99e+02)
55      0.154   4.20e-01   5.14e-01   2.77e-01   2.25e+00   0.00e+00 (  1.55e+02,  1.82e+02)
60      0.147   4.18e-01   5.29e-01   3.27e-01   2.21e+00   0.00e+00 (  1.37e+02,  1.64e+02)
65      0.158   4.38e-01   5.98e-01   4.08e-01   2.46e+00   0.00e+00 (  1.23e+02,  1.46e+02)
70      0.192   4.87e-01   7.37e-01   5.39e-01   3.05e+00   0.00e+00 (  1.13e+02,  1.29e+02)
75      0.202   4.93e-01   7.85e-01   6.22e-01   3.28e+00   0.00e+00 (  9.84e+01,  1.13e+02)
80      0.216   4.86e-01   8.22e-01   6.57e-01   3.71e+00   0.00e+00 (  7.92e+01,  9.74e+01)
85      0.295   7.17e-01   9.85e-01   6.66e-01   6.41e+00   0.00e+00 (  8.48e+01,  8.29e+01)
90      2.645   6.33e+00   7.46e+00   4.48e+00   1.16e+02   0.00e+00 (  1.90e+03,  6.86e+01)
95      0.781   1.33e+00   1.90e+00   1.40e+00   6.47e+01   0.00e+00 (  1.01e+03,  5.44e+01)
14 e: 1.199e-05 i: 1.516e-05 :: e: 1.315e-02 i: 1.176e-02 :: n: 3.012e+01 e:23.508 i:29.013 v:4.993e+03
>>> tau_he = 5.000000, nhe(0)=3.842870e+00
 5     -0.012   1.08e-02   1.18e+00   5.07e-03  -5.82e-02   0.00e+00 (  3.95e+00,  4.76e+01)
10      0.000   1.84e-02  -8.53e-04   3.44e-03   2.09e-03   0.00e+00 (  1.30e+01,  9.64e+01)
15      0.020   1.52e-01   2.65e-02   3.11e-04   1.51e-01   0.00e+00 (  1.07e+02,  1.44e+02)
20      0.060   1.74e-01   1.02e-01  -1.69e-02   5.18e-01   0.00e+00 (  1.29e+02,  1.83e+02)
25      0.077   1.97e-01   1.36e-01   2.70e-03   7.57e-01   0.00e+00 (  1.45e+02,  2.08e+02)
30      0.078   2.37e-01   1.70e-01  -2.33e-02   8.49e-01   0.00e+00 (  1.63e+02,  2.23e+02)
35      0.122   3.15e-01   2.72e-01   1.03e-01   1.44e+00   0.00e+00 (  1.87e+02,  2.27e+02)
40      0.111   3.23e-01   3.06e-01   9.63e-02   1.39e+00   0.00e+00 (  1.77e+02,  2.23e+02)
45      0.122   3.46e-01   3.52e-01   1.13e-01   1.63e+00   0.00e+00 (  1.72e+02,  2.13e+02)
50      0.137   3.83e-01   4.23e-01   2.06e-01   1.92e+00   0.00e+00 (  1.64e+02,  1.99e+02)
55      0.155   4.21e-01   5.16e-01   2.78e-01   2.26e+00   0.00e+00 (  1.56e+02,  1.82e+02)
60      0.147   4.20e-01   5.31e-01   3.28e-01   2.21e+00   0.00e+00 (  1.38e+02,  1.64e+02)
65      0.158   4.40e-01   6.00e-01   4.09e-01   2.46e+00   0.00e+00 (  1.24e+02,  1.46e+02)
70      0.192   4.88e-01   7.39e-01   5.40e-01   3.04e+00   0.00e+00 (  1.14e+02,  1.29e+02)
75      0.201   4.94e-01   7.86e-01   6.23e-01   3.28e+00   0.00e+00 (  9.89e+01,  1.13e+02)
80      0.215   4.86e-01   8.22e-01   6.57e-01   3.70e+00   0.00e+00 (  7.95e+01,  9.74e+01)
85      0.295   7.16e-01   9.86e-01   6.67e-01   6.41e+00   0.00e+00 (  8.51e+01,  8.29e+01)
90      3.159   7.78e+00   8.95e+00   5.54e+00   1.39e+02   0.00e+00 (  2.34e+03,  6.86e+01)
95      0.781   1.33e+00   1.90e+00   1.40e+00   6.47e+01   0.00e+00 (  1.01e+03,  5.44e+01)
15 e: 9.853e-06 i: 1.417e-05 :: e: 1.296e-02 i: 1.184e-02 :: n: 3.012e+01 e:23.463 i:29.041 v:4.993e+03
>>> tau_he = 5.000000, nhe(0)=3.844702e+00
 5     -0.012   1.08e-02   1.17e+00   5.05e-03  -5.84e-02   0.00e+00 (  3.95e+00,  4.76e+01)
10     -0.000   1.64e-02   3.98e-04   3.14e-03  -2.38e-03   0.00e+00 (  1.16e+01,  9.64e+01)
15      0.021   1.53e-01   2.68e-02   5.80e-04   1.61e-01   0.00e+00 (  1.07e+02,  1.44e+02)
20      0.060   1.73e-01   1.01e-01  -1.66e-02   5.26e-01   0.00e+00 (  1.28e+02,  1.83e+02)
25      0.077   1.97e-01   1.35e-01   2.72e-03   7.57e-01   0.00e+00 (  1.45e+02,  2.08e+02)
30      0.078   2.36e-01   1.69e-01  -2.29e-02   8.49e-01   0.00e+00 (  1.63e+02,  2.23e+02)
35      0.122   3.14e-01   2.71e-01   1.02e-01   1.43e+00   0.00e+00 (  1.86e+02,  2.27e+02)
40      0.110   3.21e-01   3.05e-01   9.50e-02   1.39e+00   0.00e+00 (  1.76e+02,  2.23e+02)
45      0.122   3.46e-01   3.51e-01   1.12e-01   1.62e+00   0.00e+00 (  1.71e+02,  2.13e+02)
50      0.137   3.82e-01   4.21e-01   2.05e-01   1.91e+00   0.00e+00 (  1.64e+02,  1.99e+02)
55      0.155   4.20e-01   5.14e-01   2.77e-01   2.26e+00   0.00e+00 (  1.55e+02,  1.82e+02)
60      0.147   4.19e-01   5.29e-01   3.27e-01   2.22e+00   0.00e+00 (  1.37e+02,  1.64e+02)
65      0.159   4.39e-01   5.99e-01   4.08e-01   2.46e+00   0.00e+00 (  1.23e+02,  1.46e+02)
70      0.192   4.88e-01   7.38e-01   5.40e-01   3.05e+00   0.00e+00 (  1.13e+02,  1.29e+02)
75      0.202   4.94e-01   7.87e-01   6.23e-01   3.29e+00   0.00e+00 (  9.87e+01,  1.13e+02)
80      0.216   4.87e-01   8.24e-01   6.59e-01   3.72e+00   0.00e+00 (  7.96e+01,  9.74e+01)
85      0.296   7.17e-01   9.88e-01   6.69e-01   6.42e+00   0.00e+00 (  8.52e+01,  8.29e+01)
90      3.159   7.78e+00   8.95e+00   5.54e+00   1.39e+02   0.00e+00 (  2.34e+03,  6.86e+01)
95      0.781   1.33e+00   1.90e+00   1.40e+00   6.47e+01   0.00e+00 (  1.01e+03,  5.44e+01)
16 e: 7.750e-06 i: 1.139e-05 :: e: 1.147e-02 i: 1.005e-02 :: n: 3.012e+01 e:23.466 i:29.029 v:4.993e+03
>>> tau_he = 5.000000, nhe(0)=3.843950e+00
 5     -0.012   1.08e-02   1.17e+00   5.06e-03  -5.85e-02   0.00e+00 (  3.95e+00,  4.76e+01)
10     -0.000   1.65e-02   6.58e-05   3.34e-03  -2.28e-03   0.00e+00 (  1.17e+01,  9.64e+01)
15      0.024   1.57e-01   2.66e-02   9.15e-04   1.77e-01   0.00e+00 (  1.09e+02,  1.44e+02)
20      0.060   1.74e-01   1.00e-01  -1.66e-02   5.24e-01   0.00e+00 (  1.28e+02,  1.83e+02)
25      0.077   1.97e-01   1.36e-01   2.70e-03   7.57e-01   0.00e+00 (  1.45e+02,  2.08e+02)
30      0.079   2.37e-01   1.70e-01  -2.33e-02   8.50e-01   0.00e+00 (  1.63e+02,  2.23e+02)
35      0.122   3.14e-01   2.72e-01   1.03e-01   1.44e+00   0.00e+00 (  1.86e+02,  2.27e+02)
40      0.111   3.22e-01   3.06e-01   9.52e-02   1.39e+00   0.00e+00 (  1.77e+02,  2.23e+02)
45      0.122   3.47e-01   3.52e-01   1.13e-01   1.63e+00   0.00e+00 (  1.72e+02,  2.13e+02)
50      0.137   3.83e-01   4.23e-01   2.06e-01   1.92e+00   0.00e+00 (  1.64e+02,  1.99e+02)
55      0.155   4.21e-01   5.16e-01   2.78e-01   2.26e+00   0.00e+00 (  1.56e+02,  1.82e+02)
60      0.147   4.20e-01   5.31e-01   3.28e-01   2.22e+00   0.00e+00 (  1.38e+02,  1.64e+02)
65      0.158   4.40e-01   6.00e-01   4.09e-01   2.46e+00   0.00e+00 (  1.24e+02,  1.46e+02)
70      0.192   4.89e-01   7.39e-01   5.40e-01   3.05e+00   0.00e+00 (  1.14e+02,  1.29e+02)
75      0.202   4.95e-01   7.87e-01   6.23e-01   3.28e+00   0.00e+00 (  9.90e+01,  1.13e+02)
80      0.215   4.87e-01   8.23e-01   6.58e-01   3.71e+00   0.00e+00 (  7.97e+01,  9.74e+01)
85      0.295   7.16e-01   9.88e-01   6.68e-01   6.42e+00   0.00e+00 (  8.54e+01,  8.29e+01)
90      3.159   7.78e+00   8.95e+00   5.54e+00   1.39e+02   0.00e+00 (  2.34e+03,  6.86e+01)
95      0.781   1.33e+00   1.90e+00   1.40e+00   6.47e+01   0.00e+00 (  1.01e+03,  5.44e+01)
17 e: 9.293e-06 i: 9.214e-06 :: e: 1.141e-02 i: 9.944e-03 :: n: 3.012e+01 e:23.418 i:29.050 v:4.993e+03
>>> tau_he = 5.000000, nhe(0)=3.845340e+00
 5     -0.012   1.08e-02   1.16e+00   5.04e-03  -5.86e-02   0.00e+00 (  3.95e+00,  4.76e+01)
10     -0.000   1.66e-02   9.35e-05   3.39e-03  -2.23e-03   0.00e+00 (  1.17e+01,  9.64e+01)
15      0.026   1.57e-01   2.69e-02   1.17e-03   1.94e-01   0.00e+00 (  1.08e+02,  1.44e+02)
20      0.062   1.72e-01   9.93e-02  -1.64e-02   5.36e-01   0.00e+00 (  1.25e+02,  1.83e+02)
25      0.077   1.97e-01   1.35e-01   2.72e-03   7.58e-01   0.00e+00 (  1.45e+02,  2.08e+02)
30      0.078   2.36e-01   1.69e-01  -2.29e-02   8.50e-01   0.00e+00 (  1.62e+02,  2.23e+02)
35      0.122   3.14e-01   2.71e-01   1.02e-01   1.43e+00   0.00e+00 (  1.86e+02,  2.27e+02)
40      0.110   3.21e-01   3.05e-01   9.50e-02   1.39e+00   0.00e+00 (  1.76e+02,  2.23e+02)
45      0.122   3.46e-01   3.51e-01   1.12e-01   1.62e+00   0.00e+00 (  1.71e+02,  2.13e+02)
50      0.137   3.82e-01   4.21e-01   2.05e-01   1.91e+00   0.00e+00 (  1.64e+02,  1.99e+02)
55      0.154   4.20e-01   5.14e-01   2.77e-01   2.25e+00   0.00e+00 (  1.55e+02,  1.82e+02)
60      0.147   4.19e-01   5.29e-01   3.27e-01   2.22e+00   0.00e+00 (  1.37e+02,  1.64e+02)
65      0.159   4.39e-01   5.98e-01   4.08e-01   2.46e+00   0.00e+00 (  1.23e+02,  1.46e+02)
70      0.192   4.88e-01   7.38e-01   5.39e-01   3.05e+00   0.00e+00 (  1.13e+02,  1.29e+02)
75      0.202   4.94e-01   7.87e-01   6.23e-01   3.29e+00   0.00e+00 (  9.87e+01,  1.13e+02)
80      0.216   4.87e-01   8.24e-01   6.59e-01   3.72e+00   0.00e+00 (  7.96e+01,  9.74e+01)
85      0.296   7.17e-01   9.89e-01   6.69e-01   6.43e+00   0.00e+00 (  8.54e+01,  8.29e+01)
90      3.159   7.78e+00   8.95e+00   5.54e+00   1.39e+02   0.00e+00 (  2.34e+03,  6.86e+01)
95      0.781   1.33e+00   1.90e+00   1.40e+00   6.47e+01   0.00e+00 (  1.01e+03,  5.44e+01)
18 e: 5.820e-06 i: 7.708e-06 :: e: 9.252e-03 i: 7.920e-03 :: n: 3.012e+01 e:23.420 i:29.033 v:4.993e+03
>>> tau_he = 5.000000, nhe(0)=3.844234e+00
 5     -0.012   1.08e-02   1.16e+00   5.05e-03  -5.87e-02   0.00e+00 (  3.95e+00,  4.76e+01)
10     -0.000   1.66e-02   1.43e-04   3.41e-03  -2.17e-03   0.00e+00 (  1.18e+01,  9.64e+01)
15      0.028   1.57e-01   2.75e-02   1.25e-03   2.07e-01   0.00e+00 (  1.07e+02,  1.44e+02)
20      0.062   1.72e-01   9.90e-02  -1.63e-02   5.42e-01   0.00e+00 (  1.25e+02,  1.83e+02)
25      0.077   1.97e-01   1.36e-01   2.71e-03   7.57e-01   0.00e+00 (  1.45e+02,  2.08e+02)
30      0.079   2.36e-01   1.70e-01  -2.31e-02   8.50e-01   0.00e+00 (  1.63e+02,  2.23e+02)
35      0.122   3.14e-01   2.71e-01   1.02e-01   1.43e+00   0.00e+00 (  1.86e+02,  2.27e+02)
40      0.111   3.22e-01   3.06e-01   9.52e-02   1.39e+00   0.00e+00 (  1.76e+02,  2.23e+02)
45      0.122   3.46e-01   3.52e-01   1.13e-01   1.63e+00   0.00e+00 (  1.71e+02,  2.13e+02)
50      0.137   3.83e-01   4.23e-01   2.06e-01   1.92e+00   0.00e+00 (  1.64e+02,  1.99e+02)
55      0.155   4.21e-01   5.15e-01   2.77e-01   2.26e+00   0.00e+00 (  1.55e+02,  1.82e+02)
60      0.147   4.19e-01   5.30e-01   3.28e-01   2.21e+00   0.00e+00 (  1.38e+02,  1.64e+02)
65      0.158   4.39e-01   5.99e-01   4.08e-01   2.46e+00   0.00e+00 (  1.24e+02,  1.46e+02)
70      0.192   4.88e-01   7.38e-01   5.40e-01   3.04e+00   0.00e+00 (  1.14e+02,  1.29e+02)
75      0.201   4.94e-01   7.86e-01   6.22e-01   3.28e+00   0.00e+00 (  9.88e+01,  1.13e+02)
80      0.215   4.86e-01   8.22e-01   6.58e-01   3.71e+00   0.00e+00 (  7.97e+01,  9.74e+01)
85      0.296   7.16e-01   9.88e-01   6.69e-01   6.42e+00   0.00e+00 (  8.55e+01,  8.29e+01)
90      3.159   7.78e+00   8.95e+00   5.54e+00   1.39e+02   0.00e+00 (  2.34e+03,  6.86e+01)
95      0.781   1.33e+00   1.90e+00   1.40e+00   6.47e+01   0.00e+00 (  1.01e+03,  5.44e+01)
19 e: 6.478e-06 i: 5.805e-06 :: e: 8.552e-03 i: 7.531e-03 :: n: 3.012e+01 e:23.375 i:29.048 v:4.993e+03
>>> tau_he = 5.000000, nhe(0)=3.845227e+00
 5     -0.012   1.08e-02   1.16e+00   5.03e-03  -5.88e-02   0.00e+00 (  3.95e+00,  4.76e+01)
10     -0.000   1.67e-02   1.99e-04   3.43e-03  -2.08e-03   0.00e+00 (  1.18e+01,  9.64e+01)
15      0.029   1.57e-01   2.76e-02   1.47e-03   2.20e-01   0.00e+00 (  1.06e+02,  1.44e+02)
20      0.063   1.71e-01   9.83e-02  -1.61e-02   5.46e-01   0.00e+00 (  1.24e+02,  1.83e+02)
25      0.077   1.97e-01   1.35e-01   2.72e-03   7.57e-01   0.00e+00 (  1.45e+02,  2.08e+02)
30      0.078   2.36e-01   1.69e-01  -2.27e-02   8.49e-01   0.00e+00 (  1.62e+02,  2.23e+02)
35      0.122   3.13e-01   2.70e-01   1.02e-01   1.43e+00   0.00e+00 (  1.85e+02,  2.27e+02)
40      0.110   3.21e-01   3.05e-01   9.49e-02   1.39e+00   0.00e+00 (  1.76e+02,  2.23e+02)
45      0.122   3.46e-01   3.51e-01   1.13e-01   1.62e+00   0.00e+00 (  1.71e+02,  2.13e+02)
50      0.136   3.82e-01   4.21e-01   2.05e-01   1.91e+00   0.00e+00 (  1.63e+02,  1.99e+02)
55      0.154   4.20e-01   5.13e-01   2.76e-01   2.25e+00   0.00e+00 (  1.55e+02,  1.82e+02)
60      0.147   4.18e-01   5.29e-01   3.27e-01   2.21e+00   0.00e+00 (  1.37e+02,  1.64e+02)
65      0.158   4.38e-01   5.97e-01   4.07e-01   2.46e+00   0.00e+00 (  1.23e+02,  1.46e+02)
70      0.192   4.87e-01   7.37e-01   5.39e-01   3.05e+00   0.00e+00 (  1.13e+02,  1.29e+02)
75      0.202   4.93e-01   7.85e-01   6.22e-01   3.29e+00   0.00e+00 (  9.84e+01,  1.13e+02)
80      0.216   4.86e-01   8.23e-01   6.58e-01   3.71e+00   0.00e+00 (  7.95e+01,  9.74e+01)
85      0.296   7.17e-01   9.89e-01   6.69e-01   6.42e+00   0.00e+00 (  8.54e+01,  8.29e+01)
90      3.159   7.78e+00   8.95e+00   5.54e+00   1.39e+02   0.00e+00 (  2.34e+03,  6.86e+01)
95      0.781   1.33e+00   1.90e+00   1.40e+00   6.47e+01   0.00e+00 (  1.01e+03,  5.44e+01)
20 e: 3.685e-06 i: 5.257e-06 :: e: 6.689e-03 i: 5.545e-03 :: n: 3.012e+01 e:23.378 i:29.029 v:4.993e+03
>>> tau_he = 5.000000, nhe(0)=3.843970e+00
 5     -0.012   1.08e-02   1.15e+00   5.04e-03  -5.88e-02   0.00e+00 (  3.95e+00,  4.76e+01)
10     -0.000   1.67e-02   2.40e-04   3.45e-03  -2.03e-03   0.00e+00 (  1.18e+01,  9.64e+01)
15      0.031   1.57e-01   2.81e-02   1.54e-03   2.29e-01   0.00e+00 (  1.06e+02,  1.44e+02)
20      0.053   1.71e-01   9.79e-02  -1.66e-02   4.64e-01   0.00e+00 (  1.24e+02,  1.83e+02)
25      0.077   1.97e-01   1.36e-01   2.71e-03   7.57e-01   0.00e+00 (  1.45e+02,  2.08e+02)
30      0.078   2.36e-01   1.70e-01  -2.29e-02   8.50e-01   0.00e+00 (  1.62e+02,  2.23e+02)
35      0.122   3.13e-01   2.71e-01   1.02e-01   1.43e+00   0.00e+00 (  1.86e+02,  2.27e+02)
40      0.110   3.21e-01   3.05e-01   9.51e-02   1.39e+00   0.00e+00 (  1.76e+02,  2.23e+02)
45      0.122   3.46e-01   3.52e-01   1.13e-01   1.62e+00   0.00e+00 (  1.71e+02,  2.13e+02)
50      0.137   3.82e-01   4.22e-01   2.06e-01   1.92e+00   0.00e+00 (  1.64e+02,  1.99e+02)
55      0.154   4.20e-01   5.15e-01   2.77e-01   2.25e+00   0.00e+00 (  1.55e+02,  1.82e+02)
60      0.146   4.19e-01   5.30e-01   3.27e-01   2.21e+00   0.00e+00 (  1.37e+02,  1.64e+02)
65      0.158   4.38e-01   5.98e-01   4.08e-01   2.45e+00   0.00e+00 (  1.23e+02,  1.46e+02)
70      0.191   4.87e-01   7.37e-01   5.39e-01   3.04e+00   0.00e+00 (  1.13e+02,  1.29e+02)
75      0.201   4.93e-01   7.85e-01   6.21e-01   3.28e+00   0.00e+00 (  9.85e+01,  1.13e+02)
80      0.215   4.86e-01   8.21e-01   6.56e-01   3.70e+00   0.00e+00 (  7.94e+01,  9.74e+01)
85      0.295   7.16e-01   9.88e-01   6.68e-01   6.41e+00   0.00e+00 (  8.54e+01,  8.29e+01)
90      3.159   7.78e+00   8.95e+00   5.54e+00   1.39e+02   0.00e+00 (  2.34e+03,  6.86e+01)
95      0.781   1.33e+00   1.90e+00   1.40e+00   6.47e+01   0.00e+00 (  1.01e+03,  5.44e+01)
21 e: 4.678e-06 i: 3.613e-06 :: e: 6.032e-03 i: 5.212e-03 :: n: 3.012e+01 e:23.337 i:29.041 v:4.993e+03
>>> tau_he = 5.000000, nhe(0)=3.844776e+00
 5     -0.012   1.08e-02   1.15e+00   5.03e-03  -5.89e-02   0.00e+00 (  3.95e+00,  4.76e+01)
10     -0.001   1.68e-02   3.39e-04   3.37e-03  -4.54e-03   0.00e+00 (  1.18e+01,  9.64e+01)
15      0.032   1.57e-01   2.81e-02   1.73e-03   2.40e-01   0.00e+00 (  1.05e+02,  1.44e+02)
20      0.054   1.71e-01   9.73e-02  -1.64e-02   4.68e-01   0.00e+00 (  1.23e+02,  1.83e+02)
25      0.077   1.97e-01   1.35e-01   2.72e-03   7.56e-01   0.00e+00 (  1.45e+02,  2.08e+02)
30      0.078   2.36e-01   1.69e-01  -2.25e-02   8.48e-01   0.00e+00 (  1.62e+02,  2.23e+02)
35      0.122   3.13e-01   2.70e-01   1.02e-01   1.43e+00   0.00e+00 (  1.85e+02,  2.27e+02)
40      0.110   3.21e-01   3.04e-01   9.48e-02   1.39e+00   0.00e+00 (  1.75e+02,  2.23e+02)
45      0.121   3.45e-01   3.51e-01   1.13e-01   1.62e+00   0.00e+00 (  1.70e+02,  2.13e+02)
50      0.136   3.81e-01   4.21e-01   2.05e-01   1.91e+00   0.00e+00 (  1.63e+02,  1.99e+02)
55      0.154   4.19e-01   5.12e-01   2.76e-01   2.25e+00   0.00e+00 (  1.54e+02,  1.82e+02)
60      0.146   4.18e-01   5.28e-01   3.26e-01   2.21e+00   0.00e+00 (  1.36e+02,  1.64e+02)
65      0.158   4.37e-01   5.96e-01   4.07e-01   2.45e+00   0.00e+00 (  1.23e+02,  1.46e+02)
70      0.191   4.86e-01   7.35e-01   5.38e-01   3.04e+00   0.00e+00 (  1.13e+02,  1.29e+02)
75      0.201   4.92e-01   7.84e-01   6.21e-01   3.28e+00   0.00e+00 (  9.80e+01,  1.13e+02)
80      0.215   4.85e-01   8.21e-01   6.56e-01   3.70e+00   0.00e+00 (  7.92e+01,  9.74e+01)
85      0.296   7.17e-01   9.88e-01   6.68e-01   6.42e+00   0.00e+00 (  8.53e+01,  8.29e+01)
90      3.159   7.78e+00   8.95e+00   5.54e+00   1.39e+02   0.00e+00 (  2.34e+03,  6.86e+01)
95      0.781   1.33e+00   1.90e+00   1.40e+00   6.47e+01   0.00e+00 (  1.01e+03,  5.44e+01)
22 e: 2.364e-06 i: 3.523e-06 :: e: 4.360e-03 i: 3.403e-03 :: n: 3.012e+01 e:23.341 i:29.022 v:4.993e+03
>>> tau_he = 5.000000, nhe(0)=3.843517e+00
 5     -0.012   1.08e-02   1.15e+00   5.03e-03  -5.89e-02   0.00e+00 (  3.94e+00,  4.76e+01)
10     -0.001   1.68e-02   3.72e-04   3.38e-03  -4.50e-03   0.00e+00 (  1.19e+01,  9.64e+01)
15      0.037   1.54e-01   2.84e-02   1.52e-03   2.79e-01   0.00e+00 (  1.03e+02,  1.44e+02)
20      0.054   1.70e-01   9.73e-02  -1.64e-02   4.70e-01   0.00e+00 (  1.23e+02,  1.83e+02)
25      0.077   1.97e-01   1.36e-01   2.72e-03   7.55e-01   0.00e+00 (  1.45e+02,  2.08e+02)
30      0.078   2.36e-01   1.69e-01  -2.28e-02   8.48e-01   0.00e+00 (  1.62e+02,  2.23e+02)
35      0.122   3.13e-01   2.71e-01   1.02e-01   1.43e+00   0.00e+00 (  1.85e+02,  2.27e+02)
40      0.110   3.21e-01   3.05e-01   9.50e-02   1.39e+00   0.00e+00 (  1.76e+02,  2.23e+02)
45      0.122   3.45e-01   3.52e-01   1.13e-01   1.62e+00   0.00e+00 (  1.71e+02,  2.13e+02)
50      0.136   3.82e-01   4.22e-01   2.06e-01   1.91e+00   0.00e+00 (  1.63e+02,  1.99e+02)
55      0.154   4.19e-01   5.14e-01   2.77e-01   2.25e+00   0.00e+00 (  1.55e+02,  1.82e+02)
60      0.146   4.18e-01   5.29e-01   3.27e-01   2.21e+00   0.00e+00 (  1.37e+02,  1.64e+02)
65      0.158   4.37e-01   5.97e-01   4.07e-01   2.45e+00   0.00e+00 (  1.23e+02,  1.46e+02)
70      0.191   4.86e-01   7.35e-01   5.38e-01   3.03e+00   0.00e+00 (  1.13e+02,  1.29e+02)
75      0.201   4.92e-01   7.83e-01   6.20e-01   3.27e+00   0.00e+00 (  9.81e+01,  1.13e+02)
80      0.215   4.85e-01   8.19e-01   6.55e-01   3.69e+00   0.00e+00 (  7.91e+01,  9.74e+01)
85      0.295   7.16e-01   9.86e-01   6.67e-01   6.41e+00   0.00e+00 (  8.53e+01,  8.29e+01)
90      3.159   7.78e+00   8.95e+00   5.54e+00   1.39e+02   0.00e+00 (  2.34e+03,  6.86e+01)
95      0.781   1.33e+00   1.90e+00   1.40e+00   6.47e+01   0.00e+00 (  1.01e+03,  5.44e+01)
23 e: 2.782e-06 i: 2.280e-06 :: e: 3.700e-03 i: 3.298e-03 :: n: 3.012e+01 e:23.307 i:29.034 v:4.993e+03
>>> tau_he = 5.000000, nhe(0)=3.844267e+00
 5     -0.012   1.08e-02   1.14e+00   5.02e-03  -5.90e-02   0.00e+00 (  3.94e+00,  4.76e+01)
10     -0.001   1.69e-02   4.12e-04   3.39e-03  -4.41e-03   0.00e+00 (  1.19e+01,  9.64e+01)
15      0.038   1.54e-01   2.83e-02   1.66e-03   2.86e-01   0.00e+00 (  1.02e+02,  1.44e+02)
20      0.054   1.70e-01   9.68e-02  -1.62e-02   4.73e-01   0.00e+00 (  1.22e+02,  1.83e+02)
25      0.077   1.97e-01   1.35e-01   2.73e-03   7.55e-01   0.00e+00 (  1.45e+02,  2.08e+02)
30      0.078   2.35e-01   1.69e-01  -2.24e-02   8.47e-01   0.00e+00 (  1.62e+02,  2.23e+02)
35      0.121   3.12e-01   2.70e-01   1.02e-01   1.43e+00   0.00e+00 (  1.84e+02,  2.27e+02)
40      0.110   3.20e-01   3.04e-01   9.47e-02   1.39e+00   0.00e+00 (  1.75e+02,  2.23e+02)
45      0.121   3.45e-01   3.50e-01   1.13e-01   1.62e+00   0.00e+00 (  1.70e+02,  2.13e+02)
50      0.136   3.81e-01   4.20e-01   2.05e-01   1.91e+00   0.00e+00 (  1.63e+02,  1.99e+02)
55      0.154   4.18e-01   5.12e-01   2.76e-01   2.24e+00   0.00e+00 (  1.54e+02,  1.82e+02)
60      0.146   4.17e-01   5.27e-01   3.26e-01   2.21e+00   0.00e+00 (  1.36e+02,  1.64e+02)
65      0.158   4.36e-01   5.95e-01   4.06e-01   2.45e+00   0.00e+00 (  1.22e+02,  1.46e+02)
70      0.191   4.85e-01   7.34e-01   5.37e-01   3.04e+00   0.00e+00 (  1.12e+02,  1.29e+02)
75      0.201   4.91e-01   7.82e-01   6.19e-01   3.27e+00   0.00e+00 (  9.77e+01,  1.13e+02)
80      0.215   4.84e-01   8.19e-01   6.55e-01   3.70e+00   0.00e+00 (  7.89e+01,  9.74e+01)
85      0.295   7.16e-01   9.86e-01   6.67e-01   6.41e+00   0.00e+00 (  8.52e+01,  8.29e+01)
90      3.159   7.78e+00   8.95e+00   5.54e+00   1.39e+02   0.00e+00 (  2.34e+03,  6.86e+01)
95      0.781   1.33e+00   1.90e+00   1.40e+00   6.47e+01   0.00e+00 (  1.01e+03,  5.44e+01)
24 e: 1.199e-06 i: 2.370e-06 :: e: 2.288e-03 i: 1.877e-03 :: n: 3.012e+01 e:23.315 i:29.017 v:4.993e+03
>>> tau_he = 5.000000, nhe(0)=3.843153e+00
 5     -0.012   1.07e-02   1.14e+00   5.03e-03  -5.90e-02   0.00e+00 (  3.94e+00,  4.76e+01)
10     -0.001   1.69e-02   4.41e-04   3.40e-03  -4.38e-03   0.00e+00 (  1.19e+01,  9.64e+01)
15      0.039   1.54e-01   2.87e-02   1.68e-03   2.91e-01   0.00e+00 (  1.02e+02,  1.44e+02)
20      0.054   1.70e-01   9.69e-02  -1.63e-02   4.74e-01   0.00e+00 (  1.22e+02,  1.83e+02)
25      0.077   1.97e-01   1.36e-01   2.72e-03   7.54e-01   0.00e+00 (  1.45e+02,  2.08e+02)
30      0.078   2.36e-01   1.69e-01  -2.27e-02   8.47e-01   0.00e+00 (  1.62e+02,  2.23e+02)
35      0.121   3.12e-01   2.70e-01   1.02e-01   1.43e+00   0.00e+00 (  1.85e+02,  2.27e+02)
40      0.110   3.20e-01   3.05e-01   9.49e-02   1.39e+00   0.00e+00 (  1.75e+02,  2.23e+02)
45      0.121   3.45e-01   3.51e-01   1.13e-01   1.62e+00   0.00e+00 (  1.70e+02,  2.13e+02)
50      0.136   3.81e-01   4.22e-01   2.05e-01   1.91e+00   0.00e+00 (  1.63e+02,  1.99e+02)
55      0.154   4.19e-01   5.13e-01   2.77e-01   2.25e+00   0.00e+00 (  1.54e+02,  1.82e+02)
60      0.146   4.17e-01   5.28e-01   3.26e-01   2.20e+00   0.00e+00 (  1.36e+02,  1.64e+02)
65      0.157   4.37e-01   5.96e-01   4.06e-01   2.44e+00   0.00e+00 (  1.22e+02,  1.46e+02)
70      0.191   4.85e-01   7.34e-01   5.37e-01   3.03e+00   0.00e+00 (  1.12e+02,  1.29e+02)
75      0.201   4.91e-01   7.81e-01   6.19e-01   3.27e+00   0.00e+00 (  9.77e+01,  1.13e+02)
80      0.214   4.84e-01   8.17e-01   6.53e-01   3.69e+00   0.00e+00 (  7.88e+01,  9.74e+01)
85      0.295   7.15e-01   9.85e-01   6.66e-01   6.40e+00   0.00e+00 (  8.51e+01,  8.29e+01)
90      3.159   7.78e+00   8.95e+00   5.54e+00   1.39e+02   0.00e+00 (  2.34e+03,  6.86e+01)
95      0.781   1.33e+00   1.90e+00   1.40e+00   6.47e+01   0.00e+00 (  1.01e+03,  5.44e+01)
25 e: 2.056e-06 i: 1.538e-06 :: e: 2.241e-03 i: 1.856e-03 :: n: 3.012e+01 e:23.285 i:29.029 v:4.993e+03
>>> tau_he = 5.000000, nhe(0)=3.843957e+00
 5     -0.012   1.08e-02   1.14e+00   5.02e-03  -5.90e-02   0.00e+00 (  3.94e+00,  4.76e+01)
10     -0.001   1.69e-02   4.76e-04   3.41e-03  -4.30e-03   0.00e+00 (  1.19e+01,  9.64e+01)
15      0.039   1.54e-01   2.86e-02   1.81e-03   2.96e-01   0.00e+00 (  1.02e+02,  1.44e+02)
20      0.055   1.70e-01   9.64e-02  -1.61e-02   4.76e-01   0.00e+00 (  1.22e+02,  1.83e+02)
25      0.077   1.97e-01   1.35e-01   2.73e-03   7.54e-01   0.00e+00 (  1.45e+02,  2.08e+02)
30      0.078   2.35e-01   1.69e-01  -2.24e-02   8.46e-01   0.00e+00 (  1.61e+02,  2.23e+02)
35      0.121   3.12e-01   2.69e-01   1.02e-01   1.43e+00   0.00e+00 (  1.84e+02,  2.27e+02)
40      0.110   3.20e-01   3.04e-01   9.47e-02   1.38e+00   0.00e+00 (  1.75e+02,  2.23e+02)
45      0.121   3.44e-01   3.50e-01   1.13e-01   1.62e+00   0.00e+00 (  1.70e+02,  2.13e+02)
50      0.136   3.80e-01   4.20e-01   2.05e-01   1.91e+00   0.00e+00 (  1.62e+02,  1.99e+02)
55      0.154   4.18e-01   5.11e-01   2.76e-01   2.24e+00   0.00e+00 (  1.53e+02,  1.82e+02)
60      0.146   4.16e-01   5.27e-01   3.26e-01   2.20e+00   0.00e+00 (  1.36e+02,  1.64e+02)
65      0.157   4.36e-01   5.94e-01   4.05e-01   2.44e+00   0.00e+00 (  1.22e+02,  1.46e+02)
70      0.191   4.84e-01   7.33e-01   5.36e-01   3.03e+00   0.00e+00 (  1.12e+02,  1.29e+02)
75      0.201   4.90e-01   7.81e-01   6.18e-01   3.27e+00   0.00e+00 (  9.74e+01,  1.13e+02)
80      0.215   4.83e-01   8.17e-01   6.53e-01   3.69e+00   0.00e+00 (  7.86e+01,  9.74e+01)
85      0.295   7.16e-01   9.85e-01   6.66e-01   6.41e+00   0.00e+00 (  8.50e+01,  8.29e+01)
90      3.159   7.78e+00   8.95e+00   5.54e+00   1.39e+02   0.00e+00 (  2.34e+03,  6.86e+01)
95      0.781   1.33e+00   1.90e+00   1.40e+00   6.47e+01   0.00e+00 (  1.01e+03,  5.44e+01)
26 e: 9.242e-07 i: 1.605e-06 :: e: 1.917e-03 i: 1.513e-03 :: n: 3.012e+01 e:23.295 i:29.014 v:4.993e+03
>>> tau_he = 5.000000, nhe(0)=3.842974e+00
 5     -0.012   1.07e-02   1.14e+00   5.03e-03  -5.90e-02   0.00e+00 (  3.94e+00,  4.76e+01)
10     -0.001   1.69e-02   5.01e-04   3.42e-03  -4.27e-03   0.00e+00 (  1.19e+01,  9.64e+01)
15      0.040   1.54e-01   2.90e-02   1.81e-03   3.00e-01   0.00e+00 (  1.02e+02,  1.44e+02)
20      0.055   1.70e-01   9.66e-02  -1.62e-02   4.77e-01   0.00e+00 (  1.22e+02,  1.83e+02)
25      0.077   1.97e-01   1.36e-01   2.72e-03   7.54e-01   0.00e+00 (  1.45e+02,  2.08e+02)
30      0.078   2.35e-01   1.69e-01  -2.26e-02   8.47e-01   0.00e+00 (  1.62e+02,  2.23e+02)
35      0.121   3.12e-01   2.70e-01   1.02e-01   1.43e+00   0.00e+00 (  1.84e+02,  2.27e+02)
40      0.110   3.20e-01   3.05e-01   9.48e-02   1.39e+00   0.00e+00 (  1.75e+02,  2.23e+02)
45      0.121   3.45e-01   3.51e-01   1.13e-01   1.62e+00   0.00e+00 (  1.70e+02,  2.13e+02)
50      0.136   3.81e-01   4.21e-01   2.05e-01   1.91e+00   0.00e+00 (  1.63e+02,  1.99e+02)
55      0.154   4.18e-01   5.13e-01   2.76e-01   2.24e+00   0.00e+00 (  1.54e+02,  1.82e+02)
60      0.146   4.17e-01   5.27e-01   3.26e-01   2.20e+00   0.00e+00 (  1.36e+02,  1.64e+02)
65      0.157   4.36e-01   5.95e-01   4.06e-01   2.44e+00   0.00e+00 (  1.22e+02,  1.46e+02)
70      0.191   4.85e-01   7.33e-01   5.36e-01   3.03e+00   0.00e+00 (  1.12e+02,  1.29e+02)
75      0.200   4.90e-01   7.80e-01   6.18e-01   3.26e+00   0.00e+00 (  9.75e+01,  1.13e+02)
80      0.214   4.83e-01   8.16e-01   6.52e-01   3.68e+00   0.00e+00 (  7.86e+01,  9.74e+01)
85      0.295   7.15e-01   9.84e-01   6.65e-01   6.40e+00   0.00e+00 (  8.50e+01,  8.29e+01)
90      3.159   7.78e+00   8.95e+00   5.54e+00   1.39e+02   0.00e+00 (  2.34e+03,  6.86e+01)
95      0.781   1.33e+00   1.90e+00   1.40e+00   6.47e+01   0.00e+00 (  1.01e+03,  5.44e+01)
27 e: 1.500e-06 i: 1.067e-06 :: e: 1.737e-03 i: 1.453e-03 :: n: 3.012e+01 e:23.268 i:29.027 v:4.993e+03
>>> tau_he = 5.000000, nhe(0)=3.843826e+00
 5     -0.012   1.07e-02   1.14e+00   5.02e-03  -5.91e-02   0.00e+00 (  3.94e+00,  4.76e+01)
10     -0.001   1.70e-02   5.31e-04   3.43e-03  -4.20e-03   0.00e+00 (  1.19e+01,  9.64e+01)
15      0.040   1.54e-01   2.88e-02   1.92e-03   3.04e-01   0.00e+00 (  1.01e+02,  1.44e+02)
20      0.055   1.70e-01   9.62e-02  -1.61e-02   4.78e-01   0.00e+00 (  1.22e+02,  1.83e+02)
25      0.077   1.97e-01   1.35e-01   2.73e-03   7.53e-01   0.00e+00 (  1.45e+02,  2.08e+02)
30      0.078   2.35e-01   1.69e-01  -2.23e-02   8.46e-01   0.00e+00 (  1.61e+02,  2.23e+02)
35      0.121   3.12e-01   2.69e-01   1.02e-01   1.42e+00   0.00e+00 (  1.84e+02,  2.27e+02)
40      0.110   3.20e-01   3.04e-01   9.46e-02   1.38e+00   0.00e+00 (  1.75e+02,  2.23e+02)
45      0.121   3.44e-01   3.50e-01   1.13e-01   1.62e+00   0.00e+00 (  1.70e+02,  2.13e+02)
50      0.136   3.80e-01   4.20e-01   2.05e-01   1.90e+00   0.00e+00 (  1.62e+02,  1.99e+02)
55      0.153   4.17e-01   5.11e-01   2.76e-01   2.24e+00   0.00e+00 (  1.53e+02,  1.82e+02)
60      0.146   4.16e-01   5.26e-01   3.25e-01   2.20e+00   0.00e+00 (  1.36e+02,  1.64e+02)
65      0.157   4.35e-01   5.94e-01   4.05e-01   2.44e+00   0.00e+00 (  1.22e+02,  1.46e+02)
70      0.191   4.84e-01   7.32e-01   5.35e-01   3.03e+00   0.00e+00 (  1.12e+02,  1.29e+02)
75      0.201   4.90e-01   7.80e-01   6.18e-01   3.27e+00   0.00e+00 (  9.72e+01,  1.13e+02)
80      0.214   4.83e-01   8.16e-01   6.53e-01   3.69e+00   0.00e+00 (  7.85e+01,  9.74e+01)
85      0.295   7.16e-01   9.84e-01   6.65e-01   6.40e+00   0.00e+00 (  8.49e+01,  8.29e+01)
90      3.159   7.78e+00   8.95e+00   5.54e+00   1.39e+02   0.00e+00 (  2.33e+03,  6.86e+01)
95      0.781   1.33e+00   1.90e+00   1.40e+00   6.47e+01   0.00e+00 (  1.01e+03,  5.44e+01)
28 e: 7.742e-07 i: 1.074e-06 :: e: 1.988e-03 i: 1.599e-03 :: n: 3.012e+01 e:23.280 i:29.014 v:4.993e+03
>>> tau_he = 5.000000, nhe(0)=3.842980e+00
 5     -0.012   1.07e-02   1.13e+00   5.02e-03  -5.91e-02   0.00e+00 (  3.94e+00,  4.76e+01)
10     -0.001   1.70e-02   5.51e-04   3.44e-03  -4.18e-03   0.00e+00 (  1.20e+01,  9.64e+01)
15      0.041   1.54e-01   2.91e-02   1.92e-03   3.07e-01   0.00e+00 (  1.01e+02,  1.44e+02)
20      0.055   1.70e-01   9.64e-02  -1.61e-02   4.79e-01   0.00e+00 (  1.22e+02,  1.83e+02)
25      0.077   1.97e-01   1.36e-01   2.73e-03   7.53e-01   0.00e+00 (  1.45e+02,  2.08e+02)
30      0.078   2.35e-01   1.69e-01  -2.26e-02   8.46e-01   0.00e+00 (  1.62e+02,  2.23e+02)
35      0.121   3.12e-01   2.70e-01   1.02e-01   1.43e+00   0.00e+00 (  1.84e+02,  2.27e+02)
40      0.110   3.20e-01   3.05e-01   9.48e-02   1.39e+00   0.00e+00 (  1.75e+02,  2.23e+02)
45      0.121   3.45e-01   3.51e-01   1.13e-01   1.62e+00   0.00e+00 (  1.70e+02,  2.13e+02)
50      0.136   3.81e-01   4.21e-01   2.05e-01   1.91e+00   0.00e+00 (  1.63e+02,  1.99e+02)
55      0.154   4.18e-01   5.12e-01   2.76e-01   2.24e+00   0.00e+00 (  1.54e+02,  1.82e+02)
60      0.146   4.17e-01   5.27e-01   3.26e-01   2.20e+00   0.00e+00 (  1.36e+02,  1.64e+02)
65      0.157   4.36e-01   5.94e-01   4.05e-01   2.44e+00   0.00e+00 (  1.22e+02,  1.46e+02)
70      0.190   4.84e-01   7.32e-01   5.36e-01   3.03e+00   0.00e+00 (  1.12e+02,  1.29e+02)
75      0.200   4.90e-01   7.79e-01   6.17e-01   3.26e+00   0.00e+00 (  9.73e+01,  1.13e+02)
80      0.214   4.82e-01   8.15e-01   6.52e-01   3.68e+00   0.00e+00 (  7.85e+01,  9.74e+01)
85      0.295   7.15e-01   9.83e-01   6.64e-01   6.40e+00   0.00e+00 (  8.49e+01,  8.29e+01)
90      3.159   7.78e+00   8.95e+00   5.54e+00   1.39e+02   0.00e+00 (  2.34e+03,  6.86e+01)
95      0.781   1.33e+00   1.90e+00   1.40e+00   6.47e+01   0.00e+00 (  1.01e+03,  5.44e+01)
29 e: 1.092e-06 i: 7.764e-07 :: e: 1.585e-03 i: 1.423e-03 :: n: 3.012e+01 e:23.257 i:29.028 v:4.993e+03
>>> tau_he = 5.000000, nhe(0)=3.843880e+00
 5     -0.012   1.07e-02   1.13e+00   5.01e-03  -5.91e-02   0.00e+00 (  3.94e+00,  4.76e+01)
10     -0.001   1.70e-02   5.77e-04   3.44e-03  -4.11e-03   0.00e+00 (  1.20e+01,  9.64e+01)
15      0.041   1.54e-01   2.90e-02   2.02e-03   3.11e-01   0.00e+00 (  1.01e+02,  1.44e+02)
20      0.055   1.70e-01   9.60e-02  -1.60e-02   4.80e-01   0.00e+00 (  1.21e+02,  1.83e+02)
25      0.077   1.97e-01   1.36e-01   2.73e-03   7.53e-01   0.00e+00 (  1.45e+02,  2.08e+02)
30      0.078   2.35e-01   1.69e-01  -2.23e-02   8.45e-01   0.00e+00 (  1.61e+02,  2.23e+02)
35      0.121   3.12e-01   2.69e-01   1.02e-01   1.42e+00   0.00e+00 (  1.84e+02,  2.27e+02)
40      0.110   3.20e-01   3.04e-01   9.46e-02   1.38e+00   0.00e+00 (  1.75e+02,  2.23e+02)
45      0.121   3.44e-01   3.50e-01   1.13e-01   1.62e+00   0.00e+00 (  1.70e+02,  2.13e+02)
50      0.136   3.80e-01   4.20e-01   2.05e-01   1.90e+00   0.00e+00 (  1.62e+02,  1.99e+02)
55      0.153   4.17e-01   5.11e-01   2.75e-01   2.24e+00   0.00e+00 (  1.53e+02,  1.82e+02)
60      0.146   4.16e-01   5.26e-01   3.25e-01   2.20e+00   0.00e+00 (  1.35e+02,  1.64e+02)
65      0.157   4.35e-01   5.93e-01   4.05e-01   2.44e+00   0.00e+00 (  1.22e+02,  1.46e+02)
70      0.191   4.84e-01   7.32e-01   5.35e-01   3.03e+00   0.00e+00 (  1.12e+02,  1.29e+02)
75      0.200   4.89e-01   7.79e-01   6.17e-01   3.26e+00   0.00e+00 (  9.71e+01,  1.13e+02)
80      0.214   4.82e-01   8.15e-01   6.52e-01   3.69e+00   0.00e+00 (  7.83e+01,  9.74e+01)
85      0.295   7.16e-01   9.84e-01   6.65e-01   6.40e+00   0.00e+00 (  8.48e+01,  8.29e+01)
90      3.158   7.78e+00   8.95e+00   5.54e+00   1.39e+02   0.00e+00 (  2.33e+03,  6.86e+01)
95      0.781   1.33e+00   1.90e+00   1.40e+00   6.47e+01   0.00e+00 (  1.01e+03,  5.44e+01)
30 e: 6.881e-07 i: 7.166e-07 :: e: 1.878e-03 i: 1.580e-03 :: n: 3.012e+01 e:23.270 i:29.017 v:4.993e+03
>>> tau_he = 5.000000, nhe(0)=3.843157e+00
 5     -0.012   1.07e-02   1.13e+00   5.02e-03  -5.91e-02   0.00e+00 (  3.94e+00,  4.76e+01)
10     -0.001   1.70e-02   5.94e-04   3.45e-03  -4.09e-03   0.00e+00 (  1.20e+01,  9.64e+01)
15      0.042   1.54e-01   2.92e-02   2.02e-03   3.13e-01   0.00e+00 (  1.01e+02,  1.44e+02)
20      0.055   1.70e-01   9.62e-02  -1.61e-02   4.81e-01   0.00e+00 (  1.21e+02,  1.83e+02)
25      0.077   1.97e-01   1.36e-01   2.73e-03   7.53e-01   0.00e+00 (  1.45e+02,  2.08e+02)
30      0.078   2.35e-01   1.69e-01  -2.26e-02   8.46e-01   0.00e+00 (  1.62e+02,  2.23e+02)
35      0.121   3.12e-01   2.70e-01   1.02e-01   1.43e+00   0.00e+00 (  1.84e+02,  2.27e+02)
40      0.110   3.20e-01   3.04e-01   9.48e-02   1.38e+00   0.00e+00 (  1.75e+02,  2.23e+02)
45      0.121   3.45e-01   3.51e-01   1.13e-01   1.62e+00   0.00e+00 (  1.70e+02,  2.13e+02)
50      0.136   3.81e-01   4.21e-01   2.05e-01   1.91e+00   0.00e+00 (  1.63e+02,  1.99e+02)
55      0.153   4.18e-01   5.12e-01   2.76e-01   2.24e+00   0.00e+00 (  1.54e+02,  1.82e+02)
60      0.146   4.16e-01   5.27e-01   3.26e-01   2.20e+00   0.00e+00 (  1.36e+02,  1.64e+02)
65      0.157   4.36e-01   5.94e-01   4.05e-01   2.44e+00   0.00e+00 (  1.22e+02,  1.46e+02)
70      0.190   4.84e-01   7.32e-01   5.35e-01   3.02e+00   0.00e+00 (  1.12e+02,  1.29e+02)
75      0.200   4.90e-01   7.79e-01   6.17e-01   3.26e+00   0.00e+00 (  9.72e+01,  1.13e+02)
80      0.214   4.82e-01   8.15e-01   6.51e-01   3.68e+00   0.00e+00 (  7.84e+01,  9.74e+01)
85      0.295   7.15e-01   9.83e-01   6.64e-01   6.40e+00   0.00e+00 (  8.48e+01,  8.29e+01)
90      3.159   7.78e+00   8.95e+00   5.54e+00   1.39e+02   0.00e+00 (  2.34e+03,  6.86e+01)
95      0.781   1.33e+00   1.90e+00   1.40e+00   6.47e+01   0.00e+00 (  1.01e+03,  5.44e+01)
31 e: 8.070e-07 i: 5.941e-07 :: e: 1.387e-03 i: 1.289e-03 :: n: 3.012e+01 e:23.250 i:29.031 v:4.993e+03
>>> tau_he = 5.000000, nhe(0)=3.844086e+00
 5     -0.012   1.07e-02   1.13e+00   5.01e-03  -5.92e-02   0.00e+00 (  3.94e+00,  4.76e+01)
10     -0.001   1.70e-02   6.17e-04   3.45e-03  -4.03e-03   0.00e+00 (  1.20e+01,  9.64e+01)
15      0.042   1.54e-01   2.91e-02   2.11e-03   3.16e-01   0.00e+00 (  1.01e+02,  1.44e+02)
20      0.055   1.69e-01   9.59e-02  -1.60e-02   4.82e-01   0.00e+00 (  1.21e+02,  1.83e+02)
25      0.077   1.97e-01   1.36e-01   2.74e-03   7.53e-01   0.00e+00 (  1.45e+02,  2.08e+02)
30      0.078   2.35e-01   1.69e-01  -2.24e-02   8.45e-01   0.00e+00 (  1.61e+02,  2.23e+02)
35      0.121   3.12e-01   2.69e-01   1.02e-01   1.42e+00   0.00e+00 (  1.84e+02,  2.27e+02)
40      0.110   3.20e-01   3.04e-01   9.46e-02   1.38e+00   0.00e+00 (  1.75e+02,  2.23e+02)
45      0.121   3.44e-01   3.50e-01   1.13e-01   1.62e+00   0.00e+00 (  1.70e+02,  2.13e+02)
50      0.136   3.80e-01   4.20e-01   2.05e-01   1.90e+00   0.00e+00 (  1.62e+02,  1.99e+02)
55      0.153   4.17e-01   5.11e-01   2.75e-01   2.24e+00   0.00e+00 (  1.53e+02,  1.82e+02)
60      0.146   4.16e-01   5.26e-01   3.25e-01   2.20e+00   0.00e+00 (  1.35e+02,  1.64e+02)
65      0.157   4.35e-01   5.93e-01   4.05e-01   2.44e+00   0.00e+00 (  1.21e+02,  1.46e+02)
70      0.191   4.84e-01   7.32e-01   5.35e-01   3.03e+00   0.00e+00 (  1.12e+02,  1.29e+02)
75      0.200   4.89e-01   7.79e-01   6.17e-01   3.26e+00   0.00e+00 (  9.70e+01,  1.13e+02)
80      0.214   4.82e-01   8.15e-01   6.52e-01   3.69e+00   0.00e+00 (  7.83e+01,  9.74e+01)
85      0.295   7.16e-01   9.83e-01   6.64e-01   6.40e+00   0.00e+00 (  8.48e+01,  8.29e+01)
90      3.158   7.78e+00   8.95e+00   5.54e+00   1.39e+02   0.00e+00 (  2.33e+03,  6.86e+01)
95      0.781   1.33e+00   1.90e+00   1.40e+00   6.47e+01   0.00e+00 (  1.01e+03,  5.44e+01)
32 e: 6.277e-07 i: 4.838e-07 :: e: 1.619e-03 i: 1.410e-03 :: n: 3.012e+01 e:23.264 i:29.021 v:4.993e+03
>>> tau_he = 5.000000, nhe(0)=3.843459e+00
 5     -0.012   1.07e-02   1.13e+00   5.02e-03  -5.92e-02   0.00e+00 (  3.94e+00,  4.76e+01)
10     -0.001   1.70e-02   6.31e-04   3.46e-03  -4.02e-03   0.00e+00 (  1.20e+01,  9.64e+01)
15      0.042   1.54e-01   2.93e-02   2.10e-03   3.18e-01   0.00e+00 (  1.01e+02,  1.44e+02)
20      0.055   1.70e-01   9.61e-02  -1.60e-02   4.82e-01   0.00e+00 (  1.21e+02,  1.83e+02)
25      0.077   1.97e-01   1.36e-01   2.73e-03   7.53e-01   0.00e+00 (  1.45e+02,  2.08e+02)
30      0.078   2.35e-01   1.69e-01  -2.26e-02   8.46e-01   0.00e+00 (  1.62e+02,  2.23e+02)
35      0.121   3.12e-01   2.70e-01   1.02e-01   1.43e+00   0.00e+00 (  1.84e+02,  2.27e+02)
40      0.110   3.20e-01   3.04e-01   9.48e-02   1.38e+00   0.00e+00 (  1.75e+02,  2.23e+02)
45      0.121   3.45e-01   3.51e-01   1.13e-01   1.62e+00   0.00e+00 (  1.70e+02,  2.13e+02)
50      0.136   3.81e-01   4.21e-01   2.05e-01   1.91e+00   0.00e+00 (  1.63e+02,  1.99e+02)
55      0.153   4.18e-01   5.12e-01   2.76e-01   2.24e+00   0.00e+00 (  1.54e+02,  1.82e+02)
60      0.146   4.16e-01   5.27e-01   3.26e-01   2.20e+00   0.00e+00 (  1.36e+02,  1.64e+02)
65      0.157   4.36e-01   5.94e-01   4.05e-01   2.44e+00   0.00e+00 (  1.22e+02,  1.46e+02)
70      0.190   4.84e-01   7.32e-01   5.35e-01   3.02e+00   0.00e+00 (  1.12e+02,  1.29e+02)
75      0.200   4.90e-01   7.79e-01   6.17e-01   3.26e+00   0.00e+00 (  9.72e+01,  1.13e+02)
80      0.214   4.82e-01   8.15e-01   6.51e-01   3.68e+00   0.00e+00 (  7.84e+01,  9.74e+01)
85      0.294   7.15e-01   9.83e-01   6.64e-01   6.40e+00   0.00e+00 (  8.48e+01,  8.29e+01)
90      3.159   7.78e+00   8.95e+00   5.54e+00   1.39e+02   0.00e+00 (  2.33e+03,  6.86e+01)
95      0.781   1.33e+00   1.90e+00   1.40e+00   6.47e+01   0.00e+00 (  1.01e+03,  5.44e+01)
33 e: 6.146e-07 i: 4.723e-07 :: e: 1.096e-03 i: 1.073e-03 :: n: 3.012e+01 e:23.246 i:29.036 v:4.993e+03
>>> tau_he = 5.000000, nhe(0)=3.844389e+00
 5     -0.012   1.07e-02   1.13e+00   5.01e-03  -5.92e-02   0.00e+00 (  3.94e+00,  4.76e+01)
10     -0.001   1.70e-02   6.50e-04   3.46e-03  -3.97e-03   0.00e+00 (  1.20e+01,  9.64e+01)
15      0.043   1.54e-01   2.92e-02   2.18e-03   3.20e-01   0.00e+00 (  1.00e+02,  1.44e+02)
20      0.056   1.69e-01   9.59e-02  -1.59e-02   4.83e-01   0.00e+00 (  1.21e+02,  1.83e+02)
25      0.077   1.97e-01   1.36e-01   2.74e-03   7.53e-01   0.00e+00 (  1.45e+02,  2.08e+02)
30      0.078   2.35e-01   1.69e-01  -2.24e-02   8.45e-01   0.00e+00 (  1.61e+02,  2.23e+02)
35      0.121   3.12e-01   2.69e-01   1.02e-01   1.42e+00   0.00e+00 (  1.84e+02,  2.27e+02)
40      0.110   3.20e-01   3.04e-01   9.46e-02   1.38e+00   0.00e+00 (  1.75e+02,  2.23e+02)
45      0.121   3.44e-01   3.50e-01   1.13e-01   1.62e+00   0.00e+00 (  1.70e+02,  2.13e+02)
50      0.136   3.80e-01   4.20e-01   2.05e-01   1.90e+00   0.00e+00 (  1.62e+02,  1.99e+02)
55      0.153   4.17e-01   5.11e-01   2.75e-01   2.24e+00   0.00e+00 (  1.53e+02,  1.82e+02)
60      0.146   4.16e-01   5.26e-01   3.25e-01   2.20e+00   0.00e+00 (  1.36e+02,  1.64e+02)
65      0.157   4.35e-01   5.93e-01   4.05e-01   2.44e+00   0.00e+00 (  1.22e+02,  1.46e+02)
70      0.191   4.84e-01   7.32e-01   5.35e-01   3.03e+00   0.00e+00 (  1.12e+02,  1.29e+02)
75      0.200   4.89e-01   7.79e-01   6.17e-01   3.26e+00   0.00e+00 (  9.71e+01,  1.13e+02)
80      0.214   4.82e-01   8.15e-01   6.52e-01   3.69e+00   0.00e+00 (  7.83e+01,  9.74e+01)
85      0.295   7.16e-01   9.83e-01   6.64e-01   6.40e+00   0.00e+00 (  8.47e+01,  8.29e+01)
90      3.158   7.78e+00   8.95e+00   5.54e+00   1.39e+02   0.00e+00 (  2.33e+03,  6.86e+01)
95      0.781   1.33e+00   1.90e+00   1.40e+00   6.47e+01   0.00e+00 (  1.01e+03,  5.44e+01)
34 e: 5.720e-07 i: 3.362e-07 :: e: 1.293e-03 i: 1.130e-03 :: n: 3.012e+01 e:23.260 i:29.027 v:4.993e+03
>>> tau_he = 5.000000, nhe(0)=3.843826e+00
 5     -0.012   1.07e-02   1.13e+00   5.02e-03  -5.92e-02   0.00e+00 (  3.94e+00,  4.76e+01)
10     -0.001   1.70e-02   6.62e-04   3.47e-03  -3.96e-03   0.00e+00 (  1.20e+01,  9.64e+01)
15      0.043   1.54e-01   2.94e-02   2.17e-03   3.22e-01   0.00e+00 (  1.00e+02,  1.44e+02)
20      0.056   1.70e-01   9.61e-02  -1.60e-02   4.84e-01   0.00e+00 (  1.21e+02,  1.83e+02)
25      0.077   1.97e-01   1.36e-01   2.73e-03   7.53e-01   0.00e+00 (  1.45e+02,  2.08e+02)
30      0.078   2.35e-01   1.69e-01  -2.26e-02   8.46e-01   0.00e+00 (  1.62e+02,  2.23e+02)
35      0.121   3.12e-01   2.70e-01   1.02e-01   1.43e+00   0.00e+00 (  1.84e+02,  2.27e+02)
40      0.110   3.20e-01   3.04e-01   9.48e-02   1.38e+00   0.00e+00 (  1.75e+02,  2.23e+02)
45      0.121   3.45e-01   3.51e-01   1.13e-01   1.62e+00   0.00e+00 (  1.70e+02,  2.13e+02)
50      0.136   3.81e-01   4.21e-01   2.05e-01   1.91e+00   0.00e+00 (  1.63e+02,  1.99e+02)
55      0.154   4.18e-01   5.12e-01   2.76e-01   2.24e+00   0.00e+00 (  1.54e+02,  1.82e+02)
60      0.146   4.17e-01   5.27e-01   3.26e-01   2.20e+00   0.00e+00 (  1.36e+02,  1.64e+02)
65      0.157   4.36e-01   5.94e-01   4.05e-01   2.44e+00   0.00e+00 (  1.22e+02,  1.46e+02)
70      0.190   4.84e-01   7.32e-01   5.36e-01   3.03e+00   0.00e+00 (  1.12e+02,  1.29e+02)
75      0.200   4.90e-01   7.79e-01   6.17e-01   3.26e+00   0.00e+00 (  9.72e+01,  1.13e+02)
80      0.214   4.82e-01   8.15e-01   6.52e-01   3.68e+00   0.00e+00 (  7.84e+01,  9.74e+01)
85      0.294   7.15e-01   9.83e-01   6.64e-01   6.40e+00   0.00e+00 (  8.48e+01,  8.29e+01)
90      3.159   7.78e+00   8.95e+00   5.54e+00   1.39e+02   0.00e+00 (  2.33e+03,  6.86e+01)
95      0.781   1.33e+00   1.90e+00   1.40e+00   6.47e+01   0.00e+00 (  1.01e+03,  5.44e+01)
35 e: 4.881e-07 i: 3.827e-07 :: e: 8.338e-04 i: 8.587e-04 :: n: 3.012e+01 e:23.243 i:29.041 v:4.993e+03
>>> tau_he = 5.000000, nhe(0)=3.844732e+00
 5     -0.012   1.08e-02   1.13e+00   5.01e-03  -5.93e-02   0.00e+00 (  3.94e+00,  4.76e+01)
10     -0.001   1.71e-02   6.79e-04   3.47e-03  -3.91e-03   0.00e+00 (  1.20e+01,  9.64e+01)
15      0.043   1.54e-01   2.92e-02   2.24e-03   3.24e-01   0.00e+00 (  1.00e+02,  1.44e+02)
20      0.056   1.69e-01   9.58e-02  -1.59e-02   4.85e-01   0.00e+00 (  1.21e+02,  1.83e+02)
25      0.077   1.97e-01   1.36e-01   2.74e-03   7.53e-01   0.00e+00 (  1.45e+02,  2.08e+02)
30      0.078   2.35e-01   1.69e-01  -2.25e-02   8.46e-01   0.00e+00 (  1.61e+02,  2.23e+02)
35      0.121   3.12e-01   2.69e-01   1.02e-01   1.42e+00   0.00e+00 (  1.84e+02,  2.27e+02)
40      0.110   3.20e-01   3.04e-01   9.46e-02   1.38e+00   0.00e+00 (  1.75e+02,  2.23e+02)
45      0.121   3.44e-01   3.50e-01   1.13e-01   1.62e+00   0.00e+00 (  1.70e+02,  2.13e+02)
50      0.136   3.80e-01   4.20e-01   2.05e-01   1.90e+00   0.00e+00 (  1.62e+02,  1.99e+02)
55      0.153   4.17e-01   5.11e-01   2.76e-01   2.24e+00   0.00e+00 (  1.53e+02,  1.82e+02)
60      0.146   4.16e-01   5.26e-01   3.25e-01   2.20e+00   0.00e+00 (  1.36e+02,  1.64e+02)
65      0.157   4.35e-01   5.94e-01   4.05e-01   2.44e+00   0.00e+00 (  1.22e+02,  1.46e+02)
70      0.191   4.84e-01   7.32e-01   5.35e-01   3.03e+00   0.00e+00 (  1.12e+02,  1.29e+02)
75      0.201   4.90e-01   7.79e-01   6.17e-01   3.27e+00   0.00e+00 (  9.71e+01,  1.13e+02)
80      0.214   4.83e-01   8.15e-01   6.52e-01   3.69e+00   0.00e+00 (  7.84e+01,  9.74e+01)
85      0.295   7.16e-01   9.83e-01   6.64e-01   6.40e+00   0.00e+00 (  8.48e+01,  8.29e+01)
90      3.158   7.78e+00   8.95e+00   5.54e+00   1.39e+02   0.00e+00 (  2.33e+03,  6.86e+01)
95      0.781   1.33e+00   1.90e+00   1.40e+00   6.47e+01   0.00e+00 (  1.01e+03,  5.44e+01)
36 e: 5.132e-07 i: 2.447e-07 :: e: 9.628e-04 i: 8.209e-04 :: n: 3.012e+01 e:23.257 i:29.032 v:4.993e+03
>>> tau_he = 5.000000, nhe(0)=3.844205e+00
 5     -0.012   1.07e-02   1.13e+00   5.02e-03  -5.93e-02   0.00e+00 (  3.94e+00,  4.76e+01)
10     -0.001   1.71e-02   6.88e-04   3.47e-03  -3.91e-03   0.00e+00 (  1.20e+01,  9.64e+01)
15      0.043   1.54e-01   2.94e-02   2.22e-03   3.25e-01   0.00e+00 (  1.00e+02,  1.44e+02)
20      0.056   1.70e-01   9.60e-02  -1.60e-02   4.85e-01   0.00e+00 (  1.21e+02,  1.83e+02)
25      0.077   1.97e-01   1.36e-01   2.73e-03   7.53e-01   0.00e+00 (  1.45e+02,  2.08e+02)
30      0.078   2.35e-01   1.69e-01  -2.27e-02   8.46e-01   0.00e+00 (  1.62e+02,  2.23e+02)
35      0.121   3.12e-01   2.70e-01   1.02e-01   1.43e+00   0.00e+00 (  1.84e+02,  2.27e+02)
40      0.110   3.20e-01   3.04e-01   9.48e-02   1.38e+00   0.00e+00 (  1.75e+02,  2.23e+02)
45      0.121   3.45e-01   3.51e-01   1.13e-01   1.62e+00   0.00e+00 (  1.70e+02,  2.13e+02)
50      0.136   3.81e-01   4.21e-01   2.05e-01   1.91e+00   0.00e+00 (  1.63e+02,  1.99e+02)
55      0.154   4.18e-01   5.12e-01   2.76e-01   2.24e+00   0.00e+00 (  1.54e+02,  1.82e+02)
60      0.146   4.17e-01   5.27e-01   3.26e-01   2.20e+00   0.00e+00 (  1.36e+02,  1.64e+02)
65      0.157   4.36e-01   5.94e-01   4.05e-01   2.44e+00   0.00e+00 (  1.22e+02,  1.46e+02)
70      0.190   4.84e-01   7.33e-01   5.36e-01   3.03e+00   0.00e+00 (  1.12e+02,  1.29e+02)
75      0.200   4.90e-01   7.80e-01   6.17e-01   3.26e+00   0.00e+00 (  9.73e+01,  1.13e+02)
80      0.214   4.82e-01   8.15e-01   6.52e-01   3.68e+00   0.00e+00 (  7.84e+01,  9.74e+01)
85      0.295   7.15e-01   9.83e-01   6.64e-01   6.40e+00   0.00e+00 (  8.48e+01,  8.29e+01)
90      3.159   7.78e+00   8.95e+00   5.54e+00   1.39e+02   0.00e+00 (  2.33e+03,  6.86e+01)
95      0.781   1.33e+00   1.90e+00   1.40e+00   6.47e+01   0.00e+00 (  1.01e+03,  5.44e+01)
37 e: 4.059e-07 i: 3.112e-07 :: e: 6.877e-04 i: 7.026e-04 :: n: 3.012e+01 e:23.242 i:29.046 v:4.993e+03
>>> tau_he = 5.000000, nhe(0)=3.845064e+00
 5     -0.012   1.08e-02   1.13e+00   5.01e-03  -5.93e-02   0.00e+00 (  3.94e+00,  4.76e+01)
10     -0.001   1.71e-02   7.02e-04   3.47e-03  -3.86e-03   0.00e+00 (  1.20e+01,  9.64e+01)
15      0.044   1.54e-01   2.93e-02   2.29e-03   3.27e-01   0.00e+00 (  1.00e+02,  1.44e+02)
20      0.056   1.70e-01   9.58e-02  -1.59e-02   4.86e-01   0.00e+00 (  1.21e+02,  1.83e+02)
25      0.077   1.97e-01   1.36e-01   2.74e-03   7.53e-01   0.00e+00 (  1.45e+02,  2.08e+02)
30      0.078   2.35e-01   1.69e-01  -2.25e-02   8.46e-01   0.00e+00 (  1.61e+02,  2.23e+02)
35      0.121   3.12e-01   2.69e-01   1.02e-01   1.42e+00   0.00e+00 (  1.84e+02,  2.27e+02)
40      0.110   3.20e-01   3.04e-01   9.47e-02   1.38e+00   0.00e+00 (  1.75e+02,  2.23e+02)
45      0.121   3.44e-01   3.50e-01   1.13e-01   1.62e+00   0.00e+00 (  1.70e+02,  2.13e+02)
50      0.136   3.80e-01   4.20e-01   2.05e-01   1.90e+00   0.00e+00 (  1.62e+02,  1.99e+02)
55      0.153   4.17e-01   5.11e-01   2.76e-01   2.24e+00   0.00e+00 (  1.53e+02,  1.82e+02)
60      0.146   4.16e-01   5.26e-01   3.25e-01   2.20e+00   0.00e+00 (  1.36e+02,  1.64e+02)
65      0.157   4.35e-01   5.94e-01   4.05e-01   2.44e+00   0.00e+00 (  1.22e+02,  1.46e+02)
70      0.191   4.84e-01   7.32e-01   5.36e-01   3.03e+00   0.00e+00 (  1.12e+02,  1.29e+02)
75      0.201   4.90e-01   7.80e-01   6.18e-01   3.27e+00   0.00e+00 (  9.72e+01,  1.13e+02)
80      0.214   4.83e-01   8.16e-01   6.52e-01   3.69e+00   0.00e+00 (  7.84e+01,  9.74e+01)
85      0.295   7.16e-01   9.83e-01   6.65e-01   6.40e+00   0.00e+00 (  8.48e+01,  8.29e+01)
90      3.158   7.78e+00   8.95e+00   5.54e+00   1.39e+02   0.00e+00 (  2.33e+03,  6.86e+01)
95      0.781   1.33e+00   1.90e+00   1.40e+00   6.47e+01   0.00e+00 (  1.01e+03,  5.44e+01)
38 e: 4.517e-07 i: 1.889e-07 :: e: 6.766e-04 i: 5.584e-04 :: n: 3.012e+01 e:23.255 i:29.038 v:4.993e+03
>>> tau_he = 5.000000, nhe(0)=3.844552e+00
 5     -0.012   1.07e-02   1.13e+00   5.02e-03  -5.93e-02   0.00e+00 (  3.94e+00,  4.76e+01)
10     -0.001   1.71e-02   7.10e-04   3.48e-03  -3.87e-03   0.00e+00 (  1.20e+01,  9.64e+01)
15      0.044   1.54e-01   2.94e-02   2.27e-03   3.28e-01   0.00e+00 (  1.00e+02,  1.44e+02)
20      0.056   1.70e-01   9.60e-02  -1.60e-02   4.86e-01   0.00e+00 (  1.21e+02,  1.83e+02)
25      0.077   1.97e-01   1.36e-01   2.73e-03   7.53e-01   0.00e+00 (  1.45e+02,  2.08e+02)
30      0.078   2.35e-01   1.69e-01  -2.27e-02   8.47e-01   0.00e+00 (  1.62e+02,  2.23e+02)
35      0.121   3.12e-01   2.70e-01   1.02e-01   1.43e+00   0.00e+00 (  1.84e+02,  2.27e+02)
40      0.110   3.20e-01   3.05e-01   9.48e-02   1.39e+00   0.00e+00 (  1.75e+02,  2.23e+02)
45      0.121   3.45e-01   3.51e-01   1.13e-01   1.62e+00   0.00e+00 (  1.70e+02,  2.13e+02)
50      0.136   3.81e-01   4.21e-01   2.05e-01   1.91e+00   0.00e+00 (  1.63e+02,  1.99e+02)
55      0.154   4.18e-01   5.12e-01   2.76e-01   2.24e+00   0.00e+00 (  1.54e+02,  1.82e+02)
60      0.146   4.17e-01   5.27e-01   3.26e-01   2.20e+00   0.00e+00 (  1.36e+02,  1.64e+02)
65      0.157   4.36e-01   5.95e-01   4.06e-01   2.44e+00   0.00e+00 (  1.22e+02,  1.46e+02)
70      0.191   4.84e-01   7.33e-01   5.36e-01   3.03e+00   0.00e+00 (  1.12e+02,  1.29e+02)
75      0.200   4.90e-01   7.80e-01   6.18e-01   3.26e+00   0.00e+00 (  9.74e+01,  1.13e+02)
80      0.214   4.83e-01   8.15e-01   6.52e-01   3.68e+00   0.00e+00 (  7.85e+01,  9.74e+01)
85      0.295   7.15e-01   9.83e-01   6.64e-01   6.40e+00   0.00e+00 (  8.48e+01,  8.29e+01)
90      3.159   7.78e+00   8.95e+00   5.54e+00   1.39e+02   0.00e+00 (  2.33e+03,  6.86e+01)
95      0.781   1.33e+00   1.90e+00   1.40e+00   6.47e+01   0.00e+00 (  1.01e+03,  5.44e+01)
39 e: 3.522e-07 i: 2.518e-07 :: e: 6.713e-04 i: 6.252e-04 :: n: 3.012e+01 e:23.241 i:29.050 v:4.993e+03
>>> tau_he = 5.000000, nhe(0)=3.845351e+00
 5     -0.012   1.08e-02   1.13e+00   5.01e-03  -5.93e-02   0.00e+00 (  3.94e+00,  4.76e+01)
10     -0.001   1.71e-02   7.22e-04   3.48e-03  -3.83e-03   0.00e+00 (  1.20e+01,  9.64e+01)
15      0.044   1.54e-01   2.93e-02   2.33e-03   3.29e-01   0.00e+00 (  1.00e+02,  1.44e+02)
20      0.056   1.70e-01   9.58e-02  -1.59e-02   4.87e-01   0.00e+00 (  1.21e+02,  1.83e+02)
25      0.077   1.97e-01   1.36e-01   2.74e-03   7.53e-01   0.00e+00 (  1.45e+02,  2.08e+02)
30      0.078   2.35e-01   1.69e-01  -2.25e-02   8.46e-01   0.00e+00 (  1.61e+02,  2.23e+02)
35      0.121   3.12e-01   2.69e-01   1.02e-01   1.43e+00   0.00e+00 (  1.84e+02,  2.27e+02)
40      0.110   3.20e-01   3.04e-01   9.47e-02   1.38e+00   0.00e+00 (  1.75e+02,  2.23e+02)
45      0.121   3.44e-01   3.50e-01   1.13e-01   1.62e+00   0.00e+00 (  1.70e+02,  2.13e+02)
50      0.136   3.80e-01   4.20e-01   2.05e-01   1.91e+00   0.00e+00 (  1.62e+02,  1.99e+02)
55      0.153   4.18e-01   5.11e-01   2.76e-01   2.24e+00   0.00e+00 (  1.53e+02,  1.82e+02)
60      0.146   4.16e-01   5.26e-01   3.26e-01   2.20e+00   0.00e+00 (  1.36e+02,  1.64e+02)
65      0.157   4.36e-01   5.94e-01   4.05e-01   2.44e+00   0.00e+00 (  1.22e+02,  1.46e+02)
70      0.191   4.84e-01   7.32e-01   5.36e-01   3.03e+00   0.00e+00 (  1.12e+02,  1.29e+02)
75      0.201   4.90e-01   7.80e-01   6.18e-01   3.27e+00   0.00e+00 (  9.73e+01,  1.13e+02)
80      0.214   4.83e-01   8.16e-01   6.53e-01   3.69e+00   0.00e+00 (  7.85e+01,  9.74e+01)
85      0.295   7.16e-01   9.84e-01   6.65e-01   6.40e+00   0.00e+00 (  8.48e+01,  8.29e+01)
90      3.158   7.78e+00   8.95e+00   5.54e+00   1.39e+02   0.00e+00 (  2.33e+03,  6.86e+01)
95      0.781   1.33e+00   1.90e+00   1.40e+00   6.47e+01   0.00e+00 (  1.01e+03,  5.44e+01)
40 e: 3.912e-07 i: 1.553e-07 :: e: 4.959e-04 i: 4.795e-04 :: n: 3.012e+01 e:23.254 i:29.042 v:4.993e+03
>>> tau_he = 5.000000, nhe(0)=3.844840e+00
 5     -0.012   1.08e-02   1.13e+00   5.01e-03  -5.93e-02   0.00e+00 (  3.95e+00,  4.76e+01)
10     -0.001   1.71e-02   7.27e-04   3.48e-03  -3.83e-03   0.00e+00 (  1.20e+01,  9.64e+01)
15      0.044   1.54e-01   2.95e-02   2.31e-03   3.30e-01   0.00e+00 (  1.00e+02,  1.44e+02)
20      0.056   1.70e-01   9.60e-02  -1.59e-02   4.87e-01   0.00e+00 (  1.21e+02,  1.83e+02)
25      0.077   1.97e-01   1.36e-01   2.73e-03   7.53e-01   0.00e+00 (  1.45e+02,  2.08e+02)
30      0.078   2.35e-01   1.69e-01  -2.27e-02   8.47e-01   0.00e+00 (  1.62e+02,  2.23e+02)
35      0.121   3.12e-01   2.70e-01   1.02e-01   1.43e+00   0.00e+00 (  1.84e+02,  2.27e+02)
40      0.110   3.20e-01   3.05e-01   9.48e-02   1.39e+00   0.00e+00 (  1.75e+02,  2.23e+02)
45      0.121   3.45e-01   3.51e-01   1.13e-01   1.62e+00   0.00e+00 (  1.70e+02,  2.13e+02)
50      0.136   3.81e-01   4.21e-01   2.05e-01   1.91e+00   0.00e+00 (  1.63e+02,  1.99e+02)
55      0.154   4.18e-01   5.12e-01   2.76e-01   2.24e+00   0.00e+00 (  1.54e+02,  1.82e+02)
60      0.146   4.17e-01   5.27e-01   3.26e-01   2.20e+00   0.00e+00 (  1.36e+02,  1.64e+02)
65      0.157   4.36e-01   5.95e-01   4.06e-01   2.44e+00   0.00e+00 (  1.22e+02,  1.46e+02)
70      0.191   4.85e-01   7.33e-01   5.36e-01   3.03e+00   0.00e+00 (  1.12e+02,  1.29e+02)
75      0.200   4.90e-01   7.80e-01   6.18e-01   3.26e+00   0.00e+00 (  9.74e+01,  1.13e+02)
80      0.214   4.83e-01   8.16e-01   6.52e-01   3.68e+00   0.00e+00 (  7.85e+01,  9.74e+01)
85      0.295   7.15e-01   9.83e-01   6.64e-01   6.40e+00   0.00e+00 (  8.49e+01,  8.29e+01)
90      3.159   7.78e+00   8.95e+00   5.54e+00   1.39e+02   0.00e+00 (  2.34e+03,  6.86e+01)
95      0.781   1.33e+00   1.90e+00   1.40e+00   6.47e+01   0.00e+00 (  1.01e+03,  5.44e+01)
41 e: 3.157e-07 i: 2.028e-07 :: e: 6.758e-04 i: 6.118e-04 :: n: 3.012e+01 e:23.240 i:29.053 v:4.993e+03
>>> tau_he = 5.000000, nhe(0)=3.845575e+00
 5     -0.012   1.08e-02   1.13e+00   5.01e-03  -5.94e-02   0.00e+00 (  3.95e+00,  4.76e+01)
10     -0.001   1.71e-02   7.37e-04   3.48e-03  -3.80e-03   0.00e+00 (  1.20e+01,  9.64e+01)
15      0.044   1.54e-01   2.93e-02   2.36e-03   3.31e-01   0.00e+00 (  9.99e+01,  1.44e+02)
20      0.056   1.70e-01   9.58e-02  -1.59e-02   4.88e-01   0.00e+00 (  1.21e+02,  1.83e+02)
25      0.077   1.97e-01   1.36e-01   2.74e-03   7.53e-01   0.00e+00 (  1.45e+02,  2.08e+02)
30      0.078   2.35e-01   1.69e-01  -2.25e-02   8.46e-01   0.00e+00 (  1.61e+02,  2.23e+02)
35      0.121   3.12e-01   2.70e-01   1.02e-01   1.43e+00   0.00e+00 (  1.84e+02,  2.27e+02)
40      0.110   3.20e-01   3.04e-01   9.47e-02   1.38e+00   0.00e+00 (  1.75e+02,  2.23e+02)
45      0.121   3.44e-01   3.50e-01   1.13e-01   1.62e+00   0.00e+00 (  1.70e+02,  2.13e+02)
50      0.136   3.80e-01   4.20e-01   2.05e-01   1.91e+00   0.00e+00 (  1.62e+02,  1.99e+02)
55      0.154   4.18e-01   5.11e-01   2.76e-01   2.24e+00   0.00e+00 (  1.53e+02,  1.82e+02)
60      0.146   4.16e-01   5.27e-01   3.26e-01   2.20e+00   0.00e+00 (  1.36e+02,  1.64e+02)
65      0.157   4.36e-01   5.94e-01   4.05e-01   2.44e+00   0.00e+00 (  1.22e+02,  1.46e+02)
70      0.191   4.84e-01   7.33e-01   5.36e-01   3.03e+00   0.00e+00 (  1.12e+02,  1.29e+02)
75      0.201   4.90e-01   7.80e-01   6.18e-01   3.27e+00   0.00e+00 (  9.73e+01,  1.13e+02)
80      0.214   4.83e-01   8.16e-01   6.53e-01   3.69e+00   0.00e+00 (  7.85e+01,  9.74e+01)
85      0.295   7.16e-01   9.84e-01   6.65e-01   6.40e+00   0.00e+00 (  8.48e+01,  8.29e+01)
90      3.158   7.78e+00   8.95e+00   5.54e+00   1.39e+02   0.00e+00 (  2.33e+03,  6.86e+01)
95      0.781   1.33e+00   1.90e+00   1.40e+00   6.47e+01   0.00e+00 (  1.01e+03,  5.44e+01)
42 e: 3.356e-07 i: 1.347e-07 :: e: 4.013e-04 i: 4.532e-04 :: n: 3.012e+01 e:23.252 i:29.045 v:4.993e+03
>>> tau_he = 5.000000, nhe(0)=3.845060e+00
 5     -0.012   1.08e-02   1.13e+00   5.01e-03  -5.94e-02   0.00e+00 (  3.95e+00,  4.76e+01)
10     -0.001   1.71e-02   7.41e-04   3.49e-03  -3.80e-03   0.00e+00 (  1.20e+01,  9.64e+01)
15      0.044   1.54e-01   2.95e-02   2.34e-03   3.32e-01   0.00e+00 (  9.99e+01,  1.44e+02)
20      0.056   1.70e-01   9.60e-02  -1.59e-02   4.88e-01   0.00e+00 (  1.21e+02,  1.83e+02)
25      0.077   1.97e-01   1.36e-01   2.73e-03   7.53e-01   0.00e+00 (  1.45e+02,  2.08e+02)
30      0.078   2.35e-01   1.69e-01  -2.27e-02   8.47e-01   0.00e+00 (  1.62e+02,  2.23e+02)
35      0.121   3.12e-01   2.70e-01   1.02e-01   1.43e+00   0.00e+00 (  1.84e+02,  2.27e+02)
40      0.110   3.20e-01   3.05e-01   9.48e-02   1.39e+00   0.00e+00 (  1.75e+02,  2.23e+02)
45      0.121   3.45e-01   3.51e-01   1.13e-01   1.62e+00   0.00e+00 (  1.70e+02,  2.13e+02)
50      0.136   3.81e-01   4.21e-01   2.05e-01   1.91e+00   0.00e+00 (  1.63e+02,  1.99e+02)
55      0.154   4.18e-01   5.12e-01   2.76e-01   2.24e+00   0.00e+00 (  1.54e+02,  1.82e+02)
60      0.146   4.17e-01   5.27e-01   3.26e-01   2.20e+00   0.00e+00 (  1.36e+02,  1.64e+02)
65      0.157   4.36e-01   5.95e-01   4.06e-01   2.44e+00   0.00e+00 (  1.22e+02,  1.46e+02)
70      0.191   4.85e-01   7.33e-01   5.36e-01   3.03e+00   0.00e+00 (  1.12e+02,  1.29e+02)
75      0.200   4.90e-01   7.80e-01   6.18e-01   3.26e+00   0.00e+00 (  9.75e+01,  1.13e+02)
80      0.214   4.83e-01   8.16e-01   6.53e-01   3.68e+00   0.00e+00 (  7.86e+01,  9.74e+01)
85      0.295   7.15e-01   9.83e-01   6.64e-01   6.40e+00   0.00e+00 (  8.49e+01,  8.29e+01)
90      3.159   7.78e+00   8.95e+00   5.54e+00   1.39e+02   0.00e+00 (  2.34e+03,  6.86e+01)
95      0.781   1.33e+00   1.90e+00   1.40e+00   6.47e+01   0.00e+00 (  1.01e+03,  5.44e+01)
43 e: 2.887e-07 i: 1.633e-07 :: e: 6.715e-04 i: 6.198e-04 :: n: 3.012e+01 e:23.239 i:29.056 v:4.993e+03
>>> tau_he = 5.000000, nhe(0)=3.845730e+00
 5     -0.012   1.08e-02   1.13e+00   5.01e-03  -5.94e-02   0.00e+00 (  3.95e+00,  4.76e+01)
10     -0.001   1.71e-02   7.50e-04   3.48e-03  -3.77e-03   0.00e+00 (  1.20e+01,  9.64e+01)
15      0.044   1.54e-01   2.93e-02   2.39e-03   3.33e-01   0.00e+00 (  9.98e+01,  1.44e+02)
20      0.056   1.70e-01   9.58e-02  -1.59e-02   4.88e-01   0.00e+00 (  1.21e+02,  1.83e+02)
25      0.077   1.97e-01   1.36e-01   2.74e-03   7.53e-01   0.00e+00 (  1.45e+02,  2.08e+02)
30      0.078   2.35e-01   1.69e-01  -2.25e-02   8.46e-01   0.00e+00 (  1.61e+02,  2.23e+02)
35      0.121   3.12e-01   2.70e-01   1.02e-01   1.43e+00   0.00e+00 (  1.84e+02,  2.27e+02)
40      0.110   3.20e-01   3.04e-01   9.47e-02   1.38e+00   0.00e+00 (  1.75e+02,  2.23e+02)
45      0.121   3.44e-01   3.50e-01   1.13e-01   1.62e+00   0.00e+00 (  1.70e+02,  2.13e+02)
50      0.136   3.80e-01   4.20e-01   2.05e-01   1.91e+00   0.00e+00 (  1.62e+02,  1.99e+02)
55      0.154   4.18e-01   5.11e-01   2.76e-01   2.24e+00   0.00e+00 (  1.53e+02,  1.82e+02)
60      0.146   4.17e-01   5.27e-01   3.26e-01   2.20e+00   0.00e+00 (  1.36e+02,  1.64e+02)
65      0.157   4.36e-01   5.94e-01   4.05e-01   2.44e+00   0.00e+00 (  1.22e+02,  1.46e+02)
70      0.191   4.84e-01   7.33e-01   5.36e-01   3.03e+00   0.00e+00 (  1.12e+02,  1.29e+02)
75      0.201   4.90e-01   7.80e-01   6.18e-01   3.27e+00   0.00e+00 (  9.73e+01,  1.13e+02)
80      0.214   4.83e-01   8.17e-01   6.53e-01   3.69e+00   0.00e+00 (  7.85e+01,  9.74e+01)
85      0.295   7.16e-01   9.84e-01   6.65e-01   6.40e+00   0.00e+00 (  8.49e+01,  8.29e+01)
90      3.159   7.78e+00   8.95e+00   5.54e+00   1.39e+02   0.00e+00 (  2.33e+03,  6.86e+01)
95      0.781   1.33e+00   1.90e+00   1.40e+00   6.47e+01   0.00e+00 (  1.01e+03,  5.44e+01)
44 e: 2.874e-07 i: 1.211e-07 :: e: 3.523e-04 i: 4.293e-04 :: n: 3.012e+01 e:23.251 i:29.048 v:4.993e+03
>>> tau_he = 5.000000, nhe(0)=3.845213e+00
 5     -0.012   1.08e-02   1.13e+00   5.01e-03  -5.94e-02   0.00e+00 (  3.95e+00,  4.76e+01)
10     -0.001   1.71e-02   7.52e-04   3.49e-03  -3.78e-03   0.00e+00 (  1.20e+01,  9.64e+01)
15      0.044   1.54e-01   2.95e-02   2.37e-03   3.33e-01   0.00e+00 (  9.99e+01,  1.44e+02)
20      0.056   1.70e-01   9.60e-02  -1.59e-02   4.88e-01   0.00e+00 (  1.21e+02,  1.83e+02)
25      0.077   1.97e-01   1.36e-01   2.73e-03   7.53e-01   0.00e+00 (  1.45e+02,  2.08e+02)
30      0.078   2.35e-01   1.69e-01  -2.27e-02   8.47e-01   0.00e+00 (  1.62e+02,  2.23e+02)
35      0.121   3.12e-01   2.70e-01   1.02e-01   1.43e+00   0.00e+00 (  1.84e+02,  2.27e+02)
40      0.110   3.20e-01   3.05e-01   9.48e-02   1.39e+00   0.00e+00 (  1.75e+02,  2.23e+02)
45      0.121   3.45e-01   3.51e-01   1.13e-01   1.62e+00   0.00e+00 (  1.70e+02,  2.13e+02)
50      0.136   3.81e-01   4.21e-01   2.05e-01   1.91e+00   0.00e+00 (  1.63e+02,  1.99e+02)
55      0.154   4.18e-01   5.12e-01   2.76e-01   2.24e+00   0.00e+00 (  1.54e+02,  1.82e+02)
60      0.146   4.17e-01   5.27e-01   3.26e-01   2.20e+00   0.00e+00 (  1.36e+02,  1.64e+02)
65      0.157   4.36e-01   5.95e-01   4.06e-01   2.44e+00   0.00e+00 (  1.22e+02,  1.46e+02)
70      0.191   4.85e-01   7.33e-01   5.36e-01   3.03e+00   0.00e+00 (  1.12e+02,  1.29e+02)
75      0.200   4.90e-01   7.80e-01   6.18e-01   3.26e+00   0.00e+00 (  9.75e+01,  1.13e+02)
80      0.214   4.83e-01   8.16e-01   6.53e-01   3.68e+00   0.00e+00 (  7.86e+01,  9.74e+01)
85      0.295   7.15e-01   9.84e-01   6.65e-01   6.40e+00   0.00e+00 (  8.49e+01,  8.29e+01)
90      3.159   7.78e+00   8.95e+00   5.54e+00   1.39e+02   0.00e+00 (  2.34e+03,  6.86e+01)
95      0.781   1.33e+00   1.90e+00   1.40e+00   6.47e+01   0.00e+00 (  1.01e+03,  5.44e+01)
45 e: 2.661e-07 i: 1.326e-07 :: e: 6.347e-04 i: 6.020e-04 :: n: 3.012e+01 e:23.238 i:29.057 v:4.993e+03
>>> tau_he = 5.000000, nhe(0)=3.845824e+00
 5     -0.012   1.08e-02   1.13e+00   5.01e-03  -5.94e-02   0.00e+00 (  3.95e+00,  4.76e+01)
10     -0.001   1.71e-02   7.59e-04   3.49e-03  -3.75e-03   0.00e+00 (  1.20e+01,  9.64e+01)
15      0.044   1.54e-01   2.93e-02   2.41e-03   3.34e-01   0.00e+00 (  9.97e+01,  1.44e+02)
20      0.056   1.70e-01   9.58e-02  -1.59e-02   4.89e-01   0.00e+00 (  1.21e+02,  1.83e+02)
25      0.077   1.97e-01   1.36e-01   2.74e-03   7.54e-01   0.00e+00 (  1.45e+02,  2.08e+02)
30      0.078   2.35e-01   1.69e-01  -2.25e-02   8.47e-01   0.00e+00 (  1.61e+02,  2.23e+02)
35      0.121   3.12e-01   2.70e-01   1.02e-01   1.43e+00   0.00e+00 (  1.84e+02,  2.27e+02)
40      0.110   3.20e-01   3.04e-01   9.47e-02   1.38e+00   0.00e+00 (  1.75e+02,  2.23e+02)
45      0.121   3.44e-01   3.50e-01   1.13e-01   1.62e+00   0.00e+00 (  1.70e+02,  2.13e+02)
50      0.136   3.81e-01   4.20e-01   2.05e-01   1.91e+00   0.00e+00 (  1.62e+02,  1.99e+02)
55      0.154   4.18e-01   5.11e-01   2.76e-01   2.24e+00   0.00e+00 (  1.53e+02,  1.82e+02)
60      0.146   4.17e-01   5.27e-01   3.26e-01   2.20e+00   0.00e+00 (  1.36e+02,  1.64e+02)
65      0.157   4.36e-01   5.94e-01   4.05e-01   2.44e+00   0.00e+00 (  1.22e+02,  1.46e+02)
70      0.191   4.84e-01   7.33e-01   5.36e-01   3.03e+00   0.00e+00 (  1.12e+02,  1.29e+02)
75      0.201   4.90e-01   7.80e-01   6.18e-01   3.27e+00   0.00e+00 (  9.74e+01,  1.13e+02)
80      0.214   4.83e-01   8.17e-01   6.53e-01   3.69e+00   0.00e+00 (  7.86e+01,  9.74e+01)
85      0.295   7.16e-01   9.84e-01   6.65e-01   6.40e+00   0.00e+00 (  8.49e+01,  8.29e+01)
90      3.159   7.78e+00   8.95e+00   5.54e+00   1.39e+02   0.00e+00 (  2.33e+03,  6.86e+01)
95      0.781   1.33e+00   1.90e+00   1.40e+00   6.47e+01   0.00e+00 (  1.01e+03,  5.44e+01)
46 e: 2.475e-07 i: 1.108e-07 :: e: 3.072e-04 i: 3.993e-04 :: n: 3.012e+01 e:23.249 i:29.049 v:4.993e+03
>>> tau_he = 5.000000, nhe(0)=3.845308e+00
 5     -0.012   1.08e-02   1.13e+00   5.01e-03  -5.94e-02   0.00e+00 (  3.95e+00,  4.76e+01)
10     -0.001   1.71e-02   7.61e-04   3.49e-03  -3.76e-03   0.00e+00 (  1.20e+01,  9.64e+01)
15      0.045   1.54e-01   2.95e-02   2.39e-03   3.34e-01   0.00e+00 (  9.98e+01,  1.44e+02)
20      0.056   1.70e-01   9.59e-02  -1.59e-02   4.89e-01   0.00e+00 (  1.21e+02,  1.83e+02)
25      0.077   1.97e-01   1.36e-01   2.73e-03   7.53e-01   0.00e+00 (  1.45e+02,  2.08e+02)
30      0.078   2.35e-01   1.69e-01  -2.27e-02   8.47e-01   0.00e+00 (  1.62e+02,  2.23e+02)
35      0.121   3.12e-01   2.70e-01   1.02e-01   1.43e+00   0.00e+00 (  1.84e+02,  2.27e+02)
40      0.110   3.20e-01   3.05e-01   9.48e-02   1.39e+00   0.00e+00 (  1.75e+02,  2.23e+02)
45      0.121   3.45e-01   3.51e-01   1.13e-01   1.62e+00   0.00e+00 (  1.70e+02,  2.13e+02)
50      0.136   3.81e-01   4.21e-01   2.05e-01   1.91e+00   0.00e+00 (  1.63e+02,  1.99e+02)
55      0.154   4.18e-01   5.12e-01   2.76e-01   2.24e+00   0.00e+00 (  1.54e+02,  1.82e+02)
60      0.146   4.17e-01   5.27e-01   3.26e-01   2.20e+00   0.00e+00 (  1.36e+02,  1.64e+02)
65      0.157   4.36e-01   5.95e-01   4.06e-01   2.44e+00   0.00e+00 (  1.22e+02,  1.46e+02)
70      0.191   4.85e-01   7.33e-01   5.36e-01   3.03e+00   0.00e+00 (  1.12e+02,  1.29e+02)
75      0.200   4.90e-01   7.80e-01   6.18e-01   3.26e+00   0.00e+00 (  9.75e+01,  1.13e+02)
80      0.214   4.83e-01   8.16e-01   6.53e-01   3.68e+00   0.00e+00 (  7.86e+01,  9.74e+01)
85      0.295   7.15e-01   9.84e-01   6.65e-01   6.40e+00   0.00e+00 (  8.49e+01,  8.29e+01)
90      3.159   7.78e+00   8.95e+00   5.54e+00   1.39e+02   0.00e+00 (  2.34e+03,  6.86e+01)
95      0.781   1.33e+00   1.90e+00   1.40e+00   6.47e+01   0.00e+00 (  1.01e+03,  5.44e+01)
47 e: 2.452e-07 i: 1.093e-07 :: e: 5.683e-04 i: 5.491e-04 :: n: 3.012e+01 e:23.237 i:29.058 v:4.993e+03
>>> tau_he = 5.000000, nhe(0)=3.845869e+00
 5     -0.012   1.08e-02   1.13e+00   5.01e-03  -5.94e-02   0.00e+00 (  3.95e+00,  4.76e+01)
10     -0.001   1.71e-02   7.67e-04   3.49e-03  -3.73e-03   0.00e+00 (  1.20e+01,  9.64e+01)
15      0.045   1.54e-01   2.93e-02   2.43e-03   3.35e-01   0.00e+00 (  9.97e+01,  1.44e+02)
20      0.056   1.70e-01   9.58e-02  -1.59e-02   4.89e-01   0.00e+00 (  1.21e+02,  1.83e+02)
25      0.077   1.97e-01   1.36e-01   2.74e-03   7.54e-01   0.00e+00 (  1.45e+02,  2.08e+02)
30      0.078   2.35e-01   1.69e-01  -2.25e-02   8.47e-01   0.00e+00 (  1.61e+02,  2.23e+02)
35      0.121   3.12e-01   2.70e-01   1.02e-01   1.43e+00   0.00e+00 (  1.84e+02,  2.27e+02)
40      0.110   3.20e-01   3.04e-01   9.47e-02   1.38e+00   0.00e+00 (  1.75e+02,  2.23e+02)
45      0.121   3.45e-01   3.50e-01   1.13e-01   1.62e+00   0.00e+00 (  1.70e+02,  2.13e+02)
50      0.136   3.81e-01   4.20e-01   2.05e-01   1.91e+00   0.00e+00 (  1.62e+02,  1.99e+02)
55      0.154   4.18e-01   5.11e-01   2.76e-01   2.24e+00   0.00e+00 (  1.53e+02,  1.82e+02)
60      0.146   4.17e-01   5.27e-01   3.26e-01   2.20e+00   0.00e+00 (  1.36e+02,  1.64e+02)
65      0.157   4.36e-01   5.94e-01   4.05e-01   2.44e+00   0.00e+00 (  1.22e+02,  1.46e+02)
70      0.191   4.84e-01   7.33e-01   5.36e-01   3.03e+00   0.00e+00 (  1.12e+02,  1.29e+02)
75      0.201   4.90e-01   7.80e-01   6.18e-01   3.27e+00   0.00e+00 (  9.74e+01,  1.13e+02)
80      0.214   4.83e-01   8.17e-01   6.53e-01   3.69e+00   0.00e+00 (  7.86e+01,  9.74e+01)
85      0.295   7.16e-01   9.84e-01   6.65e-01   6.40e+00   0.00e+00 (  8.49e+01,  8.29e+01)
90      3.159   7.78e+00   8.95e+00   5.54e+00   1.39e+02   0.00e+00 (  2.33e+03,  6.86e+01)
95      0.781   1.33e+00   1.90e+00   1.40e+00   6.47e+01   0.00e+00 (  1.01e+03,  5.44e+01)
48 e: 2.154e-07 i: 1.017e-07 :: e: 2.664e-04 i: 3.677e-04 :: n: 3.012e+01 e:23.247 i:29.050 v:4.993e+03
>>> tau_he = 5.000000, nhe(0)=3.845360e+00
 5     -0.012   1.08e-02   1.13e+00   5.01e-03  -5.94e-02   0.00e+00 (  3.95e+00,  4.76e+01)
10     -0.001   1.71e-02   7.68e-04   3.49e-03  -3.74e-03   0.00e+00 (  1.20e+01,  9.64e+01)
15      0.045   1.54e-01   2.95e-02   2.41e-03   3.35e-01   0.00e+00 (  9.97e+01,  1.44e+02)
20      0.056   1.70e-01   9.59e-02  -1.59e-02   4.89e-01   0.00e+00 (  1.21e+02,  1.83e+02)
25      0.077   1.97e-01   1.36e-01   2.73e-03   7.53e-01   0.00e+00 (  1.45e+02,  2.08e+02)
30      0.078   2.35e-01   1.69e-01  -2.27e-02   8.47e-01   0.00e+00 (  1.62e+02,  2.23e+02)
35      0.121   3.12e-01   2.70e-01   1.02e-01   1.43e+00   0.00e+00 (  1.84e+02,  2.27e+02)
40      0.110   3.20e-01   3.05e-01   9.48e-02   1.39e+00   0.00e+00 (  1.75e+02,  2.23e+02)
45      0.121   3.45e-01   3.51e-01   1.13e-01   1.62e+00   0.00e+00 (  1.70e+02,  2.13e+02)
50      0.136   3.81e-01   4.21e-01   2.05e-01   1.91e+00   0.00e+00 (  1.63e+02,  1.99e+02)
55      0.154   4.18e-01   5.12e-01   2.76e-01   2.24e+00   0.00e+00 (  1.54e+02,  1.82e+02)
60      0.146   4.17e-01   5.27e-01   3.26e-01   2.20e+00   0.00e+00 (  1.36e+02,  1.64e+02)
65      0.157   4.36e-01   5.95e-01   4.06e-01   2.44e+00   0.00e+00 (  1.22e+02,  1.46e+02)
70      0.191   4.85e-01   7.33e-01   5.36e-01   3.03e+00   0.00e+00 (  1.12e+02,  1.29e+02)
75      0.200   4.90e-01   7.80e-01   6.18e-01   3.26e+00   0.00e+00 (  9.75e+01,  1.13e+02)
80      0.214   4.83e-01   8.16e-01   6.53e-01   3.68e+00   0.00e+00 (  7.86e+01,  9.74e+01)
85      0.295   7.15e-01   9.84e-01   6.65e-01   6.40e+00   0.00e+00 (  8.49e+01,  8.29e+01)
90      3.159   7.78e+00   8.95e+00   5.54e+00   1.39e+02   0.00e+00 (  2.34e+03,  6.86e+01)
95      0.781   1.33e+00   1.90e+00   1.40e+00   6.47e+01   0.00e+00 (  1.01e+03,  5.44e+01)
49 e: 2.247e-07 i: 9.204e-08 :: e: 4.870e-04 i: 4.766e-04 :: n: 3.012e+01 e:23.236 i:29.058 v:4.993e+03
 plasma volume = 149.739286
 stored energy(e,i,b,a) = 6.807878e+01 6.620139e+01 0.000000e+00 0.000000e+00
 betan = 1.515460
*power
 Pnb(e,i) = 0.000000e+00 0.000000e+00
 Prf(e,i) = 7.988037e+00 3.200979e+01
 Prad     = -8.325412e+01 
 Pei      = 1.202961e+01 
 Pfuse    = 7.512888e+01 
 Pfusi    = 2.495212e+01 
 Poh      = 0.000000e+00 
*confinement time
 taut, tauITER98y2, H98y2 : 2.363060e+00 2.022155e+00 1.168585e+00
 taue, taui : 5.724555e+00 5.122954e+00
 taut, tau89, H89 : 2.363060e+00 9.264058e-01 2.550782e+00
*temperature
 nea, nebar : 2.050748e+01 2.350938e+01 
 tea, tia : 8.117812e+00 8.598797e+00 (9.440638e-01)
 te0, ti0 : 2.097606e+01 2.675706e+01 (7.839448e-01)
 Sn : 0.000000e+00 
*current balance
 Ip,Ibs,Inb,Irf: 1.000000e+01 2.337781e+00 0.000000e+00 1.693418e-01
 fni,fbs: 0.251 0.234

 plasma volume = 149.739286
 stored energy(e,i,b,a) = 6.807878e+01 6.620139e+01 0.000000e+00 0.000000e+00
 betan = 1.515460
*power
 Pnb(e,i) = 0.000000e+00 0.000000e+00
 Prf(e,i) = 7.988037e+00 3.200979e+01
 Prad     = -8.325412e+01 
 Pei      = 1.202961e+01 
 Pfuse    = 7.512888e+01 
 Pfusi    = 2.495212e+01 
 Poh      = 0.000000e+00 
*confinement time
 taut, tauITER98y2, H98y2 : 2.363060e+00 2.022155e+00 1.168585e+00
 taue, taui : 5.724555e+00 5.122954e+00
 taut, tau89, H89 : 2.363060e+00 9.264058e-01 2.550782e+00
*temperature
 nea, nebar : 2.050748e+01 2.350938e+01 
 tea, tia : 8.117812e+00 8.598797e+00 (9.440638e-01)
 te0, ti0 : 2.097606e+01 2.675706e+01 (7.839448e-01)
 Sn : 0.000000e+00 
*current balance
 Ip,Ibs,Inb,Irf: 1.000000e+01 2.337781e+00 0.000000e+00 1.693418e-01
 fni,fbs: 0.251 0.234
 ELAPASED TIME = 45 sec

finalize
