NCAPTC: : NetCDF: Variable not found
Warning: ieee_overflow is signaling
Warning: ieee_underflow is signaling
Warning: ieee_inexact is signaling
FORTRAN STOP
 solver
 /global/common/software/atom/perlmutter/data/greentable/
 /global/common/software/atom/perlmutter/data/greentable/

          EFITD Version  07/09/2014


 type mode (2=file, 3=snap, 4=time, 5=input, 6=com file, 7=snap_ext):

 number of time slices?

 type input file names:
 #
 table_dir = </global/common/software/atom/perlmutter/data/greentable/>

  ----- time =     1 ms ----- ( 0)
 it=  1 chi2=0.00E+00 zm= 7.53E-03 err=5.202E+00 dz= 7.535E-03 chigam= 0.00E+00
 it=  2 chi2=0.00E+00 zm= 1.03E-02 err=7.815E-01 dz= 2.733E-03 chigam= 0.00E+00
 it=  3 chi2=0.00E+00 zm= 1.22E-02 err=4.107E-01 dz= 1.967E-03 chigam= 0.00E+00
 it=  4 chi2=0.00E+00 zm= 1.37E-02 err=2.203E-01 dz= 1.456E-03 chigam= 0.00E+00
 it=  5 chi2=0.00E+00 zm= 1.48E-02 err=1.210E-01 dz= 1.082E-03 chigam= 0.00E+00
 it=  6 chi2=0.00E+00 zm= 1.56E-02 err=7.530E-02 dz= 8.137E-04 chigam= 0.00E+00
 it=  7 chi2=0.00E+00 zm= 1.62E-02 err=4.275E-02 dz= 6.025E-04 chigam= 0.00E+00
 it=  8 chi2=0.00E+00 zm= 1.66E-02 err=2.593E-02 dz= 4.508E-04 chigam= 0.00E+00
 it=  9 chi2=0.00E+00 zm= 1.70E-02 err=1.596E-02 dz= 3.319E-04 chigam= 0.00E+00
 it= 10 chi2=0.00E+00 zm= 1.72E-02 err=1.089E-02 dz= 2.427E-04 chigam= 0.00E+00
 it= 11 chi2=0.00E+00 zm= 1.74E-02 err=6.512E-03 dz= 1.801E-04 chigam= 0.00E+00
 it= 12 chi2=0.00E+00 zm= 1.75E-02 err=4.308E-03 dz= 1.319E-04 chigam= 0.00E+00
 it= 13 chi2=0.00E+00 zm= 1.76E-02 err=2.878E-03 dz= 9.636E-05 chigam= 0.00E+00
 it= 14 chi2=0.00E+00 zm= 1.77E-02 err=1.940E-03 dz= 7.026E-05 chigam= 0.00E+00
 it= 15 chi2=0.00E+00 zm= 1.77E-02 err=1.317E-03 dz= 5.116E-05 chigam= 0.00E+00
 it= 16 chi2=0.00E+00 zm= 1.78E-02 err=9.004E-04 dz= 3.721E-05 chigam= 0.00E+00
 it= 17 chi2=0.00E+00 zm= 1.78E-02 err=6.191E-04 dz= 2.704E-05 chigam= 0.00E+00
 it= 18 chi2=0.00E+00 zm= 1.78E-02 err=4.279E-04 dz= 1.964E-05 chigam= 0.00E+00
 it= 19 chi2=0.00E+00 zm= 1.78E-02 err=2.970E-04 dz= 1.426E-05 chigam= 0.00E+00
 it= 20 chi2=0.00E+00 zm= 1.79E-02 err=2.070E-04 dz= 1.035E-05 chigam= 0.00E+00
 it= 21 chi2=0.00E+00 zm= 1.79E-02 err=1.449E-04 dz= 7.511E-06 chigam= 0.00E+00
 it= 22 chi2=0.00E+00 zm= 1.79E-02 err=1.017E-04 dz= 5.453E-06 chigam= 0.00E+00
 it= 23 chi2=0.00E+00 zm= 1.79E-02 err=7.162E-05 dz= 3.956E-06 chigam= 0.00E+00

      ******************** EFITD129 x 129  output ********************

       data used:   
  0 flux loops
  0 magnetic probes(i)
  0 full rogowski
  0 diamagnetic loop


 shot #   =          1 time(ms) =          1 chi**2   =  0.000E+00
 betat(%) =      0.606 betap    =      0.302 li       =      0.855
 vol(cm3) =  0.767E+07 rout(cm) =    172.017 zout(cm) =      0.772
 elong    =      1.340 utriang  =     -0.345 ltriang  =     -0.313
 a(cm)    =     41.248 lin(cm)  = ********** lout(cm) =     10.910
 ltop(cm) = ********** q*       =      2.254 rc(cm)   =    175.352
 zc(cm)   =      1.641 bt0(t)   =      2.000 qout     =      2.160
