cmd = /global/common/software/atom/perlmutter/cesol/conda/dev/bin/ips.py --simulation=/pscratch/sd/h/hswils/github_repos/MANTA_DBSCANS/IC+RAD+PELLET+TGLF/bcfrom2024/SCAN_sntot_paux_Kr0004/SCAN/dakota_bridge_441985.conf --platform=/global/common/software/atom/perlmutter/cesol/conda/dev/template/machine_config/perlmutter_cpu.conf --verbose --log=ips_sweep.log
Jul 20 2026 20:09:09  Launched IPS
Jul 20 2026 20:09:09  0 ips_dakota_dynamic connecting to IPS dakota bridge <class 'FileNotFoundError'> [Errno 2] No such file or directory
Starting IPS 0.8.1
IPS SLURM_NODES =  [('nid005376', 256), ('nid005782', 256), ('nid005783', 256), ('nid006162', 256), ('nid006215', 256), ('nid006556', 256), ('nid006558', 256), ('nid006922', 256), ('nid006925', 256)]
Jul 20 2026 20:09:10  About to Create Listener /tmp/ips_dynamic_441985.tmp
Jul 20 2026 20:09:10  Created Listener /tmp/ips_dynamic_441985.tmp
Jul 20 2026 20:09:14  ips_dakota_dynamic received response from IPS  {'SIMSTATUS': 'ACK'}
Jul 20 2026 20:09:14  Launched DAKOTA
Redirecting stdout for fastran_FPP_000001_441985_0000 to /pscratch/sd/h/hswils/github_repos/MANTA_DBSCANS/IC+RAD+PELLET+TGLF/bcfrom2024/SCAN_sntot_paux_Kr0004/SCAN/fastran_FPP_000001_441985_0000.out 
Created <class 'fastran.driver.fastran_init.fastran_init'>
Created <class 'fastran.driver.fastran_driver.fastran_driver'>
Created <class 'fastran.equilibrium.efit.efit'>
Created <class 'fastran.solver.fastran.fastran'>
Created <class 'impurity_radiation.impurity_radiation'>
Created <class 'fastran.heating.pellet_model.pellet_model'>
Created <class 'fastran.external.rf_ic_toric_abr_mcmd.toric'>
Created <class 'fastran.equilibrium.efit.efit'>
Created <class 'fastran.solver.fastran.fastran'>
Redirecting stdout for fastran_FPP_000001_441985_0001 to /pscratch/sd/h/hswils/github_repos/MANTA_DBSCANS/IC+RAD+PELLET+TGLF/bcfrom2024/SCAN_sntot_paux_Kr0004/SCAN/fastran_FPP_000001_441985_0001.out 
Created <class 'fastran.driver.fastran_init.fastran_init'>
Created <class 'fastran.driver.fastran_driver.fastran_driver'>
Created <class 'fastran.equilibrium.efit.efit'>
Created <class 'fastran.solver.fastran.fastran'>
Created <class 'impurity_radiation.impurity_radiation'>
Created <class 'fastran.heating.pellet_model.pellet_model'>
Created <class 'fastran.external.rf_ic_toric_abr_mcmd.toric'>
Created <class 'fastran.equilibrium.efit.efit'>
Created <class 'fastran.solver.fastran.fastran'>
Redirecting stdout for fastran_FPP_000001_441985_0002 to /pscratch/sd/h/hswils/github_repos/MANTA_DBSCANS/IC+RAD+PELLET+TGLF/bcfrom2024/SCAN_sntot_paux_Kr0004/SCAN/fastran_FPP_000001_441985_0002.out 
Created <class 'fastran.driver.fastran_init.fastran_init'>
Created <class 'fastran.driver.fastran_driver.fastran_driver'>
Created <class 'fastran.equilibrium.efit.efit'>
Created <class 'fastran.solver.fastran.fastran'>
Created <class 'impurity_radiation.impurity_radiation'>
Created <class 'fastran.heating.pellet_model.pellet_model'>
Created <class 'fastran.external.rf_ic_toric_abr_mcmd.toric'>
Created <class 'fastran.equilibrium.efit.efit'>
Created <class 'fastran.solver.fastran.fastran'>
Redirecting stdout for fastran_FPP_000001_441985_0003 to /pscratch/sd/h/hswils/github_repos/MANTA_DBSCANS/IC+RAD+PELLET+TGLF/bcfrom2024/SCAN_sntot_paux_Kr0004/SCAN/fastran_FPP_000001_441985_0003.out 
Created <class 'fastran.driver.fastran_init.fastran_init'>
Created <class 'fastran.driver.fastran_driver.fastran_driver'>
Created <class 'fastran.equilibrium.efit.efit'>
Created <class 'fastran.solver.fastran.fastran'>
Created <class 'impurity_radiation.impurity_radiation'>
Created <class 'fastran.heating.pellet_model.pellet_model'>
Created <class 'fastran.external.rf_ic_toric_abr_mcmd.toric'>
Created <class 'fastran.equilibrium.efit.efit'>
Created <class 'fastran.solver.fastran.fastran'>
Redirecting stdout for fastran_FPP_000001_441985_0004 to /pscratch/sd/h/hswils/github_repos/MANTA_DBSCANS/IC+RAD+PELLET+TGLF/bcfrom2024/SCAN_sntot_paux_Kr0004/SCAN/fastran_FPP_000001_441985_0004.out 
Created <class 'fastran.driver.fastran_init.fastran_init'>
Created <class 'fastran.driver.fastran_driver.fastran_driver'>
Created <class 'fastran.equilibrium.efit.efit'>
Created <class 'fastran.solver.fastran.fastran'>
Created <class 'impurity_radiation.impurity_radiation'>
Created <class 'fastran.heating.pellet_model.pellet_model'>
Created <class 'fastran.external.rf_ic_toric_abr_mcmd.toric'>
Created <class 'fastran.equilibrium.efit.efit'>
Created <class 'fastran.solver.fastran.fastran'>
Redirecting stdout for fastran_FPP_000001_441985_0005 to /pscratch/sd/h/hswils/github_repos/MANTA_DBSCANS/IC+RAD+PELLET+TGLF/bcfrom2024/SCAN_sntot_paux_Kr0004/SCAN/fastran_FPP_000001_441985_0005.out 
Created <class 'fastran.driver.fastran_init.fastran_init'>
Created <class 'fastran.driver.fastran_driver.fastran_driver'>
Created <class 'fastran.equilibrium.efit.efit'>
Created <class 'fastran.solver.fastran.fastran'>
Created <class 'impurity_radiation.impurity_radiation'>
Created <class 'fastran.heating.pellet_model.pellet_model'>
Created <class 'fastran.external.rf_ic_toric_abr_mcmd.toric'>
Created <class 'fastran.equilibrium.efit.efit'>
Created <class 'fastran.solver.fastran.fastran'>
Redirecting stdout for fastran_FPP_000001_441985_0006 to /pscratch/sd/h/hswils/github_repos/MANTA_DBSCANS/IC+RAD+PELLET+TGLF/bcfrom2024/SCAN_sntot_paux_Kr0004/SCAN/fastran_FPP_000001_441985_0006.out 
Created <class 'fastran.driver.fastran_init.fastran_init'>
Created <class 'fastran.driver.fastran_driver.fastran_driver'>
Created <class 'fastran.equilibrium.efit.efit'>
Created <class 'fastran.solver.fastran.fastran'>
Created <class 'impurity_radiation.impurity_radiation'>
Created <class 'fastran.heating.pellet_model.pellet_model'>
Created <class 'fastran.external.rf_ic_toric_abr_mcmd.toric'>
Created <class 'fastran.equilibrium.efit.efit'>
Created <class 'fastran.solver.fastran.fastran'>
Redirecting stdout for fastran_FPP_000001_441985_0007 to /pscratch/sd/h/hswils/github_repos/MANTA_DBSCANS/IC+RAD+PELLET+TGLF/bcfrom2024/SCAN_sntot_paux_Kr0004/SCAN/fastran_FPP_000001_441985_0007.out 
Created <class 'fastran.driver.fastran_init.fastran_init'>
Created <class 'fastran.driver.fastran_driver.fastran_driver'>
Created <class 'fastran.equilibrium.efit.efit'>
Created <class 'fastran.solver.fastran.fastran'>
Created <class 'impurity_radiation.impurity_radiation'>
Created <class 'fastran.heating.pellet_model.pellet_model'>
Created <class 'fastran.external.rf_ic_toric_abr_mcmd.toric'>
Created <class 'fastran.equilibrium.efit.efit'>
Created <class 'fastran.solver.fastran.fastran'>
Redirecting stdout for fastran_FPP_000001_441985_0008 to /pscratch/sd/h/hswils/github_repos/MANTA_DBSCANS/IC+RAD+PELLET+TGLF/bcfrom2024/SCAN_sntot_paux_Kr0004/SCAN/fastran_FPP_000001_441985_0008.out 
Created <class 'fastran.driver.fastran_init.fastran_init'>
Created <class 'fastran.driver.fastran_driver.fastran_driver'>
Created <class 'fastran.equilibrium.efit.efit'>
Created <class 'fastran.solver.fastran.fastran'>
Created <class 'impurity_radiation.impurity_radiation'>
Created <class 'fastran.heating.pellet_model.pellet_model'>
Created <class 'fastran.external.rf_ic_toric_abr_mcmd.toric'>
Created <class 'fastran.equilibrium.efit.efit'>
Created <class 'fastran.solver.fastran.fastran'>
Jul 20 2026 20:43:37  Received status = END, returning from dakota_bridge.
Jul 20 2026 20:43:37  ips_dakota_dynamic received response from IPS  {'SIMSTATUS': 'ACK'}
