========================================================================
= FASTRAN

nonlinear model = 0
ichi = 0
ineo = 0
reading state...
read formatted input, inprof...
init geometry...
read formatted input, inmetric...
nrho in inmetric = 101
rhob in inmetric = 1.265660e+00
solve avg grad-shafranv...
solve_avg_gs::Ip_temp = 9.991776e+00 
solve_avg_gs::Ip      = 1.000000e+01 
>>> tau_he = 5.000000, nhe(0)=2.636075e+00

 plasma volume = 149.424670
 stored energy(e,i,b) = 6.471527e+01 5.824469e+01 0.000000e+00
 betan = 1.390051
*power
 Pnb(e,i) = 0.000000e+00 0.000000e+00
 Prf(e,i) = 6.794330e+00 1.321865e+01
 Prad     = -3.493673e+01 
 Pei      = -1.148715e+00 
 Pfuse    = 6.020212e+01 
 Pfusi    = 1.822391e+01 
 Poh      = 0.000000e+00 
*confinement time
 taut, tauITER98y2, H98y2 : 1.936308e+00 1.884451e+00 1.027518e+00
 taue, taui : 2.093600e+00 3.006546e+00
 taut, tau89, H89 : 1.936308e+00 8.772938e-01 2.207137e+00
*temperature
 nea, nebar : 2.111048e+01 2.392893e+01 
 tea, tia : 7.604518e+00 7.572406e+00 (1.004241e+00)
 te0, ti0 : 1.864160e+01 1.890564e+01 (9.860341e-01)
 Sn : 1.516077e+03 
*current balance
 Ip,Ibs,Inb,Irf: 1.000000e+01 2.111399e+00 0.000000e+00 9.550401e-02
 fni,fbs: 0.221 0.211

Time advancing...
rho_bdry 0.950000 ...
te_bdry = 3.741993
ti_bdry = 3.741797
ne_bdry = 14.453942
rv_bdry = 100.762170
nrho_tr_bdry = 19
drho_bdry = 0.000000e+00
nrhob = 95
 [    0] t = 0.0000 
>>> tau_he = 5.000000, nhe(0)=2.625657e+00
 5     -0.012   2.73e-03   1.34e-01   1.30e-03  -1.72e-02   4.01e-05 (  4.55e-01,  3.38e+01)
10     -0.001   5.09e-04  -2.50e-03  -8.82e-04  -3.73e-03   2.37e-04 (  1.37e-01,  6.74e+01)
15     -0.012  -1.05e-04  -4.89e-03  -4.24e-03  -5.19e-02   1.02e-03 ( -3.78e-02,  9.91e+01)
20     -0.006   2.42e-02  -5.20e-02  -3.53e-03  -3.59e-02   3.73e-03 (  1.05e+01,  1.23e+02)
25      0.005   8.38e-02  -1.14e-02   1.59e-02   3.87e-02   1.20e-02 (  4.10e+01,  1.42e+02)
30      0.024   1.41e-01   4.44e-02   3.93e-02   1.97e-01   3.43e-02 (  7.37e+01,  1.56e+02)
35      0.034   1.87e-01   1.00e-01   7.68e-02   2.74e-01   8.78e-02 (  9.42e+01,  1.65e+02)
40      0.034   2.20e-01   1.35e-01   1.13e-01   2.79e-01   2.03e-01 (  1.04e+02,  1.69e+02)
45      0.035   2.50e-01   1.91e-01   1.68e-01   2.54e-01   4.22e-01 (  1.09e+02,  1.68e+02)
50      0.077   2.93e-01   2.59e-01   1.61e-01   6.94e-01   7.96e-01 (  1.20e+02,  1.63e+02)
55      0.090   3.04e-01   3.25e-01   1.99e-01   1.23e+00   1.37e+00 (  1.15e+02,  1.56e+02)
60      0.122   3.37e-01   4.47e-01   2.41e-01   2.23e+00   2.14e+00 (  1.15e+02,  1.47e+02)
65      0.204   4.75e-01   7.37e-01   4.44e-01   4.35e+00   3.07e+00 (  1.41e+02,  1.38e+02)
70      0.245   5.61e-01   8.76e-01   5.69e-01   5.54e+00   4.07e+00 (  1.42e+02,  1.28e+02)
75      0.283   6.52e-01   9.97e-01   6.65e-01   6.71e+00   5.01e+00 (  1.40e+02,  1.19e+02)
80      0.304   7.16e-01   1.06e+00   7.00e-01   7.48e+00   5.78e+00 (  1.29e+02,  1.11e+02)
85      0.304   7.44e-01   1.05e+00   6.92e-01   7.75e+00   6.31e+00 (  1.13e+02,  1.03e+02)
90      0.286   7.11e-01   9.81e-01   6.34e-01   7.47e+00   6.59e+00 (  9.14e+01,  9.58e+01)
95      2.151   4.76e+00   6.13e+00   4.92e+00   1.13e+02   6.65e+00 (  2.20e+03,  8.92e+01)
 0 n: 3.347e-08 e: 3.722e-07 i: 1.325e-06 :: e: 0.000e+00 i: 0.000e+00 :: n: 2.924e+01 e:18.642 i:18.906 v:4.993e+03
>>> tau_he = 5.000000, nhe(0)=2.621016e+00
 5     -0.011   2.70e-03   1.42e-01   1.37e-03  -1.57e-02   4.01e-05 (  4.45e-01,  3.38e+01)
10     -0.001   7.43e-04  -2.48e-03  -8.92e-04  -3.74e-03   2.37e-04 (  2.00e-01,  6.74e+01)
15     -0.014  -1.33e-04  -4.25e-03  -4.70e-03  -5.87e-02   1.02e-03 ( -4.83e-02,  9.91e+01)
20     -0.007   2.36e-02  -5.17e-02  -4.05e-03  -4.06e-02   3.73e-03 (  1.04e+01,  1.23e+02)
25      0.006   8.50e-02  -1.05e-02   1.60e-02   4.03e-02   1.20e-02 (  4.18e+01,  1.42e+02)
30      0.024   1.40e-01   4.37e-02   3.96e-02   1.94e-01   3.43e-02 (  7.27e+01,  1.56e+02)
35      0.034   1.87e-01   1.00e-01   7.63e-02   2.77e-01   8.78e-02 (  9.38e+01,  1.65e+02)
40      0.034   2.21e-01   1.36e-01   1.15e-01   2.74e-01   2.03e-01 (  1.04e+02,  1.69e+02)
45      0.035   2.50e-01   1.92e-01   1.69e-01   2.60e-01   4.22e-01 (  1.10e+02,  1.68e+02)
50      0.078   2.92e-01   2.60e-01   1.61e-01   7.04e-01   7.96e-01 (  1.19e+02,  1.63e+02)
55      0.093   3.09e-01   3.32e-01   2.01e-01   1.27e+00   1.37e+00 (  1.17e+02,  1.56e+02)
60      0.128   3.48e-01   4.78e-01   2.57e-01   2.37e+00   2.14e+00 (  1.20e+02,  1.47e+02)
65      0.197   4.66e-01   7.18e-01   4.31e-01   4.17e+00   3.07e+00 (  1.37e+02,  1.38e+02)
70      0.242   5.57e-01   8.66e-01   5.62e-01   5.47e+00   4.07e+00 (  1.40e+02,  1.28e+02)
75      0.279   6.45e-01   9.82e-01   6.54e-01   6.60e+00   5.01e+00 (  1.37e+02,  1.19e+02)
80      0.300   7.09e-01   1.04e+00   6.89e-01   7.37e+00   5.78e+00 (  1.27e+02,  1.11e+02)
85      0.304   7.43e-01   1.05e+00   6.96e-01   7.72e+00   6.31e+00 (  1.13e+02,  1.03e+02)
90      0.299   7.27e-01   1.07e+00   7.17e-01   7.84e+00   6.59e+00 (  1.04e+02,  9.58e+01)
95      1.955   4.44e+00   5.63e+00   4.42e+00   1.03e+02   6.65e+00 (  1.89e+03,  8.92e+01)
 1 n: 1.654e-01 e: 1.743e-02 i: 4.092e-02 :: e: 7.883e-03 i: 1.655e-02 :: n: 2.924e+01 e:18.642 i:18.870 v:4.993e+03
>>> tau_he = 5.000000, nhe(0)=2.326908e+00
 5     -2.935   3.08e-03   2.26e-01   1.31e-03  -3.31e-02   4.01e-05 (  6.74e-01,  3.38e+01)
10    -10.032   1.21e-02   3.73e-02  -8.74e-04  -6.15e-01   2.37e-04 (  5.37e+00,  6.74e+01)
15     -7.782   8.46e-02  -1.52e-02   4.27e-02  -3.05e+00   1.02e-03 (  5.64e+01,  9.91e+01)
20     -1.434   1.59e-01   8.34e-02   5.87e-02  -2.34e+00   3.73e-03 (  1.13e+02,  1.23e+02)
25     -0.657   1.75e-01   1.51e-01   1.34e-01  -1.49e+00   1.20e-02 (  1.06e+02,  1.42e+02)
30     -0.272   1.97e-01   2.03e-01   1.79e-01  -8.13e-01   3.43e-02 (  1.05e+02,  1.56e+02)
35     -0.089   2.43e-01   2.43e-01   2.18e-01  -3.23e-01   8.78e-02 (  1.20e+02,  1.65e+02)
40      0.023   2.66e-01   2.74e-01   2.50e-01   1.32e-01   2.03e-01 (  1.23e+02,  1.69e+02)
45      0.089   2.72e-01   3.24e-01   1.87e-01   8.39e-01   4.22e-01 (  1.16e+02,  1.68e+02)
50      0.174   3.72e-01   5.75e-01   2.63e-01   1.78e+00   7.96e-01 (  1.43e+02,  1.63e+02)
55      0.192   4.29e-01   7.34e-01   3.82e-01   2.64e+00   1.37e+00 (  1.53e+02,  1.56e+02)
60      0.131   3.76e-01   6.07e-01   3.47e-01   2.06e+00   2.14e+00 (  1.17e+02,  1.47e+02)
65      0.134   3.79e-01   6.02e-01   3.95e-01   2.02e+00   3.07e+00 (  9.28e+01,  1.38e+02)
70      0.142   3.78e-01   6.09e-01   4.37e-01   2.31e+00   4.07e+00 (  7.73e+01,  1.28e+02)
75      0.163   4.06e-01   6.69e-01   4.98e-01   2.86e+00   5.01e+00 (  7.12e+01,  1.19e+02)
80      0.190   4.58e-01   7.62e-01   5.59e-01   3.61e+00   5.78e+00 (  7.13e+01,  1.11e+02)
85      0.219   5.25e-01   8.58e-01   6.11e-01   4.54e+00   6.31e+00 (  7.57e+01,  1.03e+02)
90      0.235   5.61e-01   9.08e-01   6.54e-01   5.31e+00   6.59e+00 (  7.76e+01,  9.58e+01)
95      1.916   4.41e+00   5.59e+00   4.43e+00   9.76e+01   6.65e+00 (  1.82e+03,  8.92e+01)
 2 n: 5.151e-03 e: 7.808e-03 i: 7.301e-03 :: e: 2.396e-01 i: 2.415e-01 :: n: 2.545e+01 e:21.414 i:21.412 v:4.993e+03
>>> tau_he = 5.000000, nhe(0)=2.454673e+00
 5     -4.369   3.72e-03   2.46e-01   1.29e-03  -4.99e-02   4.01e-05 (  1.01e+00,  3.38e+01)
10    -22.707   1.95e-02   5.82e-02  -2.90e-03  -1.41e+00   2.37e-04 (  1.07e+01,  6.74e+01)
15     -8.859   1.19e-01   5.03e-02   5.59e-02  -3.51e+00   1.02e-03 (  9.29e+01,  9.91e+01)
20     -1.694   1.87e-01   8.27e-02   6.94e-02  -2.84e+00   3.73e-03 (  1.51e+02,  1.23e+02)
25     -0.596   1.99e-01   1.47e-01   1.20e-01  -1.47e+00   1.20e-02 (  1.40e+02,  1.42e+02)
30     -0.362   2.39e-01   2.11e-01   1.45e-01  -1.19e+00   3.43e-02 (  1.47e+02,  1.56e+02)
35     -0.168   2.48e-01   2.19e-01   1.70e-01  -6.66e-01   8.78e-02 (  1.36e+02,  1.65e+02)
40      0.005   2.81e-01   2.72e-01   2.35e-01   2.67e-02   2.03e-01 (  1.41e+02,  1.69e+02)
45      0.066   2.84e-01   3.20e-01   1.96e-01   5.55e-01   4.22e-01 (  1.27e+02,  1.68e+02)
50      0.110   3.08e-01   3.91e-01   2.04e-01   1.00e+00   7.96e-01 (  1.19e+02,  1.63e+02)
55      0.119   3.28e-01   4.72e-01   2.74e-01   1.50e+00   1.37e+00 (  1.13e+02,  1.56e+02)
60      0.124   3.42e-01   5.25e-01   3.15e-01   1.92e+00   2.14e+00 (  1.00e+02,  1.47e+02)
65      0.127   3.27e-01   5.19e-01   3.40e-01   1.97e+00   3.07e+00 (  7.29e+01,  1.38e+02)
70      0.134   3.24e-01   5.29e-01   3.77e-01   2.27e+00   4.07e+00 (  5.86e+01,  1.28e+02)
75      0.153   3.56e-01   5.80e-01   4.25e-01   2.80e+00   5.01e+00 (  5.37e+01,  1.19e+02)
80      0.179   4.15e-01   6.62e-01   4.79e-01   3.52e+00   5.78e+00 (  5.46e+01,  1.11e+02)
85      0.207   4.92e-01   7.52e-01   5.18e-01   4.42e+00   6.31e+00 (  5.88e+01,  1.03e+02)
90      0.231   5.53e-01   8.16e-01   5.68e-01   5.32e+00   6.59e+00 (  6.21e+01,  9.58e+01)
95      1.921   4.45e+00   5.59e+00   4.41e+00   9.83e+01   6.65e+00 (  1.78e+03,  8.92e+01)
 3 n: 2.660e-03 e: 5.490e-04 i: 1.621e-03 :: e: 2.516e-01 i: 2.456e-01 :: n: 2.554e+01 e:22.416 i:22.705 v:4.993e+03
>>> tau_he = 5.000000, nhe(0)=2.496031e+00
 5     -4.857   2.97e-03   2.47e-01   1.29e-03  -5.60e-02   4.01e-05 (  8.84e-01,  3.38e+01)
10    -26.368   2.36e-02   5.96e-02  -2.51e-03  -1.65e+00   2.37e-04 (  1.40e+01,  6.74e+01)
15     -9.387   1.22e-01   6.56e-02   6.36e-02  -3.76e+00   1.02e-03 (  9.72e+01,  9.91e+01)
20     -1.290   1.79e-01   8.93e-02   6.81e-02  -2.23e+00   3.73e-03 (  1.45e+02,  1.23e+02)
25     -0.533   2.01e-01   1.51e-01   9.29e-02  -1.42e+00   1.20e-02 (  1.45e+02,  1.42e+02)
30     -0.304   2.40e-01   2.16e-01   1.43e-01  -1.10e+00   3.43e-02 (  1.53e+02,  1.56e+02)
35     -0.130   2.53e-01   2.30e-01   1.72e-01  -5.65e-01   8.78e-02 (  1.44e+02,  1.65e+02)
40      0.021   2.81e-01   2.90e-01   2.36e-01   1.27e-01   2.03e-01 (  1.44e+02,  1.69e+02)
45      0.071   2.87e-01   3.44e-01   2.08e-01   5.79e-01   4.22e-01 (  1.31e+02,  1.68e+02)
50      0.117   3.08e-01   4.17e-01   2.25e-01   1.04e+00   7.96e-01 (  1.20e+02,  1.63e+02)
55      0.119   3.24e-01   4.86e-01   2.79e-01   1.48e+00   1.37e+00 (  1.11e+02,  1.56e+02)
60      0.120   3.31e-01   5.24e-01   3.14e-01   1.88e+00   2.14e+00 (  9.55e+01,  1.47e+02)
65      0.125   3.21e-01   5.31e-01   3.39e-01   2.01e+00   3.07e+00 (  7.12e+01,  1.38e+02)
70      0.131   3.20e-01   5.26e-01   3.69e-01   2.32e+00   4.07e+00 (  5.74e+01,  1.28e+02)
75      0.149   3.52e-01   5.65e-01   4.02e-01   2.85e+00   5.01e+00 (  5.24e+01,  1.19e+02)
80      0.169   4.06e-01   6.18e-01   4.33e-01   3.46e+00   5.78e+00 (  5.20e+01,  1.11e+02)
85      0.202   4.94e-01   7.08e-01   4.67e-01   4.45e+00   6.31e+00 (  5.67e+01,  1.03e+02)
90      0.223   5.52e-01   7.50e-01   5.01e-01   5.26e+00   6.59e+00 (  5.87e+01,  9.58e+01)
95      1.931   4.48e+00   5.61e+00   4.41e+00   9.93e+01   6.65e+00 (  1.78e+03,  8.92e+01)
 4 n: 2.498e-03 e: 1.152e-03 i: 2.972e-04 :: e: 2.324e-01 i: 2.480e-01 :: n: 2.585e+01 e:22.567 i:22.617 v:4.993e+03
>>> tau_he = 5.000000, nhe(0)=2.511296e+00
 5     -4.823   3.17e-03   2.41e-01   1.30e-03  -5.61e-02   4.01e-05 (  9.71e-01,  3.38e+01)
10    -25.745   2.37e-02   5.74e-02  -2.55e-03  -1.62e+00   2.37e-04 (  1.43e+01,  6.74e+01)
15     -8.526   1.14e-01   5.88e-02   5.70e-02  -3.45e+00   1.02e-03 (  8.78e+01,  9.91e+01)
20     -1.185   1.50e-01   8.70e-02   6.42e-02  -2.09e+00   3.73e-03 (  1.17e+02,  1.23e+02)
25     -0.434   1.87e-01   1.41e-01   9.22e-02  -1.25e+00   1.20e-02 (  1.32e+02,  1.42e+02)
30     -0.246   2.24e-01   1.97e-01   1.25e-01  -9.75e-01   3.43e-02 (  1.40e+02,  1.56e+02)
35     -0.105   2.40e-01   2.12e-01   1.53e-01  -4.95e-01   8.78e-02 (  1.35e+02,  1.65e+02)
40      0.016   2.66e-01   2.66e-01   2.26e-01   9.76e-02   2.03e-01 (  1.35e+02,  1.69e+02)
45      0.061   2.73e-01   3.15e-01   1.94e-01   4.76e-01   4.22e-01 (  1.22e+02,  1.68e+02)
50      0.107   2.90e-01   3.76e-01   2.00e-01   9.25e-01   7.96e-01 (  1.10e+02,  1.63e+02)
55      0.110   3.01e-01   4.36e-01   2.57e-01   1.34e+00   1.37e+00 (  9.96e+01,  1.56e+02)
60      0.108   2.99e-01   4.59e-01   2.79e-01   1.71e+00   2.14e+00 (  8.31e+01,  1.47e+02)
65      0.121   3.01e-01   4.93e-01   3.12e-01   2.01e+00   3.07e+00 (  6.44e+01,  1.38e+02)
70      0.131   3.09e-01   5.05e-01   3.49e-01   2.41e+00   4.07e+00 (  5.34e+01,  1.28e+02)
75      0.152   3.53e-01   5.53e-01   3.86e-01   3.03e+00   5.01e+00 (  5.02e+01,  1.19e+02)
80      0.174   4.19e-01   6.12e-01   4.18e-01   3.72e+00   5.78e+00 (  5.05e+01,  1.11e+02)
85      0.210   5.18e-01   7.11e-01   4.62e-01   4.77e+00   6.31e+00 (  5.51e+01,  1.03e+02)
90      0.222   5.64e-01   7.30e-01   4.75e-01   5.35e+00   6.59e+00 (  5.48e+01,  9.58e+01)
95      1.938   4.50e+00   5.62e+00   4.40e+00   1.00e+02   6.65e+00 (  1.77e+03,  8.92e+01)
 5 n: 1.841e-03 e: 2.415e-04 i: 8.237e-04 :: e: 2.040e-01 i: 2.191e-01 :: n: 2.613e+01 e:21.919 i:22.260 v:4.993e+03
>>> tau_he = 5.000000, nhe(0)=2.495451e+00
 5     -4.720   3.00e-03   2.26e-01   1.18e-03  -5.52e-02   4.01e-05 (  9.35e-01,  3.38e+01)
10    -24.459   2.24e-02   5.35e-02  -2.33e-03  -1.55e+00   2.37e-04 (  1.35e+01,  6.74e+01)
15     -7.807   1.06e-01   5.57e-02   5.77e-02  -3.18e+00   1.02e-03 (  7.93e+01,  9.91e+01)
20     -1.040   1.41e-01   8.70e-02   6.76e-02  -1.87e+00   3.73e-03 (  1.06e+02,  1.23e+02)
25     -0.356   1.75e-01   1.36e-01   1.02e-01  -1.10e+00   1.20e-02 (  1.20e+02,  1.42e+02)
30     -0.191   2.11e-01   1.91e-01   1.25e-01  -8.26e-01   3.43e-02 (  1.30e+02,  1.56e+02)
35     -0.076   2.29e-01   2.10e-01   1.51e-01  -3.93e-01   8.78e-02 (  1.28e+02,  1.65e+02)
40      0.020   2.58e-01   2.66e-01   2.30e-01   1.26e-01   2.03e-01 (  1.29e+02,  1.69e+02)
45      0.058   2.67e-01   3.18e-01   1.93e-01   4.48e-01   4.22e-01 (  1.19e+02,  1.68e+02)
50      0.101   2.81e-01   3.78e-01   2.00e-01   8.59e-01   7.96e-01 (  1.06e+02,  1.63e+02)
55      0.106   2.94e-01   4.31e-01   2.56e-01   1.29e+00   1.37e+00 (  9.66e+01,  1.56e+02)
60      0.105   2.92e-01   4.58e-01   2.71e-01   1.69e+00   2.14e+00 (  8.10e+01,  1.47e+02)
65      0.120   3.00e-01   4.96e-01   3.10e-01   2.07e+00   3.07e+00 (  6.48e+01,  1.38e+02)
70      0.132   3.16e-01   5.13e-01   3.50e-01   2.54e+00   4.07e+00 (  5.53e+01,  1.28e+02)
75      0.156   3.69e-01   5.63e-01   3.84e-01   3.25e+00   5.01e+00 (  5.30e+01,  1.19e+02)
80      0.180   4.40e-01   6.19e-01   4.10e-01   3.98e+00   5.78e+00 (  5.34e+01,  1.11e+02)
85      0.217   5.43e-01   7.16e-01   4.52e-01   5.06e+00   6.31e+00 (  5.76e+01,  1.03e+02)
90      0.227   5.87e-01   7.24e-01   4.62e-01   5.58e+00   6.59e+00 (  5.65e+01,  9.58e+01)
95      1.945   4.52e+00   5.63e+00   4.40e+00   1.01e+02   6.65e+00 (  1.77e+03,  8.92e+01)
 6 n: 1.429e-03 e: 8.285e-04 i: 3.880e-04 :: e: 1.653e-01 i: 1.924e-01 :: n: 2.645e+01 e:21.538 i:21.546 v:4.993e+03
>>> tau_he = 5.000000, nhe(0)=2.495889e+00
 5     -4.461   3.57e-03   2.17e-01   1.18e-03  -5.24e-02   4.01e-05 (  1.11e+00,  3.38e+01)
10    -21.981   2.01e-02   4.91e-02  -2.40e-03  -1.40e+00   2.37e-04 (  1.19e+01,  6.74e+01)
15     -7.227   1.00e-01   4.83e-02   5.14e-02  -2.96e+00   1.02e-03 (  7.16e+01,  9.91e+01)
20     -0.897   1.31e-01   7.78e-02   6.35e-02  -1.64e+00   3.73e-03 (  9.44e+01,  1.23e+02)
25     -0.281   1.63e-01   1.23e-01   9.48e-02  -9.25e-01   1.20e-02 (  1.08e+02,  1.42e+02)
30     -0.072   1.97e-01   1.68e-01   1.09e-01  -3.43e-01   3.43e-02 (  1.17e+02,  1.56e+02)
35     -0.037   2.08e-01   1.92e-01   1.34e-01  -2.08e-01   8.78e-02 (  1.12e+02,  1.65e+02)
40      0.019   2.41e-01   2.43e-01   2.09e-01   1.24e-01   2.03e-01 (  1.17e+02,  1.69e+02)
45      0.047   2.48e-01   2.89e-01   1.78e-01   3.57e-01   4.22e-01 (  1.07e+02,  1.68e+02)
50      0.094   2.64e-01   3.42e-01   1.80e-01   7.90e-01   7.96e-01 (  9.64e+01,  1.63e+02)
55      0.100   2.73e-01   3.92e-01   2.34e-01   1.21e+00   1.37e+00 (  8.67e+01,  1.56e+02)
60      0.102   2.76e-01   4.28e-01   2.55e-01   1.66e+00   2.14e+00 (  7.42e+01,  1.47e+02)
65      0.118   2.88e-01   4.73e-01   2.92e-01   2.10e+00   3.07e+00 (  6.09e+01,  1.38e+02)
70      0.134   3.15e-01   5.05e-01   3.41e-01   2.67e+00   4.07e+00 (  5.39e+01,  1.28e+02)
75      0.161   3.79e-01   5.64e-01   3.79e-01   3.47e+00   5.01e+00 (  5.32e+01,  1.19e+02)
80      0.187   4.57e-01   6.25e-01   4.08e-01   4.25e+00   5.78e+00 (  5.37e+01,  1.11e+02)
85      0.215   5.45e-01   7.00e-01   4.31e-01   5.10e+00   6.31e+00 (  5.55e+01,  1.03e+02)
90      0.233   6.19e-01   7.36e-01   4.59e-01   5.83e+00   6.59e+00 (  5.66e+01,  9.58e+01)
95      1.949   4.53e+00   5.64e+00   4.39e+00   1.02e+02   6.65e+00 (  1.77e+03,  8.92e+01)
 7 n: 1.027e-03 e: 1.600e-04 i: 6.240e-04 :: e: 1.420e-01 i: 1.650e-01 :: n: 2.674e+01 e:20.793 i:21.075 v:4.993e+03
>>> tau_he = 5.000000, nhe(0)=2.476668e+00
 5     -4.235   3.38e-03   2.05e-01   1.14e-03  -4.99e-02   4.01e-05 (  1.05e+00,  3.38e+01)
10    -20.716   1.94e-02   4.62e-02  -2.14e-03  -1.32e+00   2.37e-04 (  1.14e+01,  6.74e+01)
15     -6.688   9.47e-02   4.56e-02   5.21e-02  -2.75e+00   1.02e-03 (  6.57e+01,  9.91e+01)
20     -0.809   1.18e-01   7.62e-02   6.77e-02  -1.50e+00   3.73e-03 (  8.32e+01,  1.23e+02)
25     -0.234   1.53e-01   1.19e-01   9.56e-02  -8.18e-01   1.20e-02 (  9.98e+01,  1.42e+02)
30     -0.051   1.86e-01   1.64e-01   1.06e-01  -2.66e-01   3.43e-02 (  1.09e+02,  1.56e+02)
35     -0.024   1.99e-01   1.90e-01   1.30e-01  -1.42e-01   8.78e-02 (  1.06e+02,  1.65e+02)
40      0.020   2.32e-01   2.42e-01   2.10e-01   1.38e-01   2.03e-01 (  1.11e+02,  1.69e+02)
45      0.072   2.51e-01   3.02e-01   1.89e-01   5.51e-01   4.22e-01 (  1.07e+02,  1.68e+02)
50      0.090   2.58e-01   3.39e-01   1.78e-01   7.58e-01   7.96e-01 (  9.40e+01,  1.63e+02)
55      0.095   2.66e-01   3.86e-01   2.27e-01   1.17e+00   1.37e+00 (  8.42e+01,  1.56e+02)
60      0.101   2.73e-01   4.27e-01   2.51e-01   1.67e+00   2.14e+00 (  7.34e+01,  1.47e+02)
65      0.117   2.89e-01   4.75e-01   2.90e-01   2.15e+00   3.07e+00 (  6.16e+01,  1.38e+02)
70      0.137   3.23e-01   5.12e-01   3.43e-01   2.81e+00   4.07e+00 (  5.61e+01,  1.28e+02)
75      0.167   3.96e-01   5.75e-01   3.80e-01   3.70e+00   5.01e+00 (  5.63e+01,  1.19e+02)
80      0.193   4.78e-01   6.35e-01   4.05e-01   4.52e+00   5.78e+00 (  5.68e+01,  1.11e+02)
85      0.211   5.44e-01   6.83e-01   4.08e-01   5.12e+00   6.31e+00 (  5.57e+01,  1.03e+02)
90      0.232   6.24e-01   7.26e-01   4.41e-01   5.89e+00   6.59e+00 (  5.70e+01,  9.58e+01)
95      1.954   4.54e+00   5.65e+00   4.39e+00   1.02e+02   6.65e+00 (  1.77e+03,  8.92e+01)
 8 n: 7.343e-04 e: 5.323e-04 i: 2.202e-04 :: e: 1.198e-01 i: 1.478e-01 :: n: 2.704e+01 e:20.476 i:20.445 v:4.993e+03
>>> tau_he = 5.000000, nhe(0)=2.480201e+00
 5     -4.011   3.32e-03   1.99e-01   1.15e-03  -4.74e-02   4.01e-05 (  1.02e+00,  3.38e+01)
10    -18.688   1.81e-02   4.20e-02  -1.68e-03  -1.20e+00   2.37e-04 (  1.04e+01,  6.74e+01)
15     -6.126   8.90e-02   3.86e-02   4.69e-02  -2.52e+00   1.02e-03 (  5.97e+01,  9.91e+01)
20     -0.727   1.12e-01   6.89e-02   6.30e-02  -1.36e+00   3.73e-03 (  7.65e+01,  1.23e+02)
25     -0.188   1.45e-01   1.08e-01   8.52e-02  -6.98e-01   1.20e-02 (  9.13e+01,  1.42e+02)
30     -0.034   1.74e-01   1.52e-01   9.37e-02  -1.89e-01   3.43e-02 (  9.90e+01,  1.56e+02)
35     -0.011   1.86e-01   1.77e-01   1.26e-01  -7.40e-02   8.78e-02 (  9.67e+01,  1.65e+02)
40      0.019   2.19e-01   2.24e-01   1.95e-01   1.30e-01   2.03e-01 (  1.02e+02,  1.69e+02)
45      0.066   2.38e-01   2.78e-01   1.77e-01   4.84e-01   4.22e-01 (  9.81e+01,  1.68e+02)
50      0.096   2.56e-01   3.32e-01   1.78e-01   8.14e-01   7.96e-01 (  9.06e+01,  1.63e+02)
55      0.091   2.51e-01   3.57e-01   2.12e-01   1.12e+00   1.37e+00 (  7.74e+01,  1.56e+02)
60      0.097   2.56e-01   3.86e-01   2.26e-01   1.63e+00   2.14e+00 (  6.72e+01,  1.47e+02)
65      0.101   2.52e-01   3.98e-01   2.35e-01   1.89e+00   3.07e+00 (  5.29e+01,  1.38e+02)
70      0.138   3.24e-01   5.06e-01   3.36e-01   2.92e+00   4.07e+00 (  5.52e+01,  1.28e+02)
75      0.171   4.05e-01   5.75e-01   3.77e-01   3.88e+00   5.01e+00 (  5.64e+01,  1.19e+02)
80      0.198   4.93e-01   6.39e-01   4.04e-01   4.73e+00   5.78e+00 (  5.71e+01,  1.11e+02)
85      0.216   5.65e-01   6.89e-01   4.06e-01   5.34e+00   6.31e+00 (  5.62e+01,  1.03e+02)
90      0.237   6.48e-01   7.33e-01   4.43e-01   6.07e+00   6.59e+00 (  5.70e+01,  9.58e+01)
95      1.957   4.55e+00   5.65e+00   4.39e+00   1.03e+02   6.65e+00 (  1.77e+03,  8.92e+01)
 9 n: 7.010e-04 e: 6.525e-05 i: 3.751e-04 :: e: 1.113e-01 i: 1.396e-01 :: n: 2.731e+01 e:19.888 i:20.105 v:4.993e+03
>>> tau_he = 5.000000, nhe(0)=2.466530e+00
 5     -3.850   3.17e-03   1.90e-01   1.12e-03  -4.56e-02   4.01e-05 (  9.78e-01,  3.38e+01)
10    -17.617   1.70e-02   3.97e-02  -1.64e-03  -1.13e+00   2.37e-04 (  9.71e+00,  6.74e+01)
15     -4.666   8.61e-02   6.19e-02   4.29e-02  -1.92e+00   1.02e-03 (  5.68e+01,  9.91e+01)
20     -0.764   9.72e-02   7.14e-02   6.74e-02  -1.44e+00   3.73e-03 (  6.53e+01,  1.23e+02)
25     -0.179   1.38e-01   1.07e-01   8.59e-02  -7.01e-01   1.20e-02 (  8.65e+01,  1.42e+02)
30     -0.021   1.67e-01   1.50e-01   8.94e-02  -1.27e-01   3.43e-02 (  9.45e+01,  1.56e+02)
35     -0.003   1.80e-01   1.77e-01   1.24e-01  -2.11e-02   8.78e-02 (  9.33e+01,  1.65e+02)
40      0.019   2.14e-01   2.24e-01   1.98e-01   1.29e-01   2.03e-01 (  9.95e+01,  1.69e+02)
45      0.063   2.34e-01   2.77e-01   1.77e-01   4.54e-01   4.22e-01 (  9.59e+01,  1.68e+02)
50      0.093   2.51e-01   3.28e-01   1.78e-01   7.84e-01   7.96e-01 (  8.86e+01,  1.63e+02)
55      0.088   2.47e-01   3.54e-01   2.11e-01   1.10e+00   1.37e+00 (  7.62e+01,  1.56e+02)
60      0.099   2.60e-01   4.04e-01   2.34e-01   1.70e+00   2.14e+00 (  6.87e+01,  1.47e+02)
65      0.103   2.58e-01   4.08e-01   2.39e-01   2.00e+00   3.07e+00 (  5.49e+01,  1.38e+02)
70      0.141   3.33e-01   5.14e-01   3.38e-01   3.07e+00   4.07e+00 (  5.76e+01,  1.28e+02)
75      0.175   4.19e-01   5.82e-01   3.77e-01   4.08e+00   5.01e+00 (  5.89e+01,  1.19e+02)
80      0.204   5.10e-01   6.45e-01   4.01e-01   4.95e+00   5.78e+00 (  5.95e+01,  1.11e+02)
85      0.220   5.80e-01   6.94e-01   3.99e-01   5.52e+00   6.31e+00 (  5.80e+01,  1.03e+02)
90      0.242   6.68e-01   7.38e-01   4.42e-01   6.28e+00   6.59e+00 (  5.88e+01,  9.58e+01)
95      1.961   4.56e+00   5.66e+00   4.39e+00   1.03e+02   6.65e+00 (  1.77e+03,  8.92e+01)
10 n: 5.239e-04 e: 3.123e-04 i: 1.116e-04 :: e: 9.414e-02 i: 1.205e-01 :: n: 2.757e+01 e:19.700 i:19.638 v:4.993e+03
>>> tau_he = 5.000000, nhe(0)=2.476298e+00
 5     -3.694   3.13e-03   1.86e-01   1.13e-03  -4.37e-02   4.01e-05 (  9.55e-01,  3.38e+01)
10    -16.521   1.67e-02   3.85e-02  -1.57e-03  -1.06e+00   2.37e-04 (  9.36e+00,  6.74e+01)
15     -4.321   8.11e-02   5.37e-02   3.84e-02  -1.78e+00   1.02e-03 (  5.22e+01,  9.91e+01)
20     -0.708   9.30e-02   6.54e-02   6.21e-02  -1.34e+00   3.73e-03 (  6.12e+01,  1.23e+02)
25     -0.134   1.30e-01   9.81e-02   7.71e-02  -5.51e-01   1.20e-02 (  7.98e+01,  1.42e+02)
30     -0.008   1.58e-01   1.40e-01   7.85e-02  -5.55e-02   3.43e-02 (  8.77e+01,  1.56e+02)
35      0.006   1.73e-01   1.65e-01   1.15e-01   4.45e-02   8.78e-02 (  8.79e+01,  1.65e+02)
40      0.018   2.05e-01   2.10e-01   1.85e-01   1.28e-01   2.03e-01 (  9.31e+01,  1.69e+02)
45      0.059   2.23e-01   2.59e-01   1.66e-01   4.23e-01   4.22e-01 (  8.96e+01,  1.68e+02)
50      0.089   2.38e-01   3.05e-01   1.62e-01   7.51e-01   7.96e-01 (  8.23e+01,  1.63e+02)
55      0.085   2.36e-01   3.32e-01   1.98e-01   1.07e+00   1.37e+00 (  7.13e+01,  1.56e+02)
60      0.097   2.51e-01   3.87e-01   2.22e-01   1.69e+00   2.14e+00 (  6.50e+01,  1.47e+02)
65      0.104   2.56e-01   4.04e-01   2.34e-01   2.09e+00   3.07e+00 (  5.38e+01,  1.38e+02)
70      0.143   3.35e-01   5.10e-01   3.33e-01   3.18e+00   4.07e+00 (  5.69e+01,  1.28e+02)
75      0.178   4.26e-01   5.80e-01   3.74e-01   4.20e+00   5.01e+00 (  5.86e+01,  1.19e+02)
80      0.206   5.20e-01   6.46e-01   3.99e-01   5.09e+00   5.78e+00 (  5.92e+01,  1.11e+02)
85      0.224   5.96e-01   6.97e-01   3.98e-01   5.67e+00   6.31e+00 (  5.79e+01,  1.03e+02)
90      0.241   6.79e-01   7.37e-01   4.33e-01   6.28e+00   6.59e+00 (  5.77e+01,  9.58e+01)
95      1.962   4.57e+00   5.66e+00   4.38e+00   1.03e+02   6.65e+00 (  1.77e+03,  8.92e+01)
11 n: 3.702e-04 e: 2.170e-05 i: 2.140e-04 :: e: 9.053e-02 i: 1.093e-01 :: n: 2.781e+01 e:19.271 i:19.418 v:4.993e+03
>>> tau_he = 5.000000, nhe(0)=2.465236e+00
 5     -3.585   3.01e-03   1.80e-01   1.10e-03  -4.24e-02   4.01e-05 (  9.19e-01,  3.38e+01)
10    -15.797   1.58e-02   3.69e-02  -1.61e-03  -1.01e+00   2.37e-04 (  8.85e+00,  6.74e+01)
15     -4.169   7.83e-02   5.20e-02   3.98e-02  -1.72e+00   1.02e-03 (  4.99e+01,  9.91e+01)
20     -0.644   8.85e-02   6.44e-02   6.52e-02  -1.22e+00   3.73e-03 (  5.80e+01,  1.23e+02)
25     -0.118   1.27e-01   9.75e-02   7.69e-02  -5.10e-01   1.20e-02 (  7.75e+01,  1.42e+02)
30     -0.002   1.54e-01   1.39e-01   7.56e-02  -1.42e-02   3.43e-02 (  8.58e+01,  1.56e+02)
35      0.008   1.70e-01   1.66e-01   1.16e-01   6.18e-02   8.78e-02 (  8.70e+01,  1.65e+02)
40      0.018   2.03e-01   2.12e-01   1.87e-01   1.29e-01   2.03e-01 (  9.22e+01,  1.69e+02)
45      0.058   2.21e-01   2.60e-01   1.67e-01   4.10e-01   4.22e-01 (  8.89e+01,  1.68e+02)
50      0.087   2.32e-01   3.06e-01   1.61e-01   7.37e-01   7.96e-01 (  8.02e+01,  1.63e+02)
55      0.083   2.35e-01   3.33e-01   1.99e-01   1.07e+00   1.37e+00 (  7.16e+01,  1.56e+02)
60      0.097   2.51e-01   3.91e-01   2.20e-01   1.72e+00   2.14e+00 (  6.57e+01,  1.47e+02)
65      0.107   2.62e-01   4.14e-01   2.38e-01   2.20e+00   3.07e+00 (  5.59e+01,  1.38e+02)
70      0.146   3.44e-01   5.17e-01   3.36e-01   3.32e+00   4.07e+00 (  5.92e+01,  1.28e+02)
75      0.181   4.37e-01   5.85e-01   3.75e-01   4.36e+00   5.01e+00 (  6.07e+01,  1.19e+02)
80      0.210   5.33e-01   6.50e-01   3.97e-01   5.24e+00   5.78e+00 (  6.10e+01,  1.11e+02)
85      0.226   6.07e-01   6.99e-01   3.92e-01   5.79e+00   6.31e+00 (  5.91e+01,  1.03e+02)
90      0.244   6.92e-01   7.38e-01   4.28e-01   6.40e+00   6.59e+00 (  5.87e+01,  9.58e+01)
95      1.964   4.58e+00   5.66e+00   4.38e+00   1.04e+02   6.65e+00 (  1.77e+03,  8.92e+01)
12 n: 2.622e-04 e: 1.806e-04 i: 4.152e-05 :: e: 7.840e-02 i: 9.537e-02 :: n: 2.802e+01 e:19.189 i:19.077 v:4.993e+03
>>> tau_he = 5.000000, nhe(0)=2.477288e+00
 5     -3.468   3.00e-03   1.78e-01   1.11e-03  -4.10e-02   4.01e-05 (  9.04e-01,  3.38e+01)
10    -14.881   1.50e-02   3.48e-02  -1.72e-03  -9.51e-01   2.37e-04 (  8.27e+00,  6.74e+01)
15     -3.945   7.50e-02   4.60e-02   3.60e-02  -1.62e+00   1.02e-03 (  4.69e+01,  9.91e+01)
20     -0.611   8.57e-02   5.99e-02   6.05e-02  -1.16e+00   3.73e-03 (  5.54e+01,  1.23e+02)
25     -0.101   1.23e-01   9.11e-02   6.95e-02  -4.55e-01   1.20e-02 (  7.42e+01,  1.42e+02)
30      0.003   1.49e-01   1.30e-01   6.83e-02   2.46e-02   3.43e-02 (  8.21e+01,  1.56e+02)
35      0.009   1.66e-01   1.57e-01   1.12e-01   7.30e-02   8.78e-02 (  8.39e+01,  1.65e+02)
40      0.018   1.96e-01   2.01e-01   1.76e-01   1.31e-01   2.03e-01 (  8.80e+01,  1.69e+02)
45      0.056   2.14e-01   2.46e-01   1.59e-01   3.93e-01   4.22e-01 (  8.46e+01,  1.68e+02)
50      0.084   2.24e-01   2.90e-01   1.52e-01   7.16e-01   7.96e-01 (  7.65e+01,  1.63e+02)
55      0.082   2.28e-01   3.18e-01   1.90e-01   1.06e+00   1.37e+00 (  6.83e+01,  1.56e+02)
60      0.095   2.44e-01   3.78e-01   2.12e-01   1.73e+00   2.14e+00 (  6.31e+01,  1.47e+02)
65      0.108   2.61e-01   4.10e-01   2.34e-01   2.27e+00   3.07e+00 (  5.50e+01,  1.38e+02)
70      0.147   3.45e-01   5.13e-01   3.32e-01   3.40e+00   4.07e+00 (  5.85e+01,  1.28e+02)
75      0.183   4.41e-01   5.82e-01   3.72e-01   4.44e+00   5.01e+00 (  6.00e+01,  1.19e+02)
80      0.211   5.40e-01   6.48e-01   3.95e-01   5.32e+00   5.78e+00 (  6.04e+01,  1.11e+02)
85      0.228   6.19e-01   7.00e-01   3.92e-01   5.88e+00   6.31e+00 (  5.87e+01,  1.03e+02)
90      0.245   7.05e-01   7.39e-01   4.28e-01   6.45e+00   6.59e+00 (  5.80e+01,  9.58e+01)
95      1.965   4.58e+00   5.66e+00   4.38e+00   1.04e+02   6.65e+00 (  1.77e+03,  8.92e+01)
13 n: 1.968e-04 e: 1.220e-05 i: 1.099e-04 :: e: 7.696e-02 i: 9.123e-02 :: n: 2.819e+01 e:18.877 i:18.966 v:4.993e+03
>>> tau_he = 5.000000, nhe(0)=2.466438e+00
 5     -3.405   2.91e-03   1.74e-01   1.09e-03  -4.02e-02   4.01e-05 (  8.77e-01,  3.38e+01)
10    -14.244   1.46e-02   3.53e-02  -1.69e-03  -9.09e-01   2.37e-04 (  8.04e+00,  6.74e+01)
15     -3.880   7.35e-02   4.58e-02   3.78e-02  -1.59e+00   1.02e-03 (  4.57e+01,  9.91e+01)
20     -0.604   8.48e-02   6.08e-02   6.38e-02  -1.15e+00   3.73e-03 (  5.48e+01,  1.23e+02)
25     -0.095   1.21e-01   9.19e-02   7.06e-02  -4.38e-01   1.20e-02 (  7.33e+01,  1.42e+02)
30      0.002   1.49e-01   1.32e-01   7.14e-02   1.15e-02   3.43e-02 (  8.23e+01,  1.56e+02)
35      0.009   1.66e-01   1.60e-01   1.14e-01   6.64e-02   8.78e-02 (  8.43e+01,  1.65e+02)
40      0.018   1.96e-01   2.04e-01   1.79e-01   1.33e-01   2.03e-01 (  8.83e+01,  1.69e+02)
45      0.055   2.14e-01   2.49e-01   1.61e-01   3.88e-01   4.22e-01 (  8.51e+01,  1.68e+02)
50      0.083   2.24e-01   2.93e-01   1.54e-01   7.15e-01   7.96e-01 (  7.73e+01,  1.63e+02)
55      0.082   2.29e-01   3.31e-01   1.87e-01   1.07e+00   1.37e+00 (  6.94e+01,  1.56e+02)
60      0.096   2.46e-01   3.85e-01   2.10e-01   1.76e+00   2.14e+00 (  6.44e+01,  1.47e+02)
65      0.110   2.67e-01   4.20e-01   2.39e-01   2.37e+00   3.07e+00 (  5.72e+01,  1.38e+02)
70      0.150   3.53e-01   5.19e-01   3.35e-01   3.52e+00   4.07e+00 (  6.06e+01,  1.28e+02)
75      0.186   4.50e-01   5.87e-01   3.73e-01   4.56e+00   5.01e+00 (  6.18e+01,  1.19e+02)
80      0.214   5.49e-01   6.51e-01   3.93e-01   5.43e+00   5.78e+00 (  6.18e+01,  1.11e+02)
85      0.230   6.27e-01   7.02e-01   3.87e-01   5.97e+00   6.31e+00 (  5.96e+01,  1.03e+02)
90      0.242   7.08e-01   7.38e-01   4.10e-01   6.40e+00   6.59e+00 (  5.82e+01,  9.58e+01)
95      1.967   4.58e+00   5.67e+00   4.38e+00   1.04e+02   6.65e+00 (  1.77e+03,  8.92e+01)
14 n: 1.273e-04 e: 1.043e-04 i: 1.740e-05 :: e: 6.559e-02 i: 7.672e-02 :: n: 2.832e+01 e:18.877 i:18.734 v:4.993e+03
>>> tau_he = 5.000000, nhe(0)=2.481719e+00
 5     -3.342   2.92e-03   1.73e-01   1.10e-03  -3.94e-02   4.01e-05 (  8.71e-01,  3.38e+01)
10    -13.562   1.41e-02   3.44e-02  -1.79e-03  -8.64e-01   2.37e-04 (  7.68e+00,  6.74e+01)
15     -3.740   7.13e-02   4.13e-02   3.46e-02  -1.53e+00   1.02e-03 (  4.38e+01,  9.91e+01)
20     -0.584   8.31e-02   5.74e-02   5.95e-02  -1.11e+00   3.73e-03 (  5.32e+01,  1.23e+02)
25     -0.084   1.19e-01   8.69e-02   6.47e-02  -4.02e-01   1.20e-02 (  7.13e+01,  1.42e+02)
30      0.004   1.46e-01   1.26e-01   6.70e-02   2.63e-02   3.43e-02 (  8.01e+01,  1.56e+02)
35      0.009   1.63e-01   1.53e-01   1.10e-01   7.12e-02   8.78e-02 (  8.22e+01,  1.65e+02)
40      0.019   1.91e-01   1.95e-01   1.69e-01   1.35e-01   2.03e-01 (  8.54e+01,  1.69e+02)
45      0.053   2.09e-01   2.38e-01   1.54e-01   3.79e-01   4.22e-01 (  8.22e+01,  1.68e+02)
50      0.081   2.19e-01   2.81e-01   1.48e-01   7.04e-01   7.96e-01 (  7.48e+01,  1.63e+02)
55      0.080   2.23e-01   3.20e-01   1.81e-01   1.07e+00   1.37e+00 (  6.69e+01,  1.56e+02)
60      0.095   2.41e-01   3.75e-01   2.04e-01   1.77e+00   2.14e+00 (  6.25e+01,  1.47e+02)
65      0.111   2.66e-01   4.16e-01   2.36e-01   2.43e+00   3.07e+00 (  5.65e+01,  1.38e+02)
70      0.151   3.53e-01   5.16e-01   3.31e-01   3.58e+00   4.07e+00 (  5.98e+01,  1.28e+02)
75      0.186   4.50e-01   5.83e-01   3.70e-01   4.60e+00   5.01e+00 (  6.06e+01,  1.19e+02)
80      0.214   5.53e-01   6.48e-01   3.91e-01   5.47e+00   5.78e+00 (  6.08e+01,  1.11e+02)
85      0.231   6.35e-01   7.01e-01   3.86e-01   6.02e+00   6.31e+00 (  5.90e+01,  1.03e+02)
90      0.243   7.20e-01   7.38e-01   4.10e-01   6.44e+00   6.59e+00 (  5.76e+01,  9.58e+01)
95      1.969   4.59e+00   5.67e+00   4.39e+00   1.04e+02   6.65e+00 (  1.77e+03,  8.92e+01)
15 n: 9.565e-05 e: 1.893e-05 i: 5.767e-05 :: e: 6.656e-02 i: 7.590e-02 :: n: 2.846e+01 e:18.654 i:18.702 v:4.993e+03
>>> tau_he = 5.000000, nhe(0)=2.475669e+00
 5     -3.312   2.85e-03   1.71e-01   1.08e-03  -3.90e-02   4.01e-05 (  8.54e-01,  3.38e+01)
10    -13.393   1.38e-02   3.39e-02  -1.82e-03  -8.52e-01   2.37e-04 (  7.53e+00,  6.74e+01)
15     -3.730   7.07e-02   4.18e-02   3.64e-02  -1.52e+00   1.02e-03 (  4.34e+01,  9.91e+01)
20     -0.586   8.28e-02   5.86e-02   6.27e-02  -1.12e+00   3.73e-03 (  5.32e+01,  1.23e+02)
25     -0.081   1.18e-01   8.83e-02   6.60e-02  -3.95e-01   1.20e-02 (  7.13e+01,  1.42e+02)
30      0.001   1.47e-01   1.29e-01   7.02e-02   1.01e-02   3.43e-02 (  8.10e+01,  1.56e+02)
35      0.008   1.64e-01   1.56e-01   1.13e-01   6.42e-02   8.78e-02 (  8.33e+01,  1.65e+02)
40      0.019   1.92e-01   1.98e-01   1.72e-01   1.36e-01   2.03e-01 (  8.66e+01,  1.69e+02)
45      0.053   2.10e-01   2.43e-01   1.57e-01   3.78e-01   4.22e-01 (  8.35e+01,  1.68e+02)
50      0.081   2.25e-01   2.87e-01   1.50e-01   7.06e-01   7.96e-01 (  7.79e+01,  1.63e+02)
55      0.080   2.25e-01   3.26e-01   1.83e-01   1.09e+00   1.37e+00 (  6.85e+01,  1.56e+02)
60      0.094   2.40e-01   3.82e-01   2.07e-01   1.77e+00   2.14e+00 (  6.31e+01,  1.47e+02)
65      0.113   2.72e-01   4.25e-01   2.42e-01   2.51e+00   3.07e+00 (  5.87e+01,  1.38e+02)
70      0.153   3.61e-01   5.22e-01   3.34e-01   3.68e+00   4.07e+00 (  6.17e+01,  1.28e+02)
75      0.188   4.57e-01   5.87e-01   3.71e-01   4.70e+00   5.01e+00 (  6.22e+01,  1.19e+02)
80      0.216   5.59e-01   6.50e-01   3.89e-01   5.55e+00   5.78e+00 (  6.20e+01,  1.11e+02)
85      0.232   6.40e-01   7.02e-01   3.82e-01   6.09e+00   6.31e+00 (  5.98e+01,  1.03e+02)
90      0.245   7.27e-01   7.40e-01   4.06e-01   6.51e+00   6.59e+00 (  5.83e+01,  9.58e+01)
95      1.971   4.60e+00   5.68e+00   4.39e+00   1.04e+02   6.65e+00 (  1.77e+03,  8.92e+01)
16 n: 6.490e-05 e: 6.086e-05 i: 1.559e-05 :: e: 5.783e-02 i: 6.298e-02 :: n: 2.856e+01 e:18.712 i:18.543 v:4.993e+03
>>> tau_he = 5.000000, nhe(0)=2.494678e+00
 5     -3.278   2.87e-03   1.71e-01   1.09e-03  -3.85e-02   4.01e-05 (  8.54e-01,  3.38e+01)
10    -12.920   1.35e-02   3.33e-02  -1.91e-03  -8.20e-01   2.37e-04 (  7.30e+00,  6.74e+01)
15     -3.651   6.88e-02   3.82e-02   2.72e-02  -1.49e+00   1.02e-03 (  4.18e+01,  9.91e+01)
20     -0.574   8.16e-02   5.57e-02   5.87e-02  -1.09e+00   3.73e-03 (  5.21e+01,  1.23e+02)
25     -0.073   1.17e-01   8.41e-02   6.09e-02  -3.67e-01   1.20e-02 (  7.00e+01,  1.42e+02)
30      0.018   1.43e-01   1.20e-01   6.15e-02   1.32e-01   3.43e-02 (  7.87e+01,  1.56e+02)
35      0.009   1.62e-01   1.50e-01   1.08e-01   6.85e-02   8.78e-02 (  8.19e+01,  1.65e+02)
40      0.019   1.89e-01   1.91e-01   1.64e-01   1.38e-01   2.03e-01 (  8.47e+01,  1.69e+02)
45      0.052   2.07e-01   2.34e-01   1.51e-01   3.73e-01   4.22e-01 (  8.15e+01,  1.68e+02)
50      0.080   2.21e-01   2.77e-01   1.45e-01   7.02e-01   7.96e-01 (  7.62e+01,  1.63e+02)
55      0.080   2.21e-01   3.17e-01   1.78e-01   1.09e+00   1.37e+00 (  6.70e+01,  1.56e+02)
60      0.093   2.37e-01   3.75e-01   2.04e-01   1.78e+00   2.14e+00 (  6.18e+01,  1.47e+02)
65      0.114   2.71e-01   4.22e-01   2.39e-01   2.56e+00   3.07e+00 (  5.80e+01,  1.38e+02)
70      0.153   3.60e-01   5.18e-01   3.32e-01   3.71e+00   4.07e+00 (  6.08e+01,  1.28e+02)
75      0.188   4.57e-01   5.84e-01   3.69e-01   4.71e+00   5.01e+00 (  6.12e+01,  1.19e+02)
80      0.216   5.61e-01   6.48e-01   3.88e-01   5.56e+00   5.78e+00 (  6.10e+01,  1.11e+02)
85      0.233   6.46e-01   7.01e-01   3.82e-01   6.11e+00   6.31e+00 (  5.91e+01,  1.03e+02)
90      0.245   7.36e-01   7.39e-01   4.06e-01   6.53e+00   6.59e+00 (  5.76e+01,  9.58e+01)
95      1.971   4.60e+00   5.68e+00   4.38e+00   1.04e+02   6.65e+00 (  1.77e+03,  8.92e+01)
17 n: 5.062e-05 e: 3.147e-05 i: 2.960e-05 :: e: 5.786e-02 i: 6.315e-02 :: n: 2.867e+01 e:18.551 i:18.565 v:4.993e+03
>>> tau_he = 5.000000, nhe(0)=2.486158e+00
 5     -3.268   2.82e-03   1.69e-01   1.08e-03  -3.83e-02   4.01e-05 (  8.40e-01,  3.38e+01)
10    -12.887   1.27e-02   3.33e-02  -1.95e-03  -8.16e-01   2.37e-04 (  6.84e+00,  6.74e+01)
15     -3.667   6.91e-02   3.92e-02   3.55e-02  -1.49e+00   1.02e-03 (  4.21e+01,  9.91e+01)
20     -0.582   8.19e-02   5.73e-02   6.20e-02  -1.11e+00   3.73e-03 (  5.26e+01,  1.23e+02)
25     -0.078   1.17e-01   8.64e-02   6.41e-02  -3.84e-01   1.20e-02 (  7.07e+01,  1.42e+02)
30     -0.006   1.47e-01   1.28e-01   7.98e-02  -4.37e-02   3.43e-02 (  8.19e+01,  1.56e+02)
35      0.008   1.63e-01   1.53e-01   1.11e-01   5.91e-02   8.78e-02 (  8.35e+01,  1.65e+02)
40      0.019   1.90e-01   1.95e-01   1.68e-01   1.39e-01   2.03e-01 (  8.65e+01,  1.69e+02)
45      0.052   2.09e-01   2.39e-01   1.55e-01   3.75e-01   4.22e-01 (  8.35e+01,  1.68e+02)
50      0.080   2.24e-01   2.84e-01   1.48e-01   7.11e-01   7.96e-01 (  7.81e+01,  1.63e+02)
55      0.080   2.24e-01   3.24e-01   1.80e-01   1.11e+00   1.37e+00 (  6.90e+01,  1.56e+02)
60      0.094   2.41e-01   3.82e-01   2.06e-01   1.82e+00   2.14e+00 (  6.37e+01,  1.47e+02)
65      0.116   2.77e-01   4.31e-01   2.45e-01   2.64e+00   3.07e+00 (  6.03e+01,  1.38e+02)
70      0.156   3.66e-01   5.24e-01   3.35e-01   3.79e+00   4.07e+00 (  6.27e+01,  1.28e+02)
75      0.190   4.63e-01   5.88e-01   3.71e-01   4.79e+00   5.01e+00 (  6.26e+01,  1.19e+02)
80      0.218   5.66e-01   6.50e-01   3.87e-01   5.62e+00   5.78e+00 (  6.21e+01,  1.11e+02)
85      0.234   6.50e-01   7.02e-01   3.79e-01   6.16e+00   6.31e+00 (  5.98e+01,  1.03e+02)
90      0.246   7.41e-01   7.41e-01   4.04e-01   6.58e+00   6.59e+00 (  5.82e+01,  9.58e+01)
95      1.972   4.60e+00   5.68e+00   4.38e+00   1.05e+02   6.65e+00 (  1.77e+03,  8.92e+01)
18 n: 3.121e-05 e: 3.600e-05 i: 2.128e-05 :: e: 4.837e-02 i: 5.051e-02 :: n: 2.871e+01 e:18.650 i:18.460 v:4.993e+03
>>> tau_he = 5.000000, nhe(0)=2.510199e+00
 5     -3.257   2.85e-03   1.71e-01   1.09e-03  -3.81e-02   4.01e-05 (  8.46e-01,  3.38e+01)
10    -12.580   1.25e-02   3.30e-02  -2.04e-03  -7.96e-01   2.37e-04 (  6.74e+00,  6.74e+01)
15     -3.622   6.78e-02   3.62e-02   2.68e-02  -1.47e+00   1.02e-03 (  4.11e+01,  9.91e+01)
20     -0.574   8.11e-02   5.48e-02   5.81e-02  -1.09e+00   3.73e-03 (  5.19e+01,  1.23e+02)
25     -0.069   1.16e-01   8.26e-02   5.87e-02  -3.55e-01   1.20e-02 (  6.99e+01,  1.42e+02)
30      0.015   1.44e-01   1.19e-01   6.36e-02   1.08e-01   3.43e-02 (  7.97e+01,  1.56e+02)
35      0.009   1.62e-01   1.48e-01   1.06e-01   6.81e-02   8.78e-02 (  8.25e+01,  1.65e+02)
40      0.030   1.87e-01   1.85e-01   1.54e-01   2.29e-01   2.03e-01 (  8.47e+01,  1.69e+02)
45      0.051   2.06e-01   2.31e-01   1.50e-01   3.72e-01   4.22e-01 (  8.21e+01,  1.68e+02)
50      0.079   2.22e-01   2.76e-01   1.44e-01   7.10e-01   7.96e-01 (  7.69e+01,  1.63e+02)
55      0.080   2.22e-01   3.17e-01   1.76e-01   1.12e+00   1.37e+00 (  6.80e+01,  1.56e+02)
60      0.094   2.38e-01   3.76e-01   2.02e-01   1.83e+00   2.14e+00 (  6.28e+01,  1.47e+02)
65      0.116   2.77e-01   4.28e-01   2.43e-01   2.67e+00   3.07e+00 (  5.97e+01,  1.38e+02)
70      0.156   3.65e-01   5.22e-01   3.33e-01   3.81e+00   4.07e+00 (  6.18e+01,  1.28e+02)
75      0.189   4.61e-01   5.86e-01   3.69e-01   4.79e+00   5.01e+00 (  6.16e+01,  1.19e+02)
80      0.217   5.66e-01   6.48e-01   3.87e-01   5.62e+00   5.78e+00 (  6.12e+01,  1.11e+02)
85      0.234   6.54e-01   7.01e-01   3.80e-01   6.17e+00   6.31e+00 (  5.91e+01,  1.03e+02)
90      0.246   7.47e-01   7.40e-01   4.04e-01   6.58e+00   6.59e+00 (  5.74e+01,  9.58e+01)
95      1.972   4.60e+00   5.68e+00   4.38e+00   1.05e+02   6.65e+00 (  1.76e+03,  8.92e+01)
19 n: 2.868e-05 e: 4.443e-05 i: 1.556e-05 :: e: 4.815e-02 i: 5.154e-02 :: n: 2.881e+01 e:18.533 i:18.521 v:4.993e+03
>>> tau_he = 5.000000, nhe(0)=2.499765e+00
 5     -3.259   2.82e-03   1.70e-01   1.08e-03  -3.80e-02   4.01e-05 (  8.36e-01,  3.38e+01)
10    -12.652   1.25e-02   3.30e-02  -2.04e-03  -7.98e-01   2.37e-04 (  6.74e+00,  6.74e+01)
15     -3.670   6.80e-02   3.74e-02   2.82e-02  -1.48e+00   1.02e-03 (  4.14e+01,  9.91e+01)
20     -0.586   8.17e-02   5.66e-02   6.15e-02  -1.11e+00   3.73e-03 (  5.26e+01,  1.23e+02)
25     -0.075   1.17e-01   8.52e-02   6.23e-02  -3.78e-01   1.20e-02 (  7.09e+01,  1.42e+02)
30     -0.011   1.48e-01   1.27e-01   8.14e-02  -7.42e-02   3.43e-02 (  8.31e+01,  1.56e+02)
35      0.005   1.64e-01   1.52e-01   1.11e-01   4.16e-02   8.78e-02 (  8.47e+01,  1.65e+02)
40      0.016   1.92e-01   1.94e-01   1.66e-01   1.20e-01   2.03e-01 (  8.80e+01,  1.69e+02)
45      0.051   2.09e-01   2.37e-01   1.54e-01   3.74e-01   4.22e-01 (  8.45e+01,  1.68e+02)
50      0.080   2.25e-01   2.83e-01   1.47e-01   7.21e-01   7.96e-01 (  7.93e+01,  1.63e+02)
55      0.080   2.25e-01   3.25e-01   1.79e-01   1.13e+00   1.37e+00 (  7.03e+01,  1.56e+02)
60      0.094   2.43e-01   3.86e-01   2.08e-01   1.86e+00   2.14e+00 (  6.51e+01,  1.47e+02)
65      0.118   2.83e-01   4.37e-01   2.49e-01   2.74e+00   3.07e+00 (  6.20e+01,  1.38e+02)
70      0.158   3.71e-01   5.28e-01   3.36e-01   3.88e+00   4.07e+00 (  6.37e+01,  1.28e+02)
75      0.191   4.67e-01   5.90e-01   3.72e-01   4.85e+00   5.01e+00 (  6.31e+01,  1.19e+02)
80      0.219   5.70e-01   6.51e-01   3.86e-01   5.68e+00   5.78e+00 (  6.22e+01,  1.11e+02)
85      0.235   6.56e-01   7.03e-01   3.78e-01   6.21e+00   6.31e+00 (  5.98e+01,  1.03e+02)
90      0.250   7.51e-01   7.58e-01   4.06e-01   6.70e+00   6.59e+00 (  5.81e+01,  9.58e+01)
95      1.973   4.60e+00   5.68e+00   4.38e+00   1.05e+02   6.65e+00 (  1.77e+03,  8.92e+01)
20 n: 1.990e-05 e: 2.178e-05 i: 2.920e-05 :: e: 3.836e-02 i: 3.691e-02 :: n: 2.881e+01 e:18.663 i:18.452 v:4.993e+03
>>> tau_he = 5.000000, nhe(0)=2.527497e+00
 5     -3.263   2.86e-03   1.71e-01   1.09e-03  -3.80e-02   4.01e-05 (  8.45e-01,  3.38e+01)
10    -12.441   1.25e-02   3.29e-02  -2.12e-03  -7.84e-01   2.37e-04 (  6.69e+00,  6.74e+01)
15     -3.639   6.75e-02   3.49e-02   2.65e-02  -1.47e+00   1.02e-03 (  4.09e+01,  9.91e+01)
20     -0.582   8.12e-02   5.43e-02   5.77e-02  -1.10e+00   3.73e-03 (  5.21e+01,  1.23e+02)
25     -0.067   1.16e-01   8.18e-02   5.72e-02  -3.51e-01   1.20e-02 (  7.04e+01,  1.42e+02)
30      0.012   1.45e-01   1.19e-01   6.94e-02   8.68e-02   3.43e-02 (  8.09e+01,  1.56e+02)
35      0.008   1.62e-01   1.47e-01   1.05e-01   6.60e-02   8.78e-02 (  8.37e+01,  1.65e+02)
40      0.029   1.89e-01   1.84e-01   1.53e-01   2.18e-01   2.03e-01 (  8.63e+01,  1.69e+02)
45      0.051   2.07e-01   2.31e-01   1.51e-01   3.72e-01   4.22e-01 (  8.35e+01,  1.68e+02)
50      0.079   2.23e-01   2.76e-01   1.43e-01   7.21e-01   7.96e-01 (  7.84e+01,  1.63e+02)
55      0.080   2.26e-01   3.19e-01   1.75e-01   1.14e+00   1.37e+00 (  7.03e+01,  1.56e+02)
60      0.094   2.40e-01   3.80e-01   2.03e-01   1.87e+00   2.14e+00 (  6.42e+01,  1.47e+02)
65      0.119   2.81e-01   4.35e-01   2.48e-01   2.77e+00   3.07e+00 (  6.14e+01,  1.38e+02)
70      0.157   3.69e-01   5.26e-01   3.35e-01   3.88e+00   4.07e+00 (  6.29e+01,  1.28e+02)
75      0.191   4.65e-01   5.89e-01   3.71e-01   4.85e+00   5.01e+00 (  6.22e+01,  1.19e+02)
80      0.218   5.70e-01   6.50e-01   3.87e-01   5.67e+00   5.78e+00 (  6.14e+01,  1.11e+02)
85      0.235   6.58e-01   7.02e-01   3.79e-01   6.21e+00   6.31e+00 (  5.92e+01,  1.03e+02)
90      0.246   7.52e-01   7.39e-01   4.02e-01   6.59e+00   6.59e+00 (  5.72e+01,  9.58e+01)
95      1.972   4.60e+00   5.68e+00   4.38e+00   1.05e+02   6.65e+00 (  1.76e+03,  8.92e+01)
21 n: 1.498e-05 e: 5.530e-05 i: 8.343e-06 :: e: 3.760e-02 i: 4.053e-02 :: n: 2.891e+01 e:18.575 i:18.543 v:4.993e+03
>>> tau_he = 5.000000, nhe(0)=2.517548e+00
 5     -3.277   2.82e-03   1.71e-01   1.08e-03  -3.81e-02   4.01e-05 (  8.38e-01,  3.38e+01)
10    -12.576   1.25e-02   3.31e-02  -2.12e-03  -7.91e-01   2.37e-04 (  6.72e+00,  6.74e+01)
15     -3.703   6.80e-02   3.63e-02   2.81e-02  -1.49e+00   1.02e-03 (  4.14e+01,  9.91e+01)
20     -0.596   8.20e-02   5.62e-02   6.11e-02  -1.13e+00   3.73e-03 (  5.30e+01,  1.23e+02)
25     -0.074   1.17e-01   8.45e-02   6.09e-02  -3.78e-01   1.20e-02 (  7.17e+01,  1.42e+02)
30     -0.015   1.50e-01   1.27e-01   8.24e-02  -9.89e-02   3.43e-02 (  8.47e+01,  1.56e+02)
35      0.005   1.65e-01   1.51e-01   1.09e-01   3.80e-02   8.78e-02 (  8.62e+01,  1.65e+02)
40      0.015   1.94e-01   1.93e-01   1.65e-01   1.08e-01   2.03e-01 (  8.98e+01,  1.69e+02)
45      0.051   2.11e-01   2.37e-01   1.55e-01   3.75e-01   4.22e-01 (  8.61e+01,  1.68e+02)
50      0.080   2.27e-01   2.84e-01   1.47e-01   7.33e-01   7.96e-01 (  8.11e+01,  1.63e+02)
55      0.080   2.30e-01   3.27e-01   1.78e-01   1.16e+00   1.37e+00 (  7.28e+01,  1.56e+02)
60      0.095   2.45e-01   3.89e-01   2.09e-01   1.91e+00   2.14e+00 (  6.66e+01,  1.47e+02)
65      0.121   2.87e-01   4.43e-01   2.54e-01   2.82e+00   3.07e+00 (  6.37e+01,  1.38e+02)
70      0.159   3.74e-01   5.33e-01   3.39e-01   3.94e+00   4.07e+00 (  6.47e+01,  1.28e+02)
75      0.193   4.69e-01   5.93e-01   3.74e-01   4.90e+00   5.01e+00 (  6.36e+01,  1.19e+02)
80      0.219   5.72e-01   6.53e-01   3.88e-01   5.71e+00   5.78e+00 (  6.25e+01,  1.11e+02)
85      0.235   6.59e-01   7.04e-01   3.78e-01   6.24e+00   6.31e+00 (  5.99e+01,  1.03e+02)
90      0.249   7.52e-01   7.58e-01   4.03e-01   6.68e+00   6.59e+00 (  5.78e+01,  9.58e+01)
95      1.973   4.61e+00   5.68e+00   4.38e+00   1.05e+02   6.65e+00 (  1.76e+03,  8.92e+01)
22 n: 9.073e-06 e: 1.314e-05 i: 3.647e-05 :: e: 2.863e-02 i: 2.676e-02 :: n: 2.889e+01 e:18.724 i:18.498 v:4.993e+03
>>> tau_he = 5.000000, nhe(0)=2.547008e+00
 5     -3.290   2.87e-03   1.73e-01   1.09e-03  -3.82e-02   4.01e-05 (  8.50e-01,  3.38e+01)
10    -12.423   1.25e-02   3.31e-02  -2.20e-03  -7.80e-01   2.37e-04 (  6.71e+00,  6.74e+01)
15     -3.684   6.77e-02   3.41e-02   2.64e-02  -1.48e+00   1.02e-03 (  4.11e+01,  9.91e+01)
20     -0.593   8.16e-02   5.41e-02   5.73e-02  -1.12e+00   3.73e-03 (  5.27e+01,  1.23e+02)
25     -0.066   1.17e-01   8.13e-02   5.59e-02  -3.51e-01   1.20e-02 (  7.14e+01,  1.42e+02)
30      0.010   1.46e-01   1.19e-01   7.00e-02   7.09e-02   3.43e-02 (  8.26e+01,  1.56e+02)
35      0.008   1.63e-01   1.46e-01   1.03e-01   6.76e-02   8.78e-02 (  8.53e+01,  1.65e+02)
40      0.028   1.91e-01   1.84e-01   1.52e-01   2.13e-01   2.03e-01 (  8.83e+01,  1.69e+02)
45      0.051   2.10e-01   2.31e-01   1.52e-01   3.74e-01   4.22e-01 (  8.54e+01,  1.68e+02)
50      0.079   2.26e-01   2.78e-01   1.43e-01   7.33e-01   7.96e-01 (  8.04e+01,  1.63e+02)
55      0.080   2.29e-01   3.22e-01   1.75e-01   1.17e+00   1.37e+00 (  7.21e+01,  1.56e+02)
60      0.095   2.43e-01   3.84e-01   2.04e-01   1.91e+00   2.14e+00 (  6.59e+01,  1.47e+02)
65      0.121   2.86e-01   4.41e-01   2.52e-01   2.84e+00   3.07e+00 (  6.31e+01,  1.38e+02)
70      0.159   3.72e-01   5.31e-01   3.38e-01   3.94e+00   4.07e+00 (  6.39e+01,  1.28e+02)
75      0.192   4.67e-01   5.93e-01   3.73e-01   4.89e+00   5.01e+00 (  6.28e+01,  1.19e+02)
80      0.219   5.72e-01   6.52e-01   3.89e-01   5.70e+00   5.78e+00 (  6.18e+01,  1.11e+02)
85      0.235   6.61e-01   7.04e-01   3.80e-01   6.24e+00   6.31e+00 (  5.94e+01,  1.03e+02)
90      0.246   7.54e-01   7.39e-01   4.02e-01   6.60e+00   6.59e+00 (  5.72e+01,  9.58e+01)
95      1.973   4.60e+00   5.68e+00   4.38e+00   1.05e+02   6.65e+00 (  1.76e+03,  8.92e+01)
23 n: 8.378e-06 e: 6.332e-05 i: 4.543e-06 :: e: 2.840e-02 i: 3.104e-02 :: n: 2.898e+01 e:18.656 i:18.607 v:4.993e+03
>>> tau_he = 5.000000, nhe(0)=2.536691e+00
 5     -3.310   2.84e-03   1.73e-01   1.08e-03  -3.83e-02   4.01e-05 (  8.45e-01,  3.38e+01)
10    -12.596   1.25e-02   3.34e-02  -2.19e-03  -7.89e-01   2.37e-04 (  6.76e+00,  6.74e+01)
15     -3.758   6.84e-02   3.55e-02   2.80e-02  -1.51e+00   1.02e-03 (  4.17e+01,  9.91e+01)
20     -0.609   8.26e-02   5.60e-02   6.07e-02  -1.15e+00   3.73e-03 (  5.37e+01,  1.23e+02)
25     -0.074   1.18e-01   8.42e-02   5.98e-02  -3.83e-01   1.20e-02 (  7.29e+01,  1.42e+02)
30     -0.019   1.52e-01   1.27e-01   8.33e-02  -1.22e-01   3.43e-02 (  8.65e+01,  1.56e+02)
35      0.005   1.66e-01   1.51e-01   1.07e-01   3.65e-02   8.78e-02 (  8.80e+01,  1.65e+02)
40      0.014   1.96e-01   1.93e-01   1.64e-01   1.01e-01   2.03e-01 (  9.20e+01,  1.69e+02)
45      0.051   2.13e-01   2.38e-01   1.56e-01   3.77e-01   4.22e-01 (  8.83e+01,  1.68e+02)
50      0.080   2.30e-01   2.86e-01   1.47e-01   7.45e-01   7.96e-01 (  8.32e+01,  1.63e+02)
55      0.081   2.33e-01   3.30e-01   1.78e-01   1.18e+00   1.37e+00 (  7.47e+01,  1.56e+02)
60      0.096   2.49e-01   3.93e-01   2.10e-01   1.95e+00   2.14e+00 (  6.85e+01,  1.47e+02)
65      0.122   2.92e-01   4.49e-01   2.58e-01   2.88e+00   3.07e+00 (  6.54e+01,  1.38e+02)
70      0.161   3.77e-01   5.38e-01   3.42e-01   3.98e+00   4.07e+00 (  6.58e+01,  1.28e+02)
75      0.194   4.71e-01   5.98e-01   3.76e-01   4.94e+00   5.01e+00 (  6.43e+01,  1.19e+02)
80      0.220   5.74e-01   6.56e-01   3.90e-01   5.74e+00   5.78e+00 (  6.28e+01,  1.11e+02)
85      0.236   6.60e-01   7.06e-01   3.79e-01   6.26e+00   6.31e+00 (  6.01e+01,  1.03e+02)
90      0.249   7.53e-01   7.59e-01   4.03e-01   6.69e+00   6.59e+00 (  5.78e+01,  9.58e+01)
95      1.973   4.61e+00   5.68e+00   4.38e+00   1.05e+02   6.65e+00 (  1.76e+03,  8.92e+01)
24 n: 6.108e-06 e: 8.145e-06 i: 4.189e-05 :: e: 2.024e-02 i: 1.794e-02 :: n: 2.894e+01 e:18.819 i:18.580 v:4.993e+03
>>> tau_he = 5.000000, nhe(0)=2.566755e+00
 5     -3.329   2.89e-03   1.76e-01   1.09e-03  -3.85e-02   4.01e-05 (  8.59e-01,  3.38e+01)
10    -12.483   1.25e-02   3.34e-02  -2.26e-03  -7.81e-01   2.37e-04 (  6.77e+00,  6.74e+01)
15     -3.748   6.82e-02   3.34e-02   2.64e-02  -1.50e+00   1.02e-03 (  4.15e+01,  9.91e+01)
20     -0.608   8.24e-02   5.40e-02   5.71e-02  -1.15e+00   3.73e-03 (  5.35e+01,  1.23e+02)
25     -0.067   1.18e-01   8.11e-02   5.50e-02  -3.55e-01   1.20e-02 (  7.26e+01,  1.42e+02)
30      0.008   1.48e-01   1.19e-01   7.07e-02   5.59e-02   3.43e-02 (  8.45e+01,  1.56e+02)
35      0.020   1.64e-01   1.42e-01   9.61e-02   1.65e-01   8.78e-02 (  8.63e+01,  1.65e+02)
40      0.015   1.94e-01   1.88e-01   1.57e-01   1.17e-01   2.03e-01 (  9.11e+01,  1.69e+02)
45      0.051   2.12e-01   2.32e-01   1.53e-01   3.76e-01   4.22e-01 (  8.76e+01,  1.68e+02)
50      0.080   2.29e-01   2.80e-01   1.46e-01   7.49e-01   7.96e-01 (  8.27e+01,  1.63e+02)
55      0.081   2.32e-01   3.25e-01   1.75e-01   1.19e+00   1.37e+00 (  7.42e+01,  1.56e+02)
60      0.096   2.47e-01   3.89e-01   2.08e-01   1.95e+00   2.14e+00 (  6.79e+01,  1.47e+02)
65      0.122   2.90e-01   4.47e-01   2.56e-01   2.89e+00   3.07e+00 (  6.49e+01,  1.38e+02)
70      0.160   3.75e-01   5.37e-01   3.41e-01   3.98e+00   4.07e+00 (  6.50e+01,  1.28e+02)
75      0.193   4.69e-01   5.98e-01   3.77e-01   4.93e+00   5.01e+00 (  6.36e+01,  1.19e+02)
80      0.219   5.72e-01   6.56e-01   3.92e-01   5.73e+00   5.78e+00 (  6.22e+01,  1.11e+02)
85      0.236   6.61e-01   7.06e-01   3.82e-01   6.26e+00   6.31e+00 (  5.97e+01,  1.03e+02)
90      0.246   7.54e-01   7.40e-01   4.03e-01   6.60e+00   6.59e+00 (  5.72e+01,  9.58e+01)
95      1.973   4.60e+00   5.68e+00   4.38e+00   1.05e+02   6.65e+00 (  1.76e+03,  8.92e+01)
25 n: 1.198e-05 e: 6.822e-05 i: 2.710e-06 :: e: 2.022e-02 i: 2.306e-02 :: n: 2.903e+01 e:18.763 i:18.701 v:4.993e+03
>>> tau_he = 5.000000, nhe(0)=2.553555e+00
 5     -3.352   2.87e-03   1.76e-01   1.09e-03  -3.87e-02   4.01e-05 (  8.54e-01,  3.38e+01)
10    -12.682   1.26e-02   3.38e-02  -2.25e-03  -7.92e-01   2.37e-04 (  6.83e+00,  6.74e+01)
15     -3.826   6.90e-02   3.50e-02   2.81e-02  -1.53e+00   1.02e-03 (  4.22e+01,  9.91e+01)
20     -0.624   8.35e-02   5.61e-02   6.06e-02  -1.17e+00   3.73e-03 (  5.45e+01,  1.23e+02)
25     -0.075   1.19e-01   8.42e-02   5.90e-02  -3.89e-01   1.20e-02 (  7.41e+01,  1.42e+02)
30     -0.026   1.52e-01   1.28e-01   8.64e-02  -1.61e-01   3.43e-02 (  8.73e+01,  1.56e+02)
35     -0.001   1.70e-01   1.52e-01   1.09e-01  -4.51e-03   8.78e-02 (  9.07e+01,  1.65e+02)
40      0.016   1.97e-01   1.93e-01   1.60e-01   1.22e-01   2.03e-01 (  9.37e+01,  1.69e+02)
45      0.051   2.16e-01   2.39e-01   1.58e-01   3.80e-01   4.22e-01 (  9.05e+01,  1.68e+02)
50      0.081   2.34e-01   2.88e-01   1.51e-01   7.60e-01   7.96e-01 (  8.60e+01,  1.63e+02)
55      0.082   2.36e-01   3.33e-01   1.78e-01   1.20e+00   1.37e+00 (  7.69e+01,  1.56e+02)
60      0.098   2.52e-01   3.97e-01   2.13e-01   1.98e+00   2.14e+00 (  7.05e+01,  1.47e+02)
65      0.136   3.19e-01   5.09e-01   2.96e-01   3.22e+00   3.07e+00 (  7.25e+01,  1.38e+02)
70      0.162   3.80e-01   5.44e-01   3.45e-01   4.02e+00   4.07e+00 (  6.69e+01,  1.28e+02)
75      0.195   4.73e-01   6.03e-01   3.80e-01   4.97e+00   5.01e+00 (  6.51e+01,  1.19e+02)
80      0.221   5.74e-01   6.60e-01   3.93e-01   5.76e+00   5.78e+00 (  6.34e+01,  1.11e+02)
85      0.236   6.60e-01   7.08e-01   3.82e-01   6.28e+00   6.31e+00 (  6.05e+01,  1.03e+02)
90      0.250   7.54e-01   7.60e-01   4.07e-01   6.72e+00   6.59e+00 (  5.81e+01,  9.58e+01)
95      1.973   4.61e+00   5.68e+00   4.38e+00   1.05e+02   6.65e+00 (  1.76e+03,  8.92e+01)
26 n: 6.430e-05 e: 6.183e-06 i: 4.576e-05 :: e: 1.638e-02 i: 1.470e-02 :: n: 2.895e+01 e:18.932 i:18.686 v:4.993e+03
>>> tau_he = 5.000000, nhe(0)=2.583055e+00
 5     -3.375   2.92e-03   1.78e-01   1.10e-03  -3.89e-02   4.01e-05 (  8.69e-01,  3.38e+01)
10    -12.601   1.27e-02   3.39e-02  -2.32e-03  -7.86e-01   2.37e-04 (  6.86e+00,  6.74e+01)
15     -3.820   6.90e-02   3.32e-02   2.66e-02  -1.52e+00   1.02e-03 (  4.21e+01,  9.91e+01)
20     -0.623   8.33e-02   5.42e-02   5.71e-02  -1.17e+00   3.73e-03 (  5.44e+01,  1.23e+02)
25     -0.067   1.19e-01   8.13e-02   5.43e-02  -3.60e-01   1.20e-02 (  7.39e+01,  1.42e+02)
30      0.005   1.51e-01   1.20e-01   7.25e-02   3.37e-02   3.43e-02 (  8.67e+01,  1.56e+02)
35      0.020   1.66e-01   1.43e-01   9.64e-02   1.61e-01   8.78e-02 (  8.84e+01,  1.65e+02)
40      0.017   1.96e-01   1.88e-01   1.54e-01   1.33e-01   2.03e-01 (  9.29e+01,  1.69e+02)
45      0.051   2.15e-01   2.34e-01   1.55e-01   3.80e-01   4.22e-01 (  9.00e+01,  1.68e+02)
50      0.081   2.34e-01   2.83e-01   1.48e-01   7.61e-01   7.96e-01 (  8.55e+01,  1.63e+02)
55      0.082   2.36e-01   3.29e-01   1.76e-01   1.21e+00   1.37e+00 (  7.65e+01,  1.56e+02)
60      0.097   2.51e-01   3.93e-01   2.11e-01   1.98e+00   2.14e+00 (  6.99e+01,  1.47e+02)
65      0.122   2.91e-01   4.49e-01   2.56e-01   2.87e+00   3.07e+00 (  6.56e+01,  1.38e+02)
70      0.161   3.77e-01   5.43e-01   3.44e-01   3.99e+00   4.07e+00 (  6.61e+01,  1.28e+02)
75      0.194   4.71e-01   6.04e-01   3.81e-01   4.96e+00   5.01e+00 (  6.45e+01,  1.19e+02)
80      0.220   5.73e-01   6.61e-01   3.96e-01   5.75e+00   5.78e+00 (  6.29e+01,  1.11e+02)
85      0.236   6.60e-01   7.09e-01   3.86e-01   6.27e+00   6.31e+00 (  6.01e+01,  1.03e+02)
90      0.246   7.50e-01   7.41e-01   4.05e-01   6.60e+00   6.59e+00 (  5.73e+01,  9.58e+01)
95      1.973   4.60e+00   5.68e+00   4.38e+00   1.05e+02   6.65e+00 (  1.76e+03,  8.92e+01)
27 n: 9.355e-06 e: 6.866e-05 i: 1.990e-06 :: e: 1.340e-02 i: 1.688e-02 :: n: 2.903e+01 e:18.883 i:18.814 v:4.993e+03
>>> tau_he = 5.000000, nhe(0)=2.573699e+00
 5     -3.402   2.90e-03   1.79e-01   1.10e-03  -3.92e-02   4.01e-05 (  8.67e-01,  3.38e+01)
10    -13.001   1.27e-02   3.33e-02  -2.30e-03  -8.10e-01   2.37e-04 (  6.89e+00,  6.74e+01)
15     -3.900   6.98e-02   3.47e-02   2.81e-02  -1.55e+00   1.02e-03 (  4.28e+01,  9.91e+01)
20     -0.639   8.44e-02   5.61e-02   6.02e-02  -1.20e+00   3.73e-03 (  5.54e+01,  1.23e+02)
25     -0.070   1.20e-01   8.39e-02   5.68e-02  -3.76e-01   1.20e-02 (  7.53e+01,  1.42e+02)
30     -0.025   1.56e-01   1.28e-01   8.42e-02  -1.55e-01   3.43e-02 (  9.02e+01,  1.56e+02)
35     -0.003   1.72e-01   1.52e-01   9.75e-02  -2.00e-02   8.78e-02 (  9.27e+01,  1.65e+02)
40      0.017   1.99e-01   1.93e-01   1.58e-01   1.32e-01   2.03e-01 (  9.57e+01,  1.69e+02)
45      0.051   2.19e-01   2.40e-01   1.60e-01   3.83e-01   4.22e-01 (  9.29e+01,  1.68e+02)
50      0.082   2.38e-01   2.91e-01   1.52e-01   7.71e-01   7.96e-01 (  8.84e+01,  1.63e+02)
55      0.082   2.39e-01   3.38e-01   1.79e-01   1.22e+00   1.37e+00 (  7.88e+01,  1.56e+02)
60      0.099   2.56e-01   4.02e-01   2.16e-01   2.00e+00   2.14e+00 (  7.24e+01,  1.47e+02)
65      0.124   2.96e-01   4.57e-01   2.63e-01   2.92e+00   3.07e+00 (  6.80e+01,  1.38e+02)
70      0.163   3.82e-01   5.50e-01   3.49e-01   4.03e+00   4.07e+00 (  6.80e+01,  1.28e+02)
75      0.196   4.74e-01   6.10e-01   3.84e-01   4.99e+00   5.01e+00 (  6.60e+01,  1.19e+02)
80      0.221   5.74e-01   6.65e-01   3.98e-01   5.78e+00   5.78e+00 (  6.40e+01,  1.11e+02)
85      0.237   6.59e-01   7.12e-01   3.86e-01   6.29e+00   6.31e+00 (  6.09e+01,  1.03e+02)
90      0.247   7.48e-01   7.43e-01   4.05e-01   6.62e+00   6.59e+00 (  5.81e+01,  9.58e+01)
95      1.973   4.60e+00   5.68e+00   4.38e+00   1.05e+02   6.65e+00 (  1.77e+03,  8.92e+01)
28 n: 7.178e-06 e: 4.108e-06 i: 4.514e-05 :: e: 8.631e-03 i: 8.703e-03 :: n: 2.898e+01 e:19.053 i:18.804 v:4.993e+03
>>> tau_he = 5.000000, nhe(0)=2.605025e+00
 5     -3.427   2.96e-03   1.81e-01   1.11e-03  -3.95e-02   4.01e-05 (  8.83e-01,  3.38e+01)
10    -12.741   1.28e-02   3.45e-02  -2.37e-03  -7.93e-01   2.37e-04 (  6.97e+00,  6.74e+01)
15     -3.895   6.98e-02   3.28e-02   2.66e-02  -1.55e+00   1.02e-03 (  4.28e+01,  9.91e+01)
20     -0.637   8.43e-02   5.42e-02   5.67e-02  -1.20e+00   3.73e-03 (  5.53e+01,  1.23e+02)
25     -0.063   1.20e-01   8.10e-02   5.24e-02  -3.49e-01   1.20e-02 (  7.51e+01,  1.42e+02)
30      0.006   1.52e-01   1.20e-01   7.04e-02   4.26e-02   3.43e-02 (  8.80e+01,  1.56e+02)
35      0.019   1.68e-01   1.43e-01   9.60e-02   1.53e-01   8.78e-02 (  9.05e+01,  1.65e+02)
40      0.018   1.98e-01   1.89e-01   1.52e-01   1.40e-01   2.03e-01 (  9.50e+01,  1.69e+02)
45      0.051   2.18e-01   2.35e-01   1.58e-01   3.81e-01   4.22e-01 (  9.23e+01,  1.68e+02)
50      0.081   2.37e-01   2.85e-01   1.49e-01   7.69e-01   7.96e-01 (  8.79e+01,  1.63e+02)
55      0.082   2.38e-01   3.32e-01   1.76e-01   1.22e+00   1.37e+00 (  7.83e+01,  1.56e+02)
60      0.098   2.55e-01   3.98e-01   2.14e-01   2.00e+00   2.14e+00 (  7.19e+01,  1.47e+02)
65      0.124   2.95e-01   4.56e-01   2.61e-01   2.92e+00   3.07e+00 (  6.75e+01,  1.38e+02)
70      0.163   3.80e-01   5.49e-01   3.48e-01   4.02e+00   4.07e+00 (  6.73e+01,  1.28e+02)
75      0.195   4.72e-01   6.10e-01   3.85e-01   4.97e+00   5.01e+00 (  6.54e+01,  1.19e+02)
80      0.221   5.72e-01   6.65e-01   4.00e-01   5.76e+00   5.78e+00 (  6.35e+01,  1.11e+02)
85      0.237   6.59e-01   7.13e-01   3.90e-01   6.29e+00   6.31e+00 (  6.06e+01,  1.03e+02)
90      0.246   7.48e-01   7.44e-01   4.08e-01   6.61e+00   6.59e+00 (  5.77e+01,  9.58e+01)
95      1.973   4.60e+00   5.68e+00   4.38e+00   1.05e+02   6.65e+00 (  1.76e+03,  8.92e+01)
29 n: 7.628e-06 e: 6.922e-05 i: 1.514e-06 :: e: 7.884e-03 i: 1.091e-02 :: n: 2.907e+01 e:19.009 i:18.933 v:4.993e+03
>>> tau_he = 5.000000, nhe(0)=2.592021e+00
 5     -3.452   2.94e-03   1.82e-01   1.11e-03  -3.97e-02   4.01e-05 (  8.80e-01,  3.38e+01)
10    -13.133   1.28e-02   3.38e-02  -2.34e-03  -8.17e-01   2.37e-04 (  6.99e+00,  6.74e+01)
15     -3.974   7.05e-02   3.44e-02   2.82e-02  -1.58e+00   1.02e-03 (  4.33e+01,  9.91e+01)
20     -0.654   8.54e-02   5.62e-02   6.00e-02  -1.23e+00   3.73e-03 (  5.63e+01,  1.23e+02)
25     -0.069   1.22e-01   8.38e-02   5.56e-02  -3.74e-01   1.20e-02 (  7.65e+01,  1.42e+02)
30     -0.026   1.58e-01   1.29e-01   8.36e-02  -1.61e-01   3.43e-02 (  9.19e+01,  1.56e+02)
35     -0.003   1.78e-01   1.52e-01   9.79e-02  -2.12e-02   8.78e-02 (  9.71e+01,  1.65e+02)
40      0.017   2.01e-01   1.94e-01   1.56e-01   1.36e-01   2.03e-01 (  9.79e+01,  1.69e+02)
45      0.051   2.22e-01   2.42e-01   1.62e-01   3.84e-01   4.22e-01 (  9.52e+01,  1.68e+02)
50      0.073   2.31e-01   2.77e-01   1.40e-01   6.87e-01   7.96e-01 (  8.69e+01,  1.63e+02)
55      0.083   2.43e-01   3.40e-01   1.80e-01   1.23e+00   1.37e+00 (  8.10e+01,  1.56e+02)
60      0.100   2.60e-01   4.06e-01   2.18e-01   2.02e+00   2.14e+00 (  7.44e+01,  1.47e+02)
65      0.139   3.26e-01   5.20e-01   3.02e-01   3.25e+00   3.07e+00 (  7.57e+01,  1.38e+02)
70      0.164   3.84e-01   5.56e-01   3.53e-01   4.06e+00   4.07e+00 (  6.92e+01,  1.28e+02)
75      0.196   4.75e-01   6.16e-01   3.89e-01   5.01e+00   5.01e+00 (  6.69e+01,  1.19e+02)
80      0.222   5.73e-01   6.70e-01   4.02e-01   5.79e+00   5.78e+00 (  6.47e+01,  1.11e+02)
85      0.237   6.57e-01   7.16e-01   3.91e-01   6.31e+00   6.31e+00 (  6.15e+01,  1.03e+02)
90      0.247   7.45e-01   7.46e-01   4.09e-01   6.63e+00   6.59e+00 (  5.84e+01,  9.58e+01)
95      1.973   4.60e+00   5.68e+00   4.38e+00   1.05e+02   6.65e+00 (  1.77e+03,  8.92e+01)
30 n: 7.378e-05 e: 4.571e-06 i: 4.659e-05 :: e: 1.335e-02 i: 1.338e-02 :: n: 2.899e+01 e:19.179 i:18.927 v:4.993e+03
>>> tau_he = 5.000000, nhe(0)=2.621592e+00
 5     -3.478   2.99e-03   1.85e-01   1.12e-03  -4.00e-02   4.01e-05 (  8.96e-01,  3.38e+01)
10    -13.056   1.29e-02   3.41e-02  -2.38e-03  -8.11e-01   2.37e-04 (  7.04e+00,  6.74e+01)
15     -4.434   7.04e-02   3.49e-02   3.00e-02  -1.76e+00   1.02e-03 (  4.32e+01,  9.91e+01)
20     -0.652   8.53e-02   5.43e-02   5.67e-02  -1.22e+00   3.73e-03 (  5.63e+01,  1.23e+02)
25     -0.061   1.21e-01   8.10e-02   5.13e-02  -3.46e-01   1.20e-02 (  7.63e+01,  1.42e+02)
30      0.006   1.54e-01   1.20e-01   6.99e-02   4.10e-02   3.43e-02 (  8.96e+01,  1.56e+02)
35      0.018   1.70e-01   1.44e-01   9.58e-02   1.48e-01   8.78e-02 (  9.24e+01,  1.65e+02)
40      0.018   2.01e-01   1.89e-01   1.51e-01   1.44e-01   2.03e-01 (  9.74e+01,  1.69e+02)
45      0.051   2.22e-01   2.37e-01   1.60e-01   3.85e-01   4.22e-01 (  9.46e+01,  1.68e+02)
50      0.073   2.29e-01   2.73e-01   1.37e-01   6.95e-01   7.96e-01 (  8.61e+01,  1.63e+02)
55      0.083   2.42e-01   3.36e-01   1.77e-01   1.24e+00   1.37e+00 (  8.05e+01,  1.56e+02)
60      0.099   2.58e-01   4.02e-01   2.16e-01   2.01e+00   2.14e+00 (  7.37e+01,  1.47e+02)
65      0.124   2.96e-01   4.57e-01   2.62e-01   2.89e+00   3.07e+00 (  6.84e+01,  1.38e+02)
70      0.163   3.81e-01   5.55e-01   3.52e-01   4.03e+00   4.07e+00 (  6.85e+01,  1.28e+02)
75      0.196   4.73e-01   6.16e-01   3.90e-01   4.99e+00   5.01e+00 (  6.64e+01,  1.19e+02)
80      0.221   5.71e-01   6.71e-01   4.05e-01   5.77e+00   5.78e+00 (  6.43e+01,  1.11e+02)
85      0.237   6.57e-01   7.18e-01   3.95e-01   6.30e+00   6.31e+00 (  6.12e+01,  1.03e+02)
90      0.246   7.44e-01   7.47e-01   4.12e-01   6.62e+00   6.59e+00 (  5.81e+01,  9.58e+01)
95      1.973   4.60e+00   5.68e+00   4.38e+00   1.05e+02   6.65e+00 (  1.77e+03,  8.92e+01)
31 n: 1.724e-05 e: 6.734e-05 i: 1.678e-06 :: e: 6.866e-03 i: 9.137e-03 :: n: 2.907e+01 e:19.134 i:19.058 v:4.993e+03
>>> tau_he = 5.000000, nhe(0)=2.609350e+00
 5     -3.505   2.97e-03   1.85e-01   1.11e-03  -4.02e-02   4.01e-05 (  8.94e-01,  3.38e+01)
10    -13.292   1.30e-02   3.44e-02  -2.37e-03  -8.25e-01   2.37e-04 (  7.11e+00,  6.74e+01)
15     -4.047   7.12e-02   3.42e-02   2.83e-02  -1.60e+00   1.02e-03 (  4.39e+01,  9.91e+01)
20     -0.668   8.64e-02   5.62e-02   5.98e-02  -1.25e+00   3.73e-03 (  5.72e+01,  1.23e+02)
25     -0.067   1.23e-01   8.38e-02   5.44e-02  -3.71e-01   1.20e-02 (  7.77e+01,  1.42e+02)
30     -0.026   1.59e-01   1.29e-01   8.27e-02  -1.63e-01   3.43e-02 (  9.34e+01,  1.56e+02)
35     -0.004   1.80e-01   1.53e-01   9.77e-02  -2.63e-02   8.78e-02 (  9.88e+01,  1.65e+02)
40      0.017   2.05e-01   1.94e-01   1.55e-01   1.38e-01   2.03e-01 (  1.00e+02,  1.69e+02)
45      0.051   2.26e-01   2.43e-01   1.64e-01   3.88e-01   4.22e-01 (  9.76e+01,  1.68e+02)
50      0.074   2.34e-01   2.81e-01   1.40e-01   7.09e-01   7.96e-01 (  8.91e+01,  1.63e+02)
55      0.084   2.46e-01   3.44e-01   1.80e-01   1.25e+00   1.37e+00 (  8.31e+01,  1.56e+02)
60      0.100   2.63e-01   4.10e-01   2.21e-01   2.03e+00   2.14e+00 (  7.62e+01,  1.47e+02)
65      0.139   3.27e-01   5.23e-01   3.04e-01   3.23e+00   3.07e+00 (  7.67e+01,  1.38e+02)
70      0.165   3.86e-01   5.62e-01   3.57e-01   4.06e+00   4.07e+00 (  7.03e+01,  1.28e+02)
75      0.197   4.75e-01   6.22e-01   3.93e-01   5.02e+00   5.01e+00 (  6.78e+01,  1.19e+02)
80      0.222   5.72e-01   6.75e-01   4.07e-01   5.80e+00   5.78e+00 (  6.55e+01,  1.11e+02)
85      0.238   6.55e-01   7.20e-01   3.96e-01   6.31e+00   6.31e+00 (  6.20e+01,  1.03e+02)
90      0.247   7.40e-01   7.49e-01   4.12e-01   6.63e+00   6.59e+00 (  5.88e+01,  9.58e+01)
95      1.973   4.60e+00   5.68e+00   4.38e+00   1.05e+02   6.65e+00 (  1.77e+03,  8.92e+01)
32 n: 5.730e-05 e: 4.309e-06 i: 4.411e-05 :: e: 1.311e-02 i: 1.296e-02 :: n: 2.900e+01 e:19.302 i:19.052 v:4.993e+03
>>> tau_he = 5.000000, nhe(0)=2.638026e+00
 5     -3.529   3.02e-03   1.88e-01   1.12e-03  -4.05e-02   4.01e-05 (  9.10e-01,  3.38e+01)
10    -13.211   1.31e-02   3.47e-02  -2.41e-03  -8.20e-01   2.37e-04 (  7.17e+00,  6.74e+01)
15     -4.513   7.11e-02   3.48e-02   3.01e-02  -1.79e+00   1.02e-03 (  4.38e+01,  9.91e+01)
20     -0.666   8.62e-02   5.45e-02   5.66e-02  -1.25e+00   3.73e-03 (  5.71e+01,  1.23e+02)
25     -0.060   1.22e-01   8.11e-02   5.04e-02  -3.43e-01   1.20e-02 (  7.75e+01,  1.42e+02)
30      0.006   1.55e-01   1.20e-01   6.91e-02   4.28e-02   3.43e-02 (  9.10e+01,  1.56e+02)
35      0.018   1.72e-01   1.45e-01   9.54e-02   1.46e-01   8.78e-02 (  9.40e+01,  1.65e+02)
40      0.018   2.03e-01   1.90e-01   1.50e-01   1.47e-01   2.03e-01 (  9.93e+01,  1.69e+02)
45      0.051   2.25e-01   2.38e-01   1.62e-01   3.88e-01   4.22e-01 (  9.69e+01,  1.68e+02)
50      0.074   2.34e-01   2.76e-01   1.38e-01   7.13e-01   7.96e-01 (  8.88e+01,  1.63e+02)
55      0.084   2.45e-01   3.40e-01   1.78e-01   1.25e+00   1.37e+00 (  8.27e+01,  1.56e+02)
60      0.100   2.62e-01   4.05e-01   2.19e-01   2.02e+00   2.14e+00 (  7.55e+01,  1.47e+02)
65      0.124   2.98e-01   4.59e-01   2.63e-01   2.87e+00   3.07e+00 (  6.94e+01,  1.38e+02)
70      0.164   3.83e-01   5.60e-01   3.56e-01   4.03e+00   4.07e+00 (  6.96e+01,  1.28e+02)
75      0.197   4.73e-01   6.23e-01   3.94e-01   5.00e+00   5.01e+00 (  6.73e+01,  1.19e+02)
80      0.222   5.70e-01   6.76e-01   4.10e-01   5.78e+00   5.78e+00 (  6.51e+01,  1.11e+02)
85      0.238   6.55e-01   7.22e-01   4.00e-01   6.31e+00   6.31e+00 (  6.18e+01,  1.03e+02)
90      0.246   7.39e-01   7.50e-01   4.16e-01   6.62e+00   6.59e+00 (  5.85e+01,  9.58e+01)
95      1.973   4.60e+00   5.68e+00   4.38e+00   1.05e+02   6.65e+00 (  1.77e+03,  8.92e+01)
33 n: 1.744e-05 e: 6.349e-05 i: 1.552e-06 :: e: 6.252e-03 i: 8.694e-03 :: n: 2.907e+01 e:19.256 i:19.180 v:4.993e+03
>>> tau_he = 5.000000, nhe(0)=2.624285e+00
 5     -3.554   3.01e-03   1.88e-01   1.12e-03  -4.07e-02   4.01e-05 (  9.07e-01,  3.38e+01)
10    -13.441   1.32e-02   3.50e-02  -2.39e-03  -8.33e-01   2.37e-04 (  7.23e+00,  6.74e+01)
15     -4.117   7.18e-02   3.40e-02   2.84e-02  -1.63e+00   1.02e-03 (  4.44e+01,  9.91e+01)
20     -0.681   8.74e-02   5.64e-02   5.97e-02  -1.28e+00   3.73e-03 (  5.81e+01,  1.23e+02)
25     -0.066   1.24e-01   8.39e-02   5.36e-02  -3.70e-01   1.20e-02 (  7.88e+01,  1.42e+02)
30     -0.026   1.61e-01   1.29e-01   8.22e-02  -1.66e-01   3.43e-02 (  9.48e+01,  1.56e+02)
35     -0.004   1.82e-01   1.54e-01   9.74e-02  -3.02e-02   8.78e-02 (  1.01e+02,  1.65e+02)
40      0.017   2.07e-01   1.95e-01   1.55e-01   1.40e-01   2.03e-01 (  1.02e+02,  1.69e+02)
45      0.051   2.28e-01   2.45e-01   1.66e-01   3.91e-01   4.22e-01 (  9.97e+01,  1.68e+02)
50      0.076   2.40e-01   2.83e-01   1.42e-01   7.40e-01   7.96e-01 (  9.24e+01,  1.63e+02)
55      0.084   2.50e-01   3.48e-01   1.81e-01   1.26e+00   1.37e+00 (  8.52e+01,  1.56e+02)
60      0.101   2.66e-01   4.13e-01   2.23e-01   2.04e+00   2.14e+00 (  7.79e+01,  1.47e+02)
65      0.126   3.04e-01   4.69e-01   2.69e-01   2.92e+00   3.07e+00 (  7.18e+01,  1.38e+02)
70      0.166   3.88e-01   5.68e-01   3.61e-01   4.06e+00   4.07e+00 (  7.14e+01,  1.28e+02)
75      0.198   4.78e-01   6.28e-01   3.98e-01   5.03e+00   5.01e+00 (  6.90e+01,  1.19e+02)
80      0.223   5.71e-01   6.81e-01   4.13e-01   5.80e+00   5.78e+00 (  6.62e+01,  1.11e+02)
85      0.238   6.53e-01   7.25e-01   4.01e-01   6.32e+00   6.31e+00 (  6.27e+01,  1.03e+02)
90      0.247   7.35e-01   7.52e-01   4.16e-01   6.64e+00   6.59e+00 (  5.93e+01,  9.58e+01)
95      1.973   4.60e+00   5.68e+00   4.38e+00   1.05e+02   6.65e+00 (  1.77e+03,  8.92e+01)
34 n: 1.276e-05 e: 4.044e-06 i: 4.062e-05 :: e: 1.048e-02 i: 9.442e-03 :: n: 2.899e+01 e:19.419 i:19.173 v:4.993e+03
>>> tau_he = 5.000000, nhe(0)=2.653886e+00
 5     -3.579   3.06e-03   1.91e-01   1.13e-03  -4.10e-02   4.01e-05 (  9.25e-01,  3.38e+01)
10    -13.359   1.32e-02   3.53e-02  -2.43e-03  -8.28e-01   2.37e-04 (  7.28e+00,  6.74e+01)
15     -4.587   7.18e-02   3.47e-02   3.03e-02  -1.82e+00   1.02e-03 (  4.43e+01,  9.91e+01)
20     -0.679   8.72e-02   5.46e-02   5.65e-02  -1.27e+00   3.73e-03 (  5.80e+01,  1.23e+02)
25     -0.059   1.23e-01   8.11e-02   4.96e-02  -3.41e-01   1.20e-02 (  7.85e+01,  1.42e+02)
30      0.006   1.57e-01   1.21e-01   6.86e-02   4.27e-02   3.43e-02 (  9.24e+01,  1.56e+02)
35      0.019   1.77e-01   1.44e-01   8.35e-02   1.49e-01   8.78e-02 (  9.77e+01,  1.65e+02)
40      0.018   2.05e-01   1.90e-01   1.50e-01   1.49e-01   2.03e-01 (  1.01e+02,  1.69e+02)
45      0.051   2.27e-01   2.40e-01   1.64e-01   3.90e-01   4.22e-01 (  9.89e+01,  1.68e+02)
50      0.076   2.39e-01   2.78e-01   1.39e-01   7.41e-01   7.96e-01 (  9.18e+01,  1.63e+02)
55      0.084   2.48e-01   3.43e-01   1.79e-01   1.26e+00   1.37e+00 (  8.45e+01,  1.56e+02)
60      0.101   2.65e-01   4.09e-01   2.21e-01   2.04e+00   2.14e+00 (  7.73e+01,  1.47e+02)
65      0.126   3.03e-01   4.68e-01   2.69e-01   2.92e+00   3.07e+00 (  7.15e+01,  1.38e+02)
70      0.166   3.86e-01   5.67e-01   3.60e-01   4.05e+00   4.07e+00 (  7.09e+01,  1.28e+02)
75      0.198   4.76e-01   6.29e-01   3.98e-01   5.01e+00   5.01e+00 (  6.85e+01,  1.19e+02)
80      0.223   5.70e-01   6.82e-01   4.15e-01   5.79e+00   5.78e+00 (  6.59e+01,  1.11e+02)
85      0.238   6.52e-01   7.27e-01   4.05e-01   6.32e+00   6.31e+00 (  6.25e+01,  1.03e+02)
90      0.246   7.34e-01   7.53e-01   4.20e-01   6.62e+00   6.59e+00 (  5.90e+01,  9.58e+01)
95      1.973   4.60e+00   5.68e+00   4.38e+00   1.05e+02   6.65e+00 (  1.77e+03,  8.92e+01)
35 n: 1.037e-05 e: 5.936e-05 i: 1.476e-06 :: e: 6.749e-03 i: 8.852e-03 :: n: 2.908e+01 e:19.371 i:19.298 v:4.993e+03
>>> tau_he = 5.000000, nhe(0)=2.637921e+00
 5     -3.601   3.04e-03   1.91e-01   1.13e-03  -4.12e-02   4.01e-05 (  9.21e-01,  3.38e+01)
10    -13.579   1.33e-02   3.56e-02  -2.41e-03  -8.40e-01   2.37e-04 (  7.35e+00,  6.74e+01)
15     -4.661   7.22e-02   3.62e-02   3.19e-02  -1.84e+00   1.02e-03 (  4.47e+01,  9.91e+01)
20     -0.694   8.83e-02   5.65e-02   5.96e-02  -1.30e+00   3.73e-03 (  5.89e+01,  1.23e+02)
25     -0.065   1.25e-01   8.40e-02   5.28e-02  -3.69e-01   1.20e-02 (  7.99e+01,  1.42e+02)
30     -0.027   1.62e-01   1.30e-01   8.18e-02  -1.69e-01   3.43e-02 (  9.61e+01,  1.56e+02)
35     -0.005   1.84e-01   1.54e-01   9.75e-02  -3.43e-02   8.78e-02 (  1.02e+02,  1.65e+02)
40      0.017   2.09e-01   1.95e-01   1.54e-01   1.41e-01   2.03e-01 (  1.04e+02,  1.69e+02)
45      0.051   2.31e-01   2.46e-01   1.68e-01   3.92e-01   4.22e-01 (  1.02e+02,  1.68e+02)
50      0.077   2.43e-01   2.85e-01   1.43e-01   7.51e-01   7.96e-01 (  9.46e+01,  1.63e+02)
55      0.085   2.53e-01   3.50e-01   1.82e-01   1.27e+00   1.37e+00 (  8.70e+01,  1.56e+02)
60      0.102   2.70e-01   4.17e-01   2.25e-01   2.05e+00   2.14e+00 (  7.96e+01,  1.47e+02)
65      0.141   3.35e-01   5.35e-01   3.12e-01   3.27e+00   3.07e+00 (  8.02e+01,  1.38e+02)
70      0.167   3.90e-01   5.74e-01   3.65e-01   4.08e+00   4.07e+00 (  7.27e+01,  1.28e+02)
75      0.199   4.79e-01   6.34e-01   4.02e-01   5.03e+00   5.01e+00 (  7.00e+01,  1.19e+02)
80      0.224   5.70e-01   6.86e-01   4.18e-01   5.81e+00   5.78e+00 (  6.70e+01,  1.11e+02)
85      0.239   6.51e-01   7.30e-01   4.07e-01   6.33e+00   6.31e+00 (  6.34e+01,  1.03e+02)
90      0.247   7.30e-01   7.55e-01   4.20e-01   6.64e+00   6.59e+00 (  5.97e+01,  9.58e+01)
95      1.973   4.60e+00   5.68e+00   4.38e+00   1.05e+02   6.65e+00 (  1.77e+03,  8.92e+01)
36 n: 6.243e-05 e: 5.281e-06 i: 3.755e-05 :: e: 1.634e-02 i: 1.689e-02 :: n: 2.898e+01 e:19.527 i:19.288 v:4.993e+03
>>> tau_he = 5.000000, nhe(0)=2.663746e+00
 5     -3.622   3.09e-03   1.94e-01   1.14e-03  -4.14e-02   4.01e-05 (  9.37e-01,  3.38e+01)
10    -13.498   1.34e-02   3.58e-02  -2.44e-03  -8.35e-01   2.37e-04 (  7.39e+00,  6.74e+01)
15     -4.653   7.24e-02   3.47e-02   3.05e-02  -1.84e+00   1.02e-03 (  4.48e+01,  9.91e+01)
20     -0.690   8.81e-02   5.48e-02   5.66e-02  -1.29e+00   3.73e-03 (  5.87e+01,  1.23e+02)
25     -0.058   1.25e-01   8.14e-02   4.91e-02  -3.40e-01   1.20e-02 (  7.95e+01,  1.42e+02)
30      0.006   1.58e-01   1.21e-01   6.83e-02   4.31e-02   3.43e-02 (  9.35e+01,  1.56e+02)
35      0.018   1.79e-01   1.45e-01   8.36e-02   1.49e-01   8.78e-02 (  9.90e+01,  1.65e+02)
40      0.018   2.07e-01   1.91e-01   1.49e-01   1.51e-01   2.03e-01 (  1.03e+02,  1.69e+02)
45      0.051   2.30e-01   2.41e-01   1.66e-01   3.92e-01   4.22e-01 (  1.01e+02,  1.68e+02)
50      0.077   2.42e-01   2.81e-01   1.41e-01   7.53e-01   7.96e-01 (  9.39e+01,  1.63e+02)
55      0.085   2.52e-01   3.46e-01   1.80e-01   1.27e+00   1.37e+00 (  8.63e+01,  1.56e+02)
60      0.102   2.68e-01   4.13e-01   2.23e-01   2.04e+00   2.14e+00 (  7.88e+01,  1.47e+02)
65      0.126   3.04e-01   4.69e-01   2.70e-01   2.89e+00   3.07e+00 (  7.23e+01,  1.38e+02)
70      0.166   3.87e-01   5.72e-01   3.64e-01   4.05e+00   4.07e+00 (  7.20e+01,  1.28e+02)
75      0.199   4.77e-01   6.35e-01   4.03e-01   5.01e+00   5.01e+00 (  6.95e+01,  1.19e+02)
80      0.223   5.69e-01   6.88e-01   4.21e-01   5.79e+00   5.78e+00 (  6.67e+01,  1.11e+02)
85      0.239   6.50e-01   7.32e-01   4.11e-01   6.33e+00   6.31e+00 (  6.32e+01,  1.03e+02)
90      0.249   7.32e-01   7.59e-01   4.30e-01   6.69e+00   6.59e+00 (  5.98e+01,  9.58e+01)
95      1.972   4.60e+00   5.67e+00   4.38e+00   1.05e+02   6.65e+00 (  1.77e+03,  8.92e+01)
37 n: 1.220e-05 e: 5.227e-05 i: 1.784e-06 :: e: 8.220e-03 i: 1.064e-02 :: n: 2.905e+01 e:19.474 i:19.406 v:4.993e+03
>>> tau_he = 5.000000, nhe(0)=2.646487e+00
 5     -3.642   3.07e-03   1.94e-01   1.14e-03  -4.16e-02   4.01e-05 (  9.32e-01,  3.38e+01)
10    -13.712   1.35e-02   3.61e-02  -2.42e-03  -8.48e-01   2.37e-04 (  7.45e+00,  6.74e+01)
15     -4.721   7.28e-02   3.62e-02   3.21e-02  -1.87e+00   1.02e-03 (  4.51e+01,  9.91e+01)
20     -0.704   8.91e-02   5.68e-02   5.97e-02  -1.32e+00   3.73e-03 (  5.96e+01,  1.23e+02)
25     -0.064   1.26e-01   8.42e-02   5.24e-02  -3.68e-01   1.20e-02 (  8.07e+01,  1.42e+02)
30     -0.027   1.63e-01   1.30e-01   8.16e-02  -1.71e-01   3.43e-02 (  9.72e+01,  1.56e+02)
35     -0.005   1.85e-01   1.55e-01   9.76e-02  -3.70e-02   8.78e-02 (  1.03e+02,  1.65e+02)
40      0.017   2.11e-01   1.96e-01   1.54e-01   1.43e-01   2.03e-01 (  1.05e+02,  1.69e+02)
45      0.052   2.34e-01   2.47e-01   1.70e-01   3.93e-01   4.22e-01 (  1.03e+02,  1.68e+02)
50      0.078   2.46e-01   2.88e-01   1.44e-01   7.61e-01   7.96e-01 (  9.64e+01,  1.63e+02)
55      0.085   2.56e-01   3.53e-01   1.83e-01   1.27e+00   1.37e+00 (  8.86e+01,  1.56e+02)
60      0.102   2.73e-01   4.20e-01   2.26e-01   2.05e+00   2.14e+00 (  8.12e+01,  1.47e+02)
65      0.128   3.10e-01   4.78e-01   2.76e-01   2.93e+00   3.07e+00 (  7.46e+01,  1.38e+02)
70      0.168   3.92e-01   5.79e-01   3.68e-01   4.07e+00   4.07e+00 (  7.38e+01,  1.28e+02)
75      0.200   4.79e-01   6.40e-01   4.07e-01   5.04e+00   5.01e+00 (  7.09e+01,  1.19e+02)
80      0.224   5.69e-01   6.92e-01   4.23e-01   5.81e+00   5.78e+00 (  6.78e+01,  1.11e+02)
85      0.239   6.48e-01   7.35e-01   4.12e-01   6.33e+00   6.31e+00 (  6.40e+01,  1.03e+02)
90      0.247   7.23e-01   7.58e-01   4.24e-01   6.62e+00   6.59e+00 (  6.01e+01,  9.58e+01)
95      1.972   4.59e+00   5.68e+00   4.39e+00   1.05e+02   6.65e+00 (  1.77e+03,  8.92e+01)
38 n: 1.222e-05 e: 5.775e-06 i: 3.175e-05 :: e: 1.469e-02 i: 1.287e-02 :: n: 2.895e+01 e:19.621 i:19.392 v:4.993e+03
>>> tau_he = 5.000000, nhe(0)=2.673469e+00
 5     -3.663   3.12e-03   1.96e-01   1.15e-03  -4.19e-02   4.01e-05 (  9.48e-01,  3.38e+01)
10    -13.458   1.23e-02   3.23e-02  -1.82e-03  -8.32e-01   2.37e-04 (  6.81e+00,  6.74e+01)
15     -4.710   7.30e-02   3.47e-02   3.06e-02  -1.86e+00   1.02e-03 (  4.52e+01,  9.91e+01)
20     -0.699   8.89e-02   5.51e-02   5.66e-02  -1.31e+00   3.73e-03 (  5.94e+01,  1.23e+02)
25     -0.057   1.25e-01   8.16e-02   4.87e-02  -3.38e-01   1.20e-02 (  8.03e+01,  1.42e+02)
30      0.006   1.59e-01   1.21e-01   6.81e-02   4.33e-02   3.43e-02 (  9.45e+01,  1.56e+02)
35      0.018   1.80e-01   1.46e-01   8.36e-02   1.48e-01   8.78e-02 (  1.00e+02,  1.65e+02)
40      0.018   2.09e-01   1.92e-01   1.49e-01   1.52e-01   2.03e-01 (  1.04e+02,  1.69e+02)
45      0.051   2.32e-01   2.42e-01   1.67e-01   3.93e-01   4.22e-01 (  1.02e+02,  1.68e+02)
50      0.077   2.45e-01   2.83e-01   1.42e-01   7.59e-01   7.96e-01 (  9.55e+01,  1.63e+02)
55      0.085   2.54e-01   3.47e-01   1.80e-01   1.27e+00   1.37e+00 (  8.77e+01,  1.56e+02)
60      0.103   2.71e-01   4.15e-01   2.25e-01   2.06e+00   2.14e+00 (  8.03e+01,  1.47e+02)
65      0.128   3.08e-01   4.76e-01   2.74e-01   2.93e+00   3.07e+00 (  7.41e+01,  1.38e+02)
70      0.167   3.90e-01   5.78e-01   3.67e-01   4.06e+00   4.07e+00 (  7.31e+01,  1.28e+02)
75      0.199   4.77e-01   6.40e-01   4.07e-01   5.02e+00   5.01e+00 (  7.03e+01,  1.19e+02)
80      0.224   5.68e-01   6.93e-01   4.25e-01   5.80e+00   5.78e+00 (  6.74e+01,  1.11e+02)
85      0.239   6.48e-01   7.37e-01   4.16e-01   6.33e+00   6.31e+00 (  6.38e+01,  1.03e+02)
90      0.251   7.29e-01   7.63e-01   4.42e-01   6.75e+00   6.59e+00 (  6.04e+01,  9.58e+01)
95      1.972   4.59e+00   5.67e+00   4.38e+00   1.05e+02   6.65e+00 (  1.77e+03,  8.92e+01)
39 n: 1.002e-05 e: 4.666e-05 i: 2.100e-06 :: e: 9.667e-03 i: 1.057e-02 :: n: 2.903e+01 e:19.564 i:19.502 v:4.993e+03
>>> tau_he = 5.000000, nhe(0)=2.654572e+00
 5     -3.679   3.10e-03   1.96e-01   1.15e-03  -4.20e-02   4.01e-05 (  9.43e-01,  3.38e+01)
10    -13.870   1.36e-02   3.66e-02  -2.42e-03  -8.57e-01   2.37e-04 (  7.56e+00,  6.74e+01)
15     -4.774   7.34e-02   3.63e-02   3.22e-02  -1.89e+00   1.02e-03 (  4.56e+01,  9.91e+01)
20     -0.712   8.99e-02   5.70e-02   5.98e-02  -1.33e+00   3.73e-03 (  6.01e+01,  1.23e+02)
25     -0.064   1.25e-01   8.45e-02   5.20e-02  -3.65e-01   1.20e-02 (  8.03e+01,  1.42e+02)
30     -0.027   1.65e-01   1.31e-01   8.14e-02  -1.73e-01   3.43e-02 (  9.82e+01,  1.56e+02)
35     -0.005   1.86e-01   1.55e-01   9.77e-02  -3.89e-02   8.78e-02 (  1.04e+02,  1.65e+02)
40      0.018   2.12e-01   1.97e-01   1.54e-01   1.43e-01   2.03e-01 (  1.06e+02,  1.69e+02)
45      0.052   2.35e-01   2.48e-01   1.72e-01   3.94e-01   4.22e-01 (  1.05e+02,  1.68e+02)
50      0.078   2.48e-01   2.90e-01   1.45e-01   7.66e-01   7.96e-01 (  9.79e+01,  1.63e+02)
55      0.086   2.58e-01   3.55e-01   1.83e-01   1.27e+00   1.37e+00 (  8.98e+01,  1.56e+02)
60      0.103   2.76e-01   4.22e-01   2.28e-01   2.05e+00   2.14e+00 (  8.25e+01,  1.47e+02)
65      0.143   3.41e-01   5.45e-01   3.18e-01   3.29e+00   3.07e+00 (  8.29e+01,  1.38e+02)
70      0.168   3.94e-01   5.84e-01   3.71e-01   4.08e+00   4.07e+00 (  7.48e+01,  1.28e+02)
75      0.200   4.80e-01   6.46e-01   4.10e-01   5.04e+00   5.01e+00 (  7.17e+01,  1.19e+02)
80      0.225   5.69e-01   6.97e-01   4.28e-01   5.82e+00   5.78e+00 (  6.85e+01,  1.11e+02)
85      0.240   6.45e-01   7.39e-01   4.17e-01   6.33e+00   6.31e+00 (  6.46e+01,  1.03e+02)
90      0.251   7.23e-01   7.63e-01   4.42e-01   6.74e+00   6.59e+00 (  6.09e+01,  9.58e+01)
95      1.972   4.59e+00   5.67e+00   4.39e+00   1.05e+02   6.65e+00 (  1.77e+03,  8.92e+01)
40 n: 6.429e-05 e: 7.774e-06 i: 2.844e-05 :: e: 1.873e-02 i: 2.051e-02 :: n: 2.893e+01 e:19.703 i:19.484 v:4.993e+03
>>> tau_he = 5.000000, nhe(0)=2.677330e+00
 5     -3.695   3.14e-03   1.98e-01   1.16e-03  -4.22e-02   4.01e-05 (  9.58e-01,  3.38e+01)
10    -13.610   1.25e-02   3.25e-02  -1.81e-03  -8.41e-01   2.37e-04 (  6.90e+00,  6.74e+01)
15     -4.757   7.36e-02   3.49e-02   3.09e-02  -1.88e+00   1.02e-03 (  4.56e+01,  9.91e+01)
20     -0.707   8.96e-02   5.54e-02   5.69e-02  -1.32e+00   3.73e-03 (  5.99e+01,  1.23e+02)
25     -0.056   1.25e-01   8.20e-02   4.84e-02  -3.35e-01   1.20e-02 (  7.98e+01,  1.42e+02)
30      0.006   1.60e-01   1.22e-01   6.81e-02   4.43e-02   3.43e-02 (  9.53e+01,  1.56e+02)
35      0.019   1.82e-01   1.46e-01   8.38e-02   1.49e-01   8.78e-02 (  1.01e+02,  1.65e+02)
40      0.019   2.11e-01   1.93e-01   1.50e-01   1.54e-01   2.03e-01 (  1.05e+02,  1.69e+02)
45      0.052   2.34e-01   2.44e-01   1.69e-01   3.95e-01   4.22e-01 (  1.03e+02,  1.68e+02)
50      0.078   2.47e-01   2.85e-01   1.43e-01   7.66e-01   7.96e-01 (  9.69e+01,  1.63e+02)
55      0.086   2.56e-01   3.50e-01   1.81e-01   1.27e+00   1.37e+00 (  8.89e+01,  1.56e+02)
60      0.103   2.74e-01   4.18e-01   2.27e-01   2.05e+00   2.14e+00 (  8.13e+01,  1.47e+02)
65      0.127   3.09e-01   4.76e-01   2.74e-01   2.89e+00   3.07e+00 (  7.45e+01,  1.38e+02)
70      0.168   3.91e-01   5.82e-01   3.70e-01   4.05e+00   4.07e+00 (  7.39e+01,  1.28e+02)
75      0.200   4.78e-01   6.46e-01   4.11e-01   5.02e+00   5.01e+00 (  7.12e+01,  1.19e+02)
80      0.225   5.68e-01   6.98e-01   4.30e-01   5.80e+00   5.78e+00 (  6.81e+01,  1.11e+02)
85      0.240   6.45e-01   7.41e-01   4.21e-01   6.33e+00   6.31e+00 (  6.44e+01,  1.03e+02)
90      0.250   7.20e-01   7.65e-01   4.46e-01   6.71e+00   6.59e+00 (  6.05e+01,  9.58e+01)
95      1.971   4.59e+00   5.67e+00   4.39e+00   1.04e+02   6.65e+00 (  1.77e+03,  8.92e+01)
41 n: 1.241e-05 e: 3.929e-05 i: 2.881e-06 :: e: 1.069e-02 i: 1.160e-02 :: n: 2.899e+01 e:19.640 i:19.586 v:4.993e+03
>>> tau_he = 5.000000, nhe(0)=2.657739e+00
 5     -3.709   3.12e-03   1.98e-01   1.16e-03  -4.23e-02   4.01e-05 (  9.52e-01,  3.38e+01)
10    -13.839   1.25e-02   3.29e-02  -1.76e-03  -8.55e-01   2.37e-04 (  6.94e+00,  6.74e+01)
15     -4.815   7.40e-02   3.66e-02   3.25e-02  -1.90e+00   1.02e-03 (  4.59e+01,  9.91e+01)
20     -0.718   9.06e-02   5.73e-02   6.00e-02  -1.34e+00   3.73e-03 (  6.06e+01,  1.23e+02)
25     -0.063   1.26e-01   8.49e-02   5.18e-02  -3.65e-01   1.20e-02 (  8.10e+01,  1.42e+02)
30     -0.028   1.66e-01   1.31e-01   8.16e-02  -1.75e-01   3.43e-02 (  9.89e+01,  1.56e+02)
35     -0.005   1.87e-01   1.56e-01   9.80e-02  -4.05e-02   8.78e-02 (  1.05e+02,  1.65e+02)
40      0.018   2.14e-01   1.97e-01   1.55e-01   1.45e-01   2.03e-01 (  1.07e+02,  1.69e+02)
45      0.052   2.37e-01   2.49e-01   1.73e-01   3.96e-01   4.22e-01 (  1.06e+02,  1.68e+02)
50      0.079   2.50e-01   2.92e-01   1.46e-01   7.72e-01   7.96e-01 (  9.90e+01,  1.63e+02)
55      0.086   2.60e-01   3.57e-01   1.84e-01   1.28e+00   1.37e+00 (  9.09e+01,  1.56e+02)
60      0.104   2.78e-01   4.24e-01   2.29e-01   2.06e+00   2.14e+00 (  8.35e+01,  1.47e+02)
65      0.129   3.14e-01   4.84e-01   2.79e-01   2.92e+00   3.07e+00 (  7.65e+01,  1.38e+02)
70      0.169   3.95e-01   5.88e-01   3.74e-01   4.07e+00   4.07e+00 (  7.55e+01,  1.28e+02)
75      0.201   4.81e-01   6.50e-01   4.14e-01   5.04e+00   5.01e+00 (  7.24e+01,  1.19e+02)
80      0.225   5.68e-01   7.01e-01   4.32e-01   5.82e+00   5.78e+00 (  6.91e+01,  1.11e+02)
85      0.240   6.43e-01   7.43e-01   4.22e-01   6.33e+00   6.31e+00 (  6.51e+01,  1.03e+02)
90      0.250   7.15e-01   7.65e-01   4.46e-01   6.70e+00   6.59e+00 (  6.10e+01,  9.58e+01)
95      1.971   4.59e+00   5.67e+00   4.39e+00   1.04e+02   6.65e+00 (  1.78e+03,  8.92e+01)
42 n: 1.020e-05 e: 8.505e-06 i: 2.309e-05 :: e: 1.568e-02 i: 1.463e-02 :: n: 2.888e+01 e:19.769 i:19.564 v:4.993e+03
>>> tau_he = 5.000000, nhe(0)=2.682192e+00
 5     -3.725   3.16e-03   2.00e-01   1.17e-03  -4.26e-02   4.01e-05 (  9.66e-01,  3.38e+01)
10    -13.797   1.26e-02   3.29e-02  -1.80e-03  -8.52e-01   2.37e-04 (  7.00e+00,  6.74e+01)
15     -4.797   7.42e-02   3.53e-02   3.11e-02  -1.89e+00   1.02e-03 (  4.60e+01,  9.91e+01)
20     -0.712   9.03e-02   5.58e-02   5.71e-02  -1.34e+00   3.73e-03 (  6.03e+01,  1.23e+02)
25     -0.056   1.25e-01   8.23e-02   4.82e-02  -3.34e-01   1.20e-02 (  8.04e+01,  1.42e+02)
30      0.006   1.61e-01   1.23e-01   6.82e-02   4.37e-02   3.43e-02 (  9.59e+01,  1.56e+02)
35      0.019   1.83e-01   1.47e-01   8.40e-02   1.48e-01   8.78e-02 (  1.01e+02,  1.65e+02)
40      0.019   2.12e-01   1.93e-01   1.50e-01   1.54e-01   2.03e-01 (  1.06e+02,  1.69e+02)
45      0.052   2.36e-01   2.45e-01   1.70e-01   3.95e-01   4.22e-01 (  1.04e+02,  1.68e+02)
50      0.078   2.49e-01   2.87e-01   1.44e-01   7.69e-01   7.96e-01 (  9.78e+01,  1.63e+02)
55      0.086   2.58e-01   3.51e-01   1.82e-01   1.27e+00   1.37e+00 (  8.97e+01,  1.56e+02)
60      0.104   2.76e-01   4.19e-01   2.26e-01   2.05e+00   2.14e+00 (  8.24e+01,  1.47e+02)
65      0.129   3.12e-01   4.82e-01   2.78e-01   2.92e+00   3.07e+00 (  7.58e+01,  1.38e+02)
70      0.168   3.93e-01   5.86e-01   3.73e-01   4.05e+00   4.07e+00 (  7.47e+01,  1.28e+02)
75      0.200   4.79e-01   6.49e-01   4.14e-01   5.01e+00   5.01e+00 (  7.17e+01,  1.19e+02)
80      0.225   5.67e-01   7.02e-01   4.34e-01   5.80e+00   5.78e+00 (  6.87e+01,  1.11e+02)
85      0.240   6.43e-01   7.45e-01   4.25e-01   6.33e+00   6.31e+00 (  6.49e+01,  1.03e+02)
90      0.250   7.14e-01   7.67e-01   4.49e-01   6.68e+00   6.59e+00 (  6.07e+01,  9.58e+01)
95      1.970   4.59e+00   5.67e+00   4.39e+00   1.04e+02   6.65e+00 (  1.77e+03,  8.92e+01)
43 n: 7.895e-06 e: 3.413e-05 i: 3.539e-06 :: e: 1.129e-02 i: 1.077e-02 :: n: 2.896e+01 e:19.702 i:19.659 v:4.993e+03
>>> tau_he = 5.000000, nhe(0)=2.661585e+00
 5     -3.736   3.14e-03   2.00e-01   1.16e-03  -4.26e-02   4.01e-05 (  9.60e-01,  3.38e+01)
10    -14.008   1.27e-02   3.31e-02  -1.75e-03  -8.65e-01   2.37e-04 (  7.04e+00,  6.74e+01)
15     -4.849   7.45e-02   3.69e-02   3.26e-02  -1.91e+00   1.02e-03 (  4.62e+01,  9.91e+01)
20     -0.723   9.11e-02   5.76e-02   6.02e-02  -1.35e+00   3.73e-03 (  6.10e+01,  1.23e+02)
25     -0.063   1.27e-01   8.51e-02   5.16e-02  -3.64e-01   1.20e-02 (  8.15e+01,  1.42e+02)
30     -0.028   1.66e-01   1.32e-01   8.16e-02  -1.76e-01   3.43e-02 (  9.94e+01,  1.56e+02)
35     -0.006   1.88e-01   1.57e-01   9.82e-02  -4.17e-02   8.78e-02 (  1.05e+02,  1.65e+02)
40      0.018   2.15e-01   1.98e-01   1.55e-01   1.45e-01   2.03e-01 (  1.08e+02,  1.69e+02)
45      0.052   2.38e-01   2.50e-01   1.74e-01   3.96e-01   4.22e-01 (  1.06e+02,  1.68e+02)
50      0.079   2.52e-01   2.93e-01   1.47e-01   7.74e-01   7.96e-01 (  9.98e+01,  1.63e+02)
55      0.086   2.61e-01   3.57e-01   1.85e-01   1.27e+00   1.37e+00 (  9.15e+01,  1.56e+02)
60      0.104   2.80e-01   4.26e-01   2.30e-01   2.06e+00   2.14e+00 (  8.42e+01,  1.47e+02)
65      0.145   3.45e-01   5.52e-01   3.22e-01   3.29e+00   3.07e+00 (  8.46e+01,  1.38e+02)
70      0.169   3.97e-01   5.91e-01   3.76e-01   4.07e+00   4.07e+00 (  7.62e+01,  1.28e+02)
75      0.201   4.81e-01   6.54e-01   4.17e-01   5.03e+00   5.01e+00 (  7.29e+01,  1.19e+02)
80      0.226   5.68e-01   7.05e-01   4.35e-01   5.81e+00   5.78e+00 (  6.96e+01,  1.11e+02)
85      0.240   6.41e-01   7.46e-01   4.25e-01   6.33e+00   6.31e+00 (  6.55e+01,  1.03e+02)
90      0.250   7.10e-01   7.67e-01   4.49e-01   6.68e+00   6.59e+00 (  6.12e+01,  9.58e+01)
95      1.970   4.58e+00   5.67e+00   4.39e+00   1.04e+02   6.65e+00 (  1.78e+03,  8.92e+01)
44 n: 6.346e-05 e: 1.105e-05 i: 2.058e-05 :: e: 1.953e-02 i: 2.068e-02 :: n: 2.885e+01 e:19.822 i:19.629 v:4.993e+03
>>> tau_he = 5.000000, nhe(0)=2.682627e+00
 5     -3.747   3.18e-03   2.02e-01   1.17e-03  -4.28e-02   4.01e-05 (  9.72e-01,  3.38e+01)
10    -13.948   1.27e-02   3.32e-02  -1.78e-03  -8.61e-01   2.37e-04 (  7.08e+00,  6.74e+01)
15     -4.824   7.46e-02   3.57e-02   3.13e-02  -1.91e+00   1.02e-03 (  4.62e+01,  9.91e+01)
20     -0.716   9.08e-02   5.61e-02   5.75e-02  -1.34e+00   3.73e-03 (  6.07e+01,  1.23e+02)
25     -0.055   1.26e-01   8.27e-02   4.82e-02  -3.32e-01   1.20e-02 (  8.08e+01,  1.42e+02)
30      0.006   1.62e-01   1.23e-01   6.83e-02   4.48e-02   3.43e-02 (  9.63e+01,  1.56e+02)
35      0.019   1.83e-01   1.48e-01   8.43e-02   1.49e-01   8.78e-02 (  1.02e+02,  1.65e+02)
40      0.019   2.13e-01   1.94e-01   1.50e-01   1.55e-01   2.03e-01 (  1.06e+02,  1.69e+02)
45      0.052   2.37e-01   2.46e-01   1.71e-01   3.96e-01   4.22e-01 (  1.05e+02,  1.68e+02)
50      0.079   2.50e-01   2.88e-01   1.45e-01   7.72e-01   7.96e-01 (  9.85e+01,  1.63e+02)
55      0.086   2.59e-01   3.53e-01   1.83e-01   1.27e+00   1.37e+00 (  9.04e+01,  1.56e+02)
60      0.104   2.77e-01   4.21e-01   2.28e-01   2.04e+00   2.14e+00 (  8.29e+01,  1.47e+02)
65      0.128   3.11e-01   4.80e-01   2.77e-01   2.88e+00   3.07e+00 (  7.57e+01,  1.38e+02)
70      0.168   3.93e-01   5.88e-01   3.74e-01   4.03e+00   4.07e+00 (  7.51e+01,  1.28e+02)
75      0.201   4.79e-01   6.53e-01   4.17e-01   5.01e+00   5.01e+00 (  7.23e+01,  1.19e+02)
80      0.228   5.67e-01   7.15e-01   4.38e-01   5.86e+00   5.78e+00 (  6.93e+01,  1.11e+02)
85      0.240   6.41e-01   7.48e-01   4.29e-01   6.33e+00   6.31e+00 (  6.53e+01,  1.03e+02)
90      0.250   7.09e-01   7.69e-01   4.52e-01   6.66e+00   6.59e+00 (  6.10e+01,  9.58e+01)
95      1.970   4.58e+00   5.67e+00   4.39e+00   1.04e+02   6.65e+00 (  1.78e+03,  8.92e+01)
45 n: 1.623e-05 e: 2.805e-05 i: 4.844e-06 :: e: 1.079e-02 i: 1.224e-02 :: n: 2.892e+01 e:19.748 i:19.716 v:4.993e+03
>>> tau_he = 5.000000, nhe(0)=2.661069e+00
 5     -3.754   3.15e-03   2.01e-01   1.17e-03  -4.29e-02   4.01e-05 (  9.65e-01,  3.38e+01)
10    -14.146   1.28e-02   3.33e-02  -1.74e-03  -8.73e-01   2.37e-04 (  7.11e+00,  6.74e+01)
15     -4.868   7.39e-02   3.73e-02   3.28e-02  -1.92e+00   1.02e-03 (  4.58e+01,  9.91e+01)
20     -0.725   9.16e-02   5.80e-02   6.05e-02  -1.36e+00   3.73e-03 (  6.12e+01,  1.23e+02)
25     -0.063   1.27e-01   8.55e-02   5.16e-02  -3.64e-01   1.20e-02 (  8.18e+01,  1.42e+02)
30     -0.028   1.67e-01   1.32e-01   8.20e-02  -1.78e-01   3.43e-02 (  9.98e+01,  1.56e+02)
35     -0.006   1.89e-01   1.57e-01   9.85e-02  -4.28e-02   8.78e-02 (  1.06e+02,  1.65e+02)
40      0.018   2.15e-01   1.99e-01   1.55e-01   1.45e-01   2.03e-01 (  1.08e+02,  1.69e+02)
45      0.052   2.39e-01   2.51e-01   1.75e-01   3.97e-01   4.22e-01 (  1.07e+02,  1.68e+02)
50      0.080   2.53e-01   2.94e-01   1.48e-01   7.77e-01   7.96e-01 (  1.00e+02,  1.63e+02)
55      0.086   2.62e-01   3.59e-01   1.85e-01   1.27e+00   1.37e+00 (  9.20e+01,  1.56e+02)
60      0.105   2.81e-01   4.27e-01   2.31e-01   2.05e+00   2.14e+00 (  8.46e+01,  1.47e+02)
65      0.129   3.16e-01   4.87e-01   2.82e-01   2.91e+00   3.07e+00 (  7.75e+01,  1.38e+02)
70      0.169   3.97e-01   5.93e-01   3.78e-01   4.05e+00   4.07e+00 (  7.65e+01,  1.28e+02)
75      0.202   4.81e-01   6.56e-01   4.19e-01   5.02e+00   5.01e+00 (  7.33e+01,  1.19e+02)
80      0.225   5.67e-01   7.07e-01   4.38e-01   5.79e+00   5.78e+00 (  7.00e+01,  1.11e+02)
85      0.240   6.40e-01   7.49e-01   4.29e-01   6.32e+00   6.31e+00 (  6.59e+01,  1.03e+02)
90      0.250   7.05e-01   7.69e-01   4.52e-01   6.67e+00   6.59e+00 (  6.15e+01,  9.58e+01)
95      1.970   4.58e+00   5.67e+00   4.39e+00   1.04e+02   6.65e+00 (  1.78e+03,  8.92e+01)
46 n: 9.755e-06 e: 1.207e-05 i: 1.541e-05 :: e: 1.469e-02 i: 1.387e-02 :: n: 2.881e+01 e:19.858 i:19.679 v:4.993e+03
>>> tau_he = 5.000000, nhe(0)=2.683815e+00
 5     -3.764   3.19e-03   2.03e-01   1.18e-03  -4.30e-02   4.01e-05 (  9.78e-01,  3.38e+01)
10    -14.076   1.28e-02   3.34e-02  -1.77e-03  -8.69e-01   2.37e-04 (  7.14e+00,  6.74e+01)
15     -4.844   7.50e-02   3.61e-02   3.15e-02  -1.91e+00   1.02e-03 (  4.65e+01,  9.91e+01)
20     -0.718   9.11e-02   5.64e-02   5.77e-02  -1.35e+00   3.73e-03 (  6.09e+01,  1.23e+02)
25     -0.055   1.26e-01   8.29e-02   4.81e-02  -3.31e-01   1.20e-02 (  8.11e+01,  1.42e+02)
30      0.006   1.62e-01   1.23e-01   6.86e-02   4.39e-02   3.43e-02 (  9.66e+01,  1.56e+02)
35      0.019   1.84e-01   1.48e-01   8.46e-02   1.48e-01   8.78e-02 (  1.02e+02,  1.65e+02)
40      0.019   2.13e-01   1.95e-01   1.51e-01   1.55e-01   2.03e-01 (  1.07e+02,  1.69e+02)
45      0.052   2.38e-01   2.46e-01   1.72e-01   3.96e-01   4.22e-01 (  1.05e+02,  1.68e+02)
50      0.079   2.51e-01   2.89e-01   1.45e-01   7.73e-01   7.96e-01 (  9.88e+01,  1.63e+02)
55      0.086   2.60e-01   3.53e-01   1.83e-01   1.27e+00   1.37e+00 (  9.07e+01,  1.56e+02)
60      0.104   2.78e-01   4.22e-01   2.29e-01   2.04e+00   2.14e+00 (  8.33e+01,  1.47e+02)
65      0.129   3.14e-01   4.84e-01   2.80e-01   2.91e+00   3.07e+00 (  7.67e+01,  1.38e+02)
70      0.169   3.94e-01   5.90e-01   3.76e-01   4.03e+00   4.07e+00 (  7.55e+01,  1.28e+02)
75      0.201   4.79e-01   6.55e-01   4.18e-01   5.00e+00   5.01e+00 (  7.25e+01,  1.19e+02)
80      0.228   5.66e-01   7.17e-01   4.40e-01   5.85e+00   5.78e+00 (  6.95e+01,  1.11e+02)
85      0.240   6.40e-01   7.50e-01   4.32e-01   6.32e+00   6.31e+00 (  6.56e+01,  1.03e+02)
90      0.250   7.05e-01   7.71e-01   4.54e-01   6.66e+00   6.59e+00 (  6.12e+01,  9.58e+01)
95      1.969   4.58e+00   5.67e+00   4.39e+00   1.04e+02   6.65e+00 (  1.78e+03,  8.92e+01)
47 n: 1.012e-05 e: 2.395e-05 i: 5.814e-06 :: e: 9.869e-03 i: 1.066e-02 :: n: 2.889e+01 e:19.780 i:19.756 v:4.993e+03
>>> tau_he = 5.000000, nhe(0)=2.661574e+00
 5     -3.767   3.16e-03   2.02e-01   1.17e-03  -4.30e-02   4.01e-05 (  9.70e-01,  3.38e+01)
10    -14.247   1.28e-02   3.35e-02  -1.72e-03  -8.80e-01   2.37e-04 (  7.17e+00,  6.74e+01)
15     -4.881   7.42e-02   3.76e-02   3.29e-02  -1.93e+00   1.02e-03 (  4.60e+01,  9.91e+01)
20     -0.726   9.18e-02   5.81e-02   6.07e-02  -1.36e+00   3.73e-03 (  6.14e+01,  1.23e+02)
25     -0.062   1.27e-01   8.56e-02   5.15e-02  -3.61e-01   1.20e-02 (  8.20e+01,  1.42e+02)
30     -0.028   1.67e-01   1.32e-01   8.21e-02  -1.78e-01   3.43e-02 (  9.99e+01,  1.56e+02)
35     -0.006   1.89e-01   1.57e-01   9.88e-02  -4.33e-02   8.78e-02 (  1.06e+02,  1.65e+02)
40      0.018   2.16e-01   1.99e-01   1.55e-01   1.45e-01   2.03e-01 (  1.09e+02,  1.69e+02)
45      0.052   2.40e-01   2.51e-01   1.75e-01   3.96e-01   4.22e-01 (  1.07e+02,  1.68e+02)
50      0.080   2.54e-01   2.94e-01   1.48e-01   7.77e-01   7.96e-01 (  1.00e+02,  1.63e+02)
55      0.086   2.63e-01   3.59e-01   1.86e-01   1.27e+00   1.37e+00 (  9.22e+01,  1.56e+02)
60      0.105   2.82e-01   4.28e-01   2.32e-01   2.05e+00   2.14e+00 (  8.49e+01,  1.47e+02)
65      0.130   3.18e-01   4.91e-01   2.85e-01   2.93e+00   3.07e+00 (  7.83e+01,  1.38e+02)
70      0.170   3.98e-01   5.95e-01   3.79e-01   4.05e+00   4.07e+00 (  7.68e+01,  1.28e+02)
75      0.202   4.81e-01   6.58e-01   4.20e-01   5.01e+00   5.01e+00 (  7.35e+01,  1.19e+02)
80      0.228   5.67e-01   7.18e-01   4.40e-01   5.84e+00   5.78e+00 (  7.03e+01,  1.11e+02)
85      0.240   6.38e-01   7.51e-01   4.31e-01   6.32e+00   6.31e+00 (  6.62e+01,  1.03e+02)
90      0.250   7.02e-01   7.71e-01   4.54e-01   6.66e+00   6.59e+00 (  6.17e+01,  9.58e+01)
95      1.968   4.58e+00   5.66e+00   4.38e+00   1.04e+02   6.65e+00 (  1.78e+03,  8.92e+01)
48 n: 8.342e-06 e: 1.365e-05 i: 1.261e-05 :: e: 1.384e-02 i: 1.372e-02 :: n: 2.879e+01 e:19.881 i:19.712 v:4.993e+03
>>> tau_he = 5.000000, nhe(0)=2.683213e+00
 5     -3.773   3.20e-03   2.03e-01   1.18e-03  -4.31e-02   4.01e-05 (  9.81e-01,  3.38e+01)
10    -14.159   1.29e-02   3.36e-02  -1.76e-03  -8.75e-01   2.37e-04 (  7.19e+00,  6.74e+01)
15     -4.852   7.52e-02   3.63e-02   3.16e-02  -1.92e+00   1.02e-03 (  4.66e+01,  9.91e+01)
20     -0.718   9.13e-02   5.66e-02   5.79e-02  -1.35e+00   3.73e-03 (  6.10e+01,  1.23e+02)
25     -0.055   1.26e-01   8.31e-02   4.81e-02  -3.28e-01   1.20e-02 (  8.12e+01,  1.42e+02)
30      0.006   1.63e-01   1.24e-01   6.87e-02   4.49e-02   3.43e-02 (  9.67e+01,  1.56e+02)
35      0.019   1.84e-01   1.48e-01   8.48e-02   1.49e-01   8.78e-02 (  1.02e+02,  1.65e+02)
40      0.019   2.14e-01   1.95e-01   1.51e-01   1.56e-01   2.03e-01 (  1.07e+02,  1.69e+02)
45      0.052   2.38e-01   2.46e-01   1.72e-01   3.96e-01   4.22e-01 (  1.05e+02,  1.68e+02)
50      0.079   2.51e-01   2.89e-01   1.46e-01   7.73e-01   7.96e-01 (  9.90e+01,  1.63e+02)
55      0.086   2.61e-01   3.54e-01   1.84e-01   1.27e+00   1.37e+00 (  9.08e+01,  1.56e+02)
60      0.104   2.79e-01   4.22e-01   2.29e-01   2.04e+00   2.14e+00 (  8.35e+01,  1.47e+02)
65      0.130   3.16e-01   4.88e-01   2.82e-01   2.92e+00   3.07e+00 (  7.73e+01,  1.38e+02)
70      0.169   3.95e-01   5.92e-01   3.77e-01   4.03e+00   4.07e+00 (  7.58e+01,  1.28e+02)
75      0.201   4.78e-01   6.56e-01   4.20e-01   4.98e+00   5.01e+00 (  7.27e+01,  1.19e+02)
80      0.227   5.65e-01   7.17e-01   4.41e-01   5.82e+00   5.78e+00 (  6.97e+01,  1.11e+02)
85      0.240   6.38e-01   7.52e-01   4.34e-01   6.31e+00   6.31e+00 (  6.58e+01,  1.03e+02)
90      0.249   7.02e-01   7.72e-01   4.56e-01   6.65e+00   6.59e+00 (  6.14e+01,  9.58e+01)
95      1.969   4.58e+00   5.67e+00   4.39e+00   1.04e+02   6.65e+00 (  1.78e+03,  8.92e+01)
49 n: 6.664e-06 e: 2.045e-05 i: 6.728e-06 :: e: 8.958e-03 i: 9.112e-03 :: n: 2.887e+01 e:19.797 i:19.781 v:4.993e+03
 plasma volume = 149.424670
 stored energy(e,i,b) = 5.860429e+01 5.278880e+01 0.000000e+00
 betan = 1.259289
*power
 Pnb(e,i) = 0.000000e+00 0.000000e+00
 Prf(e,i) = 6.794330e+00 1.321865e+01
 Prad     = -3.382390e+01 
 Pei      = -1.668755e+00 
 Pfuse    = 5.077310e+01 
 Pfusi    = 1.492814e+01 
 Poh      = 0.000000e+00 
*confinement time
 taut, tauITER98y2, H98y2 : 2.146702e+00 2.175623e+00 9.867070e-01
 taue, taui : 2.654807e+00 3.180643e+00
 taut, tau89, H89 : 2.146702e+00 9.715296e-01 2.209611e+00
*temperature
 nea, nebar : 2.134324e+01 2.418344e+01 
 tea, tia : 6.809088e+00 6.763397e+00 (1.006756e+00)
 te0, ti0 : 1.766924e+01 1.793852e+01 (9.849883e-01)
 Sn : 1.516077e+03 
*current balance
 Ip,Ibs,Inb,Irf: 1.000000e+01 1.899770e+00 0.000000e+00 9.550401e-02
 fni,fbs: 0.200 0.190

 plasma volume = 149.424670
 stored energy(e,i,b) = 5.860429e+01 5.278880e+01 0.000000e+00
 betan = 1.259289
*power
 Pnb(e,i) = 0.000000e+00 0.000000e+00
 Prf(e,i) = 6.794330e+00 1.321865e+01
 Prad     = -3.382390e+01 
 Pei      = -1.668755e+00 
 Pfuse    = 5.077310e+01 
 Pfusi    = 1.492814e+01 
 Poh      = 0.000000e+00 
*confinement time
 taut, tauITER98y2, H98y2 : 2.146702e+00 2.175623e+00 9.867070e-01
 taue, taui : 2.654807e+00 3.180643e+00
 taut, tau89, H89 : 2.146702e+00 9.715296e-01 2.209611e+00
*temperature
 nea, nebar : 2.134324e+01 2.418344e+01 
 tea, tia : 6.809088e+00 6.763397e+00 (1.006756e+00)
 te0, ti0 : 1.766924e+01 1.793852e+01 (9.849883e-01)
 Sn : 1.516077e+03 
*current balance
 Ip,Ibs,Inb,Irf: 1.000000e+01 1.899770e+00 0.000000e+00 9.550401e-02
 fni,fbs: 0.200 0.190
 ELAPASED TIME = 1750 sec
