========================================================================
= FASTRAN

nonlinear model = 0
ichi = 1
ineo = 0
reading state...
read formatted input, inprof...
init geometry...
read formatted input, inmetric...
nrho in inmetric = 101
rhob in inmetric = 1.266017e+00
solve avg grad-shafranv...
solve_avg_gs::Ip_temp = 9.776260e+00 
solve_avg_gs::Ip      = 1.000000e+01 
>>> tau_he = 5.000000, nhe(0)=3.344164e+00

 plasma volume = 149.565012
 stored energy(e,i,b,a) = 6.505929e+01 6.354284e+01 0.000000e+00 0.000000e+00
 betan = 1.452611
*power
 Pnb(e,i) = 0.000000e+00 0.000000e+00
 Prf(e,i) = 6.632081e+00 3.336357e+01
 Prad     = -8.544106e+01 
 Pei      = 1.523614e+01 
 Pfuse    = 6.787050e+01 
 Pfusi    = 2.076056e+01 
 Poh      = 0.000000e+00 
*confinement time
 taut, tauITER98y2, H98y2 : 2.977890e+00 2.444975e+00 1.217963e+00
 taue, taui : 1.513833e+01 1.150215e+01
 taut, tau89, H89 : 2.977890e+00 1.062544e+00 2.802604e+00
*temperature
 nea, nebar : 2.070928e+01 2.357593e+01 
 tea, tia : 7.711104e+00 8.256632e+00 (9.339285e-01)
 te0, ti0 : 1.995617e+01 2.568512e+01 (7.769546e-01)
 Sn : 9.997679e+02 
*current balance
 Ip,Ibs,Inb,Irf: 1.000000e+01 2.228735e+00 0.000000e+00 1.385105e-01
 fni,fbs: 0.237 0.223

Time advancing...
rho_bdry 0.900000 ...
te_bdry = 5.000307
ti_bdry = 5.000307
ne_bdry = 16.078026
rv_bdry = 279.463030
nrho_tr_bdry = 18
drho_bdry = 0.000000e+00
nrhob = 90
 [    0] t = 0.0000 
>>> tau_he = 5.000000, nhe(0)=3.350977e+00
 5     -0.025   5.69e-03   2.23e-01   9.97e-04  -3.19e-02   1.25e-07 (  8.65e-01,  4.37e+01)
10     -0.021   1.55e-02   4.99e-02  -3.36e-03  -5.44e-02   2.23e-06 (  4.58e+00,  9.09e+01)
15     -0.091   4.01e-02  -6.22e-02  -5.13e-03  -3.50e-01   2.72e-05 (  1.70e+01,  1.34e+02)
20     -0.097   1.27e-01  -6.87e-03   1.99e-02  -4.96e-01   2.52e-04 (  6.75e+01,  1.67e+02)
25     -0.053   1.64e-01   9.04e-02   3.11e-02  -3.39e-01   1.82e-03 (  9.99e+01,  1.91e+02)
30      0.013   2.14e-01   1.38e-01   1.66e-02   1.00e-01   1.04e-02 (  1.41e+02,  2.05e+02)
35      0.021   2.47e-01   1.72e-01   4.42e-02   1.65e-01   4.64e-02 (  1.52e+02,  2.08e+02)
40     -0.015   2.62e-01   1.98e-01   1.26e-01  -1.10e-01   1.65e-01 (  1.42e+02,  2.04e+02)
45      0.039   2.95e-01   2.40e-01   2.14e-01   2.67e-01   4.71e-01 (  1.43e+02,  1.92e+02)
50      0.140   3.63e-01   4.05e-01   1.98e-01   1.44e+00   1.08e+00 (  1.58e+02,  1.76e+02)
55      0.129   3.58e-01   4.42e-01   2.21e-01   2.12e+00   2.03e+00 (  1.35e+02,  1.57e+02)
60      0.150   3.80e-01   5.20e-01   2.68e-01   3.14e+00   3.17e+00 (  1.17e+02,  1.39e+02)
65      0.192   4.57e-01   6.25e-01   3.65e-01   4.37e+00   4.21e+00 (  1.10e+02,  1.21e+02)
70      0.222   5.22e-01   6.98e-01   4.43e-01   4.95e+00   4.90e+00 (  9.68e+01,  1.05e+02)
75      0.245   5.81e-01   7.76e-01   5.04e-01   5.30e+00   5.17e+00 (  8.63e+01,  8.97e+01)
80      0.254   6.09e-01   8.33e-01   5.57e-01   5.32e+00   5.14e+00 (  7.41e+01,  7.55e+01)
85      0.265   6.59e-01   8.78e-01   5.89e-01   5.48e+00   4.96e+00 (  6.81e+01,  6.16e+01)
90      0.693   1.60e+00   2.29e+00   1.46e+00   2.40e+01   4.73e+00 (  4.66e+02,  4.81e+01)
95      0.540   9.47e-01   1.36e+00   9.86e-01   4.45e+01   4.54e+00 (  7.19e+02,  3.46e+01)
 0 n: 7.155e-09 e: 3.868e-07 i: 3.712e-06 :: e: 0.000e+00 i: 0.000e+00 :: n: 2.886e+01 e:19.980 i:25.592 v:4.993e+03
>>> tau_he = 5.000000, nhe(0)=3.343744e+00
 5     -0.022   5.54e-03   2.30e-01   8.60e-04  -2.87e-02   1.25e-07 (  8.35e-01,  4.37e+01)
10     -0.020   1.46e-02   4.83e-02  -3.25e-03  -5.18e-02   2.23e-06 (  4.36e+00,  9.09e+01)
15     -0.086   3.42e-02  -5.84e-02  -6.11e-03  -3.31e-01   2.72e-05 (  1.48e+01,  1.34e+02)
20     -0.060   1.36e-01   2.57e-03   1.75e-02  -3.05e-01   2.52e-04 (  7.22e+01,  1.67e+02)
25     -0.053   1.65e-01   9.25e-02   3.12e-02  -3.39e-01   1.82e-03 (  1.01e+02,  1.91e+02)
30      0.011   2.14e-01   1.38e-01   2.92e-02   8.39e-02   1.04e-02 (  1.39e+02,  2.05e+02)
35      0.020   2.47e-01   1.72e-01   4.50e-02   1.60e-01   4.64e-02 (  1.51e+02,  2.08e+02)
40     -0.015   2.63e-01   1.98e-01   1.25e-01  -1.06e-01   1.65e-01 (  1.43e+02,  2.04e+02)
45      0.022   2.98e-01   2.50e-01   2.21e-01   1.54e-01   4.71e-01 (  1.45e+02,  1.92e+02)
50      0.133   3.59e-01   3.91e-01   1.94e-01   1.36e+00   1.08e+00 (  1.54e+02,  1.76e+02)
55      0.129   3.59e-01   4.43e-01   2.21e-01   2.12e+00   2.03e+00 (  1.35e+02,  1.57e+02)
60      0.152   3.83e-01   5.26e-01   2.69e-01   3.19e+00   3.17e+00 (  1.18e+02,  1.39e+02)
65      0.190   4.52e-01   6.17e-01   3.61e-01   4.30e+00   4.21e+00 (  1.09e+02,  1.21e+02)
70      0.223   5.26e-01   7.03e-01   4.46e-01   5.00e+00   4.90e+00 (  9.79e+01,  1.05e+02)
75      0.245   5.83e-01   7.77e-01   5.05e-01   5.31e+00   5.17e+00 (  8.65e+01,  8.97e+01)
80      0.255   6.11e-01   8.33e-01   5.55e-01   5.35e+00   5.14e+00 (  7.42e+01,  7.55e+01)
85      0.266   6.65e-01   8.70e-01   5.77e-01   5.52e+00   4.96e+00 (  6.80e+01,  6.16e+01)
90      0.692   1.60e+00   2.29e+00   1.46e+00   2.39e+01   4.73e+00 (  4.66e+02,  4.81e+01)
95      0.540   9.47e-01   1.36e+00   9.86e-01   4.45e+01   4.54e+00 (  7.19e+02,  3.46e+01)
 1 n: 3.641e-02 e: 2.246e-02 i: 1.359e-01 :: e: 6.216e-03 i: 6.705e-03 :: n: 2.430e+01 e:22.386 i:26.900 v:4.993e+03
>>> tau_he = 5.000000, nhe(0)=2.598304e+00
 5   -290.253   5.75e-03   1.66e+00   3.37e-03  -5.70e-02   1.25e-07 (  1.60e+00,  4.37e+01)
10    -66.793   1.83e-02  -1.21e-02   1.82e-03  -5.92e-02   2.23e-06 (  1.04e+01,  9.09e+01)
15   -259.430   1.12e-01   6.79e-02   4.93e-02  -3.53e+00   2.72e-05 (  7.75e+01,  1.34e+02)
20    -16.983   2.02e-01   1.64e-01   8.98e-02  -2.79e+00   2.52e-04 (  1.25e+02,  1.67e+02)
25     -1.590   3.91e-01   4.68e-01   3.07e-01  -1.98e+00   1.82e-03 (  2.35e+02,  1.91e+02)
30     -0.623   2.49e-01   2.06e-01   1.02e-01  -1.31e+00   1.04e-02 (  1.41e+02,  2.05e+02)
35      0.030   3.64e-01   3.46e-01   2.40e-01   1.16e-01   4.64e-02 (  1.94e+02,  2.08e+02)
40      0.129   3.15e-01   3.56e-01   1.16e-01   1.50e+00   1.65e-01 (  1.55e+02,  2.04e+02)
45 -1665543.238   3.80e-01   3.70e-01   4.15e-01  -1.73e+00   4.71e-01 (  1.66e+02,  1.92e+02)
50     -0.035   3.42e-01   3.28e-01   2.12e-01  -8.62e-02   1.08e+00 (  1.26e+02,  1.76e+02)
55      0.086   3.22e-01   3.25e-01   2.31e-01   7.98e-01   2.03e+00 (  1.07e+02,  1.57e+02)
60      0.101   3.18e-01   3.80e-01   2.27e-01   1.62e+00   3.17e+00 (  8.98e+01,  1.39e+02)
65      0.134   3.42e-01   4.66e-01   2.74e-01   2.51e+00   4.21e+00 (  7.59e+01,  1.21e+02)
70      0.190   4.44e-01   6.32e-01   4.17e-01   3.73e+00   4.90e+00 (  7.74e+01,  1.05e+02)
75      0.209   4.85e-01   6.93e-01   4.77e-01   4.04e+00   5.17e+00 (  6.75e+01,  8.97e+01)
80      0.211   4.85e-01   7.13e-01   5.21e-01   3.90e+00   5.14e+00 (  5.50e+01,  7.55e+01)
85      0.191   4.34e-01   6.60e-01   5.07e-01   3.28e+00   4.96e+00 (  4.25e+01,  6.16e+01)
90      0.645   1.49e+00   2.23e+00   1.50e+00   2.07e+01   4.73e+00 (  4.37e+02,  4.81e+01)
95      0.540   9.47e-01   1.36e+00   9.86e-01   4.45e+01   4.54e+00 (  7.19e+02,  3.46e+01)
 2 n: 3.460e-03 e: 1.226e-03 i: 6.123e-03 :: e: 1.848e-01 i: 2.132e-01 :: n: 2.666e+01 e:21.719 i:28.315 v:4.993e+03
>>> tau_he = 5.000000, nhe(0)=3.112892e+00
 5   -299.490   6.75e-03   1.23e+00   3.22e-03  -5.99e-02   1.25e-07 (  1.89e+00,  4.37e+01)
10   -113.837   2.38e-02   1.00e-02   9.46e-04  -1.02e-01   2.23e-06 (  1.42e+01,  9.09e+01)
15   -301.334   1.06e-01   2.75e-02   3.76e-02  -4.16e+00   2.72e-05 (  7.87e+01,  1.34e+02)
20    -27.179   1.90e-01   1.24e-01   4.82e-02  -4.54e+00   2.52e-04 (  1.29e+02,  1.67e+02)
25     -0.663   3.55e-01   4.09e-01   1.84e-01  -8.57e-01   1.82e-03 (  2.30e+02,  1.91e+02)
30     -0.172   3.61e-01   3.76e-01   2.41e-01  -3.79e-01   1.04e-02 (  2.24e+02,  2.05e+02)
35     -0.117   2.64e-01   1.94e-01   8.69e-02  -4.51e-01   4.64e-02 (  1.51e+02,  2.08e+02)
40      0.114   2.63e-01   2.78e-01   7.26e-02   1.64e+00   1.65e-01 (  1.39e+02,  2.04e+02)
45      0.071   2.87e-01   2.64e-01   2.10e-01   5.09e-01   4.71e-01 (  1.27e+02,  1.92e+02)
50      0.082   2.81e-01   2.63e-01   1.54e-01   6.17e-01   1.08e+00 (  1.02e+02,  1.76e+02)
55      0.089   2.78e-01   3.00e-01   1.86e-01   1.21e+00   2.03e+00 (  8.95e+01,  1.57e+02)
60      0.116   3.00e-01   4.00e-01   2.15e-01   2.26e+00   3.17e+00 (  8.13e+01,  1.39e+02)
65      0.154   3.65e-01   4.92e-01   2.84e-01   3.32e+00   4.21e+00 (  7.74e+01,  1.21e+02)
70      0.209   4.89e-01   6.49e-01   4.15e-01   4.55e+00   4.90e+00 (  8.09e+01,  1.05e+02)
75      0.232   5.53e-01   7.24e-01   4.73e-01   4.90e+00   5.17e+00 (  7.27e+01,  8.97e+01)
80      0.233   5.72e-01   7.52e-01   5.13e-01   4.71e+00   5.14e+00 (  6.09e+01,  7.55e+01)
85      0.212   5.20e-01   7.01e-01   5.00e-01   3.98e+00   4.96e+00 (  4.74e+01,  6.16e+01)
90      0.658   1.52e+00   2.25e+00   1.49e+00   2.16e+01   4.73e+00 (  4.39e+02,  4.81e+01)
95      0.540   9.47e-01   1.36e+00   9.86e-01   4.45e+01   4.54e+00 (  7.19e+02,  3.46e+01)
 3 n: 1.218e-03 e: 3.642e-03 i: 7.930e-03 :: e: 1.242e-01 i: 1.616e-01 :: n: 2.706e+01 e:23.256 i:26.585 v:4.993e+03
>>> tau_he = 5.000000, nhe(0)=3.079997e+00
 5   -318.304   5.74e-03   9.99e-01   3.11e-03  -6.43e-02   1.25e-07 (  1.85e+00,  4.37e+01)
10   -151.946   2.56e-02   3.85e-03   1.36e-03  -1.38e-01   2.23e-06 (  1.71e+01,  9.09e+01)
15   -352.643   1.14e-01  -9.98e-03   3.68e-02  -4.91e+00   2.72e-05 (  9.21e+01,  1.34e+02)
20    -30.069   1.73e-01   1.29e-01   6.64e-02  -5.06e+00   2.52e-04 (  1.28e+02,  1.67e+02)
25     -1.773   2.32e-01   1.66e-01  -5.03e-04  -2.36e+00   1.82e-03 (  1.61e+02,  1.91e+02)
30     -0.292   3.77e-01   3.96e-01   2.91e-01  -7.04e-01   1.04e-02 (  2.53e+02,  2.05e+02)
35     -0.224   2.84e-01   2.15e-01   1.07e-01  -9.15e-01   4.64e-02 (  1.80e+02,  2.08e+02)
40      0.092   3.14e-01   2.96e-01   1.35e-01   9.78e-01   1.65e-01 (  1.86e+02,  2.04e+02)
45      0.055   3.06e-01   2.82e-01   2.09e-01   4.83e-01   4.71e-01 (  1.55e+02,  1.92e+02)
50      0.075   3.12e-01   2.90e-01   1.69e-01   6.62e-01   1.08e+00 (  1.31e+02,  1.76e+02)
55      0.087   3.10e-01   3.50e-01   1.90e-01   1.29e+00   2.03e+00 (  1.13e+02,  1.57e+02)
60      0.149   3.84e-01   5.33e-01   2.73e-01   3.08e+00   3.17e+00 (  1.17e+02,  1.39e+02)
65      0.164   4.03e-01   5.33e-01   3.12e-01   3.69e+00   4.21e+00 (  9.42e+01,  1.21e+02)
70      0.222   5.29e-01   6.87e-01   4.35e-01   4.95e+00   4.90e+00 (  9.47e+01,  1.05e+02)
75      0.241   5.81e-01   7.50e-01   4.80e-01   5.21e+00   5.17e+00 (  8.18e+01,  8.97e+01)
80      0.240   5.91e-01   7.75e-01   5.10e-01   4.98e+00   5.14e+00 (  6.73e+01,  7.55e+01)
85      0.225   5.48e-01   7.44e-01   5.20e-01   4.33e+00   4.96e+00 (  5.37e+01,  6.16e+01)
90      0.658   1.52e+00   2.25e+00   1.48e+00   2.17e+01   4.73e+00 (  4.46e+02,  4.81e+01)
95      0.540   9.47e-01   1.36e+00   9.86e-01   4.45e+01   4.54e+00 (  7.19e+02,  3.46e+01)
 4 n: 9.254e-04 e: 4.412e-03 i: 1.612e-03 :: e: 7.320e-02 i: 9.732e-02 :: n: 2.716e+01 e:21.591 i:27.263 v:4.993e+03
>>> tau_he = 5.000000, nhe(0)=3.143570e+00
 5   -297.079   6.27e-03   9.38e-01   3.06e-03  -6.04e-02   1.25e-07 (  1.86e+00,  4.37e+01)
10   -132.911   2.31e-02   4.61e-03  -3.72e-05  -1.21e-01   2.23e-06 (  1.41e+01,  9.09e+01)
15   -304.681   9.81e-02  -3.86e-04   3.27e-02  -4.27e+00   2.72e-05 (  7.12e+01,  1.34e+02)
20    -25.313   1.68e-01   1.07e-01   5.62e-02  -4.28e+00   2.52e-04 (  1.12e+02,  1.67e+02)
25     -1.385   1.98e-01   1.44e-01   4.40e-02  -1.88e+00   1.82e-03 (  1.23e+02,  1.91e+02)
30     -0.429   2.50e-01   1.64e-01   5.30e-02  -1.13e+00   1.04e-02 (  1.47e+02,  2.05e+02)
35     -0.075   2.58e-01   1.71e-01   8.27e-02  -3.24e-01   4.64e-02 (  1.47e+02,  2.08e+02)
40      0.039   2.48e-01   1.81e-01   8.34e-02   3.46e-01   1.65e-01 (  1.34e+02,  2.04e+02)
45      0.064   2.78e-01   2.35e-01   1.81e-01   5.79e-01   4.71e-01 (  1.30e+02,  1.92e+02)
50      0.085   2.87e-01   2.53e-01   1.42e-01   8.02e-01   1.08e+00 (  1.12e+02,  1.76e+02)
55      0.093   2.85e-01   3.19e-01   1.69e-01   1.45e+00   2.03e+00 (  9.78e+01,  1.57e+02)
60      0.148   3.56e-01   4.91e-01   2.58e-01   3.10e+00   3.17e+00 (  1.01e+02,  1.39e+02)
65      0.167   3.90e-01   5.18e-01   3.00e-01   3.78e+00   4.21e+00 (  8.56e+01,  1.21e+02)
70      0.217   5.09e-01   6.65e-01   4.21e-01   4.87e+00   4.90e+00 (  8.51e+01,  1.05e+02)
75      0.242   5.78e-01   7.44e-01   4.83e-01   5.24e+00   5.17e+00 (  7.60e+01,  8.97e+01)
80      0.254   6.27e-01   8.05e-01   5.36e-01   5.29e+00   5.14e+00 (  6.65e+01,  7.55e+01)
85      0.246   6.12e-01   8.09e-01   5.72e-01   4.78e+00   4.96e+00 (  5.58e+01,  6.16e+01)
90      0.662   1.52e+00   2.25e+00   1.48e+00   2.19e+01   4.73e+00 (  4.40e+02,  4.81e+01)
95      0.540   9.47e-01   1.36e+00   9.86e-01   4.45e+01   4.54e+00 (  7.19e+02,  3.46e+01)
 5 n: 4.981e-04 e: 2.705e-03 i: 1.512e-03 :: e: 4.706e-02 i: 6.974e-02 :: n: 2.719e+01 e:22.758 i:26.239 v:4.993e+03
>>> tau_he = 5.000000, nhe(0)=3.080068e+00
 5   -297.925   5.53e-03   9.48e-01   3.02e-03  -6.09e-02   1.25e-07 (  1.73e+00,  4.37e+01)
10   -139.592   1.99e-02   3.02e-03   2.45e-04  -1.28e-01   2.23e-06 (  1.28e+01,  9.09e+01)
15   -331.355   9.91e-02  -7.48e-03   3.50e-02  -4.66e+00   2.72e-05 (  7.46e+01,  1.34e+02)
20    -26.849   1.65e-01   1.17e-01   7.79e-02  -4.56e+00   2.52e-04 (  1.15e+02,  1.67e+02)
25     -1.667   2.05e-01   1.62e-01   4.38e-02  -2.31e+00   1.82e-03 (  1.34e+02,  1.91e+02)
30     -0.481   2.21e-01   1.69e-01   9.25e-02  -1.37e+00   1.04e-02 (  1.37e+02,  2.05e+02)
35     -0.082   2.74e-01   2.02e-01   1.03e-01  -3.71e-01   4.64e-02 (  1.66e+02,  2.08e+02)
40      0.082   3.32e-01   3.06e-01   1.80e-01   6.57e-01   1.65e-01 (  1.91e+02,  2.04e+02)
45      0.058   3.05e-01   2.80e-01   2.10e-01   5.14e-01   4.71e-01 (  1.55e+02,  1.92e+02)
50      0.130   3.66e-01   4.10e-01   2.07e-01   1.26e+00   1.08e+00 (  1.57e+02,  1.76e+02)
55      0.131   3.71e-01   4.73e-01   2.39e-01   2.08e+00   2.03e+00 (  1.41e+02,  1.57e+02)
60      0.157   4.02e-01   5.60e-01   2.86e-01   3.29e+00   3.17e+00 (  1.26e+02,  1.39e+02)
65      0.199   4.80e-01   6.48e-01   3.84e-01   4.55e+00   4.21e+00 (  1.17e+02,  1.21e+02)
70      0.231   5.52e-01   7.18e-01   4.53e-01   5.20e+00   4.90e+00 (  1.03e+02,  1.05e+02)
75      0.248   5.99e-01   7.75e-01   4.95e-01   5.38e+00   5.17e+00 (  8.78e+01,  8.97e+01)
80      0.247   6.06e-01   8.01e-01   5.25e-01   5.15e+00   5.14e+00 (  7.22e+01,  7.55e+01)
85      0.232   5.61e-01   7.79e-01   5.40e-01   4.53e+00   4.96e+00 (  5.86e+01,  6.16e+01)
90      0.658   1.53e+00   2.25e+00   1.48e+00   2.17e+01   4.73e+00 (  4.52e+02,  4.81e+01)
95      0.540   9.47e-01   1.36e+00   9.86e-01   4.45e+01   4.54e+00 (  7.19e+02,  3.46e+01)
 6 n: 2.734e-04 e: 2.858e-03 i: 1.383e-03 :: e: 5.398e-02 i: 6.312e-02 :: n: 2.710e+01 e:21.511 i:27.092 v:4.993e+03
>>> tau_he = 5.000000, nhe(0)=3.121997e+00
 5   -289.960   6.17e-03   9.50e-01   3.06e-03  -5.95e-02   1.25e-07 (  1.82e+00,  4.37e+01)
10   -127.143   2.12e-02   4.42e-03  -1.77e-04  -1.17e-01   2.23e-06 (  1.28e+01,  9.09e+01)
15   -291.654   9.26e-02  -2.83e-03   3.05e-02  -4.11e+00   2.72e-05 (  6.48e+01,  1.34e+02)
20    -15.835   1.74e-01   1.22e-01   5.59e-02  -2.70e+00   2.52e-04 (  1.13e+02,  1.67e+02)
25     -1.324   1.94e-01   1.44e-01   6.37e-02  -1.86e+00   1.82e-03 (  1.20e+02,  1.91e+02)
30     -0.322   2.47e-01   1.62e-01   4.88e-02  -9.92e-01   1.04e-02 (  1.45e+02,  2.05e+02)
35     -0.057   2.54e-01   1.70e-01   8.49e-02  -2.65e-01   4.64e-02 (  1.43e+02,  2.08e+02)
40     -0.007   2.57e-01   1.84e-01   1.02e-01  -5.38e-02   1.65e-01 (  1.36e+02,  2.04e+02)
45      0.054   2.81e-01   2.30e-01   1.88e-01   4.61e-01   4.71e-01 (  1.32e+02,  1.92e+02)
50      0.084   2.90e-01   2.51e-01   1.42e-01   7.98e-01   1.08e+00 (  1.15e+02,  1.76e+02)
55      0.093   2.88e-01   3.17e-01   1.67e-01   1.46e+00   2.03e+00 (  1.00e+02,  1.57e+02)
60      0.147   3.57e-01   4.85e-01   2.51e-01   3.06e+00   3.17e+00 (  1.03e+02,  1.39e+02)
65      0.167   3.91e-01   5.18e-01   3.00e-01   3.78e+00   4.21e+00 (  8.71e+01,  1.21e+02)
70      0.218   5.09e-01   6.69e-01   4.24e-01   4.88e+00   4.90e+00 (  8.63e+01,  1.05e+02)
75      0.244   5.81e-01   7.54e-01   4.91e-01   5.28e+00   5.17e+00 (  7.73e+01,  8.97e+01)
80      0.259   6.37e-01   8.26e-01   5.53e-01   5.41e+00   5.14e+00 (  6.87e+01,  7.55e+01)
85      0.255   6.29e-01   8.46e-01   5.99e-01   4.98e+00   4.96e+00 (  5.89e+01,  6.16e+01)
90      0.664   1.52e+00   2.25e+00   1.49e+00   2.19e+01   4.73e+00 (  4.43e+02,  4.81e+01)
95      0.540   9.47e-01   1.36e+00   9.86e-01   4.45e+01   4.54e+00 (  7.19e+02,  3.46e+01)
 7 n: 2.478e-04 e: 2.597e-03 i: 1.187e-03 :: e: 4.564e-02 i: 6.833e-02 :: n: 2.722e+01 e:22.647 i:26.290 v:4.993e+03
>>> tau_he = 5.000000, nhe(0)=3.089018e+00
 5   -294.033   5.56e-03   9.51e-01   3.03e-03  -6.06e-02   1.25e-07 (  1.74e+00,  4.37e+01)
10   -137.289   1.85e-02   2.97e-03  -9.62e-05  -1.27e-01   2.23e-06 (  1.17e+01,  9.09e+01)
15   -321.615   9.99e-02  -7.16e-03   3.45e-02  -4.55e+00   2.72e-05 (  7.27e+01,  1.34e+02)
20    -18.801   1.83e-01   1.47e-01   2.15e-02  -3.21e+00   2.52e-04 (  1.25e+02,  1.67e+02)
25     -1.467   1.99e-01   1.59e-01   4.65e-02  -2.09e+00   1.82e-03 (  1.29e+02,  1.91e+02)
30     -0.360   2.19e-01   1.68e-01   8.01e-02  -1.20e+00   1.04e-02 (  1.36e+02,  2.05e+02)
35     -0.042   2.70e-01   2.00e-01   9.31e-02  -2.17e-01   4.64e-02 (  1.62e+02,  2.08e+02)
40      0.019   2.74e-01   2.18e-01   1.16e-01   1.45e-01   1.65e-01 (  1.56e+02,  2.04e+02)
45      0.057   3.07e-01   2.81e-01   2.14e-01   4.91e-01   4.71e-01 (  1.55e+02,  1.92e+02)
50      0.134   3.69e-01   4.18e-01   2.09e-01   1.31e+00   1.08e+00 (  1.60e+02,  1.76e+02)
55      0.134   3.76e-01   4.82e-01   2.41e-01   2.15e+00   2.03e+00 (  1.43e+02,  1.57e+02)
60      0.158   4.06e-01   5.64e-01   2.88e-01   3.30e+00   3.17e+00 (  1.28e+02,  1.39e+02)
65      0.201   4.86e-01   6.57e-01   3.89e-01   4.59e+00   4.21e+00 (  1.20e+02,  1.21e+02)
70      0.232   5.55e-01   7.27e-01   4.59e-01   5.20e+00   4.90e+00 (  1.04e+02,  1.05e+02)
75      0.249   6.00e-01   7.84e-01   5.02e-01   5.38e+00   5.17e+00 (  8.93e+01,  8.97e+01)
80      0.251   6.09e-01   8.20e-01   5.34e-01   5.24e+00   5.14e+00 (  7.42e+01,  7.55e+01)
85      0.234   5.64e-01   7.94e-01   5.50e-01   4.57e+00   4.96e+00 (  6.08e+01,  6.16e+01)
90      0.658   1.53e+00   2.25e+00   1.48e+00   2.17e+01   4.73e+00 (  4.55e+02,  4.81e+01)
95      0.540   9.47e-01   1.36e+00   9.86e-01   4.45e+01   4.54e+00 (  7.19e+02,  3.46e+01)
 8 n: 2.008e-04 e: 2.506e-03 i: 1.338e-03 :: e: 4.880e-02 i: 5.851e-02 :: n: 2.717e+01 e:21.545 i:27.130 v:4.993e+03
>>> tau_he = 5.000000, nhe(0)=3.138022e+00
 5   -290.784   6.21e-03   9.54e-01   3.07e-03  -6.01e-02   1.25e-07 (  1.85e+00,  4.37e+01)
10   -128.532   2.08e-02   4.31e-03  -3.26e-04  -1.19e-01   2.23e-06 (  1.26e+01,  9.09e+01)
15   -287.198   9.31e-02  -6.15e-03   2.86e-02  -4.07e+00   2.72e-05 (  6.39e+01,  1.34e+02)
20    -15.642   1.71e-01   1.14e-01   5.91e-02  -2.68e+00   2.52e-04 (  1.10e+02,  1.67e+02)
25     -1.313   1.95e-01   1.44e-01   6.80e-02  -1.89e+00   1.82e-03 (  1.21e+02,  1.91e+02)
30     -0.277   2.23e-01   1.46e-01   7.53e-02  -9.91e-01   1.04e-02 (  1.32e+02,  2.05e+02)
35     -0.023   2.53e-01   1.68e-01   6.90e-02  -1.26e-01   4.64e-02 (  1.43e+02,  2.08e+02)
40      0.020   2.58e-01   1.83e-01   9.93e-02   1.52e-01   1.65e-01 (  1.38e+02,  2.04e+02)
45      0.051   2.85e-01   2.31e-01   1.90e-01   4.27e-01   4.71e-01 (  1.35e+02,  1.92e+02)
50      0.084   2.94e-01   2.53e-01   1.43e-01   8.10e-01   1.08e+00 (  1.18e+02,  1.76e+02)
55      0.093   2.91e-01   3.19e-01   1.68e-01   1.46e+00   2.03e+00 (  1.02e+02,  1.57e+02)
60      0.146   3.58e-01   4.83e-01   2.50e-01   3.02e+00   3.17e+00 (  1.03e+02,  1.39e+02)
65      0.167   3.91e-01   5.19e-01   3.00e-01   3.76e+00   4.21e+00 (  8.77e+01,  1.21e+02)
70      0.218   5.08e-01   6.71e-01   4.26e-01   4.85e+00   4.90e+00 (  8.66e+01,  1.05e+02)
75      0.244   5.80e-01   7.57e-01   4.95e-01   5.25e+00   5.17e+00 (  7.78e+01,  8.97e+01)
80      0.260   6.36e-01   8.31e-01   5.59e-01   5.41e+00   5.14e+00 (  6.92e+01,  7.55e+01)
85      0.258   6.33e-01   8.61e-01   6.11e-01   5.05e+00   4.96e+00 (  6.04e+01,  6.16e+01)
90      0.665   1.52e+00   2.26e+00   1.49e+00   2.19e+01   4.73e+00 (  4.44e+02,  4.81e+01)
95      0.540   9.47e-01   1.36e+00   9.86e-01   4.45e+01   4.54e+00 (  7.19e+02,  3.46e+01)
 9 n: 2.446e-04 e: 2.556e-03 i: 1.052e-03 :: e: 4.400e-02 i: 6.565e-02 :: n: 2.725e+01 e:22.666 i:26.401 v:4.993e+03
>>> tau_he = 5.000000, nhe(0)=3.102434e+00
 5   -295.077   5.64e-03   9.51e-01   3.03e-03  -6.11e-02   1.25e-07 (  1.76e+00,  4.37e+01)
10   -138.755   1.79e-02   2.90e-03  -3.19e-04  -1.29e-01   2.23e-06 (  1.13e+01,  9.09e+01)
15   -315.484   1.04e-01  -7.11e-03   3.47e-02  -4.49e+00   2.72e-05 (  7.41e+01,  1.34e+02)
20    -17.732   1.79e-01   1.32e-01   7.65e-02  -3.04e+00   2.52e-04 (  1.20e+02,  1.67e+02)
25     -1.459   2.00e-01   1.60e-01   4.69e-02  -2.12e+00   1.82e-03 (  1.30e+02,  1.91e+02)
30     -0.247   2.32e-01   1.65e-01   6.13e-02  -9.47e-01   1.04e-02 (  1.46e+02,  2.05e+02)
35     -0.016   2.68e-01   2.00e-01   8.15e-02  -9.20e-02   4.64e-02 (  1.62e+02,  2.08e+02)
40      0.017   2.79e-01   2.21e-01   1.17e-01   1.29e-01   1.65e-01 (  1.59e+02,  2.04e+02)
45      0.056   3.11e-01   2.83e-01   2.18e-01   4.68e-01   4.71e-01 (  1.58e+02,  1.92e+02)
50      0.137   3.74e-01   4.25e-01   2.11e-01   1.35e+00   1.08e+00 (  1.63e+02,  1.76e+02)
55      0.136   3.80e-01   4.89e-01   2.43e-01   2.18e+00   2.03e+00 (  1.46e+02,  1.57e+02)
60      0.158   4.08e-01   5.65e-01   2.90e-01   3.29e+00   3.17e+00 (  1.29e+02,  1.39e+02)
65      0.197   4.75e-01   6.50e-01   3.78e-01   4.46e+00   4.21e+00 (  1.17e+02,  1.21e+02)
70      0.232   5.55e-01   7.29e-01   4.61e-01   5.18e+00   4.90e+00 (  1.05e+02,  1.05e+02)
75      0.249   5.98e-01   7.86e-01   5.05e-01   5.35e+00   5.17e+00 (  8.96e+01,  8.97e+01)
80      0.251   6.06e-01   8.22e-01   5.38e-01   5.21e+00   5.14e+00 (  7.44e+01,  7.55e+01)
85      0.235   5.65e-01   8.03e-01   5.57e-01   4.60e+00   4.96e+00 (  6.19e+01,  6.16e+01)
90      0.658   1.53e+00   2.26e+00   1.49e+00   2.17e+01   4.73e+00 (  4.57e+02,  4.81e+01)
95      0.540   9.47e-01   1.36e+00   9.86e-01   4.45e+01   4.54e+00 (  7.19e+02,  3.46e+01)
10 n: 1.733e-04 e: 2.403e-03 i: 1.266e-03 :: e: 4.385e-02 i: 5.410e-02 :: n: 2.721e+01 e:21.598 i:27.268 v:4.993e+03
>>> tau_he = 5.000000, nhe(0)=3.154021e+00
 5   -293.360   6.31e-03   9.60e-01   3.08e-03  -6.09e-02   1.25e-07 (  1.89e+00,  4.37e+01)
10   -130.351   2.04e-02   4.35e-03  -4.65e-04  -1.21e-01   2.23e-06 (  1.24e+01,  9.09e+01)
15   -283.124   9.58e-02  -5.75e-03   2.89e-02  -4.03e+00   2.72e-05 (  6.47e+01,  1.34e+02)
20    -15.505   1.71e-01   1.09e-01   6.11e-02  -2.66e+00   2.52e-04 (  1.09e+02,  1.67e+02)
25     -1.315   1.97e-01   1.44e-01   7.16e-02  -1.93e+00   1.82e-03 (  1.22e+02,  1.91e+02)
30     -0.195   2.25e-01   1.46e-01   6.07e-02  -8.02e-01   1.04e-02 (  1.35e+02,  2.05e+02)
35     -0.003   2.53e-01   1.68e-01   5.86e-02  -1.61e-02   4.64e-02 (  1.45e+02,  2.08e+02)
40      0.019   2.63e-01   1.87e-01   9.93e-02   1.41e-01   1.65e-01 (  1.42e+02,  2.04e+02)
45      0.049   2.90e-01   2.34e-01   1.93e-01   4.06e-01   4.71e-01 (  1.38e+02,  1.92e+02)
50      0.086   2.98e-01   2.57e-01   1.45e-01   8.24e-01   1.08e+00 (  1.21e+02,  1.76e+02)
55      0.094   2.94e-01   3.21e-01   1.68e-01   1.48e+00   2.03e+00 (  1.04e+02,  1.57e+02)
60      0.146   3.60e-01   4.84e-01   2.51e-01   3.02e+00   3.17e+00 (  1.04e+02,  1.39e+02)
65      0.168   3.94e-01   5.23e-01   3.03e-01   3.78e+00   4.21e+00 (  8.89e+01,  1.21e+02)
70      0.218   5.08e-01   6.74e-01   4.28e-01   4.84e+00   4.90e+00 (  8.71e+01,  1.05e+02)
75      0.244   5.78e-01   7.59e-01   4.98e-01   5.24e+00   5.17e+00 (  7.81e+01,  8.97e+01)
80      0.260   6.33e-01   8.33e-01   5.62e-01   5.39e+00   5.14e+00 (  6.95e+01,  7.55e+01)
85      0.259   6.34e-01   8.68e-01   6.17e-01   5.07e+00   4.96e+00 (  6.12e+01,  6.16e+01)
90      0.665   1.52e+00   2.26e+00   1.49e+00   2.19e+01   4.73e+00 (  4.45e+02,  4.81e+01)
95      0.540   9.47e-01   1.36e+00   9.86e-01   4.45e+01   4.54e+00 (  7.19e+02,  3.46e+01)
11 n: 2.117e-04 e: 2.526e-03 i: 9.942e-04 :: e: 3.883e-02 i: 5.995e-02 :: n: 2.729e+01 e:22.723 i:26.552 v:4.993e+03
>>> tau_he = 5.000000, nhe(0)=3.119771e+00
 5   -298.372   5.74e-03   9.57e-01   3.05e-03  -6.21e-02   1.25e-07 (  1.80e+00,  4.37e+01)
10   -141.070   1.78e-02   2.96e-03  -4.38e-04  -1.31e-01   2.23e-06 (  1.12e+01,  9.09e+01)
15   -310.677   1.05e-01  -8.32e-03   3.41e-02  -4.43e+00   2.72e-05 (  7.38e+01,  1.34e+02)
20    -17.403   1.79e-01   1.27e-01   7.83e-02  -2.99e+00   2.52e-04 (  1.19e+02,  1.67e+02)
25     -1.540   2.00e-01   1.62e-01   5.18e-02  -2.27e+00   1.82e-03 (  1.31e+02,  1.91e+02)
30     -0.159   2.38e-01   1.64e-01   4.40e-02  -6.95e-01   1.04e-02 (  1.52e+02,  2.05e+02)
35      0.004   2.69e-01   2.00e-01   7.02e-02   2.62e-02   4.64e-02 (  1.64e+02,  2.08e+02)
40      0.082   3.45e-01   3.18e-01   1.96e-01   6.10e-01   1.65e-01 (  1.99e+02,  2.04e+02)
45      0.049   3.15e-01   2.85e-01   2.27e-01   4.07e-01   4.71e-01 (  1.61e+02,  1.92e+02)
50      0.139   3.78e-01   4.31e-01   2.14e-01   1.37e+00   1.08e+00 (  1.66e+02,  1.76e+02)
55      0.137   3.83e-01   4.94e-01   2.45e-01   2.21e+00   2.03e+00 (  1.48e+02,  1.57e+02)
60      0.158   4.10e-01   5.68e-01   2.91e-01   3.28e+00   3.17e+00 (  1.30e+02,  1.39e+02)
65      0.198   4.78e-01   6.56e-01   3.81e-01   4.47e+00   4.21e+00 (  1.19e+02,  1.21e+02)
70      0.232   5.54e-01   7.32e-01   4.63e-01   5.16e+00   4.90e+00 (  1.05e+02,  1.05e+02)
75      0.248   5.96e-01   7.89e-01   5.08e-01   5.33e+00   5.17e+00 (  8.99e+01,  8.97e+01)
80      0.251   6.04e-01   8.24e-01   5.41e-01   5.19e+00   5.14e+00 (  7.47e+01,  7.55e+01)
85      0.236   5.66e-01   8.09e-01   5.62e-01   4.61e+00   4.96e+00 (  6.27e+01,  6.16e+01)
90      0.659   1.53e+00   2.26e+00   1.49e+00   2.17e+01   4.73e+00 (  4.58e+02,  4.81e+01)
95      0.540   9.47e-01   1.36e+00   9.86e-01   4.45e+01   4.54e+00 (  7.19e+02,  3.46e+01)
12 n: 1.954e-04 e: 2.405e-03 i: 1.225e-03 :: e: 5.076e-02 i: 6.179e-02 :: n: 2.715e+01 e:21.656 i:27.396 v:4.993e+03
>>> tau_he = 5.000000, nhe(0)=3.150981e+00
 5   -296.420   6.39e-03   9.61e-01   3.10e-03  -6.17e-02   1.25e-07 (  1.92e+00,  4.37e+01)
10   -133.199   2.05e-02   4.18e-03  -5.52e-04  -1.24e-01   2.23e-06 (  1.24e+01,  9.09e+01)
15   -280.367   9.81e-02  -5.24e-03   2.94e-02  -4.00e+00   2.72e-05 (  6.52e+01,  1.34e+02)
20    -15.394   1.71e-01   1.07e-01   6.28e-02  -2.65e+00   2.52e-04 (  1.08e+02,  1.67e+02)
25     -1.318   1.99e-01   1.46e-01   7.27e-02  -1.95e+00   1.82e-03 (  1.24e+02,  1.91e+02)
30     -0.154   2.27e-01   1.47e-01   4.99e-02  -6.99e-01   1.04e-02 (  1.37e+02,  2.05e+02)
35     -0.006   2.57e-01   1.72e-01   5.97e-02  -3.59e-02   4.64e-02 (  1.48e+02,  2.08e+02)
40     -0.025   2.68e-01   1.90e-01   9.56e-02  -1.69e-01   1.65e-01 (  1.44e+02,  2.04e+02)
45      0.048   2.93e-01   2.36e-01   1.95e-01   3.87e-01   4.71e-01 (  1.41e+02,  1.92e+02)
50      0.087   3.02e-01   2.62e-01   1.51e-01   8.39e-01   1.08e+00 (  1.24e+02,  1.76e+02)
55      0.094   2.97e-01   3.25e-01   1.69e-01   1.48e+00   2.03e+00 (  1.06e+02,  1.57e+02)
60      0.147   3.62e-01   4.87e-01   2.54e-01   3.02e+00   3.17e+00 (  1.06e+02,  1.39e+02)
65      0.169   3.96e-01   5.27e-01   3.05e-01   3.79e+00   4.21e+00 (  9.02e+01,  1.21e+02)
70      0.219   5.09e-01   6.78e-01   4.31e-01   4.84e+00   4.90e+00 (  8.79e+01,  1.05e+02)
75      0.244   5.78e-01   7.63e-01   5.01e-01   5.23e+00   5.17e+00 (  7.87e+01,  8.97e+01)
80      0.260   6.31e-01   8.37e-01   5.67e-01   5.39e+00   5.14e+00 (  6.99e+01,  7.55e+01)
85      0.260   6.33e-01   8.75e-01   6.24e-01   5.09e+00   4.96e+00 (  6.20e+01,  6.16e+01)
90      0.665   1.52e+00   2.26e+00   1.49e+00   2.19e+01   4.73e+00 (  4.46e+02,  4.81e+01)
95      0.540   9.47e-01   1.36e+00   9.86e-01   4.45e+01   4.54e+00 (  7.19e+02,  3.46e+01)
13 n: 1.810e-04 e: 2.309e-03 i: 9.625e-04 :: e: 3.505e-02 i: 5.579e-02 :: n: 2.728e+01 e:22.725 i:26.690 v:4.993e+03
>>> tau_he = 5.000000, nhe(0)=3.128236e+00
 5   -301.146   5.84e-03   9.61e-01   3.07e-03  -6.28e-02   1.25e-07 (  1.84e+00,  4.37e+01)
10   -143.273   1.80e-02   2.95e-03  -5.13e-04  -1.34e-01   2.23e-06 (  1.14e+01,  9.09e+01)
15   -306.987   1.06e-01  -9.12e-03   3.33e-02  -4.39e+00   2.72e-05 (  7.33e+01,  1.34e+02)
20    -17.164   1.78e-01   1.25e-01   7.90e-02  -2.96e+00   2.52e-04 (  1.18e+02,  1.67e+02)
25     -1.594   2.07e-01   1.63e-01   5.08e-02  -2.37e+00   1.82e-03 (  1.36e+02,  1.91e+02)
30     -0.120   2.40e-01   1.65e-01   3.06e-02  -5.79e-01   1.04e-02 (  1.53e+02,  2.05e+02)
35      0.011   2.69e-01   2.01e-01   6.70e-02   7.11e-02   4.64e-02 (  1.64e+02,  2.08e+02)
40     -0.013   2.83e-01   2.26e-01   1.19e-01  -9.61e-02   1.65e-01 (  1.62e+02,  2.04e+02)
45      0.049   3.16e-01   2.85e-01   2.28e-01   4.04e-01   4.71e-01 (  1.62e+02,  1.92e+02)
50      0.141   3.81e-01   4.35e-01   2.15e-01   1.39e+00   1.08e+00 (  1.68e+02,  1.76e+02)
55      0.139   3.86e-01   4.97e-01   2.46e-01   2.22e+00   2.03e+00 (  1.50e+02,  1.57e+02)
60      0.158   4.11e-01   5.69e-01   2.93e-01   3.27e+00   3.17e+00 (  1.31e+02,  1.39e+02)
65      0.204   4.92e-01   6.70e-01   3.95e-01   4.60e+00   4.21e+00 (  1.23e+02,  1.21e+02)
70      0.232   5.54e-01   7.35e-01   4.65e-01   5.15e+00   4.90e+00 (  1.06e+02,  1.05e+02)
75      0.248   5.95e-01   7.92e-01   5.11e-01   5.31e+00   5.17e+00 (  9.03e+01,  8.97e+01)
80      0.251   6.02e-01   8.28e-01   5.45e-01   5.17e+00   5.14e+00 (  7.50e+01,  7.55e+01)
85      0.237   5.66e-01   8.16e-01   5.68e-01   4.63e+00   4.96e+00 (  6.34e+01,  6.16e+01)
90      0.659   1.53e+00   2.26e+00   1.49e+00   2.17e+01   4.73e+00 (  4.59e+02,  4.81e+01)
95      0.540   9.47e-01   1.36e+00   9.86e-01   4.45e+01   4.54e+00 (  7.19e+02,  3.46e+01)
14 n: 2.786e-04 e: 2.214e-03 i: 1.077e-03 :: e: 4.460e-02 i: 5.245e-02 :: n: 2.722e+01 e:21.708 i:27.489 v:4.993e+03
>>> tau_he = 5.000000, nhe(0)=3.169486e+00
 5   -300.002   6.47e-03   9.66e-01   3.12e-03  -6.25e-02   1.25e-07 (  1.96e+00,  4.37e+01)
10   -135.374   2.06e-02   4.25e-03  -6.15e-04  -1.26e-01   2.23e-06 (  1.25e+01,  9.09e+01)
15   -278.899   1.02e-01  -5.28e-03   2.98e-02  -3.99e+00   2.72e-05 (  6.69e+01,  1.34e+02)
20    -15.380   1.71e-01   1.05e-01   6.28e-02  -2.65e+00   2.52e-04 (  1.08e+02,  1.67e+02)
25     -1.329   2.00e-01   1.47e-01   7.23e-02  -1.98e+00   1.82e-03 (  1.25e+02,  1.91e+02)
30     -0.144   2.29e-01   1.48e-01   4.27e-02  -6.73e-01   1.04e-02 (  1.40e+02,  2.05e+02)
35      0.006   2.57e-01   1.71e-01   5.26e-02   3.57e-02   4.64e-02 (  1.49e+02,  2.08e+02)
40      0.022   2.65e-01   1.89e-01   9.80e-02   1.64e-01   1.65e-01 (  1.43e+02,  2.04e+02)
45      0.049   2.95e-01   2.38e-01   1.95e-01   3.96e-01   4.71e-01 (  1.42e+02,  1.92e+02)
50      0.088   3.05e-01   2.65e-01   1.53e-01   8.43e-01   1.08e+00 (  1.25e+02,  1.76e+02)
55      0.094   2.99e-01   3.27e-01   1.70e-01   1.48e+00   2.03e+00 (  1.07e+02,  1.57e+02)
60      0.147   3.64e-01   4.89e-01   2.52e-01   3.00e+00   3.17e+00 (  1.07e+02,  1.39e+02)
65      0.169   3.97e-01   5.29e-01   3.06e-01   3.77e+00   4.21e+00 (  9.08e+01,  1.21e+02)
70      0.219   5.09e-01   6.81e-01   4.33e-01   4.83e+00   4.90e+00 (  8.86e+01,  1.05e+02)
75      0.245   5.78e-01   7.67e-01   5.04e-01   5.23e+00   5.17e+00 (  7.93e+01,  8.97e+01)
80      0.260   6.29e-01   8.40e-01   5.70e-01   5.37e+00   5.14e+00 (  7.03e+01,  7.55e+01)
85      0.260   6.31e-01   8.80e-01   6.28e-01   5.09e+00   4.96e+00 (  6.26e+01,  6.16e+01)
90      0.665   1.53e+00   2.26e+00   1.49e+00   2.19e+01   4.73e+00 (  4.48e+02,  4.81e+01)
95      0.540   9.47e-01   1.36e+00   9.86e-01   4.45e+01   4.54e+00 (  7.19e+02,  3.46e+01)
15 n: 1.981e-04 e: 2.205e-03 i: 9.072e-04 :: e: 3.403e-02 i: 5.289e-02 :: n: 2.724e+01 e:22.753 i:26.791 v:4.993e+03
>>> tau_he = 5.000000, nhe(0)=3.128665e+00
 5   -304.291   5.91e-03   9.62e-01   3.08e-03  -6.34e-02   1.25e-07 (  1.86e+00,  4.37e+01)
10   -145.251   1.80e-02   2.88e-03  -5.80e-04  -1.36e-01   2.23e-06 (  1.14e+01,  9.09e+01)
15   -304.279   1.06e-01  -9.68e-03   3.28e-02  -4.35e+00   2.72e-05 (  7.27e+01,  1.34e+02)
20    -17.039   1.78e-01   1.23e-01   8.04e-02  -2.94e+00   2.52e-04 (  1.17e+02,  1.67e+02)
25     -1.678   2.07e-01   1.65e-01   5.61e-02  -2.50e+00   1.82e-03 (  1.36e+02,  1.91e+02)
30     -0.126   2.43e-01   1.67e-01   2.89e-02  -5.99e-01   1.04e-02 (  1.56e+02,  2.05e+02)
35      0.001   2.73e-01   2.03e-01   7.08e-02   4.26e-03   4.64e-02 (  1.67e+02,  2.08e+02)
40      0.084   3.47e-01   3.19e-01   1.95e-01   6.30e-01   1.65e-01 (  1.99e+02,  2.04e+02)
45      0.049   3.18e-01   2.86e-01   2.28e-01   4.02e-01   4.71e-01 (  1.63e+02,  1.92e+02)
50      0.142   3.83e-01   4.37e-01   2.17e-01   1.39e+00   1.08e+00 (  1.70e+02,  1.76e+02)
55      0.139   3.88e-01   4.99e-01   2.47e-01   2.22e+00   2.03e+00 (  1.51e+02,  1.57e+02)
60      0.158   4.12e-01   5.69e-01   2.90e-01   3.25e+00   3.17e+00 (  1.31e+02,  1.39e+02)
65      0.203   4.91e-01   6.70e-01   3.95e-01   4.57e+00   4.21e+00 (  1.23e+02,  1.21e+02)
70      0.232   5.53e-01   7.36e-01   4.67e-01   5.13e+00   4.90e+00 (  1.06e+02,  1.05e+02)
75      0.248   5.95e-01   7.94e-01   5.13e-01   5.30e+00   5.17e+00 (  9.05e+01,  8.97e+01)
80      0.251   6.01e-01   8.30e-01   5.49e-01   5.16e+00   5.14e+00 (  7.52e+01,  7.55e+01)
85      0.238   5.67e-01   8.21e-01   5.73e-01   4.63e+00   4.96e+00 (  6.40e+01,  6.16e+01)
90      0.659   1.53e+00   2.26e+00   1.49e+00   2.17e+01   4.73e+00 (  4.60e+02,  4.81e+01)
95      0.540   9.47e-01   1.36e+00   9.86e-01   4.45e+01   4.54e+00 (  7.19e+02,  3.46e+01)
16 n: 2.235e-04 e: 2.264e-03 i: 1.030e-03 :: e: 5.153e-02 i: 5.916e-02 :: n: 2.713e+01 e:21.718 i:27.574 v:4.993e+03
>>> tau_he = 5.000000, nhe(0)=3.159030e+00
 5   -301.643   6.52e-03   9.67e-01   3.13e-03  -6.29e-02   1.25e-07 (  1.97e+00,  4.37e+01)
10   -137.079   2.07e-02   4.07e-03  -6.65e-04  -1.28e-01   2.23e-06 (  1.26e+01,  9.09e+01)
15   -276.676   1.03e-01  -4.36e-03   3.05e-02  -3.96e+00   2.72e-05 (  6.70e+01,  1.34e+02)
20    -15.251   1.71e-01   1.04e-01   6.41e-02  -2.63e+00   2.52e-04 (  1.07e+02,  1.67e+02)
25     -1.324   2.01e-01   1.48e-01   7.35e-02  -1.98e+00   1.82e-03 (  1.26e+02,  1.91e+02)
30     -0.092   2.30e-01   1.48e-01   3.50e-02  -4.63e-01   1.04e-02 (  1.40e+02,  2.05e+02)
35     -0.002   2.60e-01   1.75e-01   5.76e-02  -1.34e-02   4.64e-02 (  1.50e+02,  2.08e+02)
40     -0.023   2.69e-01   1.91e-01   9.54e-02  -1.54e-01   1.65e-01 (  1.44e+02,  2.04e+02)
45      0.048   2.97e-01   2.39e-01   1.97e-01   3.84e-01   4.71e-01 (  1.43e+02,  1.92e+02)
50      0.089   3.07e-01   2.68e-01   1.54e-01   8.51e-01   1.08e+00 (  1.27e+02,  1.76e+02)
55      0.095   3.01e-01   3.29e-01   1.71e-01   1.48e+00   2.03e+00 (  1.08e+02,  1.57e+02)
60      0.148   3.66e-01   4.91e-01   2.55e-01   3.00e+00   3.17e+00 (  1.08e+02,  1.39e+02)
65      0.169   3.98e-01   5.30e-01   3.07e-01   3.76e+00   4.21e+00 (  9.13e+01,  1.21e+02)
70      0.220   5.10e-01   6.83e-01   4.35e-01   4.83e+00   4.90e+00 (  8.92e+01,  1.05e+02)
75      0.245   5.78e-01   7.70e-01   5.07e-01   5.22e+00   5.17e+00 (  7.98e+01,  8.97e+01)
80      0.261   6.27e-01   8.42e-01   5.73e-01   5.37e+00   5.14e+00 (  7.07e+01,  7.55e+01)
85      0.261   6.29e-01   8.84e-01   6.32e-01   5.09e+00   4.96e+00 (  6.32e+01,  6.16e+01)
90      0.665   1.53e+00   2.26e+00   1.50e+00   2.19e+01   4.73e+00 (  4.48e+02,  4.81e+01)
95      0.540   9.47e-01   1.36e+00   9.86e-01   4.45e+01   4.54e+00 (  7.19e+02,  3.46e+01)
17 n: 1.757e-04 e: 2.035e-03 i: 9.131e-04 :: e: 3.247e-02 i: 5.102e-02 :: n: 2.726e+01 e:22.727 i:26.867 v:4.993e+03
>>> tau_he = 5.000000, nhe(0)=3.137602e+00
 5   -305.639   5.98e-03   9.66e-01   3.09e-03  -6.38e-02   1.25e-07 (  1.89e+00,  4.37e+01)
10   -146.363   1.83e-02   2.90e-03  -6.10e-04  -1.37e-01   2.23e-06 (  1.16e+01,  9.09e+01)
15   -301.531   9.72e-02  -8.31e-03   3.21e-02  -4.33e+00   2.72e-05 (  6.57e+01,  1.34e+02)
20    -16.878   1.78e-01   1.21e-01   8.01e-02  -2.91e+00   2.52e-04 (  1.16e+02,  1.67e+02)
25     -1.668   2.08e-01   1.65e-01   5.37e-02  -2.50e+00   1.82e-03 (  1.37e+02,  1.91e+02)
30     -0.083   2.42e-01   1.66e-01   1.64e-02  -4.43e-01   1.04e-02 (  1.55e+02,  2.05e+02)
35      0.015   2.71e-01   2.02e-01   6.43e-02   9.88e-02   4.64e-02 (  1.65e+02,  2.08e+02)
40     -0.011   2.84e-01   2.26e-01   1.18e-01  -7.90e-02   1.65e-01 (  1.61e+02,  2.04e+02)
45      0.049   3.18e-01   2.86e-01   2.29e-01   4.00e-01   4.71e-01 (  1.63e+02,  1.92e+02)
50      0.143   3.84e-01   4.38e-01   2.17e-01   1.40e+00   1.08e+00 (  1.70e+02,  1.76e+02)
55      0.140   3.89e-01   5.00e-01   2.48e-01   2.22e+00   2.03e+00 (  1.51e+02,  1.57e+02)
60      0.158   4.12e-01   5.68e-01   2.91e-01   3.23e+00   3.17e+00 (  1.31e+02,  1.39e+02)
65      0.203   4.90e-01   6.71e-01   3.95e-01   4.55e+00   4.21e+00 (  1.23e+02,  1.21e+02)
70      0.232   5.52e-01   7.37e-01   4.67e-01   5.11e+00   4.90e+00 (  1.06e+02,  1.05e+02)
75      0.248   5.94e-01   7.95e-01   5.15e-01   5.29e+00   5.17e+00 (  9.07e+01,  8.97e+01)
80      0.251   6.00e-01   8.31e-01   5.51e-01   5.15e+00   5.14e+00 (  7.54e+01,  7.55e+01)
85      0.238   5.67e-01   8.24e-01   5.77e-01   4.64e+00   4.96e+00 (  6.44e+01,  6.16e+01)
90      0.659   1.53e+00   2.26e+00   1.49e+00   2.17e+01   4.73e+00 (  4.61e+02,  4.81e+01)
95      0.540   9.47e-01   1.36e+00   9.86e-01   4.45e+01   4.54e+00 (  7.19e+02,  3.46e+01)
18 n: 2.690e-04 e: 2.055e-03 i: 9.208e-04 :: e: 4.023e-02 i: 4.833e-02 :: n: 2.718e+01 e:21.754 i:27.608 v:4.993e+03
>>> tau_he = 5.000000, nhe(0)=3.170614e+00
 5   -304.107   6.56e-03   9.70e-01   3.14e-03  -6.34e-02   1.25e-07 (  1.99e+00,  4.37e+01)
10   -138.583   2.09e-02   4.09e-03  -6.92e-04  -1.29e-01   2.23e-06 (  1.27e+01,  9.09e+01)
15   -276.609   1.04e-01  -5.09e-03   3.01e-02  -3.96e+00   2.72e-05 (  6.73e+01,  1.34e+02)
20    -15.264   1.71e-01   1.03e-01   6.43e-02  -2.63e+00   2.52e-04 (  1.07e+02,  1.67e+02)
25     -1.336   2.01e-01   1.48e-01   7.40e-02  -2.00e+00   1.82e-03 (  1.27e+02,  1.91e+02)
30     -0.093   2.31e-01   1.49e-01   3.19e-02  -4.67e-01   1.04e-02 (  1.42e+02,  2.05e+02)
35      0.006   2.59e-01   1.74e-01   5.26e-02   3.63e-02   4.64e-02 (  1.51e+02,  2.08e+02)
40      0.023   2.66e-01   1.90e-01   9.85e-02   1.73e-01   1.65e-01 (  1.44e+02,  2.04e+02)
45      0.048   2.98e-01   2.41e-01   1.98e-01   3.91e-01   4.71e-01 (  1.43e+02,  1.92e+02)
50      0.089   3.09e-01   2.69e-01   1.55e-01   8.49e-01   1.08e+00 (  1.27e+02,  1.76e+02)
55      0.095   3.02e-01   3.30e-01   1.71e-01   1.48e+00   2.03e+00 (  1.09e+02,  1.57e+02)
60      0.148   3.66e-01   4.92e-01   2.56e-01   2.99e+00   3.17e+00 (  1.08e+02,  1.39e+02)
65      0.169   3.98e-01   5.31e-01   3.08e-01   3.75e+00   4.21e+00 (  9.16e+01,  1.21e+02)
70      0.220   5.10e-01   6.85e-01   4.36e-01   4.82e+00   4.90e+00 (  8.95e+01,  1.05e+02)
75      0.245   5.77e-01   7.71e-01   5.08e-01   5.21e+00   5.17e+00 (  8.01e+01,  8.97e+01)
80      0.260   6.25e-01   8.43e-01   5.74e-01   5.35e+00   5.14e+00 (  7.08e+01,  7.55e+01)
85      0.260   6.26e-01   8.84e-01   6.32e-01   5.08e+00   4.96e+00 (  6.34e+01,  6.16e+01)
90      0.665   1.53e+00   2.26e+00   1.50e+00   2.19e+01   4.73e+00 (  4.49e+02,  4.81e+01)
95      0.540   9.47e-01   1.36e+00   9.86e-01   4.45e+01   4.54e+00 (  7.19e+02,  3.46e+01)
19 n: 1.926e-04 e: 1.915e-03 i: 8.441e-04 :: e: 3.226e-02 i: 4.911e-02 :: n: 2.720e+01 e:22.728 i:26.929 v:4.993e+03
>>> tau_he = 5.000000, nhe(0)=3.130503e+00
 5   -307.729   6.01e-03   9.65e-01   3.10e-03  -6.41e-02   1.25e-07 (  1.90e+00,  4.37e+01)
10   -147.664   1.83e-02   2.78e-03  -6.49e-04  -1.38e-01   2.23e-06 (  1.15e+01,  9.09e+01)
15   -299.965   9.77e-02  -8.24e-03   3.21e-02  -4.30e+00   2.72e-05 (  6.56e+01,  1.34e+02)
20    -16.788   1.78e-01   1.20e-01   8.12e-02  -2.89e+00   2.52e-04 (  1.15e+02,  1.67e+02)
25     -1.678   2.08e-01   1.65e-01   5.76e-02  -2.51e+00   1.82e-03 (  1.36e+02,  1.91e+02)
30     -0.100   2.44e-01   1.68e-01   1.95e-02  -5.07e-01   1.04e-02 (  1.57e+02,  2.05e+02)
35     -0.000   2.75e-01   2.04e-01   7.13e-02  -1.71e-03   4.64e-02 (  1.68e+02,  2.08e+02)
40      0.085   3.47e-01   3.18e-01   1.95e-01   6.35e-01   1.65e-01 (  1.98e+02,  2.04e+02)
45      0.049   3.19e-01   2.86e-01   2.29e-01   3.98e-01   4.71e-01 (  1.63e+02,  1.92e+02)
50      0.144   3.85e-01   4.39e-01   2.18e-01   1.40e+00   1.08e+00 (  1.70e+02,  1.76e+02)
55      0.140   3.89e-01   4.99e-01   2.48e-01   2.21e+00   2.03e+00 (  1.51e+02,  1.57e+02)
60      0.158   4.11e-01   5.67e-01   2.90e-01   3.21e+00   3.17e+00 (  1.31e+02,  1.39e+02)
65      0.202   4.89e-01   6.70e-01   3.94e-01   4.53e+00   4.21e+00 (  1.23e+02,  1.21e+02)
70      0.231   5.51e-01   7.37e-01   4.67e-01   5.09e+00   4.90e+00 (  1.06e+02,  1.05e+02)
75      0.248   5.92e-01   7.96e-01   5.16e-01   5.27e+00   5.17e+00 (  9.06e+01,  8.97e+01)
80      0.250   5.99e-01   8.32e-01   5.52e-01   5.14e+00   5.14e+00 (  7.55e+01,  7.55e+01)
85      0.238   5.67e-01   8.26e-01   5.79e-01   4.64e+00   4.96e+00 (  6.46e+01,  6.16e+01)
90      0.659   1.53e+00   2.26e+00   1.49e+00   2.17e+01   4.73e+00 (  4.61e+02,  4.81e+01)
95      0.540   9.47e-01   1.36e+00   9.86e-01   4.45e+01   4.54e+00 (  7.19e+02,  3.46e+01)
20 n: 2.122e-04 e: 2.070e-03 i: 8.732e-04 :: e: 4.694e-02 i: 5.543e-02 :: n: 2.711e+01 e:21.747 i:27.650 v:4.993e+03
>>> tau_he = 5.000000, nhe(0)=3.159283e+00
 5   -304.595   6.59e-03   9.69e-01   3.15e-03  -6.35e-02   1.25e-07 (  2.00e+00,  4.37e+01)
10   -139.699   2.11e-02   3.90e-03  -7.12e-04  -1.31e-01   2.23e-06 (  1.28e+01,  9.09e+01)
15   -275.525   1.05e-01  -5.10e-03   3.00e-02  -3.96e+00   2.72e-05 (  6.73e+01,  1.34e+02)
20    -14.247   1.71e-01   1.02e-01   6.17e-02  -2.46e+00   2.52e-04 (  1.06e+02,  1.67e+02)
25     -1.327   2.02e-01   1.49e-01   7.41e-02  -1.99e+00   1.82e-03 (  1.27e+02,  1.91e+02)
30     -0.068   2.31e-01   1.49e-01   2.33e-02  -3.67e-01   1.04e-02 (  1.41e+02,  2.05e+02)
35     -0.001   2.62e-01   1.77e-01   5.79e-02  -7.89e-03   4.64e-02 (  1.51e+02,  2.08e+02)
40     -0.021   2.70e-01   1.94e-01   1.08e-01  -1.41e-01   1.65e-01 (  1.45e+02,  2.04e+02)
45      0.048   2.98e-01   2.41e-01   2.00e-01   3.81e-01   4.71e-01 (  1.44e+02,  1.92e+02)
50      0.090   3.10e-01   2.71e-01   1.56e-01   8.53e-01   1.08e+00 (  1.28e+02,  1.76e+02)
55      0.095   3.03e-01   3.31e-01   1.72e-01   1.48e+00   2.03e+00 (  1.09e+02,  1.57e+02)
60      0.148   3.67e-01   4.93e-01   2.57e-01   2.99e+00   3.17e+00 (  1.08e+02,  1.39e+02)
65      0.169   3.99e-01   5.32e-01   3.08e-01   3.74e+00   4.21e+00 (  9.19e+01,  1.21e+02)
70      0.220   5.10e-01   6.86e-01   4.37e-01   4.82e+00   4.90e+00 (  8.98e+01,  1.05e+02)
75      0.245   5.78e-01   7.72e-01   5.09e-01   5.21e+00   5.17e+00 (  8.05e+01,  8.97e+01)
80      0.260   6.23e-01   8.43e-01   5.75e-01   5.34e+00   5.14e+00 (  7.10e+01,  7.55e+01)
85      0.260   6.25e-01   8.85e-01   6.32e-01   5.07e+00   4.96e+00 (  6.36e+01,  6.16e+01)
90      0.665   1.53e+00   2.26e+00   1.50e+00   2.19e+01   4.73e+00 (  4.50e+02,  4.81e+01)
95      0.540   9.47e-01   1.36e+00   9.86e-01   4.45e+01   4.54e+00 (  7.19e+02,  3.46e+01)
21 n: 1.686e-04 e: 1.778e-03 i: 8.456e-04 :: e: 3.173e-02 i: 4.810e-02 :: n: 2.725e+01 e:22.691 i:26.962 v:4.993e+03
>>> tau_he = 5.000000, nhe(0)=3.140495e+00
 5   -307.903   6.06e-03   9.67e-01   3.11e-03  -6.44e-02   1.25e-07 (  1.92e+00,  4.37e+01)
10   -148.253   1.86e-02   2.80e-03  -6.65e-04  -1.39e-01   2.23e-06 (  1.17e+01,  9.09e+01)
15   -302.946   9.88e-02  -6.51e-03   3.12e-02  -4.36e+00   2.72e-05 (  6.61e+01,  1.34e+02)
20    -16.666   1.78e-01   1.19e-01   8.03e-02  -2.88e+00   2.52e-04 (  1.15e+02,  1.67e+02)
25     -1.444   2.11e-01   1.60e-01   5.43e-02  -2.17e+00   1.82e-03 (  1.39e+02,  1.91e+02)
30     -0.059   2.41e-01   1.66e-01   7.92e-03  -3.35e-01   1.04e-02 (  1.55e+02,  2.05e+02)
35      0.016   2.71e-01   2.02e-01   6.37e-02   1.07e-01   4.64e-02 (  1.65e+02,  2.08e+02)
40     -0.010   2.83e-01   2.25e-01   1.18e-01  -7.15e-02   1.65e-01 (  1.60e+02,  2.04e+02)
45      0.049   3.18e-01   2.85e-01   2.30e-01   3.96e-01   4.71e-01 (  1.62e+02,  1.92e+02)
50      0.144   3.85e-01   4.38e-01   2.18e-01   1.39e+00   1.08e+00 (  1.70e+02,  1.76e+02)
55      0.140   3.89e-01   4.98e-01   2.48e-01   2.21e+00   2.03e+00 (  1.51e+02,  1.57e+02)
60      0.157   4.10e-01   5.66e-01   2.90e-01   3.20e+00   3.17e+00 (  1.30e+02,  1.39e+02)
65      0.202   4.88e-01   6.69e-01   3.93e-01   4.51e+00   4.21e+00 (  1.22e+02,  1.21e+02)
70      0.231   5.50e-01   7.36e-01   4.67e-01   5.07e+00   4.90e+00 (  1.06e+02,  1.05e+02)
75      0.248   5.92e-01   7.95e-01   5.16e-01   5.26e+00   5.17e+00 (  9.04e+01,  8.97e+01)
80      0.250   5.98e-01   8.32e-01   5.53e-01   5.13e+00   5.14e+00 (  7.54e+01,  7.55e+01)
85      0.238   5.67e-01   8.27e-01   5.81e-01   4.64e+00   4.96e+00 (  6.47e+01,  6.16e+01)
90      0.659   1.53e+00   2.26e+00   1.49e+00   2.17e+01   4.73e+00 (  4.61e+02,  4.81e+01)
95      0.540   9.47e-01   1.36e+00   9.86e-01   4.45e+01   4.54e+00 (  7.19e+02,  3.46e+01)
22 n: 2.556e-04 e: 1.861e-03 i: 7.928e-04 :: e: 3.715e-02 i: 4.443e-02 :: n: 2.716e+01 e:21.767 i:27.650 v:4.993e+03
>>> tau_he = 5.000000, nhe(0)=3.168347e+00
 5   -306.269   6.60e-03   9.70e-01   3.15e-03  -6.38e-02   1.25e-07 (  2.01e+00,  4.37e+01)
10   -137.727   1.75e-02   6.34e-03  -1.98e-03  -1.29e-01   2.23e-06 (  1.06e+01,  9.09e+01)
15   -275.269   1.05e-01  -5.60e-03   2.96e-02  -3.95e+00   2.72e-05 (  6.74e+01,  1.34e+02)
20    -14.273   1.70e-01   1.01e-01   6.17e-02  -2.46e+00   2.52e-04 (  1.06e+02,  1.67e+02)
25     -1.337   2.02e-01   1.49e-01   7.40e-02  -2.00e+00   1.82e-03 (  1.27e+02,  1.91e+02)
30     -0.074   2.32e-01   1.49e-01   2.23e-02  -3.92e-01   1.04e-02 (  1.43e+02,  2.05e+02)
35      0.005   2.61e-01   1.76e-01   5.36e-02   3.39e-02   4.64e-02 (  1.52e+02,  2.08e+02)
40      0.023   2.66e-01   1.91e-01   9.98e-02   1.75e-01   1.65e-01 (  1.43e+02,  2.04e+02)
45      0.048   2.99e-01   2.43e-01   2.00e-01   3.87e-01   4.71e-01 (  1.44e+02,  1.92e+02)
50      0.090   3.10e-01   2.72e-01   1.57e-01   8.49e-01   1.08e+00 (  1.28e+02,  1.76e+02)
55      0.095   3.04e-01   3.32e-01   1.73e-01   1.47e+00   2.03e+00 (  1.09e+02,  1.57e+02)
60      0.147   3.67e-01   4.93e-01   2.56e-01   2.97e+00   3.17e+00 (  1.08e+02,  1.39e+02)
65      0.169   3.99e-01   5.32e-01   3.08e-01   3.73e+00   4.21e+00 (  9.20e+01,  1.21e+02)
70      0.219   5.10e-01   6.86e-01   4.37e-01   4.81e+00   4.90e+00 (  8.99e+01,  1.05e+02)
75      0.245   5.77e-01   7.72e-01   5.09e-01   5.20e+00   5.17e+00 (  8.05e+01,  8.97e+01)
80      0.259   6.21e-01   8.42e-01   5.74e-01   5.32e+00   5.14e+00 (  7.09e+01,  7.55e+01)
85      0.259   6.22e-01   8.83e-01   6.31e-01   5.05e+00   4.96e+00 (  6.36e+01,  6.16e+01)
90      0.665   1.53e+00   2.26e+00   1.50e+00   2.19e+01   4.73e+00 (  4.50e+02,  4.81e+01)
95      0.540   9.47e-01   1.36e+00   9.86e-01   4.45e+01   4.54e+00 (  7.19e+02,  3.46e+01)
23 n: 1.867e-04 e: 1.672e-03 i: 7.680e-04 :: e: 3.204e-02 i: 4.712e-02 :: n: 2.718e+01 e:22.678 i:26.997 v:4.993e+03
>>> tau_he = 5.000000, nhe(0)=3.130821e+00
 5   -309.118   6.07e-03   9.67e-01   3.12e-03  -6.44e-02   1.25e-07 (  1.92e+00,  4.37e+01)
10   -149.075   1.89e-02   2.72e-03  -6.38e-04  -1.40e-01   2.23e-06 (  1.19e+01,  9.09e+01)
15   -301.583   9.91e-02  -6.31e-03   3.12e-02  -4.33e+00   2.72e-05 (  6.58e+01,  1.34e+02)
20    -16.597   1.77e-01   1.19e-01   8.12e-02  -2.86e+00   2.52e-04 (  1.14e+02,  1.67e+02)
25     -1.671   2.08e-01   1.65e-01   5.79e-02  -2.50e+00   1.82e-03 (  1.36e+02,  1.91e+02)
30     -0.081   2.44e-01   1.68e-01   1.33e-02  -4.30e-01   1.04e-02 (  1.57e+02,  2.05e+02)
35     -0.000   2.75e-01   2.04e-01   7.15e-02  -1.13e-03   4.64e-02 (  1.68e+02,  2.08e+02)
40      0.086   3.46e-01   3.17e-01   1.94e-01   6.34e-01   1.65e-01 (  1.97e+02,  2.04e+02)
45      0.049   3.19e-01   2.85e-01   2.30e-01   3.94e-01   4.71e-01 (  1.62e+02,  1.92e+02)
50      0.145   3.85e-01   4.38e-01   2.18e-01   1.39e+00   1.08e+00 (  1.69e+02,  1.76e+02)
55      0.139   3.88e-01   4.96e-01   2.48e-01   2.20e+00   2.03e+00 (  1.50e+02,  1.57e+02)
60      0.157   4.09e-01   5.64e-01   2.89e-01   3.18e+00   3.17e+00 (  1.30e+02,  1.39e+02)
65      0.201   4.86e-01   6.67e-01   3.92e-01   4.49e+00   4.21e+00 (  1.21e+02,  1.21e+02)
70      0.230   5.48e-01   7.35e-01   4.66e-01   5.05e+00   4.90e+00 (  1.05e+02,  1.05e+02)
75      0.247   5.90e-01   7.94e-01   5.16e-01   5.25e+00   5.17e+00 (  9.01e+01,  8.97e+01)
80      0.250   5.98e-01   8.31e-01   5.53e-01   5.12e+00   5.14e+00 (  7.52e+01,  7.55e+01)
85      0.238   5.67e-01   8.28e-01   5.81e-01   4.64e+00   4.96e+00 (  6.46e+01,  6.16e+01)
90      0.660   1.53e+00   2.26e+00   1.49e+00   2.17e+01   4.73e+00 (  4.61e+02,  4.81e+01)
95      0.540   9.47e-01   1.36e+00   9.86e-01   4.45e+01   4.54e+00 (  7.19e+02,  3.46e+01)
24 n: 1.997e-04 e: 1.848e-03 i: 7.522e-04 :: e: 4.277e-02 i: 5.150e-02 :: n: 2.709e+01 e:21.752 i:27.666 v:4.993e+03
>>> tau_he = 5.000000, nhe(0)=3.157587e+00
 5   -305.727   6.61e-03   9.70e-01   3.15e-03  -6.38e-02   1.25e-07 (  2.01e+00,  4.37e+01)
10   -141.226   2.16e-02   3.76e-03  -7.09e-04  -1.32e-01   2.23e-06 (  1.31e+01,  9.09e+01)
15   -274.183   1.05e-01  -5.45e-03   2.96e-02  -3.94e+00   2.72e-05 (  6.74e+01,  1.34e+02)
20    -14.181   1.71e-01   1.02e-01   6.23e-02  -2.45e+00   2.52e-04 (  1.06e+02,  1.67e+02)
25     -1.327   2.02e-01   1.50e-01   7.34e-02  -1.99e+00   1.82e-03 (  1.27e+02,  1.91e+02)
30     -0.052   2.31e-01   1.50e-01   1.71e-02  -2.97e-01   1.04e-02 (  1.42e+02,  2.05e+02)
35     -0.001   2.62e-01   1.78e-01   5.87e-02  -6.86e-03   4.64e-02 (  1.52e+02,  2.08e+02)
40     -0.021   2.70e-01   1.95e-01   1.10e-01  -1.39e-01   1.65e-01 (  1.44e+02,  2.04e+02)
45      0.048   2.99e-01   2.43e-01   2.02e-01   3.78e-01   4.71e-01 (  1.44e+02,  1.92e+02)
50      0.091   3.11e-01   2.73e-01   1.57e-01   8.51e-01   1.08e+00 (  1.28e+02,  1.76e+02)
55      0.095   3.04e-01   3.33e-01   1.73e-01   1.47e+00   2.03e+00 (  1.10e+02,  1.57e+02)
60      0.148   3.68e-01   4.94e-01   2.58e-01   2.98e+00   3.17e+00 (  1.08e+02,  1.39e+02)
65      0.169   3.99e-01   5.33e-01   3.08e-01   3.73e+00   4.21e+00 (  9.21e+01,  1.21e+02)
70      0.220   5.10e-01   6.87e-01   4.38e-01   4.81e+00   4.90e+00 (  9.01e+01,  1.05e+02)
75      0.245   5.77e-01   7.72e-01   5.09e-01   5.19e+00   5.17e+00 (  8.06e+01,  8.97e+01)
80      0.259   6.20e-01   8.42e-01   5.74e-01   5.31e+00   5.14e+00 (  7.10e+01,  7.55e+01)
85      0.259   6.21e-01   8.82e-01   6.31e-01   5.05e+00   4.96e+00 (  6.36e+01,  6.16e+01)
90      0.665   1.53e+00   2.26e+00   1.50e+00   2.19e+01   4.73e+00 (  4.50e+02,  4.81e+01)
95      0.540   9.47e-01   1.36e+00   9.86e-01   4.45e+01   4.54e+00 (  7.19e+02,  3.46e+01)
25 n: 1.624e-04 e: 1.554e-03 i: 7.603e-04 :: e: 3.209e-02 i: 4.669e-02 :: n: 2.724e+01 e:22.635 i:27.009 v:4.993e+03
>>> tau_he = 5.000000, nhe(0)=3.142002e+00
 5   -308.610   6.10e-03   9.68e-01   3.12e-03  -6.46e-02   1.25e-07 (  1.94e+00,  4.37e+01)
10   -148.999   1.90e-02   2.76e-03  -6.69e-04  -1.40e-01   2.23e-06 (  1.20e+01,  9.09e+01)
15   -299.616   9.96e-02  -6.31e-03   3.08e-02  -4.32e+00   2.72e-05 (  6.61e+01,  1.34e+02)
20    -16.491   1.77e-01   1.18e-01   8.00e-02  -2.85e+00   2.52e-04 (  1.14e+02,  1.67e+02)
25     -1.435   2.11e-01   1.60e-01   5.43e-02  -2.16e+00   1.82e-03 (  1.38e+02,  1.91e+02)
30     -0.042   2.38e-01   1.66e-01   2.53e-03  -2.53e-01   1.04e-02 (  1.53e+02,  2.05e+02)
35      0.016   2.71e-01   2.01e-01   6.35e-02   1.10e-01   4.64e-02 (  1.64e+02,  2.08e+02)
40     -0.009   2.82e-01   2.24e-01   1.18e-01  -6.82e-02   1.65e-01 (  1.59e+02,  2.04e+02)
45      0.049   3.17e-01   2.84e-01   2.29e-01   3.93e-01   4.71e-01 (  1.61e+02,  1.92e+02)
50      0.145   3.84e-01   4.36e-01   2.18e-01   1.39e+00   1.08e+00 (  1.68e+02,  1.76e+02)
55      0.139   3.87e-01   4.95e-01   2.47e-01   2.19e+00   2.03e+00 (  1.49e+02,  1.57e+02)
60      0.157   4.08e-01   5.62e-01   2.88e-01   3.17e+00   3.17e+00 (  1.29e+02,  1.39e+02)
65      0.201   4.85e-01   6.66e-01   3.91e-01   4.48e+00   4.21e+00 (  1.21e+02,  1.21e+02)
70      0.230   5.47e-01   7.33e-01   4.66e-01   5.04e+00   4.90e+00 (  1.05e+02,  1.05e+02)
75      0.247   5.90e-01   7.94e-01   5.16e-01   5.24e+00   5.17e+00 (  8.99e+01,  8.97e+01)
80      0.250   5.97e-01   8.31e-01   5.53e-01   5.12e+00   5.14e+00 (  7.51e+01,  7.55e+01)
85      0.239   5.67e-01   8.28e-01   5.81e-01   4.64e+00   4.96e+00 (  6.46e+01,  6.16e+01)
90      0.660   1.53e+00   2.26e+00   1.50e+00   2.17e+01   4.73e+00 (  4.61e+02,  4.81e+01)
95      0.540   9.47e-01   1.36e+00   9.86e-01   4.45e+01   4.54e+00 (  7.19e+02,  3.46e+01)
26 n: 2.413e-04 e: 1.635e-03 i: 6.891e-04 :: e: 3.347e-02 i: 4.107e-02 :: n: 2.714e+01 e:21.771 i:27.645 v:4.993e+03
>>> tau_he = 5.000000, nhe(0)=3.165652e+00
 5   -307.072   6.60e-03   9.70e-01   3.15e-03  -6.40e-02   1.25e-07 (  2.02e+00,  4.37e+01)
10   -138.803   1.77e-02   6.22e-03  -2.00e-03  -1.30e-01   2.23e-06 (  1.08e+01,  9.09e+01)
15   -273.886   1.06e-01  -5.91e-03   2.94e-02  -3.94e+00   2.72e-05 (  6.74e+01,  1.34e+02)
20    -14.227   1.70e-01   1.01e-01   6.23e-02  -2.45e+00   2.52e-04 (  1.06e+02,  1.67e+02)
25     -1.339   2.02e-01   1.49e-01   7.34e-02  -2.00e+00   1.82e-03 (  1.27e+02,  1.91e+02)
30     -0.062   2.32e-01   1.50e-01   1.74e-02  -3.42e-01   1.04e-02 (  1.43e+02,  2.05e+02)
35      0.005   2.61e-01   1.77e-01   5.48e-02   2.98e-02   4.64e-02 (  1.52e+02,  2.08e+02)
40      0.023   2.66e-01   1.92e-01   1.01e-01   1.74e-01   1.65e-01 (  1.43e+02,  2.04e+02)
45      0.048   2.99e-01   2.44e-01   2.02e-01   3.84e-01   4.71e-01 (  1.44e+02,  1.92e+02)
50      0.091   3.11e-01   2.73e-01   1.58e-01   8.46e-01   1.08e+00 (  1.28e+02,  1.76e+02)
55      0.095   3.04e-01   3.33e-01   1.74e-01   1.47e+00   2.03e+00 (  1.10e+02,  1.57e+02)
60      0.147   3.68e-01   4.94e-01   2.57e-01   2.96e+00   3.17e+00 (  1.08e+02,  1.39e+02)
65      0.169   3.99e-01   5.33e-01   3.09e-01   3.73e+00   4.21e+00 (  9.21e+01,  1.21e+02)
70      0.219   5.10e-01   6.87e-01   4.38e-01   4.80e+00   4.90e+00 (  9.01e+01,  1.05e+02)
75      0.245   5.76e-01   7.72e-01   5.09e-01   5.18e+00   5.17e+00 (  8.06e+01,  8.97e+01)
80      0.259   6.19e-01   8.41e-01   5.73e-01   5.30e+00   5.14e+00 (  7.09e+01,  7.55e+01)
85      0.258   6.19e-01   8.80e-01   6.29e-01   5.03e+00   4.96e+00 (  6.35e+01,  6.16e+01)
90      0.665   1.52e+00   2.26e+00   1.50e+00   2.19e+01   4.73e+00 (  4.50e+02,  4.81e+01)
95      0.540   9.47e-01   1.36e+00   9.86e-01   4.45e+01   4.54e+00 (  7.19e+02,  3.46e+01)
27 n: 1.808e-04 e: 1.453e-03 i: 6.767e-04 :: e: 3.235e-02 i: 4.566e-02 :: n: 2.718e+01 e:22.617 i:27.033 v:4.993e+03
>>> tau_he = 5.000000, nhe(0)=3.132101e+00
 5   -309.546   6.11e-03   9.67e-01   3.12e-03  -6.45e-02   1.25e-07 (  1.94e+00,  4.37e+01)
10   -149.389   1.91e-02   2.69e-03  -6.51e-04  -1.40e-01   2.23e-06 (  1.20e+01,  9.09e+01)
15   -298.393   9.97e-02  -6.12e-03   3.09e-02  -4.29e+00   2.72e-05 (  6.57e+01,  1.34e+02)
20    -16.442   1.77e-01   1.17e-01   8.07e-02  -2.84e+00   2.52e-04 (  1.13e+02,  1.67e+02)
25     -1.443   2.11e-01   1.61e-01   5.77e-02  -2.16e+00   1.82e-03 (  1.38e+02,  1.91e+02)
30     -0.067   2.43e-01   1.67e-01   8.86e-03  -3.69e-01   1.04e-02 (  1.56e+02,  2.05e+02)
35      0.001   2.74e-01   2.03e-01   7.10e-02   4.46e-03   4.64e-02 (  1.67e+02,  2.08e+02)
40      0.019   2.82e-01   2.22e-01   1.17e-01   1.42e-01   1.65e-01 (  1.60e+02,  2.04e+02)
45      0.049   3.17e-01   2.84e-01   2.29e-01   3.91e-01   4.71e-01 (  1.61e+02,  1.92e+02)
50      0.145   3.84e-01   4.35e-01   2.17e-01   1.38e+00   1.08e+00 (  1.68e+02,  1.76e+02)
55      0.139   3.86e-01   4.93e-01   2.47e-01   2.18e+00   2.03e+00 (  1.49e+02,  1.57e+02)
60      0.156   4.07e-01   5.60e-01   2.87e-01   3.16e+00   3.17e+00 (  1.28e+02,  1.39e+02)
65      0.200   4.84e-01   6.64e-01   3.90e-01   4.46e+00   4.21e+00 (  1.20e+02,  1.21e+02)
70      0.229   5.46e-01   7.32e-01   4.65e-01   5.03e+00   4.90e+00 (  1.04e+02,  1.05e+02)
75      0.247   5.89e-01   7.92e-01   5.15e-01   5.23e+00   5.17e+00 (  8.96e+01,  8.97e+01)
80      0.250   5.96e-01   8.30e-01   5.53e-01   5.11e+00   5.14e+00 (  7.48e+01,  7.55e+01)
85      0.239   5.67e-01   8.28e-01   5.81e-01   4.64e+00   4.96e+00 (  6.45e+01,  6.16e+01)
90      0.660   1.53e+00   2.26e+00   1.50e+00   2.18e+01   4.73e+00 (  4.60e+02,  4.81e+01)
95      0.540   9.47e-01   1.36e+00   9.86e-01   4.45e+01   4.54e+00 (  7.19e+02,  3.46e+01)
28 n: 1.896e-04 e: 1.570e-03 i: 6.575e-04 :: e: 3.281e-02 i: 4.006e-02 :: n: 2.716e+01 e:21.766 i:27.672 v:4.993e+03
>>> tau_he = 5.000000, nhe(0)=3.169621e+00
 5   -306.792   6.62e-03   9.74e-01   3.16e-03  -6.41e-02   1.25e-07 (  2.03e+00,  4.37e+01)
10   -138.720   1.79e-02   6.29e-03  -1.98e-03  -1.30e-01   2.23e-06 (  1.09e+01,  9.09e+01)
15   -272.627   1.06e-01  -6.01e-03   2.92e-02  -3.93e+00   2.72e-05 (  6.74e+01,  1.34e+02)
20    -14.176   1.70e-01   1.01e-01   6.22e-02  -2.45e+00   2.52e-04 (  1.05e+02,  1.67e+02)
25     -1.331   2.02e-01   1.49e-01   7.22e-02  -2.00e+00   1.82e-03 (  1.27e+02,  1.91e+02)
30     -0.044   2.31e-01   1.49e-01   1.34e-02  -2.60e-01   1.04e-02 (  1.42e+02,  2.05e+02)
35      0.010   2.59e-01   1.77e-01   5.31e-02   6.24e-02   4.64e-02 (  1.51e+02,  2.08e+02)
40      0.020   2.69e-01   1.95e-01   1.03e-01   1.49e-01   1.65e-01 (  1.45e+02,  2.04e+02)
45      0.048   2.99e-01   2.45e-01   2.03e-01   3.84e-01   4.71e-01 (  1.44e+02,  1.92e+02)
50      0.091   3.11e-01   2.74e-01   1.58e-01   8.46e-01   1.08e+00 (  1.28e+02,  1.76e+02)
55      0.095   3.04e-01   3.34e-01   1.74e-01   1.47e+00   2.03e+00 (  1.09e+02,  1.57e+02)
60      0.147   3.68e-01   4.95e-01   2.57e-01   2.96e+00   3.17e+00 (  1.08e+02,  1.39e+02)
65      0.169   4.00e-01   5.34e-01   3.09e-01   3.73e+00   4.21e+00 (  9.22e+01,  1.21e+02)
70      0.219   5.10e-01   6.87e-01   4.38e-01   4.80e+00   4.90e+00 (  9.02e+01,  1.05e+02)
75      0.244   5.76e-01   7.71e-01   5.09e-01   5.18e+00   5.17e+00 (  8.06e+01,  8.97e+01)
80      0.258   6.18e-01   8.40e-01   5.72e-01   5.29e+00   5.14e+00 (  7.09e+01,  7.55e+01)
85      0.258   6.18e-01   8.78e-01   6.27e-01   5.02e+00   4.96e+00 (  6.35e+01,  6.16e+01)
90      0.665   1.52e+00   2.26e+00   1.50e+00   2.19e+01   4.73e+00 (  4.50e+02,  4.81e+01)
95      0.540   9.47e-01   1.36e+00   9.86e-01   4.45e+01   4.54e+00 (  7.19e+02,  3.46e+01)
29 n: 1.733e-04 e: 1.449e-03 i: 6.603e-04 :: e: 3.213e-02 i: 4.426e-02 :: n: 2.714e+01 e:22.624 i:27.052 v:4.993e+03
>>> tau_he = 5.000000, nhe(0)=3.126956e+00
 5   -310.317   6.12e-03   9.69e-01   3.13e-03  -6.46e-02   1.25e-07 (  1.94e+00,  4.37e+01)
10   -149.909   1.93e-02   2.65e-03  -6.10e-04  -1.40e-01   2.23e-06 (  1.22e+01,  9.09e+01)
15   -297.983   1.00e-01  -5.99e-03   3.09e-02  -4.29e+00   2.72e-05 (  6.57e+01,  1.34e+02)
20    -15.552   1.76e-01   1.16e-01   7.76e-02  -2.68e+00   2.52e-04 (  1.13e+02,  1.67e+02)
25     -1.448   2.11e-01   1.61e-01   5.91e-02  -2.16e+00   1.82e-03 (  1.38e+02,  1.91e+02)
30     -0.070   2.44e-01   1.68e-01   9.52e-03  -3.82e-01   1.04e-02 (  1.57e+02,  2.05e+02)
35     -0.008   2.76e-01   2.04e-01   7.46e-02  -4.72e-02   4.64e-02 (  1.68e+02,  2.08e+02)
40      0.060   3.47e-01   3.21e-01   1.95e-01   4.31e-01   1.65e-01 (  1.97e+02,  2.04e+02)
45      0.048   3.18e-01   2.84e-01   2.29e-01   3.85e-01   4.71e-01 (  1.61e+02,  1.92e+02)
50      0.145   3.83e-01   4.35e-01   2.17e-01   1.37e+00   1.08e+00 (  1.68e+02,  1.76e+02)
55      0.139   3.86e-01   4.92e-01   2.46e-01   2.18e+00   2.03e+00 (  1.48e+02,  1.57e+02)
60      0.156   4.06e-01   5.59e-01   2.87e-01   3.16e+00   3.17e+00 (  1.28e+02,  1.39e+02)
65      0.200   4.83e-01   6.63e-01   3.89e-01   4.46e+00   4.21e+00 (  1.20e+02,  1.21e+02)
70      0.229   5.45e-01   7.31e-01   4.64e-01   5.03e+00   4.90e+00 (  1.04e+02,  1.05e+02)
75      0.247   5.89e-01   7.92e-01   5.14e-01   5.23e+00   5.17e+00 (  8.94e+01,  8.97e+01)
80      0.250   5.97e-01   8.30e-01   5.53e-01   5.11e+00   5.14e+00 (  7.47e+01,  7.55e+01)
85      0.239   5.68e-01   8.28e-01   5.81e-01   4.64e+00   4.96e+00 (  6.44e+01,  6.16e+01)
90      0.660   1.53e+00   2.26e+00   1.50e+00   2.18e+01   4.73e+00 (  4.60e+02,  4.81e+01)
95      0.540   9.47e-01   1.36e+00   9.86e-01   4.45e+01   4.54e+00 (  7.19e+02,  3.46e+01)
30 n: 1.830e-04 e: 1.625e-03 i: 6.611e-04 :: e: 3.941e-02 i: 4.807e-02 :: n: 2.706e+01 e:21.748 i:27.683 v:4.993e+03
>>> tau_he = 5.000000, nhe(0)=3.153138e+00
 5   -306.577   6.63e-03   9.72e-01   3.16e-03  -6.40e-02   1.25e-07 (  2.02e+00,  4.37e+01)
10   -142.132   2.19e-02   3.65e-03  -7.05e-04  -1.33e-01   2.23e-06 (  1.33e+01,  9.09e+01)
15   -271.778   1.06e-01  -5.65e-03   2.94e-02  -3.91e+00   2.72e-05 (  6.72e+01,  1.34e+02)
20    -14.109   1.71e-01   1.02e-01   6.30e-02  -2.44e+00   2.52e-04 (  1.05e+02,  1.67e+02)
25     -1.325   2.03e-01   1.50e-01   7.21e-02  -1.98e+00   1.82e-03 (  1.27e+02,  1.91e+02)
30     -0.042   2.31e-01   1.51e-01   1.25e-02  -2.44e-01   1.04e-02 (  1.42e+02,  2.05e+02)
35     -0.007   2.64e-01   1.80e-01   6.21e-02  -3.82e-02   4.64e-02 (  1.53e+02,  2.08e+02)
40     -0.024   2.72e-01   1.98e-01   1.12e-01  -1.60e-01   1.65e-01 (  1.45e+02,  2.04e+02)
45      0.048   2.99e-01   2.45e-01   2.04e-01   3.74e-01   4.71e-01 (  1.44e+02,  1.92e+02)
50      0.091   3.11e-01   2.75e-01   1.58e-01   8.49e-01   1.08e+00 (  1.28e+02,  1.76e+02)
55      0.095   3.04e-01   3.34e-01   1.74e-01   1.47e+00   2.03e+00 (  1.10e+02,  1.57e+02)
60      0.148   3.68e-01   4.95e-01   2.57e-01   2.97e+00   3.17e+00 (  1.08e+02,  1.39e+02)
65      0.169   4.00e-01   5.34e-01   3.09e-01   3.73e+00   4.21e+00 (  9.23e+01,  1.21e+02)
70      0.220   5.11e-01   6.87e-01   4.38e-01   4.80e+00   4.90e+00 (  9.02e+01,  1.05e+02)
75      0.244   5.76e-01   7.72e-01   5.09e-01   5.18e+00   5.17e+00 (  8.07e+01,  8.97e+01)
80      0.258   6.18e-01   8.40e-01   5.72e-01   5.29e+00   5.14e+00 (  7.09e+01,  7.55e+01)
85      0.258   6.17e-01   8.78e-01   6.27e-01   5.02e+00   4.96e+00 (  6.35e+01,  6.16e+01)
90      0.665   1.52e+00   2.26e+00   1.50e+00   2.19e+01   4.73e+00 (  4.50e+02,  4.81e+01)
95      0.540   9.47e-01   1.36e+00   9.86e-01   4.45e+01   4.54e+00 (  7.19e+02,  3.46e+01)
31 n: 1.549e-04 e: 1.355e-03 i: 6.684e-04 :: e: 3.188e-02 i: 4.416e-02 :: n: 2.721e+01 e:22.578 i:27.057 v:4.993e+03
>>> tau_he = 5.000000, nhe(0)=3.140568e+00
 5   -309.329   6.15e-03   9.71e-01   3.13e-03  -6.48e-02   1.25e-07 (  1.95e+00,  4.37e+01)
10   -149.362   1.94e-02   2.74e-03  -6.50e-04  -1.40e-01   2.23e-06 (  1.22e+01,  9.09e+01)
15   -296.224   1.00e-01  -5.96e-03   3.05e-02  -4.27e+00   2.72e-05 (  6.59e+01,  1.34e+02)
20    -16.340   1.76e-01   1.17e-01   7.96e-02  -2.83e+00   2.52e-04 (  1.13e+02,  1.67e+02)
25     -1.426   2.11e-01   1.60e-01   5.39e-02  -2.15e+00   1.82e-03 (  1.38e+02,  1.91e+02)
30     -0.030   2.37e-01   1.65e-01  -6.24e-04  -1.89e-01   1.04e-02 (  1.52e+02,  2.05e+02)
35      0.011   2.71e-01   2.01e-01   6.61e-02   7.49e-02   4.64e-02 (  1.64e+02,  2.08e+02)
40     -0.013   2.82e-01   2.24e-01   1.19e-01  -9.06e-02   1.65e-01 (  1.59e+02,  2.04e+02)
45      0.048   3.16e-01   2.82e-01   2.29e-01   3.87e-01   4.71e-01 (  1.60e+02,  1.92e+02)
50      0.145   3.82e-01   4.34e-01   2.17e-01   1.37e+00   1.08e+00 (  1.67e+02,  1.76e+02)
55      0.139   3.85e-01   4.91e-01   2.46e-01   2.18e+00   2.03e+00 (  1.48e+02,  1.57e+02)
60      0.156   4.05e-01   5.58e-01   2.86e-01   3.15e+00   3.17e+00 (  1.27e+02,  1.39e+02)
65      0.200   4.82e-01   6.62e-01   3.89e-01   4.46e+00   4.21e+00 (  1.20e+02,  1.21e+02)
70      0.229   5.45e-01   7.30e-01   4.64e-01   5.03e+00   4.90e+00 (  1.04e+02,  1.05e+02)
75      0.247   5.88e-01   7.91e-01   5.14e-01   5.23e+00   5.17e+00 (  8.93e+01,  8.97e+01)
80      0.250   5.97e-01   8.30e-01   5.53e-01   5.12e+00   5.14e+00 (  7.47e+01,  7.55e+01)
85      0.239   5.68e-01   8.28e-01   5.81e-01   4.65e+00   4.96e+00 (  6.44e+01,  6.16e+01)
90      0.660   1.53e+00   2.26e+00   1.50e+00   2.18e+01   4.73e+00 (  4.60e+02,  4.81e+01)
95      0.540   9.47e-01   1.36e+00   9.86e-01   4.45e+01   4.54e+00 (  7.19e+02,  3.46e+01)
32 n: 2.262e-04 e: 1.410e-03 i: 5.946e-04 :: e: 2.984e-02 i: 3.800e-02 :: n: 2.712e+01 e:21.773 i:27.645 v:4.993e+03
>>> tau_he = 5.000000, nhe(0)=3.161467e+00
 5   -307.858   6.61e-03   9.71e-01   3.16e-03  -6.42e-02   1.25e-07 (  2.03e+00,  4.37e+01)
10   -142.422   2.17e-02   3.65e-03  -7.37e-04  -1.34e-01   2.23e-06 (  1.32e+01,  9.09e+01)
15   -272.049   1.06e-01  -6.08e-03   2.93e-02  -3.92e+00   2.72e-05 (  6.74e+01,  1.34e+02)
20    -15.558   1.69e-01   1.02e-01   6.40e-02  -2.69e+00   2.52e-04 (  1.04e+02,  1.67e+02)
25     -1.339   2.03e-01   1.50e-01   7.22e-02  -2.00e+00   1.82e-03 (  1.27e+02,  1.91e+02)
30     -0.054   2.32e-01   1.51e-01   1.38e-02  -3.04e-01   1.04e-02 (  1.43e+02,  2.05e+02)
35      0.000   2.62e-01   1.79e-01   5.78e-02   6.57e-04   4.64e-02 (  1.53e+02,  2.08e+02)
40      0.021   2.67e-01   1.94e-01   1.03e-01   1.58e-01   1.65e-01 (  1.44e+02,  2.04e+02)
45      0.048   2.99e-01   2.45e-01   2.04e-01   3.81e-01   4.71e-01 (  1.44e+02,  1.92e+02)
50      0.091   3.11e-01   2.75e-01   1.59e-01   8.43e-01   1.08e+00 (  1.28e+02,  1.76e+02)
55      0.095   3.04e-01   3.34e-01   1.74e-01   1.46e+00   2.03e+00 (  1.10e+02,  1.57e+02)
60      0.147   3.68e-01   4.95e-01   2.57e-01   2.96e+00   3.17e+00 (  1.08e+02,  1.39e+02)
65      0.169   4.00e-01   5.35e-01   3.10e-01   3.73e+00   4.21e+00 (  9.24e+01,  1.21e+02)
70      0.219   5.11e-01   6.87e-01   4.38e-01   4.80e+00   4.90e+00 (  9.03e+01,  1.05e+02)
75      0.244   5.76e-01   7.71e-01   5.08e-01   5.18e+00   5.17e+00 (  8.07e+01,  8.97e+01)
80      0.258   6.17e-01   8.39e-01   5.71e-01   5.29e+00   5.14e+00 (  7.09e+01,  7.55e+01)
85      0.257   6.16e-01   8.76e-01   6.25e-01   5.01e+00   4.96e+00 (  6.34e+01,  6.16e+01)
90      0.665   1.52e+00   2.26e+00   1.50e+00   2.19e+01   4.73e+00 (  4.50e+02,  4.81e+01)
95      0.540   9.47e-01   1.36e+00   9.86e-01   4.45e+01   4.54e+00 (  7.19e+02,  3.46e+01)
33 n: 1.727e-04 e: 1.254e-03 i: 5.850e-04 :: e: 3.227e-02 i: 4.364e-02 :: n: 2.721e+01 e:22.557 i:27.073 v:4.993e+03
>>> tau_he = 5.000000, nhe(0)=3.141150e+00
 5   -309.856   6.16e-03   9.70e-01   3.13e-03  -6.48e-02   1.25e-07 (  1.96e+00,  4.37e+01)
10   -148.985   1.91e-02   2.74e-03  -7.14e-04  -1.40e-01   2.23e-06 (  1.20e+01,  9.09e+01)
15   -294.881   1.00e-01  -6.03e-03   3.04e-02  -4.25e+00   2.72e-05 (  6.56e+01,  1.34e+02)
20    -16.303   1.76e-01   1.16e-01   7.96e-02  -2.82e+00   2.52e-04 (  1.13e+02,  1.67e+02)
25     -1.430   2.10e-01   1.60e-01   5.57e-02  -2.14e+00   1.82e-03 (  1.37e+02,  1.91e+02)
30     -0.040   2.38e-01   1.65e-01   1.50e-03  -2.44e-01   1.04e-02 (  1.53e+02,  2.05e+02)
35      0.009   2.71e-01   2.01e-01   6.66e-02   5.70e-02   4.64e-02 (  1.65e+02,  2.08e+02)
40      0.019   2.82e-01   2.22e-01   1.17e-01   1.39e-01   1.65e-01 (  1.59e+02,  2.04e+02)
45      0.048   3.16e-01   2.82e-01   2.29e-01   3.88e-01   4.71e-01 (  1.60e+02,  1.92e+02)
50      0.145   3.82e-01   4.33e-01   2.17e-01   1.37e+00   1.08e+00 (  1.67e+02,  1.76e+02)
55      0.138   3.84e-01   4.89e-01   2.45e-01   2.17e+00   2.03e+00 (  1.47e+02,  1.57e+02)
60      0.155   4.04e-01   5.57e-01   2.85e-01   3.15e+00   3.17e+00 (  1.27e+02,  1.39e+02)
65      0.200   4.81e-01   6.60e-01   3.88e-01   4.45e+00   4.21e+00 (  1.19e+02,  1.21e+02)
70      0.229   5.44e-01   7.29e-01   4.63e-01   5.02e+00   4.90e+00 (  1.03e+02,  1.05e+02)
75      0.246   5.88e-01   7.90e-01   5.14e-01   5.23e+00   5.17e+00 (  8.90e+01,  8.97e+01)
80      0.250   5.97e-01   8.29e-01   5.52e-01   5.12e+00   5.14e+00 (  7.46e+01,  7.55e+01)
85      0.239   5.69e-01   8.28e-01   5.81e-01   4.65e+00   4.96e+00 (  6.43e+01,  6.16e+01)
90      0.660   1.53e+00   2.26e+00   1.50e+00   2.18e+01   4.73e+00 (  4.60e+02,  4.81e+01)
95      0.540   9.47e-01   1.36e+00   9.86e-01   4.45e+01   4.54e+00 (  7.19e+02,  3.46e+01)
34 n: 1.766e-04 e: 1.291e-03 i: 5.627e-04 :: e: 2.889e-02 i: 3.696e-02 :: n: 2.710e+01 e:21.789 i:27.653 v:4.993e+03
>>> tau_he = 5.000000, nhe(0)=3.158233e+00
 5   -308.280   6.61e-03   9.73e-01   3.16e-03  -6.42e-02   1.25e-07 (  2.03e+00,  4.37e+01)
10   -142.339   2.14e-02   3.64e-03  -7.56e-04  -1.33e-01   2.23e-06 (  1.30e+01,  9.09e+01)
15   -271.698   1.06e-01  -6.14e-03   2.93e-02  -3.91e+00   2.72e-05 (  6.73e+01,  1.34e+02)
20    -15.569   1.69e-01   1.02e-01   6.45e-02  -2.69e+00   2.52e-04 (  1.04e+02,  1.67e+02)
25     -1.342   2.03e-01   1.50e-01   7.30e-02  -2.00e+00   1.82e-03 (  1.27e+02,  1.91e+02)
30     -0.053   2.33e-01   1.51e-01   1.37e-02  -2.99e-01   1.04e-02 (  1.44e+02,  2.05e+02)
35     -0.004   2.64e-01   1.80e-01   5.98e-02  -2.46e-02   4.64e-02 (  1.54e+02,  2.08e+02)
40      0.019   2.70e-01   1.97e-01   1.05e-01   1.35e-01   1.65e-01 (  1.46e+02,  2.04e+02)
45      0.048   3.00e-01   2.46e-01   2.05e-01   3.79e-01   4.71e-01 (  1.44e+02,  1.92e+02)
50      0.091   3.11e-01   2.76e-01   1.59e-01   8.43e-01   1.08e+00 (  1.28e+02,  1.76e+02)
55      0.095   3.05e-01   3.35e-01   1.75e-01   1.46e+00   2.03e+00 (  1.10e+02,  1.57e+02)
60      0.147   3.68e-01   4.96e-01   2.58e-01   2.97e+00   3.17e+00 (  1.09e+02,  1.39e+02)
65      0.169   4.01e-01   5.36e-01   3.10e-01   3.74e+00   4.21e+00 (  9.27e+01,  1.21e+02)
70      0.220   5.11e-01   6.88e-01   4.38e-01   4.81e+00   4.90e+00 (  9.05e+01,  1.05e+02)
75      0.244   5.76e-01   7.71e-01   5.08e-01   5.18e+00   5.17e+00 (  8.08e+01,  8.97e+01)
80      0.258   6.17e-01   8.39e-01   5.70e-01   5.29e+00   5.14e+00 (  7.10e+01,  7.55e+01)
85      0.257   6.15e-01   8.75e-01   6.24e-01   5.01e+00   4.96e+00 (  6.34e+01,  6.16e+01)
90      0.664   1.52e+00   2.26e+00   1.50e+00   2.19e+01   4.73e+00 (  4.50e+02,  4.81e+01)
95      0.540   9.47e-01   1.36e+00   9.86e-01   4.45e+01   4.54e+00 (  7.19e+02,  3.46e+01)
35 n: 1.648e-04 e: 1.158e-03 i: 5.349e-04 :: e: 3.056e-02 i: 4.183e-02 :: n: 2.720e+01 e:22.544 i:27.111 v:4.993e+03
>>> tau_he = 5.000000, nhe(0)=3.141549e+00
 5   -310.340   6.19e-03   9.72e-01   3.13e-03  -6.49e-02   1.25e-07 (  1.96e+00,  4.37e+01)
10   -148.785   1.90e-02   2.79e-03  -7.30e-04  -1.40e-01   2.23e-06 (  1.19e+01,  9.09e+01)
15   -293.969   1.00e-01  -5.93e-03   3.03e-02  -4.24e+00   2.72e-05 (  6.55e+01,  1.34e+02)
20    -15.388   1.76e-01   1.15e-01   7.59e-02  -2.66e+00   2.52e-04 (  1.12e+02,  1.67e+02)
25     -1.429   2.11e-01   1.60e-01   5.61e-02  -2.14e+00   1.82e-03 (  1.37e+02,  1.91e+02)
30     -0.038   2.38e-01   1.65e-01   1.44e-03  -2.30e-01   1.04e-02 (  1.52e+02,  2.05e+02)
35      0.007   2.72e-01   2.01e-01   6.74e-02   4.15e-02   4.64e-02 (  1.65e+02,  2.08e+02)
40      0.061   3.45e-01   3.18e-01   1.93e-01   4.43e-01   1.65e-01 (  1.95e+02,  2.04e+02)
45      0.048   3.16e-01   2.81e-01   2.28e-01   3.87e-01   4.71e-01 (  1.60e+02,  1.92e+02)
50      0.145   3.82e-01   4.32e-01   2.16e-01   1.37e+00   1.08e+00 (  1.66e+02,  1.76e+02)
55      0.138   3.84e-01   4.88e-01   2.45e-01   2.17e+00   2.03e+00 (  1.47e+02,  1.57e+02)
60      0.155   4.03e-01   5.55e-01   2.85e-01   3.15e+00   3.17e+00 (  1.26e+02,  1.39e+02)
65      0.200   4.80e-01   6.59e-01   3.87e-01   4.44e+00   4.21e+00 (  1.19e+02,  1.21e+02)
70      0.229   5.43e-01   7.28e-01   4.62e-01   5.02e+00   4.90e+00 (  1.03e+02,  1.05e+02)
75      0.246   5.88e-01   7.90e-01   5.13e-01   5.23e+00   5.17e+00 (  8.89e+01,  8.97e+01)
80      0.250   5.97e-01   8.29e-01   5.53e-01   5.12e+00   5.14e+00 (  7.45e+01,  7.55e+01)
85      0.239   5.69e-01   8.29e-01   5.82e-01   4.66e+00   4.96e+00 (  6.43e+01,  6.16e+01)
90      0.660   1.53e+00   2.26e+00   1.50e+00   2.18e+01   4.73e+00 (  4.60e+02,  4.81e+01)
95      0.540   9.47e-01   1.36e+00   9.86e-01   4.45e+01   4.54e+00 (  7.19e+02,  3.46e+01)
36 n: 1.706e-04 e: 1.203e-03 i: 5.186e-04 :: e: 3.512e-02 i: 4.459e-02 :: n: 2.705e+01 e:21.804 i:27.644 v:4.993e+03
>>> tau_he = 5.000000, nhe(0)=3.147768e+00
 5   -308.156   6.61e-03   9.71e-01   3.16e-03  -6.43e-02   1.25e-07 (  2.03e+00,  4.37e+01)
10   -142.949   2.14e-02   3.47e-03  -7.63e-04  -1.34e-01   2.23e-06 (  1.30e+01,  9.09e+01)
15   -271.743   1.07e-01  -5.98e-03   2.95e-02  -3.92e+00   2.72e-05 (  6.74e+01,  1.34e+02)
20    -15.565   1.70e-01   1.03e-01   6.53e-02  -2.69e+00   2.52e-04 (  1.05e+02,  1.67e+02)
25     -1.338   2.03e-01   1.51e-01   7.20e-02  -2.00e+00   1.82e-03 (  1.28e+02,  1.91e+02)
30     -0.042   2.32e-01   1.52e-01   1.07e-02  -2.47e-01   1.04e-02 (  1.44e+02,  2.05e+02)
35     -0.013   2.66e-01   1.82e-01   6.50e-02  -7.32e-02   4.64e-02 (  1.54e+02,  2.08e+02)
40     -0.026   2.73e-01   2.00e-01   1.13e-01  -1.70e-01   1.65e-01 (  1.47e+02,  2.04e+02)
45      0.047   3.01e-01   2.47e-01   2.06e-01   3.67e-01   4.71e-01 (  1.45e+02,  1.92e+02)
50      0.091   3.12e-01   2.77e-01   1.60e-01   8.44e-01   1.08e+00 (  1.29e+02,  1.76e+02)
55      0.095   3.05e-01   3.36e-01   1.75e-01   1.47e+00   2.03e+00 (  1.10e+02,  1.57e+02)
60      0.148   3.70e-01   4.98e-01   2.59e-01   2.97e+00   3.17e+00 (  1.09e+02,  1.39e+02)
65      0.169   4.02e-01   5.37e-01   3.11e-01   3.75e+00   4.21e+00 (  9.31e+01,  1.21e+02)
70      0.220   5.12e-01   6.89e-01   4.39e-01   4.81e+00   4.90e+00 (  9.08e+01,  1.05e+02)
75      0.245   5.76e-01   7.72e-01   5.09e-01   5.19e+00   5.17e+00 (  8.10e+01,  8.97e+01)
80      0.258   6.17e-01   8.39e-01   5.70e-01   5.29e+00   5.14e+00 (  7.11e+01,  7.55e+01)
85      0.257   6.15e-01   8.75e-01   6.24e-01   5.00e+00   4.96e+00 (  6.35e+01,  6.16e+01)
90      0.664   1.52e+00   2.26e+00   1.50e+00   2.19e+01   4.73e+00 (  4.51e+02,  4.81e+01)
95      0.540   9.47e-01   1.36e+00   9.86e-01   4.45e+01   4.54e+00 (  7.19e+02,  3.46e+01)
37 n: 1.472e-04 e: 9.936e-04 i: 4.929e-04 :: e: 2.962e-02 i: 4.085e-02 :: n: 2.720e+01 e:22.494 i:27.128 v:4.993e+03
>>> tau_he = 5.000000, nhe(0)=3.142611e+00
 5   -309.867   6.21e-03   9.71e-01   3.13e-03  -6.49e-02   1.25e-07 (  1.97e+00,  4.37e+01)
10   -148.608   1.92e-02   2.78e-03  -7.45e-04  -1.40e-01   2.23e-06 (  1.20e+01,  9.09e+01)
15   -292.817   1.01e-01  -3.57e-03   3.14e-02  -4.23e+00   2.72e-05 (  6.59e+01,  1.34e+02)
20    -16.185   1.76e-01   1.16e-01   7.86e-02  -2.80e+00   2.52e-04 (  1.12e+02,  1.67e+02)
25     -1.416   2.10e-01   1.59e-01   5.41e-02  -2.13e+00   1.82e-03 (  1.37e+02,  1.91e+02)
30     -0.028   2.36e-01   1.64e-01  -1.73e-03  -1.74e-01   1.04e-02 (  1.51e+02,  2.05e+02)
35      0.008   2.71e-01   2.00e-01   6.74e-02   5.12e-02   4.64e-02 (  1.63e+02,  2.08e+02)
40     -0.012   2.81e-01   2.22e-01   1.19e-01  -8.66e-02   1.65e-01 (  1.57e+02,  2.04e+02)
45      0.049   3.15e-01   2.79e-01   2.28e-01   3.89e-01   4.71e-01 (  1.58e+02,  1.92e+02)
50      0.145   3.81e-01   4.30e-01   2.16e-01   1.37e+00   1.08e+00 (  1.65e+02,  1.76e+02)
55      0.138   3.83e-01   4.86e-01   2.44e-01   2.17e+00   2.03e+00 (  1.46e+02,  1.57e+02)
60      0.155   4.02e-01   5.54e-01   2.84e-01   3.15e+00   3.17e+00 (  1.26e+02,  1.39e+02)
65      0.199   4.79e-01   6.58e-01   3.86e-01   4.44e+00   4.21e+00 (  1.18e+02,  1.21e+02)
70      0.228   5.43e-01   7.27e-01   4.62e-01   5.02e+00   4.90e+00 (  1.03e+02,  1.05e+02)
75      0.247   5.88e-01   7.90e-01   5.14e-01   5.23e+00   5.17e+00 (  8.87e+01,  8.97e+01)
80      0.250   5.98e-01   8.30e-01   5.53e-01   5.13e+00   5.14e+00 (  7.45e+01,  7.55e+01)
85      0.240   5.71e-01   8.30e-01   5.83e-01   4.67e+00   4.96e+00 (  6.44e+01,  6.16e+01)
90      0.660   1.53e+00   2.26e+00   1.50e+00   2.18e+01   4.73e+00 (  4.60e+02,  4.81e+01)
95      0.540   9.47e-01   1.36e+00   9.86e-01   4.45e+01   4.54e+00 (  7.19e+02,  3.46e+01)
38 n: 2.098e-04 e: 1.008e-03 i: 4.418e-04 :: e: 2.711e-02 i: 3.529e-02 :: n: 2.715e+01 e:21.825 i:27.619 v:4.993e+03
>>> tau_he = 5.000000, nhe(0)=3.164332e+00
 5   -308.738   6.60e-03   9.73e-01   3.16e-03  -6.45e-02   1.25e-07 (  2.04e+00,  4.37e+01)
10   -142.917   2.13e-02   3.59e-03  -7.80e-04  -1.34e-01   2.23e-06 (  1.30e+01,  9.09e+01)
15   -271.891   1.07e-01  -6.46e-03   2.92e-02  -3.92e+00   2.72e-05 (  6.77e+01,  1.34e+02)
20    -14.265   1.71e-01   1.02e-01   6.37e-02  -2.47e+00   2.52e-04 (  1.06e+02,  1.67e+02)
25     -1.346   2.03e-01   1.50e-01   6.97e-02  -2.01e+00   1.82e-03 (  1.28e+02,  1.91e+02)
30     -0.041   2.32e-01   1.51e-01   8.90e-03  -2.45e-01   1.04e-02 (  1.44e+02,  2.05e+02)
35      0.004   2.62e-01   1.80e-01   5.66e-02   2.75e-02   4.64e-02 (  1.53e+02,  2.08e+02)
40      0.021   2.68e-01   1.96e-01   1.04e-01   1.60e-01   1.65e-01 (  1.45e+02,  2.04e+02)
45      0.048   3.00e-01   2.48e-01   2.06e-01   3.78e-01   4.71e-01 (  1.45e+02,  1.92e+02)
50      0.091   3.13e-01   2.78e-01   1.60e-01   8.41e-01   1.08e+00 (  1.29e+02,  1.76e+02)
55      0.095   3.06e-01   3.37e-01   1.76e-01   1.46e+00   2.03e+00 (  1.11e+02,  1.57e+02)
60      0.148   3.70e-01   4.99e-01   2.59e-01   2.97e+00   3.17e+00 (  1.10e+02,  1.39e+02)
65      0.169   4.03e-01   5.38e-01   3.12e-01   3.75e+00   4.21e+00 (  9.34e+01,  1.21e+02)
70      0.220   5.13e-01   6.90e-01   4.39e-01   4.82e+00   4.90e+00 (  9.11e+01,  1.05e+02)
75      0.244   5.76e-01   7.72e-01   5.08e-01   5.19e+00   5.17e+00 (  8.12e+01,  8.97e+01)
80      0.257   6.16e-01   8.38e-01   5.69e-01   5.28e+00   5.14e+00 (  7.11e+01,  7.55e+01)
85      0.256   6.13e-01   8.73e-01   6.22e-01   4.99e+00   4.96e+00 (  6.35e+01,  6.16e+01)
90      0.664   1.52e+00   2.26e+00   1.49e+00   2.19e+01   4.73e+00 (  4.51e+02,  4.81e+01)
95      0.540   9.47e-01   1.36e+00   9.86e-01   4.45e+01   4.54e+00 (  7.19e+02,  3.46e+01)
39 n: 1.633e-04 e: 9.340e-04 i: 4.261e-04 :: e: 2.972e-02 i: 4.009e-02 :: n: 2.718e+01 e:22.495 i:27.133 v:4.993e+03
>>> tau_he = 5.000000, nhe(0)=3.140140e+00
 5   -310.796   6.21e-03   9.70e-01   3.13e-03  -6.49e-02   1.25e-07 (  1.97e+00,  4.37e+01)
10   -148.687   1.90e-02   2.76e-03  -7.68e-04  -1.40e-01   2.23e-06 (  1.19e+01,  9.09e+01)
15   -292.414   1.01e-01  -3.64e-03   3.14e-02  -4.22e+00   2.72e-05 (  6.57e+01,  1.34e+02)
20    -15.309   1.75e-01   1.14e-01   7.54e-02  -2.65e+00   2.52e-04 (  1.12e+02,  1.67e+02)
25     -1.427   2.10e-01   1.59e-01   5.70e-02  -2.13e+00   1.82e-03 (  1.37e+02,  1.91e+02)
30     -0.044   2.41e-01   1.65e-01   2.09e-03  -2.64e-01   1.04e-02 (  1.54e+02,  2.05e+02)
35      0.002   2.72e-01   2.00e-01   6.91e-02   1.09e-02   4.64e-02 (  1.65e+02,  2.08e+02)
40      0.019   2.81e-01   2.20e-01   1.16e-01   1.36e-01   1.65e-01 (  1.58e+02,  2.04e+02)
45      0.048   3.15e-01   2.79e-01   2.27e-01   3.87e-01   4.71e-01 (  1.59e+02,  1.92e+02)
50      0.145   3.81e-01   4.29e-01   2.15e-01   1.37e+00   1.08e+00 (  1.65e+02,  1.76e+02)
55      0.138   3.82e-01   4.85e-01   2.43e-01   2.17e+00   2.03e+00 (  1.46e+02,  1.57e+02)
60      0.155   4.02e-01   5.53e-01   2.83e-01   3.14e+00   3.17e+00 (  1.26e+02,  1.39e+02)
65      0.199   4.78e-01   6.57e-01   3.85e-01   4.43e+00   4.21e+00 (  1.18e+02,  1.21e+02)
70      0.228   5.42e-01   7.26e-01   4.61e-01   5.01e+00   4.90e+00 (  1.02e+02,  1.05e+02)
75      0.246   5.87e-01   7.89e-01   5.13e-01   5.23e+00   5.17e+00 (  8.84e+01,  8.97e+01)
80      0.251   5.98e-01   8.30e-01   5.53e-01   5.13e+00   5.14e+00 (  7.44e+01,  7.55e+01)
85      0.240   5.71e-01   8.31e-01   5.84e-01   4.68e+00   4.96e+00 (  6.42e+01,  6.16e+01)
90      0.661   1.53e+00   2.26e+00   1.50e+00   2.18e+01   4.73e+00 (  4.59e+02,  4.81e+01)
95      0.540   9.47e-01   1.36e+00   9.86e-01   4.45e+01   4.54e+00 (  7.19e+02,  3.46e+01)
40 n: 1.627e-04 e: 9.599e-04 i: 4.281e-04 :: e: 2.699e-02 i: 3.415e-02 :: n: 2.716e+01 e:21.830 i:27.642 v:4.993e+03
>>> tau_he = 5.000000, nhe(0)=3.168229e+00
 5   -308.508   6.62e-03   9.76e-01   3.16e-03  -6.45e-02   1.25e-07 (  2.04e+00,  4.37e+01)
10   -139.613   1.74e-02   6.14e-03  -2.08e-03  -1.31e-01   2.23e-06 (  1.06e+01,  9.09e+01)
15   -271.060   1.07e-01  -6.58e-03   2.91e-02  -3.91e+00   2.72e-05 (  6.76e+01,  1.34e+02)
20    -14.238   1.71e-01   1.02e-01   6.37e-02  -2.46e+00   2.52e-04 (  1.06e+02,  1.67e+02)
25     -1.340   2.03e-01   1.50e-01   6.96e-02  -2.01e+00   1.82e-03 (  1.28e+02,  1.91e+02)
30     -0.030   2.31e-01   1.51e-01   6.67e-03  -1.87e-01   1.04e-02 (  1.43e+02,  2.05e+02)
35      0.008   2.61e-01   1.80e-01   5.51e-02   5.29e-02   4.64e-02 (  1.52e+02,  2.08e+02)
40      0.020   2.71e-01   1.99e-01   1.05e-01   1.43e-01   1.65e-01 (  1.47e+02,  2.04e+02)
45      0.048   3.01e-01   2.49e-01   2.07e-01   3.79e-01   4.71e-01 (  1.45e+02,  1.92e+02)
50      0.092   3.13e-01   2.79e-01   1.61e-01   8.44e-01   1.08e+00 (  1.29e+02,  1.76e+02)
55      0.095   3.06e-01   3.38e-01   1.76e-01   1.47e+00   2.03e+00 (  1.11e+02,  1.57e+02)
60      0.148   3.71e-01   5.01e-01   2.60e-01   2.98e+00   3.17e+00 (  1.10e+02,  1.39e+02)
65      0.170   4.03e-01   5.39e-01   3.13e-01   3.76e+00   4.21e+00 (  9.38e+01,  1.21e+02)
70      0.220   5.13e-01   6.91e-01   4.40e-01   4.82e+00   4.90e+00 (  9.14e+01,  1.05e+02)
75      0.245   5.77e-01   7.73e-01   5.09e-01   5.19e+00   5.17e+00 (  8.14e+01,  8.97e+01)
80      0.257   6.15e-01   8.38e-01   5.69e-01   5.28e+00   5.14e+00 (  7.12e+01,  7.55e+01)
85      0.256   6.12e-01   8.72e-01   6.21e-01   4.99e+00   4.96e+00 (  6.35e+01,  6.16e+01)
90      0.664   1.52e+00   2.26e+00   1.49e+00   2.19e+01   4.73e+00 (  4.51e+02,  4.81e+01)
95      0.540   9.47e-01   1.36e+00   9.86e-01   4.45e+01   4.54e+00 (  7.19e+02,  3.46e+01)
41 n: 1.566e-04 e: 9.236e-04 i: 4.073e-04 :: e: 2.886e-02 i: 3.843e-02 :: n: 2.715e+01 e:22.510 i:27.156 v:4.993e+03
>>> tau_he = 5.000000, nhe(0)=3.136229e+00
 5   -311.394   6.22e-03   9.73e-01   3.14e-03  -6.50e-02   1.25e-07 (  1.97e+00,  4.37e+01)
10   -149.092   1.93e-02   2.78e-03  -6.99e-04  -1.40e-01   2.23e-06 (  1.21e+01,  9.09e+01)
15   -292.329   1.01e-01  -5.66e-03   3.03e-02  -4.21e+00   2.72e-05 (  6.52e+01,  1.34e+02)
20    -15.327   1.76e-01   1.14e-01   7.58e-02  -2.65e+00   2.52e-04 (  1.12e+02,  1.67e+02)
25     -1.434   2.10e-01   1.60e-01   5.85e-02  -2.14e+00   1.82e-03 (  1.37e+02,  1.91e+02)
30     -0.050   2.42e-01   1.65e-01   3.54e-03  -2.92e-01   1.04e-02 (  1.55e+02,  2.05e+02)
35     -0.006   2.74e-01   2.01e-01   7.18e-02  -3.36e-02   4.64e-02 (  1.66e+02,  2.08e+02)
40     -0.009   2.83e-01   2.24e-01   1.14e-01  -6.13e-02   1.65e-01 (  1.60e+02,  2.04e+02)
45      0.048   3.15e-01   2.79e-01   2.27e-01   3.83e-01   4.71e-01 (  1.59e+02,  1.92e+02)
50      0.145   3.81e-01   4.28e-01   2.15e-01   1.36e+00   1.08e+00 (  1.65e+02,  1.76e+02)
55      0.138   3.82e-01   4.84e-01   2.43e-01   2.16e+00   2.03e+00 (  1.46e+02,  1.57e+02)
60      0.155   4.01e-01   5.52e-01   2.83e-01   3.14e+00   3.17e+00 (  1.25e+02,  1.39e+02)
65      0.199   4.78e-01   6.56e-01   3.85e-01   4.43e+00   4.21e+00 (  1.18e+02,  1.21e+02)
70      0.228   5.42e-01   7.26e-01   4.61e-01   5.01e+00   4.90e+00 (  1.02e+02,  1.05e+02)
75      0.246   5.87e-01   7.89e-01   5.13e-01   5.23e+00   5.17e+00 (  8.84e+01,  8.97e+01)
80      0.251   5.99e-01   8.31e-01   5.54e-01   5.14e+00   5.14e+00 (  7.44e+01,  7.55e+01)
85      0.240   5.71e-01   8.32e-01   5.84e-01   4.68e+00   4.96e+00 (  6.42e+01,  6.16e+01)
90      0.661   1.53e+00   2.26e+00   1.50e+00   2.18e+01   4.73e+00 (  4.59e+02,  4.81e+01)
95      0.540   9.47e-01   1.36e+00   9.86e-01   4.45e+01   4.54e+00 (  7.19e+02,  3.46e+01)
42 n: 1.976e-04 e: 9.581e-04 i: 4.188e-04 :: e: 2.667e-02 i: 3.357e-02 :: n: 2.720e+01 e:21.835 i:27.671 v:4.993e+03
>>> tau_he = 5.000000, nhe(0)=3.177981e+00
 5   -308.829   6.64e-03   9.78e-01   3.16e-03  -6.46e-02   1.25e-07 (  2.05e+00,  4.37e+01)
10   -139.828   1.76e-02   6.26e-03  -2.07e-03  -1.31e-01   2.23e-06 (  1.07e+01,  9.09e+01)
15   -270.734   1.07e-01  -6.74e-03   2.89e-02  -3.91e+00   2.72e-05 (  6.77e+01,  1.34e+02)
20    -14.244   1.71e-01   1.02e-01   6.33e-02  -2.47e+00   2.52e-04 (  1.06e+02,  1.67e+02)
25     -1.341   2.03e-01   1.50e-01   6.82e-02  -2.01e+00   1.82e-03 (  1.28e+02,  1.91e+02)
30     -0.028   2.31e-01   1.50e-01   5.25e-03  -1.77e-01   1.04e-02 (  1.44e+02,  2.05e+02)
35      0.015   2.59e-01   1.79e-01   5.09e-02   1.03e-01   4.64e-02 (  1.52e+02,  2.08e+02)
40      0.027   2.69e-01   1.98e-01   1.00e-01   2.05e-01   1.65e-01 (  1.46e+02,  2.04e+02)
45      0.048   3.01e-01   2.49e-01   2.07e-01   3.83e-01   4.71e-01 (  1.45e+02,  1.92e+02)
50      0.092   3.13e-01   2.79e-01   1.61e-01   8.45e-01   1.08e+00 (  1.29e+02,  1.76e+02)
55      0.095   3.07e-01   3.39e-01   1.76e-01   1.47e+00   2.03e+00 (  1.11e+02,  1.57e+02)
60      0.148   3.71e-01   5.01e-01   2.60e-01   2.98e+00   3.17e+00 (  1.10e+02,  1.39e+02)
65      0.170   4.04e-01   5.40e-01   3.13e-01   3.76e+00   4.21e+00 (  9.39e+01,  1.21e+02)
70      0.220   5.14e-01   6.91e-01   4.40e-01   4.82e+00   4.90e+00 (  9.15e+01,  1.05e+02)
75      0.245   5.78e-01   7.73e-01   5.09e-01   5.19e+00   5.17e+00 (  8.17e+01,  8.97e+01)
80      0.257   6.15e-01   8.38e-01   5.69e-01   5.28e+00   5.14e+00 (  7.13e+01,  7.55e+01)
85      0.256   6.11e-01   8.72e-01   6.21e-01   4.98e+00   4.96e+00 (  6.36e+01,  6.16e+01)
90      0.664   1.53e+00   2.26e+00   1.49e+00   2.19e+01   4.73e+00 (  4.51e+02,  4.81e+01)
95      0.540   9.47e-01   1.36e+00   9.86e-01   4.45e+01   4.54e+00 (  7.19e+02,  3.46e+01)
43 n: 1.734e-04 e: 9.640e-04 i: 4.156e-04 :: e: 2.849e-02 i: 3.785e-02 :: n: 2.714e+01 e:22.539 i:27.163 v:4.993e+03
>>> tau_he = 5.000000, nhe(0)=3.133042e+00
 5   -312.421   6.22e-03   9.73e-01   3.14e-03  -6.50e-02   1.25e-07 (  1.97e+00,  4.37e+01)
10   -149.870   1.95e-02   2.76e-03  -6.61e-04  -1.41e-01   2.23e-06 (  1.22e+01,  9.09e+01)
15   -292.947   1.01e-01  -5.70e-03   3.04e-02  -4.22e+00   2.72e-05 (  6.53e+01,  1.34e+02)
20    -15.384   1.76e-01   1.14e-01   7.63e-02  -2.65e+00   2.52e-04 (  1.12e+02,  1.67e+02)
25     -1.446   2.11e-01   1.60e-01   6.00e-02  -2.15e+00   1.82e-03 (  1.37e+02,  1.91e+02)
30     -0.063   2.43e-01   1.66e-01   6.50e-03  -3.51e-01   1.04e-02 (  1.56e+02,  2.05e+02)
35     -0.013   2.78e-01   2.02e-01   7.43e-02  -7.65e-02   4.64e-02 (  1.69e+02,  2.08e+02)
40      0.086   3.46e-01   3.16e-01   1.93e-01   6.26e-01   1.65e-01 (  1.97e+02,  2.04e+02)
45      0.047   3.16e-01   2.80e-01   2.27e-01   3.78e-01   4.71e-01 (  1.60e+02,  1.92e+02)
50      0.145   3.82e-01   4.29e-01   2.15e-01   1.36e+00   1.08e+00 (  1.66e+02,  1.76e+02)
55      0.138   3.83e-01   4.85e-01   2.43e-01   2.16e+00   2.03e+00 (  1.46e+02,  1.57e+02)
60      0.155   4.02e-01   5.52e-01   2.83e-01   3.14e+00   3.17e+00 (  1.26e+02,  1.39e+02)
65      0.199   4.78e-01   6.57e-01   3.85e-01   4.43e+00   4.21e+00 (  1.18e+02,  1.21e+02)
70      0.228   5.42e-01   7.26e-01   4.61e-01   5.01e+00   4.90e+00 (  1.02e+02,  1.05e+02)
75      0.247   5.87e-01   7.90e-01   5.14e-01   5.23e+00   5.17e+00 (  8.85e+01,  8.97e+01)
80      0.251   5.99e-01   8.31e-01   5.54e-01   5.14e+00   5.14e+00 (  7.44e+01,  7.55e+01)
85      0.241   5.72e-01   8.33e-01   5.85e-01   4.69e+00   4.96e+00 (  6.43e+01,  6.16e+01)
90      0.661   1.53e+00   2.26e+00   1.50e+00   2.18e+01   4.73e+00 (  4.59e+02,  4.81e+01)
95      0.540   9.47e-01   1.36e+00   9.86e-01   4.45e+01   4.54e+00 (  7.19e+02,  3.46e+01)
44 n: 1.592e-04 e: 1.070e-03 i: 4.561e-04 :: e: 3.509e-02 i: 4.265e-02 :: n: 2.706e+01 e:21.818 i:27.687 v:4.993e+03
>>> tau_he = 5.000000, nhe(0)=3.153048e+00
 5   -308.620   6.63e-03   9.75e-01   3.17e-03  -6.44e-02   1.25e-07 (  2.03e+00,  4.37e+01)
10   -143.285   2.16e-02   3.56e-03  -7.55e-04  -1.35e-01   2.23e-06 (  1.31e+01,  9.09e+01)
15   -270.375   1.07e-01  -6.15e-03   2.93e-02  -3.90e+00   2.72e-05 (  6.74e+01,  1.34e+02)
20    -14.177   1.72e-01   1.03e-01   6.45e-02  -2.45e+00   2.52e-04 (  1.06e+02,  1.67e+02)
25     -1.334   2.04e-01   1.51e-01   6.81e-02  -1.99e+00   1.82e-03 (  1.28e+02,  1.91e+02)
30     -0.035   2.32e-01   1.53e-01   7.93e-03  -2.10e-01   1.04e-02 (  1.44e+02,  2.05e+02)
35     -0.009   2.66e-01   1.83e-01   6.43e-02  -5.31e-02   4.64e-02 (  1.55e+02,  2.08e+02)
40     -0.022   2.74e-01   2.01e-01   1.11e-01  -1.44e-01   1.65e-01 (  1.47e+02,  2.04e+02)
45      0.048   3.01e-01   2.49e-01   2.07e-01   3.74e-01   4.71e-01 (  1.45e+02,  1.92e+02)
50      0.092   3.14e-01   2.80e-01   1.61e-01   8.49e-01   1.08e+00 (  1.30e+02,  1.76e+02)
55      0.131   3.57e-01   4.27e-01   2.20e-01   2.02e+00   2.03e+00 (  1.29e+02,  1.57e+02)
60      0.149   3.72e-01   5.02e-01   2.61e-01   2.99e+00   3.17e+00 (  1.10e+02,  1.39e+02)
65      0.170   4.04e-01   5.41e-01   3.14e-01   3.77e+00   4.21e+00 (  9.41e+01,  1.21e+02)
70      0.221   5.14e-01   6.92e-01   4.41e-01   4.83e+00   4.90e+00 (  9.17e+01,  1.05e+02)
75      0.245   5.79e-01   7.75e-01   5.10e-01   5.20e+00   5.17e+00 (  8.18e+01,  8.97e+01)
80      0.258   6.16e-01   8.40e-01   5.70e-01   5.28e+00   5.14e+00 (  7.15e+01,  7.55e+01)
85      0.256   6.12e-01   8.74e-01   6.22e-01   4.99e+00   4.96e+00 (  6.37e+01,  6.16e+01)
90      0.664   1.53e+00   2.26e+00   1.49e+00   2.19e+01   4.73e+00 (  4.51e+02,  4.81e+01)
95      0.540   9.47e-01   1.36e+00   9.86e-01   4.45e+01   4.54e+00 (  7.19e+02,  3.46e+01)
45 n: 3.251e-04 e: 8.847e-04 i: 4.443e-04 :: e: 2.345e-02 i: 3.052e-02 :: n: 2.718e+01 e:22.491 i:27.169 v:4.993e+03
>>> tau_he = 5.000000, nhe(0)=3.141576e+00
 5   -310.670   6.24e-03   9.75e-01   3.14e-03  -6.51e-02   1.25e-07 (  1.98e+00,  4.37e+01)
10   -149.169   1.96e-02   2.82e-03  -6.80e-04  -1.40e-01   2.23e-06 (  1.23e+01,  9.09e+01)
15   -291.792   1.02e-01  -3.41e-03   3.13e-02  -4.22e+00   2.72e-05 (  6.59e+01,  1.34e+02)
20    -15.269   1.76e-01   1.14e-01   7.51e-02  -2.65e+00   2.52e-04 (  1.12e+02,  1.67e+02)
25     -1.417   2.11e-01   1.59e-01   5.47e-02  -2.13e+00   1.82e-03 (  1.37e+02,  1.91e+02)
30     -0.022   2.36e-01   1.64e-01  -3.25e-03  -1.44e-01   1.04e-02 (  1.51e+02,  2.05e+02)
35      0.010   2.71e-01   2.00e-01   6.57e-02   6.34e-02   4.64e-02 (  1.63e+02,  2.08e+02)
40     -0.009   2.82e-01   2.23e-01   1.17e-01  -6.76e-02   1.65e-01 (  1.58e+02,  2.04e+02)
45      0.049   3.15e-01   2.80e-01   2.27e-01   3.88e-01   4.71e-01 (  1.58e+02,  1.92e+02)
50      0.145   3.81e-01   4.29e-01   2.16e-01   1.36e+00   1.08e+00 (  1.65e+02,  1.76e+02)
55      0.135   3.80e-01   4.75e-01   2.43e-01   2.07e+00   2.03e+00 (  1.44e+02,  1.57e+02)
60      0.154   4.00e-01   5.49e-01   2.81e-01   3.10e+00   3.17e+00 (  1.25e+02,  1.39e+02)
65      0.199   4.78e-01   6.57e-01   3.86e-01   4.43e+00   4.21e+00 (  1.18e+02,  1.21e+02)
70      0.228   5.41e-01   7.27e-01   4.62e-01   5.00e+00   4.90e+00 (  1.03e+02,  1.05e+02)
75      0.247   5.87e-01   7.90e-01   5.14e-01   5.23e+00   5.17e+00 (  8.85e+01,  8.97e+01)
80      0.251   5.99e-01   8.32e-01   5.55e-01   5.14e+00   5.14e+00 (  7.45e+01,  7.55e+01)
85      0.241   5.72e-01   8.34e-01   5.86e-01   4.68e+00   4.96e+00 (  6.45e+01,  6.16e+01)
90      0.661   1.53e+00   2.26e+00   1.50e+00   2.18e+01   4.73e+00 (  4.60e+02,  4.81e+01)
95      0.540   9.47e-01   1.36e+00   9.86e-01   4.45e+01   4.54e+00 (  7.19e+02,  3.46e+01)
46 n: 1.809e-04 e: 9.277e-04 i: 3.874e-04 :: e: 2.440e-02 i: 3.148e-02 :: n: 2.711e+01 e:21.836 i:27.645 v:4.993e+03
>>> tau_he = 5.000000, nhe(0)=3.159035e+00
 5   -309.363   6.61e-03   9.75e-01   3.17e-03  -6.45e-02   1.25e-07 (  2.04e+00,  4.37e+01)
10   -143.410   2.15e-02   3.56e-03  -7.55e-04  -1.35e-01   2.23e-06 (  1.31e+01,  9.09e+01)
15   -270.990   1.07e-01  -6.41e-03   2.92e-02  -3.91e+00   2.72e-05 (  6.76e+01,  1.34e+02)
20    -14.247   1.71e-01   1.03e-01   6.43e-02  -2.46e+00   2.52e-04 (  1.06e+02,  1.67e+02)
25     -1.348   2.04e-01   1.51e-01   7.01e-02  -2.01e+00   1.82e-03 (  1.28e+02,  1.91e+02)
30     -0.043   2.33e-01   1.52e-01   8.80e-03  -2.51e-01   1.04e-02 (  1.45e+02,  2.05e+02)
35      0.002   2.64e-01   1.81e-01   5.82e-02   1.32e-02   4.64e-02 (  1.54e+02,  2.08e+02)
40      0.024   2.69e-01   1.98e-01   1.03e-01   1.78e-01   1.65e-01 (  1.46e+02,  2.04e+02)
45      0.048   3.01e-01   2.50e-01   2.07e-01   3.82e-01   4.71e-01 (  1.45e+02,  1.92e+02)
50      0.092   3.13e-01   2.80e-01   1.61e-01   8.41e-01   1.08e+00 (  1.29e+02,  1.76e+02)
55      0.094   3.05e-01   3.34e-01   1.77e-01   1.42e+00   2.03e+00 (  1.10e+02,  1.57e+02)
60      0.148   3.71e-01   5.00e-01   2.60e-01   2.96e+00   3.17e+00 (  1.10e+02,  1.39e+02)
65      0.170   4.04e-01   5.40e-01   3.13e-01   3.76e+00   4.21e+00 (  9.40e+01,  1.21e+02)
70      0.220   5.14e-01   6.92e-01   4.41e-01   4.82e+00   4.90e+00 (  9.16e+01,  1.05e+02)
75      0.245   5.78e-01   7.74e-01   5.09e-01   5.19e+00   5.17e+00 (  8.17e+01,  8.97e+01)
80      0.257   6.15e-01   8.39e-01   5.70e-01   5.27e+00   5.14e+00 (  7.14e+01,  7.55e+01)
85      0.255   6.11e-01   8.73e-01   6.22e-01   4.98e+00   4.96e+00 (  6.37e+01,  6.16e+01)
90      0.664   1.53e+00   2.26e+00   1.49e+00   2.19e+01   4.73e+00 (  4.51e+02,  4.81e+01)
95      0.540   9.47e-01   1.36e+00   9.86e-01   4.45e+01   4.54e+00 (  7.19e+02,  3.46e+01)
47 n: 1.865e-04 e: 8.240e-04 i: 3.918e-04 :: e: 2.886e-02 i: 3.905e-02 :: n: 2.717e+01 e:22.472 i:27.174 v:4.993e+03
>>> tau_he = 5.000000, nhe(0)=3.140390e+00
 5   -311.060   6.24e-03   9.73e-01   3.14e-03  -6.50e-02   1.25e-07 (  1.98e+00,  4.37e+01)
10   -148.726   1.93e-02   2.82e-03  -7.26e-04  -1.40e-01   2.23e-06 (  1.21e+01,  9.09e+01)
15   -291.133   1.01e-01  -3.44e-03   3.13e-02  -4.20e+00   2.72e-05 (  6.56e+01,  1.34e+02)
20    -15.239   1.76e-01   1.14e-01   7.51e-02  -2.64e+00   2.52e-04 (  1.12e+02,  1.67e+02)
25     -1.422   2.10e-01   1.59e-01   5.67e-02  -2.13e+00   1.82e-03 (  1.36e+02,  1.91e+02)
30     -0.036   2.37e-01   1.64e-01   6.41e-04  -2.18e-01   1.04e-02 (  1.52e+02,  2.05e+02)
35      0.004   2.72e-01   2.00e-01   6.76e-02   2.75e-02   4.64e-02 (  1.64e+02,  2.08e+02)
40      0.020   2.82e-01   2.20e-01   1.15e-01   1.45e-01   1.65e-01 (  1.58e+02,  2.04e+02)
45      0.048   3.15e-01   2.79e-01   2.27e-01   3.86e-01   4.71e-01 (  1.58e+02,  1.92e+02)
50      0.145   3.80e-01   4.28e-01   2.15e-01   1.36e+00   1.08e+00 (  1.64e+02,  1.76e+02)
55      0.136   3.80e-01   4.77e-01   2.42e-01   2.10e+00   2.03e+00 (  1.44e+02,  1.57e+02)
60      0.154   4.00e-01   5.50e-01   2.82e-01   3.11e+00   3.17e+00 (  1.25e+02,  1.39e+02)
65      0.199   4.77e-01   6.55e-01   3.84e-01   4.42e+00   4.21e+00 (  1.17e+02,  1.21e+02)
70      0.228   5.41e-01   7.25e-01   4.61e-01   5.00e+00   4.90e+00 (  1.02e+02,  1.05e+02)
75      0.246   5.87e-01   7.89e-01   5.13e-01   5.22e+00   5.17e+00 (  8.82e+01,  8.97e+01)
80      0.251   5.98e-01   8.31e-01   5.54e-01   5.13e+00   5.14e+00 (  7.43e+01,  7.55e+01)
85      0.241   5.71e-01   8.33e-01   5.85e-01   4.68e+00   4.96e+00 (  6.42e+01,  6.16e+01)
90      0.661   1.53e+00   2.26e+00   1.50e+00   2.18e+01   4.73e+00 (  4.59e+02,  4.81e+01)
95      0.540   9.47e-01   1.36e+00   9.86e-01   4.45e+01   4.54e+00 (  7.19e+02,  3.46e+01)
48 n: 1.386e-04 e: 8.486e-04 i: 3.703e-04 :: e: 2.424e-02 i: 3.144e-02 :: n: 2.712e+01 e:21.846 i:27.645 v:4.993e+03
>>> tau_he = 5.000000, nhe(0)=3.160452e+00
 5   -309.077   6.61e-03   9.77e-01   3.17e-03  -6.46e-02   1.25e-07 (  2.04e+00,  4.37e+01)
10   -142.993   2.13e-02   3.60e-03  -7.69e-04  -1.34e-01   2.23e-06 (  1.30e+01,  9.09e+01)
15   -270.644   1.07e-01  -6.51e-03   2.92e-02  -3.91e+00   2.72e-05 (  6.76e+01,  1.34e+02)
20    -14.238   1.71e-01   1.03e-01   6.44e-02  -2.46e+00   2.52e-04 (  1.06e+02,  1.67e+02)
25     -1.345   2.04e-01   1.51e-01   7.01e-02  -2.01e+00   1.82e-03 (  1.28e+02,  1.91e+02)
30     -0.034   2.32e-01   1.52e-01   7.10e-03  -2.06e-01   1.04e-02 (  1.44e+02,  2.05e+02)
35      0.003   2.64e-01   1.82e-01   5.79e-02   1.89e-02   4.64e-02 (  1.54e+02,  2.08e+02)
40      0.020   2.72e-01   2.00e-01   1.06e-01   1.43e-01   1.65e-01 (  1.48e+02,  2.04e+02)
45      0.048   3.02e-01   2.50e-01   2.08e-01   3.79e-01   4.71e-01 (  1.46e+02,  1.92e+02)
50      0.092   3.14e-01   2.80e-01   1.62e-01   8.41e-01   1.08e+00 (  1.29e+02,  1.76e+02)
55      0.094   3.06e-01   3.37e-01   1.77e-01   1.43e+00   2.03e+00 (  1.10e+02,  1.57e+02)
60      0.148   3.71e-01   5.01e-01   2.60e-01   2.97e+00   3.17e+00 (  1.10e+02,  1.39e+02)
65      0.170   4.04e-01   5.41e-01   3.14e-01   3.76e+00   4.21e+00 (  9.41e+01,  1.21e+02)
70      0.220   5.14e-01   6.92e-01   4.41e-01   4.82e+00   4.90e+00 (  9.16e+01,  1.05e+02)
75      0.245   5.78e-01   7.73e-01   5.09e-01   5.19e+00   5.17e+00 (  8.17e+01,  8.97e+01)
80      0.257   6.14e-01   8.38e-01   5.69e-01   5.27e+00   5.14e+00 (  7.13e+01,  7.55e+01)
85      0.255   6.10e-01   8.71e-01   6.20e-01   4.97e+00   4.96e+00 (  6.36e+01,  6.16e+01)
90      0.664   1.53e+00   2.26e+00   1.49e+00   2.19e+01   4.73e+00 (  4.51e+02,  4.81e+01)
95      0.540   9.47e-01   1.36e+00   9.86e-01   4.45e+01   4.54e+00 (  7.19e+02,  3.46e+01)
49 n: 1.670e-04 e: 7.837e-04 i: 3.602e-04 :: e: 2.760e-02 i: 3.741e-02 :: n: 2.718e+01 e:22.469 i:27.193 v:4.993e+03
 plasma volume = 149.565012
 stored energy(e,i,b,a) = 6.512425e+01 6.342382e+01 0.000000e+00 0.000000e+00
 betan = 1.452001
*power
 Pnb(e,i) = 0.000000e+00 0.000000e+00
 Prf(e,i) = 6.632081e+00 3.336357e+01
 Prad     = -8.457070e+01 
 Pei      = 1.249019e+01 
 Pfuse    = 6.861020e+01 
 Pfusi    = 2.088240e+01 
 Poh      = 0.000000e+00 
*confinement time
 taut, tauITER98y2, H98y2 : 2.861868e+00 2.363715e+00 1.210750e+00
 taue, taui : 2.059748e+01 7.557458e+00
 taut, tau89, H89 : 2.861868e+00 1.040165e+00 2.751360e+00
*temperature
 nea, nebar : 2.045329e+01 2.319551e+01 
 tea, tia : 7.830690e+00 8.368187e+00 (9.357690e-01)
 te0, ti0 : 2.018727e+01 2.695450e+01 (7.489389e-01)
 Sn : 9.997679e+02 
*current balance
 Ip,Ibs,Inb,Irf: 1.000000e+01 2.149889e+00 0.000000e+00 1.385105e-01
 fni,fbs: 0.229 0.215

 plasma volume = 149.565012
 stored energy(e,i,b,a) = 6.512425e+01 6.342382e+01 0.000000e+00 0.000000e+00
 betan = 1.452001
*power
 Pnb(e,i) = 0.000000e+00 0.000000e+00
 Prf(e,i) = 6.632081e+00 3.336357e+01
 Prad     = -8.457070e+01 
 Pei      = 1.249019e+01 
 Pfuse    = 6.861020e+01 
 Pfusi    = 2.088240e+01 
 Poh      = 0.000000e+00 
*confinement time
 taut, tauITER98y2, H98y2 : 2.861868e+00 2.363715e+00 1.210750e+00
 taue, taui : 2.059748e+01 7.557458e+00
 taut, tau89, H89 : 2.861868e+00 1.040165e+00 2.751360e+00
*temperature
 nea, nebar : 2.045329e+01 2.319551e+01 
 tea, tia : 7.830690e+00 8.368187e+00 (9.357690e-01)
 te0, ti0 : 2.018727e+01 2.695450e+01 (7.489389e-01)
 Sn : 9.997679e+02 
*current balance
 Ip,Ibs,Inb,Irf: 1.000000e+01 2.149889e+00 0.000000e+00 1.385105e-01
 fni,fbs: 0.229 0.215
 ELAPASED TIME = 45 sec

finalize
