NCAPTC: : NetCDF: Variable not found
Warning: ieee_overflow is signaling
Warning: ieee_underflow is signaling
Warning: ieee_inexact is signaling
FORTRAN STOP
 solver
 /global/common/software/atom/perlmutter/data/greentable/
 /global/common/software/atom/perlmutter/data/greentable/

          EFITD Version  07/09/2014


 type mode (2=file, 3=snap, 4=time, 5=input, 6=com file, 7=snap_ext):

 number of time slices?

 type input file names:
 #
 table_dir = </global/common/software/atom/perlmutter/data/greentable/>

  ----- time =     3 ms ----- ( 0)
 it=  1 chi2=0.00E+00 zm= 7.53E-03 err=5.202E+00 dz= 7.535E-03 chigam= 0.00E+00
 it=  2 chi2=0.00E+00 zm= 1.07E-02 err=8.853E-01 dz= 3.171E-03 chigam= 0.00E+00
 it=  3 chi2=0.00E+00 zm= 1.31E-02 err=4.937E-01 dz= 2.366E-03 chigam= 0.00E+00
 it=  4 chi2=0.00E+00 zm= 1.48E-02 err=2.858E-01 dz= 1.774E-03 chigam= 0.00E+00
 it=  5 chi2=0.00E+00 zm= 1.62E-02 err=1.686E-01 dz= 1.347E-03 chigam= 0.00E+00
 it=  6 chi2=0.00E+00 zm= 1.72E-02 err=1.077E-01 dz= 1.031E-03 chigam= 0.00E+00
 it=  7 chi2=0.00E+00 zm= 1.80E-02 err=6.186E-02 dz= 7.686E-04 chigam= 0.00E+00
 it=  8 chi2=0.00E+00 zm= 1.86E-02 err=3.398E-02 dz= 5.672E-04 chigam= 0.00E+00
 it=  9 chi2=0.00E+00 zm= 1.90E-02 err=2.492E-02 dz= 4.223E-04 chigam= 0.00E+00
 it= 10 chi2=0.00E+00 zm= 1.93E-02 err=1.627E-02 dz= 3.108E-04 chigam= 0.00E+00
 it= 11 chi2=0.00E+00 zm= 1.95E-02 err=1.108E-02 dz= 2.238E-04 chigam= 0.00E+00
 it= 12 chi2=0.00E+00 zm= 1.97E-02 err=6.469E-03 dz= 1.624E-04 chigam= 0.00E+00
 it= 13 chi2=0.00E+00 zm= 1.98E-02 err=3.804E-03 dz= 1.176E-04 chigam= 0.00E+00
 it= 14 chi2=0.00E+00 zm= 1.99E-02 err=2.251E-03 dz= 8.495E-05 chigam= 0.00E+00
 it= 15 chi2=0.00E+00 zm= 1.99E-02 err=3.120E-03 dz= 6.541E-05 chigam= 0.00E+00
 it= 16 chi2=0.00E+00 zm= 2.00E-02 err=1.977E-03 dz= 4.797E-05 chigam= 0.00E+00
 it= 17 chi2=0.00E+00 zm= 2.00E-02 err=1.264E-03 dz= 3.507E-05 chigam= 0.00E+00
 it= 18 chi2=0.00E+00 zm= 2.01E-02 err=8.164E-04 dz= 2.559E-05 chigam= 0.00E+00
 it= 19 chi2=0.00E+00 zm= 2.01E-02 err=5.325E-04 dz= 1.863E-05 chigam= 0.00E+00
 it= 20 chi2=0.00E+00 zm= 2.01E-02 err=3.509E-04 dz= 1.355E-05 chigam= 0.00E+00
 it= 21 chi2=0.00E+00 zm= 2.01E-02 err=2.335E-04 dz= 9.838E-06 chigam= 0.00E+00
 it= 22 chi2=0.00E+00 zm= 2.01E-02 err=1.568E-04 dz= 7.138E-06 chigam= 0.00E+00
 it= 23 chi2=0.00E+00 zm= 2.01E-02 err=1.062E-04 dz= 5.177E-06 chigam= 0.00E+00
 it= 24 chi2=0.00E+00 zm= 2.01E-02 err=7.256E-05 dz= 3.753E-06 chigam= 0.00E+00

      ******************** EFITD129 x 129  output ********************

       data used:   
  0 flux loops
  0 magnetic probes(i)
  0 full rogowski
  0 diamagnetic loop


 shot #   =          1 time(ms) =          3 chi**2   =  0.000E+00
 betat(%) =      1.219 betap    =      0.619 li       =      0.858
 vol(cm3) =  0.780E+07 rout(cm) =    172.207 zout(cm) =      0.748
 elong    =      1.350 utriang  =     -0.371 ltriang  =     -0.307
 a(cm)    =     41.437 lin(cm)  = ********** lout(cm) =     10.532
 ltop(cm) = ********** q*       =      2.337 rc(cm)   =    177.040
 zc(cm)   =      1.807 bt0(t)   =      2.000 qout     =      2.220
