========================================================================
= FASTRAN

nonlinear model = 1
ichi = 0
ineo = 0
reading state...
read formatted input, inprof...
init geometry...
read formatted input, inmetric...
nrho in inmetric = 101
rhob in inmetric = 1.265755e+00
solve avg grad-shafranv...
solve_avg_gs::Ip_temp = 9.421741e-01 
solve_avg_gs::Ip      = 1.000000e+01 
>>> tau_he = 5.000000, nhe(0)=2.533494e+00

 plasma volume = 149.443758
 stored energy(e,i,b) = 6.064920e+01 5.850377e+01 0.000000e+00
 betan = 1.347235
*power
 Pnb(e,i) = 0.000000e+00 0.000000e+00
 Prf(e,i) = 0.000000e+00 0.000000e+00
 Prad     = -9.047601e+00 
 Pei      = 1.297029e+00 
 Pfuse    = 6.374683e+01 
 Pfusi    = 2.142856e+01 
 Poh      = 0.000000e+00 
*confinement time
 taut, tauITER98y2, H98y2 : 1.565170e+00 1.556226e+00 1.005747e+00
 taue, taui : 1.083094e+00 2.906077e+00
 taut, tau89, H89 : 1.565170e+00 7.885546e-01 1.984860e+00
*temperature
 nea, nebar : 1.710305e+01 2.033264e+01 
 tea, tia : 8.612480e+00 8.665936e+00 (9.938314e-01)
 te0, ti0 : 1.881549e+01 1.901571e+01 (9.894705e-01)
 Sn : 0.000000e+00 
*current balance
 Ip,Ibs,Inb,Irf: 1.000000e+01 2.079049e+00 0.000000e+00 0.000000e+00
 fni,fbs: 0.208 0.208

 plasma volume = 149.443758
 stored energy(e,i,b) = 6.064920e+01 5.850377e+01 0.000000e+00
 betan = 1.347235
*power
 Pnb(e,i) = 0.000000e+00 0.000000e+00
 Prf(e,i) = 0.000000e+00 0.000000e+00
 Prad     = -9.047601e+00 
 Pei      = 1.297029e+00 
 Pfuse    = 6.374683e+01 
 Pfusi    = 2.142856e+01 
 Poh      = 0.000000e+00 
*confinement time
 taut, tauITER98y2, H98y2 : 1.565170e+00 1.556226e+00 1.005747e+00
 taue, taui : 1.083094e+00 2.906077e+00
 taut, tau89, H89 : 1.565170e+00 7.885546e-01 1.984860e+00
*temperature
 nea, nebar : 1.710305e+01 2.033264e+01 
 tea, tia : 8.612480e+00 8.665936e+00 (9.938314e-01)
 te0, ti0 : 1.881549e+01 1.901571e+01 (9.894705e-01)
 Sn : 0.000000e+00 
*current balance
 Ip,Ibs,Inb,Irf: 1.000000e+01 2.079049e+00 0.000000e+00 0.000000e+00
 fni,fbs: 0.208 0.208
 ELAPASED TIME = 0 sec
