========================================================================
= FASTRAN

nonlinear model = 0
ichi = 0
ineo = 0
reading state...
read formatted input, inprof...
init geometry...
read formatted input, inmetric...
nrho in inmetric = 101
rhob in inmetric = 1.259250e+00
solve avg grad-shafranv...
solve_avg_gs::Ip_temp = 9.969142e+00 
solve_avg_gs::Ip      = 1.000000e+01 
>>> tau_he = 5.000000, nhe(0)=8.511327e-01

 plasma volume = 147.241695
 stored energy(e,i,b) = 3.625358e+01 3.565269e+01 0.000000e+00
 betan = 0.821938
*power
 Pnb(e,i) = 0.000000e+00 0.000000e+00
 Prf(e,i) = 3.137718e-04 0.000000e+00
 Prad     = -8.769125e+00 
 Pei      = -4.641482e-01 
 Pfuse    = 1.867860e+01 
 Pfusi    = 3.742492e+00 
 Poh      = 0.000000e+00 
*confinement time
 taut, tauITER98y2, H98y2 : 5.266980e+00 5.160153e+00 1.020702e+00
 taue, taui : 3.838130e+00 8.475337e+00
 taut, tau89, H89 : 5.266980e+00 1.862119e+00 2.828488e+00
*temperature
 nea, nebar : 1.861723e+01 2.142998e+01 
 tea, tia : 4.980738e+00 4.971733e+00 (1.001811e+00)
 te0, ti0 : 9.727732e+00 9.622990e+00 (1.010885e+00)
 Sn : 0.000000e+00 
*current balance
 Ip,Ibs,Inb,Irf: 1.000000e+01 1.174453e+00 0.000000e+00 -3.413031e-06
 fni,fbs: 0.117 0.117

Time advancing...
rho_bdry 0.900000 ...
te_bdry = 3.746296
ti_bdry = 3.746213
ne_bdry = 14.494689
rv_bdry = 279.463030
nrho_tr_bdry = 18
drho_bdry = 0.000000e+00
nrhob = 90
 [    0] t = 0.0000 
>>> tau_he = 5.000000, nhe(0)=8.497730e-01
 5      0.000   1.16e-03   4.85e-02   1.30e-03   9.45e-05   0.00e+00 (  8.48e-02,  1.06e+01)
10      0.000   4.90e-05   1.26e-04  -1.05e-04   5.30e-06   0.00e+00 (  4.85e-03,  2.03e+01)
15      0.000   7.75e-05   2.07e-04  -1.01e-05   2.20e-05   0.00e+00 (  9.42e-03,  2.87e+01)
20     -0.000   8.24e-05  -5.77e-04  -3.34e-04  -5.34e-04   0.00e+00 (  1.16e-02,  3.57e+01)
25      0.000   5.55e-04  -4.47e-04  -6.21e-04   1.88e-03   0.00e+00 (  8.63e-02,  4.11e+01)
30      0.007   1.38e-02   9.17e-03   5.62e-03   6.84e-02   0.00e+00 (  2.30e+00,  4.48e+01)
35      0.017   3.64e-02   3.87e-02   3.10e-02   1.86e-01   0.00e+00 (  6.20e+00,  4.71e+01)
40      0.026   6.23e-02   8.97e-02   6.47e-02   3.12e-01   0.00e+00 (  1.06e+01,  4.80e+01)
45      0.037   8.56e-02   1.31e-01   7.28e-02   4.68e-01   0.00e+00 (  1.43e+01,  4.77e+01)
50      0.052   1.21e-01   2.07e-01   1.34e-01   6.87e-01   0.00e+00 (  1.95e+01,  4.65e+01)
55      0.071   1.66e-01   3.03e-01   1.73e-01   9.68e-01   0.00e+00 (  2.55e+01,  4.48e+01)
60      0.088   2.05e-01   3.72e-01   2.04e-01   1.24e+00   0.00e+00 (  2.88e+01,  4.28e+01)
65      0.109   2.42e-01   4.34e-01   2.64e-01   1.59e+00   0.00e+00 (  2.93e+01,  4.07e+01)
70      0.114   2.48e-01   4.23e-01   2.97e-01   1.70e+00   0.00e+00 (  2.40e+01,  3.86e+01)
75      0.108   2.42e-01   3.81e-01   2.90e-01   1.64e+00   0.00e+00 (  1.91e+01,  3.63e+01)
80      0.116   2.77e-01   3.90e-01   2.79e-01   1.85e+00   0.00e+00 (  1.85e+01,  3.38e+01)
85      0.192   5.29e-01   5.81e-01   3.25e-01   3.68e+00   0.00e+00 (  3.20e+01,  3.14e+01)
90      0.588   1.41e+00   1.84e+00   1.10e+00   2.05e+01   0.00e+00 (  2.82e+02,  2.92e+01)
95      0.584   1.05e+00   1.51e+00   1.14e+00   3.60e+01   0.00e+00 (  5.40e+02,  2.72e+01)
 0 e: 1.644e-07 i: 2.975e-07 :: e: 0.000e+00 i: 0.000e+00 :: n: 2.762e+01 e:9.728 i:9.623 v:4.993e+03
>>> tau_he = 5.000000, nhe(0)=8.430812e-01
 5      0.000   1.22e-03   5.54e-02   1.36e-03   2.39e-04   0.00e+00 (  8.75e-02,  1.06e+01)
10      0.000   4.90e-05   1.40e-04  -1.04e-04   5.38e-06   0.00e+00 (  4.86e-03,  2.03e+01)
15      0.000   7.75e-05   2.07e-04  -1.01e-05   2.13e-05   0.00e+00 (  9.43e-03,  2.87e+01)
20     -0.000   8.23e-05  -5.77e-04  -3.34e-04  -5.38e-04   0.00e+00 (  1.16e-02,  3.57e+01)
25      0.000   5.82e-04  -4.40e-04  -6.33e-04   2.02e-03   0.00e+00 (  9.10e-02,  4.11e+01)
30      0.007   1.41e-02   9.43e-03   5.76e-03   6.98e-02   0.00e+00 (  2.35e+00,  4.48e+01)
35      0.017   3.70e-02   3.97e-02   3.16e-02   1.90e-01   0.00e+00 (  6.32e+00,  4.71e+01)
40      0.026   6.26e-02   9.02e-02   6.50e-02   3.13e-01   0.00e+00 (  1.07e+01,  4.80e+01)
45      0.038   8.64e-02   1.33e-01   7.30e-02   4.74e-01   0.00e+00 (  1.45e+01,  4.77e+01)
50      0.053   1.22e-01   2.09e-01   1.35e-01   6.93e-01   0.00e+00 (  1.97e+01,  4.65e+01)
55      0.070   1.65e-01   3.00e-01   1.72e-01   9.58e-01   0.00e+00 (  2.52e+01,  4.48e+01)
60      0.086   2.02e-01   3.68e-01   1.98e-01   1.22e+00   0.00e+00 (  2.84e+01,  4.28e+01)
65      0.106   2.37e-01   4.21e-01   2.56e-01   1.55e+00   0.00e+00 (  2.85e+01,  4.07e+01)
70      0.113   2.45e-01   4.17e-01   2.93e-01   1.67e+00   0.00e+00 (  2.38e+01,  3.86e+01)
75      0.110   2.46e-01   3.91e-01   2.97e-01   1.67e+00   0.00e+00 (  1.97e+01,  3.63e+01)
80      0.118   2.79e-01   4.00e-01   2.89e-01   1.87e+00   0.00e+00 (  1.91e+01,  3.38e+01)
85      0.190   5.16e-01   5.87e-01   3.36e-01   3.65e+00   0.00e+00 (  3.24e+01,  3.14e+01)
90      0.584   1.41e+00   1.81e+00   1.07e+00   2.03e+01   0.00e+00 (  2.68e+02,  2.92e+01)
95      0.584   1.05e+00   1.51e+00   1.14e+00   3.60e+01   0.00e+00 (  5.40e+02,  2.72e+01)
 1 e: 2.293e-03 i: 4.527e-03 :: e: 7.881e-03 i: 9.858e-03 :: n: 2.762e+01 e:9.717 i:9.590 v:4.993e+03
>>> tau_he = 5.000000, nhe(0)=7.760079e-01
 5      0.000   1.85e-03   1.94e-01   1.84e-03   1.67e-03   0.00e+00 (  1.08e-01,  1.06e+01)
10     -0.000   4.78e-05   1.46e-03  -1.13e-04  -7.59e-05   0.00e+00 (  5.25e-03,  2.03e+01)
15     -0.000   7.43e-05   4.66e-04  -9.62e-06  -1.71e-04   0.00e+00 (  1.13e-02,  2.87e+01)
20     -0.000   5.46e-05  -6.60e-04  -4.34e-04  -1.51e-03   0.00e+00 (  1.03e-02,  3.57e+01)
25      0.003   8.58e-03   1.87e-03   1.85e-03   3.06e-02   0.00e+00 (  1.85e+00,  4.11e+01)
30      0.017   4.24e-02   4.41e-02   2.54e-02   1.78e-01   0.00e+00 (  9.40e+00,  4.48e+01)
35      0.027   6.36e-02   8.59e-02   4.65e-02   3.05e-01   0.00e+00 (  1.34e+01,  4.71e+01)
40      0.031   7.55e-02   1.09e-01   5.92e-02   3.72e-01   0.00e+00 (  1.49e+01,  4.80e+01)
45      0.043   1.05e-01   1.78e-01   9.34e-02   5.44e-01   0.00e+00 (  1.93e+01,  4.77e+01)
50      0.046   1.18e-01   2.03e-01   1.30e-01   6.10e-01   0.00e+00 (  1.93e+01,  4.65e+01)
55      0.049   1.25e-01   2.17e-01   1.32e-01   6.72e-01   0.00e+00 (  1.77e+01,  4.48e+01)
60      0.054   1.32e-01   2.18e-01   1.32e-01   7.59e-01   0.00e+00 (  1.63e+01,  4.28e+01)
65      0.064   1.55e-01   2.48e-01   1.52e-01   9.36e-01   0.00e+00 (  1.68e+01,  4.07e+01)
70      0.082   1.92e-01   3.09e-01   2.26e-01   1.22e+00   0.00e+00 (  1.93e+01,  3.86e+01)
75      0.106   2.45e-01   4.03e-01   3.06e-01   1.61e+00   0.00e+00 (  2.31e+01,  3.63e+01)
80      0.121   2.82e-01   4.36e-01   3.23e-01   1.93e+00   0.00e+00 (  2.17e+01,  3.38e+01)
85      0.191   5.54e-01   5.59e-01   3.14e-01   3.66e+00   0.00e+00 (  2.87e+01,  3.14e+01)
90      0.579   1.41e+00   1.78e+00   1.04e+00   2.01e+01   0.00e+00 (  2.54e+02,  2.92e+01)
95      0.584   1.05e+00   1.51e+00   1.14e+00   3.60e+01   0.00e+00 (  5.40e+02,  2.72e+01)
 2 e: 1.441e-03 i: 7.753e-04 :: e: 9.242e-02 i: 1.483e-01 :: n: 2.762e+01 e:10.266 i:9.256 v:4.993e+03
>>> tau_he = 5.000000, nhe(0)=8.579954e-01
 5      0.000   2.15e-03   1.92e-01   1.78e-03   2.17e-03   0.00e+00 (  1.02e-01,  1.06e+01)
10     -0.000   6.28e-05   1.15e-03  -9.92e-05  -1.07e-06   0.00e+00 (  6.24e-03,  2.03e+01)
15     -0.000   7.53e-05   2.52e-05  -6.26e-05  -3.15e-04   0.00e+00 (  1.14e-02,  2.87e+01)
20      0.000   5.68e-04  -6.75e-04  -9.12e-04   3.38e-04   0.00e+00 (  1.12e-01,  3.57e+01)
25      0.009   2.42e-02   1.18e-02   5.42e-03   8.36e-02   0.00e+00 (  5.62e+00,  4.11e+01)
30      0.022   5.65e-02   6.68e-02   3.76e-02   2.30e-01   0.00e+00 (  1.33e+01,  4.48e+01)
35      0.031   7.38e-02   1.03e-01   5.17e-02   3.49e-01   0.00e+00 (  1.61e+01,  4.71e+01)
40      0.034   8.14e-02   1.19e-01   6.60e-02   4.10e-01   0.00e+00 (  1.59e+01,  4.80e+01)
45      0.044   1.01e-01   1.71e-01   9.57e-02   5.59e-01   0.00e+00 (  1.74e+01,  4.77e+01)
50      0.047   1.05e-01   1.87e-01   1.23e-01   6.14e-01   0.00e+00 (  1.54e+01,  4.65e+01)
55      0.049   1.11e-01   1.99e-01   1.24e-01   6.69e-01   0.00e+00 (  1.37e+01,  4.48e+01)
60      0.053   1.18e-01   2.01e-01   1.21e-01   7.53e-01   0.00e+00 (  1.26e+01,  4.28e+01)
65      0.065   1.44e-01   2.35e-01   1.46e-01   9.46e-01   0.00e+00 (  1.36e+01,  4.07e+01)
70      0.084   1.86e-01   2.99e-01   2.18e-01   1.24e+00   0.00e+00 (  1.66e+01,  3.86e+01)
75      0.106   2.39e-01   3.88e-01   2.96e-01   1.61e+00   0.00e+00 (  2.05e+01,  3.63e+01)
80      0.120   2.78e-01   4.15e-01   3.07e-01   1.90e+00   0.00e+00 (  1.97e+01,  3.38e+01)
85      0.193   5.85e-01   5.50e-01   3.01e-01   3.70e+00   0.00e+00 (  2.76e+01,  3.14e+01)
90      0.577   1.41e+00   1.77e+00   1.03e+00   2.01e+01   0.00e+00 (  2.52e+02,  2.92e+01)
95      0.584   1.05e+00   1.51e+00   1.14e+00   3.60e+01   0.00e+00 (  5.40e+02,  2.72e+01)
 3 e: 7.140e-04 i: 9.506e-04 :: e: 1.129e-01 i: 1.513e-01 :: n: 2.762e+01 e:9.987 i:9.663 v:4.993e+03
>>> tau_he = 5.000000, nhe(0)=8.146712e-01
 5      0.000   1.97e-03   1.86e-01   1.85e-03   1.89e-03   0.00e+00 (  1.11e-01,  1.06e+01)
10     -0.000   4.61e-05   9.89e-04  -1.10e-04  -1.02e-04   0.00e+00 (  5.43e-03,  2.03e+01)
15     -0.000   6.63e-05  -3.81e-04  -2.59e-04  -1.05e-03   0.00e+00 (  1.19e-02,  2.87e+01)
20      0.006   1.27e-02  -1.53e-03  -1.98e-03   5.02e-02   0.00e+00 (  2.96e+00,  3.57e+01)
25      0.012   4.01e-02   3.15e-02   1.76e-02   1.14e-01   0.00e+00 (  1.07e+01,  4.11e+01)
30      0.025   6.78e-02   9.31e-02   5.22e-02   2.55e-01   0.00e+00 (  1.78e+01,  4.48e+01)
35      0.030   7.82e-02   1.12e-01   6.16e-02   3.38e-01   0.00e+00 (  1.85e+01,  4.71e+01)
40      0.035   8.99e-02   1.37e-01   7.49e-02   4.17e-01   0.00e+00 (  1.87e+01,  4.80e+01)
45      0.042   1.04e-01   1.78e-01   9.72e-02   5.30e-01   0.00e+00 (  1.87e+01,  4.77e+01)
50      0.043   1.02e-01   1.85e-01   1.19e-01   5.62e-01   0.00e+00 (  1.54e+01,  4.65e+01)
55      0.044   1.05e-01   1.90e-01   1.17e-01   6.03e-01   0.00e+00 (  1.33e+01,  4.48e+01)
60      0.048   1.10e-01   1.85e-01   1.20e-01   6.76e-01   0.00e+00 (  1.19e+01,  4.28e+01)
65      0.057   1.31e-01   2.11e-01   1.34e-01   8.35e-01   0.00e+00 (  1.25e+01,  4.07e+01)
70      0.072   1.66e-01   2.61e-01   2.03e-01   1.08e+00   0.00e+00 (  1.48e+01,  3.86e+01)
75      0.091   2.09e-01   3.32e-01   2.53e-01   1.38e+00   0.00e+00 (  1.76e+01,  3.63e+01)
80      0.108   2.54e-01   3.67e-01   2.65e-01   1.71e+00   0.00e+00 (  1.75e+01,  3.38e+01)
85      0.197   6.08e-01   5.45e-01   2.84e-01   3.78e+00   0.00e+00 (  2.75e+01,  3.14e+01)
90      0.575   1.41e+00   1.76e+00   1.02e+00   2.00e+01   0.00e+00 (  2.50e+02,  2.92e+01)
95      0.584   1.05e+00   1.51e+00   1.14e+00   3.60e+01   0.00e+00 (  5.40e+02,  2.72e+01)
 4 e: 1.106e-03 i: 3.388e-04 :: e: 1.458e-01 i: 1.773e-01 :: n: 2.762e+01 e:10.461 i:9.449 v:4.993e+03
>>> tau_he = 5.000000, nhe(0)=8.725705e-01
 5      0.000   2.00e-03   1.81e-01   1.61e-03   1.77e-03   0.00e+00 (  1.14e-01,  1.06e+01)
10     -0.000   5.42e-05   8.10e-04  -1.02e-04  -1.33e-04   0.00e+00 (  6.52e-03,  2.03e+01)
15     -0.000   6.94e-05  -6.38e-04  -3.48e-04  -1.37e-03   0.00e+00 (  1.27e-02,  2.87e+01)
20      0.008   1.60e-02   9.57e-04  -1.05e-03   6.27e-02   0.00e+00 (  3.75e+00,  3.57e+01)
25      0.014   4.08e-02   3.41e-02   1.98e-02   1.29e-01   0.00e+00 (  1.07e+01,  4.11e+01)
30      0.025   6.52e-02   8.80e-02   5.09e-02   2.62e-01   0.00e+00 (  1.64e+01,  4.48e+01)
35      0.034   7.89e-02   1.20e-01   6.11e-02   3.75e-01   0.00e+00 (  1.78e+01,  4.71e+01)
40      0.036   8.44e-02   1.31e-01   7.58e-02   4.32e-01   0.00e+00 (  1.65e+01,  4.80e+01)
45      0.043   9.69e-02   1.67e-01   9.56e-02   5.40e-01   0.00e+00 (  1.62e+01,  4.77e+01)
50      0.044   9.80e-02   1.77e-01   1.18e-01   5.80e-01   0.00e+00 (  1.38e+01,  4.65e+01)
55      0.046   1.03e-01   1.86e-01   1.17e-01   6.27e-01   0.00e+00 (  1.20e+01,  4.48e+01)
60      0.049   1.08e-01   1.85e-01   1.13e-01   6.97e-01   0.00e+00 (  1.09e+01,  4.28e+01)
65      0.059   1.30e-01   2.10e-01   1.34e-01   8.59e-01   0.00e+00 (  1.15e+01,  4.07e+01)
70      0.073   1.63e-01   2.54e-01   1.95e-01   1.09e+00   0.00e+00 (  1.33e+01,  3.86e+01)
75      0.090   2.04e-01   3.16e-01   2.43e-01   1.37e+00   0.00e+00 (  1.56e+01,  3.63e+01)
80      0.108   2.59e-01   3.53e-01   2.55e-01   1.71e+00   0.00e+00 (  1.60e+01,  3.38e+01)
85      0.201   6.58e-01   5.44e-01   2.81e-01   3.85e+00   0.00e+00 (  2.64e+01,  3.14e+01)
90      0.575   1.41e+00   1.76e+00   1.02e+00   2.00e+01   0.00e+00 (  2.47e+02,  2.92e+01)
95      0.584   1.05e+00   1.51e+00   1.14e+00   3.60e+01   0.00e+00 (  5.40e+02,  2.72e+01)
 5 e: 3.444e-04 i: 8.566e-04 :: e: 1.422e-01 i: 1.676e-01 :: n: 2.762e+01 e:10.140 i:9.735 v:4.993e+03
>>> tau_he = 5.000000, nhe(0)=8.148486e-01
 5      0.000   1.83e-03   1.68e-01   1.67e-03   1.51e-03   0.00e+00 (  1.16e-01,  1.06e+01)
10     -0.000   4.09e-05   6.49e-04  -1.15e-04  -1.99e-04   0.00e+00 (  5.48e-03,  2.03e+01)
15     -0.000   6.32e-05  -1.09e-03  -5.82e-04  -2.55e-03   0.00e+00 (  1.29e-02,  2.87e+01)
20      0.004   1.20e-02  -1.70e-03  -3.84e-03   3.32e-02   0.00e+00 (  3.06e+00,  3.57e+01)
25      0.015   4.73e-02   4.78e-02   2.74e-02   1.41e-01   0.00e+00 (  1.32e+01,  4.11e+01)
30      0.026   6.91e-02   1.00e-01   5.72e-02   2.63e-01   0.00e+00 (  1.82e+01,  4.48e+01)
35      0.030   7.89e-02   1.14e-01   6.35e-02   3.34e-01   0.00e+00 (  1.85e+01,  4.71e+01)
40      0.035   8.77e-02   1.37e-01   7.70e-02   4.13e-01   0.00e+00 (  1.79e+01,  4.80e+01)
45      0.040   9.86e-02   1.71e-01   9.66e-02   5.08e-01   0.00e+00 (  1.71e+01,  4.77e+01)
50      0.041   9.71e-02   1.78e-01   1.15e-01   5.44e-01   0.00e+00 (  1.42e+01,  4.65e+01)
55      0.043   1.01e-01   1.85e-01   1.15e-01   5.90e-01   0.00e+00 (  1.23e+01,  4.48e+01)
60      0.046   1.06e-01   1.80e-01   1.17e-01   6.58e-01   0.00e+00 (  1.10e+01,  4.28e+01)
65      0.055   1.23e-01   1.99e-01   1.28e-01   7.93e-01   0.00e+00 (  1.12e+01,  4.07e+01)
70      0.066   1.50e-01   2.33e-01   1.89e-01   9.84e-01   0.00e+00 (  1.25e+01,  3.86e+01)
75      0.080   1.85e-01   2.84e-01   2.15e-01   1.22e+00   0.00e+00 (  1.42e+01,  3.63e+01)
80      0.101   2.45e-01   3.27e-01   2.28e-01   1.61e+00   0.00e+00 (  1.50e+01,  3.38e+01)
85      0.207   6.86e-01   5.50e-01   2.68e-01   3.97e+00   0.00e+00 (  2.68e+01,  3.14e+01)
90      0.573   1.41e+00   1.75e+00   1.01e+00   1.99e+01   0.00e+00 (  2.46e+02,  2.92e+01)
95      0.584   1.05e+00   1.51e+00   1.14e+00   3.60e+01   0.00e+00 (  5.40e+02,  2.72e+01)
 6 e: 1.122e-03 i: 1.699e-04 :: e: 1.517e-01 i: 1.709e-01 :: n: 2.762e+01 e:10.465 i:9.450 v:4.993e+03
>>> tau_he = 5.000000, nhe(0)=8.521165e-01
 5      0.000   1.83e-03   1.66e-01   1.60e-03   1.39e-03   0.00e+00 (  1.14e-01,  1.06e+01)
10     -0.000   4.57e-05   5.63e-04  -1.19e-04  -2.03e-04   0.00e+00 (  6.02e-03,  2.03e+01)
15     -0.000   7.19e-05  -1.17e-03  -6.38e-04  -2.52e-03   0.00e+00 (  1.43e-02,  2.87e+01)
20      0.005   1.14e-02  -1.80e-03  -2.43e-03   3.89e-02   0.00e+00 (  2.82e+00,  3.57e+01)
25      0.015   4.28e-02   4.15e-02   2.42e-02   1.41e-01   0.00e+00 (  1.12e+01,  4.11e+01)
30      0.025   6.24e-02   8.58e-02   4.99e-02   2.54e-01   0.00e+00 (  1.53e+01,  4.48e+01)
35      0.032   7.46e-02   1.14e-01   5.81e-02   3.58e-01   0.00e+00 (  1.63e+01,  4.71e+01)
40      0.034   7.94e-02   1.24e-01   7.22e-02   4.08e-01   0.00e+00 (  1.50e+01,  4.80e+01)
45      0.040   9.08e-02   1.57e-01   9.07e-02   5.08e-01   0.00e+00 (  1.47e+01,  4.77e+01)
50      0.042   9.35e-02   1.70e-01   1.14e-01   5.57e-01   0.00e+00 (  1.28e+01,  4.65e+01)
55      0.045   9.97e-02   1.83e-01   1.15e-01   6.13e-01   0.00e+00 (  1.14e+01,  4.48e+01)
60      0.048   1.06e-01   1.81e-01   1.11e-01   6.84e-01   0.00e+00 (  1.04e+01,  4.28e+01)
65      0.057   1.25e-01   2.02e-01   1.29e-01   8.28e-01   0.00e+00 (  1.07e+01,  4.07e+01)
70      0.068   1.52e-01   2.33e-01   1.86e-01   1.01e+00   0.00e+00 (  1.17e+01,  3.86e+01)
75      0.082   1.86e-01   2.79e-01   2.14e-01   1.24e+00   0.00e+00 (  1.32e+01,  3.63e+01)
80      0.103   2.55e-01   3.22e-01   2.26e-01   1.64e+00   0.00e+00 (  1.41e+01,  3.38e+01)
85      0.210   7.45e-01   5.49e-01   2.68e-01   4.03e+00   0.00e+00 (  2.57e+01,  3.14e+01)
90      0.573   1.41e+00   1.74e+00   1.01e+00   1.99e+01   0.00e+00 (  2.44e+02,  2.92e+01)
95      0.584   1.05e+00   1.51e+00   1.14e+00   3.60e+01   0.00e+00 (  5.40e+02,  2.72e+01)
 7 e: 2.020e-04 i: 8.673e-04 :: e: 1.395e-01 i: 1.501e-01 :: n: 2.762e+01 e:10.057 i:9.634 v:4.993e+03
>>> tau_he = 5.000000, nhe(0)=7.849694e-01
 5      0.000   1.70e-03   1.57e-01   1.64e-03   1.26e-03   0.00e+00 (  1.12e-01,  1.06e+01)
10     -0.000   3.66e-05   4.71e-04  -1.18e-04  -1.76e-04   0.00e+00 (  5.09e-03,  2.03e+01)
15     -0.000   5.08e-05  -1.15e-03  -6.86e-04  -2.98e-03   0.00e+00 (  1.07e-02,  2.87e+01)
20      0.006   1.42e-02   1.67e-03  -6.65e-04   5.03e-02   0.00e+00 (  3.66e+00,  3.57e+01)
25      0.015   4.51e-02   4.91e-02   2.85e-02   1.44e-01   0.00e+00 (  1.21e+01,  4.11e+01)
30      0.024   6.37e-02   9.25e-02   5.29e-02   2.48e-01   0.00e+00 (  1.59e+01,  4.48e+01)
35      0.031   7.55e-02   1.18e-01   5.83e-02   3.44e-01   0.00e+00 (  1.69e+01,  4.71e+01)
40      0.033   7.99e-02   1.27e-01   7.14e-02   3.91e-01   0.00e+00 (  1.56e+01,  4.80e+01)
45      0.038   8.86e-02   1.59e-01   9.13e-02   4.83e-01   0.00e+00 (  1.48e+01,  4.77e+01)
50      0.040   9.22e-02   1.71e-01   1.11e-01   5.22e-01   0.00e+00 (  1.31e+01,  4.65e+01)
55      0.042   9.82e-02   1.82e-01   1.13e-01   5.79e-01   0.00e+00 (  1.17e+01,  4.48e+01)
60      0.046   1.03e-01   1.77e-01   1.16e-01   6.50e-01   0.00e+00 (  1.06e+01,  4.28e+01)
65      0.053   1.19e-01   1.93e-01   1.25e-01   7.72e-01   0.00e+00 (  1.06e+01,  4.07e+01)
70      0.063   1.42e-01   2.18e-01   1.79e-01   9.32e-01   0.00e+00 (  1.13e+01,  3.86e+01)
75      0.075   1.73e-01   2.58e-01   1.94e-01   1.14e+00   0.00e+00 (  1.25e+01,  3.63e+01)
80      0.099   2.46e-01   3.06e-01   2.08e-01   1.58e+00   0.00e+00 (  1.38e+01,  3.38e+01)
85      0.217   7.72e-01   5.66e-01   2.57e-01   4.16e+00   0.00e+00 (  2.62e+01,  3.14e+01)
90      0.571   1.41e+00   1.74e+00   1.00e+00   1.98e+01   0.00e+00 (  2.43e+02,  2.92e+01)
95      0.584   1.05e+00   1.51e+00   1.14e+00   3.60e+01   0.00e+00 (  5.40e+02,  2.72e+01)
 8 e: 1.163e-03 i: 1.159e-04 :: e: 1.448e-01 i: 1.466e-01 :: n: 2.762e+01 e:10.273 i:9.301 v:4.993e+03
>>> tau_he = 5.000000, nhe(0)=8.093746e-01
 5      0.000   1.72e-03   1.57e-01   1.57e-03   1.23e-03   0.00e+00 (  1.08e-01,  1.06e+01)
10     -0.000   4.25e-05   4.51e-04  -1.23e-04  -2.09e-04   0.00e+00 (  5.64e-03,  2.03e+01)
15     -0.000   6.12e-05  -1.16e-03  -6.74e-04  -2.70e-03   0.00e+00 (  1.22e-02,  2.87e+01)
20      0.005   1.23e-02  -5.20e-05  -1.12e-03   4.51e-02   0.00e+00 (  2.98e+00,  3.57e+01)
25      0.015   3.92e-02   3.92e-02   2.29e-02   1.37e-01   0.00e+00 (  9.71e+00,  4.11e+01)
30      0.022   5.55e-02   7.49e-02   4.32e-02   2.31e-01   0.00e+00 (  1.27e+01,  4.48e+01)
35      0.029   6.72e-02   9.97e-02   5.13e-02   3.22e-01   0.00e+00 (  1.38e+01,  4.71e+01)
40      0.031   7.26e-02   1.12e-01   6.53e-02   3.75e-01   0.00e+00 (  1.31e+01,  4.80e+01)
45      0.038   8.20e-02   1.45e-01   8.36e-02   4.73e-01   0.00e+00 (  1.27e+01,  4.77e+01)
50      0.040   8.82e-02   1.62e-01   1.08e-01   5.29e-01   0.00e+00 (  1.17e+01,  4.65e+01)
55      0.044   9.66e-02   1.78e-01   1.13e-01   5.98e-01   0.00e+00 (  1.08e+01,  4.48e+01)
60      0.048   1.04e-01   1.79e-01   1.10e-01   6.75e-01   0.00e+00 (  1.00e+01,  4.28e+01)
65      0.056   1.23e-01   1.97e-01   1.27e-01   8.11e-01   0.00e+00 (  1.02e+01,  4.07e+01)
70      0.065   1.46e-01   2.21e-01   1.80e-01   9.70e-01   0.00e+00 (  1.09e+01,  3.86e+01)
75      0.077   1.77e-01   2.59e-01   1.96e-01   1.18e+00   0.00e+00 (  1.19e+01,  3.63e+01)
80      0.101   2.58e-01   3.04e-01   2.08e-01   1.61e+00   0.00e+00 (  1.31e+01,  3.38e+01)
85      0.219   8.41e-01   5.64e-01   2.58e-01   4.20e+00   0.00e+00 (  2.53e+01,  3.14e+01)
90      0.571   1.41e+00   1.74e+00   9.99e-01   1.98e+01   0.00e+00 (  2.41e+02,  2.92e+01)
95      0.584   1.05e+00   1.51e+00   1.14e+00   3.60e+01   0.00e+00 (  5.40e+02,  2.72e+01)
 9 e: 1.492e-04 i: 8.858e-04 :: e: 1.348e-01 i: 1.238e-01 :: n: 2.762e+01 e:9.821 i:9.422 v:4.993e+03
>>> tau_he = 5.000000, nhe(0)=7.392144e-01
 5      0.000   1.61e-03   1.50e-01   1.58e-03   1.18e-03   0.00e+00 (  1.04e-01,  1.06e+01)
10     -0.000   3.45e-05   4.06e-04  -1.21e-04  -1.63e-04   0.00e+00 (  4.71e-03,  2.03e+01)
15     -0.000   4.96e-05  -1.13e-03  -6.89e-04  -2.83e-03   0.00e+00 (  1.02e-02,  2.87e+01)
20      0.006   1.35e-02   2.55e-03  -2.23e-04   5.06e-02   0.00e+00 (  3.33e+00,  3.57e+01)
25      0.015   4.01e-02   4.37e-02   2.53e-02   1.37e-01   0.00e+00 (  1.00e+01,  4.11e+01)
30      0.022   5.60e-02   7.98e-02   4.58e-02   2.26e-01   0.00e+00 (  1.30e+01,  4.48e+01)
35      0.028   6.67e-02   1.02e-01   5.12e-02   3.08e-01   0.00e+00 (  1.39e+01,  4.71e+01)
40      0.030   7.07e-02   1.13e-01   6.38e-02   3.59e-01   0.00e+00 (  1.30e+01,  4.80e+01)
45      0.035   8.11e-02   1.45e-01   8.49e-02   4.46e-01   0.00e+00 (  1.29e+01,  4.77e+01)
50      0.037   8.63e-02   1.61e-01   1.05e-01   4.94e-01   0.00e+00 (  1.18e+01,  4.65e+01)
55      0.041   9.45e-02   1.76e-01   1.10e-01   5.62e-01   0.00e+00 (  1.10e+01,  4.48e+01)
60      0.045   1.00e-01   1.72e-01   1.13e-01   6.32e-01   0.00e+00 (  1.01e+01,  4.28e+01)
65      0.052   1.17e-01   1.88e-01   1.23e-01   7.55e-01   0.00e+00 (  1.02e+01,  4.07e+01)
70      0.061   1.37e-01   2.08e-01   1.74e-01   9.02e-01   0.00e+00 (  1.07e+01,  3.86e+01)
75      0.071   1.64e-01   2.33e-01   1.79e-01   1.08e+00   0.00e+00 (  1.15e+01,  3.63e+01)
80      0.099   2.52e-01   2.94e-01   1.96e-01   1.58e+00   0.00e+00 (  1.30e+01,  3.38e+01)
85      0.226   8.69e-01   5.87e-01   2.51e-01   4.33e+00   0.00e+00 (  2.58e+01,  3.14e+01)
90      0.569   1.41e+00   1.73e+00   9.92e-01   1.98e+01   0.00e+00 (  2.40e+02,  2.92e+01)
95      0.584   1.05e+00   1.51e+00   1.14e+00   3.60e+01   0.00e+00 (  5.40e+02,  2.72e+01)
10 e: 1.176e-03 i: 9.682e-05 :: e: 1.391e-01 i: 1.287e-01 :: n: 2.762e+01 e:9.972 i:9.070 v:4.993e+03
>>> tau_he = 5.000000, nhe(0)=7.568010e-01
 5      0.000   1.64e-03   1.52e-01   1.53e-03   1.21e-03   0.00e+00 (  9.88e-02,  1.06e+01)
10     -0.000   4.33e-05   4.02e-04  -1.23e-04  -1.82e-04   0.00e+00 (  5.53e-03,  2.03e+01)
15     -0.000   6.43e-05  -1.14e-03  -6.65e-04  -2.46e-03   0.00e+00 (  1.23e-02,  2.87e+01)
20      0.005   9.96e-03  -2.37e-05  -1.58e-03   4.06e-02   0.00e+00 (  2.28e+00,  3.57e+01)
25      0.013   3.32e-02   3.24e-02   1.89e-02   1.25e-01   0.00e+00 (  7.63e+00,  4.11e+01)
30      0.020   4.76e-02   6.20e-02   3.61e-02   2.01e-01   0.00e+00 (  1.01e+01,  4.48e+01)
35      0.026   5.86e-02   8.50e-02   4.45e-02   2.86e-01   0.00e+00 (  1.12e+01,  4.71e+01)
40      0.028   6.36e-02   9.76e-02   6.35e-02   3.38e-01   0.00e+00 (  1.08e+01,  4.80e+01)
45      0.034   7.48e-02   1.31e-01   7.69e-02   4.33e-01   0.00e+00 (  1.11e+01,  4.77e+01)
50      0.037   8.19e-02   1.51e-01   1.01e-01   4.94e-01   0.00e+00 (  1.05e+01,  4.65e+01)
55      0.042   9.26e-02   1.71e-01   1.09e-01   5.77e-01   0.00e+00 (  1.01e+01,  4.48e+01)
60      0.047   1.02e-01   1.75e-01   1.08e-01   6.62e-01   0.00e+00 (  9.60e+00,  4.28e+01)
65      0.055   1.20e-01   1.93e-01   1.25e-01   7.95e-01   0.00e+00 (  9.83e+00,  4.07e+01)
70      0.063   1.41e-01   2.13e-01   1.75e-01   9.38e-01   0.00e+00 (  1.03e+01,  3.86e+01)
75      0.074   1.71e-01   2.41e-01   1.85e-01   1.13e+00   0.00e+00 (  1.11e+01,  3.63e+01)
80      0.101   2.64e-01   2.92e-01   1.97e-01   1.60e+00   0.00e+00 (  1.24e+01,  3.38e+01)
85      0.227   9.50e-01   5.83e-01   2.51e-01   4.36e+00   0.00e+00 (  2.49e+01,  3.14e+01)
90      0.570   1.41e+00   1.73e+00   9.91e-01   1.98e+01   0.00e+00 (  2.38e+02,  2.92e+01)
95      0.584   1.05e+00   1.51e+00   1.14e+00   3.60e+01   0.00e+00 (  5.40e+02,  2.72e+01)
11 e: 1.285e-04 i: 8.900e-04 :: e: 1.340e-01 i: 1.121e-01 :: n: 2.762e+01 e:9.513 i:9.159 v:4.993e+03
>>> tau_he = 5.000000, nhe(0)=6.877689e-01
 5      0.000   1.52e-03   1.45e-01   1.70e-03   1.17e-03   0.00e+00 (  9.27e-02,  1.06e+01)
10     -0.000   3.31e-05   3.93e-04  -1.19e-04  -1.29e-04   0.00e+00 (  4.27e-03,  2.03e+01)
15     -0.000   5.10e-05  -1.07e-03  -6.32e-04  -2.41e-03   0.00e+00 (  9.92e-03,  2.87e+01)
20      0.005   1.11e-02   1.53e-03  -1.43e-03   4.20e-02   0.00e+00 (  2.56e+00,  3.57e+01)
25      0.014   3.14e-02   3.52e-02   2.01e-02   1.27e-01   0.00e+00 (  7.25e+00,  4.11e+01)
30      0.019   4.78e-02   6.57e-02   3.83e-02   1.97e-01   0.00e+00 (  1.03e+01,  4.48e+01)
35      0.025   5.62e-02   8.54e-02   5.40e-02   2.74e-01   0.00e+00 (  1.09e+01,  4.71e+01)
40      0.031   7.02e-02   1.32e-01   8.24e-02   3.65e-01   0.00e+00 (  1.22e+01,  4.80e+01)
45      0.032   7.32e-02   1.30e-01   7.56e-02   4.06e-01   0.00e+00 (  1.11e+01,  4.77e+01)
50      0.035   7.97e-02   1.49e-01   9.77e-02   4.61e-01   0.00e+00 (  1.05e+01,  4.65e+01)
55      0.039   8.98e-02   1.68e-01   1.05e-01   5.38e-01   0.00e+00 (  1.02e+01,  4.48e+01)
60      0.044   9.75e-02   1.69e-01   1.08e-01   6.16e-01   0.00e+00 (  9.62e+00,  4.28e+01)
65      0.051   1.13e-01   1.83e-01   1.20e-01   7.36e-01   0.00e+00 (  9.72e+00,  4.07e+01)
70      0.059   1.33e-01   2.00e-01   1.67e-01   8.73e-01   0.00e+00 (  1.02e+01,  3.86e+01)
75      0.068   1.58e-01   2.16e-01   1.69e-01   1.04e+00   0.00e+00 (  1.08e+01,  3.63e+01)
80      0.100   2.61e-01   2.85e-01   1.88e-01   1.60e+00   0.00e+00 (  1.26e+01,  3.38e+01)
85      0.234   9.84e-01   6.13e-01   2.46e-01   4.50e+00   0.00e+00 (  2.55e+01,  3.14e+01)
90      0.568   1.41e+00   1.72e+00   9.85e-01   1.98e+01   0.00e+00 (  2.38e+02,  2.92e+01)
95      0.584   1.05e+00   1.51e+00   1.14e+00   3.60e+01   0.00e+00 (  5.40e+02,  2.72e+01)
12 e: 1.160e-03 i: 8.824e-05 :: e: 1.367e-01 i: 1.204e-01 :: n: 2.762e+01 e:9.631 i:8.807 v:4.993e+03
>>> tau_he = 5.000000, nhe(0)=7.023584e-01
 5      0.000   1.55e-03   1.48e-01   1.64e-03   1.20e-03   0.00e+00 (  8.70e-02,  1.06e+01)
10     -0.000   4.13e-05   3.73e-04  -1.11e-04  -1.35e-04   0.00e+00 (  4.93e-03,  2.03e+01)
15     -0.000   6.66e-05  -1.06e-03  -5.71e-04  -1.85e-03   0.00e+00 (  1.19e-02,  2.87e+01)
20      0.004   7.33e-03  -1.16e-03  -2.79e-03   2.96e-02   0.00e+00 (  1.56e+00,  3.57e+01)
25      0.011   2.53e-02   2.59e-02   1.39e-02   1.07e-01   0.00e+00 (  5.36e+00,  4.11e+01)
30      0.018   4.04e-02   5.04e-02   3.01e-02   1.80e-01   0.00e+00 (  7.96e+00,  4.48e+01)
35      0.023   4.86e-02   7.11e-02   4.52e-02   2.53e-01   0.00e+00 (  8.71e+00,  4.71e+01)
40      0.029   6.32e-02   1.15e-01   7.35e-02   3.42e-01   0.00e+00 (  1.01e+01,  4.80e+01)
45      0.031   6.76e-02   1.17e-01   6.92e-02   3.93e-01   0.00e+00 (  9.52e+00,  4.77e+01)
50      0.035   7.59e-02   1.40e-01   9.38e-02   4.60e-01   0.00e+00 (  9.31e+00,  4.65e+01)
55      0.040   8.80e-02   1.63e-01   1.04e-01   5.50e-01   0.00e+00 (  9.32e+00,  4.48e+01)
60      0.045   9.82e-02   1.69e-01   1.05e-01   6.41e-01   0.00e+00 (  9.08e+00,  4.28e+01)
65      0.053   1.17e-01   1.88e-01   1.22e-01   7.74e-01   0.00e+00 (  9.41e+00,  4.07e+01)
70      0.061   1.37e-01   2.05e-01   1.70e-01   9.09e-01   0.00e+00 (  9.83e+00,  3.86e+01)
75      0.071   1.65e-01   2.25e-01   1.75e-01   1.08e+00   0.00e+00 (  1.05e+01,  3.63e+01)
80      0.102   2.73e-01   2.84e-01   1.88e-01   1.61e+00   0.00e+00 (  1.20e+01,  3.38e+01)
85      0.236   1.08e+00   6.09e-01   2.46e-01   4.52e+00   0.00e+00 (  2.47e+01,  3.14e+01)
90      0.568   1.41e+00   1.72e+00   9.84e-01   1.98e+01   0.00e+00 (  2.36e+02,  2.92e+01)
95      0.584   1.05e+00   1.51e+00   1.14e+00   3.60e+01   0.00e+00 (  5.40e+02,  2.72e+01)
13 e: 1.190e-04 i: 8.853e-04 :: e: 1.443e-01 i: 1.068e-01 :: n: 2.762e+01 e:9.184 i:8.882 v:4.993e+03
>>> tau_he = 5.000000, nhe(0)=6.364247e-01
 5      0.000   1.47e-03   1.44e-01   1.63e-03   1.22e-03   0.00e+00 (  8.29e-02,  1.06e+01)
10     -0.000   3.58e-05   3.69e-04  -1.13e-04  -1.29e-04   0.00e+00 (  4.28e-03,  2.03e+01)
15     -0.000   5.73e-05  -1.01e-03  -5.48e-04  -1.81e-03   0.00e+00 (  1.04e-02,  2.87e+01)
20      0.004   7.30e-03  -2.21e-04  -2.81e-03   2.99e-02   0.00e+00 (  1.56e+00,  3.57e+01)
25      0.011   2.47e-02   2.49e-02   1.52e-02   1.07e-01   0.00e+00 (  5.27e+00,  4.11e+01)
30      0.017   3.84e-02   5.26e-02   3.10e-02   1.79e-01   0.00e+00 (  7.65e+00,  4.48e+01)
35      0.022   4.80e-02   7.26e-02   4.60e-02   2.43e-01   0.00e+00 (  8.73e+00,  4.71e+01)
40      0.027   6.19e-02   1.15e-01   7.67e-02   3.24e-01   0.00e+00 (  1.01e+01,  4.80e+01)
45      0.029   6.62e-02   1.16e-01   7.17e-02   3.70e-01   0.00e+00 (  9.56e+00,  4.77e+01)
50      0.033   7.35e-02   1.38e-01   9.12e-02   4.30e-01   0.00e+00 (  9.31e+00,  4.65e+01)
55      0.037   8.28e-02   1.59e-01   1.00e-01   5.12e-01   0.00e+00 (  9.10e+00,  4.48e+01)
60      0.042   9.30e-02   1.62e-01   1.00e-01   5.89e-01   0.00e+00 (  8.96e+00,  4.28e+01)
65      0.049   1.10e-01   1.77e-01   1.17e-01   7.13e-01   0.00e+00 (  9.25e+00,  4.07e+01)
70      0.057   1.29e-01   1.92e-01   1.60e-01   8.44e-01   0.00e+00 (  9.66e+00,  3.86e+01)
75      0.067   1.55e-01   2.04e-01   1.62e-01   1.01e+00   0.00e+00 (  1.03e+01,  3.63e+01)
80      0.103   2.74e-01   2.78e-01   1.82e-01   1.63e+00   0.00e+00 (  1.22e+01,  3.38e+01)
85      0.243   1.12e+00   6.47e-01   2.42e-01   4.65e+00   0.00e+00 (  2.52e+01,  3.14e+01)
90      0.567   1.41e+00   1.72e+00   9.78e-01   1.97e+01   0.00e+00 (  2.36e+02,  2.92e+01)
95      0.584   1.05e+00   1.51e+00   1.14e+00   3.60e+01   0.00e+00 (  5.40e+02,  2.72e+01)
14 e: 1.134e-03 i: 8.385e-05 :: e: 1.490e-01 i: 1.137e-01 :: n: 2.762e+01 e:9.289 i:8.540 v:4.993e+03
>>> tau_he = 5.000000, nhe(0)=6.500445e-01
 5      0.000   1.50e-03   1.47e-01   1.57e-03   1.26e-03   0.00e+00 (  7.77e-02,  1.06e+01)
10     -0.000   4.08e-05   3.99e-04  -1.13e-04  -8.89e-05   0.00e+00 (  4.49e-03,  2.03e+01)
15     -0.000   6.83e-05  -9.84e-04  -4.97e-04  -1.45e-03   0.00e+00 (  1.13e-02,  2.87e+01)
20      0.003   4.65e-03  -3.15e-03  -2.52e-03   2.20e-02   0.00e+00 (  9.14e-01,  3.57e+01)
25      0.010   1.96e-02   1.78e-02   1.03e-02   8.92e-02   0.00e+00 (  3.84e+00,  4.11e+01)
30      0.015   3.27e-02   4.17e-02   2.53e-02   1.59e-01   0.00e+00 (  5.99e+00,  4.48e+01)
35      0.020   4.24e-02   6.01e-02   3.83e-02   2.27e-01   0.00e+00 (  7.10e+00,  4.71e+01)
40      0.026   5.53e-02   1.01e-01   6.87e-02   3.05e-01   0.00e+00 (  8.33e+00,  4.80e+01)
45      0.028   6.12e-02   1.05e-01   6.63e-02   3.58e-01   0.00e+00 (  8.19e+00,  4.77e+01)
50      0.033   6.95e-02   1.29e-01   8.73e-02   4.29e-01   0.00e+00 (  8.18e+00,  4.65e+01)
55      0.038   8.16e-02   1.54e-01   9.88e-02   5.22e-01   0.00e+00 (  8.37e+00,  4.48e+01)
60      0.043   9.41e-02   1.62e-01   1.01e-01   6.15e-01   0.00e+00 (  8.48e+00,  4.28e+01)
65      0.052   1.13e-01   1.81e-01   1.19e-01   7.49e-01   0.00e+00 (  8.92e+00,  4.07e+01)
70      0.059   1.34e-01   1.97e-01   1.66e-01   8.83e-01   0.00e+00 (  9.38e+00,  3.86e+01)
75      0.069   1.60e-01   2.11e-01   1.66e-01   1.05e+00   0.00e+00 (  9.89e+00,  3.63e+01)
80      0.104   2.88e-01   2.77e-01   1.82e-01   1.65e+00   0.00e+00 (  1.16e+01,  3.38e+01)
85      0.244   1.25e+00   6.43e-01   2.42e-01   4.69e+00   0.00e+00 (  2.45e+01,  3.14e+01)
90      0.567   1.41e+00   1.71e+00   9.78e-01   1.97e+01   0.00e+00 (  2.34e+02,  2.92e+01)
95      0.584   1.05e+00   1.51e+00   1.14e+00   3.60e+01   0.00e+00 (  5.40e+02,  2.72e+01)
15 e: 1.166e-04 i: 8.745e-04 :: e: 1.661e-01 i: 1.127e-01 :: n: 2.762e+01 e:8.861 i:8.611 v:4.993e+03
>>> tau_he = 5.000000, nhe(0)=5.878954e-01
 5      0.000   1.43e-03   1.43e-01   1.58e-03   1.28e-03   0.00e+00 (  7.41e-02,  1.06e+01)
10     -0.000   3.56e-05   4.04e-04  -1.16e-04  -8.48e-05   0.00e+00 (  3.92e-03,  2.03e+01)
15     -0.000   5.97e-05  -9.31e-04  -4.71e-04  -1.42e-03   0.00e+00 (  9.93e-03,  2.87e+01)
20      0.003   4.52e-03  -2.73e-03  -2.49e-03   2.12e-02   0.00e+00 (  8.94e-01,  3.57e+01)
25      0.009   1.91e-02   1.92e-02   1.04e-02   8.67e-02   0.00e+00 (  3.78e+00,  4.11e+01)
30      0.015   3.25e-02   4.35e-02   2.61e-02   1.54e-01   0.00e+00 (  6.04e+00,  4.48e+01)
35      0.019   4.17e-02   6.14e-02   3.87e-02   2.17e-01   0.00e+00 (  7.11e+00,  4.71e+01)
40      0.025   5.48e-02   1.03e-01   7.10e-02   2.95e-01   0.00e+00 (  8.43e+00,  4.80e+01)
45      0.027   5.96e-02   1.04e-01   6.71e-02   3.36e-01   0.00e+00 (  8.18e+00,  4.77e+01)
50      0.031   6.79e-02   1.25e-01   8.72e-02   4.03e-01   0.00e+00 (  8.24e+00,  4.65e+01)
55      0.035   7.76e-02   1.50e-01   9.44e-02   4.82e-01   0.00e+00 (  8.25e+00,  4.48e+01)
60      0.040   8.88e-02   1.53e-01   9.83e-02   5.65e-01   0.00e+00 (  8.33e+00,  4.28e+01)
65      0.047   1.06e-01   1.69e-01   1.13e-01   6.87e-01   0.00e+00 (  8.71e+00,  4.07e+01)
70      0.055   1.25e-01   1.83e-01   1.52e-01   8.15e-01   0.00e+00 (  9.15e+00,  3.86e+01)
75      0.066   1.53e-01   1.96e-01   1.56e-01   9.96e-01   0.00e+00 (  9.85e+00,  3.63e+01)
80      0.106   2.93e-01   2.73e-01   1.78e-01   1.69e+00   0.00e+00 (  1.20e+01,  3.38e+01)
85      0.251   1.31e+00   6.91e-01   2.38e-01   4.81e+00   0.00e+00 (  2.49e+01,  3.14e+01)
90      0.566   1.41e+00   1.71e+00   9.71e-01   1.97e+01   0.00e+00 (  2.33e+02,  2.92e+01)
95      0.584   1.05e+00   1.51e+00   1.14e+00   3.60e+01   0.00e+00 (  5.40e+02,  2.72e+01)
16 e: 1.104e-03 i: 8.317e-05 :: e: 1.696e-01 i: 1.199e-01 :: n: 2.762e+01 e:8.962 i:8.281 v:4.993e+03
>>> tau_he = 5.000000, nhe(0)=6.014263e-01
 5      0.000   1.46e-03   1.47e-01   1.55e-03   1.31e-03   0.00e+00 (  6.93e-02,  1.06e+01)
10     -0.000   4.07e-05   4.37e-04  -1.16e-04  -4.75e-05   0.00e+00 (  4.10e-03,  2.03e+01)
15     -0.000   7.08e-05  -9.03e-04  -4.24e-04  -1.13e-03   0.00e+00 (  1.08e-02,  2.87e+01)
20      0.006   1.08e-02   3.54e-03  -1.04e-03   4.94e-02   0.00e+00 (  1.95e+00,  3.57e+01)
25      0.008   1.40e-02   1.34e-02   6.51e-03   7.08e-02   0.00e+00 (  2.54e+00,  4.11e+01)
30      0.014   2.70e-02   3.46e-02   2.15e-02   1.40e-01   0.00e+00 (  4.62e+00,  4.48e+01)
35      0.018   3.64e-02   5.12e-02   3.26e-02   1.97e-01   0.00e+00 (  5.72e+00,  4.71e+01)
40      0.023   5.04e-02   9.00e-02   6.37e-02   2.78e-01   0.00e+00 (  7.16e+00,  4.80e+01)
45      0.026   5.49e-02   9.39e-02   6.24e-02   3.27e-01   0.00e+00 (  6.99e+00,  4.77e+01)
50      0.031   6.44e-02   1.17e-01   8.36e-02   4.03e-01   0.00e+00 (  7.27e+00,  4.65e+01)
55      0.036   7.66e-02   1.45e-01   9.34e-02   4.92e-01   0.00e+00 (  7.59e+00,  4.48e+01)
60      0.041   8.95e-02   1.53e-01   9.65e-02   5.85e-01   0.00e+00 (  7.83e+00,  4.28e+01)
65      0.050   1.09e-01   1.73e-01   1.15e-01   7.21e-01   0.00e+00 (  8.40e+00,  4.07e+01)
70      0.057   1.29e-01   1.88e-01   1.59e-01   8.52e-01   0.00e+00 (  8.87e+00,  3.86e+01)
75      0.067   1.57e-01   1.97e-01   1.59e-01   1.02e+00   0.00e+00 (  9.37e+00,  3.63e+01)
80      0.107   3.10e-01   2.71e-01   1.78e-01   1.70e+00   0.00e+00 (  1.14e+01,  3.38e+01)
85      0.253   1.48e+00   6.89e-01   2.38e-01   4.85e+00   0.00e+00 (  2.43e+01,  3.14e+01)
90      0.566   1.41e+00   1.71e+00   9.71e-01   1.97e+01   0.00e+00 (  2.32e+02,  2.92e+01)
95      0.584   1.05e+00   1.51e+00   1.14e+00   3.60e+01   0.00e+00 (  5.40e+02,  2.72e+01)
17 e: 1.182e-04 i: 8.630e-04 :: e: 1.892e-01 i: 1.193e-01 :: n: 2.762e+01 e:8.556 i:8.353 v:4.993e+03
>>> tau_he = 5.000000, nhe(0)=5.431127e-01
 5      0.000   1.40e-03   1.44e-01   1.54e-03   1.33e-03   0.00e+00 (  6.63e-02,  1.06e+01)
10     -0.000   3.57e-05   4.47e-04  -1.20e-04  -4.71e-05   0.00e+00 (  3.60e-03,  2.03e+01)
15     -0.000   4.90e-05  -7.68e-04  -4.20e-04  -1.08e-03   0.00e+00 (  7.48e-03,  2.87e+01)
20      0.001   2.47e-03  -4.13e-03  -9.99e-04   1.09e-02   0.00e+00 (  4.51e-01,  3.57e+01)
25      0.007   1.35e-02   1.43e-02   6.44e-03   6.78e-02   0.00e+00 (  2.50e+00,  4.11e+01)
30      0.013   2.69e-02   3.60e-02   2.20e-02   1.34e-01   0.00e+00 (  4.68e+00,  4.48e+01)
35      0.021   4.24e-02   7.29e-02   4.60e-02   2.29e-01   0.00e+00 (  6.80e+00,  4.71e+01)
40      0.022   4.86e-02   9.11e-02   6.58e-02   2.65e-01   0.00e+00 (  7.06e+00,  4.80e+01)
45      0.025   5.39e-02   9.31e-02   6.40e-02   3.08e-01   0.00e+00 (  7.06e+00,  4.77e+01)
50      0.028   6.16e-02   1.14e-01   8.09e-02   3.73e-01   0.00e+00 (  7.18e+00,  4.65e+01)
55      0.033   7.24e-02   1.41e-01   8.88e-02   4.52e-01   0.00e+00 (  7.43e+00,  4.48e+01)
60      0.038   8.36e-02   1.44e-01   9.34e-02   5.34e-01   0.00e+00 (  7.62e+00,  4.28e+01)
65      0.045   1.01e-01   1.61e-01   1.10e-01   6.57e-01   0.00e+00 (  8.12e+00,  4.07e+01)
70      0.053   1.20e-01   1.74e-01   1.42e-01   7.81e-01   0.00e+00 (  8.58e+00,  3.86e+01)
75      0.065   1.52e-01   1.89e-01   1.50e-01   9.83e-01   0.00e+00 (  9.46e+00,  3.63e+01)
80      0.112   3.20e-01   2.68e-01   1.75e-01   1.78e+00   0.00e+00 (  1.19e+01,  3.38e+01)
85      0.259   1.55e+00   7.49e-01   2.35e-01   4.97e+00   0.00e+00 (  2.46e+01,  3.14e+01)
90      0.564   1.41e+00   1.70e+00   9.65e-01   1.96e+01   0.00e+00 (  2.32e+02,  2.92e+01)
95      0.584   1.05e+00   1.51e+00   1.14e+00   3.60e+01   0.00e+00 (  5.40e+02,  2.72e+01)
18 e: 1.078e-03 i: 8.494e-05 :: e: 1.929e-01 i: 1.231e-01 :: n: 2.762e+01 e:8.657 i:8.036 v:4.993e+03
>>> tau_he = 5.000000, nhe(0)=5.567617e-01
 5      0.000   1.43e-03   1.48e-01   1.51e-03   1.36e-03   0.00e+00 (  6.20e-02,  1.06e+01)
10     -0.000   4.07e-05   4.80e-04  -1.19e-04  -1.28e-05   0.00e+00 (  3.76e-03,  2.03e+01)
15     -0.000   4.70e-05  -4.55e-04  -2.61e-04  -5.58e-04   0.00e+00 (  6.57e-03,  2.87e+01)
20      0.005   8.68e-03   9.77e-04  -1.62e-03   3.87e-02   0.00e+00 (  1.45e+00,  3.57e+01)
25      0.005   9.81e-03   1.01e-02   2.92e-03   5.13e-02   0.00e+00 (  1.66e+00,  4.11e+01)
30      0.012   2.27e-02   2.85e-02   1.93e-02   1.19e-01   0.00e+00 (  3.64e+00,  4.48e+01)
35      0.019   3.63e-02   6.00e-02   3.88e-02   2.07e-01   0.00e+00 (  5.38e+00,  4.71e+01)
40      0.021   4.51e-02   8.04e-02   5.91e-02   2.51e-01   0.00e+00 (  6.05e+00,  4.80e+01)
45      0.024   5.05e-02   8.51e-02   5.98e-02   3.02e-01   0.00e+00 (  6.13e+00,  4.77e+01)
50      0.028   5.95e-02   1.08e-01   7.80e-02   3.74e-01   0.00e+00 (  6.44e+00,  4.65e+01)
55      0.034   7.18e-02   1.37e-01   8.81e-02   4.63e-01   0.00e+00 (  6.87e+00,  4.48e+01)
60      0.039   8.47e-02   1.45e-01   9.18e-02   5.54e-01   0.00e+00 (  7.18e+00,  4.28e+01)
65      0.047   1.05e-01   1.65e-01   1.11e-01   6.90e-01   0.00e+00 (  7.85e+00,  4.07e+01)
70      0.055   1.25e-01   1.79e-01   1.50e-01   8.20e-01   0.00e+00 (  8.35e+00,  3.86e+01)
75      0.065   1.54e-01   1.85e-01   1.51e-01   9.94e-01   0.00e+00 (  8.90e+00,  3.63e+01)
80      0.113   3.43e-01   2.67e-01   1.75e-01   1.79e+00   0.00e+00 (  1.13e+01,  3.38e+01)
85      0.261   1.78e+00   7.50e-01   2.35e-01   5.01e+00   0.00e+00 (  2.41e+01,  3.14e+01)
90      0.564   1.41e+00   1.70e+00   9.64e-01   1.96e+01   0.00e+00 (  2.30e+02,  2.92e+01)
95      0.584   1.05e+00   1.51e+00   1.14e+00   3.60e+01   0.00e+00 (  5.40e+02,  2.72e+01)
19 e: 1.221e-04 i: 8.542e-04 :: e: 2.150e-01 i: 1.220e-01 :: n: 2.762e+01 e:8.271 i:8.111 v:4.993e+03
>>> tau_he = 5.000000, nhe(0)=5.020567e-01
 5      0.000   1.38e-03   1.45e-01   1.51e-03   1.36e-03   0.00e+00 (  5.95e-02,  1.06e+01)
10     -0.000   3.58e-05   4.94e-04  -1.23e-04  -1.54e-05   0.00e+00 (  3.31e-03,  2.03e+01)
15     -0.000   5.12e-05  -6.91e-04  -3.50e-04  -8.15e-04   0.00e+00 (  7.19e-03,  2.87e+01)
20      0.005   8.62e-03   1.83e-03  -1.63e-03   3.81e-02   0.00e+00 (  1.45e+00,  3.57e+01)
25      0.005   1.00e-02   1.03e-02   4.37e-03   5.05e-02   0.00e+00 (  1.73e+00,  4.11e+01)
30      0.011   2.23e-02   2.93e-02   2.13e-02   1.13e-01   0.00e+00 (  3.65e+00,  4.48e+01)
35      0.018   3.60e-02   6.17e-02   4.16e-02   2.01e-01   0.00e+00 (  5.44e+00,  4.71e+01)
40      0.020   4.36e-02   8.12e-02   6.20e-02   2.38e-01   0.00e+00 (  6.01e+00,  4.80e+01)
45      0.022   4.76e-02   7.58e-02   5.53e-02   2.76e-01   0.00e+00 (  5.96e+00,  4.77e+01)
50      0.026   5.51e-02   1.05e-01   7.53e-02   3.45e-01   0.00e+00 (  6.18e+00,  4.65e+01)
55      0.031   6.73e-02   1.32e-01   8.25e-02   4.22e-01   0.00e+00 (  6.67e+00,  4.48e+01)
60      0.035   7.85e-02   1.35e-01   8.84e-02   5.02e-01   0.00e+00 (  6.93e+00,  4.28e+01)
65      0.043   9.65e-02   1.52e-01   1.06e-01   6.26e-01   0.00e+00 (  7.53e+00,  4.07e+01)
70      0.051   1.16e-01   1.65e-01   1.34e-01   7.54e-01   0.00e+00 (  8.08e+00,  3.86e+01)
75      0.064   1.51e-01   1.82e-01   1.44e-01   9.75e-01   0.00e+00 (  9.10e+00,  3.63e+01)
80      0.119   3.58e-01   2.61e-01   1.73e-01   1.88e+00   0.00e+00 (  1.18e+01,  3.38e+01)
85      0.267   1.88e+00   8.27e-01   2.32e-01   5.13e+00   0.00e+00 (  2.44e+01,  3.14e+01)
90      0.563   1.41e+00   1.70e+00   9.59e-01   1.96e+01   0.00e+00 (  2.30e+02,  2.92e+01)
95      0.584   1.05e+00   1.51e+00   1.14e+00   3.60e+01   0.00e+00 (  5.40e+02,  2.72e+01)
20 e: 1.058e-03 i: 8.891e-05 :: e: 2.207e-01 i: 1.347e-01 :: n: 2.762e+01 e:8.373 i:7.806 v:4.993e+03
>>> tau_he = 5.000000, nhe(0)=5.159656e-01
 5      0.000   1.40e-03   1.49e-01   1.46e-03   1.39e-03   0.00e+00 (  5.55e-02,  1.06e+01)
10      0.000   4.08e-05   5.27e-04  -1.22e-04   1.52e-05   0.00e+00 (  3.46e-03,  2.03e+01)
15     -0.000   4.54e-05  -3.49e-04  -1.98e-04  -3.59e-04   0.00e+00 (  5.83e-03,  2.87e+01)
20      0.000   7.34e-04   6.07e-06  -8.67e-04   2.43e-03   0.00e+00 (  1.13e-01,  3.57e+01)
25      0.004   7.30e-03   6.33e-03   3.61e-03   3.95e-02   0.00e+00 (  1.16e+00,  4.11e+01)
30      0.012   2.25e-02   3.03e-02   1.67e-02   1.21e-01   0.00e+00 (  3.40e+00,  4.48e+01)
35      0.016   3.16e-02   5.13e-02   3.40e-02   1.81e-01   0.00e+00 (  4.42e+00,  4.71e+01)
40      0.019   4.05e-02   7.20e-02   5.57e-02   2.26e-01   0.00e+00 (  5.16e+00,  4.80e+01)
45      0.022   4.57e-02   7.76e-02   5.47e-02   2.78e-01   0.00e+00 (  5.30e+00,  4.77e+01)
50      0.028   5.81e-02   1.08e-01   7.26e-02   3.73e-01   0.00e+00 (  6.05e+00,  4.65e+01)
55      0.032   6.82e-02   1.28e-01   8.30e-02   4.34e-01   0.00e+00 (  6.28e+00,  4.48e+01)
60      0.037   7.99e-02   1.36e-01   8.71e-02   5.23e-01   0.00e+00 (  6.55e+00,  4.28e+01)
65      0.045   1.01e-01   1.56e-01   1.07e-01   6.59e-01   0.00e+00 (  7.30e+00,  4.07e+01)
70      0.053   1.21e-01   1.70e-01   1.41e-01   7.88e-01   0.00e+00 (  7.84e+00,  3.86e+01)
75      0.065   1.54e-01   1.78e-01   1.46e-01   9.87e-01   0.00e+00 (  8.54e+00,  3.63e+01)
80      0.120   3.90e-01   2.61e-01   1.72e-01   1.90e+00   0.00e+00 (  1.12e+01,  3.38e+01)
85      0.270   2.19e+00   8.34e-01   2.32e-01   5.17e+00   0.00e+00 (  2.39e+01,  3.14e+01)
90      0.563   1.41e+00   1.69e+00   9.58e-01   1.96e+01   0.00e+00 (  2.29e+02,  2.92e+01)
95      0.584   1.05e+00   1.51e+00   1.14e+00   3.60e+01   0.00e+00 (  5.40e+02,  2.72e+01)
21 e: 1.287e-04 i: 8.498e-04 :: e: 2.464e-01 i: 1.261e-01 :: n: 2.762e+01 e:8.005 i:7.884 v:4.993e+03
>>> tau_he = 5.000000, nhe(0)=4.644411e-01
 5      0.000   1.36e-03   1.46e-01   1.48e-03   1.39e-03   0.00e+00 (  5.35e-02,  1.06e+01)
10      0.000   3.37e-05   5.96e-04  -1.35e-04   9.64e-06   0.00e+00 (  2.86e-03,  2.03e+01)
15     -0.000   4.04e-05  -2.88e-04  -1.89e-04  -3.46e-04   0.00e+00 (  5.22e-03,  2.87e+01)
20      0.000   7.09e-04   5.66e-05  -8.50e-04   2.30e-03   0.00e+00 (  1.11e-01,  3.57e+01)
25      0.004   7.03e-03   6.67e-03   3.90e-03   3.78e-02   0.00e+00 (  1.14e+00,  4.11e+01)
30      0.012   2.26e-02   3.10e-02   1.88e-02   1.20e-01   0.00e+00 (  3.49e+00,  4.48e+01)
35      0.015   3.09e-02   5.20e-02   3.48e-02   1.73e-01   0.00e+00 (  4.41e+00,  4.71e+01)
40      0.018   3.84e-02   7.30e-02   5.68e-02   2.16e-01   0.00e+00 (  5.03e+00,  4.80e+01)
45      0.020   4.13e-02   6.75e-02   4.95e-02   2.52e-01   0.00e+00 (  4.95e+00,  4.77e+01)
50      0.024   5.04e-02   9.61e-02   6.99e-02   3.17e-01   0.00e+00 (  5.44e+00,  4.65e+01)
55      0.029   6.29e-02   1.23e-01   8.08e-02   3.97e-01   0.00e+00 (  6.02e+00,  4.48e+01)
60      0.033   7.33e-02   1.26e-01   8.30e-02   4.69e-01   0.00e+00 (  6.26e+00,  4.28e+01)
65      0.041   9.19e-02   1.43e-01   1.02e-01   5.95e-01   0.00e+00 (  6.95e+00,  4.07e+01)
70      0.049   1.12e-01   1.56e-01   1.26e-01   7.28e-01   0.00e+00 (  7.61e+00,  3.86e+01)
75      0.064   1.53e-01   1.76e-01   1.39e-01   9.77e-01   0.00e+00 (  8.78e+00,  3.63e+01)
80      0.128   4.17e-01   2.67e-01   1.74e-01   2.03e+00   0.00e+00 (  1.19e+01,  3.38e+01)
85      0.275   2.33e+00   9.34e-01   2.29e-01   5.28e+00   0.00e+00 (  2.42e+01,  3.14e+01)
90      0.562   1.41e+00   1.69e+00   9.53e-01   1.95e+01   0.00e+00 (  2.28e+02,  2.92e+01)
95      0.584   1.05e+00   1.51e+00   1.14e+00   3.60e+01   0.00e+00 (  5.40e+02,  2.72e+01)
22 e: 1.043e-03 i: 9.450e-05 :: e: 2.539e-01 i: 1.427e-01 :: n: 2.762e+01 e:8.110 i:7.588 v:4.993e+03
>>> tau_he = 5.000000, nhe(0)=4.786704e-01
 5      0.000   1.38e-03   1.50e-01   1.43e-03   1.41e-03   0.00e+00 (  4.99e-02,  1.06e+01)
10      0.000   3.82e-05   6.31e-04  -1.34e-04   3.51e-05   0.00e+00 (  2.96e-03,  2.03e+01)
15     -0.000   4.45e-05  -2.37e-04  -1.57e-04  -2.16e-04   0.00e+00 (  5.25e-03,  2.87e+01)
20      0.000   3.59e-04  -3.65e-04  -6.28e-04   7.65e-04   0.00e+00 (  5.13e-02,  3.57e+01)
25      0.003   5.13e-03   3.88e-03   2.68e-03   2.76e-02   0.00e+00 (  7.64e-01,  4.11e+01)
30      0.010   1.89e-02   2.52e-02   1.45e-02   1.05e-01   0.00e+00 (  2.69e+00,  4.48e+01)
35      0.015   2.81e-02   4.44e-02   3.11e-02   1.62e-01   0.00e+00 (  3.70e+00,  4.71e+01)
40      0.017   3.67e-02   6.52e-02   5.14e-02   2.06e-01   0.00e+00 (  4.45e+00,  4.80e+01)
45      0.020   4.18e-02   7.09e-02   5.02e-02   2.56e-01   0.00e+00 (  4.65e+00,  4.77e+01)
50      0.026   5.39e-02   9.95e-02   6.77e-02   3.46e-01   0.00e+00 (  5.38e+00,  4.65e+01)
55      0.030   6.37e-02   1.20e-01   7.81e-02   4.06e-01   0.00e+00 (  5.65e+00,  4.48e+01)
60      0.035   7.54e-02   1.27e-01   8.25e-02   4.92e-01   0.00e+00 (  5.97e+00,  4.28e+01)
65      0.043   9.65e-02   1.48e-01   1.03e-01   6.28e-01   0.00e+00 (  6.76e+00,  4.07e+01)
70      0.051   1.17e-01   1.61e-01   1.30e-01   7.57e-01   0.00e+00 (  7.33e+00,  3.86e+01)
75      0.065   1.57e-01   1.73e-01   1.40e-01   9.87e-01   0.00e+00 (  8.22e+00,  3.63e+01)
80      0.129   4.62e-01   2.63e-01   1.73e-01   2.05e+00   0.00e+00 (  1.13e+01,  3.38e+01)
85      0.277   2.75e+00   9.49e-01   2.29e-01   5.32e+00   0.00e+00 (  2.38e+01,  3.14e+01)
90      0.562   1.41e+00   1.69e+00   9.51e-01   1.95e+01   0.00e+00 (  2.28e+02,  2.92e+01)
95      0.584   1.05e+00   1.51e+00   1.14e+00   3.60e+01   0.00e+00 (  5.40e+02,  2.72e+01)
23 e: 1.364e-04 i: 8.477e-04 :: e: 2.822e-01 i: 1.341e-01 :: n: 2.762e+01 e:7.757 i:7.671 v:4.993e+03
>>> tau_he = 5.000000, nhe(0)=4.300840e-01
 5      0.000   1.37e-03   1.50e-01   1.28e-03   1.49e-03   0.00e+00 (  4.96e-02,  1.06e+01)
10      0.000   3.40e-05   6.31e-04  -1.36e-04   2.90e-05   0.00e+00 (  2.65e-03,  2.03e+01)
15     -0.000   3.89e-05  -1.92e-04  -1.43e-04  -2.08e-04   0.00e+00 (  4.63e-03,  2.87e+01)
20      0.000   3.13e-04  -3.58e-04  -5.93e-04   5.57e-04   0.00e+00 (  4.55e-02,  3.57e+01)
25      0.003   4.84e-03   4.08e-03   2.68e-03   2.57e-02   0.00e+00 (  7.36e-01,  4.11e+01)
30      0.010   1.83e-02   2.51e-02   1.59e-02   1.00e-01   0.00e+00 (  2.67e+00,  4.48e+01)
35      0.014   2.73e-02   4.45e-02   3.25e-02   1.54e-01   0.00e+00 (  3.70e+00,  4.71e+01)
40      0.016   3.57e-02   6.59e-02   5.23e-02   1.95e-01   0.00e+00 (  4.47e+00,  4.80e+01)
45      0.018   3.71e-02   6.01e-02   4.45e-02   2.27e-01   0.00e+00 (  4.27e+00,  4.77e+01)
50      0.022   4.61e-02   8.78e-02   6.46e-02   2.90e-01   0.00e+00 (  4.78e+00,  4.65e+01)
55      0.027   5.83e-02   1.15e-01   7.56e-02   3.69e-01   0.00e+00 (  5.38e+00,  4.48e+01)
60      0.031   6.87e-02   1.17e-01   8.09e-02   4.41e-01   0.00e+00 (  5.68e+00,  4.28e+01)
65      0.039   8.75e-02   1.34e-01   9.84e-02   5.65e-01   0.00e+00 (  6.42e+00,  4.07e+01)
70      0.048   1.10e-01   1.48e-01   1.21e-01   7.11e-01   0.00e+00 (  7.22e+00,  3.86e+01)
75      0.065   1.57e-01   1.71e-01   1.35e-01   9.90e-01   0.00e+00 (  8.51e+00,  3.63e+01)
80      0.139   5.03e-01   2.82e-01   1.76e-01   2.21e+00   0.00e+00 (  1.20e+01,  3.38e+01)
85      0.282   2.93e+00   1.08e+00   2.27e-01   5.41e+00   0.00e+00 (  2.40e+01,  3.14e+01)
90      0.561   1.41e+00   1.68e+00   9.47e-01   1.95e+01   0.00e+00 (  2.27e+02,  2.92e+01)
95      0.584   1.05e+00   1.51e+00   1.14e+00   3.60e+01   0.00e+00 (  5.40e+02,  2.72e+01)
24 e: 1.031e-03 i: 1.014e-04 :: e: 2.867e-01 i: 1.511e-01 :: n: 2.762e+01 e:7.865 i:7.384 v:4.993e+03
>>> tau_he = 5.000000, nhe(0)=4.445464e-01
 5      0.000   1.42e-03   1.54e-01   1.24e-03   1.53e-03   0.00e+00 (  4.68e-02,  1.06e+01)
10      0.000   3.86e-05   6.62e-04  -1.35e-04   5.23e-05   0.00e+00 (  2.74e-03,  2.03e+01)
15     -0.000   4.11e-05  -1.14e-04  -8.85e-05  -6.93e-05   0.00e+00 (  4.46e-03,  2.87e+01)
20     -0.000   4.55e-05  -5.97e-04  -4.01e-04  -5.87e-04   0.00e+00 (  6.04e-03,  3.57e+01)
25      0.002   3.30e-03   2.39e-03   1.23e-03   1.75e-02   0.00e+00 (  4.61e-01,  4.11e+01)
30      0.009   1.59e-02   2.06e-02   1.25e-02   8.75e-02   0.00e+00 (  2.13e+00,  4.48e+01)
35      0.013   2.43e-02   3.82e-02   2.80e-02   1.43e-01   0.00e+00 (  3.04e+00,  4.71e+01)
40      0.016   3.30e-02   5.87e-02   4.62e-02   1.86e-01   0.00e+00 (  3.80e+00,  4.80e+01)
45      0.019   3.83e-02   6.47e-02   4.61e-02   2.35e-01   0.00e+00 (  4.08e+00,  4.77e+01)
50      0.024   5.04e-02   9.17e-02   6.30e-02   3.20e-01   0.00e+00 (  4.84e+00,  4.65e+01)
55      0.027   5.92e-02   1.13e-01   7.18e-02   3.77e-01   0.00e+00 (  5.05e+00,  4.48e+01)
60      0.033   7.09e-02   1.19e-01   7.76e-02   4.61e-01   0.00e+00 (  5.42e+00,  4.28e+01)
65      0.041   9.23e-02   1.39e-01   9.91e-02   5.97e-01   0.00e+00 (  6.25e+00,  4.07e+01)
70      0.049   1.14e-01   1.52e-01   1.23e-01   7.33e-01   0.00e+00 (  6.89e+00,  3.86e+01)
75      0.066   1.62e-01   1.68e-01   1.36e-01   9.98e-01   0.00e+00 (  7.96e+00,  3.63e+01)
80      0.140   5.71e-01   2.79e-01   1.75e-01   2.23e+00   0.00e+00 (  1.15e+01,  3.38e+01)
85      0.284   3.48e+00   1.11e+00   2.27e-01   5.45e+00   0.00e+00 (  2.38e+01,  3.14e+01)
90      0.561   1.41e+00   1.68e+00   9.46e-01   1.95e+01   0.00e+00 (  2.27e+02,  2.92e+01)
95      0.584   1.05e+00   1.51e+00   1.14e+00   3.60e+01   0.00e+00 (  5.40e+02,  2.72e+01)
25 e: 1.443e-04 i: 8.487e-04 :: e: 3.177e-01 i: 1.424e-01 :: n: 2.762e+01 e:7.525 i:7.470 v:4.993e+03
>>> tau_he = 5.000000, nhe(0)=3.986189e-01
 5      0.000   1.36e-03   1.52e-01   1.24e-03   1.50e-03   0.00e+00 (  4.50e-02,  1.06e+01)
10      0.000   3.43e-05   6.63e-04  -1.36e-04   4.45e-05   0.00e+00 (  2.46e-03,  2.03e+01)
15     -0.000   3.61e-05  -7.47e-05  -8.09e-05  -7.27e-05   0.00e+00 (  3.96e-03,  2.87e+01)
20     -0.000   3.93e-05  -5.78e-04  -3.82e-04  -6.06e-04   0.00e+00 (  5.31e-03,  3.57e+01)
25      0.002   2.81e-03   2.39e-03   4.62e-04   1.47e-02   0.00e+00 (  4.03e-01,  4.11e+01)
30      0.008   1.55e-02   2.06e-02   1.22e-02   8.28e-02   0.00e+00 (  2.13e+00,  4.48e+01)
35      0.012   2.34e-02   3.83e-02   2.81e-02   1.34e-01   0.00e+00 (  3.03e+00,  4.71e+01)
40      0.015   3.17e-02   5.88e-02   4.64e-02   1.73e-01   0.00e+00 (  3.78e+00,  4.80e+01)
45      0.016   3.41e-02   5.32e-02   3.98e-02   2.04e-01   0.00e+00 (  3.77e+00,  4.77e+01)
50      0.022   4.61e-02   8.71e-02   6.14e-02   2.90e-01   0.00e+00 (  4.60e+00,  4.65e+01)
55      0.025   5.46e-02   1.07e-01   7.05e-02   3.41e-01   0.00e+00 (  4.86e+00,  4.48e+01)
60      0.029   6.39e-02   1.09e-01   7.62e-02   4.11e-01   0.00e+00 (  5.11e+00,  4.28e+01)
65      0.037   8.32e-02   1.25e-01   9.49e-02   5.35e-01   0.00e+00 (  5.90e+00,  4.07e+01)
70      0.047   1.09e-01   1.41e-01   1.16e-01   6.98e-01   0.00e+00 (  6.88e+00,  3.86e+01)
75      0.067   1.64e-01   1.68e-01   1.32e-01   1.02e+00   0.00e+00 (  8.32e+00,  3.63e+01)
80      0.151   6.28e-01   3.05e-01   1.77e-01   2.40e+00   0.00e+00 (  1.22e+01,  3.38e+01)
85      0.289   3.68e+00   1.28e+00   2.24e-01   5.54e+00   0.00e+00 (  2.40e+01,  3.14e+01)
90      0.560   1.41e+00   1.68e+00   9.41e-01   1.95e+01   0.00e+00 (  2.26e+02,  2.92e+01)
95      0.584   1.05e+00   1.51e+00   1.14e+00   3.60e+01   0.00e+00 (  5.40e+02,  2.72e+01)
26 e: 1.022e-03 i: 1.093e-04 :: e: 3.157e-01 i: 1.664e-01 :: n: 2.762e+01 e:7.636 i:7.190 v:4.993e+03
>>> tau_he = 5.000000, nhe(0)=4.132381e-01
 5      0.000   1.41e-03   1.55e-01   1.21e-03   1.53e-03   0.00e+00 (  4.25e-02,  1.06e+01)
10      0.000   3.89e-05   6.91e-04  -1.35e-04   6.59e-05   0.00e+00 (  2.54e-03,  2.03e+01)
15     -0.000   3.84e-05  -3.66e-05  -6.49e-05  -9.37e-06   0.00e+00 (  3.83e-03,  2.87e+01)
20     -0.000   4.56e-05  -5.65e-04  -3.48e-04  -4.28e-04   0.00e+00 (  5.63e-03,  3.57e+01)
25      0.001   2.03e-03   1.56e-03   7.95e-05   1.06e-02   0.00e+00 (  2.66e-01,  4.11e+01)
30      0.007   1.28e-02   1.71e-02   9.40e-03   7.23e-02   0.00e+00 (  1.62e+00,  4.48e+01)
35      0.011   2.18e-02   3.31e-02   2.44e-02   1.25e-01   0.00e+00 (  2.59e+00,  4.71e+01)
40      0.014   2.93e-02   5.33e-02   4.24e-02   1.68e-01   0.00e+00 (  3.23e+00,  4.80e+01)
45      0.017   3.51e-02   5.90e-02   4.24e-02   2.15e-01   0.00e+00 (  3.58e+00,  4.77e+01)
50      0.022   4.65e-02   8.39e-02   5.85e-02   2.95e-01   0.00e+00 (  4.28e+00,  4.65e+01)
55      0.026   5.52e-02   1.06e-01   6.74e-02   3.52e-01   0.00e+00 (  4.54e+00,  4.48e+01)
60      0.031   6.67e-02   1.12e-01   7.34e-02   4.33e-01   0.00e+00 (  4.92e+00,  4.28e+01)
65      0.039   8.82e-02   1.31e-01   9.56e-02   5.68e-01   0.00e+00 (  5.76e+00,  4.07e+01)
70      0.048   1.13e-01   1.45e-01   1.18e-01   7.17e-01   0.00e+00 (  6.54e+00,  3.86e+01)
75      0.067   1.71e-01   1.65e-01   1.32e-01   1.02e+00   0.00e+00 (  7.74e+00,  3.63e+01)
80      0.153   7.32e-01   3.03e-01   1.76e-01   2.43e+00   0.00e+00 (  1.18e+01,  3.38e+01)
85      0.291   4.38e+00   1.32e+00   2.24e-01   5.57e+00   0.00e+00 (  2.38e+01,  3.14e+01)
90      0.560   1.41e+00   1.68e+00   9.40e-01   1.95e+01   0.00e+00 (  2.26e+02,  2.92e+01)
95      0.584   1.05e+00   1.51e+00   1.14e+00   3.60e+01   0.00e+00 (  5.40e+02,  2.72e+01)
27 e: 1.523e-04 i: 8.531e-04 :: e: 3.499e-01 i: 1.571e-01 :: n: 2.762e+01 e:7.308 i:7.281 v:4.993e+03
>>> tau_he = 5.000000, nhe(0)=3.697225e-01
 5      0.000   1.35e-03   1.53e-01   1.21e-03   1.50e-03   0.00e+00 (  4.09e-02,  1.06e+01)
10      0.000   3.46e-05   6.94e-04  -1.36e-04   5.69e-05   0.00e+00 (  2.28e-03,  2.03e+01)
15     -0.000   3.37e-05   2.46e-07  -6.08e-05  -1.65e-05   0.00e+00 (  3.42e-03,  2.87e+01)
20     -0.000   4.11e-05  -5.39e-04  -3.36e-04  -4.63e-04   0.00e+00 (  5.17e-03,  3.57e+01)
25      0.001   1.87e-03   1.60e-03  -2.53e-04   9.57e-03   0.00e+00 (  2.52e-01,  4.11e+01)
30      0.007   1.22e-02   1.70e-02   8.87e-03   6.73e-02   0.00e+00 (  1.59e+00,  4.48e+01)
35      0.010   2.04e-02   3.28e-02   2.42e-02   1.17e-01   0.00e+00 (  2.51e+00,  4.71e+01)
40      0.013   2.83e-02   5.30e-02   4.24e-02   1.56e-01   0.00e+00 (  3.24e+00,  4.80e+01)
45      0.015   3.07e-02   4.62e-02   3.68e-02   1.85e-01   0.00e+00 (  3.26e+00,  4.77e+01)
50      0.020   4.17e-02   7.89e-02   5.58e-02   2.63e-01   0.00e+00 (  4.01e+00,  4.65e+01)
55      0.023   5.04e-02   9.95e-02   6.58e-02   3.16e-01   0.00e+00 (  4.33e+00,  4.48e+01)
60      0.027   5.94e-02   1.01e-01   7.17e-02   3.81e-01   0.00e+00 (  4.59e+00,  4.28e+01)
65      0.035   7.93e-02   1.17e-01   9.16e-02   5.08e-01   0.00e+00 (  5.44e+00,  4.07e+01)
70      0.046   1.08e-01   1.34e-01   1.12e-01   6.88e-01   0.00e+00 (  6.57e+00,  3.86e+01)
75      0.071   1.78e-01   1.66e-01   1.30e-01   1.07e+00   0.00e+00 (  8.23e+00,  3.63e+01)
80      0.163   8.12e-01   3.36e-01   1.77e-01   2.60e+00   0.00e+00 (  1.23e+01,  3.38e+01)
85      0.294   4.61e+00   1.55e+00   2.22e-01   5.64e+00   0.00e+00 (  2.40e+01,  3.14e+01)
90      0.559   1.41e+00   1.67e+00   9.37e-01   1.94e+01   0.00e+00 (  2.26e+02,  2.92e+01)
95      0.584   1.05e+00   1.51e+00   1.14e+00   3.60e+01   0.00e+00 (  5.40e+02,  2.72e+01)
28 e: 1.018e-03 i: 1.183e-04 :: e: 3.443e-01 i: 1.911e-01 :: n: 2.762e+01 e:7.422 i:7.007 v:4.993e+03
>>> tau_he = 5.000000, nhe(0)=3.844227e-01
 5      0.000   1.39e-03   1.57e-01   1.18e-03   1.53e-03   0.00e+00 (  3.87e-02,  1.06e+01)
10      0.000   3.96e-05   7.23e-04  -1.35e-04   7.72e-05   0.00e+00 (  2.38e-03,  2.03e+01)
15      0.000   3.08e-05   7.09e-05  -4.57e-05   3.38e-05   0.00e+00 (  2.84e-03,  2.87e+01)
20     -0.000   4.93e-05  -5.26e-04  -3.10e-04  -3.05e-04   0.00e+00 (  5.65e-03,  3.57e+01)
25      0.002   3.48e-03  -9.90e-04  -6.06e-04   1.78e-02   0.00e+00 (  4.30e-01,  4.11e+01)
30      0.006   1.05e-02   1.43e-02   6.82e-03   5.86e-02   0.00e+00 (  1.26e+00,  4.48e+01)
35      0.011   2.04e-02   3.53e-02   2.50e-02   1.17e-01   0.00e+00 (  2.30e+00,  4.71e+01)
40      0.015   3.08e-02   5.60e-02   3.91e-02   1.76e-01   0.00e+00 (  3.24e+00,  4.80e+01)
45      0.015   3.15e-02   5.34e-02   3.73e-02   1.94e-01   0.00e+00 (  3.09e+00,  4.77e+01)
50      0.021   4.28e-02   7.65e-02   5.53e-02   2.71e-01   0.00e+00 (  3.78e+00,  4.65e+01)
55      0.024   5.15e-02   9.89e-02   6.31e-02   3.28e-01   0.00e+00 (  4.08e+00,  4.48e+01)
60      0.029   6.30e-02   1.04e-01   7.14e-02   4.07e-01   0.00e+00 (  4.48e+00,  4.28e+01)
65      0.037   8.43e-02   1.23e-01   9.23e-02   5.39e-01   0.00e+00 (  5.31e+00,  4.07e+01)
70      0.047   1.12e-01   1.37e-01   1.13e-01   7.04e-01   0.00e+00 (  6.22e+00,  3.86e+01)
75      0.071   1.86e-01   1.63e-01   1.30e-01   1.07e+00   0.00e+00 (  7.61e+00,  3.63e+01)
80      0.166   9.71e-01   3.37e-01   1.77e-01   2.64e+00   0.00e+00 (  1.20e+01,  3.38e+01)
85      0.296   5.56e+00   1.62e+00   2.21e-01   5.67e+00   0.00e+00 (  2.38e+01,  3.14e+01)
90      0.559   1.41e+00   1.67e+00   9.35e-01   1.94e+01   0.00e+00 (  2.25e+02,  2.92e+01)
95      0.584   1.05e+00   1.51e+00   1.14e+00   3.60e+01   0.00e+00 (  5.40e+02,  2.72e+01)
29 e: 1.619e-04 i: 8.617e-04 :: e: 3.819e-01 i: 1.787e-01 :: n: 2.762e+01 e:7.103 i:7.101 v:4.993e+03
>>> tau_he = 5.000000, nhe(0)=3.430967e-01
 5      0.000   1.33e-03   1.55e-01   1.18e-03   1.49e-03   0.00e+00 (  3.73e-02,  1.06e+01)
10      0.000   3.72e-05   7.54e-04  -1.40e-04   7.10e-05   0.00e+00 (  2.27e-03,  2.03e+01)
15      0.000   2.74e-05   9.52e-05  -4.41e-05   2.79e-05   0.00e+00 (  2.57e-03,  2.87e+01)
20     -0.000   4.31e-05  -5.00e-04  -2.88e-04  -3.36e-04   0.00e+00 (  5.06e-03,  3.57e+01)
25      0.001   1.31e-03   1.02e-03  -7.62e-04   6.45e-03   0.00e+00 (  1.66e-01,  4.11e+01)
30      0.005   9.89e-03   1.38e-02   6.59e-03   5.46e-02   0.00e+00 (  1.23e+00,  4.48e+01)
35      0.009   1.78e-02   2.78e-02   2.06e-02   9.95e-02   0.00e+00 (  2.09e+00,  4.71e+01)
40      0.011   2.45e-02   4.77e-02   4.08e-02   1.37e-01   0.00e+00 (  2.69e+00,  4.80e+01)
45      0.013   2.72e-02   4.04e-02   3.28e-02   1.64e-01   0.00e+00 (  2.78e+00,  4.77e+01)
50      0.018   3.84e-02   7.17e-02   5.14e-02   2.38e-01   0.00e+00 (  3.55e+00,  4.65e+01)
55      0.021   4.64e-02   9.25e-02   6.15e-02   2.91e-01   0.00e+00 (  3.85e+00,  4.48e+01)
60      0.025   5.49e-02   9.41e-02   6.48e-02   3.52e-01   0.00e+00 (  4.10e+00,  4.28e+01)
65      0.033   7.56e-02   1.10e-01   8.83e-02   4.82e-01   0.00e+00 (  5.02e+00,  4.07e+01)
70      0.046   1.08e-01   1.27e-01   1.08e-01   6.83e-01   0.00e+00 (  6.31e+00,  3.86e+01)
75      0.076   1.98e-01   1.67e-01   1.30e-01   1.15e+00   0.00e+00 (  8.21e+00,  3.63e+01)
80      0.176   1.09e+00   3.81e-01   1.76e-01   2.80e+00   0.00e+00 (  1.26e+01,  3.38e+01)
85      0.299   5.89e+00   1.94e+00   2.19e-01   5.73e+00   0.00e+00 (  2.39e+01,  3.14e+01)
90      0.558   1.41e+00   1.67e+00   9.32e-01   1.94e+01   0.00e+00 (  2.25e+02,  2.92e+01)
95      0.584   1.05e+00   1.51e+00   1.14e+00   3.60e+01   0.00e+00 (  5.40e+02,  2.72e+01)
30 e: 1.022e-03 i: 1.280e-04 :: e: 3.775e-01 i: 2.218e-01 :: n: 2.762e+01 e:7.220 i:6.832 v:4.993e+03
>>> tau_he = 5.000000, nhe(0)=3.577910e-01
 5      0.000   1.38e-03   1.58e-01   1.15e-03   1.52e-03   0.00e+00 (  3.52e-02,  1.06e+01)
10      0.000   4.26e-05   7.80e-04  -1.38e-04   9.13e-05   0.00e+00 (  2.35e-03,  2.03e+01)
15      0.000   3.09e-05   8.79e-05  -4.35e-05   4.54e-05   0.00e+00 (  2.63e-03,  2.87e+01)
20     -0.000   5.00e-05  -4.90e-04  -2.66e-04  -1.99e-04   0.00e+00 (  5.33e-03,  3.57e+01)
25      0.001   9.99e-04   5.54e-04  -6.99e-04   4.86e-03   0.00e+00 (  1.16e-01,  4.11e+01)
30      0.005   8.73e-03   1.15e-02   5.29e-03   4.81e-02   0.00e+00 (  9.93e-01,  4.48e+01)
35      0.009   1.91e-02   3.31e-02   2.41e-02   1.04e-01   0.00e+00 (  2.05e+00,  4.71e+01)
40      0.013   2.78e-02   5.08e-02   3.78e-02   1.58e-01   0.00e+00 (  2.79e+00,  4.80e+01)
45      0.014   2.87e-02   4.61e-02   3.33e-02   1.79e-01   0.00e+00 (  2.69e+00,  4.77e+01)
50      0.019   3.94e-02   7.01e-02   5.14e-02   2.49e-01   0.00e+00 (  3.34e+00,  4.65e+01)
55      0.023   4.87e-02   9.24e-02   6.29e-02   3.09e-01   0.00e+00 (  3.71e+00,  4.48e+01)
60      0.027   5.96e-02   9.65e-02   6.98e-02   3.83e-01   0.00e+00 (  4.10e+00,  4.28e+01)
65      0.035   8.07e-02   1.15e-01   8.91e-02   5.12e-01   0.00e+00 (  4.91e+00,  4.07e+01)
70      0.047   1.11e-01   1.30e-01   1.09e-01   6.93e-01   0.00e+00 (  5.92e+00,  3.86e+01)
75      0.076   2.12e-01   1.64e-01   1.29e-01   1.15e+00   0.00e+00 (  7.59e+00,  3.63e+01)
80      0.179   1.34e+00   3.86e-01   1.76e-01   2.84e+00   0.00e+00 (  1.23e+01,  3.38e+01)
85      0.300   7.32e+00   2.06e+00   2.19e-01   5.76e+00   0.00e+00 (  2.38e+01,  3.14e+01)
90      0.558   1.41e+00   1.67e+00   9.31e-01   1.94e+01   0.00e+00 (  2.25e+02,  2.92e+01)
95      0.584   1.05e+00   1.51e+00   1.14e+00   3.60e+01   0.00e+00 (  5.40e+02,  2.72e+01)
31 e: 1.742e-04 i: 8.736e-04 :: e: 4.235e-01 i: 2.112e-01 :: n: 2.762e+01 e:6.910 i:6.929 v:4.993e+03
>>> tau_he = 5.000000, nhe(0)=3.184724e-01
 5      0.000   1.32e-03   1.57e-01   1.16e-03   1.48e-03   0.00e+00 (  3.42e-02,  1.06e+01)
10      0.000   3.85e-05   7.77e-04  -1.27e-04   8.18e-05   0.00e+00 (  2.17e-03,  2.03e+01)
15      0.000   2.76e-05   1.12e-04  -4.49e-05   3.62e-05   0.00e+00 (  2.40e-03,  2.87e+01)
20     -0.000   4.41e-05  -4.58e-04  -2.42e-04  -2.34e-04   0.00e+00 (  4.83e-03,  3.57e+01)
25      0.000   8.88e-04   4.89e-04  -6.40e-04   4.24e-03   0.00e+00 (  1.07e-01,  4.11e+01)
30      0.004   7.63e-03   1.40e-02   7.43e-03   4.13e-02   0.00e+00 (  9.02e-01,  4.48e+01)
35      0.009   1.71e-02   3.25e-02   2.41e-02   9.49e-02   0.00e+00 (  1.91e+00,  4.71e+01)
40      0.012   2.57e-02   4.88e-02   3.82e-02   1.44e-01   0.00e+00 (  2.70e+00,  4.80e+01)
45      0.012   2.40e-02   3.51e-02   2.91e-02   1.45e-01   0.00e+00 (  2.36e+00,  4.77e+01)
50      0.016   3.47e-02   6.51e-02   4.72e-02   2.16e-01   0.00e+00 (  3.09e+00,  4.65e+01)
55      0.020   4.27e-02   8.55e-02   5.81e-02   2.68e-01   0.00e+00 (  3.42e+00,  4.48e+01)
60      0.023   5.09e-02   8.72e-02   6.08e-02   3.26e-01   0.00e+00 (  3.69e+00,  4.28e+01)
65      0.032   7.22e-02   1.02e-01   8.51e-02   4.58e-01   0.00e+00 (  4.64e+00,  4.07e+01)
70      0.046   1.09e-01   1.22e-01   1.05e-01   6.82e-01   0.00e+00 (  6.11e+00,  3.86e+01)
75      0.083   2.32e-01   1.72e-01   1.32e-01   1.27e+00   0.00e+00 (  8.30e+00,  3.63e+01)
80      0.188   1.53e+00   4.47e-01   1.76e-01   3.00e+00   0.00e+00 (  1.28e+01,  3.38e+01)
85      0.303   7.96e+00   2.52e+00   2.17e-01   5.80e+00   0.00e+00 (  2.39e+01,  3.14e+01)
90      0.557   1.41e+00   1.67e+00   9.29e-01   1.94e+01   0.00e+00 (  2.25e+02,  2.92e+01)
95      0.584   1.05e+00   1.51e+00   1.14e+00   3.60e+01   0.00e+00 (  5.40e+02,  2.72e+01)
32 e: 1.031e-03 i: 1.380e-04 :: e: 4.227e-01 i: 2.573e-01 :: n: 2.762e+01 e:7.028 i:6.665 v:4.993e+03
>>> tau_he = 5.000000, nhe(0)=3.330928e-01
 5      0.000   1.37e-03   1.59e-01   1.11e-03   1.49e-03   0.00e+00 (  3.21e-02,  1.06e+01)
10      0.000   4.07e-05   7.58e-04  -1.27e-04   9.56e-05   0.00e+00 (  2.08e-03,  2.03e+01)
15      0.000   3.08e-05   1.13e-04  -4.30e-05   5.60e-05   0.00e+00 (  2.42e-03,  2.87e+01)
20     -0.000   5.10e-05  -4.52e-04  -2.26e-04  -1.13e-04   0.00e+00 (  5.06e-03,  3.57e+01)
25      0.000   6.36e-04   1.60e-04  -5.54e-04   2.92e-03   0.00e+00 (  6.94e-02,  4.11e+01)
30      0.003   4.82e-03   7.36e-03   3.53e-03   2.65e-02   0.00e+00 (  5.20e-01,  4.48e+01)
35      0.007   1.37e-02   2.60e-02   2.09e-02   7.32e-02   0.00e+00 (  1.40e+00,  4.71e+01)
40      0.012   2.46e-02   4.55e-02   3.46e-02   1.41e-01   0.00e+00 (  2.36e+00,  4.80e+01)
45      0.013   2.60e-02   4.16e-02   3.03e-02   1.62e-01   0.00e+00 (  2.34e+00,  4.77e+01)
50      0.017   3.63e-02   6.43e-02   4.78e-02   2.29e-01   0.00e+00 (  2.96e+00,  4.65e+01)
55      0.021   4.55e-02   8.66e-02   5.92e-02   2.88e-01   0.00e+00 (  3.34e+00,  4.48e+01)
60      0.025   5.60e-02   9.01e-02   6.60e-02   3.57e-01   0.00e+00 (  3.71e+00,  4.28e+01)
65      0.033   7.73e-02   1.08e-01   8.60e-02   4.87e-01   0.00e+00 (  4.54e+00,  4.07e+01)
70      0.046   1.12e-01   1.24e-01   1.05e-01   6.87e-01   0.00e+00 (  5.68e+00,  3.86e+01)
75      0.083   2.54e-01   1.67e-01   1.30e-01   1.27e+00   0.00e+00 (  7.68e+00,  3.63e+01)
80      0.192   1.95e+00   4.61e-01   1.75e-01   3.05e+00   0.00e+00 (  1.26e+01,  3.38e+01)
85      0.304   1.03e+01   2.71e+00   2.17e-01   5.83e+00   0.00e+00 (  2.38e+01,  3.14e+01)
90      0.557   1.41e+00   1.67e+00   9.28e-01   1.94e+01   0.00e+00 (  2.24e+02,  2.92e+01)
95      0.584   1.05e+00   1.51e+00   1.14e+00   3.60e+01   0.00e+00 (  5.40e+02,  2.72e+01)
33 e: 1.887e-04 i: 8.874e-04 :: e: 4.698e-01 i: 2.533e-01 :: n: 2.762e+01 e:6.725 i:6.765 v:4.993e+03
>>> tau_he = 5.000000, nhe(0)=2.956514e-01
 5      0.000   1.31e-03   1.58e-01   1.13e-03   1.46e-03   0.00e+00 (  3.12e-02,  1.06e+01)
10      0.000   3.94e-05   7.94e-04  -1.34e-04   9.29e-05   0.00e+00 (  2.05e-03,  2.03e+01)
15      0.000   2.75e-05   1.40e-04  -4.52e-05   4.63e-05   0.00e+00 (  2.22e-03,  2.87e+01)
20     -0.000   4.32e-05  -3.78e-04  -1.78e-04  -1.55e-04   0.00e+00 (  4.41e-03,  3.57e+01)
25      0.000   4.95e-04   5.80e-05  -4.75e-04   2.17e-03   0.00e+00 (  5.59e-02,  4.11e+01)
30      0.003   6.49e-03   1.25e-02   4.84e-03   3.43e-02   0.00e+00 (  7.30e-01,  4.48e+01)
35      0.007   1.46e-02   2.82e-02   2.09e-02   8.05e-02   0.00e+00 (  1.56e+00,  4.71e+01)
40      0.011   2.22e-02   4.33e-02   3.47e-02   1.27e-01   0.00e+00 (  2.23e+00,  4.80e+01)
45      0.010   2.10e-02   3.04e-02   2.57e-02   1.28e-01   0.00e+00 (  1.99e+00,  4.77e+01)
50      0.016   3.45e-02   7.15e-02   5.07e-02   2.14e-01   0.00e+00 (  2.96e+00,  4.65e+01)
55      0.013   2.78e-02   4.81e-02   3.85e-02   1.74e-01   0.00e+00 (  2.15e+00,  4.48e+01)
60      0.021   4.72e-02   8.09e-02   5.69e-02   3.01e-01   0.00e+00 (  3.31e+00,  4.28e+01)
65      0.030   6.92e-02   9.58e-02   8.19e-02   4.37e-01   0.00e+00 (  4.31e+00,  4.07e+01)
70      0.046   1.11e-01   1.17e-01   1.02e-01   6.91e-01   0.00e+00 (  5.97e+00,  3.86e+01)
75      0.094   2.87e-01   1.80e-01   1.34e-01   1.43e+00   0.00e+00 (  8.47e+00,  3.63e+01)
80      0.200   2.26e+00   5.49e-01   1.74e-01   3.18e+00   0.00e+00 (  1.30e+01,  3.38e+01)
85      0.306   1.16e+01   3.37e+00   2.16e-01   5.87e+00   0.00e+00 (  2.38e+01,  3.14e+01)
90      0.557   1.41e+00   1.66e+00   9.26e-01   1.94e+01   0.00e+00 (  2.24e+02,  2.92e+01)
95      0.584   1.05e+00   1.51e+00   1.14e+00   3.60e+01   0.00e+00 (  5.40e+02,  2.72e+01)
34 e: 1.043e-03 i: 1.487e-04 :: e: 4.376e-01 i: 3.071e-01 :: n: 2.762e+01 e:6.846 i:6.505 v:4.993e+03
>>> tau_he = 5.000000, nhe(0)=3.101420e-01
 5      0.000   1.36e-03   1.61e-01   1.09e-03   1.47e-03   0.00e+00 (  2.94e-02,  1.06e+01)
10      0.000   4.41e-05   8.10e-04  -1.32e-04   1.07e-04   0.00e+00 (  2.08e-03,  2.03e+01)
15      0.000   3.07e-05   1.38e-04  -4.34e-05   6.47e-05   0.00e+00 (  2.24e-03,  2.87e+01)
20     -0.000   4.99e-05  -3.76e-04  -1.69e-04  -4.83e-05   0.00e+00 (  4.60e-03,  3.57e+01)
25      0.000   2.90e-04  -1.70e-04  -3.65e-04   1.18e-03   0.00e+00 (  2.97e-02,  4.11e+01)
30      0.003   5.97e-03   1.11e-02   3.85e-03   3.14e-02   0.00e+00 (  6.11e-01,  4.48e+01)
35      0.006   1.24e-02   2.34e-02   1.83e-02   6.56e-02   0.00e+00 (  1.21e+00,  4.71e+01)
40      0.011   2.21e-02   4.07e-02   3.17e-02   1.26e-01   0.00e+00 (  2.03e+00,  4.80e+01)
45      0.012   2.39e-02   3.66e-02   2.98e-02   1.49e-01   0.00e+00 (  2.07e+00,  4.77e+01)
50      0.016   3.30e-02   5.83e-02   4.39e-02   2.08e-01   0.00e+00 (  2.59e+00,  4.65e+01)
55      0.020   4.32e-02   8.22e-02   5.64e-02   2.72e-01   0.00e+00 (  3.06e+00,  4.48e+01)
60      0.023   5.24e-02   8.45e-02   6.01e-02   3.33e-01   0.00e+00 (  3.35e+00,  4.28e+01)
65      0.032   7.41e-02   1.01e-01   8.28e-02   4.62e-01   0.00e+00 (  4.19e+00,  4.07e+01)
70      0.046   1.14e-01   1.18e-01   1.02e-01   6.89e-01   0.00e+00 (  5.49e+00,  3.86e+01)
75      0.094   3.29e-01   1.76e-01   1.32e-01   1.44e+00   0.00e+00 (  7.90e+00,  3.63e+01)
80      0.203   2.93e+00   5.79e-01   1.74e-01   3.23e+00   0.00e+00 (  1.29e+01,  3.38e+01)
85      0.307   1.54e+01   3.65e+00   2.15e-01   5.89e+00   0.00e+00 (  2.37e+01,  3.14e+01)
90      0.557   1.41e+00   1.66e+00   9.25e-01   1.94e+01   0.00e+00 (  2.24e+02,  2.92e+01)
95      0.584   1.05e+00   1.51e+00   1.14e+00   3.60e+01   0.00e+00 (  5.40e+02,  2.72e+01)
35 e: 2.061e-04 i: 9.017e-04 :: e: 4.151e-01 i: 2.978e-01 :: n: 2.762e+01 e:6.550 i:6.607 v:4.993e+03
>>> tau_he = 5.000000, nhe(0)=2.744704e-01
 5      0.000   1.30e-03   1.60e-01   1.10e-03   1.43e-03   0.00e+00 (  2.86e-02,  1.06e+01)
10      0.000   4.29e-05   8.52e-04  -1.40e-04   1.05e-04   0.00e+00 (  2.07e-03,  2.03e+01)
15      0.000   2.57e-05   2.02e-04  -4.89e-05   4.99e-05   0.00e+00 (  1.93e-03,  2.87e+01)
20     -0.000   2.47e-05  -1.13e-04  -7.59e-05  -4.01e-05   0.00e+00 (  2.35e-03,  3.57e+01)
25      0.000   1.32e-04  -2.83e-04  -2.70e-04   3.55e-04   0.00e+00 (  1.40e-02,  4.11e+01)
30      0.003   5.64e-03   1.08e-02   3.23e-03   2.93e-02   0.00e+00 (  6.03e-01,  4.48e+01)
35      0.006   1.28e-02   2.43e-02   1.80e-02   6.71e-02   0.00e+00 (  1.31e+00,  4.71e+01)
40      0.009   1.96e-02   3.82e-02   3.14e-02   1.11e-01   0.00e+00 (  1.89e+00,  4.80e+01)
45      0.009   1.82e-02   2.61e-02   2.29e-02   1.11e-01   0.00e+00 (  1.66e+00,  4.77e+01)
50      0.015   3.11e-02   6.49e-02   4.72e-02   1.93e-01   0.00e+00 (  2.58e+00,  4.65e+01)
55      0.012   2.53e-02   4.45e-02   3.56e-02   1.59e-01   0.00e+00 (  1.90e+00,  4.48e+01)
60      0.020   4.38e-02   7.49e-02   5.32e-02   2.78e-01   0.00e+00 (  2.98e+00,  4.28e+01)
65      0.029   6.76e-02   9.01e-02   7.86e-02   4.24e-01   0.00e+00 (  4.06e+00,  4.07e+01)
70      0.048   1.17e-01   1.15e-01   9.99e-02   7.17e-01   0.00e+00 (  5.92e+00,  3.86e+01)
75      0.108   3.86e-01   1.95e-01   1.37e-01   1.63e+00   0.00e+00 (  8.72e+00,  3.63e+01)
80      0.210   3.18e+00   7.13e-01   1.73e-01   3.34e+00   0.00e+00 (  1.33e+01,  3.38e+01)
85      0.308   1.68e+01   4.55e+00   2.14e-01   5.91e+00   0.00e+00 (  2.38e+01,  3.14e+01)
90      0.557   1.41e+00   1.66e+00   9.24e-01   1.94e+01   0.00e+00 (  2.24e+02,  2.92e+01)
95      0.584   1.05e+00   1.51e+00   1.14e+00   3.60e+01   0.00e+00 (  5.40e+02,  2.72e+01)
36 e: 1.051e-03 i: 1.585e-04 :: e: 3.871e-01 i: 3.542e-01 :: n: 2.762e+01 e:6.672 i:6.350 v:4.993e+03
>>> tau_he = 5.000000, nhe(0)=2.887862e-01
 5      0.000   1.35e-03   1.62e-01   1.06e-03   1.44e-03   0.00e+00 (  2.69e-02,  1.06e+01)
10      0.000   4.79e-05   8.63e-04  -1.37e-04   1.19e-04   0.00e+00 (  2.08e-03,  2.03e+01)
15      0.000   2.86e-05   2.01e-04  -4.72e-05   6.49e-05   0.00e+00 (  1.93e-03,  2.87e+01)
20     -0.000   2.14e-05  -1.35e-04  -8.18e-05  -5.37e-06   0.00e+00 (  1.84e-03,  3.57e+01)
25     -0.000   4.24e-05  -3.60e-04  -2.14e-04  -2.58e-05   0.00e+00 (  4.08e-03,  4.11e+01)
30      0.003   5.20e-03   9.70e-03   2.51e-03   2.68e-02   0.00e+00 (  5.04e-01,  4.48e+01)
35      0.005   1.12e-02   2.10e-02   1.56e-02   5.80e-02   0.00e+00 (  1.04e+00,  4.71e+01)
40      0.009   1.98e-02   3.62e-02   2.89e-02   1.11e-01   0.00e+00 (  1.74e+00,  4.80e+01)
45      0.011   2.17e-02   3.22e-02   2.67e-02   1.32e-01   0.00e+00 (  1.80e+00,  4.77e+01)
50      0.014   3.02e-02   5.26e-02   4.03e-02   1.87e-01   0.00e+00 (  2.28e+00,  4.65e+01)
55      0.019   4.07e-02   7.76e-02   5.35e-02   2.56e-01   0.00e+00 (  2.79e+00,  4.48e+01)
60      0.022   4.91e-02   7.87e-02   5.66e-02   3.10e-01   0.00e+00 (  3.03e+00,  4.28e+01)
65      0.030   7.17e-02   9.47e-02   7.98e-02   4.42e-01   0.00e+00 (  3.88e+00,  4.07e+01)
70      0.048   1.21e-01   1.15e-01   9.94e-02   7.11e-01   0.00e+00 (  5.38e+00,  3.86e+01)
75      0.109   4.64e-01   1.92e-01   1.36e-01   1.65e+00   0.00e+00 (  8.27e+00,  3.63e+01)
80      0.212   3.89e+00   7.66e-01   1.73e-01   3.38e+00   0.00e+00 (  1.33e+01,  3.38e+01)
85      0.309   2.08e+01   4.85e+00   2.14e-01   5.92e+00   0.00e+00 (  2.37e+01,  3.14e+01)
90      0.557   1.41e+00   1.66e+00   9.24e-01   1.94e+01   0.00e+00 (  2.23e+02,  2.92e+01)
95      0.584   1.05e+00   1.51e+00   1.14e+00   3.60e+01   0.00e+00 (  5.40e+02,  2.72e+01)
37 e: 2.130e-04 i: 9.151e-04 :: e: 3.730e-01 i: 3.373e-01 :: n: 2.762e+01 e:6.382 i:6.455 v:4.993e+03
>>> tau_he = 5.000000, nhe(0)=2.547949e-01
 5      0.000   1.28e-03   1.61e-01   1.07e-03   1.40e-03   0.00e+00 (  2.62e-02,  1.06e+01)
10      0.000   4.19e-05   7.15e-04  -9.85e-05   1.05e-04   0.00e+00 (  1.88e-03,  2.03e+01)
15      0.000   2.58e-05   2.26e-04  -5.05e-05   5.66e-05   0.00e+00 (  1.80e-03,  2.87e+01)
20     -0.000   1.97e-05  -1.26e-04  -8.57e-05  -1.15e-05   0.00e+00 (  1.75e-03,  3.57e+01)
25     -0.000   3.57e-05  -3.45e-04  -1.90e-04  -7.48e-05   0.00e+00 (  3.58e-03,  4.11e+01)
30      0.002   4.88e-03   9.26e-03   2.09e-03   2.49e-02   0.00e+00 (  4.95e-01,  4.48e+01)
35      0.005   1.11e-02   2.20e-02   1.87e-02   5.65e-02   0.00e+00 (  1.08e+00,  4.71e+01)
40      0.008   1.71e-02   3.35e-02   2.83e-02   9.58e-02   0.00e+00 (  1.58e+00,  4.80e+01)
45      0.007   1.54e-02   2.18e-02   1.96e-02   9.40e-02   0.00e+00 (  1.35e+00,  4.77e+01)
50      0.013   2.79e-02   5.92e-02   4.28e-02   1.73e-01   0.00e+00 (  2.23e+00,  4.65e+01)
55      0.011   2.28e-02   4.14e-02   3.18e-02   1.44e-01   0.00e+00 (  1.66e+00,  4.48e+01)
60      0.018   4.06e-02   6.91e-02   4.95e-02   2.57e-01   0.00e+00 (  2.66e+00,  4.28e+01)
65      0.029   6.73e-02   8.52e-02   7.57e-02   4.18e-01   0.00e+00 (  3.87e+00,  4.07e+01)
70      0.052   1.30e-01   1.15e-01   9.97e-02   7.73e-01   0.00e+00 (  5.98e+00,  3.86e+01)
75      0.123   5.50e-01   2.20e-01   1.41e-01   1.87e+00   0.00e+00 (  9.09e+00,  3.63e+01)
80      0.217   3.87e+00   9.58e-01   1.72e-01   3.45e+00   0.00e+00 (  1.36e+01,  3.38e+01)
85      0.310   1.97e+01   5.95e+00   2.13e-01   5.94e+00   0.00e+00 (  2.38e+01,  3.14e+01)
90      0.556   1.41e+00   1.66e+00   9.23e-01   1.93e+01   0.00e+00 (  2.24e+02,  2.92e+01)
95      0.584   1.05e+00   1.51e+00   1.14e+00   3.60e+01   0.00e+00 (  5.40e+02,  2.72e+01)
38 e: 1.051e-03 i: 1.684e-04 :: e: 3.414e-01 i: 3.895e-01 :: n: 2.762e+01 e:6.506 i:6.201 v:4.993e+03
>>> tau_he = 5.000000, nhe(0)=2.689063e-01
 5      0.000   1.34e-03   1.64e-01   1.03e-03   1.41e-03   0.00e+00 (  2.46e-02,  1.06e+01)
10      0.000   4.69e-05   7.29e-04  -9.83e-05   1.18e-04   0.00e+00 (  1.89e-03,  2.03e+01)
15      0.000   2.87e-05   2.22e-04  -4.86e-05   7.04e-05   0.00e+00 (  1.79e-03,  2.87e+01)
20      0.000   1.72e-05  -6.90e-05  -4.50e-05   2.36e-05   0.00e+00 (  1.37e-03,  3.57e+01)
25      0.000   4.19e-05  -3.43e-04  -1.83e-04   1.94e-05   0.00e+00 (  3.77e-03,  4.11e+01)
30      0.002   4.56e-03   8.18e-03   1.44e-03   2.29e-02   0.00e+00 (  4.17e-01,  4.48e+01)
35      0.005   1.01e-02   1.88e-02   1.34e-02   5.12e-02   0.00e+00 (  8.87e-01,  4.71e+01)
40      0.008   1.81e-02   3.20e-02   2.63e-02   9.76e-02   0.00e+00 (  1.51e+00,  4.80e+01)
45      0.009   1.90e-02   2.81e-02   2.37e-02   1.16e-01   0.00e+00 (  1.51e+00,  4.77e+01)
50      0.014   3.05e-02   5.91e-02   4.44e-02   1.87e-01   0.00e+00 (  2.20e+00,  4.65e+01)
55      0.017   3.80e-02   7.27e-02   5.03e-02   2.37e-01   0.00e+00 (  2.50e+00,  4.48e+01)
60      0.020   4.58e-02   7.28e-02   5.28e-02   2.87e-01   0.00e+00 (  2.71e+00,  4.28e+01)
65      0.030   7.10e-02   8.92e-02   7.65e-02   4.31e-01   0.00e+00 (  3.65e+00,  4.07e+01)
70      0.051   1.35e-01   1.14e-01   9.85e-02   7.60e-01   0.00e+00 (  5.38e+00,  3.86e+01)
75      0.125   6.77e-01   2.18e-01   1.40e-01   1.89e+00   0.00e+00 (  8.75e+00,  3.63e+01)
80      0.219   4.61e+00   1.03e+00   1.72e-01   3.48e+00   0.00e+00 (  1.36e+01,  3.38e+01)
85      0.310   2.29e+01   6.21e+00   2.13e-01   5.94e+00   0.00e+00 (  2.37e+01,  3.14e+01)
90      0.556   1.41e+00   1.66e+00   9.23e-01   1.93e+01   0.00e+00 (  2.23e+02,  2.92e+01)
95      0.584   1.05e+00   1.51e+00   1.14e+00   3.60e+01   0.00e+00 (  5.40e+02,  2.72e+01)
39 e: 2.193e-04 i: 9.305e-04 :: e: 3.350e-01 i: 3.630e-01 :: n: 2.762e+01 e:6.221 i:6.309 v:4.993e+03
>>> tau_he = 5.000000, nhe(0)=2.365259e-01
 5      0.000   1.27e-03   1.63e-01   1.04e-03   1.37e-03   0.00e+00 (  2.40e-02,  1.06e+01)
10      0.000   4.56e-05   7.76e-04  -1.04e-04   1.16e-04   0.00e+00 (  1.90e-03,  2.03e+01)
15      0.000   2.74e-05   2.48e-04  -5.37e-05   6.55e-05   0.00e+00 (  1.78e-03,  2.87e+01)
20      0.000   1.49e-05  -4.30e-05  -5.07e-05   1.73e-05   0.00e+00 (  1.24e-03,  3.57e+01)
25     -0.000   3.56e-05  -3.24e-04  -1.56e-04  -2.85e-05   0.00e+00 (  3.36e-03,  4.11e+01)
30      0.002   4.15e-03   7.83e-03   1.12e-03   2.09e-02   0.00e+00 (  4.00e-01,  4.48e+01)
35      0.004   9.68e-03   1.96e-02   1.68e-02   4.85e-02   0.00e+00 (  9.01e-01,  4.71e+01)
40      0.007   1.48e-02   2.92e-02   2.53e-02   8.18e-02   0.00e+00 (  1.31e+00,  4.80e+01)
45      0.006   1.27e-02   1.78e-02   1.65e-02   7.74e-02   0.00e+00 (  1.07e+00,  4.77e+01)
50      0.012   2.46e-02   5.34e-02   3.81e-02   1.52e-01   0.00e+00 (  1.89e+00,  4.65e+01)
55      0.009   1.95e-02   3.39e-02   2.67e-02   1.23e-01   0.00e+00 (  1.36e+00,  4.48e+01)
60      0.017   3.81e-02   6.44e-02   4.58e-02   2.40e-01   0.00e+00 (  2.41e+00,  4.28e+01)
65      0.029   6.80e-02   8.11e-02   7.34e-02   4.18e-01   0.00e+00 (  3.73e+00,  4.07e+01)
70      0.058   1.50e-01   1.19e-01   1.01e-01   8.58e-01   0.00e+00 (  6.14e+00,  3.86e+01)
75      0.139   7.86e-01   2.52e-01   1.44e-01   2.10e+00   0.00e+00 (  9.52e+00,  3.63e+01)
80      0.222   4.54e+00   1.31e+00   1.72e-01   3.54e+00   0.00e+00 (  1.38e+01,  3.38e+01)
85      0.310   2.12e+01   7.65e+00   2.13e-01   5.95e+00   0.00e+00 (  2.38e+01,  3.14e+01)
90      0.556   1.41e+00   1.66e+00   9.23e-01   1.93e+01   0.00e+00 (  2.24e+02,  2.92e+01)
95      0.584   1.05e+00   1.51e+00   1.14e+00   3.60e+01   0.00e+00 (  5.40e+02,  2.72e+01)
40 e: 1.059e-03 i: 1.804e-04 :: e: 3.066e-01 i: 4.168e-01 :: n: 2.762e+01 e:6.347 i:6.058 v:4.993e+03
>>> tau_he = 5.000000, nhe(0)=2.504085e-01
 5      0.000   1.34e-03   1.65e-01   1.00e-03   1.38e-03   0.00e+00 (  2.26e-02,  1.06e+01)
10      0.000   5.10e-05   7.85e-04  -1.04e-04   1.29e-04   0.00e+00 (  1.90e-03,  2.03e+01)
15      0.000   3.06e-05   2.41e-04  -5.16e-05   8.02e-05   0.00e+00 (  1.77e-03,  2.87e+01)
20      0.000   1.32e-05  -9.09e-06  -3.07e-05   2.85e-05   0.00e+00 (  9.81e-04,  3.57e+01)
25      0.000   4.14e-05  -3.25e-04  -1.54e-04   5.64e-05   0.00e+00 (  3.49e-03,  4.11e+01)
30      0.002   3.95e-03   6.99e-03   7.92e-04   1.95e-02   0.00e+00 (  3.41e-01,  4.48e+01)
35      0.004   9.44e-03   1.79e-02   1.46e-02   4.69e-02   0.00e+00 (  7.90e-01,  4.71e+01)
40      0.007   1.59e-02   2.82e-02   2.37e-02   8.46e-02   0.00e+00 (  1.27e+00,  4.80e+01)
45      0.008   1.64e-02   2.44e-02   2.09e-02   1.00e-01   0.00e+00 (  1.25e+00,  4.77e+01)
50      0.013   2.76e-02   5.37e-02   4.03e-02   1.67e-01   0.00e+00 (  1.90e+00,  4.65e+01)
55      0.016   3.55e-02   6.79e-02   4.72e-02   2.19e-01   0.00e+00 (  2.24e+00,  4.48e+01)
60      0.019   4.28e-02   6.75e-02   4.93e-02   2.66e-01   0.00e+00 (  2.43e+00,  4.28e+01)
65      0.029   7.11e-02   8.44e-02   7.36e-02   4.24e-01   0.00e+00 (  3.47e+00,  4.07e+01)
70      0.056   1.58e-01   1.16e-01   9.90e-02   8.35e-01   0.00e+00 (  5.48e+00,  3.86e+01)
75      0.140   9.86e-01   2.52e-01   1.44e-01   2.13e+00   0.00e+00 (  9.29e+00,  3.63e+01)
80      0.224   5.63e+00   1.42e+00   1.72e-01   3.56e+00   0.00e+00 (  1.38e+01,  3.38e+01)
85      0.311   2.59e+01   8.08e+00   2.13e-01   5.96e+00   0.00e+00 (  2.38e+01,  3.14e+01)
90      0.556   1.41e+00   1.66e+00   9.23e-01   1.93e+01   0.00e+00 (  2.23e+02,  2.92e+01)
95      0.584   1.05e+00   1.51e+00   1.14e+00   3.60e+01   0.00e+00 (  5.40e+02,  2.72e+01)
41 e: 2.329e-04 i: 9.489e-04 :: e: 3.172e-01 i: 3.927e-01 :: n: 2.762e+01 e:6.067 i:6.167 v:4.993e+03
>>> tau_he = 5.000000, nhe(0)=2.195737e-01
 5      0.000   1.26e-03   1.65e-01   1.01e-03   1.33e-03   0.00e+00 (  2.21e-02,  1.06e+01)
10      0.000   1.79e-05   3.95e-04  -4.10e-05   4.25e-05   0.00e+00 (  6.91e-04,  2.03e+01)
15      0.000   2.78e-05   2.73e-04  -5.59e-05   7.13e-05   0.00e+00 (  1.68e-03,  2.87e+01)
20      0.000   1.26e-05  -4.64e-06  -4.16e-05   2.48e-05   0.00e+00 (  9.74e-04,  3.57e+01)
25      0.000   3.62e-05  -3.00e-04  -1.25e-04   1.16e-05   0.00e+00 (  3.21e-03,  4.11e+01)
30      0.002   3.58e-03   6.58e-03   6.23e-04   1.77e-02   0.00e+00 (  3.26e-01,  4.48e+01)
35      0.004   8.47e-03   1.75e-02   1.47e-02   4.14e-02   0.00e+00 (  7.51e-01,  4.71e+01)
40      0.006   1.26e-02   2.53e-02   2.22e-02   6.85e-02   0.00e+00 (  1.06e+00,  4.80e+01)
45      0.005   1.03e-02   1.43e-02   1.35e-02   6.15e-02   0.00e+00 (  8.38e-01,  4.77e+01)
50      0.010   2.20e-02   4.73e-02   3.53e-02   1.34e-01   0.00e+00 (  1.62e+00,  4.65e+01)
55      0.008   1.83e-02   3.21e-02   2.45e-02   1.15e-01   0.00e+00 (  1.24e+00,  4.48e+01)
60      0.016   3.63e-02   6.03e-02   4.26e-02   2.27e-01   0.00e+00 (  2.21e+00,  4.28e+01)
65      0.027   6.39e-02   7.09e-02   6.04e-02   3.90e-01   0.00e+00 (  3.35e+00,  4.07e+01)
70      0.065   1.80e-01   1.25e-01   1.04e-01   9.71e-01   0.00e+00 (  6.35e+00,  3.86e+01)
75      0.153   1.14e+00   3.01e-01   1.46e-01   2.33e+00   0.00e+00 (  9.98e+00,  3.63e+01)
80      0.227   5.75e+00   1.84e+00   1.71e-01   3.60e+00   0.00e+00 (  1.39e+01,  3.38e+01)
85      0.311   2.49e+01   1.03e+01   2.12e-01   5.97e+00   0.00e+00 (  2.38e+01,  3.14e+01)
90      0.556   1.41e+00   1.66e+00   9.22e-01   1.93e+01   0.00e+00 (  2.23e+02,  2.92e+01)
95      0.584   1.05e+00   1.51e+00   1.14e+00   3.60e+01   0.00e+00 (  5.40e+02,  2.72e+01)
42 e: 1.075e-03 i: 1.940e-04 :: e: 2.980e-01 i: 4.463e-01 :: n: 2.762e+01 e:6.194 i:5.919 v:4.993e+03
>>> tau_he = 5.000000, nhe(0)=2.332111e-01
 5      0.000   1.33e-03   1.67e-01   9.77e-04   1.35e-03   0.00e+00 (  2.07e-02,  1.06e+01)
10      0.000   5.54e-05   8.43e-04  -1.09e-04   1.39e-04   0.00e+00 (  1.91e-03,  2.03e+01)
15      0.000   3.11e-05   2.63e-04  -5.36e-05   8.52e-05   0.00e+00 (  1.67e-03,  2.87e+01)
20      0.000   1.04e-05   2.44e-05  -2.39e-05   2.86e-05   0.00e+00 (  7.18e-04,  3.57e+01)
25      0.000   4.62e-04   2.57e-04  -1.45e-04   2.02e-03   0.00e+00 (  3.65e-02,  4.11e+01)
30      0.002   3.53e-03   5.96e-03   5.26e-04   1.68e-02   0.00e+00 (  2.88e-01,  4.48e+01)
35      0.004   8.28e-03   1.60e-02   1.26e-02   4.01e-02   0.00e+00 (  6.57e-01,  4.71e+01)
40      0.006   1.38e-02   2.46e-02   2.12e-02   7.24e-02   0.00e+00 (  1.05e+00,  4.80e+01)
45      0.007   1.40e-02   2.08e-02   1.81e-02   8.49e-02   0.00e+00 (  1.02e+00,  4.77e+01)
50      0.011   2.52e-02   4.88e-02   3.65e-02   1.50e-01   0.00e+00 (  1.66e+00,  4.65e+01)
55      0.015   3.30e-02   6.33e-02   4.41e-02   2.02e-01   0.00e+00 (  2.00e+00,  4.48e+01)
60      0.018   4.05e-02   6.30e-02   4.60e-02   2.49e-01   0.00e+00 (  2.20e+00,  4.28e+01)
65      0.029   7.20e-02   8.03e-02   7.12e-02   4.21e-01   0.00e+00 (  3.33e+00,  4.07e+01)
70      0.063   1.95e-01   1.20e-01   1.01e-01   9.43e-01   0.00e+00 (  5.67e+00,  3.86e+01)
75      0.156   1.49e+00   3.06e-01   1.46e-01   2.37e+00   0.00e+00 (  9.84e+00,  3.63e+01)
80      0.228   7.56e+00   2.02e+00   1.71e-01   3.62e+00   0.00e+00 (  1.39e+01,  3.38e+01)
85      0.312   3.23e+01   1.12e+01   2.12e-01   5.98e+00   0.00e+00 (  2.38e+01,  3.14e+01)
90      0.555   1.41e+00   1.66e+00   9.22e-01   1.93e+01   0.00e+00 (  2.23e+02,  2.92e+01)
95      0.584   1.05e+00   1.51e+00   1.14e+00   3.60e+01   0.00e+00 (  5.40e+02,  2.72e+01)
43 e: 2.499e-04 i: 9.685e-04 :: e: 3.311e-01 i: 4.038e-01 :: n: 2.762e+01 e:5.919 i:6.031 v:4.993e+03
>>> tau_he = 5.000000, nhe(0)=2.038596e-01
 5      0.000   1.25e-03   1.67e-01   9.86e-04   1.30e-03   0.00e+00 (  2.03e-02,  1.06e+01)
10      0.000   2.23e-05   5.99e-04  -8.15e-05   5.38e-05   0.00e+00 (  8.02e-04,  2.03e+01)
15      0.000   2.82e-05   2.97e-04  -5.81e-05   7.61e-05   0.00e+00 (  1.58e-03,  2.87e+01)
20      0.000   7.93e-06   2.54e-05  -3.48e-05   2.00e-05   0.00e+00 (  5.74e-04,  3.57e+01)
25      0.000   1.95e-04  -1.90e-05  -1.15e-04   7.86e-04   0.00e+00 (  1.62e-02,  4.11e+01)
30      0.001   3.11e-03   5.53e-03   5.13e-04   1.51e-02   0.00e+00 (  2.68e-01,  4.48e+01)
35      0.003   7.65e-03   1.58e-02   1.37e-02   3.69e-02   0.00e+00 (  6.45e-01,  4.71e+01)
40      0.005   1.03e-02   2.11e-02   1.91e-02   5.54e-02   0.00e+00 (  8.36e-01,  4.80e+01)
45      0.004   7.83e-03   1.14e-02   1.09e-02   4.72e-02   0.00e+00 (  6.10e-01,  4.77e+01)
50      0.009   1.92e-02   4.28e-02   3.13e-02   1.17e-01   0.00e+00 (  1.36e+00,  4.65e+01)
55      0.008   1.71e-02   3.04e-02   2.24e-02   1.07e-01   0.00e+00 (  1.12e+00,  4.48e+01)
60      0.015   3.48e-02   5.64e-02   3.98e-02   2.15e-01   0.00e+00 (  2.05e+00,  4.28e+01)
65      0.028   6.70e-02   6.89e-02   5.96e-02   4.05e-01   0.00e+00 (  3.35e+00,  4.07e+01)
70      0.075   2.27e-01   1.33e-01   1.07e-01   1.12e+00   0.00e+00 (  6.60e+00,  3.86e+01)
75      0.168   1.74e+00   3.80e-01   1.47e-01   2.55e+00   0.00e+00 (  1.04e+01,  3.63e+01)
80      0.230   8.06e+00   2.66e+00   1.71e-01   3.66e+00   0.00e+00 (  1.40e+01,  3.38e+01)
85      0.312   3.19e+01   1.49e+01   2.12e-01   5.98e+00   0.00e+00 (  2.38e+01,  3.14e+01)
90      0.555   1.41e+00   1.66e+00   9.21e-01   1.93e+01   0.00e+00 (  2.23e+02,  2.92e+01)
95      0.584   1.05e+00   1.51e+00   1.14e+00   3.60e+01   0.00e+00 (  5.40e+02,  2.72e+01)
44 e: 1.094e-03 i: 2.085e-04 :: e: 3.219e-01 i: 3.923e-01 :: n: 2.762e+01 e:6.048 i:5.785 v:4.993e+03
>>> tau_he = 5.000000, nhe(0)=2.172309e-01
 5      0.000   1.32e-03   1.68e-01   9.51e-04   1.31e-03   0.00e+00 (  1.91e-02,  1.06e+01)
10      0.000   2.54e-05   6.01e-04  -8.07e-05   5.98e-05   0.00e+00 (  8.08e-04,  2.03e+01)
15      0.000   3.16e-05   2.84e-04  -5.56e-05   8.94e-05   0.00e+00 (  1.58e-03,  2.87e+01)
20      0.000   9.05e-06   1.93e-05  -3.43e-05   2.79e-05   0.00e+00 (  5.80e-04,  3.57e+01)
25      0.000   1.05e-04  -1.26e-04  -9.72e-05   4.00e-04   0.00e+00 (  7.71e-03,  4.11e+01)
30      0.001   3.09e-03   5.07e-03   4.21e-04   1.45e-02   0.00e+00 (  2.37e-01,  4.48e+01)
35      0.003   7.53e-03   1.45e-02   1.17e-02   3.59e-02   0.00e+00 (  5.66e-01,  4.71e+01)
40      0.005   1.18e-02   2.11e-02   1.91e-02   6.12e-02   0.00e+00 (  8.54e-01,  4.80e+01)
45      0.006   1.17e-02   1.77e-02   1.55e-02   7.07e-02   0.00e+00 (  8.16e-01,  4.77e+01)
50      0.010   2.29e-02   4.41e-02   3.35e-02   1.34e-01   0.00e+00 (  1.45e+00,  4.65e+01)
55      0.014   3.10e-02   5.96e-02   4.14e-02   1.88e-01   0.00e+00 (  1.81e+00,  4.48e+01)
60      0.017   3.90e-02   5.95e-02   4.29e-02   2.36e-01   0.00e+00 (  2.04e+00,  4.28e+01)
65      0.029   7.42e-02   7.69e-02   6.95e-02   4.25e-01   0.00e+00 (  3.24e+00,  4.07e+01)
70      0.074   2.59e-01   1.28e-01   1.04e-01   1.09e+00   0.00e+00 (  5.96e+00,  3.86e+01)
75      0.171   2.40e+00   3.98e-01   1.47e-01   2.59e+00   0.00e+00 (  1.04e+01,  3.63e+01)
80      0.231   1.12e+01   2.83e+00   1.70e-01   3.67e+00   0.00e+00 (  1.39e+01,  3.38e+01)
85      0.312   4.33e+01   1.65e+01   2.11e-01   5.99e+00   0.00e+00 (  2.38e+01,  3.14e+01)
90      0.555   1.41e+00   1.66e+00   9.21e-01   1.93e+01   0.00e+00 (  2.23e+02,  2.92e+01)
95      0.584   1.05e+00   1.51e+00   1.14e+00   3.60e+01   0.00e+00 (  5.40e+02,  2.72e+01)
45 e: 2.672e-04 i: 9.876e-04 :: e: 3.534e-01 i: 3.560e-01 :: n: 2.762e+01 e:5.778 i:5.899 v:4.993e+03
>>> tau_he = 5.000000, nhe(0)=1.893046e-01
 5      0.000   1.25e-03   1.70e-01   9.60e-04   1.26e-03   0.00e+00 (  1.87e-02,  1.06e+01)
10      0.000   2.28e-05   6.25e-04  -8.47e-05   5.49e-05   0.00e+00 (  7.62e-04,  2.03e+01)
15      0.000   2.85e-05   3.20e-04  -6.01e-05   8.00e-05   0.00e+00 (  1.49e-03,  2.87e+01)
20      0.000   1.02e-05   5.15e-05  -3.80e-05   3.10e-05   0.00e+00 (  6.91e-04,  3.57e+01)
25      0.000   2.65e-05  -1.83e-04  -8.97e-05   3.41e-05   0.00e+00 (  2.06e-03,  4.11e+01)
30      0.001   3.01e-03   5.23e-03   2.85e-03   1.45e-02   0.00e+00 (  2.45e-01,  4.48e+01)
35      0.003   6.86e-03   1.42e-02   1.28e-02   3.26e-02   0.00e+00 (  5.50e-01,  4.71e+01)
40      0.004   9.16e-03   1.85e-02   1.61e-02   4.63e-02   0.00e+00 (  7.10e-01,  4.80e+01)
45      0.003   5.98e-03   8.99e-03   8.90e-03   3.65e-02   0.00e+00 (  4.48e-01,  4.77e+01)
50      0.008   1.72e-02   3.93e-02   2.79e-02   1.04e-01   0.00e+00 (  1.17e+00,  4.65e+01)
55      0.007   1.62e-02   2.87e-02   2.06e-02   1.00e-01   0.00e+00 (  1.02e+00,  4.48e+01)
60      0.014   3.35e-02   5.24e-02   3.74e-02   2.05e-01   0.00e+00 (  1.90e+00,  4.28e+01)
65      0.030   7.28e-02   6.82e-02   5.98e-02   4.34e-01   0.00e+00 (  3.43e+00,  4.07e+01)
70      0.088   3.13e-01   1.47e-01   1.11e-01   1.31e+00   0.00e+00 (  6.91e+00,  3.86e+01)
75      0.180   2.75e+00   5.15e-01   1.47e-01   2.74e+00   0.00e+00 (  1.08e+01,  3.63e+01)
80      0.232   1.21e+01   3.62e+00   1.70e-01   3.69e+00   0.00e+00 (  1.40e+01,  3.38e+01)
85      0.313   4.31e+01   2.16e+01   2.11e-01   6.00e+00   0.00e+00 (  2.38e+01,  3.14e+01)
90      0.555   1.41e+00   1.66e+00   9.21e-01   1.93e+01   0.00e+00 (  2.23e+02,  2.92e+01)
95      0.584   1.05e+00   1.51e+00   1.14e+00   3.60e+01   0.00e+00 (  5.40e+02,  2.72e+01)
46 e: 1.109e-03 i: 2.214e-04 :: e: 3.294e-01 i: 3.564e-01 :: n: 2.762e+01 e:5.908 i:5.656 v:4.993e+03
>>> tau_he = 5.000000, nhe(0)=2.023917e-01
 5      0.000   1.32e-03   1.70e-01   9.26e-04   1.28e-03   0.00e+00 (  1.76e-02,  1.06e+01)
10      0.000   2.54e-05   6.06e-04  -7.83e-05   5.91e-05   0.00e+00 (  7.48e-04,  2.03e+01)
15      0.000   3.21e-05   3.04e-04  -5.74e-05   9.26e-05   0.00e+00 (  1.48e-03,  2.87e+01)
20      0.000   1.15e-05   4.43e-05  -3.73e-05   3.86e-05   0.00e+00 (  6.83e-04,  3.57e+01)
25      0.000   2.86e-05  -1.84e-04  -7.65e-05   7.77e-05   0.00e+00 (  1.96e-03,  4.11e+01)
30      0.001   2.69e-03   4.20e-03   3.50e-04   1.22e-02   0.00e+00 (  1.94e-01,  4.48e+01)
35      0.003   6.85e-03   1.32e-02   1.10e-02   3.22e-02   0.00e+00 (  4.87e-01,  4.71e+01)
40      0.004   9.93e-03   1.82e-02   1.66e-02   5.06e-02   0.00e+00 (  6.83e-01,  4.80e+01)
45      0.005   9.51e-03   1.49e-02   1.30e-02   5.73e-02   0.00e+00 (  6.33e-01,  4.77e+01)
50      0.009   2.05e-02   4.02e-02   3.01e-02   1.19e-01   0.00e+00 (  1.24e+00,  4.65e+01)
55      0.009   1.98e-02   3.26e-02   2.59e-02   1.22e-01   0.00e+00 (  1.10e+00,  4.48e+01)
60      0.016   3.76e-02   5.59e-02   3.99e-02   2.24e-01   0.00e+00 (  1.88e+00,  4.28e+01)
65      0.028   7.30e-02   6.74e-02   5.74e-02   4.09e-01   0.00e+00 (  2.95e+00,  4.07e+01)
70      0.087   3.86e-01   1.43e-01   1.09e-01   1.30e+00   0.00e+00 (  6.37e+00,  3.86e+01)
75      0.183   3.71e+00   5.53e-01   1.47e-01   2.78e+00   0.00e+00 (  1.08e+01,  3.63e+01)
80      0.232   1.64e+01   3.67e+00   1.70e-01   3.69e+00   0.00e+00 (  1.39e+01,  3.38e+01)
85      0.313   5.75e+01   2.20e+01   2.11e-01   6.00e+00   0.00e+00 (  2.37e+01,  3.14e+01)
90      0.555   1.41e+00   1.66e+00   9.21e-01   1.93e+01   0.00e+00 (  2.23e+02,  2.92e+01)
95      0.584   1.05e+00   1.51e+00   1.14e+00   3.60e+01   0.00e+00 (  5.40e+02,  2.72e+01)
47 e: 2.817e-04 i: 1.003e-03 :: e: 3.196e-01 i: 3.226e-01 :: n: 2.762e+01 e:5.642 i:5.772 v:4.993e+03
>>> tau_he = 5.000000, nhe(0)=1.758322e-01
 5      0.000   1.24e-03   1.72e-01   9.34e-04   1.23e-03   0.00e+00 (  1.72e-02,  1.06e+01)
10      0.000   2.26e-05   6.27e-04  -8.05e-05   5.38e-05   0.00e+00 (  7.00e-04,  2.03e+01)
15      0.000   2.45e-05   2.69e-04  -8.89e-05   7.34e-05   0.00e+00 (  1.19e-03,  2.87e+01)
20      0.000   1.11e-05   6.66e-05  -3.81e-05   3.63e-05   0.00e+00 (  7.02e-04,  3.57e+01)
25      0.000   1.00e-03   1.58e-03   2.71e-04   4.28e-03   0.00e+00 (  7.33e-02,  4.11e+01)
30      0.001   2.40e-03   3.96e-03   2.06e-03   1.12e-02   0.00e+00 (  1.84e-01,  4.48e+01)
35      0.003   6.09e-03   1.28e-02   1.18e-02   2.86e-02   0.00e+00 (  4.65e-01,  4.71e+01)
40      0.003   8.07e-03   1.65e-02   1.31e-02   4.01e-02   0.00e+00 (  5.98e-01,  4.80e+01)
45      0.005   1.01e-02   2.18e-02   2.33e-02   5.95e-02   0.00e+00 (  7.30e-01,  4.77e+01)
50      0.009   1.97e-02   4.29e-02   2.50e-02   1.15e-01   0.00e+00 (  1.29e+00,  4.65e+01)
55      0.007   1.56e-02   2.70e-02   2.09e-02   9.58e-02   0.00e+00 (  9.47e-01,  4.48e+01)
60      0.014   3.29e-02   4.88e-02   3.58e-02   1.99e-01   0.00e+00 (  1.79e+00,  4.28e+01)
65      0.034   8.42e-02   6.92e-02   6.10e-02   4.91e-01   0.00e+00 (  3.63e+00,  4.07e+01)
70      0.103   4.79e-01   1.70e-01   1.15e-01   1.53e+00   0.00e+00 (  7.30e+00,  3.86e+01)
75      0.190   3.70e+00   7.31e-01   1.46e-01   2.88e+00   0.00e+00 (  1.12e+01,  3.63e+01)
80      0.233   1.51e+01   4.56e+00   1.70e-01   3.71e+00   0.00e+00 (  1.40e+01,  3.38e+01)
85      0.313   4.89e+01   2.68e+01   2.11e-01   6.00e+00   0.00e+00 (  2.38e+01,  3.14e+01)
90      0.555   1.41e+00   1.66e+00   9.20e-01   1.93e+01   0.00e+00 (  2.23e+02,  2.92e+01)
95      0.584   1.05e+00   1.51e+00   1.14e+00   3.60e+01   0.00e+00 (  5.40e+02,  2.72e+01)
48 e: 1.113e-03 i: 2.334e-04 :: e: 2.902e-01 i: 3.271e-01 :: n: 2.762e+01 e:5.774 i:5.532 v:4.993e+03
>>> tau_he = 5.000000, nhe(0)=1.886141e-01
 5      0.000   1.32e-03   1.72e-01   9.02e-04   1.24e-03   0.00e+00 (  1.62e-02,  1.06e+01)
10      0.000   2.61e-05   6.30e-04  -8.16e-05   6.00e-05   0.00e+00 (  7.13e-04,  2.03e+01)
15      0.000   2.59e-05   2.47e-04  -8.00e-05   7.90e-05   0.00e+00 (  1.11e-03,  2.87e+01)
20      0.000   1.24e-05   5.71e-05  -3.70e-05   4.33e-05   0.00e+00 (  6.85e-04,  3.57e+01)
25      0.000   9.98e-06  -3.21e-05  -1.14e-05   3.22e-05   0.00e+00 (  6.40e-04,  4.11e+01)
30      0.001   2.46e-03   3.75e-03   1.58e-03   1.12e-02   0.00e+00 (  1.66e-01,  4.48e+01)
35      0.003   6.25e-03   1.19e-02   1.03e-02   2.88e-02   0.00e+00 (  4.20e-01,  4.71e+01)
40      0.004   8.70e-03   1.62e-02   1.45e-02   4.37e-02   0.00e+00 (  5.69e-01,  4.80e+01)
45      0.004   7.73e-03   1.24e-02   1.11e-02   4.55e-02   0.00e+00 (  4.89e-01,  4.77e+01)
50      0.008   1.81e-02   3.64e-02   2.66e-02   1.04e-01   0.00e+00 (  1.04e+00,  4.65e+01)
55      0.008   1.91e-02   3.12e-02   2.43e-02   1.16e-01   0.00e+00 (  1.02e+00,  4.48e+01)
60      0.015   3.66e-02   5.23e-02   3.71e-02   2.14e-01   0.00e+00 (  1.73e+00,  4.28e+01)
65      0.031   8.53e-02   6.73e-02   5.82e-02   4.55e-01   0.00e+00 (  3.05e+00,  4.07e+01)
70      0.103   6.20e-01   1.65e-01   1.13e-01   1.53e+00   0.00e+00 (  6.89e+00,  3.86e+01)
75      0.191   4.66e+00   7.76e-01   1.46e-01   2.90e+00   0.00e+00 (  1.12e+01,  3.63e+01)
80      0.233   1.86e+01   4.44e+00   1.70e-01   3.71e+00   0.00e+00 (  1.39e+01,  3.38e+01)
85      0.313   5.92e+01   2.52e+01   2.11e-01   6.00e+00   0.00e+00 (  2.37e+01,  3.14e+01)
90      0.555   1.41e+00   1.66e+00   9.20e-01   1.93e+01   0.00e+00 (  2.23e+02,  2.92e+01)
95      0.584   1.05e+00   1.51e+00   1.14e+00   3.60e+01   0.00e+00 (  5.40e+02,  2.72e+01)
49 e: 2.897e-04 i: 1.019e-03 :: e: 2.870e-01 i: 2.926e-01 :: n: 2.762e+01 e:5.511 i:5.650 v:4.993e+03
 plasma volume = 147.241695
 stored energy(e,i,b) = 2.639024e+01 2.595814e+01 0.000000e+00
 betan = 0.598378
*power
 Pnb(e,i) = 0.000000e+00 0.000000e+00
 Prf(e,i) = 3.137718e-04 0.000000e+00
 Prad     = -7.324751e+00 
 Pei      = -3.678527e+00 
 Pfuse    = 5.629162e+00 
 Pfusi    = 7.258655e-01 
 Poh      = 0.000000e+00 
*confinement time
 taut, tauITER98y2, H98y2 : -5.400029e+01 -nan -nan
 taue, taui : -4.910906e+00 5.893694e+00
 taut, tau89, H89 : -5.400029e+01 -nan -nan
*temperature
 nea, nebar : 1.861723e+01 2.142998e+01 
 tea, tia : 3.749173e+00 3.720383e+00 (1.007738e+00)
 te0, ti0 : 5.613876e+00 5.409801e+00 (1.037723e+00)
 Sn : 0.000000e+00 
*current balance
 Ip,Ibs,Inb,Irf: 1.000000e+01 7.902512e-01 0.000000e+00 -3.413031e-06
 fni,fbs: 0.079 0.079

 plasma volume = 147.241695
 stored energy(e,i,b) = 2.639024e+01 2.595814e+01 0.000000e+00
 betan = 0.598378
*power
 Pnb(e,i) = 0.000000e+00 0.000000e+00
 Prf(e,i) = 3.137718e-04 0.000000e+00
 Prad     = -7.324751e+00 
 Pei      = -3.678527e+00 
 Pfuse    = 5.629162e+00 
 Pfusi    = 7.258655e-01 
 Poh      = 0.000000e+00 
*confinement time
 taut, tauITER98y2, H98y2 : -5.400029e+01 -nan -nan
 taue, taui : -4.910906e+00 5.893694e+00
 taut, tau89, H89 : -5.400029e+01 -nan -nan
*temperature
 nea, nebar : 1.861723e+01 2.142998e+01 
 tea, tia : 3.749173e+00 3.720383e+00 (1.007738e+00)
 te0, ti0 : 5.613876e+00 5.409801e+00 (1.037723e+00)
 Sn : 0.000000e+00 
*current balance
 Ip,Ibs,Inb,Irf: 1.000000e+01 7.902512e-01 0.000000e+00 -3.413031e-06
 fni,fbs: 0.079 0.079
 ELAPASED TIME = 1543 sec
