========================================================================
= FASTRAN

nonlinear model = 0
ichi = 1
ineo = 0
reading state...
read formatted input, inprof...
init geometry...
read formatted input, inmetric...
nrho in inmetric = 101
rhob in inmetric = 1.265906e+00
solve avg grad-shafranv...
solve_avg_gs::Ip_temp = 9.786416e+00 
solve_avg_gs::Ip      = 1.000000e+01 
>>> tau_he = 5.000000, nhe(0)=3.723063e+00

 plasma volume = 149.526160
 stored energy(e,i,b,a) = 6.322417e+01 6.425968e+01 0.000000e+00 0.000000e+00
 betan = 1.440326
*power
 Pnb(e,i) = 0.000000e+00 0.000000e+00
 Prf(e,i) = 9.152689e+00 3.084903e+01
 Prad     = -8.555609e+01 
 Pei      = 3.476018e+01 
 Pfuse    = 6.413352e+01 
 Pfusi    = 1.795133e+01 
 Poh      = 0.000000e+00 
*confinement time
 taut, tauITER98y2, H98y2 : 3.489794e+00 2.740553e+00 1.273391e+00
 taue, taui : 2.811175e+00 -3.822967e+00
 taut, tau89, H89 : 3.489794e+00 1.154830e+00 3.021912e+00
*temperature
 nea, nebar : 2.050374e+01 2.350753e+01 
 tea, tia : 7.578761e+00 8.728420e+00 (8.682855e-01)
 te0, ti0 : 1.970369e+01 2.775520e+01 (7.099097e-01)
 Sn : 0.000000e+00 
*current balance
 Ip,Ibs,Inb,Irf: 1.000000e+01 2.247733e+00 0.000000e+00 1.927983e-01
 fni,fbs: 0.244 0.225

Time advancing...
rho_bdry 0.900000 ...
te_bdry = 5.000307
ti_bdry = 5.000307
ne_bdry = 16.078026
rv_bdry = 279.463030
nrho_tr_bdry = 18
drho_bdry = 0.000000e+00
nrhob = 90
 [    0] t = 0.0000 
>>> tau_he = 5.000000, nhe(0)=3.767395e+00
 5     -0.001   9.91e-03   2.51e-01   1.21e-03  -5.92e-03   0.00e+00 (  1.60e+00,  5.41e+01)
10      0.002   5.03e-03  -2.68e-03   1.35e-03   1.13e-02   0.00e+00 (  1.57e+00,  1.07e+02)
15      0.002   2.74e-02  -5.88e-02  -8.99e-03   1.36e-02   0.00e+00 (  1.22e+01,  1.50e+02)
20      0.018   1.07e-01  -4.55e-02  -3.54e-03   1.59e-01   0.00e+00 (  5.88e+01,  1.86e+02)
25      0.034   1.54e-01   3.75e-02  -7.38e-04   3.38e-01   0.00e+00 (  9.60e+01,  2.13e+02)
30      0.037   1.97e-01   8.63e-02   1.45e-02   4.01e-01   0.00e+00 (  1.31e+02,  2.29e+02)
35      0.040   2.10e-01   9.23e-02   3.07e-02   4.66e-01   0.00e+00 (  1.23e+02,  2.35e+02)
40      0.037   2.18e-01   1.05e-01   4.01e-02   4.70e-01   0.00e+00 (  1.14e+02,  2.35e+02)
45      0.048   2.38e-01   1.43e-01   4.35e-02   6.38e-01   0.00e+00 (  1.09e+02,  2.30e+02)
50      0.081   2.79e-01   2.19e-01   1.36e-01   1.13e+00   0.00e+00 (  1.09e+02,  2.21e+02)
55      0.078   2.74e-01   2.46e-01   1.50e-01   1.14e+00   0.00e+00 (  9.15e+01,  2.10e+02)
60      0.099   2.93e-01   3.14e-01   2.04e-01   1.49e+00   0.00e+00 (  8.13e+01,  1.96e+02)
65      0.132   3.27e-01   4.25e-01   2.93e-01   2.05e+00   0.00e+00 (  7.38e+01,  1.81e+02)
70      0.150   3.42e-01   4.96e-01   3.78e-01   2.38e+00   0.00e+00 (  6.39e+01,  1.67e+02)
75      0.171   3.64e-01   5.80e-01   4.78e-01   2.78e+00   0.00e+00 (  5.66e+01,  1.52e+02)
80      0.189   3.97e-01   6.46e-01   5.45e-01   3.24e+00   0.00e+00 (  4.83e+01,  1.36e+02)
85      0.246   6.60e-01   8.02e-01   5.48e-01   5.33e+00   0.00e+00 (  5.70e+01,  1.20e+02)
90      0.784   1.84e+00   2.44e+00   1.34e+00   3.44e+01   0.00e+00 (  5.20e+02,  1.03e+02)
95      0.284   4.71e-01   7.29e-01   4.96e-01   2.35e+01   0.00e+00 (  3.57e+02,  8.68e+01)
 0 e: 6.097e-07 i: 2.524e-06 :: e: 0.000e+00 i: 0.000e+00 :: n: 3.012e+01 e:19.728 i:27.661 v:4.993e+03
>>> tau_he = 5.000000, nhe(0)=3.760527e+00
 5     -0.001   1.01e-02   2.81e-01   1.33e-03  -3.90e-03   0.00e+00 (  1.60e+00,  5.41e+01)
10      0.002   4.72e-03  -2.88e-03   1.20e-03   1.03e-02   0.00e+00 (  1.48e+00,  1.07e+02)
15      0.001   2.72e-02  -5.85e-02  -8.82e-03   9.05e-03   0.00e+00 (  1.23e+01,  1.50e+02)
20      0.002   8.00e-02  -4.47e-02  -7.54e-04   1.95e-02   0.00e+00 (  4.42e+01,  1.86e+02)
25      0.038   1.53e-01   4.01e-02  -1.34e-04   3.73e-01   0.00e+00 (  9.62e+01,  2.13e+02)
30      0.035   1.95e-01   8.34e-02   1.39e-02   3.76e-01   0.00e+00 (  1.27e+02,  2.29e+02)
35      0.040   2.11e-01   9.37e-02   3.10e-02   4.70e-01   0.00e+00 (  1.24e+02,  2.35e+02)
40      0.038   2.18e-01   1.06e-01   4.05e-02   4.74e-01   0.00e+00 (  1.14e+02,  2.35e+02)
45      0.048   2.39e-01   1.43e-01   4.37e-02   6.39e-01   0.00e+00 (  1.09e+02,  2.30e+02)
50      0.081   2.79e-01   2.20e-01   1.37e-01   1.14e+00   0.00e+00 (  1.08e+02,  2.21e+02)
55      0.079   2.74e-01   2.47e-01   1.50e-01   1.15e+00   0.00e+00 (  9.19e+01,  2.10e+02)
60      0.099   2.94e-01   3.16e-01   2.05e-01   1.50e+00   0.00e+00 (  8.19e+01,  1.96e+02)
65      0.132   3.28e-01   4.27e-01   2.95e-01   2.05e+00   0.00e+00 (  7.41e+01,  1.81e+02)
70      0.150   3.43e-01   4.98e-01   3.80e-01   2.39e+00   0.00e+00 (  6.44e+01,  1.67e+02)
75      0.169   3.62e-01   5.75e-01   4.75e-01   2.75e+00   0.00e+00 (  5.66e+01,  1.52e+02)
80      0.179   3.79e-01   6.13e-01   5.19e-01   3.08e+00   0.00e+00 (  4.64e+01,  1.36e+02)
85      0.240   6.41e-01   7.76e-01   5.27e-01   5.20e+00   0.00e+00 (  5.60e+01,  1.20e+02)
90      0.784   1.84e+00   2.43e+00   1.35e+00   3.44e+01   0.00e+00 (  5.17e+02,  1.03e+02)
95      0.284   4.71e-01   7.29e-01   4.96e-01   2.35e+01   0.00e+00 (  3.57e+02,  8.68e+01)
 1 e: 3.577e-02 i: 1.034e-01 :: e: 1.171e-02 i: 7.190e-03 :: n: 3.012e+01 e:24.265 i:27.462 v:4.993e+03
>>> tau_he = 5.000000, nhe(0)=3.745017e+00
 5     -0.006   9.31e-03   1.27e+00   4.38e-03  -3.08e-02   0.00e+00 (  3.00e+00,  5.41e+01)
10     -0.004   1.78e-02   1.65e-03   2.88e-03  -2.23e-02   0.00e+00 (  1.33e+01,  1.07e+02)
15     -0.054   1.06e-01  -4.69e-02   1.70e-02  -4.08e-01   0.00e+00 (  9.79e+01,  1.50e+02)
20     -0.021   1.28e-01   3.28e-03   1.16e-02  -1.86e-01   0.00e+00 (  1.02e+02,  1.86e+02)
25      0.066   1.77e-01   8.58e-02  -8.40e-03   6.49e-01   0.00e+00 (  1.28e+02,  2.13e+02)
30      0.064   2.04e-01   1.20e-01  -2.73e-02   6.94e-01   0.00e+00 (  1.36e+02,  2.29e+02)
35      0.113   2.99e-01   2.53e-01   6.07e-02   1.33e+00   0.00e+00 (  1.90e+02,  2.35e+02)
40      0.105   3.08e-01   2.86e-01   8.26e-02   1.32e+00   0.00e+00 (  1.85e+02,  2.35e+02)
45      0.104   3.25e-01   3.32e-01   1.19e-01   1.40e+00   0.00e+00 (  1.73e+02,  2.30e+02)
50      0.122   3.58e-01   4.18e-01   1.84e-01   1.71e+00   0.00e+00 (  1.62e+02,  2.21e+02)
55      0.136   4.12e-01   5.37e-01   2.77e-01   1.99e+00   0.00e+00 (  1.66e+02,  2.10e+02)
60      0.094   3.81e-01   4.46e-01   2.73e-01   1.43e+00   0.00e+00 (  1.31e+02,  1.96e+02)
65      0.105   4.09e-01   4.85e-01   3.32e-01   1.62e+00   0.00e+00 (  1.15e+02,  1.81e+02)
70      0.094   3.88e-01   4.40e-01   3.47e-01   1.50e+00   0.00e+00 (  9.21e+01,  1.67e+02)
75      0.086   3.41e-01   3.80e-01   3.37e-01   1.39e+00   0.00e+00 (  6.69e+01,  1.52e+02)
80      0.098   2.67e-01   3.68e-01   3.09e-01   1.68e+00   0.00e+00 (  3.89e+01,  1.36e+02)
85      0.220   5.87e-01   6.87e-01   4.42e-01   4.76e+00   0.00e+00 (  5.18e+01,  1.20e+02)
90      0.783   1.85e+00   2.43e+00   1.35e+00   3.43e+01   0.00e+00 (  5.11e+02,  1.03e+02)
95      0.284   4.71e-01   7.29e-01   4.96e-01   2.35e+01   0.00e+00 (  3.57e+02,  8.68e+01)
 2 e: 5.909e-03 i: 8.823e-03 :: e: 1.494e-01 i: 2.239e-01 :: n: 3.012e+01 e:22.962 i:30.282 v:4.993e+03
>>> tau_he = 5.000000, nhe(0)=3.947251e+00
 5     -0.006   1.15e-02   1.17e+00   3.15e-03  -2.92e-02   0.00e+00 (  3.34e+00,  5.41e+01)
10     -0.004   2.02e-02   6.67e-04   2.49e-03  -2.47e-02   0.00e+00 (  1.39e+01,  1.07e+02)
15     -0.077   1.08e-01  -3.74e-02   1.57e-02  -5.78e-01   0.00e+00 (  9.24e+01,  1.50e+02)
20      0.009   1.46e-01  -2.87e-03   1.28e-02   7.92e-02   0.00e+00 (  1.14e+02,  1.86e+02)
25      0.069   1.88e-01   7.19e-02  -1.78e-03   6.76e-01   0.00e+00 (  1.36e+02,  2.13e+02)
30      0.052   2.00e-01   8.74e-02   4.77e-03   5.62e-01   0.00e+00 (  1.34e+02,  2.29e+02)
35      0.054   2.22e-01   1.09e-01   1.99e-02   6.37e-01   0.00e+00 (  1.39e+02,  2.35e+02)
40      0.084   2.92e-01   2.17e-01   5.93e-02   1.06e+00   0.00e+00 (  1.70e+02,  2.35e+02)
45      0.086   2.91e-01   2.30e-01   7.68e-02   1.15e+00   0.00e+00 (  1.48e+02,  2.30e+02)
50      0.096   3.07e-01   2.79e-01   1.37e-01   1.35e+00   0.00e+00 (  1.30e+02,  2.21e+02)
55      0.083   2.99e-01   2.76e-01   1.61e-01   1.22e+00   0.00e+00 (  1.09e+02,  2.10e+02)
60      0.104   3.23e-01   3.52e-01   2.23e-01   1.56e+00   0.00e+00 (  9.72e+01,  1.96e+02)
65      0.126   3.42e-01   4.32e-01   2.97e-01   1.96e+00   0.00e+00 (  8.22e+01,  1.81e+02)
70      0.130   3.31e-01   4.48e-01   3.45e-01   2.07e+00   0.00e+00 (  6.51e+01,  1.67e+02)
75      0.129   3.05e-01   4.43e-01   3.78e-01   2.10e+00   0.00e+00 (  4.87e+01,  1.52e+02)
80      0.130   2.85e-01   4.34e-01   3.75e-01   2.24e+00   0.00e+00 (  3.33e+01,  1.36e+02)
85      0.237   7.17e-01   7.31e-01   5.00e-01   5.13e+00   0.00e+00 (  4.86e+01,  1.20e+02)
90      0.782   1.85e+00   2.42e+00   1.36e+00   3.43e+01   0.00e+00 (  4.96e+02,  1.03e+02)
95      0.284   4.71e-01   7.29e-01   4.96e-01   2.35e+01   0.00e+00 (  3.57e+02,  8.68e+01)
 3 e: 8.866e-03 i: 2.153e-03 :: e: 8.389e-02 i: 8.638e-02 :: n: 3.012e+01 e:25.245 i:29.318 v:4.993e+03
>>> tau_he = 5.000000, nhe(0)=3.885276e+00
 5     -0.007   1.07e-02   1.14e+00   4.29e-03  -3.38e-02   0.00e+00 (  3.47e+00,  5.41e+01)
10     -0.002   1.78e-02  -5.40e-03   2.71e-03  -1.46e-02   0.00e+00 (  1.33e+01,  1.07e+02)
15     -0.100   1.10e-01  -6.74e-02   1.17e-02  -7.51e-01   0.00e+00 (  9.94e+01,  1.50e+02)
20     -0.004   1.54e-01   1.23e-02   9.08e-03  -3.91e-02   0.00e+00 (  1.30e+02,  1.86e+02)
25      0.123   3.20e-01   2.92e-01   2.54e-02   1.21e+00   0.00e+00 (  2.53e+02,  2.13e+02)
30      0.128   3.16e-01   2.79e-01   5.79e-02   1.38e+00   0.00e+00 (  2.34e+02,  2.29e+02)
35      0.057   2.50e-01   1.55e-01  -1.10e-02   6.67e-01   0.00e+00 (  1.74e+02,  2.35e+02)
40      0.101   3.30e-01   2.94e-01   8.61e-02   1.27e+00   0.00e+00 (  2.13e+02,  2.35e+02)
45      0.101   3.47e-01   3.34e-01   1.11e-01   1.36e+00   0.00e+00 (  1.99e+02,  2.30e+02)
50      0.121   3.79e-01   4.28e-01   1.90e-01   1.70e+00   0.00e+00 (  1.84e+02,  2.21e+02)
55      0.137   4.30e-01   5.42e-01   2.78e-01   1.99e+00   0.00e+00 (  1.82e+02,  2.10e+02)
60      0.103   4.04e-01   4.77e-01   2.87e-01   1.55e+00   0.00e+00 (  1.44e+02,  1.96e+02)
65      0.117   4.32e-01   5.35e-01   3.62e-01   1.81e+00   0.00e+00 (  1.26e+02,  1.81e+02)
70      0.109   4.15e-01   5.05e-01   3.90e-01   1.73e+00   0.00e+00 (  1.01e+02,  1.67e+02)
75      0.100   3.74e-01   4.48e-01   3.87e-01   1.63e+00   0.00e+00 (  7.60e+01,  1.52e+02)
80      0.103   2.85e-01   4.01e-01   3.37e-01   1.77e+00   0.00e+00 (  4.35e+01,  1.36e+02)
85      0.220   5.82e-01   6.90e-01   4.44e-01   4.77e+00   0.00e+00 (  5.25e+01,  1.20e+02)
90      0.783   1.85e+00   2.43e+00   1.35e+00   3.43e+01   0.00e+00 (  5.13e+02,  1.03e+02)
95      0.284   4.71e-01   7.29e-01   4.96e-01   2.35e+01   0.00e+00 (  3.57e+02,  8.68e+01)
 4 e: 7.535e-03 i: 6.028e-03 :: e: 1.704e-01 i: 2.060e-01 :: n: 3.012e+01 e:23.210 i:30.937 v:4.993e+03
>>> tau_he = 5.000000, nhe(0)=3.992986e+00
 5     -0.007   1.19e-02   1.18e+00   3.68e-03  -3.57e-02   0.00e+00 (  3.66e+00,  5.41e+01)
10     -0.004   1.97e-02   1.30e-03   2.75e-03  -2.56e-02   0.00e+00 (  1.39e+01,  1.07e+02)
15     -0.079   1.08e-01  -5.91e-02   1.39e-02  -5.94e-01   0.00e+00 (  9.00e+01,  1.50e+02)
20      0.010   1.46e-01   3.11e-03   1.08e-02   8.65e-02   0.00e+00 (  1.14e+02,  1.86e+02)
25      0.071   1.86e-01   6.45e-02  -1.30e-03   6.93e-01   0.00e+00 (  1.33e+02,  2.13e+02)
30      0.058   2.12e-01   9.93e-02   4.35e-03   6.26e-01   0.00e+00 (  1.42e+02,  2.29e+02)
35      0.050   2.33e-01   1.17e-01   1.09e-02   5.89e-01   0.00e+00 (  1.49e+02,  2.35e+02)
40      0.085   2.99e-01   2.15e-01   5.77e-02   1.08e+00   0.00e+00 (  1.74e+02,  2.35e+02)
45      0.085   3.01e-01   2.25e-01   6.98e-02   1.13e+00   0.00e+00 (  1.54e+02,  2.30e+02)
50      0.096   3.15e-01   2.74e-01   1.38e-01   1.34e+00   0.00e+00 (  1.36e+02,  2.21e+02)
55      0.082   3.07e-01   2.69e-01   1.60e-01   1.20e+00   0.00e+00 (  1.14e+02,  2.10e+02)
60      0.106   3.35e-01   3.55e-01   2.25e-01   1.60e+00   0.00e+00 (  1.04e+02,  1.96e+02)
65      0.133   3.63e-01   4.52e-01   3.10e-01   2.06e+00   0.00e+00 (  9.14e+01,  1.81e+02)
70      0.141   3.63e-01   4.91e-01   3.75e-01   2.24e+00   0.00e+00 (  7.59e+01,  1.67e+02)
75      0.146   3.52e-01   5.14e-01   4.31e-01   2.38e+00   0.00e+00 (  6.09e+01,  1.52e+02)
80      0.149   3.24e-01   5.08e-01   4.36e-01   2.57e+00   0.00e+00 (  4.15e+01,  1.36e+02)
85      0.240   6.97e-01   7.53e-01   5.21e-01   5.19e+00   0.00e+00 (  5.06e+01,  1.20e+02)
90      0.783   1.85e+00   2.42e+00   1.37e+00   3.43e+01   0.00e+00 (  4.99e+02,  1.03e+02)
95      0.284   4.71e-01   7.29e-01   4.96e-01   2.35e+01   0.00e+00 (  3.57e+02,  8.68e+01)
 5 e: 8.400e-03 i: 3.454e-03 :: e: 5.533e-02 i: 4.153e-02 :: n: 3.012e+01 e:25.264 i:29.309 v:4.993e+03
>>> tau_he = 5.000000, nhe(0)=3.885330e+00
 5     -0.007   1.07e-02   1.11e+00   4.36e-03  -3.55e-02   0.00e+00 (  3.52e+00,  5.41e+01)
10     -0.003   1.65e-02  -4.66e-03   1.99e-03  -1.78e-02   0.00e+00 (  1.23e+01,  1.07e+02)
15     -0.091   1.01e-01  -6.49e-02   1.10e-02  -6.81e-01   0.00e+00 (  8.76e+01,  1.50e+02)
20      0.005   1.57e-01   1.83e-02   3.50e-03   4.22e-02   0.00e+00 (  1.29e+02,  1.86e+02)
25      0.071   1.94e-01   9.84e-02  -1.03e-02   6.92e-01   0.00e+00 (  1.48e+02,  2.13e+02)
30      0.059   2.14e-01   1.23e-01   3.39e-03   6.34e-01   0.00e+00 (  1.55e+02,  2.29e+02)
35      0.059   2.53e-01   1.58e-01  -1.16e-02   6.93e-01   0.00e+00 (  1.76e+02,  2.35e+02)
40      0.099   3.33e-01   2.88e-01   8.19e-02   1.25e+00   0.00e+00 (  2.13e+02,  2.35e+02)
45      0.097   3.49e-01   3.25e-01   1.03e-01   1.29e+00   0.00e+00 (  2.00e+02,  2.30e+02)
50      0.118   3.84e-01   4.15e-01   1.91e-01   1.65e+00   0.00e+00 (  1.88e+02,  2.21e+02)
55      0.133   4.37e-01   5.28e-01   2.74e-01   1.94e+00   0.00e+00 (  1.88e+02,  2.10e+02)
60      0.104   4.17e-01   4.80e-01   2.89e-01   1.57e+00   0.00e+00 (  1.53e+02,  1.96e+02)
65      0.085   4.00e-01   4.26e-01   2.99e-01   1.32e+00   0.00e+00 (  1.21e+02,  1.81e+02)
70      0.118   4.53e-01   5.59e-01   4.28e-01   1.88e+00   0.00e+00 (  1.17e+02,  1.67e+02)
75      0.112   4.32e-01   5.27e-01   4.48e-01   1.82e+00   0.00e+00 (  9.49e+01,  1.52e+02)
80      0.115   3.38e-01   4.72e-01   3.97e-01   1.97e+00   0.00e+00 (  5.69e+01,  1.36e+02)
85      0.229   5.82e-01   7.34e-01   4.89e-01   4.96e+00   0.00e+00 (  5.78e+01,  1.20e+02)
90      0.784   1.84e+00   2.43e+00   1.36e+00   3.44e+01   0.00e+00 (  5.17e+02,  1.03e+02)
95      0.284   4.71e-01   7.29e-01   4.96e-01   2.35e+01   0.00e+00 (  3.57e+02,  8.68e+01)
 6 e: 9.384e-03 i: 4.373e-03 :: e: 1.263e-01 i: 1.212e-01 :: n: 3.012e+01 e:23.024 i:31.020 v:4.993e+03
>>> tau_he = 5.000000, nhe(0)=3.998284e+00
 5     -0.007   1.20e-02   1.19e+00   3.25e-03  -3.50e-02   0.00e+00 (  3.70e+00,  5.41e+01)
10     -0.004   1.87e-02   1.41e-03   2.54e-03  -2.40e-02   0.00e+00 (  1.30e+01,  1.07e+02)
15     -0.066   9.27e-02  -5.58e-02   1.43e-02  -4.95e-01   0.00e+00 (  7.38e+01,  1.50e+02)
20      0.017   1.44e-01   4.40e-03   1.09e-02   1.47e-01   0.00e+00 (  1.09e+02,  1.86e+02)
25      0.069   1.79e-01   6.57e-02  -2.16e-03   6.77e-01   0.00e+00 (  1.25e+02,  2.13e+02)
30      0.060   2.11e-01   9.97e-02   4.67e-03   6.47e-01   0.00e+00 (  1.40e+02,  2.29e+02)
35      0.051   2.31e-01   1.16e-01   1.67e-02   6.02e-01   0.00e+00 (  1.44e+02,  2.35e+02)
40      0.050   2.40e-01   1.28e-01   3.04e-02   6.31e-01   0.00e+00 (  1.35e+02,  2.35e+02)
45      0.055   2.62e-01   1.59e-01   4.58e-02   7.38e-01   0.00e+00 (  1.31e+02,  2.30e+02)
50      0.090   3.11e-01   2.55e-01   1.37e-01   1.26e+00   0.00e+00 (  1.32e+02,  2.21e+02)
55      0.079   3.04e-01   2.53e-01   1.53e-01   1.15e+00   0.00e+00 (  1.12e+02,  2.10e+02)
60      0.105   3.37e-01   3.44e-01   2.20e-01   1.58e+00   0.00e+00 (  1.06e+02,  1.96e+02)
65      0.139   3.78e-01   4.66e-01   3.21e-01   2.15e+00   0.00e+00 (  9.75e+01,  1.81e+02)
70      0.149   3.83e-01   5.15e-01   3.92e-01   2.36e+00   0.00e+00 (  8.28e+01,  1.67e+02)
75      0.159   3.86e-01   5.65e-01   4.70e-01   2.59e+00   0.00e+00 (  7.06e+01,  1.52e+02)
80      0.166   3.62e-01   5.77e-01   4.92e-01   2.86e+00   0.00e+00 (  5.04e+01,  1.36e+02)
85      0.247   6.84e-01   7.93e-01   5.55e-01   5.36e+00   0.00e+00 (  5.46e+01,  1.20e+02)
90      0.784   1.84e+00   2.42e+00   1.37e+00   3.44e+01   0.00e+00 (  5.02e+02,  1.03e+02)
95      0.284   4.71e-01   7.29e-01   4.96e-01   2.35e+01   0.00e+00 (  3.57e+02,  8.68e+01)
 7 e: 8.750e-03 i: 4.300e-03 :: e: 3.336e-02 i: 4.307e-02 :: n: 3.012e+01 e:25.239 i:29.237 v:4.993e+03
>>> tau_he = 5.000000, nhe(0)=3.880315e+00
 5     -0.007   1.06e-02   1.12e+00   4.39e-03  -3.60e-02   0.00e+00 (  3.53e+00,  5.41e+01)
10     -0.003   1.61e-02  -4.48e-03   1.95e-03  -1.73e-02   0.00e+00 (  1.19e+01,  1.07e+02)
15     -0.053   9.73e-02  -6.78e-02   1.34e-02  -3.97e-01   0.00e+00 (  8.22e+01,  1.50e+02)
20      0.010   1.57e-01   2.08e-02   2.93e-03   8.89e-02   0.00e+00 (  1.26e+02,  1.86e+02)
25      0.071   1.95e-01   9.92e-02  -1.06e-02   6.99e-01   0.00e+00 (  1.48e+02,  2.13e+02)
30      0.059   2.14e-01   1.24e-01   3.27e-03   6.36e-01   0.00e+00 (  1.55e+02,  2.29e+02)
35      0.059   2.52e-01   1.59e-01   1.09e-03   6.95e-01   0.00e+00 (  1.74e+02,  2.35e+02)
40      0.098   3.31e-01   2.83e-01   7.88e-02   1.24e+00   0.00e+00 (  2.08e+02,  2.35e+02)
45      0.098   3.45e-01   3.13e-01   9.39e-02   1.31e+00   0.00e+00 (  1.95e+02,  2.30e+02)
50      0.111   3.85e-01   3.98e-01   1.88e-01   1.55e+00   0.00e+00 (  1.87e+02,  2.21e+02)
55      0.127   4.34e-01   5.08e-01   2.61e-01   1.86e+00   0.00e+00 (  1.85e+02,  2.10e+02)
60      0.102   4.19e-01   4.70e-01   2.85e-01   1.54e+00   0.00e+00 (  1.54e+02,  1.96e+02)
65      0.089   4.12e-01   4.42e-01   3.09e-01   1.38e+00   0.00e+00 (  1.27e+02,  1.81e+02)
70      0.122   4.71e-01   5.82e-01   4.45e-01   1.93e+00   0.00e+00 (  1.24e+02,  1.67e+02)
75      0.117   4.62e-01   5.68e-01   4.80e-01   1.91e+00   0.00e+00 (  1.06e+02,  1.52e+02)
80      0.122   3.77e-01   5.21e-01   4.37e-01   2.09e+00   0.00e+00 (  6.79e+01,  1.36e+02)
85      0.229   5.67e-01   7.53e-01   5.07e-01   4.96e+00   0.00e+00 (  6.09e+01,  1.20e+02)
90      0.785   1.83e+00   2.43e+00   1.36e+00   3.44e+01   0.00e+00 (  5.22e+02,  1.03e+02)
95      0.284   4.71e-01   7.29e-01   4.96e-01   2.35e+01   0.00e+00 (  3.57e+02,  8.68e+01)
 8 e: 1.115e-02 i: 4.372e-03 :: e: 1.199e-01 i: 1.021e-01 :: n: 3.012e+01 e:22.851 i:31.029 v:4.993e+03
>>> tau_he = 5.000000, nhe(0)=3.998692e+00
 5     -0.007   1.20e-02   1.19e+00   3.23e-03  -3.53e-02   0.00e+00 (  3.70e+00,  5.41e+01)
10     -0.004   1.81e-02   1.93e-03   2.29e-03  -2.31e-02   0.00e+00 (  1.25e+01,  1.07e+02)
15     -0.037   8.52e-02  -3.98e-02   2.07e-02  -2.75e-01   0.00e+00 (  6.58e+01,  1.50e+02)
20      0.021   1.43e-01   5.37e-03   1.10e-02   1.85e-01   0.00e+00 (  1.05e+02,  1.86e+02)
25      0.069   1.78e-01   6.49e-02  -1.96e-03   6.81e-01   0.00e+00 (  1.23e+02,  2.13e+02)
30      0.060   2.10e-01   9.87e-02   5.92e-03   6.46e-01   0.00e+00 (  1.38e+02,  2.29e+02)
35      0.059   2.23e-01   1.10e-01   2.24e-02   6.95e-01   0.00e+00 (  1.38e+02,  2.35e+02)
40      0.049   2.36e-01   1.24e-01   3.37e-02   6.19e-01   0.00e+00 (  1.31e+02,  2.35e+02)
45      0.054   2.58e-01   1.54e-01   4.38e-02   7.22e-01   0.00e+00 (  1.27e+02,  2.30e+02)
50      0.086   3.07e-01   2.42e-01   1.35e-01   1.21e+00   0.00e+00 (  1.28e+02,  2.21e+02)
55      0.076   2.98e-01   2.41e-01   1.52e-01   1.11e+00   0.00e+00 (  1.08e+02,  2.10e+02)
60      0.103   3.32e-01   3.32e-01   2.14e-01   1.56e+00   0.00e+00 (  1.03e+02,  1.96e+02)
65      0.141   3.78e-01   4.66e-01   3.22e-01   2.19e+00   0.00e+00 (  9.78e+01,  1.81e+02)
70      0.151   3.86e-01   5.17e-01   3.94e-01   2.39e+00   0.00e+00 (  8.38e+01,  1.67e+02)
75      0.165   3.97e-01   5.83e-01   4.83e-01   2.68e+00   0.00e+00 (  7.37e+01,  1.52e+02)
80      0.175   3.82e-01   6.13e-01   5.22e-01   3.01e+00   0.00e+00 (  5.53e+01,  1.36e+02)
85      0.253   6.79e-01   8.19e-01   5.80e-01   5.48e+00   0.00e+00 (  5.75e+01,  1.20e+02)
90      0.785   1.83e+00   2.42e+00   1.38e+00   3.44e+01   0.00e+00 (  5.05e+02,  1.03e+02)
95      0.284   4.71e-01   7.29e-01   4.96e-01   2.35e+01   0.00e+00 (  3.57e+02,  8.68e+01)
 9 e: 9.334e-03 i: 5.157e-03 :: e: 3.591e-02 i: 6.270e-02 :: n: 3.012e+01 e:25.188 i:29.112 v:4.993e+03
>>> tau_he = 5.000000, nhe(0)=3.871342e+00
 5     -0.007   1.05e-02   1.12e+00   4.43e-03  -3.64e-02   0.00e+00 (  3.51e+00,  5.41e+01)
10     -0.003   1.57e-02  -4.36e-03   1.92e-03  -1.70e-02   0.00e+00 (  1.16e+01,  1.07e+02)
15     -0.049   9.49e-02  -6.71e-02   1.29e-02  -3.67e-01   0.00e+00 (  7.86e+01,  1.50e+02)
20      0.013   1.57e-01   2.33e-02   2.40e-03   1.16e-01   0.00e+00 (  1.25e+02,  1.86e+02)
25      0.071   1.94e-01   9.99e-02  -1.09e-02   7.00e-01   0.00e+00 (  1.47e+02,  2.13e+02)
30      0.058   2.13e-01   1.25e-01   3.36e-03   6.29e-01   0.00e+00 (  1.55e+02,  2.29e+02)
35      0.119   3.30e-01   2.79e-01   8.10e-02   1.40e+00   0.00e+00 (  2.28e+02,  2.35e+02)
40      0.096   3.28e-01   2.80e-01   7.75e-02   1.21e+00   0.00e+00 (  2.05e+02,  2.35e+02)
45      0.096   3.43e-01   3.09e-01   9.19e-02   1.29e+00   0.00e+00 (  1.92e+02,  2.30e+02)
50      0.107   3.83e-01   3.90e-01   1.87e-01   1.50e+00   0.00e+00 (  1.84e+02,  2.21e+02)
55      0.124   4.30e-01   4.97e-01   2.63e-01   1.81e+00   0.00e+00 (  1.82e+02,  2.10e+02)
60      0.100   4.17e-01   4.63e-01   2.82e-01   1.51e+00   0.00e+00 (  1.53e+02,  1.96e+02)
65      0.090   4.16e-01   4.46e-01   3.11e-01   1.40e+00   0.00e+00 (  1.29e+02,  1.81e+02)
70      0.122   4.74e-01   5.85e-01   4.47e-01   1.94e+00   0.00e+00 (  1.25e+02,  1.67e+02)
75      0.119   4.70e-01   5.79e-01   4.89e-01   1.93e+00   0.00e+00 (  1.09e+02,  1.52e+02)
80      0.124   3.95e-01   5.41e-01   4.53e-01   2.12e+00   0.00e+00 (  7.33e+01,  1.36e+02)
85      0.230   5.62e-01   7.67e-01   5.20e-01   4.99e+00   0.00e+00 (  6.34e+01,  1.20e+02)
90      0.785   1.83e+00   2.44e+00   1.37e+00   3.44e+01   0.00e+00 (  5.25e+02,  1.03e+02)
95      0.284   4.71e-01   7.29e-01   4.96e-01   2.35e+01   0.00e+00 (  3.57e+02,  8.68e+01)
10 e: 1.309e-02 i: 4.604e-03 :: e: 1.197e-01 i: 1.023e-01 :: n: 3.012e+01 e:22.648 i:30.929 v:4.993e+03
>>> tau_he = 5.000000, nhe(0)=3.992110e+00
 5     -0.007   1.19e-02   1.19e+00   3.23e-03  -3.55e-02   0.00e+00 (  3.66e+00,  5.41e+01)
10     -0.004   1.80e-02   2.27e-03   2.18e-03  -2.29e-02   0.00e+00 (  1.23e+01,  1.07e+02)
15     -0.025   8.57e-02  -5.64e-02   1.74e-02  -1.88e-01   0.00e+00 (  6.49e+01,  1.50e+02)
20      0.024   1.41e-01   6.64e-03   1.09e-02   2.10e-01   0.00e+00 (  1.02e+02,  1.86e+02)
25      0.069   1.76e-01   6.44e-02  -1.87e-03   6.77e-01   0.00e+00 (  1.21e+02,  2.13e+02)
30      0.058   2.07e-01   9.70e-02   9.29e-03   6.27e-01   0.00e+00 (  1.35e+02,  2.29e+02)
35      0.056   2.18e-01   1.02e-01   2.14e-02   6.62e-01   0.00e+00 (  1.32e+02,  2.35e+02)
40      0.048   2.32e-01   1.18e-01   4.36e-02   6.02e-01   0.00e+00 (  1.27e+02,  2.35e+02)
45      0.053   2.54e-01   1.49e-01   4.27e-02   7.10e-01   0.00e+00 (  1.23e+02,  2.30e+02)
50      0.087   3.02e-01   2.28e-01   1.31e-01   1.22e+00   0.00e+00 (  1.24e+02,  2.21e+02)
55      0.075   2.92e-01   2.33e-01   1.49e-01   1.09e+00   0.00e+00 (  1.04e+02,  2.10e+02)
60      0.102   3.27e-01   3.23e-01   2.09e-01   1.54e+00   0.00e+00 (  1.00e+02,  1.96e+02)
65      0.142   3.75e-01   4.62e-01   3.20e-01   2.20e+00   0.00e+00 (  9.59e+01,  1.81e+02)
70      0.151   3.82e-01   5.11e-01   3.90e-01   2.40e+00   0.00e+00 (  8.19e+01,  1.67e+02)
75      0.166   3.96e-01   5.83e-01   4.84e-01   2.70e+00   0.00e+00 (  7.30e+01,  1.52e+02)
80      0.179   3.89e-01   6.26e-01   5.32e-01   3.07e+00   0.00e+00 (  5.68e+01,  1.36e+02)
85      0.256   6.78e-01   8.33e-01   5.92e-01   5.54e+00   0.00e+00 (  5.90e+01,  1.20e+02)
90      0.785   1.83e+00   2.42e+00   1.38e+00   3.44e+01   0.00e+00 (  5.06e+02,  1.03e+02)
95      0.284   4.71e-01   7.29e-01   4.96e-01   2.35e+01   0.00e+00 (  3.57e+02,  8.68e+01)
11 e: 1.007e-02 i: 6.074e-03 :: e: 4.206e-02 i: 7.063e-02 :: n: 3.012e+01 e:25.079 i:28.869 v:4.993e+03
>>> tau_he = 5.000000, nhe(0)=3.853725e+00
 5     -0.007   1.03e-02   1.10e+00   4.46e-03  -3.65e-02   0.00e+00 (  3.46e+00,  5.41e+01)
10     -0.003   1.55e-02  -4.32e-03   1.88e-03  -1.70e-02   0.00e+00 (  1.14e+01,  1.07e+02)
15     -0.044   9.17e-02  -6.59e-02   1.17e-02  -3.28e-01   0.00e+00 (  7.49e+01,  1.50e+02)
20      0.020   1.57e-01   2.52e-02  -7.43e-03   1.74e-01   0.00e+00 (  1.24e+02,  1.86e+02)
25      0.071   1.92e-01   1.01e-01  -1.11e-02   6.94e-01   0.00e+00 (  1.45e+02,  2.13e+02)
30      0.057   2.10e-01   1.25e-01   3.42e-03   6.17e-01   0.00e+00 (  1.53e+02,  2.29e+02)
35      0.114   3.23e-01   2.70e-01   7.67e-02   1.34e+00   0.00e+00 (  2.19e+02,  2.35e+02)
40      0.094   3.25e-01   2.76e-01   7.63e-02   1.19e+00   0.00e+00 (  2.01e+02,  2.35e+02)
45      0.097   3.41e-01   3.08e-01   9.26e-02   1.29e+00   0.00e+00 (  1.89e+02,  2.30e+02)
50      0.106   3.80e-01   3.88e-01   1.87e-01   1.48e+00   0.00e+00 (  1.81e+02,  2.21e+02)
55      0.122   4.27e-01   4.91e-01   2.62e-01   1.78e+00   0.00e+00 (  1.79e+02,  2.10e+02)
60      0.099   4.14e-01   4.59e-01   2.80e-01   1.49e+00   0.00e+00 (  1.51e+02,  1.96e+02)
65      0.090   4.15e-01   4.45e-01   3.11e-01   1.39e+00   0.00e+00 (  1.28e+02,  1.81e+02)
70      0.121   4.72e-01   5.80e-01   4.44e-01   1.92e+00   0.00e+00 (  1.24e+02,  1.67e+02)
75      0.118   4.69e-01   5.76e-01   4.86e-01   1.92e+00   0.00e+00 (  1.08e+02,  1.52e+02)
80      0.123   4.01e-01   5.44e-01   4.56e-01   2.11e+00   0.00e+00 (  7.52e+01,  1.36e+02)
85      0.230   5.59e-01   7.71e-01   5.22e-01   4.98e+00   0.00e+00 (  6.48e+01,  1.20e+02)
90      0.785   1.82e+00   2.44e+00   1.37e+00   3.44e+01   0.00e+00 (  5.27e+02,  1.03e+02)
95      0.284   4.71e-01   7.29e-01   4.96e-01   2.35e+01   0.00e+00 (  3.57e+02,  8.68e+01)
12 e: 1.482e-02 i: 4.881e-03 :: e: 1.068e-01 i: 9.355e-02 :: n: 3.012e+01 e:22.418 i:30.759 v:4.993e+03
>>> tau_he = 5.000000, nhe(0)=3.980796e+00
 5     -0.007   1.17e-02   1.17e+00   3.22e-03  -3.55e-02   0.00e+00 (  3.61e+00,  5.41e+01)
10     -0.004   1.78e-02   2.09e-03   2.10e-03  -2.26e-02   0.00e+00 (  1.20e+01,  1.07e+02)
15     -0.023   8.30e-02  -5.47e-02   1.70e-02  -1.74e-01   0.00e+00 (  6.18e+01,  1.50e+02)
20      0.026   1.39e-01   6.73e-03   1.15e-02   2.27e-01   0.00e+00 (  9.94e+01,  1.86e+02)
25      0.068   1.73e-01   6.32e-02  -1.79e-03   6.66e-01   0.00e+00 (  1.18e+02,  2.13e+02)
30      0.056   2.03e-01   9.44e-02   9.13e-03   6.11e-01   0.00e+00 (  1.32e+02,  2.29e+02)
35      0.054   2.13e-01   9.49e-02   3.45e-02   6.36e-01   0.00e+00 (  1.26e+02,  2.35e+02)
40      0.047   2.28e-01   1.14e-01   4.23e-02   5.92e-01   0.00e+00 (  1.22e+02,  2.35e+02)
45      0.054   2.51e-01   1.51e-01   4.24e-02   7.24e-01   0.00e+00 (  1.20e+02,  2.30e+02)
50      0.085   2.96e-01   2.19e-01   1.40e-01   1.19e+00   0.00e+00 (  1.20e+02,  2.21e+02)
55      0.073   2.86e-01   2.26e-01   1.47e-01   1.07e+00   0.00e+00 (  1.00e+02,  2.10e+02)
60      0.101   3.20e-01   3.15e-01   2.05e-01   1.52e+00   0.00e+00 (  9.64e+01,  1.96e+02)
65      0.141   3.68e-01   4.55e-01   3.15e-01   2.19e+00   0.00e+00 (  9.28e+01,  1.81e+02)
70      0.150   3.74e-01   5.02e-01   3.83e-01   2.38e+00   0.00e+00 (  7.88e+01,  1.67e+02)
75      0.166   3.90e-01   5.76e-01   4.78e-01   2.70e+00   0.00e+00 (  7.05e+01,  1.52e+02)
80      0.180   3.89e-01   6.26e-01   5.32e-01   3.09e+00   0.00e+00 (  5.63e+01,  1.36e+02)
85      0.257   6.79e-01   8.38e-01   5.96e-01   5.57e+00   0.00e+00 (  5.94e+01,  1.20e+02)
90      0.785   1.83e+00   2.42e+00   1.39e+00   3.44e+01   0.00e+00 (  5.06e+02,  1.03e+02)
95      0.284   4.71e-01   7.29e-01   4.96e-01   2.35e+01   0.00e+00 (  3.57e+02,  8.68e+01)
13 e: 1.104e-02 i: 6.869e-03 :: e: 5.182e-02 i: 7.857e-02 :: n: 3.012e+01 e:24.970 i:28.601 v:4.993e+03
>>> tau_he = 5.000000, nhe(0)=3.833901e+00
 5     -0.007   1.01e-02   1.08e+00   4.49e-03  -3.64e-02   0.00e+00 (  3.40e+00,  5.41e+01)
10     -0.003   1.52e-02  -4.29e-03   1.84e-03  -1.69e-02   0.00e+00 (  1.12e+01,  1.07e+02)
15     -0.042   9.00e-02  -6.49e-02   1.12e-02  -3.15e-01   0.00e+00 (  7.28e+01,  1.50e+02)
20      0.023   1.57e-01   2.84e-02  -1.62e-02   1.98e-01   0.00e+00 (  1.23e+02,  1.86e+02)
25      0.070   1.90e-01   1.01e-01  -1.11e-02   6.85e-01   0.00e+00 (  1.43e+02,  2.13e+02)
30      0.056   2.08e-01   1.25e-01   3.62e-03   6.03e-01   0.00e+00 (  1.50e+02,  2.29e+02)
35      0.110   3.17e-01   2.63e-01   7.44e-02   1.29e+00   0.00e+00 (  2.13e+02,  2.35e+02)
40      0.093   3.21e-01   2.74e-01   7.56e-02   1.17e+00   0.00e+00 (  1.97e+02,  2.35e+02)
45      0.095   3.38e-01   3.07e-01   9.24e-02   1.27e+00   0.00e+00 (  1.86e+02,  2.30e+02)
50      0.105   3.77e-01   3.87e-01   1.87e-01   1.47e+00   0.00e+00 (  1.79e+02,  2.21e+02)
55      0.120   4.23e-01   4.88e-01   2.57e-01   1.75e+00   0.00e+00 (  1.76e+02,  2.10e+02)
60      0.097   4.10e-01   4.54e-01   2.78e-01   1.47e+00   0.00e+00 (  1.48e+02,  1.96e+02)
65      0.088   4.11e-01   4.41e-01   3.08e-01   1.37e+00   0.00e+00 (  1.26e+02,  1.81e+02)
70      0.119   4.66e-01   5.71e-01   4.38e-01   1.89e+00   0.00e+00 (  1.22e+02,  1.67e+02)
75      0.116   4.62e-01   5.66e-01   4.79e-01   1.89e+00   0.00e+00 (  1.06e+02,  1.52e+02)
80      0.121   3.98e-01   5.37e-01   4.50e-01   2.07e+00   0.00e+00 (  7.47e+01,  1.36e+02)
85      0.229   5.57e-01   7.69e-01   5.20e-01   4.96e+00   0.00e+00 (  6.55e+01,  1.20e+02)
90      0.785   1.82e+00   2.44e+00   1.37e+00   3.44e+01   0.00e+00 (  5.28e+02,  1.03e+02)
95      0.284   4.71e-01   7.29e-01   4.96e-01   2.35e+01   0.00e+00 (  3.57e+02,  8.68e+01)
14 e: 1.655e-02 i: 5.340e-03 :: e: 9.478e-02 i: 8.837e-02 :: n: 3.012e+01 e:22.196 i:30.589 v:4.993e+03
>>> tau_he = 5.000000, nhe(0)=3.969312e+00
 5     -0.007   1.15e-02   1.16e+00   3.21e-03  -3.54e-02   0.00e+00 (  3.55e+00,  5.41e+01)
10     -0.004   1.76e-02   1.91e-03   2.03e-03  -2.23e-02   0.00e+00 (  1.19e+01,  1.07e+02)
15     -0.022   8.09e-02  -5.32e-02   1.67e-02  -1.64e-01   0.00e+00 (  5.95e+01,  1.50e+02)
20      0.027   1.37e-01   7.08e-03   1.14e-02   2.36e-01   0.00e+00 (  9.66e+01,  1.86e+02)
25      0.066   1.70e-01   6.18e-02  -1.76e-03   6.52e-01   0.00e+00 (  1.16e+02,  2.13e+02)
30      0.055   2.00e-01   9.19e-02   9.00e-03   5.95e-01   0.00e+00 (  1.29e+02,  2.29e+02)
35      0.052   2.09e-01   8.99e-02   3.33e-02   6.14e-01   0.00e+00 (  1.22e+02,  2.35e+02)
40      0.046   2.25e-01   1.10e-01   4.11e-02   5.81e-01   0.00e+00 (  1.19e+02,  2.35e+02)
45      0.052   2.45e-01   1.47e-01   4.13e-02   7.00e-01   0.00e+00 (  1.15e+02,  2.30e+02)
50      0.083   2.89e-01   2.12e-01   1.38e-01   1.17e+00   0.00e+00 (  1.15e+02,  2.21e+02)
55      0.073   2.80e-01   2.29e-01   1.41e-01   1.06e+00   0.00e+00 (  9.61e+01,  2.10e+02)
60      0.099   3.12e-01   3.07e-01   2.01e-01   1.50e+00   0.00e+00 (  9.24e+01,  1.96e+02)
65      0.140   3.61e-01   4.46e-01   3.10e-01   2.18e+00   0.00e+00 (  8.93e+01,  1.81e+02)
70      0.149   3.65e-01   4.91e-01   3.76e-01   2.36e+00   0.00e+00 (  7.53e+01,  1.67e+02)
75      0.165   3.81e-01   5.66e-01   4.71e-01   2.69e+00   0.00e+00 (  6.74e+01,  1.52e+02)
80      0.179   3.86e-01   6.20e-01   5.28e-01   3.08e+00   0.00e+00 (  5.48e+01,  1.36e+02)
85      0.257   6.82e-01   8.36e-01   5.95e-01   5.56e+00   0.00e+00 (  5.90e+01,  1.20e+02)
90      0.785   1.83e+00   2.42e+00   1.38e+00   3.44e+01   0.00e+00 (  5.06e+02,  1.03e+02)
95      0.284   4.71e-01   7.29e-01   4.96e-01   2.35e+01   0.00e+00 (  3.57e+02,  8.68e+01)
15 e: 1.224e-02 i: 7.654e-03 :: e: 6.505e-02 i: 8.345e-02 :: n: 3.012e+01 e:24.883 i:28.339 v:4.993e+03
>>> tau_he = 5.000000, nhe(0)=3.814264e+00
 5     -0.007   9.86e-03   1.06e+00   4.51e-03  -3.62e-02   0.00e+00 (  3.33e+00,  5.41e+01)
10     -0.003   1.49e-02  -4.26e-03   1.81e-03  -1.68e-02   0.00e+00 (  1.09e+01,  1.07e+02)
15     -0.041   8.88e-02  -6.40e-02   1.07e-02  -3.07e-01   0.00e+00 (  7.13e+01,  1.50e+02)
20      0.018   1.50e-01   3.14e-02  -1.78e-02   1.55e-01   0.00e+00 (  1.17e+02,  1.86e+02)
25      0.069   1.87e-01   1.02e-01  -1.11e-02   6.73e-01   0.00e+00 (  1.42e+02,  2.13e+02)
30      0.054   2.06e-01   1.25e-01   3.93e-03   5.88e-01   0.00e+00 (  1.49e+02,  2.29e+02)
35      0.107   3.14e-01   2.59e-01   7.33e-02   1.26e+00   0.00e+00 (  2.08e+02,  2.35e+02)
40      0.091   3.17e-01   2.72e-01   7.54e-02   1.15e+00   0.00e+00 (  1.94e+02,  2.35e+02)
45      0.101   3.41e-01   3.33e-01   9.50e-02   1.36e+00   0.00e+00 (  1.87e+02,  2.30e+02)
50      0.104   3.75e-01   3.88e-01   1.88e-01   1.46e+00   0.00e+00 (  1.76e+02,  2.21e+02)
55      0.118   4.20e-01   4.85e-01   2.57e-01   1.72e+00   0.00e+00 (  1.73e+02,  2.10e+02)
60      0.095   4.05e-01   4.51e-01   2.77e-01   1.44e+00   0.00e+00 (  1.46e+02,  1.96e+02)
65      0.086   4.06e-01   4.35e-01   3.05e-01   1.34e+00   0.00e+00 (  1.24e+02,  1.81e+02)
70      0.117   4.59e-01   5.61e-01   4.31e-01   1.86e+00   0.00e+00 (  1.19e+02,  1.67e+02)
75      0.114   4.54e-01   5.54e-01   4.70e-01   1.85e+00   0.00e+00 (  1.03e+02,  1.52e+02)
80      0.118   3.92e-01   5.26e-01   4.41e-01   2.03e+00   0.00e+00 (  7.32e+01,  1.36e+02)
85      0.227   5.54e-01   7.63e-01   5.13e-01   4.93e+00   0.00e+00 (  6.53e+01,  1.20e+02)
90      0.785   1.82e+00   2.44e+00   1.37e+00   3.44e+01   0.00e+00 (  5.28e+02,  1.03e+02)
95      0.284   4.71e-01   7.29e-01   4.96e-01   2.35e+01   0.00e+00 (  3.57e+02,  8.68e+01)
16 e: 1.838e-02 i: 5.934e-03 :: e: 8.501e-02 i: 8.909e-02 :: n: 3.012e+01 e:21.992 i:30.438 v:4.993e+03
>>> tau_he = 5.000000, nhe(0)=3.958980e+00
 5     -0.007   1.14e-02   1.15e+00   3.20e-03  -3.53e-02   0.00e+00 (  3.49e+00,  5.41e+01)
10     -0.004   1.75e-02   1.75e-03   1.97e-03  -2.21e-02   0.00e+00 (  1.17e+01,  1.07e+02)
15     -0.021   7.94e-02  -5.20e-02   1.65e-02  -1.57e-01   0.00e+00 (  5.77e+01,  1.50e+02)
20      0.027   1.35e-01   7.17e-03   1.14e-02   2.38e-01   0.00e+00 (  9.45e+01,  1.86e+02)
25      0.065   1.67e-01   6.04e-02  -1.69e-03   6.36e-01   0.00e+00 (  1.14e+02,  2.13e+02)
30      0.053   1.97e-01   8.97e-02   8.90e-03   5.79e-01   0.00e+00 (  1.27e+02,  2.29e+02)
35      0.051   2.05e-01   8.61e-02   3.24e-02   5.96e-01   0.00e+00 (  1.18e+02,  2.35e+02)
40      0.045   2.21e-01   1.07e-01   4.01e-02   5.69e-01   0.00e+00 (  1.15e+02,  2.35e+02)
45      0.051   2.41e-01   1.41e-01   4.02e-02   6.78e-01   0.00e+00 (  1.12e+02,  2.30e+02)
50      0.081   2.83e-01   2.05e-01   1.35e-01   1.14e+00   0.00e+00 (  1.11e+02,  2.21e+02)
55      0.072   2.74e-01   2.23e-01   1.39e-01   1.05e+00   0.00e+00 (  9.24e+01,  2.10e+02)
60      0.098   3.05e-01   3.00e-01   1.97e-01   1.48e+00   0.00e+00 (  8.86e+01,  1.96e+02)
65      0.139   3.54e-01   4.38e-01   3.05e-01   2.16e+00   0.00e+00 (  8.59e+01,  1.81e+02)
70      0.148   3.56e-01   4.82e-01   3.70e-01   2.34e+00   0.00e+00 (  7.18e+01,  1.67e+02)
75      0.164   3.73e-01   5.57e-01   4.65e-01   2.68e+00   0.00e+00 (  6.43e+01,  1.52e+02)
80      0.179   3.82e-01   6.12e-01   5.22e-01   3.07e+00   0.00e+00 (  5.30e+01,  1.36e+02)
85      0.256   6.87e-01   8.31e-01   5.91e-01   5.55e+00   0.00e+00 (  5.82e+01,  1.20e+02)
90      0.785   1.83e+00   2.42e+00   1.38e+00   3.44e+01   0.00e+00 (  5.05e+02,  1.03e+02)
95      0.284   4.71e-01   7.29e-01   4.96e-01   2.35e+01   0.00e+00 (  3.57e+02,  8.68e+01)
17 e: 1.362e-02 i: 8.484e-03 :: e: 7.720e-02 i: 9.107e-02 :: n: 3.012e+01 e:24.825 i:28.095 v:4.993e+03
>>> tau_he = 5.000000, nhe(0)=3.795714e+00
 5     -0.007   9.67e-03   1.05e+00   4.54e-03  -3.60e-02   0.00e+00 (  3.28e+00,  5.41e+01)
10     -0.003   1.46e-02  -4.25e-03   1.78e-03  -1.68e-02   0.00e+00 (  1.07e+01,  1.07e+02)
15     -0.040   8.80e-02  -6.33e-02   1.02e-02  -3.03e-01   0.00e+00 (  7.04e+01,  1.50e+02)
20      0.019   1.50e-01   3.33e-02  -2.86e-02   1.67e-01   0.00e+00 (  1.17e+02,  1.86e+02)
25      0.067   1.86e-01   1.02e-01  -1.10e-02   6.61e-01   0.00e+00 (  1.41e+02,  2.13e+02)
30      0.053   2.04e-01   1.26e-01   4.33e-03   5.75e-01   0.00e+00 (  1.48e+02,  2.29e+02)
35      0.105   3.10e-01   2.57e-01   7.32e-02   1.23e+00   0.00e+00 (  2.05e+02,  2.35e+02)
40      0.090   3.08e-01   2.72e-01   7.54e-02   1.14e+00   0.00e+00 (  1.87e+02,  2.35e+02)
45      0.100   3.38e-01   3.33e-01   9.47e-02   1.33e+00   0.00e+00 (  1.85e+02,  2.30e+02)
50      0.103   3.73e-01   3.90e-01   1.88e-01   1.45e+00   0.00e+00 (  1.75e+02,  2.21e+02)
55      0.116   4.17e-01   4.84e-01   2.57e-01   1.70e+00   0.00e+00 (  1.71e+02,  2.10e+02)
60      0.094   4.02e-01   4.49e-01   2.76e-01   1.41e+00   0.00e+00 (  1.44e+02,  1.96e+02)
65      0.084   4.01e-01   4.30e-01   3.02e-01   1.30e+00   0.00e+00 (  1.22e+02,  1.81e+02)
70      0.115   4.55e-01   5.52e-01   4.26e-01   1.82e+00   0.00e+00 (  1.17e+02,  1.67e+02)
75      0.111   4.48e-01   5.42e-01   4.61e-01   1.81e+00   0.00e+00 (  1.01e+02,  1.52e+02)
80      0.115   3.88e-01   5.12e-01   4.33e-01   1.97e+00   0.00e+00 (  7.20e+01,  1.36e+02)
85      0.226   5.52e-01   7.55e-01   5.04e-01   4.89e+00   0.00e+00 (  6.49e+01,  1.20e+02)
90      0.785   1.83e+00   2.44e+00   1.36e+00   3.44e+01   0.00e+00 (  5.28e+02,  1.03e+02)
95      0.284   4.71e-01   7.29e-01   4.96e-01   2.35e+01   0.00e+00 (  3.57e+02,  8.68e+01)
18 e: 2.040e-02 i: 6.666e-03 :: e: 7.807e-02 i: 9.042e-02 :: n: 3.012e+01 e:21.806 i:30.319 v:4.993e+03
>>> tau_he = 5.000000, nhe(0)=3.950784e+00
 5     -0.007   1.13e-02   1.14e+00   3.18e-03  -3.51e-02   0.00e+00 (  3.45e+00,  5.41e+01)
10     -0.004   1.74e-02   1.80e-03   1.83e-03  -2.25e-02   0.00e+00 (  1.16e+01,  1.07e+02)
15     -0.020   7.81e-02  -5.09e-02   1.64e-02  -1.51e-01   0.00e+00 (  5.63e+01,  1.50e+02)
20      0.028   1.33e-01   6.92e-03   9.28e-03   2.44e-01   0.00e+00 (  9.27e+01,  1.86e+02)
25      0.063   1.65e-01   5.90e-02  -1.58e-03   6.22e-01   0.00e+00 (  1.12e+02,  2.13e+02)
30      0.052   1.95e-01   8.77e-02   8.80e-03   5.65e-01   0.00e+00 (  1.24e+02,  2.29e+02)
35      0.053   2.08e-01   9.46e-02   3.20e-02   6.21e-01   0.00e+00 (  1.18e+02,  2.35e+02)
40      0.044   2.18e-01   1.04e-01   3.92e-02   5.56e-01   0.00e+00 (  1.13e+02,  2.35e+02)
45      0.049   2.37e-01   1.36e-01   3.93e-02   6.58e-01   0.00e+00 (  1.08e+02,  2.30e+02)
50      0.079   2.77e-01   1.99e-01   1.32e-01   1.11e+00   0.00e+00 (  1.07e+02,  2.21e+02)
55      0.071   2.68e-01   2.17e-01   1.37e-01   1.03e+00   0.00e+00 (  8.90e+01,  2.10e+02)
60      0.097   2.98e-01   2.93e-01   1.93e-01   1.47e+00   0.00e+00 (  8.52e+01,  1.96e+02)
65      0.139   3.47e-01   4.30e-01   3.00e-01   2.15e+00   0.00e+00 (  8.27e+01,  1.81e+02)
70      0.147   3.48e-01   4.73e-01   3.64e-01   2.33e+00   0.00e+00 (  6.88e+01,  1.67e+02)
75      0.164   3.66e-01   5.49e-01   4.59e-01   2.67e+00   0.00e+00 (  6.17e+01,  1.52e+02)
80      0.178   3.78e-01   6.06e-01   5.17e-01   3.06e+00   0.00e+00 (  5.12e+01,  1.36e+02)
85      0.255   6.93e-01   8.25e-01   5.86e-01   5.52e+00   0.00e+00 (  5.72e+01,  1.20e+02)
90      0.785   1.84e+00   2.42e+00   1.38e+00   3.44e+01   0.00e+00 (  5.03e+02,  1.03e+02)
95      0.284   4.71e-01   7.29e-01   4.96e-01   2.35e+01   0.00e+00 (  3.57e+02,  8.68e+01)
19 e: 1.522e-02 i: 9.404e-03 :: e: 8.662e-02 i: 9.769e-02 :: n: 3.012e+01 e:24.798 i:27.873 v:4.993e+03
>>> tau_he = 5.000000, nhe(0)=3.778662e+00
 5     -0.007   9.50e-03   1.03e+00   4.56e-03  -3.57e-02   0.00e+00 (  3.23e+00,  5.41e+01)
10     -0.003   1.43e-02  -4.25e-03   1.74e-03  -1.67e-02   0.00e+00 (  1.05e+01,  1.07e+02)
15     -0.040   8.74e-02  -6.28e-02   9.63e-03  -3.02e-01   0.00e+00 (  6.98e+01,  1.50e+02)
20      0.019   1.49e-01   3.45e-02  -2.96e-02   1.68e-01   0.00e+00 (  1.16e+02,  1.86e+02)
25      0.066   1.84e-01   1.03e-01  -1.09e-02   6.50e-01   0.00e+00 (  1.40e+02,  2.13e+02)
30      0.052   2.02e-01   1.27e-01   4.76e-03   5.63e-01   0.00e+00 (  1.47e+02,  2.29e+02)
35      0.103   3.01e-01   2.55e-01   7.31e-02   1.22e+00   0.00e+00 (  1.99e+02,  2.35e+02)
40      0.090   3.02e-01   2.84e-01   7.26e-02   1.13e+00   0.00e+00 (  1.83e+02,  2.35e+02)
45      0.099   3.37e-01   3.34e-01   9.51e-02   1.32e+00   0.00e+00 (  1.84e+02,  2.30e+02)
50      0.103   3.72e-01   3.93e-01   1.90e-01   1.44e+00   0.00e+00 (  1.74e+02,  2.21e+02)
55      0.115   4.16e-01   4.85e-01   2.58e-01   1.68e+00   0.00e+00 (  1.70e+02,  2.10e+02)
60      0.092   4.01e-01   4.47e-01   2.71e-01   1.39e+00   0.00e+00 (  1.43e+02,  1.96e+02)
65      0.082   3.99e-01   4.29e-01   3.00e-01   1.27e+00   0.00e+00 (  1.20e+02,  1.81e+02)
70      0.112   4.51e-01   5.46e-01   4.21e-01   1.79e+00   0.00e+00 (  1.16e+02,  1.67e+02)
75      0.109   4.43e-01   5.32e-01   4.54e-01   1.77e+00   0.00e+00 (  9.90e+01,  1.52e+02)
80      0.112   3.82e-01   5.00e-01   4.23e-01   1.92e+00   0.00e+00 (  7.05e+01,  1.36e+02)
85      0.224   5.50e-01   7.47e-01   4.96e-01   4.86e+00   0.00e+00 (  6.44e+01,  1.20e+02)
90      0.785   1.83e+00   2.44e+00   1.36e+00   3.44e+01   0.00e+00 (  5.28e+02,  1.03e+02)
95      0.284   4.71e-01   7.29e-01   4.96e-01   2.35e+01   0.00e+00 (  3.57e+02,  8.68e+01)
20 e: 2.270e-02 i: 7.514e-03 :: e: 7.333e-02 i: 9.274e-02 :: n: 3.012e+01 e:21.637 i:30.232 v:4.993e+03
>>> tau_he = 5.000000, nhe(0)=3.944683e+00
 5     -0.007   1.12e-02   1.13e+00   3.16e-03  -3.48e-02   0.00e+00 (  3.41e+00,  5.41e+01)
10     -0.004   1.73e-02   1.71e-03   1.78e-03  -2.22e-02   0.00e+00 (  1.14e+01,  1.07e+02)
15     -0.019   7.71e-02  -4.99e-02   1.62e-02  -1.46e-01   0.00e+00 (  5.52e+01,  1.50e+02)
20      0.028   1.31e-01   6.75e-03   9.32e-03   2.44e-01   0.00e+00 (  9.10e+01,  1.86e+02)
25      0.066   1.69e-01   5.63e-02  -6.08e-04   6.48e-01   0.00e+00 (  1.14e+02,  2.13e+02)
30      0.051   1.93e-01   8.58e-02   8.70e-03   5.53e-01   0.00e+00 (  1.23e+02,  2.29e+02)
35      0.050   2.00e-01   9.02e-02   2.50e-02   5.85e-01   0.00e+00 (  1.13e+02,  2.35e+02)
40      0.043   2.16e-01   1.00e-01   3.81e-02   5.42e-01   0.00e+00 (  1.10e+02,  2.35e+02)
45      0.049   2.36e-01   1.30e-01   3.88e-02   6.49e-01   0.00e+00 (  1.06e+02,  2.30e+02)
50      0.060   2.46e-01   1.53e-01   1.19e-01   8.38e-01   0.00e+00 (  9.39e+01,  2.21e+02)
55      0.070   2.63e-01   2.11e-01   1.35e-01   1.02e+00   0.00e+00 (  8.59e+01,  2.10e+02)
60      0.096   2.92e-01   2.87e-01   1.89e-01   1.45e+00   0.00e+00 (  8.22e+01,  1.96e+02)
65      0.138   3.41e-01   4.23e-01   2.95e-01   2.14e+00   0.00e+00 (  7.98e+01,  1.81e+02)
70      0.146   3.42e-01   4.66e-01   3.59e-01   2.32e+00   0.00e+00 (  6.63e+01,  1.67e+02)
75      0.164   3.61e-01   5.43e-01   4.54e-01   2.67e+00   0.00e+00 (  5.95e+01,  1.52e+02)
80      0.178   3.76e-01   6.01e-01   5.13e-01   3.06e+00   0.00e+00 (  4.97e+01,  1.36e+02)
85      0.254   7.01e-01   8.19e-01   5.81e-01   5.51e+00   0.00e+00 (  5.62e+01,  1.20e+02)
90      0.784   1.84e+00   2.42e+00   1.38e+00   3.44e+01   0.00e+00 (  5.02e+02,  1.03e+02)
95      0.284   4.71e-01   7.29e-01   4.96e-01   2.35e+01   0.00e+00 (  3.57e+02,  8.68e+01)
21 e: 1.704e-02 i: 1.044e-02 :: e: 9.972e-02 i: 1.116e-01 :: n: 3.012e+01 e:24.803 i:27.681 v:4.993e+03
>>> tau_he = 5.000000, nhe(0)=3.763664e+00
 5     -0.007   9.35e-03   1.02e+00   4.59e-03  -3.55e-02   0.00e+00 (  3.18e+00,  5.41e+01)
10     -0.003   1.26e-02  -3.42e-03   1.16e-03  -1.76e-02   0.00e+00 (  9.21e+00,  1.07e+02)
15     -0.040   8.70e-02  -6.26e-02   9.12e-03  -3.02e-01   0.00e+00 (  6.94e+01,  1.50e+02)
20      0.019   1.48e-01   3.57e-02  -3.05e-02   1.68e-01   0.00e+00 (  1.15e+02,  1.86e+02)
25      0.066   1.83e-01   1.04e-01  -1.10e-02   6.43e-01   0.00e+00 (  1.40e+02,  2.13e+02)
30      0.051   2.02e-01   1.28e-01   3.94e-03   5.55e-01   0.00e+00 (  1.47e+02,  2.29e+02)
35      0.102   2.99e-01   2.55e-01   7.37e-02   1.20e+00   0.00e+00 (  1.97e+02,  2.35e+02)
40      0.089   3.01e-01   2.85e-01   7.29e-02   1.12e+00   0.00e+00 (  1.83e+02,  2.35e+02)
45      0.098   3.37e-01   3.37e-01   9.59e-02   1.31e+00   0.00e+00 (  1.83e+02,  2.30e+02)
50      0.104   3.74e-01   4.02e-01   1.92e-01   1.46e+00   0.00e+00 (  1.75e+02,  2.21e+02)
55      0.115   4.16e-01   4.89e-01   2.60e-01   1.67e+00   0.00e+00 (  1.70e+02,  2.10e+02)
60      0.091   4.00e-01   4.48e-01   2.71e-01   1.37e+00   0.00e+00 (  1.43e+02,  1.96e+02)
65      0.081   4.00e-01   4.31e-01   3.01e-01   1.26e+00   0.00e+00 (  1.21e+02,  1.81e+02)
70      0.110   4.49e-01   5.41e-01   4.18e-01   1.75e+00   0.00e+00 (  1.15e+02,  1.67e+02)
75      0.106   4.39e-01   5.23e-01   4.48e-01   1.72e+00   0.00e+00 (  9.81e+01,  1.52e+02)
80      0.109   3.78e-01   4.89e-01   4.14e-01   1.87e+00   0.00e+00 (  6.94e+01,  1.36e+02)
85      0.223   5.48e-01   7.39e-01   4.87e-01   4.83e+00   0.00e+00 (  6.39e+01,  1.20e+02)
90      0.785   1.83e+00   2.44e+00   1.36e+00   3.44e+01   0.00e+00 (  5.29e+02,  1.03e+02)
95      0.284   4.71e-01   7.29e-01   4.96e-01   2.35e+01   0.00e+00 (  3.57e+02,  8.68e+01)
22 e: 2.532e-02 i: 8.496e-03 :: e: 7.392e-02 i: 9.654e-02 :: n: 3.012e+01 e:21.488 i:30.192 v:4.993e+03
>>> tau_he = 5.000000, nhe(0)=3.941706e+00
 5     -0.007   1.11e-02   1.12e+00   3.13e-03  -3.46e-02   0.00e+00 (  3.38e+00,  5.41e+01)
10     -0.003   1.50e-02   2.01e-03   1.60e-03  -2.15e-02   0.00e+00 (  9.89e+00,  1.07e+02)
15     -0.019   7.62e-02  -4.86e-02   1.62e-02  -1.42e-01   0.00e+00 (  5.42e+01,  1.50e+02)
20      0.029   1.29e-01   6.35e-03   1.23e-02   2.56e-01   0.00e+00 (  8.88e+01,  1.86e+02)
25      0.065   1.68e-01   5.49e-02  -4.44e-04   6.39e-01   0.00e+00 (  1.12e+02,  2.13e+02)
30      0.050   1.91e-01   8.39e-02   8.58e-03   5.44e-01   0.00e+00 (  1.21e+02,  2.29e+02)
35      0.049   1.98e-01   8.71e-02   2.43e-02   5.72e-01   0.00e+00 (  1.11e+02,  2.35e+02)
40      0.041   2.13e-01   9.70e-02   3.61e-02   5.18e-01   0.00e+00 (  1.08e+02,  2.35e+02)
45      0.050   2.33e-01   1.15e-01   4.23e-02   6.69e-01   0.00e+00 (  1.04e+02,  2.30e+02)
50      0.059   2.43e-01   1.50e-01   1.18e-01   8.31e-01   0.00e+00 (  9.20e+01,  2.21e+02)
55      0.069   2.58e-01   2.06e-01   1.32e-01   1.01e+00   0.00e+00 (  8.34e+01,  2.10e+02)
60      0.095   2.87e-01   2.81e-01   1.86e-01   1.44e+00   0.00e+00 (  7.96e+01,  1.96e+02)
65      0.137   3.35e-01   4.16e-01   2.91e-01   2.13e+00   0.00e+00 (  7.73e+01,  1.81e+02)
70      0.145   3.34e-01   4.50e-01   3.53e-01   2.30e+00   0.00e+00 (  6.36e+01,  1.67e+02)
75      0.164   3.57e-01   5.39e-01   4.51e-01   2.67e+00   0.00e+00 (  5.77e+01,  1.52e+02)
80      0.179   3.76e-01   5.98e-01   5.11e-01   3.07e+00   0.00e+00 (  4.85e+01,  1.36e+02)
85      0.254   7.10e-01   8.14e-01   5.77e-01   5.50e+00   0.00e+00 (  5.53e+01,  1.20e+02)
90      0.784   1.84e+00   2.42e+00   1.38e+00   3.44e+01   0.00e+00 (  5.00e+02,  1.03e+02)
95      0.284   4.71e-01   7.29e-01   4.96e-01   2.35e+01   0.00e+00 (  3.57e+02,  8.68e+01)
23 e: 1.911e-02 i: 1.162e-02 :: e: 1.067e-01 i: 1.208e-01 :: n: 3.012e+01 e:24.846 i:27.519 v:4.993e+03
>>> tau_he = 5.000000, nhe(0)=3.750955e+00
 5     -0.007   9.24e-03   1.01e+00   4.62e-03  -3.52e-02   0.00e+00 (  3.15e+00,  5.41e+01)
10     -0.003   1.24e-02  -3.48e-03   1.16e-03  -1.76e-02   0.00e+00 (  9.13e+00,  1.07e+02)
15     -0.041   8.70e-02  -6.25e-02   8.65e-03  -3.05e-01   0.00e+00 (  6.94e+01,  1.50e+02)
20      0.019   1.48e-01   3.68e-02  -3.15e-02   1.66e-01   0.00e+00 (  1.15e+02,  1.86e+02)
25      0.065   1.83e-01   1.06e-01  -1.10e-02   6.37e-01   0.00e+00 (  1.40e+02,  2.13e+02)
30      0.051   2.01e-01   1.30e-01   9.34e-04   5.50e-01   0.00e+00 (  1.48e+02,  2.29e+02)
35      0.101   2.99e-01   2.56e-01   7.46e-02   1.19e+00   0.00e+00 (  1.97e+02,  2.35e+02)
40      0.088   3.01e-01   2.87e-01   7.33e-02   1.11e+00   0.00e+00 (  1.83e+02,  2.35e+02)
45      0.098   3.38e-01   3.42e-01   9.78e-02   1.32e+00   0.00e+00 (  1.84e+02,  2.30e+02)
50      0.105   3.76e-01   4.11e-01   1.95e-01   1.48e+00   0.00e+00 (  1.77e+02,  2.21e+02)
55      0.114   4.17e-01   4.94e-01   2.63e-01   1.66e+00   0.00e+00 (  1.71e+02,  2.10e+02)
60      0.089   4.00e-01   4.50e-01   2.73e-01   1.35e+00   0.00e+00 (  1.43e+02,  1.96e+02)
65      0.081   4.02e-01   4.34e-01   3.02e-01   1.25e+00   0.00e+00 (  1.22e+02,  1.81e+02)
70      0.108   4.49e-01   5.39e-01   4.17e-01   1.72e+00   0.00e+00 (  1.15e+02,  1.67e+02)
75      0.103   4.39e-01   5.17e-01   4.43e-01   1.68e+00   0.00e+00 (  9.80e+01,  1.52e+02)
80      0.106   3.74e-01   4.80e-01   4.07e-01   1.82e+00   0.00e+00 (  6.88e+01,  1.36e+02)
85      0.221   5.46e-01   7.33e-01   4.79e-01   4.80e+00   0.00e+00 (  6.36e+01,  1.20e+02)
90      0.785   1.83e+00   2.44e+00   1.36e+00   3.44e+01   0.00e+00 (  5.29e+02,  1.03e+02)
95      0.284   4.71e-01   7.29e-01   4.96e-01   2.35e+01   0.00e+00 (  3.57e+02,  8.68e+01)
24 e: 2.845e-02 i: 9.603e-03 :: e: 7.677e-02 i: 1.011e-01 :: n: 3.012e+01 e:21.353 i:30.192 v:4.993e+03
>>> tau_he = 5.000000, nhe(0)=3.941471e+00
 5     -0.007   1.11e-02   1.12e+00   3.09e-03  -3.44e-02   0.00e+00 (  3.36e+00,  5.41e+01)
10     -0.003   1.52e-02   2.08e-03   1.75e-03  -2.01e-02   0.00e+00 (  9.97e+00,  1.07e+02)
15     -0.018   7.56e-02  -4.78e-02   1.62e-02  -1.38e-01   0.00e+00 (  5.35e+01,  1.50e+02)
20      0.029   1.28e-01   5.91e-03   1.23e-02   2.55e-01   0.00e+00 (  8.76e+01,  1.86e+02)
25      0.064   1.66e-01   5.35e-02  -2.31e-04   6.31e-01   0.00e+00 (  1.11e+02,  2.13e+02)
30      0.049   1.90e-01   8.21e-02   8.44e-03   5.36e-01   0.00e+00 (  1.20e+02,  2.29e+02)
35      0.046   1.96e-01   8.42e-02   2.29e-02   5.45e-01   0.00e+00 (  1.09e+02,  2.35e+02)
40      0.040   2.12e-01   9.40e-02   3.51e-02   5.07e-01   0.00e+00 (  1.07e+02,  2.35e+02)
45      0.051   2.32e-01   1.18e-01   4.50e-02   6.84e-01   0.00e+00 (  1.03e+02,  2.30e+02)
50      0.058   2.40e-01   1.46e-01   1.16e-01   8.21e-01   0.00e+00 (  9.01e+01,  2.21e+02)
55      0.068   2.54e-01   2.00e-01   1.30e-01   9.93e-01   0.00e+00 (  8.10e+01,  2.10e+02)
60      0.095   2.82e-01   2.75e-01   1.82e-01   1.43e+00   0.00e+00 (  7.72e+01,  1.96e+02)
65      0.137   3.31e-01   4.09e-01   2.86e-01   2.12e+00   0.00e+00 (  7.52e+01,  1.81e+02)
70      0.145   3.30e-01   4.46e-01   3.50e-01   2.31e+00   0.00e+00 (  6.19e+01,  1.67e+02)
75      0.165   3.54e-01   5.36e-01   4.49e-01   2.68e+00   0.00e+00 (  5.62e+01,  1.52e+02)
80      0.180   3.76e-01   5.97e-01   5.10e-01   3.09e+00   0.00e+00 (  4.75e+01,  1.36e+02)
85      0.253   7.20e-01   8.10e-01   5.75e-01   5.49e+00   0.00e+00 (  5.45e+01,  1.20e+02)
90      0.784   1.84e+00   2.42e+00   1.38e+00   3.44e+01   0.00e+00 (  4.99e+02,  1.03e+02)
95      0.284   4.71e-01   7.29e-01   4.96e-01   2.35e+01   0.00e+00 (  3.57e+02,  8.68e+01)
25 e: 2.141e-02 i: 1.304e-02 :: e: 1.114e-01 i: 1.253e-01 :: n: 3.012e+01 e:24.917 i:27.376 v:4.993e+03
>>> tau_he = 5.000000, nhe(0)=3.739682e+00
 5     -0.007   9.14e-03   1.00e+00   4.65e-03  -3.49e-02   0.00e+00 (  3.12e+00,  5.41e+01)
10     -0.003   1.23e-02  -3.53e-03   1.15e-03  -1.76e-02   0.00e+00 (  9.02e+00,  1.07e+02)
15     -0.041   8.71e-02  -6.26e-02   8.20e-03  -3.08e-01   0.00e+00 (  6.96e+01,  1.50e+02)
20      0.019   1.48e-01   3.81e-02  -3.26e-02   1.63e-01   0.00e+00 (  1.16e+02,  1.86e+02)
25      0.064   1.83e-01   1.07e-01  -1.22e-02   6.32e-01   0.00e+00 (  1.40e+02,  2.13e+02)
30      0.051   2.02e-01   1.31e-01  -2.58e-03   5.47e-01   0.00e+00 (  1.49e+02,  2.29e+02)
35      0.101   2.99e-01   2.58e-01   7.60e-02   1.19e+00   0.00e+00 (  1.98e+02,  2.35e+02)
40      0.088   3.02e-01   2.90e-01   7.40e-02   1.11e+00   0.00e+00 (  1.84e+02,  2.35e+02)
45      0.099   3.39e-01   3.47e-01   9.93e-02   1.32e+00   0.00e+00 (  1.85e+02,  2.30e+02)
50      0.106   3.79e-01   4.20e-01   1.98e-01   1.49e+00   0.00e+00 (  1.80e+02,  2.21e+02)
55      0.113   4.19e-01   5.01e-01   2.66e-01   1.66e+00   0.00e+00 (  1.72e+02,  2.10e+02)
60      0.088   4.03e-01   4.54e-01   2.75e-01   1.33e+00   0.00e+00 (  1.44e+02,  1.96e+02)
65      0.080   4.06e-01   4.38e-01   3.03e-01   1.24e+00   0.00e+00 (  1.23e+02,  1.81e+02)
70      0.106   4.52e-01   5.38e-01   4.17e-01   1.69e+00   0.00e+00 (  1.16e+02,  1.67e+02)
75      0.101   4.40e-01   5.12e-01   4.41e-01   1.64e+00   0.00e+00 (  9.87e+01,  1.52e+02)
80      0.103   3.73e-01   4.72e-01   4.01e-01   1.77e+00   0.00e+00 (  6.88e+01,  1.36e+02)
85      0.221   5.45e-01   7.28e-01   4.73e-01   4.78e+00   0.00e+00 (  6.35e+01,  1.20e+02)
90      0.785   1.83e+00   2.44e+00   1.36e+00   3.44e+01   0.00e+00 (  5.29e+02,  1.03e+02)
95      0.284   4.71e-01   7.29e-01   4.96e-01   2.35e+01   0.00e+00 (  3.57e+02,  8.68e+01)
26 e: 3.219e-02 i: 1.083e-02 :: e: 8.104e-02 i: 1.066e-01 :: n: 3.012e+01 e:21.223 i:30.220 v:4.993e+03
>>> tau_he = 5.000000, nhe(0)=3.943058e+00
 5     -0.007   1.12e-02   1.12e+00   3.06e-03  -3.42e-02   0.00e+00 (  3.35e+00,  5.41e+01)
10     -0.003   1.53e-02   2.39e-03   1.70e-03  -2.03e-02   0.00e+00 (  1.00e+01,  1.07e+02)
15     -0.019   7.36e-02  -3.06e-02   1.87e-02  -1.45e-01   0.00e+00 (  5.18e+01,  1.50e+02)
20      0.029   1.27e-01   5.42e-03   1.24e-02   2.53e-01   0.00e+00 (  8.65e+01,  1.86e+02)
25      0.064   1.65e-01   5.21e-02   2.12e-05   6.23e-01   0.00e+00 (  1.10e+02,  2.13e+02)
30      0.049   1.89e-01   8.03e-02   8.30e-03   5.30e-01   0.00e+00 (  1.19e+02,  2.29e+02)
35      0.046   1.95e-01   8.16e-02   2.22e-02   5.36e-01   0.00e+00 (  1.08e+02,  2.35e+02)
40      0.040   2.10e-01   9.10e-02   3.40e-02   4.98e-01   0.00e+00 (  1.05e+02,  2.35e+02)
45      0.050   2.29e-01   1.14e-01   4.32e-02   6.69e-01   0.00e+00 (  1.00e+02,  2.30e+02)
50      0.058   2.37e-01   1.41e-01   1.14e-01   8.07e-01   0.00e+00 (  8.82e+01,  2.21e+02)
55      0.069   2.51e-01   1.93e-01   1.28e-01   1.00e+00   0.00e+00 (  7.92e+01,  2.10e+02)
60      0.094   2.77e-01   2.69e-01   1.79e-01   1.42e+00   0.00e+00 (  7.50e+01,  1.96e+02)
65      0.136   3.26e-01   4.03e-01   2.83e-01   2.11e+00   0.00e+00 (  7.31e+01,  1.81e+02)
70      0.146   3.27e-01   4.42e-01   3.48e-01   2.31e+00   0.00e+00 (  6.05e+01,  1.67e+02)
75      0.166   3.54e-01   5.35e-01   4.48e-01   2.70e+00   0.00e+00 (  5.51e+01,  1.52e+02)
80      0.181   3.79e-01   5.97e-01   5.11e-01   3.12e+00   0.00e+00 (  4.68e+01,  1.36e+02)
85      0.254   7.31e-01   8.09e-01   5.74e-01   5.50e+00   0.00e+00 (  5.39e+01,  1.20e+02)
90      0.784   1.84e+00   2.41e+00   1.38e+00   3.44e+01   0.00e+00 (  4.98e+02,  1.03e+02)
95      0.284   4.71e-01   7.29e-01   4.96e-01   2.35e+01   0.00e+00 (  3.57e+02,  8.68e+01)
27 e: 2.399e-02 i: 1.471e-02 :: e: 1.162e-01 i: 1.342e-01 :: n: 3.012e+01 e:25.009 i:27.246 v:4.993e+03
>>> tau_he = 5.000000, nhe(0)=3.729314e+00
 5     -0.007   9.06e-03   9.99e-01   4.68e-03  -3.47e-02   0.00e+00 (  3.10e+00,  5.41e+01)
10     -0.003   1.31e-02  -3.43e-03   1.25e-03  -1.83e-02   0.00e+00 (  9.70e+00,  1.07e+02)
15     -0.042   8.80e-02  -6.27e-02   7.73e-03  -3.15e-01   0.00e+00 (  7.05e+01,  1.50e+02)
20      0.018   1.48e-01   3.96e-02  -3.39e-02   1.61e-01   0.00e+00 (  1.16e+02,  1.86e+02)
25      0.064   1.83e-01   1.09e-01  -1.75e-02   6.28e-01   0.00e+00 (  1.41e+02,  2.13e+02)
30      0.050   2.02e-01   1.33e-01  -6.09e-03   5.45e-01   0.00e+00 (  1.50e+02,  2.29e+02)
35      0.101   2.99e-01   2.61e-01   7.75e-02   1.19e+00   0.00e+00 (  1.99e+02,  2.35e+02)
40      0.088   3.03e-01   2.94e-01   7.47e-02   1.11e+00   0.00e+00 (  1.86e+02,  2.35e+02)
45      0.099   3.41e-01   3.53e-01   1.01e-01   1.32e+00   0.00e+00 (  1.87e+02,  2.30e+02)
50      0.107   3.83e-01   4.30e-01   2.01e-01   1.50e+00   0.00e+00 (  1.82e+02,  2.21e+02)
55      0.113   4.22e-01   5.08e-01   2.70e-01   1.65e+00   0.00e+00 (  1.75e+02,  2.10e+02)
60      0.087   4.06e-01   4.59e-01   2.78e-01   1.31e+00   0.00e+00 (  1.47e+02,  1.96e+02)
65      0.078   4.09e-01   4.42e-01   3.06e-01   1.22e+00   0.00e+00 (  1.25e+02,  1.81e+02)
70      0.104   4.58e-01   5.38e-01   4.18e-01   1.65e+00   0.00e+00 (  1.19e+02,  1.67e+02)
75      0.098   4.43e-01   5.09e-01   4.39e-01   1.59e+00   0.00e+00 (  1.00e+02,  1.52e+02)
80      0.101   3.79e-01   4.68e-01   4.02e-01   1.74e+00   0.00e+00 (  7.01e+01,  1.36e+02)
85      0.220   5.44e-01   7.24e-01   4.67e-01   4.76e+00   0.00e+00 (  6.36e+01,  1.20e+02)
90      0.785   1.83e+00   2.44e+00   1.35e+00   3.44e+01   0.00e+00 (  5.30e+02,  1.03e+02)
95      0.284   4.71e-01   7.29e-01   4.96e-01   2.35e+01   0.00e+00 (  3.57e+02,  8.68e+01)
28 e: 3.671e-02 i: 1.219e-02 :: e: 8.584e-02 i: 1.124e-01 :: n: 3.012e+01 e:21.089 i:30.271 v:4.993e+03
>>> tau_he = 5.000000, nhe(0)=3.946183e+00
 5     -0.007   1.12e-02   1.12e+00   3.02e-03  -3.41e-02   0.00e+00 (  3.35e+00,  5.41e+01)
10     -0.003   1.41e-02   3.27e-03   1.53e-03  -2.06e-02   0.00e+00 (  9.15e+00,  1.07e+02)
15     -0.019   7.35e-02  -3.02e-02   1.88e-02  -1.42e-01   0.00e+00 (  5.15e+01,  1.50e+02)
20      0.029   1.26e-01   4.97e-03   1.24e-02   2.52e-01   0.00e+00 (  8.56e+01,  1.86e+02)
25      0.063   1.64e-01   5.05e-02   3.08e-04   6.15e-01   0.00e+00 (  1.09e+02,  2.13e+02)
30      0.048   1.88e-01   7.83e-02   8.15e-03   5.24e-01   0.00e+00 (  1.17e+02,  2.29e+02)
35      0.045   1.93e-01   7.89e-02   2.15e-02   5.28e-01   0.00e+00 (  1.06e+02,  2.35e+02)
40      0.039   2.08e-01   8.79e-02   3.28e-02   4.90e-01   0.00e+00 (  1.03e+02,  2.35e+02)
45      0.049   2.26e-01   1.09e-01   4.10e-02   6.51e-01   0.00e+00 (  9.82e+01,  2.30e+02)
50      0.056   2.34e-01   1.36e-01   1.12e-01   7.92e-01   0.00e+00 (  8.61e+01,  2.21e+02)
55      0.068   2.46e-01   1.87e-01   1.25e-01   9.87e-01   0.00e+00 (  7.70e+01,  2.10e+02)
60      0.093   2.72e-01   2.63e-01   1.75e-01   1.41e+00   0.00e+00 (  7.29e+01,  1.96e+02)
65      0.136   3.21e-01   3.96e-01   2.78e-01   2.11e+00   0.00e+00 (  7.11e+01,  1.81e+02)
70      0.146   3.24e-01   4.38e-01   3.45e-01   2.32e+00   0.00e+00 (  5.90e+01,  1.67e+02)
75      0.168   3.53e-01   5.34e-01   4.47e-01   2.73e+00   0.00e+00 (  5.40e+01,  1.52e+02)
80      0.183   3.82e-01   5.98e-01   5.12e-01   3.15e+00   0.00e+00 (  4.61e+01,  1.36e+02)
85      0.254   7.44e-01   8.08e-01   5.74e-01   5.51e+00   0.00e+00 (  5.33e+01,  1.20e+02)
90      0.784   1.84e+00   2.41e+00   1.38e+00   3.44e+01   0.00e+00 (  4.97e+02,  1.03e+02)
95      0.284   4.71e-01   7.29e-01   4.96e-01   2.35e+01   0.00e+00 (  3.57e+02,  8.68e+01)
29 e: 2.690e-02 i: 1.676e-02 :: e: 1.219e-01 i: 1.405e-01 :: n: 3.012e+01 e:25.115 i:27.112 v:4.993e+03
>>> tau_he = 5.000000, nhe(0)=3.718555e+00
 5     -0.007   8.98e-03   9.93e-01   4.72e-03  -3.45e-02   0.00e+00 (  3.08e+00,  5.41e+01)
10     -0.003   1.30e-02  -3.50e-03   1.25e-03  -1.83e-02   0.00e+00 (  9.65e+00,  1.07e+02)
15     -0.043   8.94e-02  -6.21e-02   8.47e-03  -3.20e-01   0.00e+00 (  7.19e+01,  1.50e+02)
20      0.018   1.48e-01   4.12e-02  -3.53e-02   1.57e-01   0.00e+00 (  1.17e+02,  1.86e+02)
25      0.064   1.83e-01   1.10e-01  -2.35e-02   6.24e-01   0.00e+00 (  1.42e+02,  2.13e+02)
30      0.122   3.10e-01   2.62e-01   3.84e-02   1.32e+00   0.00e+00 (  2.31e+02,  2.29e+02)
35      0.101   3.00e-01   2.65e-01   7.93e-02   1.19e+00   0.00e+00 (  2.01e+02,  2.35e+02)
40      0.088   3.04e-01   2.99e-01   7.60e-02   1.11e+00   0.00e+00 (  1.88e+02,  2.35e+02)
45      0.099   3.42e-01   3.60e-01   1.03e-01   1.33e+00   0.00e+00 (  1.89e+02,  2.30e+02)
50      0.107   3.86e-01   4.39e-01   2.05e-01   1.51e+00   0.00e+00 (  1.85e+02,  2.21e+02)
55      0.113   4.26e-01   5.16e-01   2.74e-01   1.64e+00   0.00e+00 (  1.77e+02,  2.10e+02)
60      0.085   4.09e-01   4.64e-01   2.81e-01   1.29e+00   0.00e+00 (  1.49e+02,  1.96e+02)
65      0.077   4.15e-01   4.47e-01   3.09e-01   1.20e+00   0.00e+00 (  1.28e+02,  1.81e+02)
70      0.101   4.62e-01   5.39e-01   4.19e-01   1.61e+00   0.00e+00 (  1.21e+02,  1.67e+02)
75      0.095   4.47e-01   5.05e-01   4.37e-01   1.54e+00   0.00e+00 (  1.02e+02,  1.52e+02)
80      0.099   3.81e-01   4.62e-01   3.97e-01   1.70e+00   0.00e+00 (  7.09e+01,  1.36e+02)
85      0.214   5.30e-01   7.07e-01   4.54e-01   4.63e+00   0.00e+00 (  6.23e+01,  1.20e+02)
90      0.785   1.83e+00   2.44e+00   1.35e+00   3.44e+01   0.00e+00 (  5.31e+02,  1.03e+02)
95      0.284   4.71e-01   7.29e-01   4.96e-01   2.35e+01   0.00e+00 (  3.57e+02,  8.68e+01)
30 e: 4.247e-02 i: 1.368e-02 :: e: 1.060e-01 i: 1.320e-01 :: n: 3.012e+01 e:20.921 i:30.264 v:4.993e+03
>>> tau_he = 5.000000, nhe(0)=3.945516e+00
 5     -0.007   1.12e-02   1.12e+00   2.99e-03  -3.40e-02   0.00e+00 (  3.33e+00,  5.41e+01)
10     -0.003   1.43e-02   3.19e-03   1.52e-03  -2.08e-02   0.00e+00 (  9.23e+00,  1.07e+02)
15     -0.017   7.51e-02  -4.64e-02   1.62e-02  -1.29e-01   0.00e+00 (  5.24e+01,  1.50e+02)
20      0.029   1.25e-01   4.91e-03   1.23e-02   2.50e-01   0.00e+00 (  8.46e+01,  1.86e+02)
25      0.061   1.62e-01   4.83e-02   5.47e-04   6.03e-01   0.00e+00 (  1.06e+02,  2.13e+02)
30      0.047   1.84e-01   7.12e-02   7.50e-03   5.13e-01   0.00e+00 (  1.12e+02,  2.29e+02)
35      0.044   1.92e-01   7.54e-02   2.07e-02   5.21e-01   0.00e+00 (  1.04e+02,  2.35e+02)
40      0.043   2.09e-01   7.69e-02   3.05e-02   5.43e-01   0.00e+00 (  1.03e+02,  2.35e+02)
45      0.048   2.23e-01   1.05e-01   3.92e-02   6.39e-01   0.00e+00 (  9.63e+01,  2.30e+02)
50      0.055   2.30e-01   1.30e-01   1.11e-01   7.74e-01   0.00e+00 (  8.40e+01,  2.21e+02)
55      0.067   2.42e-01   1.80e-01   1.22e-01   9.73e-01   0.00e+00 (  7.48e+01,  2.10e+02)
60      0.093   2.68e-01   2.57e-01   1.72e-01   1.40e+00   0.00e+00 (  7.08e+01,  1.96e+02)
65      0.136   3.17e-01   3.89e-01   2.74e-01   2.10e+00   0.00e+00 (  6.91e+01,  1.81e+02)
70      0.147   3.22e-01   4.35e-01   3.43e-01   2.33e+00   0.00e+00 (  5.76e+01,  1.67e+02)
75      0.169   3.52e-01   5.33e-01   4.47e-01   2.76e+00   0.00e+00 (  5.30e+01,  1.52e+02)
80      0.186   3.86e-01   6.01e-01   5.15e-01   3.19e+00   0.00e+00 (  4.56e+01,  1.36e+02)
85      0.255   7.59e-01   8.10e-01   5.77e-01   5.54e+00   0.00e+00 (  5.29e+01,  1.20e+02)
90      0.784   1.85e+00   2.41e+00   1.38e+00   3.44e+01   0.00e+00 (  4.95e+02,  1.03e+02)
95      0.284   4.71e-01   7.29e-01   4.96e-01   2.35e+01   0.00e+00 (  3.57e+02,  8.68e+01)
31 e: 3.012e-02 i: 1.933e-02 :: e: 1.299e-01 i: 1.492e-01 :: n: 3.012e+01 e:25.179 i:26.889 v:4.993e+03
>>> tau_he = 5.000000, nhe(0)=3.700393e+00
 5     -0.007   8.82e-03   9.77e-01   4.76e-03  -3.41e-02   0.00e+00 (  3.04e+00,  5.41e+01)
10     -0.003   1.29e-02  -3.60e-03   1.22e-03  -1.84e-02   0.00e+00 (  9.56e+00,  1.07e+02)
15     -0.043   9.04e-02  -6.08e-02   9.29e-03  -3.20e-01   0.00e+00 (  7.29e+01,  1.50e+02)
20     -0.006   1.40e-01   4.30e-02  -4.01e-02  -5.24e-02   0.00e+00 (  1.11e+02,  1.86e+02)
25      0.063   1.82e-01   1.11e-01  -2.59e-02   6.20e-01   0.00e+00 (  1.41e+02,  2.13e+02)
30      0.050   1.97e-01   1.35e-01   4.37e-03   5.40e-01   0.00e+00 (  1.44e+02,  2.29e+02)
35      0.102   3.00e-01   2.67e-01   8.05e-02   1.20e+00   0.00e+00 (  2.01e+02,  2.35e+02)
40      0.089   3.05e-01   3.05e-01   7.70e-02   1.12e+00   0.00e+00 (  1.90e+02,  2.35e+02)
45      0.100   3.45e-01   3.69e-01   1.06e-01   1.34e+00   0.00e+00 (  1.92e+02,  2.30e+02)
50      0.108   3.91e-01   4.50e-01   2.09e-01   1.52e+00   0.00e+00 (  1.89e+02,  2.21e+02)
55      0.112   4.31e-01   5.27e-01   2.79e-01   1.64e+00   0.00e+00 (  1.81e+02,  2.10e+02)
60      0.084   4.15e-01   4.71e-01   2.85e-01   1.26e+00   0.00e+00 (  1.52e+02,  1.96e+02)
65      0.075   4.22e-01   4.58e-01   3.15e-01   1.16e+00   0.00e+00 (  1.31e+02,  1.81e+02)
70      0.099   4.69e-01   5.40e-01   4.22e-01   1.57e+00   0.00e+00 (  1.24e+02,  1.67e+02)
75      0.092   4.53e-01   5.02e-01   4.37e-01   1.49e+00   0.00e+00 (  1.04e+02,  1.52e+02)
80      0.096   3.83e-01   4.57e-01   3.92e-01   1.65e+00   0.00e+00 (  7.20e+01,  1.36e+02)
85      0.216   5.36e-01   7.13e-01   4.55e-01   4.68e+00   0.00e+00 (  6.36e+01,  1.20e+02)
90      0.785   1.83e+00   2.44e+00   1.35e+00   3.44e+01   0.00e+00 (  5.32e+02,  1.03e+02)
95      0.284   4.71e-01   7.29e-01   4.96e-01   2.35e+01   0.00e+00 (  3.57e+02,  8.68e+01)
32 e: 4.843e-02 i: 1.546e-02 :: e: 9.869e-02 i: 1.246e-01 :: n: 3.012e+01 e:20.754 i:30.299 v:4.993e+03
>>> tau_he = 5.000000, nhe(0)=3.947434e+00
 5     -0.007   1.12e-02   1.12e+00   2.94e-03  -3.35e-02   0.00e+00 (  3.31e+00,  5.41e+01)
10     -0.003   1.42e-02   3.21e-03   1.48e-03  -2.05e-02   0.00e+00 (  9.10e+00,  1.07e+02)
15     -0.018   7.23e-02  -2.88e-02   1.87e-02  -1.33e-01   0.00e+00 (  5.00e+01,  1.50e+02)
20      0.028   1.24e-01   3.98e-03   1.24e-02   2.45e-01   0.00e+00 (  8.31e+01,  1.86e+02)
25      0.061   1.60e-01   4.64e-02   9.25e-04   5.95e-01   0.00e+00 (  1.05e+02,  2.13e+02)
30      0.047   1.82e-01   6.98e-02   7.46e-03   5.09e-01   0.00e+00 (  1.11e+02,  2.29e+02)
35      0.044   1.90e-01   7.26e-02   1.98e-02   5.17e-01   0.00e+00 (  1.02e+02,  2.35e+02)
40      0.042   2.06e-01   7.32e-02   2.87e-02   5.33e-01   0.00e+00 (  1.01e+02,  2.35e+02)
45      0.047   2.20e-01   1.00e-01   3.70e-02   6.25e-01   0.00e+00 (  9.36e+01,  2.30e+02)
50      0.054   2.26e-01   1.24e-01   1.08e-01   7.51e-01   0.00e+00 (  8.14e+01,  2.21e+02)
55      0.065   2.37e-01   1.73e-01   1.18e-01   9.54e-01   0.00e+00 (  7.23e+01,  2.10e+02)
60      0.092   2.63e-01   2.49e-01   1.68e-01   1.38e+00   0.00e+00 (  6.84e+01,  1.96e+02)
65      0.135   3.11e-01   3.80e-01   2.69e-01   2.09e+00   0.00e+00 (  6.69e+01,  1.81e+02)
70      0.147   3.18e-01   4.30e-01   3.40e-01   2.34e+00   0.00e+00 (  5.60e+01,  1.67e+02)
75      0.171   3.52e-01   5.32e-01   4.46e-01   2.78e+00   0.00e+00 (  5.19e+01,  1.52e+02)
80      0.188   3.91e-01   6.04e-01   5.18e-01   3.23e+00   0.00e+00 (  4.51e+01,  1.36e+02)
85      0.257   7.75e-01   8.11e-01   5.79e-01   5.56e+00   0.00e+00 (  5.24e+01,  1.20e+02)
90      0.784   1.85e+00   2.41e+00   1.38e+00   3.44e+01   0.00e+00 (  4.94e+02,  1.03e+02)
95      0.284   4.71e-01   7.29e-01   4.96e-01   2.35e+01   0.00e+00 (  3.57e+02,  8.68e+01)
33 e: 3.386e-02 i: 2.200e-02 :: e: 1.378e-01 i: 1.608e-01 :: n: 3.012e+01 e:25.306 i:26.740 v:4.993e+03
>>> tau_he = 5.000000, nhe(0)=3.688129e+00
 5     -0.007   8.74e-03   9.73e-01   4.80e-03  -3.38e-02   0.00e+00 (  3.02e+00,  5.41e+01)
10     -0.003   1.26e-02  -3.62e-03   1.21e-03  -1.82e-02   0.00e+00 (  9.41e+00,  1.07e+02)
15     -0.043   9.20e-02  -5.99e-02   1.02e-02  -3.22e-01   0.00e+00 (  7.44e+01,  1.50e+02)
20     -0.007   1.40e-01   4.45e-02  -4.13e-02  -6.15e-02   0.00e+00 (  1.12e+02,  1.86e+02)
25      0.126   2.87e-01   2.72e-01   4.07e-02   1.23e+00   0.00e+00 (  2.24e+02,  2.13e+02)
30      0.122   3.06e-01   2.62e-01   4.08e-02   1.32e+00   0.00e+00 (  2.27e+02,  2.29e+02)
35      0.102   3.01e-01   2.72e-01   8.28e-02   1.20e+00   0.00e+00 (  2.03e+02,  2.35e+02)
40      0.089   3.06e-01   3.11e-01   7.79e-02   1.13e+00   0.00e+00 (  1.91e+02,  2.35e+02)
45      0.101   3.47e-01   3.77e-01   1.08e-01   1.35e+00   0.00e+00 (  1.94e+02,  2.30e+02)
50      0.108   3.94e-01   4.60e-01   2.13e-01   1.52e+00   0.00e+00 (  1.91e+02,  2.21e+02)
55      0.112   4.35e-01   5.35e-01   2.83e-01   1.63e+00   0.00e+00 (  1.83e+02,  2.10e+02)
60      0.082   4.19e-01   4.76e-01   2.88e-01   1.23e+00   0.00e+00 (  1.55e+02,  1.96e+02)
65      0.073   4.28e-01   4.62e-01   3.19e-01   1.13e+00   0.00e+00 (  1.34e+02,  1.81e+02)
70      0.095   4.74e-01   5.39e-01   4.22e-01   1.52e+00   0.00e+00 (  1.26e+02,  1.67e+02)
75      0.088   4.58e-01   4.97e-01   4.34e-01   1.43e+00   0.00e+00 (  1.06e+02,  1.52e+02)
80      0.093   3.86e-01   4.50e-01   3.87e-01   1.60e+00   0.00e+00 (  7.30e+01,  1.36e+02)
85      0.215   5.36e-01   7.10e-01   4.50e-01   4.66e+00   0.00e+00 (  6.41e+01,  1.20e+02)
90      0.786   1.83e+00   2.45e+00   1.35e+00   3.44e+01   0.00e+00 (  5.33e+02,  1.03e+02)
95      0.284   4.71e-01   7.29e-01   4.96e-01   2.35e+01   0.00e+00 (  3.57e+02,  8.68e+01)
34 e: 5.691e-02 i: 1.743e-02 :: e: 1.262e-01 i: 1.565e-01 :: n: 3.012e+01 e:20.536 i:30.180 v:4.993e+03
>>> tau_he = 5.000000, nhe(0)=3.939358e+00
 5     -0.007   1.11e-02   1.09e+00   2.92e-03  -3.34e-02   0.00e+00 (  3.26e+00,  5.41e+01)
10     -0.003   1.43e-02   2.96e-03   1.42e-03  -2.08e-02   0.00e+00 (  9.16e+00,  1.07e+02)
15     -0.016   7.45e-02  -4.54e-02   1.61e-02  -1.23e-01   0.00e+00 (  5.13e+01,  1.50e+02)
20      0.028   1.21e-01   3.78e-03   1.23e-02   2.41e-01   0.00e+00 (  8.10e+01,  1.86e+02)
25      0.052   1.69e-01   5.33e-02   1.42e-03   5.13e-01   0.00e+00 (  1.07e+02,  2.13e+02)
30      0.041   1.80e-01   6.37e-02   5.67e-03   4.47e-01   0.00e+00 (  1.06e+02,  2.29e+02)
35      0.043   1.88e-01   6.93e-02   1.89e-02   5.10e-01   0.00e+00 (  9.98e+01,  2.35e+02)
40      0.042   2.04e-01   7.00e-02   2.72e-02   5.24e-01   0.00e+00 (  9.87e+01,  2.35e+02)
45      0.046   2.17e-01   9.55e-02   3.51e-02   6.13e-01   0.00e+00 (  9.14e+01,  2.30e+02)
50      0.052   2.21e-01   1.18e-01   1.06e-01   7.33e-01   0.00e+00 (  7.89e+01,  2.21e+02)
55      0.064   2.32e-01   1.66e-01   1.15e-01   9.38e-01   0.00e+00 (  6.98e+01,  2.10e+02)
60      0.091   2.57e-01   2.42e-01   1.64e-01   1.37e+00   0.00e+00 (  6.60e+01,  1.96e+02)
65      0.134   3.06e-01   3.72e-01   2.64e-01   2.08e+00   0.00e+00 (  6.46e+01,  1.81e+02)
70      0.148   3.15e-01   4.25e-01   3.37e-01   2.35e+00   0.00e+00 (  5.43e+01,  1.67e+02)
75      0.173   3.51e-01   5.31e-01   4.46e-01   2.81e+00   0.00e+00 (  5.07e+01,  1.52e+02)
80      0.191   3.97e-01   6.07e-01   5.20e-01   3.28e+00   0.00e+00 (  4.45e+01,  1.36e+02)
85      0.258   7.94e-01   8.13e-01   5.81e-01   5.59e+00   0.00e+00 (  5.19e+01,  1.20e+02)
90      0.784   1.85e+00   2.41e+00   1.38e+00   3.44e+01   0.00e+00 (  4.93e+02,  1.03e+02)
95      0.284   4.71e-01   7.29e-01   4.96e-01   2.35e+01   0.00e+00 (  3.57e+02,  8.68e+01)
35 e: 3.770e-02 i: 2.567e-02 :: e: 1.470e-01 i: 1.701e-01 :: n: 3.012e+01 e:25.304 i:26.362 v:4.993e+03
>>> tau_he = 5.000000, nhe(0)=3.656495e+00
 5     -0.007   8.46e-03   9.37e-01   4.83e-03  -3.31e-02   0.00e+00 (  2.93e+00,  5.41e+01)
10     -0.002   1.36e-02  -3.44e-03   1.92e-03  -1.47e-02   0.00e+00 (  1.02e+01,  1.07e+02)
15     -0.043   9.38e-02  -5.68e-02   1.24e-02  -3.21e-01   0.00e+00 (  7.59e+01,  1.50e+02)
20     -0.006   1.38e-01   4.61e-02  -4.23e-02  -5.44e-02   0.00e+00 (  1.10e+02,  1.86e+02)
25      0.053   1.71e-01   1.05e-01  -1.60e-02   5.23e-01   0.00e+00 (  1.30e+02,  2.13e+02)
30      0.047   1.96e-01   1.36e-01   3.33e-03   5.12e-01   0.00e+00 (  1.42e+02,  2.29e+02)
35      0.100   3.03e-01   2.76e-01   8.30e-02   1.18e+00   0.00e+00 (  2.04e+02,  2.35e+02)
40      0.091   3.09e-01   3.18e-01   7.90e-02   1.14e+00   0.00e+00 (  1.94e+02,  2.35e+02)
45      0.102   3.50e-01   3.87e-01   1.12e-01   1.36e+00   0.00e+00 (  1.97e+02,  2.30e+02)
50      0.109   3.98e-01   4.73e-01   2.18e-01   1.53e+00   0.00e+00 (  1.95e+02,  2.21e+02)
55      0.111   4.40e-01   5.47e-01   2.89e-01   1.62e+00   0.00e+00 (  1.87e+02,  2.10e+02)
60      0.075   4.17e-01   4.91e-01   2.82e-01   1.14e+00   0.00e+00 (  1.56e+02,  1.96e+02)
65      0.071   4.35e-01   4.69e-01   3.23e-01   1.10e+00   0.00e+00 (  1.38e+02,  1.81e+02)
70      0.092   4.81e-01   5.40e-01   4.24e-01   1.46e+00   0.00e+00 (  1.29e+02,  1.67e+02)
75      0.084   4.64e-01   4.93e-01   4.33e-01   1.37e+00   0.00e+00 (  1.09e+02,  1.52e+02)
80      0.090   3.92e-01   4.44e-01   3.81e-01   1.55e+00   0.00e+00 (  7.48e+01,  1.36e+02)
85      0.208   5.21e-01   6.92e-01   4.33e-01   4.51e+00   0.00e+00 (  6.28e+01,  1.20e+02)
90      0.786   1.83e+00   2.45e+00   1.35e+00   3.44e+01   0.00e+00 (  5.34e+02,  1.03e+02)
95      0.284   4.71e-01   7.29e-01   4.96e-01   2.35e+01   0.00e+00 (  3.57e+02,  8.68e+01)
36 e: 6.482e-02 i: 1.957e-02 :: e: 1.137e-01 i: 1.373e-01 :: n: 3.012e+01 e:20.308 i:30.194 v:4.993e+03
>>> tau_he = 5.000000, nhe(0)=3.939644e+00
 5     -0.007   1.11e-02   1.10e+00   2.85e-03  -3.27e-02   0.00e+00 (  3.22e+00,  5.41e+01)
10     -0.003   1.24e-02   3.16e-03   1.27e-03  -1.96e-02   0.00e+00 (  7.82e+00,  1.07e+02)
15     -0.016   7.06e-02  -2.72e-02   1.85e-02  -1.23e-01   0.00e+00 (  4.79e+01,  1.50e+02)
20      0.027   1.19e-01   2.70e-03   1.25e-02   2.36e-01   0.00e+00 (  7.86e+01,  1.86e+02)
25      0.052   1.67e-01   5.19e-02   1.76e-03   5.10e-01   0.00e+00 (  1.05e+02,  2.13e+02)
30      0.041   1.78e-01   6.26e-02   5.63e-03   4.45e-01   0.00e+00 (  1.04e+02,  2.29e+02)
35      0.041   1.86e-01   6.60e-02   1.69e-02   4.81e-01   0.00e+00 (  9.78e+01,  2.35e+02)
40      0.040   2.00e-01   6.54e-02   2.50e-02   5.10e-01   0.00e+00 (  9.52e+01,  2.35e+02)
45      0.044   2.11e-01   9.01e-02   3.30e-02   5.91e-01   0.00e+00 (  8.75e+01,  2.30e+02)
50      0.050   2.16e-01   1.11e-01   1.02e-01   7.07e-01   0.00e+00 (  7.56e+01,  2.21e+02)
55      0.063   2.26e-01   1.57e-01   1.12e-01   9.14e-01   0.00e+00 (  6.68e+01,  2.10e+02)
60      0.089   2.51e-01   2.33e-01   1.58e-01   1.35e+00   0.00e+00 (  6.32e+01,  1.96e+02)
65      0.133   2.99e-01   3.62e-01   2.57e-01   2.06e+00   0.00e+00 (  6.19e+01,  1.81e+02)
70      0.148   3.10e-01   4.18e-01   3.32e-01   2.35e+00   0.00e+00 (  5.23e+01,  1.67e+02)
75      0.174   3.50e-01   5.28e-01   4.43e-01   2.83e+00   0.00e+00 (  4.92e+01,  1.52e+02)
80      0.193   4.04e-01   6.08e-01   5.22e-01   3.31e+00   0.00e+00 (  4.38e+01,  1.36e+02)
85      0.259   8.16e-01   8.14e-01   5.84e-01   5.62e+00   0.00e+00 (  5.14e+01,  1.20e+02)
90      0.784   1.85e+00   2.41e+00   1.38e+00   3.44e+01   0.00e+00 (  4.91e+02,  1.03e+02)
95      0.284   4.71e-01   7.29e-01   4.96e-01   2.35e+01   0.00e+00 (  3.57e+02,  8.68e+01)
37 e: 4.260e-02 i: 2.927e-02 :: e: 1.581e-01 i: 1.834e-01 :: n: 3.012e+01 e:25.446 i:26.181 v:4.993e+03
>>> tau_he = 5.000000, nhe(0)=3.641064e+00
 5     -0.007   8.36e-03   9.35e-01   4.88e-03  -3.27e-02   0.00e+00 (  2.90e+00,  5.41e+01)
10     -0.002   1.33e-02  -3.42e-03   1.91e-03  -1.45e-02   0.00e+00 (  9.98e+00,  1.07e+02)
15     -0.043   9.50e-02  -5.55e-02   1.33e-02  -3.24e-01   0.00e+00 (  7.71e+01,  1.50e+02)
20     -0.009   1.39e-01   4.79e-02  -4.46e-02  -7.67e-02   0.00e+00 (  1.11e+02,  1.86e+02)
25      0.060   1.75e-01   1.12e-01  -1.26e-02   5.93e-01   0.00e+00 (  1.35e+02,  2.13e+02)
30      0.119   3.05e-01   2.65e-01   4.38e-02   1.29e+00   0.00e+00 (  2.25e+02,  2.29e+02)
35      0.101   3.03e-01   2.81e-01   8.58e-02   1.18e+00   0.00e+00 (  2.06e+02,  2.35e+02)
40      0.091   3.09e-01   3.25e-01   7.99e-02   1.14e+00   0.00e+00 (  1.95e+02,  2.35e+02)
45      0.102   3.46e-01   3.96e-01   1.16e-01   1.36e+00   0.00e+00 (  1.95e+02,  2.30e+02)
50      0.108   4.01e-01   4.83e-01   2.23e-01   1.52e+00   0.00e+00 (  1.98e+02,  2.21e+02)
55      0.109   4.43e-01   5.56e-01   2.94e-01   1.60e+00   0.00e+00 (  1.90e+02,  2.10e+02)
60      0.072   4.22e-01   4.95e-01   2.88e-01   1.09e+00   0.00e+00 (  1.59e+02,  1.96e+02)
65      0.068   4.41e-01   4.72e-01   3.26e-01   1.05e+00   0.00e+00 (  1.41e+02,  1.81e+02)
70      0.088   4.85e-01   5.36e-01   4.23e-01   1.40e+00   0.00e+00 (  1.31e+02,  1.67e+02)
75      0.079   4.72e-01   4.83e-01   4.26e-01   1.29e+00   0.00e+00 (  1.11e+02,  1.52e+02)
80      0.083   3.84e-01   4.19e-01   3.57e-01   1.43e+00   0.00e+00 (  7.37e+01,  1.36e+02)
85      0.202   5.08e-01   6.76e-01   4.15e-01   4.37e+00   0.00e+00 (  6.17e+01,  1.20e+02)
90      0.786   1.83e+00   2.45e+00   1.35e+00   3.44e+01   0.00e+00 (  5.35e+02,  1.03e+02)
95      0.284   4.71e-01   7.29e-01   4.96e-01   2.35e+01   0.00e+00 (  3.57e+02,  8.68e+01)
38 e: 7.563e-02 i: 2.204e-02 :: e: 1.276e-01 i: 1.598e-01 :: n: 3.012e+01 e:20.094 i:30.232 v:4.993e+03
>>> tau_he = 5.000000, nhe(0)=3.941800e+00
 5     -0.007   1.11e-02   1.10e+00   2.80e-03  -3.25e-02   0.00e+00 (  3.21e+00,  5.41e+01)
10     -0.003   1.26e-02   3.12e-03   1.25e-03  -1.96e-02   0.00e+00 (  7.90e+00,  1.07e+02)
15     -0.016   7.40e-02  -2.69e-02   1.85e-02  -1.21e-01   0.00e+00 (  4.99e+01,  1.50e+02)
20      0.026   1.18e-01   2.37e-03   1.24e-02   2.30e-01   0.00e+00 (  7.79e+01,  1.86e+02)
25      0.051   1.65e-01   5.00e-02   2.10e-03   4.98e-01   0.00e+00 (  1.03e+02,  2.13e+02)
30      0.036   1.74e-01   5.76e-02   4.48e-03   3.94e-01   0.00e+00 (  9.97e+01,  2.29e+02)
35      0.045   1.86e-01   5.20e-02   1.42e-02   5.28e-01   0.00e+00 (  9.61e+01,  2.35e+02)
40      0.042   2.02e-01   7.07e-02   2.38e-02   5.34e-01   0.00e+00 (  9.50e+01,  2.35e+02)
45      0.043   2.07e-01   8.42e-02   2.89e-02   5.71e-01   0.00e+00 (  8.45e+01,  2.30e+02)
50      0.049   2.10e-01   1.03e-01   9.85e-02   6.81e-01   0.00e+00 (  7.23e+01,  2.21e+02)
55      0.061   2.19e-01   1.49e-01   1.08e-01   8.90e-01   0.00e+00 (  6.35e+01,  2.10e+02)
60      0.088   2.43e-01   2.24e-01   1.52e-01   1.32e+00   0.00e+00 (  6.00e+01,  1.96e+02)
65      0.131   2.92e-01   3.50e-01   2.50e-01   2.04e+00   0.00e+00 (  5.88e+01,  1.81e+02)
70      0.148   3.05e-01   4.10e-01   3.27e-01   2.34e+00   0.00e+00 (  5.00e+01,  1.67e+02)
75      0.175   3.50e-01   5.24e-01   4.40e-01   2.85e+00   0.00e+00 (  4.75e+01,  1.52e+02)
80      0.195   4.10e-01   6.09e-01   5.23e-01   3.36e+00   0.00e+00 (  4.29e+01,  1.36e+02)
85      0.260   8.43e-01   8.15e-01   5.86e-01   5.64e+00   0.00e+00 (  5.08e+01,  1.20e+02)
90      0.784   1.85e+00   2.41e+00   1.38e+00   3.44e+01   0.00e+00 (  4.90e+02,  1.03e+02)
95      0.284   4.71e-01   7.29e-01   4.96e-01   2.35e+01   0.00e+00 (  3.57e+02,  8.68e+01)
39 e: 4.793e-02 i: 3.407e-02 :: e: 1.690e-01 i: 1.972e-01 :: n: 3.012e+01 e:25.559 i:25.934 v:4.993e+03
>>> tau_he = 5.000000, nhe(0)=3.619756e+00
 5     -0.007   8.20e-03   9.21e-01   4.94e-03  -3.23e-02   0.00e+00 (  2.86e+00,  5.41e+01)
10     -0.002   1.32e-02  -3.46e-03   1.90e-03  -1.45e-02   0.00e+00 (  9.91e+00,  1.07e+02)
15     -0.044   9.74e-02  -5.06e-02   1.19e-02  -3.28e-01   0.00e+00 (  7.94e+01,  1.50e+02)
20     -0.011   1.39e-01   5.06e-02  -4.62e-02  -9.15e-02   0.00e+00 (  1.12e+02,  1.86e+02)
25      0.060   1.75e-01   1.15e-01  -2.34e-02   5.87e-01   0.00e+00 (  1.36e+02,  2.13e+02)
30      0.119   3.02e-01   2.64e-01   4.51e-02   1.29e+00   0.00e+00 (  2.21e+02,  2.29e+02)
35      0.102   3.03e-01   2.88e-01   8.84e-02   1.20e+00   0.00e+00 (  2.06e+02,  2.35e+02)
40      0.091   3.11e-01   3.33e-01   8.10e-02   1.15e+00   0.00e+00 (  1.97e+02,  2.35e+02)
45      0.103   3.50e-01   4.08e-01   1.21e-01   1.37e+00   0.00e+00 (  1.99e+02,  2.30e+02)
50      0.108   4.06e-01   4.97e-01   2.28e-01   1.52e+00   0.00e+00 (  2.01e+02,  2.21e+02)
55      0.108   4.48e-01   5.67e-01   2.98e-01   1.58e+00   0.00e+00 (  1.93e+02,  2.10e+02)
60      0.069   4.29e-01   5.03e-01   2.91e-01   1.05e+00   0.00e+00 (  1.63e+02,  1.96e+02)
65      0.065   4.48e-01   4.76e-01   3.30e-01   1.00e+00   0.00e+00 (  1.44e+02,  1.81e+02)
70      0.083   4.91e-01   5.31e-01   4.23e-01   1.32e+00   0.00e+00 (  1.34e+02,  1.67e+02)
75      0.074   4.77e-01   4.73e-01   4.22e-01   1.21e+00   0.00e+00 (  1.13e+02,  1.52e+02)
80      0.079   3.88e-01   4.10e-01   3.50e-01   1.36e+00   0.00e+00 (  7.49e+01,  1.36e+02)
85      0.201   5.08e-01   6.75e-01   4.09e-01   4.36e+00   0.00e+00 (  6.23e+01,  1.20e+02)
90      0.786   1.84e+00   2.45e+00   1.34e+00   3.45e+01   0.00e+00 (  5.37e+02,  1.03e+02)
95      0.284   4.71e-01   7.29e-01   4.96e-01   2.35e+01   0.00e+00 (  3.57e+02,  8.68e+01)
40 e: 8.840e-02 i: 2.494e-02 :: e: 1.319e-01 i: 1.663e-01 :: n: 3.012e+01 e:19.844 i:30.249 v:4.993e+03
>>> tau_he = 5.000000, nhe(0)=3.942399e+00
 5     -0.007   1.12e-02   1.10e+00   2.75e-03  -3.21e-02   0.00e+00 (  3.18e+00,  5.41e+01)
10     -0.004   1.90e-02   2.59e-03   1.90e-03  -2.77e-02   0.00e+00 (  1.19e+01,  1.07e+02)
15     -0.015   7.32e-02  -2.61e-02   1.83e-02  -1.15e-01   0.00e+00 (  4.89e+01,  1.50e+02)
20      0.026   1.17e-01   1.88e-03   1.23e-02   2.24e-01   0.00e+00 (  7.64e+01,  1.86e+02)
25      0.050   1.63e-01   4.75e-02   2.51e-03   4.86e-01   0.00e+00 (  1.01e+02,  2.13e+02)
30      0.035   1.70e-01   5.25e-02   4.20e-03   3.84e-01   0.00e+00 (  9.52e+01,  2.29e+02)
35      0.044   1.83e-01   4.71e-02   1.44e-02   5.18e-01   0.00e+00 (  9.31e+01,  2.35e+02)
40      0.041   1.98e-01   6.54e-02   2.33e-02   5.16e-01   0.00e+00 (  9.17e+01,  2.35e+02)
45      0.041   2.02e-01   7.77e-02   2.68e-02   5.52e-01   0.00e+00 (  8.12e+01,  2.30e+02)
50      0.047   2.04e-01   9.54e-02   9.41e-02   6.52e-01   0.00e+00 (  6.88e+01,  2.21e+02)
55      0.059   2.12e-01   1.40e-01   1.04e-01   8.64e-01   0.00e+00 (  6.01e+01,  2.10e+02)
60      0.086   2.35e-01   2.14e-01   1.47e-01   1.29e+00   0.00e+00 (  5.67e+01,  1.96e+02)
65      0.130   2.84e-01   3.39e-01   2.43e-01   2.02e+00   0.00e+00 (  5.57e+01,  1.81e+02)
70      0.147   3.00e-01   4.02e-01   3.21e-01   2.34e+00   0.00e+00 (  4.77e+01,  1.67e+02)
75      0.176   3.50e-01   5.20e-01   4.38e-01   2.87e+00   0.00e+00 (  4.59e+01,  1.52e+02)
80      0.197   4.17e-01   6.08e-01   5.21e-01   3.39e+00   0.00e+00 (  4.18e+01,  1.36e+02)
85      0.262   8.75e-01   8.16e-01   5.88e-01   5.67e+00   0.00e+00 (  5.00e+01,  1.20e+02)
90      0.784   1.85e+00   2.41e+00   1.38e+00   3.43e+01   0.00e+00 (  4.88e+02,  1.03e+02)
95      0.284   4.71e-01   7.29e-01   4.96e-01   2.35e+01   0.00e+00 (  3.57e+02,  8.68e+01)
41 e: 5.404e-02 i: 3.976e-02 :: e: 1.839e-01 i: 2.120e-01 :: n: 3.012e+01 e:25.673 i:25.658 v:4.993e+03
>>> tau_he = 5.000000, nhe(0)=3.595514e+00
 5     -0.006   8.03e-03   9.07e-01   5.00e-03  -3.20e-02   0.00e+00 (  2.82e+00,  5.41e+01)
10     -0.002   1.42e-02  -4.25e-03   2.48e-03  -1.33e-02   0.00e+00 (  1.07e+01,  1.07e+02)
15     -0.045   9.77e-02  -4.94e-02   1.13e-02  -3.36e-01   0.00e+00 (  7.98e+01,  1.50e+02)
20     -0.012   1.38e-01   5.33e-02  -4.78e-02  -1.06e-01   0.00e+00 (  1.13e+02,  1.86e+02)
25      0.126   2.78e-01   2.73e-01   4.91e-02   1.24e+00   0.00e+00 (  2.17e+02,  2.13e+02)
30      0.118   3.00e-01   2.66e-01   4.78e-02   1.28e+00   0.00e+00 (  2.19e+02,  2.29e+02)
35      0.102   3.03e-01   2.94e-01   9.14e-02   1.20e+00   0.00e+00 (  2.07e+02,  2.35e+02)
40      0.092   3.12e-01   3.43e-01   8.21e-02   1.16e+00   0.00e+00 (  1.99e+02,  2.35e+02)
45      0.103   3.53e-01   4.21e-01   1.27e-01   1.38e+00   0.00e+00 (  2.02e+02,  2.30e+02)
50      0.108   4.10e-01   5.11e-01   2.34e-01   1.51e+00   0.00e+00 (  2.05e+02,  2.21e+02)
55      0.106   4.53e-01   5.79e-01   3.04e-01   1.55e+00   0.00e+00 (  1.97e+02,  2.10e+02)
60      0.065   4.37e-01   5.10e-01   2.98e-01   9.84e-01   0.00e+00 (  1.67e+02,  1.96e+02)
65      0.061   4.56e-01   4.80e-01   3.34e-01   9.43e-01   0.00e+00 (  1.48e+02,  1.81e+02)
70      0.078   4.99e-01   5.26e-01   4.22e-01   1.24e+00   0.00e+00 (  1.38e+02,  1.67e+02)
75      0.069   4.84e-01   4.63e-01   4.17e-01   1.12e+00   0.00e+00 (  1.16e+02,  1.52e+02)
80      0.076   3.92e-01   3.99e-01   3.41e-01   1.30e+00   0.00e+00 (  7.62e+01,  1.36e+02)
85      0.202   5.14e-01   6.76e-01   4.07e-01   4.39e+00   0.00e+00 (  6.34e+01,  1.20e+02)
90      0.786   1.84e+00   2.45e+00   1.34e+00   3.45e+01   0.00e+00 (  5.38e+02,  1.03e+02)
95      0.284   4.71e-01   7.29e-01   4.96e-01   2.35e+01   0.00e+00 (  3.57e+02,  8.68e+01)
42 e: 1.046e-01 i: 2.822e-02 :: e: 1.471e-01 i: 1.864e-01 :: n: 3.012e+01 e:19.536 i:30.133 v:4.993e+03
>>> tau_he = 5.000000, nhe(0)=3.934365e+00
 5     -0.006   1.10e-02   1.08e+00   2.71e-03  -3.18e-02   0.00e+00 (  3.13e+00,  5.41e+01)
10     -0.004   1.96e-02   2.38e-03   1.78e-03  -2.75e-02   0.00e+00 (  1.21e+01,  1.07e+02)
15     -0.013   7.42e-02  -4.10e-02   1.54e-02  -1.02e-01   0.00e+00 (  4.91e+01,  1.50e+02)
20      0.025   1.13e-01   1.33e-03   1.23e-02   2.16e-01   0.00e+00 (  7.34e+01,  1.86e+02)
25      0.044   1.56e-01   3.87e-02   3.24e-03   4.31e-01   0.00e+00 (  9.37e+01,  2.13e+02)
30      0.040   1.63e-01   4.32e-02   5.66e-03   4.32e-01   0.00e+00 (  8.91e+01,  2.29e+02)
35      0.043   1.79e-01   4.30e-02   1.30e-02   5.02e-01   0.00e+00 (  8.96e+01,  2.35e+02)
40      0.039   1.94e-01   6.02e-02   2.11e-02   4.98e-01   0.00e+00 (  8.81e+01,  2.35e+02)
45      0.039   1.97e-01   7.11e-02   2.01e-02   5.28e-01   0.00e+00 (  7.76e+01,  2.30e+02)
50      0.045   1.98e-01   8.79e-02   8.97e-02   6.26e-01   0.00e+00 (  6.54e+01,  2.21e+02)
55      0.057   2.04e-01   1.29e-01   1.06e-01   8.38e-01   0.00e+00 (  5.65e+01,  2.10e+02)
60      0.084   2.26e-01   2.04e-01   1.41e-01   1.26e+00   0.00e+00 (  5.31e+01,  1.96e+02)
65      0.128   2.75e-01   3.26e-01   2.35e-01   1.99e+00   0.00e+00 (  5.24e+01,  1.81e+02)
70      0.147   2.95e-01   3.94e-01   3.16e-01   2.34e+00   0.00e+00 (  4.54e+01,  1.67e+02)
75      0.178   3.52e-01   5.16e-01   4.35e-01   2.89e+00   0.00e+00 (  4.43e+01,  1.52e+02)
80      0.200   4.28e-01   6.09e-01   5.22e-01   3.44e+00   0.00e+00 (  4.08e+01,  1.36e+02)
85      0.263   9.15e-01   8.15e-01   5.89e-01   5.70e+00   0.00e+00 (  4.92e+01,  1.20e+02)
90      0.784   1.86e+00   2.41e+00   1.38e+00   3.43e+01   0.00e+00 (  4.86e+02,  1.03e+02)
95      0.284   4.71e-01   7.29e-01   4.96e-01   2.35e+01   0.00e+00 (  3.57e+02,  8.68e+01)
43 e: 6.083e-02 i: 4.684e-02 :: e: 2.023e-01 i: 2.288e-01 :: n: 3.012e+01 e:25.714 i:25.230 v:4.993e+03
>>> tau_he = 5.000000, nhe(0)=3.556976e+00
 5     -0.006   7.75e-03   8.75e-01   5.04e-03  -3.13e-02   0.00e+00 (  2.73e+00,  5.41e+01)
10     -0.002   1.37e-02  -3.75e-03   2.53e-03  -1.22e-02   0.00e+00 (  1.03e+01,  1.07e+02)
15     -0.045   9.69e-02  -4.74e-02   1.04e-02  -3.35e-01   0.00e+00 (  7.92e+01,  1.50e+02)
20     -0.012   1.36e-01   5.53e-02  -4.88e-02  -1.03e-01   0.00e+00 (  1.11e+02,  1.86e+02)
25      0.044   1.65e-01   1.13e-01  -1.71e-02   4.34e-01   0.00e+00 (  1.27e+02,  2.13e+02)
30      0.118   2.98e-01   2.67e-01   5.04e-02   1.28e+00   0.00e+00 (  2.16e+02,  2.29e+02)
35      0.103   3.03e-01   3.02e-01   9.46e-02   1.22e+00   0.00e+00 (  2.07e+02,  2.35e+02)
40      0.093   3.13e-01   3.53e-01   8.33e-02   1.17e+00   0.00e+00 (  2.00e+02,  2.35e+02)
45      0.103   3.56e-01   4.36e-01   1.35e-01   1.38e+00   0.00e+00 (  2.05e+02,  2.30e+02)
50      0.108   4.15e-01   5.27e-01   2.42e-01   1.51e+00   0.00e+00 (  2.09e+02,  2.21e+02)
55      0.104   4.58e-01   5.93e-01   3.12e-01   1.52e+00   0.00e+00 (  2.01e+02,  2.10e+02)
60      0.063   4.45e-01   5.17e-01   3.05e-01   9.54e-01   0.00e+00 (  1.72e+02,  1.96e+02)
65      0.056   4.67e-01   4.82e-01   3.39e-01   8.66e-01   0.00e+00 (  1.53e+02,  1.81e+02)
70      0.072   5.07e-01   5.19e-01   4.21e-01   1.14e+00   0.00e+00 (  1.41e+02,  1.67e+02)
75      0.063   4.92e-01   4.51e-01   4.11e-01   1.02e+00   0.00e+00 (  1.19e+02,  1.52e+02)
80      0.072   3.96e-01   3.89e-01   3.32e-01   1.23e+00   0.00e+00 (  7.76e+01,  1.36e+02)
85      0.201   5.14e-01   6.73e-01   3.95e-01   4.35e+00   0.00e+00 (  6.37e+01,  1.20e+02)
90      0.787   1.84e+00   2.45e+00   1.34e+00   3.45e+01   0.00e+00 (  5.40e+02,  1.03e+02)
95      0.284   4.71e-01   7.29e-01   4.96e-01   2.35e+01   0.00e+00 (  3.57e+02,  8.68e+01)
44 e: 1.227e-01 i: 3.210e-02 :: e: 1.457e-01 i: 1.796e-01 :: n: 3.012e+01 e:19.213 i:30.125 v:4.993e+03
>>> tau_he = 5.000000, nhe(0)=3.932997e+00
 5     -0.006   1.10e-02   1.08e+00   2.55e-03  -3.12e-02   0.00e+00 (  3.07e+00,  5.41e+01)
10     -0.004   1.96e-02   2.38e-03   1.66e-03  -2.64e-02   0.00e+00 (  1.19e+01,  1.07e+02)
15     -0.013   7.03e-02  -2.39e-02   1.77e-02  -1.01e-01   0.00e+00 (  4.58e+01,  1.50e+02)
20      0.024   1.09e-01   5.59e-04   1.22e-02   2.10e-01   0.00e+00 (  6.99e+01,  1.86e+02)
25      0.043   1.54e-01   3.71e-02   3.55e-03   4.22e-01   0.00e+00 (  9.15e+01,  2.13e+02)
30      0.038   1.58e-01   3.90e-02   5.33e-03   4.17e-01   0.00e+00 (  8.48e+01,  2.29e+02)
35      0.041   1.74e-01   3.81e-02   1.18e-02   4.80e-01   0.00e+00 (  8.53e+01,  2.35e+02)
40      0.038   1.88e-01   5.40e-02   1.90e-02   4.75e-01   0.00e+00 (  8.37e+01,  2.35e+02)
45      0.038   1.91e-01   6.37e-02   1.92e-02   5.05e-01   0.00e+00 (  7.33e+01,  2.30e+02)
50      0.042   1.90e-01   7.95e-02   8.40e-02   5.94e-01   0.00e+00 (  6.10e+01,  2.21e+02)
55      0.055   1.95e-01   1.19e-01   1.01e-01   8.03e-01   0.00e+00 (  5.23e+01,  2.10e+02)
60      0.081   2.16e-01   1.92e-01   1.34e-01   1.23e+00   0.00e+00 (  4.91e+01,  1.96e+02)
65      0.126   2.66e-01   3.13e-01   2.27e-01   1.96e+00   0.00e+00 (  4.88e+01,  1.81e+02)
70      0.141   2.81e-01   3.65e-01   2.96e-01   2.25e+00   0.00e+00 (  4.13e+01,  1.67e+02)
75      0.179   3.54e-01   5.11e-01   4.31e-01   2.91e+00   0.00e+00 (  4.25e+01,  1.52e+02)
80      0.202   4.43e-01   6.08e-01   5.22e-01   3.48e+00   0.00e+00 (  3.98e+01,  1.36e+02)
85      0.264   9.65e-01   8.14e-01   5.89e-01   5.72e+00   0.00e+00 (  4.81e+01,  1.20e+02)
90      0.783   1.86e+00   2.41e+00   1.38e+00   3.43e+01   0.00e+00 (  4.84e+02,  1.03e+02)
95      0.284   4.71e-01   7.29e-01   4.96e-01   2.35e+01   0.00e+00 (  3.57e+02,  8.68e+01)
45 e: 6.914e-02 i: 5.491e-02 :: e: 2.233e-01 i: 2.516e-01 :: n: 3.012e+01 e:25.865 i:24.909 v:4.993e+03
>>> tau_he = 5.000000, nhe(0)=3.527321e+00
 5     -0.006   7.56e-03   8.63e-01   5.11e-03  -3.07e-02   0.00e+00 (  2.68e+00,  5.41e+01)
10     -0.002   1.32e-02  -3.70e-03   2.47e-03  -1.19e-02   0.00e+00 (  1.00e+01,  1.07e+02)
15     -0.045   9.68e-02  -4.60e-02   9.52e-03  -3.42e-01   0.00e+00 (  7.95e+01,  1.50e+02)
20     -0.013   1.36e-01   5.85e-02  -4.00e-02  -1.17e-01   0.00e+00 (  1.12e+02,  1.86e+02)
25      0.044   1.67e-01   1.17e-01  -3.80e-02   4.28e-01   0.00e+00 (  1.31e+02,  2.13e+02)
30      0.118   2.97e-01   2.73e-01   5.70e-02   1.28e+00   0.00e+00 (  2.16e+02,  2.29e+02)
35      0.104   3.02e-01   3.11e-01   9.84e-02   1.22e+00   0.00e+00 (  2.07e+02,  2.35e+02)
40      0.093   3.14e-01   3.65e-01   8.45e-02   1.17e+00   0.00e+00 (  2.02e+02,  2.35e+02)
45      0.103   3.59e-01   4.52e-01   1.44e-01   1.38e+00   0.00e+00 (  2.08e+02,  2.30e+02)
50      0.106   4.19e-01   5.43e-01   2.49e-01   1.49e+00   0.00e+00 (  2.12e+02,  2.21e+02)
55      0.100   4.64e-01   6.04e-01   3.23e-01   1.46e+00   0.00e+00 (  2.05e+02,  2.10e+02)
60      0.059   4.51e-01   5.23e-01   3.10e-01   8.83e-01   0.00e+00 (  1.76e+02,  1.96e+02)
65      0.050   4.76e-01   4.84e-01   3.42e-01   7.82e-01   0.00e+00 (  1.58e+02,  1.81e+02)
70      0.065   5.20e-01   5.09e-01   4.18e-01   1.02e+00   0.00e+00 (  1.46e+02,  1.67e+02)
75      0.056   4.99e-01   4.35e-01   4.03e-01   9.13e-01   0.00e+00 (  1.22e+02,  1.52e+02)
80      0.068   4.01e-01   3.76e-01   3.21e-01   1.17e+00   0.00e+00 (  7.87e+01,  1.36e+02)
85      0.202   5.21e-01   6.76e-01   3.88e-01   4.38e+00   0.00e+00 (  6.48e+01,  1.20e+02)
90      0.787   1.84e+00   2.46e+00   1.34e+00   3.45e+01   0.00e+00 (  5.41e+02,  1.03e+02)
95      0.284   4.71e-01   7.29e-01   4.96e-01   2.35e+01   0.00e+00 (  3.57e+02,  8.68e+01)
46 e: 1.460e-01 i: 3.681e-02 :: e: 1.513e-01 i: 1.887e-01 :: n: 3.012e+01 e:18.896 i:30.172 v:4.993e+03
>>> tau_he = 5.000000, nhe(0)=3.935467e+00
 5     -0.006   1.10e-02   1.08e+00   2.49e-03  -3.07e-02   0.00e+00 (  3.05e+00,  5.41e+01)
10     -0.004   2.03e-02   2.38e-03   1.59e-03  -2.60e-02   0.00e+00 (  1.22e+01,  1.07e+02)
15     -0.013   6.93e-02  -9.13e-03   1.75e-02  -9.68e-02   0.00e+00 (  4.46e+01,  1.50e+02)
20      0.018   1.07e-01   1.91e-03   1.17e-02   1.56e-01   0.00e+00 (  6.84e+01,  1.86e+02)
25      0.042   1.52e-01   3.54e-02   3.95e-03   4.09e-01   0.00e+00 (  8.96e+01,  2.13e+02)
30      0.042   1.57e-01   2.24e-02   2.70e-03   4.53e-01   0.00e+00 (  8.24e+01,  2.29e+02)
35      0.039   1.69e-01   3.33e-02   1.06e-02   4.55e-01   0.00e+00 (  8.13e+01,  2.35e+02)
40      0.036   1.82e-01   4.77e-02   1.72e-02   4.49e-01   0.00e+00 (  7.93e+01,  2.35e+02)
45      0.035   1.83e-01   5.72e-02   1.82e-02   4.70e-01   0.00e+00 (  6.85e+01,  2.30e+02)
50      0.040   1.82e-01   7.62e-02   8.02e-02   5.65e-01   0.00e+00 (  5.68e+01,  2.21e+02)
55      0.052   1.85e-01   1.08e-01   9.48e-02   7.66e-01   0.00e+00 (  4.81e+01,  2.10e+02)
60      0.079   2.05e-01   1.80e-01   1.27e-01   1.19e+00   0.00e+00 (  4.48e+01,  1.96e+02)
65      0.124   2.55e-01   2.98e-01   2.17e-01   1.92e+00   0.00e+00 (  4.49e+01,  1.81e+02)
70      0.147   2.88e-01   3.83e-01   3.04e-01   2.33e+00   0.00e+00 (  4.05e+01,  1.67e+02)
75      0.180   3.58e-01   5.05e-01   4.27e-01   2.93e+00   0.00e+00 (  4.05e+01,  1.52e+02)
80      0.204   4.60e-01   6.05e-01   5.20e-01   3.51e+00   0.00e+00 (  3.85e+01,  1.36e+02)
85      0.264   1.03e+00   8.10e-01   5.87e-01   5.73e+00   0.00e+00 (  4.69e+01,  1.20e+02)
90      0.783   1.86e+00   2.40e+00   1.38e+00   3.43e+01   0.00e+00 (  4.82e+02,  1.03e+02)
95      0.284   4.71e-01   7.29e-01   4.96e-01   2.35e+01   0.00e+00 (  3.57e+02,  8.68e+01)
47 e: 7.862e-02 i: 6.527e-02 :: e: 2.399e-01 i: 2.661e-01 :: n: 3.012e+01 e:26.042 i:24.574 v:4.993e+03
>>> tau_he = 5.000000, nhe(0)=3.495733e+00
 5     -0.006   7.37e-03   8.49e-01   5.19e-03  -3.01e-02   0.00e+00 (  2.63e+00,  5.41e+01)
10     -0.002   1.28e-02  -3.68e-03   2.43e-03  -1.18e-02   0.00e+00 (  9.74e+00,  1.07e+02)
15     -0.047   9.72e-02  -4.37e-02   8.36e-03  -3.55e-01   0.00e+00 (  8.05e+01,  1.50e+02)
20     -0.016   1.36e-01   6.26e-02  -4.18e-02  -1.36e-01   0.00e+00 (  1.14e+02,  1.86e+02)
25      0.116   2.66e-01   2.77e-01   6.14e-02   1.13e+00   0.00e+00 (  2.12e+02,  2.13e+02)
30      0.120   2.97e-01   2.83e-01   6.57e-02   1.30e+00   0.00e+00 (  2.18e+02,  2.29e+02)
35      0.105   3.02e-01   3.22e-01   1.03e-01   1.23e+00   0.00e+00 (  2.09e+02,  2.35e+02)
40      0.093   3.15e-01   3.79e-01   8.61e-02   1.17e+00   0.00e+00 (  2.04e+02,  2.35e+02)
45      0.103   3.63e-01   4.72e-01   1.56e-01   1.38e+00   0.00e+00 (  2.11e+02,  2.30e+02)
50      0.104   4.24e-01   5.61e-01   2.58e-01   1.46e+00   0.00e+00 (  2.16e+02,  2.21e+02)
55      0.096   4.69e-01   6.18e-01   3.32e-01   1.40e+00   0.00e+00 (  2.09e+02,  2.10e+02)
60      0.051   4.64e-01   5.28e-01   3.12e-01   7.74e-01   0.00e+00 (  1.83e+02,  1.96e+02)
65      0.044   4.87e-01   4.84e-01   3.46e-01   6.79e-01   0.00e+00 (  1.63e+02,  1.81e+02)
70      0.056   5.30e-01   4.94e-01   4.15e-01   8.90e-01   0.00e+00 (  1.50e+02,  1.67e+02)
75      0.052   5.08e-01   4.18e-01   3.99e-01   8.41e-01   0.00e+00 (  1.25e+02,  1.52e+02)
80      0.063   4.14e-01   3.71e-01   3.22e-01   1.09e+00   0.00e+00 (  8.15e+01,  1.36e+02)
85      0.204   5.33e-01   6.82e-01   3.78e-01   4.42e+00   0.00e+00 (  6.62e+01,  1.20e+02)
90      0.788   1.84e+00   2.46e+00   1.33e+00   3.45e+01   0.00e+00 (  5.43e+02,  1.03e+02)
95      0.284   4.71e-01   7.29e-01   4.96e-01   2.35e+01   0.00e+00 (  3.57e+02,  8.68e+01)
48 e: 1.764e-01 i: 4.199e-02 :: e: 1.670e-01 i: 2.093e-01 :: n: 3.012e+01 e:18.515 i:30.097 v:4.993e+03
>>> tau_he = 5.000000, nhe(0)=3.929888e+00
 5     -0.006   1.10e-02   1.07e+00   2.44e-03  -3.03e-02   0.00e+00 (  3.00e+00,  5.41e+01)
10     -0.004   2.05e-02   2.21e-03   1.49e-03  -2.59e-02   0.00e+00 (  1.22e+01,  1.07e+02)
15     -0.012   6.89e-02  -2.23e-02   1.73e-02  -9.22e-02   0.00e+00 (  4.39e+01,  1.50e+02)
20      0.017   1.04e-01   1.43e-03   1.16e-02   1.47e-01   0.00e+00 (  6.54e+01,  1.86e+02)
25      0.038   1.45e-01   2.80e-02   5.80e-03   3.68e-01   0.00e+00 (  8.31e+01,  2.13e+02)
30      0.039   1.51e-01   1.72e-02   2.18e-03   4.22e-01   0.00e+00 (  7.78e+01,  2.29e+02)
35      0.036   1.64e-01   2.85e-02   9.40e-03   4.28e-01   0.00e+00 (  7.72e+01,  2.35e+02)
40      0.033   1.76e-01   4.13e-02   1.55e-02   4.20e-01   0.00e+00 (  7.47e+01,  2.35e+02)
45      0.033   1.75e-01   4.95e-02   1.72e-02   4.38e-01   0.00e+00 (  6.37e+01,  2.30e+02)
50      0.037   1.71e-01   6.71e-02   7.27e-02   5.25e-01   0.00e+00 (  5.17e+01,  2.21e+02)
55      0.050   1.74e-01   9.75e-02   8.85e-02   7.28e-01   0.00e+00 (  4.35e+01,  2.10e+02)
60      0.076   1.93e-01   1.68e-01   1.19e-01   1.15e+00   0.00e+00 (  4.03e+01,  1.96e+02)
65      0.121   2.44e-01   2.83e-01   2.08e-01   1.88e+00   0.00e+00 (  4.09e+01,  1.81e+02)
70      0.146   2.84e-01   3.72e-01   2.96e-01   2.32e+00   0.00e+00 (  3.76e+01,  1.67e+02)
75      0.181   3.64e-01   4.99e-01   4.23e-01   2.95e+00   0.00e+00 (  3.85e+01,  1.52e+02)
80      0.206   4.84e-01   6.01e-01   5.18e-01   3.55e+00   0.00e+00 (  3.70e+01,  1.36e+02)
85      0.264   1.12e+00   8.05e-01   5.85e-01   5.73e+00   0.00e+00 (  4.54e+01,  1.20e+02)
90      0.783   1.87e+00   2.40e+00   1.38e+00   3.43e+01   0.00e+00 (  4.78e+02,  1.03e+02)
95      0.284   4.71e-01   7.29e-01   4.96e-01   2.35e+01   0.00e+00 (  3.57e+02,  8.68e+01)
49 e: 8.935e-02 i: 7.867e-02 :: e: 2.656e-01 i: 2.846e-01 :: n: 3.012e+01 e:26.147 i:24.068 v:4.993e+03
 plasma volume = 149.526160
 stored energy(e,i,b,a) = 7.369416e+01 5.482587e+01 0.000000e+00 0.000000e+00
 betan = 1.452032
*power
 Pnb(e,i) = 0.000000e+00 0.000000e+00
 Prf(e,i) = 9.152689e+00 3.084903e+01
 Prad     = -8.424219e+01 
 Pei      = -3.442428e+01 
 Pfuse    = 7.335994e+01 
 Pfusi    = 1.737398e+01 
 Poh      = 0.000000e+00 
*confinement time
 taut, tauITER98y2, H98y2 : 2.764260e+00 2.320438e+00 1.191267e+00
 taue, taui : -2.038349e+00 1.058450e+00
 taut, tau89, H89 : 2.764260e+00 1.023646e+00 2.700407e+00
*temperature
 nea, nebar : 2.050374e+01 2.350753e+01 
 tea, tia : 8.735233e+00 7.560393e+00 (1.155394e+00)
 te0, ti0 : 2.324530e+01 2.290761e+01 (1.014741e+00)
 Sn : 0.000000e+00 
*current balance
 Ip,Ibs,Inb,Irf: 1.000000e+01 2.287090e+00 0.000000e+00 1.927983e-01
 fni,fbs: 0.248 0.229

 plasma volume = 149.526160
 stored energy(e,i,b,a) = 7.369416e+01 5.482587e+01 0.000000e+00 0.000000e+00
 betan = 1.452032
*power
 Pnb(e,i) = 0.000000e+00 0.000000e+00
 Prf(e,i) = 9.152689e+00 3.084903e+01
 Prad     = -8.424219e+01 
 Pei      = -3.442428e+01 
 Pfuse    = 7.335994e+01 
 Pfusi    = 1.737398e+01 
 Poh      = 0.000000e+00 
*confinement time
 taut, tauITER98y2, H98y2 : 2.764260e+00 2.320438e+00 1.191267e+00
 taue, taui : -2.038349e+00 1.058450e+00
 taut, tau89, H89 : 2.764260e+00 1.023646e+00 2.700407e+00
*temperature
 nea, nebar : 2.050374e+01 2.350753e+01 
 tea, tia : 8.735233e+00 7.560393e+00 (1.155394e+00)
 te0, ti0 : 2.324530e+01 2.290761e+01 (1.014741e+00)
 Sn : 0.000000e+00 
*current balance
 Ip,Ibs,Inb,Irf: 1.000000e+01 2.287090e+00 0.000000e+00 1.927983e-01
 fni,fbs: 0.248 0.229
 ELAPASED TIME = 46 sec

finalize
