NCAPTC: : NetCDF: Variable not found
Warning: ieee_overflow is signaling
Warning: ieee_underflow is signaling
Warning: ieee_inexact is signaling
FORTRAN STOP
 solver
 /global/common/software/atom/perlmutter/data/greentable/
 /global/common/software/atom/perlmutter/data/greentable/

          EFITD Version  07/09/2014


 type mode (2=file, 3=snap, 4=time, 5=input, 6=com file, 7=snap_ext):

 number of time slices?

 type input file names:
 #
 table_dir = </global/common/software/atom/perlmutter/data/greentable/>

  ----- time =     3 ms ----- ( 0)
 it=  1 chi2=0.00E+00 zm= 7.53E-03 err=5.202E+00 dz= 7.535E-03 chigam= 0.00E+00
 it=  2 chi2=0.00E+00 zm= 1.10E-02 err=9.996E-01 dz= 3.502E-03 chigam= 0.00E+00
 it=  3 chi2=0.00E+00 zm= 1.37E-02 err=5.849E-01 dz= 2.668E-03 chigam= 0.00E+00
 it=  4 chi2=0.00E+00 zm= 1.58E-02 err=3.456E-01 dz= 2.047E-03 chigam= 0.00E+00
 it=  5 chi2=0.00E+00 zm= 1.73E-02 err=2.068E-01 dz= 1.557E-03 chigam= 0.00E+00
 it=  6 chi2=0.00E+00 zm= 1.85E-02 err=1.215E-01 dz= 1.168E-03 chigam= 0.00E+00
 it=  7 chi2=0.00E+00 zm= 1.93E-02 err=6.793E-02 dz= 8.576E-04 chigam= 0.00E+00
 it=  8 chi2=0.00E+00 zm= 2.00E-02 err=4.018E-02 dz= 6.251E-04 chigam= 0.00E+00
 it=  9 chi2=0.00E+00 zm= 2.04E-02 err=2.511E-02 dz= 4.520E-04 chigam= 0.00E+00
 it= 10 chi2=0.00E+00 zm= 2.07E-02 err=1.540E-02 dz= 3.272E-04 chigam= 0.00E+00
 it= 11 chi2=0.00E+00 zm= 2.10E-02 err=9.937E-03 dz= 2.334E-04 chigam= 0.00E+00
 it= 12 chi2=0.00E+00 zm= 2.11E-02 err=6.245E-03 dz= 1.659E-04 chigam= 0.00E+00
 it= 13 chi2=0.00E+00 zm= 2.13E-02 err=3.814E-03 dz= 1.177E-04 chigam= 0.00E+00
 it= 14 chi2=0.00E+00 zm= 2.13E-02 err=2.479E-03 dz= 8.355E-05 chigam= 0.00E+00
 it= 15 chi2=0.00E+00 zm= 2.14E-02 err=1.609E-03 dz= 5.924E-05 chigam= 0.00E+00
 it= 16 chi2=0.00E+00 zm= 2.14E-02 err=1.042E-03 dz= 4.197E-05 chigam= 0.00E+00
 it= 17 chi2=0.00E+00 zm= 2.15E-02 err=6.741E-04 dz= 2.973E-05 chigam= 0.00E+00
 it= 18 chi2=0.00E+00 zm= 2.15E-02 err=4.348E-04 dz= 2.105E-05 chigam= 0.00E+00
 it= 19 chi2=0.00E+00 zm= 2.15E-02 err=2.996E-04 dz= 1.491E-05 chigam= 0.00E+00
 it= 20 chi2=0.00E+00 zm= 2.15E-02 err=2.069E-04 dz= 1.056E-05 chigam= 0.00E+00
 it= 21 chi2=0.00E+00 zm= 2.15E-02 err=1.430E-04 dz= 7.489E-06 chigam= 0.00E+00
 it= 22 chi2=0.00E+00 zm= 2.15E-02 err=9.887E-05 dz= 5.311E-06 chigam= 0.00E+00

      ******************** EFITD129 x 129  output ********************

       data used:   
  0 flux loops
  0 magnetic probes(i)
  0 full rogowski
  0 diamagnetic loop


 shot #   =          1 time(ms) =          3 chi**2   =  0.000E+00
 betat(%) =      1.704 betap    =      0.876 li       =      0.860
 vol(cm3) =  0.790E+07 rout(cm) =    172.321 zout(cm) =      0.670
 elong    =      1.360 utriang  =     -0.368 ltriang  =     -0.336
 a(cm)    =     41.551 lin(cm)  = ********** lout(cm) =     10.304
 ltop(cm) = ********** q*       =      2.414 rc(cm)   =    178.315
 zc(cm)   =      1.870 bt0(t)   =      2.000 qout     =      2.273
