========================================================================
= FASTRAN

nonlinear model = 0
ichi = 1
ineo = 0
reading state...
read formatted input, inprof...
init geometry...
read formatted input, inmetric...
nrho in inmetric = 101
rhob in inmetric = 1.263495e+00
solve avg grad-shafranv...
solve_avg_gs::Ip_temp = 9.984426e+00 
solve_avg_gs::Ip      = 1.000000e+01 
>>> tau_he = 5.000000, nhe(0)=2.479063e+00

 plasma volume = 148.725294
 stored energy(e,i,b,a) = 5.874142e+01 5.420391e+01 0.000000e+00 0.000000e+00
 betan = 1.281628
*power
 Pnb(e,i) = 0.000000e+00 0.000000e+00
 Prf(e,i) = 6.015949e+00 3.398854e+01
 Prad     = -6.547912e+01 
 Pei      = 1.513961e+00 
 Pfuse    = 5.350444e+01 
 Pfusi    = 1.669748e+01 
 Poh      = 0.000000e+00 
*confinement time
 taut, tauITER98y2, H98y2 : 2.525200e+00 2.286740e+00 1.104280e+00
 taue, taui : -1.321583e+01 3.569917e+00
 taut, tau89, H89 : 2.525200e+00 1.031879e+00 2.447187e+00
*temperature
 nea, nebar : 1.865257e+01 2.142805e+01 
 tea, tia : 7.705308e+00 7.758678e+00 (9.931213e-01)
 te0, ti0 : 1.881676e+01 1.901697e+01 (9.894721e-01)
 Sn : 1.887086e+03 
*current balance
 Ip,Ibs,Inb,Irf: 1.000000e+01 1.956429e+00 0.000000e+00 1.155552e-01
 fni,fbs: 0.207 0.196

Time advancing...
rho_bdry 0.900000 ...
te_bdry = 3.746797
ti_bdry = 3.746714
ne_bdry = 14.498656
rv_bdry = 279.463030
nrho_tr_bdry = 18
drho_bdry = 0.000000e+00
nrhob = 90
 [    0] t = 0.0000 
>>> tau_he = 5.000000, nhe(0)=2.469245e+00
 5     -0.002   3.73e-03   1.21e-01   2.35e-03  -1.04e-02   5.02e-05 (  7.43e-01,  2.06e+01)
10     -0.000   1.86e-04  -1.64e-03  -9.77e-04  -1.54e-03   2.96e-04 (  4.69e-02,  4.47e+01)
15     -0.001   2.94e-04  -1.64e-03  -7.74e-04  -4.70e-03   1.28e-03 (  8.73e-02,  6.74e+01)
20     -0.001   2.76e-04  -2.99e-03  -2.30e-03  -1.19e-02   4.67e-03 (  9.19e-02,  8.55e+01)
25      0.002   1.21e-02  -1.20e-02  -8.01e-04   1.62e-02   1.50e-02 (  4.36e+00,  9.72e+01)
30      0.007   6.70e-02  -2.49e-02   1.38e-02   7.12e-02   4.28e-02 (  2.54e+01,  1.05e+02)
35      0.028   1.41e-01   1.55e-02   3.06e-02   3.10e-01   1.10e-01 (  5.48e+01,  1.09e+02)
40      0.036   1.91e-01   5.68e-02   4.02e-02   4.26e-01   2.53e-01 (  7.51e+01,  1.11e+02)
45      0.055   2.54e-01   1.55e-01   6.26e-02   6.92e-01   5.27e-01 (  9.86e+01,  1.10e+02)
50      0.098   3.61e-01   3.35e-01   1.89e-01   1.30e+00   9.94e-01 (  1.36e+02,  1.06e+02)
55      0.172   4.91e-01   6.20e-01   3.21e-01   2.37e+00   1.70e+00 (  1.77e+02,  9.89e+01)
60      0.236   6.00e-01   9.05e-01   5.32e-01   3.35e+00   2.67e+00 (  2.03e+02,  9.01e+01)
65      0.252   6.41e-01   1.04e+00   6.93e-01   3.69e+00   3.83e+00 (  2.00e+02,  7.98e+01)
70      0.321   7.75e-01   1.40e+00   1.01e+00   4.82e+00   5.08e+00 (  2.18e+02,  6.91e+01)
75      0.327   8.11e-01   1.51e+00   1.17e+00   5.03e+00   6.25e+00 (  2.00e+02,  5.72e+01)
80      0.313   7.77e-01   1.48e+00   1.18e+00   5.05e+00   7.21e+00 (  1.65e+02,  4.52e+01)
85      0.330   8.01e-01   1.47e+00   1.13e+00   6.44e+00   7.87e+00 (  1.55e+02,  3.31e+01)
90      0.537   1.20e+00   1.82e+00   1.21e+00   1.91e+01   8.22e+00 (  3.53e+02,  2.12e+01)
95      0.236   4.90e-01   7.07e-01   5.12e-01   1.49e+01   8.33e+00 (  2.57e+02,  8.12e+00)
 0 n: 7.093e-08 e: 7.324e-07 i: 1.202e-05 :: e: 0.000e+00 i: 0.000e+00 :: n: 2.760e+01 e:18.770 i:18.933 v:4.993e+03
>>> tau_he = 5.000000, nhe(0)=2.454299e+00
 5     -0.002   3.88e-03   1.50e-01   2.69e-03  -8.46e-03   5.02e-05 (  7.45e-01,  2.06e+01)
10     -0.000   1.79e-04  -1.17e-03  -7.90e-04  -1.49e-03   2.96e-04 (  4.50e-02,  4.47e+01)
15     -0.001   2.95e-04  -2.16e-03  -1.08e-03  -5.26e-03   1.28e-03 (  8.75e-02,  6.74e+01)
20     -0.001   2.70e-04  -3.31e-03  -2.73e-03  -1.23e-02   4.67e-03 (  9.02e-02,  8.55e+01)
25      0.002   1.34e-02  -1.31e-02  -6.28e-04   2.00e-02   1.50e-02 (  4.86e+00,  9.72e+01)
30      0.007   6.82e-02  -2.50e-02   1.41e-02   7.09e-02   4.28e-02 (  2.60e+01,  1.05e+02)
35      0.029   1.42e-01   1.79e-02   3.13e-02   3.23e-01   1.10e-01 (  5.52e+01,  1.09e+02)
40      0.037   1.94e-01   6.18e-02   4.08e-02   4.43e-01   2.53e-01 (  7.63e+01,  1.11e+02)
45      0.058   2.58e-01   1.65e-01   6.72e-02   7.28e-01   5.27e-01 (  1.01e+02,  1.10e+02)
50      0.106   3.66e-01   3.55e-01   1.94e-01   1.40e+00   9.94e-01 (  1.39e+02,  1.06e+02)
55      0.175   4.89e-01   6.28e-01   3.25e-01   2.39e+00   1.70e+00 (  1.74e+02,  9.89e+01)
60      0.231   5.95e-01   8.96e-01   5.25e-01   3.25e+00   2.67e+00 (  1.99e+02,  9.01e+01)
65      0.293   6.99e-01   1.19e+00   7.92e-01   4.32e+00   3.83e+00 (  2.17e+02,  7.98e+01)
70      0.303   7.59e-01   1.36e+00   9.86e-01   4.50e+00   5.08e+00 (  2.13e+02,  6.91e+01)
75      0.313   7.96e-01   1.47e+00   1.13e+00   4.82e+00   6.25e+00 (  1.96e+02,  5.72e+01)
80      0.321   7.94e-01   1.49e+00   1.17e+00   5.33e+00   7.21e+00 (  1.69e+02,  4.52e+01)
85      0.372   8.91e-01   1.57e+00   1.18e+00   7.89e+00   7.87e+00 (  1.80e+02,  3.31e+01)
90      0.480   1.11e+00   1.73e+00   1.19e+00   1.53e+01   8.22e+00 (  3.00e+02,  2.12e+01)
95      0.236   4.90e-01   7.07e-01   5.12e-01   1.49e+01   8.33e+00 (  2.57e+02,  8.12e+00)
 1 n: 1.698e-01 e: 5.885e-02 i: 3.503e-01 :: e: 2.634e-03 i: 3.164e-02 :: n: 2.421e+01 e:20.370 i:33.547 v:4.993e+03
>>> tau_he = 5.000000, nhe(0)=2.890133e+00
 5     -2.003   8.27e-03   9.57e-01   2.50e-03  -4.13e-02   5.02e-05 (  1.03e+00,  2.06e+01)
10     -0.710   2.09e-03   9.64e-04  -4.83e-03  -7.93e-02   2.96e-04 (  6.45e-01,  4.47e+01)
15     -3.475   1.96e-01   5.58e-02   2.78e-02  -2.54e+00   1.28e-03 (  9.80e+01,  6.74e+01)
20     -0.628   2.21e-01   1.43e-01   2.67e-02  -2.01e+00   4.67e-03 (  1.46e+02,  8.55e+01)
25     -0.050   4.03e-01   4.53e-01   1.67e-01  -2.24e-01   1.50e-02 (  2.77e+02,  9.72e+01)
30      0.210   3.82e-01   4.19e-01   2.23e-01   9.48e-01   4.28e-02 (  2.15e+02,  1.05e+02)
35      0.396   3.95e-01   4.65e-01   3.01e-01   1.94e+00   1.10e-01 (  1.82e+02,  1.09e+02)
40      0.401   4.05e-01   5.66e-01   3.87e-01   2.57e+00   2.53e-01 (  1.68e+02,  1.11e+02)
45      0.379   4.37e-01   7.36e-01   4.33e-01   3.17e+00   5.27e-01 (  1.59e+02,  1.10e+02)
50      0.303   4.43e-01   8.82e-01   4.92e-01   2.75e+00   9.94e-01 (  1.32e+02,  1.06e+02)
55      0.183   3.45e-01   6.68e-01   4.23e-01   1.75e+00   1.70e+00 (  8.45e+01,  9.89e+01)
60      0.154   3.50e-01   6.81e-01   4.64e-01   1.73e+00   2.67e+00 (  7.85e+01,  9.01e+01)
65      0.145   3.95e-01   7.31e-01   4.84e-01   2.05e+00   3.83e+00 (  8.63e+01,  7.98e+01)
70      0.171   5.15e-01   8.83e-01   6.08e-01   2.73e+00   5.08e+00 (  1.08e+02,  6.91e+01)
75      0.232   6.71e-01   1.03e+00   6.93e-01   4.40e+00   6.25e+00 (  1.33e+02,  5.72e+01)
80      0.320   8.65e-01   1.22e+00   7.59e-01   7.11e+00   7.21e+00 (  1.60e+02,  4.52e+01)
85      0.271   8.07e-01   1.21e+00   7.99e-01   5.88e+00   7.87e+00 (  1.55e+02,  3.31e+01)
90      0.386   1.00e+00   1.59e+00   1.12e+00   1.11e+01   8.22e+00 (  2.69e+02,  2.12e+01)
95      0.236   4.90e-01   7.07e-01   5.12e-01   1.49e+01   8.33e+00 (  2.57e+02,  8.12e+00)
 2 n: 2.882e-03 e: 9.672e-02 i: 2.407e-02 :: e: 2.796e-01 i: 3.818e-01 :: n: 2.433e+01 e:28.517 i:36.832 v:4.993e+03
>>> tau_he = 5.000000, nhe(0)=3.018321e+00
 5     -5.954   1.04e-02   8.92e-01   3.16e-03  -1.25e-01   5.02e-05 (  3.13e+00,  2.06e+01)
10    -23.874   9.19e-02   1.38e-01   1.41e-03  -2.71e+00   2.96e-04 (  6.49e+01,  4.47e+01)
15    -14.743   3.35e-01   2.44e-01   5.75e-02  -1.09e+01   1.28e-03 (  3.38e+02,  6.74e+01)
20     -2.212   7.95e-01   7.65e-01   8.23e-01  -7.27e+00   4.67e-03 (  9.90e+02,  8.55e+01)
25     -0.639   6.73e-01   6.04e-01   7.63e-01  -2.96e+00   1.50e-02 (  8.17e+02,  9.72e+01)
30     -0.278   5.03e-01   4.10e-01   5.30e-01  -1.24e+00   4.28e-02 (  5.15e+02,  1.05e+02)
35      0.187   3.91e-01   4.49e-01   4.19e-01   9.09e-01   1.10e-01 (  3.21e+02,  1.09e+02)
40      0.203   4.07e-01   5.25e-01   3.76e-01   1.27e+00   2.53e-01 (  2.74e+02,  1.11e+02)
45      0.227   4.07e-01   6.31e-01   3.22e-01   1.81e+00   5.27e-01 (  2.11e+02,  1.10e+02)
50      0.197   4.04e-01   6.96e-01   3.71e-01   1.72e+00   9.94e-01 (  1.50e+02,  1.06e+02)
55      0.114   3.09e-01   4.91e-01   3.13e-01   1.09e+00   1.70e+00 (  8.35e+01,  9.89e+01)
60      0.101   2.83e-01   4.55e-01   3.11e-01   1.17e+00   2.67e+00 (  6.18e+01,  9.01e+01)
65      0.135   3.36e-01   5.79e-01   3.75e-01   1.99e+00   3.83e+00 (  6.31e+01,  7.98e+01)
70      0.140   3.58e-01   5.86e-01   4.04e-01   2.34e+00   5.08e+00 (  5.81e+01,  6.91e+01)
75      0.197   4.84e-01   7.41e-01   4.92e-01   3.85e+00   6.25e+00 (  6.91e+01,  5.72e+01)
80      0.275   6.75e-01   9.43e-01   5.86e-01   6.15e+00   7.21e+00 (  8.64e+01,  4.52e+01)
85      0.279   6.76e-01   1.04e+00   6.83e-01   6.14e+00   7.87e+00 (  8.54e+01,  3.31e+01)
90      0.408   9.83e-01   1.57e+00   1.10e+00   1.17e+01   8.22e+00 (  2.25e+02,  2.12e+01)
95      0.236   4.90e-01   7.07e-01   5.12e-01   1.49e+01   8.33e+00 (  2.57e+02,  8.12e+00)
 3 n: 2.865e-03 e: 2.390e-02 i: 2.243e-02 :: e: 3.539e-01 i: 5.255e-01 :: n: 2.457e+01 e:24.664 i:38.789 v:4.993e+03
>>> tau_he = 5.000000, nhe(0)=3.119934e+00
 5     -6.530   1.35e-02   8.26e-01   3.35e-03  -1.39e-01   5.02e-05 (  4.01e+00,  2.06e+01)
10    -25.074   9.99e-02   1.77e-01   3.87e-03  -2.88e+00   2.96e-04 (  6.41e+01,  4.47e+01)
15     -7.898   3.04e-01   1.86e-01   2.28e-02  -5.96e+00   1.28e-03 (  2.45e+02,  6.74e+01)
20     -0.893   6.21e-01   5.85e-01   2.46e-01  -3.01e+00   4.67e-03 (  5.66e+02,  8.55e+01)
25      0.035   5.57e-01   5.27e-01   3.33e-01   1.77e-01   1.50e-02 (  5.12e+02,  9.72e+01)
30      0.342   4.82e-01   4.29e-01   3.30e-01   1.62e+00   4.28e-02 (  4.06e+02,  1.05e+02)
35      0.210   3.66e-01   4.10e-01   3.65e-01   1.02e+00   1.10e-01 (  2.66e+02,  1.09e+02)
40      0.270   3.67e-01   4.60e-01   3.28e-01   1.65e+00   2.53e-01 (  2.22e+02,  1.11e+02)
45      0.238   3.81e-01   5.75e-01   3.27e-01   1.82e+00   5.27e-01 (  1.81e+02,  1.10e+02)
50      0.248   3.94e-01   6.90e-01   3.83e-01   2.12e+00   9.94e-01 (  1.37e+02,  1.06e+02)
55      0.159   3.18e-01   5.49e-01   3.32e-01   1.56e+00   1.70e+00 (  8.28e+01,  9.89e+01)
60      0.133   3.00e-01   5.28e-01   3.56e-01   1.63e+00   2.67e+00 (  6.31e+01,  9.01e+01)
65      0.154   3.50e-01   6.39e-01   4.14e-01   2.38e+00   3.83e+00 (  6.24e+01,  7.98e+01)
70      0.153   3.66e-01   6.13e-01   4.14e-01   2.68e+00   5.08e+00 (  5.59e+01,  6.91e+01)
75      0.203   4.89e-01   7.27e-01   4.73e-01   4.10e+00   6.25e+00 (  6.45e+01,  5.72e+01)
80      0.268   6.66e-01   8.88e-01   5.37e-01   6.12e+00   7.21e+00 (  7.82e+01,  4.52e+01)
85      0.264   6.58e-01   9.40e-01   6.01e-01   5.89e+00   7.87e+00 (  7.58e+01,  3.31e+01)
90      0.403   9.75e-01   1.55e+00   1.08e+00   1.16e+01   8.22e+00 (  2.17e+02,  2.12e+01)
95      0.236   4.90e-01   7.07e-01   5.12e-01   1.49e+01   8.33e+00 (  2.57e+02,  8.12e+00)
 4 n: 2.007e-03 e: 7.060e-03 i: 2.014e-02 :: e: 3.004e-01 i: 4.525e-01 :: n: 2.471e+01 e:25.893 i:34.334 v:4.993e+03
>>> tau_he = 5.000000, nhe(0)=3.018215e+00
 5     -6.551   1.29e-02   6.76e-01   3.04e-03  -1.41e-01   5.02e-05 (  4.63e+00,  2.06e+01)
10    -30.771   1.03e-01   2.00e-01   3.98e-03  -3.58e+00   2.96e-04 (  7.31e+01,  4.47e+01)
15     -8.097   2.65e-01   1.83e-01   2.65e-02  -6.19e+00   1.28e-03 (  2.16e+02,  6.74e+01)
20     -1.109   5.27e-01   6.61e-01   2.93e-01  -3.72e+00   4.67e-03 (  4.58e+02,  8.55e+01)
25     -0.049   5.41e-01   5.13e-01   3.42e-01  -2.35e-01   1.50e-02 (  4.82e+02,  9.72e+01)
30      0.261   4.93e-01   4.67e-01   4.04e-01   1.22e+00   4.28e-02 (  4.30e+02,  1.05e+02)
35      0.129   4.05e-01   4.73e-01   4.25e-01   6.21e-01   1.10e-01 (  3.24e+02,  1.09e+02)
40      0.189   4.12e-01   5.31e-01   3.85e-01   1.14e+00   2.53e-01 (  2.82e+02,  1.11e+02)
45      0.219   4.15e-01   6.39e-01   3.53e-01   1.62e+00   5.27e-01 (  2.25e+02,  1.10e+02)
50      0.218   4.24e-01   7.45e-01   4.08e-01   1.81e+00   9.94e-01 (  1.71e+02,  1.06e+02)
55      0.135   3.51e-01   5.89e-01   3.48e-01   1.33e+00   1.70e+00 (  1.07e+02,  9.89e+01)
60      0.119   3.30e-01   5.61e-01   3.66e-01   1.49e+00   2.67e+00 (  8.04e+01,  9.01e+01)
65      0.123   3.31e-01   5.63e-01   3.53e-01   1.97e+00   3.83e+00 (  6.67e+01,  7.98e+01)
70      0.155   3.95e-01   6.40e-01   4.26e-01   2.85e+00   5.08e+00 (  6.59e+01,  6.91e+01)
75      0.211   5.19e-01   7.45e-01   4.76e-01   4.41e+00   6.25e+00 (  7.18e+01,  5.72e+01)
80      0.272   6.83e-01   8.86e-01   5.25e-01   6.33e+00   7.21e+00 (  8.17e+01,  4.52e+01)
85      0.263   6.64e-01   9.19e-01   5.76e-01   5.96e+00   7.87e+00 (  7.61e+01,  3.31e+01)
90      0.401   9.72e-01   1.54e+00   1.07e+00   1.16e+01   8.22e+00 (  2.16e+02,  2.12e+01)
95      0.236   4.90e-01   7.07e-01   5.12e-01   1.49e+01   8.33e+00 (  2.57e+02,  8.12e+00)
 5 n: 1.820e-03 e: 1.992e-02 i: 7.933e-03 :: e: 2.691e-01 i: 4.205e-01 :: n: 2.490e+01 e:22.369 i:33.045 v:4.993e+03
>>> tau_he = 5.000000, nhe(0)=3.007398e+00
 5     -5.241   1.03e-02   6.06e-01   2.98e-03  -1.14e-01   5.02e-05 (  3.33e+00,  2.06e+01)
10    -21.287   7.37e-02   1.35e-01   4.21e-03  -2.50e+00   2.96e-04 (  4.51e+01,  4.47e+01)
15     -5.326   1.93e-01   7.48e-02   2.34e-02  -4.11e+00   1.28e-03 (  1.30e+02,  6.74e+01)
20     -0.449   2.02e-01   1.26e-01   2.95e-02  -1.54e+00   4.67e-03 (  1.37e+02,  8.55e+01)
25     -0.074   3.79e-01   4.04e-01   1.54e-01  -3.65e-01   1.50e-02 (  2.64e+02,  9.72e+01)
30      0.081   3.91e-01   4.04e-01   2.11e-01   3.74e-01   4.28e-02 (  2.73e+02,  1.05e+02)
35      0.102   3.76e-01   4.12e-01   2.78e-01   4.91e-01   1.10e-01 (  2.50e+02,  1.09e+02)
40      0.154   3.68e-01   4.44e-01   2.91e-01   9.14e-01   2.53e-01 (  2.14e+02,  1.11e+02)
45      0.197   3.68e-01   5.14e-01   3.01e-01   1.41e+00   5.27e-01 (  1.73e+02,  1.10e+02)
50      0.212   3.75e-01   5.98e-01   3.26e-01   1.73e+00   9.94e-01 (  1.35e+02,  1.06e+02)
55      0.149   3.22e-01   5.08e-01   3.03e-01   1.50e+00   1.70e+00 (  9.00e+01,  9.89e+01)
60      0.136   3.16e-01   5.28e-01   3.47e-01   1.79e+00   2.67e+00 (  7.17e+01,  9.01e+01)
65      0.139   3.28e-01   5.58e-01   3.54e-01   2.34e+00   3.83e+00 (  6.17e+01,  7.98e+01)
70      0.173   4.04e-01   6.60e-01   4.33e-01   3.32e+00   5.08e+00 (  6.27e+01,  6.91e+01)
75      0.222   5.31e-01   7.64e-01   4.89e-01   4.79e+00   6.25e+00 (  6.78e+01,  5.72e+01)
80      0.278   6.95e-01   8.99e-01   5.42e-01   6.56e+00   7.21e+00 (  7.65e+01,  4.52e+01)
85      0.280   6.96e-01   9.58e-01   6.11e-01   6.41e+00   7.87e+00 (  7.27e+01,  3.31e+01)
90      0.409   9.77e-01   1.55e+00   1.07e+00   1.18e+01   8.22e+00 (  2.11e+02,  2.12e+01)
95      0.236   4.90e-01   7.07e-01   5.12e-01   1.49e+01   8.33e+00 (  2.57e+02,  8.12e+00)
 6 n: 1.229e-03 e: 2.480e-03 i: 9.126e-03 :: e: 1.703e-01 i: 3.327e-01 :: n: 2.503e+01 e:23.119 i:30.279 v:4.993e+03
>>> tau_he = 5.000000, nhe(0)=2.916660e+00
 5     -4.961   8.49e-03   5.42e-01   2.77e-03  -1.08e-01   5.02e-05 (  2.97e+00,  2.06e+01)
10    -22.719   7.07e-02   1.33e-01   4.18e-03  -2.69e+00   2.96e-04 (  4.49e+01,  4.47e+01)
15     -5.470   1.83e-01   8.56e-02   2.98e-02  -4.26e+00   1.28e-03 (  1.26e+02,  6.74e+01)
20     -0.593   1.81e-01   1.39e-01   3.01e-02  -2.06e+00   4.67e-03 (  1.27e+02,  8.55e+01)
25      0.004   3.53e-01   4.08e-01   1.96e-01   1.90e-02   1.50e-02 (  2.46e+02,  9.72e+01)
30      0.102   3.89e-01   4.33e-01   2.60e-01   4.59e-01   4.28e-02 (  2.71e+02,  1.05e+02)
35      0.011   3.89e-01   4.67e-01   3.33e-01   5.28e-02   1.10e-01 (  2.62e+02,  1.09e+02)
40      0.127   3.82e-01   5.12e-01   3.24e-01   7.39e-01   2.53e-01 (  2.28e+02,  1.11e+02)
45      0.181   3.97e-01   6.01e-01   3.45e-01   1.26e+00   5.27e-01 (  1.96e+02,  1.10e+02)
50      0.200   4.05e-01   6.81e-01   3.74e-01   1.59e+00   9.94e-01 (  1.57e+02,  1.06e+02)
55      0.136   3.48e-01   5.74e-01   3.38e-01   1.38e+00   1.70e+00 (  1.07e+02,  9.89e+01)
60      0.128   3.44e-01   5.89e-01   3.74e-01   1.72e+00   2.67e+00 (  8.70e+01,  9.01e+01)
65      0.142   3.67e-01   6.30e-01   3.91e-01   2.48e+00   3.83e+00 (  7.73e+01,  7.98e+01)
70      0.183   4.51e-01   7.19e-01   4.66e-01   3.61e+00   5.08e+00 (  7.78e+01,  6.91e+01)
75      0.238   5.82e-01   8.14e-01   5.11e-01   5.23e+00   6.25e+00 (  8.22e+01,  5.72e+01)
80      0.289   7.25e-01   9.26e-01   5.43e-01   6.88e+00   7.21e+00 (  8.87e+01,  4.52e+01)
85      0.274   6.94e-01   9.42e-01   5.80e-01   6.35e+00   7.87e+00 (  8.15e+01,  3.31e+01)
90      0.399   9.73e-01   1.53e+00   1.06e+00   1.16e+01   8.22e+00 (  2.17e+02,  2.12e+01)
95      0.236   4.90e-01   7.07e-01   5.12e-01   1.49e+01   8.33e+00 (  2.57e+02,  8.12e+00)
 7 n: 9.291e-04 e: 9.247e-03 i: 2.774e-03 :: e: 1.343e-01 i: 2.800e-01 :: n: 2.515e+01 e:20.890 i:30.105 v:4.993e+03
>>> tau_he = 5.000000, nhe(0)=2.929902e+00
 5     -4.301   8.71e-03   5.26e-01   2.80e-03  -9.43e-02   5.02e-05 (  2.84e+00,  2.06e+01)
10    -17.789   5.50e-02   9.54e-02   1.53e-03  -2.11e+00   2.96e-04 (  3.19e+01,  4.47e+01)
15     -4.462   2.03e-01   1.47e-01  -8.01e-02  -3.49e+00   1.28e-03 (  1.27e+02,  6.74e+01)
20     -0.228   1.59e-01   1.11e-01   2.32e-02  -7.84e-01   4.67e-03 (  1.01e+02,  8.55e+01)
25     -0.106   1.84e-01   1.32e-01   3.26e-02  -5.07e-01   1.50e-02 (  1.12e+02,  9.72e+01)
30      0.060   3.28e-01   3.50e-01   2.00e-01   2.74e-01   4.28e-02 (  1.97e+02,  1.05e+02)
35      0.074   3.30e-01   3.72e-01   2.37e-01   3.63e-01   1.10e-01 (  1.90e+02,  1.09e+02)
40      0.161   3.35e-01   4.08e-01   2.54e-01   9.31e-01   2.53e-01 (  1.73e+02,  1.11e+02)
45      0.097   3.00e-01   3.45e-01   2.31e-01   6.64e-01   5.27e-01 (  1.29e+02,  1.10e+02)
50      0.180   3.47e-01   5.19e-01   2.63e-01   1.41e+00   9.94e-01 (  1.18e+02,  1.06e+02)
55      0.136   3.07e-01   4.61e-01   2.81e-01   1.40e+00   1.70e+00 (  8.50e+01,  9.89e+01)
60      0.131   3.09e-01   5.03e-01   3.21e-01   1.83e+00   2.67e+00 (  7.10e+01,  9.01e+01)
65      0.147   3.41e-01   5.74e-01   3.57e-01   2.65e+00   3.83e+00 (  6.51e+01,  7.98e+01)
70      0.189   4.35e-01   6.94e-01   4.46e-01   3.83e+00   5.08e+00 (  6.77e+01,  6.91e+01)
75      0.238   5.70e-01   8.00e-01   5.06e-01   5.33e+00   6.25e+00 (  7.24e+01,  5.72e+01)
80      0.288   7.22e-01   9.24e-01   5.57e-01   6.91e+00   7.21e+00 (  7.90e+01,  4.52e+01)
85      0.288   7.22e-01   9.76e-01   6.22e-01   6.72e+00   7.87e+00 (  7.48e+01,  3.31e+01)
90      0.411   9.80e-01   1.55e+00   1.07e+00   1.20e+01   8.22e+00 (  2.11e+02,  2.12e+01)
95      0.236   4.90e-01   7.07e-01   5.12e-01   1.49e+01   8.33e+00 (  2.57e+02,  8.12e+00)
 8 n: 6.861e-04 e: 2.165e-03 i: 4.748e-03 :: e: 1.048e-01 i: 2.451e-01 :: n: 2.525e+01 e:21.737 i:28.372 v:4.993e+03
>>> tau_he = 5.000000, nhe(0)=2.861250e+00
 5     -4.264   7.65e-03   4.87e-01   2.65e-03  -9.39e-02   5.02e-05 (  2.65e+00,  2.06e+01)
10    -19.526   5.72e-02   1.04e-01   3.13e-03  -2.33e+00   2.96e-04 (  3.45e+01,  4.47e+01)
15     -4.498   2.09e-01   1.50e-01  -1.00e-01  -3.53e+00   1.28e-03 (  1.34e+02,  6.74e+01)
20     -0.413   3.12e-01   3.96e-01   1.43e-01  -1.44e+00   4.67e-03 (  2.08e+02,  8.55e+01)
25      0.010   3.16e-01   3.61e-01   1.80e-01   4.71e-02   1.50e-02 (  2.03e+02,  9.72e+01)
30      0.084   3.36e-01   3.84e-01   2.61e-01   3.74e-01   4.28e-02 (  2.07e+02,  1.05e+02)
35      0.084   3.36e-01   4.22e-01   3.12e-01   4.07e-01   1.10e-01 (  1.98e+02,  1.09e+02)
40      0.114   3.53e-01   4.76e-01   2.94e-01   6.51e-01   2.53e-01 (  1.88e+02,  1.11e+02)
45      0.096   3.21e-01   4.18e-01   2.72e-01   6.41e-01   5.27e-01 (  1.45e+02,  1.10e+02)
50      0.182   3.75e-01   6.09e-01   3.15e-01   1.40e+00   9.94e-01 (  1.37e+02,  1.06e+02)
55      0.130   3.27e-01   5.34e-01   3.24e-01   1.36e+00   1.70e+00 (  9.83e+01,  9.89e+01)
60      0.126   3.35e-01   5.68e-01   3.54e-01   1.80e+00   2.67e+00 (  8.42e+01,  9.01e+01)
65      0.152   3.78e-01   6.45e-01   3.94e-01   2.80e+00   3.83e+00 (  7.92e+01,  7.98e+01)
70      0.198   4.79e-01   7.48e-01   4.77e-01   4.12e+00   5.08e+00 (  8.16e+01,  6.91e+01)
75      0.252   6.14e-01   8.41e-01   5.23e-01   5.70e+00   6.25e+00 (  8.58e+01,  5.72e+01)
80      0.295   7.44e-01   9.40e-01   5.49e-01   7.13e+00   7.21e+00 (  9.05e+01,  4.52e+01)
85      0.278   7.07e-01   9.46e-01   5.74e-01   6.53e+00   7.87e+00 (  8.28e+01,  3.31e+01)
90      0.399   9.74e-01   1.53e+00   1.05e+00   1.16e+01   8.22e+00 (  2.18e+02,  2.12e+01)
95      0.236   4.90e-01   7.07e-01   5.12e-01   1.49e+01   8.33e+00 (  2.57e+02,  8.12e+00)
 9 n: 5.462e-04 e: 6.245e-03 i: 1.773e-03 :: e: 1.050e-01 i: 2.130e-01 :: n: 2.532e+01 e:19.985 i:28.341 v:4.993e+03
>>> tau_he = 5.000000, nhe(0)=2.871942e+00
 5     -3.858   7.90e-03   4.72e-01   2.65e-03  -8.50e-02   5.02e-05 (  2.58e+00,  2.06e+01)
10    -16.413   4.85e-02   8.41e-02  -8.55e-04  -1.96e+00   2.96e-04 (  2.74e+01,  4.47e+01)
15     -3.714   1.75e-01   1.24e-01  -4.78e-02  -2.92e+00   1.28e-03 (  1.03e+02,  6.74e+01)
20     -0.271   1.39e-01   9.97e-02   2.57e-02  -9.29e-01   4.67e-03 (  8.39e+01,  8.55e+01)
25     -0.097   1.86e-01   1.39e-01  -8.89e-03  -4.53e-01   1.50e-02 (  1.09e+02,  9.72e+01)
30      0.047   2.94e-01   3.17e-01   1.81e-01   2.08e-01   4.28e-02 (  1.64e+02,  1.05e+02)
35      0.086   2.96e-01   3.40e-01   2.11e-01   4.16e-01   1.10e-01 (  1.57e+02,  1.09e+02)
40      0.089   3.11e-01   3.49e-01   2.43e-01   5.03e-01   2.53e-01 (  1.48e+02,  1.11e+02)
45      0.088   2.81e-01   3.22e-01   2.15e-01   5.80e-01   5.27e-01 (  1.14e+02,  1.10e+02)
50      0.117   2.82e-01   3.64e-01   2.04e-01   8.90e-01   9.94e-01 (  9.27e+01,  1.06e+02)
55      0.127   2.92e-01   4.30e-01   2.62e-01   1.33e+00   1.70e+00 (  7.99e+01,  9.89e+01)
60      0.126   2.98e-01   4.80e-01   3.01e-01   1.84e+00   2.67e+00 (  6.83e+01,  9.01e+01)
65      0.151   3.44e-01   5.75e-01   3.52e-01   2.85e+00   3.83e+00 (  6.51e+01,  7.98e+01)
70      0.196   4.51e-01   7.01e-01   4.46e-01   4.14e+00   5.08e+00 (  6.84e+01,  6.91e+01)
75      0.244   5.87e-01   8.07e-01   5.08e-01   5.58e+00   6.25e+00 (  7.29e+01,  5.72e+01)
80      0.290   7.32e-01   9.23e-01   5.55e-01   7.02e+00   7.21e+00 (  7.86e+01,  4.52e+01)
85      0.291   7.36e-01   9.77e-01   6.16e-01   6.88e+00   7.87e+00 (  7.46e+01,  3.31e+01)
90      0.411   9.81e-01   1.54e+00   1.07e+00   1.20e+01   8.22e+00 (  2.10e+02,  2.12e+01)
95      0.236   4.90e-01   7.07e-01   5.12e-01   1.49e+01   8.33e+00 (  2.57e+02,  8.12e+00)
10 n: 3.482e-04 e: 2.041e-03 i: 2.977e-03 :: e: 9.133e-02 i: 2.138e-01 :: n: 2.542e+01 e:20.840 i:27.073 v:4.993e+03
>>> tau_he = 5.000000, nhe(0)=2.818631e+00
 5     -3.848   7.07e-03   4.45e-01   2.53e-03  -8.50e-02   5.02e-05 (  2.42e+00,  2.06e+01)
10    -17.816   5.05e-02   9.12e-02   1.72e-03  -2.13e+00   2.96e-04 (  2.95e+01,  4.47e+01)
15     -3.835   1.84e-01   1.30e-01  -6.76e-02  -3.02e+00   1.28e-03 (  1.11e+02,  6.74e+01)
20     -0.338   2.75e-01   3.49e-01   1.23e-01  -1.17e+00   4.67e-03 (  1.73e+02,  8.55e+01)
25      0.020   2.88e-01   3.34e-01   1.69e-01   9.59e-02   1.50e-02 (  1.76e+02,  9.72e+01)
30      0.064   3.07e-01   3.55e-01   2.41e-01   2.83e-01   4.28e-02 (  1.76e+02,  1.05e+02)
35      0.088   3.10e-01   3.88e-01   2.57e-01   4.27e-01   1.10e-01 (  1.69e+02,  1.09e+02)
40      0.091   3.31e-01   4.14e-01   2.99e-01   5.08e-01   2.53e-01 (  1.65e+02,  1.11e+02)
45      0.090   3.04e-01   3.94e-01   2.57e-01   5.83e-01   5.27e-01 (  1.32e+02,  1.10e+02)
50      0.168   3.55e-01   5.74e-01   2.97e-01   1.29e+00   9.94e-01 (  1.26e+02,  1.06e+02)
55      0.124   3.19e-01   5.07e-01   3.07e-01   1.33e+00   1.70e+00 (  9.47e+01,  9.89e+01)
60      0.123   3.25e-01   5.47e-01   3.34e-01   1.86e+00   2.67e+00 (  8.13e+01,  9.01e+01)
65      0.176   4.16e-01   7.25e-01   4.43e-01   3.39e+00   3.83e+00 (  8.61e+01,  7.98e+01)
70      0.206   4.92e-01   7.51e-01   4.75e-01   4.43e+00   5.08e+00 (  8.13e+01,  6.91e+01)
75      0.257   6.26e-01   8.42e-01   5.21e-01   5.92e+00   6.25e+00 (  8.53e+01,  5.72e+01)
80      0.296   7.49e-01   9.34e-01   5.42e-01   7.20e+00   7.21e+00 (  8.89e+01,  4.52e+01)
85      0.269   6.89e-01   9.07e-01   5.33e-01   6.38e+00   7.87e+00 (  7.86e+01,  3.31e+01)
90      0.400   9.74e-01   1.52e+00   1.05e+00   1.17e+01   8.22e+00 (  2.16e+02,  2.12e+01)
95      0.236   4.90e-01   7.07e-01   5.12e-01   1.49e+01   8.33e+00 (  2.57e+02,  8.12e+00)
11 n: 3.820e-04 e: 4.529e-03 i: 1.221e-03 :: e: 7.221e-02 i: 1.593e-01 :: n: 2.546e+01 e:19.437 i:27.302 v:4.993e+03
>>> tau_he = 5.000000, nhe(0)=2.839926e+00
 5     -3.595   7.37e-03   4.41e-01   2.52e-03  -7.94e-02   5.02e-05 (  2.40e+00,  2.06e+01)
10    -15.393   4.42e-02   7.65e-02  -2.93e-03  -1.84e+00   2.96e-04 (  2.44e+01,  4.47e+01)
15     -2.365   1.61e-01   1.15e-01  -3.49e-02  -1.86e+00   1.28e-03 (  9.10e+01,  6.74e+01)
20     -0.214   1.28e-01   9.20e-02   2.58e-02  -7.34e-01   4.67e-03 (  7.47e+01,  8.55e+01)
25     -0.089   1.75e-01   1.33e-01   1.40e-03  -4.10e-01   1.50e-02 (  9.90e+01,  9.72e+01)
30     -0.061   1.99e-01   1.54e-01   6.22e-02  -2.68e-01   4.28e-02 (  1.06e+02,  1.05e+02)
35      0.012   2.32e-01   2.01e-01   1.12e-01   5.78e-02   1.10e-01 (  1.16e+02,  1.09e+02)
40      0.033   2.64e-01   2.65e-01   1.84e-01   1.81e-01   2.53e-01 (  1.20e+02,  1.11e+02)
45      0.082   2.70e-01   3.08e-01   2.05e-01   5.28e-01   5.27e-01 (  1.07e+02,  1.10e+02)
50      0.110   2.73e-01   3.48e-01   1.99e-01   8.31e-01   9.94e-01 (  8.86e+01,  1.06e+02)
55      0.121   2.85e-01   4.15e-01   2.52e-01   1.31e+00   1.70e+00 (  7.78e+01,  9.89e+01)
60      0.122   2.92e-01   4.66e-01   2.93e-01   1.87e+00   2.67e+00 (  6.69e+01,  9.01e+01)
65      0.151   3.43e-01   5.68e-01   3.44e-01   2.94e+00   3.83e+00 (  6.40e+01,  7.98e+01)
70      0.199   4.59e-01   6.99e-01   4.42e-01   4.32e+00   5.08e+00 (  6.79e+01,  6.91e+01)
75      0.247   5.96e-01   8.04e-01   5.04e-01   5.71e+00   6.25e+00 (  7.24e+01,  5.72e+01)
80      0.289   7.37e-01   9.15e-01   5.48e-01   7.05e+00   7.21e+00 (  7.73e+01,  4.52e+01)
85      0.289   7.40e-01   9.59e-01   5.92e-01   6.90e+00   7.87e+00 (  7.29e+01,  3.31e+01)
90      0.411   9.82e-01   1.54e+00   1.07e+00   1.20e+01   8.22e+00 (  2.09e+02,  2.12e+01)
95      0.236   4.90e-01   7.07e-01   5.12e-01   1.49e+01   8.33e+00 (  2.57e+02,  8.12e+00)
12 n: 2.362e-04 e: 2.149e-03 i: 1.751e-03 :: e: 1.018e-01 i: 2.037e-01 :: n: 2.563e+01 e:20.366 i:26.416 v:4.993e+03
>>> tau_he = 5.000000, nhe(0)=2.814508e+00
 5     -3.648   6.76e-03   4.26e-01   2.44e-03  -8.07e-02   5.02e-05 (  2.29e+00,  2.06e+01)
10    -16.728   4.65e-02   8.33e-02   8.49e-05  -2.01e+00   2.96e-04 (  2.67e+01,  4.47e+01)
15     -3.529   1.70e-01   1.20e-01  -4.91e-02  -2.79e+00   1.28e-03 (  9.93e+01,  6.74e+01)
20     -0.406   1.36e-01   1.13e-01   1.15e-02  -1.41e+00   4.67e-03 (  8.34e+01,  8.55e+01)
25      0.089   2.67e-01   3.14e-01   1.54e-01   4.43e-01   1.50e-02 (  1.60e+02,  9.72e+01)
30      0.068   2.89e-01   3.37e-01   2.22e-01   3.20e-01   4.28e-02 (  1.63e+02,  1.05e+02)
35      0.110   2.99e-01   3.70e-01   2.42e-01   5.46e-01   1.10e-01 (  1.59e+02,  1.09e+02)
40      0.098   3.23e-01   4.34e-01   2.90e-01   5.52e-01   2.53e-01 (  1.56e+02,  1.11e+02)
45      0.085   2.95e-01   3.78e-01   2.48e-01   5.41e-01   5.27e-01 (  1.25e+02,  1.10e+02)
50      0.112   3.01e-01   4.26e-01   2.47e-01   8.57e-01   9.94e-01 (  1.05e+02,  1.06e+02)
55      0.120   3.11e-01   4.91e-01   2.96e-01   1.33e+00   1.70e+00 (  9.25e+01,  9.89e+01)
60      0.122   3.21e-01   5.39e-01   3.22e-01   1.93e+00   2.67e+00 (  8.04e+01,  9.01e+01)
65      0.175   4.13e-01   7.10e-01   4.31e-01   3.49e+00   3.83e+00 (  8.42e+01,  7.98e+01)
70      0.210   4.98e-01   7.48e-01   4.70e-01   4.62e+00   5.08e+00 (  8.02e+01,  6.91e+01)
75      0.258   6.33e-01   8.37e-01   5.16e-01   6.03e+00   6.25e+00 (  8.41e+01,  5.72e+01)
80      0.296   7.52e-01   9.25e-01   5.35e-01   7.24e+00   7.21e+00 (  8.71e+01,  4.52e+01)
85      0.273   7.01e-01   9.05e-01   5.26e-01   6.53e+00   7.87e+00 (  7.77e+01,  3.31e+01)
90      0.400   9.73e-01   1.52e+00   1.04e+00   1.17e+01   8.22e+00 (  2.14e+02,  2.12e+01)
95      0.236   4.90e-01   7.07e-01   5.12e-01   1.49e+01   8.33e+00 (  2.57e+02,  8.12e+00)
13 n: 1.908e-04 e: 3.157e-03 i: 1.137e-03 :: e: 5.922e-02 i: 1.334e-01 :: n: 2.566e+01 e:19.281 i:26.964 v:4.993e+03
>>> tau_he = 5.000000, nhe(0)=2.856008e+00
 5     -3.482   7.19e-03   4.36e-01   2.49e-03  -7.69e-02   5.02e-05 (  2.34e+00,  2.06e+01)
10    -14.683   4.14e-02   7.08e-02  -4.25e-03  -1.76e+00   2.96e-04 (  2.27e+01,  4.47e+01)
15     -2.453   1.55e-01   1.01e-01   1.52e-02  -1.93e+00   1.28e-03 (  8.63e+01,  6.74e+01)
20     -0.245   1.28e-01   9.48e-02   2.15e-02  -8.35e-01   4.67e-03 (  7.57e+01,  8.55e+01)
25     -0.079   1.71e-01   1.30e-01  -4.78e-04  -3.74e-01   1.50e-02 (  9.70e+01,  9.72e+01)
30     -0.049   1.93e-01   1.50e-01   6.09e-02  -2.26e-01   4.28e-02 (  1.03e+02,  1.05e+02)
35      0.076   2.72e-01   2.77e-01   1.80e-01   3.74e-01   1.10e-01 (  1.35e+02,  1.09e+02)
40      0.025   2.56e-01   2.54e-01   1.82e-01   1.40e-01   2.53e-01 (  1.15e+02,  1.11e+02)
45      0.064   2.65e-01   2.99e-01   2.01e-01   4.06e-01   5.27e-01 (  1.04e+02,  1.10e+02)
50      0.108   2.71e-01   3.45e-01   1.95e-01   8.38e-01   9.94e-01 (  8.87e+01,  1.06e+02)
55      0.117   2.81e-01   4.09e-01   2.46e-01   1.32e+00   1.70e+00 (  7.77e+01,  9.89e+01)
60      0.118   2.87e-01   4.57e-01   2.84e-01   1.90e+00   2.67e+00 (  6.63e+01,  9.01e+01)
65      0.151   3.44e-01   5.65e-01   3.39e-01   3.04e+00   3.83e+00 (  6.37e+01,  7.98e+01)
70      0.202   4.66e-01   6.98e-01   4.38e-01   4.46e+00   5.08e+00 (  6.75e+01,  6.91e+01)
75      0.248   6.02e-01   8.01e-01   5.00e-01   5.80e+00   6.25e+00 (  7.16e+01,  5.72e+01)
80      0.289   7.41e-01   9.08e-01   5.41e-01   7.07e+00   7.21e+00 (  7.62e+01,  4.52e+01)
85      0.281   7.31e-01   9.26e-01   5.63e-01   6.77e+00   7.87e+00 (  7.03e+01,  3.31e+01)
90      0.411   9.81e-01   1.54e+00   1.06e+00   1.20e+01   8.22e+00 (  2.07e+02,  2.12e+01)
95      0.236   4.90e-01   7.07e-01   5.12e-01   1.49e+01   8.33e+00 (  2.57e+02,  8.12e+00)
14 n: 1.588e-04 e: 2.353e-03 i: 1.314e-03 :: e: 8.785e-02 i: 1.774e-01 :: n: 2.582e+01 e:20.270 i:26.291 v:4.993e+03
>>> tau_he = 5.000000, nhe(0)=2.841327e+00
 5     -3.605   6.71e-03   4.26e-01   2.43e-03  -7.97e-02   5.02e-05 (  2.29e+00,  2.06e+01)
10    -16.270   4.48e-02   7.96e-02  -8.48e-04  -1.95e+00   2.96e-04 (  2.57e+01,  4.47e+01)
15     -3.485   1.66e-01   1.16e-01  -4.63e-02  -2.75e+00   1.28e-03 (  9.69e+01,  6.74e+01)
20     -0.320   2.64e-01   3.30e-01   1.14e-01  -1.11e+00   4.67e-03 (  1.65e+02,  8.55e+01)
25      0.092   2.61e-01   3.08e-01   1.50e-01   4.66e-01   1.50e-02 (  1.57e+02,  9.72e+01)
30      0.068   2.82e-01   3.29e-01   2.12e-01   3.35e-01   4.28e-02 (  1.59e+02,  1.05e+02)
35      0.085   2.91e-01   3.29e-01   2.29e-01   4.26e-01   1.10e-01 (  1.53e+02,  1.09e+02)
40      0.087   3.14e-01   4.15e-01   2.63e-01   5.00e-01   2.53e-01 (  1.50e+02,  1.11e+02)
45      0.081   2.91e-01   3.68e-01   2.41e-01   5.25e-01   5.27e-01 (  1.23e+02,  1.10e+02)
50      0.113   2.99e-01   4.22e-01   2.38e-01   8.93e-01   9.94e-01 (  1.06e+02,  1.06e+02)
55      0.118   3.10e-01   4.86e-01   2.89e-01   1.36e+00   1.70e+00 (  9.36e+01,  9.89e+01)
60      0.127   3.26e-01   5.53e-01   3.29e-01   2.08e+00   2.67e+00 (  8.27e+01,  9.01e+01)
65      0.177   4.14e-01   7.05e-01   4.26e-01   3.61e+00   3.83e+00 (  8.41e+01,  7.98e+01)
70      0.214   5.05e-01   7.49e-01   4.69e-01   4.78e+00   5.08e+00 (  7.99e+01,  6.91e+01)
75      0.260   6.36e-01   8.36e-01   5.14e-01   6.12e+00   6.25e+00 (  8.32e+01,  5.72e+01)
80      0.296   7.54e-01   9.21e-01   5.31e-01   7.28e+00   7.21e+00 (  8.60e+01,  4.52e+01)
85      0.276   7.14e-01   9.05e-01   5.21e-01   6.67e+00   7.87e+00 (  7.75e+01,  3.31e+01)
90      0.400   9.73e-01   1.52e+00   1.03e+00   1.17e+01   8.22e+00 (  2.12e+02,  2.12e+01)
95      0.236   4.90e-01   7.07e-01   5.12e-01   1.49e+01   8.33e+00 (  2.57e+02,  8.12e+00)
15 n: 1.214e-04 e: 2.603e-03 i: 1.304e-03 :: e: 5.501e-02 i: 1.099e-01 :: n: 2.583e+01 e:19.271 i:26.780 v:4.993e+03
>>> tau_he = 5.000000, nhe(0)=2.875332e+00
 5     -3.479   7.12e-03   4.32e-01   2.47e-03  -7.68e-02   5.02e-05 (  2.34e+00,  2.06e+01)
10    -14.685   4.11e-02   7.05e-02  -3.91e-03  -1.76e+00   2.96e-04 (  2.27e+01,  4.47e+01)
15     -2.425   1.52e-01   9.82e-02   1.50e-02  -1.91e+00   1.28e-03 (  8.47e+01,  6.74e+01)
20     -0.243   1.26e-01   9.15e-02   2.24e-02  -8.26e-01   4.67e-03 (  7.39e+01,  8.55e+01)
25     -0.058   1.66e-01   1.28e-01  -2.18e-03  -2.82e-01   1.50e-02 (  9.49e+01,  9.72e+01)
30     -0.044   1.92e-01   1.49e-01   5.82e-02  -2.12e-01   4.28e-02 (  1.03e+02,  1.05e+02)
35      0.003   2.21e-01   1.90e-01   1.08e-01   1.65e-02   1.10e-01 (  1.10e+02,  1.09e+02)
40      0.017   2.53e-01   2.45e-01   1.80e-01   9.38e-02   2.53e-01 (  1.14e+02,  1.11e+02)
45      0.061   2.65e-01   2.94e-01   2.00e-01   3.94e-01   5.27e-01 (  1.06e+02,  1.10e+02)
50      0.108   2.74e-01   3.47e-01   1.95e-01   8.58e-01   9.94e-01 (  9.15e+01,  1.06e+02)
55      0.116   2.83e-01   4.09e-01   2.43e-01   1.35e+00   1.70e+00 (  8.01e+01,  9.89e+01)
60      0.122   2.94e-01   4.72e-01   2.85e-01   2.04e+00   2.67e+00 (  6.94e+01,  9.01e+01)
65      0.154   3.49e-01   5.70e-01   3.42e-01   3.15e+00   3.83e+00 (  6.49e+01,  7.98e+01)
70      0.205   4.74e-01   7.04e-01   4.41e-01   4.60e+00   5.08e+00 (  6.83e+01,  6.91e+01)
75      0.250   6.09e-01   8.05e-01   5.02e-01   5.89e+00   6.25e+00 (  7.21e+01,  5.72e+01)
80      0.289   7.46e-01   9.08e-01   5.41e-01   7.13e+00   7.21e+00 (  7.62e+01,  4.52e+01)
85      0.284   7.43e-01   9.29e-01   5.63e-01   6.90e+00   7.87e+00 (  7.09e+01,  3.31e+01)
90      0.410   9.81e-01   1.53e+00   1.06e+00   1.21e+01   8.22e+00 (  2.06e+02,  2.12e+01)
95      0.236   4.90e-01   7.07e-01   5.12e-01   1.49e+01   8.33e+00 (  2.57e+02,  8.12e+00)
16 n: 9.778e-05 e: 2.380e-03 i: 1.014e-03 :: e: 8.763e-02 i: 1.633e-01 :: n: 2.601e+01 e:20.241 i:26.222 v:4.993e+03
>>> tau_he = 5.000000, nhe(0)=2.871544e+00
 5     -3.587   6.68e-03   4.26e-01   2.41e-03  -7.92e-02   5.02e-05 (  2.28e+00,  2.06e+01)
10    -15.881   4.69e-02   7.64e-02  -9.04e-04  -1.90e+00   2.96e-04 (  2.68e+01,  4.47e+01)
15     -3.497   1.64e-01   1.14e-01  -4.08e-02  -2.75e+00   1.28e-03 (  9.50e+01,  6.74e+01)
20     -0.320   2.56e-01   3.23e-01   1.08e-01  -1.10e+00   4.67e-03 (  1.59e+02,  8.55e+01)
25      0.089   2.60e-01   3.04e-01   1.44e-01   4.62e-01   1.50e-02 (  1.57e+02,  9.72e+01)
30      0.072   2.79e-01   3.23e-01   2.01e-01   3.78e-01   4.28e-02 (  1.59e+02,  1.05e+02)
35      0.021   2.38e-01   2.31e-01   1.28e-01   1.13e-01   1.10e-01 (  1.26e+02,  1.09e+02)
40      0.084   3.12e-01   4.06e-01   2.56e-01   4.98e-01   2.53e-01 (  1.50e+02,  1.11e+02)
45      0.079   2.91e-01   3.62e-01   2.37e-01   5.18e-01   5.27e-01 (  1.24e+02,  1.10e+02)
50      0.167   3.50e-01   5.47e-01   2.80e-01   1.34e+00   9.94e-01 (  1.27e+02,  1.06e+02)
55      0.118   3.13e-01   4.86e-01   2.87e-01   1.40e+00   1.70e+00 (  9.66e+01,  9.89e+01)
60      0.159   3.78e-01   6.81e-01   3.95e-01   2.70e+00   2.67e+00 (  9.77e+01,  9.01e+01)
65      0.180   4.20e-01   7.10e-01   4.29e-01   3.74e+00   3.83e+00 (  8.57e+01,  7.98e+01)
70      0.218   5.14e-01   7.58e-01   4.73e-01   4.93e+00   5.08e+00 (  8.08e+01,  6.91e+01)
75      0.263   6.43e-01   8.43e-01   5.18e-01   6.22e+00   6.25e+00 (  8.39e+01,  5.72e+01)
80      0.297   7.58e-01   9.25e-01   5.34e-01   7.34e+00   7.21e+00 (  8.63e+01,  4.52e+01)
85      0.279   7.23e-01   9.11e-01   5.23e-01   6.78e+00   7.87e+00 (  7.81e+01,  3.31e+01)
90      0.400   9.73e-01   1.52e+00   1.03e+00   1.18e+01   8.22e+00 (  2.12e+02,  2.12e+01)
95      0.236   4.90e-01   7.07e-01   5.12e-01   1.49e+01   8.33e+00 (  2.57e+02,  8.12e+00)
17 n: 1.400e-04 e: 2.096e-03 i: 1.352e-03 :: e: 4.687e-02 i: 9.391e-02 :: n: 2.596e+01 e:19.356 i:26.761 v:4.993e+03
>>> tau_he = 5.000000, nhe(0)=2.897178e+00
 5     -3.491   7.09e-03   4.34e-01   2.47e-03  -7.68e-02   5.02e-05 (  2.34e+00,  2.06e+01)
10    -14.591   4.04e-02   6.94e-02  -3.78e-03  -1.74e+00   2.96e-04 (  2.23e+01,  4.47e+01)
15     -2.405   1.52e-01   9.64e-02   1.44e-02  -1.89e+00   1.28e-03 (  8.43e+01,  6.74e+01)
20     -0.257   1.25e-01   9.02e-02   2.52e-02  -8.69e-01   4.67e-03 (  7.30e+01,  8.55e+01)
25     -0.058   1.67e-01   1.27e-01  -2.56e-03  -2.84e-01   1.50e-02 (  9.57e+01,  9.72e+01)
30     -0.036   1.93e-01   1.49e-01   5.25e-02  -1.86e-01   4.28e-02 (  1.05e+02,  1.05e+02)
35      0.011   2.24e-01   1.92e-01   1.04e-01   5.73e-02   1.10e-01 (  1.14e+02,  1.09e+02)
40      0.017   2.54e-01   2.44e-01   1.76e-01   9.87e-02   2.53e-01 (  1.15e+02,  1.11e+02)
45      0.059   2.67e-01   2.94e-01   2.01e-01   3.82e-01   5.27e-01 (  1.08e+02,  1.10e+02)
50      0.106   2.77e-01   3.46e-01   1.95e-01   8.42e-01   9.94e-01 (  9.43e+01,  1.06e+02)
55      0.115   2.88e-01   4.12e-01   2.43e-01   1.37e+00   1.70e+00 (  8.34e+01,  9.89e+01)
60      0.123   2.99e-01   4.78e-01   2.86e-01   2.08e+00   2.67e+00 (  7.18e+01,  9.01e+01)
65      0.174   3.88e-01   6.47e-01   3.92e-01   3.60e+00   3.83e+00 (  7.32e+01,  7.98e+01)
70      0.210   4.85e-01   7.17e-01   4.50e-01   4.74e+00   5.08e+00 (  7.01e+01,  6.91e+01)
75      0.253   6.16e-01   8.17e-01   5.10e-01   6.00e+00   6.25e+00 (  7.36e+01,  5.72e+01)
80      0.292   7.50e-01   9.18e-01   5.47e-01   7.20e+00   7.21e+00 (  7.74e+01,  4.52e+01)
85      0.287   7.50e-01   9.37e-01   5.67e-01   7.00e+00   7.87e+00 (  7.21e+01,  3.31e+01)
90      0.410   9.81e-01   1.53e+00   1.06e+00   1.21e+01   8.22e+00 (  2.07e+02,  2.12e+01)
95      0.236   4.90e-01   7.07e-01   5.12e-01   1.49e+01   8.33e+00 (  2.57e+02,  8.12e+00)
18 n: 6.218e-05 e: 2.263e-03 i: 8.461e-04 :: e: 7.280e-02 i: 1.337e-01 :: n: 2.610e+01 e:20.298 i:26.324 v:4.993e+03
>>> tau_he = 5.000000, nhe(0)=2.894054e+00
 5     -3.605   6.71e-03   4.31e-01   2.41e-03  -7.94e-02   5.02e-05 (  2.29e+00,  2.06e+01)
10    -15.719   4.63e-02   7.51e-02  -1.15e-03  -1.88e+00   2.96e-04 (  2.64e+01,  4.47e+01)
15     -3.443   1.67e-01   1.14e-01  -3.44e-02  -2.70e+00   1.28e-03 (  9.57e+01,  6.74e+01)
20     -0.417   1.35e-01   1.10e-01   1.20e-02  -1.43e+00   4.67e-03 (  8.28e+01,  8.55e+01)
25      0.087   2.62e-01   3.05e-01   1.40e-01   4.60e-01   1.50e-02 (  1.58e+02,  9.72e+01)
30      0.074   2.81e-01   3.23e-01   1.95e-01   4.04e-01   4.28e-02 (  1.62e+02,  1.05e+02)
35      0.095   2.91e-01   3.53e-01   2.16e-01   5.24e-01   1.10e-01 (  1.57e+02,  1.09e+02)
40      0.083   3.13e-01   4.03e-01   2.50e-01   5.11e-01   2.53e-01 (  1.52e+02,  1.11e+02)
45      0.078   2.92e-01   3.60e-01   2.37e-01   5.16e-01   5.27e-01 (  1.26e+02,  1.10e+02)
50      0.167   3.53e-01   5.45e-01   2.79e-01   1.34e+00   9.94e-01 (  1.30e+02,  1.06e+02)
55      0.119   3.17e-01   4.89e-01   2.90e-01   1.44e+00   1.70e+00 (  9.97e+01,  9.89e+01)
60      0.160   3.81e-01   6.82e-01   3.94e-01   2.74e+00   2.67e+00 (  9.97e+01,  9.01e+01)
65      0.182   4.22e-01   7.13e-01   4.31e-01   3.78e+00   3.83e+00 (  8.67e+01,  7.98e+01)
70      0.222   5.21e-01   7.72e-01   4.81e-01   5.04e+00   5.08e+00 (  8.23e+01,  6.91e+01)
75      0.266   6.49e-01   8.57e-01   5.28e-01   6.31e+00   6.25e+00 (  8.54e+01,  5.72e+01)
80      0.300   7.62e-01   9.36e-01   5.43e-01   7.40e+00   7.21e+00 (  8.75e+01,  4.52e+01)
85      0.282   7.29e-01   9.22e-01   5.31e-01   6.88e+00   7.87e+00 (  7.96e+01,  3.31e+01)
90      0.400   9.75e-01   1.52e+00   1.03e+00   1.18e+01   8.22e+00 (  2.13e+02,  2.12e+01)
95      0.236   4.90e-01   7.07e-01   5.12e-01   1.49e+01   8.33e+00 (  2.57e+02,  8.12e+00)
19 n: 1.042e-04 e: 1.664e-03 i: 1.194e-03 :: e: 4.169e-02 i: 8.106e-02 :: n: 2.603e+01 e:19.525 i:26.992 v:4.993e+03
>>> tau_he = 5.000000, nhe(0)=2.924530e+00
 5     -3.542   7.18e-03   4.45e-01   2.49e-03  -7.78e-02   5.02e-05 (  2.37e+00,  2.06e+01)
10    -14.487   4.02e-02   6.81e-02  -3.92e-03  -1.73e+00   2.96e-04 (  2.22e+01,  4.47e+01)
15     -2.436   1.55e-01   9.75e-02   1.41e-02  -1.91e+00   1.28e-03 (  8.60e+01,  6.74e+01)
20     -0.269   1.31e-01   9.74e-02   2.15e-02  -9.09e-01   4.67e-03 (  7.83e+01,  8.55e+01)
25     -0.055   1.69e-01   1.29e-01  -8.01e-03  -2.75e-01   1.50e-02 (  9.83e+01,  9.72e+01)
30     -0.033   1.95e-01   1.50e-01   4.90e-02  -1.73e-01   4.28e-02 (  1.07e+02,  1.05e+02)
35      0.009   2.26e-01   1.92e-01   1.02e-01   4.76e-02   1.10e-01 (  1.16e+02,  1.09e+02)
40      0.016   2.56e-01   2.44e-01   1.73e-01   9.71e-02   2.53e-01 (  1.18e+02,  1.11e+02)
45      0.063   2.71e-01   2.96e-01   2.03e-01   4.15e-01   5.27e-01 (  1.11e+02,  1.10e+02)
50      0.110   2.85e-01   3.47e-01   1.97e-01   8.70e-01   9.94e-01 (  9.87e+01,  1.06e+02)
55      0.116   2.93e-01   4.18e-01   2.44e-01   1.40e+00   1.70e+00 (  8.71e+01,  9.89e+01)
60      0.124   3.04e-01   4.85e-01   2.88e-01   2.13e+00   2.67e+00 (  7.44e+01,  9.01e+01)
65      0.176   3.92e-01   6.53e-01   3.96e-01   3.64e+00   3.83e+00 (  7.48e+01,  7.98e+01)
70      0.214   4.93e-01   7.32e-01   4.60e-01   4.84e+00   5.08e+00 (  7.22e+01,  6.91e+01)
75      0.257   6.23e-01   8.33e-01   5.21e-01   6.09e+00   6.25e+00 (  7.56e+01,  5.72e+01)
80      0.295   7.54e-01   9.32e-01   5.58e-01   7.28e+00   7.21e+00 (  7.92e+01,  4.52e+01)
85      0.289   7.52e-01   9.47e-01   5.73e-01   7.06e+00   7.87e+00 (  7.38e+01,  3.31e+01)
90      0.409   9.80e-01   1.53e+00   1.05e+00   1.20e+01   8.22e+00 (  2.08e+02,  2.12e+01)
95      0.236   4.90e-01   7.07e-01   5.12e-01   1.49e+01   8.33e+00 (  2.57e+02,  8.12e+00)
20 n: 5.782e-05 e: 2.113e-03 i: 6.948e-04 :: e: 6.204e-02 i: 1.133e-01 :: n: 2.616e+01 e:20.453 i:26.631 v:4.993e+03
>>> tau_he = 5.000000, nhe(0)=2.924757e+00
 5     -3.689   6.86e-03   4.43e-01   2.45e-03  -8.10e-02   5.02e-05 (  2.35e+00,  2.06e+01)
10    -15.725   4.65e-02   7.47e-02  -1.36e-03  -1.87e+00   2.96e-04 (  2.66e+01,  4.47e+01)
15     -3.504   1.70e-01   1.16e-01  -3.50e-02  -2.75e+00   1.28e-03 (  9.77e+01,  6.74e+01)
20     -0.362   2.68e-01   3.37e-01   1.10e-01  -1.24e+00   4.67e-03 (  1.68e+02,  8.55e+01)
25      0.088   2.66e-01   3.08e-01   1.40e-01   4.70e-01   1.50e-02 (  1.63e+02,  9.72e+01)
30      0.076   2.83e-01   3.22e-01   1.89e-01   4.32e-01   4.28e-02 (  1.64e+02,  1.05e+02)
35      0.096   2.98e-01   3.45e-01   2.13e-01   5.48e-01   1.10e-01 (  1.62e+02,  1.09e+02)
40      0.083   3.15e-01   4.00e-01   2.44e-01   5.23e-01   2.53e-01 (  1.54e+02,  1.11e+02)
45      0.077   2.95e-01   3.59e-01   2.38e-01   5.13e-01   5.27e-01 (  1.29e+02,  1.10e+02)
50      0.168   3.58e-01   5.46e-01   2.79e-01   1.34e+00   9.94e-01 (  1.33e+02,  1.06e+02)
55      0.120   3.22e-01   4.93e-01   2.91e-01   1.47e+00   1.70e+00 (  1.03e+02,  9.89e+01)
60      0.161   3.86e-01   6.87e-01   3.96e-01   2.79e+00   2.67e+00 (  1.02e+02,  9.01e+01)
65      0.184   4.27e-01   7.20e-01   4.36e-01   3.83e+00   3.83e+00 (  8.83e+01,  7.98e+01)
70      0.226   5.28e-01   7.87e-01   4.91e-01   5.12e+00   5.08e+00 (  8.40e+01,  6.91e+01)
75      0.269   6.53e-01   8.72e-01   5.39e-01   6.37e+00   6.25e+00 (  8.70e+01,  5.72e+01)
80      0.302   7.64e-01   9.50e-01   5.55e-01   7.45e+00   7.21e+00 (  8.90e+01,  4.52e+01)
85      0.285   7.34e-01   9.35e-01   5.43e-01   6.96e+00   7.87e+00 (  8.14e+01,  3.31e+01)
90      0.399   9.74e-01   1.51e+00   1.03e+00   1.18e+01   8.22e+00 (  2.14e+02,  2.12e+01)
95      0.236   4.90e-01   7.07e-01   5.12e-01   1.49e+01   8.33e+00 (  2.57e+02,  8.12e+00)
21 n: 8.504e-05 e: 1.515e-03 i: 1.247e-03 :: e: 5.112e-02 i: 7.863e-02 :: n: 2.607e+01 e:19.688 i:27.127 v:4.993e+03
>>> tau_he = 5.000000, nhe(0)=2.940825e+00
 5     -3.628   7.26e-03   4.50e-01   2.51e-03  -7.95e-02   5.02e-05 (  2.42e+00,  2.06e+01)
10    -14.805   4.15e-02   7.02e-02  -3.28e-03  -1.76e+00   2.96e-04 (  2.31e+01,  4.47e+01)
15     -2.458   1.57e-01   9.87e-02   1.44e-02  -1.92e+00   1.28e-03 (  8.72e+01,  6.74e+01)
20     -0.305   1.31e-01   9.57e-02   2.58e-02  -1.03e+00   4.67e-03 (  7.81e+01,  8.55e+01)
25     -0.056   1.72e-01   1.31e-01  -9.97e-03  -2.81e-01   1.50e-02 (  1.01e+02,  9.72e+01)
30     -0.029   1.98e-01   1.51e-01   4.47e-02  -1.60e-01   4.28e-02 (  1.10e+02,  1.05e+02)
35      0.010   2.29e-01   1.93e-01   9.98e-02   5.35e-02   1.10e-01 (  1.19e+02,  1.09e+02)
40      0.016   2.59e-01   2.45e-01   1.71e-01   1.01e-01   2.53e-01 (  1.21e+02,  1.11e+02)
45      0.063   2.76e-01   2.99e-01   2.07e-01   4.13e-01   5.27e-01 (  1.15e+02,  1.10e+02)
50      0.112   2.91e-01   3.51e-01   1.96e-01   8.85e-01   9.94e-01 (  1.02e+02,  1.06e+02)
55      0.117   3.00e-01   4.25e-01   2.51e-01   1.44e+00   1.70e+00 (  9.11e+01,  9.89e+01)
60      0.127   3.11e-01   4.95e-01   2.92e-01   2.18e+00   2.67e+00 (  7.75e+01,  9.01e+01)
65      0.178   3.98e-01   6.64e-01   4.03e-01   3.69e+00   3.83e+00 (  7.71e+01,  7.98e+01)
70      0.218   5.02e-01   7.49e-01   4.72e-01   4.93e+00   5.08e+00 (  7.44e+01,  6.91e+01)
75      0.261   6.30e-01   8.51e-01   5.33e-01   6.17e+00   6.25e+00 (  7.79e+01,  5.72e+01)
80      0.298   7.56e-01   9.48e-01   5.70e-01   7.34e+00   7.21e+00 (  8.13e+01,  4.52e+01)
85      0.292   7.54e-01   9.60e-01   5.84e-01   7.14e+00   7.87e+00 (  7.59e+01,  3.31e+01)
90      0.409   9.81e-01   1.53e+00   1.04e+00   1.21e+01   8.22e+00 (  2.09e+02,  2.12e+01)
95      0.236   4.90e-01   7.07e-01   5.12e-01   1.49e+01   8.33e+00 (  2.57e+02,  8.12e+00)
22 n: 5.300e-05 e: 1.861e-03 i: 6.206e-04 :: e: 5.385e-02 i: 9.674e-02 :: n: 2.618e+01 e:20.526 i:26.784 v:4.993e+03
>>> tau_he = 5.000000, nhe(0)=2.939630e+00
 5     -3.731   6.93e-03   4.48e-01   2.46e-03  -8.18e-02   5.02e-05 (  2.38e+00,  2.06e+01)
10    -15.726   4.66e-02   7.48e-02  -1.26e-03  -1.87e+00   2.96e-04 (  2.66e+01,  4.47e+01)
15     -3.469   1.71e-01   1.17e-01  -3.02e-02  -2.71e+00   1.28e-03 (  9.72e+01,  6.74e+01)
20     -0.440   1.41e-01   1.12e-01   5.17e-03  -1.50e+00   4.67e-03 (  8.72e+01,  8.55e+01)
25      0.088   2.69e-01   3.10e-01   1.38e-01   4.76e-01   1.50e-02 (  1.65e+02,  9.72e+01)
30      0.079   2.86e-01   3.23e-01   1.85e-01   4.61e-01   4.28e-02 (  1.67e+02,  1.05e+02)
35      0.096   3.01e-01   3.44e-01   2.16e-01   5.56e-01   1.10e-01 (  1.64e+02,  1.09e+02)
40      0.084   3.17e-01   3.99e-01   2.40e-01   5.37e-01   2.53e-01 (  1.56e+02,  1.11e+02)
45      0.068   2.98e-01   3.58e-01   2.42e-01   4.53e-01   5.27e-01 (  1.32e+02,  1.10e+02)
50      0.170   3.63e-01   5.48e-01   2.80e-01   1.35e+00   9.94e-01 (  1.37e+02,  1.06e+02)
55      0.122   3.28e-01   4.98e-01   2.93e-01   1.51e+00   1.70e+00 (  1.07e+02,  9.89e+01)
60      0.164   3.92e-01   6.95e-01   3.99e-01   2.85e+00   2.67e+00 (  1.05e+02,  9.01e+01)
65      0.187   4.32e-01   7.30e-01   4.43e-01   3.87e+00   3.83e+00 (  9.03e+01,  7.98e+01)
70      0.229   5.35e-01   8.03e-01   5.03e-01   5.19e+00   5.08e+00 (  8.60e+01,  6.91e+01)
75      0.271   6.59e-01   8.89e-01   5.52e-01   6.42e+00   6.25e+00 (  8.92e+01,  5.72e+01)
80      0.304   7.65e-01   9.66e-01   5.68e-01   7.48e+00   7.21e+00 (  9.09e+01,  4.52e+01)
85      0.287   7.36e-01   9.49e-01   5.57e-01   7.02e+00   7.87e+00 (  8.35e+01,  3.31e+01)
90      0.400   9.76e-01   1.52e+00   1.03e+00   1.18e+01   8.22e+00 (  2.16e+02,  2.12e+01)
95      0.236   4.90e-01   7.07e-01   5.12e-01   1.49e+01   8.33e+00 (  2.57e+02,  8.12e+00)
23 n: 7.678e-05 e: 1.223e-03 i: 9.956e-04 :: e: 4.587e-02 i: 6.571e-02 :: n: 2.609e+01 e:19.852 i:27.384 v:4.993e+03
>>> tau_he = 5.000000, nhe(0)=2.960282e+00
 5     -3.681   7.36e-03   4.61e-01   2.54e-03  -8.05e-02   5.02e-05 (  2.46e+00,  2.06e+01)
10    -14.708   4.11e-02   6.92e-02  -3.50e-03  -1.75e+00   2.96e-04 (  2.28e+01,  4.47e+01)
15     -2.479   1.61e-01   1.00e-01   1.44e-02  -1.93e+00   1.28e-03 (  8.90e+01,  6.74e+01)
20     -0.233   1.37e-01   1.01e-01   1.97e-02  -7.81e-01   4.67e-03 (  8.31e+01,  8.55e+01)
25     -0.054   1.75e-01   1.33e-01  -1.31e-02  -2.74e-01   1.50e-02 (  1.03e+02,  9.72e+01)
30     -0.026   2.00e-01   1.53e-01   4.23e-02  -1.46e-01   4.28e-02 (  1.12e+02,  1.05e+02)
35      0.010   2.32e-01   1.94e-01   9.82e-02   5.69e-02   1.10e-01 (  1.21e+02,  1.09e+02)
40      0.017   2.63e-01   2.46e-01   1.69e-01   1.09e-01   2.53e-01 (  1.24e+02,  1.11e+02)
45      0.063   2.80e-01   3.03e-01   2.11e-01   4.19e-01   5.27e-01 (  1.19e+02,  1.10e+02)
50      0.113   2.96e-01   3.55e-01   1.99e-01   8.89e-01   9.94e-01 (  1.06e+02,  1.06e+02)
55      0.119   3.06e-01   4.33e-01   2.55e-01   1.47e+00   1.70e+00 (  9.49e+01,  9.89e+01)
60      0.129   3.18e-01   5.04e-01   2.97e-01   2.22e+00   2.67e+00 (  8.06e+01,  9.01e+01)
65      0.181   4.05e-01   6.75e-01   4.11e-01   3.74e+00   3.83e+00 (  7.94e+01,  7.98e+01)
70      0.222   5.09e-01   7.66e-01   4.84e-01   5.00e+00   5.08e+00 (  7.68e+01,  6.91e+01)
75      0.264   6.35e-01   8.68e-01   5.46e-01   6.23e+00   6.25e+00 (  8.03e+01,  5.72e+01)
80      0.301   7.58e-01   9.64e-01   5.84e-01   7.39e+00   7.21e+00 (  8.35e+01,  4.52e+01)
85      0.294   7.55e-01   9.74e-01   5.97e-01   7.19e+00   7.87e+00 (  7.82e+01,  3.31e+01)
90      0.409   9.82e-01   1.53e+00   1.05e+00   1.21e+01   8.22e+00 (  2.11e+02,  2.12e+01)
95      0.236   4.90e-01   7.07e-01   5.12e-01   1.49e+01   8.33e+00 (  2.57e+02,  8.12e+00)
24 n: 5.153e-05 e: 1.656e-03 i: 5.328e-04 :: e: 4.519e-02 i: 8.091e-02 :: n: 2.619e+01 e:20.667 i:27.099 v:4.993e+03
>>> tau_he = 5.000000, nhe(0)=2.960922e+00
 5     -3.811   7.09e-03   4.61e-01   2.50e-03  -8.34e-02   5.02e-05 (  2.44e+00,  2.06e+01)
10    -15.726   4.68e-02   7.45e-02  -1.48e-03  -1.87e+00   2.96e-04 (  2.67e+01,  4.47e+01)
15     -3.512   1.74e-01   1.19e-01  -2.98e-02  -2.74e+00   1.28e-03 (  9.91e+01,  6.74e+01)
20     -0.378   2.80e-01   3.51e-01   1.12e-01  -1.29e+00   4.67e-03 (  1.77e+02,  8.55e+01)
25      0.089   2.73e-01   3.14e-01   1.38e-01   4.85e-01   1.50e-02 (  1.69e+02,  9.72e+01)
30      0.080   2.88e-01   3.24e-01   1.81e-01   4.81e-01   4.28e-02 (  1.69e+02,  1.05e+02)
35      0.023   2.46e-01   2.27e-01   1.19e-01   1.36e-01   1.10e-01 (  1.35e+02,  1.09e+02)
40      0.084   3.20e-01   3.97e-01   2.36e-01   5.51e-01   2.53e-01 (  1.58e+02,  1.11e+02)
45      0.068   3.01e-01   3.57e-01   2.43e-01   4.59e-01   5.27e-01 (  1.34e+02,  1.10e+02)
50      0.171   3.67e-01   5.49e-01   2.81e-01   1.36e+00   9.94e-01 (  1.40e+02,  1.06e+02)
55      0.123   3.33e-01   5.02e-01   2.94e-01   1.53e+00   1.70e+00 (  1.10e+02,  9.89e+01)
60      0.166   3.97e-01   7.01e-01   4.03e-01   2.88e+00   2.67e+00 (  1.08e+02,  9.01e+01)
65      0.189   4.37e-01   7.40e-01   4.49e-01   3.90e+00   3.83e+00 (  9.21e+01,  7.98e+01)
70      0.232   5.39e-01   8.17e-01   5.13e-01   5.22e+00   5.08e+00 (  8.76e+01,  6.91e+01)
75      0.273   6.61e-01   9.05e-01   5.63e-01   6.44e+00   6.25e+00 (  9.09e+01,  5.72e+01)
80      0.305   7.66e-01   9.80e-01   5.82e-01   7.50e+00   7.21e+00 (  9.26e+01,  4.52e+01)
85      0.289   7.38e-01   9.63e-01   5.71e-01   7.06e+00   7.87e+00 (  8.54e+01,  3.31e+01)
90      0.401   9.78e-01   1.52e+00   1.03e+00   1.18e+01   8.22e+00 (  2.17e+02,  2.12e+01)
95      0.236   4.90e-01   7.07e-01   5.12e-01   1.49e+01   8.33e+00 (  2.57e+02,  8.12e+00)
25 n: 6.901e-05 e: 1.184e-03 i: 1.215e-03 :: e: 5.634e-02 i: 7.042e-02 :: n: 2.609e+01 e:19.997 i:27.530 v:4.993e+03
>>> tau_he = 5.000000, nhe(0)=2.968626e+00
 5     -3.760   7.45e-03   4.67e-01   2.56e-03  -8.21e-02   5.02e-05 (  2.51e+00,  2.06e+01)
10    -14.986   4.21e-02   7.11e-02  -3.00e-03  -1.78e+00   2.96e-04 (  2.34e+01,  4.47e+01)
15     -2.525   1.67e-01   1.02e-01   1.50e-02  -1.97e+00   1.28e-03 (  9.23e+01,  6.74e+01)
20     -0.321   1.36e-01   9.95e-02   2.92e-02  -1.08e+00   4.67e-03 (  8.18e+01,  8.55e+01)
25     -0.055   1.77e-01   1.34e-01  -1.22e-02  -2.79e-01   1.50e-02 (  1.04e+02,  9.72e+01)
30     -0.024   2.04e-01   1.55e-01   3.85e-02  -1.36e-01   4.28e-02 (  1.16e+02,  1.05e+02)
35      0.015   2.38e-01   2.00e-01   9.77e-02   8.51e-02   1.10e-01 (  1.27e+02,  1.09e+02)
40      0.019   2.66e-01   2.50e-01   1.68e-01   1.21e-01   2.53e-01 (  1.27e+02,  1.11e+02)
45      0.064   2.84e-01   3.06e-01   2.15e-01   4.26e-01   5.27e-01 (  1.22e+02,  1.10e+02)
50      0.115   3.02e-01   3.60e-01   2.02e-01   8.96e-01   9.94e-01 (  1.09e+02,  1.06e+02)
55      0.120   3.12e-01   4.40e-01   2.58e-01   1.49e+00   1.70e+00 (  9.83e+01,  9.89e+01)
60      0.126   3.15e-01   5.11e-01   2.96e-01   2.16e+00   2.67e+00 (  8.10e+01,  9.01e+01)
65      0.184   4.10e-01   6.86e-01   4.19e-01   3.77e+00   3.83e+00 (  8.17e+01,  7.98e+01)
70      0.225   5.15e-01   7.81e-01   4.95e-01   5.04e+00   5.08e+00 (  7.89e+01,  6.91e+01)
75      0.267   6.38e-01   8.84e-01   5.58e-01   6.26e+00   6.25e+00 (  8.25e+01,  5.72e+01)
80      0.303   7.58e-01   9.79e-01   5.96e-01   7.42e+00   7.21e+00 (  8.55e+01,  4.52e+01)
85      0.295   7.55e-01   9.87e-01   6.09e-01   7.23e+00   7.87e+00 (  8.05e+01,  3.31e+01)
90      0.409   9.84e-01   1.54e+00   1.05e+00   1.21e+01   8.22e+00 (  2.13e+02,  2.12e+01)
95      0.236   4.90e-01   7.07e-01   5.12e-01   1.49e+01   8.33e+00 (  2.57e+02,  8.12e+00)
26 n: 7.472e-05 e: 1.415e-03 i: 4.936e-04 :: e: 4.187e-02 i: 6.900e-02 :: n: 2.617e+01 e:20.726 i:27.257 v:4.993e+03
>>> tau_he = 5.000000, nhe(0)=2.966389e+00
 5     -3.845   7.15e-03   4.66e-01   2.51e-03  -8.41e-02   5.02e-05 (  2.46e+00,  2.06e+01)
10    -15.704   4.69e-02   7.46e-02  -1.44e-03  -1.86e+00   2.96e-04 (  2.67e+01,  4.47e+01)
15     -2.674   1.75e-01   1.14e-01   2.26e-02  -2.08e+00   1.28e-03 (  9.87e+01,  6.74e+01)
20     -0.451   1.45e-01   1.15e-01   9.60e-03  -1.53e+00   4.67e-03 (  8.99e+01,  8.55e+01)
25      0.086   2.74e-01   3.16e-01   1.34e-01   4.68e-01   1.50e-02 (  1.68e+02,  9.72e+01)
30      0.082   2.93e-01   3.27e-01   1.80e-01   4.93e-01   4.28e-02 (  1.73e+02,  1.05e+02)
35      0.100   3.10e-01   3.51e-01   2.13e-01   5.86e-01   1.10e-01 (  1.72e+02,  1.09e+02)
40      0.085   3.23e-01   3.98e-01   2.34e-01   5.60e-01   2.53e-01 (  1.62e+02,  1.11e+02)
45      0.068   3.04e-01   3.58e-01   2.45e-01   4.64e-01   5.27e-01 (  1.37e+02,  1.10e+02)
50      0.173   3.72e-01   5.52e-01   2.82e-01   1.37e+00   9.94e-01 (  1.42e+02,  1.06e+02)
55      0.125   3.38e-01   5.06e-01   2.96e-01   1.56e+00   1.70e+00 (  1.13e+02,  9.89e+01)
60      0.168   4.03e-01   7.08e-01   4.07e-01   2.92e+00   2.67e+00 (  1.11e+02,  9.01e+01)
65      0.191   4.42e-01   7.48e-01   4.55e-01   3.92e+00   3.83e+00 (  9.37e+01,  7.98e+01)
70      0.234   5.42e-01   8.29e-01   5.22e-01   5.23e+00   5.08e+00 (  8.91e+01,  6.91e+01)
75      0.275   6.62e-01   9.18e-01   5.74e-01   6.44e+00   6.25e+00 (  9.23e+01,  5.72e+01)
80      0.307   7.65e-01   9.93e-01   5.94e-01   7.50e+00   7.21e+00 (  9.40e+01,  4.52e+01)
85      0.290   7.39e-01   9.75e-01   5.84e-01   7.08e+00   7.87e+00 (  8.71e+01,  3.31e+01)
90      0.402   9.80e-01   1.53e+00   1.04e+00   1.19e+01   8.22e+00 (  2.19e+02,  2.12e+01)
95      0.236   4.90e-01   7.07e-01   5.12e-01   1.49e+01   8.33e+00 (  2.57e+02,  8.12e+00)
27 n: 6.477e-05 e: 9.398e-04 i: 7.928e-04 :: e: 5.289e-02 i: 6.758e-02 :: n: 2.606e+01 e:20.131 i:27.773 v:4.993e+03
>>> tau_he = 5.000000, nhe(0)=2.977994e+00
 5     -3.803   7.54e-03   4.77e-01   2.58e-03  -8.30e-02   5.02e-05 (  2.54e+00,  2.06e+01)
10    -14.751   4.47e-02   6.90e-02  -3.11e-03  -1.75e+00   2.96e-04 (  2.48e+01,  4.47e+01)
15     -2.527   1.71e-01   1.04e-01   1.52e-02  -1.97e+00   1.28e-03 (  9.38e+01,  6.74e+01)
20     -0.240   1.43e-01   1.05e-01   2.05e-02  -8.03e-01   4.67e-03 (  8.66e+01,  8.55e+01)
25     -0.026   1.58e-01   1.19e-01   3.22e-02  -1.31e-01   1.50e-02 (  9.41e+01,  9.72e+01)
30     -0.023   2.06e-01   1.57e-01   3.79e-02  -1.34e-01   4.28e-02 (  1.17e+02,  1.05e+02)
35      0.012   2.40e-01   2.01e-01   9.85e-02   6.67e-02   1.10e-01 (  1.28e+02,  1.09e+02)
40      0.019   2.70e-01   2.52e-01   1.68e-01   1.22e-01   2.53e-01 (  1.30e+02,  1.11e+02)
45      0.064   2.89e-01   3.10e-01   2.18e-01   4.33e-01   5.27e-01 (  1.25e+02,  1.10e+02)
50      0.116   3.07e-01   3.65e-01   2.06e-01   9.04e-01   9.94e-01 (  1.12e+02,  1.06e+02)
55      0.122   3.18e-01   4.48e-01   2.63e-01   1.52e+00   1.70e+00 (  1.01e+02,  9.89e+01)
60      0.127   3.20e-01   5.19e-01   3.00e-01   2.18e+00   2.67e+00 (  8.34e+01,  9.01e+01)
65      0.186   4.16e-01   6.97e-01   4.26e-01   3.79e+00   3.83e+00 (  8.37e+01,  7.98e+01)
70      0.228   5.19e-01   7.94e-01   5.05e-01   5.07e+00   5.08e+00 (  8.08e+01,  6.91e+01)
75      0.269   6.41e-01   8.98e-01   5.69e-01   6.28e+00   6.25e+00 (  8.44e+01,  5.72e+01)
80      0.305   7.58e-01   9.92e-01   6.07e-01   7.43e+00   7.21e+00 (  8.74e+01,  4.52e+01)
85      0.306   7.75e-01   1.03e+00   6.46e-01   7.48e+00   7.87e+00 (  8.48e+01,  3.31e+01)
90      0.410   9.85e-01   1.54e+00   1.05e+00   1.21e+01   8.22e+00 (  2.15e+02,  2.12e+01)
95      0.236   4.90e-01   7.07e-01   5.12e-01   1.49e+01   8.33e+00 (  2.57e+02,  8.12e+00)
28 n: 9.555e-05 e: 1.214e-03 i: 4.682e-04 :: e: 3.971e-02 i: 6.605e-02 :: n: 2.614e+01 e:20.828 i:27.547 v:4.993e+03
>>> tau_he = 5.000000, nhe(0)=2.979369e+00
 5     -3.916   7.31e-03   4.77e-01   2.55e-03  -8.56e-02   5.02e-05 (  2.52e+00,  2.06e+01)
10    -15.663   4.71e-02   7.43e-02  -1.66e-03  -1.86e+00   2.96e-04 (  2.67e+01,  4.47e+01)
15     -3.661   1.76e-01   1.13e-01   2.66e-02  -2.85e+00   1.28e-03 (  9.89e+01,  6.74e+01)
20     -0.383   2.90e-01   3.62e-01   1.13e-01  -1.30e+00   4.67e-03 (  1.82e+02,  8.55e+01)
25      0.090   2.80e-01   3.20e-01   1.36e-01   4.96e-01   1.50e-02 (  1.73e+02,  9.72e+01)
30      0.083   2.95e-01   3.28e-01   1.78e-01   5.08e-01   4.28e-02 (  1.74e+02,  1.05e+02)
35      0.098   3.12e-01   3.49e-01   2.16e-01   5.80e-01   1.10e-01 (  1.73e+02,  1.09e+02)
40      0.086   3.25e-01   3.98e-01   2.32e-01   5.71e-01   2.53e-01 (  1.63e+02,  1.11e+02)
45      0.069   3.06e-01   3.58e-01   2.46e-01   4.72e-01   5.27e-01 (  1.38e+02,  1.10e+02)
50      0.175   3.75e-01   5.53e-01   2.83e-01   1.38e+00   9.94e-01 (  1.44e+02,  1.06e+02)
55      0.126   3.41e-01   5.10e-01   2.97e-01   1.58e+00   1.70e+00 (  1.15e+02,  9.89e+01)
60      0.170   4.07e-01   7.14e-01   4.11e-01   2.94e+00   2.67e+00 (  1.12e+02,  9.01e+01)
65      0.193   4.45e-01   7.56e-01   4.61e-01   3.93e+00   3.83e+00 (  9.49e+01,  7.98e+01)
70      0.236   5.44e-01   8.39e-01   5.30e-01   5.23e+00   5.08e+00 (  9.02e+01,  6.91e+01)
75      0.276   6.62e-01   9.30e-01   5.83e-01   6.43e+00   6.25e+00 (  9.35e+01,  5.72e+01)
80      0.307   7.63e-01   1.00e+00   6.05e-01   7.48e+00   7.21e+00 (  9.52e+01,  4.52e+01)
85      0.295   7.48e-01   9.98e-01   6.09e-01   7.18e+00   7.87e+00 (  8.97e+01,  3.31e+01)
90      0.402   9.82e-01   1.53e+00   1.04e+00   1.19e+01   8.22e+00 (  2.21e+02,  2.12e+01)
95      0.236   4.90e-01   7.07e-01   5.12e-01   1.49e+01   8.33e+00 (  2.57e+02,  8.12e+00)
29 n: 5.748e-05 e: 9.391e-04 i: 9.862e-04 :: e: 6.505e-02 i: 7.900e-02 :: n: 2.603e+01 e:20.225 i:27.847 v:4.993e+03
>>> tau_he = 5.000000, nhe(0)=2.976664e+00
 5     -3.868   7.60e-03   4.79e-01   2.60e-03  -8.44e-02   5.02e-05 (  2.58e+00,  2.06e+01)
10    -15.034   4.58e-02   7.13e-02  -2.54e-03  -1.78e+00   2.96e-04 (  2.55e+01,  4.47e+01)
15     -2.519   1.73e-01   1.06e-01   1.59e-02  -1.96e+00   1.28e-03 (  9.43e+01,  6.74e+01)
20     -0.291   1.42e-01   1.04e-01   3.06e-02  -9.72e-01   4.67e-03 (  8.47e+01,  8.55e+01)
25     -0.026   1.60e-01   1.20e-01   3.22e-02  -1.31e-01   1.50e-02 (  9.54e+01,  9.72e+01)
30     -0.021   2.09e-01   1.59e-01   3.62e-02  -1.24e-01   4.28e-02 (  1.19e+02,  1.05e+02)
35      0.012   2.42e-01   2.03e-01   9.82e-02   6.80e-02   1.10e-01 (  1.30e+02,  1.09e+02)
40      0.020   2.73e-01   2.54e-01   1.68e-01   1.30e-01   2.53e-01 (  1.32e+02,  1.11e+02)
45      0.065   2.92e-01   3.14e-01   2.22e-01   4.43e-01   5.27e-01 (  1.27e+02,  1.10e+02)
50      0.118   3.11e-01   3.71e-01   2.09e-01   9.14e-01   9.94e-01 (  1.15e+02,  1.06e+02)
55      0.124   3.23e-01   4.55e-01   2.67e-01   1.54e+00   1.70e+00 (  1.04e+02,  9.89e+01)
60      0.128   3.25e-01   5.25e-01   3.04e-01   2.19e+00   2.67e+00 (  8.54e+01,  9.01e+01)
65      0.188   4.21e-01   7.07e-01   4.33e-01   3.80e+00   3.83e+00 (  8.55e+01,  7.98e+01)
70      0.230   5.23e-01   8.06e-01   5.14e-01   5.08e+00   5.08e+00 (  8.24e+01,  6.91e+01)
75      0.271   6.44e-01   9.10e-01   5.78e-01   6.29e+00   6.25e+00 (  8.63e+01,  5.72e+01)
80      0.306   7.56e-01   1.00e+00   6.17e-01   7.42e+00   7.21e+00 (  8.89e+01,  4.52e+01)
85      0.313   7.78e-01   1.06e+00   6.59e-01   7.62e+00   7.87e+00 (  8.70e+01,  3.31e+01)
90      0.410   9.87e-01   1.54e+00   1.05e+00   1.21e+01   8.22e+00 (  2.17e+02,  2.12e+01)
95      0.236   4.90e-01   7.07e-01   5.12e-01   1.49e+01   8.33e+00 (  2.57e+02,  8.12e+00)
30 n: 1.117e-04 e: 9.683e-04 i: 4.422e-04 :: e: 3.857e-02 i: 6.654e-02 :: n: 2.610e+01 e:20.815 i:27.614 v:4.993e+03
>>> tau_he = 5.000000, nhe(0)=2.976450e+00
 5     -3.926   7.35e-03   4.79e-01   2.56e-03  -8.58e-02   5.02e-05 (  2.53e+00,  2.06e+01)
10    -15.623   4.71e-02   7.45e-02  -1.55e-03  -1.85e+00   2.96e-04 (  2.66e+01,  4.47e+01)
15     -2.625   1.79e-01   1.16e-01   2.24e-02  -2.05e+00   1.28e-03 (  9.94e+01,  6.74e+01)
20     -0.461   1.48e-01   1.13e-01   2.69e-02  -1.56e+00   4.67e-03 (  9.12e+01,  8.55e+01)
25      0.088   2.80e-01   3.21e-01   1.33e-01   4.85e-01   1.50e-02 (  1.72e+02,  9.72e+01)
30      0.085   2.97e-01   3.29e-01   1.76e-01   5.27e-01   4.28e-02 (  1.75e+02,  1.05e+02)
35      0.099   3.13e-01   3.49e-01   2.15e-01   5.85e-01   1.10e-01 (  1.73e+02,  1.09e+02)
40      0.087   3.27e-01   3.98e-01   2.31e-01   5.81e-01   2.53e-01 (  1.64e+02,  1.11e+02)
45      0.070   3.08e-01   3.59e-01   2.47e-01   4.80e-01   5.27e-01 (  1.39e+02,  1.10e+02)
50      0.177   3.78e-01   5.55e-01   2.85e-01   1.38e+00   9.94e-01 (  1.46e+02,  1.06e+02)
55      0.174   4.00e-01   6.68e-01   3.63e-01   2.17e+00   1.70e+00 (  1.35e+02,  9.89e+01)
60      0.171   4.10e-01   7.19e-01   4.14e-01   2.96e+00   2.67e+00 (  1.14e+02,  9.01e+01)
65      0.194   4.47e-01   7.62e-01   4.66e-01   3.92e+00   3.83e+00 (  9.58e+01,  7.98e+01)
70      0.237   5.46e-01   8.48e-01   5.37e-01   5.22e+00   5.08e+00 (  9.11e+01,  6.91e+01)
75      0.277   6.62e-01   9.39e-01   5.92e-01   6.41e+00   6.25e+00 (  9.45e+01,  5.72e+01)
80      0.308   7.62e-01   1.01e+00   6.14e-01   7.45e+00   7.21e+00 (  9.61e+01,  4.52e+01)
85      0.300   7.57e-01   1.02e+00   6.30e-01   7.26e+00   7.87e+00 (  9.21e+01,  3.31e+01)
90      0.403   9.84e-01   1.53e+00   1.04e+00   1.19e+01   8.22e+00 (  2.22e+02,  2.12e+01)
95      0.236   4.90e-01   7.07e-01   5.12e-01   1.49e+01   8.33e+00 (  2.57e+02,  8.12e+00)
31 n: 2.149e-04 e: 7.382e-04 i: 6.255e-04 :: e: 6.095e-02 i: 8.262e-02 :: n: 2.596e+01 e:20.299 i:28.009 v:4.993e+03
>>> tau_he = 5.000000, nhe(0)=2.972971e+00
 5     -3.884   7.66e-03   4.86e-01   2.62e-03  -8.47e-02   5.02e-05 (  2.59e+00,  2.06e+01)
10    -14.870   4.53e-02   7.01e-02  -2.90e-03  -1.76e+00   2.96e-04 (  2.50e+01,  4.47e+01)
15     -2.502   1.75e-01   1.08e-01   1.65e-02  -1.95e+00   1.28e-03 (  9.51e+01,  6.74e+01)
20     -0.442   1.46e-01   1.06e-01   2.47e-02  -1.48e+00   4.67e-03 (  8.81e+01,  8.55e+01)
25     -0.024   1.62e-01   1.23e-01   3.26e-02  -1.26e-01   1.50e-02 (  9.65e+01,  9.72e+01)
30     -0.019   2.10e-01   1.60e-01   3.65e-02  -1.10e-01   4.28e-02 (  1.19e+02,  1.05e+02)
35      0.013   2.44e-01   2.04e-01   9.92e-02   7.23e-02   1.10e-01 (  1.30e+02,  1.09e+02)
40      0.075   3.16e-01   3.60e-01   2.17e-01   4.92e-01   2.53e-01 (  1.53e+02,  1.11e+02)
45      0.067   2.95e-01   3.20e-01   2.26e-01   4.55e-01   5.27e-01 (  1.29e+02,  1.10e+02)
50      0.119   3.14e-01   3.76e-01   2.13e-01   9.14e-01   9.94e-01 (  1.16e+02,  1.06e+02)
55      0.122   3.25e-01   4.54e-01   2.68e-01   1.47e+00   1.70e+00 (  1.04e+02,  9.89e+01)
60      0.128   3.27e-01   5.28e-01   3.06e-01   2.17e+00   2.67e+00 (  8.65e+01,  9.01e+01)
65      0.189   4.25e-01   7.16e-01   4.40e-01   3.80e+00   3.83e+00 (  8.69e+01,  7.98e+01)
70      0.231   5.25e-01   8.16e-01   5.22e-01   5.07e+00   5.08e+00 (  8.37e+01,  6.91e+01)
75      0.272   6.45e-01   9.21e-01   5.87e-01   6.28e+00   6.25e+00 (  8.77e+01,  5.72e+01)
80      0.306   7.55e-01   1.01e+00   6.25e-01   7.40e+00   7.21e+00 (  9.02e+01,  4.52e+01)
85      0.312   7.71e-01   1.07e+00   6.65e-01   7.56e+00   7.87e+00 (  8.80e+01,  3.31e+01)
90      0.410   9.88e-01   1.54e+00   1.06e+00   1.21e+01   8.22e+00 (  2.19e+02,  2.12e+01)
95      0.236   4.90e-01   7.07e-01   5.12e-01   1.49e+01   8.33e+00 (  2.57e+02,  8.12e+00)
32 n: 1.098e-04 e: 7.600e-04 i: 4.783e-04 :: e: 3.693e-02 i: 6.210e-02 :: n: 2.601e+01 e:20.837 i:27.820 v:4.993e+03
>>> tau_he = 5.000000, nhe(0)=2.971766e+00
 5     -3.966   7.47e-03   4.86e-01   2.60e-03  -8.67e-02   5.02e-05 (  2.57e+00,  2.06e+01)
10    -15.578   4.72e-02   7.43e-02  -1.75e-03  -1.85e+00   2.96e-04 (  2.66e+01,  4.47e+01)
15     -3.528   1.82e-01   1.24e-01   3.59e-02  -2.75e+00   1.28e-03 (  1.01e+02,  6.74e+01)
20     -0.371   2.94e-01   3.67e-01   1.14e-01  -1.26e+00   4.67e-03 (  1.83e+02,  8.55e+01)
25      0.095   2.84e-01   3.24e-01   1.36e-01   5.23e-01   1.50e-02 (  1.75e+02,  9.72e+01)
30      0.087   2.97e-01   3.30e-01   1.75e-01   5.44e-01   4.28e-02 (  1.75e+02,  1.05e+02)
35      0.021   2.54e-01   2.30e-01   1.17e-01   1.23e-01   1.10e-01 (  1.39e+02,  1.09e+02)
40      0.082   3.28e-01   3.96e-01   2.37e-01   5.24e-01   2.53e-01 (  1.62e+02,  1.11e+02)
45      0.071   3.09e-01   3.59e-01   2.48e-01   4.83e-01   5.27e-01 (  1.39e+02,  1.10e+02)
50      0.179   3.79e-01   5.55e-01   2.85e-01   1.38e+00   9.94e-01 (  1.45e+02,  1.06e+02)
55      0.126   3.43e-01   5.06e-01   2.98e-01   1.53e+00   1.70e+00 (  1.15e+02,  9.89e+01)
60      0.172   4.10e-01   7.17e-01   4.14e-01   2.94e+00   2.67e+00 (  1.14e+02,  9.01e+01)
65      0.195   4.48e-01   7.64e-01   4.68e-01   3.90e+00   3.83e+00 (  9.58e+01,  7.98e+01)
70      0.237   5.45e-01   8.52e-01   5.42e-01   5.18e+00   5.08e+00 (  9.13e+01,  6.91e+01)
75      0.277   6.61e-01   9.45e-01   5.97e-01   6.38e+00   6.25e+00 (  9.49e+01,  5.72e+01)
80      0.308   7.59e-01   1.02e+00   6.21e-01   7.41e+00   7.21e+00 (  9.65e+01,  4.52e+01)
85      0.299   7.53e-01   1.02e+00   6.37e-01   7.20e+00   7.87e+00 (  9.24e+01,  3.31e+01)
90      0.404   9.85e-01   1.54e+00   1.05e+00   1.20e+01   8.22e+00 (  2.23e+02,  2.12e+01)
95      0.236   4.90e-01   7.07e-01   5.12e-01   1.49e+01   8.33e+00 (  2.57e+02,  8.12e+00)
33 n: 7.039e-05 e: 7.600e-04 i: 9.372e-04 :: e: 5.873e-02 i: 7.443e-02 :: n: 2.591e+01 e:20.319 i:28.010 v:4.993e+03
>>> tau_he = 5.000000, nhe(0)=2.963512e+00
 5     -3.922   7.70e-03   4.85e-01   2.63e-03  -8.56e-02   5.02e-05 (  2.61e+00,  2.06e+01)
10    -15.129   4.63e-02   7.24e-02  -2.33e-03  -1.79e+00   2.96e-04 (  2.57e+01,  4.47e+01)
15     -2.475   1.76e-01   1.08e-01   1.73e-02  -1.93e+00   1.28e-03 (  9.47e+01,  6.74e+01)
20     -0.287   1.45e-01   1.07e-01   2.91e-02  -9.59e-01   4.67e-03 (  8.58e+01,  8.55e+01)
25     -0.024   1.63e-01   1.24e-01   3.27e-02  -1.21e-01   1.50e-02 (  9.67e+01,  9.72e+01)
30     -0.016   2.12e-01   1.62e-01   3.47e-02  -9.59e-02   4.28e-02 (  1.21e+02,  1.05e+02)
35      0.016   2.47e-01   2.10e-01   1.03e-01   8.95e-02   1.10e-01 (  1.33e+02,  1.09e+02)
40      0.016   2.76e-01   2.59e-01   1.75e-01   1.02e-01   2.53e-01 (  1.33e+02,  1.11e+02)
45      0.068   2.96e-01   3.22e-01   2.27e-01   4.55e-01   5.27e-01 (  1.29e+02,  1.10e+02)
50      0.121   3.16e-01   3.79e-01   2.15e-01   9.23e-01   9.94e-01 (  1.17e+02,  1.06e+02)
55      0.124   3.27e-01   4.60e-01   2.72e-01   1.50e+00   1.70e+00 (  1.05e+02,  9.89e+01)
60      0.129   3.29e-01   5.32e-01   3.09e-01   2.18e+00   2.67e+00 (  8.70e+01,  9.01e+01)
65      0.190   4.26e-01   7.20e-01   4.43e-01   3.78e+00   3.83e+00 (  8.72e+01,  7.98e+01)
70      0.232   5.25e-01   8.21e-01   5.26e-01   5.05e+00   5.08e+00 (  8.42e+01,  6.91e+01)
75      0.272   6.44e-01   9.25e-01   5.91e-01   6.26e+00   6.25e+00 (  8.83e+01,  5.72e+01)
80      0.306   7.52e-01   1.02e+00   6.29e-01   7.36e+00   7.21e+00 (  9.08e+01,  4.52e+01)
85      0.311   7.66e-01   1.07e+00   6.68e-01   7.50e+00   7.87e+00 (  8.85e+01,  3.31e+01)
90      0.410   9.89e-01   1.55e+00   1.06e+00   1.21e+01   8.22e+00 (  2.20e+02,  2.12e+01)
95      0.236   4.90e-01   7.07e-01   5.12e-01   1.49e+01   8.33e+00 (  2.57e+02,  8.12e+00)
34 n: 8.425e-05 e: 5.940e-04 i: 3.794e-04 :: e: 3.689e-02 i: 6.343e-02 :: n: 2.598e+01 e:20.783 i:27.817 v:4.993e+03
>>> tau_he = 5.000000, nhe(0)=2.965494e+00
 5     -3.956   7.48e-03   4.84e-01   2.60e-03  -8.65e-02   5.02e-05 (  2.57e+00,  2.06e+01)
10    -15.525   4.71e-02   7.44e-02  -1.64e-03  -1.84e+00   2.96e-04 (  2.64e+01,  4.47e+01)
15     -2.551   1.81e-01   1.16e-01   2.26e-02  -1.99e+00   1.28e-03 (  9.86e+01,  6.74e+01)
20     -0.451   1.50e-01   1.14e-01   2.74e-02  -1.53e+00   4.67e-03 (  9.11e+01,  8.55e+01)
25      0.090   2.81e-01   3.22e-01   1.32e-01   5.01e-01   1.50e-02 (  1.72e+02,  9.72e+01)
30      0.088   2.99e-01   3.31e-01   1.75e-01   5.43e-01   4.28e-02 (  1.75e+02,  1.05e+02)
35      0.102   3.17e-01   3.54e-01   2.20e-01   5.86e-01   1.10e-01 (  1.75e+02,  1.09e+02)
40      0.084   3.28e-01   3.96e-01   2.34e-01   5.49e-01   2.53e-01 (  1.62e+02,  1.11e+02)
45      0.072   3.09e-01   3.58e-01   2.47e-01   4.85e-01   5.27e-01 (  1.38e+02,  1.10e+02)
50      0.179   3.79e-01   5.54e-01   2.85e-01   1.38e+00   9.94e-01 (  1.45e+02,  1.06e+02)
55      0.127   3.44e-01   5.08e-01   2.98e-01   1.55e+00   1.70e+00 (  1.15e+02,  9.89e+01)
60      0.172   4.10e-01   7.16e-01   4.14e-01   2.93e+00   2.67e+00 (  1.13e+02,  9.01e+01)
65      0.194   4.46e-01   7.62e-01   4.67e-01   3.86e+00   3.83e+00 (  9.51e+01,  7.98e+01)
70      0.236   5.42e-01   8.51e-01   5.42e-01   5.13e+00   5.08e+00 (  9.08e+01,  6.91e+01)
75      0.276   6.57e-01   9.45e-01   5.98e-01   6.33e+00   6.25e+00 (  9.45e+01,  5.72e+01)
80      0.307   7.55e-01   1.02e+00   6.23e-01   7.36e+00   7.21e+00 (  9.62e+01,  4.52e+01)
85      0.297   7.49e-01   1.02e+00   6.40e-01   7.15e+00   7.87e+00 (  9.21e+01,  3.31e+01)
90      0.405   9.86e-01   1.54e+00   1.05e+00   1.20e+01   8.22e+00 (  2.23e+02,  2.12e+01)
95      0.236   4.90e-01   7.07e-01   5.12e-01   1.49e+01   8.33e+00 (  2.57e+02,  8.12e+00)
35 n: 6.324e-05 e: 5.360e-04 i: 4.484e-04 :: e: 5.006e-02 i: 6.535e-02 :: n: 2.588e+01 e:20.354 i:28.104 v:4.993e+03
>>> tau_he = 5.000000, nhe(0)=2.963925e+00
 5     -3.922   7.73e-03   4.90e-01   2.64e-03  -8.57e-02   5.02e-05 (  2.62e+00,  2.06e+01)
10    -14.948   4.58e-02   7.11e-02  -2.67e-03  -1.77e+00   2.96e-04 (  2.53e+01,  4.47e+01)
15     -2.462   1.77e-01   1.10e-01   1.74e-02  -1.92e+00   1.28e-03 (  9.51e+01,  6.74e+01)
20     -0.452   1.48e-01   1.09e-01   2.51e-02  -1.51e+00   4.67e-03 (  8.87e+01,  8.55e+01)
25     -0.023   1.63e-01   1.25e-01   3.30e-02  -1.18e-01   1.50e-02 (  9.74e+01,  9.72e+01)
30     -0.017   2.12e-01   1.63e-01   3.60e-02  -9.78e-02   4.28e-02 (  1.21e+02,  1.05e+02)
35      0.013   2.47e-01   2.10e-01   1.04e-01   7.43e-02   1.10e-01 (  1.32e+02,  1.09e+02)
40      0.073   3.18e-01   3.63e-01   2.23e-01   4.67e-01   2.53e-01 (  1.53e+02,  1.11e+02)
45      0.068   2.98e-01   3.25e-01   2.29e-01   4.57e-01   5.27e-01 (  1.30e+02,  1.10e+02)
50      0.122   3.17e-01   3.83e-01   2.17e-01   9.25e-01   9.94e-01 (  1.17e+02,  1.06e+02)
55      0.125   3.29e-01   4.66e-01   2.74e-01   1.52e+00   1.70e+00 (  1.06e+02,  9.89e+01)
60      0.129   3.30e-01   5.35e-01   3.11e-01   2.17e+00   2.67e+00 (  8.75e+01,  9.01e+01)
65      0.190   4.26e-01   7.22e-01   4.44e-01   3.76e+00   3.83e+00 (  8.73e+01,  7.98e+01)
70      0.231   5.24e-01   8.22e-01   5.27e-01   5.01e+00   5.08e+00 (  8.43e+01,  6.91e+01)
75      0.272   6.43e-01   9.27e-01   5.92e-01   6.22e+00   6.25e+00 (  8.85e+01,  5.72e+01)
80      0.306   7.50e-01   1.02e+00   6.29e-01   7.33e+00   7.21e+00 (  9.10e+01,  4.52e+01)
85      0.310   7.62e-01   1.07e+00   6.68e-01   7.45e+00   7.87e+00 (  8.86e+01,  3.31e+01)
90      0.410   9.89e-01   1.55e+00   1.06e+00   1.21e+01   8.22e+00 (  2.20e+02,  2.12e+01)
95      0.236   4.90e-01   7.07e-01   5.12e-01   1.49e+01   8.33e+00 (  2.57e+02,  8.12e+00)
36 n: 7.483e-05 e: 4.895e-04 i: 3.942e-04 :: e: 3.407e-02 i: 5.484e-02 :: n: 2.594e+01 e:20.783 i:27.942 v:4.993e+03
>>> tau_he = 5.000000, nhe(0)=2.964695e+00
 5     -3.980   7.57e-03   4.90e-01   2.62e-03  -8.71e-02   5.02e-05 (  2.61e+00,  2.06e+01)
10    -15.478   4.72e-02   7.42e-02  -1.82e-03  -1.84e+00   2.96e-04 (  2.64e+01,  4.47e+01)
15     -2.551   1.82e-01   1.18e-01   2.21e-02  -1.99e+00   1.28e-03 (  9.93e+01,  6.74e+01)
20     -0.361   2.95e-01   3.67e-01   1.12e-01  -1.23e+00   4.67e-03 (  1.81e+02,  8.55e+01)
25      0.096   2.84e-01   3.23e-01   1.33e-01   5.32e-01   1.50e-02 (  1.75e+02,  9.72e+01)
30      0.089   2.98e-01   3.30e-01   1.74e-01   5.51e-01   4.28e-02 (  1.74e+02,  1.05e+02)
35      0.100   3.16e-01   3.52e-01   2.21e-01   5.62e-01   1.10e-01 (  1.73e+02,  1.09e+02)
40      0.074   3.27e-01   3.91e-01   2.45e-01   4.67e-01   2.53e-01 (  1.60e+02,  1.11e+02)
45      0.071   3.08e-01   3.56e-01   2.47e-01   4.79e-01   5.27e-01 (  1.38e+02,  1.10e+02)
50      0.180   3.78e-01   5.52e-01   2.85e-01   1.38e+00   9.94e-01 (  1.44e+02,  1.06e+02)
55      0.128   3.44e-01   5.08e-01   2.98e-01   1.56e+00   1.70e+00 (  1.15e+02,  9.89e+01)
60      0.172   4.10e-01   7.15e-01   4.14e-01   2.93e+00   2.67e+00 (  1.13e+02,  9.01e+01)
65      0.194   4.45e-01   7.60e-01   4.66e-01   3.84e+00   3.83e+00 (  9.44e+01,  7.98e+01)
70      0.235   5.40e-01   8.50e-01   5.41e-01   5.09e+00   5.08e+00 (  9.02e+01,  6.91e+01)
75      0.275   6.55e-01   9.44e-01   5.99e-01   6.29e+00   6.25e+00 (  9.41e+01,  5.72e+01)
80      0.306   7.53e-01   1.02e+00   6.24e-01   7.33e+00   7.21e+00 (  9.58e+01,  4.52e+01)
85      0.300   7.54e-01   1.03e+00   6.48e-01   7.20e+00   7.87e+00 (  9.27e+01,  3.31e+01)
90      0.405   9.87e-01   1.54e+00   1.05e+00   1.20e+01   8.22e+00 (  2.23e+02,  2.12e+01)
95      0.236   4.90e-01   7.07e-01   5.12e-01   1.49e+01   8.33e+00 (  2.57e+02,  8.12e+00)
37 n: 5.661e-05 e: 5.643e-04 i: 7.528e-04 :: e: 5.806e-02 i: 7.138e-02 :: n: 2.584e+01 e:20.334 i:28.015 v:4.993e+03
>>> tau_he = 5.000000, nhe(0)=2.951579e+00
 5     -3.938   7.72e-03   4.85e-01   2.64e-03  -8.61e-02   5.02e-05 (  2.63e+00,  2.06e+01)
10    -15.200   4.67e-02   7.33e-02  -2.10e-03  -1.80e+00   2.96e-04 (  2.58e+01,  4.47e+01)
15     -2.439   1.77e-01   1.10e-01   1.83e-02  -1.90e+00   1.28e-03 (  9.44e+01,  6.74e+01)
20     -0.225   1.45e-01   1.07e-01   2.81e-02  -7.53e-01   4.67e-03 (  8.59e+01,  8.55e+01)
25     -0.022   1.63e-01   1.26e-01   3.32e-02  -1.13e-01   1.50e-02 (  9.71e+01,  9.72e+01)
30     -0.014   2.12e-01   1.65e-01   3.58e-02  -8.51e-02   4.28e-02 (  1.21e+02,  1.05e+02)
35      0.012   2.47e-01   2.11e-01   1.06e-01   6.47e-02   1.10e-01 (  1.32e+02,  1.09e+02)
40      0.013   2.76e-01   2.60e-01   1.79e-01   8.28e-02   2.53e-01 (  1.32e+02,  1.11e+02)
45      0.069   2.98e-01   3.26e-01   2.30e-01   4.59e-01   5.27e-01 (  1.30e+02,  1.10e+02)
50      0.123   3.18e-01   3.85e-01   2.19e-01   9.33e-01   9.94e-01 (  1.17e+02,  1.06e+02)
55      0.126   3.31e-01   4.70e-01   2.77e-01   1.53e+00   1.70e+00 (  1.07e+02,  9.89e+01)
60      0.129   3.31e-01   5.38e-01   3.12e-01   2.18e+00   2.67e+00 (  8.78e+01,  9.01e+01)
65      0.190   4.27e-01   7.24e-01   4.45e-01   3.74e+00   3.83e+00 (  8.74e+01,  7.98e+01)
70      0.231   5.24e-01   8.24e-01   5.28e-01   4.99e+00   5.08e+00 (  8.44e+01,  6.91e+01)
75      0.272   6.42e-01   9.28e-01   5.93e-01   6.20e+00   6.25e+00 (  8.87e+01,  5.72e+01)
80      0.305   7.48e-01   1.02e+00   6.30e-01   7.30e+00   7.21e+00 (  9.11e+01,  4.52e+01)
85      0.309   7.59e-01   1.07e+00   6.67e-01   7.40e+00   7.87e+00 (  8.87e+01,  3.31e+01)
90      0.410   9.89e-01   1.55e+00   1.06e+00   1.21e+01   8.22e+00 (  2.20e+02,  2.12e+01)
95      0.236   4.90e-01   7.07e-01   5.12e-01   1.49e+01   8.33e+00 (  2.57e+02,  8.12e+00)
38 n: 6.467e-05 e: 3.621e-04 i: 3.108e-04 :: e: 3.782e-02 i: 5.910e-02 :: n: 2.593e+01 e:20.681 i:27.854 v:4.993e+03
>>> tau_he = 5.000000, nhe(0)=2.959115e+00
 5     -3.948   7.54e-03   4.85e-01   2.61e-03  -8.65e-02   5.02e-05 (  2.59e+00,  2.06e+01)
10    -15.407   4.70e-02   7.42e-02  -1.69e-03  -1.83e+00   2.96e-04 (  2.62e+01,  4.47e+01)
15     -2.489   1.80e-01   1.16e-01   2.23e-02  -1.95e+00   1.28e-03 (  9.72e+01,  6.74e+01)
20     -0.440   1.50e-01   1.13e-01   2.73e-02  -1.49e+00   4.67e-03 (  9.02e+01,  8.55e+01)
25      0.092   2.80e-01   3.20e-01   1.29e-01   5.12e-01   1.50e-02 (  1.71e+02,  9.72e+01)
30      0.089   2.96e-01   3.28e-01   1.70e-01   5.60e-01   4.28e-02 (  1.72e+02,  1.05e+02)
35      0.023   2.53e-01   2.28e-01   1.17e-01   1.33e-01   1.10e-01 (  1.37e+02,  1.09e+02)
40      0.080   3.25e-01   3.90e-01   2.25e-01   5.14e-01   2.53e-01 (  1.59e+02,  1.11e+02)
45      0.072   3.07e-01   3.55e-01   2.46e-01   4.86e-01   5.27e-01 (  1.37e+02,  1.10e+02)
50      0.181   3.77e-01   5.50e-01   2.84e-01   1.38e+00   9.94e-01 (  1.43e+02,  1.06e+02)
55      0.129   3.43e-01   5.08e-01   2.98e-01   1.57e+00   1.70e+00 (  1.14e+02,  9.89e+01)
60      0.172   4.09e-01   7.12e-01   4.13e-01   2.92e+00   2.67e+00 (  1.12e+02,  9.01e+01)
65      0.193   4.43e-01   7.57e-01   4.65e-01   3.81e+00   3.83e+00 (  9.36e+01,  7.98e+01)
70      0.234   5.37e-01   8.47e-01   5.40e-01   5.06e+00   5.08e+00 (  8.96e+01,  6.91e+01)
75      0.274   6.52e-01   9.43e-01   5.98e-01   6.26e+00   6.25e+00 (  9.36e+01,  5.72e+01)
80      0.305   7.51e-01   1.02e+00   6.24e-01   7.30e+00   7.21e+00 (  9.54e+01,  4.52e+01)
85      0.298   7.48e-01   1.03e+00   6.48e-01   7.14e+00   7.87e+00 (  9.18e+01,  3.31e+01)
90      0.406   9.87e-01   1.54e+00   1.05e+00   1.20e+01   8.22e+00 (  2.23e+02,  2.12e+01)
95      0.236   4.90e-01   7.07e-01   5.12e-01   1.49e+01   8.33e+00 (  2.57e+02,  8.12e+00)
39 n: 5.553e-05 e: 3.811e-04 i: 4.343e-04 :: e: 4.046e-02 i: 5.370e-02 :: n: 2.584e+01 e:20.356 i:28.071 v:4.993e+03
>>> tau_he = 5.000000, nhe(0)=2.954663e+00
 5     -3.922   7.72e-03   4.89e-01   2.65e-03  -8.58e-02   5.02e-05 (  2.62e+00,  2.06e+01)
10    -14.953   4.59e-02   7.14e-02  -2.62e-03  -1.78e+00   2.96e-04 (  2.53e+01,  4.47e+01)
15     -2.427   1.77e-01   1.10e-01   1.82e-02  -1.90e+00   1.28e-03 (  9.46e+01,  6.74e+01)
20     -0.445   1.48e-01   1.10e-01   2.55e-02  -1.49e+00   4.67e-03 (  8.85e+01,  8.55e+01)
25     -0.022   1.63e-01   1.26e-01   3.34e-02  -1.13e-01   1.50e-02 (  9.73e+01,  9.72e+01)
30     -0.013   2.12e-01   1.65e-01   3.59e-02  -7.87e-02   4.28e-02 (  1.21e+02,  1.05e+02)
35      0.017   2.49e-01   2.15e-01   1.07e-01   9.80e-02   1.10e-01 (  1.33e+02,  1.09e+02)
40      0.018   2.76e-01   2.63e-01   1.79e-01   1.12e-01   2.53e-01 (  1.32e+02,  1.11e+02)
45      0.069   2.98e-01   3.28e-01   2.31e-01   4.57e-01   5.27e-01 (  1.30e+02,  1.10e+02)
50      0.123   3.18e-01   3.87e-01   2.21e-01   9.26e-01   9.94e-01 (  1.17e+02,  1.06e+02)
55      0.126   3.31e-01   4.72e-01   2.78e-01   1.53e+00   1.70e+00 (  1.07e+02,  9.89e+01)
60      0.129   3.31e-01   5.39e-01   3.13e-01   2.16e+00   2.67e+00 (  8.76e+01,  9.01e+01)
65      0.189   4.26e-01   7.23e-01   4.44e-01   3.72e+00   3.83e+00 (  8.71e+01,  7.98e+01)
70      0.230   5.23e-01   8.22e-01   5.27e-01   4.96e+00   5.08e+00 (  8.43e+01,  6.91e+01)
75      0.271   6.40e-01   9.26e-01   5.92e-01   6.18e+00   6.25e+00 (  8.86e+01,  5.72e+01)
80      0.304   7.46e-01   1.01e+00   6.28e-01   7.27e+00   7.21e+00 (  9.10e+01,  4.52e+01)
85      0.307   7.57e-01   1.06e+00   6.64e-01   7.36e+00   7.87e+00 (  8.85e+01,  3.31e+01)
90      0.410   9.89e-01   1.55e+00   1.06e+00   1.21e+01   8.22e+00 (  2.21e+02,  2.12e+01)
95      0.236   4.90e-01   7.07e-01   5.12e-01   1.49e+01   8.33e+00 (  2.57e+02,  8.12e+00)
40 n: 5.778e-05 e: 2.974e-04 i: 2.709e-04 :: e: 3.612e-02 i: 5.489e-02 :: n: 2.591e+01 e:20.698 i:27.994 v:4.993e+03
>>> tau_he = 5.000000, nhe(0)=2.963387e+00
 5     -3.968   7.62e-03   4.91e-01   2.63e-03  -8.70e-02   5.02e-05 (  2.62e+00,  2.06e+01)
10    -15.297   4.68e-02   7.33e-02  -2.04e-03  -1.82e+00   2.96e-04 (  2.61e+01,  4.47e+01)
15     -2.496   1.82e-01   1.16e-01   2.15e-02  -1.95e+00   1.28e-03 (  9.80e+01,  6.74e+01)
20     -0.457   1.54e-01   1.22e-01  -4.26e-03  -1.55e+00   4.67e-03 (  9.40e+01,  8.55e+01)
25      0.091   2.80e-01   3.20e-01   1.29e-01   5.07e-01   1.50e-02 (  1.72e+02,  9.72e+01)
30      0.087   2.97e-01   3.28e-01   1.71e-01   5.42e-01   4.28e-02 (  1.73e+02,  1.05e+02)
35      0.102   3.15e-01   3.51e-01   2.19e-01   5.77e-01   1.10e-01 (  1.72e+02,  1.09e+02)
40      0.085   3.25e-01   3.91e-01   2.33e-01   5.48e-01   2.53e-01 (  1.59e+02,  1.11e+02)
45      0.072   3.06e-01   3.54e-01   2.45e-01   4.82e-01   5.27e-01 (  1.36e+02,  1.10e+02)
50      0.180   3.76e-01   5.47e-01   2.83e-01   1.37e+00   9.94e-01 (  1.42e+02,  1.06e+02)
55      0.128   3.42e-01   5.05e-01   2.97e-01   1.56e+00   1.70e+00 (  1.13e+02,  9.89e+01)
60      0.171   4.06e-01   7.07e-01   4.10e-01   2.90e+00   2.67e+00 (  1.11e+02,  9.01e+01)
65      0.192   4.39e-01   7.52e-01   4.61e-01   3.78e+00   3.83e+00 (  9.24e+01,  7.98e+01)
70      0.233   5.34e-01   8.42e-01   5.37e-01   5.02e+00   5.08e+00 (  8.86e+01,  6.91e+01)
75      0.273   6.49e-01   9.38e-01   5.96e-01   6.22e+00   6.25e+00 (  9.27e+01,  5.72e+01)
80      0.304   7.48e-01   1.02e+00   6.22e-01   7.27e+00   7.21e+00 (  9.47e+01,  4.52e+01)
85      0.298   7.46e-01   1.03e+00   6.46e-01   7.12e+00   7.87e+00 (  9.11e+01,  3.31e+01)
90      0.406   9.87e-01   1.54e+00   1.05e+00   1.20e+01   8.22e+00 (  2.23e+02,  2.12e+01)
95      0.236   4.90e-01   7.07e-01   5.12e-01   1.49e+01   8.33e+00 (  2.57e+02,  8.12e+00)
41 n: 5.349e-05 e: 2.697e-04 i: 2.792e-04 :: e: 4.140e-02 i: 5.364e-02 :: n: 2.583e+01 e:20.415 i:28.164 v:4.993e+03
>>> tau_he = 5.000000, nhe(0)=2.957375e+00
 5     -3.935   7.80e-03   4.94e-01   2.68e-03  -8.62e-02   5.02e-05 (  2.66e+00,  2.06e+01)
10    -15.026   4.63e-02   7.20e-02  -2.56e-03  -1.79e+00   2.96e-04 (  2.55e+01,  4.47e+01)
15     -2.449   1.79e-01   1.13e-01   1.82e-02  -1.92e+00   1.28e-03 (  9.59e+01,  6.74e+01)
20     -0.463   1.52e-01   1.19e-01  -2.05e-03  -1.55e+00   4.67e-03 (  9.23e+01,  8.55e+01)
25     -0.022   1.64e-01   1.27e-01   2.72e-02  -1.17e-01   1.50e-02 (  9.86e+01,  9.72e+01)
30     -0.015   2.13e-01   1.66e-01   3.67e-02  -8.95e-02   4.28e-02 (  1.21e+02,  1.05e+02)
35      0.014   2.49e-01   2.14e-01   1.08e-01   7.60e-02   1.10e-01 (  1.33e+02,  1.09e+02)
40      0.074   3.19e-01   3.68e-01   2.27e-01   4.72e-01   2.53e-01 (  1.53e+02,  1.11e+02)
45      0.069   2.99e-01   3.31e-01   2.32e-01   4.59e-01   5.27e-01 (  1.30e+02,  1.10e+02)
50      0.123   3.18e-01   3.89e-01   2.22e-01   9.27e-01   9.94e-01 (  1.18e+02,  1.06e+02)
55      0.127   3.32e-01   4.75e-01   2.80e-01   1.53e+00   1.70e+00 (  1.07e+02,  9.89e+01)
60      0.129   3.31e-01   5.40e-01   3.14e-01   2.16e+00   2.67e+00 (  8.77e+01,  9.01e+01)
65      0.188   4.25e-01   7.23e-01   4.44e-01   3.70e+00   3.83e+00 (  8.70e+01,  7.98e+01)
70      0.230   5.22e-01   8.21e-01   5.26e-01   4.95e+00   5.08e+00 (  8.41e+01,  6.91e+01)
75      0.270   6.39e-01   9.25e-01   5.90e-01   6.16e+00   6.25e+00 (  8.85e+01,  5.72e+01)
80      0.304   7.45e-01   1.01e+00   6.26e-01   7.26e+00   7.21e+00 (  9.09e+01,  4.52e+01)
85      0.306   7.54e-01   1.06e+00   6.62e-01   7.33e+00   7.87e+00 (  8.83e+01,  3.31e+01)
90      0.410   9.89e-01   1.54e+00   1.06e+00   1.21e+01   8.22e+00 (  2.21e+02,  2.12e+01)
95      0.236   4.90e-01   7.07e-01   5.12e-01   1.49e+01   8.33e+00 (  2.57e+02,  8.12e+00)
42 n: 5.864e-05 e: 2.308e-04 i: 2.878e-04 :: e: 3.322e-02 i: 4.728e-02 :: n: 2.589e+01 e:20.692 i:28.082 v:4.993e+03
>>> tau_he = 5.000000, nhe(0)=2.963833e+00
 5     -3.969   7.70e-03   4.95e-01   2.67e-03  -8.71e-02   5.02e-05 (  2.65e+00,  2.06e+01)
10    -15.311   4.70e-02   7.36e-02  -2.05e-03  -1.82e+00   2.96e-04 (  2.62e+01,  4.47e+01)
15     -2.500   1.83e-01   1.17e-01   2.10e-02  -1.96e+00   1.28e-03 (  9.86e+01,  6.74e+01)
20     -0.360   2.96e-01   3.70e-01   1.12e-01  -1.22e+00   4.67e-03 (  1.83e+02,  8.55e+01)
25      0.096   2.83e-01   3.21e-01   1.30e-01   5.35e-01   1.50e-02 (  1.74e+02,  9.72e+01)
30      0.088   2.96e-01   3.27e-01   1.70e-01   5.48e-01   4.28e-02 (  1.72e+02,  1.05e+02)
35      0.020   2.54e-01   2.29e-01   1.19e-01   1.13e-01   1.10e-01 (  1.38e+02,  1.09e+02)
40      0.074   3.24e-01   3.87e-01   2.43e-01   4.65e-01   2.53e-01 (  1.57e+02,  1.11e+02)
45      0.071   3.06e-01   3.51e-01   2.44e-01   4.75e-01   5.27e-01 (  1.35e+02,  1.10e+02)
50      0.181   3.75e-01   5.45e-01   2.82e-01   1.37e+00   9.94e-01 (  1.41e+02,  1.06e+02)
55      0.129   3.41e-01   5.04e-01   2.96e-01   1.57e+00   1.70e+00 (  1.13e+02,  9.89e+01)
60      0.171   4.05e-01   7.05e-01   4.09e-01   2.89e+00   2.67e+00 (  1.10e+02,  9.01e+01)
65      0.191   4.38e-01   7.49e-01   4.60e-01   3.76e+00   3.83e+00 (  9.18e+01,  7.98e+01)
70      0.232   5.32e-01   8.40e-01   5.36e-01   5.01e+00   5.08e+00 (  8.80e+01,  6.91e+01)
75      0.273   6.48e-01   9.36e-01   5.94e-01   6.21e+00   6.25e+00 (  9.22e+01,  5.72e+01)
80      0.304   7.47e-01   1.01e+00   6.22e-01   7.26e+00   7.21e+00 (  9.42e+01,  4.52e+01)
85      0.297   7.45e-01   1.03e+00   6.46e-01   7.11e+00   7.87e+00 (  9.06e+01,  3.31e+01)
90      0.406   9.87e-01   1.54e+00   1.05e+00   1.20e+01   8.22e+00 (  2.23e+02,  2.12e+01)
95      0.236   4.90e-01   7.07e-01   5.12e-01   1.49e+01   8.33e+00 (  2.57e+02,  8.12e+00)
43 n: 5.359e-05 e: 3.365e-04 i: 8.283e-04 :: e: 4.807e-02 i: 5.869e-02 :: n: 2.581e+01 e:20.393 i:28.059 v:4.993e+03
>>> tau_he = 5.000000, nhe(0)=2.947408e+00
 5     -3.943   7.77e-03   4.89e-01   2.68e-03  -8.64e-02   5.02e-05 (  2.66e+00,  2.06e+01)
10    -15.251   4.71e-02   7.40e-02  -2.02e-03  -1.81e+00   2.96e-04 (  2.61e+01,  4.47e+01)
15     -2.425   1.78e-01   1.12e-01   1.89e-02  -1.90e+00   1.28e-03 (  9.49e+01,  6.74e+01)
20     -0.441   1.47e-01   1.10e-01   2.67e-02  -1.48e+00   4.67e-03 (  8.77e+01,  8.55e+01)
25     -0.022   1.64e-01   1.27e-01   3.03e-02  -1.15e-01   1.50e-02 (  9.80e+01,  9.72e+01)
30      0.056   2.79e-01   2.55e-01   1.01e-01   3.34e-01   4.28e-02 (  1.60e+02,  1.05e+02)
35      0.017   2.51e-01   2.19e-01   1.11e-01   9.19e-02   1.10e-01 (  1.35e+02,  1.09e+02)
40      0.014   2.77e-01   2.65e-01   1.83e-01   8.92e-02   2.53e-01 (  1.33e+02,  1.11e+02)
45      0.069   2.99e-01   3.31e-01   2.33e-01   4.57e-01   5.27e-01 (  1.30e+02,  1.10e+02)
50      0.124   3.19e-01   3.91e-01   2.23e-01   9.30e-01   9.94e-01 (  1.17e+02,  1.06e+02)
55      0.127   3.32e-01   4.77e-01   2.81e-01   1.54e+00   1.70e+00 (  1.07e+02,  9.89e+01)
60      0.129   3.32e-01   5.42e-01   3.15e-01   2.16e+00   2.67e+00 (  8.78e+01,  9.01e+01)
65      0.188   4.26e-01   7.24e-01   4.44e-01   3.70e+00   3.83e+00 (  8.71e+01,  7.98e+01)
70      0.230   5.22e-01   8.22e-01   5.26e-01   4.95e+00   5.08e+00 (  8.42e+01,  6.91e+01)
75      0.270   6.40e-01   9.25e-01   5.90e-01   6.16e+00   6.25e+00 (  8.86e+01,  5.72e+01)
80      0.304   7.44e-01   1.01e+00   6.25e-01   7.25e+00   7.21e+00 (  9.10e+01,  4.52e+01)
85      0.306   7.53e-01   1.06e+00   6.60e-01   7.32e+00   7.87e+00 (  8.83e+01,  3.31e+01)
90      0.410   9.89e-01   1.54e+00   1.06e+00   1.21e+01   8.22e+00 (  2.21e+02,  2.12e+01)
95      0.236   4.90e-01   7.07e-01   5.12e-01   1.49e+01   8.33e+00 (  2.57e+02,  8.12e+00)
44 n: 5.722e-05 e: 1.797e-04 i: 2.837e-04 :: e: 3.404e-02 i: 4.490e-02 :: n: 2.585e+01 e:20.594 i:27.962 v:4.993e+03
>>> tau_he = 5.000000, nhe(0)=2.950549e+00
 5     -3.951   7.63e-03   4.88e-01   2.64e-03  -8.67e-02   5.02e-05 (  2.62e+00,  2.06e+01)
10    -15.275   4.69e-02   7.38e-02  -1.89e-03  -1.82e+00   2.96e-04 (  2.60e+01,  4.47e+01)
15     -2.441   1.81e-01   1.16e-01   2.17e-02  -1.91e+00   1.28e-03 (  9.64e+01,  6.74e+01)
20     -0.442   1.51e-01   1.21e-01   7.45e-03  -1.50e+00   4.67e-03 (  9.11e+01,  8.55e+01)
25      0.088   2.80e-01   3.21e-01   1.32e-01   4.69e-01   1.50e-02 (  1.70e+02,  9.72e+01)
30      0.079   2.98e-01   3.28e-01   1.78e-01   4.53e-01   4.28e-02 (  1.71e+02,  1.05e+02)
35      0.104   3.14e-01   3.50e-01   2.14e-01   5.81e-01   1.10e-01 (  1.71e+02,  1.09e+02)
40      0.080   3.23e-01   3.86e-01   2.22e-01   5.12e-01   2.53e-01 (  1.57e+02,  1.11e+02)
45      0.072   3.05e-01   3.50e-01   2.43e-01   4.80e-01   5.27e-01 (  1.34e+02,  1.10e+02)
50      0.181   3.74e-01   5.42e-01   2.81e-01   1.36e+00   9.94e-01 (  1.40e+02,  1.06e+02)
55      0.129   3.40e-01   5.02e-01   2.95e-01   1.56e+00   1.70e+00 (  1.12e+02,  9.89e+01)
60      0.170   4.04e-01   7.02e-01   4.07e-01   2.88e+00   2.67e+00 (  1.09e+02,  9.01e+01)
65      0.191   4.36e-01   7.46e-01   4.58e-01   3.75e+00   3.83e+00 (  9.11e+01,  7.98e+01)
70      0.232   5.31e-01   8.37e-01   5.34e-01   4.99e+00   5.08e+00 (  8.76e+01,  6.91e+01)
75      0.272   6.47e-01   9.34e-01   5.93e-01   6.20e+00   6.25e+00 (  9.18e+01,  5.72e+01)
80      0.304   7.47e-01   1.01e+00   6.21e-01   7.26e+00   7.21e+00 (  9.39e+01,  4.52e+01)
85      0.297   7.45e-01   1.03e+00   6.46e-01   7.11e+00   7.87e+00 (  9.02e+01,  3.31e+01)
90      0.406   9.87e-01   1.54e+00   1.05e+00   1.20e+01   8.22e+00 (  2.22e+02,  2.12e+01)
95      0.236   4.90e-01   7.07e-01   5.12e-01   1.49e+01   8.33e+00 (  2.57e+02,  8.12e+00)
45 n: 5.202e-05 e: 1.848e-04 i: 2.555e-04 :: e: 3.812e-02 i: 4.901e-02 :: n: 2.578e+01 e:20.368 i:28.044 v:4.993e+03
>>> tau_he = 5.000000, nhe(0)=2.941510e+00
 5     -3.934   7.73e-03   4.88e-01   2.65e-03  -8.63e-02   5.02e-05 (  2.64e+00,  2.06e+01)
10    -15.074   4.65e-02   7.27e-02  -2.31e-03  -1.79e+00   2.96e-04 (  2.56e+01,  4.47e+01)
15     -2.410   1.78e-01   1.13e-01   1.92e-02  -1.89e+00   1.28e-03 (  9.47e+01,  6.74e+01)
20     -0.450   1.50e-01   1.19e-01   5.18e-03  -1.51e+00   4.67e-03 (  9.01e+01,  8.55e+01)
25     -0.028   1.64e-01   1.28e-01   2.97e-02  -1.40e-01   1.50e-02 (  9.76e+01,  9.72e+01)
30     -0.027   2.12e-01   1.66e-01   4.53e-02  -1.49e-01   4.28e-02 (  1.19e+02,  1.05e+02)
35      0.015   2.49e-01   2.16e-01   1.11e-01   8.04e-02   1.10e-01 (  1.33e+02,  1.09e+02)
40      0.074   3.19e-01   3.70e-01   2.30e-01   4.64e-01   2.53e-01 (  1.53e+02,  1.11e+02)
45      0.070   2.99e-01   3.33e-01   2.33e-01   4.60e-01   5.27e-01 (  1.30e+02,  1.10e+02)
50      0.124   3.19e-01   3.92e-01   2.24e-01   9.29e-01   9.94e-01 (  1.18e+02,  1.06e+02)
55      0.127   3.32e-01   4.79e-01   2.82e-01   1.54e+00   1.70e+00 (  1.08e+02,  9.89e+01)
60      0.129   3.32e-01   5.43e-01   3.15e-01   2.16e+00   2.67e+00 (  8.79e+01,  9.01e+01)
65      0.188   4.26e-01   7.24e-01   4.45e-01   3.69e+00   3.83e+00 (  8.71e+01,  7.98e+01)
70      0.229   5.22e-01   8.22e-01   5.26e-01   4.94e+00   5.08e+00 (  8.43e+01,  6.91e+01)
75      0.270   6.40e-01   9.24e-01   5.89e-01   6.16e+00   6.25e+00 (  8.87e+01,  5.72e+01)
80      0.303   7.44e-01   1.01e+00   6.24e-01   7.25e+00   7.21e+00 (  9.10e+01,  4.52e+01)
85      0.305   7.52e-01   1.06e+00   6.58e-01   7.30e+00   7.87e+00 (  8.83e+01,  3.31e+01)
90      0.410   9.89e-01   1.54e+00   1.06e+00   1.21e+01   8.22e+00 (  2.21e+02,  2.12e+01)
95      0.236   4.90e-01   7.07e-01   5.12e-01   1.49e+01   8.33e+00 (  2.57e+02,  8.12e+00)
46 n: 5.650e-05 e: 1.368e-04 i: 2.552e-04 :: e: 3.457e-02 i: 4.558e-02 :: n: 2.584e+01 e:20.564 i:28.000 v:4.993e+03
>>> tau_he = 5.000000, nhe(0)=2.950189e+00
 5     -3.949   7.66e-03   4.90e-01   2.64e-03  -8.68e-02   5.02e-05 (  2.63e+00,  2.06e+01)
10    -15.202   4.67e-02   7.33e-02  -2.07e-03  -1.81e+00   2.96e-04 (  2.59e+01,  4.47e+01)
15     -2.444   1.81e-01   1.16e-01   2.12e-02  -1.92e+00   1.28e-03 (  9.66e+01,  6.74e+01)
20     -0.347   2.91e-01   3.63e-01   1.08e-01  -1.18e+00   4.67e-03 (  1.78e+02,  8.55e+01)
25      0.093   2.81e-01   3.20e-01   1.32e-01   5.03e-01   1.50e-02 (  1.71e+02,  9.72e+01)
30      0.081   2.95e-01   3.26e-01   1.75e-01   4.74e-01   4.28e-02 (  1.69e+02,  1.05e+02)
35      0.021   2.53e-01   2.27e-01   1.19e-01   1.13e-01   1.10e-01 (  1.36e+02,  1.09e+02)
40      0.074   3.22e-01   3.83e-01   2.42e-01   4.56e-01   2.53e-01 (  1.55e+02,  1.11e+02)
45      0.071   3.04e-01   3.48e-01   2.42e-01   4.73e-01   5.27e-01 (  1.33e+02,  1.10e+02)
50      0.181   3.72e-01   5.40e-01   2.80e-01   1.36e+00   9.94e-01 (  1.39e+02,  1.06e+02)
55      0.129   3.39e-01   5.00e-01   2.94e-01   1.56e+00   1.70e+00 (  1.11e+02,  9.89e+01)
60      0.170   4.02e-01   6.99e-01   4.05e-01   2.88e+00   2.67e+00 (  1.09e+02,  9.01e+01)
65      0.190   4.35e-01   7.43e-01   4.56e-01   3.74e+00   3.83e+00 (  9.05e+01,  7.98e+01)
70      0.231   5.30e-01   8.35e-01   5.33e-01   4.99e+00   5.08e+00 (  8.71e+01,  6.91e+01)
75      0.272   6.46e-01   9.32e-01   5.92e-01   6.20e+00   6.25e+00 (  9.14e+01,  5.72e+01)
80      0.304   7.47e-01   1.01e+00   6.20e-01   7.25e+00   7.21e+00 (  9.35e+01,  4.52e+01)
85      0.298   7.48e-01   1.03e+00   6.46e-01   7.13e+00   7.87e+00 (  9.03e+01,  3.31e+01)
90      0.407   9.87e-01   1.54e+00   1.05e+00   1.20e+01   8.22e+00 (  2.22e+02,  2.12e+01)
95      0.236   4.90e-01   7.07e-01   5.12e-01   1.49e+01   8.33e+00 (  2.57e+02,  8.12e+00)
47 n: 5.037e-05 e: 2.320e-04 i: 7.389e-04 :: e: 4.301e-02 i: 5.244e-02 :: n: 2.577e+01 e:20.342 i:27.924 v:4.993e+03
>>> tau_he = 5.000000, nhe(0)=2.932406e+00
 5     -3.933   7.69e-03   4.83e-01   2.64e-03  -8.63e-02   5.02e-05 (  2.63e+00,  2.06e+01)
10    -15.259   4.71e-02   7.43e-02  -1.87e-03  -1.82e+00   2.96e-04 (  2.60e+01,  4.47e+01)
15     -2.393   1.77e-01   1.12e-01   1.99e-02  -1.88e+00   1.28e-03 (  9.38e+01,  6.74e+01)
20     -0.238   1.47e-01   1.11e-01   2.45e-02  -7.96e-01   4.67e-03 (  8.67e+01,  8.55e+01)
25     -0.026   1.63e-01   1.28e-01   3.23e-02  -1.34e-01   1.50e-02 (  9.69e+01,  9.72e+01)
30     -0.023   2.12e-01   1.67e-01   4.32e-02  -1.30e-01   4.28e-02 (  1.20e+02,  1.05e+02)
35      0.017   2.51e-01   2.20e-01   1.14e-01   9.36e-02   1.10e-01 (  1.34e+02,  1.09e+02)
40      0.014   2.76e-01   2.65e-01   1.86e-01   8.47e-02   2.53e-01 (  1.32e+02,  1.11e+02)
45      0.069   2.98e-01   3.33e-01   2.33e-01   4.57e-01   5.27e-01 (  1.29e+02,  1.10e+02)
50      0.125   3.18e-01   3.93e-01   2.25e-01   9.29e-01   9.94e-01 (  1.17e+02,  1.06e+02)
55      0.127   3.32e-01   4.79e-01   2.83e-01   1.54e+00   1.70e+00 (  1.07e+02,  9.89e+01)
60      0.129   3.32e-01   5.44e-01   3.16e-01   2.16e+00   2.67e+00 (  8.78e+01,  9.01e+01)
65      0.188   4.25e-01   7.24e-01   4.44e-01   3.69e+00   3.83e+00 (  8.70e+01,  7.98e+01)
70      0.229   5.22e-01   8.21e-01   5.25e-01   4.94e+00   5.08e+00 (  8.42e+01,  6.91e+01)
75      0.270   6.40e-01   9.23e-01   5.88e-01   6.16e+00   6.25e+00 (  8.86e+01,  5.72e+01)
80      0.303   7.44e-01   1.01e+00   6.23e-01   7.25e+00   7.21e+00 (  9.10e+01,  4.52e+01)
85      0.305   7.51e-01   1.05e+00   6.56e-01   7.29e+00   7.87e+00 (  8.81e+01,  3.31e+01)
90      0.409   9.89e-01   1.54e+00   1.05e+00   1.21e+01   8.22e+00 (  2.21e+02,  2.12e+01)
95      0.236   4.90e-01   7.07e-01   5.12e-01   1.49e+01   8.33e+00 (  2.57e+02,  8.12e+00)
48 n: 5.350e-05 e: 8.840e-05 i: 1.965e-04 :: e: 3.847e-02 i: 5.106e-02 :: n: 2.585e+01 e:20.486 i:27.910 v:4.993e+03
>>> tau_he = 5.000000, nhe(0)=2.946830e+00
 5     -3.912   7.62e-03   4.86e-01   2.63e-03  -8.60e-02   5.02e-05 (  2.60e+00,  2.06e+01)
10    -15.113   4.64e-02   7.30e-02  -2.02e-03  -1.80e+00   2.96e-04 (  2.56e+01,  4.47e+01)
15     -2.396   1.79e-01   1.14e-01   2.14e-02  -1.88e+00   1.28e-03 (  9.48e+01,  6.74e+01)
20     -0.428   1.49e-01   1.13e-01   2.63e-02  -1.46e+00   4.67e-03 (  8.90e+01,  8.55e+01)
25      0.089   2.77e-01   3.17e-01   1.27e-01   4.82e-01   1.50e-02 (  1.67e+02,  9.72e+01)
30      0.082   2.95e-01   3.25e-01   1.73e-01   4.79e-01   4.28e-02 (  1.69e+02,  1.05e+02)
35      0.104   3.13e-01   3.49e-01   2.15e-01   5.70e-01   1.10e-01 (  1.69e+02,  1.09e+02)
40      0.077   3.21e-01   3.82e-01   2.38e-01   4.90e-01   2.53e-01 (  1.55e+02,  1.11e+02)
45      0.072   3.02e-01   3.47e-01   2.41e-01   4.75e-01   5.27e-01 (  1.32e+02,  1.10e+02)
50      0.180   3.71e-01   5.37e-01   2.79e-01   1.35e+00   9.94e-01 (  1.38e+02,  1.06e+02)
55      0.128   3.38e-01   4.97e-01   2.93e-01   1.56e+00   1.70e+00 (  1.10e+02,  9.89e+01)
60      0.169   4.00e-01   6.94e-01   4.03e-01   2.86e+00   2.67e+00 (  1.08e+02,  9.01e+01)
65      0.189   4.33e-01   7.39e-01   4.54e-01   3.73e+00   3.83e+00 (  8.97e+01,  7.98e+01)
70      0.231   5.28e-01   8.31e-01   5.30e-01   4.97e+00   5.08e+00 (  8.64e+01,  6.91e+01)
75      0.271   6.45e-01   9.29e-01   5.90e-01   6.18e+00   6.25e+00 (  9.08e+01,  5.72e+01)
80      0.303   7.46e-01   1.01e+00   6.18e-01   7.24e+00   7.21e+00 (  9.30e+01,  4.52e+01)
85      0.298   7.47e-01   1.03e+00   6.44e-01   7.12e+00   7.87e+00 (  8.97e+01,  3.31e+01)
90      0.407   9.87e-01   1.54e+00   1.05e+00   1.20e+01   8.22e+00 (  2.22e+02,  2.12e+01)
95      0.236   4.90e-01   7.07e-01   5.12e-01   1.49e+01   8.33e+00 (  2.57e+02,  8.12e+00)
49 n: 4.887e-05 e: 9.850e-05 i: 2.398e-04 :: e: 3.498e-02 i: 4.533e-02 :: n: 2.578e+01 e:20.364 i:27.953 v:4.993e+03
 plasma volume = 148.725294
 stored energy(e,i,b,a) = 5.112608e+01 5.060501e+01 0.000000e+00 0.000000e+00
 betan = 1.154376
*power
 Pnb(e,i) = 0.000000e+00 0.000000e+00
 Prf(e,i) = 6.015949e+00 3.398854e+01
 Prad     = -6.500635e+01 
 Pei      = 1.182968e+01 
 Pfuse    = 4.798617e+01 
 Pfusi    = 1.436134e+01 
 Poh      = 0.000000e+00 
*confinement time
 taut, tauITER98y2, H98y2 : 2.724042e+00 2.600965e+00 1.047320e+00
 taue, taui : 6.193694e+01 1.998893e+01
 taut, tau89, H89 : 2.724042e+00 1.130448e+00 2.409701e+00
*temperature
 nea, nebar : 1.914047e+01 2.165407e+01 
 tea, tia : 6.562167e+00 7.036022e+00 (9.326530e-01)
 te0, ti0 : 1.816325e+01 2.408042e+01 (7.542745e-01)
 Sn : 1.887086e+03 
*current balance
 Ip,Ibs,Inb,Irf: 1.000000e+01 1.701486e+00 0.000000e+00 1.155552e-01
 fni,fbs: 0.182 0.170

 plasma volume = 148.725294
 stored energy(e,i,b,a) = 5.112608e+01 5.060501e+01 0.000000e+00 0.000000e+00
 betan = 1.154376
*power
 Pnb(e,i) = 0.000000e+00 0.000000e+00
 Prf(e,i) = 6.015949e+00 3.398854e+01
 Prad     = -6.500635e+01 
 Pei      = 1.182968e+01 
 Pfuse    = 4.798617e+01 
 Pfusi    = 1.436134e+01 
 Poh      = 0.000000e+00 
*confinement time
 taut, tauITER98y2, H98y2 : 2.724042e+00 2.600965e+00 1.047320e+00
 taue, taui : 6.193694e+01 1.998893e+01
 taut, tau89, H89 : 2.724042e+00 1.130448e+00 2.409701e+00
*temperature
 nea, nebar : 1.914047e+01 2.165407e+01 
 tea, tia : 6.562167e+00 7.036022e+00 (9.326530e-01)
 te0, ti0 : 1.816325e+01 2.408042e+01 (7.542745e-01)
 Sn : 1.887086e+03 
*current balance
 Ip,Ibs,Inb,Irf: 1.000000e+01 1.701486e+00 0.000000e+00 1.155552e-01
 fni,fbs: 0.182 0.170
 ELAPASED TIME = 44 sec

finalize
