NCAPTC: : NetCDF: Variable not found
Warning: ieee_overflow is signaling
Warning: ieee_underflow is signaling
Warning: ieee_inexact is signaling
FORTRAN STOP
 solver
 /global/common/software/atom/perlmutter/data/greentable/
 /global/common/software/atom/perlmutter/data/greentable/

          EFITD Version  07/09/2014


 type mode (2=file, 3=snap, 4=time, 5=input, 6=com file, 7=snap_ext):

 number of time slices?

 type input file names:
 #
 table_dir = </global/common/software/atom/perlmutter/data/greentable/>

  ----- time =     0 ms ----- ( 0)
 it=  1 chi2=0.00E+00 zm= 7.53E-03 err=5.202E+00 dz= 7.535E-03 chigam= 0.00E+00
 it=  2 chi2=0.00E+00 zm= 1.07E-02 err=8.744E-01 dz= 3.209E-03 chigam= 0.00E+00
 it=  3 chi2=0.00E+00 zm= 1.32E-02 err=4.978E-01 dz= 2.415E-03 chigam= 0.00E+00
 it=  4 chi2=0.00E+00 zm= 1.50E-02 err=2.929E-01 dz= 1.827E-03 chigam= 0.00E+00
 it=  5 chi2=0.00E+00 zm= 1.64E-02 err=1.714E-01 dz= 1.382E-03 chigam= 0.00E+00
 it=  6 chi2=0.00E+00 zm= 1.74E-02 err=1.081E-01 dz= 1.060E-03 chigam= 0.00E+00
 it=  7 chi2=0.00E+00 zm= 1.82E-02 err=6.447E-02 dz= 7.950E-04 chigam= 0.00E+00
 it=  8 chi2=0.00E+00 zm= 1.88E-02 err=3.341E-02 dz= 5.839E-04 chigam= 0.00E+00
 it=  9 chi2=0.00E+00 zm= 1.92E-02 err=2.414E-02 dz= 4.378E-04 chigam= 0.00E+00
 it= 10 chi2=0.00E+00 zm= 1.96E-02 err=1.592E-02 dz= 3.263E-04 chigam= 0.00E+00
 it= 11 chi2=0.00E+00 zm= 1.98E-02 err=9.085E-03 dz= 2.385E-04 chigam= 0.00E+00
 it= 12 chi2=0.00E+00 zm= 2.00E-02 err=7.950E-03 dz= 1.731E-04 chigam= 0.00E+00
 it= 13 chi2=0.00E+00 zm= 2.01E-02 err=4.518E-03 dz= 1.258E-04 chigam= 0.00E+00
 it= 14 chi2=0.00E+00 zm= 2.02E-02 err=2.767E-03 dz= 8.835E-05 chigam= 0.00E+00
 it= 15 chi2=0.00E+00 zm= 2.03E-02 err=2.256E-03 dz= 5.859E-05 chigam= 0.00E+00
 it= 16 chi2=0.00E+00 zm= 2.03E-02 err=1.326E-03 dz= 4.103E-05 chigam= 0.00E+00
 it= 17 chi2=0.00E+00 zm= 2.03E-02 err=4.176E-03 dz= 2.746E-05 chigam= 0.00E+00
 it= 18 chi2=0.00E+00 zm= 2.03E-02 err=2.271E-03 dz= 1.883E-05 chigam= 0.00E+00
 it= 19 chi2=0.00E+00 zm= 2.04E-02 err=1.246E-03 dz= 1.293E-05 chigam= 0.00E+00
 it= 20 chi2=0.00E+00 zm= 2.04E-02 err=6.895E-04 dz= 8.892E-06 chigam= 0.00E+00
 it= 21 chi2=0.00E+00 zm= 2.04E-02 err=3.855E-04 dz= 6.127E-06 chigam= 0.00E+00
 it= 22 chi2=0.00E+00 zm= 2.04E-02 err=2.179E-04 dz= 4.232E-06 chigam= 0.00E+00
 it= 23 chi2=0.00E+00 zm= 2.04E-02 err=1.245E-04 dz= 2.929E-06 chigam= 0.00E+00
 it= 24 chi2=0.00E+00 zm= 2.04E-02 err=7.196E-05 dz= 2.033E-06 chigam= 0.00E+00

      ******************** EFITD129 x 129  output ********************

       data used:   
  0 flux loops
  0 magnetic probes(i)
  0 full rogowski
  0 diamagnetic loop


 shot #   =          1 time(ms) =          0 chi**2   =  0.000E+00
 betat(%) =      1.185 betap    =      0.600 li       =      0.858
 vol(cm3) =  0.779E+07 rout(cm) =    172.192 zout(cm) =      0.765
 elong    =      1.349 utriang  =     -0.372 ltriang  =     -0.308
 a(cm)    =     41.423 lin(cm)  = ********** lout(cm) =     10.561
 ltop(cm) = ********** q*       =      2.328 rc(cm)   =    176.876
 zc(cm)   =      1.813 bt0(t)   =      2.000 qout     =      2.216
