========================================================================
= FASTRAN

nonlinear model = 0
ichi = 1
ineo = 0
reading state...
read formatted input, inprof...
init geometry...
read formatted input, inmetric...
nrho in inmetric = 101
rhob in inmetric = 1.262659e+00
solve avg grad-shafranv...
solve_avg_gs::Ip_temp = 9.986578e+00 
solve_avg_gs::Ip      = 1.000000e+01 
>>> tau_he = 5.000000, nhe(0)=3.279895e+00

 plasma volume = 148.429695
 stored energy(e,i,b,a) = 5.856041e+01 4.348040e+01 0.000000e+00 0.000000e+00
 betan = 1.160025
*power
 Pnb(e,i) = 0.000000e+00 0.000000e+00
 Prf(e,i) = 2.187895e+01 1.815054e+01
 Prad     = -1.935348e+01 
 Pei      = -6.253695e+00 
 Pfuse    = 1.754741e+01 
 Pfusi    = 3.950741e+00 
 Poh      = 0.000000e+00 
*confinement time
 taut, tauITER98y2, H98y2 : 2.419510e+00 2.378765e+00 1.017129e+00
 taue, taui : 4.237615e+00 4.260931e+00
 taut, tau89, H89 : 2.419510e+00 1.061848e+00 2.278583e+00
*temperature
 nea, nebar : 1.865438e+01 2.143632e+01 
 tea, tia : 7.616694e+00 7.573865e+00 (1.005655e+00)
 te0, ti0 : 2.235791e+01 2.765276e+01 (8.085239e-01)
 Sn : 0.000000e+00 
*current balance
 Ip,Ibs,Inb,Irf: 1.000000e+01 1.750138e+00 0.000000e+00 5.672476e-01
 fni,fbs: 0.232 0.175

Time advancing...
rho_bdry 0.900000 ...
te_bdry = 3.746797
ti_bdry = 3.746714
ne_bdry = 14.498656
rv_bdry = 279.463030
nrho_tr_bdry = 18
drho_bdry = 0.000000e+00
nrhob = 90
 [    0] t = 0.0000 
>>> tau_he = 5.000000, nhe(0)=3.280197e+00
 5      0.001   7.23e-03   1.54e-01   1.69e-03   3.40e-03   0.00e+00 (  1.31e+00,  5.76e+01)
10      0.000   2.37e-03  -6.96e-03  -1.19e-03   2.90e-03   0.00e+00 (  8.29e-01,  1.04e+02)
15     -0.010   1.33e-02  -5.13e-02  -9.10e-03  -6.94e-02   0.00e+00 (  6.57e+00,  1.39e+02)
20     -0.012   8.04e-02  -8.74e-02  -3.01e-02  -9.56e-02   0.00e+00 (  4.90e+01,  1.54e+02)
25     -0.037   1.55e-01  -4.78e-02  -2.84e-02  -3.46e-01   0.00e+00 (  1.07e+02,  1.62e+02)
30     -0.025   2.12e-01  -1.30e-02  -1.74e-02  -2.61e-01   0.00e+00 (  1.55e+02,  1.66e+02)
35     -0.028   2.23e-01   4.31e-03   2.71e-04  -3.09e-01   0.00e+00 (  1.48e+02,  1.61e+02)
40     -0.025   2.44e-01   3.05e-02   6.85e-03  -2.98e-01   0.00e+00 (  1.45e+02,  1.53e+02)
45     -0.018   2.59e-01   5.16e-02   2.29e-02  -2.28e-01   0.00e+00 (  1.30e+02,  1.41e+02)
50     -0.011   2.63e-01   8.41e-02   9.71e-02  -1.44e-01   0.00e+00 (  1.12e+02,  1.26e+02)
55     -0.003   2.79e-01   1.43e-01   1.21e-01  -3.82e-02   0.00e+00 (  1.02e+02,  1.12e+02)
60      0.010   2.93e-01   2.05e-01   1.57e-01   1.38e-01   0.00e+00 (  9.17e+01,  9.95e+01)
65      0.032   3.15e-01   2.90e-01   2.28e-01   4.69e-01   0.00e+00 (  8.21e+01,  8.75e+01)
70      0.047   3.24e-01   3.54e-01   2.97e-01   7.01e-01   0.00e+00 (  7.17e+01,  7.67e+01)
75      0.060   3.30e-01   4.22e-01   3.73e-01   9.31e-01   0.00e+00 (  6.35e+01,  6.65e+01)
80      0.070   3.45e-01   4.83e-01   4.26e-01   1.13e+00   0.00e+00 (  6.02e+01,  5.72e+01)
85      0.074   3.76e-01   5.25e-01   4.27e-01   1.44e+00   0.00e+00 (  6.63e+01,  4.90e+01)
90      0.191   5.21e-01   9.33e-01   5.82e-01   6.78e+00   0.00e+00 (  1.30e+02,  4.33e+01)
95      0.080   1.79e-01   3.00e-01   2.22e-01   5.02e+00   0.00e+00 (  9.40e+01,  4.00e+01)
 0 e: 4.720e-07 i: 1.992e-06 :: e: 0.000e+00 i: 0.000e+00 :: n: 2.762e+01 e:22.401 i:27.555 v:4.993e+03
>>> tau_he = 5.000000, nhe(0)=3.273086e+00
 5      0.001   6.75e-03   1.65e-01   1.48e-03   2.91e-03   0.00e+00 (  1.26e+00,  5.76e+01)
10      0.000   2.36e-03  -6.94e-03  -1.20e-03   2.86e-03   0.00e+00 (  8.22e-01,  1.04e+02)
15     -0.011   1.39e-02  -5.45e-02  -9.81e-03  -7.60e-02   0.00e+00 (  6.99e+00,  1.39e+02)
20     -0.012   8.15e-02  -8.69e-02  -2.91e-02  -1.02e-01   0.00e+00 (  5.00e+01,  1.54e+02)
25     -0.037   1.55e-01  -4.79e-02  -2.78e-02  -3.50e-01   0.00e+00 (  1.07e+02,  1.62e+02)
30     -0.024   2.10e-01  -1.42e-02  -1.77e-02  -2.44e-01   0.00e+00 (  1.51e+02,  1.66e+02)
35     -0.026   2.21e-01   4.85e-03   5.42e-04  -2.87e-01   0.00e+00 (  1.48e+02,  1.61e+02)
40     -0.023   2.40e-01   2.98e-02   7.14e-03  -2.75e-01   0.00e+00 (  1.42e+02,  1.53e+02)
45     -0.018   2.59e-01   5.26e-02   1.95e-02  -2.25e-01   0.00e+00 (  1.30e+02,  1.41e+02)
50     -0.011   2.64e-01   8.51e-02   9.75e-02  -1.44e-01   0.00e+00 (  1.12e+02,  1.26e+02)
55     -0.003   2.79e-01   1.44e-01   1.21e-01  -3.58e-02   0.00e+00 (  1.01e+02,  1.12e+02)
60      0.009   2.93e-01   2.01e-01   1.54e-01   1.27e-01   0.00e+00 (  9.15e+01,  9.95e+01)
65      0.032   3.16e-01   2.92e-01   2.29e-01   4.75e-01   0.00e+00 (  8.23e+01,  8.75e+01)
70      0.046   3.24e-01   3.55e-01   2.97e-01   7.00e-01   0.00e+00 (  7.19e+01,  7.67e+01)
75      0.060   3.32e-01   4.22e-01   3.73e-01   9.20e-01   0.00e+00 (  6.42e+01,  6.65e+01)
80      0.069   3.49e-01   4.83e-01   4.27e-01   1.11e+00   0.00e+00 (  6.13e+01,  5.72e+01)
85      0.070   3.82e-01   5.08e-01   4.13e-01   1.36e+00   0.00e+00 (  6.75e+01,  4.90e+01)
90      0.192   5.20e-01   9.32e-01   5.82e-01   6.80e+00   0.00e+00 (  1.29e+02,  4.33e+01)
95      0.080   1.79e-01   3.00e-01   2.22e-01   5.02e+00   0.00e+00 (  9.40e+01,  4.00e+01)
 1 e: 8.787e-02 i: 1.475e-01 :: e: 4.130e-03 i: 6.770e-03 :: n: 2.762e+01 e:23.587 i:26.517 v:4.993e+03
>>> tau_he = 5.000000, nhe(0)=3.195223e+00
 5     -0.005   5.52e-03   4.42e-01   3.59e-03  -2.14e-02   0.00e+00 (  2.39e+00,  5.76e+01)
10     -0.013   5.02e-02  -1.33e-02   8.89e-03  -7.59e-02   0.00e+00 (  3.69e+01,  1.04e+02)
15     -0.077   1.88e-01  -6.88e-02   2.72e-02  -5.48e-01   0.00e+00 (  1.77e+02,  1.39e+02)
20     -0.052   2.10e-01  -8.33e-02   1.51e-02  -4.31e-01   0.00e+00 (  1.63e+02,  1.54e+02)
25     -0.030   1.95e-01  -8.13e-02   9.98e-03  -2.82e-01   0.00e+00 (  1.23e+02,  1.62e+02)
30     -0.015   1.69e-01  -4.11e-02  -1.25e-02  -1.52e-01   0.00e+00 (  9.42e+01,  1.66e+02)
35     -0.006   1.82e-01  -1.27e-02  -5.70e-03  -6.87e-02   0.00e+00 (  9.60e+01,  1.61e+02)
40     -0.007   1.93e-01   1.05e-02  -1.86e-03  -8.53e-02   0.00e+00 (  9.33e+01,  1.53e+02)
45      0.000   2.03e-01   4.43e-02   2.10e-02   2.68e-03   0.00e+00 (  8.78e+01,  1.41e+02)
50      0.005   2.15e-01   8.57e-02   8.65e-02   6.06e-02   0.00e+00 (  8.31e+01,  1.26e+02)
55      0.010   2.37e-01   1.31e-01   1.01e-01   1.35e-01   0.00e+00 (  7.96e+01,  1.12e+02)
60      0.017   2.61e-01   1.79e-01   1.37e-01   2.39e-01   0.00e+00 (  7.63e+01,  9.95e+01)
65      0.038   2.93e-01   2.75e-01   2.16e-01   5.61e-01   0.00e+00 (  7.38e+01,  8.75e+01)
70      0.048   3.15e-01   3.42e-01   2.86e-01   7.22e-01   0.00e+00 (  6.95e+01,  7.67e+01)
75      0.057   3.29e-01   3.99e-01   3.55e-01   8.74e-01   0.00e+00 (  6.41e+01,  6.65e+01)
80      0.070   3.23e-01   4.51e-01   4.02e-01   1.13e+00   0.00e+00 (  5.46e+01,  5.72e+01)
85      0.086   3.01e-01   4.85e-01   3.94e-01   1.68e+00   0.00e+00 (  4.44e+01,  4.90e+01)
90      0.196   5.05e-01   9.23e-01   5.74e-01   6.94e+00   0.00e+00 (  1.16e+02,  4.33e+01)
95      0.080   1.79e-01   3.00e-01   2.22e-01   5.02e+00   0.00e+00 (  9.40e+01,  4.00e+01)
 2 e: 4.735e-03 i: 2.067e-03 :: e: 1.398e-01 i: 8.774e-02 :: n: 2.762e+01 e:23.689 i:25.777 v:4.993e+03
>>> tau_he = 5.000000, nhe(0)=3.137239e+00
 5     -0.004   5.23e-03   3.87e-01   3.42e-03  -1.96e-02   0.00e+00 (  2.20e+00,  5.76e+01)
10     -0.004   1.87e-02  -8.49e-03   2.18e-03  -2.66e-02   0.00e+00 (  1.28e+01,  1.04e+02)
15     -0.050   1.04e-01  -6.76e-02   5.76e-03  -3.59e-01   0.00e+00 (  8.63e+01,  1.39e+02)
20     -0.036   1.53e-01  -8.08e-02   3.80e-03  -2.94e-01   0.00e+00 (  1.10e+02,  1.54e+02)
25     -0.027   1.60e-01  -5.53e-02  -2.21e-03  -2.50e-01   0.00e+00 (  9.93e+01,  1.62e+02)
30     -0.011   1.63e-01  -4.07e-02  -1.05e-02  -1.13e-01   0.00e+00 (  9.28e+01,  1.66e+02)
35     -0.005   1.85e-01  -4.38e-03  -4.28e-03  -5.99e-02   0.00e+00 (  1.01e+02,  1.61e+02)
40     -0.008   2.02e-01   2.41e-02  -5.43e-03  -9.12e-02   0.00e+00 (  1.03e+02,  1.53e+02)
45     -0.003   2.20e-01   6.43e-02   3.19e-02  -3.53e-02   0.00e+00 (  1.02e+02,  1.41e+02)
50      0.012   2.57e-01   1.39e-01   1.10e-01   1.56e-01   0.00e+00 (  1.07e+02,  1.26e+02)
55      0.003   2.70e-01   1.60e-01   1.23e-01   4.16e-02   0.00e+00 (  9.81e+01,  1.12e+02)
60      0.009   2.96e-01   2.08e-01   1.58e-01   1.25e-01   0.00e+00 (  9.36e+01,  9.95e+01)
65      0.031   3.30e-01   3.12e-01   2.43e-01   4.54e-01   0.00e+00 (  8.93e+01,  8.75e+01)
70      0.039   3.50e-01   3.72e-01   3.12e-01   5.92e-01   0.00e+00 (  8.28e+01,  7.67e+01)
75      0.045   3.64e-01   4.14e-01   3.72e-01   6.99e-01   0.00e+00 (  7.55e+01,  6.65e+01)
80      0.057   3.52e-01   4.45e-01   4.01e-01   9.13e-01   0.00e+00 (  6.33e+01,  5.72e+01)
85      0.075   3.22e-01   4.67e-01   3.75e-01   1.47e+00   0.00e+00 (  5.07e+01,  4.90e+01)
90      0.194   5.09e-01   9.26e-01   5.72e-01   6.89e+00   0.00e+00 (  1.19e+02,  4.33e+01)
95      0.080   1.79e-01   3.00e-01   2.22e-01   5.02e+00   0.00e+00 (  9.40e+01,  4.00e+01)
 3 e: 1.644e-03 i: 7.976e-04 :: e: 7.275e-02 i: 7.325e-02 :: n: 2.762e+01 e:22.922 i:26.311 v:4.993e+03
>>> tau_he = 5.000000, nhe(0)=3.179624e+00
 5     -0.004   5.39e-03   4.20e-01   3.45e-03  -1.99e-02   0.00e+00 (  2.26e+00,  5.76e+01)
10     -0.005   2.44e-02  -9.19e-03   2.83e-03  -2.99e-02   0.00e+00 (  1.64e+01,  1.04e+02)
15     -0.046   1.01e-01  -5.81e-02   5.40e-03  -3.28e-01   0.00e+00 (  8.01e+01,  1.39e+02)
20     -0.033   1.49e-01  -7.34e-02   3.61e-03  -2.76e-01   0.00e+00 (  1.03e+02,  1.54e+02)
25     -0.029   1.63e-01  -5.18e-02   7.06e-03  -2.73e-01   0.00e+00 (  9.85e+01,  1.62e+02)
30     -0.015   1.70e-01  -4.21e-02  -8.90e-03  -1.58e-01   0.00e+00 (  9.46e+01,  1.66e+02)
35     -0.009   1.87e-01  -1.23e-02  -5.21e-03  -9.55e-02   0.00e+00 (  9.97e+01,  1.61e+02)
40     -0.009   1.98e-01   1.29e-02  -5.21e-04  -1.04e-01   0.00e+00 (  9.81e+01,  1.53e+02)
45     -0.002   2.13e-01   4.53e-02   2.27e-02  -3.06e-02   0.00e+00 (  9.46e+01,  1.41e+02)
50      0.000   2.26e-01   8.38e-02   8.79e-02   5.02e-03   0.00e+00 (  8.93e+01,  1.26e+02)
55      0.006   2.47e-01   1.30e-01   1.04e-01   8.09e-02   0.00e+00 (  8.49e+01,  1.12e+02)
60      0.015   2.67e-01   1.81e-01   1.40e-01   2.11e-01   0.00e+00 (  7.92e+01,  9.95e+01)
65      0.037   2.96e-01   2.77e-01   2.18e-01   5.44e-01   0.00e+00 (  7.51e+01,  8.75e+01)
70      0.048   3.15e-01   3.44e-01   2.87e-01   7.22e-01   0.00e+00 (  6.96e+01,  7.67e+01)
75      0.058   3.27e-01   4.02e-01   3.57e-01   8.91e-01   0.00e+00 (  6.33e+01,  6.65e+01)
80      0.070   3.22e-01   4.51e-01   4.02e-01   1.13e+00   0.00e+00 (  5.43e+01,  5.72e+01)
85      0.084   3.00e-01   4.77e-01   3.87e-01   1.64e+00   0.00e+00 (  4.43e+01,  4.90e+01)
90      0.196   5.05e-01   9.23e-01   5.72e-01   6.94e+00   0.00e+00 (  1.16e+02,  4.33e+01)
95      0.080   1.79e-01   3.00e-01   2.22e-01   5.02e+00   0.00e+00 (  9.40e+01,  4.00e+01)
 4 e: 9.670e-04 i: 7.466e-04 :: e: 8.204e-02 i: 6.716e-02 :: n: 2.762e+01 e:23.373 i:25.889 v:4.993e+03
>>> tau_he = 5.000000, nhe(0)=3.146201e+00
 5     -0.004   5.38e-03   4.04e-01   3.45e-03  -2.00e-02   0.00e+00 (  2.28e+00,  5.76e+01)
10     -0.004   1.99e-02  -8.76e-03   2.18e-03  -2.51e-02   0.00e+00 (  1.33e+01,  1.04e+02)
15     -0.044   8.79e-02  -6.21e-02   4.53e-03  -3.12e-01   0.00e+00 (  6.81e+01,  1.39e+02)
20     -0.041   1.32e-01  -7.24e-02   5.53e-03  -3.39e-01   0.00e+00 (  9.05e+01,  1.54e+02)
25     -0.026   1.58e-01  -5.45e-02  -2.18e-03  -2.44e-01   0.00e+00 (  9.72e+01,  1.62e+02)
30     -0.015   1.71e-01  -4.25e-02  -8.67e-03  -1.52e-01   0.00e+00 (  9.79e+01,  1.66e+02)
35     -0.008   1.89e-01  -6.56e-03  -4.28e-03  -9.26e-02   0.00e+00 (  1.04e+02,  1.61e+02)
40     -0.008   2.03e-01   2.35e-02  -5.23e-03  -9.78e-02   0.00e+00 (  1.04e+02,  1.53e+02)
45     -0.004   2.20e-01   6.16e-02   3.06e-02  -4.45e-02   0.00e+00 (  1.02e+02,  1.41e+02)
50      0.010   2.54e-01   1.31e-01   1.06e-01   1.38e-01   0.00e+00 (  1.05e+02,  1.26e+02)
55      0.004   2.65e-01   1.54e-01   1.19e-01   5.36e-02   0.00e+00 (  9.50e+01,  1.12e+02)
60      0.011   2.89e-01   2.04e-01   1.55e-01   1.56e-01   0.00e+00 (  8.99e+01,  9.95e+01)
65      0.033   3.22e-01   3.05e-01   2.37e-01   4.79e-01   0.00e+00 (  8.55e+01,  8.75e+01)
70      0.042   3.40e-01   3.64e-01   3.05e-01   6.27e-01   0.00e+00 (  7.87e+01,  7.67e+01)
75      0.049   3.53e-01   4.10e-01   3.67e-01   7.51e-01   0.00e+00 (  7.17e+01,  6.65e+01)
80      0.059   3.46e-01   4.47e-01   4.01e-01   9.59e-01   0.00e+00 (  6.15e+01,  5.72e+01)
85      0.076   3.20e-01   4.69e-01   3.76e-01   1.48e+00   0.00e+00 (  5.01e+01,  4.90e+01)
90      0.195   5.09e-01   9.26e-01   5.72e-01   6.90e+00   0.00e+00 (  1.19e+02,  4.33e+01)
95      0.080   1.79e-01   3.00e-01   2.22e-01   5.02e+00   0.00e+00 (  9.40e+01,  4.00e+01)
 5 e: 6.233e-04 i: 4.987e-04 :: e: 4.769e-02 i: 5.994e-02 :: n: 2.762e+01 e:22.908 i:26.394 v:4.993e+03
>>> tau_he = 5.000000, nhe(0)=3.186012e+00
 5     -0.004   5.43e-03   4.30e-01   3.48e-03  -2.02e-02   0.00e+00 (  2.29e+00,  5.76e+01)
10     -0.004   2.07e-02  -8.37e-03   2.16e-03  -2.56e-02   0.00e+00 (  1.36e+01,  1.04e+02)
15     -0.041   8.64e-02  -5.66e-02   4.16e-03  -2.94e-01   0.00e+00 (  6.50e+01,  1.39e+02)
20     -0.040   1.31e-01  -6.92e-02   4.99e-03  -3.32e-01   0.00e+00 (  8.79e+01,  1.54e+02)
25     -0.028   1.60e-01  -5.18e-02   2.05e-03  -2.57e-01   0.00e+00 (  9.68e+01,  1.62e+02)
30     -0.017   1.74e-01  -4.29e-02  -8.13e-03  -1.73e-01   0.00e+00 (  9.90e+01,  1.66e+02)
35     -0.010   1.90e-01  -1.15e-02  -4.62e-03  -1.07e-01   0.00e+00 (  1.04e+02,  1.61e+02)
40     -0.009   2.00e-01   1.61e-02   1.53e-04  -1.11e-01   0.00e+00 (  1.01e+02,  1.53e+02)
45     -0.003   2.17e-01   4.83e-02   2.40e-02  -4.19e-02   0.00e+00 (  9.83e+01,  1.41e+02)
50     -0.001   2.30e-01   8.53e-02   8.95e-02  -1.15e-02   0.00e+00 (  9.23e+01,  1.26e+02)
55      0.005   2.51e-01   1.34e-01   1.06e-01   7.04e-02   0.00e+00 (  8.72e+01,  1.12e+02)
60      0.014   2.70e-01   1.85e-01   1.43e-01   2.05e-01   0.00e+00 (  8.10e+01,  9.95e+01)
65      0.036   3.00e-01   2.79e-01   2.17e-01   5.30e-01   0.00e+00 (  7.65e+01,  8.75e+01)
70      0.047   3.16e-01   3.44e-01   2.88e-01   7.11e-01   0.00e+00 (  7.00e+01,  7.67e+01)
75      0.057   3.28e-01   4.03e-01   3.58e-01   8.85e-01   0.00e+00 (  6.36e+01,  6.65e+01)
80      0.069   3.26e-01   4.54e-01   4.04e-01   1.12e+00   0.00e+00 (  5.53e+01,  5.72e+01)
85      0.083   3.05e-01   4.77e-01   3.88e-01   1.61e+00   0.00e+00 (  4.57e+01,  4.90e+01)
90      0.195   5.05e-01   9.24e-01   5.72e-01   6.93e+00   0.00e+00 (  1.16e+02,  4.33e+01)
95      0.080   1.79e-01   3.00e-01   2.22e-01   5.02e+00   0.00e+00 (  9.40e+01,  4.00e+01)
 6 e: 4.730e-04 i: 3.599e-04 :: e: 5.693e-02 i: 5.549e-02 :: n: 2.762e+01 e:23.271 i:26.189 v:4.993e+03
>>> tau_he = 5.000000, nhe(0)=3.169965e+00
 5     -0.004   5.33e-03   4.24e-01   3.52e-03  -2.04e-02   0.00e+00 (  2.27e+00,  5.76e+01)
10     -0.004   1.86e-02  -8.07e-03   1.79e-03  -2.38e-02   0.00e+00 (  1.23e+01,  1.04e+02)
15     -0.054   7.58e-02  -5.67e-02   2.37e-03  -3.86e-01   0.00e+00 (  5.65e+01,  1.39e+02)
20     -0.039   1.25e-01  -7.37e-02   4.68e-03  -3.22e-01   0.00e+00 (  8.38e+01,  1.54e+02)
25     -0.026   1.57e-01  -5.51e-02  -2.80e-03  -2.40e-01   0.00e+00 (  9.65e+01,  1.62e+02)
30     -0.017   1.76e-01  -4.31e-02  -9.40e-03  -1.71e-01   0.00e+00 (  1.02e+02,  1.66e+02)
35     -0.009   1.93e-01  -7.81e-03  -4.06e-03  -1.06e-01   0.00e+00 (  1.07e+02,  1.61e+02)
40     -0.009   2.04e-01   2.34e-02  -5.22e-03  -1.07e-01   0.00e+00 (  1.06e+02,  1.53e+02)
45     -0.005   2.22e-01   5.98e-02   2.94e-02  -5.78e-02   0.00e+00 (  1.04e+02,  1.41e+02)
50     -0.002   2.42e-01   9.98e-02   9.78e-02  -2.28e-02   0.00e+00 (  9.99e+01,  1.26e+02)
55      0.004   2.64e-01   1.50e-01   1.17e-01   5.22e-02   0.00e+00 (  9.44e+01,  1.12e+02)
60      0.012   2.86e-01   2.02e-01   1.53e-01   1.68e-01   0.00e+00 (  8.86e+01,  9.95e+01)
65      0.033   3.17e-01   3.00e-01   2.33e-01   4.91e-01   0.00e+00 (  8.37e+01,  8.75e+01)
70      0.043   3.35e-01   3.60e-01   3.01e-01   6.49e-01   0.00e+00 (  7.67e+01,  7.67e+01)
75      0.052   3.45e-01   4.12e-01   3.68e-01   8.01e-01   0.00e+00 (  6.92e+01,  6.65e+01)
80      0.062   3.44e-01   4.52e-01   4.04e-01   9.97e-01   0.00e+00 (  6.08e+01,  5.72e+01)
85      0.077   3.24e-01   4.75e-01   3.85e-01   1.51e+00   0.00e+00 (  5.08e+01,  4.90e+01)
90      0.195   5.08e-01   9.25e-01   5.72e-01   6.91e+00   0.00e+00 (  1.18e+02,  4.33e+01)
95      0.080   1.79e-01   3.00e-01   2.22e-01   5.02e+00   0.00e+00 (  9.40e+01,  4.00e+01)
 7 e: 2.212e-04 i: 3.227e-04 :: e: 3.256e-02 i: 4.338e-02 :: n: 2.762e+01 e:22.997 i:26.605 v:4.993e+03
>>> tau_he = 5.000000, nhe(0)=3.202189e+00
 5     -0.004   5.54e-03   4.44e-01   3.52e-03  -2.06e-02   0.00e+00 (  2.35e+00,  5.76e+01)
10     -0.004   2.03e-02  -8.44e-03   1.94e-03  -2.36e-02   0.00e+00 (  1.32e+01,  1.04e+02)
15     -0.053   7.33e-02  -5.47e-02   1.47e-03  -3.77e-01   0.00e+00 (  5.37e+01,  1.39e+02)
20     -0.039   1.24e-01  -7.23e-02   4.44e-03  -3.19e-01   0.00e+00 (  8.26e+01,  1.54e+02)
25     -0.026   1.59e-01  -5.36e-02  -1.86e-03  -2.46e-01   0.00e+00 (  9.66e+01,  1.62e+02)
30     -0.021   1.80e-01  -4.19e-02  -1.13e-02  -2.14e-01   0.00e+00 (  1.04e+02,  1.66e+02)
35     -0.010   1.94e-01  -1.14e-02  -4.37e-03  -1.16e-01   0.00e+00 (  1.07e+02,  1.61e+02)
40     -0.010   2.03e-01   1.78e-02   6.12e-04  -1.19e-01   0.00e+00 (  1.04e+02,  1.53e+02)
45     -0.004   2.21e-01   4.96e-02   2.49e-02  -5.11e-02   0.00e+00 (  1.02e+02,  1.41e+02)
50     -0.001   2.34e-01   8.77e-02   9.08e-02  -1.93e-02   0.00e+00 (  9.52e+01,  1.26e+02)
55      0.005   2.55e-01   1.37e-01   1.08e-01   6.32e-02   0.00e+00 (  8.95e+01,  1.12e+02)
60      0.014   2.74e-01   1.89e-01   1.45e-01   2.01e-01   0.00e+00 (  8.29e+01,  9.95e+01)
65      0.036   3.04e-01   2.83e-01   2.20e-01   5.24e-01   0.00e+00 (  7.81e+01,  8.75e+01)
70      0.047   3.20e-01   3.47e-01   2.89e-01   7.04e-01   0.00e+00 (  7.13e+01,  7.67e+01)
75      0.057   3.31e-01   4.07e-01   3.61e-01   8.81e-01   0.00e+00 (  6.46e+01,  6.65e+01)
80      0.069   3.30e-01   4.58e-01   4.08e-01   1.11e+00   0.00e+00 (  5.67e+01,  5.72e+01)
85      0.080   3.14e-01   4.74e-01   3.85e-01   1.56e+00   0.00e+00 (  4.79e+01,  4.90e+01)
90      0.195   5.06e-01   9.24e-01   5.72e-01   6.93e+00   0.00e+00 (  1.17e+02,  4.33e+01)
95      0.080   1.79e-01   3.00e-01   2.22e-01   5.02e+00   0.00e+00 (  9.40e+01,  4.00e+01)
 8 e: 2.432e-04 i: 1.949e-04 :: e: 3.638e-02 i: 4.441e-02 :: n: 2.762e+01 e:23.278 i:26.523 v:4.993e+03
>>> tau_he = 5.000000, nhe(0)=3.195879e+00
 5     -0.004   5.50e-03   4.42e-01   3.56e-03  -2.08e-02   0.00e+00 (  2.35e+00,  5.76e+01)
10     -0.004   1.81e-02  -7.83e-03   1.58e-03  -2.24e-02   0.00e+00 (  1.18e+01,  1.04e+02)
15     -0.053   7.07e-02  -5.64e-02  -6.51e-04  -3.81e-01   0.00e+00 (  5.17e+01,  1.39e+02)
20     -0.038   1.21e-01  -7.36e-02   3.21e-03  -3.14e-01   0.00e+00 (  8.05e+01,  1.54e+02)
25     -0.025   1.57e-01  -5.65e-02  -3.28e-03  -2.37e-01   0.00e+00 (  9.65e+01,  1.62e+02)
30     -0.018   1.80e-01  -4.44e-02  -8.69e-03  -1.83e-01   0.00e+00 (  1.05e+02,  1.66e+02)
35     -0.009   1.95e-01  -9.02e-03  -3.68e-03  -1.00e-01   0.00e+00 (  1.09e+02,  1.61e+02)
40     -0.010   2.06e-01   2.29e-02  -5.33e-03  -1.15e-01   0.00e+00 (  1.08e+02,  1.53e+02)
45     -0.005   2.24e-01   5.83e-02   2.82e-02  -6.91e-02   0.00e+00 (  1.06e+02,  1.41e+02)
50     -0.002   2.43e-01   9.77e-02   9.71e-02  -3.20e-02   0.00e+00 (  1.01e+02,  1.26e+02)
55      0.003   2.64e-01   1.48e-01   1.16e-01   4.84e-02   0.00e+00 (  9.48e+01,  1.12e+02)
60      0.012   2.86e-01   2.01e-01   1.52e-01   1.74e-01   0.00e+00 (  8.86e+01,  9.95e+01)
65      0.034   3.16e-01   2.98e-01   2.32e-01   4.98e-01   0.00e+00 (  8.34e+01,  8.75e+01)
70      0.044   3.33e-01   3.59e-01   3.00e-01   6.64e-01   0.00e+00 (  7.61e+01,  7.67e+01)
75      0.053   3.44e-01   4.14e-01   3.69e-01   8.24e-01   0.00e+00 (  6.88e+01,  6.65e+01)
80      0.063   3.45e-01   4.58e-01   4.08e-01   1.02e+00   0.00e+00 (  6.10e+01,  5.72e+01)
85      0.078   3.27e-01   4.80e-01   3.90e-01   1.52e+00   0.00e+00 (  5.14e+01,  4.90e+01)
90      0.195   5.08e-01   9.25e-01   5.72e-01   6.91e+00   0.00e+00 (  1.18e+02,  4.33e+01)
95      0.080   1.79e-01   3.00e-01   2.22e-01   5.02e+00   0.00e+00 (  9.40e+01,  4.00e+01)
 9 e: 7.983e-05 i: 2.191e-04 :: e: 2.263e-02 i: 3.567e-02 :: n: 2.762e+01 e:23.116 i:26.858 v:4.993e+03
>>> tau_he = 5.000000, nhe(0)=3.221427e+00
 5     -0.004   5.66e-03   4.58e-01   3.57e-03  -2.09e-02   0.00e+00 (  2.42e+00,  5.76e+01)
10     -0.004   1.86e-02  -7.83e-03   1.62e-03  -2.27e-02   0.00e+00 (  1.21e+01,  1.04e+02)
15     -0.053   7.05e-02  -5.63e-02  -1.51e-04  -3.77e-01   0.00e+00 (  5.11e+01,  1.39e+02)
20     -0.038   1.21e-01  -7.45e-02   3.70e-03  -3.13e-01   0.00e+00 (  7.98e+01,  1.54e+02)
25     -0.026   1.58e-01  -5.58e-02  -2.84e-03  -2.40e-01   0.00e+00 (  9.67e+01,  1.62e+02)
30     -0.022   1.83e-01  -4.30e-02  -1.12e-02  -2.23e-01   0.00e+00 (  1.07e+02,  1.66e+02)
35     -0.010   1.96e-01  -1.16e-02  -3.93e-03  -1.08e-01   0.00e+00 (  1.10e+02,  1.61e+02)
40     -0.010   2.06e-01   1.94e-02  -5.05e-03  -1.22e-01   0.00e+00 (  1.08e+02,  1.53e+02)
45     -0.005   2.24e-01   5.06e-02   2.50e-02  -5.93e-02   0.00e+00 (  1.05e+02,  1.41e+02)
50     -0.002   2.37e-01   8.92e-02   9.25e-02  -2.54e-02   0.00e+00 (  9.78e+01,  1.26e+02)
55      0.004   2.58e-01   1.39e-01   1.11e-01   5.39e-02   0.00e+00 (  9.19e+01,  1.12e+02)
60      0.014   2.77e-01   1.92e-01   1.48e-01   1.98e-01   0.00e+00 (  8.49e+01,  9.95e+01)
65      0.035   3.08e-01   2.87e-01   2.23e-01   5.21e-01   0.00e+00 (  7.99e+01,  8.75e+01)
70      0.047   3.24e-01   3.51e-01   2.93e-01   7.01e-01   0.00e+00 (  7.28e+01,  7.67e+01)
75      0.057   3.35e-01   4.12e-01   3.65e-01   8.78e-01   0.00e+00 (  6.59e+01,  6.65e+01)
80      0.068   3.39e-01   4.62e-01   4.09e-01   1.09e+00   0.00e+00 (  5.88e+01,  5.72e+01)
85      0.079   3.20e-01   4.79e-01   3.89e-01   1.55e+00   0.00e+00 (  4.95e+01,  4.90e+01)
90      0.195   5.07e-01   9.24e-01   5.72e-01   6.92e+00   0.00e+00 (  1.17e+02,  4.33e+01)
95      0.080   1.79e-01   3.00e-01   2.22e-01   5.02e+00   0.00e+00 (  9.40e+01,  4.00e+01)
10 e: 1.294e-04 i: 1.250e-04 :: e: 2.164e-02 i: 3.457e-02 :: n: 2.762e+01 e:23.326 i:26.847 v:4.993e+03
>>> tau_he = 5.000000, nhe(0)=3.220533e+00
 5     -0.004   5.66e-03   4.60e-01   3.61e-03  -2.11e-02   0.00e+00 (  2.42e+00,  5.76e+01)
10     -0.004   1.78e-02  -7.66e-03   1.44e-03  -2.15e-02   0.00e+00 (  1.15e+01,  1.04e+02)
15     -0.053   6.34e-02  -5.90e-02  -2.18e-03  -3.81e-01   0.00e+00 (  4.59e+01,  1.39e+02)
20     -0.037   1.19e-01  -7.58e-02   2.81e-03  -3.10e-01   0.00e+00 (  7.87e+01,  1.54e+02)
25     -0.025   1.57e-01  -5.79e-02  -3.69e-03  -2.34e-01   0.00e+00 (  9.68e+01,  1.62e+02)
30     -0.022   1.85e-01  -4.35e-02  -1.20e-02  -2.22e-01   0.00e+00 (  1.09e+02,  1.66e+02)
35     -0.010   1.97e-01  -1.02e-02  -3.79e-03  -1.07e-01   0.00e+00 (  1.12e+02,  1.61e+02)
40     -0.012   2.07e-01   2.51e-02  -5.20e-03  -1.38e-01   0.00e+00 (  1.10e+02,  1.53e+02)
45     -0.006   2.26e-01   5.72e-02   2.72e-02  -7.77e-02   0.00e+00 (  1.08e+02,  1.41e+02)
50     -0.003   2.44e-01   9.63e-02   9.66e-02  -3.91e-02   0.00e+00 (  1.02e+02,  1.26e+02)
55      0.003   2.65e-01   1.47e-01   1.15e-01   4.45e-02   0.00e+00 (  9.59e+01,  1.12e+02)
60      0.012   2.86e-01   2.00e-01   1.52e-01   1.77e-01   0.00e+00 (  8.93e+01,  9.95e+01)
65      0.034   3.17e-01   2.98e-01   2.32e-01   5.03e-01   0.00e+00 (  8.38e+01,  8.75e+01)
70      0.045   3.33e-01   3.60e-01   3.01e-01   6.73e-01   0.00e+00 (  7.63e+01,  7.67e+01)
75      0.054   3.44e-01   4.18e-01   3.72e-01   8.40e-01   0.00e+00 (  6.90e+01,  6.65e+01)
80      0.065   3.47e-01   4.65e-01   4.13e-01   1.04e+00   0.00e+00 (  6.16e+01,  5.72e+01)
85      0.079   3.30e-01   4.86e-01   3.95e-01   1.53e+00   0.00e+00 (  5.23e+01,  4.90e+01)
90      0.195   5.08e-01   9.25e-01   5.73e-01   6.91e+00   0.00e+00 (  1.18e+02,  4.33e+01)
95      0.080   1.79e-01   3.00e-01   2.22e-01   5.02e+00   0.00e+00 (  9.40e+01,  4.00e+01)
11 e: 2.613e-05 i: 1.473e-04 :: e: 1.489e-02 i: 3.057e-02 :: n: 2.762e+01 e:23.236 i:27.113 v:4.993e+03
>>> tau_he = 5.000000, nhe(0)=3.240541e+00
 5     -0.005   5.79e-03   4.73e-01   3.62e-03  -2.12e-02   0.00e+00 (  2.48e+00,  5.76e+01)
10     -0.004   1.82e-02  -7.67e-03   1.47e-03  -2.18e-02   0.00e+00 (  1.18e+01,  1.04e+02)
15     -0.053   6.95e-02  -5.86e-02  -1.41e-03  -3.81e-01   0.00e+00 (  5.00e+01,  1.39e+02)
20     -0.037   1.19e-01  -7.58e-02   2.81e-03  -3.10e-01   0.00e+00 (  7.86e+01,  1.54e+02)
25     -0.025   1.58e-01  -5.76e-02  -3.42e-03  -2.37e-01   0.00e+00 (  9.71e+01,  1.62e+02)
30     -0.022   1.87e-01  -4.41e-02  -1.12e-02  -2.28e-01   0.00e+00 (  1.10e+02,  1.66e+02)
35     -0.010   1.98e-01  -1.20e-02  -4.01e-03  -1.12e-01   0.00e+00 (  1.12e+02,  1.61e+02)
40     -0.011   2.08e-01   1.99e-02  -5.37e-03  -1.27e-01   0.00e+00 (  1.10e+02,  1.53e+02)
45     -0.007   2.26e-01   5.34e-02   2.52e-02  -8.31e-02   0.00e+00 (  1.07e+02,  1.41e+02)
50     -0.003   2.42e-01   9.09e-02   9.42e-02  -4.20e-02   0.00e+00 (  1.01e+02,  1.26e+02)
55      0.003   2.62e-01   1.41e-01   1.12e-01   4.82e-02   0.00e+00 (  9.40e+01,  1.12e+02)
60      0.014   2.81e-01   1.95e-01   1.50e-01   1.96e-01   0.00e+00 (  8.68e+01,  9.95e+01)
65      0.035   3.11e-01   2.91e-01   2.26e-01   5.18e-01   0.00e+00 (  8.16e+01,  8.75e+01)
70      0.046   3.28e-01   3.56e-01   2.96e-01   6.99e-01   0.00e+00 (  7.43e+01,  7.67e+01)
75      0.057   3.39e-01   4.17e-01   3.69e-01   8.77e-01   0.00e+00 (  6.73e+01,  6.65e+01)
80      0.068   3.44e-01   4.68e-01   4.14e-01   1.09e+00   0.00e+00 (  6.03e+01,  5.72e+01)
85      0.079   3.25e-01   4.84e-01   3.94e-01   1.54e+00   0.00e+00 (  5.12e+01,  4.90e+01)
90      0.195   5.07e-01   9.25e-01   5.73e-01   6.91e+00   0.00e+00 (  1.18e+02,  4.33e+01)
95      0.080   1.79e-01   3.00e-01   2.22e-01   5.02e+00   0.00e+00 (  9.40e+01,  4.00e+01)
12 e: 6.849e-05 i: 9.031e-05 :: e: 1.283e-02 i: 2.860e-02 :: n: 2.762e+01 e:23.389 i:27.140 v:4.993e+03
>>> tau_he = 5.000000, nhe(0)=3.242497e+00
 5     -0.005   5.80e-03   4.76e-01   3.65e-03  -2.14e-02   0.00e+00 (  2.49e+00,  5.76e+01)
10     -0.004   1.76e-02  -7.56e-03   1.36e-03  -2.10e-02   0.00e+00 (  1.14e+01,  1.04e+02)
15     -0.054   6.30e-02  -6.10e-02  -3.08e-03  -3.83e-01   0.00e+00 (  4.53e+01,  1.39e+02)
20     -0.037   1.18e-01  -8.01e-02  -5.28e-04  -3.03e-01   0.00e+00 (  7.82e+01,  1.54e+02)
25     -0.025   1.58e-01  -5.86e-02  -8.69e-03  -2.33e-01   0.00e+00 (  9.75e+01,  1.62e+02)
30     -0.022   1.87e-01  -4.45e-02  -1.18e-02  -2.27e-01   0.00e+00 (  1.11e+02,  1.66e+02)
35     -0.010   1.99e-01  -1.11e-02  -3.96e-03  -1.11e-01   0.00e+00 (  1.14e+02,  1.61e+02)
40     -0.012   2.09e-01   2.47e-02  -5.43e-03  -1.44e-01   0.00e+00 (  1.12e+02,  1.53e+02)
45     -0.007   2.28e-01   5.62e-02   2.63e-02  -8.47e-02   0.00e+00 (  1.09e+02,  1.41e+02)
50     -0.003   2.46e-01   9.53e-02   9.64e-02  -4.38e-02   0.00e+00 (  1.04e+02,  1.26e+02)
55      0.003   2.66e-01   1.46e-01   1.15e-01   4.19e-02   0.00e+00 (  9.68e+01,  1.12e+02)
60      0.013   2.87e-01   2.01e-01   1.52e-01   1.84e-01   0.00e+00 (  8.99e+01,  9.95e+01)
65      0.034   3.18e-01   2.99e-01   2.32e-01   5.06e-01   0.00e+00 (  8.44e+01,  8.75e+01)
70      0.045   3.35e-01   3.62e-01   3.02e-01   6.80e-01   0.00e+00 (  7.69e+01,  7.67e+01)
75      0.055   3.46e-01   4.22e-01   3.74e-01   8.51e-01   0.00e+00 (  6.96e+01,  6.65e+01)
80      0.065   3.50e-01   4.71e-01   4.17e-01   1.06e+00   0.00e+00 (  6.23e+01,  5.72e+01)
85      0.079   3.33e-01   4.91e-01   3.97e-01   1.53e+00   0.00e+00 (  5.33e+01,  4.90e+01)
90      0.195   5.08e-01   9.25e-01   5.73e-01   6.91e+00   0.00e+00 (  1.19e+02,  4.33e+01)
95      0.080   1.79e-01   3.00e-01   2.22e-01   5.02e+00   0.00e+00 (  9.40e+01,  4.00e+01)
13 e: 9.204e-06 i: 1.029e-04 :: e: 1.110e-02 i: 2.837e-02 :: n: 2.762e+01 e:23.338 i:27.348 v:4.993e+03
>>> tau_he = 5.000000, nhe(0)=3.257936e+00
 5     -0.005   5.91e-03   4.86e-01   3.66e-03  -2.15e-02   0.00e+00 (  2.54e+00,  5.76e+01)
10     -0.004   1.79e-02  -7.56e-03   1.37e-03  -2.12e-02   0.00e+00 (  1.16e+01,  1.04e+02)
15     -0.054   6.33e-02  -6.15e-02  -2.87e-03  -3.84e-01   0.00e+00 (  4.55e+01,  1.39e+02)
20     -0.037   1.19e-01  -8.02e-02  -4.29e-04  -3.04e-01   0.00e+00 (  7.82e+01,  1.54e+02)
25     -0.025   1.59e-01  -5.86e-02  -8.43e-03  -2.34e-01   0.00e+00 (  9.77e+01,  1.62e+02)
30     -0.022   1.88e-01  -4.49e-02  -1.13e-02  -2.31e-01   0.00e+00 (  1.11e+02,  1.66e+02)
35     -0.010   2.00e-01  -1.24e-02  -4.15e-03  -1.14e-01   0.00e+00 (  1.14e+02,  1.61e+02)
40     -0.011   2.10e-01   2.03e-02  -5.71e-03  -1.31e-01   0.00e+00 (  1.12e+02,  1.53e+02)
45     -0.007   2.28e-01   5.37e-02   2.49e-02  -8.84e-02   0.00e+00 (  1.09e+02,  1.41e+02)
50     -0.003   2.44e-01   9.17e-02   9.47e-02  -4.58e-02   0.00e+00 (  1.03e+02,  1.26e+02)
55      0.003   2.64e-01   1.42e-01   1.12e-01   4.43e-02   0.00e+00 (  9.56e+01,  1.12e+02)
60      0.014   2.84e-01   1.98e-01   1.51e-01   1.94e-01   0.00e+00 (  8.85e+01,  9.95e+01)
65      0.035   3.15e-01   2.94e-01   2.29e-01   5.17e-01   0.00e+00 (  8.31e+01,  8.75e+01)
70      0.046   3.31e-01   3.60e-01   2.99e-01   6.98e-01   0.00e+00 (  7.56e+01,  7.67e+01)
75      0.057   3.43e-01   4.21e-01   3.73e-01   8.77e-01   0.00e+00 (  6.85e+01,  6.65e+01)
80      0.067   3.48e-01   4.73e-01   4.19e-01   1.09e+00   0.00e+00 (  6.16e+01,  5.72e+01)
85      0.078   3.30e-01   4.88e-01   3.98e-01   1.53e+00   0.00e+00 (  5.26e+01,  4.90e+01)
90      0.195   5.08e-01   9.25e-01   5.73e-01   6.91e+00   0.00e+00 (  1.18e+02,  4.33e+01)
95      0.080   1.79e-01   3.00e-01   2.22e-01   5.02e+00   0.00e+00 (  9.40e+01,  4.00e+01)
14 e: 3.492e-05 i: 6.852e-05 :: e: 8.102e-03 i: 2.660e-02 :: n: 2.762e+01 e:23.453 i:27.391 v:4.993e+03
>>> tau_he = 5.000000, nhe(0)=3.261109e+00
 5     -0.005   5.93e-03   4.90e-01   3.69e-03  -2.16e-02   0.00e+00 (  2.55e+00,  5.76e+01)
10     -0.003   1.76e-02  -7.49e-03   1.30e-03  -2.07e-02   0.00e+00 (  1.14e+01,  1.04e+02)
15     -0.054   6.32e-02  -6.28e-02  -3.76e-03  -3.88e-01   0.00e+00 (  4.54e+01,  1.39e+02)
20     -0.037   1.18e-01  -7.97e-02  -4.43e-03  -3.02e-01   0.00e+00 (  7.82e+01,  1.54e+02)
25     -0.024   1.54e-01  -5.72e-02  -1.02e-02  -2.27e-01   0.00e+00 (  9.50e+01,  1.62e+02)
30     -0.022   1.89e-01  -4.53e-02  -1.16e-02  -2.31e-01   0.00e+00 (  1.12e+02,  1.66e+02)
35     -0.013   1.97e-01  -1.56e-02  -4.28e-03  -1.40e-01   0.00e+00 (  1.13e+02,  1.61e+02)
40     -0.012   2.10e-01   2.44e-02  -5.69e-03  -1.47e-01   0.00e+00 (  1.13e+02,  1.53e+02)
45     -0.007   2.30e-01   5.56e-02   2.55e-02  -8.94e-02   0.00e+00 (  1.11e+02,  1.41e+02)
50     -0.004   2.47e-01   9.48e-02   9.63e-02  -4.69e-02   0.00e+00 (  1.05e+02,  1.26e+02)
55      0.003   2.67e-01   1.46e-01   1.14e-01   4.00e-02   0.00e+00 (  9.76e+01,  1.12e+02)
60      0.013   2.88e-01   2.01e-01   1.52e-01   1.86e-01   0.00e+00 (  9.07e+01,  9.95e+01)
65      0.035   3.19e-01   3.00e-01   2.33e-01   5.08e-01   0.00e+00 (  8.52e+01,  8.75e+01)
70      0.045   3.36e-01   3.64e-01   3.03e-01   6.85e-01   0.00e+00 (  7.75e+01,  7.67e+01)
75      0.056   3.48e-01   4.25e-01   3.77e-01   8.59e-01   0.00e+00 (  7.02e+01,  6.65e+01)
80      0.066   3.53e-01   4.75e-01   4.21e-01   1.07e+00   0.00e+00 (  6.31e+01,  5.72e+01)
85      0.077   3.35e-01   4.89e-01   4.00e-01   1.51e+00   0.00e+00 (  5.40e+01,  4.90e+01)
90      0.195   5.08e-01   9.25e-01   5.74e-01   6.90e+00   0.00e+00 (  1.19e+02,  4.33e+01)
95      0.080   1.79e-01   3.00e-01   2.22e-01   5.02e+00   0.00e+00 (  9.40e+01,  4.00e+01)
15 e: 3.899e-06 i: 7.598e-05 :: e: 1.080e-02 i: 2.760e-02 :: n: 2.762e+01 e:23.428 i:27.557 v:4.993e+03
>>> tau_he = 5.000000, nhe(0)=3.273219e+00
 5     -0.005   6.01e-03   4.99e-01   3.70e-03  -2.17e-02   0.00e+00 (  2.59e+00,  5.76e+01)
10     -0.003   1.78e-02  -7.49e-03   1.30e-03  -2.08e-02   0.00e+00 (  1.15e+01,  1.04e+02)
15     -0.054   6.34e-02  -6.34e-02  -3.70e-03  -3.88e-01   0.00e+00 (  4.55e+01,  1.39e+02)
20     -0.037   1.18e-01  -8.24e-02  -9.48e-04  -3.03e-01   0.00e+00 (  7.80e+01,  1.54e+02)
25     -0.024   1.54e-01  -5.74e-02  -1.02e-02  -2.28e-01   0.00e+00 (  9.49e+01,  1.62e+02)
30     -0.023   1.90e-01  -4.57e-02  -1.14e-02  -2.33e-01   0.00e+00 (  1.12e+02,  1.66e+02)
35     -0.010   2.02e-01  -1.29e-02  -4.24e-03  -1.17e-01   0.00e+00 (  1.16e+02,  1.61e+02)
40     -0.012   2.11e-01   2.33e-02  -5.60e-03  -1.50e-01   0.00e+00 (  1.13e+02,  1.53e+02)
45     -0.007   2.29e-01   5.39e-02   2.46e-02  -9.19e-02   0.00e+00 (  1.11e+02,  1.41e+02)
50     -0.004   2.46e-01   9.24e-02   9.52e-02  -4.81e-02   0.00e+00 (  1.04e+02,  1.26e+02)
55      0.003   2.66e-01   1.43e-01   1.13e-01   4.16e-02   0.00e+00 (  9.69e+01,  1.12e+02)
60      0.014   2.86e-01   2.00e-01   1.53e-01   1.94e-01   0.00e+00 (  8.98e+01,  9.95e+01)
65      0.035   3.17e-01   2.97e-01   2.31e-01   5.16e-01   0.00e+00 (  8.43e+01,  8.75e+01)
70      0.046   3.34e-01   3.63e-01   3.02e-01   6.97e-01   0.00e+00 (  7.67e+01,  7.67e+01)
75      0.057   3.46e-01   4.25e-01   3.76e-01   8.77e-01   0.00e+00 (  6.95e+01,  6.65e+01)
80      0.067   3.51e-01   4.78e-01   4.22e-01   1.09e+00   0.00e+00 (  6.26e+01,  5.72e+01)
85      0.078   3.34e-01   4.93e-01   4.02e-01   1.53e+00   0.00e+00 (  5.38e+01,  4.90e+01)
90      0.195   5.08e-01   9.25e-01   5.74e-01   6.91e+00   0.00e+00 (  1.19e+02,  4.33e+01)
95      0.080   1.79e-01   3.00e-01   2.22e-01   5.02e+00   0.00e+00 (  9.40e+01,  4.00e+01)
16 e: 1.870e-05 i: 5.400e-05 :: e: 7.510e-03 i: 2.470e-02 :: n: 2.762e+01 e:23.512 i:27.608 v:4.993e+03
>>> tau_he = 5.000000, nhe(0)=3.276968e+00
 5     -0.005   6.04e-03   5.03e-01   3.72e-03  -2.18e-02   0.00e+00 (  2.61e+00,  5.76e+01)
10     -0.003   1.77e-02  -7.36e-03   1.57e-03  -1.91e-02   0.00e+00 (  1.14e+01,  1.04e+02)
15     -0.055   6.33e-02  -6.45e-02  -4.33e-03  -3.91e-01   0.00e+00 (  4.55e+01,  1.39e+02)
20     -0.037   1.18e-01  -8.14e-02  -4.96e-03  -3.02e-01   0.00e+00 (  7.82e+01,  1.54e+02)
25     -0.024   1.54e-01  -5.83e-02  -1.07e-02  -2.27e-01   0.00e+00 (  9.54e+01,  1.62e+02)
30     -0.023   1.90e-01  -4.59e-02  -1.17e-02  -2.33e-01   0.00e+00 (  1.13e+02,  1.66e+02)
35     -0.013   1.98e-01  -1.63e-02  -4.42e-03  -1.43e-01   0.00e+00 (  1.14e+02,  1.61e+02)
40     -0.013   2.12e-01   2.41e-02  -5.86e-03  -1.50e-01   0.00e+00 (  1.14e+02,  1.53e+02)
45     -0.007   2.31e-01   5.52e-02   2.50e-02  -9.25e-02   0.00e+00 (  1.12e+02,  1.41e+02)
50      0.007   2.63e-01   1.21e-01   1.04e-01   9.08e-02   0.00e+00 (  1.12e+02,  1.26e+02)
55      0.003   2.68e-01   1.46e-01   1.14e-01   3.89e-02   0.00e+00 (  9.84e+01,  1.12e+02)
60      0.013   2.89e-01   2.02e-01   1.52e-01   1.87e-01   0.00e+00 (  9.14e+01,  9.95e+01)
65      0.035   3.21e-01   3.01e-01   2.34e-01   5.11e-01   0.00e+00 (  8.58e+01,  8.75e+01)
70      0.046   3.37e-01   3.66e-01   3.05e-01   6.89e-01   0.00e+00 (  7.80e+01,  7.67e+01)
75      0.056   3.49e-01   4.27e-01   3.79e-01   8.65e-01   0.00e+00 (  7.07e+01,  6.65e+01)
80      0.066   3.55e-01   4.79e-01   4.24e-01   1.07e+00   0.00e+00 (  6.36e+01,  5.72e+01)
85      0.077   3.38e-01   4.94e-01   4.03e-01   1.51e+00   0.00e+00 (  5.48e+01,  4.90e+01)
90      0.195   5.08e-01   9.26e-01   5.74e-01   6.90e+00   0.00e+00 (  1.19e+02,  4.33e+01)
95      0.080   1.79e-01   3.00e-01   2.22e-01   5.02e+00   0.00e+00 (  9.40e+01,  4.00e+01)
17 e: 4.670e-06 i: 6.275e-05 :: e: 1.264e-02 i: 3.000e-02 :: n: 2.762e+01 e:23.499 i:27.734 v:4.993e+03
>>> tau_he = 5.000000, nhe(0)=3.286114e+00
 5     -0.005   6.10e-03   5.10e-01   3.73e-03  -2.19e-02   0.00e+00 (  2.64e+00,  5.76e+01)
10     -0.003   1.78e-02  -7.36e-03   1.58e-03  -1.92e-02   0.00e+00 (  1.15e+01,  1.04e+02)
15     -0.055   6.35e-02  -6.50e-02  -4.37e-03  -3.92e-01   0.00e+00 (  4.56e+01,  1.39e+02)
20     -0.035   1.20e-01  -7.94e-02  -2.01e-03  -2.86e-01   0.00e+00 (  7.91e+01,  1.54e+02)
25     -0.024   1.54e-01  -5.86e-02  -1.08e-02  -2.27e-01   0.00e+00 (  9.58e+01,  1.62e+02)
30     -0.023   1.91e-01  -4.62e-02  -1.15e-02  -2.35e-01   0.00e+00 (  1.13e+02,  1.66e+02)
35     -0.013   1.99e-01  -1.69e-02  -4.46e-03  -1.46e-01   0.00e+00 (  1.14e+02,  1.61e+02)
40     -0.013   2.12e-01   2.36e-02  -5.89e-03  -1.52e-01   0.00e+00 (  1.15e+02,  1.53e+02)
45     -0.008   2.30e-01   5.42e-02   2.13e-02  -9.96e-02   0.00e+00 (  1.12e+02,  1.41e+02)
50     -0.004   2.47e-01   9.16e-02   9.52e-02  -5.25e-02   0.00e+00 (  1.05e+02,  1.26e+02)
55      0.003   2.67e-01   1.44e-01   1.11e-01   4.23e-02   0.00e+00 (  9.78e+01,  1.12e+02)
60      0.014   2.88e-01   2.01e-01   1.54e-01   1.95e-01   0.00e+00 (  9.08e+01,  9.95e+01)
65      0.035   3.19e-01   2.99e-01   2.33e-01   5.16e-01   0.00e+00 (  8.53e+01,  8.75e+01)
70      0.046   3.36e-01   3.65e-01   3.04e-01   6.97e-01   0.00e+00 (  7.76e+01,  7.67e+01)
75      0.057   3.48e-01   4.28e-01   3.78e-01   8.77e-01   0.00e+00 (  7.03e+01,  6.65e+01)
80      0.067   3.54e-01   4.81e-01   4.25e-01   1.09e+00   0.00e+00 (  6.34e+01,  5.72e+01)
85      0.078   3.38e-01   4.96e-01   4.06e-01   1.53e+00   0.00e+00 (  5.47e+01,  4.90e+01)
90      0.195   5.08e-01   9.25e-01   5.74e-01   6.90e+00   0.00e+00 (  1.19e+02,  4.33e+01)
95      0.080   1.79e-01   3.00e-01   2.22e-01   5.02e+00   0.00e+00 (  9.40e+01,  4.00e+01)
18 e: 8.734e-06 i: 4.409e-05 :: e: 8.171e-03 i: 2.494e-02 :: n: 2.762e+01 e:23.556 i:27.784 v:4.993e+03
>>> tau_he = 5.000000, nhe(0)=3.289708e+00
 5     -0.005   6.13e-03   5.14e-01   3.74e-03  -2.20e-02   0.00e+00 (  2.65e+00,  5.76e+01)
10     -0.003   1.77e-02  -7.33e-03   1.55e-03  -1.90e-02   0.00e+00 (  1.15e+01,  1.04e+02)
15     -0.055   6.35e-02  -6.59e-02  -4.83e-03  -3.94e-01   0.00e+00 (  4.56e+01,  1.39e+02)
20     -0.034   1.19e-01  -8.04e-02  -2.42e-03  -2.85e-01   0.00e+00 (  7.89e+01,  1.54e+02)
25     -0.024   1.55e-01  -5.93e-02  -1.12e-02  -2.26e-01   0.00e+00 (  9.62e+01,  1.62e+02)
30     -0.023   1.91e-01  -4.64e-02  -1.19e-02  -2.34e-01   0.00e+00 (  1.14e+02,  1.66e+02)
35     -0.013   2.00e-01  -1.69e-02  -4.45e-03  -1.47e-01   0.00e+00 (  1.15e+02,  1.61e+02)
40     -0.013   2.12e-01   2.41e-02  -6.06e-03  -1.52e-01   0.00e+00 (  1.15e+02,  1.53e+02)
45     -0.007   2.31e-01   5.50e-02   2.46e-02  -9.37e-02   0.00e+00 (  1.13e+02,  1.41e+02)
50      0.007   2.63e-01   1.19e-01   1.04e-01   8.74e-02   0.00e+00 (  1.12e+02,  1.26e+02)
55      0.003   2.68e-01   1.46e-01   1.13e-01   4.31e-02   0.00e+00 (  9.86e+01,  1.12e+02)
60      0.013   2.90e-01   2.03e-01   1.55e-01   1.93e-01   0.00e+00 (  9.18e+01,  9.95e+01)
65      0.035   3.21e-01   3.02e-01   2.34e-01   5.13e-01   0.00e+00 (  8.63e+01,  8.75e+01)
70      0.046   3.38e-01   3.68e-01   3.06e-01   6.92e-01   0.00e+00 (  7.85e+01,  7.67e+01)
75      0.056   3.50e-01   4.30e-01   3.80e-01   8.69e-01   0.00e+00 (  7.11e+01,  6.65e+01)
80      0.067   3.56e-01   4.82e-01   4.26e-01   1.08e+00   0.00e+00 (  6.41e+01,  5.72e+01)
85      0.078   3.40e-01   4.97e-01   4.07e-01   1.52e+00   0.00e+00 (  5.55e+01,  4.90e+01)
90      0.195   5.09e-01   9.26e-01   5.75e-01   6.90e+00   0.00e+00 (  1.19e+02,  4.33e+01)
95      0.080   1.79e-01   3.00e-01   2.22e-01   5.02e+00   0.00e+00 (  9.40e+01,  4.00e+01)
19 e: 3.140e-06 i: 4.719e-05 :: e: 1.165e-02 i: 2.817e-02 :: n: 2.762e+01 e:23.548 i:27.881 v:4.993e+03
>>> tau_he = 5.000000, nhe(0)=3.296699e+00
 5     -0.005   6.18e-03   5.20e-01   3.76e-03  -2.20e-02   0.00e+00 (  2.67e+00,  5.76e+01)
10     -0.003   1.78e-02  -7.34e-03   1.56e-03  -1.91e-02   0.00e+00 (  1.15e+01,  1.04e+02)
15     -0.055   6.37e-02  -6.64e-02  -4.90e-03  -3.95e-01   0.00e+00 (  4.57e+01,  1.39e+02)
20     -0.034   1.19e-01  -8.08e-02  -2.52e-03  -2.85e-01   0.00e+00 (  7.89e+01,  1.54e+02)
25     -0.024   1.55e-01  -5.95e-02  -1.13e-02  -2.26e-01   0.00e+00 (  9.64e+01,  1.62e+02)
30     -0.023   1.91e-01  -4.66e-02  -1.17e-02  -2.35e-01   0.00e+00 (  1.14e+02,  1.66e+02)
35     -0.013   2.00e-01  -1.73e-02  -4.49e-03  -1.48e-01   0.00e+00 (  1.15e+02,  1.61e+02)
40     -0.013   2.13e-01   2.38e-02  -6.12e-03  -1.53e-01   0.00e+00 (  1.15e+02,  1.53e+02)
45     -0.008   2.31e-01   5.44e-02   2.11e-02  -1.00e-01   0.00e+00 (  1.12e+02,  1.41e+02)
50     -0.004   2.48e-01   9.11e-02   9.53e-02  -5.42e-02   0.00e+00 (  1.06e+02,  1.26e+02)
55      0.003   2.67e-01   1.45e-01   1.13e-01   4.33e-02   0.00e+00 (  9.83e+01,  1.12e+02)
60      0.014   2.89e-01   2.03e-01   1.55e-01   1.96e-01   0.00e+00 (  9.16e+01,  9.95e+01)
65      0.035   3.21e-01   3.01e-01   2.34e-01   5.17e-01   0.00e+00 (  8.60e+01,  8.75e+01)
70      0.046   3.38e-01   3.67e-01   3.05e-01   6.98e-01   0.00e+00 (  7.82e+01,  7.67e+01)
75      0.057   3.50e-01   4.30e-01   3.80e-01   8.77e-01   0.00e+00 (  7.08e+01,  6.65e+01)
80      0.067   3.56e-01   4.83e-01   4.27e-01   1.09e+00   0.00e+00 (  6.39e+01,  5.72e+01)
85      0.078   3.40e-01   4.99e-01   4.08e-01   1.53e+00   0.00e+00 (  5.55e+01,  4.90e+01)
90      0.195   5.09e-01   9.26e-01   5.75e-01   6.90e+00   0.00e+00 (  1.19e+02,  4.33e+01)
95      0.080   1.79e-01   3.00e-01   2.22e-01   5.02e+00   0.00e+00 (  9.40e+01,  4.00e+01)
20 e: 4.179e-06 i: 3.534e-05 :: e: 7.922e-03 i: 2.417e-02 :: n: 2.762e+01 e:23.588 i:27.927 v:4.993e+03
>>> tau_he = 5.000000, nhe(0)=3.299944e+00
 5     -0.005   6.20e-03   5.23e-01   3.77e-03  -2.21e-02   0.00e+00 (  2.68e+00,  5.76e+01)
10     -0.003   1.78e-02  -7.32e-03   1.55e-03  -1.90e-02   0.00e+00 (  1.15e+01,  1.04e+02)
15     -0.055   6.37e-02  -6.71e-02  -5.27e-03  -3.97e-01   0.00e+00 (  4.57e+01,  1.39e+02)
20     -0.034   1.19e-01  -8.08e-02  -3.67e-03  -2.85e-01   0.00e+00 (  7.89e+01,  1.54e+02)
25     -0.026   1.51e-01  -5.58e-02  -1.56e-02  -2.43e-01   0.00e+00 (  9.41e+01,  1.62e+02)
30     -0.023   1.92e-01  -4.68e-02  -1.19e-02  -2.35e-01   0.00e+00 (  1.14e+02,  1.66e+02)
35     -0.013   2.01e-01  -1.74e-02  -4.50e-03  -1.49e-01   0.00e+00 (  1.16e+02,  1.61e+02)
40     -0.013   2.13e-01   2.41e-02  -6.23e-03  -1.53e-01   0.00e+00 (  1.16e+02,  1.53e+02)
45     -0.008   2.31e-01   5.50e-02   2.12e-02  -1.00e-01   0.00e+00 (  1.13e+02,  1.41e+02)
50     -0.004   2.48e-01   9.25e-02   9.58e-02  -5.26e-02   0.00e+00 (  1.06e+02,  1.26e+02)
55      0.003   2.68e-01   1.46e-01   1.13e-01   4.28e-02   0.00e+00 (  9.90e+01,  1.12e+02)
60      0.014   2.90e-01   2.03e-01   1.55e-01   1.94e-01   0.00e+00 (  9.23e+01,  9.95e+01)
65      0.035   3.22e-01   3.03e-01   2.35e-01   5.15e-01   0.00e+00 (  8.66e+01,  8.75e+01)
70      0.046   3.39e-01   3.69e-01   3.06e-01   6.94e-01   0.00e+00 (  7.88e+01,  7.67e+01)
75      0.057   3.51e-01   4.31e-01   3.81e-01   8.72e-01   0.00e+00 (  7.14e+01,  6.65e+01)
80      0.067   3.57e-01   4.84e-01   4.27e-01   1.08e+00   0.00e+00 (  6.44e+01,  5.72e+01)
85      0.078   3.42e-01   5.00e-01   4.09e-01   1.52e+00   0.00e+00 (  5.60e+01,  4.90e+01)
90      0.194   5.09e-01   9.26e-01   5.75e-01   6.90e+00   0.00e+00 (  1.20e+02,  4.33e+01)
95      0.080   1.79e-01   3.00e-01   2.22e-01   5.02e+00   0.00e+00 (  9.40e+01,  4.00e+01)
21 e: 1.350e-06 i: 3.439e-05 :: e: 9.122e-03 i: 2.326e-02 :: n: 2.762e+01 e:23.588 i:28.009 v:4.993e+03
>>> tau_he = 5.000000, nhe(0)=3.305860e+00
 5     -0.005   6.25e-03   5.29e-01   3.78e-03  -2.21e-02   0.00e+00 (  2.70e+00,  5.76e+01)
10     -0.003   1.79e-02  -7.31e-03   1.55e-03  -1.91e-02   0.00e+00 (  1.16e+01,  1.04e+02)
15     -0.056   6.38e-02  -6.75e-02  -5.35e-03  -3.97e-01   0.00e+00 (  4.58e+01,  1.39e+02)
20     -0.034   1.19e-01  -8.15e-02  -4.03e-03  -2.85e-01   0.00e+00 (  7.89e+01,  1.54e+02)
25     -0.026   1.52e-01  -5.62e-02  -1.57e-02  -2.44e-01   0.00e+00 (  9.46e+01,  1.62e+02)
30     -0.023   1.92e-01  -4.69e-02  -1.19e-02  -2.36e-01   0.00e+00 (  1.14e+02,  1.66e+02)
35     -0.013   2.01e-01  -1.78e-02  -4.55e-03  -1.50e-01   0.00e+00 (  1.16e+02,  1.61e+02)
40     -0.013   2.13e-01   2.37e-02  -6.24e-03  -1.54e-01   0.00e+00 (  1.16e+02,  1.53e+02)
45     -0.008   2.31e-01   5.45e-02   2.09e-02  -1.01e-01   0.00e+00 (  1.13e+02,  1.41e+02)
50      0.007   2.63e-01   1.18e-01   1.03e-01   8.75e-02   0.00e+00 (  1.13e+02,  1.26e+02)
55      0.003   2.68e-01   1.46e-01   1.13e-01   4.32e-02   0.00e+00 (  9.89e+01,  1.12e+02)
60      0.014   2.90e-01   2.03e-01   1.55e-01   1.96e-01   0.00e+00 (  9.21e+01,  9.95e+01)
65      0.035   3.22e-01   3.02e-01   2.34e-01   5.17e-01   0.00e+00 (  8.64e+01,  8.75e+01)
70      0.046   3.38e-01   3.68e-01   3.06e-01   6.98e-01   0.00e+00 (  7.85e+01,  7.67e+01)
75      0.057   3.50e-01   4.31e-01   3.81e-01   8.77e-01   0.00e+00 (  7.12e+01,  6.65e+01)
80      0.067   3.57e-01   4.85e-01   4.28e-01   1.09e+00   0.00e+00 (  6.43e+01,  5.72e+01)
85      0.078   3.42e-01   5.01e-01   4.10e-01   1.53e+00   0.00e+00 (  5.60e+01,  4.90e+01)
90      0.195   5.09e-01   9.26e-01   5.75e-01   6.90e+00   0.00e+00 (  1.20e+02,  4.33e+01)
95      0.080   1.79e-01   3.00e-01   2.22e-01   5.02e+00   0.00e+00 (  9.40e+01,  4.00e+01)
22 e: 4.494e-06 i: 3.304e-05 :: e: 9.931e-03 i: 2.408e-02 :: n: 2.762e+01 e:23.618 i:28.052 v:4.993e+03
>>> tau_he = 5.000000, nhe(0)=3.308927e+00
 5     -0.005   6.27e-03   5.32e-01   3.79e-03  -2.22e-02   0.00e+00 (  2.72e+00,  5.76e+01)
10     -0.003   1.79e-02  -7.30e-03   1.55e-03  -1.90e-02   0.00e+00 (  1.15e+01,  1.04e+02)
15     -0.056   6.38e-02  -6.81e-02  -5.65e-03  -3.99e-01   0.00e+00 (  4.58e+01,  1.39e+02)
20     -0.034   1.19e-01  -8.21e-02  -4.24e-03  -2.85e-01   0.00e+00 (  7.90e+01,  1.54e+02)
25     -0.026   1.52e-01  -5.68e-02  -1.60e-02  -2.43e-01   0.00e+00 (  9.50e+01,  1.62e+02)
30     -0.024   1.93e-01  -4.60e-02  -1.55e-02  -2.44e-01   0.00e+00 (  1.15e+02,  1.66e+02)
35     -0.013   2.01e-01  -1.77e-02  -4.55e-03  -1.51e-01   0.00e+00 (  1.17e+02,  1.61e+02)
40     -0.013   2.13e-01   2.42e-02  -6.40e-03  -1.54e-01   0.00e+00 (  1.16e+02,  1.53e+02)
45     -0.008   2.32e-01   5.50e-02   2.10e-02  -1.01e-01   0.00e+00 (  1.13e+02,  1.41e+02)
50     -0.004   2.49e-01   9.19e-02   9.56e-02  -5.44e-02   0.00e+00 (  1.06e+02,  1.26e+02)
55      0.003   2.68e-01   1.46e-01   1.13e-01   4.22e-02   0.00e+00 (  9.93e+01,  1.12e+02)
60      0.014   2.91e-01   2.04e-01   1.55e-01   1.96e-01   0.00e+00 (  9.27e+01,  9.95e+01)
65      0.035   3.23e-01   3.03e-01   2.35e-01   5.16e-01   0.00e+00 (  8.69e+01,  8.75e+01)
70      0.046   3.40e-01   3.69e-01   3.07e-01   6.96e-01   0.00e+00 (  7.90e+01,  7.67e+01)
75      0.057   3.52e-01   4.32e-01   3.82e-01   8.74e-01   0.00e+00 (  7.15e+01,  6.65e+01)
80      0.067   3.58e-01   4.85e-01   4.28e-01   1.08e+00   0.00e+00 (  6.46e+01,  5.72e+01)
85      0.078   3.43e-01   5.02e-01   4.11e-01   1.52e+00   0.00e+00 (  5.63e+01,  4.90e+01)
90      0.194   5.09e-01   9.26e-01   5.75e-01   6.90e+00   0.00e+00 (  1.20e+02,  4.33e+01)
95      0.080   1.79e-01   3.00e-01   2.22e-01   5.02e+00   0.00e+00 (  9.40e+01,  4.00e+01)
23 e: 7.900e-07 i: 2.722e-05 :: e: 8.496e-03 i: 2.155e-02 :: n: 2.762e+01 e:23.618 i:28.119 v:4.993e+03
>>> tau_he = 5.000000, nhe(0)=3.313669e+00
 5     -0.005   6.30e-03   5.37e-01   3.80e-03  -2.22e-02   0.00e+00 (  2.73e+00,  5.76e+01)
10     -0.003   1.80e-02  -7.30e-03   1.55e-03  -1.91e-02   0.00e+00 (  1.16e+01,  1.04e+02)
15     -0.056   6.39e-02  -6.85e-02  -5.73e-03  -3.99e-01   0.00e+00 (  4.59e+01,  1.39e+02)
20     -0.034   1.19e-01  -8.24e-02  -4.30e-03  -2.85e-01   0.00e+00 (  7.90e+01,  1.54e+02)
25     -0.026   1.52e-01  -5.71e-02  -1.62e-02  -2.44e-01   0.00e+00 (  9.53e+01,  1.62e+02)
30     -0.024   1.93e-01  -4.61e-02  -1.55e-02  -2.44e-01   0.00e+00 (  1.15e+02,  1.66e+02)
35     -0.014   2.02e-01  -1.80e-02  -4.59e-03  -1.52e-01   0.00e+00 (  1.17e+02,  1.61e+02)
40     -0.013   2.13e-01   2.39e-02  -6.40e-03  -1.55e-01   0.00e+00 (  1.17e+02,  1.53e+02)
45     -0.008   2.32e-01   5.47e-02   2.08e-02  -1.01e-01   0.00e+00 (  1.14e+02,  1.41e+02)
50     -0.004   2.48e-01   9.19e-02   9.55e-02  -5.27e-02   0.00e+00 (  1.06e+02,  1.26e+02)
55      0.003   2.68e-01   1.46e-01   1.13e-01   4.31e-02   0.00e+00 (  9.92e+01,  1.12e+02)
60      0.014   2.91e-01   2.04e-01   1.55e-01   1.97e-01   0.00e+00 (  9.25e+01,  9.95e+01)
65      0.035   3.22e-01   3.03e-01   2.35e-01   5.17e-01   0.00e+00 (  8.67e+01,  8.75e+01)
70      0.046   3.39e-01   3.69e-01   3.07e-01   6.98e-01   0.00e+00 (  7.88e+01,  7.67e+01)
75      0.057   3.51e-01   4.32e-01   3.82e-01   8.77e-01   0.00e+00 (  7.14e+01,  6.65e+01)
80      0.067   3.57e-01   4.85e-01   4.28e-01   1.09e+00   0.00e+00 (  6.45e+01,  5.72e+01)
85      0.078   3.43e-01   5.02e-01   4.11e-01   1.53e+00   0.00e+00 (  5.64e+01,  4.90e+01)
90      0.194   5.09e-01   9.26e-01   5.75e-01   6.90e+00   0.00e+00 (  1.20e+02,  4.33e+01)
95      0.080   1.79e-01   3.00e-01   2.22e-01   5.02e+00   0.00e+00 (  9.40e+01,  4.00e+01)
24 e: 1.959e-06 i: 2.364e-05 :: e: 7.411e-03 i: 2.012e-02 :: n: 2.762e+01 e:23.642 i:28.160 v:4.993e+03
>>> tau_he = 5.000000, nhe(0)=3.316574e+00
 5     -0.005   6.33e-03   5.41e-01   3.81e-03  -2.23e-02   0.00e+00 (  2.74e+00,  5.76e+01)
10     -0.003   1.79e-02  -7.28e-03   1.55e-03  -1.91e-02   0.00e+00 (  1.16e+01,  1.04e+02)
15     -0.056   6.40e-02  -6.89e-02  -5.95e-03  -4.00e-01   0.00e+00 (  4.59e+01,  1.39e+02)
20     -0.034   1.19e-01  -8.28e-02  -4.45e-03  -2.85e-01   0.00e+00 (  7.91e+01,  1.54e+02)
25     -0.026   1.53e-01  -5.75e-02  -1.64e-02  -2.44e-01   0.00e+00 (  9.57e+01,  1.62e+02)
30     -0.024   1.93e-01  -4.62e-02  -1.57e-02  -2.44e-01   0.00e+00 (  1.15e+02,  1.66e+02)
35     -0.014   2.02e-01  -1.81e-02  -4.61e-03  -1.52e-01   0.00e+00 (  1.17e+02,  1.61e+02)
40     -0.013   2.14e-01   2.40e-02  -6.47e-03  -1.55e-01   0.00e+00 (  1.17e+02,  1.53e+02)
45     -0.008   2.32e-01   5.50e-02   2.08e-02  -1.01e-01   0.00e+00 (  1.14e+02,  1.41e+02)
50      0.007   2.64e-01   1.19e-01   1.04e-01   8.93e-02   0.00e+00 (  1.13e+02,  1.26e+02)
55      0.003   2.69e-01   1.47e-01   1.13e-01   4.25e-02   0.00e+00 (  9.96e+01,  1.12e+02)
60      0.014   2.91e-01   2.04e-01   1.55e-01   1.97e-01   0.00e+00 (  9.29e+01,  9.95e+01)
65      0.035   3.23e-01   3.04e-01   2.36e-01   5.16e-01   0.00e+00 (  8.70e+01,  8.75e+01)
70      0.046   3.40e-01   3.70e-01   3.07e-01   6.96e-01   0.00e+00 (  7.91e+01,  7.67e+01)
75      0.057   3.52e-01   4.32e-01   3.82e-01   8.74e-01   0.00e+00 (  7.17e+01,  6.65e+01)
80      0.067   3.58e-01   4.86e-01   4.29e-01   1.08e+00   0.00e+00 (  6.47e+01,  5.72e+01)
85      0.078   3.44e-01   5.03e-01   4.12e-01   1.52e+00   0.00e+00 (  5.66e+01,  4.90e+01)
90      0.194   5.09e-01   9.26e-01   5.76e-01   6.89e+00   0.00e+00 (  1.20e+02,  4.33e+01)
95      0.080   1.79e-01   3.00e-01   2.22e-01   5.02e+00   0.00e+00 (  9.40e+01,  4.00e+01)
25 e: 2.039e-06 i: 2.533e-05 :: e: 9.508e-03 i: 2.170e-02 :: n: 2.762e+01 e:23.643 i:28.212 v:4.993e+03
>>> tau_he = 5.000000, nhe(0)=3.320260e+00
 5     -0.005   6.35e-03   5.45e-01   3.82e-03  -2.23e-02   0.00e+00 (  2.75e+00,  5.76e+01)
10     -0.003   1.80e-02  -7.28e-03   1.56e-03  -1.91e-02   0.00e+00 (  1.17e+01,  1.04e+02)
15     -0.056   6.41e-02  -6.93e-02  -6.04e-03  -4.01e-01   0.00e+00 (  4.60e+01,  1.39e+02)
20     -0.034   1.19e-01  -8.31e-02  -4.52e-03  -2.85e-01   0.00e+00 (  7.91e+01,  1.54e+02)
25     -0.026   1.53e-01  -5.78e-02  -1.65e-02  -2.44e-01   0.00e+00 (  9.59e+01,  1.62e+02)
30     -0.024   1.93e-01  -4.62e-02  -1.57e-02  -2.43e-01   0.00e+00 (  1.15e+02,  1.66e+02)
35     -0.014   2.02e-01  -1.82e-02  -4.64e-03  -1.52e-01   0.00e+00 (  1.17e+02,  1.61e+02)
40     -0.013   2.14e-01   2.41e-02  -6.56e-03  -1.55e-01   0.00e+00 (  1.17e+02,  1.53e+02)
45     -0.008   2.32e-01   5.49e-02   2.07e-02  -1.00e-01   0.00e+00 (  1.14e+02,  1.41e+02)
50     -0.004   2.49e-01   9.16e-02   9.55e-02  -5.42e-02   0.00e+00 (  1.06e+02,  1.26e+02)
55      0.003   2.69e-01   1.46e-01   1.13e-01   4.24e-02   0.00e+00 (  9.96e+01,  1.12e+02)
60      0.014   2.91e-01   2.04e-01   1.55e-01   1.98e-01   0.00e+00 (  9.29e+01,  9.95e+01)
65      0.035   3.23e-01   3.03e-01   2.35e-01   5.18e-01   0.00e+00 (  8.70e+01,  8.75e+01)
70      0.046   3.40e-01   3.70e-01   3.07e-01   6.98e-01   0.00e+00 (  7.90e+01,  7.67e+01)
75      0.057   3.52e-01   4.32e-01   3.82e-01   8.77e-01   0.00e+00 (  7.16e+01,  6.65e+01)
80      0.067   3.58e-01   4.86e-01   4.29e-01   1.09e+00   0.00e+00 (  6.47e+01,  5.72e+01)
85      0.078   3.44e-01   5.04e-01   4.12e-01   1.53e+00   0.00e+00 (  5.66e+01,  4.90e+01)
90      0.194   5.09e-01   9.26e-01   5.76e-01   6.89e+00   0.00e+00 (  1.20e+02,  4.33e+01)
95      0.080   1.79e-01   3.00e-01   2.22e-01   5.02e+00   0.00e+00 (  9.40e+01,  4.00e+01)
26 e: 9.427e-07 i: 1.946e-05 :: e: 6.908e-03 i: 1.882e-02 :: n: 2.762e+01 e:23.659 i:28.247 v:4.993e+03
>>> tau_he = 5.000000, nhe(0)=3.322733e+00
 5     -0.005   6.37e-03   5.49e-01   3.82e-03  -2.23e-02   0.00e+00 (  2.76e+00,  5.76e+01)
10     -0.003   1.81e-02  -7.27e-03   1.56e-03  -1.92e-02   0.00e+00 (  1.17e+01,  1.04e+02)
15     -0.056   6.41e-02  -6.96e-02  -6.22e-03  -4.02e-01   0.00e+00 (  4.60e+01,  1.39e+02)
20     -0.034   1.19e-01  -8.35e-02  -4.62e-03  -2.85e-01   0.00e+00 (  7.92e+01,  1.54e+02)
25     -0.026   1.53e-01  -5.81e-02  -1.67e-02  -2.44e-01   0.00e+00 (  9.62e+01,  1.62e+02)
30     -0.024   1.93e-01  -4.63e-02  -1.58e-02  -2.43e-01   0.00e+00 (  1.15e+02,  1.66e+02)
35     -0.014   2.02e-01  -1.83e-02  -4.66e-03  -1.52e-01   0.00e+00 (  1.17e+02,  1.61e+02)
40     -0.013   2.14e-01   2.41e-02  -6.60e-03  -1.55e-01   0.00e+00 (  1.17e+02,  1.53e+02)
45     -0.008   2.32e-01   5.50e-02   2.07e-02  -1.00e-01   0.00e+00 (  1.14e+02,  1.41e+02)
50      0.007   2.64e-01   1.19e-01   1.04e-01   8.83e-02   0.00e+00 (  1.13e+02,  1.26e+02)
55      0.003   2.69e-01   1.47e-01   1.13e-01   4.27e-02   0.00e+00 (  9.98e+01,  1.12e+02)
60      0.014   2.91e-01   2.05e-01   1.56e-01   1.98e-01   0.00e+00 (  9.31e+01,  9.95e+01)
65      0.035   3.23e-01   3.04e-01   2.36e-01   5.17e-01   0.00e+00 (  8.72e+01,  8.75e+01)
70      0.046   3.40e-01   3.70e-01   3.08e-01   6.97e-01   0.00e+00 (  7.92e+01,  7.67e+01)
75      0.057   3.52e-01   4.33e-01   3.82e-01   8.75e-01   0.00e+00 (  7.18e+01,  6.65e+01)
80      0.067   3.58e-01   4.86e-01   4.29e-01   1.09e+00   0.00e+00 (  6.48e+01,  5.72e+01)
85      0.078   3.45e-01   5.04e-01   4.13e-01   1.52e+00   0.00e+00 (  5.68e+01,  4.90e+01)
90      0.194   5.09e-01   9.26e-01   5.76e-01   6.89e+00   0.00e+00 (  1.20e+02,  4.33e+01)
95      0.080   1.79e-01   3.00e-01   2.22e-01   5.02e+00   0.00e+00 (  9.40e+01,  4.00e+01)
27 e: 1.622e-06 i: 2.045e-05 :: e: 8.482e-03 i: 1.974e-02 :: n: 2.762e+01 e:23.661 i:28.287 v:4.993e+03
>>> tau_he = 5.000000, nhe(0)=3.325560e+00
 5     -0.005   6.39e-03   5.52e-01   3.83e-03  -2.23e-02   0.00e+00 (  2.77e+00,  5.76e+01)
10     -0.003   1.81e-02  -7.27e-03   1.57e-03  -1.92e-02   0.00e+00 (  1.17e+01,  1.04e+02)
15     -0.056   6.42e-02  -6.99e-02  -6.32e-03  -4.02e-01   0.00e+00 (  4.61e+01,  1.39e+02)
20     -0.034   1.19e-01  -8.37e-02  -4.69e-03  -2.85e-01   0.00e+00 (  7.92e+01,  1.54e+02)
25     -0.026   1.53e-01  -5.84e-02  -1.68e-02  -2.44e-01   0.00e+00 (  9.64e+01,  1.62e+02)
30     -0.024   1.93e-01  -4.63e-02  -1.59e-02  -2.43e-01   0.00e+00 (  1.15e+02,  1.66e+02)
35     -0.014   2.02e-01  -1.83e-02  -4.68e-03  -1.52e-01   0.00e+00 (  1.17e+02,  1.61e+02)
40     -0.013   2.14e-01   2.42e-02  -6.68e-03  -1.55e-01   0.00e+00 (  1.17e+02,  1.53e+02)
45     -0.008   2.32e-01   5.50e-02   2.06e-02  -9.99e-02   0.00e+00 (  1.14e+02,  1.41e+02)
50     -0.004   2.49e-01   9.13e-02   9.55e-02  -5.46e-02   0.00e+00 (  1.07e+02,  1.26e+02)
55      0.003   2.69e-01   1.47e-01   1.13e-01   4.25e-02   0.00e+00 (  9.98e+01,  1.12e+02)
60      0.014   2.91e-01   2.05e-01   1.56e-01   1.99e-01   0.00e+00 (  9.31e+01,  9.95e+01)
65      0.035   3.23e-01   3.04e-01   2.36e-01   5.18e-01   0.00e+00 (  8.72e+01,  8.75e+01)
70      0.046   3.40e-01   3.70e-01   3.08e-01   6.99e-01   0.00e+00 (  7.92e+01,  7.67e+01)
75      0.057   3.52e-01   4.33e-01   3.82e-01   8.77e-01   0.00e+00 (  7.17e+01,  6.65e+01)
80      0.067   3.58e-01   4.87e-01   4.29e-01   1.09e+00   0.00e+00 (  6.48e+01,  5.72e+01)
85      0.078   3.45e-01   5.04e-01   4.13e-01   1.53e+00   0.00e+00 (  5.68e+01,  4.90e+01)
90      0.194   5.09e-01   9.26e-01   5.76e-01   6.89e+00   0.00e+00 (  1.20e+02,  4.33e+01)
95      0.080   1.79e-01   3.00e-01   2.22e-01   5.02e+00   0.00e+00 (  9.40e+01,  4.00e+01)
28 e: 6.197e-07 i: 1.623e-05 :: e: 6.350e-03 i: 1.741e-02 :: n: 2.762e+01 e:23.671 i:28.318 v:4.993e+03
>>> tau_he = 5.000000, nhe(0)=3.327717e+00
 5     -0.005   6.41e-03   5.55e-01   3.84e-03  -2.24e-02   0.00e+00 (  2.78e+00,  5.76e+01)
10     -0.003   1.81e-02  -7.26e-03   1.57e-03  -1.92e-02   0.00e+00 (  1.17e+01,  1.04e+02)
15     -0.056   6.42e-02  -7.02e-02  -6.45e-03  -4.03e-01   0.00e+00 (  4.61e+01,  1.39e+02)
20     -0.034   1.19e-01  -8.39e-02  -4.76e-03  -2.84e-01   0.00e+00 (  7.92e+01,  1.54e+02)
25     -0.026   1.53e-01  -5.86e-02  -1.69e-02  -2.44e-01   0.00e+00 (  9.65e+01,  1.62e+02)
30     -0.024   1.93e-01  -4.64e-02  -1.60e-02  -2.42e-01   0.00e+00 (  1.15e+02,  1.66e+02)
35     -0.014   2.03e-01  -1.84e-02  -4.70e-03  -1.53e-01   0.00e+00 (  1.18e+02,  1.61e+02)
40     -0.013   2.14e-01   2.42e-02  -6.71e-03  -1.55e-01   0.00e+00 (  1.17e+02,  1.53e+02)
45     -0.008   2.32e-01   5.51e-02   2.06e-02  -9.97e-02   0.00e+00 (  1.14e+02,  1.41e+02)
50      0.007   2.64e-01   1.18e-01   1.03e-01   8.80e-02   0.00e+00 (  1.13e+02,  1.26e+02)
55      0.003   2.69e-01   1.47e-01   1.13e-01   4.29e-02   0.00e+00 (  9.99e+01,  1.12e+02)
60      0.014   2.92e-01   2.05e-01   1.56e-01   1.99e-01   0.00e+00 (  9.32e+01,  9.95e+01)
65      0.035   3.23e-01   3.04e-01   2.36e-01   5.18e-01   0.00e+00 (  8.73e+01,  8.75e+01)
70      0.046   3.40e-01   3.71e-01   3.08e-01   6.98e-01   0.00e+00 (  7.93e+01,  7.67e+01)
75      0.057   3.52e-01   4.33e-01   3.83e-01   8.76e-01   0.00e+00 (  7.18e+01,  6.65e+01)
80      0.067   3.59e-01   4.87e-01   4.30e-01   1.09e+00   0.00e+00 (  6.49e+01,  5.72e+01)
85      0.078   3.45e-01   5.05e-01   4.13e-01   1.52e+00   0.00e+00 (  5.70e+01,  4.90e+01)
90      0.194   5.09e-01   9.26e-01   5.76e-01   6.89e+00   0.00e+00 (  1.20e+02,  4.33e+01)
95      0.080   1.79e-01   3.00e-01   2.22e-01   5.02e+00   0.00e+00 (  9.40e+01,  4.00e+01)
29 e: 1.339e-06 i: 1.677e-05 :: e: 7.493e-03 i: 1.787e-02 :: n: 2.762e+01 e:23.674 i:28.349 v:4.993e+03
>>> tau_he = 5.000000, nhe(0)=3.329939e+00
 5     -0.005   6.43e-03   5.59e-01   3.84e-03  -2.24e-02   0.00e+00 (  2.79e+00,  5.76e+01)
10     -0.003   1.82e-02  -7.26e-03   1.58e-03  -1.93e-02   0.00e+00 (  1.18e+01,  1.04e+02)
15     -0.056   6.43e-02  -7.04e-02  -6.54e-03  -4.03e-01   0.00e+00 (  4.61e+01,  1.39e+02)
20     -0.034   1.20e-01  -8.41e-02  -4.82e-03  -2.84e-01   0.00e+00 (  7.93e+01,  1.54e+02)
25     -0.026   1.54e-01  -5.87e-02  -1.71e-02  -2.45e-01   0.00e+00 (  9.67e+01,  1.62e+02)
30     -0.023   1.93e-01  -4.64e-02  -1.60e-02  -2.42e-01   0.00e+00 (  1.15e+02,  1.66e+02)
35     -0.014   2.03e-01  -1.84e-02  -4.71e-03  -1.53e-01   0.00e+00 (  1.18e+02,  1.61e+02)
40     -0.013   2.14e-01   2.44e-02  -6.78e-03  -1.55e-01   0.00e+00 (  1.17e+02,  1.53e+02)
45     -0.008   2.32e-01   5.52e-02   2.06e-02  -9.95e-02   0.00e+00 (  1.14e+02,  1.41e+02)
50     -0.004   2.49e-01   9.12e-02   9.54e-02  -5.47e-02   0.00e+00 (  1.07e+02,  1.26e+02)
55      0.003   2.69e-01   1.47e-01   1.13e-01   4.26e-02   0.00e+00 (  1.00e+02,  1.12e+02)
60      0.014   2.92e-01   2.05e-01   1.56e-01   2.00e-01   0.00e+00 (  9.32e+01,  9.95e+01)
65      0.035   3.23e-01   3.04e-01   2.36e-01   5.18e-01   0.00e+00 (  8.73e+01,  8.75e+01)
70      0.046   3.40e-01   3.71e-01   3.08e-01   6.99e-01   0.00e+00 (  7.93e+01,  7.67e+01)
75      0.057   3.52e-01   4.33e-01   3.83e-01   8.77e-01   0.00e+00 (  7.18e+01,  6.65e+01)
80      0.067   3.59e-01   4.87e-01   4.30e-01   1.09e+00   0.00e+00 (  6.49e+01,  5.72e+01)
85      0.078   3.46e-01   5.05e-01   4.14e-01   1.53e+00   0.00e+00 (  5.70e+01,  4.90e+01)
90      0.194   5.09e-01   9.26e-01   5.76e-01   6.89e+00   0.00e+00 (  1.20e+02,  4.33e+01)
95      0.080   1.79e-01   3.00e-01   2.22e-01   5.02e+00   0.00e+00 (  9.40e+01,  4.00e+01)
30 e: 5.031e-07 i: 1.369e-05 :: e: 5.769e-03 i: 1.599e-02 :: n: 2.762e+01 e:23.681 i:28.376 v:4.993e+03
>>> tau_he = 5.000000, nhe(0)=3.331847e+00
 5     -0.005   6.44e-03   5.62e-01   3.85e-03  -2.24e-02   0.00e+00 (  2.80e+00,  5.76e+01)
10     -0.003   1.82e-02  -7.25e-03   1.59e-03  -1.93e-02   0.00e+00 (  1.18e+01,  1.04e+02)
15     -0.056   6.43e-02  -7.07e-02  -6.64e-03  -4.04e-01   0.00e+00 (  4.61e+01,  1.39e+02)
20     -0.034   1.20e-01  -8.43e-02  -4.88e-03  -2.84e-01   0.00e+00 (  7.93e+01,  1.54e+02)
25     -0.026   1.54e-01  -5.89e-02  -1.72e-02  -2.45e-01   0.00e+00 (  9.68e+01,  1.62e+02)
30     -0.023   1.93e-01  -4.65e-02  -1.61e-02  -2.42e-01   0.00e+00 (  1.15e+02,  1.66e+02)
35     -0.014   2.03e-01  -1.85e-02  -4.73e-03  -1.53e-01   0.00e+00 (  1.18e+02,  1.61e+02)
40     -0.013   2.14e-01   2.43e-02  -6.79e-03  -1.55e-01   0.00e+00 (  1.18e+02,  1.53e+02)
45     -0.008   2.32e-01   5.52e-02   2.05e-02  -9.93e-02   0.00e+00 (  1.14e+02,  1.41e+02)
50      0.007   2.64e-01   1.18e-01   1.03e-01   8.81e-02   0.00e+00 (  1.13e+02,  1.26e+02)
55      0.003   2.69e-01   1.47e-01   1.13e-01   4.31e-02   0.00e+00 (  1.00e+02,  1.12e+02)
60      0.014   2.92e-01   2.05e-01   1.56e-01   2.00e-01   0.00e+00 (  9.33e+01,  9.95e+01)
65      0.035   3.24e-01   3.05e-01   2.36e-01   5.18e-01   0.00e+00 (  8.74e+01,  8.75e+01)
70      0.046   3.41e-01   3.71e-01   3.08e-01   6.98e-01   0.00e+00 (  7.94e+01,  7.67e+01)
75      0.057   3.53e-01   4.33e-01   3.83e-01   8.77e-01   0.00e+00 (  7.19e+01,  6.65e+01)
80      0.067   3.59e-01   4.87e-01   4.30e-01   1.09e+00   0.00e+00 (  6.49e+01,  5.72e+01)
85      0.078   3.47e-01   5.05e-01   4.14e-01   1.52e+00   0.00e+00 (  5.73e+01,  4.90e+01)
90      0.194   5.09e-01   9.26e-01   5.76e-01   6.89e+00   0.00e+00 (  1.20e+02,  4.33e+01)
95      0.080   1.79e-01   3.00e-01   2.22e-01   5.02e+00   0.00e+00 (  9.40e+01,  4.00e+01)
31 e: 1.152e-06 i: 1.396e-05 :: e: 6.857e-03 i: 1.608e-02 :: n: 2.762e+01 e:23.684 i:28.402 v:4.993e+03
>>> tau_he = 5.000000, nhe(0)=3.333621e+00
 5     -0.005   6.46e-03   5.65e-01   3.85e-03  -2.24e-02   0.00e+00 (  2.80e+00,  5.76e+01)
10     -0.003   1.83e-02  -7.24e-03   1.60e-03  -1.93e-02   0.00e+00 (  1.18e+01,  1.04e+02)
15     -0.057   6.44e-02  -7.09e-02  -6.71e-03  -4.04e-01   0.00e+00 (  4.62e+01,  1.39e+02)
20     -0.034   1.20e-01  -8.45e-02  -4.93e-03  -2.84e-01   0.00e+00 (  7.93e+01,  1.54e+02)
25     -0.026   1.54e-01  -5.90e-02  -1.73e-02  -2.45e-01   0.00e+00 (  9.69e+01,  1.62e+02)
30     -0.023   1.93e-01  -4.65e-02  -1.62e-02  -2.42e-01   0.00e+00 (  1.15e+02,  1.66e+02)
35     -0.014   2.03e-01  -1.85e-02  -4.75e-03  -1.53e-01   0.00e+00 (  1.18e+02,  1.61e+02)
40     -0.013   2.14e-01   2.45e-02  -6.86e-03  -1.55e-01   0.00e+00 (  1.18e+02,  1.53e+02)
45     -0.008   2.32e-01   5.53e-02   2.05e-02  -9.91e-02   0.00e+00 (  1.14e+02,  1.41e+02)
50     -0.004   2.49e-01   9.11e-02   9.54e-02  -5.46e-02   0.00e+00 (  1.07e+02,  1.26e+02)
55      0.003   2.69e-01   1.47e-01   1.13e-01   4.27e-02   0.00e+00 (  1.00e+02,  1.12e+02)
60      0.014   2.92e-01   2.05e-01   1.56e-01   2.00e-01   0.00e+00 (  9.34e+01,  9.95e+01)
65      0.035   3.24e-01   3.05e-01   2.36e-01   5.19e-01   0.00e+00 (  8.74e+01,  8.75e+01)
70      0.046   3.41e-01   3.71e-01   3.08e-01   6.99e-01   0.00e+00 (  7.94e+01,  7.67e+01)
75      0.057   3.53e-01   4.33e-01   3.83e-01   8.77e-01   0.00e+00 (  7.19e+01,  6.65e+01)
80      0.067   3.59e-01   4.87e-01   4.30e-01   1.09e+00   0.00e+00 (  6.50e+01,  5.72e+01)
85      0.078   3.47e-01   5.05e-01   4.14e-01   1.52e+00   0.00e+00 (  5.74e+01,  4.90e+01)
90      0.194   5.09e-01   9.26e-01   5.76e-01   6.89e+00   0.00e+00 (  1.20e+02,  4.33e+01)
95      0.080   1.79e-01   3.00e-01   2.22e-01   5.02e+00   0.00e+00 (  9.40e+01,  4.00e+01)
32 e: 4.738e-07 i: 1.169e-05 :: e: 5.443e-03 i: 1.457e-02 :: n: 2.762e+01 e:23.689 i:28.426 v:4.993e+03
>>> tau_he = 5.000000, nhe(0)=3.335319e+00
 5     -0.005   6.47e-03   5.68e-01   3.86e-03  -2.24e-02   0.00e+00 (  2.81e+00,  5.76e+01)
10     -0.003   1.83e-02  -7.23e-03   1.60e-03  -1.93e-02   0.00e+00 (  1.18e+01,  1.04e+02)
15     -0.057   6.44e-02  -7.11e-02  -6.76e-03  -4.04e-01   0.00e+00 (  4.62e+01,  1.39e+02)
20     -0.035   1.20e-01  -8.39e-02  -7.25e-03  -2.88e-01   0.00e+00 (  7.96e+01,  1.54e+02)
25     -0.026   1.54e-01  -5.92e-02  -1.74e-02  -2.45e-01   0.00e+00 (  9.70e+01,  1.62e+02)
30     -0.023   1.93e-01  -4.65e-02  -1.62e-02  -2.41e-01   0.00e+00 (  1.15e+02,  1.66e+02)
35     -0.014   2.03e-01  -1.86e-02  -4.77e-03  -1.53e-01   0.00e+00 (  1.18e+02,  1.61e+02)
40     -0.013   2.14e-01   2.44e-02  -6.86e-03  -1.55e-01   0.00e+00 (  1.18e+02,  1.53e+02)
45     -0.008   2.32e-01   5.52e-02   2.05e-02  -9.90e-02   0.00e+00 (  1.15e+02,  1.41e+02)
50      0.007   2.64e-01   1.18e-01   1.03e-01   8.82e-02   0.00e+00 (  1.13e+02,  1.26e+02)
55      0.003   2.69e-01   1.47e-01   1.13e-01   4.33e-02   0.00e+00 (  1.00e+02,  1.12e+02)
60      0.014   2.92e-01   2.05e-01   1.56e-01   2.00e-01   0.00e+00 (  9.34e+01,  9.95e+01)
65      0.035   3.24e-01   3.05e-01   2.36e-01   5.18e-01   0.00e+00 (  8.74e+01,  8.75e+01)
70      0.046   3.41e-01   3.71e-01   3.08e-01   6.99e-01   0.00e+00 (  7.95e+01,  7.67e+01)
75      0.057   3.53e-01   4.33e-01   3.83e-01   8.77e-01   0.00e+00 (  7.20e+01,  6.65e+01)
80      0.067   3.59e-01   4.87e-01   4.30e-01   1.09e+00   0.00e+00 (  6.50e+01,  5.72e+01)
85      0.078   3.48e-01   5.05e-01   4.14e-01   1.52e+00   0.00e+00 (  5.74e+01,  4.90e+01)
90      0.194   5.09e-01   9.26e-01   5.76e-01   6.89e+00   0.00e+00 (  1.20e+02,  4.33e+01)
95      0.080   1.79e-01   3.00e-01   2.22e-01   5.02e+00   0.00e+00 (  9.40e+01,  4.00e+01)
33 e: 1.021e-06 i: 1.174e-05 :: e: 6.083e-03 i: 1.446e-02 :: n: 2.762e+01 e:23.692 i:28.447 v:4.993e+03
>>> tau_he = 5.000000, nhe(0)=3.336786e+00
 5     -0.005   6.48e-03   5.71e-01   3.87e-03  -2.24e-02   0.00e+00 (  2.82e+00,  5.76e+01)
10     -0.003   1.84e-02  -7.23e-03   1.61e-03  -1.94e-02   0.00e+00 (  1.19e+01,  1.04e+02)
15     -0.057   6.44e-02  -7.13e-02  -6.83e-03  -4.05e-01   0.00e+00 (  4.62e+01,  1.39e+02)
20     -0.035   1.20e-01  -8.41e-02  -7.34e-03  -2.87e-01   0.00e+00 (  7.96e+01,  1.54e+02)
25     -0.026   1.54e-01  -5.93e-02  -1.75e-02  -2.45e-01   0.00e+00 (  9.71e+01,  1.62e+02)
30     -0.023   1.93e-01  -4.65e-02  -1.63e-02  -2.41e-01   0.00e+00 (  1.15e+02,  1.66e+02)
35     -0.014   2.03e-01  -1.85e-02  -4.78e-03  -1.52e-01   0.00e+00 (  1.18e+02,  1.61e+02)
40     -0.013   2.14e-01   2.45e-02  -6.93e-03  -1.55e-01   0.00e+00 (  1.18e+02,  1.53e+02)
45     -0.008   2.32e-01   5.53e-02   2.05e-02  -9.87e-02   0.00e+00 (  1.15e+02,  1.41e+02)
50     -0.004   2.49e-01   9.11e-02   9.54e-02  -5.45e-02   0.00e+00 (  1.07e+02,  1.26e+02)
55      0.003   2.69e-01   1.47e-01   1.13e-01   4.28e-02   0.00e+00 (  1.00e+02,  1.12e+02)
60      0.014   2.92e-01   2.06e-01   1.56e-01   2.00e-01   0.00e+00 (  9.35e+01,  9.95e+01)
65      0.035   3.24e-01   3.05e-01   2.36e-01   5.19e-01   0.00e+00 (  8.75e+01,  8.75e+01)
70      0.046   3.41e-01   3.71e-01   3.08e-01   6.99e-01   0.00e+00 (  7.95e+01,  7.67e+01)
75      0.057   3.53e-01   4.34e-01   3.83e-01   8.77e-01   0.00e+00 (  7.20e+01,  6.65e+01)
80      0.067   3.59e-01   4.87e-01   4.30e-01   1.09e+00   0.00e+00 (  6.50e+01,  5.72e+01)
85      0.078   3.48e-01   5.05e-01   4.15e-01   1.52e+00   0.00e+00 (  5.74e+01,  4.90e+01)
90      0.194   5.09e-01   9.26e-01   5.76e-01   6.89e+00   0.00e+00 (  1.20e+02,  4.33e+01)
95      0.080   1.79e-01   3.00e-01   2.22e-01   5.02e+00   0.00e+00 (  9.40e+01,  4.00e+01)
34 e: 4.819e-07 i: 1.005e-05 :: e: 4.951e-03 i: 1.327e-02 :: n: 2.762e+01 e:23.695 i:28.469 v:4.993e+03
>>> tau_he = 5.000000, nhe(0)=3.338331e+00
 5     -0.005   6.49e-03   5.74e-01   3.87e-03  -2.24e-02   0.00e+00 (  2.82e+00,  5.76e+01)
10     -0.003   1.84e-02  -7.22e-03   1.62e-03  -1.94e-02   0.00e+00 (  1.19e+01,  1.04e+02)
15     -0.057   6.45e-02  -7.14e-02  -6.87e-03  -4.05e-01   0.00e+00 (  4.62e+01,  1.39e+02)
20     -0.035   1.20e-01  -8.42e-02  -7.40e-03  -2.87e-01   0.00e+00 (  7.96e+01,  1.54e+02)
25     -0.026   1.54e-01  -5.94e-02  -1.76e-02  -2.45e-01   0.00e+00 (  9.72e+01,  1.62e+02)
30     -0.023   1.93e-01  -4.66e-02  -1.63e-02  -2.41e-01   0.00e+00 (  1.15e+02,  1.66e+02)
35     -0.014   2.03e-01  -1.86e-02  -4.80e-03  -1.53e-01   0.00e+00 (  1.18e+02,  1.61e+02)
40     -0.013   2.14e-01   2.44e-02  -6.93e-03  -1.55e-01   0.00e+00 (  1.18e+02,  1.53e+02)
45     -0.008   2.32e-01   5.53e-02   2.04e-02  -9.87e-02   0.00e+00 (  1.15e+02,  1.41e+02)
50      0.007   2.64e-01   1.18e-01   1.03e-01   8.85e-02   0.00e+00 (  1.13e+02,  1.26e+02)
55      0.003   2.69e-01   1.47e-01   1.13e-01   4.34e-02   0.00e+00 (  1.00e+02,  1.12e+02)
60      0.014   2.92e-01   2.06e-01   1.56e-01   2.01e-01   0.00e+00 (  9.35e+01,  9.95e+01)
65      0.035   3.24e-01   3.05e-01   2.36e-01   5.19e-01   0.00e+00 (  8.75e+01,  8.75e+01)
70      0.046   3.41e-01   3.71e-01   3.08e-01   6.99e-01   0.00e+00 (  7.95e+01,  7.67e+01)
75      0.057   3.53e-01   4.34e-01   3.83e-01   8.77e-01   0.00e+00 (  7.20e+01,  6.65e+01)
80      0.067   3.59e-01   4.87e-01   4.30e-01   1.09e+00   0.00e+00 (  6.50e+01,  5.72e+01)
85      0.078   3.48e-01   5.06e-01   4.15e-01   1.52e+00   0.00e+00 (  5.75e+01,  4.90e+01)
90      0.194   5.09e-01   9.26e-01   5.76e-01   6.89e+00   0.00e+00 (  1.20e+02,  4.33e+01)
95      0.080   1.79e-01   3.00e-01   2.22e-01   5.02e+00   0.00e+00 (  9.40e+01,  4.00e+01)
35 e: 9.296e-07 i: 1.009e-05 :: e: 5.379e-03 i: 1.318e-02 :: n: 2.762e+01 e:23.698 i:28.486 v:4.993e+03
>>> tau_he = 5.000000, nhe(0)=3.339519e+00
 5     -0.005   6.50e-03   5.76e-01   3.88e-03  -2.24e-02   0.00e+00 (  2.83e+00,  5.76e+01)
10     -0.003   1.85e-02  -7.21e-03   1.63e-03  -1.94e-02   0.00e+00 (  1.19e+01,  1.04e+02)
15     -0.057   6.45e-02  -7.16e-02  -6.93e-03  -4.05e-01   0.00e+00 (  4.62e+01,  1.39e+02)
20     -0.035   1.20e-01  -8.44e-02  -7.48e-03  -2.87e-01   0.00e+00 (  7.96e+01,  1.54e+02)
25     -0.026   1.54e-01  -5.95e-02  -1.77e-02  -2.45e-01   0.00e+00 (  9.73e+01,  1.62e+02)
30     -0.023   1.93e-01  -4.66e-02  -1.64e-02  -2.41e-01   0.00e+00 (  1.16e+02,  1.66e+02)
35     -0.014   2.03e-01  -1.86e-02  -4.81e-03  -1.52e-01   0.00e+00 (  1.18e+02,  1.61e+02)
40     -0.013   2.14e-01   2.46e-02  -6.99e-03  -1.55e-01   0.00e+00 (  1.18e+02,  1.53e+02)
45     -0.009   2.30e-01   5.12e-02   2.04e-02  -1.16e-01   0.00e+00 (  1.13e+02,  1.41e+02)
50     -0.004   2.49e-01   9.10e-02   9.54e-02  -5.44e-02   0.00e+00 (  1.07e+02,  1.26e+02)
55      0.003   2.69e-01   1.47e-01   1.13e-01   4.29e-02   0.00e+00 (  1.00e+02,  1.12e+02)
60      0.014   2.92e-01   2.06e-01   1.56e-01   2.01e-01   0.00e+00 (  9.36e+01,  9.95e+01)
65      0.035   3.24e-01   3.05e-01   2.36e-01   5.19e-01   0.00e+00 (  8.76e+01,  8.75e+01)
70      0.046   3.41e-01   3.71e-01   3.08e-01   6.99e-01   0.00e+00 (  7.96e+01,  7.67e+01)
75      0.057   3.53e-01   4.34e-01   3.83e-01   8.77e-01   0.00e+00 (  7.20e+01,  6.65e+01)
80      0.067   3.59e-01   4.87e-01   4.30e-01   1.09e+00   0.00e+00 (  6.50e+01,  5.72e+01)
85      0.078   3.48e-01   5.06e-01   4.15e-01   1.52e+00   0.00e+00 (  5.75e+01,  4.90e+01)
90      0.194   5.09e-01   9.26e-01   5.76e-01   6.89e+00   0.00e+00 (  1.20e+02,  4.33e+01)
95      0.080   1.79e-01   3.00e-01   2.22e-01   5.02e+00   0.00e+00 (  9.40e+01,  4.00e+01)
36 e: 6.345e-07 i: 9.081e-06 :: e: 4.779e-03 i: 1.270e-02 :: n: 2.762e+01 e:23.701 i:28.507 v:4.993e+03
>>> tau_he = 5.000000, nhe(0)=3.340994e+00
 5     -0.005   6.52e-03   5.79e-01   3.88e-03  -2.24e-02   0.00e+00 (  2.83e+00,  5.76e+01)
10     -0.003   1.85e-02  -7.20e-03   1.63e-03  -1.95e-02   0.00e+00 (  1.19e+01,  1.04e+02)
15     -0.057   6.45e-02  -7.18e-02  -6.96e-03  -4.05e-01   0.00e+00 (  4.63e+01,  1.39e+02)
20     -0.035   1.20e-01  -8.45e-02  -7.51e-03  -2.87e-01   0.00e+00 (  7.96e+01,  1.54e+02)
25     -0.026   1.54e-01  -5.96e-02  -1.77e-02  -2.46e-01   0.00e+00 (  9.73e+01,  1.62e+02)
30     -0.023   1.93e-01  -4.66e-02  -1.64e-02  -2.41e-01   0.00e+00 (  1.16e+02,  1.66e+02)
35     -0.014   2.03e-01  -1.87e-02  -4.83e-03  -1.53e-01   0.00e+00 (  1.18e+02,  1.61e+02)
40     -0.013   2.14e-01   2.44e-02  -6.98e-03  -1.55e-01   0.00e+00 (  1.18e+02,  1.53e+02)
45     -0.009   2.30e-01   5.14e-02   2.04e-02  -1.16e-01   0.00e+00 (  1.14e+02,  1.41e+02)
50      0.007   2.64e-01   1.18e-01   1.03e-01   8.89e-02   0.00e+00 (  1.13e+02,  1.26e+02)
55      0.003   2.69e-01   1.47e-01   1.13e-01   4.34e-02   0.00e+00 (  1.00e+02,  1.12e+02)
60      0.014   2.92e-01   2.06e-01   1.56e-01   2.01e-01   0.00e+00 (  9.35e+01,  9.95e+01)
65      0.035   3.24e-01   3.05e-01   2.36e-01   5.19e-01   0.00e+00 (  8.76e+01,  8.75e+01)
70      0.046   3.41e-01   3.71e-01   3.08e-01   6.99e-01   0.00e+00 (  7.96e+01,  7.67e+01)
75      0.057   3.53e-01   4.34e-01   3.83e-01   8.77e-01   0.00e+00 (  7.20e+01,  6.65e+01)
80      0.067   3.59e-01   4.87e-01   4.30e-01   1.09e+00   0.00e+00 (  6.50e+01,  5.72e+01)
85      0.078   3.48e-01   5.06e-01   4.15e-01   1.53e+00   0.00e+00 (  5.75e+01,  4.90e+01)
90      0.194   5.09e-01   9.26e-01   5.76e-01   6.89e+00   0.00e+00 (  1.20e+02,  4.33e+01)
95      0.080   1.79e-01   3.00e-01   2.22e-01   5.02e+00   0.00e+00 (  9.40e+01,  4.00e+01)
37 e: 1.027e-06 i: 9.282e-06 :: e: 5.078e-03 i: 1.249e-02 :: n: 2.762e+01 e:23.705 i:28.523 v:4.993e+03
>>> tau_he = 5.000000, nhe(0)=3.342082e+00
 5     -0.005   6.53e-03   5.82e-01   3.88e-03  -2.24e-02   0.00e+00 (  2.84e+00,  5.76e+01)
10     -0.003   1.85e-02  -7.19e-03   1.64e-03  -1.95e-02   0.00e+00 (  1.20e+01,  1.04e+02)
15     -0.057   6.45e-02  -7.19e-02  -7.00e-03  -4.06e-01   0.00e+00 (  4.63e+01,  1.39e+02)
20     -0.035   1.20e-01  -8.46e-02  -7.58e-03  -2.87e-01   0.00e+00 (  7.96e+01,  1.54e+02)
25     -0.026   1.54e-01  -5.97e-02  -1.78e-02  -2.46e-01   0.00e+00 (  9.74e+01,  1.62e+02)
30     -0.023   1.93e-01  -4.67e-02  -1.64e-02  -2.40e-01   0.00e+00 (  1.16e+02,  1.66e+02)
35     -0.014   2.03e-01  -1.87e-02  -4.85e-03  -1.52e-01   0.00e+00 (  1.18e+02,  1.61e+02)
40     -0.013   2.14e-01   2.46e-02  -7.05e-03  -1.55e-01   0.00e+00 (  1.18e+02,  1.53e+02)
45     -0.009   2.30e-01   5.17e-02   2.04e-02  -1.15e-01   0.00e+00 (  1.14e+02,  1.41e+02)
50     -0.004   2.49e-01   9.11e-02   9.55e-02  -5.43e-02   0.00e+00 (  1.07e+02,  1.26e+02)
55      0.003   2.69e-01   1.47e-01   1.13e-01   4.27e-02   0.00e+00 (  1.00e+02,  1.12e+02)
60      0.014   2.92e-01   2.06e-01   1.56e-01   2.01e-01   0.00e+00 (  9.37e+01,  9.95e+01)
65      0.035   3.24e-01   3.05e-01   2.37e-01   5.19e-01   0.00e+00 (  8.76e+01,  8.75e+01)
70      0.046   3.41e-01   3.71e-01   3.08e-01   6.99e-01   0.00e+00 (  7.96e+01,  7.67e+01)
75      0.057   3.53e-01   4.34e-01   3.83e-01   8.77e-01   0.00e+00 (  7.21e+01,  6.65e+01)
80      0.067   3.59e-01   4.87e-01   4.30e-01   1.09e+00   0.00e+00 (  6.51e+01,  5.72e+01)
85      0.078   3.48e-01   5.06e-01   4.15e-01   1.53e+00   0.00e+00 (  5.75e+01,  4.90e+01)
90      0.194   5.09e-01   9.26e-01   5.76e-01   6.89e+00   0.00e+00 (  1.20e+02,  4.33e+01)
95      0.080   1.79e-01   3.00e-01   2.22e-01   5.02e+00   0.00e+00 (  9.40e+01,  4.00e+01)
38 e: 6.668e-07 i: 8.035e-06 :: e: 4.355e-03 i: 1.160e-02 :: n: 2.762e+01 e:23.708 i:28.543 v:4.993e+03
>>> tau_he = 5.000000, nhe(0)=3.343475e+00
 5     -0.005   6.54e-03   5.85e-01   3.89e-03  -2.24e-02   0.00e+00 (  2.84e+00,  5.76e+01)
10     -0.003   1.86e-02  -7.18e-03   1.65e-03  -1.95e-02   0.00e+00 (  1.20e+01,  1.04e+02)
15     -0.057   6.46e-02  -7.20e-02  -7.02e-03  -4.06e-01   0.00e+00 (  4.63e+01,  1.39e+02)
20     -0.035   1.20e-01  -8.47e-02  -7.61e-03  -2.87e-01   0.00e+00 (  7.96e+01,  1.54e+02)
25     -0.026   1.54e-01  -5.97e-02  -1.79e-02  -2.46e-01   0.00e+00 (  9.74e+01,  1.62e+02)
30     -0.023   1.93e-01  -4.67e-02  -1.64e-02  -2.40e-01   0.00e+00 (  1.16e+02,  1.66e+02)
35     -0.014   2.03e-01  -1.88e-02  -4.87e-03  -1.53e-01   0.00e+00 (  1.18e+02,  1.61e+02)
40     -0.013   2.14e-01   2.45e-02  -7.04e-03  -1.55e-01   0.00e+00 (  1.18e+02,  1.53e+02)
45     -0.009   2.30e-01   5.17e-02   2.04e-02  -1.15e-01   0.00e+00 (  1.14e+02,  1.41e+02)
50      0.007   2.64e-01   1.18e-01   1.03e-01   8.92e-02   0.00e+00 (  1.14e+02,  1.26e+02)
55      0.003   2.69e-01   1.43e-01   1.15e-01   4.09e-02   0.00e+00 (  1.00e+02,  1.12e+02)
60      0.014   2.92e-01   2.06e-01   1.56e-01   2.01e-01   0.00e+00 (  9.36e+01,  9.95e+01)
65      0.035   3.24e-01   3.05e-01   2.37e-01   5.19e-01   0.00e+00 (  8.76e+01,  8.75e+01)
70      0.046   3.41e-01   3.71e-01   3.08e-01   6.99e-01   0.00e+00 (  7.96e+01,  7.67e+01)
75      0.057   3.53e-01   4.34e-01   3.83e-01   8.77e-01   0.00e+00 (  7.21e+01,  6.65e+01)
80      0.067   3.59e-01   4.87e-01   4.30e-01   1.09e+00   0.00e+00 (  6.51e+01,  5.72e+01)
85      0.078   3.48e-01   5.06e-01   4.15e-01   1.53e+00   0.00e+00 (  5.76e+01,  4.90e+01)
90      0.194   5.09e-01   9.26e-01   5.76e-01   6.89e+00   0.00e+00 (  1.21e+02,  4.33e+01)
95      0.080   1.79e-01   3.00e-01   2.22e-01   5.02e+00   0.00e+00 (  9.40e+01,  4.00e+01)
39 e: 9.401e-07 i: 8.287e-06 :: e: 4.558e-03 i: 1.182e-02 :: n: 2.762e+01 e:23.713 i:28.556 v:4.993e+03
>>> tau_he = 5.000000, nhe(0)=3.344423e+00
 5     -0.005   6.54e-03   5.87e-01   3.89e-03  -2.24e-02   0.00e+00 (  2.84e+00,  5.76e+01)
10     -0.003   1.86e-02  -7.17e-03   1.66e-03  -1.95e-02   0.00e+00 (  1.20e+01,  1.04e+02)
15     -0.057   6.46e-02  -7.22e-02  -7.06e-03  -4.06e-01   0.00e+00 (  4.63e+01,  1.39e+02)
20     -0.035   1.20e-01  -8.48e-02  -7.67e-03  -2.87e-01   0.00e+00 (  7.96e+01,  1.54e+02)
25     -0.026   1.54e-01  -5.98e-02  -1.79e-02  -2.46e-01   0.00e+00 (  9.75e+01,  1.62e+02)
30     -0.023   1.93e-01  -4.67e-02  -1.65e-02  -2.40e-01   0.00e+00 (  1.16e+02,  1.66e+02)
35     -0.014   2.03e-01  -1.88e-02  -4.88e-03  -1.53e-01   0.00e+00 (  1.18e+02,  1.61e+02)
40     -0.013   2.14e-01   2.46e-02  -7.09e-03  -1.55e-01   0.00e+00 (  1.18e+02,  1.53e+02)
45     -0.009   2.30e-01   5.20e-02   2.04e-02  -1.15e-01   0.00e+00 (  1.14e+02,  1.41e+02)
50      0.006   2.65e-01   1.17e-01   1.03e-01   8.58e-02   0.00e+00 (  1.14e+02,  1.26e+02)
55      0.003   2.69e-01   1.43e-01   1.15e-01   4.15e-02   0.00e+00 (  1.00e+02,  1.12e+02)
60      0.014   2.92e-01   2.06e-01   1.56e-01   2.01e-01   0.00e+00 (  9.37e+01,  9.95e+01)
65      0.035   3.24e-01   3.05e-01   2.37e-01   5.19e-01   0.00e+00 (  8.77e+01,  8.75e+01)
70      0.046   3.41e-01   3.72e-01   3.08e-01   6.99e-01   0.00e+00 (  7.97e+01,  7.67e+01)
75      0.057   3.53e-01   4.34e-01   3.83e-01   8.77e-01   0.00e+00 (  7.21e+01,  6.65e+01)
80      0.067   3.59e-01   4.88e-01   4.30e-01   1.09e+00   0.00e+00 (  6.51e+01,  5.72e+01)
85      0.078   3.48e-01   5.06e-01   4.15e-01   1.53e+00   0.00e+00 (  5.76e+01,  4.90e+01)
90      0.194   5.09e-01   9.26e-01   5.77e-01   6.89e+00   0.00e+00 (  1.21e+02,  4.33e+01)
95      0.080   1.79e-01   3.00e-01   2.22e-01   5.02e+00   0.00e+00 (  9.40e+01,  4.00e+01)
40 e: 9.702e-07 i: 7.176e-06 :: e: 4.300e-03 i: 1.105e-02 :: n: 2.762e+01 e:23.712 i:28.570 v:4.993e+03
>>> tau_he = 5.000000, nhe(0)=3.345388e+00
 5     -0.005   6.55e-03   5.90e-01   3.90e-03  -2.24e-02   0.00e+00 (  2.85e+00,  5.76e+01)
10     -0.003   1.86e-02  -7.17e-03   1.67e-03  -1.96e-02   0.00e+00 (  1.20e+01,  1.04e+02)
15     -0.057   6.46e-02  -7.23e-02  -7.09e-03  -4.06e-01   0.00e+00 (  4.63e+01,  1.39e+02)
20     -0.035   1.20e-01  -8.49e-02  -7.70e-03  -2.87e-01   0.00e+00 (  7.96e+01,  1.54e+02)
25     -0.026   1.54e-01  -5.99e-02  -1.80e-02  -2.46e-01   0.00e+00 (  9.75e+01,  1.62e+02)
30     -0.023   1.93e-01  -4.67e-02  -1.65e-02  -2.40e-01   0.00e+00 (  1.16e+02,  1.66e+02)
35     -0.014   2.03e-01  -1.88e-02  -4.89e-03  -1.52e-01   0.00e+00 (  1.18e+02,  1.61e+02)
40     -0.013   2.14e-01   2.47e-02  -7.13e-03  -1.55e-01   0.00e+00 (  1.18e+02,  1.53e+02)
45     -0.009   2.30e-01   5.21e-02   2.04e-02  -1.14e-01   0.00e+00 (  1.14e+02,  1.41e+02)
50     -0.004   2.49e-01   9.05e-02   9.53e-02  -5.54e-02   0.00e+00 (  1.07e+02,  1.26e+02)
55      0.003   2.69e-01   1.43e-01   1.15e-01   4.27e-02   0.00e+00 (  1.00e+02,  1.12e+02)
60      0.014   2.92e-01   2.06e-01   1.56e-01   2.02e-01   0.00e+00 (  9.38e+01,  9.95e+01)
65      0.035   3.24e-01   3.05e-01   2.37e-01   5.19e-01   0.00e+00 (  8.77e+01,  8.75e+01)
70      0.046   3.41e-01   3.72e-01   3.09e-01   6.99e-01   0.00e+00 (  7.97e+01,  7.67e+01)
75      0.057   3.53e-01   4.34e-01   3.84e-01   8.77e-01   0.00e+00 (  7.22e+01,  6.65e+01)
80      0.067   3.60e-01   4.88e-01   4.30e-01   1.09e+00   0.00e+00 (  6.51e+01,  5.72e+01)
85      0.078   3.48e-01   5.07e-01   4.16e-01   1.53e+00   0.00e+00 (  5.76e+01,  4.90e+01)
90      0.194   5.09e-01   9.26e-01   5.77e-01   6.89e+00   0.00e+00 (  1.21e+02,  4.33e+01)
95      0.080   1.79e-01   3.00e-01   2.22e-01   5.02e+00   0.00e+00 (  9.40e+01,  4.00e+01)
41 e: 8.239e-07 i: 7.251e-06 :: e: 3.887e-03 i: 1.091e-02 :: n: 2.762e+01 e:23.717 i:28.584 v:4.993e+03
>>> tau_he = 5.000000, nhe(0)=3.346335e+00
 5     -0.005   6.56e-03   5.92e-01   3.90e-03  -2.24e-02   0.00e+00 (  2.85e+00,  5.76e+01)
10     -0.003   1.87e-02  -7.16e-03   1.67e-03  -1.96e-02   0.00e+00 (  1.21e+01,  1.04e+02)
15     -0.057   6.46e-02  -7.24e-02  -7.11e-03  -4.06e-01   0.00e+00 (  4.63e+01,  1.39e+02)
20     -0.035   1.18e-01  -8.50e-02  -7.80e-03  -2.86e-01   0.00e+00 (  7.80e+01,  1.54e+02)
25     -0.026   1.54e-01  -6.00e-02  -1.80e-02  -2.46e-01   0.00e+00 (  9.76e+01,  1.62e+02)
30     -0.022   1.92e-01  -4.68e-02  -1.65e-02  -2.28e-01   0.00e+00 (  1.15e+02,  1.66e+02)
35     -0.014   2.04e-01  -1.89e-02  -4.91e-03  -1.53e-01   0.00e+00 (  1.18e+02,  1.61e+02)
40     -0.013   2.15e-01   2.45e-02  -7.11e-03  -1.55e-01   0.00e+00 (  1.18e+02,  1.53e+02)
45     -0.009   2.30e-01   5.21e-02   2.04e-02  -1.15e-01   0.00e+00 (  1.14e+02,  1.41e+02)
50      0.007   2.64e-01   1.17e-01   1.03e-01   8.74e-02   0.00e+00 (  1.14e+02,  1.26e+02)
55      0.003   2.69e-01   1.44e-01   1.15e-01   4.40e-02   0.00e+00 (  1.00e+02,  1.12e+02)
60      0.014   2.93e-01   2.06e-01   1.56e-01   2.01e-01   0.00e+00 (  9.38e+01,  9.95e+01)
65      0.035   3.24e-01   3.05e-01   2.37e-01   5.18e-01   0.00e+00 (  8.77e+01,  8.75e+01)
70      0.046   3.41e-01   3.72e-01   3.09e-01   6.98e-01   0.00e+00 (  7.97e+01,  7.67e+01)
75      0.057   3.53e-01   4.34e-01   3.84e-01   8.76e-01   0.00e+00 (  7.22e+01,  6.65e+01)
80      0.067   3.60e-01   4.88e-01   4.30e-01   1.09e+00   0.00e+00 (  6.52e+01,  5.72e+01)
85      0.078   3.48e-01   5.07e-01   4.16e-01   1.53e+00   0.00e+00 (  5.76e+01,  4.90e+01)
90      0.194   5.09e-01   9.26e-01   5.77e-01   6.89e+00   0.00e+00 (  1.21e+02,  4.33e+01)
95      0.080   1.79e-01   3.00e-01   2.22e-01   5.02e+00   0.00e+00 (  9.40e+01,  4.00e+01)
42 e: 7.539e-07 i: 6.485e-06 :: e: 4.168e-03 i: 1.014e-02 :: n: 2.762e+01 e:23.721 i:28.596 v:4.993e+03
>>> tau_he = 5.000000, nhe(0)=3.347193e+00
 5     -0.005   6.57e-03   5.95e-01   3.91e-03  -2.24e-02   0.00e+00 (  2.85e+00,  5.76e+01)
10     -0.003   1.87e-02  -7.14e-03   1.68e-03  -1.96e-02   0.00e+00 (  1.21e+01,  1.04e+02)
15     -0.057   6.46e-02  -7.25e-02  -7.14e-03  -4.06e-01   0.00e+00 (  4.63e+01,  1.39e+02)
20     -0.035   1.18e-01  -8.51e-02  -7.80e-03  -2.86e-01   0.00e+00 (  7.82e+01,  1.54e+02)
25     -0.026   1.54e-01  -6.00e-02  -1.81e-02  -2.46e-01   0.00e+00 (  9.76e+01,  1.62e+02)
30     -0.022   1.92e-01  -4.68e-02  -1.65e-02  -2.28e-01   0.00e+00 (  1.15e+02,  1.66e+02)
35     -0.014   2.04e-01  -1.89e-02  -4.92e-03  -1.52e-01   0.00e+00 (  1.18e+02,  1.61e+02)
40     -0.013   2.14e-01   2.46e-02  -7.16e-03  -1.55e-01   0.00e+00 (  1.18e+02,  1.53e+02)
45     -0.009   2.30e-01   5.22e-02   2.04e-02  -1.15e-01   0.00e+00 (  1.14e+02,  1.41e+02)
50     -0.004   2.49e-01   9.07e-02   9.54e-02  -5.51e-02   0.00e+00 (  1.07e+02,  1.26e+02)
55      0.003   2.69e-01   1.44e-01   1.15e-01   4.42e-02   0.00e+00 (  1.00e+02,  1.12e+02)
60      0.014   2.93e-01   2.06e-01   1.56e-01   2.01e-01   0.00e+00 (  9.38e+01,  9.95e+01)
65      0.035   3.24e-01   3.05e-01   2.37e-01   5.18e-01   0.00e+00 (  8.78e+01,  8.75e+01)
70      0.046   3.41e-01   3.72e-01   3.09e-01   6.99e-01   0.00e+00 (  7.97e+01,  7.67e+01)
75      0.057   3.53e-01   4.34e-01   3.84e-01   8.77e-01   0.00e+00 (  7.22e+01,  6.65e+01)
80      0.067   3.60e-01   4.88e-01   4.31e-01   1.09e+00   0.00e+00 (  6.52e+01,  5.72e+01)
85      0.078   3.49e-01   5.07e-01   4.16e-01   1.53e+00   0.00e+00 (  5.77e+01,  4.90e+01)
90      0.194   5.09e-01   9.26e-01   5.77e-01   6.89e+00   0.00e+00 (  1.21e+02,  4.33e+01)
95      0.080   1.79e-01   3.00e-01   2.22e-01   5.02e+00   0.00e+00 (  9.40e+01,  4.00e+01)
43 e: 8.610e-07 i: 6.627e-06 :: e: 3.785e-03 i: 9.980e-03 :: n: 2.762e+01 e:23.725 i:28.611 v:4.993e+03
>>> tau_he = 5.000000, nhe(0)=3.348231e+00
 5     -0.005   6.58e-03   5.97e-01   3.91e-03  -2.24e-02   0.00e+00 (  2.86e+00,  5.76e+01)
10     -0.003   1.87e-02  -7.13e-03   1.69e-03  -1.96e-02   0.00e+00 (  1.21e+01,  1.04e+02)
15     -0.057   6.47e-02  -7.26e-02  -7.16e-03  -4.06e-01   0.00e+00 (  4.63e+01,  1.39e+02)
20     -0.035   1.18e-01  -8.52e-02  -7.80e-03  -2.87e-01   0.00e+00 (  7.83e+01,  1.54e+02)
25     -0.026   1.55e-01  -6.01e-02  -1.81e-02  -2.46e-01   0.00e+00 (  9.77e+01,  1.62e+02)
30     -0.022   1.92e-01  -4.69e-02  -1.65e-02  -2.28e-01   0.00e+00 (  1.15e+02,  1.66e+02)
35     -0.014   2.04e-01  -1.90e-02  -4.94e-03  -1.53e-01   0.00e+00 (  1.19e+02,  1.61e+02)
40     -0.013   2.15e-01   2.45e-02  -7.14e-03  -1.55e-01   0.00e+00 (  1.18e+02,  1.53e+02)
45     -0.009   2.30e-01   5.22e-02   2.03e-02  -1.15e-01   0.00e+00 (  1.14e+02,  1.41e+02)
50      0.007   2.65e-01   1.18e-01   1.03e-01   8.84e-02   0.00e+00 (  1.14e+02,  1.26e+02)
55      0.003   2.69e-01   1.44e-01   1.15e-01   4.54e-02   0.00e+00 (  1.00e+02,  1.12e+02)
60      0.014   2.93e-01   2.06e-01   1.56e-01   2.01e-01   0.00e+00 (  9.38e+01,  9.95e+01)
65      0.035   3.24e-01   3.05e-01   2.37e-01   5.18e-01   0.00e+00 (  8.78e+01,  8.75e+01)
70      0.046   3.41e-01   3.72e-01   3.09e-01   6.98e-01   0.00e+00 (  7.98e+01,  7.67e+01)
75      0.057   3.53e-01   4.34e-01   3.84e-01   8.76e-01   0.00e+00 (  7.22e+01,  6.65e+01)
80      0.067   3.60e-01   4.88e-01   4.30e-01   1.09e+00   0.00e+00 (  6.52e+01,  5.72e+01)
85      0.078   3.49e-01   5.07e-01   4.16e-01   1.53e+00   0.00e+00 (  5.77e+01,  4.90e+01)
90      0.194   5.09e-01   9.26e-01   5.77e-01   6.89e+00   0.00e+00 (  1.21e+02,  4.33e+01)
95      0.080   1.79e-01   3.00e-01   2.22e-01   5.02e+00   0.00e+00 (  9.40e+01,  4.00e+01)
44 e: 7.037e-07 i: 6.046e-06 :: e: 3.715e-03 i: 9.421e-03 :: n: 2.762e+01 e:23.730 i:28.622 v:4.993e+03
>>> tau_he = 5.000000, nhe(0)=3.348972e+00
 5     -0.005   6.58e-03   6.00e-01   3.91e-03  -2.24e-02   0.00e+00 (  2.86e+00,  5.76e+01)
10     -0.003   1.87e-02  -7.11e-03   1.69e-03  -1.96e-02   0.00e+00 (  1.21e+01,  1.04e+02)
15     -0.057   6.47e-02  -7.27e-02  -7.19e-03  -4.06e-01   0.00e+00 (  4.64e+01,  1.39e+02)
20     -0.035   1.18e-01  -8.53e-02  -7.82e-03  -2.87e-01   0.00e+00 (  7.84e+01,  1.54e+02)
25     -0.026   1.55e-01  -6.02e-02  -1.82e-02  -2.46e-01   0.00e+00 (  9.78e+01,  1.62e+02)
30     -0.022   1.92e-01  -4.69e-02  -1.66e-02  -2.28e-01   0.00e+00 (  1.15e+02,  1.66e+02)
35     -0.014   2.04e-01  -1.90e-02  -4.95e-03  -1.53e-01   0.00e+00 (  1.19e+02,  1.61e+02)
40     -0.013   2.15e-01   2.46e-02  -7.20e-03  -1.55e-01   0.00e+00 (  1.18e+02,  1.53e+02)
45     -0.009   2.30e-01   5.23e-02   2.03e-02  -1.15e-01   0.00e+00 (  1.14e+02,  1.41e+02)
50     -0.004   2.49e-01   9.09e-02   9.54e-02  -5.49e-02   0.00e+00 (  1.07e+02,  1.26e+02)
55      0.003   2.69e-01   1.44e-01   1.15e-01   4.52e-02   0.00e+00 (  1.01e+02,  1.12e+02)
60      0.014   2.93e-01   2.06e-01   1.56e-01   2.01e-01   0.00e+00 (  9.39e+01,  9.95e+01)
65      0.035   3.25e-01   3.05e-01   2.37e-01   5.18e-01   0.00e+00 (  8.79e+01,  8.75e+01)
70      0.046   3.42e-01   3.72e-01   3.09e-01   6.98e-01   0.00e+00 (  7.98e+01,  7.67e+01)
75      0.057   3.54e-01   4.34e-01   3.84e-01   8.76e-01   0.00e+00 (  7.23e+01,  6.65e+01)
80      0.067   3.60e-01   4.88e-01   4.31e-01   1.09e+00   0.00e+00 (  6.52e+01,  5.72e+01)
85      0.078   3.49e-01   5.07e-01   4.16e-01   1.53e+00   0.00e+00 (  5.77e+01,  4.90e+01)
90      0.194   5.09e-01   9.26e-01   5.77e-01   6.89e+00   0.00e+00 (  1.21e+02,  4.33e+01)
95      0.080   1.79e-01   3.00e-01   2.22e-01   5.02e+00   0.00e+00 (  9.40e+01,  4.00e+01)
45 e: 7.861e-07 i: 6.079e-06 :: e: 3.450e-03 i: 9.283e-03 :: n: 2.762e+01 e:23.733 i:28.636 v:4.993e+03
>>> tau_he = 5.000000, nhe(0)=3.349947e+00
 5     -0.005   6.59e-03   6.02e-01   3.92e-03  -2.24e-02   0.00e+00 (  2.86e+00,  5.76e+01)
10     -0.003   1.88e-02  -7.10e-03   1.70e-03  -1.96e-02   0.00e+00 (  1.21e+01,  1.04e+02)
15     -0.057   6.47e-02  -7.28e-02  -7.20e-03  -4.06e-01   0.00e+00 (  4.64e+01,  1.39e+02)
20     -0.035   1.18e-01  -8.54e-02  -7.81e-03  -2.87e-01   0.00e+00 (  7.86e+01,  1.54e+02)
25     -0.026   1.55e-01  -6.02e-02  -1.82e-02  -2.46e-01   0.00e+00 (  9.78e+01,  1.62e+02)
30     -0.022   1.92e-01  -4.69e-02  -1.66e-02  -2.28e-01   0.00e+00 (  1.15e+02,  1.66e+02)
35     -0.014   2.04e-01  -1.91e-02  -4.97e-03  -1.53e-01   0.00e+00 (  1.19e+02,  1.61e+02)
40     -0.013   2.15e-01   2.45e-02  -7.18e-03  -1.55e-01   0.00e+00 (  1.19e+02,  1.53e+02)
45     -0.009   2.30e-01   5.23e-02   2.02e-02  -1.15e-01   0.00e+00 (  1.14e+02,  1.41e+02)
50      0.007   2.65e-01   1.18e-01   1.03e-01   8.90e-02   0.00e+00 (  1.14e+02,  1.26e+02)
55      0.003   2.69e-01   1.44e-01   1.15e-01   4.63e-02   0.00e+00 (  1.01e+02,  1.12e+02)
60      0.014   2.93e-01   2.06e-01   1.56e-01   2.01e-01   0.00e+00 (  9.39e+01,  9.95e+01)
65      0.035   3.25e-01   3.05e-01   2.37e-01   5.18e-01   0.00e+00 (  8.79e+01,  8.75e+01)
70      0.046   3.42e-01   3.72e-01   3.09e-01   6.98e-01   0.00e+00 (  7.98e+01,  7.67e+01)
75      0.057   3.54e-01   4.34e-01   3.84e-01   8.76e-01   0.00e+00 (  7.23e+01,  6.65e+01)
80      0.067   3.60e-01   4.88e-01   4.31e-01   1.09e+00   0.00e+00 (  6.52e+01,  5.72e+01)
85      0.078   3.49e-01   5.07e-01   4.16e-01   1.53e+00   0.00e+00 (  5.77e+01,  4.90e+01)
90      0.194   5.09e-01   9.26e-01   5.77e-01   6.89e+00   0.00e+00 (  1.21e+02,  4.33e+01)
95      0.080   1.79e-01   3.00e-01   2.22e-01   5.02e+00   0.00e+00 (  9.40e+01,  4.00e+01)
46 e: 6.849e-07 i: 5.651e-06 :: e: 3.395e-03 i: 8.853e-03 :: n: 2.762e+01 e:23.737 i:28.644 v:4.993e+03
>>> tau_he = 5.000000, nhe(0)=3.350522e+00
 5     -0.005   6.60e-03   6.04e-01   3.92e-03  -2.24e-02   0.00e+00 (  2.87e+00,  5.76e+01)
10     -0.003   1.88e-02  -7.09e-03   1.71e-03  -1.96e-02   0.00e+00 (  1.21e+01,  1.04e+02)
15     -0.057   6.47e-02  -7.29e-02  -7.23e-03  -4.07e-01   0.00e+00 (  4.64e+01,  1.39e+02)
20     -0.035   1.18e-01  -8.55e-02  -7.84e-03  -2.88e-01   0.00e+00 (  7.86e+01,  1.54e+02)
25     -0.026   1.55e-01  -6.03e-02  -1.82e-02  -2.46e-01   0.00e+00 (  9.79e+01,  1.62e+02)
30     -0.022   1.92e-01  -4.69e-02  -1.66e-02  -2.28e-01   0.00e+00 (  1.15e+02,  1.66e+02)
35     -0.014   2.04e-01  -1.90e-02  -4.98e-03  -1.52e-01   0.00e+00 (  1.19e+02,  1.61e+02)
40     -0.013   2.15e-01   2.46e-02  -7.24e-03  -1.55e-01   0.00e+00 (  1.19e+02,  1.53e+02)
45     -0.009   2.30e-01   5.24e-02   2.03e-02  -1.15e-01   0.00e+00 (  1.14e+02,  1.41e+02)
50      0.006   2.65e-01   1.17e-01   1.03e-01   8.58e-02   0.00e+00 (  1.14e+02,  1.26e+02)
55      0.003   2.69e-01   1.44e-01   1.15e-01   4.59e-02   0.00e+00 (  1.01e+02,  1.12e+02)
60      0.014   2.93e-01   2.07e-01   1.57e-01   2.01e-01   0.00e+00 (  9.40e+01,  9.95e+01)
65      0.035   3.25e-01   3.06e-01   2.37e-01   5.18e-01   0.00e+00 (  8.79e+01,  8.75e+01)
70      0.046   3.42e-01   3.72e-01   3.09e-01   6.98e-01   0.00e+00 (  7.99e+01,  7.67e+01)
75      0.057   3.54e-01   4.35e-01   3.84e-01   8.76e-01   0.00e+00 (  7.23e+01,  6.65e+01)
80      0.067   3.60e-01   4.88e-01   4.31e-01   1.09e+00   0.00e+00 (  6.53e+01,  5.72e+01)
85      0.078   3.49e-01   5.07e-01   4.16e-01   1.53e+00   0.00e+00 (  5.78e+01,  4.90e+01)
90      0.194   5.09e-01   9.26e-01   5.77e-01   6.89e+00   0.00e+00 (  1.21e+02,  4.33e+01)
95      0.080   1.79e-01   3.00e-01   2.22e-01   5.02e+00   0.00e+00 (  9.40e+01,  4.00e+01)
47 e: 7.978e-07 i: 4.897e-06 :: e: 3.221e-03 i: 8.368e-03 :: n: 2.762e+01 e:23.737 i:28.652 v:4.993e+03
>>> tau_he = 5.000000, nhe(0)=3.351078e+00
 5     -0.005   6.60e-03   6.07e-01   3.93e-03  -2.24e-02   0.00e+00 (  2.87e+00,  5.76e+01)
10     -0.003   1.88e-02  -7.08e-03   1.72e-03  -1.96e-02   0.00e+00 (  1.21e+01,  1.04e+02)
15     -0.057   6.47e-02  -7.30e-02  -7.25e-03  -4.07e-01   0.00e+00 (  4.64e+01,  1.39e+02)
20     -0.035   1.18e-01  -8.55e-02  -7.84e-03  -2.88e-01   0.00e+00 (  7.87e+01,  1.54e+02)
25     -0.026   1.55e-01  -6.03e-02  -1.83e-02  -2.46e-01   0.00e+00 (  9.79e+01,  1.62e+02)
30     -0.022   1.92e-01  -4.69e-02  -1.66e-02  -2.28e-01   0.00e+00 (  1.15e+02,  1.66e+02)
35     -0.014   2.04e-01  -1.90e-02  -4.98e-03  -1.52e-01   0.00e+00 (  1.19e+02,  1.61e+02)
40     -0.013   2.15e-01   2.47e-02  -7.27e-03  -1.55e-01   0.00e+00 (  1.19e+02,  1.53e+02)
45     -0.009   2.30e-01   5.25e-02   2.03e-02  -1.14e-01   0.00e+00 (  1.14e+02,  1.41e+02)
50     -0.004   2.49e-01   9.04e-02   9.53e-02  -5.56e-02   0.00e+00 (  1.07e+02,  1.26e+02)
55      0.003   2.69e-01   1.44e-01   1.15e-01   4.64e-02   0.00e+00 (  1.01e+02,  1.12e+02)
60      0.014   2.93e-01   2.07e-01   1.57e-01   2.02e-01   0.00e+00 (  9.40e+01,  9.95e+01)
65      0.035   3.25e-01   3.06e-01   2.37e-01   5.19e-01   0.00e+00 (  8.80e+01,  8.75e+01)
70      0.046   3.42e-01   3.72e-01   3.09e-01   6.99e-01   0.00e+00 (  7.99e+01,  7.67e+01)
75      0.057   3.54e-01   4.35e-01   3.84e-01   8.77e-01   0.00e+00 (  7.23e+01,  6.65e+01)
80      0.067   3.60e-01   4.88e-01   4.31e-01   1.09e+00   0.00e+00 (  6.53e+01,  5.72e+01)
85      0.078   3.49e-01   5.07e-01   4.16e-01   1.53e+00   0.00e+00 (  5.78e+01,  4.90e+01)
90      0.194   5.09e-01   9.26e-01   5.77e-01   6.89e+00   0.00e+00 (  1.21e+02,  4.33e+01)
95      0.080   1.79e-01   3.00e-01   2.22e-01   5.02e+00   0.00e+00 (  9.40e+01,  4.00e+01)
48 e: 9.025e-07 i: 5.871e-06 :: e: 3.169e-03 i: 8.783e-03 :: n: 2.762e+01 e:23.741 i:28.660 v:4.993e+03
>>> tau_he = 5.000000, nhe(0)=3.351649e+00
 5     -0.005   6.61e-03   6.09e-01   3.93e-03  -2.24e-02   0.00e+00 (  2.87e+00,  5.76e+01)
10     -0.003   1.89e-02  -7.07e-03   1.72e-03  -1.96e-02   0.00e+00 (  1.22e+01,  1.04e+02)
15     -0.057   6.48e-02  -7.31e-02  -7.26e-03  -4.07e-01   0.00e+00 (  4.64e+01,  1.39e+02)
20     -0.035   1.18e-01  -8.56e-02  -7.85e-03  -2.88e-01   0.00e+00 (  7.88e+01,  1.54e+02)
25     -0.026   1.55e-01  -6.04e-02  -1.83e-02  -2.46e-01   0.00e+00 (  9.79e+01,  1.62e+02)
30     -0.022   1.93e-01  -4.70e-02  -1.66e-02  -2.28e-01   0.00e+00 (  1.15e+02,  1.66e+02)
35     -0.014   2.04e-01  -1.91e-02  -5.00e-03  -1.53e-01   0.00e+00 (  1.19e+02,  1.61e+02)
40     -0.013   2.15e-01   2.45e-02  -7.25e-03  -1.55e-01   0.00e+00 (  1.19e+02,  1.53e+02)
45     -0.009   2.30e-01   5.24e-02   2.02e-02  -1.15e-01   0.00e+00 (  1.14e+02,  1.41e+02)
50      0.007   2.65e-01   1.17e-01   1.03e-01   8.78e-02   0.00e+00 (  1.14e+02,  1.26e+02)
55      0.003   2.69e-01   1.44e-01   1.15e-01   4.72e-02   0.00e+00 (  1.01e+02,  1.12e+02)
60      0.014   2.93e-01   2.07e-01   1.57e-01   2.02e-01   0.00e+00 (  9.40e+01,  9.95e+01)
65      0.035   3.25e-01   3.06e-01   2.37e-01   5.18e-01   0.00e+00 (  8.80e+01,  8.75e+01)
70      0.046   3.42e-01   3.72e-01   3.09e-01   6.98e-01   0.00e+00 (  7.99e+01,  7.67e+01)
75      0.057   3.54e-01   4.35e-01   3.84e-01   8.76e-01   0.00e+00 (  7.24e+01,  6.65e+01)
80      0.067   3.60e-01   4.88e-01   4.31e-01   1.09e+00   0.00e+00 (  6.53e+01,  5.72e+01)
85      0.078   3.49e-01   5.07e-01   4.16e-01   1.53e+00   0.00e+00 (  5.78e+01,  4.90e+01)
90      0.194   5.09e-01   9.26e-01   5.77e-01   6.89e+00   0.00e+00 (  1.21e+02,  4.33e+01)
95      0.080   1.79e-01   3.00e-01   2.22e-01   5.02e+00   0.00e+00 (  9.40e+01,  4.00e+01)
49 e: 5.132e-07 i: 4.629e-06 :: e: 2.938e-03 i: 7.910e-03 :: n: 2.762e+01 e:23.742 i:28.667 v:4.993e+03
 plasma volume = 148.429695
 stored energy(e,i,b,a) = 5.764039e+01 4.526641e+01 0.000000e+00 0.000000e+00
 betan = 1.169869
*power
 Pnb(e,i) = 0.000000e+00 0.000000e+00
 Prf(e,i) = 2.187895e+01 1.815054e+01
 Prad     = -1.935857e+01 
 Pei      = 7.866697e-01 
 Pfuse    = 1.910055e+01 
 Pfusi    = 4.170327e+00 
 Poh      = 0.000000e+00 
*confinement time
 taut, tauITER98y2, H98y2 : 2.341889e+00 2.312320e+00 1.012788e+00
 taue, taui : 2.572360e+00 1.337795e+01
 taut, tau89, H89 : 2.341889e+00 1.040272e+00 2.251228e+00
*temperature
 nea, nebar : 1.865438e+01 2.143632e+01 
 tea, tia : 7.514100e+00 7.904397e+00 (9.506228e-01)
 te0, ti0 : 2.064836e+01 2.690634e+01 (7.674160e-01)
 Sn : 0.000000e+00 
*current balance
 Ip,Ibs,Inb,Irf: 1.000000e+01 1.649910e+00 0.000000e+00 5.672476e-01
 fni,fbs: 0.222 0.165

 plasma volume = 148.429695
 stored energy(e,i,b,a) = 5.764039e+01 4.526641e+01 0.000000e+00 0.000000e+00
 betan = 1.169869
*power
 Pnb(e,i) = 0.000000e+00 0.000000e+00
 Prf(e,i) = 2.187895e+01 1.815054e+01
 Prad     = -1.935857e+01 
 Pei      = 7.866697e-01 
 Pfuse    = 1.910055e+01 
 Pfusi    = 4.170327e+00 
 Poh      = 0.000000e+00 
*confinement time
 taut, tauITER98y2, H98y2 : 2.341889e+00 2.312320e+00 1.012788e+00
 taue, taui : 2.572360e+00 1.337795e+01
 taut, tau89, H89 : 2.341889e+00 1.040272e+00 2.251228e+00
*temperature
 nea, nebar : 1.865438e+01 2.143632e+01 
 tea, tia : 7.514100e+00 7.904397e+00 (9.506228e-01)
 te0, ti0 : 2.064836e+01 2.690634e+01 (7.674160e-01)
 Sn : 0.000000e+00 
*current balance
 Ip,Ibs,Inb,Irf: 1.000000e+01 1.649910e+00 0.000000e+00 5.672476e-01
 fni,fbs: 0.222 0.165
 ELAPASED TIME = 47 sec

finalize
