NCAPTC: : NetCDF: Variable not found
Warning: ieee_overflow is signaling
Warning: ieee_underflow is signaling
Warning: ieee_inexact is signaling
FORTRAN STOP
 solver
 /global/common/software/atom/perlmutter/data/greentable/
 /global/common/software/atom/perlmutter/data/greentable/

          EFITD Version  07/09/2014


 type mode (2=file, 3=snap, 4=time, 5=input, 6=com file, 7=snap_ext):

 number of time slices?

 type input file names:
 #
 table_dir = </global/common/software/atom/perlmutter/data/greentable/>

  ----- time =     0 ms ----- ( 0)
 it=  1 chi2=0.00E+00 zm= 7.53E-03 err=5.202E+00 dz= 7.535E-03 chigam= 0.00E+00
 it=  2 chi2=0.00E+00 zm= 1.07E-02 err=8.813E-01 dz= 3.183E-03 chigam= 0.00E+00
 it=  3 chi2=0.00E+00 zm= 1.31E-02 err=4.988E-01 dz= 2.403E-03 chigam= 0.00E+00
 it=  4 chi2=0.00E+00 zm= 1.49E-02 err=2.901E-01 dz= 1.811E-03 chigam= 0.00E+00
 it=  5 chi2=0.00E+00 zm= 1.63E-02 err=1.704E-01 dz= 1.375E-03 chigam= 0.00E+00
 it=  6 chi2=0.00E+00 zm= 1.74E-02 err=1.059E-01 dz= 1.052E-03 chigam= 0.00E+00
 it=  7 chi2=0.00E+00 zm= 1.81E-02 err=5.825E-02 dz= 7.796E-04 chigam= 0.00E+00
 it=  8 chi2=0.00E+00 zm= 1.87E-02 err=3.187E-02 dz= 5.766E-04 chigam= 0.00E+00
 it=  9 chi2=0.00E+00 zm= 1.91E-02 err=2.530E-02 dz= 4.335E-04 chigam= 0.00E+00
 it= 10 chi2=0.00E+00 zm= 1.95E-02 err=1.704E-02 dz= 3.130E-04 chigam= 0.00E+00
 it= 11 chi2=0.00E+00 zm= 1.97E-02 err=1.362E-02 dz= 2.276E-04 chigam= 0.00E+00
 it= 12 chi2=0.00E+00 zm= 1.99E-02 err=9.668E-03 dz= 1.604E-04 chigam= 0.00E+00
 it= 13 chi2=0.00E+00 zm= 2.00E-02 err=5.566E-03 dz= 1.152E-04 chigam= 0.00E+00
 it= 14 chi2=0.00E+00 zm= 2.00E-02 err=3.234E-03 dz= 8.260E-05 chigam= 0.00E+00
 it= 15 chi2=0.00E+00 zm= 2.01E-02 err=1.895E-03 dz= 5.923E-05 chigam= 0.00E+00
 it= 16 chi2=0.00E+00 zm= 2.01E-02 err=1.119E-03 dz= 4.247E-05 chigam= 0.00E+00
 it= 17 chi2=0.00E+00 zm= 2.02E-02 err=6.645E-04 dz= 3.047E-05 chigam= 0.00E+00
 it= 18 chi2=0.00E+00 zm= 2.02E-02 err=3.966E-04 dz= 2.186E-05 chigam= 0.00E+00
 it= 19 chi2=0.00E+00 zm= 2.02E-02 err=2.838E-04 dz= 1.570E-05 chigam= 0.00E+00
 it= 20 chi2=0.00E+00 zm= 2.02E-02 err=2.032E-04 dz= 1.128E-05 chigam= 0.00E+00
 it= 21 chi2=0.00E+00 zm= 2.02E-02 err=1.448E-04 dz= 8.107E-06 chigam= 0.00E+00
 it= 22 chi2=0.00E+00 zm= 2.02E-02 err=1.031E-04 dz= 5.834E-06 chigam= 0.00E+00
 it= 23 chi2=0.00E+00 zm= 2.02E-02 err=7.333E-05 dz= 4.199E-06 chigam= 0.00E+00

      ******************** EFITD129 x 129  output ********************

       data used:   
  0 flux loops
  0 magnetic probes(i)
  0 full rogowski
  0 diamagnetic loop


 shot #   =          1 time(ms) =          0 chi**2   =  0.000E+00
 betat(%) =      1.205 betap    =      0.611 li       =      0.857
 vol(cm3) =  0.780E+07 rout(cm) =    172.196 zout(cm) =      0.743
 elong    =      1.350 utriang  =     -0.372 ltriang  =     -0.308
 a(cm)    =     41.427 lin(cm)  = ********** lout(cm) =     10.552
 ltop(cm) = ********** q*       =      2.333 rc(cm)   =    176.943
 zc(cm)   =      1.798 bt0(t)   =      2.000 qout     =      2.219
