========================================================================
= FASTRAN

nonlinear model = 0
ichi = 1
ineo = 0
reading state...
read formatted input, inprof...
init geometry...
read formatted input, inmetric...
nrho in inmetric = 101
rhob in inmetric = 1.266600e+00
solve avg grad-shafranv...
solve_avg_gs::Ip_temp = 1.000369e+01 
solve_avg_gs::Ip      = 1.000000e+01 
>>> tau_he = 5.000000, nhe(0)=3.603940e+00

 plasma volume = 149.755245
 stored energy(e,i,b,a) = 6.873535e+01 6.696989e+01 0.000000e+00 0.000000e+00
 betan = 1.531498
*power
 Pnb(e,i) = 0.000000e+00 0.000000e+00
 Prf(e,i) = 6.592969e+00 3.341633e+01
 Prad     = -7.290725e+01 
 Pei      = 1.296836e+01 
 Pfuse    = 7.483520e+01 
 Pfusi    = 2.370937e+01 
 Poh      = 0.000000e+00 
*confinement time
 taut, tauITER98y2, H98y2 : 2.067208e+00 1.852267e+00 1.116042e+00
 taue, taui : 3.198588e+00 6.234967e+00
 taut, tau89, H89 : 2.067208e+00 8.643949e-01 2.391509e+00
*temperature
 nea, nebar : 2.110816e+01 2.419773e+01 
 tea, tia : 7.912367e+00 8.418652e+00 (9.398615e-01)
 te0, ti0 : 2.056531e+01 2.688097e+01 (7.650509e-01)
 Sn : 1.499642e+03 
*current balance
 Ip,Ibs,Inb,Irf: 1.000000e+01 2.361670e+00 0.000000e+00 1.314730e-01
 fni,fbs: 0.249 0.236

Time advancing...
rho_bdry 0.900000 ...
te_bdry = 5.000307
ti_bdry = 5.000307
ne_bdry = 16.078026
rv_bdry = 279.463030
nrho_tr_bdry = 18
drho_bdry = 0.000000e+00
nrhob = 90
 [    0] t = 0.0000 
>>> tau_he = 5.000000, nhe(0)=3.632985e+00
 5     -0.035   6.37e-03   2.39e-01   6.02e-04  -3.82e-02   1.87e-07 (  9.92e-01,  5.94e+01)
10     -0.054   1.97e-02   4.78e-02  -2.98e-03  -1.19e-01   3.32e-06 (  5.97e+00,  1.18e+02)
15     -0.141   5.26e-02  -7.43e-02  -3.95e-03  -4.63e-01   4.05e-05 (  2.30e+01,  1.64e+02)
20     -0.128   1.49e-01  -1.72e-03   2.03e-02  -5.56e-01   3.76e-04 (  8.17e+01,  1.98e+02)
25     -0.098   1.81e-01   1.05e-01   3.91e-02  -5.28e-01   2.72e-03 (  1.15e+02,  2.24e+02)
30     -0.018   2.37e-01   1.50e-01  -1.19e-02  -1.20e-01   1.54e-02 (  1.63e+02,  2.41e+02)
35     -0.002   2.81e-01   1.92e-01   4.13e-02  -1.20e-02   6.91e-02 (  1.87e+02,  2.48e+02)
40     -0.019   2.93e-01   2.16e-01   9.81e-02  -1.43e-01   2.46e-01 (  1.82e+02,  2.45e+02)
45      0.060   3.20e-01   2.71e-01   1.89e-01   5.88e-01   7.02e-01 (  1.80e+02,  2.35e+02)
50      0.128   3.75e-01   3.96e-01   1.95e-01   1.60e+00   1.62e+00 (  1.78e+02,  2.18e+02)
55      0.140   3.81e-01   4.79e-01   2.26e-01   2.75e+00   3.04e+00 (  1.57e+02,  1.99e+02)
60      0.187   4.49e-01   5.97e-01   3.10e-01   4.54e+00   4.75e+00 (  1.48e+02,  1.80e+02)
65      0.245   5.72e-01   7.19e-01   4.31e-01   6.21e+00   6.31e+00 (  1.40e+02,  1.63e+02)
70      0.296   7.10e-01   8.45e-01   5.17e-01   7.36e+00   7.34e+00 (  1.32e+02,  1.48e+02)
75      0.327   8.06e-01   9.51e-01   5.81e-01   7.83e+00   7.76e+00 (  1.20e+02,  1.34e+02)
80      0.340   8.58e-01   1.04e+00   6.24e-01   7.90e+00   7.71e+00 (  1.09e+02,  1.19e+02)
85      0.312   7.67e-01   1.04e+00   6.75e-01   6.75e+00   7.44e+00 (  9.47e+01,  1.05e+02)
90      0.676   1.56e+00   2.32e+00   1.55e+00   2.21e+01   7.10e+00 (  4.77e+02,  9.18e+01)
95      0.569   9.94e-01   1.43e+00   1.04e+00   4.72e+01   6.81e+00 (  7.57e+02,  7.87e+01)
 0 n: 8.642e-10 e: 5.942e-07 i: 5.936e-06 :: e: 0.000e+00 i: 0.000e+00 :: n: 2.973e+01 e:20.598 i:26.795 v:4.993e+03
>>> tau_he = 5.000000, nhe(0)=3.626793e+00
 5     -0.030   6.08e-03   2.53e-01   8.89e-04  -3.27e-02   1.87e-07 (  9.45e-01,  5.94e+01)
10     -0.066   1.61e-02   4.55e-02  -3.55e-03  -1.43e-01   3.32e-06 (  4.98e+00,  1.18e+02)
15     -0.155   5.93e-02  -7.30e-02  -1.27e-03  -5.07e-01   4.05e-05 (  2.65e+01,  1.64e+02)
20     -0.159   1.25e-01   2.76e-02   2.47e-02  -6.92e-01   3.76e-04 (  6.88e+01,  1.98e+02)
25     -0.101   1.81e-01   1.05e-01   3.90e-02  -5.44e-01   2.72e-03 (  1.15e+02,  2.24e+02)
30     -0.021   2.34e-01   1.48e-01  -6.66e-04  -1.35e-01   1.54e-02 (  1.60e+02,  2.41e+02)
35     -0.003   2.79e-01   1.91e-01   4.22e-02  -1.98e-02   6.91e-02 (  1.86e+02,  2.48e+02)
40     -0.016   2.93e-01   2.17e-01   9.66e-02  -1.21e-01   2.46e-01 (  1.83e+02,  2.45e+02)
45      0.059   3.19e-01   2.70e-01   1.90e-01   5.74e-01   7.02e-01 (  1.79e+02,  2.35e+02)
50      0.128   3.75e-01   3.96e-01   1.95e-01   1.61e+00   1.62e+00 (  1.79e+02,  2.18e+02)
55      0.139   3.81e-01   4.78e-01   2.25e-01   2.73e+00   3.04e+00 (  1.57e+02,  1.99e+02)
60      0.187   4.49e-01   5.98e-01   3.10e-01   4.54e+00   4.75e+00 (  1.48e+02,  1.80e+02)
65      0.245   5.72e-01   7.19e-01   4.31e-01   6.21e+00   6.31e+00 (  1.40e+02,  1.63e+02)
70      0.296   7.10e-01   8.45e-01   5.18e-01   7.36e+00   7.34e+00 (  1.32e+02,  1.48e+02)
75      0.327   8.06e-01   9.51e-01   5.81e-01   7.83e+00   7.76e+00 (  1.20e+02,  1.34e+02)
80      0.342   8.63e-01   1.04e+00   6.25e-01   7.96e+00   7.71e+00 (  1.10e+02,  1.19e+02)
85      0.304   7.41e-01   1.02e+00   6.67e-01   6.48e+00   7.44e+00 (  9.19e+01,  1.05e+02)
90      0.678   1.56e+00   2.32e+00   1.55e+00   2.23e+01   7.10e+00 (  4.77e+02,  9.18e+01)
95      0.569   9.94e-01   1.43e+00   1.04e+00   4.72e+01   6.81e+00 (  7.57e+02,  7.87e+01)
 1 n: 1.684e-03 e: 3.324e-02 i: 1.759e-01 :: e: 7.976e-03 i: 6.615e-03 :: n: 5.369e+01 e:23.968 i:31.712 v:4.993e+03
>>> tau_he = 5.000000, nhe(0)=1.128358e+00
 5   -828.618   1.28e-02   1.14e+00  -2.54e-03  -2.74e-01   1.87e-07 (  1.03e+01,  5.94e+01)
10   -360.752   2.05e-02   2.62e-02   8.71e-03  -5.30e-01   3.32e-06 (  3.13e+01,  1.18e+02)
15   -202.224   1.11e-01   3.44e-01   4.43e-01  -4.55e+00   4.05e-05 (  1.86e+02,  1.64e+02)
20    -15.560   5.17e-01   1.49e+00   1.28e+00  -4.25e+00   3.76e-04 (  7.42e+02,  1.98e+02)
25     -7.353   5.95e-01   1.06e+00   1.22e+00  -1.80e+01   2.72e-03 (  8.24e+02,  2.24e+02)
30      0.061   3.65e-01   3.43e-01   2.09e-01   9.89e-01   1.54e-02 (  4.72e+02,  2.41e+02)
35      0.154   3.44e-01   2.65e-01   8.79e-02   1.22e+01   6.91e-02 (  3.99e+02,  2.48e+02)
40      0.112   1.88e-01   1.59e-01   5.08e-02   5.10e+00   2.46e-01 (  1.85e+02,  2.45e+02)
45      0.299   8.12e-01   6.06e-01   2.41e-01   2.61e+01   7.02e-01 (  6.33e+02,  2.35e+02)
50      0.256   5.75e-01   5.05e-01   2.14e-01   1.44e+01   1.62e+00 (  3.50e+02,  2.18e+02)
55      0.364   8.43e-01   7.54e-01   3.47e-01   1.92e+01   3.04e+00 (  4.20e+02,  1.99e+02)
60      0.454   1.11e+00   9.78e-01   4.43e-01   2.16e+01   4.75e+00 (  4.20e+02,  1.80e+02)
65      0.514   1.34e+00   1.15e+00   5.76e-01   2.16e+01   6.31e+00 (  3.67e+02,  1.63e+02)
70      0.575   1.59e+00   1.35e+00   6.89e-01   2.18e+01   7.34e+00 (  3.25e+02,  1.48e+02)
75      0.626   1.82e+00   1.55e+00   7.63e-01   2.19e+01   7.76e+00 (  2.92e+02,  1.34e+02)
80      0.670   2.02e+00   1.75e+00   8.15e-01   2.23e+01   7.71e+00 (  2.71e+02,  1.19e+02)
85      0.590   1.72e+00   1.65e+00   7.96e-01   1.80e+01   7.44e+00 (  2.17e+02,  1.05e+02)
90      0.756   1.74e+00   2.44e+00   1.52e+00   2.75e+01   7.10e+00 (  5.29e+02,  9.18e+01)
95      0.569   9.94e-01   1.43e+00   1.04e+00   4.72e+01   6.81e+00 (  7.57e+02,  7.87e+01)
 2 n: 3.193e-02 e: 1.248e-01 i: 6.040e-02 :: e: 4.376e-01 i: 3.683e-01 :: n: 2.971e+01 e:37.378 i:30.326 v:4.993e+03
>>> tau_he = 5.000000, nhe(0)=3.801872e+00
 5  -1346.025   2.04e-02   8.09e-01   4.86e-03  -4.18e-01   1.87e-07 (  2.00e+01,  5.94e+01)
10  -9603.837   1.61e-01   3.95e-02   5.86e-02  -1.34e+01   3.32e-06 (  3.04e+02,  1.18e+02)
15  -2204.887   1.12e+00   1.42e+00   1.85e+00  -4.69e+01   4.05e-05 (  2.33e+03,  1.64e+02)
20    -67.983   8.72e-01   7.99e-01   1.10e+00  -1.74e+01   3.76e-04 (  1.35e+03,  1.98e+02)
25     -3.630   6.53e-01   7.18e-01   7.72e-01  -8.12e+00   2.72e-03 (  8.40e+02,  2.24e+02)
30      0.078   5.17e-01   4.88e-01   3.53e-01   7.42e-01   1.54e-02 (  5.77e+02,  2.41e+02)
35      0.202   3.92e-01   3.63e-01   1.46e-01   4.02e+00   6.91e-02 (  3.82e+02,  2.48e+02)
40      0.128   4.91e-01   4.49e-01   2.04e-01   1.65e+00   2.46e-01 (  4.44e+02,  2.45e+02)
45      0.089   5.15e-01   4.82e-01   2.31e-01   9.85e-01   7.02e-01 (  3.91e+02,  2.35e+02)
50      0.120   5.47e-01   5.69e-01   2.77e-01   1.49e+00   1.62e+00 (  3.59e+02,  2.18e+02)
55      0.164   5.64e-01   6.87e-01   3.26e-01   3.02e+00   3.04e+00 (  3.12e+02,  1.99e+02)
60      0.226   6.20e-01   8.11e-01   4.22e-01   5.06e+00   4.75e+00 (  2.66e+02,  1.80e+02)
65      0.280   6.98e-01   9.13e-01   5.45e-01   6.55e+00   6.31e+00 (  2.22e+02,  1.63e+02)
70      0.317   7.71e-01   1.01e+00   6.28e-01   7.30e+00   7.34e+00 (  1.86e+02,  1.48e+02)
75      0.329   8.02e-01   1.07e+00   6.81e-01   7.30e+00   7.76e+00 (  1.56e+02,  1.34e+02)
80      0.323   7.93e-01   1.11e+00   7.20e-01   6.94e+00   7.71e+00 (  1.35e+02,  1.19e+02)
85      0.294   7.38e-01   1.15e+00   8.01e-01   6.02e+00   7.44e+00 (  1.27e+02,  1.05e+02)
90      1.587   3.40e+00   4.70e+00   3.24e+00   5.19e+01   7.10e+00 (  1.14e+03,  9.18e+01)
95      0.569   9.94e-01   1.43e+00   1.04e+00   4.72e+01   6.81e+00 (  7.57e+02,  7.87e+01)
 3 n: 1.282e-03 e: 6.755e-01 i: 2.137e-02 :: e: 2.672e-01 i: 2.548e-01 :: n: 2.840e+01 e:20.884 i:35.161 v:4.993e+03
>>> tau_he = 5.000000, nhe(0)=3.829424e+00
 5   -388.698   1.32e-02   6.69e-01   3.07e-03  -1.21e-01   1.87e-07 (  4.67e+00,  5.94e+01)
10  -1370.398   5.64e-02   8.65e-02   1.83e-03  -1.91e+00   3.32e-06 (  3.44e+01,  1.18e+02)
15   -128.815   1.83e-01   2.59e-02   1.72e-02  -2.75e+00   4.05e-05 (  1.03e+02,  1.64e+02)
20     -7.166   2.06e-01   1.06e-01   2.49e-02  -1.83e+00   3.76e-04 (  1.03e+02,  1.98e+02)
25     -0.581   2.00e-01   1.20e-01   5.29e-02  -1.28e+00   2.72e-03 (  1.03e+02,  2.24e+02)
30      0.057   2.29e-01   1.30e-01   2.73e-02   3.98e-01   1.54e-02 (  1.26e+02,  2.41e+02)
35      0.158   3.39e-01   2.76e-01   5.18e-02   1.86e+00   6.91e-02 (  1.90e+02,  2.48e+02)
40      0.141   3.47e-01   2.73e-01   8.78e-02   1.47e+00   2.46e-01 (  1.90e+02,  2.45e+02)
45      0.095   3.12e-01   2.26e-01   1.41e-01   8.34e-01   7.02e-01 (  1.48e+02,  2.35e+02)
50      0.172   3.79e-01   3.57e-01   1.79e-01   1.95e+00   1.62e+00 (  1.61e+02,  2.18e+02)
55      0.162   3.75e-01   4.25e-01   2.09e-01   2.84e+00   3.04e+00 (  1.39e+02,  1.99e+02)
60      0.188   4.16e-01   5.41e-01   2.94e-01   4.07e+00   4.75e+00 (  1.25e+02,  1.80e+02)
65      0.229   5.04e-01   6.71e-01   4.01e-01   5.23e+00   6.31e+00 (  1.17e+02,  1.63e+02)
70      0.274   6.20e-01   8.18e-01   5.21e-01   6.23e+00   7.34e+00 (  1.14e+02,  1.48e+02)
75      0.312   7.24e-01   9.64e-01   6.38e-01   6.89e+00   7.76e+00 (  1.09e+02,  1.34e+02)
80      0.339   7.98e-01   1.10e+00   7.47e-01   7.28e+00   7.71e+00 (  1.05e+02,  1.19e+02)
85      0.345   7.93e-01   1.23e+00   8.98e-01   7.03e+00   7.44e+00 (  1.04e+02,  1.05e+02)
90      0.700   1.57e+00   2.38e+00   1.62e+00   2.28e+01   7.10e+00 (  4.90e+02,  9.18e+01)
95      0.569   9.94e-01   1.43e+00   1.04e+00   4.72e+01   6.81e+00 (  7.57e+02,  7.87e+01)
 4 n: 7.833e-04 e: 4.804e-02 i: 4.109e-02 :: e: 1.405e-01 i: 1.273e-01 :: n: 2.805e+01 e:27.555 i:28.982 v:4.993e+03
>>> tau_he = 5.000000, nhe(0)=3.447337e+00
 5   -502.320   1.12e-02   6.00e-01   2.04e-03  -1.58e-01   1.87e-07 (  5.89e+00,  5.94e+01)
10  -2878.028   8.45e-02   1.52e-01  -4.62e-04  -4.05e+00   3.32e-06 (  7.45e+01,  1.18e+02)
15   -332.469   2.10e-01   1.31e-01   8.23e-02  -7.17e+00   4.05e-05 (  1.71e+02,  1.64e+02)
20    -21.764   2.11e-01   1.74e-01   1.68e-01  -5.63e+00   3.76e-04 (  1.55e+02,  1.98e+02)
25     -1.356   2.35e-01   2.15e-01   6.61e-02  -2.95e+00   2.72e-03 (  1.78e+02,  2.24e+02)
30      0.015   4.58e-01   5.08e-01   3.47e-01   8.48e-02   1.54e-02 (  3.63e+02,  2.41e+02)
35      0.135   4.40e-01   4.74e-01   2.60e-01   1.17e+00   6.91e-02 (  3.48e+02,  2.48e+02)
40      0.099   4.57e-01   4.73e-01   2.69e-01   8.85e-01   2.46e-01 (  3.49e+02,  2.45e+02)
45      0.089   4.86e-01   5.55e-01   3.77e-01   7.52e-01   7.02e-01 (  3.23e+02,  2.35e+02)
50      0.136   5.16e-01   6.29e-01   3.06e-01   1.51e+00   1.62e+00 (  3.03e+02,  2.18e+02)
55      0.158   5.44e-01   7.19e-01   3.44e-01   2.76e+00   3.04e+00 (  2.79e+02,  1.99e+02)
60      0.218   6.28e-01   8.35e-01   4.44e-01   4.77e+00   4.75e+00 (  2.59e+02,  1.80e+02)
65      0.289   7.45e-01   9.55e-01   5.85e-01   6.70e+00   6.31e+00 (  2.37e+02,  1.63e+02)
70      0.331   8.33e-01   1.05e+00   6.51e-01   7.63e+00   7.34e+00 (  2.07e+02,  1.48e+02)
75      0.334   8.48e-01   1.08e+00   6.77e-01   7.46e+00   7.76e+00 (  1.72e+02,  1.34e+02)
80      0.312   8.07e-01   1.07e+00   6.71e-01   6.74e+00   7.71e+00 (  1.43e+02,  1.19e+02)
85      0.257   7.06e-01   1.01e+00   6.79e-01   5.25e+00   7.44e+00 (  1.25e+02,  1.05e+02)
90      1.582   3.39e+00   4.71e+00   3.22e+00   5.16e+01   7.10e+00 (  1.14e+03,  9.18e+01)
95      0.569   9.94e-01   1.43e+00   1.04e+00   4.72e+01   6.81e+00 (  7.57e+02,  7.87e+01)
 5 n: 9.663e-04 e: 9.208e-02 i: 1.255e-02 :: e: 1.393e-01 i: 1.698e-01 :: n: 2.785e+01 e:20.967 i:32.369 v:4.993e+03
>>> tau_he = 5.000000, nhe(0)=3.584271e+00
 5   -385.400   1.06e-02   6.55e-01   3.13e-03  -1.22e-01   1.87e-07 (  4.34e+00,  5.94e+01)
10  -1442.907   5.34e-02   7.36e-02   1.68e-03  -2.04e+00   3.32e-06 (  3.58e+01,  1.18e+02)
15   -149.440   1.72e-01   5.08e-02   2.14e-02  -3.24e+00   4.05e-05 (  1.06e+02,  1.64e+02)
20     -8.261   1.89e-01   1.13e-01   4.65e-02  -2.15e+00   3.76e-04 (  1.05e+02,  1.98e+02)
25     -0.700   1.91e-01   1.21e-01   5.33e-02  -1.49e+00   2.72e-03 (  1.07e+02,  2.24e+02)
30     -0.104   2.42e-01   1.40e-01   2.10e-02  -4.98e-01   1.54e-02 (  1.35e+02,  2.41e+02)
35      0.004   2.44e-01   1.42e-01   3.68e-02   2.99e-02   6.91e-02 (  1.33e+02,  2.48e+02)
40      0.048   2.75e-01   1.74e-01   6.39e-02   3.77e-01   2.46e-01 (  1.43e+02,  2.45e+02)
45      0.071   2.79e-01   1.87e-01   1.41e-01   5.96e-01   7.02e-01 (  1.26e+02,  2.35e+02)
50      0.093   2.84e-01   2.13e-01   1.29e-01   1.04e+00   1.62e+00 (  1.12e+02,  2.18e+02)
55      0.101   2.78e-01   2.80e-01   1.48e-01   1.76e+00   3.04e+00 (  9.49e+01,  1.99e+02)
60      0.159   3.59e-01   4.56e-01   2.45e-01   3.47e+00   4.75e+00 (  9.83e+01,  1.80e+02)
65      0.201   4.49e-01   5.83e-01   3.43e-01   4.65e+00   6.31e+00 (  9.45e+01,  1.63e+02)
70      0.251   5.79e-01   7.33e-01   4.64e-01   5.77e+00   7.34e+00 (  9.55e+01,  1.48e+02)
75      0.296   7.07e-01   8.89e-01   5.83e-01   6.64e+00   7.76e+00 (  9.55e+01,  1.34e+02)
80      0.332   8.11e-01   1.04e+00   6.98e-01   7.27e+00   7.71e+00 (  9.51e+01,  1.19e+02)
85      0.343   8.14e-01   1.18e+00   8.46e-01   7.11e+00   7.44e+00 (  9.31e+01,  1.05e+02)
90      0.700   1.57e+00   2.36e+00   1.61e+00   2.28e+01   7.10e+00 (  4.73e+02,  9.18e+01)
95      0.569   9.94e-01   1.43e+00   1.04e+00   4.72e+01   6.81e+00 (  7.57e+02,  7.87e+01)
 6 n: 1.007e-03 e: 3.079e-02 i: 2.261e-02 :: e: 1.867e-01 i: 2.087e-01 :: n: 2.804e+01 e:25.640 i:28.350 v:4.993e+03
>>> tau_he = 5.000000, nhe(0)=3.402731e+00
 5   -438.440   1.04e-02   5.70e-01   2.54e-03  -1.40e-01   1.87e-07 (  5.18e+00,  5.94e+01)
10  -2356.610   7.19e-02   1.28e-01   4.18e-04  -3.37e+00   3.32e-06 (  5.82e+01,  1.18e+02)
15   -237.301   1.91e-01   1.27e-01   6.64e-02  -5.20e+00   4.05e-05 (  1.43e+02,  1.64e+02)
20    -14.452   4.48e-01   5.64e-01   4.06e-01  -3.80e+00   3.76e-04 (  3.14e+02,  1.98e+02)
25     -1.065   2.22e-01   1.98e-01   2.89e-02  -2.32e+00   2.72e-03 (  1.59e+02,  2.24e+02)
30     -0.034   3.65e-01   3.43e-01   1.87e-01  -1.72e-01   1.54e-02 (  2.61e+02,  2.41e+02)
35     -0.012   3.12e-01   2.63e-01   1.02e-01  -8.34e-02   6.91e-02 (  2.20e+02,  2.48e+02)
40      0.081   4.19e-01   4.33e-01   2.63e-01   6.03e-01   2.46e-01 (  2.84e+02,  2.45e+02)
45      0.104   4.36e-01   5.10e-01   3.45e-01   8.77e-01   7.02e-01 (  2.61e+02,  2.35e+02)
50      0.140   4.59e-01   5.83e-01   2.79e-01   1.62e+00   1.62e+00 (  2.44e+02,  2.18e+02)
55      0.155   4.88e-01   6.71e-01   3.20e-01   2.81e+00   3.04e+00 (  2.27e+02,  1.99e+02)
60      0.209   5.75e-01   7.68e-01   4.12e-01   4.67e+00   4.75e+00 (  2.17e+02,  1.80e+02)
65      0.282   7.11e-01   8.93e-01   5.49e-01   6.67e+00   6.31e+00 (  2.07e+02,  1.63e+02)
70      0.330   8.24e-01   9.97e-01   6.15e-01   7.76e+00   7.34e+00 (  1.89e+02,  1.48e+02)
75      0.338   8.55e-01   1.04e+00   6.37e-01   7.71e+00   7.76e+00 (  1.62e+02,  1.34e+02)
80      0.319   8.19e-01   1.04e+00   6.24e-01   7.05e+00   7.71e+00 (  1.35e+02,  1.19e+02)
85      0.260   6.91e-01   9.50e-01   6.20e-01   5.38e+00   7.44e+00 (  1.13e+02,  1.05e+02)
90      0.658   1.56e+00   2.32e+00   1.54e+00   2.15e+01   7.10e+00 (  5.12e+02,  9.18e+01)
95      0.569   9.94e-01   1.43e+00   1.04e+00   4.72e+01   6.81e+00 (  7.57e+02,  7.87e+01)
 7 n: 7.847e-04 e: 5.699e-02 i: 9.471e-03 :: e: 1.045e-01 i: 1.472e-01 :: n: 2.799e+01 e:20.749 i:30.931 v:4.993e+03
>>> tau_he = 5.000000, nhe(0)=3.541194e+00
 5   -364.479   9.74e-03   6.21e-01   3.04e-03  -1.17e-01   1.87e-07 (  4.16e+00,  5.94e+01)
10  -1415.001   5.18e-02   6.96e-02  -4.59e-04  -2.04e+00   3.32e-06 (  3.53e+01,  1.18e+02)
15   -147.284   1.67e-01   5.83e-02   1.76e-02  -3.25e+00   4.05e-05 (  1.03e+02,  1.64e+02)
20     -7.569   1.70e-01   9.82e-02   4.94e-02  -2.00e+00   3.76e-04 (  9.47e+01,  1.98e+02)
25     -0.555   1.85e-01   1.16e-01   5.34e-02  -1.23e+00   2.72e-03 (  1.07e+02,  2.24e+02)
30     -0.034   2.25e-01   1.30e-01   1.70e-02  -1.88e-01   1.54e-02 (  1.27e+02,  2.41e+02)
35     -0.006   2.39e-01   1.38e-01   4.61e-02  -4.14e-02   6.91e-02 (  1.30e+02,  2.48e+02)
40     -0.003   2.72e-01   1.70e-01   9.85e-02  -2.23e-02   2.46e-01 (  1.38e+02,  2.45e+02)
45      0.075   2.81e-01   1.93e-01   1.67e-01   6.11e-01   7.02e-01 (  1.24e+02,  2.35e+02)
50      0.084   2.67e-01   2.06e-01   1.24e-01   9.63e-01   1.62e+00 (  1.03e+02,  2.18e+02)
55      0.096   2.63e-01   2.73e-01   1.44e-01   1.73e+00   3.04e+00 (  8.71e+01,  1.99e+02)
60      0.150   3.40e-01   4.37e-01   2.32e-01   3.34e+00   4.75e+00 (  8.93e+01,  1.80e+02)
65      0.173   3.93e-01   4.93e-01   2.90e-01   4.08e+00   6.31e+00 (  7.85e+01,  1.63e+02)
70      0.242   5.69e-01   6.98e-01   4.40e-01   5.66e+00   7.34e+00 (  8.85e+01,  1.48e+02)
75      0.287   7.07e-01   8.49e-01   5.48e-01   6.55e+00   7.76e+00 (  8.95e+01,  1.34e+02)
80      0.323   8.21e-01   9.94e-01   6.50e-01   7.22e+00   7.71e+00 (  8.95e+01,  1.19e+02)
85      0.331   8.17e-01   1.11e+00   7.79e-01   6.96e+00   7.44e+00 (  8.58e+01,  1.05e+02)
90      0.695   1.56e+00   2.35e+00   1.59e+00   2.27e+01   7.10e+00 (  4.63e+02,  9.18e+01)
95      0.569   9.94e-01   1.43e+00   1.04e+00   4.72e+01   6.81e+00 (  7.57e+02,  7.87e+01)
 8 n: 1.252e-03 e: 2.512e-02 i: 1.558e-02 :: e: 1.955e-01 i: 2.306e-01 :: n: 2.831e+01 e:24.683 i:27.809 v:4.993e+03
>>> tau_he = 5.000000, nhe(0)=3.421034e+00
 5   -406.645   1.00e-02   5.58e-01   2.58e-03  -1.32e-01   1.87e-07 (  4.95e+00,  5.94e+01)
10  -2093.241   6.49e-02   1.14e-01   1.10e-03  -3.04e+00   3.32e-06 (  5.10e+01,  1.18e+02)
15   -223.618   1.95e-01   1.23e-01   5.96e-02  -4.97e+00   4.05e-05 (  1.41e+02,  1.64e+02)
20    -16.440   1.80e-01   1.44e-01   1.31e-01  -4.38e+00   3.76e-04 (  1.21e+02,  1.98e+02)
25     -0.939   2.10e-01   1.84e-01   1.28e-02  -2.11e+00   2.72e-03 (  1.49e+02,  2.24e+02)
30      0.020   3.36e-01   3.11e-01   1.45e-01   1.19e-01   1.54e-02 (  2.35e+02,  2.41e+02)
35      0.108   3.76e-01   3.98e-01   2.38e-01   7.85e-01   6.91e-02 (  2.58e+02,  2.48e+02)
40      0.077   3.92e-01   4.02e-01   2.43e-01   5.49e-01   2.46e-01 (  2.52e+02,  2.45e+02)
45      0.039   3.49e-01   3.58e-01   2.67e-01   3.23e-01   7.02e-01 (  1.99e+02,  2.35e+02)
50      0.136   4.27e-01   5.44e-01   2.55e-01   1.61e+00   1.62e+00 (  2.17e+02,  2.18e+02)
55      0.150   4.53e-01   6.28e-01   2.96e-01   2.81e+00   3.04e+00 (  2.01e+02,  1.99e+02)
60      0.203   5.41e-01   7.19e-01   3.86e-01   4.65e+00   4.75e+00 (  1.93e+02,  1.80e+02)
65      0.279   6.91e-01   8.52e-01   5.24e-01   6.78e+00   6.31e+00 (  1.90e+02,  1.63e+02)
70      0.328   8.13e-01   9.57e-01   5.87e-01   7.87e+00   7.34e+00 (  1.75e+02,  1.48e+02)
75      0.342   8.59e-01   1.01e+00   6.10e-01   7.93e+00   7.76e+00 (  1.51e+02,  1.34e+02)
80      0.328   8.38e-01   1.03e+00   5.98e-01   7.39e+00   7.71e+00 (  1.29e+02,  1.19e+02)
85      0.272   7.05e-01   9.39e-01   5.93e-01   5.71e+00   7.44e+00 (  1.06e+02,  1.05e+02)
90      0.657   1.56e+00   2.30e+00   1.53e+00   2.15e+01   7.10e+00 (  4.99e+02,  9.18e+01)
95      0.569   9.94e-01   1.43e+00   1.04e+00   4.72e+01   6.81e+00 (  7.57e+02,  7.87e+01)
 9 n: 6.774e-04 e: 3.780e-02 i: 8.437e-03 :: e: 7.885e-02 i: 1.074e-01 :: n: 2.816e+01 e:20.770 i:30.336 v:4.993e+03
>>> tau_he = 5.000000, nhe(0)=3.543906e+00
 5   -352.936   9.36e-03   6.17e-01   3.01e-03  -1.14e-01   1.87e-07 (  4.07e+00,  5.94e+01)
10  -1343.354   4.76e-02   6.32e-02  -9.99e-03  -1.96e+00   3.32e-06 (  3.24e+01,  1.18e+02)
15   -148.028   1.68e-01   6.58e-02   1.48e-02  -3.30e+00   4.05e-05 (  1.04e+02,  1.64e+02)
20     -8.334   1.72e-01   1.09e-01   4.73e-02  -2.22e+00   3.76e-04 (  1.00e+02,  1.98e+02)
25     -0.553   1.83e-01   1.20e-01   5.49e-02  -1.21e+00   2.72e-03 (  1.10e+02,  2.24e+02)
30     -0.100   2.25e-01   1.32e-01   2.11e-02  -4.95e-01   1.54e-02 (  1.29e+02,  2.41e+02)
35     -0.027   2.35e-01   1.36e-01   5.70e-02  -1.65e-01   6.91e-02 (  1.29e+02,  2.48e+02)
40     -0.008   2.65e-01   1.67e-01   1.02e-01  -5.06e-02   2.46e-01 (  1.35e+02,  2.45e+02)
45      0.075   2.76e-01   1.95e-01   1.69e-01   6.37e-01   7.02e-01 (  1.23e+02,  2.35e+02)
50      0.081   2.61e-01   2.08e-01   1.24e-01   9.64e-01   1.62e+00 (  1.02e+02,  2.18e+02)
55      0.117   2.93e-01   3.25e-01   1.62e-01   2.19e+00   3.04e+00 (  9.75e+01,  1.99e+02)
60      0.149   3.38e-01   4.39e-01   2.30e-01   3.40e+00   4.75e+00 (  8.83e+01,  1.80e+02)
65      0.176   4.02e-01   4.98e-01   2.96e-01   4.24e+00   6.31e+00 (  7.93e+01,  1.63e+02)
70      0.242   5.79e-01   6.93e-01   4.34e-01   5.76e+00   7.34e+00 (  8.80e+01,  1.48e+02)
75      0.286   7.19e-01   8.36e-01   5.32e-01   6.63e+00   7.76e+00 (  8.84e+01,  1.34e+02)
80      0.321   8.35e-01   9.74e-01   6.23e-01   7.28e+00   7.71e+00 (  8.80e+01,  1.19e+02)
85      0.325   8.19e-01   1.07e+00   7.36e-01   6.88e+00   7.44e+00 (  8.25e+01,  1.05e+02)
90      0.690   1.56e+00   2.33e+00   1.57e+00   2.25e+01   7.10e+00 (  4.58e+02,  9.18e+01)
95      0.569   9.94e-01   1.43e+00   1.04e+00   4.72e+01   6.81e+00 (  7.57e+02,  7.87e+01)
10 n: 1.135e-03 e: 2.071e-02 i: 1.079e-02 :: e: 1.726e-01 i: 2.104e-01 :: n: 2.845e+01 e:24.250 i:27.841 v:4.993e+03
>>> tau_he = 5.000000, nhe(0)=3.451226e+00
 5   -394.731   1.01e-02   5.68e-01   2.58e-03  -1.29e-01   1.87e-07 (  4.96e+00,  5.94e+01)
10  -1943.216   6.09e-02   1.02e-01   8.88e-04  -2.85e+00   3.32e-06 (  4.71e+01,  1.18e+02)
15   -215.551   2.00e-01   1.30e-01  -4.42e-02  -4.83e+00   4.05e-05 (  1.43e+02,  1.64e+02)
20    -14.177   3.94e-01   4.93e-01   3.16e-01  -3.80e+00   3.76e-04 (  2.70e+02,  1.98e+02)
25     -0.671   3.59e-01   4.48e-01   3.29e-01  -1.50e+00   2.72e-03 (  2.58e+02,  2.24e+02)
30     -0.123   2.28e-01   1.85e-01   3.55e-02  -6.55e-01   1.54e-02 (  1.57e+02,  2.41e+02)
35     -0.004   2.80e-01   2.31e-01   9.37e-02  -2.87e-02   6.91e-02 (  1.87e+02,  2.48e+02)
40      0.090   3.84e-01   4.27e-01   2.63e-01   6.41e-01   2.46e-01 (  2.41e+02,  2.45e+02)
45      0.046   3.36e-01   3.41e-01   2.50e-01   3.99e-01   7.02e-01 (  1.89e+02,  2.35e+02)
50      0.136   4.06e-01   5.18e-01   2.39e-01   1.68e+00   1.62e+00 (  2.03e+02,  2.18e+02)
55      0.146   4.32e-01   5.97e-01   2.82e-01   2.81e+00   3.04e+00 (  1.87e+02,  1.99e+02)
60      0.202   5.21e-01   6.92e-01   3.73e-01   4.73e+00   4.75e+00 (  1.80e+02,  1.80e+02)
65      0.279   6.81e-01   8.31e-01   5.10e-01   6.93e+00   6.31e+00 (  1.81e+02,  1.63e+02)
70      0.328   8.09e-01   9.36e-01   5.71e-01   8.00e+00   7.34e+00 (  1.67e+02,  1.48e+02)
75      0.345   8.66e-01   1.00e+00   5.97e-01   8.13e+00   7.76e+00 (  1.46e+02,  1.34e+02)
80      0.336   8.54e-01   1.03e+00   5.89e-01   7.69e+00   7.71e+00 (  1.24e+02,  1.19e+02)
85      0.280   7.13e-01   9.37e-01   5.83e-01   5.94e+00   7.44e+00 (  1.01e+02,  1.05e+02)
90      0.658   1.56e+00   2.30e+00   1.52e+00   2.15e+01   7.10e+00 (  4.90e+02,  9.18e+01)
95      0.569   9.94e-01   1.43e+00   1.04e+00   4.72e+01   6.81e+00 (  7.57e+02,  7.87e+01)
11 n: 5.762e-04 e: 2.760e-02 i: 8.662e-03 :: e: 8.730e-02 i: 1.168e-01 :: n: 2.842e+01 e:20.874 i:29.926 v:4.993e+03
>>> tau_he = 5.000000, nhe(0)=3.572336e+00
 5   -351.057   9.16e-03   6.12e-01   2.98e-03  -1.15e-01   1.87e-07 (  4.07e+00,  5.94e+01)
10  -1350.686   4.73e-02   6.43e-02  -6.89e-03  -1.98e+00   3.32e-06 (  3.27e+01,  1.18e+02)
15   -110.908   1.68e-01   6.73e-02   8.50e-03  -2.49e+00   4.05e-05 (  1.04e+02,  1.64e+02)
20     -7.815   1.65e-01   9.98e-02   5.05e-02  -2.10e+00   3.76e-04 (  9.55e+01,  1.98e+02)
25     -0.629   1.84e-01   1.16e-01   5.44e-02  -1.42e+00   2.72e-03 (  1.11e+02,  2.24e+02)
30     -0.077   2.08e-01   1.20e-01   4.18e-02  -4.41e-01   1.54e-02 (  1.23e+02,  2.41e+02)
35     -0.016   2.36e-01   1.39e-01   4.92e-02  -1.04e-01   6.91e-02 (  1.33e+02,  2.48e+02)
40     -0.013   2.64e-01   1.69e-01   1.06e-01  -8.36e-02   2.46e-01 (  1.36e+02,  2.45e+02)
45      0.060   2.61e-01   1.86e-01   1.59e-01   5.25e-01   7.02e-01 (  1.19e+02,  2.35e+02)
50      0.080   2.67e-01   2.14e-01   1.25e-01   9.86e-01   1.62e+00 (  1.06e+02,  2.18e+02)
55      0.117   2.95e-01   3.35e-01   1.61e-01   2.24e+00   3.04e+00 (  9.97e+01,  1.99e+02)
60      0.151   3.44e-01   4.50e-01   2.34e-01   3.53e+00   4.75e+00 (  9.11e+01,  1.80e+02)
65      0.197   4.53e-01   5.69e-01   3.36e-01   4.85e+00   6.31e+00 (  9.01e+01,  1.63e+02)
70      0.246   5.93e-01   7.00e-01   4.37e-01   5.95e+00   7.34e+00 (  9.04e+01,  1.48e+02)
75      0.289   7.33e-01   8.39e-01   5.28e-01   6.78e+00   7.76e+00 (  8.99e+01,  1.34e+02)
80      0.322   8.48e-01   9.72e-01   6.12e-01   7.39e+00   7.71e+00 (  8.87e+01,  1.19e+02)
85      0.321   8.19e-01   1.06e+00   7.12e-01   6.86e+00   7.44e+00 (  8.15e+01,  1.05e+02)
90      0.687   1.56e+00   2.33e+00   1.56e+00   2.24e+01   7.10e+00 (  4.56e+02,  9.18e+01)
95      0.569   9.94e-01   1.43e+00   1.04e+00   4.72e+01   6.81e+00 (  7.57e+02,  7.87e+01)
12 n: 6.772e-04 e: 1.746e-02 i: 7.822e-03 :: e: 1.522e-01 i: 1.913e-01 :: n: 2.870e+01 e:23.990 i:27.814 v:4.993e+03
>>> tau_he = 5.000000, nhe(0)=3.497430e+00
 5   -385.086   8.50e-03   5.73e-01   2.54e-03  -1.27e-01   1.87e-07 (  4.19e+00,  5.94e+01)
10  -1842.745   5.81e-02   9.55e-02   2.88e-04  -2.72e+00   3.32e-06 (  4.46e+01,  1.18e+02)
15   -202.004   1.99e-01   1.20e-01   3.34e-02  -4.56e+00   4.05e-05 (  1.39e+02,  1.64e+02)
20    -15.654   1.73e-01   1.31e-01   1.16e-01  -4.23e+00   3.76e-04 (  1.15e+02,  1.98e+02)
25     -0.900   1.98e-01   1.67e-01   1.03e-02  -2.05e+00   2.72e-03 (  1.40e+02,  2.24e+02)
30      0.038   3.35e-01   2.88e-01   1.17e-01   2.34e-01   1.54e-02 (  2.36e+02,  2.41e+02)
35      0.010   2.79e-01   2.26e-01   7.99e-02   7.24e-02   6.91e-02 (  1.89e+02,  2.48e+02)
40      0.086   3.79e-01   4.12e-01   2.55e-01   6.15e-01   2.46e-01 (  2.37e+02,  2.45e+02)
45      0.105   3.88e-01   4.38e-01   2.92e-01   9.49e-01   7.02e-01 (  2.20e+02,  2.35e+02)
50      0.137   4.01e-01   5.06e-01   2.30e-01   1.74e+00   1.62e+00 (  2.01e+02,  2.18e+02)
55      0.147   4.25e-01   5.84e-01   2.74e-01   2.87e+00   3.04e+00 (  1.83e+02,  1.99e+02)
60      0.203   5.14e-01   6.83e-01   3.64e-01   4.84e+00   4.75e+00 (  1.76e+02,  1.80e+02)
65      0.277   6.71e-01   8.17e-01   5.00e-01   6.96e+00   6.31e+00 (  1.75e+02,  1.63e+02)
70      0.328   8.05e-01   9.26e-01   5.64e-01   8.07e+00   7.34e+00 (  1.62e+02,  1.48e+02)
75      0.347   8.69e-01   9.97e-01   5.93e-01   8.25e+00   7.76e+00 (  1.42e+02,  1.34e+02)
80      0.342   8.68e-01   1.03e+00   5.89e-01   7.88e+00   7.71e+00 (  1.23e+02,  1.19e+02)
85      0.280   7.10e-01   9.42e-01   5.81e-01   5.97e+00   7.44e+00 (  9.73e+01,  1.05e+02)
90      0.659   1.55e+00   2.29e+00   1.52e+00   2.15e+01   7.10e+00 (  4.86e+02,  9.18e+01)
95      0.569   9.94e-01   1.43e+00   1.04e+00   4.72e+01   6.81e+00 (  7.57e+02,  7.87e+01)
13 n: 5.019e-04 e: 1.935e-02 i: 6.451e-03 :: e: 7.096e-02 i: 9.205e-02 :: n: 2.847e+01 e:21.142 i:30.032 v:4.993e+03
>>> tau_he = 5.000000, nhe(0)=3.590436e+00
 5   -352.088   9.15e-03   6.29e-01   3.01e-03  -1.16e-01   1.87e-07 (  4.09e+00,  5.94e+01)
10  -1305.242   4.43e-02   6.06e-02  -1.20e-02  -1.93e+00   3.32e-06 (  3.05e+01,  1.18e+02)
15   -116.007   1.75e-01   7.52e-02   7.09e-03  -2.62e+00   4.05e-05 (  1.09e+02,  1.64e+02)
20     -8.710   1.74e-01   1.14e-01   5.01e-02  -2.35e+00   3.76e-04 (  1.04e+02,  1.98e+02)
25     -0.676   1.89e-01   1.24e-01   5.87e-02  -1.50e+00   2.72e-03 (  1.18e+02,  2.24e+02)
30     -0.102   2.12e-01   1.26e-01   4.70e-02  -5.50e-01   1.54e-02 (  1.28e+02,  2.41e+02)
35     -0.022   2.42e-01   1.45e-01   4.82e-02  -1.45e-01   6.91e-02 (  1.40e+02,  2.48e+02)
40     -0.001   2.75e-01   1.69e-01   1.12e-01  -5.15e-03   2.46e-01 (  1.44e+02,  2.45e+02)
45      0.056   2.69e-01   1.90e-01   1.67e-01   4.78e-01   7.02e-01 (  1.26e+02,  2.35e+02)
50      0.080   2.74e-01   2.21e-01   1.29e-01   1.01e+00   1.62e+00 (  1.13e+02,  2.18e+02)
55      0.120   3.04e-01   3.50e-01   1.66e-01   2.33e+00   3.04e+00 (  1.06e+02,  1.99e+02)
60      0.156   3.55e-01   4.67e-01   2.42e-01   3.69e+00   4.75e+00 (  9.68e+01,  1.80e+02)
65      0.203   4.65e-01   5.84e-01   3.46e-01   5.03e+00   6.31e+00 (  9.47e+01,  1.63e+02)
70      0.252   6.08e-01   7.15e-01   4.44e-01   6.15e+00   7.34e+00 (  9.44e+01,  1.48e+02)
75      0.294   7.46e-01   8.51e-01   5.32e-01   6.96e+00   7.76e+00 (  9.29e+01,  1.34e+02)
80      0.326   8.58e-01   9.80e-01   6.12e-01   7.53e+00   7.71e+00 (  9.10e+01,  1.19e+02)
85      0.322   8.19e-01   1.05e+00   7.04e-01   6.90e+00   7.44e+00 (  8.27e+01,  1.05e+02)
90      0.685   1.56e+00   2.32e+00   1.56e+00   2.23e+01   7.10e+00 (  4.56e+02,  9.18e+01)
95      0.569   9.94e-01   1.43e+00   1.04e+00   4.72e+01   6.81e+00 (  7.57e+02,  7.87e+01)
14 n: 5.402e-04 e: 1.424e-02 i: 5.584e-03 :: e: 1.266e-01 i: 1.620e-01 :: n: 2.873e+01 e:23.973 i:28.305 v:4.993e+03
>>> tau_he = 5.000000, nhe(0)=3.537657e+00
 5   -389.864   8.83e-03   5.99e-01   2.63e-03  -1.29e-01   1.87e-07 (  4.36e+00,  5.94e+01)
10  -1772.644   5.70e-02   9.08e-02  -5.03e-04  -2.63e+00   3.32e-06 (  4.35e+01,  1.18e+02)
15   -189.595   2.06e-01   1.25e-01   2.81e-02  -4.30e+00   4.05e-05 (  1.43e+02,  1.64e+02)
20    -16.147   1.78e-01   1.38e-01   6.94e-02  -4.38e+00   3.76e-04 (  1.22e+02,  1.98e+02)
25     -0.940   2.04e-01   1.69e-01  -2.00e-02  -2.12e+00   2.72e-03 (  1.47e+02,  2.24e+02)
30      0.051   3.61e-01   3.80e-01   2.24e-01   2.98e-01   1.54e-02 (  2.54e+02,  2.41e+02)
35      0.008   2.81e-01   2.24e-01   7.63e-02   5.92e-02   6.91e-02 (  1.90e+02,  2.48e+02)
40     -0.017   3.01e-01   2.48e-01   1.48e-01  -1.15e-01   2.46e-01 (  1.88e+02,  2.45e+02)
45      0.046   3.33e-01   3.20e-01   2.39e-01   4.13e-01   7.02e-01 (  1.88e+02,  2.35e+02)
50      0.137   4.03e-01   4.96e-01   2.24e-01   1.78e+00   1.62e+00 (  2.02e+02,  2.18e+02)
55      0.149   4.22e-01   5.77e-01   2.69e-01   2.95e+00   3.04e+00 (  1.82e+02,  1.99e+02)
60      0.204   5.10e-01   6.80e-01   3.63e-01   4.93e+00   4.75e+00 (  1.75e+02,  1.80e+02)
65      0.276   6.63e-01   8.09e-01   4.93e-01   6.98e+00   6.31e+00 (  1.72e+02,  1.63e+02)
70      0.327   7.99e-01   9.21e-01   5.60e-01   8.10e+00   7.34e+00 (  1.60e+02,  1.48e+02)
75      0.347   8.67e-01   9.96e-01   5.93e-01   8.30e+00   7.76e+00 (  1.40e+02,  1.34e+02)
80      0.344   8.74e-01   1.04e+00   5.94e-01   7.98e+00   7.71e+00 (  1.22e+02,  1.19e+02)
85      0.291   7.34e-01   9.60e-01   5.95e-01   6.24e+00   7.44e+00 (  9.90e+01,  1.05e+02)
90      0.660   1.55e+00   2.30e+00   1.52e+00   2.15e+01   7.10e+00 (  4.84e+02,  9.18e+01)
95      0.569   9.94e-01   1.43e+00   1.04e+00   4.72e+01   6.81e+00 (  7.57e+02,  7.87e+01)
15 n: 4.283e-04 e: 1.412e-02 i: 5.520e-03 :: e: 6.226e-02 i: 7.460e-02 :: n: 2.868e+01 e:21.506 i:30.320 v:4.993e+03
>>> tau_he = 5.000000, nhe(0)=3.649178e+00
 5   -364.373   9.34e-03   6.53e-01   3.00e-03  -1.20e-01   1.87e-07 (  4.26e+00,  5.94e+01)
10  -1311.626   4.45e-02   6.15e-02  -9.45e-03  -1.94e+00   3.32e-06 (  3.10e+01,  1.18e+02)
15   -120.367   1.83e-01   8.35e-02   5.53e-03  -2.73e+00   4.05e-05 (  1.15e+02,  1.64e+02)
20    -13.509   1.62e-01   9.95e-02   5.27e-02  -3.65e+00   3.76e-04 (  1.01e+02,  1.98e+02)
25     -0.741   1.93e-01   1.30e-01   3.60e-02  -1.63e+00   2.72e-03 (  1.26e+02,  2.24e+02)
30     -0.129   2.16e-01   1.27e-01   4.95e-02  -6.67e-01   1.54e-02 (  1.33e+02,  2.41e+02)
35      0.014   2.42e-01   1.47e-01   3.27e-02   1.00e-01   6.91e-02 (  1.44e+02,  2.48e+02)
40      0.018   2.71e-01   1.77e-01   1.03e-01   1.32e-01   2.46e-01 (  1.47e+02,  2.45e+02)
45      0.060   2.75e-01   1.99e-01   1.57e-01   5.45e-01   7.02e-01 (  1.34e+02,  2.35e+02)
50      0.118   3.25e-01   3.12e-01   1.58e-01   1.52e+00   1.62e+00 (  1.38e+02,  2.18e+02)
55      0.123   3.13e-01   3.66e-01   1.71e-01   2.42e+00   3.04e+00 (  1.12e+02,  1.99e+02)
60      0.160   3.68e-01   4.84e-01   2.51e-01   3.83e+00   4.75e+00 (  1.03e+02,  1.80e+02)
65      0.208   4.79e-01   6.01e-01   3.56e-01   5.21e+00   6.31e+00 (  1.00e+02,  1.63e+02)
70      0.258   6.22e-01   7.33e-01   4.54e-01   6.34e+00   7.34e+00 (  9.90e+01,  1.48e+02)
75      0.299   7.56e-01   8.66e-01   5.39e-01   7.11e+00   7.76e+00 (  9.65e+01,  1.34e+02)
80      0.329   8.62e-01   9.91e-01   6.15e-01   7.63e+00   7.71e+00 (  9.35e+01,  1.19e+02)
85      0.322   8.14e-01   1.06e+00   7.03e-01   6.92e+00   7.44e+00 (  8.43e+01,  1.05e+02)
90      0.683   1.55e+00   2.32e+00   1.56e+00   2.23e+01   7.10e+00 (  4.58e+02,  9.18e+01)
95      0.569   9.94e-01   1.43e+00   1.04e+00   4.72e+01   6.81e+00 (  7.57e+02,  7.87e+01)
16 n: 4.587e-04 e: 1.182e-02 i: 4.116e-03 :: e: 1.032e-01 i: 1.293e-01 :: n: 2.880e+01 e:24.084 i:28.787 v:4.993e+03
>>> tau_he = 5.000000, nhe(0)=3.581612e+00
 5   -398.309   9.15e-03   6.24e-01   2.70e-03  -1.31e-01   1.87e-07 (  4.53e+00,  5.94e+01)
10  -1726.336   5.64e-02   8.77e-02  -1.38e-03  -2.56e+00   3.32e-06 (  4.29e+01,  1.18e+02)
15   -188.516   2.13e-01   1.28e-01   2.47e-02  -4.28e+00   4.05e-05 (  1.47e+02,  1.64e+02)
20    -14.377   4.06e-01   5.00e-01   2.63e-01  -3.90e+00   3.76e-04 (  2.84e+02,  1.98e+02)
25     -0.611   3.68e-01   4.41e-01   2.81e-01  -1.36e+00   2.72e-03 (  2.70e+02,  2.24e+02)
30     -0.133   2.45e-01   1.72e-01   1.92e-02  -6.88e-01   1.54e-02 (  1.72e+02,  2.41e+02)
35      0.097   3.67e-01   3.66e-01   2.15e-01   6.88e-01   6.91e-02 (  2.52e+02,  2.48e+02)
40      0.078   3.68e-01   3.48e-01   2.22e-01   6.01e-01   2.46e-01 (  2.34e+02,  2.45e+02)
45      0.106   3.87e-01   4.22e-01   2.85e-01   9.84e-01   7.02e-01 (  2.23e+02,  2.35e+02)
50      0.136   4.03e-01   4.86e-01   2.20e-01   1.76e+00   1.62e+00 (  2.04e+02,  2.18e+02)
55      0.150   4.23e-01   5.72e-01   2.66e-01   2.98e+00   3.04e+00 (  1.84e+02,  1.99e+02)
60      0.206   5.10e-01   6.80e-01   3.61e-01   5.00e+00   4.75e+00 (  1.77e+02,  1.80e+02)
65      0.275   6.58e-01   8.07e-01   4.90e-01   6.99e+00   6.31e+00 (  1.71e+02,  1.63e+02)
70      0.326   7.93e-01   9.20e-01   5.59e-01   8.10e+00   7.34e+00 (  1.59e+02,  1.48e+02)
75      0.347   8.64e-01   9.97e-01   5.95e-01   8.32e+00   7.76e+00 (  1.39e+02,  1.34e+02)
80      0.346   8.75e-01   1.04e+00   6.01e-01   8.03e+00   7.71e+00 (  1.21e+02,  1.19e+02)
85      0.295   7.38e-01   9.75e-01   6.09e-01   6.33e+00   7.44e+00 (  9.91e+01,  1.05e+02)
90      0.661   1.55e+00   2.30e+00   1.53e+00   2.16e+01   7.10e+00 (  4.83e+02,  9.18e+01)
95      0.569   9.94e-01   1.43e+00   1.04e+00   4.72e+01   6.81e+00 (  7.57e+02,  7.87e+01)
17 n: 3.248e-04 e: 1.209e-02 i: 5.886e-03 :: e: 9.324e-02 i: 1.198e-01 :: n: 2.857e+01 e:21.728 i:30.331 v:4.993e+03
>>> tau_he = 5.000000, nhe(0)=3.627081e+00
 5   -371.037   9.31e-03   6.52e-01   2.99e-03  -1.22e-01   1.87e-07 (  4.28e+00,  5.94e+01)
10  -1359.488   4.58e-02   6.53e-02  -6.13e-03  -2.02e+00   3.32e-06 (  3.20e+01,  1.18e+02)
15   -122.152   1.88e-01   9.08e-02   5.61e-03  -2.77e+00   4.05e-05 (  1.17e+02,  1.64e+02)
20     -9.166   1.81e-01   1.19e-01   5.45e-02  -2.49e+00   3.76e-04 (  1.11e+02,  1.98e+02)
25     -0.760   1.95e-01   1.31e-01   6.29e-02  -1.71e+00   2.72e-03 (  1.25e+02,  2.24e+02)
30     -0.151   2.25e-01   1.36e-01   4.37e-02  -7.55e-01   1.54e-02 (  1.42e+02,  2.41e+02)
35     -0.038   2.58e-01   1.56e-01   5.00e-02  -2.30e-01   6.91e-02 (  1.56e+02,  2.48e+02)
40     -0.014   2.83e-01   1.87e-01   1.12e-01  -9.92e-02   2.46e-01 (  1.57e+02,  2.45e+02)
45      0.058   2.86e-01   2.06e-01   1.62e-01   5.10e-01   7.02e-01 (  1.42e+02,  2.35e+02)
50      0.121   3.36e-01   3.23e-01   1.63e-01   1.55e+00   1.62e+00 (  1.46e+02,  2.18e+02)
55      0.128   3.26e-01   3.83e-01   1.77e-01   2.53e+00   3.04e+00 (  1.21e+02,  1.99e+02)
60      0.166   3.82e-01   5.04e-01   2.62e-01   4.01e+00   4.75e+00 (  1.11e+02,  1.80e+02)
65      0.215   4.93e-01   6.21e-01   3.69e-01   5.40e+00   6.31e+00 (  1.06e+02,  1.63e+02)
70      0.265   6.35e-01   7.54e-01   4.66e-01   6.53e+00   7.34e+00 (  1.04e+02,  1.48e+02)
75      0.305   7.65e-01   8.85e-01   5.51e-01   7.27e+00   7.76e+00 (  1.01e+02,  1.34e+02)
80      0.334   8.64e-01   1.01e+00   6.24e-01   7.74e+00   7.71e+00 (  9.68e+01,  1.19e+02)
85      0.323   8.10e-01   1.07e+00   7.10e-01   6.97e+00   7.44e+00 (  8.68e+01,  1.05e+02)
90      0.683   1.55e+00   2.32e+00   1.56e+00   2.23e+01   7.10e+00 (  4.60e+02,  9.18e+01)
95      0.569   9.94e-01   1.43e+00   1.04e+00   4.72e+01   6.81e+00 (  7.57e+02,  7.87e+01)
18 n: 3.528e-04 e: 9.233e-03 i: 3.292e-03 :: e: 8.419e-02 i: 1.107e-01 :: n: 2.875e+01 e:23.942 i:28.949 v:4.993e+03
>>> tau_he = 5.000000, nhe(0)=3.581661e+00
 5   -396.887   9.27e-03   6.26e-01   2.73e-03  -1.31e-01   1.87e-07 (  4.56e+00,  5.94e+01)
10  -1702.897   5.61e-02   8.71e-02  -1.21e-03  -2.53e+00   3.32e-06 (  4.22e+01,  1.18e+02)
15   -178.598   2.14e-01   1.28e-01   2.49e-02  -4.07e+00   4.05e-05 (  1.43e+02,  1.64e+02)
20    -15.804   1.80e-01   1.32e-01   1.00e-01  -4.30e+00   3.76e-04 (  1.20e+02,  1.98e+02)
25     -0.950   2.02e-01   1.66e-01  -1.18e-03  -2.16e+00   2.72e-03 (  1.44e+02,  2.24e+02)
30      0.030   3.76e-01   3.89e-01   2.29e-01   1.62e-01   1.54e-02 (  2.65e+02,  2.41e+02)
35     -0.011   2.88e-01   2.19e-01   7.14e-02  -6.99e-02   6.91e-02 (  1.96e+02,  2.48e+02)
40      0.076   3.73e-01   3.46e-01   2.25e-01   5.68e-01   2.46e-01 (  2.35e+02,  2.45e+02)
45      0.049   3.37e-01   3.12e-01   2.37e-01   4.39e-01   7.02e-01 (  1.94e+02,  2.35e+02)
50      0.138   4.06e-01   4.79e-01   2.18e-01   1.76e+00   1.62e+00 (  2.06e+02,  2.18e+02)
55      0.152   4.26e-01   5.71e-01   2.64e-01   3.03e+00   3.04e+00 (  1.87e+02,  1.99e+02)
60      0.208   5.12e-01   6.84e-01   3.61e-01   5.06e+00   4.75e+00 (  1.79e+02,  1.80e+02)
65      0.275   6.55e-01   8.10e-01   4.89e-01   6.99e+00   6.31e+00 (  1.72e+02,  1.63e+02)
70      0.325   7.89e-01   9.24e-01   5.62e-01   8.10e+00   7.34e+00 (  1.59e+02,  1.48e+02)
75      0.347   8.60e-01   1.00e+00   6.01e-01   8.32e+00   7.76e+00 (  1.40e+02,  1.34e+02)
80      0.346   8.73e-01   1.05e+00   6.12e-01   8.06e+00   7.71e+00 (  1.22e+02,  1.19e+02)
85      0.297   7.42e-01   9.93e-01   6.26e-01   6.40e+00   7.44e+00 (  1.00e+02,  1.05e+02)
90      0.663   1.56e+00   2.30e+00   1.53e+00   2.16e+01   7.10e+00 (  4.84e+02,  9.18e+01)
95      0.569   9.94e-01   1.43e+00   1.04e+00   4.72e+01   6.81e+00 (  7.57e+02,  7.87e+01)
19 n: 3.463e-04 e: 8.542e-03 i: 3.646e-03 :: e: 6.607e-02 i: 7.918e-02 :: n: 2.861e+01 e:21.972 i:30.546 v:4.993e+03
>>> tau_he = 5.000000, nhe(0)=3.647683e+00
 5   -375.361   1.06e-02   6.68e-01   3.05e-03  -1.24e-01   1.87e-07 (  4.88e+00,  5.94e+01)
10  -1346.922   4.61e-02   6.38e-02  -7.24e-03  -2.00e+00   3.32e-06 (  3.22e+01,  1.18e+02)
15   -116.198   1.98e-01   9.47e-02   5.59e-03  -2.65e+00   4.05e-05 (  1.22e+02,  1.64e+02)
20    -13.668   1.68e-01   1.04e-01   5.93e-02  -3.72e+00   3.76e-04 (  1.05e+02,  1.98e+02)
25     -0.807   2.00e-01   1.38e-01   4.92e-02  -1.79e+00   2.72e-03 (  1.31e+02,  2.24e+02)
30     -0.146   2.26e-01   1.37e-01   5.18e-02  -7.46e-01   1.54e-02 (  1.43e+02,  2.41e+02)
35     -0.011   2.60e-01   1.59e-01   4.03e-02  -7.00e-02   6.91e-02 (  1.59e+02,  2.48e+02)
40     -0.018   2.89e-01   1.94e-01   1.16e-01  -1.24e-01   2.46e-01 (  1.62e+02,  2.45e+02)
45      0.061   2.92e-01   2.14e-01   1.61e-01   5.51e-01   7.02e-01 (  1.49e+02,  2.35e+02)
50      0.123   3.44e-01   3.33e-01   1.68e-01   1.56e+00   1.62e+00 (  1.53e+02,  2.18e+02)
55      0.131   3.37e-01   3.96e-01   1.83e-01   2.57e+00   3.04e+00 (  1.28e+02,  1.99e+02)
60      0.171   3.94e-01   5.20e-01   2.71e-01   4.11e+00   4.75e+00 (  1.18e+02,  1.80e+02)
65      0.220   5.05e-01   6.39e-01   3.79e-01   5.53e+00   6.31e+00 (  1.12e+02,  1.63e+02)
70      0.271   6.46e-01   7.73e-01   4.77e-01   6.68e+00   7.34e+00 (  1.09e+02,  1.48e+02)
75      0.310   7.71e-01   9.02e-01   5.61e-01   7.39e+00   7.76e+00 (  1.05e+02,  1.34e+02)
80      0.337   8.63e-01   1.02e+00   6.33e-01   7.81e+00   7.71e+00 (  9.99e+01,  1.19e+02)
85      0.324   8.03e-01   1.08e+00   7.18e-01   6.98e+00   7.44e+00 (  8.92e+01,  1.05e+02)
90      0.682   1.56e+00   2.33e+00   1.57e+00   2.23e+01   7.10e+00 (  4.65e+02,  9.18e+01)
95      0.569   9.94e-01   1.43e+00   1.04e+00   4.72e+01   6.81e+00 (  7.57e+02,  7.87e+01)
20 n: 2.696e-04 e: 7.355e-03 i: 2.480e-03 :: e: 7.297e-02 i: 9.501e-02 :: n: 2.877e+01 e:23.982 i:29.371 v:4.993e+03
>>> tau_he = 5.000000, nhe(0)=3.613813e+00
 5   -401.784   9.55e-03   6.47e-01   2.79e-03  -1.33e-01   1.87e-07 (  4.70e+00,  5.94e+01)
10  -1658.669   5.55e-02   8.44e-02  -1.85e-03  -2.48e+00   3.32e-06 (  4.16e+01,  1.18e+02)
15   -176.351   2.18e-01   1.30e-01   2.20e-02  -4.03e+00   4.05e-05 (  1.45e+02,  1.64e+02)
20    -16.502   1.88e-01   1.37e-01   8.65e-02  -4.50e+00   3.76e-04 (  1.29e+02,  1.98e+02)
25     -0.924   2.14e-01   1.66e-01  -2.38e-02  -2.08e+00   2.72e-03 (  1.55e+02,  2.24e+02)
30     -0.110   2.47e-01   1.69e-01   9.22e-03  -6.09e-01   1.54e-02 (  1.73e+02,  2.41e+02)
35      0.004   2.87e-01   2.15e-01   5.88e-02   3.19e-02   6.91e-02 (  1.96e+02,  2.48e+02)
40      0.076   3.75e-01   3.43e-01   2.23e-01   5.55e-01   2.46e-01 (  2.37e+02,  2.45e+02)
45      0.057   3.38e-01   3.10e-01   2.30e-01   5.28e-01   7.02e-01 (  1.96e+02,  2.35e+02)
50      0.138   4.06e-01   4.72e-01   2.16e-01   1.76e+00   1.62e+00 (  2.07e+02,  2.18e+02)
55      0.152   4.25e-01   5.65e-01   2.61e-01   3.02e+00   3.04e+00 (  1.88e+02,  1.99e+02)
60      0.207   5.09e-01   6.81e-01   3.56e-01   5.03e+00   4.75e+00 (  1.79e+02,  1.80e+02)
65      0.273   6.48e-01   8.06e-01   4.86e-01   6.92e+00   6.31e+00 (  1.71e+02,  1.63e+02)
70      0.323   7.81e-01   9.22e-01   5.62e-01   8.03e+00   7.34e+00 (  1.58e+02,  1.48e+02)
75      0.345   8.54e-01   1.00e+00   6.05e-01   8.27e+00   7.76e+00 (  1.39e+02,  1.34e+02)
80      0.346   8.70e-01   1.06e+00   6.20e-01   8.04e+00   7.71e+00 (  1.22e+02,  1.19e+02)
85      0.299   7.44e-01   1.01e+00   6.40e-01   6.44e+00   7.44e+00 (  1.01e+02,  1.05e+02)
90      0.664   1.56e+00   2.31e+00   1.54e+00   2.17e+01   7.10e+00 (  4.85e+02,  9.18e+01)
95      0.569   9.94e-01   1.43e+00   1.04e+00   4.72e+01   6.81e+00 (  7.57e+02,  7.87e+01)
21 n: 2.682e-04 e: 6.344e-03 i: 2.755e-03 :: e: 5.259e-02 i: 6.380e-02 :: n: 2.866e+01 e:22.267 i:30.887 v:4.993e+03
>>> tau_he = 5.000000, nhe(0)=3.676974e+00
 5   -383.139   1.08e-02   6.90e-01   3.09e-03  -1.27e-01   1.87e-07 (  5.01e+00,  5.94e+01)
10  -1341.750   4.82e-02   6.31e-02  -7.37e-03  -2.00e+00   3.32e-06 (  3.38e+01,  1.18e+02)
15   -161.499   2.00e-01   9.68e-02   1.06e-02  -3.69e+00   4.05e-05 (  1.24e+02,  1.64e+02)
20    -14.370   1.74e-01   1.12e-01   5.82e-02  -3.92e+00   3.76e-04 (  1.12e+02,  1.98e+02)
25     -0.779   2.08e-01   1.42e-01   1.56e-02  -1.78e+00   2.72e-03 (  1.40e+02,  2.24e+02)
30     -0.095   2.31e-01   1.39e-01   2.46e-02  -5.51e-01   1.54e-02 (  1.50e+02,  2.41e+02)
35     -0.005   2.66e-01   1.65e-01   3.53e-02  -2.99e-02   6.91e-02 (  1.65e+02,  2.48e+02)
40     -0.023   2.94e-01   1.99e-01   1.02e-01  -1.53e-01   2.46e-01 (  1.67e+02,  2.45e+02)
45      0.063   2.99e-01   2.23e-01   1.62e-01   5.75e-01   7.02e-01 (  1.55e+02,  2.35e+02)
50      0.125   3.52e-01   3.43e-01   1.72e-01   1.58e+00   1.62e+00 (  1.59e+02,  2.18e+02)
55      0.133   3.46e-01   4.08e-01   1.88e-01   2.61e+00   3.04e+00 (  1.34e+02,  1.99e+02)
60      0.174   4.04e-01   5.34e-01   2.78e-01   4.19e+00   4.75e+00 (  1.23e+02,  1.80e+02)
65      0.219   5.01e-01   6.42e-01   3.76e-01   5.49e+00   6.31e+00 (  1.14e+02,  1.63e+02)
70      0.275   6.55e-01   7.88e-01   4.86e-01   6.79e+00   7.34e+00 (  1.14e+02,  1.48e+02)
75      0.313   7.75e-01   9.16e-01   5.69e-01   7.47e+00   7.76e+00 (  1.08e+02,  1.34e+02)
80      0.338   8.60e-01   1.03e+00   6.39e-01   7.85e+00   7.71e+00 (  1.02e+02,  1.19e+02)
85      0.324   7.96e-01   1.08e+00   7.22e-01   6.97e+00   7.44e+00 (  9.11e+01,  1.05e+02)
90      0.682   1.56e+00   2.33e+00   1.57e+00   2.22e+01   7.10e+00 (  4.68e+02,  9.18e+01)
95      0.569   9.94e-01   1.43e+00   1.04e+00   4.72e+01   6.81e+00 (  7.57e+02,  7.87e+01)
22 n: 2.502e-04 e: 5.832e-03 i: 1.843e-03 :: e: 5.995e-02 i: 7.936e-02 :: n: 2.882e+01 e:24.080 i:29.868 v:4.993e+03
>>> tau_he = 5.000000, nhe(0)=3.652401e+00
 5   -409.252   9.90e-03   6.72e-01   2.86e-03  -1.36e-01   1.87e-07 (  4.88e+00,  5.94e+01)
10  -1618.831   5.52e-02   8.21e-02  -2.51e-03  -2.42e+00   3.32e-06 (  4.13e+01,  1.18e+02)
15   -174.778   2.23e-01   1.30e-01   1.91e-02  -4.00e+00   4.05e-05 (  1.48e+02,  1.64e+02)
20    -16.051   1.99e-01   1.44e-01   4.13e-02  -4.39e+00   3.76e-04 (  1.39e+02,  1.98e+02)
25     -0.839   2.22e-01   1.68e-01  -5.20e-02  -1.93e+00   2.72e-03 (  1.63e+02,  2.24e+02)
30      0.049   3.74e-01   3.33e-01   1.32e-01   3.01e-01   1.54e-02 (  2.67e+02,  2.41e+02)
35      0.105   3.75e-01   3.62e-01   2.00e-01   7.72e-01   6.91e-02 (  2.57e+02,  2.48e+02)
40     -0.028   3.03e-01   2.41e-01   1.21e-01  -2.06e-01   2.46e-01 (  1.91e+02,  2.45e+02)
45      0.116   3.94e-01   4.14e-01   2.77e-01   1.08e+00   7.02e-01 (  2.29e+02,  2.35e+02)
50      0.138   4.08e-01   4.66e-01   2.20e-01   1.74e+00   1.62e+00 (  2.07e+02,  2.18e+02)
55      0.152   4.25e-01   5.59e-01   2.58e-01   3.00e+00   3.04e+00 (  1.88e+02,  1.99e+02)
60      0.206   5.06e-01   6.77e-01   3.53e-01   5.00e+00   4.75e+00 (  1.78e+02,  1.80e+02)
65      0.271   6.43e-01   8.04e-01   4.83e-01   6.89e+00   6.31e+00 (  1.70e+02,  1.63e+02)
70      0.320   7.73e-01   9.20e-01   5.61e-01   7.97e+00   7.34e+00 (  1.57e+02,  1.48e+02)
75      0.343   8.47e-01   1.00e+00   6.07e-01   8.22e+00   7.76e+00 (  1.38e+02,  1.34e+02)
80      0.346   8.66e-01   1.06e+00   6.26e-01   8.02e+00   7.71e+00 (  1.22e+02,  1.19e+02)
85      0.301   7.45e-01   1.02e+00   6.52e-01   6.47e+00   7.44e+00 (  1.02e+02,  1.05e+02)
90      0.666   1.56e+00   2.31e+00   1.54e+00   2.17e+01   7.10e+00 (  4.86e+02,  9.18e+01)
95      0.569   9.94e-01   1.43e+00   1.04e+00   4.72e+01   6.81e+00 (  7.57e+02,  7.87e+01)
23 n: 2.831e-04 e: 5.106e-03 i: 2.313e-03 :: e: 6.555e-02 i: 7.922e-02 :: n: 2.864e+01 e:22.516 i:31.111 v:4.993e+03
>>> tau_he = 5.000000, nhe(0)=3.685914e+00
 5   -393.053   1.10e-02   7.02e-01   3.12e-03  -1.31e-01   1.87e-07 (  5.13e+00,  5.94e+01)
10  -1363.199   4.91e-02   6.45e-02  -6.36e-03  -2.04e+00   3.32e-06 (  3.46e+01,  1.18e+02)
15   -162.495   2.06e-01   1.03e-01   1.15e-02  -3.72e+00   4.05e-05 (  1.28e+02,  1.64e+02)
20    -14.997   1.81e-01   1.19e-01   6.21e-02  -4.10e+00   3.76e-04 (  1.19e+02,  1.98e+02)
25     -0.774   2.16e-01   1.45e-01  -1.39e-02  -1.73e+00   2.72e-03 (  1.48e+02,  2.24e+02)
30     -0.143   2.36e-01   1.44e-01   3.45e-02  -7.34e-01   1.54e-02 (  1.53e+02,  2.41e+02)
35     -0.001   2.65e-01   1.65e-01   3.39e-02  -3.99e-03   6.91e-02 (  1.66e+02,  2.48e+02)
40      0.010   2.98e-01   2.07e-01   1.04e-01   7.26e-02   2.46e-01 (  1.73e+02,  2.45e+02)
45      0.044   3.08e-01   2.34e-01   1.77e-01   3.94e-01   7.02e-01 (  1.63e+02,  2.35e+02)
50      0.128   3.61e-01   3.53e-01   1.78e-01   1.59e+00   1.62e+00 (  1.66e+02,  2.18e+02)
55      0.136   3.55e-01   4.21e-01   1.94e-01   2.66e+00   3.04e+00 (  1.40e+02,  1.99e+02)
60      0.178   4.14e-01   5.49e-01   2.86e-01   4.27e+00   4.75e+00 (  1.29e+02,  1.80e+02)
65      0.223   5.11e-01   6.58e-01   3.85e-01   5.60e+00   6.31e+00 (  1.19e+02,  1.63e+02)
70      0.279   6.64e-01   8.03e-01   4.95e-01   6.89e+00   7.34e+00 (  1.18e+02,  1.48e+02)
75      0.316   7.78e-01   9.29e-01   5.77e-01   7.54e+00   7.76e+00 (  1.11e+02,  1.34e+02)
80      0.340   8.58e-01   1.04e+00   6.45e-01   7.88e+00   7.71e+00 (  1.05e+02,  1.19e+02)
85      0.324   7.90e-01   1.09e+00   7.26e-01   6.97e+00   7.44e+00 (  9.29e+01,  1.05e+02)
90      0.682   1.56e+00   2.33e+00   1.57e+00   2.22e+01   7.10e+00 (  4.70e+02,  9.18e+01)
95      0.569   9.94e-01   1.43e+00   1.04e+00   4.72e+01   6.81e+00 (  7.57e+02,  7.87e+01)
24 n: 1.983e-04 e: 4.317e-03 i: 1.430e-03 :: e: 5.024e-02 i: 6.694e-02 :: n: 2.878e+01 e:24.048 i:30.184 v:4.993e+03
>>> tau_he = 5.000000, nhe(0)=3.664131e+00
 5   -414.086   1.01e-02   6.84e-01   2.91e-03  -1.38e-01   1.87e-07 (  5.00e+00,  5.94e+01)
10  -1599.421   5.51e-02   8.13e-02  -2.61e-03  -2.40e+00   3.32e-06 (  4.10e+01,  1.18e+02)
15   -171.396   2.26e-01   1.31e-01   1.74e-02  -3.93e+00   4.05e-05 (  1.48e+02,  1.64e+02)
20    -15.226   4.28e-01   5.26e-01   2.36e-01  -4.17e+00   3.76e-04 (  3.00e+02,  1.98e+02)
25     -0.644   3.83e-01   4.54e-01   2.56e-01  -1.46e+00   2.72e-03 (  2.82e+02,  2.24e+02)
30     -0.110   2.52e-01   1.68e-01  -1.49e-03  -6.10e-01   1.54e-02 (  1.77e+02,  2.41e+02)
35     -0.009   2.62e-01   1.88e-01   3.92e-02  -6.51e-02   6.91e-02 (  1.78e+02,  2.48e+02)
40      0.092   3.70e-01   3.38e-01   2.04e-01   7.35e-01   2.46e-01 (  2.34e+02,  2.45e+02)
45      0.057   3.41e-01   3.04e-01   2.24e-01   5.20e-01   7.02e-01 (  1.97e+02,  2.35e+02)
50      0.139   4.08e-01   4.61e-01   2.14e-01   1.73e+00   1.62e+00 (  2.07e+02,  2.18e+02)
55      0.153   4.25e-01   5.55e-01   2.56e-01   3.00e+00   3.04e+00 (  1.88e+02,  1.99e+02)
60      0.206   5.04e-01   6.75e-01   3.51e-01   4.97e+00   4.75e+00 (  1.77e+02,  1.80e+02)
65      0.270   6.38e-01   8.02e-01   4.81e-01   6.84e+00   6.31e+00 (  1.69e+02,  1.63e+02)
70      0.319   7.67e-01   9.19e-01   5.61e-01   7.91e+00   7.34e+00 (  1.56e+02,  1.48e+02)
75      0.342   8.41e-01   1.01e+00   6.10e-01   8.18e+00   7.76e+00 (  1.38e+02,  1.34e+02)
80      0.345   8.63e-01   1.07e+00   6.34e-01   8.01e+00   7.71e+00 (  1.22e+02,  1.19e+02)
85      0.303   7.47e-01   1.03e+00   6.64e-01   6.50e+00   7.44e+00 (  1.02e+02,  1.05e+02)
90      0.667   1.56e+00   2.31e+00   1.55e+00   2.18e+01   7.10e+00 (  4.86e+02,  9.18e+01)
95      0.569   9.94e-01   1.43e+00   1.04e+00   4.72e+01   6.81e+00 (  7.57e+02,  7.87e+01)
25 n: 2.100e-04 e: 4.719e-03 i: 4.532e-03 :: e: 8.062e-02 i: 9.884e-02 :: n: 2.869e+01 e:22.597 i:30.937 v:4.993e+03
>>> tau_he = 5.000000, nhe(0)=3.686388e+00
 5   -395.626   1.09e-02   6.92e-01   3.09e-03  -1.32e-01   1.87e-07 (  5.15e+00,  5.94e+01)
10  -1410.130   5.09e-02   6.88e-02  -3.73e-03  -2.12e+00   3.32e-06 (  3.62e+01,  1.18e+02)
15   -159.109   2.06e-01   1.04e-01   1.17e-02  -3.65e+00   4.05e-05 (  1.26e+02,  1.64e+02)
20    -14.164   1.75e-01   1.09e-01   6.47e-02  -3.88e+00   3.76e-04 (  1.10e+02,  1.98e+02)
25     -0.712   2.00e-01   1.44e-01   4.99e-02  -1.63e+00   2.72e-03 (  1.34e+02,  2.24e+02)
30     -0.071   2.39e-01   1.44e-01   1.18e-02  -4.20e-01   1.54e-02 (  1.58e+02,  2.41e+02)
35      0.009   2.72e-01   1.73e-01   2.62e-02   6.66e-02   6.91e-02 (  1.74e+02,  2.48e+02)
40     -0.000   3.05e-01   2.12e-01   9.97e-02  -1.83e-03   2.46e-01 (  1.79e+02,  2.45e+02)
45      0.049   3.13e-01   2.41e-01   1.75e-01   4.50e-01   7.02e-01 (  1.67e+02,  2.35e+02)
50      0.130   3.67e-01   3.63e-01   1.82e-01   1.62e+00   1.62e+00 (  1.70e+02,  2.18e+02)
55      0.139   3.63e-01   4.32e-01   1.98e-01   2.69e+00   3.04e+00 (  1.45e+02,  1.99e+02)
60      0.181   4.22e-01   5.60e-01   2.93e-01   4.32e+00   4.75e+00 (  1.34e+02,  1.80e+02)
65      0.227   5.20e-01   6.71e-01   3.93e-01   5.68e+00   6.31e+00 (  1.23e+02,  1.63e+02)
70      0.283   6.72e-01   8.16e-01   5.03e-01   6.97e+00   7.34e+00 (  1.22e+02,  1.48e+02)
75      0.319   7.81e-01   9.40e-01   5.84e-01   7.60e+00   7.76e+00 (  1.14e+02,  1.34e+02)
80      0.341   8.56e-01   1.05e+00   6.50e-01   7.90e+00   7.71e+00 (  1.07e+02,  1.19e+02)
85      0.323   7.87e-01   1.09e+00   7.31e-01   6.96e+00   7.44e+00 (  9.49e+01,  1.05e+02)
90      0.681   1.56e+00   2.33e+00   1.57e+00   2.22e+01   7.10e+00 (  4.73e+02,  9.18e+01)
95      0.569   9.94e-01   1.43e+00   1.04e+00   4.72e+01   6.81e+00 (  7.57e+02,  7.87e+01)
26 n: 1.669e-04 e: 3.338e-03 i: 1.168e-03 :: e: 4.736e-02 i: 6.290e-02 :: n: 2.878e+01 e:23.903 i:30.097 v:4.993e+03
>>> tau_he = 5.000000, nhe(0)=3.659491e+00
 5   -407.864   1.01e-02   6.76e-01   2.89e-03  -1.36e-01   1.87e-07 (  4.93e+00,  5.94e+01)
10  -1580.538   5.49e-02   8.03e-02  -2.52e-03  -2.37e+00   3.32e-06 (  4.04e+01,  1.18e+02)
15   -162.442   2.23e-01   1.27e-01   1.91e-02  -3.73e+00   4.05e-05 (  1.42e+02,  1.64e+02)
20    -15.956   1.89e-01   1.32e-01   8.97e-02  -4.38e+00   3.76e-04 (  1.26e+02,  1.98e+02)
25     -0.902   2.14e-01   1.64e-01  -3.53e-03  -2.08e+00   2.72e-03 (  1.52e+02,  2.24e+02)
30      0.045   3.81e-01   3.35e-01   1.27e-01   2.69e-01   1.54e-02 (  2.70e+02,  2.41e+02)
35      0.109   3.79e-01   3.61e-01   1.93e-01   8.06e-01   6.91e-02 (  2.60e+02,  2.48e+02)
40      0.066   3.73e-01   3.40e-01   2.03e-01   5.19e-01   2.46e-01 (  2.36e+02,  2.45e+02)
45      0.118   3.96e-01   4.08e-01   2.68e-01   1.11e+00   7.02e-01 (  2.30e+02,  2.35e+02)
50      0.140   4.09e-01   4.59e-01   2.14e-01   1.74e+00   1.62e+00 (  2.07e+02,  2.18e+02)
55      0.153   4.26e-01   5.51e-01   2.55e-01   2.98e+00   3.04e+00 (  1.88e+02,  1.99e+02)
60      0.205   5.02e-01   6.72e-01   3.49e-01   4.93e+00   4.75e+00 (  1.77e+02,  1.80e+02)
65      0.269   6.34e-01   8.01e-01   4.80e-01   6.80e+00   6.31e+00 (  1.69e+02,  1.63e+02)
70      0.317   7.62e-01   9.19e-01   5.61e-01   7.86e+00   7.34e+00 (  1.55e+02,  1.48e+02)
75      0.341   8.37e-01   1.01e+00   6.13e-01   8.15e+00   7.76e+00 (  1.38e+02,  1.34e+02)
80      0.345   8.60e-01   1.07e+00   6.40e-01   8.00e+00   7.71e+00 (  1.22e+02,  1.19e+02)
85      0.304   7.49e-01   1.04e+00   6.75e-01   6.53e+00   7.44e+00 (  1.03e+02,  1.05e+02)
90      0.669   1.56e+00   2.32e+00   1.55e+00   2.18e+01   7.10e+00 (  4.87e+02,  9.18e+01)
95      0.569   9.94e-01   1.43e+00   1.04e+00   4.72e+01   6.81e+00 (  7.57e+02,  7.87e+01)
27 n: 1.894e-04 e: 3.155e-03 i: 1.501e-03 :: e: 6.823e-02 i: 8.109e-02 :: n: 2.850e+01 e:22.681 i:30.996 v:4.993e+03
>>> tau_he = 5.000000, nhe(0)=3.650524e+00
 5   -393.297   1.08e-02   6.95e-01   3.09e-03  -1.31e-01   1.87e-07 (  5.06e+00,  5.94e+01)
10  -1389.866   4.93e-02   6.68e-02  -5.44e-03  -2.09e+00   3.32e-06 (  3.45e+01,  1.18e+02)
15   -157.011   2.11e-01   1.07e-01   1.32e-02  -3.61e+00   4.05e-05 (  1.28e+02,  1.64e+02)
20    -14.447   1.81e-01   1.18e-01   6.63e-02  -3.96e+00   3.76e-04 (  1.15e+02,  1.98e+02)
25     -0.732   2.06e-01   1.49e-01   2.43e-02  -1.65e+00   2.72e-03 (  1.39e+02,  2.24e+02)
30     -0.152   2.41e-01   1.51e-01   3.30e-02  -7.64e-01   1.54e-02 (  1.57e+02,  2.41e+02)
35     -0.023   2.76e-01   1.75e-01   4.41e-02  -1.45e-01   6.91e-02 (  1.74e+02,  2.48e+02)
40     -0.010   3.09e-01   2.16e-01   1.07e-01  -6.94e-02   2.46e-01 (  1.81e+02,  2.45e+02)
45      0.044   3.17e-01   2.44e-01   1.83e-01   3.86e-01   7.02e-01 (  1.71e+02,  2.35e+02)
50      0.132   3.74e-01   3.70e-01   1.86e-01   1.62e+00   1.62e+00 (  1.75e+02,  2.18e+02)
55      0.142   3.74e-01   4.51e-01   2.10e-01   2.74e+00   3.04e+00 (  1.52e+02,  1.99e+02)
60      0.183   4.30e-01   5.71e-01   2.99e-01   4.37e+00   4.75e+00 (  1.38e+02,  1.80e+02)
65      0.237   5.44e-01   6.96e-01   4.13e-01   5.93e+00   6.31e+00 (  1.31e+02,  1.63e+02)
70      0.286   6.78e-01   8.28e-01   5.10e-01   7.04e+00   7.34e+00 (  1.25e+02,  1.48e+02)
75      0.321   7.84e-01   9.50e-01   5.91e-01   7.64e+00   7.76e+00 (  1.17e+02,  1.34e+02)
80      0.342   8.54e-01   1.06e+00   6.55e-01   7.92e+00   7.71e+00 (  1.09e+02,  1.19e+02)
85      0.322   7.81e-01   1.10e+00   7.33e-01   6.93e+00   7.44e+00 (  9.63e+01,  1.05e+02)
90      0.681   1.56e+00   2.33e+00   1.57e+00   2.22e+01   7.10e+00 (  4.75e+02,  9.18e+01)
95      0.569   9.94e-01   1.43e+00   1.04e+00   4.72e+01   6.81e+00 (  7.57e+02,  7.87e+01)
28 n: 1.151e-04 e: 2.309e-03 i: 9.110e-04 :: e: 3.891e-02 i: 5.363e-02 :: n: 2.863e+01 e:23.781 i:30.331 v:4.993e+03
>>> tau_he = 5.000000, nhe(0)=3.641769e+00
 5   -408.609   1.02e-02   6.83e-01   2.94e-03  -1.37e-01   1.87e-07 (  4.98e+00,  5.94e+01)
10  -1562.157   5.41e-02   7.94e-02  -2.47e-03  -2.35e+00   3.32e-06 (  3.95e+01,  1.18e+02)
15   -159.409   2.25e-01   1.30e-01   1.82e-02  -3.67e+00   4.05e-05 (  1.42e+02,  1.64e+02)
20    -15.896   1.94e-01   1.36e-01   8.03e-02  -4.37e+00   3.76e-04 (  1.31e+02,  1.98e+02)
25     -0.905   2.18e-01   1.67e-01  -2.72e-02  -2.06e+00   2.72e-03 (  1.55e+02,  2.24e+02)
30     -0.110   2.52e-01   1.68e-01   1.45e-03  -5.93e-01   1.54e-02 (  1.74e+02,  2.41e+02)
35     -0.001   2.89e-01   2.06e-01   5.17e-02  -7.50e-03   6.91e-02 (  1.93e+02,  2.48e+02)
40     -0.016   3.01e-01   2.34e-01   1.10e-01  -1.18e-01   2.46e-01 (  1.87e+02,  2.45e+02)
45      0.053   3.38e-01   2.96e-01   2.23e-01   4.85e-01   7.02e-01 (  1.93e+02,  2.35e+02)
50      0.141   4.07e-01   4.51e-01   2.12e-01   1.72e+00   1.62e+00 (  2.03e+02,  2.18e+02)
55      0.153   4.22e-01   5.44e-01   2.54e-01   2.95e+00   3.04e+00 (  1.85e+02,  1.99e+02)
60      0.203   4.96e-01   6.66e-01   3.50e-01   4.87e+00   4.75e+00 (  1.74e+02,  1.80e+02)
65      0.266   6.26e-01   7.93e-01   4.75e-01   6.69e+00   6.31e+00 (  1.66e+02,  1.63e+02)
70      0.315   7.54e-01   9.15e-01   5.59e-01   7.78e+00   7.34e+00 (  1.54e+02,  1.48e+02)
75      0.340   8.32e-01   1.01e+00   6.15e-01   8.10e+00   7.76e+00 (  1.37e+02,  1.34e+02)
80      0.345   8.57e-01   1.07e+00   6.45e-01   7.98e+00   7.71e+00 (  1.22e+02,  1.19e+02)
85      0.306   7.50e-01   1.05e+00   6.84e-01   6.56e+00   7.44e+00 (  1.04e+02,  1.05e+02)
90      0.670   1.56e+00   2.32e+00   1.55e+00   2.19e+01   7.10e+00 (  4.86e+02,  9.18e+01)
95      0.569   9.94e-01   1.43e+00   1.04e+00   4.72e+01   6.81e+00 (  7.57e+02,  7.87e+01)
29 n: 1.299e-04 e: 2.053e-03 i: 8.309e-04 :: e: 3.605e-02 i: 4.436e-02 :: n: 2.869e+01 e:22.816 i:31.171 v:4.993e+03
>>> tau_he = 5.000000, nhe(0)=3.700508e+00
 5   -398.608   1.10e-02   7.10e-01   3.12e-03  -1.34e-01   1.87e-07 (  5.20e+00,  5.94e+01)
10  -1382.076   4.97e-02   6.69e-02  -4.95e-03  -2.08e+00   3.32e-06 (  3.52e+01,  1.18e+02)
15   -158.061   2.15e-01   1.09e-01   1.19e-02  -3.64e+00   4.05e-05 (  1.30e+02,  1.64e+02)
20    -15.043   1.89e-01   1.22e-01   6.74e-02  -4.14e+00   3.76e-04 (  1.23e+02,  1.98e+02)
25     -0.722   2.16e-01   1.49e-01  -1.21e-02  -1.66e+00   2.72e-03 (  1.49e+02,  2.24e+02)
30     -0.077   2.42e-01   1.49e-01   6.93e-03  -4.46e-01   1.54e-02 (  1.61e+02,  2.41e+02)
35      0.018   2.70e-01   1.75e-01   2.62e-02   1.37e-01   6.91e-02 (  1.72e+02,  2.48e+02)
40      0.024   2.83e-01   1.97e-01   8.77e-02   1.93e-01   2.46e-01 (  1.67e+02,  2.45e+02)
45      0.051   3.16e-01   2.49e-01   1.81e-01   4.70e-01   7.02e-01 (  1.70e+02,  2.35e+02)
50      0.132   3.75e-01   3.75e-01   1.88e-01   1.61e+00   1.62e+00 (  1.75e+02,  2.18e+02)
55      0.140   3.72e-01   4.44e-01   2.07e-01   2.69e+00   3.04e+00 (  1.51e+02,  1.99e+02)
60      0.183   4.33e-01   5.75e-01   3.01e-01   4.35e+00   4.75e+00 (  1.40e+02,  1.80e+02)
65      0.237   5.47e-01   7.00e-01   4.16e-01   5.92e+00   6.31e+00 (  1.33e+02,  1.63e+02)
70      0.287   6.81e-01   8.33e-01   5.13e-01   7.06e+00   7.34e+00 (  1.27e+02,  1.48e+02)
75      0.322   7.85e-01   9.54e-01   5.92e-01   7.65e+00   7.76e+00 (  1.18e+02,  1.34e+02)
80      0.342   8.50e-01   1.06e+00   6.54e-01   7.89e+00   7.71e+00 (  1.10e+02,  1.19e+02)
85      0.320   7.74e-01   1.09e+00   7.27e-01   6.87e+00   7.44e+00 (  9.67e+01,  1.05e+02)
90      0.680   1.56e+00   2.33e+00   1.57e+00   2.22e+01   7.10e+00 (  4.76e+02,  9.18e+01)
95      0.569   9.94e-01   1.43e+00   1.04e+00   4.72e+01   6.81e+00 (  7.57e+02,  7.87e+01)
30 n: 7.240e-05 e: 1.958e-03 i: 6.224e-04 :: e: 3.701e-02 i: 4.900e-02 :: n: 2.867e+01 e:23.864 i:30.566 v:4.993e+03
>>> tau_he = 5.000000, nhe(0)=3.663029e+00
 5   -412.870   1.04e-02   6.97e-01   2.98e-03  -1.38e-01   1.87e-07 (  5.08e+00,  5.94e+01)
10  -1536.304   5.41e-02   7.73e-02  -3.16e-03  -2.31e+00   3.32e-06 (  3.95e+01,  1.18e+02)
15   -168.325   2.25e-01   1.26e-01   1.75e-02  -3.88e+00   4.05e-05 (  1.41e+02,  1.64e+02)
20    -15.566   2.03e-01   1.40e-01   7.57e-02  -4.28e+00   3.76e-04 (  1.38e+02,  1.98e+02)
25     -0.821   2.24e-01   1.68e-01  -4.56e-02  -1.90e+00   2.72e-03 (  1.62e+02,  2.24e+02)
30      0.026   3.86e-01   3.37e-01   1.33e-01   1.43e-01   1.54e-02 (  2.71e+02,  2.41e+02)
35     -0.005   2.93e-01   2.09e-01   4.81e-02  -3.32e-02   6.91e-02 (  1.99e+02,  2.48e+02)
40      0.095   3.70e-01   3.33e-01   1.95e-01   7.72e-01   2.46e-01 (  2.34e+02,  2.45e+02)
45      0.062   3.38e-01   2.97e-01   2.10e-01   5.79e-01   7.02e-01 (  1.95e+02,  2.35e+02)
50      0.139   4.05e-01   4.47e-01   2.10e-01   1.70e+00   1.62e+00 (  2.02e+02,  2.18e+02)
55      0.150   4.14e-01   5.25e-01   2.45e-01   2.87e+00   3.04e+00 (  1.80e+02,  1.99e+02)
60      0.201   4.90e-01   6.57e-01   3.45e-01   4.78e+00   4.75e+00 (  1.71e+02,  1.80e+02)
65      0.262   6.17e-01   7.83e-01   4.69e-01   6.58e+00   6.31e+00 (  1.62e+02,  1.63e+02)
70      0.312   7.47e-01   9.06e-01   5.55e-01   7.69e+00   7.34e+00 (  1.51e+02,  1.48e+02)
75      0.338   8.26e-01   1.00e+00   6.12e-01   8.03e+00   7.76e+00 (  1.35e+02,  1.34e+02)
80      0.344   8.54e-01   1.07e+00   6.45e-01   7.94e+00   7.71e+00 (  1.20e+02,  1.19e+02)
85      0.306   7.50e-01   1.05e+00   6.86e-01   6.56e+00   7.44e+00 (  1.03e+02,  1.05e+02)
90      0.671   1.56e+00   2.32e+00   1.55e+00   2.19e+01   7.10e+00 (  4.85e+02,  9.18e+01)
95      0.569   9.94e-01   1.43e+00   1.04e+00   4.72e+01   6.81e+00 (  7.57e+02,  7.87e+01)
31 n: 9.498e-05 e: 1.807e-03 i: 8.377e-04 :: e: 4.083e-02 i: 4.746e-02 :: n: 2.856e+01 e:22.914 i:31.320 v:4.993e+03
>>> tau_he = 5.000000, nhe(0)=3.680218e+00
 5   -402.116   1.11e-02   7.15e-01   3.14e-03  -1.35e-01   1.87e-07 (  5.23e+00,  5.94e+01)
10  -1388.490   4.98e-02   6.74e-02  -5.13e-03  -2.09e+00   3.32e-06 (  3.51e+01,  1.18e+02)
15   -157.136   2.18e-01   1.12e-01   1.26e-02  -3.62e+00   4.05e-05 (  1.31e+02,  1.64e+02)
20    -15.222   1.89e-01   1.28e-01   6.73e-02  -4.19e+00   3.76e-04 (  1.25e+02,  1.98e+02)
25     -0.745   2.21e-01   1.53e-01  -2.56e-02  -1.69e+00   2.72e-03 (  1.53e+02,  2.24e+02)
30     -0.109   2.44e-01   1.52e-01   2.08e-02  -5.76e-01   1.54e-02 (  1.61e+02,  2.41e+02)
35     -0.004   2.80e-01   1.82e-01   3.57e-02  -2.50e-02   6.91e-02 (  1.79e+02,  2.48e+02)
40     -0.019   2.90e-01   2.04e-01   9.34e-02  -1.40e-01   2.46e-01 (  1.73e+02,  2.45e+02)
45      0.057   3.19e-01   2.54e-01   1.81e-01   5.32e-01   7.02e-01 (  1.74e+02,  2.35e+02)
50      0.134   3.78e-01   3.82e-01   1.91e-01   1.63e+00   1.62e+00 (  1.77e+02,  2.18e+02)
55      0.143   3.80e-01   4.62e-01   2.16e-01   2.73e+00   3.04e+00 (  1.55e+02,  1.99e+02)
60      0.184   4.36e-01   5.82e-01   3.05e-01   4.38e+00   4.75e+00 (  1.42e+02,  1.80e+02)
65      0.238   5.50e-01   7.05e-01   4.19e-01   5.95e+00   6.31e+00 (  1.34e+02,  1.63e+02)
70      0.289   6.84e-01   8.38e-01   5.16e-01   7.09e+00   7.34e+00 (  1.28e+02,  1.48e+02)
75      0.323   7.86e-01   9.57e-01   5.93e-01   7.66e+00   7.76e+00 (  1.19e+02,  1.34e+02)
80      0.342   8.49e-01   1.06e+00   6.54e-01   7.89e+00   7.71e+00 (  1.10e+02,  1.19e+02)
85      0.319   7.72e-01   1.09e+00   7.25e-01   6.84e+00   7.44e+00 (  9.72e+01,  1.05e+02)
90      0.680   1.56e+00   2.33e+00   1.57e+00   2.22e+01   7.10e+00 (  4.77e+02,  9.18e+01)
95      0.569   9.94e-01   1.43e+00   1.04e+00   4.72e+01   6.81e+00 (  7.57e+02,  7.87e+01)
32 n: 6.851e-05 e: 1.450e-03 i: 5.086e-04 :: e: 3.151e-02 i: 4.042e-02 :: n: 2.868e+01 e:23.811 i:30.769 v:4.993e+03
>>> tau_he = 5.000000, nhe(0)=3.676982e+00
 5   -415.226   1.06e-02   7.06e-01   3.02e-03  -1.39e-01   1.87e-07 (  5.17e+00,  5.94e+01)
10  -1525.790   5.39e-02   7.74e-02  -2.99e-03  -2.30e+00   3.32e-06 (  3.93e+01,  1.18e+02)
15   -157.079   2.28e-01   1.28e-01   1.54e-02  -3.63e+00   4.05e-05 (  1.43e+02,  1.64e+02)
20    -15.775   2.06e-01   1.47e-01   3.48e-02  -4.35e+00   3.76e-04 (  1.42e+02,  1.98e+02)
25     -0.827   2.26e-01   1.69e-01  -5.85e-02  -1.90e+00   2.72e-03 (  1.64e+02,  2.24e+02)
30     -0.094   2.53e-01   1.66e-01  -6.78e-03  -5.33e-01   1.54e-02 (  1.76e+02,  2.41e+02)
35     -0.008   2.66e-01   1.86e-01   3.39e-02  -5.86e-02   6.91e-02 (  1.79e+02,  2.48e+02)
40      0.093   3.71e-01   3.32e-01   1.98e-01   7.34e-01   2.46e-01 (  2.33e+02,  2.45e+02)
45      0.120   3.92e-01   3.99e-01   2.60e-01   1.13e+00   7.02e-01 (  2.25e+02,  2.35e+02)
50      0.140   4.04e-01   4.44e-01   2.09e-01   1.70e+00   1.62e+00 (  2.00e+02,  2.18e+02)
55      0.149   4.12e-01   5.21e-01   2.44e-01   2.85e+00   3.04e+00 (  1.78e+02,  1.99e+02)
60      0.199   4.87e-01   6.52e-01   3.42e-01   4.74e+00   4.75e+00 (  1.69e+02,  1.80e+02)
65      0.260   6.12e-01   7.78e-01   4.65e-01   6.52e+00   6.31e+00 (  1.61e+02,  1.63e+02)
70      0.310   7.42e-01   9.02e-01   5.53e-01   7.64e+00   7.34e+00 (  1.50e+02,  1.48e+02)
75      0.337   8.22e-01   9.99e-01   6.11e-01   8.00e+00   7.76e+00 (  1.34e+02,  1.34e+02)
80      0.343   8.52e-01   1.07e+00   6.45e-01   7.93e+00   7.71e+00 (  1.20e+02,  1.19e+02)
85      0.306   7.51e-01   1.05e+00   6.89e-01   6.57e+00   7.44e+00 (  1.03e+02,  1.05e+02)
90      0.671   1.56e+00   2.32e+00   1.55e+00   2.19e+01   7.10e+00 (  4.85e+02,  9.18e+01)
95      0.569   9.94e-01   1.43e+00   1.04e+00   4.72e+01   6.81e+00 (  7.57e+02,  7.87e+01)
33 n: 1.693e-04 e: 1.275e-03 i: 5.793e-04 :: e: 3.609e-02 i: 4.489e-02 :: n: 2.857e+01 e:23.033 i:31.409 v:4.993e+03
>>> tau_he = 5.000000, nhe(0)=3.687489e+00
 5   -404.767   1.11e-02   7.22e-01   3.15e-03  -1.36e-01   1.87e-07 (  5.28e+00,  5.94e+01)
10  -1388.840   5.00e-02   6.77e-02  -5.15e-03  -2.10e+00   3.32e-06 (  3.54e+01,  1.18e+02)
15   -156.876   2.20e-01   1.13e-01   1.28e-02  -3.63e+00   4.05e-05 (  1.33e+02,  1.64e+02)
20    -14.665   1.94e-01   1.32e-01   6.30e-02  -4.05e+00   3.76e-04 (  1.29e+02,  1.98e+02)
25     -0.734   2.22e-01   1.55e-01  -3.81e-02  -1.70e+00   2.72e-03 (  1.56e+02,  2.24e+02)
30     -0.061   2.45e-01   1.53e-01  -6.22e-03  -3.69e-01   1.54e-02 (  1.65e+02,  2.41e+02)
35      0.009   2.82e-01   1.87e-01   3.11e-02   6.30e-02   6.91e-02 (  1.83e+02,  2.48e+02)
40     -0.033   2.94e-01   2.08e-01   1.01e-01  -2.27e-01   2.46e-01 (  1.75e+02,  2.45e+02)
45      0.045   3.23e-01   2.55e-01   1.94e-01   3.94e-01   7.02e-01 (  1.75e+02,  2.35e+02)
50      0.134   3.80e-01   3.86e-01   1.91e-01   1.60e+00   1.62e+00 (  1.79e+02,  2.18e+02)
55      0.143   3.83e-01   4.67e-01   2.18e-01   2.73e+00   3.04e+00 (  1.57e+02,  1.99e+02)
60      0.185   4.41e-01   5.86e-01   3.03e-01   4.39e+00   4.75e+00 (  1.44e+02,  1.80e+02)
65      0.240   5.54e-01   7.10e-01   4.21e-01   5.97e+00   6.31e+00 (  1.36e+02,  1.63e+02)
70      0.290   6.88e-01   8.42e-01   5.18e-01   7.12e+00   7.34e+00 (  1.30e+02,  1.48e+02)
75      0.324   7.87e-01   9.60e-01   5.95e-01   7.68e+00   7.76e+00 (  1.20e+02,  1.34e+02)
80      0.342   8.48e-01   1.06e+00   6.53e-01   7.89e+00   7.71e+00 (  1.11e+02,  1.19e+02)
85      0.318   7.70e-01   1.09e+00   7.23e-01   6.82e+00   7.44e+00 (  9.76e+01,  1.05e+02)
90      0.680   1.56e+00   2.33e+00   1.57e+00   2.22e+01   7.10e+00 (  4.77e+02,  9.18e+01)
95      0.569   9.94e-01   1.43e+00   1.04e+00   4.72e+01   6.81e+00 (  7.57e+02,  7.87e+01)
34 n: 7.584e-05 e: 1.038e-03 i: 3.638e-04 :: e: 2.657e-02 i: 3.518e-02 :: n: 2.865e+01 e:23.787 i:30.968 v:4.993e+03
>>> tau_he = 5.000000, nhe(0)=3.682114e+00
 5   -416.286   1.07e-02   7.14e-01   3.05e-03  -1.40e-01   1.87e-07 (  5.23e+00,  5.94e+01)
10  -1504.738   5.35e-02   7.61e-02  -3.27e-03  -2.28e+00   3.32e-06 (  3.89e+01,  1.18e+02)
15   -164.074   2.27e-01   1.25e-01   1.51e-02  -3.80e+00   4.05e-05 (  1.41e+02,  1.64e+02)
20    -15.846   2.09e-01   1.48e-01   2.63e-02  -4.38e+00   3.76e-04 (  1.44e+02,  1.98e+02)
25     -0.627   3.86e-01   4.55e-01   2.30e-01  -1.46e+00   2.72e-03 (  2.81e+02,  2.24e+02)
30      0.062   3.80e-01   3.82e-01   1.83e-01   3.81e-01   1.54e-02 (  2.67e+02,  2.41e+02)
35      0.111   3.78e-01   3.56e-01   1.89e-01   8.07e-01   6.91e-02 (  2.56e+02,  2.48e+02)
40      0.061   3.72e-01   3.34e-01   2.01e-01   4.62e-01   2.46e-01 (  2.33e+02,  2.45e+02)
45      0.053   3.36e-01   2.90e-01   2.17e-01   4.87e-01   7.02e-01 (  1.91e+02,  2.35e+02)
50      0.139   4.02e-01   4.38e-01   2.08e-01   1.67e+00   1.62e+00 (  1.97e+02,  2.18e+02)
55      0.149   4.09e-01   5.16e-01   2.42e-01   2.83e+00   3.04e+00 (  1.76e+02,  1.99e+02)
60      0.198   4.83e-01   6.47e-01   3.39e-01   4.71e+00   4.75e+00 (  1.67e+02,  1.80e+02)
65      0.258   6.07e-01   7.73e-01   4.62e-01   6.47e+00   6.31e+00 (  1.58e+02,  1.63e+02)
70      0.308   7.38e-01   8.98e-01   5.50e-01   7.60e+00   7.34e+00 (  1.48e+02,  1.48e+02)
75      0.335   8.20e-01   9.96e-01   6.10e-01   7.97e+00   7.76e+00 (  1.33e+02,  1.34e+02)
80      0.343   8.51e-01   1.07e+00   6.46e-01   7.92e+00   7.71e+00 (  1.19e+02,  1.19e+02)
85      0.307   7.52e-01   1.06e+00   6.91e-01   6.59e+00   7.44e+00 (  1.02e+02,  1.05e+02)
90      0.672   1.56e+00   2.32e+00   1.56e+00   2.19e+01   7.10e+00 (  4.84e+02,  9.18e+01)
95      0.569   9.94e-01   1.43e+00   1.04e+00   4.72e+01   6.81e+00 (  7.57e+02,  7.87e+01)
35 n: 7.469e-05 e: 1.187e-03 i: 1.264e-03 :: e: 5.647e-02 i: 7.197e-02 :: n: 2.846e+01 e:23.036 i:31.202 v:4.993e+03
>>> tau_he = 5.000000, nhe(0)=3.655503e+00
 5   -406.536   1.10e-02   7.06e-01   3.12e-03  -1.37e-01   1.87e-07 (  5.24e+00,  5.94e+01)
10  -1441.786   5.19e-02   7.20e-02  -3.36e-03  -2.18e+00   3.32e-06 (  3.67e+01,  1.18e+02)
15   -155.004   2.22e-01   1.17e-01   1.13e-02  -3.59e+00   4.05e-05 (  1.34e+02,  1.64e+02)
20    -14.639   1.97e-01   1.35e-01   6.38e-02  -4.04e+00   3.76e-04 (  1.31e+02,  1.98e+02)
25     -0.705   2.10e-01   1.52e-01   1.51e-02  -1.60e+00   2.72e-03 (  1.44e+02,  2.24e+02)
30     -0.154   2.45e-01   1.55e-01   3.05e-02  -7.87e-01   1.54e-02 (  1.62e+02,  2.41e+02)
35     -0.025   2.84e-01   1.86e-01   4.53e-02  -1.54e-01   6.91e-02 (  1.83e+02,  2.48e+02)
40     -0.032   2.95e-01   2.09e-01   1.00e-01  -2.27e-01   2.46e-01 (  1.77e+02,  2.45e+02)
45      0.055   3.23e-01   2.60e-01   1.88e-01   5.07e-01   7.02e-01 (  1.77e+02,  2.35e+02)
50      0.136   3.83e-01   3.92e-01   1.93e-01   1.63e+00   1.62e+00 (  1.81e+02,  2.18e+02)
55      0.144   3.85e-01   4.72e-01   2.20e-01   2.75e+00   3.04e+00 (  1.58e+02,  1.99e+02)
60      0.186   4.44e-01   5.91e-01   3.06e-01   4.41e+00   4.75e+00 (  1.46e+02,  1.80e+02)
65      0.241   5.58e-01   7.15e-01   4.25e-01   6.01e+00   6.31e+00 (  1.38e+02,  1.63e+02)
70      0.291   6.91e-01   8.47e-01   5.21e-01   7.15e+00   7.34e+00 (  1.31e+02,  1.48e+02)
75      0.325   7.89e-01   9.63e-01   5.97e-01   7.70e+00   7.76e+00 (  1.21e+02,  1.34e+02)
80      0.342   8.47e-01   1.06e+00   6.54e-01   7.89e+00   7.71e+00 (  1.12e+02,  1.19e+02)
85      0.317   7.68e-01   1.09e+00   7.21e-01   6.81e+00   7.44e+00 (  9.81e+01,  1.05e+02)
90      0.679   1.56e+00   2.33e+00   1.57e+00   2.22e+01   7.10e+00 (  4.78e+02,  9.18e+01)
95      0.569   9.94e-01   1.43e+00   1.04e+00   4.72e+01   6.81e+00 (  7.57e+02,  7.87e+01)
36 n: 5.215e-05 e: 6.030e-04 i: 3.038e-04 :: e: 2.825e-02 i: 3.525e-02 :: n: 2.859e+01 e:23.546 i:30.780 v:4.993e+03
>>> tau_he = 5.000000, nhe(0)=3.657206e+00
 5   -410.016   1.06e-02   6.98e-01   3.03e-03  -1.38e-01   1.87e-07 (  5.15e+00,  5.94e+01)
10  -1510.720   5.36e-02   7.72e-02  -2.56e-03  -2.29e+00   3.32e-06 (  3.86e+01,  1.18e+02)
15   -150.322   2.27e-01   1.29e-01   1.50e-02  -3.48e+00   4.05e-05 (  1.39e+02,  1.64e+02)
20    -15.293   2.06e-01   1.46e-01   1.73e-02  -4.23e+00   3.76e-04 (  1.40e+02,  1.98e+02)
25     -0.870   2.14e-01   1.63e-01  -1.43e-02  -2.00e+00   2.72e-03 (  1.50e+02,  2.24e+02)
30     -0.100   2.48e-01   1.63e-01   8.77e-03  -5.51e-01   1.54e-02 (  1.68e+02,  2.41e+02)
35      0.001   2.87e-01   2.01e-01   4.70e-02   6.02e-03   6.91e-02 (  1.89e+02,  2.48e+02)
40     -0.013   3.00e-01   2.29e-01   1.04e-01  -1.01e-01   2.46e-01 (  1.85e+02,  2.45e+02)
45      0.063   3.34e-01   2.90e-01   2.07e-01   5.93e-01   7.02e-01 (  1.89e+02,  2.35e+02)
50      0.140   4.00e-01   4.35e-01   2.07e-01   1.68e+00   1.62e+00 (  1.95e+02,  2.18e+02)
55      0.149   4.07e-01   5.12e-01   2.40e-01   2.83e+00   3.04e+00 (  1.74e+02,  1.99e+02)
60      0.197   4.79e-01   6.43e-01   3.36e-01   4.68e+00   4.75e+00 (  1.65e+02,  1.80e+02)
65      0.257   6.03e-01   7.68e-01   4.59e-01   6.43e+00   6.31e+00 (  1.57e+02,  1.63e+02)
70      0.307   7.34e-01   8.95e-01   5.48e-01   7.57e+00   7.34e+00 (  1.47e+02,  1.48e+02)
75      0.335   8.17e-01   9.94e-01   6.09e-01   7.95e+00   7.76e+00 (  1.33e+02,  1.34e+02)
80      0.343   8.50e-01   1.07e+00   6.47e-01   7.92e+00   7.71e+00 (  1.19e+02,  1.19e+02)
85      0.308   7.53e-01   1.06e+00   6.94e-01   6.60e+00   7.44e+00 (  1.02e+02,  1.05e+02)
90      0.672   1.56e+00   2.32e+00   1.56e+00   2.19e+01   7.10e+00 (  4.84e+02,  9.18e+01)
95      0.569   9.94e-01   1.43e+00   1.04e+00   4.72e+01   6.81e+00 (  7.57e+02,  7.87e+01)
37 n: 4.534e-05 e: 6.074e-04 i: 2.430e-04 :: e: 2.319e-02 i: 2.789e-02 :: n: 2.866e+01 e:23.036 i:31.185 v:4.993e+03
>>> tau_he = 5.000000, nhe(0)=3.694516e+00
 5   -403.673   1.10e-02   7.13e-01   3.12e-03  -1.36e-01   1.87e-07 (  5.26e+00,  5.94e+01)
10  -1407.771   5.07e-02   6.96e-02  -4.05e-03  -2.13e+00   3.32e-06 (  3.60e+01,  1.18e+02)
15   -153.238   2.21e-01   1.13e-01   1.03e-02  -3.55e+00   4.05e-05 (  1.33e+02,  1.64e+02)
20    -14.664   1.97e-01   1.34e-01   6.18e-02  -4.06e+00   3.76e-04 (  1.32e+02,  1.98e+02)
25     -0.685   2.13e-01   1.51e-01  -1.10e-02  -1.59e+00   2.72e-03 (  1.47e+02,  2.24e+02)
30     -0.075   2.42e-01   1.52e-01   9.27e-03  -4.40e-01   1.54e-02 (  1.62e+02,  2.41e+02)
35      0.018   2.76e-01   1.83e-01   2.92e-02   1.31e-01   6.91e-02 (  1.78e+02,  2.48e+02)
40      0.024   2.89e-01   2.07e-01   9.04e-02   1.93e-01   2.46e-01 (  1.74e+02,  2.45e+02)
45      0.058   3.21e-01   2.63e-01   1.88e-01   5.44e-01   7.02e-01 (  1.76e+02,  2.35e+02)
50      0.134   3.82e-01   3.93e-01   1.94e-01   1.61e+00   1.62e+00 (  1.80e+02,  2.18e+02)
55      0.143   3.85e-01   4.73e-01   2.22e-01   2.72e+00   3.04e+00 (  1.58e+02,  1.99e+02)
60      0.186   4.45e-01   5.93e-01   3.07e-01   4.40e+00   4.75e+00 (  1.46e+02,  1.80e+02)
65      0.242   5.61e-01   7.17e-01   4.26e-01   6.02e+00   6.31e+00 (  1.39e+02,  1.63e+02)
70      0.292   6.94e-01   8.49e-01   5.22e-01   7.17e+00   7.34e+00 (  1.32e+02,  1.48e+02)
75      0.325   7.90e-01   9.64e-01   5.96e-01   7.71e+00   7.76e+00 (  1.22e+02,  1.34e+02)
80      0.341   8.46e-01   1.06e+00   6.51e-01   7.87e+00   7.71e+00 (  1.12e+02,  1.19e+02)
85      0.316   7.65e-01   1.08e+00   7.17e-01   6.78e+00   7.44e+00 (  9.81e+01,  1.05e+02)
90      0.679   1.56e+00   2.33e+00   1.57e+00   2.21e+01   7.10e+00 (  4.78e+02,  9.18e+01)
95      0.569   9.94e-01   1.43e+00   1.04e+00   4.72e+01   6.81e+00 (  7.57e+02,  7.87e+01)
38 n: 2.526e-05 e: 5.813e-04 i: 1.933e-04 :: e: 2.628e-02 i: 3.163e-02 :: n: 2.862e+01 e:23.600 i:30.870 v:4.993e+03
>>> tau_he = 5.000000, nhe(0)=3.670108e+00
 5   -410.642   1.07e-02   7.06e-01   3.04e-03  -1.38e-01   1.87e-07 (  5.17e+00,  5.94e+01)
10  -1484.043   5.26e-02   7.46e-02  -3.42e-03  -2.25e+00   3.32e-06 (  3.79e+01,  1.18e+02)
15   -158.689   2.24e-01   1.23e-01   1.53e-02  -3.68e+00   4.05e-05 (  1.37e+02,  1.64e+02)
20    -15.502   2.07e-01   1.47e-01   2.00e-02  -4.28e+00   3.76e-04 (  1.42e+02,  1.98e+02)
25     -0.879   2.18e-01   1.64e-01  -2.78e-02  -2.05e+00   2.72e-03 (  1.55e+02,  2.24e+02)
30     -0.100   2.53e-01   1.64e-01  -5.22e-03  -5.57e-01   1.54e-02 (  1.75e+02,  2.41e+02)
35     -0.003   2.91e-01   2.03e-01   4.51e-02  -1.72e-02   6.91e-02 (  1.94e+02,  2.48e+02)
40      0.095   3.67e-01   3.26e-01   1.90e-01   7.70e-01   2.46e-01 (  2.30e+02,  2.45e+02)
45      0.064   3.34e-01   2.90e-01   2.03e-01   6.02e-01   7.02e-01 (  1.90e+02,  2.35e+02)
50      0.138   3.94e-01   4.31e-01   2.05e-01   1.66e+00   1.62e+00 (  1.92e+02,  2.18e+02)
55      0.147   4.04e-01   5.05e-01   2.38e-01   2.79e+00   3.04e+00 (  1.72e+02,  1.99e+02)
60      0.195   4.75e-01   6.36e-01   3.33e-01   4.63e+00   4.75e+00 (  1.62e+02,  1.80e+02)
65      0.255   5.98e-01   7.62e-01   4.55e-01   6.37e+00   6.31e+00 (  1.55e+02,  1.63e+02)
70      0.305   7.30e-01   8.88e-01   5.45e-01   7.52e+00   7.34e+00 (  1.45e+02,  1.48e+02)
75      0.333   8.14e-01   9.89e-01   6.06e-01   7.92e+00   7.76e+00 (  1.31e+02,  1.34e+02)
80      0.342   8.49e-01   1.06e+00   6.45e-01   7.90e+00   7.71e+00 (  1.18e+02,  1.19e+02)
85      0.308   7.53e-01   1.06e+00   6.93e-01   6.61e+00   7.44e+00 (  1.02e+02,  1.05e+02)
90      0.673   1.56e+00   2.32e+00   1.56e+00   2.19e+01   7.10e+00 (  4.83e+02,  9.18e+01)
95      0.569   9.94e-01   1.43e+00   1.04e+00   4.72e+01   6.81e+00 (  7.57e+02,  7.87e+01)
39 n: 5.538e-05 e: 5.124e-04 i: 2.925e-04 :: e: 1.955e-02 i: 2.483e-02 :: n: 2.857e+01 e:23.109 i:31.341 v:4.993e+03
>>> tau_he = 5.000000, nhe(0)=3.684233e+00
 5   -405.178   1.11e-02   7.20e-01   3.14e-03  -1.36e-01   1.87e-07 (  5.27e+00,  5.94e+01)
10  -1398.622   5.02e-02   6.88e-02  -4.69e-03  -2.12e+00   3.32e-06 (  3.55e+01,  1.18e+02)
15   -152.139   2.22e-01   1.14e-01   1.11e-02  -3.53e+00   4.05e-05 (  1.33e+02,  1.64e+02)
20    -14.771   2.00e-01   1.37e-01   6.22e-02  -4.08e+00   3.76e-04 (  1.34e+02,  1.98e+02)
25     -0.726   2.23e-01   1.56e-01  -3.03e-02  -1.70e+00   2.72e-03 (  1.56e+02,  2.24e+02)
30     -0.066   2.48e-01   1.56e-01  -1.03e-02  -3.99e-01   1.54e-02 (  1.68e+02,  2.41e+02)
35     -0.004   2.84e-01   1.91e-01   3.91e-02  -2.44e-02   6.91e-02 (  1.85e+02,  2.48e+02)
40     -0.021   2.95e-01   2.13e-01   9.77e-02  -1.53e-01   2.46e-01 (  1.78e+02,  2.45e+02)
45      0.058   3.23e-01   2.66e-01   1.90e-01   5.44e-01   7.02e-01 (  1.78e+02,  2.35e+02)
50      0.135   3.83e-01   3.96e-01   1.95e-01   1.61e+00   1.62e+00 (  1.81e+02,  2.18e+02)
55      0.144   3.87e-01   4.76e-01   2.23e-01   2.72e+00   3.04e+00 (  1.59e+02,  1.99e+02)
60      0.187   4.47e-01   5.95e-01   3.09e-01   4.42e+00   4.75e+00 (  1.47e+02,  1.80e+02)
65      0.242   5.63e-01   7.19e-01   4.28e-01   6.04e+00   6.31e+00 (  1.39e+02,  1.63e+02)
70      0.293   6.96e-01   8.51e-01   5.23e-01   7.19e+00   7.34e+00 (  1.33e+02,  1.48e+02)
75      0.325   7.91e-01   9.64e-01   5.96e-01   7.72e+00   7.76e+00 (  1.22e+02,  1.34e+02)
80      0.341   8.46e-01   1.06e+00   6.50e-01   7.87e+00   7.71e+00 (  1.12e+02,  1.19e+02)
85      0.315   7.63e-01   1.08e+00   7.13e-01   6.76e+00   7.44e+00 (  9.80e+01,  1.05e+02)
90      0.678   1.56e+00   2.33e+00   1.57e+00   2.21e+01   7.10e+00 (  4.78e+02,  9.18e+01)
95      0.569   9.94e-01   1.43e+00   1.04e+00   4.72e+01   6.81e+00 (  7.57e+02,  7.87e+01)
40 n: 3.439e-05 e: 4.579e-04 i: 1.457e-04 :: e: 1.981e-02 i: 2.589e-02 :: n: 2.869e+01 e:23.619 i:31.080 v:4.993e+03
>>> tau_he = 5.000000, nhe(0)=3.695804e+00
 5   -414.225   1.09e-02   7.18e-01   3.08e-03  -1.40e-01   1.87e-07 (  5.27e+00,  5.94e+01)
10  -1473.819   5.28e-02   7.44e-02  -3.41e-03  -2.24e+00   3.32e-06 (  3.82e+01,  1.18e+02)
15   -158.463   2.26e-01   1.23e-01   1.36e-02  -3.68e+00   4.05e-05 (  1.38e+02,  1.64e+02)
20    -14.945   4.32e-01   5.30e-01   2.01e-01  -4.14e+00   3.76e-04 (  2.96e+02,  1.98e+02)
25     -0.631   2.27e-01   1.61e-01  -5.12e-02  -1.49e+00   2.72e-03 (  1.64e+02,  2.24e+02)
30      0.062   3.75e-01   3.25e-01   1.02e-01   3.99e-01   1.54e-02 (  2.62e+02,  2.41e+02)
35     -0.008   2.65e-01   1.84e-01   3.16e-02  -5.52e-02   6.91e-02 (  1.78e+02,  2.48e+02)
40      0.092   3.68e-01   3.25e-01   1.93e-01   7.24e-01   2.46e-01 (  2.29e+02,  2.45e+02)
45      0.064   3.34e-01   2.89e-01   2.02e-01   6.06e-01   7.02e-01 (  1.89e+02,  2.35e+02)
50      0.138   3.93e-01   4.29e-01   2.05e-01   1.65e+00   1.62e+00 (  1.91e+02,  2.18e+02)
55      0.146   4.02e-01   5.03e-01   2.37e-01   2.77e+00   3.04e+00 (  1.71e+02,  1.99e+02)
60      0.195   4.73e-01   6.34e-01   3.31e-01   4.62e+00   4.75e+00 (  1.61e+02,  1.80e+02)
65      0.254   5.96e-01   7.58e-01   4.53e-01   6.35e+00   6.31e+00 (  1.53e+02,  1.63e+02)
70      0.304   7.27e-01   8.85e-01   5.43e-01   7.50e+00   7.34e+00 (  1.44e+02,  1.48e+02)
75      0.333   8.13e-01   9.87e-01   6.05e-01   7.90e+00   7.76e+00 (  1.31e+02,  1.34e+02)
80      0.342   8.49e-01   1.06e+00   6.45e-01   7.90e+00   7.71e+00 (  1.18e+02,  1.19e+02)
85      0.308   7.49e-01   1.06e+00   6.93e-01   6.61e+00   7.44e+00 (  1.01e+02,  1.05e+02)
90      0.673   1.56e+00   2.32e+00   1.56e+00   2.20e+01   7.10e+00 (  4.83e+02,  9.18e+01)
95      0.569   9.94e-01   1.43e+00   1.04e+00   4.72e+01   6.81e+00 (  7.57e+02,  7.87e+01)
41 n: 4.962e-05 e: 6.814e-04 i: 1.814e-03 :: e: 5.039e-02 i: 6.042e-02 :: n: 2.858e+01 e:23.126 i:31.140 v:4.993e+03
>>> tau_he = 5.000000, nhe(0)=3.676244e+00
 5   -406.298   1.10e-02   7.08e-01   3.11e-03  -1.37e-01   1.87e-07 (  5.27e+00,  5.94e+01)
10  -1441.410   5.20e-02   7.25e-02  -3.22e-03  -2.19e+00   3.32e-06 (  3.70e+01,  1.18e+02)
15   -150.452   2.19e-01   1.12e-01   1.24e-02  -3.50e+00   4.05e-05 (  1.31e+02,  1.64e+02)
20    -14.774   1.90e-01   1.24e-01   7.59e-02  -4.09e+00   3.76e-04 (  1.23e+02,  1.98e+02)
25     -0.742   2.24e-01   1.57e-01  -2.90e-02  -1.72e+00   2.72e-03 (  1.56e+02,  2.24e+02)
30     -0.068   2.48e-01   1.56e-01  -6.71e-03  -4.08e-01   1.54e-02 (  1.68e+02,  2.41e+02)
35      0.008   2.87e-01   1.94e-01   3.23e-02   5.85e-02   6.91e-02 (  1.89e+02,  2.48e+02)
40     -0.029   2.98e-01   2.15e-01   9.96e-02  -2.04e-01   2.46e-01 (  1.81e+02,  2.45e+02)
45      0.059   3.26e-01   2.69e-01   1.91e-01   5.47e-01   7.02e-01 (  1.81e+02,  2.35e+02)
50      0.137   3.86e-01   4.01e-01   1.93e-01   1.63e+00   1.62e+00 (  1.83e+02,  2.18e+02)
55      0.145   3.90e-01   4.80e-01   2.25e-01   2.74e+00   3.04e+00 (  1.61e+02,  1.99e+02)
60      0.188   4.49e-01   6.00e-01   3.11e-01   4.44e+00   4.75e+00 (  1.48e+02,  1.80e+02)
65      0.243   5.65e-01   7.23e-01   4.30e-01   6.06e+00   6.31e+00 (  1.41e+02,  1.63e+02)
70      0.294   6.98e-01   8.54e-01   5.25e-01   7.21e+00   7.34e+00 (  1.34e+02,  1.48e+02)
75      0.326   7.93e-01   9.67e-01   5.97e-01   7.73e+00   7.76e+00 (  1.23e+02,  1.34e+02)
80      0.341   8.46e-01   1.06e+00   6.50e-01   7.88e+00   7.71e+00 (  1.13e+02,  1.19e+02)
85      0.315   7.62e-01   1.08e+00   7.13e-01   6.76e+00   7.44e+00 (  9.83e+01,  1.05e+02)
90      0.678   1.56e+00   2.33e+00   1.57e+00   2.21e+01   7.10e+00 (  4.78e+02,  9.18e+01)
95      0.569   9.94e-01   1.43e+00   1.04e+00   4.72e+01   6.81e+00 (  7.57e+02,  7.87e+01)
42 n: 3.808e-05 e: 3.048e-04 i: 1.411e-04 :: e: 1.995e-02 i: 2.698e-02 :: n: 2.865e+01 e:23.486 i:30.915 v:4.993e+03
>>> tau_he = 5.000000, nhe(0)=3.678903e+00
 5   -407.376   1.07e-02   7.05e-01   3.05e-03  -1.38e-01   1.87e-07 (  5.17e+00,  5.94e+01)
10  -1471.036   5.24e-02   7.44e-02  -3.19e-03  -2.23e+00   3.32e-06 (  3.76e+01,  1.18e+02)
15   -151.477   2.25e-01   1.28e-01   2.42e-02  -3.52e+00   4.05e-05 (  1.35e+02,  1.64e+02)
20    -15.174   1.95e-01   1.32e-01   8.05e-02  -4.21e+00   3.76e-04 (  1.28e+02,  1.98e+02)
25     -0.778   2.23e-01   1.66e-01  -4.20e-02  -1.81e+00   2.72e-03 (  1.58e+02,  2.24e+02)
30     -0.065   2.51e-01   1.63e-01  -1.83e-02  -3.93e-01   1.54e-02 (  1.73e+02,  2.41e+02)
35     -0.006   2.67e-01   1.85e-01   2.88e-02  -4.24e-02   6.91e-02 (  1.79e+02,  2.48e+02)
40      0.064   3.71e-01   3.29e-01   1.94e-01   4.92e-01   2.46e-01 (  2.31e+02,  2.45e+02)
45      0.065   3.35e-01   2.90e-01   2.01e-01   6.17e-01   7.02e-01 (  1.90e+02,  2.35e+02)
50      0.139   3.94e-01   4.29e-01   2.05e-01   1.66e+00   1.62e+00 (  1.92e+02,  2.18e+02)
55      0.148   4.07e-01   5.13e-01   2.44e-01   2.80e+00   3.04e+00 (  1.73e+02,  1.99e+02)
60      0.195   4.73e-01   6.34e-01   3.31e-01   4.63e+00   4.75e+00 (  1.62e+02,  1.80e+02)
65      0.254   5.95e-01   7.59e-01   4.53e-01   6.35e+00   6.31e+00 (  1.54e+02,  1.63e+02)
70      0.304   7.27e-01   8.86e-01   5.43e-01   7.49e+00   7.34e+00 (  1.44e+02,  1.48e+02)
75      0.333   8.12e-01   9.88e-01   6.06e-01   7.91e+00   7.76e+00 (  1.31e+02,  1.34e+02)
80      0.343   8.49e-01   1.06e+00   6.47e-01   7.91e+00   7.71e+00 (  1.18e+02,  1.19e+02)
85      0.309   7.53e-01   1.06e+00   6.97e-01   6.63e+00   7.44e+00 (  1.01e+02,  1.05e+02)
90      0.673   1.56e+00   2.32e+00   1.56e+00   2.20e+01   7.10e+00 (  4.83e+02,  9.18e+01)
95      0.569   9.94e-01   1.43e+00   1.04e+00   4.72e+01   6.81e+00 (  7.57e+02,  7.87e+01)
43 n: 4.794e-05 e: 2.511e-04 i: 1.748e-04 :: e: 2.315e-02 i: 2.821e-02 :: n: 2.860e+01 e:23.172 i:31.230 v:4.993e+03
>>> tau_he = 5.000000, nhe(0)=3.685899e+00
 5   -403.734   1.10e-02   7.16e-01   3.11e-03  -1.36e-01   1.87e-07 (  5.24e+00,  5.94e+01)
10  -1408.827   5.08e-02   6.98e-02  -4.29e-03  -2.14e+00   3.32e-06 (  3.60e+01,  1.18e+02)
15   -149.173   2.20e-01   1.12e-01   1.25e-02  -3.47e+00   4.05e-05 (  1.30e+02,  1.64e+02)
20    -14.983   1.94e-01   1.28e-01   7.45e-02  -4.15e+00   3.76e-04 (  1.26e+02,  1.98e+02)
25     -0.638   2.28e-01   1.58e-01  -3.88e-02  -1.50e+00   2.72e-03 (  1.60e+02,  2.24e+02)
30     -0.042   2.47e-01   1.57e-01  -2.23e-02  -2.71e-01   1.54e-02 (  1.69e+02,  2.41e+02)
35      0.009   2.89e-01   1.97e-01   3.34e-02   6.24e-02   6.91e-02 (  1.91e+02,  2.48e+02)
40     -0.033   2.99e-01   2.16e-01   1.03e-01  -2.31e-01   2.46e-01 (  1.81e+02,  2.45e+02)
45      0.058   3.27e-01   2.71e-01   1.93e-01   5.43e-01   7.02e-01 (  1.82e+02,  2.35e+02)
50      0.136   3.83e-01   4.02e-01   1.98e-01   1.62e+00   1.62e+00 (  1.82e+02,  2.18e+02)
55      0.145   3.91e-01   4.82e-01   2.26e-01   2.73e+00   3.04e+00 (  1.62e+02,  1.99e+02)
60      0.188   4.52e-01   6.03e-01   3.13e-01   4.46e+00   4.75e+00 (  1.50e+02,  1.80e+02)
65      0.245   5.68e-01   7.27e-01   4.33e-01   6.09e+00   6.31e+00 (  1.42e+02,  1.63e+02)
70      0.295   7.01e-01   8.58e-01   5.27e-01   7.25e+00   7.34e+00 (  1.35e+02,  1.48e+02)
75      0.327   7.95e-01   9.70e-01   5.99e-01   7.76e+00   7.76e+00 (  1.24e+02,  1.34e+02)
80      0.342   8.46e-01   1.06e+00   6.51e-01   7.89e+00   7.71e+00 (  1.14e+02,  1.19e+02)
85      0.315   7.62e-01   1.08e+00   7.13e-01   6.75e+00   7.44e+00 (  9.89e+01,  1.05e+02)
90      0.678   1.56e+00   2.33e+00   1.57e+00   2.21e+01   7.10e+00 (  4.79e+02,  9.18e+01)
95      0.569   9.94e-01   1.43e+00   1.04e+00   4.72e+01   6.81e+00 (  7.57e+02,  7.87e+01)
44 n: 3.416e-05 e: 2.340e-04 i: 9.492e-05 :: e: 1.672e-02 i: 2.275e-02 :: n: 2.866e+01 e:23.528 i:31.097 v:4.993e+03
>>> tau_he = 5.000000, nhe(0)=3.690615e+00
 5   -410.184   1.09e-02   7.16e-01   3.08e-03  -1.39e-01   1.87e-07 (  5.24e+00,  5.94e+01)
10  -1455.806   5.21e-02   7.32e-02  -3.63e-03  -2.21e+00   3.32e-06 (  3.74e+01,  1.18e+02)
15   -152.132   2.27e-01   1.28e-01   2.35e-02  -3.54e+00   4.05e-05 (  1.36e+02,  1.64e+02)
20    -15.557   1.98e-01   1.35e-01   7.70e-02  -4.31e+00   3.76e-04 (  1.32e+02,  1.98e+02)
25     -0.776   2.26e-01   1.67e-01  -5.62e-02  -1.83e+00   2.72e-03 (  1.62e+02,  2.24e+02)
30      0.075   3.77e-01   3.75e-01   1.68e-01   4.90e-01   1.54e-02 (  2.63e+02,  2.41e+02)
35      0.112   3.78e-01   3.53e-01   1.84e-01   8.07e-01   6.91e-02 (  2.55e+02,  2.48e+02)
40     -0.017   3.02e-01   2.27e-01   1.01e-01  -1.24e-01   2.46e-01 (  1.87e+02,  2.45e+02)
45      0.060   3.34e-01   2.87e-01   2.03e-01   5.69e-01   7.02e-01 (  1.89e+02,  2.35e+02)
50      0.139   3.93e-01   4.26e-01   2.04e-01   1.65e+00   1.62e+00 (  1.91e+02,  2.18e+02)
55      0.147   4.05e-01   5.09e-01   2.43e-01   2.78e+00   3.04e+00 (  1.72e+02,  1.99e+02)
60      0.194   4.71e-01   6.31e-01   3.29e-01   4.60e+00   4.75e+00 (  1.60e+02,  1.80e+02)
65      0.253   5.93e-01   7.56e-01   4.51e-01   6.32e+00   6.31e+00 (  1.53e+02,  1.63e+02)
70      0.304   7.25e-01   8.84e-01   5.42e-01   7.47e+00   7.34e+00 (  1.44e+02,  1.48e+02)
75      0.332   8.11e-01   9.87e-01   6.06e-01   7.89e+00   7.76e+00 (  1.30e+02,  1.34e+02)
80      0.343   8.49e-01   1.06e+00   6.48e-01   7.91e+00   7.71e+00 (  1.18e+02,  1.19e+02)
85      0.310   7.52e-01   1.06e+00   6.99e-01   6.64e+00   7.44e+00 (  1.01e+02,  1.05e+02)
90      0.674   1.56e+00   2.32e+00   1.56e+00   2.20e+01   7.10e+00 (  4.83e+02,  9.18e+01)
95      0.569   9.94e-01   1.43e+00   1.04e+00   4.72e+01   6.81e+00 (  7.57e+02,  7.87e+01)
45 n: 4.158e-05 e: 3.475e-04 i: 7.504e-04 :: e: 3.282e-02 i: 4.272e-02 :: n: 2.859e+01 e:23.229 i:31.255 v:4.993e+03
>>> tau_he = 5.000000, nhe(0)=3.684500e+00
 5   -407.770   1.10e-02   7.16e-01   3.11e-03  -1.38e-01   1.87e-07 (  5.27e+00,  5.94e+01)
10  -1428.617   5.13e-02   7.14e-02  -3.76e-03  -2.17e+00   3.32e-06 (  3.64e+01,  1.18e+02)
15   -150.535   2.22e-01   1.15e-01   1.24e-02  -3.50e+00   4.05e-05 (  1.32e+02,  1.64e+02)
20    -15.353   1.97e-01   1.33e-01   7.23e-02  -4.25e+00   3.76e-04 (  1.30e+02,  1.98e+02)
25     -0.659   2.30e-01   1.60e-01  -5.04e-02  -1.52e+00   2.72e-03 (  1.63e+02,  2.24e+02)
30     -0.114   2.50e-01   1.57e-01   7.43e-03  -6.11e-01   1.54e-02 (  1.70e+02,  2.41e+02)
35     -0.003   2.85e-01   1.90e-01   3.66e-02  -2.01e-02   6.91e-02 (  1.87e+02,  2.48e+02)
40      0.023   2.95e-01   2.13e-01   9.05e-02   1.85e-01   2.46e-01 (  1.81e+02,  2.45e+02)
45      0.062   3.28e-01   2.74e-01   1.88e-01   5.88e-01   7.02e-01 (  1.83e+02,  2.35e+02)
50      0.137   3.89e-01   4.05e-01   1.95e-01   1.63e+00   1.62e+00 (  1.86e+02,  2.18e+02)
55      0.145   3.93e-01   4.85e-01   2.27e-01   2.74e+00   3.04e+00 (  1.63e+02,  1.99e+02)
60      0.189   4.54e-01   6.06e-01   3.15e-01   4.48e+00   4.75e+00 (  1.51e+02,  1.80e+02)
65      0.246   5.71e-01   7.30e-01   4.35e-01   6.12e+00   6.31e+00 (  1.43e+02,  1.63e+02)
70      0.296   7.04e-01   8.61e-01   5.29e-01   7.27e+00   7.34e+00 (  1.36e+02,  1.48e+02)
75      0.328   7.97e-01   9.73e-01   6.00e-01   7.77e+00   7.76e+00 (  1.25e+02,  1.34e+02)
80      0.342   8.47e-01   1.06e+00   6.52e-01   7.90e+00   7.71e+00 (  1.14e+02,  1.19e+02)
85      0.315   7.61e-01   1.08e+00   7.13e-01   6.75e+00   7.44e+00 (  9.93e+01,  1.05e+02)
90      0.678   1.56e+00   2.33e+00   1.57e+00   2.21e+01   7.10e+00 (  4.79e+02,  9.18e+01)
95      0.569   9.94e-01   1.43e+00   1.04e+00   4.72e+01   6.81e+00 (  7.57e+02,  7.87e+01)
46 n: 6.272e-06 e: 1.375e-04 i: 6.165e-05 :: e: 1.515e-02 i: 2.168e-02 :: n: 2.865e+01 e:23.473 i:31.114 v:4.993e+03
>>> tau_he = 5.000000, nhe(0)=3.688454e+00
 5   -410.381   1.09e-02   7.15e-01   3.08e-03  -1.39e-01   1.87e-07 (  5.25e+00,  5.94e+01)
10  -1458.743   5.24e-02   7.37e-02  -3.38e-03  -2.22e+00   3.32e-06 (  3.76e+01,  1.18e+02)
15   -151.698   2.27e-01   1.29e-01   2.28e-02  -3.53e+00   4.05e-05 (  1.36e+02,  1.64e+02)
20    -14.852   2.01e-01   1.39e-01   6.98e-02  -4.12e+00   3.76e-04 (  1.35e+02,  1.98e+02)
25     -0.822   2.31e-01   1.68e-01  -6.46e-02  -1.91e+00   2.72e-03 (  1.65e+02,  2.24e+02)
30     -0.086   2.51e-01   1.62e-01  -5.53e-03  -4.95e-01   1.54e-02 (  1.72e+02,  2.41e+02)
35      0.011   2.86e-01   1.97e-01   3.65e-02   7.95e-02   6.91e-02 (  1.90e+02,  2.48e+02)
40      0.097   3.67e-01   3.22e-01   1.86e-01   7.85e-01   2.46e-01 (  2.29e+02,  2.45e+02)
45      0.067   3.34e-01   2.88e-01   1.97e-01   6.40e-01   7.02e-01 (  1.90e+02,  2.35e+02)
50      0.139   3.93e-01   4.25e-01   2.04e-01   1.65e+00   1.62e+00 (  1.91e+02,  2.18e+02)
55      0.148   4.04e-01   5.07e-01   2.42e-01   2.79e+00   3.04e+00 (  1.71e+02,  1.99e+02)
60      0.194   4.70e-01   6.30e-01   3.29e-01   4.60e+00   4.75e+00 (  1.60e+02,  1.80e+02)
65      0.253   5.92e-01   7.55e-01   4.50e-01   6.31e+00   6.31e+00 (  1.52e+02,  1.63e+02)
70      0.303   7.23e-01   8.83e-01   5.42e-01   7.46e+00   7.34e+00 (  1.43e+02,  1.48e+02)
75      0.332   8.10e-01   9.87e-01   6.07e-01   7.89e+00   7.76e+00 (  1.30e+02,  1.34e+02)
80      0.343   8.49e-01   1.07e+00   6.49e-01   7.91e+00   7.71e+00 (  1.18e+02,  1.19e+02)
85      0.310   7.53e-01   1.07e+00   7.01e-01   6.66e+00   7.44e+00 (  1.01e+02,  1.05e+02)
90      0.674   1.56e+00   2.33e+00   1.56e+00   2.20e+01   7.10e+00 (  4.83e+02,  9.18e+01)
95      0.569   9.94e-01   1.43e+00   1.04e+00   4.72e+01   6.81e+00 (  7.57e+02,  7.87e+01)
47 n: 4.525e-05 e: 1.322e-04 i: 1.030e-04 :: e: 1.728e-02 i: 2.261e-02 :: n: 2.853e+01 e:23.260 i:31.313 v:4.993e+03
>>> tau_he = 5.000000, nhe(0)=3.674642e+00
 5   -407.730   1.10e-02   7.20e-01   3.13e-03  -1.38e-01   1.87e-07 (  5.27e+00,  5.94e+01)
10  -1421.375   5.13e-02   7.07e-02  -4.19e-03  -2.16e+00   3.32e-06 (  3.64e+01,  1.18e+02)
15   -150.218   2.23e-01   1.15e-01   1.30e-02  -3.49e+00   4.05e-05 (  1.32e+02,  1.64e+02)
20    -14.664   2.01e-01   1.37e-01   6.77e-02  -4.06e+00   3.76e-04 (  1.33e+02,  1.98e+02)
25     -0.641   2.32e-01   1.62e-01  -5.55e-02  -1.50e+00   2.72e-03 (  1.64e+02,  2.24e+02)
30     -0.084   2.51e-01   1.60e-01  -6.48e-03  -4.81e-01   1.54e-02 (  1.71e+02,  2.41e+02)
35     -0.012   2.88e-01   1.95e-01   4.35e-02  -7.83e-02   6.91e-02 (  1.89e+02,  2.48e+02)
40     -0.023   2.99e-01   2.18e-01   9.93e-02  -1.68e-01   2.46e-01 (  1.83e+02,  2.45e+02)
45      0.060   3.29e-01   2.75e-01   1.93e-01   5.62e-01   7.02e-01 (  1.84e+02,  2.35e+02)
50      0.137   3.86e-01   4.06e-01   1.96e-01   1.62e+00   1.62e+00 (  1.84e+02,  2.18e+02)
55      0.145   3.94e-01   4.85e-01   2.32e-01   2.73e+00   3.04e+00 (  1.64e+02,  1.99e+02)
60      0.189   4.56e-01   6.08e-01   3.16e-01   4.48e+00   4.75e+00 (  1.52e+02,  1.80e+02)
65      0.246   5.73e-01   7.33e-01   4.36e-01   6.13e+00   6.31e+00 (  1.44e+02,  1.63e+02)
70      0.297   7.05e-01   8.63e-01   5.31e-01   7.29e+00   7.34e+00 (  1.37e+02,  1.48e+02)
75      0.328   7.98e-01   9.74e-01   6.01e-01   7.78e+00   7.76e+00 (  1.25e+02,  1.34e+02)
80      0.342   8.46e-01   1.06e+00   6.52e-01   7.90e+00   7.71e+00 (  1.15e+02,  1.19e+02)
85      0.314   7.60e-01   1.08e+00   7.12e-01   6.74e+00   7.44e+00 (  9.96e+01,  1.05e+02)
90      0.677   1.56e+00   2.33e+00   1.57e+00   2.21e+01   7.10e+00 (  4.80e+02,  9.18e+01)
95      0.569   9.94e-01   1.43e+00   1.04e+00   4.72e+01   6.81e+00 (  7.57e+02,  7.87e+01)
48 n: 2.272e-05 e: 8.421e-05 i: 5.110e-05 :: e: 1.241e-02 i: 1.763e-02 :: n: 2.864e+01 e:23.467 i:31.254 v:4.993e+03
>>> tau_he = 5.000000, nhe(0)=3.694313e+00
 5   -412.016   1.10e-02   7.22e-01   3.11e-03  -1.39e-01   1.87e-07 (  5.30e+00,  5.94e+01)
10  -1447.651   5.23e-02   7.30e-02  -3.56e-03  -2.20e+00   3.32e-06 (  3.75e+01,  1.18e+02)
15   -152.885   2.25e-01   1.19e-01   1.32e-02  -3.56e+00   4.05e-05 (  1.35e+02,  1.64e+02)
20    -15.031   2.07e-01   1.41e-01   6.70e-02  -4.17e+00   3.76e-04 (  1.39e+02,  1.98e+02)
25     -0.637   3.87e-01   4.51e-01   2.13e-01  -1.50e+00   2.72e-03 (  2.78e+02,  2.24e+02)
30      0.054   3.75e-01   3.23e-01   1.02e-01   3.31e-01   1.54e-02 (  2.59e+02,  2.41e+02)
35      0.010   2.88e-01   2.00e-01   3.74e-02   7.30e-02   6.91e-02 (  1.91e+02,  2.48e+02)
40      0.020   2.99e-01   2.23e-01   9.88e-02   1.54e-01   2.46e-01 (  1.85e+02,  2.45e+02)
45      0.066   3.33e-01   2.87e-01   1.98e-01   6.30e-01   7.02e-01 (  1.88e+02,  2.35e+02)
50      0.138   3.91e-01   4.21e-01   2.02e-01   1.64e+00   1.62e+00 (  1.89e+02,  2.18e+02)
55      0.147   4.02e-01   5.03e-01   2.40e-01   2.77e+00   3.04e+00 (  1.69e+02,  1.99e+02)
60      0.193   4.68e-01   6.26e-01   3.26e-01   4.57e+00   4.75e+00 (  1.58e+02,  1.80e+02)
65      0.252   5.89e-01   7.51e-01   4.48e-01   6.28e+00   6.31e+00 (  1.51e+02,  1.63e+02)
70      0.302   7.21e-01   8.80e-01   5.40e-01   7.43e+00   7.34e+00 (  1.42e+02,  1.48e+02)
75      0.331   8.08e-01   9.85e-01   6.05e-01   7.87e+00   7.76e+00 (  1.29e+02,  1.34e+02)
80      0.342   8.48e-01   1.06e+00   6.49e-01   7.90e+00   7.71e+00 (  1.17e+02,  1.19e+02)
85      0.311   7.53e-01   1.07e+00   7.02e-01   6.66e+00   7.44e+00 (  1.01e+02,  1.05e+02)
90      0.674   1.56e+00   2.33e+00   1.56e+00   2.20e+01   7.10e+00 (  4.82e+02,  9.18e+01)
95      0.569   9.94e-01   1.43e+00   1.04e+00   4.72e+01   6.81e+00 (  7.57e+02,  7.87e+01)
49 n: 5.207e-06 e: 3.426e-04 i: 1.360e-03 :: e: 3.440e-02 i: 4.313e-02 :: n: 2.858e+01 e:23.266 i:31.180 v:4.993e+03
 plasma volume = 149.755245
 stored energy(e,i,b,a) = 6.908133e+01 6.771532e+01 0.000000e+00 0.000000e+00
 betan = 1.543815
*power
 Pnb(e,i) = 0.000000e+00 0.000000e+00
 Prf(e,i) = 6.592969e+00 3.341633e+01
 Prad     = -7.284881e+01 
 Pei      = 1.442187e+01 
 Pfuse    = 7.598149e+01 
 Pfusi    = 2.469602e+01 
 Poh      = 0.000000e+00 
*confinement time
 taut, tauITER98y2, H98y2 : 2.016520e+00 1.805107e+00 1.117119e+00
 taue, taui : 2.860805e+00 6.590844e+00
 taut, tau89, H89 : 2.016520e+00 8.496694e-01 2.373299e+00
*temperature
 nea, nebar : 2.100727e+01 2.401353e+01 
 tea, tia : 8.001719e+00 8.575335e+00 (9.331086e-01)
 te0, ti0 : 2.062811e+01 2.730559e+01 (7.554536e-01)
 Sn : 1.499642e+03 
*current balance
 Ip,Ibs,Inb,Irf: 1.000000e+01 2.288661e+00 0.000000e+00 1.314730e-01
 fni,fbs: 0.242 0.229

 plasma volume = 149.755245
 stored energy(e,i,b,a) = 6.908133e+01 6.771532e+01 0.000000e+00 0.000000e+00
 betan = 1.543815
*power
 Pnb(e,i) = 0.000000e+00 0.000000e+00
 Prf(e,i) = 6.592969e+00 3.341633e+01
 Prad     = -7.284881e+01 
 Pei      = 1.442187e+01 
 Pfuse    = 7.598149e+01 
 Pfusi    = 2.469602e+01 
 Poh      = 0.000000e+00 
*confinement time
 taut, tauITER98y2, H98y2 : 2.016520e+00 1.805107e+00 1.117119e+00
 taue, taui : 2.860805e+00 6.590844e+00
 taut, tau89, H89 : 2.016520e+00 8.496694e-01 2.373299e+00
*temperature
 nea, nebar : 2.100727e+01 2.401353e+01 
 tea, tia : 8.001719e+00 8.575335e+00 (9.331086e-01)
 te0, ti0 : 2.062811e+01 2.730559e+01 (7.554536e-01)
 Sn : 1.499642e+03 
*current balance
 Ip,Ibs,Inb,Irf: 1.000000e+01 2.288661e+00 0.000000e+00 1.314730e-01
 fni,fbs: 0.242 0.229
 ELAPASED TIME = 45 sec

finalize
