NCAPTC: : NetCDF: Variable not found
Warning: ieee_overflow is signaling
Warning: ieee_underflow is signaling
Warning: ieee_inexact is signaling
FORTRAN STOP
 solver
 /global/common/software/atom/perlmutter/data/greentable/
 /global/common/software/atom/perlmutter/data/greentable/

          EFITD Version  07/09/2014


 type mode (2=file, 3=snap, 4=time, 5=input, 6=com file, 7=snap_ext):

 number of time slices?

 type input file names:
 #
 table_dir = </global/common/software/atom/perlmutter/data/greentable/>

  ----- time =     3 ms ----- ( 0)
 it=  1 chi2=0.00E+00 zm= 7.53E-03 err=5.202E+00 dz= 7.535E-03 chigam= 0.00E+00
 it=  2 chi2=0.00E+00 zm= 1.07E-02 err=8.778E-01 dz= 3.210E-03 chigam= 0.00E+00
 it=  3 chi2=0.00E+00 zm= 1.31E-02 err=4.862E-01 dz= 2.393E-03 chigam= 0.00E+00
 it=  4 chi2=0.00E+00 zm= 1.49E-02 err=2.817E-01 dz= 1.791E-03 chigam= 0.00E+00
 it=  5 chi2=0.00E+00 zm= 1.63E-02 err=1.662E-01 dz= 1.354E-03 chigam= 0.00E+00
 it=  6 chi2=0.00E+00 zm= 1.73E-02 err=1.043E-01 dz= 1.039E-03 chigam= 0.00E+00
 it=  7 chi2=0.00E+00 zm= 1.81E-02 err=6.717E-02 dz= 7.855E-04 chigam= 0.00E+00
 it=  8 chi2=0.00E+00 zm= 1.87E-02 err=3.495E-02 dz= 5.805E-04 chigam= 0.00E+00
 it=  9 chi2=0.00E+00 zm= 1.91E-02 err=2.129E-02 dz= 4.331E-04 chigam= 0.00E+00
 it= 10 chi2=0.00E+00 zm= 1.94E-02 err=1.786E-02 dz= 3.249E-04 chigam= 0.00E+00
 it= 11 chi2=0.00E+00 zm= 1.97E-02 err=1.143E-02 dz= 2.405E-04 chigam= 0.00E+00
 it= 12 chi2=0.00E+00 zm= 1.99E-02 err=9.355E-03 dz= 1.728E-04 chigam= 0.00E+00
 it= 13 chi2=0.00E+00 zm= 2.00E-02 err=5.916E-03 dz= 1.214E-04 chigam= 0.00E+00
 it= 14 chi2=0.00E+00 zm= 2.01E-02 err=3.350E-03 dz= 8.733E-05 chigam= 0.00E+00
 it= 15 chi2=0.00E+00 zm= 2.01E-02 err=4.431E-03 dz= 6.139E-05 chigam= 0.00E+00
 it= 16 chi2=0.00E+00 zm= 2.02E-02 err=2.515E-03 dz= 4.369E-05 chigam= 0.00E+00
 it= 17 chi2=0.00E+00 zm= 2.02E-02 err=1.435E-03 dz= 3.110E-05 chigam= 0.00E+00
 it= 18 chi2=0.00E+00 zm= 2.02E-02 err=8.229E-04 dz= 2.216E-05 chigam= 0.00E+00
 it= 19 chi2=0.00E+00 zm= 2.02E-02 err=4.742E-04 dz= 1.580E-05 chigam= 0.00E+00
 it= 20 chi2=0.00E+00 zm= 2.03E-02 err=2.744E-04 dz= 1.128E-05 chigam= 0.00E+00
 it= 21 chi2=0.00E+00 zm= 2.03E-02 err=1.594E-04 dz= 8.066E-06 chigam= 0.00E+00
 it= 22 chi2=0.00E+00 zm= 2.03E-02 err=9.271E-05 dz= 5.774E-06 chigam= 0.00E+00

      ******************** EFITD129 x 129  output ********************

       data used:   
  0 flux loops
  0 magnetic probes(i)
  0 full rogowski
  0 diamagnetic loop


 shot #   =          1 time(ms) =          3 chi**2   =  0.000E+00
 betat(%) =      1.173 betap    =      0.594 li       =      0.857
 vol(cm3) =  0.779E+07 rout(cm) =    172.199 zout(cm) =      0.752
 elong    =      1.349 utriang  =     -0.372 ltriang  =     -0.307
 a(cm)    =     41.430 lin(cm)  = ********** lout(cm) =     10.547
 ltop(cm) = ********** q*       =      2.330 rc(cm)   =    176.893
 zc(cm)   =      1.800 bt0(t)   =      2.000 qout     =      2.215
