NCAPTC: : NetCDF: Variable not found
Warning: ieee_overflow is signaling
Warning: ieee_underflow is signaling
Warning: ieee_inexact is signaling
FORTRAN STOP
 solver
 /global/common/software/atom/perlmutter/data/greentable/
 /global/common/software/atom/perlmutter/data/greentable/

          EFITD Version  07/09/2014


 type mode (2=file, 3=snap, 4=time, 5=input, 6=com file, 7=snap_ext):

 number of time slices?

 type input file names:
 #
 table_dir = </global/common/software/atom/perlmutter/data/greentable/>

  ----- time =     2 ms ----- ( 0)
 it=  1 chi2=0.00E+00 zm= 7.53E-03 err=5.202E+00 dz= 7.535E-03 chigam= 0.00E+00
 it=  2 chi2=0.00E+00 zm= 1.04E-02 err=7.790E-01 dz= 2.880E-03 chigam= 0.00E+00
 it=  3 chi2=0.00E+00 zm= 1.25E-02 err=4.117E-01 dz= 2.114E-03 chigam= 0.00E+00
 it=  4 chi2=0.00E+00 zm= 1.41E-02 err=2.393E-01 dz= 1.599E-03 chigam= 0.00E+00
 it=  5 chi2=0.00E+00 zm= 1.53E-02 err=1.367E-01 dz= 1.200E-03 chigam= 0.00E+00
 it=  6 chi2=0.00E+00 zm= 1.62E-02 err=8.724E-02 dz= 9.184E-04 chigam= 0.00E+00
 it=  7 chi2=0.00E+00 zm= 1.69E-02 err=5.093E-02 dz= 6.931E-04 chigam= 0.00E+00
 it=  8 chi2=0.00E+00 zm= 1.75E-02 err=3.036E-02 dz= 5.266E-04 chigam= 0.00E+00
 it=  9 chi2=0.00E+00 zm= 1.79E-02 err=1.893E-02 dz= 3.872E-04 chigam= 0.00E+00
 it= 10 chi2=0.00E+00 zm= 1.81E-02 err=1.207E-02 dz= 2.870E-04 chigam= 0.00E+00
 it= 11 chi2=0.00E+00 zm= 1.83E-02 err=7.338E-03 dz= 2.089E-04 chigam= 0.00E+00
 it= 12 chi2=0.00E+00 zm= 1.85E-02 err=4.838E-03 dz= 1.531E-04 chigam= 0.00E+00
 it= 13 chi2=0.00E+00 zm= 1.86E-02 err=3.229E-03 dz= 1.121E-04 chigam= 0.00E+00
 it= 14 chi2=0.00E+00 zm= 1.87E-02 err=2.178E-03 dz= 8.186E-05 chigam= 0.00E+00
 it= 15 chi2=0.00E+00 zm= 1.88E-02 err=1.482E-03 dz= 5.974E-05 chigam= 0.00E+00
 it= 16 chi2=0.00E+00 zm= 1.88E-02 err=1.016E-03 dz= 4.356E-05 chigam= 0.00E+00
 it= 17 chi2=0.00E+00 zm= 1.88E-02 err=7.010E-04 dz= 3.175E-05 chigam= 0.00E+00
 it= 18 chi2=0.00E+00 zm= 1.89E-02 err=4.864E-04 dz= 2.313E-05 chigam= 0.00E+00
 it= 19 chi2=0.00E+00 zm= 1.89E-02 err=3.391E-04 dz= 1.685E-05 chigam= 0.00E+00
 it= 20 chi2=0.00E+00 zm= 1.89E-02 err=2.374E-04 dz= 1.227E-05 chigam= 0.00E+00
 it= 21 chi2=0.00E+00 zm= 1.89E-02 err=1.669E-04 dz= 8.935E-06 chigam= 0.00E+00
 it= 22 chi2=0.00E+00 zm= 1.89E-02 err=1.177E-04 dz= 6.506E-06 chigam= 0.00E+00
 it= 23 chi2=0.00E+00 zm= 1.89E-02 err=8.330E-05 dz= 4.739E-06 chigam= 0.00E+00

      ******************** EFITD129 x 129  output ********************

       data used:   
  0 flux loops
  0 magnetic probes(i)
  0 full rogowski
  0 diamagnetic loop


 shot #   =          1 time(ms) =          2 chi**2   =  0.000E+00
 betat(%) =      0.653 betap    =      0.326 li       =      0.859
 vol(cm3) =  0.767E+07 rout(cm) =    172.044 zout(cm) =      0.809
 elong    =      1.338 utriang  =     -0.345 ltriang  =     -0.312
 a(cm)    =     41.275 lin(cm)  = ********** lout(cm) =     10.857
 ltop(cm) = ********** q*       =      2.254 rc(cm)   =    175.427
 zc(cm)   =      1.712 bt0(t)   =      2.000 qout     =      2.165
