========================================================================
= FASTRAN

nonlinear model = 0
ichi = 0
ineo = 0
reading state...
read formatted input, inprof...
init geometry...
read formatted input, inmetric...
nrho in inmetric = 101
rhob in inmetric = 1.266039e+00
solve avg grad-shafranv...
solve_avg_gs::Ip_temp = 9.997138e+00 
solve_avg_gs::Ip      = 1.000000e+01 
>>> tau_he = 5.000000, nhe(0)=2.389247e+00

 plasma volume = 149.557569
 stored energy(e,i,b) = 6.465761e+01 6.145988e+01 0.000000e+00
 betan = 1.424609
*power
 Pnb(e,i) = 0.000000e+00 0.000000e+00
 Prf(e,i) = 1.040611e+01 2.163569e+01
 Prad     = -1.474385e+01 
 Pei      = -1.612361e+00 
 Pfuse    = 6.532246e+01 
 Pfusi    = 2.131700e+01 
 Poh      = 0.000000e+00 
*confinement time
 taut, tauITER98y2, H98y2 : 1.213398e+00 1.298390e+00 9.345408e-01
 taue, taui : 1.089019e+00 2.680400e+00
 taut, tau89, H89 : 1.213398e+00 6.804541e-01 1.783219e+00
*temperature
 nea, nebar : 1.977570e+01 2.207369e+01 
 tea, tia : 8.218434e+00 8.176890e+00 (1.005081e+00)
 te0, ti0 : 1.919292e+01 1.942865e+01 (9.878671e-01)
 Sn : 1.517178e+03 
*current balance
 Ip,Ibs,Inb,Irf: 1.000000e+01 2.094603e+00 0.000000e+00 2.782559e-01
 fni,fbs: 0.237 0.209

Time advancing...
rho_bdry 0.950000 ...
te_bdry = 3.741993
ti_bdry = 3.741797
ne_bdry = 14.453942
rv_bdry = 100.762170
nrho_tr_bdry = 19
drho_bdry = 0.000000e+00
nrhob = 95
 [    0] t = 0.0000 
>>> tau_he = 5.000000, nhe(0)=2.379814e+00
 5     -0.020   3.04e-03   1.45e-01   1.55e-03  -2.68e-02   4.01e-05 (  5.10e-01,  4.78e+01)
10     -0.003   3.05e-04  -3.44e-03  -1.92e-03  -6.92e-03   2.37e-04 (  7.25e-02,  9.48e+01)
15     -0.006   1.51e-04  -6.55e-03  -3.37e-03  -2.36e-02   1.02e-03 (  4.52e-02,  1.28e+02)
20     -0.010   1.46e-02  -5.20e-02  -7.73e-03  -5.42e-02   3.74e-03 (  5.12e+00,  1.60e+02)
25      0.008   6.01e-02  -2.97e-02   1.25e-02   5.17e-02   1.20e-02 (  2.34e+01,  1.88e+02)
30      0.021   1.34e-01   1.49e-02   3.37e-02   1.62e-01   3.43e-02 (  5.55e+01,  2.09e+02)
35      0.026   1.98e-01   8.02e-02   7.39e-02   1.81e-01   8.78e-02 (  8.12e+01,  2.24e+02)
40      0.013   2.49e-01   1.39e-01   1.52e-01   8.48e-02   2.03e-01 (  1.01e+02,  2.35e+02)
45      0.042   3.20e-01   2.26e-01   2.14e-01   3.00e-01   4.22e-01 (  1.29e+02,  2.41e+02)
50      0.079   3.82e-01   3.40e-01   2.50e-01   5.64e-01   7.96e-01 (  1.47e+02,  2.43e+02)
55      0.123   4.42e-01   4.66e-01   3.31e-01   1.23e+00   1.37e+00 (  1.63e+02,  2.42e+02)
60      0.185   5.34e-01   7.06e-01   4.38e-01   2.50e+00   2.14e+00 (  1.84e+02,  2.37e+02)
65      0.301   7.23e-01   1.16e+00   7.48e-01   4.86e+00   3.07e+00 (  2.27e+02,  2.29e+02)
70      0.354   8.36e-01   1.40e+00   9.67e-01   6.13e+00   4.07e+00 (  2.35e+02,  2.20e+02)
75      0.394   9.33e-01   1.57e+00   1.13e+00   7.32e+00   5.01e+00 (  2.33e+02,  2.10e+02)
80      0.405   9.66e-01   1.63e+00   1.17e+00   7.97e+00   5.78e+00 (  2.09e+02,  1.99e+02)
85      0.386   9.16e-01   1.55e+00   1.10e+00   8.05e+00   6.31e+00 (  1.70e+02,  1.89e+02)
90      0.333   8.04e-01   1.30e+00   9.38e-01   7.44e+00   6.59e+00 (  1.28e+02,  1.79e+02)
95      2.609   5.55e+00   7.19e+00   6.18e+00   1.33e+02   6.65e+00 (  2.88e+03,  1.70e+02)
 0 n: 7.410e-08 e: 1.385e-06 i: 1.000e-05 :: e: 0.000e+00 i: 0.000e+00 :: n: 2.651e+01 e:19.193 i:19.429 v:4.993e+03
>>> tau_he = 5.000000, nhe(0)=2.384647e+00
 5     -0.018   3.07e-03   1.57e-01   1.70e-03  -2.41e-02   4.01e-05 (  5.02e-01,  4.78e+01)
10     -0.002   1.13e-03  -2.79e-03  -9.92e-04  -4.99e-03   2.37e-04 (  2.73e-01,  9.48e+01)
15     -0.007   1.23e-03  -6.84e-03  -3.83e-03  -2.66e-02   1.02e-03 (  3.69e-01,  1.28e+02)
20     -0.011   1.34e-02  -5.12e-02  -7.69e-03  -5.70e-02   3.74e-03 (  4.74e+00,  1.60e+02)
25      0.008   6.37e-02  -2.99e-02   1.35e-02   5.03e-02   1.20e-02 (  2.51e+01,  1.88e+02)
30      0.024   1.35e-01   1.65e-02   3.56e-02   1.86e-01   3.43e-02 (  5.59e+01,  2.09e+02)
35      0.026   1.98e-01   8.17e-02   7.59e-02   1.76e-01   8.78e-02 (  8.16e+01,  2.24e+02)
40      0.014   2.52e-01   1.44e-01   1.54e-01   9.45e-02   2.03e-01 (  1.03e+02,  2.35e+02)
45      0.043   3.20e-01   2.29e-01   2.19e-01   2.99e-01   4.22e-01 (  1.28e+02,  2.41e+02)
50      0.087   3.85e-01   3.49e-01   2.54e-01   6.29e-01   7.96e-01 (  1.48e+02,  2.43e+02)
55      0.131   4.48e-01   4.91e-01   3.38e-01   1.33e+00   1.37e+00 (  1.66e+02,  2.42e+02)
60      0.198   5.46e-01   7.50e-01   4.59e-01   2.71e+00   2.14e+00 (  1.89e+02,  2.37e+02)
65      0.287   7.04e-01   1.13e+00   7.27e-01   4.57e+00   3.07e+00 (  2.19e+02,  2.29e+02)
70      0.343   8.20e-01   1.37e+00   9.41e-01   5.91e+00   4.07e+00 (  2.29e+02,  2.20e+02)
75      0.380   9.09e-01   1.53e+00   1.09e+00   7.02e+00   5.01e+00 (  2.24e+02,  2.10e+02)
80      0.393   9.44e-01   1.58e+00   1.14e+00   7.70e+00   5.78e+00 (  2.02e+02,  1.99e+02)
85      0.389   9.21e-01   1.56e+00   1.11e+00   8.08e+00   6.31e+00 (  1.72e+02,  1.89e+02)
90      0.375   9.01e-01   1.55e+00   1.14e+00   8.43e+00   6.59e+00 (  1.67e+02,  1.79e+02)
95      2.625   5.77e+00   7.23e+00   6.09e+00   1.33e+02   6.65e+00 (  2.62e+03,  1.70e+02)
 1 n: 2.958e-01 e: 6.056e-02 i: 2.780e-01 :: e: 2.038e-02 i: 3.403e-02 :: n: 2.651e+01 e:19.184 i:19.468 v:4.993e+03
>>> tau_he = 5.000000, nhe(0)=2.719494e+00
 5     -9.365  -2.28e-03   3.86e-01  -1.56e-03  -1.87e-01   4.01e-05 ( -6.17e-01,  4.78e+01)
10    -29.966   1.87e-01   1.30e-01   5.12e-02  -3.29e+00   2.37e-04 (  1.06e+02,  9.48e+01)
15     -8.257   2.48e-01   1.89e-01   9.85e-02  -5.88e+00   1.02e-03 (  1.85e+02,  1.28e+02)
20     -1.494   2.45e-01   1.96e-01   9.90e-02  -3.46e+00   3.74e-03 (  2.07e+02,  1.60e+02)
25     -1.307   5.36e-01   6.81e-01   6.16e-01  -2.86e+00   1.20e-02 (  4.14e+02,  1.88e+02)
30      0.131   5.51e-01   7.21e-01   6.23e-01   3.61e-01   3.43e-02 (  3.49e+02,  2.09e+02)
35      0.185   5.14e-01   7.31e-01   6.43e-01   6.65e-01   8.78e-02 (  2.86e+02,  2.24e+02)
40      0.276   4.74e-01   7.54e-01   3.17e-01   2.82e+00   2.03e-01 (  2.40e+02,  2.35e+02)
45      0.298   5.28e-01   9.09e-01   4.64e-01   2.66e+00   4.22e-01 (  2.37e+02,  2.41e+02)
50      0.318   6.04e-01   1.21e+00   6.30e-01   2.94e+00   7.96e-01 (  2.44e+02,  2.43e+02)
55      0.289   6.51e-01   1.39e+00   7.58e-01   2.96e+00   1.37e+00 (  2.35e+02,  2.42e+02)
60      0.157   5.52e-01   1.06e+00   6.91e-01   1.66e+00   2.14e+00 (  1.70e+02,  2.37e+02)
65      0.109   4.99e-01   8.59e-01   6.40e-01   1.12e+00   3.07e+00 (  1.24e+02,  2.29e+02)
70      0.107   4.70e-01   7.80e-01   6.46e-01   1.21e+00   4.07e+00 (  1.01e+02,  2.20e+02)
75      0.125   4.83e-01   8.25e-01   7.07e-01   1.58e+00   5.01e+00 (  9.32e+01,  2.10e+02)
80      0.155   5.20e-01   9.35e-01   7.43e-01   2.21e+00   5.78e+00 (  9.49e+01,  1.99e+02)
85      0.187   6.02e-01   1.06e+00   8.11e-01   3.06e+00   6.31e+00 (  1.10e+02,  1.89e+02)
90      0.216   6.75e-01   1.13e+00   8.83e-01   4.10e+00   6.59e+00 (  1.27e+02,  1.79e+02)
95      2.565   5.75e+00   7.19e+00   6.07e+00   1.26e+02   6.65e+00 (  2.52e+03,  1.70e+02)
 2 n: 9.777e-03 e: 4.248e-02 i: 3.211e-02 :: e: 4.152e-01 i: 4.976e-01 :: n: 2.347e+01 e:25.638 i:31.962 v:4.993e+03
>>> tau_he = 5.000000, nhe(0)=2.866182e+00
 5    -30.915  -1.23e-03   6.05e-01   1.84e-03  -6.28e-01   4.01e-05 ( -5.98e-01,  4.78e+01)
10    -81.791   2.39e-01   1.62e-01   6.61e-02  -9.13e+00   2.37e-04 (  2.09e+02,  9.48e+01)
15    -13.250   9.55e-01   9.28e-01   1.08e+00  -9.61e+00   1.02e-03 (  1.05e+03,  1.28e+02)
20     -2.157   8.14e-01   7.84e-01   9.87e-01  -5.31e+00   3.74e-03 (  9.75e+02,  1.60e+02)
25     -1.191   7.05e-01   6.20e-01   7.85e-01  -2.83e+00   1.20e-02 (  7.09e+02,  1.88e+02)
30     -0.248   5.92e-01   7.13e-01   6.86e-01  -6.91e-01   3.43e-02 (  4.93e+02,  2.09e+02)
35     -0.235   5.42e-01   6.71e-01   5.54e-01  -8.25e-01   8.78e-02 (  3.88e+02,  2.24e+02)
40      0.221   4.84e-01   6.74e-01   3.71e-01   1.71e+00   2.03e-01 (  3.01e+02,  2.35e+02)
45      0.228   5.17e-01   8.02e-01   4.35e-01   1.71e+00   4.22e-01 (  2.68e+02,  2.41e+02)
50      0.260   5.48e-01   9.35e-01   5.04e-01   2.06e+00   7.96e-01 (  2.36e+02,  2.43e+02)
55      0.236   5.65e-01   1.04e+00   5.82e-01   2.20e+00   1.37e+00 (  2.02e+02,  2.42e+02)
60      0.162   4.84e-01   8.37e-01   5.58e-01   1.74e+00   2.14e+00 (  1.39e+02,  2.37e+02)
65      0.143   4.27e-01   7.23e-01   5.34e-01   1.56e+00   3.07e+00 (  9.37e+01,  2.29e+02)
70      0.141   3.85e-01   6.58e-01   5.29e-01   1.71e+00   4.07e+00 (  6.92e+01,  2.20e+02)
75      0.155   3.87e-01   6.91e-01   5.76e-01   2.11e+00   5.01e+00 (  5.96e+01,  2.10e+02)
80      0.183   4.35e-01   7.97e-01   6.32e-01   2.78e+00   5.78e+00 (  6.09e+01,  1.99e+02)
85      0.215   5.10e-01   9.20e-01   6.93e-01   3.71e+00   6.31e+00 (  6.94e+01,  1.89e+02)
90      0.256   6.03e-01   1.05e+00   7.97e-01   5.06e+00   6.59e+00 (  8.19e+01,  1.79e+02)
95      2.572   5.83e+00   7.15e+00   6.00e+00   1.27e+02   6.65e+00 (  2.40e+03,  1.70e+02)
 3 n: 6.242e-03 e: 3.257e-02 i: 1.538e-02 :: e: 5.053e-01 i: 5.217e-01 :: n: 2.345e+01 e:30.167 i:36.717 v:4.993e+03
>>> tau_he = 5.000000, nhe(0)=2.849709e+00
 5    -46.589   1.40e-02   5.75e-01   2.49e-03  -9.64e-01   4.01e-05 (  7.60e+00,  4.78e+01)
10    -66.989   2.39e-01   1.53e-01   4.73e-02  -7.60e+00   2.37e-04 (  1.92e+02,  9.48e+01)
15     -6.084   3.76e-01   2.98e-01  -2.74e-01  -4.49e+00   1.02e-03 (  2.92e+02,  1.28e+02)
20     -1.791   6.15e-01   8.59e-01   6.41e-01  -4.67e+00   3.74e-03 (  5.45e+02,  1.60e+02)
25     -0.399   6.37e-01   6.81e-01   7.25e-01  -1.06e+00   1.20e-02 (  5.55e+02,  1.88e+02)
30     -0.144   5.91e-01   7.32e-01   6.62e-01  -4.48e-01   3.43e-02 (  4.71e+02,  2.09e+02)
35     -0.134   5.57e-01   7.10e-01   5.91e-01  -5.08e-01   8.78e-02 (  4.02e+02,  2.24e+02)
40      0.175   5.16e-01   7.41e-01   4.45e-01   1.15e+00   2.03e-01 (  3.32e+02,  2.35e+02)
45      0.244   5.43e-01   8.72e-01   5.01e-01   1.59e+00   4.22e-01 (  2.94e+02,  2.41e+02)
50      0.286   5.70e-01   1.02e+00   5.77e-01   2.02e+00   7.96e-01 (  2.57e+02,  2.43e+02)
55      0.241   5.83e-01   1.13e+00   6.49e-01   2.11e+00   1.37e+00 (  2.19e+02,  2.42e+02)
60      0.173   5.23e-01   9.60e-01   6.31e-01   1.86e+00   2.14e+00 (  1.60e+02,  2.37e+02)
65      0.152   4.74e-01   8.55e-01   6.10e-01   1.73e+00   3.07e+00 (  1.12e+02,  2.29e+02)
70      0.147   4.32e-01   7.61e-01   5.85e-01   1.89e+00   4.07e+00 (  8.36e+01,  2.20e+02)
75      0.157   4.26e-01   7.53e-01   6.01e-01   2.26e+00   5.01e+00 (  7.00e+01,  2.10e+02)
80      0.177   4.55e-01   8.10e-01   6.14e-01   2.84e+00   5.78e+00 (  6.72e+01,  1.99e+02)
85      0.202   5.07e-01   8.67e-01   6.28e-01   3.63e+00   6.31e+00 (  7.16e+01,  1.89e+02)
90      0.235   5.79e-01   9.42e-01   6.96e-01   4.76e+00   6.59e+00 (  8.00e+01,  1.79e+02)
95      2.587   5.86e+00   7.19e+00   6.00e+00   1.29e+02   6.65e+00 (  2.42e+03,  1.70e+02)
 4 n: 5.158e-03 e: 5.694e-03 i: 1.441e-02 :: e: 4.023e-01 i: 4.563e-01 :: n: 2.357e+01 e:28.312 i:35.291 v:4.993e+03
>>> tau_he = 5.000000, nhe(0)=2.798998e+00
 5    -48.916   1.24e-02   5.00e-01   1.85e-03  -1.03e+00   4.01e-05 (  7.14e+00,  4.78e+01)
10    -48.240   2.01e-01   1.23e-01   3.93e-02  -5.55e+00   2.37e-04 (  1.52e+02,  9.48e+01)
15     -4.927   2.80e-01   1.89e-01  -9.13e-02  -3.69e+00   1.02e-03 (  2.00e+02,  1.28e+02)
20     -1.641   2.18e-01   2.13e-01   1.12e-01  -4.50e+00   3.74e-03 (  1.67e+02,  1.60e+02)
25     -0.404   5.31e-01   6.67e-01   5.72e-01  -1.19e+00   1.20e-02 (  4.06e+02,  1.88e+02)
30      0.040   5.40e-01   6.60e-01   5.92e-01   1.38e-01   3.43e-02 (  3.93e+02,  2.09e+02)
35      0.006   5.15e-01   6.56e-01   5.48e-01   2.63e-02   8.78e-02 (  3.50e+02,  2.24e+02)
40      0.125   4.98e-01   6.89e-01   4.28e-01   7.36e-01   2.03e-01 (  3.09e+02,  2.35e+02)
45      0.160   5.19e-01   7.90e-01   4.91e-01   9.42e-01   4.22e-01 (  2.74e+02,  2.41e+02)
50      0.235   5.48e-01   8.87e-01   4.81e-01   1.51e+00   7.96e-01 (  2.42e+02,  2.43e+02)
55      0.152   4.86e-01   7.78e-01   4.70e-01   1.26e+00   1.37e+00 (  1.80e+02,  2.42e+02)
60      0.167   5.03e-01   8.64e-01   5.73e-01   1.81e+00   2.14e+00 (  1.54e+02,  2.37e+02)
65      0.163   4.78e-01   8.37e-01   5.90e-01   1.94e+00   3.07e+00 (  1.14e+02,  2.29e+02)
70      0.165   4.53e-01   7.93e-01   5.94e-01   2.24e+00   4.07e+00 (  8.89e+01,  2.20e+02)
75      0.181   4.62e-01   8.11e-01   6.26e-01   2.75e+00   5.01e+00 (  7.66e+01,  2.10e+02)
80      0.205   5.00e-01   8.79e-01   6.50e-01   3.47e+00   5.78e+00 (  7.35e+01,  1.99e+02)
85      0.230   5.58e-01   9.39e-01   6.77e-01   4.33e+00   6.31e+00 (  7.70e+01,  1.89e+02)
90      0.262   6.25e-01   1.01e+00   7.35e-01   5.47e+00   6.59e+00 (  8.30e+01,  1.79e+02)
95      2.597   5.88e+00   7.19e+00   5.99e+00   1.30e+02   6.65e+00 (  2.42e+03,  1.70e+02)
 5 n: 2.859e-03 e: 3.892e-03 i: 6.531e-03 :: e: 2.889e-01 i: 3.292e-01 :: n: 2.376e+01 e:26.900 i:32.613 v:4.993e+03
>>> tau_he = 5.000000, nhe(0)=2.761669e+00
 5    -47.151   1.05e-02   4.49e-01   2.27e-03  -1.00e+00   4.01e-05 (  6.07e+00,  4.78e+01)
10    -40.988   1.81e-01   1.08e-01   4.13e-02  -4.77e+00   2.37e-04 (  1.29e+02,  9.48e+01)
15     -2.223   5.73e-01   7.06e-01   5.62e-01  -1.69e+00   1.02e-03 (  3.83e+02,  1.28e+02)
20     -1.269   1.99e-01   1.99e-01   1.12e-01  -3.64e+00   3.74e-03 (  1.43e+02,  1.60e+02)
25     -0.494   2.75e-01   2.72e-01   7.68e-02  -1.55e+00   1.20e-02 (  1.89e+02,  1.88e+02)
30     -0.201   4.77e-01   6.12e-01   5.11e-01  -7.08e-01   3.43e-02 (  3.12e+02,  2.09e+02)
35      0.008   4.79e-01   6.18e-01   4.58e-01   3.25e-02   8.78e-02 (  2.98e+02,  2.24e+02)
40      0.079   4.83e-01   6.77e-01   4.26e-01   4.30e-01   2.03e-01 (  2.79e+02,  2.35e+02)
45      0.122   4.95e-01   7.26e-01   4.88e-01   6.65e-01   4.22e-01 (  2.48e+02,  2.41e+02)
50      0.212   5.25e-01   8.51e-01   4.69e-01   1.27e+00   7.96e-01 (  2.24e+02,  2.43e+02)
55      0.148   4.76e-01   7.61e-01   4.64e-01   1.22e+00   1.37e+00 (  1.74e+02,  2.42e+02)
60      0.164   4.97e-01   8.54e-01   5.67e-01   1.80e+00   2.14e+00 (  1.53e+02,  2.37e+02)
65      0.167   4.92e-01   8.69e-01   6.04e-01   2.06e+00   3.07e+00 (  1.21e+02,  2.29e+02)
70      0.174   4.85e-01   8.49e-01   6.21e-01   2.47e+00   4.07e+00 (  9.92e+01,  2.20e+02)
75      0.194   5.06e-01   8.77e-01   6.58e-01   3.08e+00   5.01e+00 (  8.82e+01,  2.10e+02)
80      0.219   5.48e-01   9.40e-01   6.82e-01   3.84e+00   5.78e+00 (  8.48e+01,  1.99e+02)
85      0.241   5.94e-01   9.77e-01   6.88e-01   4.66e+00   6.31e+00 (  8.60e+01,  1.89e+02)
90      0.265   6.46e-01   1.02e+00   7.32e-01   5.64e+00   6.59e+00 (  8.92e+01,  1.79e+02)
95      2.607   5.90e+00   7.22e+00   6.00e+00   1.31e+02   6.65e+00 (  2.44e+03,  1.70e+02)
 6 n: 1.992e-03 e: 3.681e-03 i: 7.842e-03 :: e: 2.279e-01 i: 2.699e-01 :: n: 2.393e+01 e:25.751 i:30.830 v:4.993e+03
>>> tau_he = 5.000000, nhe(0)=2.734600e+00
 5    -46.460   1.97e-02   4.06e-01   3.75e-03  -9.99e-01   4.01e-05 (  1.15e+01,  4.78e+01)
10    -34.564   1.68e-01   9.51e-02   4.18e-02  -4.05e+00   2.37e-04 (  1.12e+02,  9.48e+01)
15     -3.801   2.05e-01   1.52e-01   1.14e-01  -2.91e+00   1.02e-03 (  1.22e+02,  1.28e+02)
20     -0.716   1.87e-01   1.85e-01   1.02e-01  -2.14e+00   3.74e-03 (  1.28e+02,  1.60e+02)
25     -0.399   2.51e-01   2.53e-01   7.72e-02  -1.38e+00   1.20e-02 (  1.65e+02,  1.88e+02)
30     -0.180   4.01e-01   4.51e-01   3.48e-01  -6.91e-01   3.43e-02 (  2.44e+02,  2.09e+02)
35     -0.009   4.48e-01   5.56e-01   4.28e-01  -3.82e-02   8.78e-02 (  2.58e+02,  2.24e+02)
40      0.045   4.55e-01   6.23e-01   3.67e-01   2.27e-01   2.03e-01 (  2.45e+02,  2.35e+02)
45     -0.005   4.02e-01   5.14e-01   3.89e-01  -2.59e-02   4.22e-01 (  1.90e+02,  2.41e+02)
50      0.190   4.90e-01   7.64e-01   4.36e-01   1.09e+00   7.96e-01 (  2.00e+02,  2.43e+02)
55      0.140   4.51e-01   6.92e-01   4.28e-01   1.16e+00   1.37e+00 (  1.60e+02,  2.42e+02)
60      0.158   4.73e-01   7.84e-01   5.22e-01   1.76e+00   2.14e+00 (  1.42e+02,  2.37e+02)
65      0.170   4.85e-01   8.41e-01   5.79e-01   2.16e+00   3.07e+00 (  1.19e+02,  2.29e+02)
70      0.183   4.95e-01   8.57e-01   6.16e-01   2.70e+00   4.07e+00 (  1.02e+02,  2.20e+02)
75      0.208   5.32e-01   9.10e-01   6.68e-01   3.44e+00   5.01e+00 (  9.34e+01,  2.10e+02)
80      0.236   5.83e-01   9.84e-01   7.04e-01   4.29e+00   5.78e+00 (  9.10e+01,  1.99e+02)
85      0.256   6.26e-01   1.02e+00   7.11e-01   5.09e+00   6.31e+00 (  9.08e+01,  1.89e+02)
90      0.277   6.67e-01   1.06e+00   7.61e-01   5.99e+00   6.59e+00 (  9.16e+01,  1.79e+02)
95      2.613   5.91e+00   7.22e+00   6.00e+00   1.32e+02   6.65e+00 (  2.44e+03,  1.70e+02)
 7 n: 1.337e-03 e: 7.645e-04 i: 1.466e-03 :: e: 1.458e-01 i: 1.758e-01 :: n: 2.411e+01 e:24.632 i:29.442 v:4.993e+03
>>> tau_he = 5.000000, nhe(0)=2.737136e+00
 5    -43.861   1.34e-02   3.86e-01   2.57e-03  -9.50e-01   4.01e-05 (  7.78e+00,  4.78e+01)
10    -31.905   1.59e-01   8.78e-02   4.30e-02  -3.76e+00   2.37e-04 (  1.03e+02,  9.48e+01)
15     -3.442   2.05e-01   1.49e-01   1.12e-01  -2.66e+00   1.02e-03 (  1.20e+02,  1.28e+02)
20     -0.636   1.79e-01   1.81e-01   9.65e-02  -1.97e+00   3.74e-03 (  1.22e+02,  1.60e+02)
25     -0.301   2.39e-01   2.43e-01   7.79e-02  -1.14e+00   1.20e-02 (  1.55e+02,  1.88e+02)
30     -0.195   2.60e-01   2.72e-01   1.50e-01  -8.31e-01   3.43e-02 (  1.52e+02,  2.09e+02)
35     -0.021   3.98e-01   4.91e-01   3.87e-01  -9.42e-02   8.78e-02 (  2.19e+02,  2.24e+02)
40      0.058   4.41e-01   5.92e-01   4.21e-01   2.97e-01   2.03e-01 (  2.28e+02,  2.35e+02)
45      0.005   3.85e-01   4.97e-01   3.67e-01   2.76e-02   4.22e-01 (  1.77e+02,  2.41e+02)
50      0.107   4.09e-01   5.58e-01   3.57e-01   6.02e-01   7.96e-01 (  1.62e+02,  2.43e+02)
55      0.133   4.38e-01   6.67e-01   4.19e-01   1.09e+00   1.37e+00 (  1.53e+02,  2.42e+02)
60      0.151   4.61e-01   7.58e-01   5.06e-01   1.71e+00   2.14e+00 (  1.38e+02,  2.37e+02)
65      0.169   4.86e-01   8.39e-01   5.71e-01   2.21e+00   3.07e+00 (  1.19e+02,  2.29e+02)
70      0.187   5.08e-01   8.74e-01   6.20e-01   2.84e+00   4.07e+00 (  1.06e+02,  2.20e+02)
75      0.216   5.55e-01   9.37e-01   6.77e-01   3.67e+00   5.01e+00 (  9.96e+01,  2.10e+02)
80      0.245   6.10e-01   1.01e+00   7.11e-01   4.56e+00   5.78e+00 (  9.72e+01,  1.99e+02)
85      0.267   6.61e-01   1.06e+00   7.35e-01   5.41e+00   6.31e+00 (  9.77e+01,  1.89e+02)
90      0.279   6.77e-01   1.06e+00   7.62e-01   6.11e+00   6.59e+00 (  9.44e+01,  1.79e+02)
95      2.619   5.92e+00   7.23e+00   6.00e+00   1.32e+02   6.65e+00 (  2.45e+03,  1.70e+02)
 8 n: 7.799e-04 e: 5.011e-04 i: 6.684e-04 :: e: 1.181e-01 i: 1.354e-01 :: n: 2.435e+01 e:24.153 i:28.584 v:4.993e+03
>>> tau_he = 5.000000, nhe(0)=2.756059e+00
 5    -41.904   1.33e-02   3.78e-01   2.58e-03  -9.12e-01   4.01e-05 (  7.73e+00,  4.78e+01)
10    -29.925   1.54e-01   9.08e-02   5.09e-02  -3.55e+00   2.37e-04 (  9.78e+01,  9.48e+01)
15     -3.306   1.98e-01   1.43e-01   1.05e-01  -2.56e+00   1.02e-03 (  1.16e+02,  1.28e+02)
20     -0.580   1.72e-01   1.72e-01   9.04e-02  -1.85e+00   3.74e-03 (  1.16e+02,  1.60e+02)
25     -0.236   2.28e-01   2.31e-01   6.75e-02  -9.76e-01   1.20e-02 (  1.47e+02,  1.88e+02)
30     -0.142   2.49e-01   2.59e-01   1.38e-01  -6.68e-01   3.43e-02 (  1.44e+02,  2.09e+02)
35     -0.025   3.76e-01   4.54e-01   3.57e-01  -1.20e-01   8.78e-02 (  2.00e+02,  2.24e+02)
40      0.046   4.18e-01   5.54e-01   4.28e-01   2.30e-01   2.03e-01 (  2.08e+02,  2.35e+02)
45      0.014   3.66e-01   4.66e-01   3.37e-01   7.78e-02   4.22e-01 (  1.64e+02,  2.41e+02)
50      0.104   3.94e-01   5.29e-01   3.31e-01   5.98e-01   7.96e-01 (  1.53e+02,  2.43e+02)
55      0.130   4.24e-01   6.31e-01   3.99e-01   1.08e+00   1.37e+00 (  1.46e+02,  2.42e+02)
60      0.147   4.46e-01   7.16e-01   4.81e-01   1.69e+00   2.14e+00 (  1.31e+02,  2.37e+02)
65      0.170   4.78e-01   8.18e-01   5.52e-01   2.28e+00   3.07e+00 (  1.17e+02,  2.29e+02)
70      0.192   5.11e-01   8.72e-01   6.12e-01   2.99e+00   4.07e+00 (  1.06e+02,  2.20e+02)
75      0.224   5.67e-01   9.48e-01   6.76e-01   3.90e+00   5.01e+00 (  1.02e+02,  2.10e+02)
80      0.254   6.27e-01   1.03e+00   7.15e-01   4.82e+00   5.78e+00 (  9.95e+01,  1.99e+02)
85      0.274   6.71e-01   1.08e+00   7.50e-01   5.63e+00   6.31e+00 (  9.83e+01,  1.89e+02)
90      0.276   6.68e-01   1.05e+00   7.46e-01   6.08e+00   6.59e+00 (  9.21e+01,  1.79e+02)
95      2.621   5.92e+00   7.23e+00   5.99e+00   1.33e+02   6.65e+00 (  2.45e+03,  1.70e+02)
 9 n: 4.638e-04 e: 1.576e-04 i: 3.994e-04 :: e: 1.085e-01 i: 1.264e-01 :: n: 2.458e+01 e:23.729 i:28.161 v:4.993e+03
>>> tau_he = 5.000000, nhe(0)=2.774667e+00
 5    -40.591   1.31e-02   3.71e-01   2.52e-03  -8.87e-01   4.01e-05 (  7.66e+00,  4.78e+01)
10    -29.018   1.49e-01   8.68e-02   5.15e-02  -3.45e+00   2.37e-04 (  9.40e+01,  9.48e+01)
15     -3.255   1.97e-01   1.56e-01   5.03e-02  -2.53e+00   1.02e-03 (  1.16e+02,  1.28e+02)
20     -0.557   1.70e-01   1.75e-01   6.89e-02  -1.81e+00   3.74e-03 (  1.15e+02,  1.60e+02)
25     -0.188   2.24e-01   2.27e-01   5.92e-02  -8.45e-01   1.20e-02 (  1.45e+02,  1.88e+02)
30     -0.103   2.44e-01   2.56e-01   1.27e-01  -5.32e-01   3.43e-02 (  1.42e+02,  2.09e+02)
35     -0.013   3.63e-01   4.38e-01   3.52e-01  -6.69e-02   8.78e-02 (  1.91e+02,  2.24e+02)
40      0.038   4.07e-01   5.37e-01   4.36e-01   1.90e-01   2.03e-01 (  1.99e+02,  2.35e+02)
45      0.018   3.59e-01   4.57e-01   3.26e-01   1.08e-01   4.22e-01 (  1.60e+02,  2.41e+02)
50      0.103   3.90e-01   5.25e-01   3.28e-01   6.03e-01   7.96e-01 (  1.51e+02,  2.43e+02)
55      0.127   4.19e-01   6.23e-01   3.94e-01   1.07e+00   1.37e+00 (  1.44e+02,  2.42e+02)
60      0.143   4.40e-01   7.07e-01   4.67e-01   1.66e+00   2.14e+00 (  1.30e+02,  2.37e+02)
65      0.170   4.81e-01   8.20e-01   5.49e-01   2.33e+00   3.07e+00 (  1.18e+02,  2.29e+02)
70      0.195   5.20e-01   8.83e-01   6.14e-01   3.11e+00   4.07e+00 (  1.09e+02,  2.20e+02)
75      0.229   5.81e-01   9.62e-01   6.79e-01   4.07e+00   5.01e+00 (  1.05e+02,  2.10e+02)
80      0.258   6.41e-01   1.03e+00   7.16e-01   4.97e+00   5.78e+00 (  1.02e+02,  1.99e+02)
85      0.278   6.82e-01   1.08e+00   7.50e-01   5.76e+00   6.31e+00 (  1.01e+02,  1.89e+02)
90      0.277   6.72e-01   1.05e+00   7.40e-01   6.14e+00   6.59e+00 (  9.30e+01,  1.79e+02)
95      2.625   5.93e+00   7.24e+00   5.99e+00   1.33e+02   6.65e+00 (  2.45e+03,  1.70e+02)
10 n: 3.165e-04 e: 1.241e-04 i: 2.045e-04 :: e: 9.270e-02 i: 1.099e-01 :: n: 2.479e+01 e:23.621 i:27.792 v:4.993e+03
>>> tau_he = 5.000000, nhe(0)=2.803347e+00
 5    -39.126   1.30e-02   3.70e-01   2.40e-03  -8.57e-01   4.01e-05 (  7.60e+00,  4.78e+01)
10    -28.510   1.64e-01   1.33e-01   4.74e-02  -3.39e+00   2.37e-04 (  1.02e+02,  9.48e+01)
15     -3.220   1.93e-01   1.38e-01   9.24e-02  -2.51e+00   1.02e-03 (  1.14e+02,  1.28e+02)
20     -0.535   1.67e-01   1.71e-01   6.05e-02  -1.78e+00   3.74e-03 (  1.14e+02,  1.60e+02)
25     -0.149   2.18e-01   2.21e-01   4.74e-02  -7.25e-01   1.20e-02 (  1.42e+02,  1.88e+02)
30     -0.070   2.38e-01   2.49e-01   1.12e-01  -3.99e-01   3.43e-02 (  1.39e+02,  2.09e+02)
35     -0.002   3.52e-01   4.18e-01   3.28e-01  -8.30e-03   8.78e-02 (  1.83e+02,  2.24e+02)
40     -0.051   3.30e-01   3.65e-01   3.48e-01  -2.60e-01   2.03e-01 (  1.59e+02,  2.35e+02)
45      0.022   3.52e-01   4.42e-01   3.12e-01   1.37e-01   4.22e-01 (  1.55e+02,  2.41e+02)
50      0.104   3.85e-01   5.12e-01   3.19e-01   6.14e-01   7.96e-01 (  1.49e+02,  2.43e+02)
55      0.128   4.16e-01   6.07e-01   4.04e-01   1.09e+00   1.37e+00 (  1.42e+02,  2.42e+02)
60      0.141   4.35e-01   6.89e-01   4.52e-01   1.66e+00   2.14e+00 (  1.28e+02,  2.37e+02)
65      0.172   4.82e-01   8.15e-01   5.42e-01   2.40e+00   3.07e+00 (  1.18e+02,  2.29e+02)
70      0.199   5.26e-01   8.87e-01   6.12e-01   3.24e+00   4.07e+00 (  1.10e+02,  2.20e+02)
75      0.235   5.91e-01   9.71e-01   6.80e-01   4.24e+00   5.01e+00 (  1.07e+02,  2.10e+02)
80      0.263   6.51e-01   1.04e+00   7.19e-01   5.15e+00   5.78e+00 (  1.04e+02,  1.99e+02)
85      0.282   6.90e-01   1.09e+00   7.52e-01   5.90e+00   6.31e+00 (  1.01e+02,  1.89e+02)
90      0.280   6.78e-01   1.06e+00   7.42e-01   6.24e+00   6.59e+00 (  9.32e+01,  1.79e+02)
95      2.627   5.94e+00   7.24e+00   5.99e+00   1.33e+02   6.65e+00 (  2.45e+03,  1.70e+02)
11 n: 2.257e-04 e: 4.976e-05 i: 2.521e-04 :: e: 8.587e-02 i: 1.055e-01 :: n: 2.499e+01 e:23.460 i:27.635 v:4.993e+03
>>> tau_he = 5.000000, nhe(0)=2.828911e+00
 5    -37.459   1.27e-02   3.67e-01   2.27e-03  -8.22e-01   4.01e-05 (  7.53e+00,  4.78e+01)
10    -27.903   1.57e-01   1.25e-01   4.95e-02  -3.32e+00   2.37e-04 (  9.76e+01,  9.48e+01)
15     -3.296   1.84e-01   1.32e-01   9.80e-02  -2.57e+00   1.02e-03 (  1.09e+02,  1.28e+02)
20     -0.532   1.64e-01   1.68e-01   6.48e-02  -1.80e+00   3.74e-03 (  1.13e+02,  1.60e+02)
25     -0.124   2.15e-01   2.17e-01   3.79e-02  -6.51e-01   1.20e-02 (  1.42e+02,  1.88e+02)
30     -0.045   2.37e-01   2.44e-01   1.01e-01  -2.84e-01   3.43e-02 (  1.41e+02,  2.09e+02)
35      0.026   3.51e-01   4.02e-01   3.04e-01   1.53e-01   8.78e-02 (  1.84e+02,  2.24e+02)
40     -0.029   3.27e-01   3.62e-01   3.35e-01  -1.61e-01   2.03e-01 (  1.58e+02,  2.35e+02)
45      0.054   3.49e-01   4.34e-01   2.96e-01   3.52e-01   4.22e-01 (  1.55e+02,  2.41e+02)
50      0.102   3.85e-01   5.13e-01   3.19e-01   6.15e-01   7.96e-01 (  1.50e+02,  2.43e+02)
55      0.126   4.16e-01   6.05e-01   4.02e-01   1.09e+00   1.37e+00 (  1.43e+02,  2.42e+02)
60      0.140   4.35e-01   6.88e-01   4.49e-01   1.67e+00   2.14e+00 (  1.29e+02,  2.37e+02)
65      0.173   4.87e-01   8.23e-01   5.43e-01   2.46e+00   3.07e+00 (  1.21e+02,  2.29e+02)
70      0.202   5.36e-01   9.00e-01   6.16e-01   3.35e+00   4.07e+00 (  1.14e+02,  2.20e+02)
75      0.239   6.03e-01   9.84e-01   6.85e-01   4.38e+00   5.01e+00 (  1.10e+02,  2.10e+02)
80      0.268   6.63e-01   1.06e+00   7.24e-01   5.28e+00   5.78e+00 (  1.07e+02,  1.99e+02)
85      0.286   7.02e-01   1.10e+00   7.57e-01   6.02e+00   6.31e+00 (  1.03e+02,  1.89e+02)
90      0.280   6.82e-01   1.05e+00   7.39e-01   6.29e+00   6.59e+00 (  9.40e+01,  1.79e+02)
95      2.630   5.94e+00   7.25e+00   5.99e+00   1.34e+02   6.65e+00 (  2.45e+03,  1.70e+02)
12 n: 1.768e-04 e: 4.714e-05 i: 1.751e-04 :: e: 7.286e-02 i: 9.168e-02 :: n: 2.524e+01 e:23.494 i:27.296 v:4.993e+03
>>> tau_he = 5.000000, nhe(0)=2.849254e+00
 5    -31.200   1.05e-02   3.60e-01   2.37e-03  -6.85e-01   4.01e-05 (  6.17e+00,  4.78e+01)
10    -20.415   1.52e-01   1.10e-01   2.95e-02  -2.43e+00   2.37e-04 (  9.31e+01,  9.48e+01)
15     -3.301   1.79e-01   1.28e-01   1.01e-01  -2.58e+00   1.02e-03 (  1.06e+02,  1.28e+02)
20     -0.525   1.59e-01   1.58e-01   7.97e-02  -1.79e+00   3.74e-03 (  1.09e+02,  1.60e+02)
25     -0.124   1.84e-01   1.90e-01   7.02e-02  -6.93e-01   1.20e-02 (  1.22e+02,  1.88e+02)
30     -0.047   2.36e-01   2.40e-01   9.90e-02  -3.00e-01   3.43e-02 (  1.40e+02,  2.09e+02)
35     -0.074   2.69e-01   2.81e-01   1.88e-01  -4.27e-01   8.78e-02 (  1.41e+02,  2.24e+02)
40      0.062   3.88e-01   4.97e-01   3.81e-01   3.76e-01   2.03e-01 (  1.89e+02,  2.35e+02)
45      0.054   3.47e-01   4.26e-01   2.90e-01   3.61e-01   4.22e-01 (  1.55e+02,  2.41e+02)
50      0.103   3.84e-01   5.07e-01   3.17e-01   6.40e-01   7.96e-01 (  1.51e+02,  2.43e+02)
55      0.125   4.14e-01   5.97e-01   3.93e-01   1.10e+00   1.37e+00 (  1.43e+02,  2.42e+02)
60      0.140   4.36e-01   6.82e-01   4.42e-01   1.70e+00   2.14e+00 (  1.30e+02,  2.37e+02)
65      0.175   4.91e-01   8.26e-01   5.40e-01   2.54e+00   3.07e+00 (  1.23e+02,  2.29e+02)
70      0.207   5.43e-01   9.07e-01   6.17e-01   3.48e+00   4.07e+00 (  1.16e+02,  2.20e+02)
75      0.244   6.13e-01   9.94e-01   6.88e-01   4.53e+00   5.01e+00 (  1.12e+02,  2.10e+02)
80      0.272   6.72e-01   1.07e+00   7.28e-01   5.42e+00   5.78e+00 (  1.08e+02,  1.99e+02)
85      0.289   7.09e-01   1.10e+00   7.61e-01   6.13e+00   6.31e+00 (  1.04e+02,  1.89e+02)
90      0.283   6.87e-01   1.06e+00   7.43e-01   6.38e+00   6.59e+00 (  9.46e+01,  1.79e+02)
95      2.633   5.94e+00   7.25e+00   5.99e+00   1.34e+02   6.65e+00 (  2.45e+03,  1.70e+02)
13 n: 1.718e-04 e: 6.931e-05 i: 1.304e-04 :: e: 7.193e-02 i: 8.972e-02 :: n: 2.540e+01 e:23.425 i:27.129 v:4.993e+03
>>> tau_he = 5.000000, nhe(0)=2.864921e+00
 5    -29.934   1.13e-02   3.61e-01   2.26e-03  -6.57e-01   4.01e-05 (  6.65e+00,  4.78e+01)
10    -21.506   1.48e-01   1.04e-01   3.12e-02  -2.56e+00   2.37e-04 (  8.99e+01,  9.48e+01)
15     -3.323   1.80e-01   1.28e-01   1.04e-01  -2.59e+00   1.02e-03 (  1.07e+02,  1.28e+02)
20     -0.525   1.60e-01   1.58e-01   7.92e-02  -1.82e+00   3.74e-03 (  1.11e+02,  1.60e+02)
25     -0.086   1.90e-01   1.89e-01   5.99e-02  -5.16e-01   1.20e-02 (  1.28e+02,  1.88e+02)
30     -0.025   2.40e-01   2.40e-01   8.57e-02  -1.73e-01   3.43e-02 (  1.45e+02,  2.09e+02)
35      0.018   3.52e-01   3.98e-01   3.03e-01   1.06e-01   8.78e-02 (  1.86e+02,  2.24e+02)
40     -0.036   3.24e-01   3.52e-01   3.25e-01  -2.03e-01   2.03e-01 (  1.58e+02,  2.35e+02)
45      0.050   3.49e-01   4.25e-01   2.93e-01   3.30e-01   4.22e-01 (  1.57e+02,  2.41e+02)
50      0.102   3.86e-01   5.09e-01   3.18e-01   6.47e-01   7.96e-01 (  1.53e+02,  2.43e+02)
55      0.125   4.16e-01   6.00e-01   3.94e-01   1.11e+00   1.37e+00 (  1.45e+02,  2.42e+02)
60      0.140   4.40e-01   6.87e-01   4.42e-01   1.73e+00   2.14e+00 (  1.33e+02,  2.37e+02)
65      0.177   4.99e-01   8.38e-01   5.45e-01   2.61e+00   3.07e+00 (  1.26e+02,  2.29e+02)
70      0.210   5.54e-01   9.21e-01   6.24e-01   3.57e+00   4.07e+00 (  1.20e+02,  2.20e+02)
75      0.248   6.24e-01   1.01e+00   6.94e-01   4.64e+00   5.01e+00 (  1.15e+02,  2.10e+02)
80      0.276   6.81e-01   1.08e+00   7.33e-01   5.52e+00   5.78e+00 (  1.10e+02,  1.99e+02)
85      0.291   7.14e-01   1.11e+00   7.64e-01   6.18e+00   6.31e+00 (  1.06e+02,  1.89e+02)
90      0.284   6.90e-01   1.06e+00   7.44e-01   6.42e+00   6.59e+00 (  9.56e+01,  1.79e+02)
95      2.635   5.94e+00   7.25e+00   5.99e+00   1.34e+02   6.65e+00 (  2.45e+03,  1.70e+02)
14 n: 8.539e-05 e: 3.347e-05 i: 7.670e-05 :: e: 5.288e-02 i: 7.189e-02 :: n: 2.551e+01 e:23.506 i:27.056 v:4.993e+03
>>> tau_he = 5.000000, nhe(0)=2.894802e+00
 5    -28.634   1.14e-02   3.65e-01   3.36e-03  -6.27e-01   4.01e-05 (  6.76e+00,  4.78e+01)
10    -21.227   1.47e-01   1.00e-01   2.99e-02  -2.52e+00   2.37e-04 (  8.84e+01,  9.48e+01)
15     -3.407   1.80e-01   1.26e-01   9.41e-02  -2.65e+00   1.02e-03 (  1.07e+02,  1.28e+02)
20     -0.529   1.60e-01   1.57e-01   7.65e-02  -1.84e+00   3.74e-03 (  1.12e+02,  1.60e+02)
25     -0.068   1.91e-01   1.87e-01   4.98e-02  -4.34e-01   1.20e-02 (  1.30e+02,  1.88e+02)
30     -0.024   2.40e-01   2.38e-01   8.12e-02  -1.66e-01   3.43e-02 (  1.47e+02,  2.09e+02)
35     -0.073   2.71e-01   2.79e-01   1.84e-01  -4.30e-01   8.78e-02 (  1.44e+02,  2.24e+02)
40      0.058   3.89e-01   4.91e-01   3.77e-01   3.50e-01   2.03e-01 (  1.91e+02,  2.35e+02)
45      0.052   3.49e-01   4.21e-01   2.90e-01   3.45e-01   4.22e-01 (  1.58e+02,  2.41e+02)
50      0.103   3.87e-01   5.07e-01   3.15e-01   6.63e-01   7.96e-01 (  1.55e+02,  2.43e+02)
55      0.125   4.17e-01   5.98e-01   3.90e-01   1.13e+00   1.37e+00 (  1.47e+02,  2.42e+02)
60      0.141   4.44e-01   6.87e-01   4.41e-01   1.77e+00   2.14e+00 (  1.35e+02,  2.37e+02)
65      0.180   5.05e-01   8.44e-01   5.46e-01   2.68e+00   3.07e+00 (  1.29e+02,  2.29e+02)
70      0.214   5.62e-01   9.30e-01   6.28e-01   3.67e+00   4.07e+00 (  1.22e+02,  2.20e+02)
75      0.252   6.32e-01   1.02e+00   7.00e-01   4.74e+00   5.01e+00 (  1.17e+02,  2.10e+02)
80      0.279   6.89e-01   1.09e+00   7.39e-01   5.62e+00   5.78e+00 (  1.12e+02,  1.99e+02)
85      0.294   7.19e-01   1.12e+00   7.70e-01   6.26e+00   6.31e+00 (  1.07e+02,  1.89e+02)
90      0.291   7.09e-01   1.10e+00   7.71e-01   6.58e+00   6.59e+00 (  9.84e+01,  1.79e+02)
95      2.636   5.95e+00   7.25e+00   5.99e+00   1.34e+02   6.65e+00 (  2.46e+03,  1.70e+02)
15 n: 1.025e-04 e: 7.163e-05 i: 9.415e-05 :: e: 4.680e-02 i: 6.403e-02 :: n: 2.566e+01 e:23.551 i:27.116 v:4.993e+03
>>> tau_he = 5.000000, nhe(0)=2.915034e+00
 5    -28.203   1.17e-02   3.70e-01   3.20e-03  -6.17e-01   4.01e-05 (  6.96e+00,  4.78e+01)
10    -21.133   1.46e-01   9.79e-02   3.02e-02  -2.51e+00   2.37e-04 (  8.79e+01,  9.48e+01)
15     -3.485   1.83e-01   1.26e-01   9.67e-02  -2.71e+00   1.02e-03 (  1.09e+02,  1.28e+02)
20     -0.539   1.62e-01   1.58e-01   7.57e-02  -1.89e+00   3.74e-03 (  1.14e+02,  1.60e+02)
25     -0.042   1.96e-01   1.89e-01   4.42e-02  -2.83e-01   1.20e-02 (  1.36e+02,  1.88e+02)
30      0.121   3.54e-01   3.96e-01   2.15e-01   9.34e-01   3.43e-02 (  2.20e+02,  2.09e+02)
35      0.019   3.57e-01   3.98e-01   3.00e-01   1.13e-01   8.78e-02 (  1.93e+02,  2.24e+02)
40     -0.039   3.26e-01   3.48e-01   3.19e-01  -2.22e-01   2.03e-01 (  1.61e+02,  2.35e+02)
45      0.049   3.52e-01   4.23e-01   2.95e-01   3.22e-01   4.22e-01 (  1.62e+02,  2.41e+02)
50      0.103   3.92e-01   5.12e-01   3.17e-01   6.73e-01   7.96e-01 (  1.59e+02,  2.43e+02)
55      0.125   4.22e-01   6.04e-01   3.92e-01   1.15e+00   1.37e+00 (  1.50e+02,  2.42e+02)
60      0.142   4.53e-01   6.96e-01   4.40e-01   1.79e+00   2.14e+00 (  1.40e+02,  2.37e+02)
65      0.182   5.14e-01   8.58e-01   5.53e-01   2.74e+00   3.07e+00 (  1.33e+02,  2.29e+02)
70      0.217   5.72e-01   9.45e-01   6.35e-01   3.75e+00   4.07e+00 (  1.26e+02,  2.20e+02)
75      0.255   6.42e-01   1.03e+00   7.08e-01   4.82e+00   5.01e+00 (  1.20e+02,  2.10e+02)
80      0.282   6.97e-01   1.10e+00   7.46e-01   5.68e+00   5.78e+00 (  1.14e+02,  1.99e+02)
85      0.295   7.24e-01   1.13e+00   7.76e-01   6.30e+00   6.31e+00 (  1.08e+02,  1.89e+02)
90      0.284   6.93e-01   1.07e+00   7.45e-01   6.44e+00   6.59e+00 (  9.68e+01,  1.79e+02)
95      2.636   5.94e+00   7.25e+00   6.00e+00   1.34e+02   6.65e+00 (  2.46e+03,  1.70e+02)
16 n: 6.377e-05 e: 8.475e-05 i: 2.113e-04 :: e: 3.746e-02 i: 5.772e-02 :: n: 2.574e+01 e:23.696 i:27.180 v:4.993e+03
>>> tau_he = 5.000000, nhe(0)=2.926289e+00
 5    -27.883   1.18e-02   3.75e-01   3.08e-03  -6.09e-01   4.01e-05 (  7.00e+00,  4.78e+01)
10    -20.996   1.46e-01   9.63e-02   2.99e-02  -2.49e+00   2.37e-04 (  8.72e+01,  9.48e+01)
15     -3.473   1.84e-01   1.28e-01   9.20e-02  -2.70e+00   1.02e-03 (  1.11e+02,  1.28e+02)
20     -0.549   1.65e-01   1.65e-01   5.50e-02  -1.93e+00   3.74e-03 (  1.17e+02,  1.60e+02)
25     -0.051   1.98e-01   1.90e-01   4.46e-02  -3.35e-01   1.20e-02 (  1.38e+02,  1.88e+02)
30     -0.037   2.38e-01   2.36e-01   8.56e-02  -2.53e-01   3.43e-02 (  1.47e+02,  2.09e+02)
35     -0.070   2.75e-01   2.79e-01   1.79e-01  -4.24e-01   8.78e-02 (  1.49e+02,  2.24e+02)
40      0.058   3.94e-01   4.91e-01   3.73e-01   3.56e-01   2.03e-01 (  1.97e+02,  2.35e+02)
45      0.051   3.55e-01   4.23e-01   2.95e-01   3.48e-01   4.22e-01 (  1.65e+02,  2.41e+02)
50      0.171   4.59e-01   6.74e-01   3.66e-01   1.14e+00   7.96e-01 (  1.88e+02,  2.43e+02)
55      0.126   4.24e-01   6.06e-01   3.91e-01   1.17e+00   1.37e+00 (  1.52e+02,  2.42e+02)
60      0.144   4.57e-01   7.02e-01   4.45e-01   1.84e+00   2.14e+00 (  1.42e+02,  2.37e+02)
65      0.185   5.21e-01   8.68e-01   5.57e-01   2.81e+00   3.07e+00 (  1.36e+02,  2.29e+02)
70      0.220   5.80e-01   9.56e-01   6.41e-01   3.84e+00   4.07e+00 (  1.28e+02,  2.20e+02)
75      0.258   6.49e-01   1.04e+00   7.15e-01   4.90e+00   5.01e+00 (  1.23e+02,  2.10e+02)
80      0.285   7.03e-01   1.11e+00   7.54e-01   5.75e+00   5.78e+00 (  1.16e+02,  1.99e+02)
85      0.298   7.29e-01   1.14e+00   7.84e-01   6.35e+00   6.31e+00 (  1.10e+02,  1.89e+02)
90      0.293   7.16e-01   1.12e+00   7.82e-01   6.65e+00   6.59e+00 (  1.01e+02,  1.79e+02)
95      2.636   5.94e+00   7.26e+00   6.00e+00   1.34e+02   6.65e+00 (  2.46e+03,  1.70e+02)
17 n: 1.978e-04 e: 5.614e-05 i: 8.119e-05 :: e: 3.342e-02 i: 4.844e-02 :: n: 2.577e+01 e:23.764 i:27.281 v:4.993e+03
>>> tau_he = 5.000000, nhe(0)=2.936598e+00
 5    -27.663   1.19e-02   3.79e-01   2.99e-03  -6.03e-01   4.01e-05 (  7.04e+00,  4.78e+01)
10    -20.930   1.46e-01   9.58e-02   3.03e-02  -2.47e+00   2.37e-04 (  8.72e+01,  9.48e+01)
15     -3.509   1.87e-01   1.30e-01   9.23e-02  -2.72e+00   1.02e-03 (  1.12e+02,  1.28e+02)
20     -0.556   1.67e-01   1.67e-01   5.14e-02  -1.96e+00   3.74e-03 (  1.19e+02,  1.60e+02)
25     -0.033   1.99e-01   1.92e-01   3.52e-02  -2.30e-01   1.20e-02 (  1.40e+02,  1.88e+02)
30      0.103   3.60e-01   3.98e-01   2.19e-01   7.67e-01   3.43e-02 (  2.24e+02,  2.09e+02)
35      0.024   3.62e-01   4.01e-01   2.97e-01   1.47e-01   8.78e-02 (  1.98e+02,  2.24e+02)
40     -0.038   3.31e-01   3.51e-01   3.17e-01  -2.19e-01   2.03e-01 (  1.66e+02,  2.35e+02)
45      0.046   3.59e-01   4.26e-01   3.01e-01   3.04e-01   4.22e-01 (  1.67e+02,  2.41e+02)
50      0.098   3.97e-01   5.08e-01   3.19e-01   6.30e-01   7.96e-01 (  1.63e+02,  2.43e+02)
55      0.126   4.29e-01   6.10e-01   3.96e-01   1.17e+00   1.37e+00 (  1.56e+02,  2.42e+02)
60      0.145   4.65e-01   7.13e-01   4.46e-01   1.87e+00   2.14e+00 (  1.47e+02,  2.37e+02)
65      0.187   5.30e-01   8.82e-01   5.65e-01   2.85e+00   3.07e+00 (  1.40e+02,  2.29e+02)
70      0.223   5.89e-01   9.71e-01   6.50e-01   3.89e+00   4.07e+00 (  1.32e+02,  2.20e+02)
75      0.261   6.58e-01   1.06e+00   7.25e-01   4.96e+00   5.01e+00 (  1.25e+02,  2.10e+02)
80      0.287   7.10e-01   1.12e+00   7.64e-01   5.80e+00   5.78e+00 (  1.18e+02,  1.99e+02)
85      0.304   7.34e-01   1.17e+00   7.90e-01   6.49e+00   6.31e+00 (  1.11e+02,  1.89e+02)
90      0.287   6.98e-01   1.09e+00   7.59e-01   6.49e+00   6.59e+00 (  9.92e+01,  1.79e+02)
95      2.636   5.94e+00   7.25e+00   6.00e+00   1.34e+02   6.65e+00 (  2.46e+03,  1.70e+02)
18 n: 6.905e-05 e: 7.360e-05 i: 1.772e-04 :: e: 2.840e-02 i: 3.861e-02 :: n: 2.579e+01 e:23.887 i:27.392 v:4.993e+03
>>> tau_he = 5.000000, nhe(0)=2.939720e+00
 5    -27.541   1.20e-02   3.84e-01   2.93e-03  -5.99e-01   4.01e-05 (  7.10e+00,  4.78e+01)
10    -20.868   1.47e-01   9.52e-02   3.03e-02  -2.46e+00   2.37e-04 (  8.74e+01,  9.48e+01)
15     -3.537   1.89e-01   1.32e-01   9.17e-02  -2.74e+00   1.02e-03 (  1.14e+02,  1.28e+02)
20     -0.563   1.69e-01   1.69e-01   4.60e-02  -1.99e+00   3.74e-03 (  1.21e+02,  1.60e+02)
25     -0.045   2.02e-01   1.93e-01   3.72e-02  -3.03e-01   1.20e-02 (  1.42e+02,  1.88e+02)
30     -0.056   2.40e-01   2.38e-01   9.43e-02  -3.64e-01   3.43e-02 (  1.48e+02,  2.09e+02)
35     -0.076   2.80e-01   2.82e-01   1.81e-01  -4.57e-01   8.78e-02 (  1.54e+02,  2.24e+02)
40      0.059   4.00e-01   4.96e-01   3.73e-01   3.72e-01   2.03e-01 (  2.02e+02,  2.35e+02)
45      0.050   3.61e-01   4.27e-01   3.01e-01   3.41e-01   4.22e-01 (  1.70e+02,  2.41e+02)
50      0.169   4.64e-01   6.73e-01   3.68e-01   1.11e+00   7.96e-01 (  1.92e+02,  2.43e+02)
55      0.125   4.30e-01   6.14e-01   3.76e-01   1.17e+00   1.37e+00 (  1.57e+02,  2.42e+02)
60      0.147   4.68e-01   7.19e-01   4.51e-01   1.90e+00   2.14e+00 (  1.48e+02,  2.37e+02)
65      0.145   4.64e-01   7.08e-01   4.60e-01   2.22e+00   3.07e+00 (  1.23e+02,  2.29e+02)
70      0.226   5.95e-01   9.80e-01   6.56e-01   3.95e+00   4.07e+00 (  1.34e+02,  2.20e+02)
75      0.264   6.64e-01   1.07e+00   7.32e-01   5.01e+00   5.01e+00 (  1.27e+02,  2.10e+02)
80      0.290   7.15e-01   1.13e+00   7.72e-01   5.84e+00   5.78e+00 (  1.20e+02,  1.99e+02)
85      0.306   7.37e-01   1.18e+00   7.98e-01   6.51e+00   6.31e+00 (  1.13e+02,  1.89e+02)
90      0.295   7.20e-01   1.13e+00   7.97e-01   6.68e+00   6.59e+00 (  1.03e+02,  1.79e+02)
95      2.636   5.94e+00   7.25e+00   6.00e+00   1.34e+02   6.65e+00 (  2.46e+03,  1.70e+02)
19 n: 5.301e-04 e: 5.631e-05 i: 1.001e-04 :: e: 3.733e-02 i: 4.794e-02 :: n: 2.577e+01 e:23.949 i:27.504 v:4.993e+03
>>> tau_he = 5.000000, nhe(0)=2.950973e+00
 5    -27.431   1.21e-02   3.89e-01   2.86e-03  -5.96e-01   4.01e-05 (  7.16e+00,  4.78e+01)
10    -20.829   1.48e-01   9.52e-02   3.04e-02  -2.45e+00   2.37e-04 (  8.77e+01,  9.48e+01)
15     -3.547   1.92e-01   1.34e-01   9.83e-02  -2.74e+00   1.02e-03 (  1.16e+02,  1.28e+02)
20     -0.568   1.72e-01   1.70e-01   4.25e-02  -2.02e+00   3.74e-03 (  1.23e+02,  1.60e+02)
25      0.092   3.51e-01   4.37e-01   2.53e-01   6.52e-01   1.20e-02 (  2.49e+02,  1.88e+02)
30     -0.013   2.41e-01   2.38e-01   7.88e-02  -8.98e-02   3.43e-02 (  1.50e+02,  2.09e+02)
35      0.021   3.69e-01   4.06e-01   3.02e-01   1.28e-01   8.78e-02 (  2.04e+02,  2.24e+02)
40     -0.038   3.36e-01   3.52e-01   3.16e-01  -2.21e-01   2.03e-01 (  1.70e+02,  2.35e+02)
45      0.045   3.64e-01   4.29e-01   3.07e-01   2.97e-01   4.22e-01 (  1.72e+02,  2.41e+02)
50      0.087   4.07e-01   5.04e-01   3.15e-01   5.50e-01   7.96e-01 (  1.68e+02,  2.43e+02)
55      0.124   4.34e-01   6.16e-01   3.78e-01   1.16e+00   1.37e+00 (  1.60e+02,  2.42e+02)
60      0.149   4.75e-01   7.29e-01   4.56e-01   1.94e+00   2.14e+00 (  1.52e+02,  2.37e+02)
65      0.154   4.81e-01   7.44e-01   4.82e-01   2.40e+00   3.07e+00 (  1.30e+02,  2.29e+02)
70      0.229   6.04e-01   9.95e-01   6.66e-01   4.01e+00   4.07e+00 (  1.37e+02,  2.20e+02)
75      0.265   6.69e-01   1.08e+00   7.39e-01   5.03e+00   5.01e+00 (  1.29e+02,  2.10e+02)
80      0.291   7.19e-01   1.14e+00   7.80e-01   5.85e+00   5.78e+00 (  1.21e+02,  1.99e+02)
85      0.306   7.38e-01   1.19e+00   8.04e-01   6.49e+00   6.31e+00 (  1.14e+02,  1.89e+02)
90      0.288   7.02e-01   1.10e+00   7.72e-01   6.51e+00   6.59e+00 (  1.01e+02,  1.79e+02)
95      2.635   5.93e+00   7.25e+00   6.00e+00   1.34e+02   6.65e+00 (  2.47e+03,  1.70e+02)
20 n: 2.741e-04 e: 1.220e-04 i: 4.355e-04 :: e: 3.988e-02 i: 5.041e-02 :: n: 2.580e+01 e:24.051 i:27.622 v:4.993e+03
>>> tau_he = 5.000000, nhe(0)=2.960184e+00
 5    -27.461   1.22e-02   3.91e-01   2.82e-03  -5.96e-01   4.01e-05 (  7.25e+00,  4.78e+01)
10    -20.842   1.48e-01   9.50e-02   3.00e-02  -2.45e+00   2.37e-04 (  8.78e+01,  9.48e+01)
15     -3.569   1.93e-01   1.35e-01   9.65e-02  -2.75e+00   1.02e-03 (  1.17e+02,  1.28e+02)
20     -0.591   1.71e-01   1.70e-01   4.85e-02  -2.05e+00   3.74e-03 (  1.23e+02,  1.60e+02)
25     -0.073   1.89e-01   1.88e-01   5.36e-02  -4.73e-01   1.20e-02 (  1.32e+02,  1.88e+02)
30     -0.037   2.46e-01   2.44e-01   8.67e-02  -2.63e-01   3.43e-02 (  1.55e+02,  2.09e+02)
35      0.015   3.71e-01   4.05e-01   3.03e-01   8.77e-02   8.78e-02 (  2.06e+02,  2.24e+02)
40      0.060   4.05e-01   4.99e-01   3.73e-01   3.77e-01   2.03e-01 (  2.07e+02,  2.35e+02)
45      0.050   3.66e-01   4.28e-01   3.06e-01   3.37e-01   4.22e-01 (  1.74e+02,  2.41e+02)
50      0.168   4.68e-01   6.71e-01   3.69e-01   1.09e+00   7.96e-01 (  1.95e+02,  2.43e+02)
55      0.125   4.35e-01   6.16e-01   3.76e-01   1.19e+00   1.37e+00 (  1.61e+02,  2.42e+02)
60      0.150   4.78e-01   7.34e-01   4.57e-01   1.98e+00   2.14e+00 (  1.54e+02,  2.37e+02)
65      0.161   4.94e-01   7.69e-01   4.95e-01   2.54e+00   3.07e+00 (  1.35e+02,  2.29e+02)
70      0.232   6.11e-01   1.01e+00   6.72e-01   4.07e+00   4.07e+00 (  1.40e+02,  2.20e+02)
75      0.267   6.73e-01   1.09e+00   7.44e-01   5.05e+00   5.01e+00 (  1.31e+02,  2.10e+02)
80      0.292   7.22e-01   1.15e+00   7.86e-01   5.86e+00   5.78e+00 (  1.23e+02,  1.99e+02)
85      0.307   7.40e-01   1.19e+00   8.10e-01   6.50e+00   6.31e+00 (  1.14e+02,  1.89e+02)
90      0.289   7.05e-01   1.11e+00   7.79e-01   6.54e+00   6.59e+00 (  1.02e+02,  1.79e+02)
95      2.635   5.93e+00   7.25e+00   6.00e+00   1.34e+02   6.65e+00 (  2.47e+03,  1.70e+02)
21 n: 2.355e-04 e: 5.999e-05 i: 8.823e-05 :: e: 3.234e-02 i: 3.806e-02 :: n: 2.583e+01 e:24.081 i:27.661 v:4.993e+03
>>> tau_he = 5.000000, nhe(0)=2.955157e+00
 5    -27.237   1.22e-02   3.93e-01   2.77e-03  -5.90e-01   4.01e-05 (  7.23e+00,  4.78e+01)
10    -20.673   1.48e-01   9.49e-02   3.10e-02  -2.43e+00   2.37e-04 (  8.74e+01,  9.48e+01)
15     -3.554   1.95e-01   1.37e-01   9.89e-02  -2.74e+00   1.02e-03 (  1.18e+02,  1.28e+02)
20     -0.587   1.73e-01   1.72e-01   4.69e-02  -2.05e+00   3.74e-03 (  1.24e+02,  1.60e+02)
25     -0.042   1.92e-01   1.92e-01   4.89e-02  -2.93e-01   1.20e-02 (  1.34e+02,  1.88e+02)
30     -0.007   2.48e-01   2.41e-01   7.27e-02  -5.35e-02   3.43e-02 (  1.56e+02,  2.09e+02)
35     -0.098   2.86e-01   2.88e-01   1.91e-01  -5.59e-01   8.78e-02 (  1.58e+02,  2.24e+02)
40     -0.040   3.39e-01   3.53e-01   3.16e-01  -2.34e-01   2.03e-01 (  1.72e+02,  2.35e+02)
45      0.045   3.69e-01   4.31e-01   3.12e-01   2.98e-01   4.22e-01 (  1.76e+02,  2.41e+02)
50      0.086   4.11e-01   5.04e-01   3.17e-01   5.39e-01   7.96e-01 (  1.72e+02,  2.43e+02)
55      0.127   4.42e-01   6.19e-01   3.80e-01   1.19e+00   1.37e+00 (  1.65e+02,  2.42e+02)
60      0.152   4.84e-01   7.44e-01   4.62e-01   2.00e+00   2.14e+00 (  1.58e+02,  2.37e+02)
65      0.166   5.06e-01   7.93e-01   5.08e-01   2.64e+00   3.07e+00 (  1.40e+02,  2.29e+02)
70      0.234   6.17e-01   1.02e+00   6.79e-01   4.10e+00   4.07e+00 (  1.42e+02,  2.20e+02)
75      0.268   6.77e-01   1.09e+00   7.52e-01   5.05e+00   5.01e+00 (  1.32e+02,  2.10e+02)
80      0.293   7.26e-01   1.16e+00   7.93e-01   5.86e+00   5.78e+00 (  1.24e+02,  1.99e+02)
85      0.307   7.42e-01   1.20e+00   8.17e-01   6.49e+00   6.31e+00 (  1.16e+02,  1.89e+02)
90      0.290   7.07e-01   1.11e+00   7.85e-01   6.54e+00   6.59e+00 (  1.03e+02,  1.79e+02)
95      2.635   5.93e+00   7.25e+00   6.00e+00   1.34e+02   6.65e+00 (  2.47e+03,  1.70e+02)
22 n: 1.324e-04 e: 2.694e-05 i: 5.623e-05 :: e: 2.864e-02 i: 3.726e-02 :: n: 2.579e+01 e:24.146 i:27.722 v:4.993e+03
>>> tau_he = 5.000000, nhe(0)=2.996352e+00
 5    -27.101   1.24e-02   4.00e-01   2.60e-03  -5.87e-01   4.01e-05 (  7.38e+00,  4.78e+01)
10    -20.698   1.49e-01   9.37e-02   2.85e-02  -2.43e+00   2.37e-04 (  8.79e+01,  9.48e+01)
15     -3.588   1.97e-01   1.36e-01   9.41e-02  -2.76e+00   1.02e-03 (  1.19e+02,  1.28e+02)
20     -0.594   1.74e-01   1.71e-01   4.49e-02  -2.08e+00   3.74e-03 (  1.25e+02,  1.60e+02)
25     -0.002   1.95e-01   1.87e-01   3.92e-02  -1.36e-02   1.20e-02 (  1.39e+02,  1.88e+02)
30      0.125   3.70e-01   4.01e-01   2.06e-01   9.99e-01   3.43e-02 (  2.36e+02,  2.09e+02)
35      0.026   3.74e-01   4.06e-01   2.96e-01   1.61e-01   8.78e-02 (  2.09e+02,  2.24e+02)
40      0.061   4.08e-01   5.01e-01   3.74e-01   3.86e-01   2.03e-01 (  2.09e+02,  2.35e+02)
45      0.050   3.69e-01   4.30e-01   3.09e-01   3.38e-01   4.22e-01 (  1.76e+02,  2.41e+02)
50      0.167   4.71e-01   6.71e-01   3.70e-01   1.09e+00   7.96e-01 (  1.97e+02,  2.43e+02)
55      0.128   4.42e-01   6.19e-01   3.79e-01   1.21e+00   1.37e+00 (  1.65e+02,  2.42e+02)
60      0.152   4.86e-01   7.44e-01   4.61e-01   2.02e+00   2.14e+00 (  1.58e+02,  2.37e+02)
65      0.170   5.13e-01   8.05e-01   5.14e-01   2.72e+00   3.07e+00 (  1.42e+02,  2.29e+02)
70      0.235   6.20e-01   1.02e+00   6.82e-01   4.11e+00   4.07e+00 (  1.43e+02,  2.20e+02)
75      0.268   6.79e-01   1.10e+00   7.55e-01   5.06e+00   5.01e+00 (  1.33e+02,  2.10e+02)
80      0.293   7.27e-01   1.16e+00   7.98e-01   5.87e+00   5.78e+00 (  1.25e+02,  1.99e+02)
85      0.307   7.43e-01   1.20e+00   8.21e-01   6.49e+00   6.31e+00 (  1.16e+02,  1.89e+02)
90      0.291   7.09e-01   1.12e+00   7.90e-01   6.56e+00   6.59e+00 (  1.04e+02,  1.79e+02)
95      2.635   5.93e+00   7.25e+00   6.00e+00   1.34e+02   6.65e+00 (  2.47e+03,  1.70e+02)
23 n: 1.324e-04 e: 7.250e-05 i: 1.166e-04 :: e: 3.687e-02 i: 4.182e-02 :: n: 2.596e+01 e:24.203 i:27.885 v:4.993e+03
>>> tau_he = 5.000000, nhe(0)=2.960691e+00
 5    -27.015   1.24e-02   4.01e-01   2.67e-03  -5.84e-01   4.01e-05 (  7.35e+00,  4.78e+01)
10    -21.719   1.47e-01   9.47e-02   3.22e-02  -2.55e+00   2.37e-04 (  8.66e+01,  9.48e+01)
15     -3.586   1.99e-01   1.40e-01   1.00e-01  -2.76e+00   1.02e-03 (  1.20e+02,  1.28e+02)
20     -0.855   1.75e-01   1.73e-01   4.64e-02  -3.00e+00   3.74e-03 (  1.26e+02,  1.60e+02)
25     -0.035   2.05e-01   1.96e-01   3.86e-02  -2.49e-01   1.20e-02 (  1.46e+02,  1.88e+02)
30     -0.049   2.47e-01   2.50e-01   9.25e-02  -3.37e-01   3.43e-02 (  1.56e+02,  2.09e+02)
35     -0.004   3.81e-01   4.16e-01   3.24e-01  -2.22e-02   8.78e-02 (  2.12e+02,  2.24e+02)
40      0.045   4.15e-01   5.09e-01   3.93e-01   2.60e-01   2.03e-01 (  2.13e+02,  2.35e+02)
45      0.046   3.74e-01   4.35e-01   3.16e-01   3.01e-01   4.22e-01 (  1.80e+02,  2.41e+02)
50      0.085   4.15e-01   5.06e-01   3.19e-01   5.33e-01   7.96e-01 (  1.75e+02,  2.43e+02)
55      0.128   4.47e-01   6.25e-01   3.83e-01   1.21e+00   1.37e+00 (  1.69e+02,  2.42e+02)
60      0.154   4.92e-01   7.55e-01   4.67e-01   2.03e+00   2.14e+00 (  1.62e+02,  2.37e+02)
65      0.173   5.22e-01   8.23e-01   5.24e-01   2.78e+00   3.07e+00 (  1.46e+02,  2.29e+02)
70      0.236   6.25e-01   1.03e+00   6.89e-01   4.12e+00   4.07e+00 (  1.45e+02,  2.20e+02)
75      0.269   6.82e-01   1.11e+00   7.61e-01   5.05e+00   5.01e+00 (  1.35e+02,  2.10e+02)
80      0.294   7.30e-01   1.17e+00   8.04e-01   5.86e+00   5.78e+00 (  1.26e+02,  1.99e+02)
85      0.308   7.44e-01   1.21e+00   8.27e-01   6.48e+00   6.31e+00 (  1.17e+02,  1.89e+02)
90      0.291   7.10e-01   1.13e+00   7.96e-01   6.56e+00   6.59e+00 (  1.05e+02,  1.79e+02)
95      2.634   5.93e+00   7.25e+00   6.01e+00   1.34e+02   6.65e+00 (  2.47e+03,  1.70e+02)
24 n: 1.296e-04 e: 5.865e-05 i: 1.268e-04 :: e: 2.881e-02 i: 3.317e-02 :: n: 2.576e+01 e:24.306 i:27.899 v:4.993e+03
>>> tau_he = 5.000000, nhe(0)=2.984583e+00
 5    -27.012   1.25e-02   4.06e-01   2.58e-03  -5.84e-01   4.01e-05 (  7.44e+00,  4.78e+01)
10    -21.637   1.48e-01   9.45e-02   2.99e-02  -2.54e+00   2.37e-04 (  8.69e+01,  9.48e+01)
15     -3.570   2.01e-01   1.40e-01   9.56e-02  -2.75e+00   1.02e-03 (  1.21e+02,  1.28e+02)
20     -0.758   1.72e-01   1.71e-01   3.64e-02  -2.67e+00   3.74e-03 (  1.23e+02,  1.60e+02)
25      0.009   2.04e-01   1.93e-01   2.73e-02   6.81e-02   1.20e-02 (  1.46e+02,  1.88e+02)
30      0.105   3.74e-01   4.06e-01   2.18e-01   7.90e-01   3.43e-02 (  2.36e+02,  2.09e+02)
35     -0.085   2.86e-01   2.86e-01   1.83e-01  -5.03e-01   8.78e-02 (  1.58e+02,  2.24e+02)
40     -0.049   3.40e-01   3.50e-01   3.15e-01  -2.78e-01   2.03e-01 (  1.73e+02,  2.35e+02)
45      0.048   3.73e-01   4.32e-01   3.14e-01   3.21e-01   4.22e-01 (  1.79e+02,  2.41e+02)
50      0.162   4.82e-01   6.75e-01   3.74e-01   1.05e+00   7.96e-01 (  2.03e+02,  2.43e+02)
55      0.130   4.48e-01   6.26e-01   3.82e-01   1.23e+00   1.37e+00 (  1.69e+02,  2.42e+02)
60      0.155   4.92e-01   7.55e-01   4.67e-01   2.05e+00   2.14e+00 (  1.62e+02,  2.37e+02)
65      0.175   5.25e-01   8.29e-01   5.28e-01   2.82e+00   3.07e+00 (  1.47e+02,  2.29e+02)
70      0.236   6.26e-01   1.03e+00   6.91e-01   4.13e+00   4.07e+00 (  1.46e+02,  2.20e+02)
75      0.269   6.83e-01   1.11e+00   7.64e-01   5.05e+00   5.01e+00 (  1.35e+02,  2.10e+02)
80      0.295   7.31e-01   1.18e+00   8.08e-01   5.86e+00   5.78e+00 (  1.26e+02,  1.99e+02)
85      0.308   7.45e-01   1.21e+00   8.32e-01   6.47e+00   6.31e+00 (  1.18e+02,  1.89e+02)
90      0.291   7.12e-01   1.13e+00   8.01e-01   6.57e+00   6.59e+00 (  1.06e+02,  1.79e+02)
95      2.634   5.92e+00   7.25e+00   6.01e+00   1.34e+02   6.65e+00 (  2.47e+03,  1.70e+02)
25 n: 1.635e-04 e: 1.095e-04 i: 2.214e-04 :: e: 3.777e-02 i: 4.322e-02 :: n: 2.584e+01 e:24.265 i:28.049 v:4.993e+03
>>> tau_he = 5.000000, nhe(0)=2.974174e+00
 5    -27.180   1.51e-02   4.05e-01   3.26e-03  -5.86e-01   4.01e-05 (  9.02e+00,  4.78e+01)
10    -21.728   1.48e-01   9.50e-02   3.13e-02  -2.54e+00   2.37e-04 (  8.71e+01,  9.48e+01)
15     -3.593   2.02e-01   1.42e-01   9.55e-02  -2.76e+00   1.02e-03 (  1.22e+02,  1.28e+02)
20     -0.790   1.77e-01   1.75e-01   3.47e-02  -2.72e+00   3.74e-03 (  1.28e+02,  1.60e+02)
25      0.049   3.69e-01   4.62e-01   2.91e-01   3.06e-01   1.20e-02 (  2.64e+02,  1.88e+02)
30      0.095   3.72e-01   4.05e-01   2.29e-01   6.77e-01   3.43e-02 (  2.33e+02,  2.09e+02)
35     -0.051   2.86e-01   2.88e-01   1.69e-01  -3.35e-01   8.78e-02 (  1.60e+02,  2.24e+02)
40      0.058   4.14e-01   5.07e-01   3.82e-01   3.57e-01   2.03e-01 (  2.13e+02,  2.35e+02)
45      0.049   3.75e-01   4.37e-01   3.17e-01   3.24e-01   4.22e-01 (  1.81e+02,  2.41e+02)
50      0.086   4.16e-01   5.07e-01   3.19e-01   5.41e-01   7.96e-01 (  1.75e+02,  2.43e+02)
55      0.129   4.50e-01   6.29e-01   3.84e-01   1.22e+00   1.37e+00 (  1.70e+02,  2.42e+02)
60      0.154   4.97e-01   7.59e-01   4.65e-01   2.04e+00   2.14e+00 (  1.64e+02,  2.37e+02)
65      0.177   5.30e-01   8.39e-01   5.33e-01   2.85e+00   3.07e+00 (  1.49e+02,  2.29e+02)
70      0.236   6.28e-01   1.04e+00   6.94e-01   4.12e+00   4.07e+00 (  1.47e+02,  2.20e+02)
75      0.269   6.85e-01   1.11e+00   7.68e-01   5.04e+00   5.01e+00 (  1.36e+02,  2.10e+02)
80      0.294   7.32e-01   1.18e+00   8.12e-01   5.84e+00   5.78e+00 (  1.27e+02,  1.99e+02)
85      0.308   7.45e-01   1.22e+00   8.34e-01   6.45e+00   6.31e+00 (  1.18e+02,  1.89e+02)
90      0.291   7.12e-01   1.13e+00   8.04e-01   6.56e+00   6.59e+00 (  1.07e+02,  1.79e+02)
95      2.632   5.92e+00   7.25e+00   6.01e+00   1.34e+02   6.65e+00 (  2.48e+03,  1.70e+02)
26 n: 1.505e-04 e: 2.961e-04 i: 7.653e-04 :: e: 4.717e-02 i: 5.122e-02 :: n: 2.579e+01 e:24.355 i:28.056 v:4.993e+03
>>> tau_he = 5.000000, nhe(0)=2.949661e+00
 5    -27.202   1.50e-02   4.02e-01   3.33e-03  -5.86e-01   4.01e-05 (  8.89e+00,  4.78e+01)
10    -21.534   1.48e-01   9.58e-02   3.20e-02  -2.52e+00   2.37e-04 (  8.65e+01,  9.48e+01)
15     -3.390   2.09e-01   1.27e-01  -6.50e-03  -2.60e+00   1.02e-03 (  1.25e+02,  1.28e+02)
20     -0.861   1.82e-01   1.77e-01   4.33e-02  -2.89e+00   3.74e-03 (  1.30e+02,  1.60e+02)
25     -0.170   1.93e-01   1.93e-01   7.77e-02  -9.22e-01   1.20e-02 (  1.33e+02,  1.88e+02)
30     -0.039   2.39e-01   2.37e-01   9.53e-02  -2.61e-01   3.43e-02 (  1.47e+02,  2.09e+02)
35     -0.051   2.89e-01   2.89e-01   1.69e-01  -3.34e-01   8.78e-02 (  1.62e+02,  2.24e+02)
40     -0.048   3.45e-01   3.55e-01   3.17e-01  -2.71e-01   2.03e-01 (  1.77e+02,  2.35e+02)
45      0.038   3.75e-01   4.33e-01   3.29e-01   2.51e-01   4.22e-01 (  1.81e+02,  2.41e+02)
50      0.163   4.85e-01   6.78e-01   3.76e-01   1.05e+00   7.96e-01 (  2.04e+02,  2.43e+02)
55      0.131   4.51e-01   6.30e-01   3.84e-01   1.24e+00   1.37e+00 (  1.71e+02,  2.42e+02)
60      0.156   4.96e-01   7.61e-01   4.70e-01   2.05e+00   2.14e+00 (  1.64e+02,  2.37e+02)
65      0.178   5.32e-01   8.42e-01   5.35e-01   2.87e+00   3.07e+00 (  1.50e+02,  2.29e+02)
70      0.237   6.28e-01   1.04e+00   6.95e-01   4.11e+00   4.07e+00 (  1.46e+02,  2.20e+02)
75      0.270   6.84e-01   1.11e+00   7.70e-01   5.03e+00   5.01e+00 (  1.36e+02,  2.10e+02)
80      0.295   7.32e-01   1.18e+00   8.15e-01   5.84e+00   5.78e+00 (  1.27e+02,  1.99e+02)
85      0.306   7.41e-01   1.21e+00   8.33e-01   6.41e+00   6.31e+00 (  1.18e+02,  1.89e+02)
90      0.292   7.13e-01   1.14e+00   8.08e-01   6.56e+00   6.59e+00 (  1.07e+02,  1.79e+02)
95      2.632   5.92e+00   7.25e+00   6.01e+00   1.34e+02   6.65e+00 (  2.48e+03,  1.70e+02)
27 n: 1.543e-04 e: 3.499e-05 i: 6.996e-05 :: e: 3.574e-02 i: 3.897e-02 :: n: 2.567e+01 e:24.251 i:28.011 v:4.993e+03
>>> tau_he = 5.000000, nhe(0)=2.974048e+00
 5    -26.879   1.25e-02   4.06e-01   2.55e-03  -5.79e-01   4.01e-05 (  7.38e+00,  4.78e+01)
10    -21.455   1.49e-01   9.52e-02   3.07e-02  -2.51e+00   2.37e-04 (  8.66e+01,  9.48e+01)
15     -3.352   2.11e-01   1.27e-01  -1.30e-02  -2.57e+00   1.02e-03 (  1.26e+02,  1.28e+02)
20     -0.796   1.78e-01   1.75e-01   4.06e-02  -2.70e+00   3.74e-03 (  1.27e+02,  1.60e+02)
25     -0.120   1.93e-01   1.92e-01   6.81e-02  -6.97e-01   1.20e-02 (  1.34e+02,  1.88e+02)
30      0.093   3.67e-01   3.97e-01   2.17e-01   6.85e-01   3.43e-02 (  2.28e+02,  2.09e+02)
35      0.072   3.85e-01   4.43e-01   2.70e-01   5.24e-01   8.78e-02 (  2.17e+02,  2.24e+02)
40      0.062   4.15e-01   5.10e-01   3.82e-01   3.82e-01   2.03e-01 (  2.13e+02,  2.35e+02)
45      0.051   3.76e-01   4.39e-01   3.18e-01   3.40e-01   4.22e-01 (  1.81e+02,  2.41e+02)
50      0.087   4.16e-01   5.08e-01   3.21e-01   5.44e-01   7.96e-01 (  1.74e+02,  2.43e+02)
55      0.130   4.51e-01   6.31e-01   3.86e-01   1.22e+00   1.37e+00 (  1.71e+02,  2.42e+02)
60      0.155   4.98e-01   7.62e-01   4.67e-01   2.04e+00   2.14e+00 (  1.65e+02,  2.37e+02)
65      0.178   5.33e-01   8.46e-01   5.38e-01   2.87e+00   3.07e+00 (  1.51e+02,  2.29e+02)
70      0.236   6.28e-01   1.04e+00   6.97e-01   4.09e+00   4.07e+00 (  1.47e+02,  2.20e+02)
75      0.269   6.84e-01   1.12e+00   7.71e-01   5.00e+00   5.01e+00 (  1.36e+02,  2.10e+02)
80      0.294   7.32e-01   1.18e+00   8.16e-01   5.81e+00   5.78e+00 (  1.28e+02,  1.99e+02)
85      0.305   7.40e-01   1.22e+00   8.33e-01   6.38e+00   6.31e+00 (  1.18e+02,  1.89e+02)
90      0.293   7.16e-01   1.14e+00   8.15e-01   6.58e+00   6.59e+00 (  1.08e+02,  1.79e+02)
95      2.631   5.92e+00   7.25e+00   6.01e+00   1.34e+02   6.65e+00 (  2.48e+03,  1.70e+02)
28 n: 1.497e-04 e: 6.119e-05 i: 1.427e-04 :: e: 3.503e-02 i: 3.969e-02 :: n: 2.578e+01 e:24.252 i:28.059 v:4.993e+03
>>> tau_he = 5.000000, nhe(0)=2.947171e+00
 5    -26.875   1.51e-02   4.04e-01   3.23e-03  -5.79e-01   4.01e-05 (  8.91e+00,  4.78e+01)
10    -21.335   1.48e-01   9.50e-02   3.21e-02  -2.49e+00   2.37e-04 (  8.60e+01,  9.48e+01)
15     -3.279   2.16e-01   1.29e-01  -1.22e-02  -2.51e+00   1.02e-03 (  1.29e+02,  1.28e+02)
20     -0.781   1.80e-01   1.77e-01   3.39e-02  -2.67e+00   3.74e-03 (  1.28e+02,  1.60e+02)
25     -0.125   1.94e-01   1.95e-01   7.01e-02  -7.21e-01   1.20e-02 (  1.35e+02,  1.88e+02)
30     -0.054   2.39e-01   2.38e-01   1.11e-01  -3.48e-01   3.43e-02 (  1.46e+02,  2.09e+02)
35      0.025   3.79e-01   4.11e-01   2.99e-01   1.59e-01   8.78e-02 (  2.12e+02,  2.24e+02)
40      0.044   4.18e-01   5.09e-01   3.94e-01   2.51e-01   2.03e-01 (  2.14e+02,  2.35e+02)
45      0.050   3.77e-01   4.37e-01   3.18e-01   3.39e-01   4.22e-01 (  1.82e+02,  2.41e+02)
50      0.163   4.85e-01   6.79e-01   3.77e-01   1.05e+00   7.96e-01 (  2.04e+02,  2.43e+02)
55      0.131   4.52e-01   6.32e-01   3.86e-01   1.24e+00   1.37e+00 (  1.71e+02,  2.42e+02)
60      0.155   4.96e-01   7.61e-01   4.71e-01   2.05e+00   2.14e+00 (  1.64e+02,  2.37e+02)
65      0.179   5.33e-01   8.46e-01   5.38e-01   2.88e+00   3.07e+00 (  1.50e+02,  2.29e+02)
70      0.236   6.27e-01   1.04e+00   6.96e-01   4.08e+00   4.07e+00 (  1.46e+02,  2.20e+02)
75      0.269   6.83e-01   1.12e+00   7.71e-01   4.99e+00   5.01e+00 (  1.36e+02,  2.10e+02)
80      0.294   7.31e-01   1.18e+00   8.17e-01   5.81e+00   5.78e+00 (  1.27e+02,  1.99e+02)
85      0.306   7.40e-01   1.22e+00   8.35e-01   6.38e+00   6.31e+00 (  1.18e+02,  1.89e+02)
90      0.293   7.15e-01   1.14e+00   8.16e-01   6.58e+00   6.59e+00 (  1.08e+02,  1.79e+02)
95      2.631   5.92e+00   7.25e+00   6.01e+00   1.34e+02   6.65e+00 (  2.48e+03,  1.70e+02)
29 n: 6.758e-05 e: 9.312e-05 i: 1.257e-04 :: e: 3.401e-02 i: 3.414e-02 :: n: 2.565e+01 e:24.254 i:28.040 v:4.993e+03
>>> tau_he = 5.000000, nhe(0)=2.942927e+00
 5    -26.763   1.50e-02   4.04e-01   3.20e-03  -5.77e-01   4.01e-05 (  8.83e+00,  4.78e+01)
10    -21.151   1.49e-01   9.53e-02   3.19e-02  -2.47e+00   2.37e-04 (  8.58e+01,  9.48e+01)
15     -3.157   2.26e-01   1.32e-01  -1.81e-02  -2.42e+00   1.02e-03 (  1.33e+02,  1.28e+02)
20     -0.765   1.82e-01   1.78e-01   2.91e-02  -2.64e+00   3.74e-03 (  1.29e+02,  1.60e+02)
25     -0.094   1.99e-01   1.98e-01   5.35e-02  -5.74e-01   1.20e-02 (  1.39e+02,  1.88e+02)
30     -0.049   2.42e-01   2.42e-01   9.83e-02  -3.14e-01   3.43e-02 (  1.49e+02,  2.09e+02)
35      0.007   3.79e-01   4.15e-01   3.18e-01   4.05e-02   8.78e-02 (  2.10e+02,  2.24e+02)
40     -0.048   3.41e-01   3.53e-01   3.19e-01  -2.72e-01   2.03e-01 (  1.73e+02,  2.35e+02)
45      0.050   3.75e-01   4.38e-01   3.18e-01   3.29e-01   4.22e-01 (  1.80e+02,  2.41e+02)
50      0.088   4.16e-01   5.08e-01   3.20e-01   5.53e-01   7.96e-01 (  1.74e+02,  2.43e+02)
55      0.131   4.51e-01   6.32e-01   3.87e-01   1.23e+00   1.37e+00 (  1.70e+02,  2.42e+02)
60      0.155   4.96e-01   7.62e-01   4.72e-01   2.04e+00   2.14e+00 (  1.64e+02,  2.37e+02)
65      0.179   5.34e-01   8.48e-01   5.39e-01   2.88e+00   3.07e+00 (  1.51e+02,  2.29e+02)
70      0.235   6.27e-01   1.04e+00   6.96e-01   4.07e+00   4.07e+00 (  1.46e+02,  2.20e+02)
75      0.268   6.83e-01   1.12e+00   7.71e-01   4.98e+00   5.01e+00 (  1.36e+02,  2.10e+02)
80      0.293   7.31e-01   1.18e+00   8.17e-01   5.79e+00   5.78e+00 (  1.27e+02,  1.99e+02)
85      0.305   7.39e-01   1.22e+00   8.34e-01   6.37e+00   6.31e+00 (  1.18e+02,  1.89e+02)
90      0.293   7.15e-01   1.14e+00   8.16e-01   6.56e+00   6.59e+00 (  1.08e+02,  1.79e+02)
95      2.631   5.92e+00   7.25e+00   6.01e+00   1.34e+02   6.65e+00 (  2.48e+03,  1.70e+02)
30 n: 6.902e-05 e: 5.273e-05 i: 6.134e-05 :: e: 2.906e-02 i: 3.238e-02 :: n: 2.561e+01 e:24.208 i:28.092 v:4.993e+03
>>> tau_he = 5.000000, nhe(0)=2.971046e+00
 5    -24.567   1.28e-02   4.05e-01   2.94e-03  -5.30e-01   4.01e-05 (  7.58e+00,  4.78e+01)
10    -21.232   1.49e-01   9.44e-02   3.00e-02  -2.48e+00   2.37e-04 (  8.61e+01,  9.48e+01)
15     -3.148   2.26e-01   1.31e-01  -2.36e-02  -2.42e+00   1.02e-03 (  1.34e+02,  1.28e+02)
20     -0.764   1.82e-01   1.76e-01   2.52e-02  -2.65e+00   3.74e-03 (  1.29e+02,  1.60e+02)
25     -0.072   2.03e-01   1.95e-01   3.99e-02  -4.69e-01   1.20e-02 (  1.44e+02,  1.88e+02)
30     -0.023   2.43e-01   2.39e-01   8.45e-02  -1.61e-01   3.43e-02 (  1.51e+02,  2.09e+02)
35     -0.069   2.85e-01   2.85e-01   1.77e-01  -4.27e-01   8.78e-02 (  1.57e+02,  2.24e+02)
40      0.058   4.11e-01   5.02e-01   3.80e-01   3.56e-01   2.03e-01 (  2.09e+02,  2.35e+02)
45      0.054   3.73e-01   4.36e-01   3.14e-01   3.64e-01   4.22e-01 (  1.79e+02,  2.41e+02)
50      0.170   4.74e-01   6.76e-01   3.73e-01   1.10e+00   7.96e-01 (  1.98e+02,  2.43e+02)
55      0.131   4.49e-01   6.30e-01   3.84e-01   1.25e+00   1.37e+00 (  1.69e+02,  2.42e+02)
60      0.154   4.94e-01   7.56e-01   4.63e-01   2.03e+00   2.14e+00 (  1.62e+02,  2.37e+02)
65      0.179   5.32e-01   8.44e-01   5.37e-01   2.88e+00   3.07e+00 (  1.49e+02,  2.29e+02)
70      0.235   6.24e-01   1.03e+00   6.93e-01   4.05e+00   4.07e+00 (  1.45e+02,  2.20e+02)
75      0.268   6.81e-01   1.11e+00   7.69e-01   4.97e+00   5.01e+00 (  1.35e+02,  2.10e+02)
80      0.293   7.29e-01   1.18e+00   8.15e-01   5.78e+00   5.78e+00 (  1.27e+02,  1.99e+02)
85      0.305   7.38e-01   1.22e+00   8.32e-01   6.36e+00   6.31e+00 (  1.18e+02,  1.89e+02)
90      0.292   7.14e-01   1.14e+00   8.14e-01   6.56e+00   6.59e+00 (  1.07e+02,  1.79e+02)
95      2.630   5.92e+00   7.25e+00   6.01e+00   1.34e+02   6.65e+00 (  2.48e+03,  1.70e+02)
31 n: 1.002e-04 e: 5.057e-05 i: 7.733e-05 :: e: 2.678e-02 i: 3.023e-02 :: n: 2.575e+01 e:24.204 i:28.131 v:4.993e+03
>>> tau_he = 5.000000, nhe(0)=2.971388e+00
 5    -24.563   1.54e-02   4.05e-01   3.55e-03  -5.30e-01   4.01e-05 (  9.14e+00,  4.78e+01)
10    -21.340   1.47e-01   9.54e-02   2.85e-02  -2.50e+00   2.37e-04 (  8.52e+01,  9.48e+01)
15     -3.122   2.26e-01   1.32e-01  -1.91e-02  -2.40e+00   1.02e-03 (  1.33e+02,  1.28e+02)
20     -0.758   1.82e-01   1.76e-01   2.70e-02  -2.65e+00   3.74e-03 (  1.29e+02,  1.60e+02)
25     -0.041   2.08e-01   1.98e-01   3.46e-02  -2.86e-01   1.20e-02 (  1.49e+02,  1.88e+02)
30      0.104   3.74e-01   4.05e-01   2.16e-01   7.88e-01   3.43e-02 (  2.36e+02,  2.09e+02)
35      0.027   3.77e-01   4.12e-01   3.01e-01   1.71e-01   8.78e-02 (  2.10e+02,  2.24e+02)
40     -0.045   3.42e-01   3.55e-01   3.19e-01  -2.57e-01   2.03e-01 (  1.73e+02,  2.35e+02)
45      0.048   3.75e-01   4.39e-01   3.19e-01   3.16e-01   4.22e-01 (  1.80e+02,  2.41e+02)
50      0.087   4.14e-01   5.07e-01   3.20e-01   5.42e-01   7.96e-01 (  1.73e+02,  2.43e+02)
55      0.130   4.50e-01   6.31e-01   3.86e-01   1.23e+00   1.37e+00 (  1.69e+02,  2.42e+02)
60      0.154   4.95e-01   7.57e-01   4.65e-01   2.02e+00   2.14e+00 (  1.62e+02,  2.37e+02)
65      0.178   5.32e-01   8.45e-01   5.37e-01   2.87e+00   3.07e+00 (  1.49e+02,  2.29e+02)
70      0.234   6.23e-01   1.03e+00   6.93e-01   4.04e+00   4.07e+00 (  1.44e+02,  2.20e+02)
75      0.267   6.79e-01   1.11e+00   7.68e-01   4.95e+00   5.01e+00 (  1.34e+02,  2.10e+02)
80      0.292   7.27e-01   1.18e+00   8.14e-01   5.75e+00   5.78e+00 (  1.26e+02,  1.99e+02)
85      0.304   7.36e-01   1.21e+00   8.31e-01   6.34e+00   6.31e+00 (  1.17e+02,  1.89e+02)
90      0.292   7.12e-01   1.14e+00   8.13e-01   6.54e+00   6.59e+00 (  1.07e+02,  1.79e+02)
95      2.630   5.92e+00   7.25e+00   6.01e+00   1.34e+02   6.65e+00 (  2.48e+03,  1.70e+02)
32 n: 9.879e-05 e: 7.490e-05 i: 1.485e-04 :: e: 2.747e-02 i: 3.110e-02 :: n: 2.575e+01 e:24.248 i:28.136 v:4.993e+03
>>> tau_he = 5.000000, nhe(0)=2.968036e+00
 5    -24.455   1.54e-02   4.05e-01   3.48e-03  -5.27e-01   4.01e-05 (  9.10e+00,  4.78e+01)
10    -21.237   1.47e-01   9.50e-02   2.82e-02  -2.48e+00   2.37e-04 (  8.48e+01,  9.48e+01)
15     -3.077   2.28e-01   1.32e-01  -1.99e-02  -2.36e+00   1.02e-03 (  1.33e+02,  1.28e+02)
20     -0.752   1.83e-01   1.77e-01   2.44e-02  -2.63e+00   3.74e-03 (  1.30e+02,  1.60e+02)
25     -0.052   2.09e-01   1.98e-01   3.64e-02  -3.50e-01   1.20e-02 (  1.49e+02,  1.88e+02)
30     -0.051   2.44e-01   2.40e-01   9.46e-02  -3.28e-01   3.43e-02 (  1.52e+02,  2.09e+02)
35      0.016   3.77e-01   4.09e-01   3.05e-01   9.67e-02   8.78e-02 (  2.10e+02,  2.24e+02)
40      0.060   4.12e-01   5.04e-01   3.79e-01   3.73e-01   2.03e-01 (  2.10e+02,  2.35e+02)
45      0.025   3.76e-01   4.44e-01   3.27e-01   1.72e-01   4.22e-01 (  1.80e+02,  2.41e+02)
50      0.170   4.75e-01   6.77e-01   3.74e-01   1.10e+00   7.96e-01 (  1.98e+02,  2.43e+02)
55      0.131   4.49e-01   6.31e-01   3.84e-01   1.25e+00   1.37e+00 (  1.69e+02,  2.42e+02)
60      0.155   4.92e-01   7.56e-01   4.68e-01   2.04e+00   2.14e+00 (  1.61e+02,  2.37e+02)
65      0.179   5.31e-01   8.44e-01   5.36e-01   2.88e+00   3.07e+00 (  1.49e+02,  2.29e+02)
70      0.234   6.21e-01   1.03e+00   6.91e-01   4.04e+00   4.07e+00 (  1.44e+02,  2.20e+02)
75      0.267   6.78e-01   1.11e+00   7.66e-01   4.95e+00   5.01e+00 (  1.34e+02,  2.10e+02)
80      0.292   7.27e-01   1.18e+00   8.12e-01   5.76e+00   5.78e+00 (  1.26e+02,  1.99e+02)
85      0.304   7.36e-01   1.21e+00   8.29e-01   6.34e+00   6.31e+00 (  1.17e+02,  1.89e+02)
90      0.292   7.12e-01   1.14e+00   8.12e-01   6.54e+00   6.59e+00 (  1.07e+02,  1.79e+02)
95      2.630   5.92e+00   7.25e+00   6.01e+00   1.34e+02   6.65e+00 (  2.48e+03,  1.70e+02)
33 n: 1.132e-04 e: 4.268e-05 i: 7.751e-05 :: e: 2.217e-02 i: 2.537e-02 :: n: 2.572e+01 e:24.204 i:28.160 v:4.993e+03
>>> tau_he = 5.000000, nhe(0)=2.957383e+00
 5    -24.378   1.54e-02   4.04e-01   3.46e-03  -5.26e-01   4.01e-05 (  9.04e+00,  4.78e+01)
10    -21.165   1.47e-01   9.54e-02   2.87e-02  -2.48e+00   2.37e-04 (  8.46e+01,  9.48e+01)
15     -3.022   2.30e-01   1.34e-01  -2.11e-02  -2.32e+00   1.02e-03 (  1.34e+02,  1.28e+02)
20     -0.679   1.84e-01   1.76e-01   2.11e-02  -2.39e+00   3.74e-03 (  1.30e+02,  1.60e+02)
25      0.092   3.64e-01   4.51e-01   2.65e-01   6.53e-01   1.20e-02 (  2.60e+02,  1.88e+02)
30     -0.030   2.46e-01   2.43e-01   8.75e-02  -2.04e-01   3.43e-02 (  1.53e+02,  2.09e+02)
35     -0.098   2.88e-01   2.90e-01   1.91e-01  -5.58e-01   8.78e-02 (  1.59e+02,  2.24e+02)
40      0.047   4.14e-01   5.08e-01   3.94e-01   2.69e-01   2.03e-01 (  2.10e+02,  2.35e+02)
45      0.052   3.75e-01   4.40e-01   3.16e-01   3.48e-01   4.22e-01 (  1.80e+02,  2.41e+02)
50      0.087   4.15e-01   5.08e-01   3.22e-01   5.37e-01   7.96e-01 (  1.73e+02,  2.43e+02)
55      0.130   4.50e-01   6.32e-01   3.87e-01   1.22e+00   1.37e+00 (  1.69e+02,  2.42e+02)
60      0.154   4.93e-01   7.58e-01   4.70e-01   2.02e+00   2.14e+00 (  1.62e+02,  2.37e+02)
65      0.178   5.31e-01   8.45e-01   5.38e-01   2.86e+00   3.07e+00 (  1.49e+02,  2.29e+02)
70      0.233   6.21e-01   1.03e+00   6.92e-01   4.02e+00   4.07e+00 (  1.44e+02,  2.20e+02)
75      0.266   6.77e-01   1.11e+00   7.67e-01   4.93e+00   5.01e+00 (  1.34e+02,  2.10e+02)
80      0.291   7.25e-01   1.17e+00   8.13e-01   5.73e+00   5.78e+00 (  1.26e+02,  1.99e+02)
85      0.303   7.35e-01   1.21e+00   8.29e-01   6.32e+00   6.31e+00 (  1.17e+02,  1.89e+02)
90      0.291   7.11e-01   1.14e+00   8.11e-01   6.52e+00   6.59e+00 (  1.07e+02,  1.79e+02)
95      2.630   5.92e+00   7.25e+00   6.01e+00   1.34e+02   6.65e+00 (  2.48e+03,  1.70e+02)
34 n: 1.178e-04 e: 2.274e-04 i: 6.712e-04 :: e: 3.514e-02 i: 3.879e-02 :: n: 2.567e+01 e:24.202 i:28.155 v:4.993e+03
>>> tau_he = 5.000000, nhe(0)=2.958242e+00
 5    -24.410   1.53e-02   4.02e-01   3.48e-03  -5.26e-01   4.01e-05 (  9.02e+00,  4.78e+01)
10    -20.975   1.48e-01   9.36e-02   3.00e-02  -2.45e+00   2.37e-04 (  8.50e+01,  9.48e+01)
15     -2.959   2.33e-01   1.34e-01  -3.20e-02  -2.27e+00   1.02e-03 (  1.35e+02,  1.28e+02)
20     -0.752   1.81e-01   1.76e-01   3.11e-02  -2.59e+00   3.74e-03 (  1.27e+02,  1.60e+02)
25     -0.076   1.93e-01   1.92e-01   5.47e-02  -4.94e-01   1.20e-02 (  1.35e+02,  1.88e+02)
30      0.100   3.75e-01   4.06e-01   2.22e-01   7.34e-01   3.43e-02 (  2.35e+02,  2.09e+02)
35      0.013   3.79e-01   4.15e-01   3.13e-01   7.51e-02   8.78e-02 (  2.10e+02,  2.24e+02)
40     -0.050   3.40e-01   3.51e-01   3.18e-01  -2.81e-01   2.03e-01 (  1.71e+02,  2.35e+02)
45      0.052   3.73e-01   4.37e-01   3.14e-01   3.52e-01   4.22e-01 (  1.78e+02,  2.41e+02)
50      0.171   4.74e-01   6.77e-01   3.75e-01   1.09e+00   7.96e-01 (  1.98e+02,  2.43e+02)
55      0.131   4.49e-01   6.31e-01   3.86e-01   1.24e+00   1.37e+00 (  1.68e+02,  2.42e+02)
60      0.154   4.91e-01   7.55e-01   4.68e-01   2.02e+00   2.14e+00 (  1.60e+02,  2.37e+02)
65      0.178   5.29e-01   8.42e-01   5.36e-01   2.87e+00   3.07e+00 (  1.48e+02,  2.29e+02)
70      0.233   6.19e-01   1.03e+00   6.90e-01   4.02e+00   4.07e+00 (  1.43e+02,  2.20e+02)
75      0.266   6.76e-01   1.11e+00   7.65e-01   4.92e+00   5.01e+00 (  1.33e+02,  2.10e+02)
80      0.291   7.24e-01   1.17e+00   8.11e-01   5.73e+00   5.78e+00 (  1.25e+02,  1.99e+02)
85      0.303   7.34e-01   1.21e+00   8.28e-01   6.32e+00   6.31e+00 (  1.17e+02,  1.89e+02)
90      0.291   7.11e-01   1.14e+00   8.11e-01   6.52e+00   6.59e+00 (  1.07e+02,  1.79e+02)
95      2.630   5.92e+00   7.25e+00   6.01e+00   1.34e+02   6.65e+00 (  2.47e+03,  1.70e+02)
35 n: 1.829e-04 e: 1.131e-04 i: 2.271e-04 :: e: 2.814e-02 i: 3.017e-02 :: n: 2.569e+01 e:24.122 i:28.102 v:4.993e+03
>>> tau_he = 5.000000, nhe(0)=2.952197e+00
 5    -24.307   1.52e-02   4.00e-01   3.43e-03  -5.24e-01   4.01e-05 (  8.94e+00,  4.78e+01)
10    -20.866   1.47e-01   9.34e-02   3.04e-02  -2.44e+00   2.37e-04 (  8.46e+01,  9.48e+01)
15     -1.451   5.07e-01   5.74e-01   3.69e-01  -1.11e+00   1.02e-03 (  2.93e+02,  1.28e+02)
20     -0.739   1.82e-01   1.77e-01   2.83e-02  -2.56e+00   3.74e-03 (  1.27e+02,  1.60e+02)
25     -0.084   1.93e-01   1.93e-01   5.53e-02  -5.33e-01   1.20e-02 (  1.35e+02,  1.88e+02)
30     -0.040   2.42e-01   2.40e-01   9.22e-02  -2.65e-01   3.43e-02 (  1.49e+02,  2.09e+02)
35      0.022   3.75e-01   4.09e-01   3.03e-01   1.36e-01   8.78e-02 (  2.07e+02,  2.24e+02)
40      0.058   4.11e-01   5.06e-01   3.84e-01   3.53e-01   2.03e-01 (  2.09e+02,  2.35e+02)
45      0.024   3.75e-01   4.46e-01   3.27e-01   1.60e-01   4.22e-01 (  1.80e+02,  2.41e+02)
50      0.087   4.13e-01   5.06e-01   3.21e-01   5.41e-01   7.96e-01 (  1.72e+02,  2.43e+02)
55      0.130   4.49e-01   6.31e-01   3.86e-01   1.23e+00   1.37e+00 (  1.68e+02,  2.42e+02)
60      0.154   4.91e-01   7.56e-01   4.69e-01   2.02e+00   2.14e+00 (  1.61e+02,  2.37e+02)
65      0.178   5.30e-01   8.44e-01   5.37e-01   2.87e+00   3.07e+00 (  1.48e+02,  2.29e+02)
70      0.233   6.19e-01   1.03e+00   6.90e-01   4.01e+00   4.07e+00 (  1.43e+02,  2.20e+02)
75      0.266   6.76e-01   1.11e+00   7.65e-01   4.92e+00   5.01e+00 (  1.33e+02,  2.10e+02)
80      0.291   7.25e-01   1.17e+00   8.11e-01   5.73e+00   5.78e+00 (  1.25e+02,  1.99e+02)
85      0.303   7.34e-01   1.21e+00   8.27e-01   6.32e+00   6.31e+00 (  1.17e+02,  1.89e+02)
90      0.291   7.11e-01   1.14e+00   8.09e-01   6.52e+00   6.59e+00 (  1.07e+02,  1.79e+02)
95      2.630   5.92e+00   7.25e+00   6.01e+00   1.34e+02   6.65e+00 (  2.48e+03,  1.70e+02)
36 n: 1.250e-04 e: 8.075e-04 i: 2.516e-03 :: e: 4.676e-02 i: 5.057e-02 :: n: 2.567e+01 e:24.085 i:28.044 v:4.993e+03
>>> tau_he = 5.000000, nhe(0)=2.942806e+00
 5    -26.651   1.22e-02   3.98e-01   2.59e-03  -5.75e-01   4.01e-05 (  7.15e+00,  4.78e+01)
10    -20.132   1.47e-01   9.46e-02   3.16e-02  -2.35e+00   2.37e-04 (  8.33e+01,  9.48e+01)
15     -2.921   1.99e-01   1.31e-01   1.26e-01  -2.24e+00   1.02e-03 (  1.07e+02,  1.28e+02)
20     -0.756   1.78e-01   1.76e-01   4.34e-02  -2.63e+00   3.74e-03 (  1.23e+02,  1.60e+02)
25     -0.047   2.06e-01   1.97e-01   4.17e-02  -3.14e-01   1.20e-02 (  1.46e+02,  1.88e+02)
30     -0.027   2.46e-01   2.41e-01   8.54e-02  -1.85e-01   3.43e-02 (  1.53e+02,  2.09e+02)
35     -0.111   2.81e-01   2.92e-01   1.91e-01  -6.22e-01   8.78e-02 (  1.54e+02,  2.24e+02)
40     -0.041   3.40e-01   3.52e-01   3.15e-01  -2.34e-01   2.03e-01 (  1.72e+02,  2.35e+02)
45      0.029   3.74e-01   4.44e-01   3.24e-01   2.02e-01   4.22e-01 (  1.79e+02,  2.41e+02)
50      0.172   4.75e-01   6.78e-01   3.76e-01   1.09e+00   7.96e-01 (  1.98e+02,  2.43e+02)
55      0.130   4.47e-01   6.34e-01   3.86e-01   1.23e+00   1.37e+00 (  1.67e+02,  2.42e+02)
60      0.155   4.91e-01   7.56e-01   4.69e-01   2.03e+00   2.14e+00 (  1.60e+02,  2.37e+02)
65      0.179   5.29e-01   8.43e-01   5.37e-01   2.87e+00   3.07e+00 (  1.48e+02,  2.29e+02)
70      0.233   6.18e-01   1.03e+00   6.90e-01   4.01e+00   4.07e+00 (  1.42e+02,  2.20e+02)
75      0.266   6.75e-01   1.10e+00   7.65e-01   4.92e+00   5.01e+00 (  1.33e+02,  2.10e+02)
80      0.291   7.24e-01   1.17e+00   8.11e-01   5.73e+00   5.78e+00 (  1.25e+02,  1.99e+02)
85      0.303   7.34e-01   1.21e+00   8.28e-01   6.32e+00   6.31e+00 (  1.17e+02,  1.89e+02)
90      0.291   7.10e-01   1.14e+00   8.11e-01   6.52e+00   6.59e+00 (  1.06e+02,  1.79e+02)
95      2.630   5.92e+00   7.25e+00   6.01e+00   1.34e+02   6.65e+00 (  2.47e+03,  1.70e+02)
37 n: 2.067e-04 e: 5.495e-05 i: 8.403e-05 :: e: 2.523e-02 i: 2.962e-02 :: n: 2.565e+01 e:23.951 i:27.936 v:4.993e+03
>>> tau_he = 5.000000, nhe(0)=2.965983e+00
 5    -26.408   1.22e-02   4.01e-01   2.46e-03  -5.70e-01   4.01e-05 (  7.15e+00,  4.78e+01)
10    -20.132   1.48e-01   9.39e-02   3.13e-02  -2.36e+00   2.37e-04 (  8.35e+01,  9.48e+01)
15     -2.962   2.00e-01   1.32e-01   1.24e-01  -2.27e+00   1.02e-03 (  1.09e+02,  1.28e+02)
20     -0.716   1.79e-01   1.76e-01   4.14e-02  -2.51e+00   3.74e-03 (  1.24e+02,  1.60e+02)
25     -0.030   2.08e-01   1.97e-01   3.11e-02  -2.13e-01   1.20e-02 (  1.48e+02,  1.88e+02)
30      0.103   3.77e-01   4.10e-01   2.24e-01   7.62e-01   3.43e-02 (  2.38e+02,  2.09e+02)
35      0.026   3.79e-01   4.15e-01   3.05e-01   1.58e-01   8.78e-02 (  2.11e+02,  2.24e+02)
40      0.065   4.11e-01   5.08e-01   3.79e-01   4.08e-01   2.03e-01 (  2.10e+02,  2.35e+02)
45      0.031   3.75e-01   4.48e-01   3.24e-01   2.13e-01   4.22e-01 (  1.80e+02,  2.41e+02)
50      0.087   4.15e-01   5.09e-01   3.24e-01   5.31e-01   7.96e-01 (  1.72e+02,  2.43e+02)
55      0.131   4.50e-01   6.34e-01   3.89e-01   1.22e+00   1.37e+00 (  1.69e+02,  2.42e+02)
60      0.154   4.93e-01   7.59e-01   4.71e-01   2.01e+00   2.14e+00 (  1.61e+02,  2.37e+02)
65      0.178   5.30e-01   8.46e-01   5.39e-01   2.86e+00   3.07e+00 (  1.48e+02,  2.29e+02)
70      0.233   6.19e-01   1.03e+00   6.91e-01   4.00e+00   4.07e+00 (  1.43e+02,  2.20e+02)
75      0.266   6.76e-01   1.11e+00   7.66e-01   4.91e+00   5.01e+00 (  1.33e+02,  2.10e+02)
80      0.291   7.24e-01   1.17e+00   8.11e-01   5.72e+00   5.78e+00 (  1.25e+02,  1.99e+02)
85      0.302   7.34e-01   1.21e+00   8.27e-01   6.30e+00   6.31e+00 (  1.17e+02,  1.89e+02)
90      0.290   7.10e-01   1.14e+00   8.09e-01   6.50e+00   6.59e+00 (  1.07e+02,  1.79e+02)
95      2.630   5.92e+00   7.25e+00   6.01e+00   1.34e+02   6.65e+00 (  2.48e+03,  1.70e+02)
38 n: 1.422e-04 e: 5.876e-05 i: 1.168e-04 :: e: 2.588e-02 i: 2.960e-02 :: n: 2.577e+01 e:24.036 i:27.973 v:4.993e+03
>>> tau_he = 5.000000, nhe(0)=2.940022e+00
 5    -26.337   1.23e-02   4.01e-01   2.49e-03  -5.68e-01   4.01e-05 (  7.17e+00,  4.78e+01)
10    -20.135   1.47e-01   9.38e-02   3.23e-02  -2.35e+00   2.37e-04 (  8.30e+01,  9.48e+01)
15     -2.983   2.01e-01   1.34e-01   1.17e-01  -2.29e+00   1.02e-03 (  1.10e+02,  1.28e+02)
20     -0.713   1.81e-01   1.78e-01   4.01e-02  -2.50e+00   3.74e-03 (  1.25e+02,  1.60e+02)
25     -0.041   2.09e-01   2.00e-01   3.50e-02  -2.80e-01   1.20e-02 (  1.49e+02,  1.88e+02)
30     -0.065   2.49e-01   2.44e-01   9.54e-02  -4.15e-01   3.43e-02 (  1.55e+02,  2.09e+02)
35     -0.110   2.92e-01   2.91e-01   1.95e-01  -6.08e-01   8.78e-02 (  1.61e+02,  2.24e+02)
40      0.048   4.15e-01   5.08e-01   3.92e-01   2.79e-01   2.03e-01 (  2.11e+02,  2.35e+02)
45      0.032   3.76e-01   4.45e-01   3.22e-01   2.27e-01   4.22e-01 (  1.80e+02,  2.41e+02)
50      0.172   4.77e-01   6.81e-01   3.79e-01   1.07e+00   7.96e-01 (  1.99e+02,  2.43e+02)
55      0.132   4.51e-01   6.35e-01   3.89e-01   1.23e+00   1.37e+00 (  1.69e+02,  2.42e+02)
60      0.155   4.93e-01   7.58e-01   4.71e-01   2.01e+00   2.14e+00 (  1.61e+02,  2.37e+02)
65      0.179   5.30e-01   8.44e-01   5.38e-01   2.86e+00   3.07e+00 (  1.48e+02,  2.29e+02)
70      0.233   6.19e-01   1.03e+00   6.91e-01   4.00e+00   4.07e+00 (  1.43e+02,  2.20e+02)
75      0.266   6.75e-01   1.11e+00   7.67e-01   4.91e+00   5.01e+00 (  1.33e+02,  2.10e+02)
80      0.291   7.24e-01   1.17e+00   8.13e-01   5.72e+00   5.78e+00 (  1.25e+02,  1.99e+02)
85      0.303   7.34e-01   1.21e+00   8.29e-01   6.31e+00   6.31e+00 (  1.17e+02,  1.89e+02)
90      0.291   7.10e-01   1.14e+00   8.12e-01   6.51e+00   6.59e+00 (  1.07e+02,  1.79e+02)
95      2.629   5.92e+00   7.25e+00   6.01e+00   1.34e+02   6.65e+00 (  2.47e+03,  1.70e+02)
39 n: 9.700e-05 e: 3.780e-05 i: 9.356e-05 :: e: 2.234e-02 i: 2.671e-02 :: n: 2.562e+01 e:24.042 i:27.991 v:4.993e+03
>>> tau_he = 5.000000, nhe(0)=2.947295e+00
 5    -26.443   1.24e-02   4.04e-01   2.50e-03  -5.70e-01   4.01e-05 (  7.23e+00,  4.78e+01)
10    -20.215   1.48e-01   9.45e-02   3.17e-02  -2.36e+00   2.37e-04 (  8.37e+01,  9.48e+01)
15     -3.018   2.02e-01   1.36e-01   1.14e-01  -2.32e+00   1.02e-03 (  1.12e+02,  1.28e+02)
20     -0.709   1.82e-01   1.78e-01   3.50e-02  -2.50e+00   3.74e-03 (  1.26e+02,  1.60e+02)
25      0.100   3.63e-01   4.49e-01   2.57e-01   7.24e-01   1.20e-02 (  2.58e+02,  1.88e+02)
30     -0.016   2.47e-01   2.44e-01   7.93e-02  -1.12e-01   3.43e-02 (  1.54e+02,  2.09e+02)
35      0.009   3.83e-01   4.22e-01   3.23e-01   5.00e-02   8.78e-02 (  2.12e+02,  2.24e+02)
40     -0.046   3.41e-01   3.56e-01   3.22e-01  -2.59e-01   2.03e-01 (  1.72e+02,  2.35e+02)
45      0.056   3.74e-01   4.40e-01   3.13e-01   3.87e-01   4.22e-01 (  1.78e+02,  2.41e+02)
50      0.087   4.16e-01   5.10e-01   3.27e-01   5.17e-01   7.96e-01 (  1.73e+02,  2.43e+02)
55      0.129   4.49e-01   6.38e-01   3.91e-01   1.19e+00   1.37e+00 (  1.69e+02,  2.42e+02)
60      0.154   4.93e-01   7.60e-01   4.74e-01   2.00e+00   2.14e+00 (  1.62e+02,  2.37e+02)
65      0.178   5.30e-01   8.46e-01   5.40e-01   2.84e+00   3.07e+00 (  1.48e+02,  2.29e+02)
70      0.233   6.19e-01   1.03e+00   6.93e-01   3.98e+00   4.07e+00 (  1.43e+02,  2.20e+02)
75      0.265   6.76e-01   1.11e+00   7.68e-01   4.90e+00   5.01e+00 (  1.33e+02,  2.10e+02)
80      0.291   7.24e-01   1.17e+00   8.13e-01   5.70e+00   5.78e+00 (  1.26e+02,  1.99e+02)
85      0.302   7.33e-01   1.21e+00   8.29e-01   6.29e+00   6.31e+00 (  1.17e+02,  1.89e+02)
90      0.290   7.09e-01   1.14e+00   8.11e-01   6.49e+00   6.59e+00 (  1.07e+02,  1.79e+02)
95      2.629   5.91e+00   7.25e+00   6.01e+00   1.34e+02   6.65e+00 (  2.48e+03,  1.70e+02)
40 n: 8.102e-05 e: 1.521e-04 i: 5.053e-04 :: e: 3.341e-02 i: 3.922e-02 :: n: 2.564e+01 e:24.061 i:28.065 v:4.993e+03
>>> tau_he = 5.000000, nhe(0)=2.961548e+00
 5    -26.671   1.25e-02   4.03e-01   2.53e-03  -5.75e-01   4.01e-05 (  7.37e+00,  4.78e+01)
10    -20.464   1.48e-01   9.44e-02   3.07e-02  -2.39e+00   2.37e-04 (  8.43e+01,  9.48e+01)
15     -3.076   2.02e-01   1.37e-01   1.09e-01  -2.36e+00   1.02e-03 (  1.13e+02,  1.28e+02)
20     -0.733   1.79e-01   1.76e-01   3.98e-02  -2.53e+00   3.74e-03 (  1.25e+02,  1.60e+02)
25     -0.057   1.96e-01   1.93e-01   5.60e-02  -3.74e-01   1.20e-02 (  1.37e+02,  1.88e+02)
30      0.102   3.76e-01   4.06e-01   2.20e-01   7.53e-01   3.43e-02 (  2.36e+02,  2.09e+02)
35      0.020   3.79e-01   4.13e-01   3.06e-01   1.23e-01   8.78e-02 (  2.10e+02,  2.24e+02)
40      0.059   4.12e-01   5.05e-01   3.82e-01   3.59e-01   2.03e-01 (  2.09e+02,  2.35e+02)
45      0.033   3.75e-01   4.45e-01   3.21e-01   2.34e-01   4.22e-01 (  1.80e+02,  2.41e+02)
50      0.099   4.10e-01   5.13e-01   3.21e-01   6.16e-01   7.96e-01 (  1.71e+02,  2.43e+02)
55      0.130   4.48e-01   6.35e-01   3.87e-01   1.21e+00   1.37e+00 (  1.68e+02,  2.42e+02)
60      0.154   4.91e-01   7.56e-01   4.70e-01   2.01e+00   2.14e+00 (  1.61e+02,  2.37e+02)
65      0.179   5.29e-01   8.44e-01   5.38e-01   2.86e+00   3.07e+00 (  1.48e+02,  2.29e+02)
70      0.233   6.18e-01   1.03e+00   6.91e-01   4.00e+00   4.07e+00 (  1.43e+02,  2.20e+02)
75      0.266   6.76e-01   1.11e+00   7.66e-01   4.92e+00   5.01e+00 (  1.33e+02,  2.10e+02)
80      0.291   7.25e-01   1.17e+00   8.12e-01   5.73e+00   5.78e+00 (  1.25e+02,  1.99e+02)
85      0.303   7.35e-01   1.21e+00   8.29e-01   6.32e+00   6.31e+00 (  1.17e+02,  1.89e+02)
90      0.291   7.11e-01   1.14e+00   8.11e-01   6.51e+00   6.59e+00 (  1.07e+02,  1.79e+02)
95      2.630   5.92e+00   7.25e+00   6.01e+00   1.34e+02   6.65e+00 (  2.48e+03,  1.70e+02)
41 n: 7.058e-05 e: 7.628e-05 i: 1.219e-04 :: e: 2.542e-02 i: 2.720e-02 :: n: 2.573e+01 e:24.048 i:28.010 v:4.993e+03
>>> tau_he = 5.000000, nhe(0)=2.937478e+00
 5    -26.650   1.50e-02   4.00e-01   3.19e-03  -5.74e-01   4.01e-05 (  8.80e+00,  4.78e+01)
10    -20.374   1.47e-01   9.44e-02   3.21e-02  -2.38e+00   2.37e-04 (  8.36e+01,  9.48e+01)
15     -3.056   2.02e-01   1.40e-01   1.10e-01  -2.35e+00   1.02e-03 (  1.13e+02,  1.28e+02)
20     -0.719   1.80e-01   1.77e-01   3.85e-02  -2.50e+00   3.74e-03 (  1.25e+02,  1.60e+02)
25     -0.075   1.93e-01   1.94e-01   5.43e-02  -4.82e-01   1.20e-02 (  1.34e+02,  1.88e+02)
30     -0.044   2.43e-01   2.42e-01   9.46e-02  -2.91e-01   3.43e-02 (  1.50e+02,  2.09e+02)
35     -0.111   2.81e-01   2.93e-01   1.91e-01  -6.24e-01   8.78e-02 (  1.55e+02,  2.24e+02)
40     -0.043   3.41e-01   3.53e-01   3.16e-01  -2.46e-01   2.03e-01 (  1.73e+02,  2.35e+02)
45      0.127   4.40e-01   5.68e-01   3.71e-01   9.08e-01   4.22e-01 (  2.12e+02,  2.41e+02)
50      0.174   4.80e-01   6.88e-01   3.81e-01   1.10e+00   7.96e-01 (  2.01e+02,  2.43e+02)
55      0.132   4.52e-01   6.37e-01   3.90e-01   1.24e+00   1.37e+00 (  1.70e+02,  2.42e+02)
60      0.154   4.93e-01   7.59e-01   4.72e-01   2.01e+00   2.14e+00 (  1.61e+02,  2.37e+02)
65      0.179   5.31e-01   8.47e-01   5.40e-01   2.86e+00   3.07e+00 (  1.49e+02,  2.29e+02)
70      0.233   6.20e-01   1.03e+00   6.92e-01   4.00e+00   4.07e+00 (  1.43e+02,  2.20e+02)
75      0.266   6.77e-01   1.11e+00   7.68e-01   4.91e+00   5.01e+00 (  1.33e+02,  2.10e+02)
80      0.291   7.25e-01   1.18e+00   8.13e-01   5.72e+00   5.78e+00 (  1.26e+02,  1.99e+02)
85      0.303   7.35e-01   1.21e+00   8.29e-01   6.31e+00   6.31e+00 (  1.17e+02,  1.89e+02)
90      0.291   7.10e-01   1.14e+00   8.11e-01   6.51e+00   6.59e+00 (  1.07e+02,  1.79e+02)
95      2.630   5.92e+00   7.25e+00   6.01e+00   1.34e+02   6.65e+00 (  2.48e+03,  1.70e+02)
42 n: 2.411e-04 e: 6.438e-05 i: 1.393e-04 :: e: 3.337e-02 i: 3.794e-02 :: n: 2.562e+01 e:24.038 i:27.951 v:4.993e+03
>>> tau_he = 5.000000, nhe(0)=2.965865e+00
 5    -26.414   1.24e-02   4.04e-01   2.44e-03  -5.70e-01   4.01e-05 (  7.32e+00,  4.78e+01)
10    -20.420   1.47e-01   9.37e-02   3.00e-02  -2.39e+00   2.37e-04 (  8.40e+01,  9.48e+01)
15     -3.089   2.02e-01   1.39e-01   1.05e-01  -2.37e+00   1.02e-03 (  1.14e+02,  1.28e+02)
20     -0.719   1.80e-01   1.75e-01   3.47e-02  -2.51e+00   3.74e-03 (  1.25e+02,  1.60e+02)
25     -0.044   1.95e-01   1.94e-01   4.55e-02  -3.00e-01   1.20e-02 (  1.37e+02,  1.88e+02)
30      0.099   3.70e-01   4.04e-01   2.25e-01   7.11e-01   3.43e-02 (  2.30e+02,  2.09e+02)
35      0.028   3.76e-01   4.11e-01   3.01e-01   1.74e-01   8.78e-02 (  2.08e+02,  2.24e+02)
40      0.059   4.11e-01   5.06e-01   3.85e-01   3.55e-01   2.03e-01 (  2.08e+02,  2.35e+02)
45      0.047   3.70e-01   4.31e-01   3.13e-01   3.12e-01   4.22e-01 (  1.76e+02,  2.41e+02)
50      0.096   4.07e-01   5.08e-01   3.18e-01   6.04e-01   7.96e-01 (  1.69e+02,  2.43e+02)
55      0.131   4.49e-01   6.31e-01   3.86e-01   1.24e+00   1.37e+00 (  1.69e+02,  2.42e+02)
60      0.155   4.92e-01   7.56e-01   4.68e-01   2.03e+00   2.14e+00 (  1.61e+02,  2.37e+02)
65      0.180   5.31e-01   8.47e-01   5.39e-01   2.90e+00   3.07e+00 (  1.49e+02,  2.29e+02)
70      0.234   6.21e-01   1.03e+00   6.91e-01   4.04e+00   4.07e+00 (  1.43e+02,  2.20e+02)
75      0.267   6.78e-01   1.11e+00   7.67e-01   4.95e+00   5.01e+00 (  1.34e+02,  2.10e+02)
80      0.292   7.27e-01   1.18e+00   8.13e-01   5.77e+00   5.78e+00 (  1.26e+02,  1.99e+02)
85      0.304   7.37e-01   1.21e+00   8.29e-01   6.35e+00   6.31e+00 (  1.18e+02,  1.89e+02)
90      0.292   7.13e-01   1.14e+00   8.11e-01   6.55e+00   6.59e+00 (  1.07e+02,  1.79e+02)
95      2.631   5.92e+00   7.25e+00   6.01e+00   1.34e+02   6.65e+00 (  2.48e+03,  1.70e+02)
43 n: 9.225e-05 e: 4.744e-05 i: 1.004e-04 :: e: 2.566e-02 i: 2.808e-02 :: n: 2.575e+01 e:24.016 i:28.020 v:4.993e+03
>>> tau_he = 5.000000, nhe(0)=2.937622e+00
 5    -26.560   1.50e-02   4.01e-01   3.16e-03  -5.72e-01   4.01e-05 (  8.84e+00,  4.78e+01)
10    -20.486   1.47e-01   9.41e-02   3.20e-02  -2.40e+00   2.37e-04 (  8.38e+01,  9.48e+01)
15     -3.110   2.02e-01   1.41e-01   1.04e-01  -2.39e+00   1.02e-03 (  1.14e+02,  1.28e+02)
20     -0.717   1.82e-01   1.77e-01   3.20e-02  -2.51e+00   3.74e-03 (  1.26e+02,  1.60e+02)
25     -0.052   2.05e-01   1.98e-01   4.72e-02  -3.45e-01   1.20e-02 (  1.44e+02,  1.88e+02)
30     -0.081   2.45e-01   2.43e-01   1.03e-01  -5.03e-01   3.43e-02 (  1.51e+02,  2.09e+02)
35     -0.105   2.90e-01   2.91e-01   1.94e-01  -5.87e-01   8.78e-02 (  1.60e+02,  2.24e+02)
40     -0.046   3.41e-01   3.54e-01   3.19e-01  -2.61e-01   2.03e-01 (  1.73e+02,  2.35e+02)
45      0.047   3.72e-01   4.32e-01   3.14e-01   3.14e-01   4.22e-01 (  1.77e+02,  2.41e+02)
50      0.171   4.76e-01   6.80e-01   3.76e-01   1.09e+00   7.96e-01 (  1.99e+02,  2.43e+02)
55      0.132   4.50e-01   6.33e-01   3.86e-01   1.25e+00   1.37e+00 (  1.69e+02,  2.42e+02)
60      0.154   4.92e-01   7.56e-01   4.68e-01   2.03e+00   2.14e+00 (  1.61e+02,  2.37e+02)
65      0.180   5.31e-01   8.47e-01   5.39e-01   2.89e+00   3.07e+00 (  1.49e+02,  2.29e+02)
70      0.234   6.21e-01   1.03e+00   6.91e-01   4.03e+00   4.07e+00 (  1.43e+02,  2.20e+02)
75      0.267   6.78e-01   1.11e+00   7.67e-01   4.95e+00   5.01e+00 (  1.34e+02,  2.10e+02)
80      0.292   7.27e-01   1.18e+00   8.13e-01   5.76e+00   5.78e+00 (  1.26e+02,  1.99e+02)
85      0.304   7.37e-01   1.21e+00   8.29e-01   6.34e+00   6.31e+00 (  1.18e+02,  1.89e+02)
90      0.292   7.12e-01   1.14e+00   8.11e-01   6.54e+00   6.59e+00 (  1.07e+02,  1.79e+02)
95      2.631   5.92e+00   7.25e+00   6.01e+00   1.34e+02   6.65e+00 (  2.48e+03,  1.70e+02)
44 n: 1.724e-04 e: 2.553e-05 i: 7.712e-05 :: e: 2.431e-02 i: 2.861e-02 :: n: 2.562e+01 e:24.058 i:27.967 v:4.993e+03
>>> tau_he = 5.000000, nhe(0)=2.964345e+00
 5    -24.325   1.27e-02   4.02e-01   2.85e-03  -5.25e-01   4.01e-05 (  7.48e+00,  4.78e+01)
10    -20.491   1.48e-01   9.35e-02   2.97e-02  -2.40e+00   2.37e-04 (  8.41e+01,  9.48e+01)
15     -2.980   2.08e-01   1.08e-01   7.05e-02  -2.29e+00   1.02e-03 (  1.18e+02,  1.28e+02)
20     -0.715   1.82e-01   1.76e-01   2.95e-02  -2.51e+00   3.74e-03 (  1.26e+02,  1.60e+02)
25     -0.033   2.05e-01   1.96e-01   3.62e-02  -2.29e-01   1.20e-02 (  1.45e+02,  1.88e+02)
30     -0.024   2.43e-01   2.39e-01   8.54e-02  -1.61e-01   3.43e-02 (  1.50e+02,  2.09e+02)
35      0.026   3.76e-01   4.12e-01   3.03e-01   1.62e-01   8.78e-02 (  2.08e+02,  2.24e+02)
40      0.063   4.10e-01   5.06e-01   3.82e-01   3.84e-01   2.03e-01 (  2.07e+02,  2.35e+02)
45      0.049   3.70e-01   4.33e-01   3.13e-01   3.26e-01   4.22e-01 (  1.75e+02,  2.41e+02)
50      0.096   4.05e-01   5.05e-01   3.18e-01   5.92e-01   7.96e-01 (  1.68e+02,  2.43e+02)
55      0.131   4.47e-01   6.29e-01   3.85e-01   1.23e+00   1.37e+00 (  1.67e+02,  2.42e+02)
60      0.154   4.90e-01   7.52e-01   4.67e-01   2.02e+00   2.14e+00 (  1.60e+02,  2.37e+02)
65      0.179   5.29e-01   8.43e-01   5.36e-01   2.88e+00   3.07e+00 (  1.48e+02,  2.29e+02)
70      0.233   6.19e-01   1.03e+00   6.89e-01   4.02e+00   4.07e+00 (  1.43e+02,  2.20e+02)
75      0.267   6.77e-01   1.11e+00   7.66e-01   4.94e+00   5.01e+00 (  1.33e+02,  2.10e+02)
80      0.292   7.26e-01   1.17e+00   8.12e-01   5.75e+00   5.78e+00 (  1.26e+02,  1.99e+02)
85      0.304   7.36e-01   1.21e+00   8.28e-01   6.34e+00   6.31e+00 (  1.17e+02,  1.89e+02)
90      0.291   7.12e-01   1.14e+00   8.11e-01   6.53e+00   6.59e+00 (  1.07e+02,  1.79e+02)
95      2.630   5.92e+00   7.25e+00   6.01e+00   1.34e+02   6.65e+00 (  2.48e+03,  1.70e+02)
45 n: 1.168e-04 e: 5.654e-05 i: 1.120e-04 :: e: 1.948e-02 i: 2.574e-02 :: n: 2.573e+01 e:24.023 i:28.065 v:4.993e+03
>>> tau_he = 5.000000, nhe(0)=2.957131e+00
 5    -24.412   1.54e-02   4.01e-01   3.51e-03  -5.26e-01   4.01e-05 (  9.06e+00,  4.78e+01)
10    -20.623   1.47e-01   9.35e-02   3.07e-02  -2.41e+00   2.37e-04 (  8.43e+01,  9.48e+01)
15     -2.988   2.11e-01   1.12e-01   7.74e-02  -2.29e+00   1.02e-03 (  1.20e+02,  1.28e+02)
20     -0.716   1.83e-01   1.77e-01   2.88e-02  -2.53e+00   3.74e-03 (  1.28e+02,  1.60e+02)
25     -0.017   2.08e-01   1.98e-01   2.65e-02  -1.23e-01   1.20e-02 (  1.48e+02,  1.88e+02)
30     -0.051   2.47e-01   2.50e-01   9.42e-02  -3.45e-01   3.43e-02 (  1.55e+02,  2.09e+02)
35     -0.007   3.81e-01   4.19e-01   3.30e-01  -3.80e-02   8.78e-02 (  2.11e+02,  2.24e+02)
40     -0.045   3.41e-01   3.55e-01   3.20e-01  -2.57e-01   2.03e-01 (  1.73e+02,  2.35e+02)
45      0.048   3.72e-01   4.35e-01   3.15e-01   3.16e-01   4.22e-01 (  1.77e+02,  2.41e+02)
50      0.170   4.75e-01   6.78e-01   3.76e-01   1.08e+00   7.96e-01 (  1.98e+02,  2.43e+02)
55      0.131   4.48e-01   6.32e-01   3.86e-01   1.24e+00   1.37e+00 (  1.68e+02,  2.42e+02)
60      0.154   4.90e-01   7.53e-01   4.67e-01   2.02e+00   2.14e+00 (  1.60e+02,  2.37e+02)
65      0.179   5.29e-01   8.43e-01   5.36e-01   2.87e+00   3.07e+00 (  1.48e+02,  2.29e+02)
70      0.233   6.18e-01   1.03e+00   6.89e-01   4.01e+00   4.07e+00 (  1.42e+02,  2.20e+02)
75      0.266   6.76e-01   1.10e+00   7.65e-01   4.93e+00   5.01e+00 (  1.33e+02,  2.10e+02)
80      0.291   7.25e-01   1.17e+00   8.10e-01   5.74e+00   5.78e+00 (  1.25e+02,  1.99e+02)
85      0.303   7.35e-01   1.21e+00   8.26e-01   6.32e+00   6.31e+00 (  1.17e+02,  1.89e+02)
90      0.291   7.11e-01   1.14e+00   8.09e-01   6.52e+00   6.59e+00 (  1.07e+02,  1.79e+02)
95      2.630   5.92e+00   7.25e+00   6.01e+00   1.34e+02   6.65e+00 (  2.48e+03,  1.70e+02)
46 n: 1.611e-04 e: 3.713e-05 i: 1.045e-04 :: e: 1.805e-02 i: 2.442e-02 :: n: 2.569e+01 e:24.108 i:28.064 v:4.993e+03
>>> tau_he = 5.000000, nhe(0)=2.984726e+00
 5    -24.227   1.29e-02   4.06e-01   2.79e-03  -5.23e-01   4.01e-05 (  7.59e+00,  4.78e+01)
10    -20.672   1.47e-01   9.26e-02   2.84e-02  -2.42e+00   2.37e-04 (  8.45e+01,  9.48e+01)
15     -2.999   2.13e-01   1.13e-01   7.10e-02  -2.30e+00   1.02e-03 (  1.22e+02,  1.28e+02)
20     -0.657   1.82e-01   1.73e-01   2.25e-02  -2.33e+00   3.74e-03 (  1.28e+02,  1.60e+02)
25      0.140   3.53e-01   4.31e-01   2.38e-01   1.09e+00   1.20e-02 (  2.53e+02,  1.88e+02)
30      0.083   3.75e-01   4.14e-01   2.30e-01   6.21e-01   3.43e-02 (  2.36e+02,  2.09e+02)
35      0.021   3.74e-01   4.08e-01   3.03e-01   1.30e-01   8.78e-02 (  2.06e+02,  2.24e+02)
40      0.062   4.10e-01   5.06e-01   3.82e-01   3.79e-01   2.03e-01 (  2.08e+02,  2.35e+02)
45      0.049   3.72e-01   4.35e-01   3.15e-01   3.26e-01   4.22e-01 (  1.77e+02,  2.41e+02)
50      0.087   4.12e-01   5.04e-01   3.20e-01   5.38e-01   7.96e-01 (  1.71e+02,  2.43e+02)
55      0.131   4.47e-01   6.28e-01   3.85e-01   1.23e+00   1.37e+00 (  1.67e+02,  2.42e+02)
60      0.154   4.89e-01   7.51e-01   4.66e-01   2.02e+00   2.14e+00 (  1.59e+02,  2.37e+02)
65      0.179   5.28e-01   8.41e-01   5.35e-01   2.88e+00   3.07e+00 (  1.47e+02,  2.29e+02)
70      0.233   6.17e-01   1.02e+00   6.88e-01   4.01e+00   4.07e+00 (  1.42e+02,  2.20e+02)
75      0.266   6.75e-01   1.10e+00   7.63e-01   4.93e+00   5.01e+00 (  1.32e+02,  2.10e+02)
80      0.291   7.24e-01   1.17e+00   8.09e-01   5.74e+00   5.78e+00 (  1.25e+02,  1.99e+02)
85      0.303   7.35e-01   1.21e+00   8.26e-01   6.33e+00   6.31e+00 (  1.17e+02,  1.89e+02)
90      0.291   7.11e-01   1.14e+00   8.09e-01   6.53e+00   6.59e+00 (  1.07e+02,  1.79e+02)
95      2.630   5.92e+00   7.25e+00   6.01e+00   1.34e+02   6.65e+00 (  2.48e+03,  1.70e+02)
47 n: 1.464e-04 e: 1.696e-04 i: 5.761e-04 :: e: 3.195e-02 i: 3.896e-02 :: n: 2.581e+01 e:24.085 i:28.149 v:4.993e+03
>>> tau_he = 5.000000, nhe(0)=2.941069e+00
 5    -24.433   1.55e-02   3.99e-01   3.57e-03  -5.26e-01   4.01e-05 (  9.12e+00,  4.78e+01)
10    -20.725   1.47e-01   9.38e-02   3.12e-02  -2.42e+00   2.37e-04 (  8.42e+01,  9.48e+01)
15     -2.886   2.29e-01   1.33e-01  -1.37e-02  -2.21e+00   1.02e-03 (  1.31e+02,  1.28e+02)
20     -0.729   1.82e-01   1.77e-01   2.94e-02  -2.53e+00   3.74e-03 (  1.27e+02,  1.60e+02)
25     -0.074   1.93e-01   1.93e-01   5.54e-02  -4.83e-01   1.20e-02 (  1.34e+02,  1.88e+02)
30     -0.072   2.44e-01   2.48e-01   1.04e-01  -4.73e-01   3.43e-02 (  1.51e+02,  2.09e+02)
35     -0.105   2.88e-01   2.89e-01   1.93e-01  -5.87e-01   8.78e-02 (  1.58e+02,  2.24e+02)
40     -0.044   3.42e-01   3.56e-01   3.20e-01  -2.50e-01   2.03e-01 (  1.74e+02,  2.35e+02)
45      0.049   3.74e-01   4.37e-01   3.17e-01   3.25e-01   4.22e-01 (  1.79e+02,  2.41e+02)
50      0.171   4.76e-01   6.80e-01   3.77e-01   1.08e+00   7.96e-01 (  1.99e+02,  2.43e+02)
55      0.131   4.49e-01   6.33e-01   3.87e-01   1.24e+00   1.37e+00 (  1.69e+02,  2.42e+02)
60      0.154   4.91e-01   7.55e-01   4.68e-01   2.02e+00   2.14e+00 (  1.60e+02,  2.37e+02)
65      0.179   5.29e-01   8.45e-01   5.37e-01   2.88e+00   3.07e+00 (  1.48e+02,  2.29e+02)
70      0.233   6.18e-01   1.03e+00   6.89e-01   4.01e+00   4.07e+00 (  1.42e+02,  2.20e+02)
75      0.266   6.76e-01   1.10e+00   7.64e-01   4.93e+00   5.01e+00 (  1.33e+02,  2.10e+02)
80      0.291   7.24e-01   1.17e+00   8.10e-01   5.74e+00   5.78e+00 (  1.25e+02,  1.99e+02)
85      0.303   7.35e-01   1.21e+00   8.25e-01   6.32e+00   6.31e+00 (  1.17e+02,  1.89e+02)
90      0.291   7.11e-01   1.13e+00   8.08e-01   6.52e+00   6.59e+00 (  1.07e+02,  1.79e+02)
95      2.630   5.92e+00   7.25e+00   6.01e+00   1.34e+02   6.65e+00 (  2.48e+03,  1.70e+02)
48 n: 1.594e-04 e: 3.135e-05 i: 6.632e-05 :: e: 2.378e-02 i: 2.656e-02 :: n: 2.563e+01 e:24.078 i:28.001 v:4.993e+03
>>> tau_he = 5.000000, nhe(0)=2.967640e+00
 5    -24.201   1.28e-02   4.03e-01   2.80e-03  -5.22e-01   4.01e-05 (  7.52e+00,  4.78e+01)
10    -20.566   1.47e-01   9.29e-02   2.87e-02  -2.40e+00   2.37e-04 (  8.41e+01,  9.48e+01)
15     -2.839   2.29e-01   1.32e-01  -1.74e-02  -2.18e+00   1.02e-03 (  1.31e+02,  1.28e+02)
20     -0.654   1.81e-01   1.73e-01   2.71e-02  -2.28e+00   3.74e-03 (  1.25e+02,  1.60e+02)
25     -0.042   1.93e-01   1.92e-01   5.03e-02  -2.91e-01   1.20e-02 (  1.35e+02,  1.88e+02)
30      0.097   3.67e-01   4.00e-01   2.23e-01   6.97e-01   3.43e-02 (  2.28e+02,  2.09e+02)
35      0.026   3.74e-01   4.08e-01   3.00e-01   1.62e-01   8.78e-02 (  2.06e+02,  2.24e+02)
40      0.064   4.10e-01   5.06e-01   3.81e-01   3.96e-01   2.03e-01 (  2.07e+02,  2.35e+02)
45      0.051   3.72e-01   4.36e-01   3.15e-01   3.35e-01   4.22e-01 (  1.77e+02,  2.41e+02)
50      0.088   4.12e-01   5.04e-01   3.20e-01   5.39e-01   7.96e-01 (  1.70e+02,  2.43e+02)
55      0.129   4.44e-01   6.29e-01   3.84e-01   1.21e+00   1.37e+00 (  1.66e+02,  2.42e+02)
60      0.154   4.89e-01   7.51e-01   4.66e-01   2.02e+00   2.14e+00 (  1.59e+02,  2.37e+02)
65      0.179   5.28e-01   8.42e-01   5.35e-01   2.88e+00   3.07e+00 (  1.47e+02,  2.29e+02)
70      0.233   6.17e-01   1.02e+00   6.87e-01   4.01e+00   4.07e+00 (  1.42e+02,  2.20e+02)
75      0.266   6.75e-01   1.10e+00   7.63e-01   4.93e+00   5.01e+00 (  1.32e+02,  2.10e+02)
80      0.291   7.24e-01   1.17e+00   8.09e-01   5.74e+00   5.78e+00 (  1.25e+02,  1.99e+02)
85      0.303   7.34e-01   1.21e+00   8.25e-01   6.33e+00   6.31e+00 (  1.17e+02,  1.89e+02)
90      0.291   7.11e-01   1.13e+00   8.08e-01   6.53e+00   6.59e+00 (  1.06e+02,  1.79e+02)
95      2.630   5.92e+00   7.25e+00   6.01e+00   1.34e+02   6.65e+00 (  2.47e+03,  1.70e+02)
49 n: 1.492e-04 e: 5.278e-05 i: 1.070e-04 :: e: 2.280e-02 i: 2.592e-02 :: n: 2.574e+01 e:23.988 i:28.079 v:4.993e+03
 plasma volume = 149.557569
 stored energy(e,i,b) = 6.164976e+01 5.638230e+01 0.000000e+00
 betan = 1.333277
*power
 Pnb(e,i) = 0.000000e+00 0.000000e+00
 Prf(e,i) = 1.040611e+01 2.163569e+01
 Prad     = -1.429067e+01 
 Pei      = -1.381284e+01 
 Pfuse    = 5.654885e+01 
 Pfusi    = 1.976158e+01 
 Poh      = 0.000000e+00 
*confinement time
 taut, tauITER98y2, H98y2 : 1.254838e+00 1.386150e+00 9.052688e-01
 taue, taui : 1.586807e+00 1.679323e+00
 taut, tau89, H89 : 1.254838e+00 7.146767e-01 1.755813e+00
*temperature
 nea, nebar : 1.970961e+01 2.188692e+01 
 tea, tia : 7.848951e+00 7.522255e+00 (1.043431e+00)
 te0, ti0 : 2.073033e+01 2.147983e+01 (9.651067e-01)
 Sn : 1.517178e+03 
*current balance
 Ip,Ibs,Inb,Irf: 1.000000e+01 1.984955e+00 0.000000e+00 2.782559e-01
 fni,fbs: 0.226 0.198

 plasma volume = 149.557569
 stored energy(e,i,b) = 6.164976e+01 5.638230e+01 0.000000e+00
 betan = 1.333277
*power
 Pnb(e,i) = 0.000000e+00 0.000000e+00
 Prf(e,i) = 1.040611e+01 2.163569e+01
 Prad     = -1.429067e+01 
 Pei      = -1.381284e+01 
 Pfuse    = 5.654885e+01 
 Pfusi    = 1.976158e+01 
 Poh      = 0.000000e+00 
*confinement time
 taut, tauITER98y2, H98y2 : 1.254838e+00 1.386150e+00 9.052688e-01
 taue, taui : 1.586807e+00 1.679323e+00
 taut, tau89, H89 : 1.254838e+00 7.146767e-01 1.755813e+00
*temperature
 nea, nebar : 1.970961e+01 2.188692e+01 
 tea, tia : 7.848951e+00 7.522255e+00 (1.043431e+00)
 te0, ti0 : 2.073033e+01 2.147983e+01 (9.651067e-01)
 Sn : 1.517178e+03 
*current balance
 Ip,Ibs,Inb,Irf: 1.000000e+01 1.984955e+00 0.000000e+00 2.782559e-01
 fni,fbs: 0.226 0.198
 ELAPASED TIME = 1779 sec
