NCAPTC: : NetCDF: Variable not found
Warning: ieee_overflow is signaling
Warning: ieee_underflow is signaling
Warning: ieee_inexact is signaling
FORTRAN STOP
 solver
 /global/common/software/atom/perlmutter/data/greentable/
 /global/common/software/atom/perlmutter/data/greentable/

          EFITD Version  07/09/2014


 type mode (2=file, 3=snap, 4=time, 5=input, 6=com file, 7=snap_ext):

 number of time slices?

 type input file names:
 #
 table_dir = </global/common/software/atom/perlmutter/data/greentable/>

  ----- time =     2 ms ----- ( 0)
 it=  1 chi2=0.00E+00 zm= 7.53E-03 err=5.202E+00 dz= 7.535E-03 chigam= 0.00E+00
 it=  2 chi2=0.00E+00 zm= 1.06E-02 err=9.287E-01 dz= 3.038E-03 chigam= 0.00E+00
 it=  3 chi2=0.00E+00 zm= 1.28E-02 err=5.125E-01 dz= 2.258E-03 chigam= 0.00E+00
 it=  4 chi2=0.00E+00 zm= 1.45E-02 err=2.823E-01 dz= 1.649E-03 chigam= 0.00E+00
 it=  5 chi2=0.00E+00 zm= 1.57E-02 err=1.586E-01 dz= 1.216E-03 chigam= 0.00E+00
 it=  6 chi2=0.00E+00 zm= 1.66E-02 err=9.747E-02 dz= 8.672E-04 chigam= 0.00E+00
 it=  7 chi2=0.00E+00 zm= 1.72E-02 err=6.978E-02 dz= 5.935E-04 chigam= 0.00E+00
 it=  8 chi2=0.00E+00 zm= 1.76E-02 err=4.532E-02 dz= 4.022E-04 chigam= 0.00E+00
 it=  9 chi2=0.00E+00 zm= 1.78E-02 err=2.973E-02 dz= 2.648E-04 chigam= 0.00E+00
 it= 10 chi2=0.00E+00 zm= 1.80E-02 err=1.643E-02 dz= 1.696E-04 chigam= 0.00E+00
 it= 11 chi2=0.00E+00 zm= 1.81E-02 err=9.893E-03 dz= 1.098E-04 chigam= 0.00E+00
 it= 12 chi2=0.00E+00 zm= 1.82E-02 err=6.685E-03 dz= 7.046E-05 chigam= 0.00E+00
 it= 13 chi2=0.00E+00 zm= 1.82E-02 err=4.094E-03 dz= 4.512E-05 chigam= 0.00E+00
 it= 14 chi2=0.00E+00 zm= 1.82E-02 err=2.527E-03 dz= 2.871E-05 chigam= 0.00E+00
 it= 15 chi2=0.00E+00 zm= 1.83E-02 err=1.571E-03 dz= 1.815E-05 chigam= 0.00E+00
 it= 16 chi2=0.00E+00 zm= 1.83E-02 err=9.827E-04 dz= 1.141E-05 chigam= 0.00E+00
 it= 17 chi2=0.00E+00 zm= 1.83E-02 err=6.181E-04 dz= 7.123E-06 chigam= 0.00E+00
 it= 18 chi2=0.00E+00 zm= 1.83E-02 err=3.906E-04 dz= 4.416E-06 chigam= 0.00E+00
 it= 19 chi2=0.00E+00 zm= 1.83E-02 err=2.480E-04 dz= 2.714E-06 chigam= 0.00E+00
 it= 20 chi2=0.00E+00 zm= 1.83E-02 err=1.581E-04 dz= 1.655E-06 chigam= 0.00E+00
 it= 21 chi2=0.00E+00 zm= 1.83E-02 err=1.010E-04 dz= 9.974E-07 chigam= 0.00E+00
 it= 22 chi2=0.00E+00 zm= 1.83E-02 err=6.471E-05 dz= 5.947E-07 chigam= 0.00E+00

      ******************** EFITD129 x 129  output ********************

       data used:   
  0 flux loops
  0 magnetic probes(i)
  0 full rogowski
  0 diamagnetic loop


 shot #   =          1 time(ms) =          2 chi**2   =  0.000E+00
 betat(%) =      1.152 betap    =      0.586 li       =      0.740
 vol(cm3) =  0.780E+07 rout(cm) =    172.108 zout(cm) =      0.599
 elong    =      1.357 utriang  =     -0.375 ltriang  =     -0.342
 a(cm)    =     41.339 lin(cm)  = ********** lout(cm) =     10.729
 ltop(cm) = ********** q*       =      2.339 rc(cm)   =    176.795
 zc(cm)   =      1.548 bt0(t)   =      2.000 qout     =      2.201
