NCAPTC: : NetCDF: Variable not found
Warning: ieee_overflow is signaling
Warning: ieee_underflow is signaling
Warning: ieee_inexact is signaling
FORTRAN STOP
 solver
 /global/common/software/atom/perlmutter/data/greentable/
 /global/common/software/atom/perlmutter/data/greentable/

          EFITD Version  07/09/2014


 type mode (2=file, 3=snap, 4=time, 5=input, 6=com file, 7=snap_ext):

 number of time slices?

 type input file names:
 #
 table_dir = </global/common/software/atom/perlmutter/data/greentable/>

  ----- time =     1 ms ----- ( 0)
 it=  1 chi2=0.00E+00 zm= 7.53E-03 err=5.202E+00 dz= 7.535E-03 chigam= 0.00E+00
 it=  2 chi2=0.00E+00 zm= 1.05E-02 err=8.650E-01 dz= 2.916E-03 chigam= 0.00E+00
 it=  3 chi2=0.00E+00 zm= 1.27E-02 err=5.120E-01 dz= 2.224E-03 chigam= 0.00E+00
 it=  4 chi2=0.00E+00 zm= 1.45E-02 err=3.184E-01 dz= 1.816E-03 chigam= 0.00E+00
 it=  5 chi2=0.00E+00 zm= 1.60E-02 err=2.002E-01 dz= 1.515E-03 chigam= 0.00E+00
 it=  6 chi2=0.00E+00 zm= 1.73E-02 err=1.294E-01 dz= 1.278E-03 chigam= 0.00E+00
 it=  7 chi2=0.00E+00 zm= 1.84E-02 err=8.998E-02 dz= 1.083E-03 chigam= 0.00E+00
 it=  8 chi2=0.00E+00 zm= 1.93E-02 err=6.348E-02 dz= 9.139E-04 chigam= 0.00E+00
 it=  9 chi2=0.00E+00 zm= 2.00E-02 err=4.108E-02 dz= 7.615E-04 chigam= 0.00E+00
 it= 10 chi2=0.00E+00 zm= 2.07E-02 err=2.606E-02 dz= 6.308E-04 chigam= 0.00E+00
 it= 11 chi2=0.00E+00 zm= 2.12E-02 err=1.924E-02 dz= 5.212E-04 chigam= 0.00E+00
 it= 12 chi2=0.00E+00 zm= 2.16E-02 err=1.199E-02 dz= 4.264E-04 chigam= 0.00E+00
 it= 13 chi2=0.00E+00 zm= 2.20E-02 err=8.573E-03 dz= 3.491E-04 chigam= 0.00E+00
 it= 14 chi2=0.00E+00 zm= 2.23E-02 err=7.220E-03 dz= 2.865E-04 chigam= 0.00E+00
 it= 15 chi2=0.00E+00 zm= 2.25E-02 err=5.503E-03 dz= 2.335E-04 chigam= 0.00E+00
 it= 16 chi2=0.00E+00 zm= 2.27E-02 err=4.203E-03 dz= 1.899E-04 chigam= 0.00E+00
 it= 17 chi2=0.00E+00 zm= 2.28E-02 err=3.217E-03 dz= 1.540E-04 chigam= 0.00E+00
 it= 18 chi2=0.00E+00 zm= 2.30E-02 err=2.468E-03 dz= 1.247E-04 chigam= 0.00E+00
 it= 19 chi2=0.00E+00 zm= 2.31E-02 err=1.898E-03 dz= 1.009E-04 chigam= 0.00E+00
 it= 20 chi2=0.00E+00 zm= 2.31E-02 err=1.464E-03 dz= 8.147E-05 chigam= 0.00E+00
 it= 21 chi2=0.00E+00 zm= 2.32E-02 err=1.131E-03 dz= 6.575E-05 chigam= 0.00E+00
 it= 22 chi2=0.00E+00 zm= 2.33E-02 err=8.770E-04 dz= 5.301E-05 chigam= 0.00E+00
 it= 23 chi2=0.00E+00 zm= 2.33E-02 err=6.815E-04 dz= 4.272E-05 chigam= 0.00E+00
 it= 24 chi2=0.00E+00 zm= 2.33E-02 err=5.310E-04 dz= 3.440E-05 chigam= 0.00E+00
 it= 25 chi2=0.00E+00 zm= 2.34E-02 err=4.147E-04 dz= 2.770E-05 chigam= 0.00E+00
 it= 26 chi2=0.00E+00 zm= 2.34E-02 err=3.247E-04 dz= 2.229E-05 chigam= 0.00E+00
 it= 27 chi2=0.00E+00 zm= 2.34E-02 err=2.548E-04 dz= 1.793E-05 chigam= 0.00E+00
 it= 28 chi2=0.00E+00 zm= 2.34E-02 err=2.003E-04 dz= 1.442E-05 chigam= 0.00E+00
 it= 29 chi2=0.00E+00 zm= 2.34E-02 err=1.578E-04 dz= 1.160E-05 chigam= 0.00E+00
 it= 30 chi2=0.00E+00 zm= 2.34E-02 err=1.246E-04 dz= 9.326E-06 chigam= 0.00E+00
 it= 31 chi2=0.00E+00 zm= 2.34E-02 err=9.850E-05 dz= 7.497E-06 chigam= 0.00E+00

      ******************** EFITD129 x 129  output ********************

       data used:   
  0 flux loops
  0 magnetic probes(i)
  0 full rogowski
  0 diamagnetic loop


 shot #   =          1 time(ms) =          1 chi**2   =  0.000E+00
 betat(%) =      1.175 betap    =      0.591 li       =      1.080
 vol(cm3) =  0.777E+07 rout(cm) =    172.333 zout(cm) =      0.980
 elong    =      1.336 utriang  =     -0.367 ltriang  =     -0.303
 a(cm)    =     41.564 lin(cm)  = ********** lout(cm) =     10.279
 ltop(cm) = ********** q*       =      2.319 rc(cm)   =    176.999
 zc(cm)   =      2.207 bt0(t)   =      2.000 qout     =      2.237
