cmd = /global/common/software/atom/perlmutter/cesol/conda/dev/bin/ips.py --simulation=/pscratch/sd/h/hswils/github_repos/MANTA_DBSCANS/SCANS_TORIC/paux_scan_evolvedens_addKr_withHe3/SCAN/dakota_bridge_1433319.conf --platform=/global/common/software/atom/perlmutter/cesol/conda/dev/template/machine_config/perlmutter_cpu.conf --verbose --log=ips_sweep.log
Feb 02 2026 12:31:19  Launched IPS
Feb 02 2026 12:31:19  0 ips_dakota_dynamic connecting to IPS dakota bridge <class 'FileNotFoundError'> [Errno 2] No such file or directory
Starting IPS 0.8.1
IPS SLURM_NODES =  [('nid005447', 256), ('nid005653', 256), ('nid005656', 256)]
Feb 02 2026 12:31:20  About to Create Listener /tmp/ips_dynamic_1433319.tmp
Feb 02 2026 12:31:20  Created Listener /tmp/ips_dynamic_1433319.tmp
Feb 02 2026 12:31:24  ips_dakota_dynamic received response from IPS  {'SIMSTATUS': 'ACK'}
Feb 02 2026 12:31:24  Launched DAKOTA
Redirecting stdout for fastran_FPP_000001_1433319_0000 to /pscratch/sd/h/hswils/github_repos/MANTA_DBSCANS/SCANS_TORIC/paux_scan_evolvedens_addKr_withHe3/SCAN/fastran_FPP_000001_1433319_0000.out 
Created <class 'fastran.driver.fastran_init.fastran_init'>
Created <class 'fastran.driver.fastran_driver.fastran_driver'>
Created <class 'fastran.equilibrium.efit.efit'>
Created <class 'fastran.solver.fastran.fastran'>
Created <class 'fastran.external.rf_ic_toric_abr_mcmd.toric'>
Created <class 'fastran.heating.pellet_model.pellet_model'>
Created <class 'fastran.equilibrium.efit.efit'>
Created <class 'fastran.solver.fastran.fastran'>
Redirecting stdout for fastran_FPP_000001_1433319_0001 to /pscratch/sd/h/hswils/github_repos/MANTA_DBSCANS/SCANS_TORIC/paux_scan_evolvedens_addKr_withHe3/SCAN/fastran_FPP_000001_1433319_0001.out 
Created <class 'fastran.driver.fastran_init.fastran_init'>
Created <class 'fastran.driver.fastran_driver.fastran_driver'>
Created <class 'fastran.equilibrium.efit.efit'>
Created <class 'fastran.solver.fastran.fastran'>
Created <class 'fastran.external.rf_ic_toric_abr_mcmd.toric'>
Created <class 'fastran.heating.pellet_model.pellet_model'>
Created <class 'fastran.equilibrium.efit.efit'>
Created <class 'fastran.solver.fastran.fastran'>
Redirecting stdout for fastran_FPP_000001_1433319_0002 to /pscratch/sd/h/hswils/github_repos/MANTA_DBSCANS/SCANS_TORIC/paux_scan_evolvedens_addKr_withHe3/SCAN/fastran_FPP_000001_1433319_0002.out 
Created <class 'fastran.driver.fastran_init.fastran_init'>
Created <class 'fastran.driver.fastran_driver.fastran_driver'>
Created <class 'fastran.equilibrium.efit.efit'>
Created <class 'fastran.solver.fastran.fastran'>
Created <class 'fastran.external.rf_ic_toric_abr_mcmd.toric'>
Created <class 'fastran.heating.pellet_model.pellet_model'>
Created <class 'fastran.equilibrium.efit.efit'>
Created <class 'fastran.solver.fastran.fastran'>
Feb 02 2026 15:26:17  Received status = END, returning from dakota_bridge.
Feb 02 2026 15:26:17  ips_dakota_dynamic received response from IPS  {'SIMSTATUS': 'ACK'}
