NCAPTC: : NetCDF: Variable not found
Warning: ieee_overflow is signaling
Warning: ieee_underflow is signaling
Warning: ieee_inexact is signaling
FORTRAN STOP
 solver
 /global/common/software/atom/perlmutter/data/greentable/
 /global/common/software/atom/perlmutter/data/greentable/

          EFITD Version  07/09/2014


 type mode (2=file, 3=snap, 4=time, 5=input, 6=com file, 7=snap_ext):

 number of time slices?

 type input file names:
 #
 table_dir = </global/common/software/atom/perlmutter/data/greentable/>

  ----- time =     5 ms ----- ( 0)
 it=  1 chi2=0.00E+00 zm= 7.53E-03 err=5.202E+00 dz= 7.535E-03 chigam= 0.00E+00
 it=  2 chi2=0.00E+00 zm= 1.03E-02 err=8.263E-01 dz= 2.810E-03 chigam= 0.00E+00
 it=  3 chi2=0.00E+00 zm= 1.25E-02 err=4.830E-01 dz= 2.125E-03 chigam= 0.00E+00
 it=  4 chi2=0.00E+00 zm= 1.42E-02 err=2.977E-01 dz= 1.731E-03 chigam= 0.00E+00
 it=  5 chi2=0.00E+00 zm= 1.56E-02 err=1.880E-01 dz= 1.447E-03 chigam= 0.00E+00
 it=  6 chi2=0.00E+00 zm= 1.69E-02 err=1.196E-01 dz= 1.217E-03 chigam= 0.00E+00
 it=  7 chi2=0.00E+00 zm= 1.79E-02 err=8.037E-02 dz= 1.026E-03 chigam= 0.00E+00
 it=  8 chi2=0.00E+00 zm= 1.88E-02 err=5.561E-02 dz= 8.655E-04 chigam= 0.00E+00
 it=  9 chi2=0.00E+00 zm= 1.95E-02 err=4.202E-02 dz= 7.292E-04 chigam= 0.00E+00
 it= 10 chi2=0.00E+00 zm= 2.01E-02 err=2.918E-02 dz= 6.064E-04 chigam= 0.00E+00
 it= 11 chi2=0.00E+00 zm= 2.06E-02 err=2.149E-02 dz= 5.022E-04 chigam= 0.00E+00
 it= 12 chi2=0.00E+00 zm= 2.10E-02 err=1.536E-02 dz= 4.138E-04 chigam= 0.00E+00
 it= 13 chi2=0.00E+00 zm= 2.13E-02 err=8.235E-03 dz= 3.365E-04 chigam= 0.00E+00
 it= 14 chi2=0.00E+00 zm= 2.16E-02 err=6.575E-03 dz= 2.744E-04 chigam= 0.00E+00
 it= 15 chi2=0.00E+00 zm= 2.18E-02 err=5.163E-03 dz= 2.233E-04 chigam= 0.00E+00
 it= 16 chi2=0.00E+00 zm= 2.20E-02 err=4.016E-03 dz= 1.813E-04 chigam= 0.00E+00
 it= 17 chi2=0.00E+00 zm= 2.22E-02 err=3.453E-03 dz= 1.486E-04 chigam= 0.00E+00
 it= 18 chi2=0.00E+00 zm= 2.23E-02 err=2.607E-03 dz= 1.207E-04 chigam= 0.00E+00
 it= 19 chi2=0.00E+00 zm= 2.24E-02 err=1.979E-03 dz= 9.785E-05 chigam= 0.00E+00
 it= 20 chi2=0.00E+00 zm= 2.25E-02 err=1.510E-03 dz= 7.918E-05 chigam= 0.00E+00
 it= 21 chi2=0.00E+00 zm= 2.25E-02 err=1.158E-03 dz= 6.399E-05 chigam= 0.00E+00
 it= 22 chi2=0.00E+00 zm= 2.26E-02 err=8.922E-04 dz= 5.166E-05 chigam= 0.00E+00
 it= 23 chi2=0.00E+00 zm= 2.26E-02 err=6.901E-04 dz= 4.167E-05 chigam= 0.00E+00
 it= 24 chi2=0.00E+00 zm= 2.27E-02 err=5.357E-04 dz= 3.358E-05 chigam= 0.00E+00
 it= 25 chi2=0.00E+00 zm= 2.27E-02 err=4.172E-04 dz= 2.705E-05 chigam= 0.00E+00
 it= 26 chi2=0.00E+00 zm= 2.27E-02 err=2.527E-03 dz= 1.880E-05 chigam= 0.00E+00
 it= 27 chi2=0.00E+00 zm= 2.27E-02 err=1.230E-03 dz= 1.456E-05 chigam= 0.00E+00
 it= 28 chi2=0.00E+00 zm= 2.27E-02 err=5.700E-04 dz= 1.137E-05 chigam= 0.00E+00
 it= 29 chi2=0.00E+00 zm= 2.27E-02 err=2.404E-04 dz= 8.941E-06 chigam= 0.00E+00
 it= 30 chi2=0.00E+00 zm= 2.27E-02 err=8.078E-05 dz= 7.071E-06 chigam= 0.00E+00

      ******************** EFITD129 x 129  output ********************

       data used:   
  0 flux loops
  0 magnetic probes(i)
  0 full rogowski
  0 diamagnetic loop


 shot #   =          1 time(ms) =          5 chi**2   =  0.000E+00
 betat(%) =      0.990 betap    =      0.495 li       =      1.077
 vol(cm3) =  0.774E+07 rout(cm) =    172.286 zout(cm) =      0.978
 elong    =      1.333 utriang  =     -0.369 ltriang  =     -0.305
 a(cm)    =     41.517 lin(cm)  = ********** lout(cm) =     10.373
 ltop(cm) = ********** q*       =      2.294 rc(cm)   =    176.521
 zc(cm)   =      2.152 bt0(t)   =      2.000 qout     =      2.219
