========================================================================
= FASTRAN

nonlinear model = 0
ichi = 1
ineo = 0
reading state...
read formatted input, inprof...
init geometry...
read formatted input, inmetric...
nrho in inmetric = 101
rhob in inmetric = 1.267164e+00
solve avg grad-shafranv...
solve_avg_gs::Ip_temp = 1.001615e+01 
solve_avg_gs::Ip      = 1.000000e+01 
>>> tau_he = 5.000000, nhe(0)=3.776330e+00

 plasma volume = 149.948593
 stored energy(e,i,b,a) = 7.131888e+01 6.862970e+01 0.000000e+00 0.000000e+00
 betan = 1.577781
*power
 Pnb(e,i) = 0.000000e+00 0.000000e+00
 Prf(e,i) = 7.764508e+00 3.223342e+01
 Prad     = -6.931989e+01 
 Pei      = 8.347798e+00 
 Pfuse    = 7.596084e+01 
 Pfusi    = 2.546449e+01 
 Poh      = 0.000000e+00 
*confinement time
 taut, tauITER98y2, H98y2 : 1.940944e+00 1.717089e+00 1.130369e+00
 taue, taui : 3.134448e+00 4.009519e+00
 taut, tau89, H89 : 1.940944e+00 8.228078e-01 2.358928e+00
*temperature
 nea, nebar : 2.051239e+01 2.350896e+01 
 tea, tia : 8.473112e+00 8.925505e+00 (9.493146e-01)
 te0, ti0 : 2.185848e+01 2.867180e+01 (7.623687e-01)
 Sn : 0.000000e+00 
*current balance
 Ip,Ibs,Inb,Irf: 1.000000e+01 2.511524e+00 0.000000e+00 1.786804e-01
 fni,fbs: 0.269 0.251

Time advancing...
rho_bdry 0.900000 ...
te_bdry = 5.000307
ti_bdry = 5.000307
ne_bdry = 16.078026
rv_bdry = 279.463030
nrho_tr_bdry = 18
drho_bdry = 0.000000e+00
nrhob = 90
 [    0] t = 0.0000 
>>> tau_he = 5.000000, nhe(0)=3.843946e+00
 5     -0.002   1.17e-02   2.70e-01   1.11e-03  -7.87e-03   0.00e+00 (  1.94e+00,  5.32e+01)
10     -0.000   2.73e-02   7.54e-02  -2.95e-03  -1.84e-03   0.00e+00 (  8.73e+00,  1.08e+02)
15      0.017   7.27e-02  -7.81e-02  -1.54e-02   1.28e-01   0.00e+00 (  3.32e+01,  1.58e+02)
20      0.039   1.39e-01  -2.54e-02   1.11e-02   3.37e-01   0.00e+00 (  7.89e+01,  2.00e+02)
25      0.074   2.06e-01   1.20e-01   1.87e-03   7.24e-01   0.00e+00 (  1.34e+02,  2.29e+02)
30      0.092   2.53e-01   1.77e-01  -4.24e-02   9.98e-01   0.00e+00 (  1.77e+02,  2.46e+02)
35      0.134   3.47e-01   2.99e-01   9.54e-02   1.58e+00   0.00e+00 (  2.10e+02,  2.52e+02)
40      0.125   3.50e-01   3.29e-01   9.59e-02   1.57e+00   0.00e+00 (  1.99e+02,  2.50e+02)
45      0.136   3.76e-01   3.79e-01   1.15e-01   1.82e+00   0.00e+00 (  1.96e+02,  2.41e+02)
50      0.150   4.19e-01   4.59e-01   2.22e-01   2.11e+00   0.00e+00 (  1.90e+02,  2.28e+02)
55      0.166   4.62e-01   5.61e-01   3.02e-01   2.43e+00   0.00e+00 (  1.82e+02,  2.11e+02)
60      0.158   4.64e-01   5.87e-01   3.62e-01   2.39e+00   0.00e+00 (  1.63e+02,  1.93e+02)
65      0.169   4.92e-01   6.70e-01   4.56e-01   2.63e+00   0.00e+00 (  1.49e+02,  1.75e+02)
70      0.203   5.48e-01   8.27e-01   6.04e-01   3.24e+00   0.00e+00 (  1.39e+02,  1.57e+02)
75      0.214   5.60e-01   8.88e-01   6.99e-01   3.48e+00   0.00e+00 (  1.23e+02,  1.40e+02)
80      0.227   5.55e-01   9.35e-01   7.43e-01   3.91e+00   0.00e+00 (  1.05e+02,  1.24e+02)
85      0.305   7.27e-01   1.09e+00   7.56e-01   6.65e+00   0.00e+00 (  1.09e+02,  1.09e+02)
90      2.530   5.93e+00   7.21e+00   4.36e+00   1.12e+02   0.00e+00 (  1.87e+03,  9.56e+01)
95      0.567   9.90e-01   1.42e+00   1.03e+00   4.71e+01   0.00e+00 (  7.56e+02,  8.24e+01)
 0 e: 3.761e-07 i: 3.961e-06 :: e: 0.000e+00 i: 0.000e+00 :: n: 3.012e+01 e:21.888 i:28.561 v:4.993e+03
>>> tau_he = 5.000000, nhe(0)=3.837309e+00
 5     -0.001   1.18e-02   2.99e-01   1.22e-03  -6.39e-03   0.00e+00 (  1.95e+00,  5.32e+01)
10      0.002   8.77e-03  -3.69e-03   7.40e-04   1.26e-02   0.00e+00 (  2.84e+00,  1.08e+02)
15      0.010   6.35e-02  -7.15e-02  -1.77e-02   7.71e-02   0.00e+00 (  2.94e+01,  1.58e+02)
20      0.045   1.48e-01  -1.68e-02   1.16e-02   3.87e-01   0.00e+00 (  8.50e+01,  2.00e+02)
25      0.075   2.07e-01   1.23e-01   1.59e-03   7.34e-01   0.00e+00 (  1.35e+02,  2.29e+02)
30      0.086   2.48e-01   1.73e-01  -2.88e-02   9.29e-01   0.00e+00 (  1.71e+02,  2.46e+02)
35      0.134   3.47e-01   2.99e-01   9.53e-02   1.58e+00   0.00e+00 (  2.10e+02,  2.52e+02)
40      0.125   3.50e-01   3.28e-01   9.57e-02   1.57e+00   0.00e+00 (  1.99e+02,  2.50e+02)
45      0.136   3.76e-01   3.79e-01   1.15e-01   1.82e+00   0.00e+00 (  1.96e+02,  2.41e+02)
50      0.150   4.19e-01   4.59e-01   2.22e-01   2.11e+00   0.00e+00 (  1.90e+02,  2.28e+02)
55      0.167   4.62e-01   5.62e-01   3.03e-01   2.43e+00   0.00e+00 (  1.82e+02,  2.11e+02)
60      0.158   4.64e-01   5.87e-01   3.60e-01   2.38e+00   0.00e+00 (  1.63e+02,  1.93e+02)
65      0.169   4.92e-01   6.70e-01   4.55e-01   2.63e+00   0.00e+00 (  1.49e+02,  1.75e+02)
70      0.204   5.49e-01   8.27e-01   6.05e-01   3.24e+00   0.00e+00 (  1.39e+02,  1.57e+02)
75      0.213   5.60e-01   8.88e-01   6.99e-01   3.48e+00   0.00e+00 (  1.23e+02,  1.40e+02)
80      0.226   5.55e-01   9.33e-01   7.42e-01   3.90e+00   0.00e+00 (  1.04e+02,  1.24e+02)
85      0.305   7.26e-01   1.09e+00   7.57e-01   6.64e+00   0.00e+00 (  1.10e+02,  1.09e+02)
90      2.529   5.94e+00   7.21e+00   4.36e+00   1.11e+02   0.00e+00 (  1.87e+03,  9.56e+01)
95      0.567   9.90e-01   1.42e+00   1.03e+00   4.71e+01   0.00e+00 (  7.56e+02,  8.24e+01)
 1 e: 2.670e-02 i: 1.688e-01 :: e: 5.423e-03 i: 8.783e-03 :: n: 3.012e+01 e:24.479 i:28.744 v:4.993e+03
>>> tau_he = 5.000000, nhe(0)=3.849819e+00
 5     -0.012   1.08e-02   1.76e+00   5.56e-03  -6.02e-02   0.00e+00 (  4.25e+00,  5.32e+01)
10     -0.005   1.13e-02   7.83e-03   2.64e-03  -3.17e-02   0.00e+00 (  8.32e+00,  1.08e+02)
15     -0.058   1.18e-01  -5.22e-02   1.95e-02  -4.38e-01   0.00e+00 (  9.90e+01,  1.58e+02)
20      0.216   4.46e-01   4.21e-01   6.39e-02   1.87e+00   0.00e+00 (  3.56e+02,  2.00e+02)
25      0.335   4.21e-01   3.91e-01   1.26e-01   3.28e+00   0.00e+00 (  3.09e+02,  2.29e+02)
30      0.158   3.54e-01   3.08e-01   5.84e-02   1.71e+00   0.00e+00 (  2.37e+02,  2.46e+02)
35      0.122   3.14e-01   2.62e-01   9.58e-02   1.44e+00   0.00e+00 (  1.82e+02,  2.52e+02)
40      0.112   3.29e-01   2.98e-01   8.06e-02   1.41e+00   0.00e+00 (  1.80e+02,  2.50e+02)
45      0.121   3.59e-01   3.57e-01   1.09e-01   1.61e+00   0.00e+00 (  1.81e+02,  2.41e+02)
50      0.135   3.99e-01   4.33e-01   2.14e-01   1.90e+00   0.00e+00 (  1.77e+02,  2.28e+02)
55      0.154   4.44e-01   5.34e-01   2.90e-01   2.24e+00   0.00e+00 (  1.71e+02,  2.11e+02)
60      0.144   4.47e-01   5.54e-01   3.40e-01   2.18e+00   0.00e+00 (  1.55e+02,  1.93e+02)
65      0.157   4.74e-01   6.36e-01   4.33e-01   2.44e+00   0.00e+00 (  1.42e+02,  1.75e+02)
70      0.193   5.31e-01   7.92e-01   5.80e-01   3.07e+00   0.00e+00 (  1.33e+02,  1.57e+02)
75      0.203   5.42e-01   8.51e-01   6.73e-01   3.32e+00   0.00e+00 (  1.18e+02,  1.40e+02)
80      0.216   5.38e-01   8.95e-01   7.12e-01   3.73e+00   0.00e+00 (  1.01e+02,  1.24e+02)
85      0.299   7.15e-01   1.06e+00   7.31e-01   6.52e+00   0.00e+00 (  1.05e+02,  1.09e+02)
90      2.525   5.94e+00   7.20e+00   4.35e+00   1.11e+02   0.00e+00 (  1.86e+03,  9.56e+01)
95      0.567   9.90e-01   1.42e+00   1.03e+00   4.71e+01   0.00e+00 (  7.56e+02,  8.24e+01)
 2 e: 7.524e-04 i: 8.565e-03 :: e: 9.800e-02 i: 1.039e-01 :: n: 3.012e+01 e:23.971 i:28.659 v:4.993e+03
>>> tau_he = 5.000000, nhe(0)=3.844221e+00
 5     -0.012   1.05e-02   1.28e+00   5.21e-03  -5.74e-02   0.00e+00 (  3.97e+00,  5.32e+01)
10     -0.005   1.48e-02   2.50e-04   1.99e-03  -2.87e-02   0.00e+00 (  1.08e+01,  1.08e+02)
15     -0.099   1.40e-01  -1.57e-02   3.17e-02  -7.45e-01   0.00e+00 (  1.16e+02,  1.58e+02)
20      0.055   1.71e-01   8.58e-02  -1.77e-02   4.80e-01   0.00e+00 (  1.31e+02,  2.00e+02)
25      0.158   3.36e-01   3.50e-01   8.15e-02   1.55e+00   0.00e+00 (  2.40e+02,  2.29e+02)
30      0.077   2.31e-01   1.62e-01  -1.15e-02   8.35e-01   0.00e+00 (  1.53e+02,  2.46e+02)
35      0.119   3.09e-01   2.55e-01   9.18e-02   1.40e+00   0.00e+00 (  1.78e+02,  2.52e+02)
40      0.112   3.18e-01   2.90e-01   8.09e-02   1.42e+00   0.00e+00 (  1.72e+02,  2.50e+02)
45      0.119   3.48e-01   3.44e-01   1.09e-01   1.59e+00   0.00e+00 (  1.71e+02,  2.41e+02)
50      0.133   3.85e-01   4.14e-01   2.06e-01   1.86e+00   0.00e+00 (  1.65e+02,  2.28e+02)
55      0.151   4.26e-01   5.11e-01   2.79e-01   2.21e+00   0.00e+00 (  1.58e+02,  2.11e+02)
60      0.144   4.27e-01   5.32e-01   3.32e-01   2.17e+00   0.00e+00 (  1.42e+02,  1.93e+02)
65      0.156   4.53e-01   6.09e-01   4.16e-01   2.42e+00   0.00e+00 (  1.30e+02,  1.75e+02)
70      0.192   5.09e-01   7.64e-01   5.60e-01   3.05e+00   0.00e+00 (  1.22e+02,  1.57e+02)
75      0.203   5.22e-01   8.25e-01   6.53e-01   3.31e+00   0.00e+00 (  1.09e+02,  1.40e+02)
80      0.216   5.20e-01   8.72e-01   6.96e-01   3.72e+00   0.00e+00 (  9.34e+01,  1.24e+02)
85      0.298   7.12e-01   1.05e+00   7.17e-01   6.49e+00   0.00e+00 (  1.00e+02,  1.09e+02)
90      2.519   5.95e+00   7.19e+00   4.34e+00   1.11e+02   0.00e+00 (  1.84e+03,  9.56e+01)
95      0.567   9.90e-01   1.42e+00   1.03e+00   4.71e+01   0.00e+00 (  7.56e+02,  8.24e+01)
 3 e: 1.641e-04 i: 1.608e-03 :: e: 6.745e-02 i: 8.180e-02 :: n: 3.012e+01 e:23.914 i:28.213 v:4.993e+03
>>> tau_he = 5.000000, nhe(0)=3.812864e+00
 5     -0.012   1.01e-02   1.23e+00   5.28e-03  -5.70e-02   0.00e+00 (  3.87e+00,  5.32e+01)
10     -0.004   1.45e-02  -4.02e-04   1.76e-03  -2.55e-02   0.00e+00 (  1.07e+01,  1.08e+02)
15     -0.102   1.36e-01  -1.24e-02   2.92e-02  -7.69e-01   0.00e+00 (  1.11e+02,  1.58e+02)
20      0.057   1.75e-01   1.03e-01  -1.96e-02   4.93e-01   0.00e+00 (  1.32e+02,  2.00e+02)
25      0.077   1.90e-01   1.33e-01  -2.70e-03   7.51e-01   0.00e+00 (  1.32e+02,  2.29e+02)
30      0.076   2.29e-01   1.64e-01  -1.06e-02   8.26e-01   0.00e+00 (  1.52e+02,  2.46e+02)
35      0.120   3.09e-01   2.61e-01   9.61e-02   1.41e+00   0.00e+00 (  1.79e+02,  2.52e+02)
40      0.113   3.18e-01   2.97e-01   8.20e-02   1.42e+00   0.00e+00 (  1.73e+02,  2.50e+02)
45      0.119   3.49e-01   3.53e-01   1.15e-01   1.59e+00   0.00e+00 (  1.72e+02,  2.41e+02)
50      0.133   3.86e-01   4.26e-01   2.09e-01   1.87e+00   0.00e+00 (  1.66e+02,  2.28e+02)
55      0.150   4.26e-01   5.20e-01   2.83e-01   2.19e+00   0.00e+00 (  1.59e+02,  2.11e+02)
60      0.140   4.27e-01   5.33e-01   3.30e-01   2.11e+00   0.00e+00 (  1.42e+02,  1.93e+02)
65      0.150   4.49e-01   6.04e-01   4.12e-01   2.34e+00   0.00e+00 (  1.29e+02,  1.75e+02)
70      0.185   5.02e-01   7.51e-01   5.52e-01   2.95e+00   0.00e+00 (  1.20e+02,  1.57e+02)
75      0.195   5.11e-01   8.02e-01   6.36e-01   3.18e+00   0.00e+00 (  1.07e+02,  1.40e+02)
80      0.207   5.05e-01   8.42e-01   6.72e-01   3.57e+00   0.00e+00 (  9.01e+01,  1.24e+02)
85      0.292   7.02e-01   1.02e+00   6.92e-01   6.36e+00   0.00e+00 (  9.80e+01,  1.09e+02)
90      2.520   5.96e+00   7.20e+00   4.33e+00   1.11e+02   0.00e+00 (  1.84e+03,  9.56e+01)
95      0.567   9.90e-01   1.42e+00   1.03e+00   4.71e+01   0.00e+00 (  7.56e+02,  8.24e+01)
 4 e: 2.550e-04 i: 8.986e-05 :: e: 6.187e-02 i: 6.863e-02 :: n: 3.012e+01 e:23.577 i:28.244 v:4.993e+03
>>> tau_he = 5.000000, nhe(0)=3.814646e+00
 5     -0.011   1.01e-02   1.22e+00   5.15e-03  -5.64e-02   0.00e+00 (  3.81e+00,  5.32e+01)
10     -0.004   1.25e-02   2.40e-04   1.46e-03  -2.53e-02   0.00e+00 (  9.15e+00,  1.08e+02)
15     -0.095   1.35e-01  -1.03e-02   2.94e-02  -7.13e-01   0.00e+00 (  1.07e+02,  1.58e+02)
20      0.058   1.71e-01   9.75e-02  -1.77e-02   5.02e-01   0.00e+00 (  1.27e+02,  2.00e+02)
25      0.075   1.91e-01   1.29e-01  -2.44e-03   7.38e-01   0.00e+00 (  1.32e+02,  2.29e+02)
30      0.075   2.25e-01   1.59e-01  -8.19e-03   8.12e-01   0.00e+00 (  1.48e+02,  2.46e+02)
35      0.117   3.03e-01   2.53e-01   9.21e-02   1.38e+00   0.00e+00 (  1.74e+02,  2.52e+02)
40      0.110   3.12e-01   2.88e-01   8.01e-02   1.39e+00   0.00e+00 (  1.67e+02,  2.50e+02)
45      0.117   3.41e-01   3.41e-01   1.14e-01   1.56e+00   0.00e+00 (  1.66e+02,  2.41e+02)
50      0.130   3.76e-01   4.09e-01   2.03e-01   1.82e+00   0.00e+00 (  1.59e+02,  2.28e+02)
55      0.147   4.15e-01   5.01e-01   2.75e-01   2.15e+00   0.00e+00 (  1.51e+02,  2.11e+02)
60      0.139   4.14e-01   5.17e-01   3.24e-01   2.10e+00   0.00e+00 (  1.35e+02,  1.93e+02)
65      0.150   4.36e-01   5.86e-01   4.01e-01   2.33e+00   0.00e+00 (  1.22e+02,  1.75e+02)
70      0.185   4.88e-01   7.33e-01   5.39e-01   2.95e+00   0.00e+00 (  1.14e+02,  1.57e+02)
75      0.196   4.98e-01   7.86e-01   6.24e-01   3.19e+00   0.00e+00 (  1.01e+02,  1.40e+02)
80      0.208   4.94e-01   8.31e-01   6.64e-01   3.59e+00   0.00e+00 (  8.55e+01,  1.24e+02)
85      0.292   6.99e-01   1.01e+00   6.85e-01   6.36e+00   0.00e+00 (  9.39e+01,  1.09e+02)
90      2.515   5.97e+00   7.19e+00   4.32e+00   1.11e+02   0.00e+00 (  1.83e+03,  9.56e+01)
95      0.567   9.90e-01   1.42e+00   1.03e+00   4.71e+01   0.00e+00 (  7.56e+02,  8.24e+01)
 5 e: 7.092e-05 i: 1.158e-04 :: e: 7.017e-02 i: 7.775e-02 :: n: 3.012e+01 e:23.686 i:28.119 v:4.993e+03
>>> tau_he = 5.000000, nhe(0)=3.805799e+00
 5     -0.011   1.01e-02   1.22e+00   5.21e-03  -5.64e-02   0.00e+00 (  3.80e+00,  5.32e+01)
10     -0.004   1.48e-02  -6.22e-04   1.66e-03  -2.60e-02   0.00e+00 (  1.09e+01,  1.08e+02)
15     -0.055   1.32e-01  -2.25e-02   1.66e-02  -4.14e-01   0.00e+00 (  1.04e+02,  1.58e+02)
20      0.057   1.71e-01   9.90e-02  -1.85e-02   4.96e-01   0.00e+00 (  1.27e+02,  2.00e+02)
25      0.078   1.89e-01   1.33e-01  -2.77e-03   7.63e-01   0.00e+00 (  1.33e+02,  2.29e+02)
30      0.075   2.28e-01   1.62e-01  -1.36e-02   8.10e-01   0.00e+00 (  1.52e+02,  2.46e+02)
35      0.118   3.05e-01   2.59e-01   9.61e-02   1.39e+00   0.00e+00 (  1.77e+02,  2.52e+02)
40      0.107   3.16e-01   2.99e-01   8.53e-02   1.34e+00   0.00e+00 (  1.71e+02,  2.50e+02)
45      0.117   3.44e-01   3.49e-01   1.18e-01   1.56e+00   0.00e+00 (  1.68e+02,  2.41e+02)
50      0.130   3.80e-01   4.20e-01   2.07e-01   1.83e+00   0.00e+00 (  1.61e+02,  2.28e+02)
55      0.147   4.18e-01   5.11e-01   2.79e-01   2.14e+00   0.00e+00 (  1.54e+02,  2.11e+02)
60      0.137   4.16e-01   5.23e-01   3.24e-01   2.07e+00   0.00e+00 (  1.36e+02,  1.93e+02)
65      0.147   4.37e-01   5.87e-01   4.01e-01   2.28e+00   0.00e+00 (  1.23e+02,  1.75e+02)
70      0.181   4.87e-01   7.28e-01   5.36e-01   2.89e+00   0.00e+00 (  1.14e+02,  1.57e+02)
75      0.190   4.94e-01   7.75e-01   6.16e-01   3.10e+00   0.00e+00 (  1.01e+02,  1.40e+02)
80      0.202   4.87e-01   8.11e-01   6.48e-01   3.48e+00   0.00e+00 (  8.43e+01,  1.24e+02)
85      0.288   6.91e-01   9.93e-01   6.68e-01   6.27e+00   0.00e+00 (  9.26e+01,  1.09e+02)
90      2.516   5.97e+00   7.20e+00   4.32e+00   1.11e+02   0.00e+00 (  1.83e+03,  9.56e+01)
95      0.567   9.90e-01   1.42e+00   1.03e+00   4.71e+01   0.00e+00 (  7.56e+02,  8.24e+01)
 6 e: 1.023e-04 i: 6.435e-05 :: e: 6.293e-02 i: 6.810e-02 :: n: 3.012e+01 e:23.515 i:28.282 v:4.993e+03
>>> tau_he = 5.000000, nhe(0)=3.817223e+00
 5     -0.012   1.02e-02   1.22e+00   5.14e-03  -5.67e-02   0.00e+00 (  3.82e+00,  5.32e+01)
10     -0.004   1.91e-02  -1.66e-03   2.49e-03  -2.35e-02   0.00e+00 (  1.39e+01,  1.08e+02)
15     -0.050   1.33e-01  -2.06e-02   1.69e-02  -3.76e-01   0.00e+00 (  1.03e+02,  1.58e+02)
20      0.057   1.69e-01   9.58e-02  -1.71e-02   4.99e-01   0.00e+00 (  1.25e+02,  2.00e+02)
25      0.080   1.88e-01   1.31e-01  -1.42e-03   7.80e-01   0.00e+00 (  1.32e+02,  2.29e+02)
30      0.074   2.27e-01   1.60e-01  -1.39e-02   8.04e-01   0.00e+00 (  1.51e+02,  2.46e+02)
35      0.117   3.03e-01   2.55e-01   9.33e-02   1.37e+00   0.00e+00 (  1.75e+02,  2.52e+02)
40      0.109   3.11e-01   2.88e-01   8.03e-02   1.38e+00   0.00e+00 (  1.67e+02,  2.50e+02)
45      0.116   3.39e-01   3.41e-01   1.15e-01   1.54e+00   0.00e+00 (  1.65e+02,  2.41e+02)
50      0.129   3.74e-01   4.08e-01   2.02e-01   1.80e+00   0.00e+00 (  1.57e+02,  2.28e+02)
55      0.105   3.52e-01   3.98e-01   2.22e-01   1.54e+00   0.00e+00 (  1.28e+02,  2.11e+02)
60      0.137   4.09e-01   5.13e-01   3.22e-01   2.08e+00   0.00e+00 (  1.32e+02,  1.93e+02)
65      0.148   4.30e-01   5.78e-01   3.96e-01   2.30e+00   0.00e+00 (  1.19e+02,  1.75e+02)
70      0.183   4.80e-01   7.21e-01   5.31e-01   2.91e+00   0.00e+00 (  1.11e+02,  1.57e+02)
75      0.193   4.88e-01   7.71e-01   6.12e-01   3.14e+00   0.00e+00 (  9.76e+01,  1.40e+02)
80      0.205   4.83e-01   8.12e-01   6.49e-01   3.53e+00   0.00e+00 (  8.20e+01,  1.24e+02)
85      0.289   6.94e-01   9.90e-01   6.67e-01   6.29e+00   0.00e+00 (  9.06e+01,  1.09e+02)
90      1.797   4.15e+00   5.14e+00   3.02e+00   7.92e+01   0.00e+00 (  1.26e+03,  9.56e+01)
95      0.567   9.90e-01   1.42e+00   1.03e+00   4.71e+01   0.00e+00 (  7.56e+02,  8.24e+01)
 7 e: 9.204e-05 i: 6.183e-05 :: e: 7.143e-02 i: 8.030e-02 :: n: 3.012e+01 e:23.677 i:28.268 v:4.993e+03
>>> tau_he = 5.000000, nhe(0)=3.816447e+00
 5     -0.012   1.02e-02   1.22e+00   5.20e-03  -5.72e-02   0.00e+00 (  3.85e+00,  5.32e+01)
10     -0.004   1.84e-02  -1.70e-03   2.41e-03  -2.35e-02   0.00e+00 (  1.36e+01,  1.08e+02)
15     -0.048   1.36e-01  -1.75e-02   1.66e-02  -3.60e-01   0.00e+00 (  1.04e+02,  1.58e+02)
20      0.057   1.71e-01   9.78e-02  -1.79e-02   4.97e-01   0.00e+00 (  1.27e+02,  2.00e+02)
25      0.079   1.90e-01   1.35e-01  -1.38e-03   7.74e-01   0.00e+00 (  1.36e+02,  2.29e+02)
30      0.075   2.30e-01   1.63e-01  -1.89e-02   8.11e-01   0.00e+00 (  1.55e+02,  2.46e+02)
35      0.118   3.07e-01   2.61e-01   9.70e-02   1.39e+00   0.00e+00 (  1.79e+02,  2.52e+02)
40      0.106   3.17e-01   3.00e-01   8.58e-02   1.34e+00   0.00e+00 (  1.72e+02,  2.50e+02)
45      0.116   3.43e-01   3.48e-01   1.18e-01   1.55e+00   0.00e+00 (  1.68e+02,  2.41e+02)
50      0.130   3.80e-01   4.20e-01   2.06e-01   1.83e+00   0.00e+00 (  1.62e+02,  2.28e+02)
55      0.149   4.21e-01   5.19e-01   2.84e-01   2.18e+00   0.00e+00 (  1.56e+02,  2.11e+02)
60      0.138   4.15e-01   5.24e-01   3.27e-01   2.08e+00   0.00e+00 (  1.36e+02,  1.93e+02)
65      0.146   4.34e-01   5.85e-01   4.00e-01   2.28e+00   0.00e+00 (  1.22e+02,  1.75e+02)
70      0.180   4.83e-01   7.23e-01   5.32e-01   2.87e+00   0.00e+00 (  1.13e+02,  1.57e+02)
75      0.189   4.89e-01   7.68e-01   6.11e-01   3.09e+00   0.00e+00 (  9.88e+01,  1.40e+02)
80      0.201   4.81e-01   8.02e-01   6.41e-01   3.46e+00   0.00e+00 (  8.24e+01,  1.24e+02)
85      0.286   6.89e-01   9.80e-01   6.58e-01   6.23e+00   0.00e+00 (  9.04e+01,  1.09e+02)
90      1.799   4.15e+00   5.15e+00   3.02e+00   7.93e+01   0.00e+00 (  1.26e+03,  9.56e+01)
95      0.567   9.90e-01   1.42e+00   1.03e+00   4.71e+01   0.00e+00 (  7.56e+02,  8.24e+01)
 8 e: 4.286e-05 i: 7.633e-05 :: e: 5.093e-02 i: 5.586e-02 :: n: 3.012e+01 e:23.582 i:28.488 v:4.993e+03
>>> tau_he = 5.000000, nhe(0)=3.831871e+00
 5     -0.012   1.03e-02   1.22e+00   5.15e-03  -5.78e-02   0.00e+00 (  3.90e+00,  5.32e+01)
10     -0.004   1.88e-02  -4.03e-03   2.24e-03  -2.21e-02   0.00e+00 (  1.38e+01,  1.08e+02)
15     -0.041   1.36e-01  -1.56e-02   1.85e-02  -3.09e-01   0.00e+00 (  1.03e+02,  1.58e+02)
20      0.057   1.71e-01   9.59e-02  -1.93e-02   4.99e-01   0.00e+00 (  1.26e+02,  2.00e+02)
25      0.079   1.91e-01   1.34e-01  -1.33e-03   7.73e-01   0.00e+00 (  1.37e+02,  2.29e+02)
30      0.075   2.32e-01   1.62e-01  -1.97e-02   8.11e-01   0.00e+00 (  1.56e+02,  2.46e+02)
35      0.118   3.07e-01   2.59e-01   9.49e-02   1.39e+00   0.00e+00 (  1.79e+02,  2.52e+02)
40      0.106   3.16e-01   2.95e-01   8.52e-02   1.34e+00   0.00e+00 (  1.71e+02,  2.50e+02)
45      0.116   3.42e-01   3.42e-01   1.14e-01   1.55e+00   0.00e+00 (  1.67e+02,  2.41e+02)
50      0.130   3.77e-01   4.12e-01   2.03e-01   1.82e+00   0.00e+00 (  1.60e+02,  2.28e+02)
55      0.148   4.18e-01   5.09e-01   2.77e-01   2.17e+00   0.00e+00 (  1.53e+02,  2.11e+02)
60      0.139   4.13e-01   5.19e-01   3.25e-01   2.09e+00   0.00e+00 (  1.34e+02,  1.93e+02)
65      0.149   4.33e-01   5.83e-01   3.99e-01   2.31e+00   0.00e+00 (  1.21e+02,  1.75e+02)
70      0.183   4.82e-01   7.24e-01   5.33e-01   2.91e+00   0.00e+00 (  1.12e+02,  1.57e+02)
75      0.193   4.89e-01   7.73e-01   6.14e-01   3.14e+00   0.00e+00 (  9.81e+01,  1.40e+02)
80      0.205   4.83e-01   8.12e-01   6.49e-01   3.53e+00   0.00e+00 (  8.18e+01,  1.24e+02)
85      0.288   6.94e-01   9.84e-01   6.62e-01   6.27e+00   0.00e+00 (  8.95e+01,  1.09e+02)
90      1.796   4.15e+00   5.14e+00   3.02e+00   7.92e+01   0.00e+00 (  1.26e+03,  9.56e+01)
95      0.567   9.90e-01   1.42e+00   1.03e+00   4.71e+01   0.00e+00 (  7.56e+02,  8.24e+01)
 9 e: 8.396e-05 i: 2.774e-05 :: e: 4.637e-02 i: 5.235e-02 :: n: 3.012e+01 e:23.761 i:28.532 v:4.993e+03
>>> tau_he = 5.000000, nhe(0)=3.835178e+00
 5     -0.012   1.04e-02   1.23e+00   5.22e-03  -5.85e-02   0.00e+00 (  3.95e+00,  5.32e+01)
10     -0.003   2.12e-02  -5.17e-03   2.56e-03  -2.16e-02   0.00e+00 (  1.56e+01,  1.08e+02)
15     -0.039   1.39e-01  -1.23e-02   1.84e-02  -2.96e-01   0.00e+00 (  1.05e+02,  1.58e+02)
20      0.058   1.73e-01   9.81e-02  -1.77e-02   5.06e-01   0.00e+00 (  1.29e+02,  2.00e+02)
25      0.079   1.94e-01   1.37e-01  -5.57e-03   7.70e-01   0.00e+00 (  1.41e+02,  2.29e+02)
30      0.076   2.35e-01   1.65e-01  -2.44e-02   8.23e-01   0.00e+00 (  1.60e+02,  2.46e+02)
35      0.113   3.14e-01   2.71e-01   1.01e-01   1.32e+00   0.00e+00 (  1.85e+02,  2.52e+02)
40      0.107   3.20e-01   3.02e-01   8.69e-02   1.35e+00   0.00e+00 (  1.75e+02,  2.50e+02)
45      0.117   3.47e-01   3.51e-01   1.16e-01   1.57e+00   0.00e+00 (  1.71e+02,  2.41e+02)
50      0.132   3.83e-01   4.23e-01   2.07e-01   1.85e+00   0.00e+00 (  1.65e+02,  2.28e+02)
55      0.150   4.24e-01   5.20e-01   2.84e-01   2.18e+00   0.00e+00 (  1.58e+02,  2.11e+02)
60      0.139   4.19e-01   5.29e-01   3.30e-01   2.10e+00   0.00e+00 (  1.38e+02,  1.93e+02)
65      0.149   4.40e-01   5.94e-01   4.06e-01   2.31e+00   0.00e+00 (  1.25e+02,  1.75e+02)
70      0.182   4.89e-01   7.33e-01   5.39e-01   2.90e+00   0.00e+00 (  1.15e+02,  1.57e+02)
75      0.191   4.95e-01   7.79e-01   6.19e-01   3.12e+00   0.00e+00 (  1.01e+02,  1.40e+02)
80      0.203   4.86e-01   8.11e-01   6.49e-01   3.49e+00   0.00e+00 (  8.36e+01,  1.24e+02)
85      0.287   6.90e-01   9.82e-01   6.60e-01   6.25e+00   0.00e+00 (  9.02e+01,  1.09e+02)
90      1.798   4.15e+00   5.15e+00   3.02e+00   7.93e+01   0.00e+00 (  1.26e+03,  9.56e+01)
95      0.567   9.90e-01   1.42e+00   1.03e+00   4.71e+01   0.00e+00 (  7.56e+02,  8.24e+01)
10 e: 2.222e-05 i: 7.829e-05 :: e: 3.424e-02 i: 3.845e-02 :: n: 3.012e+01 e:23.701 i:28.762 v:4.993e+03
>>> tau_he = 5.000000, nhe(0)=3.851050e+00
 5     -0.012   1.05e-02   1.24e+00   5.18e-03  -5.93e-02   0.00e+00 (  4.01e+00,  5.32e+01)
10     -0.003   2.11e-02  -5.14e-03   2.47e-03  -2.16e-02   0.00e+00 (  1.55e+01,  1.08e+02)
15     -0.035   1.41e-01  -1.03e-02   1.89e-02  -2.65e-01   0.00e+00 (  1.05e+02,  1.58e+02)
20      0.059   1.74e-01   9.69e-02  -1.96e-02   5.11e-01   0.00e+00 (  1.29e+02,  2.00e+02)
25      0.080   1.98e-01   1.35e-01  -3.60e-03   7.88e-01   0.00e+00 (  1.43e+02,  2.29e+02)
30      0.076   2.36e-01   1.64e-01  -2.51e-02   8.27e-01   0.00e+00 (  1.61e+02,  2.46e+02)
35      0.120   3.12e-01   2.63e-01   9.66e-02   1.41e+00   0.00e+00 (  1.84e+02,  2.52e+02)
40      0.107   3.21e-01   2.99e-01   8.65e-02   1.35e+00   0.00e+00 (  1.75e+02,  2.50e+02)
45      0.117   3.46e-01   3.46e-01   1.13e-01   1.57e+00   0.00e+00 (  1.71e+02,  2.41e+02)
50      0.131   3.82e-01   4.16e-01   2.05e-01   1.84e+00   0.00e+00 (  1.64e+02,  2.28e+02)
55      0.150   4.22e-01   5.13e-01   2.81e-01   2.18e+00   0.00e+00 (  1.56e+02,  2.11e+02)
60      0.140   4.19e-01   5.26e-01   3.28e-01   2.12e+00   0.00e+00 (  1.38e+02,  1.93e+02)
65      0.151   4.41e-01   5.95e-01   4.06e-01   2.35e+00   0.00e+00 (  1.25e+02,  1.75e+02)
70      0.185   4.90e-01   7.37e-01   5.42e-01   2.95e+00   0.00e+00 (  1.15e+02,  1.57e+02)
75      0.195   4.98e-01   7.87e-01   6.25e-01   3.19e+00   0.00e+00 (  1.01e+02,  1.40e+02)
80      0.207   4.90e-01   8.26e-01   6.60e-01   3.58e+00   0.00e+00 (  8.41e+01,  1.24e+02)
85      0.289   6.95e-01   9.90e-01   6.68e-01   6.30e+00   0.00e+00 (  9.02e+01,  1.09e+02)
90      1.796   4.15e+00   5.14e+00   3.02e+00   7.92e+01   0.00e+00 (  1.26e+03,  9.56e+01)
95      0.567   9.90e-01   1.42e+00   1.03e+00   4.71e+01   0.00e+00 (  7.56e+02,  8.24e+01)
11 e: 7.626e-05 i: 2.374e-05 :: e: 2.948e-02 i: 3.480e-02 :: n: 3.012e+01 e:23.870 i:28.829 v:4.993e+03
>>> tau_he = 5.000000, nhe(0)=3.855893e+00
 5     -0.012   1.06e-02   1.25e+00   5.24e-03  -6.00e-02   0.00e+00 (  4.06e+00,  5.32e+01)
10     -0.004   1.79e-02  -4.65e-03   1.72e-03  -2.45e-02   0.00e+00 (  1.32e+01,  1.08e+02)
15     -0.033   1.45e-01  -7.05e-03   1.88e-02  -2.49e-01   0.00e+00 (  1.07e+02,  1.58e+02)
20      0.059   1.76e-01   9.91e-02  -2.02e-02   5.15e-01   0.00e+00 (  1.31e+02,  2.00e+02)
25      0.153   3.39e-01   3.48e-01   8.43e-02   1.49e+00   0.00e+00 (  2.48e+02,  2.29e+02)
30      0.078   2.37e-01   1.68e-01  -2.91e-02   8.41e-01   0.00e+00 (  1.63e+02,  2.46e+02)
35      0.115   3.20e-01   2.76e-01   9.12e-02   1.35e+00   0.00e+00 (  1.90e+02,  2.52e+02)
40      0.109   3.25e-01   3.05e-01   8.81e-02   1.37e+00   0.00e+00 (  1.79e+02,  2.50e+02)
45      0.119   3.51e-01   3.54e-01   1.14e-01   1.59e+00   0.00e+00 (  1.75e+02,  2.41e+02)
50      0.133   3.88e-01   4.27e-01   2.09e-01   1.87e+00   0.00e+00 (  1.68e+02,  2.28e+02)
55      0.151   4.29e-01   5.24e-01   2.88e-01   2.20e+00   0.00e+00 (  1.61e+02,  2.11e+02)
60      0.141   4.26e-01   5.37e-01   3.34e-01   2.14e+00   0.00e+00 (  1.42e+02,  1.93e+02)
65      0.152   4.49e-01   6.07e-01   4.14e-01   2.36e+00   0.00e+00 (  1.29e+02,  1.75e+02)
70      0.186   4.99e-01   7.48e-01   5.49e-01   2.95e+00   0.00e+00 (  1.19e+02,  1.57e+02)
75      0.195   5.05e-01   7.96e-01   6.31e-01   3.18e+00   0.00e+00 (  1.04e+02,  1.40e+02)
80      0.206   4.96e-01   8.29e-01   6.62e-01   3.56e+00   0.00e+00 (  8.65e+01,  1.24e+02)
85      0.289   6.93e-01   9.92e-01   6.68e-01   6.28e+00   0.00e+00 (  9.14e+01,  1.09e+02)
90      1.799   4.15e+00   5.15e+00   3.02e+00   7.93e+01   0.00e+00 (  1.26e+03,  9.56e+01)
95      0.567   9.90e-01   1.42e+00   1.03e+00   4.71e+01   0.00e+00 (  7.56e+02,  8.24e+01)
12 e: 1.233e-04 i: 8.692e-04 :: e: 3.219e-02 i: 3.929e-02 :: n: 3.012e+01 e:23.782 i:28.910 v:4.993e+03
>>> tau_he = 5.000000, nhe(0)=3.861448e+00
 5     -0.012   1.07e-02   1.23e+00   5.21e-03  -6.05e-02   0.00e+00 (  4.08e+00,  5.32e+01)
10     -0.003   2.12e-02  -5.58e-03   2.50e-03  -2.12e-02   0.00e+00 (  1.56e+01,  1.08e+02)
15     -0.030   1.47e-01  -2.05e-03   1.89e-02  -2.25e-01   0.00e+00 (  1.08e+02,  1.58e+02)
20      0.061   1.74e-01   9.72e-02  -1.97e-02   5.26e-01   0.00e+00 (  1.28e+02,  2.00e+02)
25      0.074   2.00e-01   1.28e-01  -1.41e-03   7.23e-01   0.00e+00 (  1.42e+02,  2.29e+02)
30      0.077   2.37e-01   1.66e-01  -2.56e-02   8.38e-01   0.00e+00 (  1.62e+02,  2.46e+02)
35      0.123   3.18e-01   2.68e-01   9.82e-02   1.44e+00   0.00e+00 (  1.89e+02,  2.52e+02)
40      0.109   3.26e-01   3.03e-01   8.80e-02   1.38e+00   0.00e+00 (  1.80e+02,  2.50e+02)
45      0.120   3.50e-01   3.50e-01   1.11e-01   1.60e+00   0.00e+00 (  1.75e+02,  2.41e+02)
50      0.134   3.88e-01   4.22e-01   2.10e-01   1.88e+00   0.00e+00 (  1.68e+02,  2.28e+02)
55      0.152   4.29e-01   5.19e-01   2.85e-01   2.21e+00   0.00e+00 (  1.61e+02,  2.11e+02)
60      0.143   4.27e-01   5.36e-01   3.34e-01   2.16e+00   0.00e+00 (  1.42e+02,  1.93e+02)
65      0.155   4.51e-01   6.10e-01   4.16e-01   2.41e+00   0.00e+00 (  1.29e+02,  1.75e+02)
70      0.189   5.01e-01   7.54e-01   5.53e-01   3.00e+00   0.00e+00 (  1.19e+02,  1.57e+02)
75      0.199   5.10e-01   8.06e-01   6.39e-01   3.24e+00   0.00e+00 (  1.05e+02,  1.40e+02)
80      0.211   5.02e-01   8.45e-01   6.75e-01   3.64e+00   0.00e+00 (  8.75e+01,  1.24e+02)
85      0.291   6.98e-01   1.00e+00   6.78e-01   6.34e+00   0.00e+00 (  9.19e+01,  1.09e+02)
90      1.797   4.15e+00   5.14e+00   3.02e+00   7.92e+01   0.00e+00 (  1.26e+03,  9.56e+01)
95      0.567   9.90e-01   1.42e+00   1.03e+00   4.71e+01   0.00e+00 (  7.56e+02,  8.24e+01)
13 e: 5.827e-05 i: 1.727e-05 :: e: 1.632e-02 i: 2.105e-02 :: n: 3.012e+01 e:23.886 i:28.963 v:4.993e+03
>>> tau_he = 5.000000, nhe(0)=3.865147e+00
 5     -0.012   1.07e-02   1.24e+00   5.24e-03  -6.07e-02   0.00e+00 (  4.11e+00,  5.32e+01)
10     -0.004   1.78e-02  -4.80e-03   1.64e-03  -2.50e-02   0.00e+00 (  1.31e+01,  1.08e+02)
15     -0.016   1.48e-01  -1.72e-03   1.90e-02  -1.20e-01   0.00e+00 (  1.08e+02,  1.58e+02)
20      0.061   1.77e-01   9.86e-02  -2.03e-02   5.33e-01   0.00e+00 (  1.30e+02,  2.00e+02)
25      0.078   1.96e-01   1.33e-01  -3.16e-03   7.60e-01   0.00e+00 (  1.41e+02,  2.29e+02)
30      0.079   2.38e-01   1.69e-01  -2.84e-02   8.55e-01   0.00e+00 (  1.63e+02,  2.46e+02)
35      0.117   3.25e-01   2.80e-01   9.19e-02   1.38e+00   0.00e+00 (  1.94e+02,  2.52e+02)
40      0.111   3.29e-01   3.08e-01   8.92e-02   1.40e+00   0.00e+00 (  1.83e+02,  2.50e+02)
45      0.121   3.55e-01   3.57e-01   1.12e-01   1.62e+00   0.00e+00 (  1.78e+02,  2.41e+02)
50      0.136   3.94e-01   4.31e-01   2.13e-01   1.90e+00   0.00e+00 (  1.72e+02,  2.28e+02)
55      0.153   4.35e-01   5.29e-01   2.90e-01   2.23e+00   0.00e+00 (  1.65e+02,  2.11e+02)
60      0.144   4.34e-01   5.47e-01   3.39e-01   2.18e+00   0.00e+00 (  1.46e+02,  1.93e+02)
65      0.155   4.59e-01   6.21e-01   4.23e-01   2.41e+00   0.00e+00 (  1.33e+02,  1.75e+02)
70      0.189   5.09e-01   7.64e-01   5.60e-01   3.01e+00   0.00e+00 (  1.23e+02,  1.57e+02)
75      0.198   5.17e-01   8.15e-01   6.46e-01   3.23e+00   0.00e+00 (  1.09e+02,  1.40e+02)
80      0.210   5.08e-01   8.50e-01   6.79e-01   3.62e+00   0.00e+00 (  9.00e+01,  1.24e+02)
85      0.291   6.96e-01   1.01e+00   6.81e-01   6.34e+00   0.00e+00 (  9.33e+01,  1.09e+02)
90      2.515   5.98e+00   7.20e+00   4.32e+00   1.11e+02   0.00e+00 (  1.82e+03,  9.56e+01)
95      0.567   9.90e-01   1.42e+00   1.03e+00   4.71e+01   0.00e+00 (  7.56e+02,  8.24e+01)
14 e: 2.048e-05 i: 5.455e-05 :: e: 1.099e-02 i: 1.344e-02 :: n: 3.012e+01 e:23.858 i:29.153 v:4.993e+03
>>> tau_he = 5.000000, nhe(0)=3.877908e+00
 5     -0.012   1.09e-02   1.26e+00   5.21e-03  -6.14e-02   0.00e+00 (  4.17e+00,  5.32e+01)
10     -0.003   2.08e-02  -4.26e-03   2.46e-03  -2.07e-02   0.00e+00 (  1.52e+01,  1.08e+02)
15     -0.013   1.51e-01   2.24e-04   1.94e-02  -9.60e-02   0.00e+00 (  1.09e+02,  1.58e+02)
20      0.062   1.78e-01   9.81e-02  -2.00e-02   5.42e-01   0.00e+00 (  1.30e+02,  2.00e+02)
25      0.080   1.97e-01   1.34e-01  -1.85e-03   7.89e-01   0.00e+00 (  1.42e+02,  2.29e+02)
30      0.079   2.40e-01   1.68e-01  -2.88e-02   8.56e-01   0.00e+00 (  1.65e+02,  2.46e+02)
35      0.124   3.21e-01   2.71e-01   9.89e-02   1.46e+00   0.00e+00 (  1.92e+02,  2.52e+02)
40      0.111   3.29e-01   3.06e-01   8.87e-02   1.40e+00   0.00e+00 (  1.83e+02,  2.50e+02)
45      0.121   3.54e-01   3.53e-01   1.10e-01   1.61e+00   0.00e+00 (  1.78e+02,  2.41e+02)
50      0.135   3.93e-01   4.26e-01   2.11e-01   1.90e+00   0.00e+00 (  1.72e+02,  2.28e+02)
55      0.153   4.34e-01   5.24e-01   2.88e-01   2.24e+00   0.00e+00 (  1.64e+02,  2.11e+02)
60      0.145   4.34e-01   5.44e-01   3.38e-01   2.19e+00   0.00e+00 (  1.46e+02,  1.93e+02)
65      0.157   4.60e-01   6.20e-01   4.23e-01   2.45e+00   0.00e+00 (  1.33e+02,  1.75e+02)
70      0.191   5.11e-01   7.68e-01   5.63e-01   3.04e+00   0.00e+00 (  1.24e+02,  1.57e+02)
75      0.201   5.21e-01   8.23e-01   6.51e-01   3.29e+00   0.00e+00 (  1.09e+02,  1.40e+02)
80      0.214   5.12e-01   8.63e-01   6.89e-01   3.69e+00   0.00e+00 (  9.08e+01,  1.24e+02)
85      0.293   7.01e-01   1.02e+00   6.90e-01   6.39e+00   0.00e+00 (  9.39e+01,  1.09e+02)
90      2.514   5.97e+00   7.19e+00   4.32e+00   1.11e+02   0.00e+00 (  1.82e+03,  9.56e+01)
95      0.567   9.90e-01   1.42e+00   1.03e+00   4.71e+01   0.00e+00 (  7.56e+02,  8.24e+01)
15 e: 5.101e-05 i: 1.880e-05 :: e: 9.098e-03 i: 1.155e-02 :: n: 3.012e+01 e:23.981 i:29.232 v:4.993e+03
>>> tau_he = 5.000000, nhe(0)=3.883384e+00
 5     -0.013   1.09e-02   1.27e+00   5.25e-03  -6.20e-02   0.00e+00 (  4.22e+00,  5.32e+01)
10     -0.004   1.80e-02  -3.61e-03   1.68e-03  -2.52e-02   0.00e+00 (  1.32e+01,  1.08e+02)
15     -0.005   1.47e-01  -7.69e-03   7.90e-03  -3.56e-02   0.00e+00 (  1.06e+02,  1.58e+02)
20      0.063   1.80e-01   1.00e-01  -2.05e-02   5.48e-01   0.00e+00 (  1.32e+02,  2.00e+02)
25      0.081   1.99e-01   1.37e-01  -1.87e-03   7.92e-01   0.00e+00 (  1.45e+02,  2.29e+02)
30      0.080   2.43e-01   1.70e-01  -3.22e-02   8.67e-01   0.00e+00 (  1.68e+02,  2.46e+02)
35      0.126   3.25e-01   2.76e-01   9.04e-02   1.49e+00   0.00e+00 (  1.95e+02,  2.52e+02)
40      0.112   3.32e-01   3.10e-01   8.98e-02   1.41e+00   0.00e+00 (  1.86e+02,  2.50e+02)
45      0.122   3.58e-01   3.59e-01   1.11e-01   1.63e+00   0.00e+00 (  1.81e+02,  2.41e+02)
50      0.137   3.97e-01   4.34e-01   2.14e-01   1.92e+00   0.00e+00 (  1.75e+02,  2.28e+02)
55      0.154   4.39e-01   5.33e-01   2.91e-01   2.25e+00   0.00e+00 (  1.68e+02,  2.11e+02)
60      0.146   4.39e-01   5.53e-01   3.42e-01   2.21e+00   0.00e+00 (  1.50e+02,  1.93e+02)
65      0.158   4.65e-01   6.29e-01   4.29e-01   2.45e+00   0.00e+00 (  1.36e+02,  1.75e+02)
70      0.191   5.17e-01   7.76e-01   5.68e-01   3.04e+00   0.00e+00 (  1.26e+02,  1.57e+02)
75      0.201   5.26e-01   8.29e-01   6.56e-01   3.28e+00   0.00e+00 (  1.12e+02,  1.40e+02)
80      0.213   5.17e-01   8.66e-01   6.91e-01   3.68e+00   0.00e+00 (  9.29e+01,  1.24e+02)
85      0.293   7.02e-01   1.02e+00   6.92e-01   6.38e+00   0.00e+00 (  9.54e+01,  1.09e+02)
90      2.516   5.97e+00   7.19e+00   4.32e+00   1.11e+02   0.00e+00 (  1.83e+03,  9.56e+01)
95      0.567   9.90e-01   1.42e+00   1.03e+00   4.71e+01   0.00e+00 (  7.56e+02,  8.24e+01)
16 e: 1.092e-05 i: 3.491e-05 :: e: 1.308e-02 i: 1.276e-02 :: n: 3.012e+01 e:23.958 i:29.399 v:4.993e+03
>>> tau_he = 5.000000, nhe(0)=3.894435e+00
 5     -0.013   1.11e-02   1.28e+00   5.23e-03  -6.26e-02   0.00e+00 (  4.27e+00,  5.32e+01)
10     -0.003   2.09e-02  -4.36e-03   2.47e-03  -2.09e-02   0.00e+00 (  1.54e+01,  1.08e+02)
15      0.018   1.50e-01  -7.39e-03   6.64e-03   1.36e-01   0.00e+00 (  1.07e+02,  1.58e+02)
20      0.065   1.80e-01   9.96e-02  -2.00e-02   5.63e-01   0.00e+00 (  1.32e+02,  2.00e+02)
25      0.081   2.01e-01   1.38e-01  -1.77e-03   7.95e-01   0.00e+00 (  1.46e+02,  2.29e+02)
30      0.080   2.43e-01   1.70e-01  -3.27e-02   8.71e-01   0.00e+00 (  1.68e+02,  2.46e+02)
35      0.126   3.25e-01   2.74e-01   1.00e-01   1.48e+00   0.00e+00 (  1.95e+02,  2.52e+02)
40      0.112   3.33e-01   3.08e-01   8.95e-02   1.41e+00   0.00e+00 (  1.85e+02,  2.50e+02)
45      0.122   3.58e-01   3.56e-01   1.10e-01   1.63e+00   0.00e+00 (  1.81e+02,  2.41e+02)
50      0.137   3.97e-01   4.30e-01   2.13e-01   1.92e+00   0.00e+00 (  1.75e+02,  2.28e+02)
55      0.155   4.38e-01   5.29e-01   2.90e-01   2.26e+00   0.00e+00 (  1.67e+02,  2.11e+02)
60      0.147   4.39e-01   5.51e-01   3.41e-01   2.22e+00   0.00e+00 (  1.49e+02,  1.93e+02)
65      0.159   4.66e-01   6.29e-01   4.29e-01   2.47e+00   0.00e+00 (  1.36e+02,  1.75e+02)
70      0.193   5.18e-01   7.78e-01   5.70e-01   3.07e+00   0.00e+00 (  1.26e+02,  1.57e+02)
75      0.203   5.28e-01   8.35e-01   6.60e-01   3.32e+00   0.00e+00 (  1.12e+02,  1.40e+02)
80      0.216   5.20e-01   8.77e-01   6.99e-01   3.73e+00   0.00e+00 (  9.34e+01,  1.24e+02)
85      0.295   7.05e-01   1.03e+00   7.00e-01   6.42e+00   0.00e+00 (  9.59e+01,  1.09e+02)
90      2.515   5.97e+00   7.19e+00   4.32e+00   1.11e+02   0.00e+00 (  1.83e+03,  9.56e+01)
95      0.567   9.90e-01   1.42e+00   1.03e+00   4.71e+01   0.00e+00 (  7.56e+02,  8.24e+01)
17 e: 3.155e-05 i: 8.371e-06 :: e: 1.240e-02 i: 1.190e-02 :: n: 3.012e+01 e:24.059 i:29.448 v:4.993e+03
>>> tau_he = 5.000000, nhe(0)=3.897896e+00
 5     -0.013   1.11e-02   1.28e+00   5.26e-03  -6.32e-02   0.00e+00 (  4.31e+00,  5.32e+01)
10     -0.003   2.02e-02  -3.39e-03   2.75e-03  -1.96e-02   0.00e+00 (  1.49e+01,  1.08e+02)
15      0.020   1.52e-01  -5.13e-03   6.52e-03   1.47e-01   0.00e+00 (  1.08e+02,  1.58e+02)
20      0.065   1.81e-01   1.01e-01  -2.04e-02   5.66e-01   0.00e+00 (  1.33e+02,  2.00e+02)
25      0.081   2.03e-01   1.41e-01  -1.74e-03   7.97e-01   0.00e+00 (  1.49e+02,  2.29e+02)
30      0.081   2.45e-01   1.72e-01  -3.53e-02   8.79e-01   0.00e+00 (  1.71e+02,  2.46e+02)
35      0.128   3.28e-01   2.78e-01   9.10e-02   1.50e+00   0.00e+00 (  1.97e+02,  2.52e+02)
40      0.113   3.35e-01   3.12e-01   9.05e-02   1.42e+00   0.00e+00 (  1.88e+02,  2.50e+02)
45      0.123   3.61e-01   3.61e-01   1.11e-01   1.65e+00   0.00e+00 (  1.83e+02,  2.41e+02)
50      0.138   4.01e-01   4.37e-01   2.15e-01   1.94e+00   0.00e+00 (  1.78e+02,  2.28e+02)
55      0.156   4.43e-01   5.36e-01   2.93e-01   2.27e+00   0.00e+00 (  1.70e+02,  2.11e+02)
60      0.147   4.43e-01   5.58e-01   3.45e-01   2.23e+00   0.00e+00 (  1.52e+02,  1.93e+02)
65      0.159   4.70e-01   6.36e-01   4.33e-01   2.48e+00   0.00e+00 (  1.39e+02,  1.75e+02)
70      0.193   5.23e-01   7.84e-01   5.74e-01   3.07e+00   0.00e+00 (  1.29e+02,  1.57e+02)
75      0.203   5.33e-01   8.39e-01   6.64e-01   3.31e+00   0.00e+00 (  1.14e+02,  1.40e+02)
80      0.215   5.24e-01   8.78e-01   7.00e-01   3.71e+00   0.00e+00 (  9.51e+01,  1.24e+02)
85      0.295   7.07e-01   1.03e+00   7.01e-01   6.42e+00   0.00e+00 (  9.73e+01,  1.09e+02)
90      2.517   5.97e+00   7.19e+00   4.32e+00   1.11e+02   0.00e+00 (  1.83e+03,  9.56e+01)
95      0.567   9.90e-01   1.42e+00   1.03e+00   4.71e+01   0.00e+00 (  7.56e+02,  8.24e+01)
18 e: 9.181e-06 i: 2.270e-05 :: e: 1.618e-02 i: 1.547e-02 :: n: 3.012e+01 e:24.022 i:29.580 v:4.993e+03
>>> tau_he = 5.000000, nhe(0)=3.906527e+00
 5     -0.013   1.12e-02   1.29e+00   5.24e-03  -6.37e-02   0.00e+00 (  4.34e+00,  5.32e+01)
10     -0.003   1.96e-02  -2.58e-03   3.06e-03  -1.84e-02   0.00e+00 (  1.44e+01,  1.08e+02)
15      0.022   1.54e-01  -3.61e-03   6.80e-03   1.65e-01   0.00e+00 (  1.08e+02,  1.58e+02)
20      0.067   1.81e-01   1.01e-01  -2.02e-02   5.82e-01   0.00e+00 (  1.32e+02,  2.00e+02)
25      0.082   2.04e-01   1.41e-01  -1.66e-03   8.00e-01   0.00e+00 (  1.50e+02,  2.29e+02)
30      0.081   2.46e-01   1.71e-01  -3.55e-02   8.82e-01   0.00e+00 (  1.71e+02,  2.46e+02)
35      0.128   3.28e-01   2.77e-01   9.02e-02   1.50e+00   0.00e+00 (  1.97e+02,  2.52e+02)
40      0.113   3.35e-01   3.10e-01   9.01e-02   1.42e+00   0.00e+00 (  1.87e+02,  2.50e+02)
45      0.123   3.60e-01   3.58e-01   1.10e-01   1.65e+00   0.00e+00 (  1.83e+02,  2.41e+02)
50      0.138   4.00e-01   4.33e-01   2.14e-01   1.94e+00   0.00e+00 (  1.77e+02,  2.28e+02)
55      0.156   4.42e-01   5.32e-01   2.91e-01   2.27e+00   0.00e+00 (  1.69e+02,  2.11e+02)
60      0.148   4.43e-01   5.56e-01   3.44e-01   2.24e+00   0.00e+00 (  1.51e+02,  1.93e+02)
65      0.160   4.70e-01   6.35e-01   4.33e-01   2.49e+00   0.00e+00 (  1.38e+02,  1.75e+02)
70      0.194   5.23e-01   7.85e-01   5.75e-01   3.09e+00   0.00e+00 (  1.29e+02,  1.57e+02)
75      0.205   5.34e-01   8.43e-01   6.66e-01   3.34e+00   0.00e+00 (  1.14e+02,  1.40e+02)
80      0.218   5.27e-01   8.84e-01   7.05e-01   3.75e+00   0.00e+00 (  9.55e+01,  1.24e+02)
85      0.296   7.10e-01   1.04e+00   7.07e-01   6.45e+00   0.00e+00 (  9.77e+01,  1.09e+02)
90      2.516   5.97e+00   7.19e+00   4.33e+00   1.11e+02   0.00e+00 (  1.83e+03,  9.56e+01)
95      0.567   9.90e-01   1.42e+00   1.03e+00   4.71e+01   0.00e+00 (  7.56e+02,  8.24e+01)
19 e: 1.945e-05 i: 7.033e-06 :: e: 1.508e-02 i: 1.415e-02 :: n: 3.012e+01 e:24.098 i:29.609 v:4.993e+03
>>> tau_he = 5.000000, nhe(0)=3.908579e+00
 5     -0.013   1.13e-02   1.29e+00   5.27e-03  -6.41e-02   0.00e+00 (  4.37e+00,  5.32e+01)
10     -0.003   2.05e-02  -3.36e-03   2.77e-03  -1.98e-02   0.00e+00 (  1.51e+01,  1.08e+02)
15      0.019   1.51e-01   1.44e-03   7.40e-04   1.44e-01   0.00e+00 (  1.06e+02,  1.58e+02)
20      0.067   1.82e-01   1.02e-01  -2.05e-02   5.85e-01   0.00e+00 (  1.33e+02,  2.00e+02)
25      0.082   2.05e-01   1.43e-01  -4.09e-03   7.99e-01   0.00e+00 (  1.51e+02,  2.29e+02)
30      0.082   2.47e-01   1.73e-01  -3.73e-02   8.88e-01   0.00e+00 (  1.72e+02,  2.46e+02)
35      0.121   3.33e-01   2.86e-01   9.32e-02   1.42e+00   0.00e+00 (  2.01e+02,  2.52e+02)
40      0.114   3.37e-01   3.13e-01   9.09e-02   1.43e+00   0.00e+00 (  1.89e+02,  2.50e+02)
45      0.124   3.62e-01   3.62e-01   1.10e-01   1.66e+00   0.00e+00 (  1.85e+02,  2.41e+02)
50      0.139   4.03e-01   4.39e-01   2.16e-01   1.95e+00   0.00e+00 (  1.79e+02,  2.28e+02)
55      0.156   4.45e-01   5.38e-01   2.94e-01   2.29e+00   0.00e+00 (  1.71e+02,  2.11e+02)
60      0.148   4.46e-01   5.61e-01   3.46e-01   2.24e+00   0.00e+00 (  1.53e+02,  1.93e+02)
65      0.160   4.73e-01   6.40e-01   4.36e-01   2.49e+00   0.00e+00 (  1.40e+02,  1.75e+02)
70      0.194   5.26e-01   7.89e-01   5.77e-01   3.09e+00   0.00e+00 (  1.30e+02,  1.57e+02)
75      0.204   5.36e-01   8.45e-01   6.68e-01   3.33e+00   0.00e+00 (  1.15e+02,  1.40e+02)
80      0.217   5.28e-01   8.86e-01   7.06e-01   3.74e+00   0.00e+00 (  9.65e+01,  1.24e+02)
85      0.296   7.09e-01   1.04e+00   7.08e-01   6.45e+00   0.00e+00 (  9.85e+01,  1.09e+02)
90      2.518   5.96e+00   7.19e+00   4.33e+00   1.11e+02   0.00e+00 (  1.83e+03,  9.56e+01)
95      0.567   9.90e-01   1.42e+00   1.03e+00   4.71e+01   0.00e+00 (  7.56e+02,  8.24e+01)
20 e: 6.641e-06 i: 1.656e-05 :: e: 1.669e-02 i: 1.706e-02 :: n: 3.012e+01 e:24.056 i:29.708 v:4.993e+03
>>> tau_he = 5.000000, nhe(0)=3.914986e+00
 5     -0.013   1.13e-02   1.30e+00   5.25e-03  -6.45e-02   0.00e+00 (  4.40e+00,  5.32e+01)
10     -0.003   1.98e-02  -2.55e-03   3.08e-03  -1.85e-02   0.00e+00 (  1.46e+01,  1.08e+02)
15      0.021   1.52e-01   2.93e-03   8.17e-04   1.57e-01   0.00e+00 (  1.07e+02,  1.58e+02)
20      0.068   1.82e-01   1.01e-01  -2.03e-02   5.91e-01   0.00e+00 (  1.33e+02,  2.00e+02)
25      0.082   2.06e-01   1.43e-01  -5.17e-03   8.00e-01   0.00e+00 (  1.52e+02,  2.29e+02)
30      0.082   2.47e-01   1.72e-01  -3.71e-02   8.89e-01   0.00e+00 (  1.72e+02,  2.46e+02)
35      0.128   3.29e-01   2.78e-01   9.05e-02   1.51e+00   0.00e+00 (  1.98e+02,  2.52e+02)
40      0.114   3.36e-01   3.11e-01   9.05e-02   1.43e+00   0.00e+00 (  1.89e+02,  2.50e+02)
45      0.124   3.62e-01   3.60e-01   1.10e-01   1.66e+00   0.00e+00 (  1.84e+02,  2.41e+02)
50      0.139   4.02e-01   4.35e-01   2.15e-01   1.95e+00   0.00e+00 (  1.78e+02,  2.28e+02)
55      0.156   4.44e-01   5.35e-01   2.92e-01   2.29e+00   0.00e+00 (  1.71e+02,  2.11e+02)
60      0.149   4.45e-01   5.58e-01   3.45e-01   2.25e+00   0.00e+00 (  1.53e+02,  1.93e+02)
65      0.161   4.72e-01   6.38e-01   4.35e-01   2.50e+00   0.00e+00 (  1.40e+02,  1.75e+02)
70      0.195   5.26e-01   7.89e-01   5.77e-01   3.10e+00   0.00e+00 (  1.30e+02,  1.57e+02)
75      0.205   5.36e-01   8.47e-01   6.69e-01   3.35e+00   0.00e+00 (  1.15e+02,  1.40e+02)
80      0.218   5.30e-01   8.90e-01   7.09e-01   3.77e+00   0.00e+00 (  9.66e+01,  1.24e+02)
85      0.297   7.11e-01   1.04e+00   7.12e-01   6.47e+00   0.00e+00 (  9.87e+01,  1.09e+02)
90      2.517   5.96e+00   7.19e+00   4.33e+00   1.11e+02   0.00e+00 (  1.83e+03,  9.56e+01)
95      0.567   9.90e-01   1.42e+00   1.03e+00   4.71e+01   0.00e+00 (  7.56e+02,  8.24e+01)
21 e: 1.021e-05 i: 5.075e-06 :: e: 1.443e-02 i: 1.406e-02 :: n: 3.012e+01 e:24.112 i:29.717 v:4.993e+03
>>> tau_he = 5.000000, nhe(0)=3.915695e+00
 5     -0.013   1.14e-02   1.30e+00   5.28e-03  -6.48e-02   0.00e+00 (  4.42e+00,  5.32e+01)
10     -0.004   1.74e-02  -1.81e-03   2.33e-03  -2.38e-02   0.00e+00 (  1.28e+01,  1.08e+02)
15      0.022   1.54e-01   4.98e-03   5.95e-04   1.65e-01   0.00e+00 (  1.07e+02,  1.58e+02)
20      0.068   1.83e-01   1.02e-01  -2.05e-02   5.93e-01   0.00e+00 (  1.34e+02,  2.00e+02)
25      0.154   3.52e-01   3.64e-01   8.89e-02   1.51e+00   0.00e+00 (  2.61e+02,  2.29e+02)
30      0.083   2.48e-01   1.74e-01  -3.84e-02   8.94e-01   0.00e+00 (  1.73e+02,  2.46e+02)
35      0.129   3.30e-01   2.80e-01   9.14e-02   1.52e+00   0.00e+00 (  1.99e+02,  2.52e+02)
40      0.114   3.37e-01   3.14e-01   9.10e-02   1.44e+00   0.00e+00 (  1.90e+02,  2.50e+02)
45      0.125   3.63e-01   3.63e-01   1.10e-01   1.66e+00   0.00e+00 (  1.86e+02,  2.41e+02)
50      0.140   4.04e-01   4.40e-01   2.16e-01   1.96e+00   0.00e+00 (  1.80e+02,  2.28e+02)
55      0.157   4.46e-01   5.39e-01   2.94e-01   2.29e+00   0.00e+00 (  1.72e+02,  2.11e+02)
60      0.149   4.47e-01   5.62e-01   3.47e-01   2.25e+00   0.00e+00 (  1.54e+02,  1.93e+02)
65      0.161   4.74e-01   6.41e-01   4.37e-01   2.50e+00   0.00e+00 (  1.41e+02,  1.75e+02)
70      0.195   5.28e-01   7.91e-01   5.79e-01   3.10e+00   0.00e+00 (  1.31e+02,  1.57e+02)
75      0.204   5.38e-01   8.48e-01   6.70e-01   3.34e+00   0.00e+00 (  1.16e+02,  1.40e+02)
80      0.217   5.31e-01   8.89e-01   7.09e-01   3.75e+00   0.00e+00 (  9.73e+01,  1.24e+02)
85      0.297   7.10e-01   1.04e+00   7.12e-01   6.46e+00   0.00e+00 (  9.93e+01,  1.09e+02)
90      2.518   5.96e+00   7.19e+00   4.33e+00   1.11e+02   0.00e+00 (  1.84e+03,  9.56e+01)
95      0.567   9.90e-01   1.42e+00   1.03e+00   4.71e+01   0.00e+00 (  7.56e+02,  8.24e+01)
22 e: 1.580e-04 i: 8.469e-04 :: e: 3.099e-02 i: 3.297e-02 :: n: 3.012e+01 e:24.017 i:29.644 v:4.993e+03
>>> tau_he = 5.000000, nhe(0)=3.910987e+00
 5     -0.013   1.13e-02   1.27e+00   5.26e-03  -6.49e-02   0.00e+00 (  4.39e+00,  5.32e+01)
10     -0.003   2.04e-02  -2.59e-03   3.16e-03  -1.93e-02   0.00e+00 (  1.51e+01,  1.08e+02)
15      0.023   1.54e-01   8.83e-03   2.24e-04   1.72e-01   0.00e+00 (  1.07e+02,  1.58e+02)
20      0.068   1.81e-01   1.00e-01  -2.00e-02   5.90e-01   0.00e+00 (  1.32e+02,  2.00e+02)
25      0.080   2.03e-01   1.31e-01  -1.88e-03   7.84e-01   0.00e+00 (  1.46e+02,  2.29e+02)
30      0.082   2.45e-01   1.72e-01  -3.39e-02   8.87e-01   0.00e+00 (  1.70e+02,  2.46e+02)
35      0.121   3.34e-01   2.85e-01   9.26e-02   1.43e+00   0.00e+00 (  2.01e+02,  2.52e+02)
40      0.114   3.37e-01   3.13e-01   9.09e-02   1.44e+00   0.00e+00 (  1.89e+02,  2.50e+02)
45      0.125   3.63e-01   3.61e-01   1.10e-01   1.67e+00   0.00e+00 (  1.85e+02,  2.41e+02)
50      0.140   4.03e-01   4.37e-01   2.15e-01   1.96e+00   0.00e+00 (  1.79e+02,  2.28e+02)
55      0.157   4.45e-01   5.37e-01   2.93e-01   2.30e+00   0.00e+00 (  1.71e+02,  2.11e+02)
60      0.149   4.46e-01   5.60e-01   3.46e-01   2.26e+00   0.00e+00 (  1.53e+02,  1.93e+02)
65      0.161   4.73e-01   6.40e-01   4.36e-01   2.51e+00   0.00e+00 (  1.40e+02,  1.75e+02)
70      0.196   5.27e-01   7.91e-01   5.79e-01   3.11e+00   0.00e+00 (  1.30e+02,  1.57e+02)
75      0.206   5.38e-01   8.49e-01   6.71e-01   3.36e+00   0.00e+00 (  1.16e+02,  1.40e+02)
80      0.219   5.32e-01   8.93e-01   7.12e-01   3.77e+00   0.00e+00 (  9.72e+01,  1.24e+02)
85      0.298   7.12e-01   1.05e+00   7.16e-01   6.49e+00   0.00e+00 (  9.94e+01,  1.09e+02)
90      2.518   5.96e+00   7.19e+00   4.33e+00   1.11e+02   0.00e+00 (  1.83e+03,  9.56e+01)
95      0.567   9.90e-01   1.42e+00   1.03e+00   4.71e+01   0.00e+00 (  7.56e+02,  8.24e+01)
23 e: 9.580e-06 i: 2.433e-05 :: e: 1.548e-02 i: 1.611e-02 :: n: 3.012e+01 e:24.013 i:29.606 v:4.993e+03
>>> tau_he = 5.000000, nhe(0)=3.908448e+00
 5     -0.013   1.12e-02   1.27e+00   5.26e-03  -6.45e-02   0.00e+00 (  4.37e+00,  5.32e+01)
10     -0.003   2.01e-02  -1.96e-03   3.20e-03  -1.75e-02   0.00e+00 (  1.48e+01,  1.08e+02)
15      0.024   1.54e-01   8.83e-03   3.90e-04   1.84e-01   0.00e+00 (  1.06e+02,  1.58e+02)
20      0.069   1.81e-01   1.00e-01  -2.00e-02   5.98e-01   0.00e+00 (  1.31e+02,  2.00e+02)
25      0.082   2.00e-01   1.35e-01  -2.04e-03   8.03e-01   0.00e+00 (  1.44e+02,  2.29e+02)
30      0.083   2.45e-01   1.72e-01  -3.41e-02   8.93e-01   0.00e+00 (  1.69e+02,  2.46e+02)
35      0.121   3.33e-01   2.86e-01   9.31e-02   1.43e+00   0.00e+00 (  2.00e+02,  2.52e+02)
40      0.115   3.37e-01   3.14e-01   9.11e-02   1.44e+00   0.00e+00 (  1.90e+02,  2.50e+02)
45      0.125   3.64e-01   3.64e-01   1.11e-01   1.67e+00   0.00e+00 (  1.86e+02,  2.41e+02)
50      0.140   4.04e-01   4.40e-01   2.17e-01   1.97e+00   0.00e+00 (  1.80e+02,  2.28e+02)
55      0.157   4.46e-01   5.40e-01   2.94e-01   2.30e+00   0.00e+00 (  1.72e+02,  2.11e+02)
60      0.149   4.47e-01   5.63e-01   3.48e-01   2.25e+00   0.00e+00 (  1.54e+02,  1.93e+02)
65      0.161   4.75e-01   6.42e-01   4.37e-01   2.50e+00   0.00e+00 (  1.41e+02,  1.75e+02)
70      0.195   5.29e-01   7.92e-01   5.80e-01   3.10e+00   0.00e+00 (  1.31e+02,  1.57e+02)
75      0.205   5.38e-01   8.49e-01   6.71e-01   3.34e+00   0.00e+00 (  1.16e+02,  1.40e+02)
80      0.218   5.32e-01   8.91e-01   7.10e-01   3.75e+00   0.00e+00 (  9.77e+01,  1.24e+02)
85      0.297   7.11e-01   1.04e+00   7.15e-01   6.47e+00   0.00e+00 (  9.99e+01,  1.09e+02)
90      2.519   5.96e+00   7.19e+00   4.33e+00   1.11e+02   0.00e+00 (  1.84e+03,  9.56e+01)
95      0.567   9.90e-01   1.42e+00   1.03e+00   4.71e+01   0.00e+00 (  7.56e+02,  8.24e+01)
24 e: 1.498e-05 i: 1.980e-05 :: e: 1.503e-02 i: 1.553e-02 :: n: 3.012e+01 e:23.966 i:29.641 v:4.993e+03
>>> tau_he = 5.000000, nhe(0)=3.910685e+00
 5     -0.013   1.13e-02   1.28e+00   5.24e-03  -6.46e-02   0.00e+00 (  4.38e+00,  5.32e+01)
10     -0.003   2.01e-02  -1.96e-03   3.19e-03  -1.75e-02   0.00e+00 (  1.48e+01,  1.08e+02)
15      0.026   1.54e-01   8.67e-03   6.00e-04   1.92e-01   0.00e+00 (  1.06e+02,  1.58e+02)
20      0.069   1.81e-01   9.97e-02  -1.98e-02   5.99e-01   0.00e+00 (  1.31e+02,  2.00e+02)
25      0.082   2.01e-01   1.36e-01  -1.96e-03   8.02e-01   0.00e+00 (  1.45e+02,  2.29e+02)
30      0.082   2.44e-01   1.72e-01  -3.39e-02   8.90e-01   0.00e+00 (  1.69e+02,  2.46e+02)
35      0.128   3.28e-01   2.76e-01   1.01e-01   1.51e+00   0.00e+00 (  1.97e+02,  2.52e+02)
40      0.114   3.36e-01   3.12e-01   9.04e-02   1.44e+00   0.00e+00 (  1.88e+02,  2.50e+02)
45      0.125   3.62e-01   3.61e-01   1.10e-01   1.66e+00   0.00e+00 (  1.84e+02,  2.41e+02)
50      0.140   4.02e-01   4.36e-01   2.15e-01   1.96e+00   0.00e+00 (  1.79e+02,  2.28e+02)
55      0.157   4.44e-01   5.36e-01   2.93e-01   2.29e+00   0.00e+00 (  1.71e+02,  2.11e+02)
60      0.149   4.45e-01   5.59e-01   3.45e-01   2.25e+00   0.00e+00 (  1.53e+02,  1.93e+02)
65      0.161   4.73e-01   6.38e-01   4.35e-01   2.50e+00   0.00e+00 (  1.40e+02,  1.75e+02)
70      0.195   5.26e-01   7.90e-01   5.78e-01   3.11e+00   0.00e+00 (  1.30e+02,  1.57e+02)
75      0.205   5.37e-01   8.48e-01   6.70e-01   3.35e+00   0.00e+00 (  1.15e+02,  1.40e+02)
80      0.219   5.31e-01   8.92e-01   7.11e-01   3.77e+00   0.00e+00 (  9.72e+01,  1.24e+02)
85      0.298   7.12e-01   1.05e+00   7.16e-01   6.49e+00   0.00e+00 (  9.97e+01,  1.09e+02)
90      2.518   5.96e+00   7.19e+00   4.33e+00   1.11e+02   0.00e+00 (  1.84e+03,  9.56e+01)
95      0.567   9.90e-01   1.42e+00   1.03e+00   4.71e+01   0.00e+00 (  7.56e+02,  8.24e+01)
25 e: 8.640e-06 i: 1.297e-05 :: e: 1.106e-02 i: 1.127e-02 :: n: 3.012e+01 e:23.992 i:29.634 v:4.993e+03
>>> tau_he = 5.000000, nhe(0)=3.910281e+00
 5     -0.013   1.13e-02   1.28e+00   5.26e-03  -6.48e-02   0.00e+00 (  4.38e+00,  5.32e+01)
10     -0.003   2.01e-02  -1.95e-03   3.19e-03  -1.74e-02   0.00e+00 (  1.48e+01,  1.08e+02)
15      0.026   1.55e-01   9.37e-03   5.57e-04   1.97e-01   0.00e+00 (  1.06e+02,  1.58e+02)
20      0.069   1.82e-01   1.00e-01  -2.00e-02   5.99e-01   0.00e+00 (  1.31e+02,  2.00e+02)
25      0.082   2.02e-01   1.38e-01  -1.95e-03   8.01e-01   0.00e+00 (  1.47e+02,  2.29e+02)
30      0.082   2.45e-01   1.72e-01  -3.52e-02   8.91e-01   0.00e+00 (  1.70e+02,  2.46e+02)
35      0.129   3.29e-01   2.78e-01   9.09e-02   1.51e+00   0.00e+00 (  1.97e+02,  2.52e+02)
40      0.114   3.36e-01   3.13e-01   9.07e-02   1.44e+00   0.00e+00 (  1.88e+02,  2.50e+02)
45      0.125   3.62e-01   3.63e-01   1.11e-01   1.67e+00   0.00e+00 (  1.85e+02,  2.41e+02)
50      0.140   4.03e-01   4.39e-01   2.16e-01   1.96e+00   0.00e+00 (  1.79e+02,  2.28e+02)
55      0.157   4.45e-01   5.38e-01   2.94e-01   2.29e+00   0.00e+00 (  1.71e+02,  2.11e+02)
60      0.149   4.46e-01   5.60e-01   3.46e-01   2.25e+00   0.00e+00 (  1.53e+02,  1.93e+02)
65      0.160   4.73e-01   6.39e-01   4.35e-01   2.49e+00   0.00e+00 (  1.40e+02,  1.75e+02)
70      0.194   5.26e-01   7.89e-01   5.78e-01   3.09e+00   0.00e+00 (  1.30e+02,  1.57e+02)
75      0.204   5.36e-01   8.46e-01   6.69e-01   3.33e+00   0.00e+00 (  1.15e+02,  1.40e+02)
80      0.217   5.30e-01   8.88e-01   7.08e-01   3.75e+00   0.00e+00 (  9.71e+01,  1.24e+02)
85      0.297   7.11e-01   1.04e+00   7.14e-01   6.47e+00   0.00e+00 (  9.98e+01,  1.09e+02)
90      2.519   5.96e+00   7.19e+00   4.33e+00   1.11e+02   0.00e+00 (  1.84e+03,  9.56e+01)
95      0.567   9.90e-01   1.42e+00   1.03e+00   4.71e+01   0.00e+00 (  7.56e+02,  8.24e+01)
26 e: 9.116e-06 i: 9.942e-06 :: e: 1.002e-02 i: 1.001e-02 :: n: 3.012e+01 e:23.955 i:29.675 v:4.993e+03
>>> tau_he = 5.000000, nhe(0)=3.912907e+00
 5     -0.013   1.13e-02   1.28e+00   5.24e-03  -6.49e-02   0.00e+00 (  4.39e+00,  5.32e+01)
10     -0.003   2.02e-02  -1.95e-03   3.19e-03  -1.75e-02   0.00e+00 (  1.48e+01,  1.08e+02)
15      0.027   1.55e-01   9.44e-03   7.06e-04   2.04e-01   0.00e+00 (  1.06e+02,  1.58e+02)
20      0.069   1.81e-01   1.00e-01  -1.98e-02   6.00e-01   0.00e+00 (  1.31e+02,  2.00e+02)
25      0.082   2.02e-01   1.38e-01  -1.85e-03   8.00e-01   0.00e+00 (  1.48e+02,  2.29e+02)
30      0.082   2.46e-01   1.72e-01  -3.53e-02   8.88e-01   0.00e+00 (  1.70e+02,  2.46e+02)
35      0.128   3.27e-01   2.76e-01   1.01e-01   1.50e+00   0.00e+00 (  1.96e+02,  2.52e+02)
40      0.114   3.35e-01   3.11e-01   9.03e-02   1.43e+00   0.00e+00 (  1.87e+02,  2.50e+02)
45      0.124   3.61e-01   3.60e-01   1.10e-01   1.66e+00   0.00e+00 (  1.84e+02,  2.41e+02)
50      0.139   4.01e-01   4.36e-01   2.15e-01   1.95e+00   0.00e+00 (  1.78e+02,  2.28e+02)
55      0.156   4.43e-01   5.34e-01   2.92e-01   2.28e+00   0.00e+00 (  1.70e+02,  2.11e+02)
60      0.148   4.44e-01   5.57e-01   3.44e-01   2.24e+00   0.00e+00 (  1.52e+02,  1.93e+02)
65      0.160   4.71e-01   6.35e-01   4.33e-01   2.49e+00   0.00e+00 (  1.39e+02,  1.75e+02)
70      0.194   5.24e-01   7.86e-01   5.76e-01   3.09e+00   0.00e+00 (  1.29e+02,  1.57e+02)
75      0.205   5.35e-01   8.44e-01   6.67e-01   3.34e+00   0.00e+00 (  1.15e+02,  1.40e+02)
80      0.218   5.29e-01   8.87e-01   7.08e-01   3.75e+00   0.00e+00 (  9.65e+01,  1.24e+02)
85      0.298   7.12e-01   1.04e+00   7.14e-01   6.48e+00   0.00e+00 (  9.95e+01,  1.09e+02)
90      2.518   5.96e+00   7.19e+00   4.33e+00   1.11e+02   0.00e+00 (  1.84e+03,  9.56e+01)
95      0.567   9.90e-01   1.42e+00   1.03e+00   4.71e+01   0.00e+00 (  7.56e+02,  8.24e+01)
27 e: 5.215e-06 i: 7.344e-06 :: e: 7.328e-03 i: 7.026e-03 :: n: 3.012e+01 e:23.979 i:29.667 v:4.993e+03
>>> tau_he = 5.000000, nhe(0)=3.912434e+00
 5     -0.013   1.13e-02   1.28e+00   5.26e-03  -6.51e-02   0.00e+00 (  4.40e+00,  5.32e+01)
10     -0.003   2.02e-02  -1.95e-03   3.20e-03  -1.75e-02   0.00e+00 (  1.48e+01,  1.08e+02)
15      0.028   1.55e-01   1.00e-02   6.57e-04   2.08e-01   0.00e+00 (  1.06e+02,  1.58e+02)
20      0.069   1.82e-01   1.00e-01  -2.00e-02   5.99e-01   0.00e+00 (  1.31e+02,  2.00e+02)
25      0.081   2.03e-01   1.40e-01  -1.79e-03   7.98e-01   0.00e+00 (  1.49e+02,  2.29e+02)
30      0.082   2.46e-01   1.72e-01  -3.64e-02   8.89e-01   0.00e+00 (  1.71e+02,  2.46e+02)
35      0.120   3.31e-01   2.84e-01   9.27e-02   1.42e+00   0.00e+00 (  1.99e+02,  2.52e+02)
40      0.114   3.35e-01   3.12e-01   9.05e-02   1.43e+00   0.00e+00 (  1.88e+02,  2.50e+02)
45      0.124   3.62e-01   3.62e-01   1.11e-01   1.66e+00   0.00e+00 (  1.84e+02,  2.41e+02)
50      0.139   4.02e-01   4.38e-01   2.16e-01   1.96e+00   0.00e+00 (  1.78e+02,  2.28e+02)
55      0.156   4.43e-01   5.36e-01   2.93e-01   2.28e+00   0.00e+00 (  1.70e+02,  2.11e+02)
60      0.148   4.44e-01   5.58e-01   3.45e-01   2.24e+00   0.00e+00 (  1.52e+02,  1.93e+02)
65      0.160   4.71e-01   6.36e-01   4.33e-01   2.48e+00   0.00e+00 (  1.39e+02,  1.75e+02)
70      0.194   5.24e-01   7.86e-01   5.75e-01   3.08e+00   0.00e+00 (  1.29e+02,  1.57e+02)
75      0.204   5.35e-01   8.42e-01   6.66e-01   3.32e+00   0.00e+00 (  1.15e+02,  1.40e+02)
80      0.217   5.28e-01   8.84e-01   7.05e-01   3.73e+00   0.00e+00 (  9.64e+01,  1.24e+02)
85      0.297   7.10e-01   1.04e+00   7.12e-01   6.46e+00   0.00e+00 (  9.94e+01,  1.09e+02)
90      2.519   5.96e+00   7.19e+00   4.33e+00   1.11e+02   0.00e+00 (  1.84e+03,  9.56e+01)
95      0.567   9.90e-01   1.42e+00   1.03e+00   4.71e+01   0.00e+00 (  7.56e+02,  8.24e+01)
28 e: 6.132e-06 i: 7.023e-06 :: e: 6.973e-03 i: 6.633e-03 :: n: 3.012e+01 e:23.945 i:29.698 v:4.993e+03
>>> tau_he = 5.000000, nhe(0)=3.914382e+00
 5     -0.013   1.13e-02   1.28e+00   5.25e-03  -6.52e-02   0.00e+00 (  4.40e+00,  5.32e+01)
10     -0.003   2.02e-02  -1.94e-03   3.19e-03  -1.75e-02   0.00e+00 (  1.49e+01,  1.08e+02)
15      0.029   1.55e-01   1.01e-02   7.85e-04   2.14e-01   0.00e+00 (  1.05e+02,  1.58e+02)
20      0.069   1.82e-01   1.00e-01  -1.98e-02   6.00e-01   0.00e+00 (  1.31e+02,  2.00e+02)
25      0.083   2.06e-01   1.39e-01  -4.74e-04   8.15e-01   0.00e+00 (  1.51e+02,  2.29e+02)
30      0.082   2.46e-01   1.72e-01  -3.63e-02   8.88e-01   0.00e+00 (  1.71e+02,  2.46e+02)
35      0.127   3.27e-01   2.75e-01   1.01e-01   1.50e+00   0.00e+00 (  1.96e+02,  2.52e+02)
40      0.113   3.35e-01   3.11e-01   9.02e-02   1.43e+00   0.00e+00 (  1.87e+02,  2.50e+02)
45      0.124   3.61e-01   3.60e-01   1.10e-01   1.66e+00   0.00e+00 (  1.83e+02,  2.41e+02)
50      0.139   4.00e-01   4.35e-01   2.15e-01   1.95e+00   0.00e+00 (  1.77e+02,  2.28e+02)
55      0.156   4.42e-01   5.34e-01   2.92e-01   2.28e+00   0.00e+00 (  1.69e+02,  2.11e+02)
60      0.148   4.42e-01   5.56e-01   3.44e-01   2.23e+00   0.00e+00 (  1.51e+02,  1.93e+02)
65      0.160   4.69e-01   6.33e-01   4.32e-01   2.48e+00   0.00e+00 (  1.38e+02,  1.75e+02)
70      0.194   5.22e-01   7.84e-01   5.74e-01   3.09e+00   0.00e+00 (  1.28e+02,  1.57e+02)
75      0.204   5.33e-01   8.41e-01   6.65e-01   3.33e+00   0.00e+00 (  1.14e+02,  1.40e+02)
80      0.217   5.27e-01   8.84e-01   7.05e-01   3.74e+00   0.00e+00 (  9.58e+01,  1.24e+02)
85      0.297   7.11e-01   1.04e+00   7.12e-01   6.47e+00   0.00e+00 (  9.91e+01,  1.09e+02)
90      2.518   5.96e+00   7.19e+00   4.33e+00   1.11e+02   0.00e+00 (  1.83e+03,  9.56e+01)
95      0.567   9.90e-01   1.42e+00   1.03e+00   4.71e+01   0.00e+00 (  7.56e+02,  8.24e+01)
29 e: 2.439e-06 i: 4.602e-06 :: e: 4.178e-03 i: 4.103e-03 :: n: 3.012e+01 e:23.964 i:29.688 v:4.993e+03
>>> tau_he = 5.000000, nhe(0)=3.913769e+00
 5     -0.013   1.13e-02   1.28e+00   5.26e-03  -6.53e-02   0.00e+00 (  4.41e+00,  5.32e+01)
10     -0.003   2.02e-02  -1.94e-03   3.20e-03  -1.75e-02   0.00e+00 (  1.49e+01,  1.08e+02)
15      0.029   1.55e-01   1.05e-02   7.56e-04   2.17e-01   0.00e+00 (  1.05e+02,  1.58e+02)
20      0.069   1.82e-01   1.00e-01  -1.99e-02   6.00e-01   0.00e+00 (  1.31e+02,  2.00e+02)
25      0.081   2.04e-01   1.42e-01  -1.64e-03   7.97e-01   0.00e+00 (  1.50e+02,  2.29e+02)
30      0.082   2.46e-01   1.73e-01  -3.71e-02   8.89e-01   0.00e+00 (  1.71e+02,  2.46e+02)
35      0.128   3.28e-01   2.77e-01   9.06e-02   1.51e+00   0.00e+00 (  1.97e+02,  2.52e+02)
40      0.113   3.35e-01   3.12e-01   9.04e-02   1.43e+00   0.00e+00 (  1.87e+02,  2.50e+02)
45      0.124   3.61e-01   3.62e-01   1.11e-01   1.66e+00   0.00e+00 (  1.84e+02,  2.41e+02)
50      0.139   4.01e-01   4.37e-01   2.15e-01   1.95e+00   0.00e+00 (  1.78e+02,  2.28e+02)
55      0.156   4.42e-01   5.35e-01   2.93e-01   2.28e+00   0.00e+00 (  1.70e+02,  2.11e+02)
60      0.148   4.43e-01   5.57e-01   3.44e-01   2.23e+00   0.00e+00 (  1.52e+02,  1.93e+02)
65      0.159   4.69e-01   6.34e-01   4.32e-01   2.48e+00   0.00e+00 (  1.38e+02,  1.75e+02)
70      0.193   5.22e-01   7.83e-01   5.74e-01   3.08e+00   0.00e+00 (  1.28e+02,  1.57e+02)
75      0.203   5.33e-01   8.39e-01   6.64e-01   3.31e+00   0.00e+00 (  1.14e+02,  1.40e+02)
80      0.216   5.26e-01   8.81e-01   7.03e-01   3.72e+00   0.00e+00 (  9.57e+01,  1.24e+02)
85      0.296   7.10e-01   1.04e+00   7.10e-01   6.45e+00   0.00e+00 (  9.91e+01,  1.09e+02)
90      2.518   5.96e+00   7.19e+00   4.33e+00   1.11e+02   0.00e+00 (  1.84e+03,  9.56e+01)
95      0.567   9.90e-01   1.42e+00   1.03e+00   4.71e+01   0.00e+00 (  7.56e+02,  8.24e+01)
30 e: 3.641e-06 i: 2.787e-06 :: e: 3.967e-03 i: 3.378e-03 :: n: 3.012e+01 e:23.935 i:29.712 v:4.993e+03
>>> tau_he = 5.000000, nhe(0)=3.915321e+00
 5     -0.013   1.13e-02   1.28e+00   5.25e-03  -6.54e-02   0.00e+00 (  4.41e+00,  5.32e+01)
10     -0.003   2.05e-02  -1.94e-03   3.20e-03  -1.75e-02   0.00e+00 (  1.50e+01,  1.08e+02)
15      0.030   1.58e-01   9.57e-03   1.00e-03   2.25e-01   0.00e+00 (  1.07e+02,  1.58e+02)
20      0.069   1.82e-01   1.00e-01  -1.98e-02   6.01e-01   0.00e+00 (  1.31e+02,  2.00e+02)
25      0.083   2.07e-01   1.40e-01  -2.45e-03   8.11e-01   0.00e+00 (  1.52e+02,  2.29e+02)
30      0.082   2.46e-01   1.72e-01  -3.70e-02   8.88e-01   0.00e+00 (  1.71e+02,  2.46e+02)
35      0.128   3.27e-01   2.77e-01   9.02e-02   1.50e+00   0.00e+00 (  1.96e+02,  2.52e+02)
40      0.113   3.34e-01   3.11e-01   9.01e-02   1.43e+00   0.00e+00 (  1.87e+02,  2.50e+02)
45      0.124   3.60e-01   3.60e-01   1.11e-01   1.65e+00   0.00e+00 (  1.83e+02,  2.41e+02)
50      0.139   4.00e-01   4.35e-01   2.15e-01   1.95e+00   0.00e+00 (  1.77e+02,  2.28e+02)
55      0.156   4.41e-01   5.33e-01   2.91e-01   2.27e+00   0.00e+00 (  1.69e+02,  2.11e+02)
60      0.148   4.42e-01   5.55e-01   3.43e-01   2.23e+00   0.00e+00 (  1.51e+02,  1.93e+02)
65      0.159   4.68e-01   6.32e-01   4.30e-01   2.48e+00   0.00e+00 (  1.38e+02,  1.75e+02)
70      0.193   5.21e-01   7.82e-01   5.72e-01   3.08e+00   0.00e+00 (  1.28e+02,  1.57e+02)
75      0.203   5.31e-01   8.38e-01   6.63e-01   3.32e+00   0.00e+00 (  1.13e+02,  1.40e+02)
80      0.216   5.25e-01   8.81e-01   7.02e-01   3.73e+00   0.00e+00 (  9.53e+01,  1.24e+02)
85      0.297   7.10e-01   1.04e+00   7.10e-01   6.46e+00   0.00e+00 (  9.88e+01,  1.09e+02)
90      2.518   5.96e+00   7.19e+00   4.33e+00   1.11e+02   0.00e+00 (  1.83e+03,  9.56e+01)
95      0.567   9.90e-01   1.42e+00   1.03e+00   4.71e+01   0.00e+00 (  7.56e+02,  8.24e+01)
31 e: 2.081e-06 i: 2.544e-06 :: e: 2.762e-03 i: 2.614e-03 :: n: 3.012e+01 e:23.949 i:29.704 v:4.993e+03
>>> tau_he = 5.000000, nhe(0)=3.914834e+00
 5     -0.013   1.13e-02   1.28e+00   5.25e-03  -6.55e-02   0.00e+00 (  4.41e+00,  5.32e+01)
10     -0.003   2.02e-02  -1.93e-03   3.19e-03  -1.75e-02   0.00e+00 (  1.48e+01,  1.08e+02)
15      0.031   1.58e-01   9.93e-03   1.00e-03   2.29e-01   0.00e+00 (  1.07e+02,  1.58e+02)
20      0.069   1.82e-01   1.00e-01  -1.99e-02   6.02e-01   0.00e+00 (  1.31e+02,  2.00e+02)
25      0.155   3.51e-01   3.59e-01   8.78e-02   1.51e+00   0.00e+00 (  2.60e+02,  2.29e+02)
30      0.082   2.46e-01   1.73e-01  -3.76e-02   8.89e-01   0.00e+00 (  1.71e+02,  2.46e+02)
35      0.120   3.30e-01   2.83e-01   9.25e-02   1.41e+00   0.00e+00 (  1.98e+02,  2.52e+02)
40      0.113   3.34e-01   3.12e-01   9.03e-02   1.43e+00   0.00e+00 (  1.87e+02,  2.50e+02)
45      0.124   3.61e-01   3.61e-01   1.11e-01   1.66e+00   0.00e+00 (  1.83e+02,  2.41e+02)
50      0.139   4.00e-01   4.37e-01   2.15e-01   1.95e+00   0.00e+00 (  1.77e+02,  2.28e+02)
55      0.156   4.41e-01   5.34e-01   2.92e-01   2.27e+00   0.00e+00 (  1.69e+02,  2.11e+02)
60      0.147   4.42e-01   5.56e-01   3.44e-01   2.23e+00   0.00e+00 (  1.51e+02,  1.93e+02)
65      0.159   4.68e-01   6.32e-01   4.31e-01   2.47e+00   0.00e+00 (  1.38e+02,  1.75e+02)
70      0.193   5.21e-01   7.82e-01   5.72e-01   3.07e+00   0.00e+00 (  1.28e+02,  1.57e+02)
75      0.203   5.31e-01   8.37e-01   6.62e-01   3.31e+00   0.00e+00 (  1.13e+02,  1.40e+02)
80      0.216   5.25e-01   8.79e-01   7.01e-01   3.72e+00   0.00e+00 (  9.53e+01,  1.24e+02)
85      0.296   7.09e-01   1.04e+00   7.08e-01   6.45e+00   0.00e+00 (  9.88e+01,  1.09e+02)
90      2.518   5.96e+00   7.19e+00   4.33e+00   1.11e+02   0.00e+00 (  1.83e+03,  9.56e+01)
95      0.567   9.90e-01   1.42e+00   1.03e+00   4.71e+01   0.00e+00 (  7.56e+02,  8.24e+01)
32 e: 1.538e-04 i: 7.364e-04 :: e: 1.831e-02 i: 2.031e-02 :: n: 3.012e+01 e:23.874 i:29.586 v:4.993e+03
>>> tau_he = 5.000000, nhe(0)=3.907256e+00
 5     -0.013   1.12e-02   1.25e+00   5.25e-03  -6.54e-02   0.00e+00 (  4.38e+00,  5.32e+01)
10     -0.003   2.07e-02  -1.98e-03   3.23e-03  -1.79e-02   0.00e+00 (  1.52e+01,  1.08e+02)
15      0.031   1.58e-01   1.28e-02   6.78e-04   2.31e-01   0.00e+00 (  1.07e+02,  1.58e+02)
20      0.069   1.79e-01   9.89e-02  -1.96e-02   6.02e-01   0.00e+00 (  1.29e+02,  2.00e+02)
25      0.079   2.01e-01   1.30e-01  -1.87e-03   7.78e-01   0.00e+00 (  1.45e+02,  2.29e+02)
30      0.081   2.44e-01   1.71e-01  -3.35e-02   8.81e-01   0.00e+00 (  1.69e+02,  2.46e+02)
35      0.120   3.31e-01   2.83e-01   9.21e-02   1.41e+00   0.00e+00 (  1.98e+02,  2.52e+02)
40      0.114   3.35e-01   3.11e-01   9.04e-02   1.43e+00   0.00e+00 (  1.87e+02,  2.50e+02)
45      0.124   3.60e-01   3.61e-01   1.11e-01   1.66e+00   0.00e+00 (  1.83e+02,  2.41e+02)
50      0.139   4.00e-01   4.36e-01   2.15e-01   1.95e+00   0.00e+00 (  1.77e+02,  2.28e+02)
55      0.156   4.41e-01   5.33e-01   2.92e-01   2.28e+00   0.00e+00 (  1.69e+02,  2.11e+02)
60      0.148   4.42e-01   5.55e-01   3.43e-01   2.23e+00   0.00e+00 (  1.51e+02,  1.93e+02)
65      0.159   4.68e-01   6.32e-01   4.31e-01   2.48e+00   0.00e+00 (  1.37e+02,  1.75e+02)
70      0.193   5.21e-01   7.81e-01   5.72e-01   3.08e+00   0.00e+00 (  1.28e+02,  1.57e+02)
75      0.203   5.31e-01   8.38e-01   6.62e-01   3.32e+00   0.00e+00 (  1.13e+02,  1.40e+02)
80      0.216   5.25e-01   8.80e-01   7.02e-01   3.73e+00   0.00e+00 (  9.51e+01,  1.24e+02)
85      0.297   7.10e-01   1.04e+00   7.09e-01   6.46e+00   0.00e+00 (  9.87e+01,  1.09e+02)
90      2.518   5.96e+00   7.19e+00   4.33e+00   1.11e+02   0.00e+00 (  1.83e+03,  9.56e+01)
95      0.567   9.90e-01   1.42e+00   1.03e+00   4.71e+01   0.00e+00 (  7.56e+02,  8.24e+01)
33 e: 6.100e-06 i: 2.858e-05 :: e: 4.805e-03 i: 5.150e-03 :: n: 3.012e+01 e:23.848 i:29.549 v:4.993e+03
>>> tau_he = 5.000000, nhe(0)=3.904708e+00
 5     -0.013   1.12e-02   1.26e+00   5.24e-03  -6.49e-02   0.00e+00 (  4.35e+00,  5.32e+01)
10     -0.003   2.02e-02  -1.96e-03   3.15e-03  -1.72e-02   0.00e+00 (  1.48e+01,  1.08e+02)
15      0.032   1.57e-01   1.16e-02   9.58e-04   2.38e-01   0.00e+00 (  1.06e+02,  1.58e+02)
20      0.070   1.79e-01   9.86e-02  -1.95e-02   6.08e-01   0.00e+00 (  1.28e+02,  2.00e+02)
25      0.081   1.98e-01   1.34e-01  -1.99e-03   7.96e-01   0.00e+00 (  1.43e+02,  2.29e+02)
30      0.082   2.43e-01   1.71e-01  -3.32e-02   8.87e-01   0.00e+00 (  1.67e+02,  2.46e+02)
35      0.120   3.30e-01   2.83e-01   9.22e-02   1.41e+00   0.00e+00 (  1.97e+02,  2.52e+02)
40      0.113   3.34e-01   3.11e-01   9.03e-02   1.43e+00   0.00e+00 (  1.87e+02,  2.50e+02)
45      0.124   3.60e-01   3.61e-01   1.11e-01   1.66e+00   0.00e+00 (  1.83e+02,  2.41e+02)
50      0.139   4.00e-01   4.37e-01   2.15e-01   1.95e+00   0.00e+00 (  1.77e+02,  2.28e+02)
55      0.156   4.41e-01   5.35e-01   2.92e-01   2.28e+00   0.00e+00 (  1.69e+02,  2.11e+02)
60      0.148   4.42e-01   5.56e-01   3.44e-01   2.23e+00   0.00e+00 (  1.51e+02,  1.93e+02)
65      0.159   4.68e-01   6.33e-01   4.31e-01   2.47e+00   0.00e+00 (  1.38e+02,  1.75e+02)
70      0.193   5.21e-01   7.82e-01   5.72e-01   3.07e+00   0.00e+00 (  1.28e+02,  1.57e+02)
75      0.203   5.31e-01   8.37e-01   6.62e-01   3.31e+00   0.00e+00 (  1.13e+02,  1.40e+02)
80      0.216   5.24e-01   8.79e-01   7.01e-01   3.72e+00   0.00e+00 (  9.52e+01,  1.24e+02)
85      0.296   7.09e-01   1.04e+00   7.08e-01   6.45e+00   0.00e+00 (  9.87e+01,  1.09e+02)
90      2.518   5.96e+00   7.19e+00   4.33e+00   1.11e+02   0.00e+00 (  1.83e+03,  9.56e+01)
95      0.567   9.90e-01   1.42e+00   1.03e+00   4.71e+01   0.00e+00 (  7.56e+02,  8.24e+01)
34 e: 9.678e-06 i: 2.184e-05 :: e: 4.546e-03 i: 4.396e-03 :: n: 3.012e+01 e:23.830 i:29.560 v:4.993e+03
>>> tau_he = 5.000000, nhe(0)=3.905362e+00
 5     -0.013   1.12e-02   1.26e+00   5.23e-03  -6.49e-02   0.00e+00 (  4.35e+00,  5.32e+01)
10     -0.003   2.01e-02  -1.96e-03   3.13e-03  -1.72e-02   0.00e+00 (  1.47e+01,  1.08e+02)
15      0.032   1.57e-01   1.09e-02   1.12e-03   2.41e-01   0.00e+00 (  1.05e+02,  1.58e+02)
20      0.070   1.79e-01   9.84e-02  -1.94e-02   6.07e-01   0.00e+00 (  1.28e+02,  2.00e+02)
25      0.081   1.99e-01   1.35e-01  -1.95e-03   7.94e-01   0.00e+00 (  1.44e+02,  2.29e+02)
30      0.082   2.42e-01   1.71e-01  -3.33e-02   8.83e-01   0.00e+00 (  1.67e+02,  2.46e+02)
35      0.127   3.25e-01   2.74e-01   1.00e-01   1.49e+00   0.00e+00 (  1.94e+02,  2.52e+02)
40      0.113   3.33e-01   3.10e-01   8.99e-02   1.42e+00   0.00e+00 (  1.86e+02,  2.50e+02)
45      0.124   3.59e-01   3.59e-01   1.11e-01   1.65e+00   0.00e+00 (  1.82e+02,  2.41e+02)
50      0.138   3.99e-01   4.34e-01   2.14e-01   1.94e+00   0.00e+00 (  1.76e+02,  2.28e+02)
55      0.155   4.40e-01   5.32e-01   2.91e-01   2.27e+00   0.00e+00 (  1.68e+02,  2.11e+02)
60      0.147   4.41e-01   5.54e-01   3.43e-01   2.23e+00   0.00e+00 (  1.50e+02,  1.93e+02)
65      0.159   4.67e-01   6.30e-01   4.30e-01   2.47e+00   0.00e+00 (  1.37e+02,  1.75e+02)
70      0.193   5.20e-01   7.80e-01   5.71e-01   3.07e+00   0.00e+00 (  1.27e+02,  1.57e+02)
75      0.203   5.30e-01   8.36e-01   6.61e-01   3.31e+00   0.00e+00 (  1.13e+02,  1.40e+02)
80      0.216   5.24e-01   8.78e-01   7.01e-01   3.72e+00   0.00e+00 (  9.49e+01,  1.24e+02)
85      0.296   7.09e-01   1.04e+00   7.08e-01   6.45e+00   0.00e+00 (  9.85e+01,  1.09e+02)
90      2.518   5.96e+00   7.19e+00   4.33e+00   1.11e+02   0.00e+00 (  1.83e+03,  9.56e+01)
95      0.567   9.90e-01   1.42e+00   1.03e+00   4.71e+01   0.00e+00 (  7.56e+02,  8.24e+01)
35 e: 6.004e-06 i: 1.393e-05 :: e: 5.073e-03 i: 4.782e-03 :: n: 3.012e+01 e:23.845 i:29.568 v:4.993e+03
>>> tau_he = 5.000000, nhe(0)=3.905874e+00
 5     -0.013   1.12e-02   1.26e+00   5.24e-03  -6.49e-02   0.00e+00 (  4.36e+00,  5.32e+01)
10     -0.003   1.99e-02  -1.95e-03   3.12e-03  -1.71e-02   0.00e+00 (  1.45e+01,  1.08e+02)
15      0.032   1.57e-01   1.08e-02   1.16e-03   2.44e-01   0.00e+00 (  1.05e+02,  1.58e+02)
20      0.070   1.80e-01   9.89e-02  -1.95e-02   6.07e-01   0.00e+00 (  1.29e+02,  2.00e+02)
25      0.081   2.00e-01   1.37e-01  -1.91e-03   7.94e-01   0.00e+00 (  1.45e+02,  2.29e+02)
30      0.082   2.44e-01   1.71e-01  -3.43e-02   8.83e-01   0.00e+00 (  1.69e+02,  2.46e+02)
35      0.127   3.25e-01   2.75e-01   1.01e-01   1.49e+00   0.00e+00 (  1.94e+02,  2.52e+02)
40      0.113   3.33e-01   3.11e-01   8.99e-02   1.42e+00   0.00e+00 (  1.86e+02,  2.50e+02)
45      0.124   3.59e-01   3.60e-01   1.11e-01   1.65e+00   0.00e+00 (  1.82e+02,  2.41e+02)
50      0.138   3.99e-01   4.35e-01   2.15e-01   1.94e+00   0.00e+00 (  1.76e+02,  2.28e+02)
55      0.155   4.40e-01   5.33e-01   2.91e-01   2.27e+00   0.00e+00 (  1.68e+02,  2.11e+02)
60      0.147   4.41e-01   5.54e-01   3.43e-01   2.22e+00   0.00e+00 (  1.50e+02,  1.93e+02)
65      0.159   4.67e-01   6.31e-01   4.30e-01   2.47e+00   0.00e+00 (  1.37e+02,  1.75e+02)
70      0.193   5.20e-01   7.80e-01   5.71e-01   3.07e+00   0.00e+00 (  1.27e+02,  1.57e+02)
75      0.203   5.30e-01   8.35e-01   6.61e-01   3.31e+00   0.00e+00 (  1.13e+02,  1.40e+02)
80      0.215   5.23e-01   8.77e-01   6.99e-01   3.71e+00   0.00e+00 (  9.48e+01,  1.24e+02)
85      0.296   7.09e-01   1.04e+00   7.07e-01   6.44e+00   0.00e+00 (  9.85e+01,  1.09e+02)
90      2.518   5.96e+00   7.19e+00   4.33e+00   1.11e+02   0.00e+00 (  1.83e+03,  9.56e+01)
95      0.567   9.90e-01   1.42e+00   1.03e+00   4.71e+01   0.00e+00 (  7.56e+02,  8.24e+01)
36 e: 4.677e-06 i: 1.037e-05 :: e: 4.311e-03 i: 4.180e-03 :: n: 3.012e+01 e:23.838 i:29.600 v:4.993e+03
>>> tau_he = 5.000000, nhe(0)=3.907936e+00
 5     -0.013   1.12e-02   1.26e+00   5.23e-03  -6.50e-02   0.00e+00 (  4.37e+00,  5.32e+01)
10     -0.003   2.01e-02  -1.95e-03   3.13e-03  -1.71e-02   0.00e+00 (  1.47e+01,  1.08e+02)
15      0.033   1.57e-01   1.06e-02   1.26e-03   2.47e-01   0.00e+00 (  1.05e+02,  1.58e+02)
20      0.070   1.80e-01   9.89e-02  -1.95e-02   6.07e-01   0.00e+00 (  1.29e+02,  2.00e+02)
25      0.083   2.03e-01   1.36e-01  -5.99e-04   8.10e-01   0.00e+00 (  1.48e+02,  2.29e+02)
30      0.082   2.44e-01   1.71e-01  -3.48e-02   8.83e-01   0.00e+00 (  1.69e+02,  2.46e+02)
35      0.127   3.25e-01   2.74e-01   1.00e-01   1.49e+00   0.00e+00 (  1.94e+02,  2.52e+02)
40      0.113   3.33e-01   3.10e-01   8.98e-02   1.42e+00   0.00e+00 (  1.86e+02,  2.50e+02)
45      0.123   3.59e-01   3.59e-01   1.11e-01   1.65e+00   0.00e+00 (  1.82e+02,  2.41e+02)
50      0.138   3.98e-01   4.34e-01   2.14e-01   1.94e+00   0.00e+00 (  1.76e+02,  2.28e+02)
55      0.155   4.39e-01   5.31e-01   2.91e-01   2.26e+00   0.00e+00 (  1.68e+02,  2.11e+02)
60      0.147   4.40e-01   5.53e-01   3.42e-01   2.22e+00   0.00e+00 (  1.50e+02,  1.93e+02)
65      0.159   4.66e-01   6.29e-01   4.29e-01   2.47e+00   0.00e+00 (  1.37e+02,  1.75e+02)
70      0.193   5.19e-01   7.79e-01   5.70e-01   3.07e+00   0.00e+00 (  1.27e+02,  1.57e+02)
75      0.203   5.29e-01   8.34e-01   6.60e-01   3.31e+00   0.00e+00 (  1.13e+02,  1.40e+02)
80      0.216   5.23e-01   8.76e-01   6.99e-01   3.72e+00   0.00e+00 (  9.45e+01,  1.24e+02)
85      0.296   7.09e-01   1.04e+00   7.07e-01   6.44e+00   0.00e+00 (  9.83e+01,  1.09e+02)
90      2.518   5.96e+00   7.19e+00   4.33e+00   1.11e+02   0.00e+00 (  1.83e+03,  9.56e+01)
95      0.567   9.90e-01   1.42e+00   1.03e+00   4.71e+01   0.00e+00 (  7.56e+02,  8.24e+01)
37 e: 2.919e-06 i: 8.237e-06 :: e: 4.183e-03 i: 4.783e-03 :: n: 3.012e+01 e:23.858 i:29.614 v:4.993e+03
>>> tau_he = 5.000000, nhe(0)=3.908906e+00
 5     -0.013   1.12e-02   1.27e+00   5.24e-03  -6.52e-02   0.00e+00 (  4.38e+00,  5.32e+01)
10     -0.003   1.99e-02  -1.94e-03   3.13e-03  -1.71e-02   0.00e+00 (  1.45e+01,  1.08e+02)
15      0.033   1.57e-01   1.06e-02   1.27e-03   2.49e-01   0.00e+00 (  1.05e+02,  1.58e+02)
20      0.070   1.80e-01   9.93e-02  -1.96e-02   6.06e-01   0.00e+00 (  1.29e+02,  2.00e+02)
25      0.083   2.04e-01   1.38e-01  -5.36e-04   8.11e-01   0.00e+00 (  1.50e+02,  2.29e+02)
30      0.082   2.45e-01   1.72e-01  -3.57e-02   8.84e-01   0.00e+00 (  1.70e+02,  2.46e+02)
35      0.119   3.29e-01   2.82e-01   9.21e-02   1.41e+00   0.00e+00 (  1.97e+02,  2.52e+02)
40      0.113   3.33e-01   3.10e-01   9.00e-02   1.42e+00   0.00e+00 (  1.86e+02,  2.50e+02)
45      0.123   3.59e-01   3.60e-01   1.11e-01   1.65e+00   0.00e+00 (  1.82e+02,  2.41e+02)
50      0.138   3.99e-01   4.35e-01   2.15e-01   1.94e+00   0.00e+00 (  1.76e+02,  2.28e+02)
55      0.155   4.40e-01   5.32e-01   2.91e-01   2.27e+00   0.00e+00 (  1.68e+02,  2.11e+02)
60      0.147   4.40e-01   5.53e-01   3.43e-01   2.22e+00   0.00e+00 (  1.50e+02,  1.93e+02)
65      0.158   4.66e-01   6.30e-01   4.29e-01   2.46e+00   0.00e+00 (  1.37e+02,  1.75e+02)
70      0.192   5.19e-01   7.79e-01   5.70e-01   3.06e+00   0.00e+00 (  1.27e+02,  1.57e+02)
75      0.202   5.29e-01   8.34e-01   6.60e-01   3.30e+00   0.00e+00 (  1.13e+02,  1.40e+02)
80      0.215   5.22e-01   8.75e-01   6.98e-01   3.71e+00   0.00e+00 (  9.45e+01,  1.24e+02)
85      0.296   7.08e-01   1.03e+00   7.06e-01   6.44e+00   0.00e+00 (  9.82e+01,  1.09e+02)
90      2.518   5.96e+00   7.19e+00   4.33e+00   1.11e+02   0.00e+00 (  1.83e+03,  9.56e+01)
95      0.567   9.90e-01   1.42e+00   1.03e+00   4.71e+01   0.00e+00 (  7.56e+02,  8.24e+01)
38 e: 2.211e-06 i: 8.054e-06 :: e: 3.571e-03 i: 4.045e-03 :: n: 3.012e+01 e:23.854 i:29.643 v:4.993e+03
>>> tau_he = 5.000000, nhe(0)=3.910824e+00
 5     -0.013   1.13e-02   1.27e+00   5.24e-03  -6.53e-02   0.00e+00 (  4.38e+00,  5.32e+01)
10     -0.003   2.02e-02  -1.93e-03   3.13e-03  -1.71e-02   0.00e+00 (  1.47e+01,  1.08e+02)
15      0.033   1.58e-01   1.05e-02   1.33e-03   2.51e-01   0.00e+00 (  1.05e+02,  1.58e+02)
20      0.070   1.80e-01   9.93e-02  -1.96e-02   6.07e-01   0.00e+00 (  1.30e+02,  2.00e+02)
25      0.083   2.05e-01   1.39e-01  -4.57e-04   8.12e-01   0.00e+00 (  1.50e+02,  2.29e+02)
30      0.082   2.45e-01   1.72e-01  -3.61e-02   8.84e-01   0.00e+00 (  1.70e+02,  2.46e+02)
35      0.127   3.26e-01   2.76e-01   9.00e-02   1.49e+00   0.00e+00 (  1.95e+02,  2.52e+02)
40      0.113   3.33e-01   3.10e-01   8.99e-02   1.42e+00   0.00e+00 (  1.86e+02,  2.50e+02)
45      0.123   3.59e-01   3.59e-01   1.11e-01   1.65e+00   0.00e+00 (  1.82e+02,  2.41e+02)
50      0.138   3.98e-01   4.34e-01   2.14e-01   1.94e+00   0.00e+00 (  1.76e+02,  2.28e+02)
55      0.155   4.39e-01   5.31e-01   2.91e-01   2.26e+00   0.00e+00 (  1.68e+02,  2.11e+02)
60      0.147   4.40e-01   5.53e-01   3.42e-01   2.22e+00   0.00e+00 (  1.50e+02,  1.93e+02)
65      0.159   4.66e-01   6.29e-01   4.29e-01   2.47e+00   0.00e+00 (  1.37e+02,  1.75e+02)
70      0.193   5.19e-01   7.78e-01   5.70e-01   3.07e+00   0.00e+00 (  1.27e+02,  1.57e+02)
75      0.203   5.29e-01   8.34e-01   6.60e-01   3.31e+00   0.00e+00 (  1.12e+02,  1.40e+02)
80      0.215   5.22e-01   8.75e-01   6.98e-01   3.71e+00   0.00e+00 (  9.44e+01,  1.24e+02)
85      0.296   7.09e-01   1.03e+00   7.06e-01   6.44e+00   0.00e+00 (  9.81e+01,  1.09e+02)
90      2.517   5.96e+00   7.19e+00   4.33e+00   1.11e+02   0.00e+00 (  1.83e+03,  9.56e+01)
95      0.567   9.90e-01   1.42e+00   1.03e+00   4.71e+01   0.00e+00 (  7.56e+02,  8.24e+01)
39 e: 1.726e-06 i: 4.045e-06 :: e: 3.531e-03 i: 3.916e-03 :: n: 3.012e+01 e:23.871 i:29.656 v:4.993e+03
>>> tau_he = 5.000000, nhe(0)=3.911646e+00
 5     -0.013   1.13e-02   1.27e+00   5.24e-03  -6.54e-02   0.00e+00 (  4.39e+00,  5.32e+01)
10     -0.003   1.99e-02  -1.92e-03   3.13e-03  -1.71e-02   0.00e+00 (  1.46e+01,  1.08e+02)
15      0.034   1.58e-01   1.06e-02   1.34e-03   2.53e-01   0.00e+00 (  1.05e+02,  1.58e+02)
20      0.070   1.81e-01   9.96e-02  -1.97e-02   6.07e-01   0.00e+00 (  1.30e+02,  2.00e+02)
25      0.083   2.06e-01   1.40e-01  -3.93e-04   8.12e-01   0.00e+00 (  1.51e+02,  2.29e+02)
30      0.082   2.45e-01   1.72e-01  -3.67e-02   8.86e-01   0.00e+00 (  1.70e+02,  2.46e+02)
35      0.127   3.26e-01   2.76e-01   9.02e-02   1.50e+00   0.00e+00 (  1.95e+02,  2.52e+02)
40      0.113   3.33e-01   3.11e-01   9.00e-02   1.42e+00   0.00e+00 (  1.86e+02,  2.50e+02)
45      0.123   3.59e-01   3.60e-01   1.11e-01   1.65e+00   0.00e+00 (  1.82e+02,  2.41e+02)
50      0.138   3.99e-01   4.35e-01   2.15e-01   1.94e+00   0.00e+00 (  1.76e+02,  2.28e+02)
55      0.155   4.40e-01   5.32e-01   2.91e-01   2.27e+00   0.00e+00 (  1.68e+02,  2.11e+02)
60      0.147   4.40e-01   5.54e-01   3.43e-01   2.22e+00   0.00e+00 (  1.50e+02,  1.93e+02)
65      0.159   4.66e-01   6.30e-01   4.29e-01   2.46e+00   0.00e+00 (  1.37e+02,  1.75e+02)
70      0.192   5.19e-01   7.79e-01   5.70e-01   3.06e+00   0.00e+00 (  1.27e+02,  1.57e+02)
75      0.202   5.29e-01   8.34e-01   6.60e-01   3.30e+00   0.00e+00 (  1.13e+02,  1.40e+02)
80      0.215   5.22e-01   8.75e-01   6.98e-01   3.71e+00   0.00e+00 (  9.44e+01,  1.24e+02)
85      0.296   7.08e-01   1.03e+00   7.05e-01   6.44e+00   0.00e+00 (  9.81e+01,  1.09e+02)
90      2.518   5.96e+00   7.19e+00   4.33e+00   1.11e+02   0.00e+00 (  1.83e+03,  9.56e+01)
95      0.567   9.90e-01   1.42e+00   1.03e+00   4.71e+01   0.00e+00 (  7.56e+02,  8.24e+01)
40 e: 9.475e-07 i: 3.291e-06 :: e: 2.851e-03 i: 3.025e-03 :: n: 3.012e+01 e:23.868 i:29.682 v:4.993e+03
>>> tau_he = 5.000000, nhe(0)=3.913355e+00
 5     -0.013   1.13e-02   1.27e+00   5.24e-03  -6.55e-02   0.00e+00 (  4.40e+00,  5.32e+01)
10     -0.003   2.00e-02  -1.92e-03   3.13e-03  -1.71e-02   0.00e+00 (  1.46e+01,  1.08e+02)
15      0.034   1.58e-01   1.05e-02   1.40e-03   2.56e-01   0.00e+00 (  1.05e+02,  1.58e+02)
20      0.070   1.81e-01   9.96e-02  -1.97e-02   6.08e-01   0.00e+00 (  1.30e+02,  2.00e+02)
25      0.083   2.06e-01   1.40e-01  -3.53e-03   8.11e-01   0.00e+00 (  1.52e+02,  2.29e+02)
30      0.082   2.45e-01   1.72e-01  -3.70e-02   8.86e-01   0.00e+00 (  1.71e+02,  2.46e+02)
35      0.127   3.26e-01   2.76e-01   9.01e-02   1.50e+00   0.00e+00 (  1.95e+02,  2.52e+02)
40      0.113   3.33e-01   3.10e-01   8.99e-02   1.42e+00   0.00e+00 (  1.86e+02,  2.50e+02)
45      0.123   3.59e-01   3.59e-01   1.11e-01   1.65e+00   0.00e+00 (  1.82e+02,  2.41e+02)
50      0.138   3.99e-01   4.34e-01   2.14e-01   1.94e+00   0.00e+00 (  1.76e+02,  2.28e+02)
55      0.155   4.40e-01   5.32e-01   2.91e-01   2.26e+00   0.00e+00 (  1.68e+02,  2.11e+02)
60      0.147   4.40e-01   5.53e-01   3.42e-01   2.22e+00   0.00e+00 (  1.50e+02,  1.93e+02)
65      0.159   4.66e-01   6.29e-01   4.29e-01   2.47e+00   0.00e+00 (  1.37e+02,  1.75e+02)
70      0.193   5.19e-01   7.78e-01   5.70e-01   3.07e+00   0.00e+00 (  1.27e+02,  1.57e+02)
75      0.203   5.29e-01   8.34e-01   6.60e-01   3.31e+00   0.00e+00 (  1.12e+02,  1.40e+02)
80      0.215   5.22e-01   8.76e-01   6.98e-01   3.71e+00   0.00e+00 (  9.44e+01,  1.24e+02)
85      0.296   7.09e-01   1.03e+00   7.06e-01   6.44e+00   0.00e+00 (  9.81e+01,  1.09e+02)
90      2.517   5.96e+00   7.19e+00   4.33e+00   1.11e+02   0.00e+00 (  1.83e+03,  9.56e+01)
95      0.567   9.90e-01   1.42e+00   1.03e+00   4.71e+01   0.00e+00 (  7.56e+02,  8.24e+01)
41 e: 1.104e-06 i: 2.094e-06 :: e: 2.647e-03 i: 2.864e-03 :: n: 3.012e+01 e:23.884 i:29.693 v:4.993e+03
>>> tau_he = 5.000000, nhe(0)=3.914071e+00
 5     -0.013   1.13e-02   1.27e+00   5.24e-03  -6.55e-02   0.00e+00 (  4.41e+00,  5.32e+01)
10     -0.003   2.00e-02  -1.91e-03   3.14e-03  -1.71e-02   0.00e+00 (  1.46e+01,  1.08e+02)
15      0.034   1.58e-01   1.05e-02   1.40e-03   2.58e-01   0.00e+00 (  1.05e+02,  1.58e+02)
20      0.070   1.81e-01   9.99e-02  -1.97e-02   6.08e-01   0.00e+00 (  1.30e+02,  2.00e+02)
25      0.153   3.48e-01   3.60e-01   8.62e-02   1.50e+00   0.00e+00 (  2.57e+02,  2.29e+02)
30      0.082   2.46e-01   1.72e-01  -3.74e-02   8.87e-01   0.00e+00 (  1.71e+02,  2.46e+02)
35      0.127   3.27e-01   2.77e-01   9.03e-02   1.50e+00   0.00e+00 (  1.96e+02,  2.52e+02)
40      0.113   3.34e-01   3.11e-01   9.01e-02   1.42e+00   0.00e+00 (  1.86e+02,  2.50e+02)
45      0.123   3.60e-01   3.60e-01   1.11e-01   1.65e+00   0.00e+00 (  1.82e+02,  2.41e+02)
50      0.138   3.99e-01   4.35e-01   2.15e-01   1.94e+00   0.00e+00 (  1.76e+02,  2.28e+02)
55      0.155   4.40e-01   5.32e-01   2.91e-01   2.27e+00   0.00e+00 (  1.68e+02,  2.11e+02)
60      0.147   4.41e-01   5.54e-01   3.43e-01   2.22e+00   0.00e+00 (  1.50e+02,  1.93e+02)
65      0.159   4.67e-01   6.30e-01   4.30e-01   2.47e+00   0.00e+00 (  1.37e+02,  1.75e+02)
70      0.193   5.19e-01   7.79e-01   5.71e-01   3.07e+00   0.00e+00 (  1.27e+02,  1.57e+02)
75      0.203   5.29e-01   8.34e-01   6.60e-01   3.30e+00   0.00e+00 (  1.13e+02,  1.40e+02)
80      0.215   5.23e-01   8.76e-01   6.98e-01   3.71e+00   0.00e+00 (  9.45e+01,  1.24e+02)
85      0.296   7.08e-01   1.03e+00   7.06e-01   6.44e+00   0.00e+00 (  9.81e+01,  1.09e+02)
90      2.518   5.96e+00   7.19e+00   4.33e+00   1.11e+02   0.00e+00 (  1.83e+03,  9.56e+01)
95      0.567   9.90e-01   1.42e+00   1.03e+00   4.71e+01   0.00e+00 (  7.56e+02,  8.24e+01)
42 e: 1.518e-04 i: 7.526e-04 :: e: 1.712e-02 i: 1.971e-02 :: n: 3.012e+01 e:23.834 i:29.578 v:4.993e+03
>>> tau_he = 5.000000, nhe(0)=3.906692e+00
 5     -0.013   1.12e-02   1.25e+00   5.25e-03  -6.55e-02   0.00e+00 (  4.37e+00,  5.32e+01)
10     -0.003   2.04e-02  -1.96e-03   3.18e-03  -1.75e-02   0.00e+00 (  1.49e+01,  1.08e+02)
15      0.034   1.58e-01   1.33e-02   1.02e-03   2.56e-01   0.00e+00 (  1.05e+02,  1.58e+02)
20      0.070   1.79e-01   9.86e-02  -1.95e-02   6.08e-01   0.00e+00 (  1.28e+02,  2.00e+02)
25      0.079   2.01e-01   1.30e-01  -1.88e-03   7.77e-01   0.00e+00 (  1.45e+02,  2.29e+02)
30      0.081   2.44e-01   1.71e-01  -3.36e-02   8.80e-01   0.00e+00 (  1.69e+02,  2.46e+02)
35      0.120   3.30e-01   2.83e-01   9.22e-02   1.41e+00   0.00e+00 (  1.98e+02,  2.52e+02)
40      0.113   3.34e-01   3.11e-01   9.03e-02   1.43e+00   0.00e+00 (  1.87e+02,  2.50e+02)
45      0.124   3.60e-01   3.60e-01   1.11e-01   1.65e+00   0.00e+00 (  1.83e+02,  2.41e+02)
50      0.139   4.00e-01   4.35e-01   2.15e-01   1.95e+00   0.00e+00 (  1.77e+02,  2.28e+02)
55      0.156   4.40e-01   5.33e-01   2.91e-01   2.27e+00   0.00e+00 (  1.68e+02,  2.11e+02)
60      0.148   4.41e-01   5.55e-01   3.43e-01   2.23e+00   0.00e+00 (  1.51e+02,  1.93e+02)
65      0.159   4.67e-01   6.31e-01   4.30e-01   2.47e+00   0.00e+00 (  1.37e+02,  1.75e+02)
70      0.193   5.20e-01   7.80e-01   5.71e-01   3.07e+00   0.00e+00 (  1.27e+02,  1.57e+02)
75      0.203   5.30e-01   8.36e-01   6.61e-01   3.31e+00   0.00e+00 (  1.13e+02,  1.40e+02)
80      0.216   5.23e-01   8.78e-01   7.00e-01   3.72e+00   0.00e+00 (  9.47e+01,  1.24e+02)
85      0.296   7.09e-01   1.04e+00   7.07e-01   6.45e+00   0.00e+00 (  9.82e+01,  1.09e+02)
90      2.517   5.96e+00   7.19e+00   4.33e+00   1.11e+02   0.00e+00 (  1.83e+03,  9.56e+01)
95      0.567   9.90e-01   1.42e+00   1.03e+00   4.71e+01   0.00e+00 (  7.56e+02,  8.24e+01)
43 e: 5.202e-06 i: 2.835e-05 :: e: 4.144e-03 i: 4.881e-03 :: n: 3.012e+01 e:23.808 i:29.558 v:4.993e+03
>>> tau_he = 5.000000, nhe(0)=3.905232e+00
 5     -0.013   1.12e-02   1.25e+00   5.23e-03  -6.50e-02   0.00e+00 (  4.35e+00,  5.32e+01)
10     -0.003   1.98e-02  -1.94e-03   3.10e-03  -1.69e-02   0.00e+00 (  1.44e+01,  1.08e+02)
15      0.035   1.57e-01   1.20e-02   1.30e-03   2.61e-01   0.00e+00 (  1.04e+02,  1.58e+02)
20      0.071   1.79e-01   9.82e-02  -1.93e-02   6.14e-01   0.00e+00 (  1.28e+02,  2.00e+02)
25      0.081   1.98e-01   1.33e-01  -1.98e-03   7.96e-01   0.00e+00 (  1.42e+02,  2.29e+02)
30      0.082   2.42e-01   1.71e-01  -3.33e-02   8.86e-01   0.00e+00 (  1.67e+02,  2.46e+02)
35      0.120   3.30e-01   2.83e-01   9.22e-02   1.41e+00   0.00e+00 (  1.97e+02,  2.52e+02)
40      0.113   3.34e-01   3.11e-01   9.02e-02   1.43e+00   0.00e+00 (  1.87e+02,  2.50e+02)
45      0.124   3.60e-01   3.61e-01   1.11e-01   1.65e+00   0.00e+00 (  1.83e+02,  2.41e+02)
50      0.139   4.00e-01   4.36e-01   2.15e-01   1.95e+00   0.00e+00 (  1.77e+02,  2.28e+02)
55      0.156   4.41e-01   5.34e-01   2.92e-01   2.27e+00   0.00e+00 (  1.69e+02,  2.11e+02)
60      0.147   4.42e-01   5.55e-01   3.44e-01   2.23e+00   0.00e+00 (  1.51e+02,  1.93e+02)
65      0.159   4.68e-01   6.32e-01   4.31e-01   2.47e+00   0.00e+00 (  1.38e+02,  1.75e+02)
70      0.193   5.21e-01   7.81e-01   5.72e-01   3.07e+00   0.00e+00 (  1.28e+02,  1.57e+02)
75      0.203   5.31e-01   8.37e-01   6.62e-01   3.31e+00   0.00e+00 (  1.13e+02,  1.40e+02)
80      0.216   5.24e-01   8.78e-01   7.00e-01   3.72e+00   0.00e+00 (  9.49e+01,  1.24e+02)
85      0.296   7.09e-01   1.04e+00   7.07e-01   6.44e+00   0.00e+00 (  9.84e+01,  1.09e+02)
90      2.518   5.96e+00   7.19e+00   4.33e+00   1.11e+02   0.00e+00 (  1.83e+03,  9.56e+01)
95      0.567   9.90e-01   1.42e+00   1.03e+00   4.71e+01   0.00e+00 (  7.56e+02,  8.24e+01)
44 e: 7.511e-06 i: 2.242e-05 :: e: 4.428e-03 i: 4.381e-03 :: n: 3.012e+01 e:23.808 i:29.568 v:4.993e+03
>>> tau_he = 5.000000, nhe(0)=3.905869e+00
 5     -0.013   1.12e-02   1.26e+00   5.23e-03  -6.50e-02   0.00e+00 (  4.35e+00,  5.32e+01)
10     -0.003   1.98e-02  -1.93e-03   3.10e-03  -1.69e-02   0.00e+00 (  1.44e+01,  1.08e+02)
15      0.035   1.57e-01   1.13e-02   1.41e-03   2.62e-01   0.00e+00 (  1.04e+02,  1.58e+02)
20      0.070   1.79e-01   9.83e-02  -1.94e-02   6.12e-01   0.00e+00 (  1.28e+02,  2.00e+02)
25      0.081   1.99e-01   1.35e-01  -1.95e-03   7.95e-01   0.00e+00 (  1.44e+02,  2.29e+02)
30      0.082   2.42e-01   1.71e-01  -3.36e-02   8.84e-01   0.00e+00 (  1.68e+02,  2.46e+02)
35      0.127   3.25e-01   2.74e-01   1.00e-01   1.49e+00   0.00e+00 (  1.95e+02,  2.52e+02)
40      0.113   3.34e-01   3.10e-01   8.99e-02   1.42e+00   0.00e+00 (  1.86e+02,  2.50e+02)
45      0.124   3.60e-01   3.60e-01   1.11e-01   1.65e+00   0.00e+00 (  1.82e+02,  2.41e+02)
50      0.138   3.99e-01   4.34e-01   2.14e-01   1.94e+00   0.00e+00 (  1.76e+02,  2.28e+02)
55      0.155   4.40e-01   5.32e-01   2.91e-01   2.27e+00   0.00e+00 (  1.68e+02,  2.11e+02)
60      0.147   4.41e-01   5.54e-01   3.43e-01   2.23e+00   0.00e+00 (  1.50e+02,  1.93e+02)
65      0.159   4.67e-01   6.31e-01   4.30e-01   2.47e+00   0.00e+00 (  1.37e+02,  1.75e+02)
70      0.193   5.20e-01   7.80e-01   5.72e-01   3.07e+00   0.00e+00 (  1.27e+02,  1.57e+02)
75      0.203   5.30e-01   8.36e-01   6.62e-01   3.31e+00   0.00e+00 (  1.13e+02,  1.40e+02)
80      0.216   5.24e-01   8.78e-01   7.00e-01   3.72e+00   0.00e+00 (  9.49e+01,  1.24e+02)
85      0.296   7.09e-01   1.04e+00   7.07e-01   6.45e+00   0.00e+00 (  9.83e+01,  1.09e+02)
90      2.518   5.96e+00   7.19e+00   4.33e+00   1.11e+02   0.00e+00 (  1.83e+03,  9.56e+01)
95      0.567   9.90e-01   1.42e+00   1.03e+00   4.71e+01   0.00e+00 (  7.56e+02,  8.24e+01)
45 e: 4.869e-06 i: 1.414e-05 :: e: 3.634e-03 i: 3.590e-03 :: n: 3.012e+01 e:23.821 i:29.587 v:4.993e+03
>>> tau_he = 5.000000, nhe(0)=3.907124e+00
 5     -0.013   1.12e-02   1.26e+00   5.23e-03  -6.50e-02   0.00e+00 (  4.36e+00,  5.32e+01)
10     -0.003   1.97e-02  -1.92e-03   3.09e-03  -1.68e-02   0.00e+00 (  1.44e+01,  1.08e+02)
15      0.035   1.57e-01   1.11e-02   1.45e-03   2.63e-01   0.00e+00 (  1.04e+02,  1.58e+02)
20      0.070   1.80e-01   9.86e-02  -1.94e-02   6.12e-01   0.00e+00 (  1.28e+02,  2.00e+02)
25      0.081   2.00e-01   1.37e-01  -1.90e-03   7.95e-01   0.00e+00 (  1.45e+02,  2.29e+02)
30      0.082   2.44e-01   1.71e-01  -3.44e-02   8.84e-01   0.00e+00 (  1.69e+02,  2.46e+02)
35      0.127   3.26e-01   2.76e-01   9.01e-02   1.50e+00   0.00e+00 (  1.95e+02,  2.52e+02)
40      0.113   3.33e-01   3.10e-01   9.00e-02   1.42e+00   0.00e+00 (  1.86e+02,  2.50e+02)
45      0.124   3.59e-01   3.60e-01   1.11e-01   1.65e+00   0.00e+00 (  1.82e+02,  2.41e+02)
50      0.138   3.99e-01   4.35e-01   2.15e-01   1.94e+00   0.00e+00 (  1.76e+02,  2.28e+02)
55      0.155   4.40e-01   5.33e-01   2.91e-01   2.27e+00   0.00e+00 (  1.68e+02,  2.11e+02)
60      0.147   4.41e-01   5.54e-01   3.43e-01   2.22e+00   0.00e+00 (  1.50e+02,  1.93e+02)
65      0.159   4.67e-01   6.31e-01   4.30e-01   2.47e+00   0.00e+00 (  1.37e+02,  1.75e+02)
70      0.193   5.20e-01   7.80e-01   5.71e-01   3.07e+00   0.00e+00 (  1.27e+02,  1.57e+02)
75      0.203   5.30e-01   8.36e-01   6.61e-01   3.31e+00   0.00e+00 (  1.13e+02,  1.40e+02)
80      0.216   5.24e-01   8.77e-01   7.00e-01   3.72e+00   0.00e+00 (  9.49e+01,  1.24e+02)
85      0.296   7.09e-01   1.04e+00   7.07e-01   6.44e+00   0.00e+00 (  9.83e+01,  1.09e+02)
90      2.518   5.96e+00   7.19e+00   4.33e+00   1.11e+02   0.00e+00 (  1.83e+03,  9.56e+01)
95      0.567   9.90e-01   1.42e+00   1.03e+00   4.71e+01   0.00e+00 (  7.56e+02,  8.24e+01)
46 e: 3.668e-06 i: 1.068e-05 :: e: 2.735e-03 i: 2.695e-03 :: n: 3.012e+01 e:23.828 i:29.615 v:4.993e+03
>>> tau_he = 5.000000, nhe(0)=3.908970e+00
 5     -0.013   1.12e-02   1.26e+00   5.23e-03  -6.51e-02   0.00e+00 (  4.37e+00,  5.32e+01)
10     -0.003   1.98e-02  -1.92e-03   3.10e-03  -1.69e-02   0.00e+00 (  1.44e+01,  1.08e+02)
15      0.035   1.57e-01   1.09e-02   1.49e-03   2.64e-01   0.00e+00 (  1.04e+02,  1.58e+02)
20      0.070   1.80e-01   9.88e-02  -1.95e-02   6.11e-01   0.00e+00 (  1.29e+02,  2.00e+02)
25      0.081   2.01e-01   1.38e-01  -1.83e-03   7.94e-01   0.00e+00 (  1.47e+02,  2.29e+02)
30      0.082   2.45e-01   1.71e-01  -3.51e-02   8.84e-01   0.00e+00 (  1.69e+02,  2.46e+02)
35      0.127   3.26e-01   2.76e-01   9.01e-02   1.50e+00   0.00e+00 (  1.95e+02,  2.52e+02)
40      0.113   3.33e-01   3.10e-01   8.99e-02   1.42e+00   0.00e+00 (  1.86e+02,  2.50e+02)
45      0.123   3.59e-01   3.59e-01   1.11e-01   1.65e+00   0.00e+00 (  1.82e+02,  2.41e+02)
50      0.138   3.99e-01   4.34e-01   2.14e-01   1.94e+00   0.00e+00 (  1.76e+02,  2.28e+02)
55      0.155   4.40e-01   5.32e-01   2.91e-01   2.27e+00   0.00e+00 (  1.68e+02,  2.11e+02)
60      0.147   4.41e-01   5.54e-01   3.43e-01   2.22e+00   0.00e+00 (  1.50e+02,  1.93e+02)
65      0.159   4.67e-01   6.30e-01   4.30e-01   2.47e+00   0.00e+00 (  1.37e+02,  1.75e+02)
70      0.193   5.20e-01   7.80e-01   5.71e-01   3.07e+00   0.00e+00 (  1.27e+02,  1.57e+02)
75      0.203   5.30e-01   8.36e-01   6.61e-01   3.31e+00   0.00e+00 (  1.13e+02,  1.40e+02)
80      0.216   5.23e-01   8.77e-01   7.00e-01   3.72e+00   0.00e+00 (  9.47e+01,  1.24e+02)
85      0.296   7.09e-01   1.04e+00   7.07e-01   6.44e+00   0.00e+00 (  9.83e+01,  1.09e+02)
90      2.518   5.96e+00   7.19e+00   4.33e+00   1.11e+02   0.00e+00 (  1.83e+03,  9.56e+01)
95      0.567   9.90e-01   1.42e+00   1.03e+00   4.71e+01   0.00e+00 (  7.56e+02,  8.24e+01)
47 e: 2.833e-06 i: 7.509e-06 :: e: 2.653e-03 i: 2.726e-03 :: n: 3.012e+01 e:23.844 i:29.636 v:4.993e+03
>>> tau_he = 5.000000, nhe(0)=3.910327e+00
 5     -0.013   1.12e-02   1.26e+00   5.23e-03  -6.52e-02   0.00e+00 (  4.38e+00,  5.32e+01)
10     -0.003   1.98e-02  -1.91e-03   3.11e-03  -1.69e-02   0.00e+00 (  1.44e+01,  1.08e+02)
15      0.035   1.58e-01   1.08e-02   1.50e-03   2.65e-01   0.00e+00 (  1.04e+02,  1.58e+02)
20      0.070   1.80e-01   9.92e-02  -1.96e-02   6.11e-01   0.00e+00 (  1.29e+02,  2.00e+02)
25      0.083   2.05e-01   1.38e-01  -5.38e-04   8.11e-01   0.00e+00 (  1.50e+02,  2.29e+02)
30      0.082   2.45e-01   1.72e-01  -3.59e-02   8.85e-01   0.00e+00 (  1.70e+02,  2.46e+02)
35      0.127   3.26e-01   2.76e-01   9.02e-02   1.50e+00   0.00e+00 (  1.95e+02,  2.52e+02)
40      0.113   3.34e-01   3.10e-01   9.00e-02   1.42e+00   0.00e+00 (  1.86e+02,  2.50e+02)
45      0.123   3.59e-01   3.60e-01   1.11e-01   1.65e+00   0.00e+00 (  1.82e+02,  2.41e+02)
50      0.138   3.99e-01   4.35e-01   2.15e-01   1.94e+00   0.00e+00 (  1.76e+02,  2.28e+02)
55      0.155   4.40e-01   5.32e-01   2.91e-01   2.27e+00   0.00e+00 (  1.68e+02,  2.11e+02)
60      0.147   4.41e-01   5.54e-01   3.43e-01   2.22e+00   0.00e+00 (  1.50e+02,  1.93e+02)
65      0.159   4.67e-01   6.31e-01   4.30e-01   2.47e+00   0.00e+00 (  1.37e+02,  1.75e+02)
70      0.193   5.20e-01   7.80e-01   5.71e-01   3.07e+00   0.00e+00 (  1.27e+02,  1.57e+02)
75      0.203   5.30e-01   8.35e-01   6.61e-01   3.31e+00   0.00e+00 (  1.13e+02,  1.40e+02)
80      0.215   5.23e-01   8.77e-01   6.99e-01   3.72e+00   0.00e+00 (  9.47e+01,  1.24e+02)
85      0.296   7.09e-01   1.04e+00   7.06e-01   6.44e+00   0.00e+00 (  9.83e+01,  1.09e+02)
90      2.518   5.96e+00   7.19e+00   4.33e+00   1.11e+02   0.00e+00 (  1.83e+03,  9.56e+01)
95      0.567   9.90e-01   1.42e+00   1.03e+00   4.71e+01   0.00e+00 (  7.56e+02,  8.24e+01)
48 e: 1.333e-06 i: 6.467e-06 :: e: 2.001e-03 i: 2.377e-03 :: n: 3.012e+01 e:23.849 i:29.662 v:4.993e+03
>>> tau_he = 5.000000, nhe(0)=3.912067e+00
 5     -0.013   1.13e-02   1.27e+00   5.23e-03  -6.53e-02   0.00e+00 (  4.39e+00,  5.32e+01)
10     -0.003   1.98e-02  -1.91e-03   3.11e-03  -1.69e-02   0.00e+00 (  1.45e+01,  1.08e+02)
15      0.035   1.58e-01   1.07e-02   1.54e-03   2.66e-01   0.00e+00 (  1.04e+02,  1.58e+02)
20      0.070   1.81e-01   9.93e-02  -1.96e-02   6.11e-01   0.00e+00 (  1.29e+02,  2.00e+02)
25      0.083   2.05e-01   1.39e-01  -4.66e-04   8.12e-01   0.00e+00 (  1.51e+02,  2.29e+02)
30      0.082   2.45e-01   1.72e-01  -3.64e-02   8.86e-01   0.00e+00 (  1.70e+02,  2.46e+02)
35      0.127   3.26e-01   2.76e-01   9.02e-02   1.50e+00   0.00e+00 (  1.95e+02,  2.52e+02)
40      0.113   3.34e-01   3.10e-01   9.00e-02   1.42e+00   0.00e+00 (  1.86e+02,  2.50e+02)
45      0.123   3.59e-01   3.60e-01   1.11e-01   1.65e+00   0.00e+00 (  1.82e+02,  2.41e+02)
50      0.138   3.99e-01   4.35e-01   2.14e-01   1.94e+00   0.00e+00 (  1.76e+02,  2.28e+02)
55      0.155   4.40e-01   5.32e-01   2.91e-01   2.27e+00   0.00e+00 (  1.68e+02,  2.11e+02)
60      0.147   4.41e-01   5.54e-01   3.43e-01   2.22e+00   0.00e+00 (  1.50e+02,  1.93e+02)
65      0.159   4.67e-01   6.30e-01   4.30e-01   2.47e+00   0.00e+00 (  1.37e+02,  1.75e+02)
70      0.193   5.20e-01   7.80e-01   5.71e-01   3.07e+00   0.00e+00 (  1.27e+02,  1.57e+02)
75      0.203   5.30e-01   8.35e-01   6.61e-01   3.31e+00   0.00e+00 (  1.13e+02,  1.40e+02)
80      0.216   5.23e-01   8.77e-01   6.99e-01   3.72e+00   0.00e+00 (  9.47e+01,  1.24e+02)
85      0.296   7.09e-01   1.04e+00   7.06e-01   6.44e+00   0.00e+00 (  9.82e+01,  1.09e+02)
90      2.518   5.96e+00   7.19e+00   4.33e+00   1.11e+02   0.00e+00 (  1.83e+03,  9.56e+01)
95      0.567   9.90e-01   1.42e+00   1.03e+00   4.71e+01   0.00e+00 (  7.56e+02,  8.24e+01)
49 e: 1.165e-06 i: 4.365e-06 :: e: 1.866e-03 i: 2.214e-03 :: n: 3.012e+01 e:23.863 i:29.679 v:4.993e+03
 plasma volume = 149.948593
 stored energy(e,i,b,a) = 7.006029e+01 6.707547e+01 0.000000e+00 0.000000e+00
 betan = 1.546069
*power
 Pnb(e,i) = 0.000000e+00 0.000000e+00
 Prf(e,i) = 7.764508e+00 3.223342e+01
 Prad     = -6.918777e+01 
 Pei      = 7.822824e+00 
 Pfuse    = 7.431913e+01 
 Pfusi    = 2.492388e+01 
 Poh      = 0.000000e+00 
*confinement time
 taut, tauITER98y2, H98y2 : 1.957596e+00 1.751608e+00 1.117599e+00
 taue, taui : 3.381502e+00 3.922301e+00
 taut, tau89, H89 : 1.957596e+00 8.347613e-01 2.345096e+00
*temperature
 nea, nebar : 2.051239e+01 2.350896e+01 
 tea, tia : 8.330585e+00 8.731689e+00 (9.540633e-01)
 te0, ti0 : 2.149290e+01 2.758748e+01 (7.790818e-01)
 Sn : 0.000000e+00 
*current balance
 Ip,Ibs,Inb,Irf: 1.000000e+01 2.375279e+00 0.000000e+00 1.786804e-01
 fni,fbs: 0.255 0.238

 plasma volume = 149.948593
 stored energy(e,i,b,a) = 7.006029e+01 6.707547e+01 0.000000e+00 0.000000e+00
 betan = 1.546069
*power
 Pnb(e,i) = 0.000000e+00 0.000000e+00
 Prf(e,i) = 7.764508e+00 3.223342e+01
 Prad     = -6.918777e+01 
 Pei      = 7.822824e+00 
 Pfuse    = 7.431913e+01 
 Pfusi    = 2.492388e+01 
 Poh      = 0.000000e+00 
*confinement time
 taut, tauITER98y2, H98y2 : 1.957596e+00 1.751608e+00 1.117599e+00
 taue, taui : 3.381502e+00 3.922301e+00
 taut, tau89, H89 : 1.957596e+00 8.347613e-01 2.345096e+00
*temperature
 nea, nebar : 2.051239e+01 2.350896e+01 
 tea, tia : 8.330585e+00 8.731689e+00 (9.540633e-01)
 te0, ti0 : 2.149290e+01 2.758748e+01 (7.790818e-01)
 Sn : 0.000000e+00 
*current balance
 Ip,Ibs,Inb,Irf: 1.000000e+01 2.375279e+00 0.000000e+00 1.786804e-01
 fni,fbs: 0.255 0.238
 ELAPASED TIME = 46 sec

finalize
