========================================================================
= FASTRAN

nonlinear model = 0
ichi = 0
ineo = 0
reading state...
read formatted input, inprof...
init geometry...
read formatted input, inmetric...
nrho in inmetric = 101
rhob in inmetric = 1.265421e+00
solve avg grad-shafranv...
solve_avg_gs::Ip_temp = 9.996707e+00 
solve_avg_gs::Ip      = 1.000000e+01 
>>> tau_he = 5.000000, nhe(0)=2.522728e+00

 plasma volume = 149.481860
 stored energy(e,i,b) = 6.069832e+01 5.840849e+01 0.000000e+00
 betan = 1.343987
*power
 Pnb(e,i) = 0.000000e+00 0.000000e+00
 Prf(e,i) = 9.999139e+00 2.999742e+01
 Prad     = -1.047918e+01 
 Pei      = 1.298711e+00 
 Pfuse    = 6.356488e+01 
 Pfusi    = 2.134363e+01 
 Poh      = 0.000000e+00 
*confinement time
 taut, tauITER98y2, H98y2 : 1.040908e+00 1.175733e+00 8.853270e-01
 taue, taui : 9.427613e-01 2.913880e+00
 taut, tau89, H89 : 1.040908e+00 6.439293e-01 1.616494e+00
*temperature
 nea, nebar : 1.710560e+01 2.027075e+01 
 tea, tia : 8.615028e+00 8.668526e+00 (9.938285e-01)
 te0, ti0 : 1.881549e+01 1.901571e+01 (9.894705e-01)
 Sn : 1.515078e+03 
*current balance
 Ip,Ibs,Inb,Irf: 1.000000e+01 2.254724e+00 0.000000e+00 0.000000e+00
 fni,fbs: 0.225 0.225

Time advancing...
rho_bdry 0.900000 ...
te_bdry = 5.003038
ti_bdry = 5.003033
ne_bdry = 12.097497
rv_bdry = 279.463030
nrho_tr_bdry = 18
drho_bdry = 0.000000e+00
nrhob = 90
 [    0] t = 0.0000 
>>> tau_he = 5.000000, nhe(0)=2.512765e+00
 5     -0.000   1.72e-04  -1.24e-04  -7.17e-04  -6.90e-04   4.01e-05 (  3.04e-02,  3.68e+01)
10     -0.000   2.36e-04   2.94e-05  -3.75e-04  -1.61e-03   2.37e-04 (  5.28e-02,  7.23e+01)
15     -0.000   4.40e-04   3.55e-04   3.20e-04  -2.97e-03   1.02e-03 (  1.15e-01,  1.06e+02)
20     -0.001   2.03e-03  -1.78e-03  -4.97e-05  -5.29e-03   3.73e-03 (  5.95e-01,  1.36e+02)
25      0.003   1.12e-02  -4.51e-03   5.51e-03   3.66e-02   1.20e-02 (  3.53e+00,  1.64e+02)
30      0.021   6.85e-02  -2.10e-03   3.51e-02   2.59e-01   3.43e-02 (  2.27e+01,  1.88e+02)
35      0.037   1.10e-01   2.32e-02   5.55e-02   5.01e-01   8.78e-02 (  3.73e+01,  2.07e+02)
40      0.064   1.95e-01   1.24e-01   1.08e-01   9.28e-01   2.02e-01 (  6.62e+01,  2.22e+02)
45      0.097   2.99e-01   2.51e-01   1.66e-01   1.51e+00   4.22e-01 (  9.98e+01,  2.33e+02)
50      0.152   4.25e-01   4.36e-01   2.43e-01   2.47e+00   7.96e-01 (  1.37e+02,  2.39e+02)
55      0.293   7.10e-01   8.88e-01   4.61e-01   4.97e+00   1.37e+00 (  2.16e+02,  2.41e+02)
60      0.411   9.52e-01   1.25e+00   7.20e-01   7.24e+00   2.14e+00 (  2.69e+02,  2.40e+02)
65      0.521   1.19e+00   1.59e+00   9.66e-01   9.46e+00   3.07e+00 (  3.04e+02,  2.35e+02)
70      0.630   1.44e+00   1.91e+00   1.19e+00   1.17e+01   4.07e+00 (  3.28e+02,  2.28e+02)
75      0.723   1.69e+00   2.16e+00   1.35e+00   1.38e+01   5.01e+00 (  3.33e+02,  2.20e+02)
80      0.785   1.89e+00   2.31e+00   1.40e+00   1.53e+01   5.78e+00 (  3.19e+02,  2.11e+02)
85      0.908   2.21e+00   2.68e+00   1.60e+00   1.90e+01   6.31e+00 (  3.66e+02,  2.02e+02)
90      3.484   6.39e+00   8.70e+00   5.91e+00   8.91e+01   6.59e+00 (  2.06e+03,  1.93e+02)
95      1.118   1.79e+00   2.73e+00   2.16e+00   3.69e+01   6.68e+00 (  1.13e+03,  1.84e+02)
 0 n: 2.239e-07 e: 1.947e-06 i: 4.013e-06 :: e: 0.000e+00 i: 0.000e+00 :: n: 2.763e+01 e:18.815 i:19.016 v:4.993e+03
>>> tau_he = 5.000000, nhe(0)=2.499778e+00
 5     -0.000   1.75e-04   4.59e-04  -6.52e-04  -6.45e-04   4.01e-05 (  3.01e-02,  3.68e+01)
10     -0.000   2.36e-04   9.16e-05  -3.68e-04  -1.61e-03   2.37e-04 (  5.27e-02,  7.23e+01)
15     -0.000   4.41e-04   3.67e-04   3.25e-04  -2.98e-03   1.02e-03 (  1.16e-01,  1.06e+02)
20     -0.001   2.04e-03  -1.75e-03  -3.38e-05  -5.34e-03   3.73e-03 (  5.99e-01,  1.36e+02)
25      0.003   1.15e-02  -4.59e-03   5.64e-03   3.66e-02   1.20e-02 (  3.68e+00,  1.64e+02)
30      0.021   6.98e-02  -2.07e-03   3.58e-02   2.67e-01   3.43e-02 (  2.32e+01,  1.88e+02)
35      0.039   1.15e-01   2.64e-02   5.90e-02   5.34e-01   8.78e-02 (  3.95e+01,  2.07e+02)
40      0.065   1.98e-01   1.30e-01   1.07e-01   9.46e-01   2.02e-01 (  6.77e+01,  2.22e+02)
45      0.102   3.08e-01   2.68e-01   1.71e-01   1.58e+00   4.22e-01 (  1.04e+02,  2.33e+02)
50      0.206   5.26e-01   6.07e-01   2.96e-01   3.36e+00   7.96e-01 (  1.72e+02,  2.39e+02)
55      0.294   7.13e-01   8.93e-01   4.65e-01   5.01e+00   1.37e+00 (  2.16e+02,  2.41e+02)
60      0.410   9.52e-01   1.25e+00   7.18e-01   7.24e+00   2.14e+00 (  2.67e+02,  2.40e+02)
65      0.518   1.18e+00   1.57e+00   9.56e-01   9.41e+00   3.07e+00 (  3.02e+02,  2.35e+02)
70      0.624   1.43e+00   1.88e+00   1.17e+00   1.16e+01   4.07e+00 (  3.24e+02,  2.28e+02)
75      0.720   1.68e+00   2.16e+00   1.34e+00   1.37e+01   5.01e+00 (  3.32e+02,  2.20e+02)
80      0.792   1.88e+00   2.39e+00   1.49e+00   1.55e+01   5.78e+00 (  3.35e+02,  2.11e+02)
85      0.921   2.18e+00   2.79e+00   1.73e+00   1.95e+01   6.31e+00 (  4.01e+02,  2.02e+02)
90      2.482   4.64e+00   6.43e+00   4.27e+00   6.09e+01   6.59e+00 (  1.28e+03,  1.93e+02)
95      1.118   1.79e+00   2.73e+00   2.16e+00   3.69e+01   6.68e+00 (  1.13e+03,  1.84e+02)
 1 n: 9.528e-01 e: 1.295e-01 i: 2.558e-01 :: e: 1.243e-02 i: 2.431e-02 :: n: 2.760e+01 e:18.791 i:18.955 v:4.993e+03
>>> tau_he = 5.000000, nhe(0)=1.422267e+00
 5     -0.129  -1.33e-03  -3.05e-03   3.12e-04  -3.61e-03   4.01e-05 ( -1.90e-01,  3.68e+01)
10     -0.334  -5.48e-03  -1.24e-02  -3.81e-03  -5.16e-02   2.37e-04 ( -1.57e+00,  7.23e+01)
15     -0.946   1.96e-02  -1.34e-02  -5.36e-02  -8.80e-01   1.02e-03 (  8.45e+00,  1.06e+02)
20     -0.447   1.92e-01  -6.19e-02   1.22e-01  -1.47e+00   3.73e-03 (  1.10e+02,  1.36e+02)
25     -0.774   4.64e-01   2.37e-01   2.90e-01  -2.88e+00   1.20e-02 (  2.99e+02,  1.64e+02)
30     -0.108   5.81e-01   6.92e-01   4.94e-01  -5.15e-01   3.43e-02 (  3.34e+02,  1.88e+02)
35      0.488   7.75e-01   1.29e+00   9.29e-01   2.75e+00   8.78e-02 (  4.11e+02,  2.07e+02)
40      0.451   7.61e-01   1.43e+00   8.95e-01   2.86e+00   2.02e-01 (  3.44e+02,  2.22e+02)
45      0.353   7.39e-01   1.52e+00   8.89e-01   2.45e+00   4.22e-01 (  2.81e+02,  2.33e+02)
50      0.158   5.91e-01   1.07e+00   7.24e-01   1.19e+00   7.96e-01 (  1.81e+02,  2.39e+02)
55      0.090   4.83e-01   7.51e-01   5.48e-01   7.15e-01   1.37e+00 (  1.11e+02,  2.41e+02)
60      0.111   4.89e-01   7.65e-01   5.61e-01   9.34e-01   2.14e+00 (  9.21e+01,  2.40e+02)
65      0.106   4.57e-01   7.08e-01   5.38e-01   9.38e-01   3.07e+00 (  7.35e+01,  2.35e+02)
70      0.118   4.50e-01   7.10e-01   5.67e-01   1.08e+00   4.07e+00 (  6.27e+01,  2.28e+02)
75      0.136   4.57e-01   7.58e-01   6.23e-01   1.28e+00   5.01e+00 (  5.61e+01,  2.20e+02)
80      0.153   4.56e-01   8.03e-01   6.65e-01   1.51e+00   5.78e+00 (  5.04e+01,  2.11e+02)
85      0.160   4.45e-01   7.75e-01   6.26e-01   1.68e+00   6.31e+00 (  4.37e+01,  2.02e+02)
90      0.740   1.79e+00   2.82e+00   2.02e+00   1.38e+01   6.59e+00 (  4.03e+02,  1.93e+02)
95      1.118   1.79e+00   2.73e+00   2.16e+00   3.69e+01   6.68e+00 (  1.13e+03,  1.84e+02)
 2 n: 6.173e-03 e: 6.301e-02 i: 4.623e-02 :: e: 9.762e-01 i: 8.509e-01 :: n: 1.854e+01 e:24.610 i:21.526 v:4.993e+03
>>> tau_he = 5.000000, nhe(0)=1.588416e+00
 5     -0.217  -2.82e-03  -5.07e-03   1.89e-04  -6.26e-03   4.01e-05 ( -5.23e-01,  3.68e+01)
10     -3.684   4.48e-03   5.64e-02  -1.84e-02  -5.85e-01   2.37e-04 (  1.72e+00,  7.23e+01)
15     -2.831   1.45e-01   2.64e-02   1.10e-01  -2.71e+00   1.02e-03 (  8.29e+01,  1.06e+02)
20     -0.709   3.63e-01   2.38e-01   2.03e-01  -2.47e+00   3.73e-03 (  2.42e+02,  1.36e+02)
25     -0.402   4.88e-01   4.90e-01   3.23e-01  -1.65e+00   1.20e-02 (  3.16e+02,  1.64e+02)
30      0.037   5.28e-01   6.22e-01   4.37e-01   1.91e-01   3.43e-02 (  2.99e+02,  1.88e+02)
35      0.236   6.05e-01   8.87e-01   6.19e-01   1.33e+00   8.78e-02 (  2.99e+02,  2.07e+02)
40      0.291   5.99e-01   9.55e-01   5.68e-01   1.84e+00   2.02e-01 (  2.47e+02,  2.22e+02)
45      0.208   5.26e-01   8.45e-01   5.39e-01   1.44e+00   4.22e-01 (  1.76e+02,  2.33e+02)
50      0.210   5.17e-01   9.13e-01   6.13e-01   1.59e+00   7.96e-01 (  1.35e+02,  2.39e+02)
55      0.140   3.87e-01   6.35e-01   4.61e-01   1.17e+00   1.37e+00 (  7.23e+01,  2.41e+02)
60      0.147   3.59e-01   6.23e-01   4.45e-01   1.31e+00   2.14e+00 (  5.15e+01,  2.40e+02)
65      0.138   3.13e-01   5.57e-01   4.08e-01   1.30e+00   3.07e+00 (  3.63e+01,  2.35e+02)
70      0.139   3.03e-01   5.42e-01   4.17e-01   1.37e+00   4.07e+00 (  2.89e+01,  2.28e+02)
75      0.151   3.31e-01   5.68e-01   4.50e-01   1.54e+00   5.01e+00 (  2.66e+01,  2.20e+02)
80      0.164   3.67e-01   6.04e-01   4.78e-01   1.74e+00   5.78e+00 (  2.54e+01,  2.11e+02)
85      0.193   4.62e-01   6.60e-01   4.80e-01   2.19e+00   6.31e+00 (  2.74e+01,  2.02e+02)
90      0.765   1.81e+00   2.80e+00   1.97e+00   1.46e+01   6.59e+00 (  3.74e+02,  1.93e+02)
95      1.118   1.79e+00   2.73e+00   2.16e+00   3.69e+01   6.68e+00 (  1.13e+03,  1.84e+02)
 3 n: 5.738e-03 e: 3.415e-03 i: 1.677e-02 :: e: 1.036e+00 i: 9.064e-01 :: n: 1.890e+01 e:23.661 i:23.536 v:4.993e+03
>>> tau_he = 5.000000, nhe(0)=1.492468e+00
 5     -0.257  -3.40e-03  -5.83e-03  -4.98e-05  -7.63e-03   4.01e-05 ( -7.69e-01,  3.68e+01)
10     -5.382   4.07e-03   1.26e-02   1.11e-05  -8.78e-01   2.37e-04 (  1.87e+00,  7.23e+01)
15     -3.602   1.76e-01   1.52e-01   2.22e-01  -3.54e+00   1.02e-03 (  1.08e+02,  1.06e+02)
20     -0.552   2.97e-01   2.93e-01   2.57e-01  -2.02e+00   3.73e-03 (  1.89e+02,  1.36e+02)
25     -0.284   4.08e-01   4.59e-01   3.69e-01  -1.24e+00   1.20e-02 (  2.44e+02,  1.64e+02)
30     -0.018   4.59e-01   5.79e-01   5.16e-01  -9.36e-02   3.43e-02 (  2.43e+02,  1.88e+02)
35      0.081   4.64e-01   6.24e-01   4.85e-01   4.61e-01   8.78e-02 (  2.14e+02,  2.07e+02)
40      0.150   5.03e-01   7.33e-01   4.89e-01   9.48e-01   2.02e-01 (  1.98e+02,  2.22e+02)
45      0.147   4.93e-01   7.90e-01   5.43e-01   1.02e+00   4.22e-01 (  1.62e+02,  2.33e+02)
50      0.154   4.85e-01   8.39e-01   5.63e-01   1.17e+00   7.96e-01 (  1.28e+02,  2.39e+02)
55      0.113   3.73e-01   6.00e-01   4.42e-01   9.53e-01   1.37e+00 (  7.24e+01,  2.41e+02)
60      0.125   3.46e-01   5.74e-01   4.01e-01   1.16e+00   2.14e+00 (  5.19e+01,  2.40e+02)
65      0.117   3.00e-01   5.09e-01   3.64e-01   1.18e+00   3.07e+00 (  3.63e+01,  2.35e+02)
70      0.123   2.95e-01   4.95e-01   3.70e-01   1.30e+00   4.07e+00 (  2.91e+01,  2.28e+02)
75      0.140   3.31e-01   5.29e-01   3.97e-01   1.54e+00   5.01e+00 (  2.73e+01,  2.20e+02)
80      0.163   3.85e-01   5.80e-01   4.26e-01   1.86e+00   5.78e+00 (  2.72e+01,  2.11e+02)
85      0.210   5.25e-01   6.72e-01   4.50e-01   2.54e+00   6.31e+00 (  3.14e+01,  2.02e+02)
90      0.777   1.84e+00   2.80e+00   1.94e+00   1.51e+01   6.59e+00 (  3.81e+02,  1.93e+02)
95      1.118   1.79e+00   2.73e+00   2.16e+00   3.69e+01   6.68e+00 (  1.13e+03,  1.84e+02)
 4 n: 5.101e-03 e: 1.235e-02 i: 7.242e-03 :: e: 9.270e-01 i: 8.498e-01 :: n: 1.919e+01 e:23.466 i:21.203 v:4.993e+03
>>> tau_he = 5.000000, nhe(0)=1.439795e+00
 5     -0.161  -2.27e-03  -3.87e-03  -5.53e-04  -4.91e-03   4.01e-05 ( -4.87e-01,  3.68e+01)
10     -5.387   1.01e-02   4.75e-02   8.92e-03  -8.98e-01   2.37e-04 (  4.37e+00,  7.23e+01)
15     -2.362   1.36e-01   1.01e-01   1.89e-01  -2.38e+00   1.02e-03 (  7.12e+01,  1.06e+02)
20     -0.283   2.16e-01   1.80e-01   1.99e-01  -1.08e+00   3.73e-03 (  1.12e+02,  1.36e+02)
25     -0.086   2.83e-01   2.86e-01   2.23e-01  -4.11e-01   1.20e-02 (  1.36e+02,  1.64e+02)
30      0.050   3.33e-01   3.71e-01   4.01e-01   2.74e-01   3.43e-02 (  1.43e+02,  1.88e+02)
35      0.097   3.88e-01   4.77e-01   3.90e-01   5.53e-01   8.78e-02 (  1.48e+02,  2.07e+02)
40      0.127   4.02e-01   5.31e-01   3.70e-01   8.05e-01   2.02e-01 (  1.33e+02,  2.22e+02)
45      0.137   4.05e-01   5.96e-01   4.34e-01   9.51e-01   4.22e-01 (  1.15e+02,  2.33e+02)
50      0.152   4.15e-01   6.60e-01   4.97e-01   1.16e+00   7.96e-01 (  9.67e+01,  2.39e+02)
55      0.120   3.29e-01   5.30e-01   3.81e-01   1.04e+00   1.37e+00 (  5.87e+01,  2.41e+02)
60      0.136   3.23e-01   5.49e-01   3.77e-01   1.32e+00   2.14e+00 (  4.52e+01,  2.40e+02)
65      0.134   3.11e-01   5.30e-01   3.67e-01   1.43e+00   3.07e+00 (  3.55e+01,  2.35e+02)
70      0.148   3.38e-01   5.52e-01   3.96e-01   1.68e+00   4.07e+00 (  3.16e+01,  2.28e+02)
75      0.176   4.06e-01   6.15e-01   4.38e-01   2.07e+00   5.01e+00 (  3.18e+01,  2.20e+02)
80      0.207   4.98e-01   6.87e-01   4.79e-01   2.53e+00   5.78e+00 (  3.32e+01,  2.11e+02)
85      0.261   6.80e-01   7.97e-01   5.07e-01   3.37e+00   6.31e+00 (  3.83e+01,  2.02e+02)
90      0.795   1.88e+00   2.82e+00   1.93e+00   1.58e+01   6.59e+00 (  3.87e+02,  1.93e+02)
95      1.118   1.79e+00   2.73e+00   2.16e+00   3.69e+01   6.68e+00 (  1.13e+03,  1.84e+02)
 5 n: 3.552e-03 e: 2.362e-03 i: 5.564e-03 :: e: 7.593e-01 i: 6.938e-01 :: n: 1.953e+01 e:20.688 i:19.769 v:4.993e+03
>>> tau_he = 5.000000, nhe(0)=1.341698e+00
 5     -0.131  -1.95e-03  -3.44e-03  -4.93e-04  -4.05e-03   4.01e-05 ( -4.09e-01,  3.68e+01)
10     -4.231   8.37e-03   3.95e-02   5.70e-03  -7.19e-01   2.37e-04 (  3.49e+00,  7.23e+01)
15     -1.637   1.08e-01   7.23e-02   1.64e-01  -1.68e+00   1.02e-03 (  5.18e+01,  1.06e+02)
20     -0.146   1.61e-01   1.37e-01   1.79e-01  -5.78e-01   3.73e-03 (  7.51e+01,  1.36e+02)
25     -0.037   2.20e-01   2.35e-01   2.01e-01  -1.87e-01   1.20e-02 (  9.55e+01,  1.64e+02)
30      0.050   3.05e-01   3.51e-01   4.06e-01   2.72e-01   3.43e-02 (  1.20e+02,  1.88e+02)
35      0.082   3.30e-01   4.09e-01   3.43e-01   4.66e-01   8.78e-02 (  1.16e+02,  2.07e+02)
40      0.099   3.53e-01   4.63e-01   3.38e-01   6.28e-01   2.02e-01 (  1.11e+02,  2.22e+02)
45      0.106   3.65e-01   5.26e-01   4.02e-01   7.38e-01   4.22e-01 (  1.00e+02,  2.33e+02)
50      0.125   3.82e-01   5.82e-01   4.57e-01   9.57e-01   7.96e-01 (  8.79e+01,  2.39e+02)
55      0.103   3.14e-01   4.90e-01   3.55e-01   9.16e-01   1.37e+00 (  5.72e+01,  2.41e+02)
60      0.125   3.18e-01   5.27e-01   3.55e-01   1.26e+00   2.14e+00 (  4.63e+01,  2.40e+02)
65      0.132   3.24e-01   5.34e-01   3.61e-01   1.48e+00   3.07e+00 (  3.87e+01,  2.35e+02)
70      0.157   3.73e-01   5.82e-01   4.05e-01   1.88e+00   4.07e+00 (  3.69e+01,  2.28e+02)
75      0.196   4.70e-01   6.67e-01   4.54e-01   2.45e+00   5.01e+00 (  3.89e+01,  2.20e+02)
80      0.236   5.80e-01   7.54e-01   4.98e-01   3.04e+00   5.78e+00 (  4.08e+01,  2.11e+02)
85      0.298   7.88e-01   8.83e-01   5.28e-01   4.05e+00   6.31e+00 (  4.67e+01,  2.02e+02)
90      0.809   1.91e+00   2.83e+00   1.93e+00   1.63e+01   6.59e+00 (  3.96e+02,  1.93e+02)
95      1.118   1.79e+00   2.73e+00   2.16e+00   3.69e+01   6.68e+00 (  1.13e+03,  1.84e+02)
 6 n: 2.477e-03 e: 3.230e-03 i: 1.703e-03 :: e: 6.213e-01 i: 5.846e-01 :: n: 1.981e+01 e:19.774 i:18.090 v:4.993e+03
>>> tau_he = 5.000000, nhe(0)=1.312483e+00
 5     -0.107  -1.38e-03  -2.92e-03  -4.15e-04  -3.35e-03   4.01e-05 ( -2.69e-01,  3.68e+01)
10     -3.083   8.01e-03   3.25e-02  -1.19e-02  -5.32e-01   2.37e-04 (  3.05e+00,  7.23e+01)
15     -1.217   7.99e-02   4.09e-02   1.10e-01  -1.27e+00   1.02e-03 (  3.40e+01,  1.06e+02)
20     -0.079   1.14e-01   9.25e-02   1.38e-01  -3.24e-01   3.73e-03 (  4.71e+01,  1.36e+02)
25     -0.007   1.83e-01   1.71e-01   1.88e-01  -3.66e-02   1.20e-02 (  7.04e+01,  1.64e+02)
30      0.045   2.30e-01   2.66e-01   3.05e-01   2.45e-01   3.43e-02 (  8.00e+01,  1.88e+02)
35      0.063   2.75e-01   3.21e-01   2.77e-01   3.61e-01   8.78e-02 (  8.71e+01,  2.07e+02)
40      0.090   2.99e-01   3.77e-01   2.85e-01   5.68e-01   2.02e-01 (  8.52e+01,  2.22e+02)
45      0.117   3.43e-01   4.75e-01   3.61e-01   8.12e-01   4.22e-01 (  8.67e+01,  2.33e+02)
50      0.121   3.38e-01   5.03e-01   4.09e-01   9.33e-01   7.96e-01 (  7.30e+01,  2.39e+02)
55      0.105   2.93e-01   4.56e-01   3.30e-01   9.56e-01   1.37e+00 (  5.15e+01,  2.41e+02)
60      0.129   3.15e-01   5.27e-01   3.44e-01   1.36e+00   2.14e+00 (  4.48e+01,  2.40e+02)
65      0.145   3.44e-01   5.61e-01   3.72e-01   1.71e+00   3.07e+00 (  4.06e+01,  2.35e+02)
70      0.180   4.25e-01   6.37e-01   4.31e-01   2.28e+00   4.07e+00 (  4.16e+01,  2.28e+02)
75      0.228   5.49e-01   7.42e-01   4.90e-01   2.99e+00   5.01e+00 (  4.50e+01,  2.20e+02)
80      0.271   6.79e-01   8.38e-01   5.39e-01   3.67e+00   5.78e+00 (  4.73e+01,  2.11e+02)
85      0.333   9.01e-01   9.68e-01   5.65e-01   4.70e+00   6.31e+00 (  5.27e+01,  2.02e+02)
90      0.826   1.94e+00   2.85e+00   1.94e+00   1.69e+01   6.59e+00 (  4.00e+02,  1.93e+02)
95      1.118   1.79e+00   2.73e+00   2.16e+00   3.69e+01   6.68e+00 (  1.13e+03,  1.84e+02)
 7 n: 1.515e-03 e: 5.501e-04 i: 1.142e-03 :: e: 4.943e-01 i: 4.786e-01 :: n: 2.007e+01 e:18.401 i:17.405 v:4.993e+03
>>> tau_he = 5.000000, nhe(0)=1.272507e+00
 5     -0.090  -1.26e-03  -2.74e-03  -3.79e-04  -2.87e-03   4.01e-05 ( -2.37e-01,  3.68e+01)
10     -2.575   7.32e-03   3.05e-02  -1.54e-02  -4.50e-01   2.37e-04 (  2.69e+00,  7.23e+01)
15     -0.904   6.98e-02   3.16e-02   9.26e-02  -9.50e-01   1.02e-03 (  2.84e+01,  1.06e+02)
20     -0.036   1.10e-01   6.56e-02   1.37e-01  -1.51e-01   3.73e-03 (  4.37e+01,  1.36e+02)
25      0.003   1.52e-01   1.49e-01   1.67e-01   1.82e-02   1.20e-02 (  5.62e+01,  1.64e+02)
30      0.032   2.03e-01   2.36e-01   2.66e-01   1.70e-01   3.43e-02 (  6.82e+01,  1.88e+02)
35      0.054   2.42e-01   2.87e-01   2.03e-01   3.09e-01   8.78e-02 (  7.41e+01,  2.07e+02)
40      0.078   2.68e-01   3.48e-01   2.67e-01   4.91e-01   2.02e-01 (  7.44e+01,  2.22e+02)
45      0.105   3.18e-01   4.35e-01   3.45e-01   7.26e-01   4.22e-01 (  7.91e+01,  2.33e+02)
50      0.108   3.21e-01   4.68e-01   3.81e-01   8.41e-01   7.96e-01 (  6.95e+01,  2.39e+02)
55      0.097   2.88e-01   4.42e-01   3.12e-01   9.06e-01   1.37e+00 (  5.18e+01,  2.41e+02)
60      0.127   3.21e-01   5.30e-01   3.39e-01   1.38e+00   2.14e+00 (  4.74e+01,  2.40e+02)
65      0.150   3.67e-01   5.83e-01   3.82e-01   1.84e+00   3.07e+00 (  4.51e+01,  2.35e+02)
70      0.196   4.71e-01   6.79e-01   4.49e-01   2.58e+00   4.07e+00 (  4.82e+01,  2.28e+02)
75      0.251   6.14e-01   7.96e-01   5.13e-01   3.44e+00   5.01e+00 (  5.25e+01,  2.20e+02)
80      0.297   7.52e-01   8.97e-01   5.60e-01   4.17e+00   5.78e+00 (  5.44e+01,  2.11e+02)
85      0.359   9.76e-01   1.03e+00   5.82e-01   5.21e+00   6.31e+00 (  5.91e+01,  2.02e+02)
90      0.835   1.96e+00   2.87e+00   1.93e+00   1.73e+01   6.59e+00 (  4.06e+02,  1.93e+02)
95      1.118   1.79e+00   2.73e+00   2.16e+00   3.69e+01   6.68e+00 (  1.13e+03,  1.84e+02)
 8 n: 9.316e-04 e: 5.326e-04 i: 3.327e-04 :: e: 4.096e-01 i: 4.138e-01 :: n: 2.028e+01 e:18.051 i:16.714 v:4.993e+03
>>> tau_he = 5.000000, nhe(0)=1.272522e+00
 5     -0.081  -1.04e-03  -2.58e-03  -3.51e-04  -2.59e-03   4.01e-05 ( -1.87e-01,  3.68e+01)
10     -2.161   6.30e-03   2.85e-02  -1.29e-02  -3.81e-01   2.37e-04 (  2.20e+00,  7.23e+01)
15     -0.743   5.90e-02   2.03e-02   6.75e-02  -7.87e-01   1.02e-03 (  2.27e+01,  1.06e+02)
20     -0.044   9.33e-02   4.86e-02   1.10e-01  -1.85e-01   3.73e-03 (  3.51e+01,  1.36e+02)
25      0.009   1.53e-01   1.44e-01   1.52e-01   4.99e-02   1.20e-02 (  5.37e+01,  1.64e+02)
30      0.032   1.86e-01   2.03e-01   2.47e-01   1.71e-01   3.43e-02 (  5.97e+01,  1.88e+02)
35      0.066   2.27e-01   2.53e-01   1.93e-01   3.74e-01   8.78e-02 (  6.67e+01,  2.07e+02)
40      0.075   2.48e-01   3.11e-01   2.80e-01   4.76e-01   2.02e-01 (  6.66e+01,  2.22e+02)
45      0.102   2.96e-01   3.95e-01   3.23e-01   7.06e-01   4.22e-01 (  7.14e+01,  2.33e+02)
50      0.107   3.05e-01   4.38e-01   3.62e-01   8.32e-01   7.96e-01 (  6.48e+01,  2.39e+02)
55      0.099   2.83e-01   4.34e-01   3.04e-01   9.49e-01   1.37e+00 (  5.06e+01,  2.41e+02)
60      0.133   3.35e-01   5.43e-01   3.42e-01   1.49e+00   2.14e+00 (  4.97e+01,  2.40e+02)
65      0.159   3.86e-01   6.07e-01   3.88e-01   2.03e+00   3.07e+00 (  4.79e+01,  2.35e+02)
70      0.215   5.16e-01   7.26e-01   4.74e-01   2.94e+00   4.07e+00 (  5.33e+01,  2.28e+02)
75      0.274   6.72e-01   8.50e-01   5.41e-01   3.87e+00   5.01e+00 (  5.79e+01,  2.20e+02)
80      0.320   8.17e-01   9.52e-01   5.87e-01   4.61e+00   5.78e+00 (  5.93e+01,  2.11e+02)
85      0.378   1.04e+00   1.08e+00   6.06e-01   5.59e+00   6.31e+00 (  6.28e+01,  2.02e+02)
90      0.846   1.97e+00   2.88e+00   1.94e+00   1.76e+01   6.59e+00 (  4.08e+02,  1.93e+02)
95      1.118   1.79e+00   2.73e+00   2.16e+00   3.69e+01   6.68e+00 (  1.13e+03,  1.84e+02)
 9 n: 5.270e-04 e: 1.864e-04 i: 1.579e-04 :: e: 3.398e-01 i: 3.644e-01 :: n: 2.043e+01 e:17.527 i:16.542 v:4.993e+03
>>> tau_he = 5.000000, nhe(0)=1.266075e+00
 5     -0.075  -1.03e-03  -2.54e-03  -3.40e-04  -2.43e-03   4.01e-05 ( -1.82e-01,  3.68e+01)
10     -1.957   5.65e-03   2.81e-02  -1.14e-02  -3.48e-01   2.37e-04 (  1.94e+00,  7.23e+01)
15     -0.637   5.74e-02   1.50e-02   5.89e-02  -6.79e-01   1.02e-03 (  2.18e+01,  1.06e+02)
20     -0.043   1.01e-01   6.60e-02   1.09e-01  -1.77e-01   3.73e-03 (  3.75e+01,  1.36e+02)
25      0.013   1.39e-01   1.35e-01   1.51e-01   6.86e-02   1.20e-02 (  4.83e+01,  1.64e+02)
30      0.031   1.69e-01   1.92e-01   2.40e-01   1.65e-01   3.43e-02 (  5.40e+01,  1.88e+02)
35      0.061   2.20e-01   2.42e-01   1.89e-01   3.46e-01   8.78e-02 (  6.47e+01,  2.07e+02)
40      0.071   2.48e-01   3.03e-01   2.72e-01   4.50e-01   2.02e-01 (  6.69e+01,  2.22e+02)
45      0.096   2.91e-01   3.83e-01   3.19e-01   6.66e-01   4.22e-01 (  7.09e+01,  2.33e+02)
50      0.103   3.05e-01   4.29e-01   3.59e-01   8.09e-01   7.96e-01 (  6.61e+01,  2.39e+02)
55      0.097   2.90e-01   4.38e-01   3.02e-01   9.51e-01   1.37e+00 (  5.36e+01,  2.41e+02)
60      0.103   2.96e-01   4.46e-01   2.74e-01   1.19e+00   2.14e+00 (  4.56e+01,  2.40e+02)
65      0.167   4.13e-01   6.39e-01   4.06e-01   2.20e+00   3.07e+00 (  5.35e+01,  2.35e+02)
70      0.230   5.59e-01   7.66e-01   4.94e-01   3.23e+00   4.07e+00 (  5.99e+01,  2.28e+02)
75      0.291   7.18e-01   8.93e-01   5.62e-01   4.20e+00   5.01e+00 (  6.40e+01,  2.20e+02)
80      0.336   8.60e-01   9.92e-01   6.03e-01   4.94e+00   5.78e+00 (  6.44e+01,  2.11e+02)
85      0.390   1.07e+00   1.11e+00   6.18e-01   5.86e+00   6.31e+00 (  6.67e+01,  2.02e+02)
90      0.851   1.98e+00   2.89e+00   1.94e+00   1.78e+01   6.59e+00 (  4.12e+02,  1.93e+02)
95      1.118   1.79e+00   2.73e+00   2.16e+00   3.69e+01   6.68e+00 (  1.13e+03,  1.84e+02)
10 n: 4.765e-04 e: 1.028e-04 i: 1.957e-04 :: e: 2.857e-01 i: 3.210e-01 :: n: 2.054e+01 e:17.529 i:16.351 v:4.993e+03
>>> tau_he = 5.000000, nhe(0)=1.285238e+00
 5     -0.072  -9.62e-04  -2.52e-03  -3.33e-04  -2.36e-03   4.01e-05 ( -1.68e-01,  3.68e+01)
10     -1.816   5.23e-03   2.78e-02  -1.04e-02  -3.25e-01   2.37e-04 (  1.77e+00,  7.23e+01)
15     -0.584   5.47e-02   7.71e-03   4.87e-02  -6.26e-01   1.02e-03 (  2.03e+01,  1.06e+02)
20     -0.026   9.69e-02   5.74e-02   1.03e-01  -1.06e-01   3.73e-03 (  3.55e+01,  1.36e+02)
25      0.008   1.36e-01   1.18e-01   1.51e-01   4.17e-02   1.20e-02 (  4.68e+01,  1.64e+02)
30      0.037   1.66e-01   1.77e-01   2.31e-01   1.93e-01   3.43e-02 (  5.29e+01,  1.88e+02)
35      0.061   2.15e-01   2.29e-01   1.87e-01   3.48e-01   8.78e-02 (  6.31e+01,  2.07e+02)
40      0.078   2.49e-01   2.90e-01   2.72e-01   4.96e-01   2.02e-01 (  6.71e+01,  2.22e+02)
45      0.096   2.87e-01   3.69e-01   3.12e-01   6.66e-01   4.22e-01 (  6.99e+01,  2.33e+02)
50      0.104   3.05e-01   4.22e-01   3.55e-01   8.21e-01   7.96e-01 (  6.66e+01,  2.39e+02)
55      0.100   2.98e-01   4.46e-01   3.04e-01   1.01e+00   1.37e+00 (  5.63e+01,  2.41e+02)
60      0.113   3.17e-01   4.79e-01   2.88e-01   1.36e+00   2.14e+00 (  5.03e+01,  2.40e+02)
65      0.180   4.42e-01   6.78e-01   4.27e-01   2.43e+00   3.07e+00 (  5.86e+01,  2.35e+02)
70      0.244   5.91e-01   8.04e-01   5.15e-01   3.49e+00   4.07e+00 (  6.45e+01,  2.28e+02)
75      0.304   7.52e-01   9.30e-01   5.83e-01   4.46e+00   5.01e+00 (  6.79e+01,  2.20e+02)
80      0.349   8.93e-01   1.03e+00   6.23e-01   5.19e+00   5.78e+00 (  6.77e+01,  2.11e+02)
85      0.398   1.09e+00   1.13e+00   6.36e-01   6.03e+00   6.31e+00 (  6.89e+01,  2.02e+02)
90      0.856   1.99e+00   2.90e+00   1.95e+00   1.80e+01   6.59e+00 (  4.14e+02,  1.93e+02)
95      1.118   1.79e+00   2.73e+00   2.16e+00   3.69e+01   6.68e+00 (  1.13e+03,  1.84e+02)
11 n: 2.849e-04 e: 2.350e-04 i: 9.740e-05 :: e: 2.322e-01 i: 2.737e-01 :: n: 2.064e+01 e:17.435 i:16.429 v:4.993e+03
>>> tau_he = 5.000000, nhe(0)=1.299875e+00
 5     -0.071  -1.00e-03  -2.56e-03  -3.34e-04  -2.34e-03   4.01e-05 ( -1.76e-01,  3.68e+01)
10     -1.762   5.08e-03   2.82e-02  -1.00e-02  -3.17e-01   2.37e-04 (  1.72e+00,  7.23e+01)
15     -0.585   5.41e-02   6.53e-03   4.81e-02  -6.30e-01   1.02e-03 (  2.02e+01,  1.06e+02)
20     -0.031   9.85e-02   5.57e-02   1.05e-01  -1.23e-01   3.73e-03 (  3.64e+01,  1.36e+02)
25      0.003   1.36e-01   1.17e-01   1.53e-01   1.42e-02   1.20e-02 (  4.75e+01,  1.64e+02)
30      0.034   1.68e-01   1.75e-01   2.31e-01   1.74e-01   3.43e-02 (  5.41e+01,  1.88e+02)
35      0.060   2.18e-01   2.29e-01   1.90e-01   3.39e-01   8.78e-02 (  6.50e+01,  2.07e+02)
40      0.077   2.51e-01   2.91e-01   2.77e-01   4.86e-01   2.02e-01 (  6.91e+01,  2.22e+02)
45      0.095   2.92e-01   3.72e-01   3.15e-01   6.59e-01   4.22e-01 (  7.28e+01,  2.33e+02)
50      0.103   3.13e-01   4.28e-01   3.60e-01   8.18e-01   7.96e-01 (  7.04e+01,  2.39e+02)
55      0.101   3.13e-01   4.61e-01   3.10e-01   1.04e+00   1.37e+00 (  6.15e+01,  2.41e+02)
60      0.121   3.45e-01   5.16e-01   3.05e-01   1.50e+00   2.14e+00 (  5.73e+01,  2.40e+02)
65      0.189   4.70e-01   7.14e-01   4.48e-01   2.60e+00   3.07e+00 (  6.49e+01,  2.35e+02)
70      0.254   6.19e-01   8.38e-01   5.34e-01   3.68e+00   4.07e+00 (  7.00e+01,  2.28e+02)
75      0.314   7.78e-01   9.61e-01   6.00e-01   4.65e+00   5.01e+00 (  7.26e+01,  2.20e+02)
80      0.357   9.13e-01   1.05e+00   6.38e-01   5.37e+00   5.78e+00 (  7.14e+01,  2.11e+02)
85      0.403   1.10e+00   1.15e+00   6.48e-01   6.15e+00   6.31e+00 (  7.14e+01,  2.02e+02)
90      0.859   1.99e+00   2.91e+00   1.95e+00   1.81e+01   6.59e+00 (  4.17e+02,  1.93e+02)
95      1.118   1.79e+00   2.73e+00   2.16e+00   3.69e+01   6.68e+00 (  1.13e+03,  1.84e+02)
12 n: 1.783e-04 e: 1.286e-04 i: 2.264e-04 :: e: 1.842e-01 i: 2.220e-01 :: n: 2.072e+01 e:17.628 i:16.494 v:4.993e+03
>>> tau_he = 5.000000, nhe(0)=1.327677e+00
 5     -0.072  -1.02e-03  -2.60e-03  -3.38e-04  -2.38e-03   4.01e-05 ( -1.78e-01,  3.68e+01)
10     -1.738   5.13e-03   2.87e-02  -9.80e-03  -3.14e-01   2.37e-04 (  1.74e+00,  7.23e+01)
15     -0.644   5.24e-02   8.07e-03   4.55e-02  -6.96e-01   1.02e-03 (  1.96e+01,  1.06e+02)
20     -0.033   9.90e-02   5.34e-02   1.05e-01  -1.33e-01   3.73e-03 (  3.67e+01,  1.36e+02)
25     -0.002   1.37e-01   1.13e-01   1.54e-01  -1.09e-02   1.20e-02 (  4.82e+01,  1.64e+02)
30      0.032   1.70e-01   1.72e-01   2.30e-01   1.63e-01   3.43e-02 (  5.55e+01,  1.88e+02)
35      0.060   2.21e-01   2.27e-01   1.90e-01   3.39e-01   8.78e-02 (  6.67e+01,  2.07e+02)
40      0.078   2.55e-01   2.90e-01   2.79e-01   4.95e-01   2.02e-01 (  7.09e+01,  2.22e+02)
45      0.097   2.98e-01   3.73e-01   3.17e-01   6.71e-01   4.22e-01 (  7.55e+01,  2.33e+02)
50      0.106   3.22e-01   4.34e-01   3.64e-01   8.39e-01   7.96e-01 (  7.38e+01,  2.39e+02)
55      0.105   3.27e-01   4.77e-01   3.17e-01   1.10e+00   1.37e+00 (  6.62e+01,  2.41e+02)
60      0.130   3.73e-01   5.52e-01   3.24e-01   1.65e+00   2.14e+00 (  6.39e+01,  2.40e+02)
65      0.198   4.96e-01   7.49e-01   4.67e-01   2.77e+00   3.07e+00 (  7.04e+01,  2.35e+02)
70      0.262   6.39e-01   8.69e-01   5.52e-01   3.83e+00   4.07e+00 (  7.41e+01,  2.28e+02)
75      0.322   7.95e-01   9.89e-01   6.19e-01   4.80e+00   5.01e+00 (  7.58e+01,  2.20e+02)
80      0.364   9.27e-01   1.08e+00   6.56e-01   5.50e+00   5.78e+00 (  7.40e+01,  2.11e+02)
85      0.406   1.10e+00   1.17e+00   6.65e-01   6.22e+00   6.31e+00 (  7.31e+01,  2.02e+02)
90      0.862   2.00e+00   2.91e+00   1.96e+00   1.82e+01   6.59e+00 (  4.19e+02,  1.93e+02)
95      1.118   1.79e+00   2.73e+00   2.16e+00   3.69e+01   6.68e+00 (  1.13e+03,  1.84e+02)
13 n: 9.711e-05 e: 2.778e-04 i: 1.557e-04 :: e: 1.465e-01 i: 1.788e-01 :: n: 2.077e+01 e:17.764 i:16.714 v:4.993e+03
>>> tau_he = 5.000000, nhe(0)=1.355267e+00
 5     -0.074  -1.09e-03  -2.68e-03  -3.46e-04  -2.44e-03   4.01e-05 ( -1.94e-01,  3.68e+01)
10     -1.762   5.14e-03   2.96e-02  -9.95e-03  -3.21e-01   2.37e-04 (  1.77e+00,  7.23e+01)
15     -0.664   5.35e-02   7.48e-03   4.64e-02  -7.21e-01   1.02e-03 (  2.03e+01,  1.06e+02)
20     -0.029   9.99e-02   5.40e-02   1.04e-01  -1.18e-01   3.73e-03 (  3.77e+01,  1.36e+02)
25      0.002   1.41e-01   1.15e-01   1.50e-01   1.14e-02   1.20e-02 (  5.06e+01,  1.64e+02)
30      0.029   1.73e-01   1.76e-01   2.35e-01   1.51e-01   3.43e-02 (  5.80e+01,  1.88e+02)
35      0.059   2.28e-01   2.32e-01   1.94e-01   3.33e-01   8.78e-02 (  7.05e+01,  2.07e+02)
40      0.071   2.55e-01   2.97e-01   2.78e-01   4.50e-01   2.02e-01 (  7.28e+01,  2.22e+02)
45      0.098   3.09e-01   3.83e-01   3.25e-01   6.78e-01   4.22e-01 (  8.04e+01,  2.33e+02)
50      0.107   3.35e-01   4.47e-01   3.73e-01   8.49e-01   7.96e-01 (  7.92e+01,  2.39e+02)
55      0.107   3.47e-01   4.97e-01   3.26e-01   1.13e+00   1.37e+00 (  7.29e+01,  2.41e+02)
60      0.138   3.99e-01   5.88e-01   3.43e-01   1.77e+00   2.14e+00 (  7.12e+01,  2.40e+02)
65      0.205   5.19e-01   7.81e-01   4.86e-01   2.89e+00   3.07e+00 (  7.64e+01,  2.35e+02)
70      0.269   6.57e-01   8.98e-01   5.70e-01   3.94e+00   4.07e+00 (  7.88e+01,  2.28e+02)
75      0.327   8.08e-01   1.02e+00   6.35e-01   4.90e+00   5.01e+00 (  7.96e+01,  2.20e+02)
80      0.369   9.35e-01   1.10e+00   6.71e-01   5.60e+00   5.78e+00 (  7.71e+01,  2.11e+02)
85      0.407   1.10e+00   1.19e+00   6.79e-01   6.27e+00   6.31e+00 (  7.52e+01,  2.02e+02)
90      0.865   2.00e+00   2.92e+00   1.96e+00   1.83e+01   6.59e+00 (  4.22e+02,  1.93e+02)
95      1.118   1.79e+00   2.73e+00   2.16e+00   3.69e+01   6.68e+00 (  1.13e+03,  1.84e+02)
14 n: 5.883e-05 e: 1.883e-04 i: 2.455e-04 :: e: 1.134e-01 i: 1.373e-01 :: n: 2.083e+01 e:18.059 i:16.916 v:4.993e+03
>>> tau_he = 5.000000, nhe(0)=1.384181e+00
 5     -0.076  -1.15e-03  -2.76e-03  -3.54e-04  -2.53e-03   4.01e-05 ( -2.08e-01,  3.68e+01)
10     -1.807   5.36e-03   3.07e-02  -1.01e-02  -3.30e-01   2.37e-04 (  1.86e+00,  7.23e+01)
15     -0.696   5.53e-02   7.28e-03   4.71e-02  -7.58e-01   1.02e-03 (  2.12e+01,  1.06e+02)
20     -0.036   1.03e-01   5.54e-02   1.06e-01  -1.45e-01   3.73e-03 (  3.95e+01,  1.36e+02)
25     -0.004   1.45e-01   1.18e-01   1.55e-01  -1.90e-02   1.20e-02 (  5.30e+01,  1.64e+02)
30      0.027   1.79e-01   1.79e-01   2.40e-01   1.37e-01   3.43e-02 (  6.11e+01,  1.88e+02)
35      0.058   2.35e-01   2.37e-01   1.96e-01   3.32e-01   8.78e-02 (  7.42e+01,  2.07e+02)
40      0.073   2.64e-01   3.03e-01   2.85e-01   4.61e-01   2.02e-01 (  7.71e+01,  2.22e+02)
45      0.101   3.20e-01   3.91e-01   3.31e-01   7.03e-01   4.22e-01 (  8.49e+01,  2.33e+02)
50      0.109   3.47e-01   4.60e-01   3.81e-01   8.73e-01   7.96e-01 (  8.41e+01,  2.39e+02)
55      0.111   3.62e-01   5.16e-01   3.35e-01   1.19e+00   1.37e+00 (  7.85e+01,  2.41e+02)
60      0.145   4.21e-01   6.20e-01   3.60e-01   1.88e+00   2.14e+00 (  7.75e+01,  2.40e+02)
65      0.212   5.37e-01   8.10e-01   5.03e-01   2.99e+00   3.07e+00 (  8.15e+01,  2.35e+02)
70      0.274   6.71e-01   9.24e-01   5.87e-01   4.03e+00   4.07e+00 (  8.26e+01,  2.28e+02)
75      0.332   8.17e-01   1.04e+00   6.53e-01   4.98e+00   5.01e+00 (  8.26e+01,  2.20e+02)
80      0.373   9.41e-01   1.13e+00   6.89e-01   5.68e+00   5.78e+00 (  7.95e+01,  2.11e+02)
85      0.409   1.09e+00   1.20e+00   6.97e-01   6.31e+00   6.31e+00 (  7.70e+01,  2.02e+02)
90      0.867   2.00e+00   2.93e+00   1.97e+00   1.83e+01   6.59e+00 (  4.24e+02,  1.93e+02)
95      1.118   1.79e+00   2.73e+00   2.16e+00   3.69e+01   6.68e+00 (  1.13e+03,  1.84e+02)
15 n: 3.417e-05 e: 2.610e-04 i: 1.823e-04 :: e: 8.652e-02 i: 1.027e-01 :: n: 2.085e+01 e:18.308 i:17.197 v:4.993e+03
>>> tau_he = 5.000000, nhe(0)=1.412770e+00
 5     -0.079  -1.25e-03  -2.86e-03  -3.63e-04  -2.62e-03   4.01e-05 ( -2.28e-01,  3.68e+01)
10     -1.878   5.44e-03   3.20e-02  -1.05e-02  -3.45e-01   2.37e-04 (  1.92e+00,  7.23e+01)
15     -0.741   5.90e-02   9.33e-03   4.63e-02  -8.12e-01   1.02e-03 (  2.31e+01,  1.06e+02)
20     -0.056   9.31e-02   3.60e-02   1.08e-01  -2.34e-01   3.73e-03 (  3.62e+01,  1.36e+02)
25      0.002   1.48e-01   1.26e-01   1.54e-01   1.18e-02   1.20e-02 (  5.51e+01,  1.64e+02)
30      0.024   1.85e-01   1.84e-01   2.47e-01   1.22e-01   3.43e-02 (  6.47e+01,  1.88e+02)
35      0.060   2.44e-01   2.45e-01   2.07e-01   3.42e-01   8.78e-02 (  7.91e+01,  2.07e+02)
40      0.073   2.73e-01   3.14e-01   2.55e-01   4.64e-01   2.02e-01 (  8.18e+01,  2.22e+02)
45      0.103   3.32e-01   4.04e-01   3.40e-01   7.16e-01   4.22e-01 (  9.04e+01,  2.33e+02)
50      0.112   3.62e-01   4.75e-01   3.92e-01   8.93e-01   7.96e-01 (  9.02e+01,  2.39e+02)
55      0.114   3.80e-01   5.38e-01   3.47e-01   1.23e+00   1.37e+00 (  8.49e+01,  2.41e+02)
60      0.150   4.42e-01   6.50e-01   3.79e-01   1.96e+00   2.14e+00 (  8.41e+01,  2.40e+02)
65      0.216   5.55e-01   8.37e-01   5.20e-01   3.05e+00   3.07e+00 (  8.69e+01,  2.35e+02)
70      0.278   6.83e-01   9.49e-01   6.03e-01   4.08e+00   4.07e+00 (  8.67e+01,  2.28e+02)
75      0.336   8.25e-01   1.06e+00   6.69e-01   5.03e+00   5.01e+00 (  8.59e+01,  2.20e+02)
80      0.376   9.44e-01   1.15e+00   7.05e-01   5.73e+00   5.78e+00 (  8.23e+01,  2.11e+02)
85      0.410   1.09e+00   1.22e+00   7.13e-01   6.33e+00   6.31e+00 (  7.91e+01,  2.02e+02)
90      0.869   2.01e+00   2.93e+00   1.97e+00   1.84e+01   6.59e+00 (  4.27e+02,  1.93e+02)
95      1.118   1.79e+00   2.73e+00   2.16e+00   3.69e+01   6.68e+00 (  1.13e+03,  1.84e+02)
16 n: 2.616e-05 e: 1.848e-04 i: 2.128e-04 :: e: 6.402e-02 i: 7.280e-02 :: n: 2.088e+01 e:18.625 i:17.452 v:4.993e+03
>>> tau_he = 5.000000, nhe(0)=1.437986e+00
 5     -0.082  -1.33e-03  -2.95e-03  -3.73e-04  -2.74e-03   4.01e-05 ( -2.47e-01,  3.68e+01)
10     -1.950   5.59e-03   3.33e-02  -1.09e-02  -3.59e-01   2.37e-04 (  2.00e+00,  7.23e+01)
15     -0.785   6.19e-02   1.03e-02   4.81e-02  -8.62e-01   1.02e-03 (  2.46e+01,  1.06e+02)
20     -0.062   9.85e-02   4.06e-02   1.15e-01  -2.55e-01   3.73e-03 (  3.89e+01,  1.36e+02)
25     -0.005   1.53e-01   1.31e-01   1.61e-01  -2.39e-02   1.20e-02 (  5.80e+01,  1.64e+02)
30      0.021   1.91e-01   1.89e-01   2.53e-01   1.07e-01   3.43e-02 (  6.81e+01,  1.88e+02)
35      0.062   2.53e-01   2.51e-01   2.13e-01   3.49e-01   8.78e-02 (  8.34e+01,  2.07e+02)
40      0.075   2.82e-01   3.22e-01   2.63e-01   4.77e-01   2.02e-01 (  8.64e+01,  2.22e+02)
45      0.106   3.43e-01   4.14e-01   3.46e-01   7.34e-01   4.22e-01 (  9.51e+01,  2.33e+02)
50      0.115   3.79e-01   4.89e-01   4.12e-01   9.22e-01   7.96e-01 (  9.64e+01,  2.39e+02)
55      0.117   3.95e-01   5.57e-01   3.58e-01   1.27e+00   1.37e+00 (  9.05e+01,  2.41e+02)
60      0.155   4.59e-01   6.75e-01   3.96e-01   2.02e+00   2.14e+00 (  8.98e+01,  2.40e+02)
65      0.220   5.69e-01   8.61e-01   5.34e-01   3.10e+00   3.07e+00 (  9.13e+01,  2.35e+02)
70      0.281   6.93e-01   9.72e-01   6.19e-01   4.12e+00   4.07e+00 (  9.01e+01,  2.28e+02)
75      0.339   8.31e-01   1.09e+00   6.85e-01   5.07e+00   5.01e+00 (  8.87e+01,  2.20e+02)
80      0.379   9.47e-01   1.17e+00   7.22e-01   5.78e+00   5.78e+00 (  8.47e+01,  2.11e+02)
85      0.416   1.08e+00   1.25e+00   7.32e-01   6.44e+00   6.31e+00 (  8.11e+01,  2.02e+02)
90      0.871   2.01e+00   2.94e+00   1.98e+00   1.84e+01   6.59e+00 (  4.29e+02,  1.93e+02)
95      1.118   1.79e+00   2.73e+00   2.16e+00   3.69e+01   6.68e+00 (  1.13e+03,  1.84e+02)
17 n: 1.698e-05 e: 1.913e-04 i: 1.507e-04 :: e: 5.075e-02 i: 4.515e-02 :: n: 2.087e+01 e:18.898 i:17.737 v:4.993e+03
>>> tau_he = 5.000000, nhe(0)=1.462371e+00
 5     -0.085  -1.42e-03  -3.04e-03  -3.85e-04  -2.86e-03   4.01e-05 ( -2.68e-01,  3.68e+01)
10     -1.906   4.52e-03   2.87e-02  -1.06e-02  -3.52e-01   2.37e-04 (  1.65e+00,  7.23e+01)
15     -0.831   6.50e-02   1.20e-02   5.08e-02  -9.16e-01   1.02e-03 (  2.62e+01,  1.06e+02)
20     -0.066   1.12e-01   4.64e-02   1.19e-01  -2.79e-01   3.73e-03 (  4.53e+01,  1.36e+02)
25      0.013   1.58e-01   1.29e-01   1.58e-01   6.65e-02   1.20e-02 (  6.07e+01,  1.64e+02)
30      0.009   1.96e-01   1.96e-01   2.59e-01   4.33e-02   3.43e-02 (  7.13e+01,  1.88e+02)
35      0.052   2.54e-01   2.59e-01   2.08e-01   2.92e-01   8.78e-02 (  8.54e+01,  2.07e+02)
40      0.077   2.92e-01   3.31e-01   2.72e-01   4.88e-01   2.02e-01 (  9.10e+01,  2.22e+02)
45      0.108   3.53e-01   4.26e-01   3.54e-01   7.48e-01   4.22e-01 (  9.99e+01,  2.33e+02)
50      0.118   3.90e-01   5.03e-01   4.22e-01   9.43e-01   7.96e-01 (  1.01e+02,  2.39e+02)
55      0.120   4.10e-01   5.76e-01   3.68e-01   1.30e+00   1.37e+00 (  9.60e+01,  2.41e+02)
60      0.158   4.75e-01   6.98e-01   4.10e-01   2.06e+00   2.14e+00 (  9.52e+01,  2.40e+02)
65      0.223   5.82e-01   8.82e-01   5.48e-01   3.13e+00   3.07e+00 (  9.57e+01,  2.35e+02)
70      0.284   7.02e-01   9.93e-01   6.33e-01   4.15e+00   4.07e+00 (  9.36e+01,  2.28e+02)
75      0.341   8.37e-01   1.11e+00   7.01e-01   5.10e+00   5.01e+00 (  9.17e+01,  2.20e+02)
80      0.382   9.48e-01   1.19e+00   7.38e-01   5.81e+00   5.78e+00 (  8.72e+01,  2.11e+02)
85      0.417   1.08e+00   1.27e+00   7.48e-01   6.45e+00   6.31e+00 (  8.31e+01,  2.02e+02)
90      0.871   2.01e+00   2.94e+00   1.98e+00   1.84e+01   6.59e+00 (  4.31e+02,  1.93e+02)
95      1.118   1.79e+00   2.73e+00   2.16e+00   3.69e+01   6.68e+00 (  1.13e+03,  1.84e+02)
18 n: 1.746e-05 e: 1.281e-04 i: 1.348e-04 :: e: 4.528e-02 i: 2.564e-02 :: n: 2.088e+01 e:19.179 i:17.983 v:4.993e+03
>>> tau_he = 5.000000, nhe(0)=1.480112e+00
 5     -0.088  -1.49e-03  -3.12e-03  -3.95e-04  -2.98e-03   4.01e-05 ( -2.87e-01,  3.68e+01)
10     -1.990   4.69e-03   2.98e-02  -1.11e-02  -3.69e-01   2.37e-04 (  1.73e+00,  7.23e+01)
15     -0.870   6.82e-02   1.43e-02   5.83e-02  -9.60e-01   1.02e-03 (  2.78e+01,  1.06e+02)
20     -0.073   1.17e-01   5.12e-02   1.26e-01  -3.06e-01   3.73e-03 (  4.76e+01,  1.36e+02)
25      0.007   1.63e-01   1.35e-01   1.68e-01   3.64e-02   1.20e-02 (  6.34e+01,  1.64e+02)
30      0.002   2.02e-01   2.01e-01   2.65e-01   8.56e-03   3.43e-02 (  7.47e+01,  1.88e+02)
35      0.052   2.61e-01   2.64e-01   2.12e-01   2.96e-01   8.78e-02 (  8.90e+01,  2.07e+02)
40      0.079   3.00e-01   3.38e-01   2.78e-01   4.99e-01   2.02e-01 (  9.48e+01,  2.22e+02)
45      0.110   3.61e-01   4.34e-01   3.60e-01   7.63e-01   4.22e-01 (  1.04e+02,  2.33e+02)
50      0.120   4.00e-01   5.14e-01   4.29e-01   9.60e-01   7.96e-01 (  1.05e+02,  2.39e+02)
55      0.123   4.22e-01   5.92e-01   3.81e-01   1.32e+00   1.37e+00 (  1.01e+02,  2.41e+02)
60      0.160   4.86e-01   7.15e-01   4.22e-01   2.09e+00   2.14e+00 (  9.93e+01,  2.40e+02)
65      0.231   6.07e-01   9.12e-01   5.74e-01   3.23e+00   3.07e+00 (  1.02e+02,  2.35e+02)
70      0.286   7.09e-01   1.01e+00   6.46e-01   4.16e+00   4.07e+00 (  9.66e+01,  2.28e+02)
75      0.343   8.41e-01   1.13e+00   7.15e-01   5.12e+00   5.01e+00 (  9.42e+01,  2.20e+02)
80      0.384   9.52e-01   1.21e+00   7.53e-01   5.83e+00   5.78e+00 (  8.97e+01,  2.11e+02)
85      0.418   1.07e+00   1.29e+00   7.64e-01   6.46e+00   6.31e+00 (  8.49e+01,  2.02e+02)
90      0.872   2.01e+00   2.95e+00   1.99e+00   1.85e+01   6.59e+00 (  4.33e+02,  1.93e+02)
95      1.118   1.79e+00   2.73e+00   2.16e+00   3.69e+01   6.68e+00 (  1.13e+03,  1.84e+02)
19 n: 2.938e-05 e: 1.061e-04 i: 8.567e-05 :: e: 4.458e-02 i: 2.218e-02 :: n: 2.085e+01 e:19.405 i:18.219 v:4.993e+03
>>> tau_he = 5.000000, nhe(0)=1.495178e+00
 5     -0.092  -1.57e-03  -3.19e-03  -4.05e-04  -3.10e-03   4.01e-05 ( -3.05e-01,  3.68e+01)
10     -2.069   5.17e-03   3.05e-02  -1.16e-02  -3.84e-01   2.37e-04 (  1.93e+00,  7.23e+01)
15     -0.949   7.05e-02   1.52e-02   6.35e-02  -1.05e+00   1.02e-03 (  2.89e+01,  1.06e+02)
20     -0.080   1.21e-01   5.55e-02   1.32e-01  -3.31e-01   3.73e-03 (  4.95e+01,  1.36e+02)
25     -0.007   1.61e-01   1.45e-01   1.60e-01  -3.25e-02   1.20e-02 (  6.36e+01,  1.64e+02)
30      0.006   2.06e-01   2.04e-01   2.64e-01   3.22e-02   3.43e-02 (  7.70e+01,  1.88e+02)
35      0.047   2.66e-01   2.70e-01   2.18e-01   2.66e-01   8.78e-02 (  9.16e+01,  2.07e+02)
40      0.080   3.07e-01   3.45e-01   2.84e-01   5.09e-01   2.02e-01 (  9.80e+01,  2.22e+02)
45      0.112   3.69e-01   4.43e-01   3.65e-01   7.75e-01   4.22e-01 (  1.07e+02,  2.33e+02)
50      0.122   4.08e-01   5.25e-01   4.38e-01   9.73e-01   7.96e-01 (  1.09e+02,  2.39e+02)
55      0.125   4.31e-01   6.05e-01   3.88e-01   1.34e+00   1.37e+00 (  1.04e+02,  2.41e+02)
60      0.162   4.96e-01   7.29e-01   4.31e-01   2.10e+00   2.14e+00 (  1.03e+02,  2.40e+02)
65      0.231   6.13e-01   9.25e-01   5.83e-01   3.21e+00   3.07e+00 (  1.04e+02,  2.35e+02)
70      0.287   7.16e-01   1.03e+00   6.57e-01   4.16e+00   4.07e+00 (  9.94e+01,  2.28e+02)
75      0.345   8.45e-01   1.14e+00   7.28e-01   5.13e+00   5.01e+00 (  9.66e+01,  2.20e+02)
80      0.385   9.55e-01   1.23e+00   7.67e-01   5.85e+00   5.78e+00 (  9.19e+01,  2.11e+02)
85      0.419   1.07e+00   1.30e+00   7.79e-01   6.47e+00   6.31e+00 (  8.68e+01,  2.02e+02)
90      0.873   2.01e+00   2.95e+00   1.99e+00   1.85e+01   6.59e+00 (  4.35e+02,  1.93e+02)
95      1.118   1.79e+00   2.73e+00   2.16e+00   3.69e+01   6.68e+00 (  1.13e+03,  1.84e+02)
20 n: 2.325e-05 e: 6.491e-05 i: 6.134e-05 :: e: 4.513e-02 i: 2.337e-02 :: n: 2.084e+01 e:19.603 i:18.404 v:4.993e+03
>>> tau_he = 5.000000, nhe(0)=1.508516e+00
 5     -0.094  -1.62e-03  -3.25e-03  -4.13e-04  -3.20e-03   4.01e-05 ( -3.19e-01,  3.68e+01)
10     -2.262   6.56e-03   3.73e-02  -1.28e-02  -4.22e-01   2.37e-04 (  2.48e+00,  7.23e+01)
15     -0.972   7.26e-02   1.67e-02   6.71e-02  -1.08e+00   1.02e-03 (  3.00e+01,  1.06e+02)
20     -0.071   1.22e-01   5.95e-02   1.30e-01  -3.04e-01   3.73e-03 (  5.03e+01,  1.36e+02)
25      0.012   1.68e-01   1.39e-01   1.63e-01   6.03e-02   1.20e-02 (  6.68e+01,  1.64e+02)
30      0.004   2.09e-01   2.07e-01   2.67e-01   2.18e-02   3.43e-02 (  7.87e+01,  1.88e+02)
35      0.047   2.71e-01   2.74e-01   2.21e-01   2.70e-01   8.78e-02 (  9.38e+01,  2.07e+02)
40      0.082   3.11e-01   3.50e-01   2.89e-01   5.19e-01   2.02e-01 (  1.00e+02,  2.22e+02)
45      0.113   3.74e-01   4.49e-01   3.69e-01   7.87e-01   4.22e-01 (  1.09e+02,  2.33e+02)
50      0.123   4.13e-01   5.32e-01   4.43e-01   9.84e-01   7.96e-01 (  1.11e+02,  2.39e+02)
55      0.126   4.39e-01   6.15e-01   3.96e-01   1.35e+00   1.37e+00 (  1.07e+02,  2.41e+02)
60      0.163   5.02e-01   7.39e-01   4.38e-01   2.10e+00   2.14e+00 (  1.05e+02,  2.40e+02)
65      0.231   6.18e-01   9.34e-01   5.89e-01   3.19e+00   3.07e+00 (  1.06e+02,  2.35e+02)
70      0.288   7.20e-01   1.04e+00   6.66e-01   4.15e+00   4.07e+00 (  1.01e+02,  2.28e+02)
75      0.346   8.47e-01   1.16e+00   7.38e-01   5.13e+00   5.01e+00 (  9.85e+01,  2.20e+02)
80      0.386   9.55e-01   1.24e+00   7.79e-01   5.85e+00   5.78e+00 (  9.37e+01,  2.11e+02)
85      0.420   1.06e+00   1.32e+00   7.92e-01   6.47e+00   6.31e+00 (  8.83e+01,  2.02e+02)
90      0.873   2.01e+00   2.96e+00   2.00e+00   1.85e+01   6.59e+00 (  4.37e+02,  1.93e+02)
95      1.118   1.79e+00   2.73e+00   2.16e+00   3.69e+01   6.68e+00 (  1.13e+03,  1.84e+02)
21 n: 1.880e-05 e: 4.601e-05 i: 3.381e-05 :: e: 4.544e-02 i: 2.443e-02 :: n: 2.084e+01 e:19.746 i:18.554 v:4.993e+03
>>> tau_he = 5.000000, nhe(0)=1.513889e+00
 5     -0.096  -1.66e-03  -3.29e-03  -4.20e-04  -3.28e-03   4.01e-05 ( -3.30e-01,  3.68e+01)
10     -2.301   6.74e-03   3.79e-02  -1.30e-02  -4.30e-01   2.37e-04 (  2.56e+00,  7.23e+01)
15     -0.988   7.40e-02   1.75e-02   6.94e-02  -1.10e+00   1.02e-03 (  3.06e+01,  1.06e+02)
20     -0.076   1.24e-01   6.20e-02   1.35e-01  -3.20e-01   3.73e-03 (  5.12e+01,  1.36e+02)
25     -0.004   1.66e-01   1.49e-01   1.58e-01  -2.23e-02   1.20e-02 (  6.60e+01,  1.64e+02)
30      0.005   2.12e-01   2.09e-01   2.69e-01   2.43e-02   3.43e-02 (  8.00e+01,  1.88e+02)
35      0.048   2.74e-01   2.77e-01   2.24e-01   2.73e-01   8.78e-02 (  9.55e+01,  2.07e+02)
40      0.083   3.15e-01   3.54e-01   2.93e-01   5.26e-01   2.02e-01 (  1.02e+02,  2.22e+02)
45      0.115   3.77e-01   4.54e-01   3.73e-01   7.95e-01   4.22e-01 (  1.11e+02,  2.33e+02)
50      0.124   4.17e-01   5.38e-01   4.47e-01   9.91e-01   7.96e-01 (  1.12e+02,  2.39e+02)
55      0.127   4.44e-01   6.23e-01   4.01e-01   1.35e+00   1.37e+00 (  1.09e+02,  2.41e+02)
60      0.163   5.07e-01   7.46e-01   4.43e-01   2.09e+00   2.14e+00 (  1.07e+02,  2.40e+02)
65      0.231   6.21e-01   9.41e-01   5.95e-01   3.17e+00   3.07e+00 (  1.08e+02,  2.35e+02)
70      0.288   7.23e-01   1.05e+00   6.73e-01   4.13e+00   4.07e+00 (  1.03e+02,  2.28e+02)
75      0.346   8.49e-01   1.17e+00   7.46e-01   5.12e+00   5.01e+00 (  1.00e+02,  2.20e+02)
80      0.387   9.56e-01   1.25e+00   7.88e-01   5.85e+00   5.78e+00 (  9.52e+01,  2.11e+02)
85      0.420   1.06e+00   1.33e+00   8.03e-01   6.47e+00   6.31e+00 (  8.98e+01,  2.02e+02)
90      0.873   2.01e+00   2.96e+00   2.00e+00   1.85e+01   6.59e+00 (  4.38e+02,  1.93e+02)
95      1.118   1.79e+00   2.73e+00   2.16e+00   3.69e+01   6.68e+00 (  1.13e+03,  1.84e+02)
22 n: 1.475e-05 e: 2.569e-05 i: 2.000e-05 :: e: 4.372e-02 i: 2.772e-02 :: n: 2.081e+01 e:19.855 i:18.660 v:4.993e+03
>>> tau_he = 5.000000, nhe(0)=1.520871e+00
 5     -0.098  -1.69e-03  -3.32e-03  -4.24e-04  -3.34e-03   4.01e-05 ( -3.38e-01,  3.68e+01)
10     -2.190   5.69e-03   3.21e-02  -1.24e-02  -4.10e-01   2.37e-04 (  2.18e+00,  7.23e+01)
15     -0.993   7.50e-02   1.82e-02   7.11e-02  -1.11e+00   1.02e-03 (  3.10e+01,  1.06e+02)
20     -0.067   1.25e-01   6.40e-02   1.29e-01  -2.89e-01   3.73e-03 (  5.16e+01,  1.36e+02)
25      0.008   1.56e-01   1.16e-01   1.60e-01   4.49e-02   1.20e-02 (  6.24e+01,  1.64e+02)
30      0.005   2.13e-01   2.10e-01   2.69e-01   2.84e-02   3.43e-02 (  8.06e+01,  1.88e+02)
35      0.049   2.76e-01   2.79e-01   2.25e-01   2.77e-01   8.78e-02 (  9.61e+01,  2.07e+02)
40      0.084   3.17e-01   3.56e-01   2.95e-01   5.33e-01   2.02e-01 (  1.03e+02,  2.22e+02)
45      0.116   3.79e-01   4.56e-01   3.75e-01   8.02e-01   4.22e-01 (  1.11e+02,  2.33e+02)
50      0.125   4.19e-01   5.41e-01   4.49e-01   9.97e-01   7.96e-01 (  1.13e+02,  2.39e+02)
55      0.127   4.47e-01   6.27e-01   4.05e-01   1.35e+00   1.37e+00 (  1.10e+02,  2.41e+02)
60      0.163   5.10e-01   7.50e-01   4.47e-01   2.08e+00   2.14e+00 (  1.08e+02,  2.40e+02)
65      0.230   6.23e-01   9.46e-01   5.98e-01   3.14e+00   3.07e+00 (  1.09e+02,  2.35e+02)
70      0.288   7.25e-01   1.06e+00   6.78e-01   4.12e+00   4.07e+00 (  1.04e+02,  2.28e+02)
75      0.347   8.50e-01   1.17e+00   7.53e-01   5.11e+00   5.01e+00 (  1.01e+02,  2.20e+02)
80      0.387   9.56e-01   1.26e+00   7.96e-01   5.85e+00   5.78e+00 (  9.64e+01,  2.11e+02)
85      0.421   1.06e+00   1.34e+00   8.12e-01   6.47e+00   6.31e+00 (  9.09e+01,  2.02e+02)
90      0.873   2.01e+00   2.96e+00   2.00e+00   1.84e+01   6.59e+00 (  4.40e+02,  1.93e+02)
95      1.118   1.79e+00   2.73e+00   2.16e+00   3.69e+01   6.68e+00 (  1.13e+03,  1.84e+02)
23 n: 1.123e-05 e: 1.895e-05 i: 1.312e-05 :: e: 4.004e-02 i: 2.797e-02 :: n: 2.081e+01 e:19.916 i:18.730 v:4.993e+03
>>> tau_he = 5.000000, nhe(0)=1.520345e+00
 5     -0.099  -1.71e-03  -3.33e-03  -4.27e-04  -3.38e-03   4.01e-05 ( -3.42e-01,  3.68e+01)
10     -2.206   5.80e-03   3.24e-02  -1.25e-02  -4.14e-01   2.37e-04 (  2.22e+00,  7.23e+01)
15     -0.992   7.53e-02   1.84e-02   7.18e-02  -1.11e+00   1.02e-03 (  3.10e+01,  1.06e+02)
20     -0.071   1.26e-01   6.54e-02   1.32e-01  -3.01e-01   3.73e-03 (  5.18e+01,  1.36e+02)
25     -0.009   1.54e-01   1.29e-01   1.60e-01  -4.35e-02   1.20e-02 (  6.16e+01,  1.64e+02)
30      0.004   2.14e-01   2.12e-01   2.72e-01   2.14e-02   3.43e-02 (  8.11e+01,  1.88e+02)
35      0.049   2.76e-01   2.80e-01   2.26e-01   2.80e-01   8.78e-02 (  9.64e+01,  2.07e+02)
40      0.085   3.17e-01   3.58e-01   2.96e-01   5.37e-01   2.02e-01 (  1.03e+02,  2.22e+02)
45      0.116   3.80e-01   4.58e-01   3.76e-01   8.06e-01   4.22e-01 (  1.11e+02,  2.33e+02)
50      0.126   4.20e-01   5.42e-01   4.51e-01   1.00e+00   7.96e-01 (  1.13e+02,  2.39e+02)
55      0.128   4.48e-01   6.29e-01   4.07e-01   1.35e+00   1.37e+00 (  1.11e+02,  2.41e+02)
60      0.162   5.11e-01   7.52e-01   4.48e-01   2.07e+00   2.14e+00 (  1.09e+02,  2.40e+02)
65      0.230   6.23e-01   9.48e-01   6.00e-01   3.12e+00   3.07e+00 (  1.09e+02,  2.35e+02)
70      0.288   7.26e-01   1.06e+00   6.81e-01   4.10e+00   4.07e+00 (  1.05e+02,  2.28e+02)
75      0.346   8.51e-01   1.18e+00   7.57e-01   5.09e+00   5.01e+00 (  1.02e+02,  2.20e+02)
80      0.387   9.55e-01   1.27e+00   8.02e-01   5.84e+00   5.78e+00 (  9.73e+01,  2.11e+02)
85      0.420   1.06e+00   1.34e+00   8.19e-01   6.46e+00   6.31e+00 (  9.19e+01,  2.02e+02)
90      0.873   2.01e+00   2.96e+00   2.00e+00   1.84e+01   6.59e+00 (  4.41e+02,  1.93e+02)
95      1.118   1.79e+00   2.73e+00   2.16e+00   3.69e+01   6.68e+00 (  1.13e+03,  1.84e+02)
24 n: 8.102e-06 e: 1.207e-05 i: 5.780e-06 :: e: 3.701e-02 i: 2.606e-02 :: n: 2.078e+01 e:19.957 i:18.779 v:4.993e+03
>>> tau_he = 5.000000, nhe(0)=1.524161e+00
 5     -0.100  -1.71e-03  -3.34e-03  -4.29e-04  -3.41e-03   4.01e-05 ( -3.44e-01,  3.68e+01)
10     -2.217   5.90e-03   3.25e-02  -1.26e-02  -4.17e-01   2.37e-04 (  2.27e+00,  7.23e+01)
15     -0.987   7.56e-02   1.86e-02   7.26e-02  -1.11e+00   1.02e-03 (  3.11e+01,  1.06e+02)
20     -0.062   1.26e-01   6.48e-02   1.29e-01  -2.72e-01   3.73e-03 (  5.17e+01,  1.36e+02)
25      0.002   1.55e-01   1.29e-01   1.53e-01   8.25e-03   1.20e-02 (  6.22e+01,  1.64e+02)
30      0.006   2.14e-01   2.12e-01   2.70e-01   3.42e-02   3.43e-02 (  8.10e+01,  1.88e+02)
35      0.050   2.76e-01   2.80e-01   2.26e-01   2.83e-01   8.78e-02 (  9.60e+01,  2.07e+02)
40      0.085   3.17e-01   3.58e-01   2.96e-01   5.39e-01   2.02e-01 (  1.02e+02,  2.22e+02)
45      0.117   3.79e-01   4.58e-01   3.76e-01   8.09e-01   4.22e-01 (  1.11e+02,  2.33e+02)
50      0.126   4.20e-01   5.42e-01   4.51e-01   1.00e+00   7.96e-01 (  1.13e+02,  2.39e+02)
55      0.128   4.48e-01   6.29e-01   4.08e-01   1.34e+00   1.37e+00 (  1.11e+02,  2.41e+02)
60      0.162   5.11e-01   7.52e-01   4.49e-01   2.05e+00   2.14e+00 (  1.09e+02,  2.40e+02)
65      0.229   6.23e-01   9.49e-01   6.01e-01   3.10e+00   3.07e+00 (  1.10e+02,  2.35e+02)
70      0.287   7.26e-01   1.06e+00   6.84e-01   4.08e+00   4.07e+00 (  1.05e+02,  2.28e+02)
75      0.346   8.50e-01   1.18e+00   7.60e-01   5.07e+00   5.01e+00 (  1.03e+02,  2.20e+02)
80      0.387   9.54e-01   1.27e+00   8.06e-01   5.82e+00   5.78e+00 (  9.80e+01,  2.11e+02)
85      0.420   1.05e+00   1.35e+00   8.24e-01   6.45e+00   6.31e+00 (  9.26e+01,  2.02e+02)
90      0.873   2.01e+00   2.96e+00   2.01e+00   1.84e+01   6.59e+00 (  4.41e+02,  1.93e+02)
95      1.118   1.79e+00   2.73e+00   2.16e+00   3.69e+01   6.68e+00 (  1.13e+03,  1.84e+02)
25 n: 5.613e-06 e: 8.828e-06 i: 3.180e-06 :: e: 3.340e-02 i: 2.379e-02 :: n: 2.079e+01 e:19.967 i:18.803 v:4.993e+03
>>> tau_he = 5.000000, nhe(0)=1.521484e+00
 5     -0.100  -1.71e-03  -3.34e-03  -4.31e-04  -3.43e-03   4.01e-05 ( -3.46e-01,  3.68e+01)
10     -2.350   7.14e-03   3.86e-02  -1.34e-02  -4.43e-01   2.37e-04 (  2.75e+00,  7.23e+01)
15     -0.980   7.56e-02   1.87e-02   7.31e-02  -1.10e+00   1.02e-03 (  3.10e+01,  1.06e+02)
20     -0.056   1.26e-01   6.43e-02   1.30e-01  -2.44e-01   3.73e-03 (  5.14e+01,  1.36e+02)
25     -0.001   1.56e-01   1.31e-01   1.57e-01  -6.58e-03   1.20e-02 (  6.25e+01,  1.64e+02)
30      0.005   2.14e-01   2.13e-01   2.72e-01   2.75e-02   3.43e-02 (  8.10e+01,  1.88e+02)
35      0.050   2.75e-01   2.80e-01   2.26e-01   2.85e-01   8.78e-02 (  9.56e+01,  2.07e+02)
40      0.085   3.16e-01   3.58e-01   2.96e-01   5.41e-01   2.02e-01 (  1.02e+02,  2.22e+02)
45      0.117   3.78e-01   4.57e-01   3.76e-01   8.11e-01   4.22e-01 (  1.10e+02,  2.33e+02)
50      0.126   4.19e-01   5.42e-01   4.51e-01   1.00e+00   7.96e-01 (  1.12e+02,  2.39e+02)
55      0.127   4.48e-01   6.28e-01   4.08e-01   1.33e+00   1.37e+00 (  1.10e+02,  2.41e+02)
60      0.161   5.10e-01   7.51e-01   4.49e-01   2.04e+00   2.14e+00 (  1.09e+02,  2.40e+02)
65      0.228   6.22e-01   9.48e-01   6.01e-01   3.08e+00   3.07e+00 (  1.09e+02,  2.35e+02)
70      0.286   7.25e-01   1.06e+00   6.85e-01   4.06e+00   4.07e+00 (  1.06e+02,  2.28e+02)
75      0.345   8.49e-01   1.19e+00   7.61e-01   5.06e+00   5.01e+00 (  1.03e+02,  2.20e+02)
80      0.387   9.53e-01   1.27e+00   8.09e-01   5.81e+00   5.78e+00 (  9.84e+01,  2.11e+02)
85      0.420   1.05e+00   1.35e+00   8.27e-01   6.44e+00   6.31e+00 (  9.32e+01,  2.02e+02)
90      0.873   2.01e+00   2.96e+00   2.01e+00   1.84e+01   6.59e+00 (  4.42e+02,  1.93e+02)
95      1.118   1.79e+00   2.73e+00   2.16e+00   3.69e+01   6.68e+00 (  1.13e+03,  1.84e+02)
26 n: 3.721e-06 e: 6.907e-06 i: 2.646e-06 :: e: 3.012e-02 i: 2.161e-02 :: n: 2.077e+01 e:19.968 i:18.807 v:4.993e+03
>>> tau_he = 5.000000, nhe(0)=1.521725e+00
 5     -0.100  -1.71e-03  -3.34e-03  -4.31e-04  -3.45e-03   4.01e-05 ( -3.45e-01,  3.68e+01)
10     -2.201   6.01e-03   3.24e-02  -1.25e-02  -4.16e-01   2.37e-04 (  2.31e+00,  7.23e+01)
15     -0.968   7.52e-02   1.85e-02   7.28e-02  -1.09e+00   1.02e-03 (  3.07e+01,  1.06e+02)
20     -0.049   1.25e-01   6.36e-02   1.27e-01  -2.17e-01   3.73e-03 (  5.11e+01,  1.36e+02)
25      0.005   1.56e-01   1.31e-01   1.50e-01   3.00e-02   1.20e-02 (  6.25e+01,  1.64e+02)
30      0.005   2.13e-01   2.12e-01   2.72e-01   2.78e-02   3.43e-02 (  8.05e+01,  1.88e+02)
35      0.051   2.74e-01   2.80e-01   2.26e-01   2.87e-01   8.78e-02 (  9.48e+01,  2.07e+02)
40      0.086   3.15e-01   3.57e-01   2.96e-01   5.43e-01   2.02e-01 (  1.01e+02,  2.22e+02)
45      0.117   3.76e-01   4.56e-01   3.76e-01   8.12e-01   4.22e-01 (  1.09e+02,  2.33e+02)
50      0.127   4.17e-01   5.40e-01   4.51e-01   1.00e+00   7.96e-01 (  1.11e+02,  2.39e+02)
55      0.127   4.46e-01   6.26e-01   4.08e-01   1.33e+00   1.37e+00 (  1.09e+02,  2.41e+02)
60      0.161   5.09e-01   7.49e-01   4.48e-01   2.03e+00   2.14e+00 (  1.08e+02,  2.40e+02)
65      0.227   6.20e-01   9.46e-01   6.00e-01   3.06e+00   3.07e+00 (  1.09e+02,  2.35e+02)
70      0.286   7.25e-01   1.06e+00   6.85e-01   4.04e+00   4.07e+00 (  1.06e+02,  2.28e+02)
75      0.345   8.48e-01   1.19e+00   7.62e-01   5.04e+00   5.01e+00 (  1.03e+02,  2.20e+02)
80      0.386   9.52e-01   1.27e+00   8.10e-01   5.80e+00   5.78e+00 (  9.86e+01,  2.11e+02)
85      0.420   1.05e+00   1.35e+00   8.30e-01   6.43e+00   6.31e+00 (  9.38e+01,  2.02e+02)
90      0.873   2.01e+00   2.96e+00   2.01e+00   1.84e+01   6.59e+00 (  4.42e+02,  1.93e+02)
95      1.118   1.79e+00   2.73e+00   2.16e+00   3.69e+01   6.68e+00 (  1.13e+03,  1.84e+02)
27 n: 2.419e-06 e: 5.342e-06 i: 2.239e-06 :: e: 2.609e-02 i: 1.809e-02 :: n: 2.078e+01 e:19.944 i:18.797 v:4.993e+03
>>> tau_he = 5.000000, nhe(0)=1.516428e+00
 5     -0.100  -1.70e-03  -3.33e-03  -4.31e-04  -3.45e-03   4.01e-05 ( -3.43e-01,  3.68e+01)
10     -2.192   6.03e-03   3.24e-02  -1.25e-02  -4.14e-01   2.37e-04 (  2.31e+00,  7.23e+01)
15     -0.958   7.50e-02   1.85e-02   7.31e-02  -1.08e+00   1.02e-03 (  3.05e+01,  1.06e+02)
20     -0.052   1.25e-01   6.43e-02   1.29e-01  -2.26e-01   3.73e-03 (  5.08e+01,  1.36e+02)
25     -0.000   1.56e-01   1.32e-01   1.58e-01  -1.51e-03   1.20e-02 (  6.24e+01,  1.64e+02)
30      0.005   2.13e-01   2.12e-01   2.73e-01   2.60e-02   3.43e-02 (  8.01e+01,  1.88e+02)
35      0.051   2.73e-01   2.79e-01   2.25e-01   2.88e-01   8.78e-02 (  9.41e+01,  2.07e+02)
40      0.086   3.13e-01   3.56e-01   2.95e-01   5.43e-01   2.02e-01 (  1.00e+02,  2.22e+02)
45      0.117   3.75e-01   4.55e-01   3.75e-01   8.12e-01   4.22e-01 (  1.08e+02,  2.33e+02)
50      0.126   4.15e-01   5.38e-01   4.50e-01   1.00e+00   7.96e-01 (  1.11e+02,  2.39e+02)
55      0.127   4.44e-01   6.24e-01   4.07e-01   1.32e+00   1.37e+00 (  1.09e+02,  2.41e+02)
60      0.160   5.07e-01   7.47e-01   4.47e-01   2.02e+00   2.14e+00 (  1.08e+02,  2.40e+02)
65      0.227   6.19e-01   9.44e-01   5.99e-01   3.04e+00   3.07e+00 (  1.09e+02,  2.35e+02)
70      0.285   7.24e-01   1.06e+00   6.85e-01   4.03e+00   4.07e+00 (  1.05e+02,  2.28e+02)
75      0.344   8.47e-01   1.19e+00   7.62e-01   5.02e+00   5.01e+00 (  1.03e+02,  2.20e+02)
80      0.386   9.51e-01   1.27e+00   8.11e-01   5.78e+00   5.78e+00 (  9.88e+01,  2.11e+02)
85      0.419   1.05e+00   1.35e+00   8.31e-01   6.42e+00   6.31e+00 (  9.41e+01,  2.02e+02)
90      0.872   2.01e+00   2.96e+00   2.01e+00   1.84e+01   6.59e+00 (  4.43e+02,  1.93e+02)
95      1.118   1.79e+00   2.73e+00   2.16e+00   3.69e+01   6.68e+00 (  1.13e+03,  1.84e+02)
28 n: 1.501e-06 e: 5.357e-06 i: 2.171e-06 :: e: 2.273e-02 i: 1.534e-02 :: n: 2.075e+01 e:19.920 i:18.777 v:4.993e+03
>>> tau_he = 5.000000, nhe(0)=1.516160e+00
 5     -0.100  -1.69e-03  -3.32e-03  -4.30e-04  -3.44e-03   4.01e-05 ( -3.40e-01,  3.68e+01)
10     -2.179   6.05e-03   3.22e-02  -1.24e-02  -4.13e-01   2.37e-04 (  2.32e+00,  7.23e+01)
15     -0.946   7.46e-02   1.83e-02   7.30e-02  -1.07e+00   1.02e-03 (  3.02e+01,  1.06e+02)
20     -0.045   1.24e-01   6.32e-02   1.26e-01  -1.99e-01   3.73e-03 (  5.03e+01,  1.36e+02)
25      0.007   1.56e-01   1.31e-01   1.50e-01   3.68e-02   1.20e-02 (  6.21e+01,  1.64e+02)
30      0.006   2.12e-01   2.11e-01   2.72e-01   3.02e-02   3.43e-02 (  7.94e+01,  1.88e+02)
35      0.051   2.71e-01   2.78e-01   2.25e-01   2.89e-01   8.78e-02 (  9.31e+01,  2.07e+02)
40      0.086   3.12e-01   3.55e-01   2.94e-01   5.43e-01   2.02e-01 (  9.93e+01,  2.22e+02)
45      0.117   3.73e-01   4.53e-01   3.74e-01   8.12e-01   4.22e-01 (  1.07e+02,  2.33e+02)
50      0.126   4.13e-01   5.36e-01   4.49e-01   1.00e+00   7.96e-01 (  1.10e+02,  2.39e+02)
55      0.127   4.42e-01   6.22e-01   4.07e-01   1.32e+00   1.37e+00 (  1.08e+02,  2.41e+02)
60      0.160   5.06e-01   7.44e-01   4.45e-01   2.01e+00   2.14e+00 (  1.07e+02,  2.40e+02)
65      0.226   6.17e-01   9.42e-01   5.98e-01   3.03e+00   3.07e+00 (  1.08e+02,  2.35e+02)
70      0.284   7.22e-01   1.06e+00   6.84e-01   4.01e+00   4.07e+00 (  1.05e+02,  2.28e+02)
75      0.344   8.46e-01   1.18e+00   7.62e-01   5.01e+00   5.01e+00 (  1.03e+02,  2.20e+02)
80      0.386   9.50e-01   1.27e+00   8.11e-01   5.77e+00   5.78e+00 (  9.88e+01,  2.11e+02)
85      0.419   1.05e+00   1.35e+00   8.32e-01   6.41e+00   6.31e+00 (  9.43e+01,  2.02e+02)
90      0.872   2.01e+00   2.96e+00   2.01e+00   1.84e+01   6.59e+00 (  4.43e+02,  1.93e+02)
95      1.118   1.79e+00   2.73e+00   2.16e+00   3.69e+01   6.68e+00 (  1.13e+03,  1.84e+02)
29 n: 9.344e-07 e: 3.804e-06 i: 2.265e-06 :: e: 1.932e-02 i: 1.246e-02 :: n: 2.076e+01 e:19.881 i:18.753 v:4.993e+03
>>> tau_he = 5.000000, nhe(0)=1.510384e+00
 5     -0.099  -1.68e-03  -3.31e-03  -4.29e-04  -3.44e-03   4.01e-05 ( -3.38e-01,  3.68e+01)
10     -2.165   6.05e-03   3.21e-02  -1.24e-02  -4.11e-01   2.37e-04 (  2.31e+00,  7.23e+01)
15     -0.935   7.43e-02   1.82e-02   7.29e-02  -1.06e+00   1.02e-03 (  2.99e+01,  1.06e+02)
20     -0.048   1.24e-01   6.36e-02   1.28e-01  -2.10e-01   3.73e-03 (  4.98e+01,  1.36e+02)
25      0.001   1.55e-01   1.32e-01   1.58e-01   4.10e-03   1.20e-02 (  6.19e+01,  1.64e+02)
30      0.005   2.11e-01   2.10e-01   2.72e-01   2.66e-02   3.43e-02 (  7.89e+01,  1.88e+02)
35      0.051   2.70e-01   2.77e-01   2.24e-01   2.90e-01   8.78e-02 (  9.24e+01,  2.07e+02)
40      0.086   3.10e-01   3.54e-01   2.93e-01   5.42e-01   2.02e-01 (  9.85e+01,  2.22e+02)
45      0.117   3.71e-01   4.52e-01   3.74e-01   8.11e-01   4.22e-01 (  1.06e+02,  2.33e+02)
50      0.127   4.09e-01   5.35e-01   4.48e-01   1.00e+00   7.96e-01 (  1.08e+02,  2.39e+02)
55      0.127   4.40e-01   6.19e-01   4.06e-01   1.31e+00   1.37e+00 (  1.07e+02,  2.41e+02)
60      0.160   5.04e-01   7.42e-01   4.44e-01   2.00e+00   2.14e+00 (  1.06e+02,  2.40e+02)
65      0.225   6.15e-01   9.39e-01   5.97e-01   3.02e+00   3.07e+00 (  1.07e+02,  2.35e+02)
70      0.284   7.21e-01   1.06e+00   6.83e-01   4.00e+00   4.07e+00 (  1.05e+02,  2.28e+02)
75      0.343   8.45e-01   1.18e+00   7.61e-01   5.00e+00   5.01e+00 (  1.03e+02,  2.20e+02)
80      0.385   9.49e-01   1.27e+00   8.10e-01   5.76e+00   5.78e+00 (  9.88e+01,  2.11e+02)
85      0.419   1.05e+00   1.35e+00   8.32e-01   6.41e+00   6.31e+00 (  9.46e+01,  2.02e+02)
90      0.872   2.01e+00   2.96e+00   2.01e+00   1.84e+01   6.59e+00 (  4.43e+02,  1.93e+02)
95      1.118   1.79e+00   2.73e+00   2.16e+00   3.69e+01   6.68e+00 (  1.13e+03,  1.84e+02)
30 n: 5.523e-07 e: 3.937e-06 i: 1.921e-06 :: e: 1.598e-02 i: 9.879e-03 :: n: 2.074e+01 e:19.850 i:18.724 v:4.993e+03
>>> tau_he = 5.000000, nhe(0)=1.508478e+00
 5     -0.099  -1.66e-03  -3.30e-03  -4.28e-04  -3.43e-03   4.01e-05 ( -3.35e-01,  3.68e+01)
10     -2.150   6.04e-03   3.20e-02  -1.23e-02  -4.08e-01   2.37e-04 (  2.31e+00,  7.23e+01)
15     -0.924   7.39e-02   1.81e-02   7.28e-02  -1.05e+00   1.02e-03 (  2.96e+01,  1.06e+02)
20     -0.044   1.23e-01   6.30e-02   1.27e-01  -1.96e-01   3.73e-03 (  4.94e+01,  1.36e+02)
25      0.003   1.55e-01   1.31e-01   1.55e-01   1.83e-02   1.20e-02 (  6.15e+01,  1.64e+02)
30      0.006   2.10e-01   2.09e-01   2.71e-01   2.95e-02   3.43e-02 (  7.83e+01,  1.88e+02)
35      0.051   2.68e-01   2.76e-01   2.23e-01   2.91e-01   8.78e-02 (  9.15e+01,  2.07e+02)
40      0.086   3.08e-01   3.53e-01   2.92e-01   5.42e-01   2.02e-01 (  9.76e+01,  2.22e+02)
45      0.117   3.69e-01   4.50e-01   3.73e-01   8.11e-01   4.22e-01 (  1.06e+02,  2.33e+02)
50      0.127   4.07e-01   5.33e-01   4.47e-01   1.00e+00   7.96e-01 (  1.07e+02,  2.39e+02)
55      0.126   4.38e-01   6.17e-01   4.05e-01   1.31e+00   1.37e+00 (  1.06e+02,  2.41e+02)
60      0.159   5.02e-01   7.39e-01   4.43e-01   2.00e+00   2.14e+00 (  1.06e+02,  2.40e+02)
65      0.225   6.13e-01   9.37e-01   5.95e-01   3.01e+00   3.07e+00 (  1.07e+02,  2.35e+02)
70      0.283   7.20e-01   1.06e+00   6.82e-01   3.99e+00   4.07e+00 (  1.04e+02,  2.28e+02)
75      0.343   8.44e-01   1.18e+00   7.60e-01   4.99e+00   5.01e+00 (  1.03e+02,  2.20e+02)
80      0.385   9.49e-01   1.27e+00   8.10e-01   5.76e+00   5.78e+00 (  9.88e+01,  2.11e+02)
85      0.418   1.05e+00   1.35e+00   8.32e-01   6.40e+00   6.31e+00 (  9.47e+01,  2.02e+02)
90      0.872   2.01e+00   2.96e+00   2.01e+00   1.84e+01   6.59e+00 (  4.43e+02,  1.93e+02)
95      1.118   1.79e+00   2.73e+00   2.16e+00   3.69e+01   6.68e+00 (  1.13e+03,  1.84e+02)
31 n: 3.713e-07 e: 2.492e-06 i: 1.847e-06 :: e: 1.333e-02 i: 7.430e-03 :: n: 2.074e+01 e:19.810 i:18.697 v:4.993e+03
>>> tau_he = 5.000000, nhe(0)=1.503240e+00
 5     -0.099  -1.66e-03  -3.29e-03  -4.27e-04  -3.41e-03   4.01e-05 ( -3.32e-01,  3.68e+01)
10     -2.136   6.02e-03   3.18e-02  -1.22e-02  -4.06e-01   2.37e-04 (  2.29e+00,  7.23e+01)
15     -0.915   7.35e-02   1.79e-02   7.27e-02  -1.04e+00   1.02e-03 (  2.94e+01,  1.06e+02)
20     -0.048   1.24e-01   6.32e-02   1.29e-01  -2.07e-01   3.73e-03 (  4.95e+01,  1.36e+02)
25     -0.003   1.54e-01   1.32e-01   1.61e-01  -1.77e-02   1.20e-02 (  6.11e+01,  1.64e+02)
30      0.005   2.09e-01   2.08e-01   2.71e-01   2.61e-02   3.43e-02 (  7.78e+01,  1.88e+02)
35      0.051   2.67e-01   2.75e-01   2.23e-01   2.91e-01   8.78e-02 (  9.09e+01,  2.07e+02)
40      0.085   3.07e-01   3.52e-01   2.91e-01   5.41e-01   2.02e-01 (  9.69e+01,  2.22e+02)
45      0.117   3.68e-01   4.49e-01   3.72e-01   8.10e-01   4.22e-01 (  1.05e+02,  2.33e+02)
50      0.127   4.05e-01   5.31e-01   4.46e-01   1.00e+00   7.96e-01 (  1.06e+02,  2.39e+02)
55      0.126   4.37e-01   6.15e-01   4.04e-01   1.30e+00   1.37e+00 (  1.05e+02,  2.41e+02)
60      0.159   5.01e-01   7.38e-01   4.41e-01   2.00e+00   2.14e+00 (  1.05e+02,  2.40e+02)
65      0.225   6.12e-01   9.35e-01   5.94e-01   3.00e+00   3.07e+00 (  1.06e+02,  2.35e+02)
70      0.283   7.19e-01   1.05e+00   6.80e-01   3.99e+00   4.07e+00 (  1.04e+02,  2.28e+02)
75      0.342   8.44e-01   1.18e+00   7.59e-01   4.98e+00   5.01e+00 (  1.02e+02,  2.20e+02)
80      0.384   9.48e-01   1.27e+00   8.09e-01   5.75e+00   5.78e+00 (  9.87e+01,  2.11e+02)
85      0.418   1.05e+00   1.35e+00   8.31e-01   6.40e+00   6.31e+00 (  9.48e+01,  2.02e+02)
90      0.872   2.01e+00   2.96e+00   2.01e+00   1.84e+01   6.59e+00 (  4.43e+02,  1.93e+02)
95      1.118   1.79e+00   2.73e+00   2.16e+00   3.69e+01   6.68e+00 (  1.13e+03,  1.84e+02)
32 n: 2.602e-07 e: 2.641e-06 i: 1.340e-06 :: e: 1.139e-02 i: 5.420e-03 :: n: 2.072e+01 e:19.780 i:18.668 v:4.993e+03
>>> tau_he = 5.000000, nhe(0)=1.503750e+00
 5     -0.098  -1.64e-03  -3.28e-03  -4.26e-04  -3.40e-03   4.01e-05 ( -3.29e-01,  3.68e+01)
10     -2.121   6.01e-03   3.17e-02  -1.21e-02  -4.04e-01   2.37e-04 (  2.29e+00,  7.23e+01)
15     -0.905   7.31e-02   1.78e-02   7.23e-02  -1.03e+00   1.02e-03 (  2.91e+01,  1.06e+02)
20     -0.038   1.22e-01   6.28e-02   1.34e-01  -1.70e-01   3.73e-03 (  4.86e+01,  1.36e+02)
25      0.005   1.53e-01   1.31e-01   1.53e-01   2.63e-02   1.20e-02 (  6.08e+01,  1.64e+02)
30      0.006   2.08e-01   2.08e-01   2.70e-01   2.98e-02   3.43e-02 (  7.73e+01,  1.88e+02)
35      0.059   2.67e-01   2.73e-01   2.20e-01   3.34e-01   8.78e-02 (  9.07e+01,  2.07e+02)
40      0.085   3.06e-01   3.51e-01   2.90e-01   5.41e-01   2.02e-01 (  9.62e+01,  2.22e+02)
45      0.117   3.66e-01   4.47e-01   3.71e-01   8.09e-01   4.22e-01 (  1.04e+02,  2.33e+02)
50      0.126   4.04e-01   5.29e-01   4.44e-01   9.99e-01   7.96e-01 (  1.06e+02,  2.39e+02)
55      0.126   4.35e-01   6.13e-01   4.03e-01   1.30e+00   1.37e+00 (  1.05e+02,  2.41e+02)
60      0.159   4.99e-01   7.36e-01   4.40e-01   1.99e+00   2.14e+00 (  1.04e+02,  2.40e+02)
65      0.224   6.10e-01   9.33e-01   5.93e-01   3.00e+00   3.07e+00 (  1.06e+02,  2.35e+02)
70      0.283   7.18e-01   1.05e+00   6.79e-01   3.98e+00   4.07e+00 (  1.04e+02,  2.28e+02)
75      0.342   8.43e-01   1.18e+00   7.58e-01   4.98e+00   5.01e+00 (  1.02e+02,  2.20e+02)
80      0.384   9.48e-01   1.27e+00   8.08e-01   5.75e+00   5.78e+00 (  9.86e+01,  2.11e+02)
85      0.418   1.05e+00   1.35e+00   8.31e-01   6.39e+00   6.31e+00 (  9.48e+01,  2.02e+02)
90      0.872   2.01e+00   2.96e+00   2.01e+00   1.84e+01   6.59e+00 (  4.43e+02,  1.93e+02)
95      1.118   1.79e+00   2.73e+00   2.16e+00   3.69e+01   6.68e+00 (  1.13e+03,  1.84e+02)
33 n: 1.975e-07 e: 1.243e-06 i: 1.040e-06 :: e: 9.849e-03 i: 3.726e-03 :: n: 2.074e+01 e:19.745 i:18.644 v:4.993e+03
>>> tau_he = 5.000000, nhe(0)=1.499306e+00
 5     -0.098  -1.64e-03  -3.28e-03  -4.25e-04  -3.39e-03   4.01e-05 ( -3.27e-01,  3.68e+01)
10     -2.108   5.98e-03   3.16e-02  -1.20e-02  -4.02e-01   2.37e-04 (  2.27e+00,  7.23e+01)
15     -0.898   7.28e-02   1.76e-02   7.20e-02  -1.02e+00   1.02e-03 (  2.89e+01,  1.06e+02)
20     -0.045   1.23e-01   6.22e-02   1.28e-01  -1.94e-01   3.73e-03 (  4.88e+01,  1.36e+02)
25     -0.002   1.53e-01   1.31e-01   1.59e-01  -1.04e-02   1.20e-02 (  6.06e+01,  1.64e+02)
30      0.005   2.08e-01   2.07e-01   2.71e-01   2.61e-02   3.43e-02 (  7.70e+01,  1.88e+02)
35      0.058   2.66e-01   2.73e-01   2.20e-01   3.27e-01   8.78e-02 (  9.03e+01,  2.07e+02)
40      0.085   3.05e-01   3.50e-01   2.89e-01   5.40e-01   2.02e-01 (  9.58e+01,  2.22e+02)
45      0.116   3.65e-01   4.47e-01   3.71e-01   8.09e-01   4.22e-01 (  1.04e+02,  2.33e+02)
50      0.126   4.03e-01   5.28e-01   4.43e-01   9.98e-01   7.96e-01 (  1.05e+02,  2.39e+02)
55      0.126   4.34e-01   6.12e-01   4.03e-01   1.30e+00   1.37e+00 (  1.04e+02,  2.41e+02)
60      0.159   4.98e-01   7.35e-01   4.40e-01   1.99e+00   2.14e+00 (  1.04e+02,  2.40e+02)
65      0.224   6.09e-01   9.31e-01   5.92e-01   3.00e+00   3.07e+00 (  1.06e+02,  2.35e+02)
70      0.283   7.17e-01   1.05e+00   6.78e-01   3.98e+00   4.07e+00 (  1.04e+02,  2.28e+02)
75      0.342   8.43e-01   1.18e+00   7.57e-01   4.98e+00   5.01e+00 (  1.02e+02,  2.20e+02)
80      0.384   9.48e-01   1.27e+00   8.07e-01   5.74e+00   5.78e+00 (  9.86e+01,  2.11e+02)
85      0.418   1.05e+00   1.35e+00   8.30e-01   6.39e+00   6.31e+00 (  9.49e+01,  2.02e+02)
90      0.872   2.01e+00   2.96e+00   2.01e+00   1.84e+01   6.59e+00 (  4.43e+02,  1.93e+02)
95      1.118   1.79e+00   2.73e+00   2.16e+00   3.69e+01   6.68e+00 (  1.13e+03,  1.84e+02)
34 n: 1.640e-07 e: 1.359e-06 i: 5.676e-07 :: e: 9.052e-03 i: 2.556e-03 :: n: 2.072e+01 e:19.725 i:18.623 v:4.993e+03
>>> tau_he = 5.000000, nhe(0)=1.500645e+00
 5     -0.097  -1.62e-03  -3.27e-03  -4.24e-04  -3.38e-03   4.01e-05 ( -3.25e-01,  3.68e+01)
10     -2.097   5.97e-03   3.15e-02  -1.20e-02  -4.00e-01   2.37e-04 (  2.26e+00,  7.23e+01)
15     -0.890   7.25e-02   1.74e-02   7.17e-02  -1.01e+00   1.02e-03 (  2.87e+01,  1.06e+02)
20     -0.036   1.22e-01   6.20e-02   1.33e-01  -1.61e-01   3.73e-03 (  4.85e+01,  1.36e+02)
25      0.006   1.53e-01   1.30e-01   1.52e-01   3.15e-02   1.20e-02 (  6.04e+01,  1.64e+02)
30      0.006   2.07e-01   2.07e-01   2.70e-01   2.89e-02   3.43e-02 (  7.67e+01,  1.88e+02)
35      0.058   2.66e-01   2.73e-01   2.20e-01   3.27e-01   8.78e-02 (  8.98e+01,  2.07e+02)
40      0.085   3.04e-01   3.50e-01   2.89e-01   5.40e-01   2.02e-01 (  9.54e+01,  2.22e+02)
45      0.116   3.64e-01   4.46e-01   3.70e-01   8.08e-01   4.22e-01 (  1.03e+02,  2.33e+02)
50      0.126   4.02e-01   5.27e-01   4.43e-01   9.98e-01   7.96e-01 (  1.05e+02,  2.39e+02)
55      0.126   4.33e-01   6.11e-01   4.02e-01   1.30e+00   1.37e+00 (  1.04e+02,  2.41e+02)
60      0.159   4.97e-01   7.34e-01   4.39e-01   1.99e+00   2.14e+00 (  1.04e+02,  2.40e+02)
65      0.224   6.09e-01   9.30e-01   5.91e-01   3.00e+00   3.07e+00 (  1.05e+02,  2.35e+02)
70      0.282   7.16e-01   1.05e+00   6.78e-01   3.98e+00   4.07e+00 (  1.03e+02,  2.28e+02)
75      0.342   8.43e-01   1.18e+00   7.56e-01   4.97e+00   5.01e+00 (  1.02e+02,  2.20e+02)
80      0.384   9.48e-01   1.27e+00   8.07e-01   5.74e+00   5.78e+00 (  9.86e+01,  2.11e+02)
85      0.418   1.05e+00   1.35e+00   8.30e-01   6.39e+00   6.31e+00 (  9.49e+01,  2.02e+02)
90      0.872   2.01e+00   2.96e+00   2.01e+00   1.84e+01   6.59e+00 (  4.43e+02,  1.93e+02)
95      1.118   1.79e+00   2.73e+00   2.16e+00   3.69e+01   6.68e+00 (  1.13e+03,  1.84e+02)
35 n: 1.369e-07 e: 5.345e-07 i: 4.260e-07 :: e: 8.540e-03 i: 2.021e-03 :: n: 2.074e+01 e:19.699 i:18.608 v:4.993e+03
>>> tau_he = 5.000000, nhe(0)=1.497022e+00
 5     -0.097  -1.62e-03  -3.26e-03  -4.23e-04  -3.37e-03   4.01e-05 ( -3.24e-01,  3.68e+01)
10     -2.088   5.95e-03   3.14e-02  -1.19e-02  -3.98e-01   2.37e-04 (  2.25e+00,  7.23e+01)
15     -0.886   7.23e-02   1.73e-02   7.16e-02  -1.01e+00   1.02e-03 (  2.86e+01,  1.06e+02)
20     -0.040   1.22e-01   6.25e-02   1.36e-01  -1.74e-01   3.73e-03 (  4.83e+01,  1.36e+02)
25     -0.000   1.53e-01   1.31e-01   1.60e-01  -6.15e-05   1.20e-02 (  6.03e+01,  1.64e+02)
30      0.005   2.07e-01   2.07e-01   2.70e-01   2.50e-02   3.43e-02 (  7.66e+01,  1.88e+02)
35      0.058   2.65e-01   2.73e-01   2.19e-01   3.27e-01   8.78e-02 (  8.97e+01,  2.07e+02)
40      0.085   3.04e-01   3.49e-01   2.89e-01   5.39e-01   2.02e-01 (  9.52e+01,  2.22e+02)
45      0.116   3.64e-01   4.45e-01   3.70e-01   8.08e-01   4.22e-01 (  1.03e+02,  2.33e+02)
50      0.126   4.01e-01   5.27e-01   4.42e-01   9.97e-01   7.96e-01 (  1.05e+02,  2.39e+02)
55      0.126   4.33e-01   6.11e-01   4.02e-01   1.30e+00   1.37e+00 (  1.04e+02,  2.41e+02)
60      0.159   4.97e-01   7.33e-01   4.38e-01   1.99e+00   2.14e+00 (  1.04e+02,  2.40e+02)
65      0.224   6.08e-01   9.29e-01   5.90e-01   2.99e+00   3.07e+00 (  1.05e+02,  2.35e+02)
70      0.282   7.16e-01   1.05e+00   6.77e-01   3.98e+00   4.07e+00 (  1.03e+02,  2.28e+02)
75      0.342   8.42e-01   1.18e+00   7.56e-01   4.97e+00   5.01e+00 (  1.02e+02,  2.20e+02)
80      0.384   9.48e-01   1.27e+00   8.06e-01   5.74e+00   5.78e+00 (  9.86e+01,  2.11e+02)
85      0.418   1.05e+00   1.35e+00   8.29e-01   6.39e+00   6.31e+00 (  9.50e+01,  2.02e+02)
90      0.872   2.01e+00   2.96e+00   2.01e+00   1.84e+01   6.59e+00 (  4.44e+02,  1.93e+02)
95      1.118   1.79e+00   2.73e+00   2.16e+00   3.69e+01   6.68e+00 (  1.13e+03,  1.84e+02)
36 n: 1.180e-07 e: 6.022e-07 i: 1.708e-07 :: e: 7.991e-03 i: 1.721e-03 :: n: 2.072e+01 e:19.689 i:18.594 v:4.993e+03
>>> tau_he = 5.000000, nhe(0)=1.499179e+00
 5     -0.097  -1.61e-03  -3.26e-03  -4.22e-04  -3.37e-03   4.01e-05 ( -3.22e-01,  3.68e+01)
10     -2.081   5.94e-03   3.13e-02  -1.19e-02  -3.97e-01   2.37e-04 (  2.25e+00,  7.23e+01)
15     -0.881   7.21e-02   1.72e-02   7.14e-02  -1.00e+00   1.02e-03 (  2.85e+01,  1.06e+02)
20     -0.034   1.22e-01   6.16e-02   1.32e-01  -1.53e-01   3.73e-03 (  4.82e+01,  1.36e+02)
25      0.007   1.53e-01   1.30e-01   1.51e-01   3.64e-02   1.20e-02 (  6.02e+01,  1.64e+02)
30      0.006   2.07e-01   2.06e-01   2.70e-01   2.93e-02   3.43e-02 (  7.63e+01,  1.88e+02)
35      0.058   2.65e-01   2.72e-01   2.19e-01   3.27e-01   8.78e-02 (  8.94e+01,  2.07e+02)
40      0.085   3.03e-01   3.49e-01   2.88e-01   5.39e-01   2.02e-01 (  9.50e+01,  2.22e+02)
45      0.116   3.63e-01   4.45e-01   3.70e-01   8.08e-01   4.22e-01 (  1.03e+02,  2.33e+02)
50      0.126   4.01e-01   5.26e-01   4.42e-01   9.97e-01   7.96e-01 (  1.04e+02,  2.39e+02)
55      0.126   4.32e-01   6.10e-01   4.02e-01   1.30e+00   1.37e+00 (  1.03e+02,  2.41e+02)
60      0.159   4.96e-01   7.33e-01   4.38e-01   1.99e+00   2.14e+00 (  1.03e+02,  2.40e+02)
65      0.224   6.08e-01   9.29e-01   5.90e-01   2.99e+00   3.07e+00 (  1.05e+02,  2.35e+02)
70      0.282   7.16e-01   1.05e+00   6.77e-01   3.98e+00   4.07e+00 (  1.03e+02,  2.28e+02)
75      0.342   8.42e-01   1.18e+00   7.56e-01   4.97e+00   5.01e+00 (  1.02e+02,  2.20e+02)
80      0.384   9.48e-01   1.27e+00   8.06e-01   5.74e+00   5.78e+00 (  9.86e+01,  2.11e+02)
85      0.418   1.05e+00   1.35e+00   8.29e-01   6.39e+00   6.31e+00 (  9.51e+01,  2.02e+02)
90      0.872   2.01e+00   2.96e+00   2.01e+00   1.84e+01   6.59e+00 (  4.44e+02,  1.93e+02)
95      1.118   1.79e+00   2.73e+00   2.16e+00   3.69e+01   6.68e+00 (  1.13e+03,  1.84e+02)
37 n: 9.780e-08 e: 2.436e-07 i: 1.329e-07 :: e: 7.552e-03 i: 1.783e-03 :: n: 2.074e+01 e:19.673 i:18.587 v:4.993e+03
>>> tau_he = 5.000000, nhe(0)=1.496153e+00
 5     -0.097  -1.61e-03  -3.26e-03  -4.22e-04  -3.37e-03   4.01e-05 ( -3.22e-01,  3.68e+01)
10     -2.076   5.92e-03   3.13e-02  -1.18e-02  -3.96e-01   2.37e-04 (  2.24e+00,  7.23e+01)
15     -0.880   7.20e-02   1.72e-02   7.14e-02  -1.00e+00   1.02e-03 (  2.84e+01,  1.06e+02)
20     -0.038   1.22e-01   6.22e-02   1.35e-01  -1.68e-01   3.73e-03 (  4.81e+01,  1.36e+02)
25      0.001   1.53e-01   1.31e-01   1.59e-01   4.36e-03   1.20e-02 (  6.02e+01,  1.64e+02)
30      0.005   2.07e-01   2.06e-01   2.70e-01   2.52e-02   3.43e-02 (  7.64e+01,  1.88e+02)
35      0.058   2.65e-01   2.72e-01   2.19e-01   3.28e-01   8.78e-02 (  8.94e+01,  2.07e+02)
40      0.085   3.03e-01   3.49e-01   2.88e-01   5.39e-01   2.02e-01 (  9.49e+01,  2.22e+02)
45      0.116   3.63e-01   4.45e-01   3.70e-01   8.08e-01   4.22e-01 (  1.03e+02,  2.33e+02)
50      0.126   4.01e-01   5.26e-01   4.42e-01   9.97e-01   7.96e-01 (  1.04e+02,  2.39e+02)
55      0.126   4.32e-01   6.10e-01   4.02e-01   1.30e+00   1.37e+00 (  1.03e+02,  2.41e+02)
60      0.159   4.96e-01   7.33e-01   4.38e-01   1.99e+00   2.14e+00 (  1.03e+02,  2.40e+02)
65      0.224   6.08e-01   9.29e-01   5.90e-01   3.00e+00   3.07e+00 (  1.05e+02,  2.35e+02)
70      0.282   7.16e-01   1.05e+00   6.77e-01   3.98e+00   4.07e+00 (  1.03e+02,  2.28e+02)
75      0.342   8.43e-01   1.18e+00   7.55e-01   4.97e+00   5.01e+00 (  1.02e+02,  2.20e+02)
80      0.384   9.48e-01   1.27e+00   8.05e-01   5.74e+00   5.78e+00 (  9.86e+01,  2.11e+02)
85      0.418   1.05e+00   1.35e+00   8.29e-01   6.39e+00   6.31e+00 (  9.52e+01,  2.02e+02)
90      0.872   2.01e+00   2.96e+00   2.01e+00   1.84e+01   6.59e+00 (  4.44e+02,  1.93e+02)
95      1.118   1.79e+00   2.73e+00   2.16e+00   3.69e+01   6.68e+00 (  1.13e+03,  1.84e+02)
38 n: 6.371e-08 e: 2.599e-07 i: 3.834e-08 :: e: 6.820e-03 i: 1.409e-03 :: n: 2.072e+01 e:19.671 i:18.581 v:4.993e+03
>>> tau_he = 5.000000, nhe(0)=1.497009e+00
 5     -0.097  -1.61e-03  -3.25e-03  -4.22e-04  -3.36e-03   4.01e-05 ( -3.21e-01,  3.68e+01)
10     -2.072   5.92e-03   3.13e-02  -1.18e-02  -3.96e-01   2.37e-04 (  2.24e+00,  7.23e+01)
15     -0.877   7.20e-02   1.72e-02   7.16e-02  -9.99e-01   1.02e-03 (  2.84e+01,  1.06e+02)
20     -0.036   1.22e-01   6.19e-02   1.34e-01  -1.60e-01   3.73e-03 (  4.80e+01,  1.36e+02)
25      0.003   1.52e-01   1.30e-01   1.56e-01   1.68e-02   1.20e-02 (  6.02e+01,  1.64e+02)
30      0.006   2.07e-01   2.06e-01   2.70e-01   2.90e-02   3.43e-02 (  7.62e+01,  1.88e+02)
35      0.058   2.64e-01   2.72e-01   2.19e-01   3.28e-01   8.78e-02 (  8.92e+01,  2.07e+02)
40      0.085   3.03e-01   3.49e-01   2.88e-01   5.39e-01   2.02e-01 (  9.48e+01,  2.22e+02)
45      0.116   3.63e-01   4.45e-01   3.70e-01   8.08e-01   4.22e-01 (  1.03e+02,  2.33e+02)
50      0.126   4.00e-01   5.26e-01   4.42e-01   9.97e-01   7.96e-01 (  1.04e+02,  2.39e+02)
55      0.126   4.32e-01   6.10e-01   4.02e-01   1.30e+00   1.37e+00 (  1.03e+02,  2.41e+02)
60      0.159   4.96e-01   7.33e-01   4.38e-01   1.99e+00   2.14e+00 (  1.03e+02,  2.40e+02)
65      0.224   6.08e-01   9.28e-01   5.90e-01   3.00e+00   3.07e+00 (  1.05e+02,  2.35e+02)
70      0.282   7.16e-01   1.05e+00   6.77e-01   3.98e+00   4.07e+00 (  1.03e+02,  2.28e+02)
75      0.342   8.43e-01   1.18e+00   7.55e-01   4.97e+00   5.01e+00 (  1.02e+02,  2.20e+02)
80      0.384   9.48e-01   1.27e+00   8.05e-01   5.74e+00   5.78e+00 (  9.86e+01,  2.11e+02)
85      0.418   1.05e+00   1.35e+00   8.29e-01   6.39e+00   6.31e+00 (  9.52e+01,  2.02e+02)
90      0.872   2.01e+00   2.96e+00   2.01e+00   1.84e+01   6.59e+00 (  4.44e+02,  1.93e+02)
95      1.118   1.79e+00   2.73e+00   2.16e+00   3.69e+01   6.68e+00 (  1.13e+03,  1.84e+02)
39 n: 6.732e-08 e: 1.367e-07 i: 3.369e-08 :: e: 6.280e-03 i: 1.376e-03 :: n: 2.073e+01 e:19.662 i:18.579 v:4.993e+03
>>> tau_he = 5.000000, nhe(0)=1.494361e+00
 5     -0.097  -1.61e-03  -3.25e-03  -4.22e-04  -3.36e-03   4.01e-05 ( -3.21e-01,  3.68e+01)
10     -2.070   5.91e-03   3.13e-02  -1.18e-02  -3.96e-01   2.37e-04 (  2.23e+00,  7.23e+01)
15     -0.876   7.20e-02   1.73e-02   7.18e-02  -9.98e-01   1.02e-03 (  2.84e+01,  1.06e+02)
20     -0.040   1.22e-01   6.26e-02   1.37e-01  -1.74e-01   3.73e-03 (  4.80e+01,  1.36e+02)
25     -0.004   1.52e-01   1.31e-01   1.62e-01  -1.93e-02   1.20e-02 (  6.01e+01,  1.64e+02)
30      0.005   2.07e-01   2.06e-01   2.70e-01   2.44e-02   3.43e-02 (  7.62e+01,  1.88e+02)
35      0.058   2.64e-01   2.72e-01   2.19e-01   3.28e-01   8.78e-02 (  8.92e+01,  2.07e+02)
40      0.085   3.03e-01   3.49e-01   2.88e-01   5.39e-01   2.02e-01 (  9.48e+01,  2.22e+02)
45      0.116   3.63e-01   4.45e-01   3.70e-01   8.08e-01   4.22e-01 (  1.03e+02,  2.33e+02)
50      0.126   4.00e-01   5.26e-01   4.42e-01   9.97e-01   7.96e-01 (  1.04e+02,  2.39e+02)
55      0.126   4.32e-01   6.10e-01   4.02e-01   1.29e+00   1.37e+00 (  1.03e+02,  2.41e+02)
60      0.159   4.96e-01   7.33e-01   4.38e-01   1.99e+00   2.14e+00 (  1.03e+02,  2.40e+02)
65      0.224   6.08e-01   9.28e-01   5.90e-01   3.00e+00   3.07e+00 (  1.05e+02,  2.35e+02)
70      0.282   7.16e-01   1.05e+00   6.77e-01   3.98e+00   4.07e+00 (  1.03e+02,  2.28e+02)
75      0.342   8.43e-01   1.18e+00   7.55e-01   4.97e+00   5.01e+00 (  1.02e+02,  2.20e+02)
80      0.384   9.48e-01   1.27e+00   8.05e-01   5.74e+00   5.78e+00 (  9.87e+01,  2.11e+02)
85      0.418   1.05e+00   1.35e+00   8.29e-01   6.39e+00   6.31e+00 (  9.53e+01,  2.02e+02)
90      0.872   2.01e+00   2.96e+00   2.01e+00   1.84e+01   6.59e+00 (  4.44e+02,  1.93e+02)
95      1.118   1.79e+00   2.73e+00   2.16e+00   3.69e+01   6.68e+00 (  1.13e+03,  1.84e+02)
40 n: 6.575e-08 e: 1.491e-07 i: 2.226e-08 :: e: 5.579e-03 i: 1.102e-03 :: n: 2.071e+01 e:19.662 i:18.576 v:4.993e+03
>>> tau_he = 5.000000, nhe(0)=1.497362e+00
 5     -0.096  -1.61e-03  -3.25e-03  -4.22e-04  -3.36e-03   4.01e-05 ( -3.21e-01,  3.68e+01)
10     -2.067   5.90e-03   3.13e-02  -1.18e-02  -3.96e-01   2.37e-04 (  2.23e+00,  7.23e+01)
15     -0.874   7.20e-02   1.72e-02   7.17e-02  -9.96e-01   1.02e-03 (  2.84e+01,  1.06e+02)
20     -0.035   1.21e-01   6.17e-02   1.33e-01  -1.54e-01   3.73e-03 (  4.79e+01,  1.36e+02)
25      0.005   1.52e-01   1.30e-01   1.54e-01   2.47e-02   1.20e-02 (  6.01e+01,  1.64e+02)
30      0.009   2.04e-01   2.06e-01   2.69e-01   4.85e-02   3.43e-02 (  7.51e+01,  1.88e+02)
35      0.058   2.64e-01   2.72e-01   2.19e-01   3.29e-01   8.78e-02 (  8.91e+01,  2.07e+02)
40      0.085   3.03e-01   3.49e-01   2.88e-01   5.40e-01   2.02e-01 (  9.48e+01,  2.22e+02)
45      0.117   3.63e-01   4.45e-01   3.70e-01   8.09e-01   4.22e-01 (  1.03e+02,  2.33e+02)
50      0.126   4.00e-01   5.26e-01   4.42e-01   9.97e-01   7.96e-01 (  1.04e+02,  2.39e+02)
55      0.126   4.32e-01   6.10e-01   4.02e-01   1.30e+00   1.37e+00 (  1.03e+02,  2.41e+02)
60      0.159   4.96e-01   7.33e-01   4.38e-01   2.00e+00   2.14e+00 (  1.03e+02,  2.40e+02)
65      0.224   6.08e-01   9.28e-01   5.90e-01   3.00e+00   3.07e+00 (  1.05e+02,  2.35e+02)
70      0.283   7.16e-01   1.05e+00   6.77e-01   3.98e+00   4.07e+00 (  1.03e+02,  2.28e+02)
75      0.342   8.43e-01   1.18e+00   7.55e-01   4.98e+00   5.01e+00 (  1.02e+02,  2.20e+02)
80      0.384   9.48e-01   1.27e+00   8.05e-01   5.74e+00   5.78e+00 (  9.87e+01,  2.11e+02)
85      0.418   1.05e+00   1.35e+00   8.29e-01   6.39e+00   6.31e+00 (  9.54e+01,  2.02e+02)
90      0.872   2.01e+00   2.96e+00   2.01e+00   1.84e+01   6.59e+00 (  4.44e+02,  1.93e+02)
95      1.118   1.79e+00   2.73e+00   2.16e+00   3.69e+01   6.68e+00 (  1.13e+03,  1.84e+02)
41 n: 5.210e-08 e: 2.728e-07 i: 3.437e-08 :: e: 5.331e-03 i: 1.168e-03 :: n: 2.073e+01 e:19.656 i:18.576 v:4.993e+03
>>> tau_he = 5.000000, nhe(0)=1.494902e+00
 5     -0.096  -1.61e-03  -3.25e-03  -4.22e-04  -3.36e-03   4.01e-05 ( -3.21e-01,  3.68e+01)
10     -2.066   5.89e-03   3.13e-02  -1.18e-02  -3.95e-01   2.37e-04 (  2.22e+00,  7.23e+01)
15     -0.874   7.20e-02   1.72e-02   7.18e-02  -9.96e-01   1.02e-03 (  2.83e+01,  1.06e+02)
20     -0.039   1.21e-01   6.23e-02   1.36e-01  -1.69e-01   3.73e-03 (  4.79e+01,  1.36e+02)
25     -0.002   1.53e-01   1.31e-01   1.60e-01  -1.24e-02   1.20e-02 (  6.02e+01,  1.64e+02)
30      0.005   2.07e-01   2.06e-01   2.70e-01   2.40e-02   3.43e-02 (  7.63e+01,  1.88e+02)
35      0.058   2.65e-01   2.72e-01   2.19e-01   3.29e-01   8.78e-02 (  8.93e+01,  2.07e+02)
40      0.085   3.03e-01   3.49e-01   2.88e-01   5.40e-01   2.02e-01 (  9.49e+01,  2.22e+02)
45      0.117   3.63e-01   4.45e-01   3.70e-01   8.09e-01   4.22e-01 (  1.03e+02,  2.33e+02)
50      0.126   4.01e-01   5.27e-01   4.42e-01   9.97e-01   7.96e-01 (  1.04e+02,  2.39e+02)
55      0.126   4.32e-01   6.10e-01   4.02e-01   1.30e+00   1.37e+00 (  1.03e+02,  2.41e+02)
60      0.159   4.96e-01   7.33e-01   4.38e-01   2.00e+00   2.14e+00 (  1.03e+02,  2.40e+02)
65      0.224   6.08e-01   9.29e-01   5.90e-01   3.00e+00   3.07e+00 (  1.05e+02,  2.35e+02)
70      0.283   7.17e-01   1.05e+00   6.77e-01   3.98e+00   4.07e+00 (  1.03e+02,  2.28e+02)
75      0.342   8.43e-01   1.18e+00   7.55e-01   4.98e+00   5.01e+00 (  1.02e+02,  2.20e+02)
80      0.384   9.48e-01   1.27e+00   8.05e-01   5.74e+00   5.78e+00 (  9.88e+01,  2.11e+02)
85      0.418   1.05e+00   1.35e+00   8.29e-01   6.39e+00   6.31e+00 (  9.55e+01,  2.02e+02)
90      0.872   2.01e+00   2.96e+00   2.01e+00   1.84e+01   6.59e+00 (  4.44e+02,  1.93e+02)
95      1.118   1.79e+00   2.73e+00   2.16e+00   3.69e+01   6.68e+00 (  1.13e+03,  1.84e+02)
42 n: 5.480e-08 e: 9.046e-08 i: 3.074e-08 :: e: 4.320e-03 i: 8.191e-04 :: n: 2.071e+01 e:19.662 i:18.576 v:4.993e+03
 plasma volume = 149.481860
 stored energy(e,i,b) = 4.611695e+01 4.370892e+01 0.000000e+00
 betan = 1.013584
*power
 Pnb(e,i) = 0.000000e+00 0.000000e+00
 Prf(e,i) = 9.999139e+00 2.999742e+01
 Prad     = -7.266183e+00 
 Pei      = -3.548013e+00 
 Pfuse    = 3.443601e+01 
 Pfusi    = 1.072574e+01 
 Poh      = 0.000000e+00 
*confinement time
 taut, tauITER98y2, H98y2 : 1.153209e+00 1.435881e+00 8.031367e-01
 taue, taui : 1.371673e+00 3.062188e+00
 taut, tau89, H89 : 1.153209e+00 7.680980e-01 1.501382e+00
*temperature
 nea, nebar : 1.540398e+01 1.727828e+01 
 tea, tia : 7.531231e+00 7.370287e+00 (1.021837e+00)
 te0, ti0 : 1.757431e+01 1.706476e+01 (1.029860e+00)
 Sn : 1.515078e+03 
*current balance
 Ip,Ibs,Inb,Irf: 1.000000e+01 1.529070e+00 0.000000e+00 0.000000e+00
 fni,fbs: 0.153 0.153

 plasma volume = 149.481860
 stored energy(e,i,b) = 4.611695e+01 4.370892e+01 0.000000e+00
 betan = 1.013584
*power
 Pnb(e,i) = 0.000000e+00 0.000000e+00
 Prf(e,i) = 9.999139e+00 2.999742e+01
 Prad     = -7.266183e+00 
 Pei      = -3.548013e+00 
 Pfuse    = 3.443601e+01 
 Pfusi    = 1.072574e+01 
 Poh      = 0.000000e+00 
*confinement time
 taut, tauITER98y2, H98y2 : 1.153209e+00 1.435881e+00 8.031367e-01
 taue, taui : 1.371673e+00 3.062188e+00
 taut, tau89, H89 : 1.153209e+00 7.680980e-01 1.501382e+00
*temperature
 nea, nebar : 1.540398e+01 1.727828e+01 
 tea, tia : 7.531231e+00 7.370287e+00 (1.021837e+00)
 te0, ti0 : 1.757431e+01 1.706476e+01 (1.029860e+00)
 Sn : 1.515078e+03 
*current balance
 Ip,Ibs,Inb,Irf: 1.000000e+01 1.529070e+00 0.000000e+00 0.000000e+00
 fni,fbs: 0.153 0.153
 ELAPASED TIME = 1477 sec
