========================================================================
= FASTRAN

nonlinear model = 0
ichi = 1
ineo = 0
reading state...
read formatted input, inprof...
init geometry...
read formatted input, inmetric...
nrho in inmetric = 101
rhob in inmetric = 1.266365e+00
solve avg grad-shafranv...
solve_avg_gs::Ip_temp = 9.983883e+00 
solve_avg_gs::Ip      = 1.000000e+01 
>>> tau_he = 5.000000, nhe(0)=3.138691e+00

 plasma volume = 149.680635
 stored energy(e,i,b,a) = 6.880120e+01 6.421967e+01 0.000000e+00 0.000000e+00
 betan = 1.501601
*power
 Pnb(e,i) = 0.000000e+00 0.000000e+00
 Prf(e,i) = 6.877305e+00 3.313132e+01
 Prad     = -2.228260e+01 
 Pei      = -5.247671e+00 
 Pfuse    = 6.712432e+01 
 Pfusi    = 2.284145e+01 
 Poh      = 0.000000e+00 
*confinement time
 taut, tauITER98y2, H98y2 : 1.235200e+00 1.280370e+00 9.647207e-01
 taue, taui : 1.480508e+00 2.286283e+00
 taut, tau89, H89 : 1.235200e+00 6.702815e-01 1.842807e+00
*temperature
 nea, nebar : 2.004541e+01 2.262891e+01 
 tea, tia : 8.449928e+00 8.428153e+00 (1.002584e+00)
 te0, ti0 : 2.165081e+01 2.558531e+01 (8.462205e-01)
 Sn : 9.997734e+02 
*current balance
 Ip,Ibs,Inb,Irf: 1.000000e+01 2.281347e+00 0.000000e+00 1.912483e-01
 fni,fbs: 0.247 0.228

Time advancing...
rho_bdry 0.900000 ...
te_bdry = 5.000307
ti_bdry = 5.000307
ne_bdry = 16.078026
rv_bdry = 279.463030
nrho_tr_bdry = 18
drho_bdry = 0.000000e+00
nrhob = 90
 [    0] t = 0.0000 
>>> tau_he = 5.000000, nhe(0)=3.138965e+00
 5     -0.038   5.32e-03   2.26e-01   1.17e-03  -4.03e-02   1.25e-07 (  7.94e-01,  5.98e+01)
10     -0.074   1.39e-02   5.17e-02  -4.37e-03  -1.56e-01   2.22e-06 (  4.05e+00,  1.18e+02)
15     -0.185   6.60e-02  -6.95e-02   5.02e-03  -5.79e-01   2.71e-05 (  2.75e+01,  1.65e+02)
20     -0.265   1.31e-01   4.89e-02   5.03e-02  -1.10e+00   2.51e-04 (  6.86e+01,  2.00e+02)
25     -0.175   1.93e-01   1.50e-01   6.98e-02  -9.04e-01   1.81e-03 (  1.17e+02,  2.26e+02)
30     -0.001   2.68e-01   2.17e-01   1.81e-02  -5.57e-03   1.03e-02 (  1.76e+02,  2.44e+02)
35     -0.048   4.15e-01   4.09e-01   2.88e-01  -2.54e-01   4.61e-02 (  2.55e+02,  2.53e+02)
40      0.087   4.04e-01   4.11e-01   2.51e-01   6.97e-01   1.64e-01 (  2.15e+02,  2.54e+02)
45      0.029   3.57e-01   3.36e-01   2.69e-01   2.17e-01   4.68e-01 (  1.74e+02,  2.50e+02)
50      0.141   4.67e-01   5.35e-01   2.84e-01   1.29e+00   1.08e+00 (  2.04e+02,  2.41e+02)
55      0.152   4.93e-01   6.28e-01   3.48e-01   2.06e+00   2.02e+00 (  1.92e+02,  2.29e+02)
60      0.187   5.51e-01   7.58e-01   4.10e-01   3.21e+00   3.16e+00 (  1.84e+02,  2.15e+02)
65      0.231   6.31e-01   8.85e-01   5.35e-01   4.32e+00   4.20e+00 (  1.76e+02,  2.01e+02)
70      0.267   7.07e-01   1.01e+00   6.58e-01   5.08e+00   4.89e+00 (  1.67e+02,  1.87e+02)
75      0.284   7.54e-01   1.10e+00   7.48e-01   5.38e+00   5.17e+00 (  1.58e+02,  1.74e+02)
80      0.283   7.68e-01   1.16e+00   8.11e-01   5.37e+00   5.14e+00 (  1.48e+02,  1.63e+02)
85      0.267   7.03e-01   1.13e+00   8.22e-01   5.02e+00   4.96e+00 (  1.23e+02,  1.53e+02)
90      0.769   1.77e+00   2.59e+00   1.71e+00   2.54e+01   4.73e+00 (  5.55e+02,  1.43e+02)
95      0.850   1.44e+00   2.05e+00   1.52e+00   7.04e+01   4.54e+00 (  1.09e+03,  1.35e+02)
 0 n: 2.590e-09 e: 9.460e-07 i: 6.070e-06 :: e: 0.000e+00 i: 0.000e+00 :: n: 2.739e+01 e:21.688 i:25.548 v:4.993e+03
>>> tau_he = 5.000000, nhe(0)=3.136355e+00
 5     -0.035   5.19e-03   2.38e-01   1.29e-03  -3.63e-02   1.25e-07 (  7.73e-01,  5.98e+01)
10     -0.086   1.45e-02   4.92e-02  -4.48e-03  -1.81e-01   2.22e-06 (  4.29e+00,  1.18e+02)
15     -0.187   7.67e-02  -6.78e-02   1.07e-02  -5.85e-01   2.71e-05 (  3.25e+01,  1.65e+02)
20     -0.209   1.38e-01   5.47e-02   5.00e-02  -8.69e-01   2.51e-04 (  7.27e+01,  2.00e+02)
25     -0.188   1.95e-01   1.52e-01   7.12e-02  -9.56e-01   1.81e-03 (  1.19e+02,  2.26e+02)
30      0.013   2.64e-01   2.14e-01   1.66e-02   9.61e-02   1.03e-02 (  1.73e+02,  2.44e+02)
35      0.073   4.15e-01   4.12e-01   2.50e-01   4.90e-01   4.61e-02 (  2.48e+02,  2.53e+02)
40      0.089   4.06e-01   4.15e-01   2.52e-01   7.16e-01   1.64e-01 (  2.17e+02,  2.54e+02)
45      0.115   4.38e-01   4.65e-01   3.31e-01   8.79e-01   4.68e-01 (  2.17e+02,  2.50e+02)
50      0.139   4.65e-01   5.28e-01   2.82e-01   1.26e+00   1.08e+00 (  2.02e+02,  2.41e+02)
55      0.151   4.92e-01   6.25e-01   3.47e-01   2.04e+00   2.02e+00 (  1.91e+02,  2.29e+02)
60      0.187   5.51e-01   7.58e-01   4.10e-01   3.21e+00   3.16e+00 (  1.84e+02,  2.15e+02)
65      0.231   6.31e-01   8.84e-01   5.35e-01   4.32e+00   4.20e+00 (  1.76e+02,  2.01e+02)
70      0.267   7.07e-01   1.01e+00   6.58e-01   5.08e+00   4.89e+00 (  1.67e+02,  1.87e+02)
75      0.284   7.54e-01   1.10e+00   7.48e-01   5.39e+00   5.17e+00 (  1.57e+02,  1.74e+02)
80      0.284   7.69e-01   1.16e+00   8.12e-01   5.39e+00   5.14e+00 (  1.48e+02,  1.63e+02)
85      0.268   7.00e-01   1.13e+00   8.23e-01   5.04e+00   4.96e+00 (  1.21e+02,  1.53e+02)
90      0.769   1.77e+00   2.59e+00   1.71e+00   2.53e+01   4.73e+00 (  5.56e+02,  1.43e+02)
95      0.850   1.44e+00   2.05e+00   1.52e+00   7.04e+01   4.54e+00 (  1.09e+03,  1.35e+02)
 1 n: 8.150e-03 e: 5.532e-02 i: 2.088e-01 :: e: 1.197e-02 i: 1.364e-02 :: n: 2.624e+01 e:25.543 i:31.549 v:4.993e+03
>>> tau_he = 5.000000, nhe(0)=3.270452e+00
 5   -556.628   1.33e-02   6.31e-01   2.88e-03  -1.82e-01   1.25e-07 (  5.89e+00,  5.98e+01)
10  -2846.984   1.12e-01   1.67e-01   1.31e-02  -4.17e+00   2.22e-06 (  9.36e+01,  1.18e+02)
15   -324.749   2.61e-01   1.50e-01  -1.98e-01  -7.29e+00   2.71e-05 (  2.30e+02,  1.65e+02)
20     -7.141   7.27e-01   5.74e-01   4.75e-01  -1.93e+00   2.51e-04 (  5.85e+02,  2.00e+02)
25     -0.650   4.48e-01   5.48e-01   4.53e-01  -1.54e+00   1.81e-03 (  3.27e+02,  2.26e+02)
30      0.165   3.77e-01   3.63e-01   1.23e-01   1.56e+00   1.03e-02 (  2.35e+02,  2.44e+02)
35     -0.087   2.70e-01   2.32e-01   1.64e-01  -4.68e-01   4.61e-02 (  1.35e+02,  2.53e+02)
40      0.033   3.07e-01   2.62e-01   1.64e-01   2.64e-01   1.64e-01 (  1.52e+02,  2.54e+02)
45      0.142   4.40e-01   5.03e-01   3.02e-01   1.36e+00   4.68e-01 (  2.19e+02,  2.50e+02)
50      0.135   4.69e-01   5.59e-01   3.10e-01   1.05e+00   1.08e+00 (  1.99e+02,  2.41e+02)
55      0.093   4.19e-01   4.63e-01   3.10e-01   1.12e+00   2.02e+00 (  1.58e+02,  2.29e+02)
60      0.171   5.32e-01   7.32e-01   4.10e-01   2.73e+00   3.16e+00 (  1.72e+02,  2.15e+02)
65      0.177   5.38e-01   7.23e-01   4.42e-01   3.16e+00   4.20e+00 (  1.46e+02,  2.01e+02)
70      0.248   6.72e-01   9.69e-01   6.41e-01   4.54e+00   4.89e+00 (  1.56e+02,  1.87e+02)
75      0.266   7.16e-01   1.06e+00   7.33e-01   4.86e+00   5.17e+00 (  1.46e+02,  1.74e+02)
80      0.265   7.23e-01   1.12e+00   7.96e-01   4.84e+00   5.14e+00 (  1.37e+02,  1.63e+02)
85      0.241   6.54e-01   1.07e+00   7.90e-01   4.34e+00   4.96e+00 (  1.15e+02,  1.53e+02)
90      0.753   1.74e+00   2.57e+00   1.70e+00   2.44e+01   4.73e+00 (  5.49e+02,  1.43e+02)
95      0.850   1.44e+00   2.05e+00   1.52e+00   7.04e+01   4.54e+00 (  1.09e+03,  1.35e+02)
 2 n: 1.081e-03 e: 2.163e-03 i: 9.459e-03 :: e: 1.853e-01 i: 1.887e-01 :: n: 2.630e+01 e:26.329 i:32.267 v:4.993e+03
>>> tau_he = 5.000000, nhe(0)=3.315714e+00
 5   -774.580   1.62e-02   6.46e-01   3.25e-03  -2.55e-01   1.25e-07 (  8.47e+00,  5.98e+01)
10  -4096.845   1.36e-01   2.49e-01   2.00e-02  -6.04e+00   2.22e-06 (  1.26e+02,  1.18e+02)
15   -435.067   3.02e-01   1.84e-01  -3.47e-01  -9.82e+00   2.71e-05 (  2.83e+02,  1.65e+02)
20    -10.201   6.88e-01   5.36e-01   4.71e-01  -2.77e+00   2.51e-04 (  5.47e+02,  2.00e+02)
25     -1.020   4.81e-01   5.53e-01   4.40e-01  -2.39e+00   1.81e-03 (  3.63e+02,  2.26e+02)
30      0.152   4.05e-01   3.84e-01   1.57e-01   1.23e+00   1.03e-02 (  2.67e+02,  2.44e+02)
35     -0.121   2.72e-01   2.24e-01   1.56e-01  -6.44e-01   4.61e-02 (  1.46e+02,  2.53e+02)
40      0.085   4.09e-01   4.16e-01   2.65e-01   6.34e-01   1.64e-01 (  2.12e+02,  2.54e+02)
45      0.140   4.50e-01   4.99e-01   3.23e-01   1.23e+00   4.68e-01 (  2.29e+02,  2.50e+02)
50      0.147   4.77e-01   5.57e-01   3.02e-01   1.21e+00   1.08e+00 (  2.06e+02,  2.41e+02)
55      0.154   4.95e-01   6.38e-01   3.60e-01   1.97e+00   2.02e+00 (  1.89e+02,  2.29e+02)
60      0.181   5.39e-01   7.47e-01   4.12e-01   3.01e+00   3.16e+00 (  1.76e+02,  2.15e+02)
65      0.192   5.54e-01   7.51e-01   4.55e-01   3.53e+00   4.20e+00 (  1.51e+02,  2.01e+02)
70      0.257   6.81e-01   9.80e-01   6.45e-01   4.80e+00   4.89e+00 (  1.57e+02,  1.87e+02)
75      0.274   7.22e-01   1.07e+00   7.33e-01   5.09e+00   5.17e+00 (  1.46e+02,  1.74e+02)
80      0.275   7.35e-01   1.13e+00   7.98e-01   5.10e+00   5.14e+00 (  1.37e+02,  1.63e+02)
85      0.252   6.61e-01   1.09e+00   8.03e-01   4.60e+00   4.96e+00 (  1.14e+02,  1.53e+02)
90      0.755   1.75e+00   2.57e+00   1.70e+00   2.45e+01   4.73e+00 (  5.48e+02,  1.43e+02)
95      0.850   1.44e+00   2.05e+00   1.52e+00   7.04e+01   4.54e+00 (  1.09e+03,  1.35e+02)
 3 n: 5.002e-04 e: 4.074e-03 i: 6.482e-03 :: e: 1.531e-01 i: 1.476e-01 :: n: 2.621e+01 e:25.927 i:31.472 v:4.993e+03
>>> tau_he = 5.000000, nhe(0)=3.263241e+00
 5   -742.793   1.60e-02   6.25e-01   3.48e-03  -2.46e-01   1.25e-07 (  8.50e+00,  5.98e+01)
10  -3651.735   1.17e-01   2.31e-01   9.17e-03  -5.41e+00   2.22e-06 (  1.03e+02,  1.18e+02)
15   -298.526   2.79e-01   1.63e-01  -2.61e-01  -6.77e+00   2.71e-05 (  2.36e+02,  1.65e+02)
20     -5.268   6.28e-01   4.65e-01   4.42e-01  -1.43e+00   2.51e-04 (  4.39e+02,  2.00e+02)
25     -0.612   4.57e-01   5.55e-01   4.26e-01  -1.41e+00   1.81e-03 (  3.21e+02,  2.26e+02)
30     -0.003   2.71e-01   2.24e-01   2.37e-02  -2.42e-02   1.03e-02 (  1.76e+02,  2.44e+02)
35     -0.149   2.87e-01   2.40e-01   1.58e-01  -7.59e-01   4.61e-02 (  1.60e+02,  2.53e+02)
40      0.077   4.28e-01   4.40e-01   2.94e-01   5.37e-01   1.64e-01 (  2.27e+02,  2.54e+02)
45      0.136   4.62e-01   5.09e-01   3.48e-01   1.10e+00   4.68e-01 (  2.39e+02,  2.50e+02)
50      0.149   4.88e-01   5.70e-01   3.08e-01   1.24e+00   1.08e+00 (  2.16e+02,  2.41e+02)
55      0.157   5.08e-01   6.58e-01   3.68e-01   2.03e+00   2.02e+00 (  2.00e+02,  2.29e+02)
60      0.188   5.58e-01   7.77e-01   4.26e-01   3.15e+00   3.16e+00 (  1.87e+02,  2.15e+02)
65      0.238   6.49e-01   9.22e-01   5.56e-01   4.45e+00   4.20e+00 (  1.83e+02,  2.01e+02)
70      0.265   7.05e-01   1.01e+00   6.67e-01   4.99e+00   4.89e+00 (  1.67e+02,  1.87e+02)
75      0.280   7.44e-01   1.10e+00   7.50e-01   5.23e+00   5.17e+00 (  1.54e+02,  1.74e+02)
80      0.279   7.54e-01   1.16e+00   8.12e-01   5.21e+00   5.14e+00 (  1.44e+02,  1.63e+02)
85      0.254   6.76e-01   1.10e+00   8.13e-01   4.68e+00   4.96e+00 (  1.19e+02,  1.53e+02)
90      0.756   1.75e+00   2.57e+00   1.70e+00   2.46e+01   4.73e+00 (  5.51e+02,  1.43e+02)
95      0.850   1.44e+00   2.05e+00   1.52e+00   7.04e+01   4.54e+00 (  1.09e+03,  1.35e+02)
 4 n: 2.151e-04 e: 2.696e-03 i: 4.639e-03 :: e: 1.121e-01 i: 1.133e-01 :: n: 2.633e+01 e:25.426 i:30.749 v:4.993e+03
>>> tau_he = 5.000000, nhe(0)=3.250894e+00
 5   -699.997   1.54e-02   6.13e-01   3.55e-03  -2.33e-01   1.25e-07 (  8.18e+00,  5.98e+01)
10  -3190.099   1.05e-01   1.98e-01   8.14e-03  -4.75e+00   2.22e-06 (  8.72e+01,  1.18e+02)
15   -252.884   2.33e-01   8.99e-02   5.79e-03  -5.76e+00   2.71e-05 (  1.81e+02,  1.65e+02)
20     -7.858   5.22e-01   6.28e-01   4.95e-01  -2.15e+00   2.51e-04 (  3.29e+02,  2.00e+02)
25     -1.011   2.26e-01   2.15e-01   6.23e-02  -2.34e+00   1.81e-03 (  1.49e+02,  2.26e+02)
30      0.012   2.70e-01   2.21e-01   1.85e-02   8.79e-02   1.03e-02 (  1.75e+02,  2.44e+02)
35     -0.135   2.94e-01   2.44e-01   1.50e-01  -7.11e-01   4.61e-02 (  1.66e+02,  2.53e+02)
40      0.085   4.26e-01   4.36e-01   2.83e-01   6.19e-01   1.64e-01 (  2.27e+02,  2.54e+02)
45      0.132   4.60e-01   4.99e-01   3.50e-01   1.04e+00   4.68e-01 (  2.36e+02,  2.50e+02)
50      0.150   4.89e-01   5.64e-01   3.04e-01   1.27e+00   1.08e+00 (  2.17e+02,  2.41e+02)
55      0.159   5.10e-01   6.58e-01   3.66e-01   2.08e+00   2.02e+00 (  2.02e+02,  2.29e+02)
60      0.191   5.65e-01   7.83e-01   4.28e-01   3.23e+00   3.16e+00 (  1.91e+02,  2.15e+02)
65      0.241   6.55e-01   9.29e-01   5.59e-01   4.51e+00   4.20e+00 (  1.86e+02,  2.01e+02)
70      0.271   7.17e-01   1.03e+00   6.80e-01   5.11e+00   4.89e+00 (  1.72e+02,  1.87e+02)
75      0.287   7.60e-01   1.12e+00   7.66e-01   5.39e+00   5.17e+00 (  1.59e+02,  1.74e+02)
80      0.287   7.73e-01   1.19e+00   8.32e-01   5.39e+00   5.14e+00 (  1.50e+02,  1.63e+02)
85      0.263   7.02e-01   1.14e+00   8.42e-01   4.88e+00   4.96e+00 (  1.25e+02,  1.53e+02)
90      0.833   1.84e+00   2.61e+00   1.86e+00   2.71e+01   4.73e+00 (  5.82e+02,  1.43e+02)
95      0.850   1.44e+00   2.05e+00   1.52e+00   7.04e+01   4.54e+00 (  1.09e+03,  1.35e+02)
 5 n: 1.654e-04 e: 9.663e-04 i: 3.872e-03 :: e: 7.659e-02 i: 9.630e-02 :: n: 2.614e+01 e:25.236 i:30.199 v:4.993e+03
>>> tau_he = 5.000000, nhe(0)=3.185728e+00
 5   -660.566   1.47e-02   6.02e-01   3.60e-03  -2.20e-01   1.25e-07 (  7.71e+00,  5.98e+01)
10  -2875.946   9.77e-02   1.75e-01   6.94e-03  -4.29e+00   2.22e-06 (  7.76e+01,  1.18e+02)
15   -236.233   2.28e-01   8.19e-02   2.13e-02  -5.39e+00   2.71e-05 (  1.66e+02,  1.65e+02)
20    -15.070   2.21e-01   1.85e-01   1.79e-01  -4.12e+00   2.51e-04 (  1.30e+02,  2.00e+02)
25     -1.034   2.26e-01   2.17e-01   8.70e-02  -2.35e+00   1.81e-03 (  1.46e+02,  2.26e+02)
30     -0.019   2.73e-01   2.29e-01   2.87e-02  -1.25e-01   1.03e-02 (  1.77e+02,  2.44e+02)
35     -0.155   3.03e-01   2.54e-01   1.56e-01  -7.82e-01   4.61e-02 (  1.73e+02,  2.53e+02)
40      0.074   4.35e-01   4.48e-01   3.06e-01   4.94e-01   1.64e-01 (  2.32e+02,  2.54e+02)
45      0.116   4.64e-01   4.99e-01   3.75e-01   8.43e-01   4.68e-01 (  2.37e+02,  2.50e+02)
50      0.142   4.92e-01   5.68e-01   3.08e-01   1.18e+00   1.08e+00 (  2.19e+02,  2.41e+02)
55      0.160   5.15e-01   6.64e-01   3.70e-01   2.07e+00   2.02e+00 (  2.05e+02,  2.29e+02)
60      0.192   5.71e-01   7.92e-01   4.34e-01   3.22e+00   3.16e+00 (  1.95e+02,  2.15e+02)
65      0.241   6.60e-01   9.35e-01   5.64e-01   4.47e+00   4.20e+00 (  1.89e+02,  2.01e+02)
70      0.272   7.25e-01   1.04e+00   6.74e-01   5.11e+00   4.89e+00 (  1.76e+02,  1.87e+02)
75      0.288   7.68e-01   1.13e+00   7.78e-01   5.40e+00   5.17e+00 (  1.64e+02,  1.74e+02)
80      0.287   7.82e-01   1.20e+00   8.44e-01   5.38e+00   5.14e+00 (  1.54e+02,  1.63e+02)
85      0.261   7.04e-01   1.15e+00   8.48e-01   4.84e+00   4.96e+00 (  1.28e+02,  1.53e+02)
90      1.739   3.72e+00   5.04e+00   3.44e+00   5.67e+01   4.73e+00 (  1.18e+03,  1.43e+02)
95      0.850   1.44e+00   2.05e+00   1.52e+00   7.04e+01   4.54e+00 (  1.09e+03,  1.35e+02)
 6 n: 1.149e-04 e: 3.546e-04 i: 3.952e-04 :: e: 6.125e-02 i: 6.630e-02 :: n: 2.623e+01 e:25.059 i:30.316 v:4.993e+03
>>> tau_he = 5.000000, nhe(0)=3.209494e+00
 5   -643.128   1.47e-02   6.18e-01   3.69e-03  -2.15e-01   1.25e-07 (  7.64e+00,  5.98e+01)
10  -2604.828   8.94e-02   1.57e-01   5.29e-03  -3.90e+00   2.22e-06 (  6.86e+01,  1.18e+02)
15   -222.603   2.32e-01   8.09e-02   2.12e-02  -5.10e+00   2.71e-05 (  1.64e+02,  1.65e+02)
20    -15.027   2.23e-01   1.85e-01   1.70e-01  -4.12e+00   2.51e-04 (  1.32e+02,  2.00e+02)
25     -1.015   2.27e-01   2.17e-01   7.35e-02  -2.33e+00   1.81e-03 (  1.48e+02,  2.26e+02)
30      0.000   2.77e-01   2.27e-01   1.72e-02   9.85e-04   1.03e-02 (  1.80e+02,  2.44e+02)
35     -0.134   3.05e-01   2.55e-01   1.49e-01  -7.01e-01   4.61e-02 (  1.75e+02,  2.53e+02)
40      0.084   4.28e-01   4.39e-01   2.91e-01   5.91e-01   1.64e-01 (  2.26e+02,  2.54e+02)
45      0.115   4.58e-01   4.88e-01   3.70e-01   8.33e-01   4.68e-01 (  2.30e+02,  2.50e+02)
50      0.143   4.88e-01   5.61e-01   3.04e-01   1.21e+00   1.08e+00 (  2.16e+02,  2.41e+02)
55      0.160   5.12e-01   6.58e-01   3.67e-01   2.08e+00   2.02e+00 (  2.03e+02,  2.29e+02)
60      0.193   5.70e-01   7.89e-01   4.32e-01   3.24e+00   3.16e+00 (  1.94e+02,  2.15e+02)
65      0.240   6.57e-01   9.31e-01   5.62e-01   4.46e+00   4.20e+00 (  1.88e+02,  2.01e+02)
70      0.273   7.26e-01   1.04e+00   6.77e-01   5.14e+00   4.89e+00 (  1.76e+02,  1.87e+02)
75      0.290   7.71e-01   1.14e+00   7.82e-01   5.44e+00   5.17e+00 (  1.65e+02,  1.74e+02)
80      0.290   7.87e-01   1.21e+00   8.50e-01   5.44e+00   5.14e+00 (  1.55e+02,  1.63e+02)
85      0.267   7.17e-01   1.17e+00   8.64e-01   4.95e+00   4.96e+00 (  1.31e+02,  1.53e+02)
90      1.740   3.72e+00   5.04e+00   3.45e+00   5.67e+01   4.73e+00 (  1.18e+03,  1.43e+02)
95      0.850   1.44e+00   2.05e+00   1.52e+00   7.04e+01   4.54e+00 (  1.09e+03,  1.35e+02)
 7 n: 8.495e-05 e: 2.320e-04 i: 2.043e-04 :: e: 5.335e-02 i: 5.841e-02 :: n: 2.630e+01 e:25.162 i:30.354 v:4.993e+03
>>> tau_he = 5.000000, nhe(0)=3.226715e+00
 5   -641.107   1.47e-02   6.32e-01   3.77e-03  -2.15e-01   1.25e-07 (  7.75e+00,  5.98e+01)
10  -2486.687   8.54e-02   1.49e-01   4.15e-03  -3.74e+00   2.22e-06 (  6.48e+01,  1.18e+02)
15   -218.083   2.36e-01   8.26e-02   2.20e-02  -5.01e+00   2.71e-05 (  1.65e+02,  1.65e+02)
20    -15.499   2.25e-01   1.89e-01   1.65e-01  -4.26e+00   2.51e-04 (  1.36e+02,  2.00e+02)
25     -1.039   2.31e-01   2.18e-01   5.94e-02  -2.40e+00   1.81e-03 (  1.53e+02,  2.26e+02)
30      0.147   4.31e-01   4.11e-01   1.77e-01   1.07e+00   1.03e-02 (  2.85e+02,  2.44e+02)
35      0.004   4.17e-01   3.87e-01   2.87e-01   2.32e-02   4.61e-02 (  2.44e+02,  2.53e+02)
40      0.088   4.26e-01   4.38e-01   2.82e-01   6.50e-01   1.64e-01 (  2.26e+02,  2.54e+02)
45      0.108   4.57e-01   4.87e-01   3.69e-01   7.83e-01   4.68e-01 (  2.30e+02,  2.50e+02)
50      0.149   4.89e-01   5.63e-01   3.05e-01   1.27e+00   1.08e+00 (  2.17e+02,  2.41e+02)
55      0.160   5.15e-01   6.62e-01   3.68e-01   2.09e+00   2.02e+00 (  2.05e+02,  2.29e+02)
60      0.193   5.73e-01   7.94e-01   4.34e-01   3.25e+00   3.16e+00 (  1.96e+02,  2.15e+02)
65      0.240   6.59e-01   9.33e-01   5.64e-01   4.44e+00   4.20e+00 (  1.90e+02,  2.01e+02)
70      0.273   7.29e-01   1.05e+00   6.80e-01   5.13e+00   4.89e+00 (  1.78e+02,  1.87e+02)
75      0.289   7.77e-01   1.14e+00   7.82e-01   5.43e+00   5.17e+00 (  1.67e+02,  1.74e+02)
80      0.289   7.89e-01   1.21e+00   8.52e-01   5.42e+00   5.14e+00 (  1.57e+02,  1.63e+02)
85      0.267   7.20e-01   1.17e+00   8.65e-01   4.95e+00   4.96e+00 (  1.32e+02,  1.53e+02)
90      1.742   3.73e+00   5.05e+00   3.45e+00   5.68e+01   4.73e+00 (  1.19e+03,  1.43e+02)
95      0.850   1.44e+00   2.05e+00   1.52e+00   7.04e+01   4.54e+00 (  1.09e+03,  1.35e+02)
 8 n: 3.889e-05 e: 3.351e-04 i: 4.068e-04 :: e: 6.191e-02 i: 6.130e-02 :: n: 2.594e+01 e:25.081 i:30.412 v:4.993e+03
>>> tau_he = 5.000000, nhe(0)=3.157696e+00
 5   -630.625   1.46e-02   6.33e-01   3.48e-03  -2.11e-01   1.25e-07 (  7.55e+00,  5.98e+01)
10  -2389.830   8.38e-02   1.43e-01   4.49e-03  -3.59e+00   2.22e-06 (  6.18e+01,  1.18e+02)
15   -207.886   2.39e-01   8.71e-02   2.77e-02  -4.78e+00   2.71e-05 (  1.62e+02,  1.65e+02)
20    -14.611   2.38e-01   2.04e-01   1.40e-01  -4.01e+00   2.51e-04 (  1.44e+02,  2.00e+02)
25     -1.057   2.33e-01   2.23e-01   6.14e-02  -2.39e+00   1.81e-03 (  1.53e+02,  2.26e+02)
30     -0.044   2.72e-01   2.32e-01   4.03e-02  -2.77e-01   1.03e-02 (  1.74e+02,  2.44e+02)
35     -0.160   3.10e-01   2.63e-01   1.58e-01  -7.86e-01   4.61e-02 (  1.78e+02,  2.53e+02)
40      0.059   4.40e-01   4.55e-01   3.26e-01   3.59e-01   1.64e-01 (  2.32e+02,  2.54e+02)
45      0.010   3.84e-01   3.63e-01   3.07e-01   6.50e-02   4.68e-01 (  1.91e+02,  2.50e+02)
50      0.144   4.93e-01   5.66e-01   3.10e-01   1.17e+00   1.08e+00 (  2.18e+02,  2.41e+02)
55      0.160   5.18e-01   6.62e-01   3.71e-01   2.04e+00   2.02e+00 (  2.05e+02,  2.29e+02)
60      0.191   5.71e-01   7.91e-01   4.34e-01   3.17e+00   3.16e+00 (  1.95e+02,  2.15e+02)
65      0.236   6.53e-01   9.27e-01   5.61e-01   4.33e+00   4.20e+00 (  1.87e+02,  2.01e+02)
70      0.270   7.23e-01   1.04e+00   6.82e-01   5.04e+00   4.89e+00 (  1.76e+02,  1.87e+02)
75      0.287   7.68e-01   1.14e+00   7.86e-01   5.35e+00   5.17e+00 (  1.65e+02,  1.74e+02)
80      0.287   7.84e-01   1.21e+00   8.55e-01   5.35e+00   5.14e+00 (  1.55e+02,  1.63e+02)
85      0.266   7.17e-01   1.18e+00   8.72e-01   4.90e+00   4.96e+00 (  1.32e+02,  1.53e+02)
90      1.741   3.72e+00   5.05e+00   3.45e+00   5.67e+01   4.73e+00 (  1.19e+03,  1.43e+02)
95      0.850   1.44e+00   2.05e+00   1.52e+00   7.04e+01   4.54e+00 (  1.09e+03,  1.35e+02)
 9 n: 2.221e-04 e: 1.039e-04 i: 1.704e-04 :: e: 4.347e-02 i: 4.765e-02 :: n: 2.608e+01 e:25.023 i:30.593 v:4.993e+03
>>> tau_he = 5.000000, nhe(0)=3.193503e+00
 5   -632.931   1.48e-02   6.47e-01   3.53e-03  -2.13e-01   1.25e-07 (  7.71e+00,  5.98e+01)
10  -2326.111   8.22e-02   1.39e-01   3.92e-03  -3.51e+00   2.22e-06 (  6.02e+01,  1.18e+02)
15   -201.487   2.44e-01   8.98e-02   2.39e-02  -4.65e+00   2.71e-05 (  1.64e+02,  1.65e+02)
20    -14.760   2.42e-01   2.04e-01   1.10e-01  -4.06e+00   2.51e-04 (  1.48e+02,  2.00e+02)
25     -1.040   2.36e-01   2.23e-01   4.28e-02  -2.38e+00   1.81e-03 (  1.57e+02,  2.26e+02)
30     -0.006   2.78e-01   2.29e-01   2.40e-02  -4.10e-02   1.03e-02 (  1.79e+02,  2.44e+02)
35     -0.002   4.19e-01   3.94e-01   2.99e-01  -1.15e-02   4.61e-02 (  2.42e+02,  2.53e+02)
40      0.079   4.31e-01   4.46e-01   3.03e-01   5.29e-01   1.64e-01 (  2.26e+02,  2.54e+02)
45      0.111   4.58e-01   4.91e-01   3.74e-01   7.84e-01   4.68e-01 (  2.28e+02,  2.50e+02)
50      0.145   4.89e-01   5.66e-01   3.08e-01   1.20e+00   1.08e+00 (  2.15e+02,  2.41e+02)
55      0.159   5.14e-01   6.59e-01   3.70e-01   2.03e+00   2.02e+00 (  2.03e+02,  2.29e+02)
60      0.191   5.69e-01   7.88e-01   4.33e-01   3.17e+00   3.16e+00 (  1.93e+02,  2.15e+02)
65      0.235   6.50e-01   9.23e-01   5.59e-01   4.31e+00   4.20e+00 (  1.86e+02,  2.01e+02)
70      0.269   7.21e-01   1.04e+00   6.80e-01   5.02e+00   4.89e+00 (  1.75e+02,  1.87e+02)
75      0.286   7.69e-01   1.14e+00   7.81e-01   5.32e+00   5.17e+00 (  1.65e+02,  1.74e+02)
80      0.286   7.81e-01   1.20e+00   8.51e-01   5.32e+00   5.14e+00 (  1.55e+02,  1.63e+02)
85      0.262   7.10e-01   1.16e+00   8.60e-01   4.84e+00   4.96e+00 (  1.30e+02,  1.53e+02)
90      1.741   3.72e+00   5.05e+00   3.45e+00   5.67e+01   4.73e+00 (  1.19e+03,  1.43e+02)
95      0.850   1.44e+00   2.05e+00   1.52e+00   7.04e+01   4.54e+00 (  1.09e+03,  1.35e+02)
10 n: 5.537e-05 e: 9.665e-05 i: 6.344e-05 :: e: 3.793e-02 i: 3.962e-02 :: n: 2.619e+01 e:25.068 i:30.573 v:4.993e+03
>>> tau_he = 5.000000, nhe(0)=3.214088e+00
 5   -633.813   1.49e-02   6.53e-01   3.55e-03  -2.14e-01   1.25e-07 (  7.83e+00,  5.98e+01)
10  -2289.282   8.08e-02   1.36e-01   3.45e-03  -3.47e+00   2.22e-06 (  5.91e+01,  1.18e+02)
15   -198.655   2.48e-01   9.05e-02   2.38e-02  -4.60e+00   2.71e-05 (  1.66e+02,  1.65e+02)
20    -15.024   2.46e-01   2.04e-01   9.18e-02  -4.15e+00   2.51e-04 (  1.53e+02,  2.00e+02)
25     -1.051   2.40e-01   2.23e-01   2.94e-02  -2.43e+00   1.81e-03 (  1.62e+02,  2.26e+02)
30      0.007   2.78e-01   2.28e-01   1.36e-02   4.90e-02   1.03e-02 (  1.81e+02,  2.44e+02)
35      0.004   4.16e-01   3.88e-01   2.90e-01   2.24e-02   4.61e-02 (  2.40e+02,  2.53e+02)
40      0.084   4.27e-01   4.39e-01   2.90e-01   5.98e-01   1.64e-01 (  2.24e+02,  2.54e+02)
45      0.108   4.57e-01   4.86e-01   3.71e-01   7.62e-01   4.68e-01 (  2.27e+02,  2.50e+02)
50      0.144   4.89e-01   5.65e-01   3.07e-01   1.21e+00   1.08e+00 (  2.16e+02,  2.41e+02)
55      0.159   5.15e-01   6.59e-01   3.69e-01   2.04e+00   2.02e+00 (  2.04e+02,  2.29e+02)
60      0.191   5.70e-01   7.89e-01   4.33e-01   3.18e+00   3.16e+00 (  1.94e+02,  2.15e+02)
65      0.235   6.51e-01   9.22e-01   5.58e-01   4.31e+00   4.20e+00 (  1.86e+02,  2.01e+02)
70      0.270   7.22e-01   1.04e+00   6.79e-01   5.04e+00   4.89e+00 (  1.76e+02,  1.87e+02)
75      0.287   7.70e-01   1.14e+00   7.81e-01   5.35e+00   5.17e+00 (  1.65e+02,  1.74e+02)
80      0.286   7.83e-01   1.20e+00   8.50e-01   5.35e+00   5.14e+00 (  1.55e+02,  1.63e+02)
85      0.266   7.18e-01   1.17e+00   8.66e-01   4.91e+00   4.96e+00 (  1.31e+02,  1.53e+02)
90      1.742   3.73e+00   5.05e+00   3.45e+00   5.68e+01   4.73e+00 (  1.19e+03,  1.43e+02)
95      0.850   1.44e+00   2.05e+00   1.52e+00   7.04e+01   4.54e+00 (  1.09e+03,  1.35e+02)
11 n: 3.685e-05 e: 7.346e-05 i: 4.529e-05 :: e: 3.383e-02 i: 3.481e-02 :: n: 2.586e+01 e:25.011 i:30.603 v:4.993e+03
>>> tau_he = 5.000000, nhe(0)=3.151987e+00
 5   -624.655   1.48e-02   6.52e-01   3.61e-03  -2.11e-01   1.25e-07 (  7.66e+00,  5.98e+01)
10  -2246.801   7.93e-02   1.32e-01   4.25e-03  -3.41e+00   2.22e-06 (  5.67e+01,  1.18e+02)
15   -185.231   3.35e-01   2.11e-01  -2.09e-01  -4.29e+00   2.71e-05 (  2.17e+02,  1.65e+02)
20    -14.814   2.47e-01   2.09e-01   1.01e-01  -4.09e+00   2.51e-04 (  1.52e+02,  2.00e+02)
25     -1.074   2.43e-01   2.28e-01   3.54e-02  -2.43e+00   1.81e-03 (  1.63e+02,  2.26e+02)
30     -0.057   2.82e-01   2.38e-01   2.97e-02  -3.53e-01   1.03e-02 (  1.82e+02,  2.44e+02)
35     -0.159   3.09e-01   2.64e-01   1.61e-01  -7.73e-01   4.61e-02 (  1.76e+02,  2.53e+02)
40     -0.048   3.50e-01   3.00e-01   2.38e-01  -2.84e-01   1.64e-01 (  1.82e+02,  2.54e+02)
45      0.008   3.81e-01   3.61e-01   3.06e-01   4.92e-02   4.68e-01 (  1.88e+02,  2.50e+02)
50      0.144   4.86e-01   5.67e-01   3.11e-01   1.17e+00   1.08e+00 (  2.13e+02,  2.41e+02)
55      0.158   5.16e-01   6.59e-01   3.72e-01   2.00e+00   2.02e+00 (  2.03e+02,  2.29e+02)
60      0.189   5.68e-01   7.87e-01   4.34e-01   3.12e+00   3.16e+00 (  1.93e+02,  2.15e+02)
65      0.233   6.47e-01   9.18e-01   5.57e-01   4.23e+00   4.20e+00 (  1.84e+02,  2.01e+02)
70      0.267   7.18e-01   1.04e+00   6.79e-01   4.96e+00   4.89e+00 (  1.74e+02,  1.87e+02)
75      0.284   7.65e-01   1.13e+00   7.81e-01   5.27e+00   5.17e+00 (  1.64e+02,  1.74e+02)
80      0.284   7.77e-01   1.20e+00   8.51e-01   5.27e+00   5.14e+00 (  1.54e+02,  1.63e+02)
85      0.261   7.08e-01   1.16e+00   8.62e-01   4.81e+00   4.96e+00 (  1.30e+02,  1.53e+02)
90      1.741   3.72e+00   5.05e+00   3.45e+00   5.67e+01   4.73e+00 (  1.19e+03,  1.43e+02)
95      0.850   1.44e+00   2.05e+00   1.52e+00   7.04e+01   4.54e+00 (  1.09e+03,  1.35e+02)
12 n: 1.881e-04 e: 2.139e-04 i: 4.135e-04 :: e: 4.212e-02 i: 4.855e-02 :: n: 2.596e+01 e:24.890 i:30.626 v:4.993e+03
>>> tau_he = 5.000000, nhe(0)=3.171377e+00
 5   -623.480   1.48e-02   6.52e-01   3.60e-03  -2.11e-01   1.25e-07 (  7.70e+00,  5.98e+01)
10  -2212.666   7.85e-02   1.31e-01   3.94e-03  -3.37e+00   2.22e-06 (  5.54e+01,  1.18e+02)
15   -175.612   3.23e-01   1.99e-01  -1.80e-01  -4.09e+00   2.71e-05 (  2.03e+02,  1.65e+02)
20    -14.778   2.45e-01   2.07e-01   1.02e-01  -4.09e+00   2.51e-04 (  1.51e+02,  2.00e+02)
25     -1.054   2.43e-01   2.27e-01   2.67e-02  -2.42e+00   1.81e-03 (  1.64e+02,  2.26e+02)
30     -0.008   2.82e-01   2.34e-01   1.91e-02  -5.43e-02   1.03e-02 (  1.83e+02,  2.44e+02)
35      0.015   4.17e-01   3.94e-01   2.82e-01   7.85e-02   4.61e-02 (  2.39e+02,  2.53e+02)
40      0.074   4.35e-01   4.56e-01   3.18e-01   4.76e-01   1.64e-01 (  2.28e+02,  2.54e+02)
45      0.108   4.59e-01   4.93e-01   3.79e-01   7.27e-01   4.68e-01 (  2.26e+02,  2.50e+02)
50      0.145   4.82e-01   5.65e-01   3.10e-01   1.17e+00   1.08e+00 (  2.10e+02,  2.41e+02)
55      0.157   5.11e-01   6.53e-01   3.71e-01   1.96e+00   2.02e+00 (  2.00e+02,  2.29e+02)
60      0.187   5.63e-01   7.80e-01   4.30e-01   3.07e+00   3.16e+00 (  1.90e+02,  2.15e+02)
65      0.231   6.41e-01   9.10e-01   5.52e-01   4.18e+00   4.20e+00 (  1.82e+02,  2.01e+02)
70      0.265   7.13e-01   1.03e+00   6.75e-01   4.92e+00   4.89e+00 (  1.72e+02,  1.87e+02)
75      0.282   7.60e-01   1.13e+00   7.76e-01   5.23e+00   5.17e+00 (  1.62e+02,  1.74e+02)
80      0.282   7.72e-01   1.19e+00   8.45e-01   5.23e+00   5.14e+00 (  1.52e+02,  1.63e+02)
85      0.261   7.03e-01   1.16e+00   8.57e-01   4.79e+00   4.96e+00 (  1.28e+02,  1.53e+02)
90      1.740   3.72e+00   5.04e+00   3.45e+00   5.66e+01   4.73e+00 (  1.18e+03,  1.43e+02)
95      0.850   1.44e+00   2.05e+00   1.52e+00   7.04e+01   4.54e+00 (  1.09e+03,  1.35e+02)
13 n: 3.674e-05 e: 1.383e-04 i: 3.681e-04 :: e: 3.026e-02 i: 3.309e-02 :: n: 2.563e+01 e:24.861 i:30.452 v:4.993e+03
>>> tau_he = 5.000000, nhe(0)=3.098405e+00
 5   -611.337   1.46e-02   6.39e-01   3.60e-03  -2.07e-01   1.25e-07 (  7.47e+00,  5.98e+01)
10  -2195.599   7.70e-02   1.30e-01   4.69e-03  -3.35e+00   2.22e-06 (  5.32e+01,  1.18e+02)
15   -172.638   3.05e-01   2.34e-01  -1.08e-01  -4.03e+00   2.71e-05 (  1.84e+02,  1.65e+02)
20    -14.566   2.46e-01   2.11e-01   1.23e-01  -4.04e+00   2.51e-04 (  1.49e+02,  2.00e+02)
25     -1.113   2.51e-01   2.35e-01   3.64e-02  -2.58e+00   1.81e-03 (  1.68e+02,  2.26e+02)
30      0.112   4.43e-01   4.33e-01   2.12e-01   7.21e-01   1.03e-02 (  2.85e+02,  2.44e+02)
35     -0.015   4.20e-01   4.01e-01   3.13e-01  -7.32e-02   4.61e-02 (  2.38e+02,  2.53e+02)
40     -0.107   3.59e-01   3.12e-01   2.73e-01  -5.28e-01   1.64e-01 (  1.87e+02,  2.54e+02)
45     -0.007   3.84e-01   3.68e-01   3.14e-01  -3.88e-02   4.68e-01 (  1.88e+02,  2.50e+02)
50      0.142   4.86e-01   5.69e-01   3.16e-01   1.10e+00   1.08e+00 (  2.12e+02,  2.41e+02)
55      0.155   5.12e-01   6.53e-01   3.75e-01   1.90e+00   2.02e+00 (  2.00e+02,  2.29e+02)
60      0.185   5.61e-01   7.78e-01   4.31e-01   3.00e+00   3.16e+00 (  1.89e+02,  2.15e+02)
65      0.191   5.69e-01   7.69e-01   4.68e-01   3.43e+00   4.20e+00 (  1.61e+02,  2.01e+02)
70      0.262   7.08e-01   1.02e+00   6.73e-01   4.84e+00   4.89e+00 (  1.71e+02,  1.87e+02)
75      0.279   7.54e-01   1.12e+00   7.73e-01   5.15e+00   5.17e+00 (  1.60e+02,  1.74e+02)
80      0.279   7.66e-01   1.18e+00   8.42e-01   5.15e+00   5.14e+00 (  1.50e+02,  1.63e+02)
85      0.258   6.97e-01   1.15e+00   8.54e-01   4.72e+00   4.96e+00 (  1.27e+02,  1.53e+02)
90      1.737   3.72e+00   5.04e+00   3.45e+00   5.65e+01   4.73e+00 (  1.18e+03,  1.43e+02)
95      0.850   1.44e+00   2.05e+00   1.52e+00   7.04e+01   4.54e+00 (  1.09e+03,  1.35e+02)
14 n: 5.194e-04 e: 3.858e-04 i: 8.275e-04 :: e: 5.121e-02 i: 5.645e-02 :: n: 2.563e+01 e:24.611 i:30.387 v:4.993e+03
>>> tau_he = 5.000000, nhe(0)=3.095968e+00
 5   -606.961   1.45e-02   6.30e-01   3.58e-03  -2.06e-01   1.25e-07 (  7.41e+00,  5.98e+01)
10  -2177.845   7.67e-02   1.31e-01   4.89e-03  -3.33e+00   2.22e-06 (  5.23e+01,  1.18e+02)
15   -161.160   3.00e-01   2.31e-01  -7.61e-02  -3.77e+00   2.71e-05 (  1.77e+02,  1.65e+02)
20    -14.311   2.44e-01   2.08e-01   1.17e-01  -3.97e+00   2.51e-04 (  1.48e+02,  2.00e+02)
25     -1.032   2.43e-01   2.30e-01   3.58e-02  -2.34e+00   1.81e-03 (  1.61e+02,  2.26e+02)
30     -0.089   2.74e-01   2.36e-01   5.26e-02  -5.24e-01   1.03e-02 (  1.71e+02,  2.44e+02)
35     -0.122   3.04e-01   2.62e-01   1.55e-01  -6.28e-01   4.61e-02 (  1.69e+02,  2.53e+02)
40     -0.084   3.57e-01   3.14e-01   2.66e-01  -4.30e-01   1.64e-01 (  1.85e+02,  2.54e+02)
45      0.012   3.82e-01   3.69e-01   3.11e-01   7.56e-02   4.68e-01 (  1.86e+02,  2.50e+02)
50      0.145   4.80e-01   5.63e-01   3.13e-01   1.11e+00   1.08e+00 (  2.07e+02,  2.41e+02)
55      0.155   5.06e-01   6.42e-01   3.71e-01   1.88e+00   2.02e+00 (  1.95e+02,  2.29e+02)
60      0.185   5.56e-01   7.70e-01   4.27e-01   3.00e+00   3.16e+00 (  1.85e+02,  2.15e+02)
65      0.233   6.41e-01   9.15e-01   5.54e-01   4.22e+00   4.20e+00 (  1.81e+02,  2.01e+02)
70      0.263   7.04e-01   1.02e+00   6.69e-01   4.85e+00   4.89e+00 (  1.68e+02,  1.87e+02)
75      0.278   7.48e-01   1.11e+00   7.67e-01   5.13e+00   5.17e+00 (  1.57e+02,  1.74e+02)
80      0.278   7.60e-01   1.18e+00   8.36e-01   5.14e+00   5.14e+00 (  1.48e+02,  1.63e+02)
85      0.258   6.92e-01   1.14e+00   8.49e-01   4.71e+00   4.96e+00 (  1.25e+02,  1.53e+02)
90      1.735   3.71e+00   5.03e+00   3.45e+00   5.64e+01   4.73e+00 (  1.18e+03,  1.43e+02)
95      0.850   1.44e+00   2.05e+00   1.52e+00   7.04e+01   4.54e+00 (  1.09e+03,  1.35e+02)
15 n: 1.291e-04 e: 7.641e-05 i: 4.146e-04 :: e: 3.593e-02 i: 3.826e-02 :: n: 2.574e+01 e:24.623 i:30.217 v:4.993e+03
>>> tau_he = 5.000000, nhe(0)=3.108637e+00
 5   -602.128   1.44e-02   6.24e-01   3.54e-03  -2.05e-01   1.25e-07 (  7.37e+00,  5.98e+01)
10  -2162.408   7.59e-02   1.30e-01   4.57e-03  -3.32e+00   2.22e-06 (  5.16e+01,  1.18e+02)
15   -157.537   2.91e-01   2.25e-01  -5.10e-02  -3.69e+00   2.71e-05 (  1.70e+02,  1.65e+02)
20    -14.488   2.41e-01   2.06e-01   1.26e-01  -4.04e+00   2.51e-04 (  1.47e+02,  2.00e+02)
25     -1.106   2.47e-01   2.30e-01   3.67e-02  -2.54e+00   1.81e-03 (  1.65e+02,  2.26e+02)
30     -0.039   2.70e-01   2.33e-01   4.24e-02  -2.45e-01   1.03e-02 (  1.70e+02,  2.44e+02)
35      0.035   4.11e-01   3.89e-01   2.69e-01   1.97e-01   4.61e-02 (  2.32e+02,  2.53e+02)
40      0.052   4.47e-01   4.78e-01   3.56e-01   2.91e-01   1.64e-01 (  2.34e+02,  2.54e+02)
45      0.107   4.61e-01   5.03e-01   3.86e-01   6.98e-01   4.68e-01 (  2.26e+02,  2.50e+02)
50      0.142   4.79e-01   5.64e-01   3.14e-01   1.09e+00   1.08e+00 (  2.07e+02,  2.41e+02)
55      0.152   5.04e-01   6.41e-01   3.71e-01   1.85e+00   2.02e+00 (  1.95e+02,  2.29e+02)
60      0.183   5.54e-01   7.68e-01   4.26e-01   2.96e+00   3.16e+00 (  1.85e+02,  2.15e+02)
65      0.229   6.37e-01   9.08e-01   5.51e-01   4.15e+00   4.20e+00 (  1.80e+02,  2.01e+02)
70      0.261   7.02e-01   1.02e+00   6.66e-01   4.81e+00   4.89e+00 (  1.68e+02,  1.87e+02)
75      0.277   7.46e-01   1.10e+00   7.63e-01   5.10e+00   5.17e+00 (  1.57e+02,  1.74e+02)
80      0.276   7.58e-01   1.17e+00   8.30e-01   5.11e+00   5.14e+00 (  1.48e+02,  1.63e+02)
85      0.255   6.89e-01   1.13e+00   8.40e-01   4.67e+00   4.96e+00 (  1.24e+02,  1.53e+02)
90      1.735   3.71e+00   5.03e+00   3.44e+00   5.64e+01   4.73e+00 (  1.18e+03,  1.43e+02)
95      0.850   1.44e+00   2.05e+00   1.52e+00   7.04e+01   4.54e+00 (  1.09e+03,  1.35e+02)
16 n: 7.584e-05 e: 7.282e-05 i: 3.112e-04 :: e: 3.141e-02 i: 3.554e-02 :: n: 2.554e+01 e:24.518 i:30.118 v:4.993e+03
>>> tau_he = 5.000000, nhe(0)=3.064450e+00
 5   -591.669   1.42e-02   6.14e-01   3.52e-03  -2.02e-01   1.25e-07 (  7.17e+00,  5.98e+01)
10  -2138.353   7.44e-02   1.29e-01   4.98e-03  -3.29e+00   2.22e-06 (  4.97e+01,  1.18e+02)
15   -151.595   2.82e-01   2.21e-01  -1.71e-02  -3.56e+00   2.71e-05 (  1.61e+02,  1.65e+02)
20    -14.322   2.39e-01   2.07e-01   1.44e-01  -3.99e+00   2.51e-04 (  1.44e+02,  2.00e+02)
25     -1.067   2.50e-01   2.33e-01   4.16e-02  -2.48e+00   1.81e-03 (  1.66e+02,  2.26e+02)
30     -0.093   2.76e-01   2.39e-01   5.12e-02  -5.43e-01   1.03e-02 (  1.73e+02,  2.44e+02)
35      0.003   4.12e-01   3.91e-01   2.98e-01   1.67e-02   4.61e-02 (  2.29e+02,  2.53e+02)
40     -0.114   3.59e-01   3.16e-01   2.78e-01  -5.39e-01   1.64e-01 (  1.86e+02,  2.54e+02)
45      0.002   3.81e-01   3.67e-01   3.11e-01   1.04e-02   4.68e-01 (  1.85e+02,  2.50e+02)
50      0.142   4.79e-01   5.60e-01   3.14e-01   1.07e+00   1.08e+00 (  2.06e+02,  2.41e+02)
55      0.153   5.03e-01   6.39e-01   3.71e-01   1.85e+00   2.02e+00 (  1.94e+02,  2.29e+02)
60      0.183   5.52e-01   7.64e-01   4.25e-01   2.95e+00   3.16e+00 (  1.83e+02,  2.15e+02)
65      0.192   5.65e-01   7.67e-01   4.65e-01   3.47e+00   4.20e+00 (  1.58e+02,  2.01e+02)
70      0.261   6.99e-01   1.01e+00   6.63e-01   4.81e+00   4.89e+00 (  1.66e+02,  1.87e+02)
75      0.278   7.44e-01   1.10e+00   7.62e-01   5.12e+00   5.17e+00 (  1.56e+02,  1.74e+02)
80      0.278   7.57e-01   1.17e+00   8.30e-01   5.13e+00   5.14e+00 (  1.47e+02,  1.63e+02)
85      0.257   6.88e-01   1.13e+00   8.41e-01   4.70e+00   4.96e+00 (  1.23e+02,  1.53e+02)
90      0.833   1.84e+00   2.61e+00   1.86e+00   2.70e+01   4.73e+00 (  5.83e+02,  1.43e+02)
95      0.850   1.44e+00   2.05e+00   1.52e+00   7.04e+01   4.54e+00 (  1.09e+03,  1.35e+02)
17 n: 3.940e-04 e: 6.135e-05 i: 1.923e-04 :: e: 3.543e-02 i: 4.106e-02 :: n: 2.564e+01 e:24.439 i:30.105 v:4.993e+03
>>> tau_he = 5.000000, nhe(0)=3.082680e+00
 5   -590.270   1.42e-02   6.12e-01   3.50e-03  -2.02e-01   1.25e-07 (  7.18e+00,  5.98e+01)
10  -2126.087   7.43e-02   1.30e-01   4.80e-03  -3.28e+00   2.22e-06 (  4.95e+01,  1.18e+02)
15   -148.479   2.79e-01   2.18e-01  -5.58e-03  -3.50e+00   2.71e-05 (  1.57e+02,  1.65e+02)
20    -14.273   2.39e-01   2.05e-01   1.37e-01  -3.99e+00   2.51e-04 (  1.44e+02,  2.00e+02)
25     -0.965   2.45e-01   2.30e-01   3.16e-02  -2.26e+00   1.81e-03 (  1.62e+02,  2.26e+02)
30     -0.076   2.75e-01   2.36e-01   4.42e-02  -4.61e-01   1.03e-02 (  1.72e+02,  2.44e+02)
35      0.027   4.05e-01   3.82e-01   2.80e-01   1.46e-01   4.61e-02 (  2.24e+02,  2.53e+02)
40     -0.077   3.57e-01   3.17e-01   2.69e-01  -3.97e-01   1.64e-01 (  1.85e+02,  2.54e+02)
45      0.019   3.79e-01   3.71e-01   3.08e-01   1.23e-01   4.68e-01 (  1.84e+02,  2.50e+02)
50      0.142   4.76e-01   5.58e-01   3.13e-01   1.07e+00   1.08e+00 (  2.03e+02,  2.41e+02)
55      0.101   4.29e-01   4.75e-01   3.15e-01   1.22e+00   2.02e+00 (  1.64e+02,  2.29e+02)
60      0.182   5.50e-01   7.63e-01   4.24e-01   2.96e+00   3.16e+00 (  1.82e+02,  2.15e+02)
65      0.233   6.40e-01   9.13e-01   5.53e-01   4.25e+00   4.20e+00 (  1.80e+02,  2.01e+02)
70      0.261   7.00e-01   1.01e+00   6.62e-01   4.83e+00   4.89e+00 (  1.66e+02,  1.87e+02)
75      0.277   7.42e-01   1.10e+00   7.58e-01   5.10e+00   5.17e+00 (  1.55e+02,  1.74e+02)
80      0.276   7.54e-01   1.16e+00   8.25e-01   5.11e+00   5.14e+00 (  1.46e+02,  1.63e+02)
85      0.255   6.85e-01   1.13e+00   8.35e-01   4.67e+00   4.96e+00 (  1.23e+02,  1.53e+02)
90      0.832   1.84e+00   2.61e+00   1.86e+00   2.70e+01   4.73e+00 (  5.83e+02,  1.43e+02)
95      0.850   1.44e+00   2.05e+00   1.52e+00   7.04e+01   4.54e+00 (  1.09e+03,  1.35e+02)
18 n: 6.022e-04 e: 5.308e-05 i: 2.207e-04 :: e: 3.526e-02 i: 4.418e-02 :: n: 2.562e+01 e:24.456 i:30.031 v:4.993e+03
>>> tau_he = 5.000000, nhe(0)=3.075751e+00
 5   -588.940   1.41e-02   6.09e-01   3.48e-03  -2.01e-01   1.25e-07 (  7.13e+00,  5.98e+01)
10  -2122.881   7.36e-02   1.29e-01   4.78e-03  -3.27e+00   2.22e-06 (  4.88e+01,  1.18e+02)
15   -147.963   2.70e-01   2.03e-01   9.38e-02  -3.49e+00   2.71e-05 (  1.51e+02,  1.65e+02)
20    -15.200   2.35e-01   2.03e-01   1.52e-01  -4.25e+00   2.51e-04 (  1.42e+02,  2.00e+02)
25     -1.049   2.51e-01   2.32e-01   3.51e-02  -2.46e+00   1.81e-03 (  1.67e+02,  2.26e+02)
30     -0.128   2.77e-01   2.38e-01   5.72e-02  -6.96e-01   1.03e-02 (  1.74e+02,  2.44e+02)
35     -0.119   3.00e-01   2.59e-01   1.55e-01  -6.18e-01   4.61e-02 (  1.66e+02,  2.53e+02)
40      0.050   4.45e-01   4.77e-01   3.56e-01   2.71e-01   1.64e-01 (  2.33e+02,  2.54e+02)
45      0.109   4.58e-01   4.99e-01   3.81e-01   7.19e-01   4.68e-01 (  2.24e+02,  2.50e+02)
50      0.141   4.77e-01   5.58e-01   3.12e-01   1.07e+00   1.08e+00 (  2.05e+02,  2.41e+02)
55      0.157   5.05e-01   6.51e-01   3.72e-01   1.93e+00   2.02e+00 (  1.95e+02,  2.29e+02)
60      0.183   5.51e-01   7.65e-01   4.24e-01   2.98e+00   3.16e+00 (  1.83e+02,  2.15e+02)
65      0.230   6.35e-01   9.04e-01   5.48e-01   4.19e+00   4.20e+00 (  1.78e+02,  2.01e+02)
70      0.260   6.98e-01   1.01e+00   6.59e-01   4.82e+00   4.89e+00 (  1.66e+02,  1.87e+02)
75      0.277   7.42e-01   1.10e+00   7.56e-01   5.11e+00   5.17e+00 (  1.55e+02,  1.74e+02)
80      0.277   7.54e-01   1.16e+00   8.23e-01   5.12e+00   5.14e+00 (  1.46e+02,  1.63e+02)
85      0.255   6.84e-01   1.12e+00   8.32e-01   4.68e+00   4.96e+00 (  1.22e+02,  1.53e+02)
90      0.831   1.84e+00   2.61e+00   1.86e+00   2.70e+01   4.73e+00 (  5.82e+02,  1.43e+02)
95      0.850   1.44e+00   2.05e+00   1.52e+00   7.04e+01   4.54e+00 (  1.09e+03,  1.35e+02)
19 n: 1.149e-04 e: 8.325e-05 i: 1.903e-04 :: e: 3.194e-02 i: 3.665e-02 :: n: 2.562e+01 e:24.421 i:30.049 v:4.993e+03
>>> tau_he = 5.000000, nhe(0)=3.077103e+00
 5   -585.897   1.41e-02   6.08e-01   3.47e-03  -2.01e-01   1.25e-07 (  7.09e+00,  5.98e+01)
10  -2107.908   7.31e-02   1.29e-01   4.70e-03  -3.26e+00   2.22e-06 (  4.82e+01,  1.18e+02)
15   -145.522   2.69e-01   2.00e-01   9.46e-02  -3.44e+00   2.71e-05 (  1.49e+02,  1.65e+02)
20    -15.175   2.35e-01   2.03e-01   1.52e-01  -4.25e+00   2.51e-04 (  1.42e+02,  2.00e+02)
25     -1.034   2.51e-01   2.33e-01   3.30e-02  -2.44e+00   1.81e-03 (  1.67e+02,  2.26e+02)
30     -0.093   2.78e-01   2.39e-01   4.52e-02  -5.44e-01   1.03e-02 (  1.75e+02,  2.44e+02)
35      0.013   4.09e-01   3.87e-01   2.91e-01   6.96e-02   4.61e-02 (  2.27e+02,  2.53e+02)
40     -0.081   3.56e-01   3.15e-01   2.68e-01  -4.16e-01   1.64e-01 (  1.85e+02,  2.54e+02)
45      0.013   3.78e-01   3.66e-01   3.06e-01   8.38e-02   4.68e-01 (  1.83e+02,  2.50e+02)
50      0.141   4.76e-01   5.56e-01   3.12e-01   1.07e+00   1.08e+00 (  2.04e+02,  2.41e+02)
55      0.157   5.05e-01   6.49e-01   3.72e-01   1.92e+00   2.02e+00 (  1.95e+02,  2.29e+02)
60      0.184   5.51e-01   7.66e-01   4.24e-01   2.99e+00   3.16e+00 (  1.83e+02,  2.15e+02)
65      0.230   6.34e-01   9.02e-01   5.47e-01   4.18e+00   4.20e+00 (  1.77e+02,  2.01e+02)
70      0.261   6.99e-01   1.01e+00   6.60e-01   4.85e+00   4.89e+00 (  1.66e+02,  1.87e+02)
75      0.278   7.45e-01   1.10e+00   7.57e-01   5.15e+00   5.17e+00 (  1.56e+02,  1.74e+02)
80      0.278   7.57e-01   1.17e+00   8.24e-01   5.17e+00   5.14e+00 (  1.46e+02,  1.63e+02)
85      0.257   6.87e-01   1.13e+00   8.33e-01   4.71e+00   4.96e+00 (  1.23e+02,  1.53e+02)
90      0.831   1.84e+00   2.61e+00   1.86e+00   2.70e+01   4.73e+00 (  5.81e+02,  1.43e+02)
95      0.850   1.44e+00   2.05e+00   1.52e+00   7.04e+01   4.54e+00 (  1.09e+03,  1.35e+02)
20 n: 1.296e-04 e: 2.886e-05 i: 9.133e-05 :: e: 2.411e-02 i: 2.827e-02 :: n: 2.562e+01 e:24.433 i:30.053 v:4.993e+03
>>> tau_he = 5.000000, nhe(0)=3.077612e+00
 5   -587.095   1.41e-02   6.07e-01   3.47e-03  -2.01e-01   1.25e-07 (  7.09e+00,  5.98e+01)
10  -2108.249   7.30e-02   1.29e-01   4.65e-03  -3.25e+00   2.22e-06 (  4.81e+01,  1.18e+02)
15   -144.582   2.69e-01   1.98e-01   9.57e-02  -3.41e+00   2.71e-05 (  1.48e+02,  1.65e+02)
20    -15.284   2.35e-01   2.03e-01   1.52e-01  -4.27e+00   2.51e-04 (  1.42e+02,  2.00e+02)
25     -1.037   2.52e-01   2.33e-01   3.16e-02  -2.45e+00   1.81e-03 (  1.68e+02,  2.26e+02)
30     -0.131   2.80e-01   2.40e-01   5.33e-02  -7.07e-01   1.03e-02 (  1.77e+02,  2.44e+02)
35     -0.126   3.02e-01   2.61e-01   1.56e-01  -6.43e-01   4.61e-02 (  1.68e+02,  2.53e+02)
40      0.056   4.43e-01   4.76e-01   3.51e-01   3.10e-01   1.64e-01 (  2.31e+02,  2.54e+02)
45      0.109   4.56e-01   4.97e-01   3.80e-01   7.18e-01   4.68e-01 (  2.23e+02,  2.50e+02)
50      0.141   4.76e-01   5.57e-01   3.12e-01   1.07e+00   1.08e+00 (  2.04e+02,  2.41e+02)
55      0.155   5.04e-01   6.46e-01   3.71e-01   1.90e+00   2.02e+00 (  1.94e+02,  2.29e+02)
60      0.183   5.51e-01   7.64e-01   4.23e-01   2.98e+00   3.16e+00 (  1.83e+02,  2.15e+02)
65      0.192   5.66e-01   7.67e-01   4.65e-01   3.50e+00   4.20e+00 (  1.58e+02,  2.01e+02)
70      0.261   6.99e-01   1.01e+00   6.60e-01   4.84e+00   4.89e+00 (  1.66e+02,  1.87e+02)
75      0.278   7.45e-01   1.10e+00   7.58e-01   5.15e+00   5.17e+00 (  1.56e+02,  1.74e+02)
80      0.278   7.58e-01   1.17e+00   8.24e-01   5.17e+00   5.14e+00 (  1.47e+02,  1.63e+02)
85      0.256   6.87e-01   1.13e+00   8.33e-01   4.71e+00   4.96e+00 (  1.23e+02,  1.53e+02)
90      0.831   1.84e+00   2.61e+00   1.86e+00   2.70e+01   4.73e+00 (  5.81e+02,  1.43e+02)
95      0.850   1.44e+00   2.05e+00   1.52e+00   7.04e+01   4.54e+00 (  1.09e+03,  1.35e+02)
21 n: 3.799e-04 e: 7.398e-05 i: 1.643e-04 :: e: 3.247e-02 i: 3.857e-02 :: n: 2.563e+01 e:24.435 i:30.074 v:4.993e+03
>>> tau_he = 5.000000, nhe(0)=3.080661e+00
 5   -586.178   1.41e-02   6.07e-01   3.46e-03  -2.01e-01   1.25e-07 (  7.08e+00,  5.98e+01)
10  -2101.632   7.28e-02   1.30e-01   4.57e-03  -3.25e+00   2.22e-06 (  4.79e+01,  1.18e+02)
15   -152.383   2.66e-01   1.95e-01   9.66e-02  -3.60e+00   2.71e-05 (  1.46e+02,  1.65e+02)
20    -14.516   2.37e-01   1.99e-01   1.71e-01  -4.06e+00   2.51e-04 (  1.43e+02,  2.00e+02)
25     -1.031   2.53e-01   2.33e-01   2.98e-02  -2.45e+00   1.81e-03 (  1.68e+02,  2.26e+02)
30     -0.076   2.81e-01   2.39e-01   4.10e-02  -4.45e-01   1.03e-02 (  1.79e+02,  2.44e+02)
35      0.008   4.12e-01   3.92e-01   2.96e-01   4.26e-02   4.61e-02 (  2.31e+02,  2.53e+02)
40     -0.077   3.56e-01   3.15e-01   2.66e-01  -4.00e-01   1.64e-01 (  1.85e+02,  2.54e+02)
45      0.010   3.77e-01   3.64e-01   3.04e-01   6.52e-02   4.68e-01 (  1.83e+02,  2.50e+02)
50      0.140   4.76e-01   5.54e-01   3.11e-01   1.06e+00   1.08e+00 (  2.04e+02,  2.41e+02)
55      0.155   5.03e-01   6.42e-01   3.70e-01   1.89e+00   2.02e+00 (  1.94e+02,  2.29e+02)
60      0.184   5.52e-01   7.66e-01   4.24e-01   3.01e+00   3.16e+00 (  1.84e+02,  2.15e+02)
65      0.235   6.43e-01   9.16e-01   5.54e-01   4.32e+00   4.20e+00 (  1.81e+02,  2.01e+02)
70      0.263   7.03e-01   1.01e+00   6.63e-01   4.90e+00   4.89e+00 (  1.67e+02,  1.87e+02)
75      0.279   7.47e-01   1.10e+00   7.58e-01   5.18e+00   5.17e+00 (  1.56e+02,  1.74e+02)
80      0.279   7.60e-01   1.17e+00   8.25e-01   5.19e+00   5.14e+00 (  1.47e+02,  1.63e+02)
85      0.257   6.88e-01   1.13e+00   8.34e-01   4.73e+00   4.96e+00 (  1.23e+02,  1.53e+02)
90      0.831   1.84e+00   2.61e+00   1.86e+00   2.70e+01   4.73e+00 (  5.81e+02,  1.43e+02)
95      0.850   1.44e+00   2.05e+00   1.52e+00   7.04e+01   4.54e+00 (  1.09e+03,  1.35e+02)
22 n: 1.446e-04 e: 3.083e-05 i: 8.330e-05 :: e: 2.224e-02 i: 2.695e-02 :: n: 2.567e+01 e:24.446 i:30.096 v:4.993e+03
>>> tau_he = 5.000000, nhe(0)=3.088812e+00
 5   -587.802   1.41e-02   6.08e-01   3.46e-03  -2.01e-01   1.25e-07 (  7.10e+00,  5.98e+01)
10  -2100.156   7.28e-02   1.30e-01   4.45e-03  -3.25e+00   2.22e-06 (  4.79e+01,  1.18e+02)
15   -151.875   2.66e-01   1.93e-01   9.65e-02  -3.59e+00   2.71e-05 (  1.46e+02,  1.65e+02)
20    -14.619   2.37e-01   2.04e-01   1.48e-01  -4.09e+00   2.51e-04 (  1.44e+02,  2.00e+02)
25     -1.034   2.53e-01   2.33e-01   2.77e-02  -2.46e+00   1.81e-03 (  1.69e+02,  2.26e+02)
30     -0.111   2.81e-01   2.40e-01   4.45e-02  -6.26e-01   1.03e-02 (  1.79e+02,  2.44e+02)
35      0.013   4.10e-01   3.87e-01   2.90e-01   6.67e-02   4.61e-02 (  2.29e+02,  2.53e+02)
40      0.060   4.41e-01   4.74e-01   3.47e-01   3.41e-01   1.64e-01 (  2.30e+02,  2.54e+02)
45      0.025   3.78e-01   3.69e-01   3.03e-01   1.64e-01   4.68e-01 (  1.84e+02,  2.50e+02)
50      0.141   4.76e-01   5.56e-01   3.11e-01   1.07e+00   1.08e+00 (  2.04e+02,  2.41e+02)
55      0.154   5.03e-01   6.41e-01   3.70e-01   1.88e+00   2.02e+00 (  1.94e+02,  2.29e+02)
60      0.184   5.52e-01   7.65e-01   4.24e-01   2.99e+00   3.16e+00 (  1.84e+02,  2.15e+02)
65      0.232   6.40e-01   9.11e-01   5.51e-01   4.25e+00   4.20e+00 (  1.80e+02,  2.01e+02)
70      0.263   7.03e-01   1.01e+00   6.62e-01   4.89e+00   4.89e+00 (  1.67e+02,  1.87e+02)
75      0.279   7.48e-01   1.10e+00   7.60e-01   5.18e+00   5.17e+00 (  1.57e+02,  1.74e+02)
80      0.279   7.61e-01   1.17e+00   8.27e-01   5.19e+00   5.14e+00 (  1.47e+02,  1.63e+02)
85      0.257   6.89e-01   1.13e+00   8.35e-01   4.73e+00   4.96e+00 (  1.23e+02,  1.53e+02)
90      0.831   1.84e+00   2.61e+00   1.86e+00   2.70e+01   4.73e+00 (  5.82e+02,  1.43e+02)
95      0.850   1.44e+00   2.05e+00   1.52e+00   7.04e+01   4.54e+00 (  1.09e+03,  1.35e+02)
23 n: 6.561e-05 e: 3.790e-05 i: 8.051e-05 :: e: 1.909e-02 i: 2.270e-02 :: n: 2.560e+01 e:24.455 i:30.085 v:4.993e+03
>>> tau_he = 5.000000, nhe(0)=3.075029e+00
 5   -587.846   1.40e-02   6.06e-01   3.45e-03  -2.01e-01   1.25e-07 (  7.06e+00,  5.98e+01)
10  -2103.673   7.26e-02   1.30e-01   4.58e-03  -3.25e+00   2.22e-06 (  4.76e+01,  1.18e+02)
15   -150.973   2.66e-01   1.93e-01   9.85e-02  -3.57e+00   2.71e-05 (  1.45e+02,  1.65e+02)
20    -14.655   2.38e-01   2.05e-01   1.50e-01  -4.09e+00   2.51e-04 (  1.45e+02,  2.00e+02)
25     -0.955   2.49e-01   2.34e-01   2.58e-02  -2.26e+00   1.81e-03 (  1.66e+02,  2.26e+02)
30     -0.147   2.83e-01   2.43e-01   5.34e-02  -7.66e-01   1.03e-02 (  1.80e+02,  2.44e+02)
35     -0.164   3.04e-01   2.62e-01   1.66e-01  -7.71e-01   4.61e-02 (  1.69e+02,  2.53e+02)
40      0.049   4.43e-01   4.72e-01   3.52e-01   2.71e-01   1.64e-01 (  2.31e+02,  2.54e+02)
45      0.115   4.57e-01   4.98e-01   3.77e-01   7.85e-01   4.68e-01 (  2.24e+02,  2.50e+02)
50      0.141   4.78e-01   5.59e-01   3.12e-01   1.07e+00   1.08e+00 (  2.06e+02,  2.41e+02)
55      0.154   5.04e-01   6.43e-01   3.71e-01   1.87e+00   2.02e+00 (  1.94e+02,  2.29e+02)
60      0.183   5.53e-01   7.66e-01   4.25e-01   2.99e+00   3.16e+00 (  1.84e+02,  2.15e+02)
65      0.231   6.38e-01   9.07e-01   5.50e-01   4.21e+00   4.20e+00 (  1.79e+02,  2.01e+02)
70      0.263   7.03e-01   1.01e+00   6.62e-01   4.88e+00   4.89e+00 (  1.68e+02,  1.87e+02)
75      0.279   7.49e-01   1.11e+00   7.61e-01   5.18e+00   5.17e+00 (  1.57e+02,  1.74e+02)
80      0.280   7.62e-01   1.17e+00   8.28e-01   5.20e+00   5.14e+00 (  1.48e+02,  1.63e+02)
85      0.258   6.90e-01   1.13e+00   8.37e-01   4.73e+00   4.96e+00 (  1.24e+02,  1.53e+02)
90      0.831   1.84e+00   2.61e+00   1.86e+00   2.70e+01   4.73e+00 (  5.82e+02,  1.43e+02)
95      0.850   1.44e+00   2.05e+00   1.52e+00   7.04e+01   4.54e+00 (  1.09e+03,  1.35e+02)
24 n: 1.554e-04 e: 7.050e-05 i: 1.378e-04 :: e: 2.156e-02 i: 2.507e-02 :: n: 2.559e+01 e:24.432 i:30.123 v:4.993e+03
>>> tau_he = 5.000000, nhe(0)=3.074386e+00
 5   -586.883   1.41e-02   6.07e-01   3.46e-03  -2.01e-01   1.25e-07 (  7.05e+00,  5.98e+01)
10  -2097.689   7.27e-02   1.30e-01   4.59e-03  -3.24e+00   2.22e-06 (  4.75e+01,  1.18e+02)
15   -149.732   2.66e-01   1.92e-01   9.86e-02  -3.55e+00   2.71e-05 (  1.45e+02,  1.65e+02)
20    -14.625   2.39e-01   2.05e-01   1.49e-01  -4.09e+00   2.51e-04 (  1.45e+02,  2.00e+02)
25     -0.862   2.50e-01   2.33e-01   2.35e-02  -2.05e+00   1.81e-03 (  1.67e+02,  2.26e+02)
30     -0.086   2.84e-01   2.42e-01   4.17e-02  -4.88e-01   1.03e-02 (  1.81e+02,  2.44e+02)
35     -0.156   3.07e-01   2.66e-01   1.65e-01  -7.41e-01   4.61e-02 (  1.71e+02,  2.53e+02)
40     -0.084   3.54e-01   3.12e-01   2.66e-01  -4.30e-01   1.64e-01 (  1.83e+02,  2.54e+02)
45      0.016   3.78e-01   3.66e-01   3.05e-01   1.05e-01   4.68e-01 (  1.84e+02,  2.50e+02)
50      0.141   4.77e-01   5.57e-01   3.12e-01   1.07e+00   1.08e+00 (  2.05e+02,  2.41e+02)
55      0.155   5.04e-01   6.43e-01   3.71e-01   1.88e+00   2.02e+00 (  1.94e+02,  2.29e+02)
60      0.184   5.53e-01   7.68e-01   4.25e-01   3.01e+00   3.16e+00 (  1.84e+02,  2.15e+02)
65      0.231   6.37e-01   9.06e-01   5.49e-01   4.21e+00   4.20e+00 (  1.79e+02,  2.01e+02)
70      0.263   7.04e-01   1.02e+00   6.63e-01   4.90e+00   4.89e+00 (  1.68e+02,  1.87e+02)
75      0.281   7.51e-01   1.11e+00   7.63e-01   5.21e+00   5.17e+00 (  1.58e+02,  1.74e+02)
80      0.281   7.64e-01   1.18e+00   8.30e-01   5.22e+00   5.14e+00 (  1.48e+02,  1.63e+02)
85      0.258   6.92e-01   1.13e+00   8.39e-01   4.76e+00   4.96e+00 (  1.24e+02,  1.53e+02)
90      0.831   1.84e+00   2.61e+00   1.86e+00   2.70e+01   4.73e+00 (  5.82e+02,  1.43e+02)
95      0.850   1.44e+00   2.05e+00   1.52e+00   7.04e+01   4.54e+00 (  1.09e+03,  1.35e+02)
25 n: 8.558e-05 e: 3.702e-05 i: 6.999e-05 :: e: 1.945e-02 i: 2.291e-02 :: n: 2.568e+01 e:24.467 i:30.168 v:4.993e+03
>>> tau_he = 5.000000, nhe(0)=3.095028e+00
 5   -588.741   1.41e-02   6.10e-01   3.45e-03  -2.02e-01   1.25e-07 (  7.11e+00,  5.98e+01)
10  -2092.488   7.26e-02   1.30e-01   4.30e-03  -3.24e+00   2.22e-06 (  4.76e+01,  1.18e+02)
15   -149.795   2.66e-01   1.91e-01   9.74e-02  -3.55e+00   2.71e-05 (  1.45e+02,  1.65e+02)
20    -14.734   2.38e-01   1.99e-01   1.67e-01  -4.13e+00   2.51e-04 (  1.45e+02,  2.00e+02)
25     -0.870   2.50e-01   2.32e-01   2.08e-02  -2.07e+00   1.81e-03 (  1.67e+02,  2.26e+02)
30     -0.061   2.88e-01   2.41e-01   3.10e-02  -3.69e-01   1.03e-02 (  1.85e+02,  2.44e+02)
35      0.017   4.16e-01   3.97e-01   2.86e-01   8.64e-02   4.61e-02 (  2.36e+02,  2.53e+02)
40      0.056   4.43e-01   4.74e-01   3.49e-01   3.12e-01   1.64e-01 (  2.31e+02,  2.54e+02)
45      0.110   4.57e-01   4.97e-01   3.78e-01   7.37e-01   4.68e-01 (  2.23e+02,  2.50e+02)
50      0.141   4.77e-01   5.57e-01   3.12e-01   1.07e+00   1.08e+00 (  2.05e+02,  2.41e+02)
55      0.154   5.03e-01   6.41e-01   3.70e-01   1.87e+00   2.02e+00 (  1.93e+02,  2.29e+02)
60      0.183   5.52e-01   7.66e-01   4.24e-01   2.99e+00   3.16e+00 (  1.84e+02,  2.15e+02)
65      0.193   5.67e-01   7.69e-01   4.67e-01   3.51e+00   4.20e+00 (  1.59e+02,  2.01e+02)
70      0.263   7.03e-01   1.01e+00   6.62e-01   4.88e+00   4.89e+00 (  1.68e+02,  1.87e+02)
75      0.280   7.50e-01   1.11e+00   7.62e-01   5.19e+00   5.17e+00 (  1.57e+02,  1.74e+02)
80      0.280   7.63e-01   1.17e+00   8.29e-01   5.20e+00   5.14e+00 (  1.48e+02,  1.63e+02)
85      0.258   6.91e-01   1.13e+00   8.38e-01   4.74e+00   4.96e+00 (  1.24e+02,  1.53e+02)
90      0.831   1.84e+00   2.61e+00   1.86e+00   2.70e+01   4.73e+00 (  5.82e+02,  1.43e+02)
95      0.850   1.44e+00   2.05e+00   1.52e+00   7.04e+01   4.54e+00 (  1.09e+03,  1.35e+02)
26 n: 3.540e-04 e: 2.241e-05 i: 6.225e-05 :: e: 2.311e-02 i: 2.954e-02 :: n: 2.558e+01 e:24.489 i:30.143 v:4.993e+03
>>> tau_he = 5.000000, nhe(0)=3.072835e+00
 5   -589.293   1.41e-02   6.08e-01   3.45e-03  -2.01e-01   1.25e-07 (  7.05e+00,  5.98e+01)
10  -2100.317   7.24e-02   1.30e-01   4.51e-03  -3.25e+00   2.22e-06 (  4.73e+01,  1.18e+02)
15   -149.231   2.66e-01   1.92e-01   1.00e-01  -3.53e+00   2.71e-05 (  1.45e+02,  1.65e+02)
20    -14.789   2.39e-01   2.06e-01   1.50e-01  -4.13e+00   2.51e-04 (  1.46e+02,  2.00e+02)
25     -0.956   2.57e-01   2.37e-01   2.57e-02  -2.27e+00   1.81e-03 (  1.72e+02,  2.26e+02)
30     -0.116   2.87e-01   2.45e-01   4.68e-02  -6.16e-01   1.03e-02 (  1.84e+02,  2.44e+02)
35     -0.030   4.19e-01   4.00e-01   3.20e-01  -1.37e-01   4.61e-02 (  2.36e+02,  2.53e+02)
40     -0.082   3.56e-01   3.13e-01   2.65e-01  -4.22e-01   1.64e-01 (  1.85e+02,  2.54e+02)
45      0.013   3.79e-01   3.66e-01   3.06e-01   8.23e-02   4.68e-01 (  1.85e+02,  2.50e+02)
50      0.140   4.78e-01   5.57e-01   3.12e-01   1.07e+00   1.08e+00 (  2.07e+02,  2.41e+02)
55      0.154   5.04e-01   6.41e-01   3.70e-01   1.87e+00   2.02e+00 (  1.95e+02,  2.29e+02)
60      0.185   5.56e-01   7.70e-01   4.26e-01   3.03e+00   3.16e+00 (  1.86e+02,  2.15e+02)
65      0.236   6.46e-01   9.20e-01   5.56e-01   4.34e+00   4.20e+00 (  1.83e+02,  2.01e+02)
70      0.265   7.08e-01   1.02e+00   6.65e-01   4.93e+00   4.89e+00 (  1.69e+02,  1.87e+02)
75      0.281   7.52e-01   1.11e+00   7.63e-01   5.21e+00   5.17e+00 (  1.58e+02,  1.74e+02)
80      0.281   7.64e-01   1.18e+00   8.30e-01   5.22e+00   5.14e+00 (  1.48e+02,  1.63e+02)
85      0.259   6.93e-01   1.14e+00   8.39e-01   4.76e+00   4.96e+00 (  1.24e+02,  1.53e+02)
90      0.832   1.84e+00   2.61e+00   1.86e+00   2.70e+01   4.73e+00 (  5.82e+02,  1.43e+02)
95      0.850   1.44e+00   2.05e+00   1.52e+00   7.04e+01   4.54e+00 (  1.09e+03,  1.35e+02)
27 n: 1.247e-04 e: 4.429e-05 i: 9.487e-05 :: e: 1.912e-02 i: 2.285e-02 :: n: 2.566e+01 e:24.440 i:30.192 v:4.993e+03
>>> tau_he = 5.000000, nhe(0)=3.092296e+00
 5   -590.242   1.41e-02   6.10e-01   3.45e-03  -2.01e-01   1.25e-07 (  7.09e+00,  5.98e+01)
10  -2093.620   7.27e-02   1.31e-01   4.35e-03  -3.24e+00   2.22e-06 (  4.75e+01,  1.18e+02)
15   -148.515   2.66e-01   1.90e-01   9.77e-02  -3.52e+00   2.71e-05 (  1.44e+02,  1.65e+02)
20    -14.785   2.39e-01   2.05e-01   1.43e-01  -4.13e+00   2.51e-04 (  1.46e+02,  2.00e+02)
25     -0.867   2.51e-01   2.33e-01   1.87e-02  -2.06e+00   1.81e-03 (  1.68e+02,  2.26e+02)
30     -0.082   2.84e-01   2.42e-01   3.82e-02  -4.67e-01   1.03e-02 (  1.82e+02,  2.44e+02)
35      0.003   4.11e-01   3.89e-01   2.98e-01   1.41e-02   4.61e-02 (  2.30e+02,  2.53e+02)
40      0.060   4.42e-01   4.71e-01   3.45e-01   3.40e-01   1.64e-01 (  2.30e+02,  2.54e+02)
45      0.110   4.57e-01   4.96e-01   3.79e-01   7.33e-01   4.68e-01 (  2.23e+02,  2.50e+02)
50      0.142   4.77e-01   5.57e-01   3.12e-01   1.08e+00   1.08e+00 (  2.05e+02,  2.41e+02)
55      0.154   5.03e-01   6.40e-01   3.70e-01   1.87e+00   2.02e+00 (  1.94e+02,  2.29e+02)
60      0.185   5.54e-01   7.68e-01   4.25e-01   3.01e+00   3.16e+00 (  1.85e+02,  2.15e+02)
65      0.233   6.42e-01   9.14e-01   5.53e-01   4.27e+00   4.20e+00 (  1.81e+02,  2.01e+02)
70      0.264   7.06e-01   1.02e+00   6.65e-01   4.91e+00   4.89e+00 (  1.69e+02,  1.87e+02)
75      0.280   7.51e-01   1.11e+00   7.64e-01   5.20e+00   5.17e+00 (  1.58e+02,  1.74e+02)
80      0.281   7.64e-01   1.18e+00   8.31e-01   5.22e+00   5.14e+00 (  1.49e+02,  1.63e+02)
85      0.259   6.93e-01   1.14e+00   8.41e-01   4.76e+00   4.96e+00 (  1.25e+02,  1.53e+02)
90      0.832   1.84e+00   2.61e+00   1.86e+00   2.70e+01   4.73e+00 (  5.82e+02,  1.43e+02)
95      0.850   1.44e+00   2.05e+00   1.52e+00   7.04e+01   4.54e+00 (  1.09e+03,  1.35e+02)
28 n: 1.314e-04 e: 1.710e-05 i: 5.056e-05 :: e: 1.650e-02 i: 2.015e-02 :: n: 2.562e+01 e:24.475 i:30.114 v:4.993e+03
>>> tau_he = 5.000000, nhe(0)=3.080240e+00
 5   -588.721   1.40e-02   6.07e-01   3.45e-03  -2.01e-01   1.25e-07 (  7.06e+00,  5.98e+01)
10  -2100.171   7.26e-02   1.31e-01   4.47e-03  -3.25e+00   2.22e-06 (  4.75e+01,  1.18e+02)
15   -148.480   2.66e-01   1.91e-01   9.99e-02  -3.52e+00   2.71e-05 (  1.44e+02,  1.65e+02)
20    -14.818   2.39e-01   2.06e-01   1.43e-01  -4.15e+00   2.51e-04 (  1.46e+02,  2.00e+02)
25     -0.867   2.52e-01   2.35e-01   1.95e-02  -2.06e+00   1.81e-03 (  1.69e+02,  2.26e+02)
30     -0.067   2.84e-01   2.43e-01   3.48e-02  -3.96e-01   1.03e-02 (  1.82e+02,  2.44e+02)
35     -0.142   3.04e-01   2.63e-01   1.62e-01  -6.98e-01   4.61e-02 (  1.69e+02,  2.53e+02)
40     -0.076   3.55e-01   3.13e-01   2.63e-01  -3.97e-01   1.64e-01 (  1.84e+02,  2.54e+02)
45      0.012   3.79e-01   3.67e-01   3.07e-01   7.48e-02   4.68e-01 (  1.85e+02,  2.50e+02)
50      0.141   4.79e-01   5.59e-01   3.13e-01   1.07e+00   1.08e+00 (  2.07e+02,  2.41e+02)
55      0.154   5.05e-01   6.43e-01   3.71e-01   1.87e+00   2.02e+00 (  1.96e+02,  2.29e+02)
60      0.185   5.56e-01   7.72e-01   4.27e-01   3.02e+00   3.16e+00 (  1.86e+02,  2.15e+02)
65      0.232   6.41e-01   9.12e-01   5.53e-01   4.24e+00   4.20e+00 (  1.81e+02,  2.01e+02)
70      0.264   7.08e-01   1.02e+00   6.66e-01   4.91e+00   4.89e+00 (  1.69e+02,  1.87e+02)
75      0.281   7.54e-01   1.11e+00   7.65e-01   5.22e+00   5.17e+00 (  1.59e+02,  1.74e+02)
80      0.281   7.66e-01   1.18e+00   8.33e-01   5.22e+00   5.14e+00 (  1.49e+02,  1.63e+02)
85      0.259   6.95e-01   1.14e+00   8.42e-01   4.76e+00   4.96e+00 (  1.25e+02,  1.53e+02)
90      0.832   1.84e+00   2.61e+00   1.86e+00   2.70e+01   4.73e+00 (  5.83e+02,  1.43e+02)
95      0.850   1.44e+00   2.05e+00   1.52e+00   7.04e+01   4.54e+00 (  1.09e+03,  1.35e+02)
29 n: 1.039e-04 e: 3.511e-05 i: 7.315e-05 :: e: 2.076e-02 i: 2.397e-02 :: n: 2.572e+01 e:24.436 i:30.189 v:4.993e+03
>>> tau_he = 5.000000, nhe(0)=3.103288e+00
 5   -588.554   1.41e-02   6.11e-01   3.44e-03  -2.01e-01   1.25e-07 (  7.10e+00,  5.98e+01)
10  -2082.135   7.23e-02   1.30e-01   4.17e-03  -3.23e+00   2.22e-06 (  4.73e+01,  1.18e+02)
15   -147.662   2.65e-01   1.88e-01   9.73e-02  -3.51e+00   2.71e-05 (  1.44e+02,  1.65e+02)
20    -14.814   2.38e-01   1.99e-01   1.64e-01  -4.15e+00   2.51e-04 (  1.46e+02,  2.00e+02)
25     -0.868   2.51e-01   2.32e-01   1.78e-02  -2.07e+00   1.81e-03 (  1.68e+02,  2.26e+02)
30      0.114   4.39e-01   4.28e-01   2.08e-01   7.28e-01   1.03e-02 (  2.81e+02,  2.44e+02)
35      0.026   4.11e-01   3.88e-01   2.84e-01   1.39e-01   4.61e-02 (  2.31e+02,  2.53e+02)
40      0.064   4.40e-01   4.72e-01   3.42e-01   3.68e-01   1.64e-01 (  2.29e+02,  2.54e+02)
45      0.109   4.57e-01   4.96e-01   3.79e-01   7.27e-01   4.68e-01 (  2.23e+02,  2.50e+02)
50      0.142   4.77e-01   5.57e-01   3.12e-01   1.08e+00   1.08e+00 (  2.05e+02,  2.41e+02)
55      0.154   5.03e-01   6.40e-01   3.70e-01   1.87e+00   2.02e+00 (  1.94e+02,  2.29e+02)
60      0.184   5.54e-01   7.68e-01   4.25e-01   3.00e+00   3.16e+00 (  1.85e+02,  2.15e+02)
65      0.231   6.37e-01   9.06e-01   5.49e-01   4.20e+00   4.20e+00 (  1.79e+02,  2.01e+02)
70      0.263   7.05e-01   1.02e+00   6.64e-01   4.89e+00   4.89e+00 (  1.68e+02,  1.87e+02)
75      0.281   7.51e-01   1.11e+00   7.64e-01   5.20e+00   5.17e+00 (  1.58e+02,  1.74e+02)
80      0.281   7.64e-01   1.18e+00   8.33e-01   5.22e+00   5.14e+00 (  1.49e+02,  1.63e+02)
85      0.259   6.94e-01   1.14e+00   8.42e-01   4.76e+00   4.96e+00 (  1.25e+02,  1.53e+02)
90      0.832   1.84e+00   2.61e+00   1.86e+00   2.70e+01   4.73e+00 (  5.82e+02,  1.43e+02)
95      0.850   1.44e+00   2.05e+00   1.52e+00   7.04e+01   4.54e+00 (  1.09e+03,  1.35e+02)
30 n: 9.698e-05 e: 1.351e-04 i: 2.948e-04 :: e: 2.943e-02 i: 3.148e-02 :: n: 2.557e+01 e:24.462 i:30.060 v:4.993e+03
>>> tau_he = 5.000000, nhe(0)=3.068595e+00
 5   -582.110   1.40e-02   6.03e-01   3.44e-03  -2.00e-01   1.25e-07 (  7.02e+00,  5.98e+01)
10  -2092.144   7.25e-02   1.31e-01   4.61e-03  -3.26e+00   2.22e-06 (  4.73e+01,  1.18e+02)
15   -147.054   2.65e-01   1.90e-01   1.01e-01  -3.50e+00   2.71e-05 (  1.43e+02,  1.65e+02)
20    -14.694   2.41e-01   2.07e-01   1.33e-01  -4.13e+00   2.51e-04 (  1.48e+02,  2.00e+02)
25     -0.945   2.50e-01   2.35e-01   2.71e-02  -2.25e+00   1.81e-03 (  1.66e+02,  2.26e+02)
30     -0.150   2.78e-01   2.41e-01   6.57e-02  -7.77e-01   1.03e-02 (  1.74e+02,  2.44e+02)
35     -0.152   3.06e-01   2.65e-01   1.64e-01  -7.33e-01   4.61e-02 (  1.71e+02,  2.53e+02)
40      0.043   4.46e-01   4.75e-01   3.58e-01   2.34e-01   1.64e-01 (  2.33e+02,  2.54e+02)
45      0.012   3.81e-01   3.68e-01   3.08e-01   7.73e-02   4.68e-01 (  1.86e+02,  2.50e+02)
50      0.141   4.81e-01   5.61e-01   3.14e-01   1.07e+00   1.08e+00 (  2.08e+02,  2.41e+02)
55      0.155   5.07e-01   6.46e-01   3.73e-01   1.88e+00   2.02e+00 (  1.97e+02,  2.29e+02)
60      0.185   5.58e-01   7.74e-01   4.28e-01   3.02e+00   3.16e+00 (  1.87e+02,  2.15e+02)
65      0.231   6.39e-01   9.09e-01   5.51e-01   4.20e+00   4.20e+00 (  1.80e+02,  2.01e+02)
70      0.264   7.08e-01   1.02e+00   6.67e-01   4.91e+00   4.89e+00 (  1.70e+02,  1.87e+02)
75      0.281   7.55e-01   1.11e+00   7.67e-01   5.22e+00   5.17e+00 (  1.59e+02,  1.74e+02)
80      0.281   7.67e-01   1.18e+00   8.34e-01   5.23e+00   5.14e+00 (  1.50e+02,  1.63e+02)
85      0.259   6.96e-01   1.14e+00   8.43e-01   4.77e+00   4.96e+00 (  1.25e+02,  1.53e+02)
90      0.832   1.84e+00   2.61e+00   1.86e+00   2.70e+01   4.73e+00 (  5.83e+02,  1.43e+02)
95      0.850   1.44e+00   2.05e+00   1.52e+00   7.04e+01   4.54e+00 (  1.09e+03,  1.35e+02)
31 n: 9.116e-05 e: 4.538e-05 i: 7.373e-05 :: e: 2.095e-02 i: 2.338e-02 :: n: 2.560e+01 e:24.365 i:30.127 v:4.993e+03
>>> tau_he = 5.000000, nhe(0)=3.076883e+00
 5   -580.516   1.40e-02   6.05e-01   3.44e-03  -2.00e-01   1.25e-07 (  7.01e+00,  5.98e+01)
10  -2075.758   7.25e-02   1.31e-01   4.56e-03  -3.23e+00   2.22e-06 (  4.71e+01,  1.18e+02)
15   -145.413   2.65e-01   1.89e-01   9.93e-02  -3.46e+00   2.71e-05 (  1.42e+02,  1.65e+02)
20    -14.561   2.40e-01   2.06e-01   1.33e-01  -4.10e+00   2.51e-04 (  1.46e+02,  2.00e+02)
25     -0.928   2.49e-01   2.33e-01   2.56e-02  -2.22e+00   1.81e-03 (  1.64e+02,  2.26e+02)
30     -0.109   2.77e-01   2.39e-01   5.40e-02  -6.11e-01   1.03e-02 (  1.73e+02,  2.44e+02)
35     -0.003   4.13e-01   3.94e-01   3.06e-01  -1.54e-02   4.61e-02 (  2.31e+02,  2.53e+02)
40     -0.071   3.53e-01   3.10e-01   2.60e-01  -3.77e-01   1.64e-01 (  1.82e+02,  2.54e+02)
45      0.024   3.78e-01   3.67e-01   3.03e-01   1.59e-01   4.68e-01 (  1.84e+02,  2.50e+02)
50      0.143   4.78e-01   5.58e-01   3.12e-01   1.09e+00   1.08e+00 (  2.06e+02,  2.41e+02)
55      0.155   5.04e-01   6.41e-01   3.71e-01   1.87e+00   2.02e+00 (  1.94e+02,  2.29e+02)
60      0.185   5.54e-01   7.69e-01   4.26e-01   3.01e+00   3.16e+00 (  1.85e+02,  2.15e+02)
65      0.193   5.67e-01   7.69e-01   4.67e-01   3.51e+00   4.20e+00 (  1.59e+02,  2.01e+02)
70      0.264   7.05e-01   1.02e+00   6.66e-01   4.89e+00   4.89e+00 (  1.68e+02,  1.87e+02)
75      0.281   7.52e-01   1.11e+00   7.66e-01   5.21e+00   5.17e+00 (  1.58e+02,  1.74e+02)
80      0.281   7.65e-01   1.18e+00   8.34e-01   5.22e+00   5.14e+00 (  1.49e+02,  1.63e+02)
85      0.259   6.95e-01   1.14e+00   8.45e-01   4.77e+00   4.96e+00 (  1.25e+02,  1.53e+02)
90      0.832   1.84e+00   2.61e+00   1.86e+00   2.70e+01   4.73e+00 (  5.83e+02,  1.43e+02)
95      0.850   1.44e+00   2.05e+00   1.52e+00   7.04e+01   4.54e+00 (  1.09e+03,  1.35e+02)
32 n: 3.280e-04 e: 4.971e-05 i: 9.700e-05 :: e: 2.381e-02 i: 2.897e-02 :: n: 2.571e+01 e:24.431 i:30.089 v:4.993e+03
>>> tau_he = 5.000000, nhe(0)=3.096440e+00
 5   -582.795   1.40e-02   6.06e-01   3.43e-03  -2.01e-01   1.25e-07 (  7.07e+00,  5.98e+01)
10  -2081.664   7.25e-02   1.31e-01   4.31e-03  -3.24e+00   2.22e-06 (  4.75e+01,  1.18e+02)
15   -146.589   2.65e-01   1.89e-01   9.87e-02  -3.49e+00   2.71e-05 (  1.43e+02,  1.65e+02)
20    -14.726   2.40e-01   2.05e-01   1.29e-01  -4.15e+00   2.51e-04 (  1.47e+02,  2.00e+02)
25     -0.855   2.50e-01   2.32e-01   2.05e-02  -2.05e+00   1.81e-03 (  1.67e+02,  2.26e+02)
30     -0.082   2.76e-01   2.37e-01   4.37e-02  -4.92e-01   1.03e-02 (  1.74e+02,  2.44e+02)
35      0.022   4.09e-01   3.86e-01   2.85e-01   1.19e-01   4.61e-02 (  2.28e+02,  2.53e+02)
40      0.062   4.42e-01   4.70e-01   3.44e-01   3.55e-01   1.64e-01 (  2.30e+02,  2.54e+02)
45      0.116   4.58e-01   4.98e-01   3.77e-01   7.97e-01   4.68e-01 (  2.25e+02,  2.50e+02)
50      0.141   4.79e-01   5.60e-01   3.13e-01   1.08e+00   1.08e+00 (  2.06e+02,  2.41e+02)
55      0.153   5.04e-01   6.40e-01   3.71e-01   1.85e+00   2.02e+00 (  1.94e+02,  2.29e+02)
60      0.184   5.56e-01   7.70e-01   4.27e-01   3.00e+00   3.16e+00 (  1.86e+02,  2.15e+02)
65      0.234   6.45e-01   9.19e-01   5.56e-01   4.29e+00   4.20e+00 (  1.82e+02,  2.01e+02)
70      0.264   7.07e-01   1.02e+00   6.66e-01   4.90e+00   4.89e+00 (  1.69e+02,  1.87e+02)
75      0.280   7.51e-01   1.11e+00   7.64e-01   5.18e+00   5.17e+00 (  1.58e+02,  1.74e+02)
80      0.279   7.63e-01   1.17e+00   8.31e-01   5.18e+00   5.14e+00 (  1.49e+02,  1.63e+02)
85      0.258   6.93e-01   1.14e+00   8.40e-01   4.73e+00   4.96e+00 (  1.25e+02,  1.53e+02)
90      0.832   1.84e+00   2.61e+00   1.86e+00   2.70e+01   4.73e+00 (  5.83e+02,  1.43e+02)
95      0.850   1.44e+00   2.05e+00   1.52e+00   7.04e+01   4.54e+00 (  1.09e+03,  1.35e+02)
33 n: 1.672e-04 e: 1.893e-05 i: 4.987e-05 :: e: 1.774e-02 i: 2.066e-02 :: n: 2.557e+01 e:24.410 i:30.070 v:4.993e+03
>>> tau_he = 5.000000, nhe(0)=3.068438e+00
 5   -581.479   1.40e-02   6.03e-01   3.44e-03  -1.99e-01   1.25e-07 (  6.98e+00,  5.98e+01)
10  -2081.959   7.20e-02   1.30e-01   4.58e-03  -3.23e+00   2.22e-06 (  4.68e+01,  1.18e+02)
15   -145.631   2.64e-01   1.89e-01   1.01e-01  -3.46e+00   2.71e-05 (  1.42e+02,  1.65e+02)
20    -14.675   2.40e-01   2.06e-01   1.38e-01  -4.12e+00   2.51e-04 (  1.46e+02,  2.00e+02)
25     -0.857   2.51e-01   2.34e-01   2.45e-02  -2.04e+00   1.81e-03 (  1.67e+02,  2.26e+02)
30     -0.145   2.80e-01   2.42e-01   5.98e-02  -7.56e-01   1.03e-02 (  1.76e+02,  2.44e+02)
35     -0.169   3.04e-01   2.63e-01   1.68e-01  -7.82e-01   4.61e-02 (  1.69e+02,  2.53e+02)
40     -0.073   3.54e-01   3.11e-01   2.60e-01  -3.86e-01   1.64e-01 (  1.83e+02,  2.54e+02)
45      0.017   3.80e-01   3.67e-01   3.06e-01   1.07e-01   4.68e-01 (  1.85e+02,  2.50e+02)
50      0.142   4.79e-01   5.58e-01   3.12e-01   1.08e+00   1.08e+00 (  2.07e+02,  2.41e+02)
55      0.154   5.05e-01   6.41e-01   3.71e-01   1.87e+00   2.02e+00 (  1.95e+02,  2.29e+02)
60      0.185   5.56e-01   7.71e-01   4.27e-01   3.02e+00   3.16e+00 (  1.86e+02,  2.15e+02)
65      0.234   6.43e-01   9.15e-01   5.54e-01   4.27e+00   4.20e+00 (  1.82e+02,  2.01e+02)
70      0.265   7.07e-01   1.02e+00   6.67e-01   4.92e+00   4.89e+00 (  1.69e+02,  1.87e+02)
75      0.281   7.53e-01   1.11e+00   7.66e-01   5.22e+00   5.17e+00 (  1.58e+02,  1.74e+02)
80      0.281   7.66e-01   1.18e+00   8.34e-01   5.23e+00   5.14e+00 (  1.49e+02,  1.63e+02)
85      0.259   6.95e-01   1.14e+00   8.44e-01   4.77e+00   4.96e+00 (  1.25e+02,  1.53e+02)
90      0.832   1.84e+00   2.61e+00   1.86e+00   2.70e+01   4.73e+00 (  5.83e+02,  1.43e+02)
95      0.850   1.44e+00   2.05e+00   1.52e+00   7.04e+01   4.54e+00 (  1.09e+03,  1.35e+02)
34 n: 9.371e-05 e: 2.261e-05 i: 5.841e-05 :: e: 2.071e-02 i: 2.359e-02 :: n: 2.566e+01 e:24.401 i:30.151 v:4.993e+03
>>> tau_he = 5.000000, nhe(0)=3.089571e+00
 5   -583.461   1.40e-02   6.07e-01   3.44e-03  -2.00e-01   1.25e-07 (  7.03e+00,  5.98e+01)
10  -2075.406   7.22e-02   1.30e-01   4.35e-03  -3.23e+00   2.22e-06 (  4.70e+01,  1.18e+02)
15   -145.440   2.65e-01   1.88e-01   9.91e-02  -3.46e+00   2.71e-05 (  1.43e+02,  1.65e+02)
20    -14.725   2.39e-01   2.05e-01   1.40e-01  -4.14e+00   2.51e-04 (  1.46e+02,  2.00e+02)
25     -0.856   2.50e-01   2.33e-01   2.10e-02  -2.04e+00   1.81e-03 (  1.67e+02,  2.26e+02)
30     -0.109   2.80e-01   2.40e-01   4.77e-02  -6.15e-01   1.03e-02 (  1.77e+02,  2.44e+02)
35      0.009   4.12e-01   3.91e-01   2.97e-01   4.78e-02   4.61e-02 (  2.31e+02,  2.53e+02)
40      0.065   4.41e-01   4.71e-01   3.41e-01   3.76e-01   1.64e-01 (  2.29e+02,  2.54e+02)
45      0.112   4.57e-01   4.98e-01   3.78e-01   7.51e-01   4.68e-01 (  2.23e+02,  2.50e+02)
50      0.142   4.78e-01   5.59e-01   3.12e-01   1.08e+00   1.08e+00 (  2.05e+02,  2.41e+02)
55      0.154   5.03e-01   6.40e-01   3.71e-01   1.86e+00   2.02e+00 (  1.94e+02,  2.29e+02)
60      0.184   5.54e-01   7.69e-01   4.26e-01   3.00e+00   3.16e+00 (  1.85e+02,  2.15e+02)
65      0.231   6.39e-01   9.09e-01   5.51e-01   4.21e+00   4.20e+00 (  1.80e+02,  2.01e+02)
70      0.263   7.05e-01   1.02e+00   6.65e-01   4.89e+00   4.89e+00 (  1.69e+02,  1.87e+02)
75      0.280   7.51e-01   1.11e+00   7.64e-01   5.19e+00   5.17e+00 (  1.58e+02,  1.74e+02)
80      0.280   7.64e-01   1.18e+00   8.32e-01   5.20e+00   5.14e+00 (  1.49e+02,  1.63e+02)
85      0.258   6.94e-01   1.14e+00   8.42e-01   4.75e+00   4.96e+00 (  1.25e+02,  1.53e+02)
90      0.832   1.84e+00   2.61e+00   1.86e+00   2.70e+01   4.73e+00 (  5.83e+02,  1.43e+02)
95      0.850   1.44e+00   2.05e+00   1.52e+00   7.04e+01   4.54e+00 (  1.09e+03,  1.35e+02)
35 n: 1.256e-04 e: 1.783e-05 i: 4.877e-05 :: e: 1.612e-02 i: 1.877e-02 :: n: 2.558e+01 e:24.444 i:30.104 v:4.993e+03
>>> tau_he = 5.000000, nhe(0)=3.071367e+00
 5   -584.035   1.40e-02   6.05e-01   3.44e-03  -2.00e-01   1.25e-07 (  7.01e+00,  5.98e+01)
10  -2063.945   7.77e-02   1.28e-01   4.92e-03  -3.21e+00   2.22e-06 (  5.06e+01,  1.18e+02)
15   -145.774   2.65e-01   1.89e-01   1.02e-01  -3.47e+00   2.71e-05 (  1.43e+02,  1.65e+02)
20    -14.762   2.41e-01   2.07e-01   1.36e-01  -4.14e+00   2.51e-04 (  1.47e+02,  2.00e+02)
25     -0.862   2.52e-01   2.35e-01   2.19e-02  -2.05e+00   1.81e-03 (  1.68e+02,  2.26e+02)
30     -0.130   2.82e-01   2.43e-01   5.19e-02  -7.00e-01   1.03e-02 (  1.79e+02,  2.44e+02)
35     -0.159   3.06e-01   2.65e-01   1.66e-01  -7.53e-01   4.61e-02 (  1.71e+02,  2.53e+02)
40     -0.070   3.55e-01   3.13e-01   2.61e-01  -3.72e-01   1.64e-01 (  1.84e+02,  2.54e+02)
45      0.014   3.80e-01   3.67e-01   3.07e-01   8.81e-02   4.68e-01 (  1.85e+02,  2.50e+02)
50      0.141   4.79e-01   5.59e-01   3.13e-01   1.07e+00   1.08e+00 (  2.07e+02,  2.41e+02)
55      0.154   5.05e-01   6.42e-01   3.71e-01   1.87e+00   2.02e+00 (  1.95e+02,  2.29e+02)
60      0.185   5.56e-01   7.71e-01   4.27e-01   3.01e+00   3.16e+00 (  1.86e+02,  2.15e+02)
65      0.231   6.38e-01   9.07e-01   5.50e-01   4.20e+00   4.20e+00 (  1.80e+02,  2.01e+02)
70      0.264   7.06e-01   1.02e+00   6.66e-01   4.90e+00   4.89e+00 (  1.69e+02,  1.87e+02)
75      0.281   7.53e-01   1.11e+00   7.65e-01   5.21e+00   5.17e+00 (  1.59e+02,  1.74e+02)
80      0.281   7.65e-01   1.18e+00   8.33e-01   5.22e+00   5.14e+00 (  1.49e+02,  1.63e+02)
85      0.259   6.95e-01   1.14e+00   8.43e-01   4.76e+00   4.96e+00 (  1.25e+02,  1.53e+02)
90      0.832   1.84e+00   2.61e+00   1.86e+00   2.70e+01   4.73e+00 (  5.83e+02,  1.43e+02)
95      0.850   1.44e+00   2.05e+00   1.52e+00   7.04e+01   4.54e+00 (  1.09e+03,  1.35e+02)
36 n: 9.032e-05 e: 2.626e-05 i: 6.254e-05 :: e: 1.912e-02 i: 2.149e-02 :: n: 2.567e+01 e:24.413 i:30.198 v:4.993e+03
>>> tau_he = 5.000000, nhe(0)=3.094527e+00
 5   -586.430   1.41e-02   6.09e-01   3.45e-03  -2.01e-01   1.25e-07 (  7.08e+00,  5.98e+01)
10  -2049.429   7.75e-02   1.28e-01   4.63e-03  -3.19e+00   2.22e-06 (  5.04e+01,  1.18e+02)
15   -145.359   2.65e-01   1.88e-01   9.87e-02  -3.46e+00   2.71e-05 (  1.43e+02,  1.65e+02)
20    -14.802   2.39e-01   2.05e-01   1.42e-01  -4.16e+00   2.51e-04 (  1.46e+02,  2.00e+02)
25     -0.862   2.51e-01   2.33e-01   1.90e-02  -2.05e+00   1.81e-03 (  1.67e+02,  2.26e+02)
30     -0.075   2.82e-01   2.39e-01   3.94e-02  -4.38e-01   1.03e-02 (  1.79e+02,  2.44e+02)
35      0.016   4.14e-01   3.93e-01   2.85e-01   8.35e-02   4.61e-02 (  2.33e+02,  2.53e+02)
40      0.067   4.40e-01   4.71e-01   3.42e-01   3.93e-01   1.64e-01 (  2.29e+02,  2.54e+02)
45      0.111   4.57e-01   4.97e-01   3.79e-01   7.38e-01   4.68e-01 (  2.23e+02,  2.50e+02)
50      0.142   4.77e-01   5.58e-01   3.12e-01   1.08e+00   1.08e+00 (  2.05e+02,  2.41e+02)
55      0.154   5.03e-01   6.39e-01   3.71e-01   1.86e+00   2.02e+00 (  1.93e+02,  2.29e+02)
60      0.184   5.53e-01   7.68e-01   4.25e-01   3.00e+00   3.16e+00 (  1.84e+02,  2.15e+02)
65      0.193   5.67e-01   7.69e-01   4.67e-01   3.51e+00   4.20e+00 (  1.59e+02,  2.01e+02)
70      0.263   7.04e-01   1.02e+00   6.64e-01   4.88e+00   4.89e+00 (  1.68e+02,  1.87e+02)
75      0.280   7.51e-01   1.11e+00   7.64e-01   5.20e+00   5.17e+00 (  1.58e+02,  1.74e+02)
80      0.280   7.64e-01   1.18e+00   8.32e-01   5.21e+00   5.14e+00 (  1.48e+02,  1.63e+02)
85      0.259   6.93e-01   1.14e+00   8.42e-01   4.76e+00   4.96e+00 (  1.25e+02,  1.53e+02)
90      0.832   1.84e+00   2.61e+00   1.86e+00   2.70e+01   4.73e+00 (  5.83e+02,  1.43e+02)
95      0.850   1.44e+00   2.05e+00   1.52e+00   7.04e+01   4.54e+00 (  1.09e+03,  1.35e+02)
37 n: 3.565e-04 e: 2.703e-05 i: 6.223e-05 :: e: 2.204e-02 i: 2.640e-02 :: n: 2.557e+01 e:24.480 i:30.143 v:4.993e+03
>>> tau_he = 5.000000, nhe(0)=3.072011e+00
 5   -589.075   1.41e-02   6.07e-01   3.45e-03  -2.01e-01   1.25e-07 (  7.05e+00,  5.98e+01)
10  -2064.526   7.75e-02   1.29e-01   4.84e-03  -3.20e+00   2.22e-06 (  5.03e+01,  1.18e+02)
15   -145.943   2.66e-01   1.90e-01   1.02e-01  -3.47e+00   2.71e-05 (  1.43e+02,  1.65e+02)
20    -14.885   2.40e-01   2.07e-01   1.43e-01  -4.17e+00   2.51e-04 (  1.47e+02,  2.00e+02)
25     -0.873   2.53e-01   2.36e-01   2.13e-02  -2.07e+00   1.81e-03 (  1.69e+02,  2.26e+02)
30     -0.156   2.86e-01   2.46e-01   5.46e-02  -8.01e-01   1.03e-02 (  1.82e+02,  2.44e+02)
35     -0.176   3.09e-01   2.67e-01   1.69e-01  -8.06e-01   4.61e-02 (  1.73e+02,  2.53e+02)
40      0.044   4.45e-01   4.74e-01   3.56e-01   2.37e-01   1.64e-01 (  2.32e+02,  2.54e+02)
45      0.012   3.80e-01   3.67e-01   3.07e-01   7.61e-02   4.68e-01 (  1.86e+02,  2.50e+02)
50      0.141   4.80e-01   5.59e-01   3.13e-01   1.07e+00   1.08e+00 (  2.07e+02,  2.41e+02)
55      0.154   5.05e-01   6.41e-01   3.71e-01   1.86e+00   2.02e+00 (  1.95e+02,  2.29e+02)
60      0.185   5.57e-01   7.73e-01   4.27e-01   3.03e+00   3.16e+00 (  1.87e+02,  2.15e+02)
65      0.236   6.48e-01   9.22e-01   5.57e-01   4.33e+00   4.20e+00 (  1.83e+02,  2.01e+02)
70      0.265   7.09e-01   1.02e+00   6.67e-01   4.93e+00   4.89e+00 (  1.70e+02,  1.87e+02)
75      0.280   7.53e-01   1.11e+00   7.65e-01   5.20e+00   5.17e+00 (  1.59e+02,  1.74e+02)
80      0.280   7.65e-01   1.18e+00   8.32e-01   5.21e+00   5.14e+00 (  1.49e+02,  1.63e+02)
85      0.258   6.94e-01   1.14e+00   8.41e-01   4.76e+00   4.96e+00 (  1.25e+02,  1.53e+02)
90      0.832   1.84e+00   2.61e+00   1.86e+00   2.70e+01   4.73e+00 (  5.83e+02,  1.43e+02)
95      0.850   1.44e+00   2.05e+00   1.52e+00   7.04e+01   4.54e+00 (  1.09e+03,  1.35e+02)
38 n: 1.209e-04 e: 3.517e-05 i: 6.804e-05 :: e: 1.883e-02 i: 2.086e-02 :: n: 2.559e+01 e:24.417 i:30.225 v:4.993e+03
>>> tau_he = 5.000000, nhe(0)=3.079563e+00
 5   -589.521   1.41e-02   6.09e-01   3.46e-03  -2.01e-01   1.25e-07 (  7.08e+00,  5.98e+01)
10  -2051.936   7.75e-02   1.28e-01   4.77e-03  -3.18e+00   2.22e-06 (  5.01e+01,  1.18e+02)
15   -144.893   2.66e-01   1.89e-01   1.00e-01  -3.45e+00   2.71e-05 (  1.43e+02,  1.65e+02)
20    -14.807   2.40e-01   2.06e-01   1.43e-01  -4.15e+00   2.51e-04 (  1.47e+02,  2.00e+02)
25     -0.863   2.52e-01   2.35e-01   1.96e-02  -2.05e+00   1.81e-03 (  1.68e+02,  2.26e+02)
30     -0.093   2.85e-01   2.43e-01   4.26e-02  -5.15e-01   1.03e-02 (  1.81e+02,  2.44e+02)
35     -0.021   4.18e-01   4.01e-01   3.18e-01  -9.71e-02   4.61e-02 (  2.35e+02,  2.53e+02)
40     -0.073   3.53e-01   3.10e-01   2.60e-01  -3.83e-01   1.64e-01 (  1.82e+02,  2.54e+02)
45      0.024   3.78e-01   3.67e-01   3.03e-01   1.55e-01   4.68e-01 (  1.84e+02,  2.50e+02)
50      0.142   4.78e-01   5.57e-01   3.12e-01   1.08e+00   1.08e+00 (  2.05e+02,  2.41e+02)
55      0.154   5.03e-01   6.39e-01   3.70e-01   1.86e+00   2.02e+00 (  1.93e+02,  2.29e+02)
60      0.185   5.55e-01   7.69e-01   4.26e-01   3.01e+00   3.16e+00 (  1.85e+02,  2.15e+02)
65      0.233   6.41e-01   9.14e-01   5.53e-01   4.26e+00   4.20e+00 (  1.81e+02,  2.01e+02)
70      0.264   7.06e-01   1.02e+00   6.66e-01   4.91e+00   4.89e+00 (  1.69e+02,  1.87e+02)
75      0.281   7.51e-01   1.11e+00   7.65e-01   5.20e+00   5.17e+00 (  1.58e+02,  1.74e+02)
80      0.281   7.64e-01   1.18e+00   8.33e-01   5.21e+00   5.14e+00 (  1.49e+02,  1.63e+02)
85      0.259   6.94e-01   1.14e+00   8.43e-01   4.76e+00   4.96e+00 (  1.25e+02,  1.53e+02)
90      0.832   1.84e+00   2.61e+00   1.86e+00   2.70e+01   4.73e+00 (  5.83e+02,  1.43e+02)
95      0.850   1.44e+00   2.05e+00   1.52e+00   7.04e+01   4.54e+00 (  1.09e+03,  1.35e+02)
39 n: 7.435e-05 e: 4.730e-05 i: 9.870e-05 :: e: 1.756e-02 i: 2.064e-02 :: n: 2.568e+01 e:24.477 i:30.201 v:4.993e+03
>>> tau_he = 5.000000, nhe(0)=3.094973e+00
 5   -592.274   1.42e-02   6.10e-01   3.45e-03  -2.03e-01   1.25e-07 (  7.15e+00,  5.98e+01)
10  -2056.996   7.76e-02   1.29e-01   4.58e-03  -3.20e+00   2.22e-06 (  5.05e+01,  1.18e+02)
15   -145.959   2.66e-01   1.89e-01   9.98e-02  -3.47e+00   2.71e-05 (  1.44e+02,  1.65e+02)
20    -14.942   2.40e-01   2.05e-01   1.38e-01  -4.19e+00   2.51e-04 (  1.48e+02,  2.00e+02)
25     -0.870   2.53e-01   2.34e-01   1.65e-02  -2.07e+00   1.81e-03 (  1.69e+02,  2.26e+02)
30     -0.065   2.84e-01   2.41e-01   3.37e-02  -3.89e-01   1.03e-02 (  1.82e+02,  2.44e+02)
35      0.006   4.14e-01   3.93e-01   2.99e-01   2.80e-02   4.61e-02 (  2.33e+02,  2.53e+02)
40      0.061   4.43e-01   4.71e-01   3.46e-01   3.50e-01   1.64e-01 (  2.31e+02,  2.54e+02)
45      0.117   4.58e-01   5.00e-01   3.78e-01   7.98e-01   4.68e-01 (  2.25e+02,  2.50e+02)
50      0.142   4.79e-01   5.61e-01   3.13e-01   1.08e+00   1.08e+00 (  2.07e+02,  2.41e+02)
55      0.153   5.04e-01   6.41e-01   3.72e-01   1.85e+00   2.02e+00 (  1.94e+02,  2.29e+02)
60      0.184   5.55e-01   7.70e-01   4.27e-01   2.99e+00   3.16e+00 (  1.86e+02,  2.15e+02)
65      0.231   6.39e-01   9.10e-01   5.52e-01   4.21e+00   4.20e+00 (  1.80e+02,  2.01e+02)
70      0.263   7.06e-01   1.02e+00   6.66e-01   4.88e+00   4.89e+00 (  1.69e+02,  1.87e+02)
75      0.280   7.51e-01   1.11e+00   7.64e-01   5.18e+00   5.17e+00 (  1.58e+02,  1.74e+02)
80      0.279   7.64e-01   1.18e+00   8.32e-01   5.19e+00   5.14e+00 (  1.49e+02,  1.63e+02)
85      0.258   6.93e-01   1.14e+00   8.41e-01   4.74e+00   4.96e+00 (  1.25e+02,  1.53e+02)
90      0.832   1.84e+00   2.61e+00   1.86e+00   2.70e+01   4.73e+00 (  5.83e+02,  1.43e+02)
95      0.850   1.44e+00   2.05e+00   1.52e+00   7.04e+01   4.54e+00 (  1.09e+03,  1.35e+02)
40 n: 1.639e-04 e: 1.551e-05 i: 4.057e-05 :: e: 1.610e-02 i: 1.844e-02 :: n: 2.561e+01 e:24.453 i:30.180 v:4.993e+03
>>> tau_he = 5.000000, nhe(0)=3.082151e+00
 5   -591.052   1.41e-02   6.08e-01   3.46e-03  -2.02e-01   1.25e-07 (  7.11e+00,  5.98e+01)
10  -2053.412   7.73e-02   1.29e-01   4.70e-03  -3.19e+00   2.22e-06 (  5.01e+01,  1.18e+02)
15   -145.320   2.66e-01   1.89e-01   1.01e-01  -3.46e+00   2.71e-05 (  1.43e+02,  1.65e+02)
20    -14.894   2.40e-01   2.06e-01   1.41e-01  -4.17e+00   2.51e-04 (  1.47e+02,  2.00e+02)
25     -0.867   2.53e-01   2.35e-01   1.80e-02  -2.06e+00   1.81e-03 (  1.69e+02,  2.26e+02)
30     -0.064   2.84e-01   2.42e-01   3.46e-02  -3.85e-01   1.03e-02 (  1.81e+02,  2.44e+02)
35     -0.148   3.06e-01   2.64e-01   1.63e-01  -7.18e-01   4.61e-02 (  1.70e+02,  2.53e+02)
40     -0.074   3.55e-01   3.12e-01   2.61e-01  -3.90e-01   1.64e-01 (  1.84e+02,  2.54e+02)
45      0.016   3.80e-01   3.68e-01   3.07e-01   1.04e-01   4.68e-01 (  1.86e+02,  2.50e+02)
50      0.142   4.80e-01   5.60e-01   3.13e-01   1.08e+00   1.08e+00 (  2.07e+02,  2.41e+02)
55      0.155   5.05e-01   6.42e-01   3.72e-01   1.87e+00   2.02e+00 (  1.95e+02,  2.29e+02)
60      0.185   5.56e-01   7.71e-01   4.27e-01   3.01e+00   3.16e+00 (  1.86e+02,  2.15e+02)
65      0.231   6.38e-01   9.08e-01   5.50e-01   4.21e+00   4.20e+00 (  1.80e+02,  2.01e+02)
70      0.264   7.06e-01   1.02e+00   6.66e-01   4.90e+00   4.89e+00 (  1.69e+02,  1.87e+02)
75      0.281   7.53e-01   1.11e+00   7.66e-01   5.21e+00   5.17e+00 (  1.59e+02,  1.74e+02)
80      0.281   7.66e-01   1.18e+00   8.34e-01   5.23e+00   5.14e+00 (  1.49e+02,  1.63e+02)
85      0.259   6.95e-01   1.14e+00   8.44e-01   4.77e+00   4.96e+00 (  1.25e+02,  1.53e+02)
90      0.832   1.84e+00   2.61e+00   1.86e+00   2.70e+01   4.73e+00 (  5.83e+02,  1.43e+02)
95      0.850   1.44e+00   2.05e+00   1.52e+00   7.04e+01   4.54e+00 (  1.09e+03,  1.35e+02)
41 n: 8.338e-05 e: 2.945e-05 i: 6.691e-05 :: e: 1.863e-02 i: 2.130e-02 :: n: 2.571e+01 e:24.461 i:30.233 v:4.993e+03
>>> tau_he = 5.000000, nhe(0)=3.103401e+00
 5   -592.610   1.42e-02   6.12e-01   3.46e-03  -2.03e-01   1.25e-07 (  7.17e+00,  5.98e+01)
10  -2044.189   7.71e-02   1.28e-01   4.42e-03  -3.18e+00   2.22e-06 (  5.00e+01,  1.18e+02)
15   -145.373   2.66e-01   1.88e-01   9.89e-02  -3.46e+00   2.71e-05 (  1.43e+02,  1.65e+02)
20    -14.946   2.39e-01   2.05e-01   1.41e-01  -4.19e+00   2.51e-04 (  1.47e+02,  2.00e+02)
25     -0.870   2.52e-01   2.33e-01   1.61e-02  -2.07e+00   1.81e-03 (  1.69e+02,  2.26e+02)
30      0.115   4.40e-01   4.28e-01   2.07e-01   7.44e-01   1.03e-02 (  2.82e+02,  2.44e+02)
35      0.023   4.14e-01   3.93e-01   2.81e-01   1.20e-01   4.61e-02 (  2.33e+02,  2.53e+02)
40      0.064   4.42e-01   4.72e-01   3.45e-01   3.70e-01   1.64e-01 (  2.30e+02,  2.54e+02)
45      0.111   4.59e-01   5.00e-01   3.80e-01   7.46e-01   4.68e-01 (  2.25e+02,  2.50e+02)
50      0.142   4.79e-01   5.60e-01   3.13e-01   1.08e+00   1.08e+00 (  2.06e+02,  2.41e+02)
55      0.154   5.04e-01   6.42e-01   3.72e-01   1.86e+00   2.02e+00 (  1.94e+02,  2.29e+02)
60      0.184   5.55e-01   7.70e-01   4.27e-01   2.99e+00   3.16e+00 (  1.85e+02,  2.15e+02)
65      0.229   6.36e-01   9.05e-01   5.49e-01   4.17e+00   4.20e+00 (  1.79e+02,  2.01e+02)
70      0.263   7.05e-01   1.02e+00   6.66e-01   4.88e+00   4.89e+00 (  1.69e+02,  1.87e+02)
75      0.280   7.52e-01   1.11e+00   7.65e-01   5.19e+00   5.17e+00 (  1.58e+02,  1.74e+02)
80      0.280   7.65e-01   1.18e+00   8.33e-01   5.20e+00   5.14e+00 (  1.49e+02,  1.63e+02)
85      0.258   6.94e-01   1.14e+00   8.42e-01   4.75e+00   4.96e+00 (  1.25e+02,  1.53e+02)
90      0.832   1.84e+00   2.61e+00   1.86e+00   2.70e+01   4.73e+00 (  5.83e+02,  1.43e+02)
95      0.850   1.44e+00   2.05e+00   1.52e+00   7.04e+01   4.54e+00 (  1.09e+03,  1.35e+02)
42 n: 1.080e-04 e: 1.294e-04 i: 2.759e-04 :: e: 2.903e-02 i: 2.965e-02 :: n: 2.557e+01 e:24.455 i:30.124 v:4.993e+03
>>> tau_he = 5.000000, nhe(0)=3.071251e+00
 5   -586.054   1.41e-02   6.05e-01   3.46e-03  -2.02e-01   1.25e-07 (  7.10e+00,  5.98e+01)
10  -2048.877   7.74e-02   1.29e-01   4.85e-03  -3.20e+00   2.22e-06 (  5.00e+01,  1.18e+02)
15   -144.704   2.66e-01   1.90e-01   1.02e-01  -3.46e+00   2.71e-05 (  1.43e+02,  1.65e+02)
20    -14.770   2.42e-01   2.07e-01   1.31e-01  -4.16e+00   2.51e-04 (  1.48e+02,  2.00e+02)
25     -0.856   2.51e-01   2.35e-01   2.40e-02  -2.04e+00   1.81e-03 (  1.67e+02,  2.26e+02)
30     -0.147   2.78e-01   2.41e-01   6.51e-02  -7.65e-01   1.03e-02 (  1.74e+02,  2.44e+02)
35     -0.155   3.07e-01   2.65e-01   1.64e-01  -7.42e-01   4.61e-02 (  1.72e+02,  2.53e+02)
40      0.044   4.46e-01   4.74e-01   3.56e-01   2.39e-01   1.64e-01 (  2.32e+02,  2.54e+02)
45      0.015   3.81e-01   3.69e-01   3.09e-01   9.23e-02   4.68e-01 (  1.87e+02,  2.50e+02)
50      0.142   4.81e-01   5.62e-01   3.14e-01   1.08e+00   1.08e+00 (  2.08e+02,  2.41e+02)
55      0.155   5.07e-01   6.45e-01   3.73e-01   1.87e+00   2.02e+00 (  1.96e+02,  2.29e+02)
60      0.185   5.58e-01   7.74e-01   4.28e-01   3.02e+00   3.16e+00 (  1.87e+02,  2.15e+02)
65      0.230   6.38e-01   9.06e-01   5.50e-01   4.18e+00   4.20e+00 (  1.80e+02,  2.01e+02)
70      0.264   7.08e-01   1.02e+00   6.68e-01   4.91e+00   4.89e+00 (  1.70e+02,  1.87e+02)
75      0.281   7.55e-01   1.12e+00   7.68e-01   5.22e+00   5.17e+00 (  1.59e+02,  1.74e+02)
80      0.281   7.67e-01   1.18e+00   8.35e-01   5.23e+00   5.14e+00 (  1.50e+02,  1.63e+02)
85      0.259   6.96e-01   1.14e+00   8.45e-01   4.77e+00   4.96e+00 (  1.26e+02,  1.53e+02)
90      0.833   1.84e+00   2.61e+00   1.86e+00   2.70e+01   4.73e+00 (  5.83e+02,  1.43e+02)
95      0.850   1.44e+00   2.05e+00   1.52e+00   7.04e+01   4.54e+00 (  1.09e+03,  1.35e+02)
43 n: 7.853e-05 e: 3.804e-05 i: 6.903e-05 :: e: 1.938e-02 i: 2.081e-02 :: n: 2.560e+01 e:24.385 i:30.170 v:4.993e+03
>>> tau_he = 5.000000, nhe(0)=3.077949e+00
 5   -585.211   1.41e-02   6.06e-01   3.46e-03  -2.02e-01   1.25e-07 (  7.11e+00,  5.98e+01)
10  -2036.454   7.72e-02   1.29e-01   4.79e-03  -3.18e+00   2.22e-06 (  4.98e+01,  1.18e+02)
15   -143.565   2.66e-01   1.89e-01   1.00e-01  -3.43e+00   2.71e-05 (  1.42e+02,  1.65e+02)
20    -14.647   2.41e-01   2.06e-01   1.31e-01  -4.13e+00   2.51e-04 (  1.48e+02,  2.00e+02)
25     -0.842   2.51e-01   2.34e-01   2.30e-02  -2.01e+00   1.81e-03 (  1.66e+02,  2.26e+02)
30     -0.106   2.77e-01   2.39e-01   5.33e-02  -5.99e-01   1.03e-02 (  1.73e+02,  2.44e+02)
35     -0.005   4.16e-01   3.97e-01   3.09e-01  -2.44e-02   4.61e-02 (  2.32e+02,  2.53e+02)
40     -0.071   3.53e-01   3.10e-01   2.60e-01  -3.78e-01   1.64e-01 (  1.82e+02,  2.54e+02)
45      0.025   3.79e-01   3.69e-01   3.04e-01   1.67e-01   4.68e-01 (  1.85e+02,  2.50e+02)
50      0.143   4.79e-01   5.61e-01   3.13e-01   1.09e+00   1.08e+00 (  2.06e+02,  2.41e+02)
55      0.155   5.05e-01   6.43e-01   3.72e-01   1.87e+00   2.02e+00 (  1.95e+02,  2.29e+02)
60      0.185   5.55e-01   7.71e-01   4.27e-01   3.00e+00   3.16e+00 (  1.86e+02,  2.15e+02)
65      0.193   5.68e-01   7.69e-01   4.67e-01   3.49e+00   4.20e+00 (  1.60e+02,  2.01e+02)
70      0.264   7.06e-01   1.02e+00   6.67e-01   4.89e+00   4.89e+00 (  1.69e+02,  1.87e+02)
75      0.281   7.53e-01   1.11e+00   7.67e-01   5.21e+00   5.17e+00 (  1.59e+02,  1.74e+02)
80      0.281   7.66e-01   1.18e+00   8.35e-01   5.21e+00   5.14e+00 (  1.49e+02,  1.63e+02)
85      0.259   6.95e-01   1.14e+00   8.45e-01   4.76e+00   4.96e+00 (  1.25e+02,  1.53e+02)
90      0.832   1.84e+00   2.61e+00   1.86e+00   2.70e+01   4.73e+00 (  5.83e+02,  1.43e+02)
95      0.850   1.44e+00   2.05e+00   1.52e+00   7.04e+01   4.54e+00 (  1.09e+03,  1.35e+02)
44 n: 3.312e-04 e: 4.782e-05 i: 1.003e-04 :: e: 2.354e-02 i: 2.847e-02 :: n: 2.571e+01 e:24.430 i:30.147 v:4.993e+03
>>> tau_he = 5.000000, nhe(0)=3.098222e+00
 5   -587.859   1.42e-02   6.08e-01   3.45e-03  -2.03e-01   1.25e-07 (  7.17e+00,  5.98e+01)
10  -2039.342   7.73e-02   1.29e-01   4.55e-03  -3.19e+00   2.22e-06 (  5.01e+01,  1.18e+02)
15   -144.717   2.65e-01   1.88e-01   9.93e-02  -3.46e+00   2.71e-05 (  1.43e+02,  1.65e+02)
20    -14.790   2.41e-01   2.05e-01   1.27e-01  -4.17e+00   2.51e-04 (  1.48e+02,  2.00e+02)
25     -0.851   2.51e-01   2.32e-01   1.90e-02  -2.04e+00   1.81e-03 (  1.67e+02,  2.26e+02)
30     -0.079   2.77e-01   2.37e-01   4.30e-02  -4.76e-01   1.03e-02 (  1.74e+02,  2.44e+02)
35      0.021   4.10e-01   3.88e-01   2.87e-01   1.09e-01   4.61e-02 (  2.30e+02,  2.53e+02)
40      0.062   4.42e-01   4.69e-01   3.44e-01   3.56e-01   1.64e-01 (  2.30e+02,  2.54e+02)
45      0.117   4.58e-01   4.99e-01   3.77e-01   8.06e-01   4.68e-01 (  2.25e+02,  2.50e+02)
50      0.142   4.79e-01   5.60e-01   3.13e-01   1.08e+00   1.08e+00 (  2.07e+02,  2.41e+02)
55      0.153   5.04e-01   6.39e-01   3.71e-01   1.84e+00   2.02e+00 (  1.94e+02,  2.29e+02)
60      0.185   5.56e-01   7.71e-01   4.27e-01   3.00e+00   3.16e+00 (  1.86e+02,  2.15e+02)
65      0.234   6.45e-01   9.18e-01   5.56e-01   4.28e+00   4.20e+00 (  1.82e+02,  2.01e+02)
70      0.264   7.07e-01   1.02e+00   6.67e-01   4.90e+00   4.89e+00 (  1.69e+02,  1.87e+02)
75      0.280   7.51e-01   1.11e+00   7.65e-01   5.18e+00   5.17e+00 (  1.58e+02,  1.74e+02)
80      0.280   7.64e-01   1.18e+00   8.32e-01   5.19e+00   5.14e+00 (  1.49e+02,  1.63e+02)
85      0.258   6.93e-01   1.14e+00   8.42e-01   4.74e+00   4.96e+00 (  1.25e+02,  1.53e+02)
90      0.832   1.84e+00   2.61e+00   1.86e+00   2.70e+01   4.73e+00 (  5.83e+02,  1.43e+02)
95      0.850   1.44e+00   2.05e+00   1.52e+00   7.04e+01   4.54e+00 (  1.09e+03,  1.35e+02)
45 n: 1.718e-04 e: 1.916e-05 i: 4.982e-05 :: e: 1.740e-02 i: 1.970e-02 :: n: 2.557e+01 e:24.427 i:30.116 v:4.993e+03
>>> tau_he = 5.000000, nhe(0)=3.069740e+00
 5   -587.366   1.41e-02   6.05e-01   3.46e-03  -2.02e-01   1.25e-07 (  7.09e+00,  5.98e+01)
10  -2042.559   7.69e-02   1.28e-01   4.82e-03  -3.18e+00   2.22e-06 (  4.95e+01,  1.18e+02)
15   -144.155   2.65e-01   1.89e-01   1.02e-01  -3.44e+00   2.71e-05 (  1.42e+02,  1.65e+02)
20    -14.751   2.41e-01   2.07e-01   1.35e-01  -4.15e+00   2.51e-04 (  1.47e+02,  2.00e+02)
25     -0.856   2.52e-01   2.35e-01   2.32e-02  -2.04e+00   1.81e-03 (  1.67e+02,  2.26e+02)
30     -0.144   2.80e-01   2.42e-01   5.95e-02  -7.52e-01   1.03e-02 (  1.76e+02,  2.44e+02)
35     -0.172   3.05e-01   2.64e-01   1.69e-01  -7.91e-01   4.61e-02 (  1.70e+02,  2.53e+02)
40     -0.073   3.54e-01   3.11e-01   2.60e-01  -3.87e-01   1.64e-01 (  1.83e+02,  2.54e+02)
45      0.017   3.81e-01   3.69e-01   3.07e-01   1.11e-01   4.68e-01 (  1.86e+02,  2.50e+02)
50      0.142   4.80e-01   5.60e-01   3.13e-01   1.08e+00   1.08e+00 (  2.08e+02,  2.41e+02)
55      0.154   5.05e-01   6.42e-01   3.72e-01   1.86e+00   2.02e+00 (  1.95e+02,  2.29e+02)
60      0.185   5.57e-01   7.73e-01   4.28e-01   3.02e+00   3.16e+00 (  1.87e+02,  2.15e+02)
65      0.233   6.43e-01   9.15e-01   5.54e-01   4.26e+00   4.20e+00 (  1.82e+02,  2.01e+02)
70      0.265   7.08e-01   1.02e+00   6.68e-01   4.92e+00   4.89e+00 (  1.70e+02,  1.87e+02)
75      0.281   7.54e-01   1.11e+00   7.67e-01   5.21e+00   5.17e+00 (  1.59e+02,  1.74e+02)
80      0.281   7.66e-01   1.18e+00   8.35e-01   5.22e+00   5.14e+00 (  1.49e+02,  1.63e+02)
85      0.259   6.96e-01   1.14e+00   8.44e-01   4.77e+00   4.96e+00 (  1.25e+02,  1.53e+02)
90      0.832   1.84e+00   2.61e+00   1.86e+00   2.70e+01   4.73e+00 (  5.83e+02,  1.43e+02)
95      0.850   1.44e+00   2.05e+00   1.52e+00   7.04e+01   4.54e+00 (  1.09e+03,  1.35e+02)
46 n: 9.052e-05 e: 2.328e-05 i: 5.984e-05 :: e: 2.021e-02 i: 2.269e-02 :: n: 2.565e+01 e:24.406 i:30.205 v:4.993e+03
>>> tau_he = 5.000000, nhe(0)=3.091131e+00
 5   -589.665   1.42e-02   6.09e-01   3.46e-03  -2.03e-01   1.25e-07 (  7.15e+00,  5.98e+01)
10  -2034.411   7.69e-02   1.28e-01   4.58e-03  -3.17e+00   2.22e-06 (  4.96e+01,  1.18e+02)
15   -143.994   2.66e-01   1.88e-01   9.96e-02  -3.43e+00   2.71e-05 (  1.42e+02,  1.65e+02)
20    -14.786   2.40e-01   2.05e-01   1.38e-01  -4.16e+00   2.51e-04 (  1.47e+02,  2.00e+02)
25     -0.855   2.51e-01   2.33e-01   1.98e-02  -2.04e+00   1.81e-03 (  1.67e+02,  2.26e+02)
30     -0.108   2.80e-01   2.40e-01   4.74e-02  -6.09e-01   1.03e-02 (  1.77e+02,  2.44e+02)
35      0.008   4.14e-01   3.93e-01   2.98e-01   4.02e-02   4.61e-02 (  2.32e+02,  2.53e+02)
40      0.065   4.41e-01   4.71e-01   3.41e-01   3.76e-01   1.64e-01 (  2.29e+02,  2.54e+02)
45      0.112   4.58e-01   4.99e-01   3.79e-01   7.56e-01   4.68e-01 (  2.24e+02,  2.50e+02)
50      0.142   4.78e-01   5.59e-01   3.13e-01   1.08e+00   1.08e+00 (  2.06e+02,  2.41e+02)
55      0.154   5.03e-01   6.40e-01   3.71e-01   1.86e+00   2.02e+00 (  1.94e+02,  2.29e+02)
60      0.184   5.55e-01   7.69e-01   4.26e-01   3.00e+00   3.16e+00 (  1.85e+02,  2.15e+02)
65      0.231   6.39e-01   9.09e-01   5.51e-01   4.21e+00   4.20e+00 (  1.80e+02,  2.01e+02)
70      0.264   7.06e-01   1.02e+00   6.66e-01   4.89e+00   4.89e+00 (  1.69e+02,  1.87e+02)
75      0.280   7.52e-01   1.11e+00   7.65e-01   5.19e+00   5.17e+00 (  1.58e+02,  1.74e+02)
80      0.280   7.65e-01   1.18e+00   8.33e-01   5.20e+00   5.14e+00 (  1.49e+02,  1.63e+02)
85      0.259   6.94e-01   1.14e+00   8.43e-01   4.75e+00   4.96e+00 (  1.25e+02,  1.53e+02)
90      0.832   1.84e+00   2.61e+00   1.86e+00   2.70e+01   4.73e+00 (  5.83e+02,  1.43e+02)
95      0.850   1.44e+00   2.05e+00   1.52e+00   7.04e+01   4.54e+00 (  1.09e+03,  1.35e+02)
47 n: 1.306e-04 e: 1.950e-05 i: 4.962e-05 :: e: 1.609e-02 i: 1.831e-02 :: n: 2.558e+01 e:24.459 i:30.151 v:4.993e+03
>>> tau_he = 5.000000, nhe(0)=3.074120e+00
 5   -590.634   1.41e-02   6.07e-01   3.46e-03  -2.03e-01   1.25e-07 (  7.13e+00,  5.98e+01)
10  -2047.248   7.71e-02   1.29e-01   4.76e-03  -3.19e+00   2.22e-06 (  4.97e+01,  1.18e+02)
15   -144.593   2.66e-01   1.90e-01   1.02e-01  -3.45e+00   2.71e-05 (  1.43e+02,  1.65e+02)
20    -14.829   2.42e-01   2.07e-01   1.34e-01  -4.17e+00   2.51e-04 (  1.48e+02,  2.00e+02)
25     -0.861   2.53e-01   2.36e-01   2.06e-02  -2.05e+00   1.81e-03 (  1.69e+02,  2.26e+02)
30     -0.121   2.82e-01   2.43e-01   4.96e-02  -6.63e-01   1.03e-02 (  1.79e+02,  2.44e+02)
35     -0.157   3.07e-01   2.66e-01   1.65e-01  -7.45e-01   4.61e-02 (  1.72e+02,  2.53e+02)
40     -0.070   3.56e-01   3.13e-01   2.61e-01  -3.75e-01   1.64e-01 (  1.84e+02,  2.54e+02)
45      0.014   3.81e-01   3.69e-01   3.08e-01   8.88e-02   4.68e-01 (  1.86e+02,  2.50e+02)
50      0.141   4.80e-01   5.60e-01   3.13e-01   1.07e+00   1.08e+00 (  2.07e+02,  2.41e+02)
55      0.154   5.05e-01   6.43e-01   3.72e-01   1.86e+00   2.02e+00 (  1.95e+02,  2.29e+02)
60      0.185   5.57e-01   7.72e-01   4.28e-01   3.01e+00   3.16e+00 (  1.86e+02,  2.15e+02)
65      0.231   6.39e-01   9.08e-01   5.51e-01   4.20e+00   4.20e+00 (  1.80e+02,  2.01e+02)
70      0.264   7.07e-01   1.02e+00   6.67e-01   4.90e+00   4.89e+00 (  1.69e+02,  1.87e+02)
75      0.281   7.54e-01   1.11e+00   7.66e-01   5.21e+00   5.17e+00 (  1.59e+02,  1.74e+02)
80      0.281   7.66e-01   1.18e+00   8.34e-01   5.22e+00   5.14e+00 (  1.49e+02,  1.63e+02)
85      0.259   6.95e-01   1.14e+00   8.44e-01   4.76e+00   4.96e+00 (  1.25e+02,  1.53e+02)
90      0.833   1.84e+00   2.61e+00   1.86e+00   2.70e+01   4.73e+00 (  5.83e+02,  1.43e+02)
95      0.850   1.44e+00   2.05e+00   1.52e+00   7.04e+01   4.54e+00 (  1.09e+03,  1.35e+02)
48 n: 8.894e-05 e: 2.725e-05 i: 6.352e-05 :: e: 1.842e-02 i: 2.063e-02 :: n: 2.568e+01 e:24.420 i:30.242 v:4.993e+03
>>> tau_he = 5.000000, nhe(0)=3.097258e+00
 5   -592.043   1.42e-02   6.11e-01   3.47e-03  -2.03e-01   1.25e-07 (  7.19e+00,  5.98e+01)
10  -2033.620   7.69e-02   1.28e-01   4.49e-03  -3.17e+00   2.22e-06 (  4.96e+01,  1.18e+02)
15   -144.197   2.66e-01   1.88e-01   9.91e-02  -3.44e+00   2.71e-05 (  1.43e+02,  1.65e+02)
20    -14.855   2.40e-01   2.05e-01   1.40e-01  -4.18e+00   2.51e-04 (  1.47e+02,  2.00e+02)
25     -0.861   2.51e-01   2.33e-01   1.80e-02  -2.05e+00   1.81e-03 (  1.68e+02,  2.26e+02)
30     -0.068   2.82e-01   2.39e-01   3.72e-02  -4.01e-01   1.03e-02 (  1.79e+02,  2.44e+02)
35      0.018   4.15e-01   3.94e-01   2.84e-01   9.40e-02   4.61e-02 (  2.34e+02,  2.53e+02)
40      0.067   4.41e-01   4.71e-01   3.42e-01   3.92e-01   1.64e-01 (  2.30e+02,  2.54e+02)
45      0.111   4.58e-01   4.98e-01   3.80e-01   7.39e-01   4.68e-01 (  2.24e+02,  2.50e+02)
50      0.142   4.78e-01   5.59e-01   3.12e-01   1.08e+00   1.08e+00 (  2.05e+02,  2.41e+02)
55      0.154   5.03e-01   6.40e-01   3.71e-01   1.86e+00   2.02e+00 (  1.93e+02,  2.29e+02)
60      0.184   5.54e-01   7.68e-01   4.26e-01   3.00e+00   3.16e+00 (  1.85e+02,  2.15e+02)
65      0.193   5.67e-01   7.69e-01   4.67e-01   3.50e+00   4.20e+00 (  1.59e+02,  2.01e+02)
70      0.263   7.04e-01   1.02e+00   6.65e-01   4.88e+00   4.89e+00 (  1.68e+02,  1.87e+02)
75      0.280   7.51e-01   1.11e+00   7.65e-01   5.20e+00   5.17e+00 (  1.58e+02,  1.74e+02)
80      0.280   7.64e-01   1.18e+00   8.33e-01   5.21e+00   5.14e+00 (  1.49e+02,  1.63e+02)
85      0.259   6.94e-01   1.14e+00   8.43e-01   4.76e+00   4.96e+00 (  1.25e+02,  1.53e+02)
90      0.832   1.84e+00   2.61e+00   1.86e+00   2.70e+01   4.73e+00 (  5.83e+02,  1.43e+02)
95      0.850   1.44e+00   2.05e+00   1.52e+00   7.04e+01   4.54e+00 (  1.09e+03,  1.35e+02)
49 n: 3.581e-04 e: 2.832e-05 i: 6.286e-05 :: e: 2.167e-02 i: 2.626e-02 :: n: 2.557e+01 e:24.490 i:30.178 v:4.993e+03
 plasma volume = 149.680635
 stored energy(e,i,b,a) = 6.789630e+01 6.354078e+01 0.000000e+00 0.000000e+00
 betan = 1.483723
*power
 Pnb(e,i) = 0.000000e+00 0.000000e+00
 Prf(e,i) = 6.877305e+00 3.313132e+01
 Prad     = -2.187276e+01 
 Pei      = -5.126639e+00 
 Pfuse    = 6.614765e+01 
 Pfusi    = 2.273857e+01 
 Poh      = 0.000000e+00 
*confinement time
 taut, tauITER98y2, H98y2 : 1.228130e+00 1.273733e+00 9.641979e-01
 taue, taui : 1.475187e+00 2.280291e+00
 taut, tau89, H89 : 1.228130e+00 6.708190e-01 1.830793e+00
*temperature
 nea, nebar : 1.978486e+01 2.211051e+01 
 tea, tia : 8.504099e+00 8.508620e+00 (9.994687e-01)
 te0, ti0 : 2.172447e+01 2.612871e+01 (8.314407e-01)
 Sn : 9.997734e+02 
*current balance
 Ip,Ibs,Inb,Irf: 1.000000e+01 2.149776e+00 0.000000e+00 1.912483e-01
 fni,fbs: 0.234 0.215

 plasma volume = 149.680635
 stored energy(e,i,b,a) = 6.789630e+01 6.354078e+01 0.000000e+00 0.000000e+00
 betan = 1.483723
*power
 Pnb(e,i) = 0.000000e+00 0.000000e+00
 Prf(e,i) = 6.877305e+00 3.313132e+01
 Prad     = -2.187276e+01 
 Pei      = -5.126639e+00 
 Pfuse    = 6.614765e+01 
 Pfusi    = 2.273857e+01 
 Poh      = 0.000000e+00 
*confinement time
 taut, tauITER98y2, H98y2 : 1.228130e+00 1.273733e+00 9.641979e-01
 taue, taui : 1.475187e+00 2.280291e+00
 taut, tau89, H89 : 1.228130e+00 6.708190e-01 1.830793e+00
*temperature
 nea, nebar : 1.978486e+01 2.211051e+01 
 tea, tia : 8.504099e+00 8.508620e+00 (9.994687e-01)
 te0, ti0 : 2.172447e+01 2.612871e+01 (8.314407e-01)
 Sn : 9.997734e+02 
*current balance
 Ip,Ibs,Inb,Irf: 1.000000e+01 2.149776e+00 0.000000e+00 1.912483e-01
 fni,fbs: 0.234 0.215
 ELAPASED TIME = 45 sec

finalize
