NCAPTC: : NetCDF: Variable not found
Warning: ieee_overflow is signaling
Warning: ieee_underflow is signaling
Warning: ieee_inexact is signaling
FORTRAN STOP
 solver
 /global/common/software/atom/perlmutter/data/greentable/
 /global/common/software/atom/perlmutter/data/greentable/

          EFITD Version  07/09/2014


 type mode (2=file, 3=snap, 4=time, 5=input, 6=com file, 7=snap_ext):

 number of time slices?

 type input file names:
 #
 table_dir = </global/common/software/atom/perlmutter/data/greentable/>

  ----- time =     2 ms ----- ( 0)
 it=  1 chi2=0.00E+00 zm= 7.53E-03 err=5.202E+00 dz= 7.535E-03 chigam= 0.00E+00
 it=  2 chi2=0.00E+00 zm= 1.06E-02 err=8.144E-01 dz= 3.056E-03 chigam= 0.00E+00
 it=  3 chi2=0.00E+00 zm= 1.29E-02 err=4.425E-01 dz= 2.284E-03 chigam= 0.00E+00
 it=  4 chi2=0.00E+00 zm= 1.46E-02 err=2.618E-01 dz= 1.715E-03 chigam= 0.00E+00
 it=  5 chi2=0.00E+00 zm= 1.59E-02 err=1.590E-01 dz= 1.308E-03 chigam= 0.00E+00
 it=  6 chi2=0.00E+00 zm= 1.69E-02 err=9.135E-02 dz= 9.882E-04 chigam= 0.00E+00
 it=  7 chi2=0.00E+00 zm= 1.76E-02 err=5.767E-02 dz= 7.451E-04 chigam= 0.00E+00
 it=  8 chi2=0.00E+00 zm= 1.82E-02 err=3.541E-02 dz= 5.612E-04 chigam= 0.00E+00
 it=  9 chi2=0.00E+00 zm= 1.86E-02 err=2.342E-02 dz= 4.226E-04 chigam= 0.00E+00
 it= 10 chi2=0.00E+00 zm= 1.89E-02 err=1.408E-02 dz= 3.154E-04 chigam= 0.00E+00
 it= 11 chi2=0.00E+00 zm= 1.92E-02 err=1.242E-02 dz= 2.388E-04 chigam= 0.00E+00
 it= 12 chi2=0.00E+00 zm= 1.93E-02 err=7.821E-03 dz= 1.771E-04 chigam= 0.00E+00
 it= 13 chi2=0.00E+00 zm= 1.95E-02 err=5.015E-03 dz= 1.308E-04 chigam= 0.00E+00
 it= 14 chi2=0.00E+00 zm= 1.96E-02 err=3.270E-03 dz= 9.633E-05 chigam= 0.00E+00
 it= 15 chi2=0.00E+00 zm= 1.96E-02 err=2.164E-03 dz= 7.077E-05 chigam= 0.00E+00
 it= 16 chi2=0.00E+00 zm= 1.97E-02 err=1.451E-03 dz= 5.189E-05 chigam= 0.00E+00
 it= 17 chi2=0.00E+00 zm= 1.97E-02 err=9.834E-04 dz= 3.800E-05 chigam= 0.00E+00
 it= 18 chi2=0.00E+00 zm= 1.98E-02 err=6.730E-04 dz= 2.779E-05 chigam= 0.00E+00
 it= 19 chi2=0.00E+00 zm= 1.98E-02 err=4.644E-04 dz= 2.031E-05 chigam= 0.00E+00
 it= 20 chi2=0.00E+00 zm= 1.98E-02 err=3.226E-04 dz= 1.484E-05 chigam= 0.00E+00
 it= 21 chi2=0.00E+00 zm= 1.98E-02 err=2.254E-04 dz= 1.084E-05 chigam= 0.00E+00
 it= 22 chi2=0.00E+00 zm= 1.98E-02 err=1.583E-04 dz= 7.910E-06 chigam= 0.00E+00
 it= 23 chi2=0.00E+00 zm= 1.98E-02 err=1.117E-04 dz= 5.773E-06 chigam= 0.00E+00
 it= 24 chi2=0.00E+00 zm= 1.98E-02 err=7.904E-05 dz= 4.213E-06 chigam= 0.00E+00

      ******************** EFITD129 x 129  output ********************

       data used:   
  0 flux loops
  0 magnetic probes(i)
  0 full rogowski
  0 diamagnetic loop


 shot #   =          1 time(ms) =          2 chi**2   =  0.000E+00
 betat(%) =      0.860 betap    =      0.431 li       =      0.858
 vol(cm3) =  0.771E+07 rout(cm) =    172.104 zout(cm) =      0.808
 elong    =      1.341 utriang  =     -0.375 ltriang  =     -0.310
 a(cm)    =     41.334 lin(cm)  = ********** lout(cm) =     10.738
 ltop(cm) = ********** q*       =      2.281 rc(cm)   =    175.964
 zc(cm)   =      1.766 bt0(t)   =      2.000 qout     =      2.184
