========================================================================
= FASTRAN

nonlinear model = 0
ichi = 1
ineo = 0
reading state...
read formatted input, inprof...
init geometry...
read formatted input, inmetric...
nrho in inmetric = 101
rhob in inmetric = 1.271420e+00
solve avg grad-shafranv...
solve_avg_gs::Ip_temp = 9.964844e+00 
solve_avg_gs::Ip      = 1.000000e+01 
>>> tau_he = 5.000000, nhe(0)=3.761343e+00

 plasma volume = 151.455718
 stored energy(e,i,b,a) = 9.564078e+01 8.577249e+01 0.000000e+00 0.000000e+00
 betan = 2.029147
*power
 Pnb(e,i) = 0.000000e+00 0.000000e+00
 Prf(e,i) = 1.162066e+01 2.837799e+01
 Prad     = -5.852964e+01 
 Pei      = 0.000000e+00 
 Pfuse    = 1.038207e+02 
 Pfusi    = 4.285076e+01 
 Poh      = 0.000000e+00 
*confinement time
 taut, tauITER98y2, H98y2 : 1.415737e+00 1.160776e+00 1.219648e+00
 taue, taui : 1.680510e+00 2.001656e+00
 taut, tau89, H89 : 1.415737e+00 6.192609e-01 2.286173e+00
*temperature
 nea, nebar : 2.054269e+01 2.349202e+01 
 tea, tia : 1.112528e+01 1.112528e+01 (1.000000e+00)
 te0, ti0 : 2.802534e+01 2.802534e+01 (1.000000e+00)
 Sn : 1.499665e+03 
*current balance
 Ip,Ibs,Inb,Irf: 1.000000e+01 3.206273e+00 0.000000e+00 3.813642e-01
 fni,fbs: 0.359 0.321

Time advancing...
rho_bdry 0.900000 ...
te_bdry = 5.000307
ti_bdry = 5.000307
ne_bdry = 16.078026
rv_bdry = 279.463030
nrho_tr_bdry = 18
drho_bdry = 0.000000e+00
nrhob = 90
 [    0] t = 0.0000 
>>> tau_he = 5.000000, nhe(0)=3.818524e+00
 5     -0.010   1.08e-02   3.21e-01   3.55e-03  -5.04e-02   1.85e-07 (  3.53e+00,  4.44e+01)
10      0.001   5.93e-03  -1.76e-03   4.27e-04   9.06e-03   3.30e-06 (  2.47e+00,  9.25e+01)
15     -0.004   1.36e-03  -3.60e-03  -2.97e-03  -2.80e-02   4.02e-05 (  6.65e-01,  1.35e+02)
20     -0.000   2.97e-02  -9.77e-02  -8.76e-03  -1.98e-03   3.73e-04 (  1.63e+01,  1.71e+02)
25      0.006   6.85e-02  -8.91e-02   3.62e-03   6.02e-02   2.70e-03 (  4.09e+01,  1.98e+02)
30      0.023   2.13e-01  -1.02e-01   4.96e-02   2.46e-01   1.53e-02 (  1.34e+02,  2.19e+02)
35      0.033   2.79e-01  -5.55e-02   4.53e-02   3.87e-01   6.85e-02 (  1.81e+02,  2.36e+02)
40      0.054   4.11e-01   7.33e-02   9.37e-02   6.76e-01   2.44e-01 (  2.70e+02,  2.49e+02)
45      0.133   6.24e-01   3.29e-01   1.69e-01   1.77e+00   6.96e-01 (  4.08e+02,  2.60e+02)
50      0.140   6.86e-01   3.85e-01   1.27e-01   1.95e+00   1.60e+00 (  4.38e+02,  2.66e+02)
55      0.249   8.50e-01   7.47e-01   4.13e-01   3.62e+00   3.01e+00 (  5.20e+02,  2.68e+02)
60      0.335   9.67e-01   1.06e+00   6.07e-01   5.07e+00   4.71e+00 (  5.57e+02,  2.65e+02)
65      0.406   1.06e+00   1.37e+00   9.00e-01   6.33e+00   6.26e+00 (  5.65e+02,  2.59e+02)
70      0.456   1.15e+00   1.68e+00   1.25e+00   7.31e+00   7.29e+00 (  5.54e+02,  2.49e+02)
75      0.465   1.20e+00   1.91e+00   1.51e+00   7.67e+00   7.71e+00 (  5.13e+02,  2.36e+02)
80      0.444   1.20e+00   1.99e+00   1.60e+00   7.77e+00   7.68e+00 (  4.41e+02,  2.21e+02)
85      0.523   1.25e+00   2.12e+00   1.64e+00   1.16e+01   7.43e+00 (  4.10e+02,  2.06e+02)
90      3.783   8.39e+00   1.03e+01   7.27e+00   1.70e+02   7.11e+00 (  3.84e+03,  1.90e+02)
95      0.706   1.21e+00   1.72e+00   1.26e+00   6.01e+01   6.83e+00 (  9.43e+02,  1.75e+02)
 0 n: 5.905e-08 e: 1.404e-06 i: 5.238e-06 :: e: 0.000e+00 i: 0.000e+00 :: n: 3.009e+01 e:27.958 i:27.818 v:4.993e+03
>>> tau_he = 5.000000, nhe(0)=3.798264e+00
 5     -0.008   1.02e-02   3.58e-01   3.30e-03  -4.07e-02   1.85e-07 (  3.21e+00,  4.44e+01)
10      0.001   5.37e-03  -1.72e-03   3.53e-04   7.63e-03   3.30e-06 (  2.23e+00,  9.25e+01)
15     -0.004   1.36e-03  -3.48e-03  -2.88e-03  -2.81e-02   4.02e-05 (  6.72e-01,  1.35e+02)
20      0.001   3.29e-02  -1.03e-01  -8.68e-03   9.26e-03   3.73e-04 (  1.83e+01,  1.71e+02)
25     -0.005   5.60e-02  -5.09e-02   5.21e-03  -4.61e-02   2.70e-03 (  3.41e+01,  1.98e+02)
30      0.023   2.12e-01  -1.02e-01   4.90e-02   2.43e-01   1.53e-02 (  1.33e+02,  2.19e+02)
35      0.035   2.85e-01  -5.18e-02   4.64e-02   4.08e-01   6.85e-02 (  1.88e+02,  2.36e+02)
40      0.066   4.15e-01   9.43e-02   9.54e-02   8.32e-01   2.44e-01 (  2.76e+02,  2.49e+02)
45      0.060   4.97e-01   1.33e-01   9.21e-02   7.92e-01   6.96e-01 (  3.20e+02,  2.60e+02)
50      0.167   6.86e-01   4.36e-01   1.41e-01   2.35e+00   1.60e+00 (  4.39e+02,  2.66e+02)
55      0.251   8.42e-01   7.46e-01   4.15e-01   3.62e+00   3.01e+00 (  5.10e+02,  2.68e+02)
60      0.312   9.58e-01   1.02e+00   5.91e-01   4.70e+00   4.71e+00 (  5.48e+02,  2.65e+02)
65      0.390   1.05e+00   1.34e+00   8.87e-01   6.10e+00   6.26e+00 (  5.59e+02,  2.59e+02)
70      0.452   1.14e+00   1.67e+00   1.24e+00   7.25e+00   7.29e+00 (  5.51e+02,  2.49e+02)
75      0.467   1.20e+00   1.91e+00   1.50e+00   7.77e+00   7.71e+00 (  5.11e+02,  2.36e+02)
80      0.459   1.22e+00   2.00e+00   1.60e+00   8.33e+00   7.68e+00 (  4.44e+02,  2.21e+02)
85      0.565   1.33e+00   2.21e+00   1.68e+00   1.31e+01   7.43e+00 (  4.50e+02,  2.06e+02)
90      3.207   7.18e+00   8.97e+00   6.48e+00   1.29e+02   7.11e+00 (  3.07e+03,  1.90e+02)
95      0.706   1.21e+00   1.72e+00   1.26e+00   6.01e+01   6.83e+00 (  9.43e+02,  1.75e+02)
 1 n: 2.014e-01 e: 1.911e-01 i: 4.472e-01 :: e: 1.377e-02 i: 2.636e-02 :: n: 2.462e+01 e:29.095 i:34.701 v:4.993e+03
>>> tau_he = 5.000000, nhe(0)=3.042762e+00
 5   -290.646   1.08e-02   1.54e+00   3.82e-03  -1.01e-01   1.85e-07 (  3.10e+00,  4.44e+01)
10   -143.470   2.87e-02   1.72e-02   4.28e-03  -2.25e-01   3.30e-06 (  1.91e+01,  9.25e+01)
15   -336.785   3.01e-01  -4.38e-02   7.64e-02  -8.20e+00   4.02e-05 (  3.11e+02,  1.35e+02)
20    -41.353   5.92e-01   1.77e-01   1.60e-01  -1.21e+01   3.73e-04 (  6.70e+02,  1.71e+02)
25     -4.158   4.85e-01   1.89e-01   8.15e-02  -6.51e+00   2.70e-03 (  4.80e+02,  1.98e+02)
30     -0.670   6.47e-01   6.76e-01   3.55e-01  -2.08e+00   1.53e-02 (  4.58e+02,  2.19e+02)
35      0.759   6.49e-01   5.75e-01   4.48e-01   3.13e+00   6.85e-02 (  4.06e+02,  2.36e+02)
40      0.638   6.10e-01   7.06e-01   5.26e-01   3.19e+00   2.44e-01 (  3.19e+02,  2.49e+02)
45      0.367   5.33e-01   6.69e-01   5.10e-01   2.40e+00   6.96e-01 (  2.31e+02,  2.60e+02)
50      0.348   5.55e-01   8.22e-01   4.09e-01   3.41e+00   1.60e+00 (  2.22e+02,  2.66e+02)
55      0.148   4.20e-01   5.09e-01   3.59e-01   1.73e+00   3.01e+00 (  1.50e+02,  2.68e+02)
60      0.107   4.48e-01   4.70e-01   3.39e-01   1.47e+00   4.71e+00 (  1.51e+02,  2.65e+02)
65      0.126   5.41e-01   6.20e-01   4.38e-01   1.93e+00   6.26e+00 (  1.73e+02,  2.59e+02)
70      0.228   7.40e-01   1.07e+00   7.77e-01   3.66e+00   7.29e+00 (  2.21e+02,  2.49e+02)
75      0.265   8.15e-01   1.26e+00   9.58e-01   4.42e+00   7.71e+00 (  2.22e+02,  2.36e+02)
80      0.267   7.92e-01   1.33e+00   1.03e+00   4.45e+00   7.68e+00 (  1.94e+02,  2.21e+02)
85      0.238   7.45e-01   1.37e+00   1.13e+00   3.78e+00   7.43e+00 (  1.81e+02,  2.06e+02)
90      2.760   6.46e+00   8.20e+00   6.21e+00   9.34e+01   7.11e+00 (  2.47e+03,  1.90e+02)
95      0.706   1.21e+00   1.72e+00   1.26e+00   6.01e+01   6.83e+00 (  9.43e+02,  1.75e+02)
 2 n: 5.970e-03 e: 4.605e-02 i: 5.187e-02 :: e: 4.516e-01 i: 2.985e-01 :: n: 2.496e+01 e:28.893 i:32.408 v:4.993e+03
>>> tau_he = 5.000000, nhe(0)=3.019698e+00
 5   -332.629   9.66e-03   1.06e+00   3.63e-03  -1.18e-01   1.85e-07 (  3.44e+00,  4.44e+01)
10   -565.651   7.54e-02   7.04e-02   2.82e-02  -9.04e-01   3.30e-06 (  6.11e+01,  9.25e+01)
15   -429.738   3.10e-01   6.37e-02   1.17e-01  -1.07e+01   4.02e-05 (  3.27e+02,  1.35e+02)
20    -38.913   3.70e-01   1.57e-01   6.25e-02  -1.16e+01   3.73e-04 (  3.97e+02,  1.71e+02)
25     -3.585   6.59e-01   7.22e-01   5.21e-01  -5.94e+00   2.70e-03 (  6.87e+02,  1.98e+02)
30     -0.651   5.64e-01   5.84e-01   4.08e-01  -2.12e+00   1.53e-02 (  4.57e+02,  2.19e+02)
35      0.070   5.20e-01   5.59e-01   4.15e-01   2.90e-01   6.85e-02 (  3.78e+02,  2.36e+02)
40      0.257   4.91e-01   5.83e-01   3.92e-01   1.28e+00   2.44e-01 (  2.95e+02,  2.49e+02)
45      0.194   4.57e-01   5.56e-01   4.03e-01   1.25e+00   6.96e-01 (  2.16e+02,  2.60e+02)
50      0.226   4.62e-01   6.43e-01   3.23e-01   2.15e+00   1.60e+00 (  1.86e+02,  2.66e+02)
55      0.099   3.46e-01   4.01e-01   2.84e-01   1.20e+00   3.01e+00 (  1.16e+02,  2.68e+02)
60      0.086   3.59e-01   3.86e-01   2.55e-01   1.26e+00   4.71e+00 (  1.05e+02,  2.65e+02)
65      0.143   4.57e-01   5.87e-01   3.99e-01   2.34e+00   6.26e+00 (  1.19e+02,  2.59e+02)
70      0.184   5.22e-01   7.45e-01   5.38e-01   3.13e+00   7.29e+00 (  1.20e+02,  2.49e+02)
75      0.219   5.75e-01   8.82e-01   6.57e-01   3.82e+00   7.71e+00 (  1.16e+02,  2.36e+02)
80      0.225   5.64e-01   9.32e-01   7.08e-01   3.92e+00   7.68e+00 (  1.01e+02,  2.21e+02)
85      0.215   5.22e-01   9.64e-01   7.80e-01   3.59e+00   7.43e+00 (  8.96e+01,  2.06e+02)
90      2.076   4.54e+00   6.00e+00   4.14e+00   7.10e+01   7.11e+00 (  1.54e+03,  1.90e+02)
95      0.706   1.21e+00   1.72e+00   1.26e+00   6.01e+01   6.83e+00 (  9.43e+02,  1.75e+02)
 3 n: 5.548e-03 e: 1.581e-02 i: 1.878e-02 :: e: 5.812e-01 i: 4.460e-01 :: n: 2.535e+01 e:25.765 i:29.730 v:4.993e+03
>>> tau_he = 5.000000, nhe(0)=2.975070e+00
 5   -291.832   8.55e-03   8.14e-01   3.41e-03  -1.05e-01   1.85e-07 (  3.10e+00,  4.44e+01)
10   -630.341   6.68e-02   2.99e-02   3.62e-02  -1.02e+00   3.30e-06 (  5.18e+01,  9.25e+01)
15   -320.475   2.21e-01   4.21e-02   5.40e-02  -8.07e+00   4.02e-05 (  2.02e+02,  1.35e+02)
20    -19.858   2.80e-01   1.24e-01   7.70e-02  -6.02e+00   3.73e-04 (  2.58e+02,  1.71e+02)
25     -2.619   3.35e-01   1.95e-01  -6.25e-02  -4.56e+00   2.70e-03 (  2.88e+02,  1.98e+02)
30     -0.473   4.54e-01   4.54e-01   2.73e-01  -1.61e+00   1.53e-02 (  3.23e+02,  2.19e+02)
35      0.045   4.25e-01   4.63e-01   3.44e-01   1.85e-01   6.85e-02 (  2.75e+02,  2.36e+02)
40      0.167   4.17e-01   5.05e-01   3.49e-01   8.29e-01   2.44e-01 (  2.24e+02,  2.49e+02)
45      0.145   3.53e-01   3.92e-01   3.02e-01   9.23e-01   6.96e-01 (  1.51e+02,  2.60e+02)
50      0.202   3.92e-01   5.50e-01   2.81e-01   1.89e+00   1.60e+00 (  1.42e+02,  2.66e+02)
55      0.103   3.00e-01   3.71e-01   2.70e-01   1.32e+00   3.01e+00 (  9.05e+01,  2.68e+02)
60      0.096   3.05e-01   3.75e-01   2.30e-01   1.51e+00   4.71e+00 (  7.95e+01,  2.65e+02)
65      0.144   3.91e-01   5.31e-01   3.49e-01   2.50e+00   6.26e+00 (  8.87e+01,  2.59e+02)
70      0.178   4.51e-01   6.52e-01   4.60e-01   3.20e+00   7.29e+00 (  8.90e+01,  2.49e+02)
75      0.207   5.06e-01   7.60e-01   5.46e-01   3.82e+00   7.71e+00 (  8.67e+01,  2.36e+02)
80      0.214   5.09e-01   8.03e-01   5.85e-01   3.93e+00   7.68e+00 (  7.64e+01,  2.21e+02)
85      0.199   4.57e-01   7.91e-01   6.11e-01   3.48e+00   7.43e+00 (  6.49e+01,  2.06e+02)
90      0.709   1.61e+00   2.36e+00   1.55e+00   2.44e+01   7.11e+00 (  5.18e+02,  1.90e+02)
95      0.706   1.21e+00   1.72e+00   1.26e+00   6.01e+01   6.83e+00 (  9.43e+02,  1.75e+02)
 4 n: 4.785e-03 e: 2.204e-03 i: 1.157e-02 :: e: 6.016e-01 i: 4.225e-01 :: n: 2.575e+01 e:24.647 i:26.996 v:4.993e+03
>>> tau_he = 5.000000, nhe(0)=2.898207e+00
 5   -250.160   7.10e-03   7.00e-01   3.19e-03  -9.08e-02   1.85e-07 (  2.64e+00,  4.44e+01)
10   -538.587   5.56e-02   2.39e-02   6.22e-02  -8.84e-01   3.30e-06 (  4.22e+01,  9.25e+01)
15   -275.775   1.67e-01   3.20e-02   6.10e-02  -7.02e+00   4.02e-05 (  1.44e+02,  1.35e+02)
20    -17.220   2.14e-01   1.18e-01   7.90e-02  -5.27e+00   3.73e-04 (  1.85e+02,  1.71e+02)
25     -1.926   2.89e-01   1.73e-01  -2.39e-02  -3.51e+00   2.70e-03 (  2.34e+02,  1.98e+02)
30     -0.578   2.70e-01   1.85e-01   5.93e-02  -2.04e+00   1.53e-02 (  1.82e+02,  2.19e+02)
35      0.102   3.90e-01   4.21e-01   2.95e-01   4.19e-01   6.85e-02 (  2.41e+02,  2.36e+02)
40      0.178   3.85e-01   4.71e-01   3.13e-01   8.86e-01   2.44e-01 (  2.01e+02,  2.49e+02)
45      0.117   3.28e-01   3.70e-01   2.78e-01   7.36e-01   6.96e-01 (  1.38e+02,  2.60e+02)
50      0.137   3.20e-01   4.05e-01   2.34e-01   1.26e+00   1.60e+00 (  1.14e+02,  2.66e+02)
55      0.095   2.84e-01   3.71e-01   2.47e-01   1.27e+00   3.01e+00 (  8.51e+01,  2.68e+02)
60      0.096   2.99e-01   3.74e-01   2.24e-01   1.61e+00   4.71e+00 (  7.65e+01,  2.65e+02)
65      0.123   3.44e-01   4.46e-01   2.76e-01   2.28e+00   6.26e+00 (  7.58e+01,  2.59e+02)
70      0.177   4.46e-01   6.22e-01   4.28e-01   3.37e+00   7.29e+00 (  8.40e+01,  2.49e+02)
75      0.207   5.06e-01   7.21e-01   4.97e-01   4.01e+00   7.71e+00 (  8.19e+01,  2.36e+02)
80      0.215   5.19e-01   7.64e-01   5.34e-01   4.14e+00   7.68e+00 (  7.30e+01,  2.21e+02)
85      0.192   4.50e-01   7.13e-01   5.24e-01   3.52e+00   7.43e+00 (  5.90e+01,  2.06e+02)
90      0.710   1.62e+00   2.35e+00   1.52e+00   2.47e+01   7.11e+00 (  5.10e+02,  1.90e+02)
95      0.706   1.21e+00   1.72e+00   1.26e+00   6.01e+01   6.83e+00 (  9.43e+02,  1.75e+02)
 5 n: 3.971e-03 e: 3.729e-03 i: 3.566e-03 :: e: 5.712e-01 i: 4.069e-01 :: n: 2.619e+01 e:23.121 i:25.786 v:4.993e+03
>>> tau_he = 5.000000, nhe(0)=2.899073e+00
 5   -220.619   6.58e-03   6.53e-01   3.06e-03  -8.07e-02   1.85e-07 (  2.39e+00,  4.44e+01)
10   -366.350   4.65e-02  -9.33e-03   6.98e-02  -6.06e-01   3.30e-06 (  3.35e+01,  9.25e+01)
15   -229.269   1.41e-01   1.62e-02   4.95e-02  -5.87e+00   4.02e-05 (  1.13e+02,  1.35e+02)
20    -10.361   2.02e-01   1.15e-01   6.46e-02  -3.19e+00   3.73e-04 (  1.62e+02,  1.71e+02)
25     -1.525   2.53e-01   1.51e-01  -9.15e-04  -2.89e+00   2.70e-03 (  1.90e+02,  1.98e+02)
30     -0.419   2.66e-01   1.87e-01   5.85e-02  -1.53e+00   1.53e-02 (  1.68e+02,  2.19e+02)
35      0.027   3.46e-01   3.25e-01   2.35e-01   1.10e-01   6.85e-02 (  1.98e+02,  2.36e+02)
40      0.011   2.95e-01   2.86e-01   2.19e-01   5.29e-02   2.44e-01 (  1.44e+02,  2.49e+02)
45      0.094   2.93e-01   3.17e-01   2.40e-01   5.96e-01   6.96e-01 (  1.17e+02,  2.60e+02)
50      0.124   2.88e-01   3.51e-01   2.06e-01   1.17e+00   1.60e+00 (  9.76e+01,  2.66e+02)
55      0.092   2.58e-01   3.36e-01   2.24e-01   1.30e+00   3.01e+00 (  7.36e+01,  2.68e+02)
60      0.100   2.80e-01   3.60e-01   2.11e-01   1.79e+00   4.71e+00 (  6.81e+01,  2.65e+02)
65      0.128   3.31e-01   4.35e-01   2.56e-01   2.53e+00   6.26e+00 (  6.84e+01,  2.59e+02)
70      0.186   4.53e-01   6.13e-01   4.12e-01   3.76e+00   7.29e+00 (  7.91e+01,  2.49e+02)
75      0.220   5.31e-01   7.19e-01   4.80e-01   4.49e+00   7.71e+00 (  7.92e+01,  2.36e+02)
80      0.227   5.56e-01   7.63e-01   5.16e-01   4.61e+00   7.68e+00 (  7.18e+01,  2.21e+02)
85      0.208   4.94e-01   7.20e-01   5.18e-01   4.01e+00   7.43e+00 (  5.89e+01,  2.06e+02)
90      0.716   1.63e+00   2.35e+00   1.51e+00   2.51e+01   7.11e+00 (  5.02e+02,  1.90e+02)
95      0.706   1.21e+00   1.72e+00   1.26e+00   6.01e+01   6.83e+00 (  9.43e+02,  1.75e+02)
 6 n: 3.252e-03 e: 3.117e-04 i: 2.139e-03 :: e: 5.303e-01 i: 3.747e-01 :: n: 2.664e+01 e:22.764 i:24.589 v:4.993e+03
>>> tau_he = 5.000000, nhe(0)=2.891207e+00
 5   -203.352   5.90e-03   6.19e-01   2.94e-03  -7.47e-02   1.85e-07 (  2.17e+00,  4.44e+01)
10   -363.789   4.04e-02  -8.69e-04  -2.92e-02  -6.05e-01   3.30e-06 (  2.89e+01,  9.25e+01)
15   -213.665   1.24e-01   8.38e-03   4.50e-02  -5.50e+00   4.02e-05 (  9.77e+01,  1.35e+02)
20     -9.736   1.82e-01   1.08e-01   6.90e-02  -3.01e+00   3.73e-04 (  1.44e+02,  1.71e+02)
25     -1.427   2.31e-01   1.47e-01   1.25e-02  -2.81e+00   2.70e-03 (  1.71e+02,  1.98e+02)
30     -0.371   2.52e-01   1.84e-01   7.22e-02  -1.39e+00   1.53e-02 (  1.59e+02,  2.19e+02)
35     -0.110   2.63e-01   2.08e-01   1.25e-01  -4.64e-01   6.85e-02 (  1.49e+02,  2.36e+02)
40      0.002   2.83e-01   2.76e-01   2.19e-01   1.25e-02   2.44e-01 (  1.38e+02,  2.49e+02)
45      0.099   2.82e-01   3.05e-01   2.23e-01   6.33e-01   6.96e-01 (  1.13e+02,  2.60e+02)
50      0.113   2.78e-01   3.38e-01   2.03e-01   1.09e+00   1.60e+00 (  9.57e+01,  2.66e+02)
55      0.089   2.54e-01   3.32e-01   2.05e-01   1.32e+00   3.01e+00 (  7.39e+01,  2.68e+02)
60      0.104   2.89e-01   3.74e-01   2.15e-01   1.98e+00   4.71e+00 (  7.16e+01,  2.65e+02)
65      0.146   3.71e-01   4.71e-01   2.89e-01   3.05e+00   6.26e+00 (  7.76e+01,  2.59e+02)
70      0.203   4.96e-01   6.38e-01   4.19e-01   4.29e+00   7.29e+00 (  8.67e+01,  2.49e+02)
75      0.237   5.82e-01   7.42e-01   4.79e-01   5.06e+00   7.71e+00 (  8.62e+01,  2.36e+02)
80      0.244   6.07e-01   7.88e-01   5.04e-01   5.16e+00   7.68e+00 (  7.77e+01,  2.21e+02)
85      0.217   5.25e-01   7.17e-01   4.95e-01   4.34e+00   7.43e+00 (  6.15e+01,  2.06e+02)
90      0.719   1.64e+00   2.35e+00   1.50e+00   2.54e+01   7.11e+00 (  5.02e+02,  1.90e+02)
95      0.706   1.21e+00   1.72e+00   1.26e+00   6.01e+01   6.83e+00 (  9.43e+02,  1.75e+02)
 7 n: 2.528e-03 e: 7.537e-04 i: 3.103e-04 :: e: 4.551e-01 i: 3.202e-01 :: n: 2.709e+01 e:22.091 i:24.223 v:4.993e+03
>>> tau_he = 5.000000, nhe(0)=2.942423e+00
 5   -192.978   5.77e-03   6.11e-01   2.87e-03  -7.11e-02   1.85e-07 (  2.10e+00,  4.44e+01)
10   -314.763   3.61e-02  -1.54e-04  -2.10e-02  -5.25e-01   3.30e-06 (  2.53e+01,  9.25e+01)
15   -198.277   1.15e-01   4.39e-04   4.53e-02  -5.11e+00   4.02e-05 (  8.75e+01,  1.35e+02)
20     -8.906   1.71e-01   9.52e-02   6.32e-02  -2.75e+00   3.73e-04 (  1.31e+02,  1.71e+02)
25     -0.924   2.15e-01   1.30e-01   1.65e-02  -1.88e+00   2.70e-03 (  1.55e+02,  1.98e+02)
30     -0.297   2.37e-01   1.68e-01   6.25e-02  -1.21e+00   1.53e-02 (  1.46e+02,  2.19e+02)
35     -0.082   2.47e-01   1.88e-01   1.11e-01  -3.78e-01   6.85e-02 (  1.37e+02,  2.36e+02)
40      0.004   2.64e-01   2.47e-01   1.94e-01   1.97e-02   2.44e-01 (  1.26e+02,  2.49e+02)
45      0.090   2.67e-01   2.75e-01   2.03e-01   5.79e-01   6.96e-01 (  1.06e+02,  2.60e+02)
50      0.105   2.63e-01   3.07e-01   1.84e-01   1.04e+00   1.60e+00 (  8.96e+01,  2.66e+02)
55      0.088   2.45e-01   3.15e-01   1.92e-01   1.37e+00   3.01e+00 (  7.05e+01,  2.68e+02)
60      0.110   2.89e-01   3.74e-01   2.12e-01   2.21e+00   4.71e+00 (  7.05e+01,  2.65e+02)
65      0.156   3.84e-01   4.86e-01   3.25e-01   3.42e+00   6.26e+00 (  7.82e+01,  2.59e+02)
70      0.216   5.25e-01   6.52e-01   4.23e-01   4.78e+00   7.29e+00 (  8.85e+01,  2.49e+02)
75      0.253   6.21e-01   7.62e-01   4.83e-01   5.59e+00   7.71e+00 (  8.80e+01,  2.36e+02)
80      0.265   6.64e-01   8.22e-01   5.12e-01   5.79e+00   7.68e+00 (  8.12e+01,  2.21e+02)
85      0.239   5.91e-01   7.66e-01   5.11e-01   4.97e+00   7.43e+00 (  6.56e+01,  2.06e+02)
90      0.724   1.65e+00   2.36e+00   1.49e+00   2.58e+01   7.11e+00 (  4.99e+02,  1.90e+02)
95      0.706   1.21e+00   1.72e+00   1.26e+00   6.01e+01   6.83e+00 (  9.43e+02,  1.75e+02)
 8 n: 1.908e-03 e: 1.694e-04 i: 3.303e-04 :: e: 3.848e-01 i: 2.872e-01 :: n: 2.751e+01 e:22.157 i:23.756 v:4.993e+03
>>> tau_he = 5.000000, nhe(0)=2.977326e+00
 5   -188.286   5.46e-03   6.05e-01   2.81e-03  -6.95e-02   1.85e-07 (  2.02e+00,  4.44e+01)
10   -294.327   3.29e-02  -1.15e-04  -1.65e-02  -4.91e-01   3.30e-06 (  2.31e+01,  9.25e+01)
15   -194.862   1.10e-01  -3.18e-03   4.42e-02  -5.02e+00   4.02e-05 (  8.43e+01,  1.35e+02)
20     -9.667   1.65e-01   9.46e-02   6.78e-02  -2.99e+00   3.73e-04 (  1.26e+02,  1.71e+02)
25     -0.866   2.11e-01   1.30e-01   1.31e-02  -1.81e+00   2.70e-03 (  1.53e+02,  1.98e+02)
30     -0.252   2.34e-01   1.68e-01   6.14e-02  -1.12e+00   1.53e-02 (  1.47e+02,  2.19e+02)
35     -0.067   2.44e-01   1.88e-01   1.08e-01  -3.42e-01   6.85e-02 (  1.39e+02,  2.36e+02)
40      0.021   2.68e-01   2.43e-01   1.93e-01   1.25e-01   2.44e-01 (  1.32e+02,  2.49e+02)
45      0.082   2.69e-01   2.76e-01   2.04e-01   5.33e-01   6.96e-01 (  1.10e+02,  2.60e+02)
50      0.100   2.66e-01   3.08e-01   1.84e-01   1.02e+00   1.60e+00 (  9.39e+01,  2.66e+02)
55      0.088   2.55e-01   3.25e-01   1.93e-01   1.44e+00   3.01e+00 (  7.68e+01,  2.68e+02)
60      0.114   3.01e-01   3.80e-01   2.23e-01   2.41e+00   4.71e+00 (  7.62e+01,  2.65e+02)
65      0.175   4.30e-01   5.25e-01   4.12e-01   4.02e+00   6.26e+00 (  9.02e+01,  2.59e+02)
70      0.236   5.78e-01   6.91e-01   4.41e-01   5.41e+00   7.29e+00 (  9.94e+01,  2.49e+02)
75      0.272   6.75e-01   7.97e-01   4.96e-01   6.19e+00   7.71e+00 (  9.70e+01,  2.36e+02)
80      0.283   7.18e-01   8.59e-01   5.18e-01   6.36e+00   7.68e+00 (  8.89e+01,  2.21e+02)
85      0.264   6.60e-01   8.40e-01   5.34e-01   5.63e+00   7.43e+00 (  7.41e+01,  2.06e+02)
90      0.725   1.66e+00   2.36e+00   1.48e+00   2.59e+01   7.11e+00 (  5.00e+02,  1.90e+02)
95      0.706   1.21e+00   1.72e+00   1.26e+00   6.01e+01   6.83e+00 (  9.43e+02,  1.75e+02)
 9 n: 1.331e-03 e: 1.617e-04 i: 1.282e-04 :: e: 2.925e-01 i: 2.249e-01 :: n: 2.787e+01 e:21.921 i:23.812 v:4.993e+03
>>> tau_he = 5.000000, nhe(0)=3.046573e+00
 5   -187.154   5.53e-03   6.13e-01   2.79e-03  -6.91e-02   1.85e-07 (  2.04e+00,  4.44e+01)
10   -175.277   3.15e-02  -2.73e-03  -6.41e-03  -2.92e-01   3.30e-06 (  2.20e+01,  9.25e+01)
15   -189.144   1.07e-01  -6.87e-03   4.08e-02  -4.87e+00   4.02e-05 (  8.09e+01,  1.35e+02)
20     -9.400   1.61e-01   8.79e-02   6.32e-02  -2.90e+00   3.73e-04 (  1.22e+02,  1.71e+02)
25     -0.874   1.95e-01   1.29e-01   1.22e-02  -1.87e+00   2.70e-03 (  1.40e+02,  1.98e+02)
30     -0.213   2.28e-01   1.59e-01   4.91e-02  -1.03e+00   1.53e-02 (  1.44e+02,  2.19e+02)
35     -0.056   2.38e-01   1.77e-01   9.66e-02  -3.07e-01   6.85e-02 (  1.36e+02,  2.36e+02)
40      0.016   2.61e-01   2.26e-01   1.78e-01   9.49e-02   2.44e-01 (  1.29e+02,  2.49e+02)
45      0.076   2.65e-01   2.60e-01   1.94e-01   5.10e-01   6.96e-01 (  1.10e+02,  2.60e+02)
50      0.097   2.63e-01   2.93e-01   1.75e-01   1.02e+00   1.60e+00 (  9.44e+01,  2.66e+02)
55      0.090   2.56e-01   3.23e-01   1.86e-01   1.54e+00   3.01e+00 (  7.83e+01,  2.68e+02)
60      0.123   3.12e-01   3.92e-01   2.27e-01   2.71e+00   4.71e+00 (  8.01e+01,  2.65e+02)
65      0.188   4.55e-01   5.42e-01   4.28e-01   4.47e+00   6.26e+00 (  9.53e+01,  2.59e+02)
70      0.247   6.03e-01   7.08e-01   4.48e-01   5.81e+00   7.29e+00 (  1.02e+02,  2.49e+02)
75      0.282   7.03e-01   8.15e-01   5.03e-01   6.56e+00   7.71e+00 (  9.91e+01,  2.36e+02)
80      0.295   7.56e-01   8.83e-01   5.28e-01   6.76e+00   7.68e+00 (  9.16e+01,  2.21e+02)
85      0.284   7.20e-01   8.89e-01   5.59e-01   6.18e+00   7.43e+00 (  7.88e+01,  2.06e+02)
90      0.729   1.67e+00   2.36e+00   1.48e+00   2.61e+01   7.11e+00 (  4.99e+02,  1.90e+02)
95      0.706   1.21e+00   1.72e+00   1.26e+00   6.01e+01   6.83e+00 (  9.43e+02,  1.75e+02)
10 n: 9.001e-04 e: 3.370e-04 i: 5.359e-05 :: e: 2.368e-01 i: 1.932e-01 :: n: 2.819e+01 e:22.198 i:23.716 v:4.993e+03
>>> tau_he = 5.000000, nhe(0)=3.096089e+00
 5   -188.816   5.42e-03   6.19e-01   2.76e-03  -6.97e-02   1.85e-07 (  2.04e+00,  4.44e+01)
10   -183.495   3.13e-02  -2.23e-03  -6.52e-03  -3.06e-01   3.30e-06 (  2.21e+01,  9.25e+01)
15   -190.800   1.06e-01  -9.66e-03   4.04e-02  -4.90e+00   4.02e-05 (  8.10e+01,  1.35e+02)
20    -10.175   1.47e-01   9.04e-02   6.57e-02  -3.13e+00   3.73e-04 (  1.13e+02,  1.71e+02)
25     -0.877   1.96e-01   1.30e-01   7.88e-03  -1.92e+00   2.70e-03 (  1.43e+02,  1.98e+02)
30     -0.208   2.07e-01   1.45e-01   6.11e-02  -1.09e+00   1.53e-02 (  1.34e+02,  2.19e+02)
35     -0.048   2.41e-01   1.79e-01   9.20e-02  -2.84e-01   6.85e-02 (  1.42e+02,  2.36e+02)
40      0.010   2.67e-01   2.29e-01   1.79e-01   6.29e-02   2.44e-01 (  1.37e+02,  2.49e+02)
45      0.071   2.74e-01   2.65e-01   2.01e-01   4.89e-01   6.96e-01 (  1.19e+02,  2.60e+02)
50      0.095   2.77e-01   3.00e-01   1.79e-01   1.04e+00   1.60e+00 (  1.05e+02,  2.66e+02)
55      0.093   2.69e-01   3.41e-01   1.90e-01   1.66e+00   3.01e+00 (  8.69e+01,  2.68e+02)
60      0.143   3.56e-01   4.77e-01   2.53e-01   3.28e+00   4.71e+00 (  9.58e+01,  2.65e+02)
65      0.207   5.01e-01   5.82e-01   4.29e-01   5.07e+00   6.26e+00 (  1.09e+02,  2.59e+02)
70      0.264   6.46e-01   7.45e-01   4.68e-01   6.33e+00   7.29e+00 (  1.13e+02,  2.49e+02)
75      0.296   7.41e-01   8.47e-01   5.17e-01   7.00e+00   7.71e+00 (  1.07e+02,  2.36e+02)
80      0.306   7.87e-01   9.10e-01   5.36e-01   7.12e+00   7.68e+00 (  9.77e+01,  2.21e+02)
85      0.293   7.46e-01   9.11e-01   5.62e-01   6.48e+00   7.43e+00 (  8.36e+01,  2.06e+02)
90      0.729   1.67e+00   2.36e+00   1.48e+00   2.62e+01   7.11e+00 (  5.01e+02,  1.90e+02)
95      0.706   1.21e+00   1.72e+00   1.26e+00   6.01e+01   6.83e+00 (  9.43e+02,  1.75e+02)
11 n: 4.916e-04 e: 9.592e-05 i: 2.325e-04 :: e: 1.759e-01 i: 1.410e-01 :: n: 2.847e+01 e:22.208 i:23.994 v:4.993e+03
>>> tau_he = 5.000000, nhe(0)=3.170823e+00
 5   -192.489   5.58e-03   6.34e-01   2.76e-03  -7.09e-02   1.85e-07 (  2.11e+00,  4.44e+01)
10   -177.559   2.98e-02  -1.74e-03  -6.86e-03  -2.95e-01   3.30e-06 (  2.10e+01,  9.25e+01)
15   -189.891   1.06e-01  -1.27e-02   3.81e-02  -4.86e+00   4.02e-05 (  8.03e+01,  1.35e+02)
20    -11.472   1.44e-01   9.12e-02   6.22e-02  -3.52e+00   3.73e-04 (  1.11e+02,  1.71e+02)
25     -0.872   1.96e-01   1.27e-01   1.08e-02  -1.94e+00   2.70e-03 (  1.43e+02,  1.98e+02)
30     -0.180   2.08e-01   1.41e-01   5.14e-02  -1.01e+00   1.53e-02 (  1.36e+02,  2.19e+02)
35     -0.036   2.39e-01   1.72e-01   7.88e-02  -2.30e-01   6.85e-02 (  1.42e+02,  2.36e+02)
40      0.009   2.70e-01   2.19e-01   1.65e-01   5.67e-02   2.44e-01 (  1.41e+02,  2.49e+02)
45      0.069   2.77e-01   2.56e-01   1.98e-01   4.83e-01   6.96e-01 (  1.23e+02,  2.60e+02)
50      0.095   2.82e-01   2.95e-01   1.75e-01   1.07e+00   1.60e+00 (  1.09e+02,  2.66e+02)
55      0.097   2.75e-01   3.46e-01   1.85e-01   1.78e+00   3.01e+00 (  9.15e+01,  2.68e+02)
60      0.163   3.96e-01   5.20e-01   2.87e-01   3.84e+00   4.71e+00 (  1.09e+02,  2.65e+02)
65      0.213   5.12e-01   5.95e-01   4.37e-01   5.31e+00   6.26e+00 (  1.12e+02,  2.59e+02)
70      0.269   6.57e-01   7.57e-01   4.73e-01   6.55e+00   7.29e+00 (  1.15e+02,  2.49e+02)
75      0.301   7.53e-01   8.58e-01   5.24e-01   7.19e+00   7.71e+00 (  1.08e+02,  2.36e+02)
80      0.311   8.02e-01   9.24e-01   5.47e-01   7.30e+00   7.68e+00 (  9.92e+01,  2.21e+02)
85      0.301   7.70e-01   9.37e-01   5.78e-01   6.74e+00   7.43e+00 (  8.59e+01,  2.06e+02)
90      0.732   1.67e+00   2.36e+00   1.48e+00   2.63e+01   7.11e+00 (  5.01e+02,  1.90e+02)
95      0.706   1.21e+00   1.72e+00   1.26e+00   6.01e+01   6.83e+00 (  9.43e+02,  1.75e+02)
12 n: 2.841e-04 e: 4.502e-04 i: 7.363e-05 :: e: 1.410e-01 i: 1.174e-01 :: n: 2.870e+01 e:22.597 i:24.120 v:4.993e+03
>>> tau_he = 5.000000, nhe(0)=3.225929e+00
 5   -197.878   5.60e-03   6.47e-01   2.76e-03  -7.27e-02   1.85e-07 (  2.15e+00,  4.44e+01)
10   -180.498   2.70e-02  -1.47e-03  -7.33e-03  -2.99e-01   3.30e-06 (  1.93e+01,  9.25e+01)
15   -192.926   1.06e-01  -1.55e-02   3.77e-02  -4.92e+00   4.02e-05 (  8.13e+01,  1.35e+02)
20    -14.640   1.50e-01   9.91e-02   6.94e-02  -4.48e+00   3.73e-04 (  1.17e+02,  1.71e+02)
25     -0.898   2.00e-01   1.30e-01   3.46e-03  -2.03e+00   2.70e-03 (  1.49e+02,  1.98e+02)
30     -0.147   2.14e-01   1.44e-01   4.60e-02  -8.96e-01   1.53e-02 (  1.45e+02,  2.19e+02)
35     -0.043   2.47e-01   1.77e-01   7.14e-02  -2.97e-01   6.85e-02 (  1.52e+02,  2.36e+02)
40      0.008   2.78e-01   2.23e-01   1.62e-01   5.30e-02   2.44e-01 (  1.50e+02,  2.49e+02)
45      0.066   2.89e-01   2.64e-01   2.08e-01   4.78e-01   6.96e-01 (  1.34e+02,  2.60e+02)
50      0.085   2.80e-01   2.88e-01   1.68e-01   9.81e-01   1.60e+00 (  1.14e+02,  2.66e+02)
55      0.127   3.35e-01   4.50e-01   2.25e-01   2.42e+00   3.01e+00 (  1.17e+02,  2.68e+02)
60      0.173   4.21e-01   5.51e-01   3.05e-01   4.15e+00   4.71e+00 (  1.21e+02,  2.65e+02)
65      0.241   5.76e-01   6.89e-01   4.33e-01   6.08e+00   6.26e+00 (  1.31e+02,  2.59e+02)
70      0.280   6.86e-01   7.88e-01   4.91e-01   6.90e+00   7.29e+00 (  1.24e+02,  2.49e+02)
75      0.310   7.75e-01   8.84e-01   5.37e-01   7.46e+00   7.71e+00 (  1.15e+02,  2.36e+02)
80      0.317   8.15e-01   9.43e-01   5.56e-01   7.49e+00   7.68e+00 (  1.04e+02,  2.21e+02)
85      0.307   7.81e-01   9.55e-01   5.85e-01   6.92e+00   7.43e+00 (  9.01e+01,  2.06e+02)
90      0.732   1.67e+00   2.37e+00   1.48e+00   2.64e+01   7.11e+00 (  5.05e+02,  1.90e+02)
95      0.706   1.21e+00   1.72e+00   1.26e+00   6.01e+01   6.83e+00 (  9.43e+02,  1.75e+02)
13 n: 1.643e-04 e: 1.331e-04 i: 3.206e-04 :: e: 9.238e-02 i: 6.882e-02 :: n: 2.888e+01 e:22.734 i:24.510 v:4.993e+03
>>> tau_he = 5.000000, nhe(0)=3.293476e+00
 5   -204.231   5.83e-03   6.65e-01   2.80e-03  -7.49e-02   1.85e-07 (  2.25e+00,  4.44e+01)
10   -181.009   2.66e-02  -1.07e-03  -7.58e-03  -2.99e-01   3.30e-06 (  1.91e+01,  9.25e+01)
15   -194.379   1.07e-01  -1.79e-02   3.61e-02  -4.94e+00   4.02e-05 (  8.21e+01,  1.35e+02)
20    -14.937   1.53e-01   9.72e-02   6.74e-02  -4.55e+00   3.73e-04 (  1.19e+02,  1.71e+02)
25     -0.941   1.95e-01   1.31e-01   3.67e-03  -2.16e+00   2.70e-03 (  1.47e+02,  1.98e+02)
30     -0.126   2.17e-01   1.42e-01   3.60e-02  -8.24e-01   1.53e-02 (  1.49e+02,  2.19e+02)
35      0.001   2.49e-01   1.70e-01   6.10e-02   6.65e-03   6.85e-02 (  1.56e+02,  2.36e+02)
40      0.010   2.81e-01   2.18e-01   1.50e-01   7.04e-02   2.44e-01 (  1.55e+02,  2.49e+02)
45      0.066   2.96e-01   2.61e-01   2.10e-01   4.90e-01   6.96e-01 (  1.41e+02,  2.60e+02)
50      0.086   2.88e-01   2.89e-01   1.66e-01   1.03e+00   1.60e+00 (  1.21e+02,  2.66e+02)
55      0.130   3.43e-01   4.55e-01   2.24e-01   2.51e+00   3.01e+00 (  1.24e+02,  2.68e+02)
60      0.176   4.26e-01   5.59e-01   3.08e-01   4.25e+00   4.71e+00 (  1.25e+02,  2.65e+02)
65      0.241   5.73e-01   6.91e-01   4.32e-01   6.09e+00   6.26e+00 (  1.32e+02,  2.59e+02)
70      0.282   6.86e-01   7.96e-01   4.96e-01   6.97e+00   7.29e+00 (  1.25e+02,  2.49e+02)
75      0.312   7.76e-01   8.94e-01   5.46e-01   7.54e+00   7.71e+00 (  1.17e+02,  2.36e+02)
80      0.322   8.18e-01   9.64e-01   5.69e-01   7.63e+00   7.68e+00 (  1.06e+02,  2.21e+02)
85      0.312   7.92e-01   9.78e-01   6.03e-01   7.07e+00   7.43e+00 (  9.23e+01,  2.06e+02)
90      0.734   1.68e+00   2.37e+00   1.49e+00   2.64e+01   7.11e+00 (  5.06e+02,  1.90e+02)
95      0.706   1.21e+00   1.72e+00   1.26e+00   6.01e+01   6.83e+00 (  9.43e+02,  1.75e+02)
14 n: 1.290e-04 e: 4.498e-04 i: 1.294e-04 :: e: 7.752e-02 i: 5.608e-02 :: n: 2.903e+01 e:23.147 i:24.745 v:4.993e+03
>>> tau_he = 5.000000, nhe(0)=3.342572e+00
 5   -211.324   5.92e-03   6.80e-01   2.79e-03  -7.73e-02   1.85e-07 (  2.32e+00,  4.44e+01)
10   -200.955   2.60e-02  -1.75e-04  -8.67e-03  -3.31e-01   3.30e-06 (  1.89e+01,  9.25e+01)
15   -199.765   1.01e-01  -1.87e-02   3.57e-02  -5.06e+00   4.02e-05 (  7.84e+01,  1.35e+02)
20    -15.540   1.58e-01   9.95e-02   6.97e-02  -4.72e+00   3.73e-04 (  1.25e+02,  1.71e+02)
25     -0.987   2.00e-01   1.32e-01  -1.89e-03  -2.29e+00   2.70e-03 (  1.53e+02,  1.98e+02)
30     -0.102   2.23e-01   1.44e-01   2.02e-02  -7.10e-01   1.53e-02 (  1.58e+02,  2.19e+02)
35      0.015   2.55e-01   1.75e-01   5.34e-02   1.20e-01   6.85e-02 (  1.65e+02,  2.36e+02)
40      0.011   2.90e-01   2.25e-01   1.47e-01   8.02e-02   2.44e-01 (  1.66e+02,  2.49e+02)
45      0.060   3.07e-01   2.71e-01   2.31e-01   4.55e-01   6.96e-01 (  1.53e+02,  2.60e+02)
50      0.133   3.55e-01   4.12e-01   2.04e-01   1.63e+00   1.60e+00 (  1.56e+02,  2.66e+02)
55      0.135   3.61e-01   4.78e-01   2.35e-01   2.64e+00   3.01e+00 (  1.36e+02,  2.68e+02)
60      0.183   4.46e-01   5.84e-01   3.22e-01   4.44e+00   4.71e+00 (  1.36e+02,  2.65e+02)
65      0.247   5.90e-01   7.15e-01   4.46e-01   6.27e+00   6.26e+00 (  1.41e+02,  2.59e+02)
70      0.290   7.04e-01   8.22e-01   5.11e-01   7.19e+00   7.29e+00 (  1.33e+02,  2.49e+02)
75      0.318   7.89e-01   9.17e-01   5.59e-01   7.71e+00   7.71e+00 (  1.23e+02,  2.36e+02)
80      0.326   8.23e-01   9.81e-01   5.80e-01   7.73e+00   7.68e+00 (  1.10e+02,  2.21e+02)
85      0.315   7.95e-01   9.94e-01   6.14e-01   7.17e+00   7.43e+00 (  9.62e+01,  2.06e+02)
90      0.731   1.67e+00   2.36e+00   1.48e+00   2.63e+01   7.11e+00 (  5.08e+02,  1.90e+02)
95      0.706   1.21e+00   1.72e+00   1.26e+00   6.01e+01   6.83e+00 (  9.43e+02,  1.75e+02)
15 n: 1.022e-04 e: 1.320e-04 i: 3.198e-04 :: e: 4.637e-02 i: 3.234e-02 :: n: 2.902e+01 e:23.336 i:25.165 v:4.993e+03
>>> tau_he = 5.000000, nhe(0)=3.376024e+00
 5   -218.872   6.16e-03   6.98e-01   2.85e-03  -7.96e-02   1.85e-07 (  2.41e+00,  4.44e+01)
10   -205.443   2.61e-02   1.58e-04  -8.85e-03  -3.37e-01   3.30e-06 (  1.90e+01,  9.25e+01)
15   -202.482   1.04e-01  -2.01e-02   3.49e-02  -5.10e+00   4.02e-05 (  8.04e+01,  1.35e+02)
20    -15.871   1.61e-01   9.98e-02   6.98e-02  -4.80e+00   3.73e-04 (  1.27e+02,  1.71e+02)
25     -1.005   2.04e-01   1.34e-01  -2.99e-03  -2.35e+00   2.70e-03 (  1.56e+02,  1.98e+02)
30     -0.123   2.31e-01   1.47e-01   1.70e-02  -8.23e-01   1.53e-02 (  1.64e+02,  2.19e+02)
35      0.006   2.64e-01   1.77e-01   5.28e-02   4.67e-02   6.85e-02 (  1.73e+02,  2.36e+02)
40      0.013   2.96e-01   2.24e-01   1.38e-01   1.04e-01   2.44e-01 (  1.72e+02,  2.49e+02)
45      0.060   3.17e-01   2.71e-01   2.34e-01   4.63e-01   6.96e-01 (  1.62e+02,  2.60e+02)
50      0.133   3.62e-01   4.09e-01   2.06e-01   1.62e+00   1.60e+00 (  1.63e+02,  2.66e+02)
55      0.138   3.69e-01   4.81e-01   2.35e-01   2.69e+00   3.01e+00 (  1.42e+02,  2.68e+02)
60      0.186   4.52e-01   5.92e-01   3.22e-01   4.51e+00   4.71e+00 (  1.41e+02,  2.65e+02)
65      0.247   5.88e-01   7.20e-01   4.47e-01   6.26e+00   6.26e+00 (  1.43e+02,  2.59e+02)
70      0.291   7.04e-01   8.30e-01   5.17e-01   7.22e+00   7.29e+00 (  1.35e+02,  2.49e+02)
75      0.319   7.89e-01   9.28e-01   5.69e-01   7.74e+00   7.71e+00 (  1.25e+02,  2.36e+02)
80      0.327   8.22e-01   9.94e-01   5.94e-01   7.77e+00   7.68e+00 (  1.12e+02,  2.21e+02)
85      0.318   7.99e-01   1.02e+00   6.33e-01   7.27e+00   7.43e+00 (  9.86e+01,  2.06e+02)
90      0.732   1.67e+00   2.37e+00   1.49e+00   2.64e+01   7.11e+00 (  5.10e+02,  1.90e+02)
95      0.706   1.21e+00   1.72e+00   1.26e+00   6.01e+01   6.83e+00 (  9.43e+02,  1.75e+02)
16 n: 6.833e-05 e: 3.065e-04 i: 1.316e-04 :: e: 3.635e-02 i: 2.236e-02 :: n: 2.905e+01 e:23.689 i:25.439 v:4.993e+03
>>> tau_he = 5.000000, nhe(0)=3.405020e+00
 5   -226.394   6.30e-03   7.13e-01   2.87e-03  -8.21e-02   1.85e-07 (  2.49e+00,  4.44e+01)
10   -213.266   2.62e-02   3.80e-04  -9.10e-03  -3.49e-01   3.30e-06 (  1.92e+01,  9.25e+01)
15   -207.300   1.06e-01  -2.13e-02   3.45e-02  -5.21e+00   4.02e-05 (  8.29e+01,  1.35e+02)
20    -16.372   1.66e-01   1.03e-01   7.20e-02  -4.93e+00   3.73e-04 (  1.32e+02,  1.71e+02)
25     -0.984   2.09e-01   1.37e-01  -8.59e-03  -2.32e+00   2.70e-03 (  1.62e+02,  1.98e+02)
30     -0.123   2.38e-01   1.51e-01   7.63e-03  -8.38e-01   1.53e-02 (  1.72e+02,  2.19e+02)
35      0.007   2.73e-01   1.83e-01   5.06e-02   5.08e-02   6.85e-02 (  1.83e+02,  2.36e+02)
40     -0.004   2.85e-01   2.12e-01   1.12e-01  -3.42e-02   2.44e-01 (  1.70e+02,  2.49e+02)
45      0.060   3.28e-01   2.81e-01   2.43e-01   4.78e-01   6.96e-01 (  1.72e+02,  2.60e+02)
50      0.134   3.74e-01   4.20e-01   2.11e-01   1.63e+00   1.60e+00 (  1.73e+02,  2.66e+02)
55      0.141   3.84e-01   4.98e-01   2.42e-01   2.76e+00   3.01e+00 (  1.53e+02,  2.68e+02)
60      0.191   4.68e-01   6.14e-01   3.34e-01   4.64e+00   4.71e+00 (  1.51e+02,  2.65e+02)
65      0.253   6.01e-01   7.41e-01   4.59e-01   6.39e+00   6.26e+00 (  1.50e+02,  2.59e+02)
70      0.296   7.17e-01   8.53e-01   5.31e-01   7.37e+00   7.29e+00 (  1.42e+02,  2.49e+02)
75      0.324   7.97e-01   9.48e-01   5.82e-01   7.86e+00   7.71e+00 (  1.30e+02,  2.36e+02)
80      0.330   8.26e-01   1.01e+00   6.07e-01   7.84e+00   7.68e+00 (  1.17e+02,  2.21e+02)
85      0.320   8.01e-01   1.03e+00   6.45e-01   7.33e+00   7.43e+00 (  1.03e+02,  2.06e+02)
90      0.733   1.67e+00   2.37e+00   1.49e+00   2.64e+01   7.11e+00 (  5.14e+02,  1.90e+02)
95      0.706   1.21e+00   1.72e+00   1.26e+00   6.01e+01   6.83e+00 (  9.43e+02,  1.75e+02)
17 n: 6.826e-05 e: 9.746e-05 i: 2.252e-04 :: e: 2.765e-02 i: 1.999e-02 :: n: 2.907e+01 e:23.858 i:25.804 v:4.993e+03
>>> tau_he = 5.000000, nhe(0)=3.439602e+00
 5   -233.663   6.54e-03   7.30e-01   2.90e-03  -8.45e-02   1.85e-07 (  2.60e+00,  4.44e+01)
10   -217.993   2.67e-02   7.04e-04  -9.22e-03  -3.55e-01   3.30e-06 (  1.96e+01,  9.25e+01)
15   -209.439   1.08e-01  -2.24e-02   3.34e-02  -5.25e+00   4.02e-05 (  8.45e+01,  1.35e+02)
20    -16.635   1.69e-01   1.03e-01   7.17e-02  -4.99e+00   3.73e-04 (  1.34e+02,  1.71e+02)
25     -0.996   2.13e-01   1.39e-01  -1.11e-02  -2.36e+00   2.70e-03 (  1.65e+02,  1.98e+02)
30     -0.125   2.40e-01   1.53e-01   1.66e-03  -8.51e-01   1.53e-02 (  1.75e+02,  2.19e+02)
35      0.010   2.77e-01   1.83e-01   4.38e-02   8.31e-02   6.85e-02 (  1.88e+02,  2.36e+02)
40      0.004   2.88e-01   2.12e-01   1.02e-01   3.00e-02   2.44e-01 (  1.75e+02,  2.49e+02)
45      0.040   3.15e-01   2.59e-01   2.19e-01   3.21e-01   6.96e-01 (  1.68e+02,  2.60e+02)
50      0.134   3.81e-01   4.18e-01   2.11e-01   1.62e+00   1.60e+00 (  1.79e+02,  2.66e+02)
55      0.143   3.91e-01   5.00e-01   2.43e-01   2.77e+00   3.01e+00 (  1.58e+02,  2.68e+02)
60      0.193   4.71e-01   6.19e-01   3.36e-01   4.65e+00   4.71e+00 (  1.54e+02,  2.65e+02)
65      0.252   5.99e-01   7.45e-01   4.60e-01   6.36e+00   6.26e+00 (  1.52e+02,  2.59e+02)
70      0.297   7.15e-01   8.61e-01   5.36e-01   7.37e+00   7.29e+00 (  1.43e+02,  2.49e+02)
75      0.325   7.96e-01   9.59e-01   5.92e-01   7.87e+00   7.71e+00 (  1.32e+02,  2.36e+02)
80      0.331   8.25e-01   1.02e+00   6.20e-01   7.86e+00   7.68e+00 (  1.19e+02,  2.21e+02)
85      0.323   8.04e-01   1.05e+00   6.63e-01   7.40e+00   7.43e+00 (  1.05e+02,  2.06e+02)
90      0.734   1.67e+00   2.38e+00   1.50e+00   2.65e+01   7.11e+00 (  5.16e+02,  1.90e+02)
95      0.706   1.21e+00   1.72e+00   1.26e+00   6.01e+01   6.83e+00 (  9.43e+02,  1.75e+02)
18 n: 1.048e-04 e: 2.174e-04 i: 1.016e-04 :: e: 2.374e-02 i: 2.442e-02 :: n: 2.906e+01 e:24.147 i:26.033 v:4.993e+03
>>> tau_he = 5.000000, nhe(0)=3.455350e+00
 5   -240.374   6.67e-03   7.41e-01   2.92e-03  -8.65e-02   1.85e-07 (  2.67e+00,  4.44e+01)
10   -225.325   2.68e-02   8.87e-04  -9.38e-03  -3.66e-01   3.30e-06 (  1.99e+01,  9.25e+01)
15   -213.001   1.10e-01  -2.35e-02   3.27e-02  -5.32e+00   4.02e-05 (  8.62e+01,  1.35e+02)
20    -17.012   1.73e-01   1.06e-01   7.42e-02  -5.08e+00   3.73e-04 (  1.38e+02,  1.71e+02)
25     -1.019   2.18e-01   1.43e-01  -1.36e-02  -2.43e+00   2.70e-03 (  1.70e+02,  1.98e+02)
30     -0.144   2.47e-01   1.58e-01  -2.58e-03  -9.53e-01   1.53e-02 (  1.83e+02,  2.19e+02)
35      0.004   2.86e-01   1.89e-01   4.48e-02   3.48e-02   6.85e-02 (  1.97e+02,  2.36e+02)
40      0.016   2.93e-01   2.17e-01   9.52e-02   1.41e-01   2.44e-01 (  1.82e+02,  2.49e+02)
45      0.042   3.24e-01   2.67e-01   2.24e-01   3.50e-01   6.96e-01 (  1.77e+02,  2.60e+02)
50      0.135   3.89e-01   4.28e-01   2.16e-01   1.64e+00   1.60e+00 (  1.87e+02,  2.66e+02)
55      0.145   4.03e-01   5.13e-01   2.49e-01   2.80e+00   3.01e+00 (  1.68e+02,  2.68e+02)
60      0.196   4.83e-01   6.35e-01   3.45e-01   4.72e+00   4.71e+00 (  1.62e+02,  2.65e+02)
65      0.256   6.08e-01   7.61e-01   4.69e-01   6.42e+00   6.26e+00 (  1.58e+02,  2.59e+02)
70      0.301   7.24e-01   8.78e-01   5.47e-01   7.45e+00   7.29e+00 (  1.49e+02,  2.49e+02)
75      0.327   8.02e-01   9.75e-01   6.03e-01   7.92e+00   7.71e+00 (  1.37e+02,  2.36e+02)
80      0.333   8.25e-01   1.04e+00   6.31e-01   7.88e+00   7.68e+00 (  1.22e+02,  2.21e+02)
85      0.324   8.03e-01   1.06e+00   6.74e-01   7.42e+00   7.43e+00 (  1.08e+02,  2.06e+02)
90      0.735   1.67e+00   2.38e+00   1.50e+00   2.65e+01   7.11e+00 (  5.19e+02,  1.90e+02)
95      0.706   1.21e+00   1.72e+00   1.26e+00   6.01e+01   6.83e+00 (  9.43e+02,  1.75e+02)
19 n: 9.266e-05 e: 6.807e-05 i: 1.487e-04 :: e: 1.879e-02 i: 2.996e-02 :: n: 2.909e+01 e:24.264 i:26.327 v:4.993e+03
>>> tau_he = 5.000000, nhe(0)=3.484179e+00
 5   -246.252   6.87e-03   7.55e-01   2.95e-03  -8.85e-02   1.85e-07 (  2.76e+00,  4.44e+01)
10   -228.764   2.72e-02   1.18e-03  -9.41e-03  -3.71e-01   3.30e-06 (  2.02e+01,  9.25e+01)
15   -213.935   1.12e-01  -2.45e-02   3.14e-02  -5.33e+00   4.02e-05 (  8.72e+01,  1.35e+02)
20    -17.147   1.76e-01   1.06e-01   7.39e-02  -5.11e+00   3.73e-04 (  1.40e+02,  1.71e+02)
25     -1.023   2.23e-01   1.44e-01  -1.44e-02  -2.45e+00   2.70e-03 (  1.74e+02,  1.98e+02)
30     -0.134   2.50e-01   1.58e-01  -8.15e-03  -9.11e-01   1.53e-02 (  1.85e+02,  2.19e+02)
35      0.008   2.90e-01   1.90e-01   3.97e-02   6.03e-02   6.85e-02 (  2.00e+02,  2.36e+02)
40      0.103   3.70e-01   3.59e-01   1.85e-01   9.29e-01   2.44e-01 (  2.33e+02,  2.49e+02)
45      0.048   3.30e-01   2.68e-01   2.20e-01   4.11e-01   6.96e-01 (  1.83e+02,  2.60e+02)
50      0.136   3.94e-01   4.27e-01   2.16e-01   1.64e+00   1.60e+00 (  1.92e+02,  2.66e+02)
55      0.147   4.08e-01   5.13e-01   2.51e-01   2.83e+00   3.01e+00 (  1.72e+02,  2.68e+02)
60      0.197   4.86e-01   6.38e-01   3.46e-01   4.72e+00   4.71e+00 (  1.65e+02,  2.65e+02)
65      0.256   6.07e-01   7.65e-01   4.70e-01   6.40e+00   6.26e+00 (  1.60e+02,  2.59e+02)
70      0.301   7.23e-01   8.84e-01   5.52e-01   7.45e+00   7.29e+00 (  1.50e+02,  2.49e+02)
75      0.328   8.03e-01   9.84e-01   6.11e-01   7.93e+00   7.71e+00 (  1.39e+02,  2.36e+02)
80      0.334   8.26e-01   1.05e+00   6.43e-01   7.90e+00   7.68e+00 (  1.24e+02,  2.21e+02)
85      0.325   8.02e-01   1.08e+00   6.88e-01   7.45e+00   7.43e+00 (  1.10e+02,  2.06e+02)
90      0.736   1.67e+00   2.38e+00   1.50e+00   2.65e+01   7.11e+00 (  5.21e+02,  1.90e+02)
95      0.706   1.21e+00   1.72e+00   1.26e+00   6.01e+01   6.83e+00 (  9.43e+02,  1.75e+02)
20 n: 8.349e-05 e: 1.363e-04 i: 1.461e-04 :: e: 2.051e-02 i: 4.078e-02 :: n: 2.904e+01 e:24.470 i:26.460 v:4.993e+03
>>> tau_he = 5.000000, nhe(0)=3.485010e+00
 5   -250.983   6.95e-03   7.59e-01   2.96e-03  -9.00e-02   1.85e-07 (  2.81e+00,  4.44e+01)
10   -236.403   2.74e-02   1.23e-03  -9.48e-03  -3.83e-01   3.30e-06 (  2.05e+01,  9.25e+01)
15   -216.392   1.13e-01  -2.49e-02   3.08e-02  -5.38e+00   4.02e-05 (  8.84e+01,  1.35e+02)
20    -17.370   1.79e-01   1.08e-01   7.65e-02  -5.17e+00   3.73e-04 (  1.42e+02,  1.71e+02)
25     -1.032   2.26e-01   1.48e-01  -1.64e-02  -2.48e+00   2.70e-03 (  1.77e+02,  1.98e+02)
30     -0.138   2.55e-01   1.63e-01  -1.34e-02  -9.36e-01   1.53e-02 (  1.90e+02,  2.19e+02)
35     -0.005   2.97e-01   1.96e-01   4.59e-02  -3.72e-02   6.85e-02 (  2.07e+02,  2.36e+02)
40      0.009   3.01e-01   2.17e-01   9.36e-02   7.81e-02   2.44e-01 (  1.91e+02,  2.49e+02)
45      0.050   3.35e-01   2.73e-01   2.15e-01   4.44e-01   6.96e-01 (  1.89e+02,  2.60e+02)
50      0.134   4.06e-01   4.35e-01   2.20e-01   1.63e+00   1.60e+00 (  2.01e+02,  2.66e+02)
55      0.149   4.18e-01   5.24e-01   2.56e-01   2.87e+00   3.01e+00 (  1.79e+02,  2.68e+02)
60      0.200   4.96e-01   6.51e-01   3.53e-01   4.78e+00   4.71e+00 (  1.72e+02,  2.65e+02)
65      0.259   6.16e-01   7.78e-01   4.78e-01   6.46e+00   6.26e+00 (  1.65e+02,  2.59e+02)
70      0.305   7.31e-01   8.99e-01   5.61e-01   7.52e+00   7.29e+00 (  1.55e+02,  2.49e+02)
75      0.331   8.09e-01   9.98e-01   6.21e-01   7.99e+00   7.71e+00 (  1.43e+02,  2.36e+02)
80      0.336   8.28e-01   1.06e+00   6.53e-01   7.93e+00   7.68e+00 (  1.28e+02,  2.21e+02)
85      0.327   8.04e-01   1.09e+00   6.99e-01   7.49e+00   7.43e+00 (  1.13e+02,  2.06e+02)
90      0.737   1.67e+00   2.39e+00   1.51e+00   2.65e+01   7.11e+00 (  5.24e+02,  1.90e+02)
95      0.706   1.21e+00   1.72e+00   1.26e+00   6.01e+01   6.83e+00 (  9.43e+02,  1.75e+02)
21 n: 5.886e-05 e: 2.789e-05 i: 7.736e-05 :: e: 2.122e-02 i: 3.750e-02 :: n: 2.911e+01 e:24.499 i:26.658 v:4.993e+03
>>> tau_he = 5.000000, nhe(0)=3.513572e+00
 5   -254.649   7.12e-03   7.68e-01   2.97e-03  -9.13e-02   1.85e-07 (  2.88e+00,  4.44e+01)
10   -237.469   2.78e-02   1.49e-03  -9.44e-03  -3.84e-01   3.30e-06 (  2.08e+01,  9.25e+01)
15   -215.991   1.13e-01  -2.57e-02   2.97e-02  -5.37e+00   4.02e-05 (  8.88e+01,  1.35e+02)
20    -17.349   1.80e-01   1.07e-01   7.55e-02  -5.16e+00   3.73e-04 (  1.42e+02,  1.71e+02)
25     -1.022   2.27e-01   1.48e-01  -1.61e-02  -2.48e+00   2.70e-03 (  1.77e+02,  1.98e+02)
30     -0.032   2.46e-01   1.51e-01  -3.46e-02  -2.32e-01   1.53e-02 (  1.84e+02,  2.19e+02)
35      0.013   2.95e-01   1.94e-01   3.56e-02   1.02e-01   6.85e-02 (  2.05e+02,  2.36e+02)
40      0.102   3.78e-01   3.61e-01   1.85e-01   9.28e-01   2.44e-01 (  2.40e+02,  2.49e+02)
45      0.053   3.37e-01   2.74e-01   2.08e-01   4.82e-01   6.96e-01 (  1.91e+02,  2.60e+02)
50      0.134   4.08e-01   4.33e-01   2.20e-01   1.63e+00   1.60e+00 (  2.02e+02,  2.66e+02)
55      0.150   4.20e-01   5.23e-01   2.58e-01   2.86e+00   3.01e+00 (  1.81e+02,  2.68e+02)
60      0.200   4.96e-01   6.52e-01   3.54e-01   4.74e+00   4.71e+00 (  1.73e+02,  2.65e+02)
65      0.258   6.14e-01   7.79e-01   4.78e-01   6.41e+00   6.26e+00 (  1.66e+02,  2.59e+02)
70      0.304   7.29e-01   9.02e-01   5.64e-01   7.49e+00   7.29e+00 (  1.56e+02,  2.49e+02)
75      0.331   8.07e-01   1.00e+00   6.27e-01   7.97e+00   7.71e+00 (  1.44e+02,  2.36e+02)
80      0.336   8.27e-01   1.07e+00   6.62e-01   7.93e+00   7.68e+00 (  1.29e+02,  2.21e+02)
85      0.328   8.03e-01   1.10e+00   7.08e-01   7.51e+00   7.43e+00 (  1.14e+02,  2.06e+02)
90      0.737   1.67e+00   2.39e+00   1.51e+00   2.66e+01   7.11e+00 (  5.25e+02,  1.90e+02)
95      0.706   1.21e+00   1.72e+00   1.26e+00   6.01e+01   6.83e+00 (  9.43e+02,  1.75e+02)
22 n: 5.788e-05 e: 8.015e-05 i: 1.122e-04 :: e: 2.238e-02 i: 4.464e-02 :: n: 2.899e+01 e:24.648 i:26.697 v:4.993e+03
>>> tau_he = 5.000000, nhe(0)=3.493442e+00
 5   -258.639   7.15e-03   7.60e-01   2.81e-03  -9.24e-02   1.85e-07 (  2.90e+00,  4.44e+01)
10   -373.439   2.83e-02   2.83e-02   2.51e-02  -6.02e-01   3.30e-06 (  2.12e+01,  9.25e+01)
15   -218.795   1.20e-01  -2.60e-02   3.00e-02  -5.42e+00   4.02e-05 (  9.39e+01,  1.35e+02)
20    -17.480   1.82e-01   1.09e-01   7.92e-02  -5.18e+00   3.73e-04 (  1.43e+02,  1.71e+02)
25     -1.027   2.23e-01   1.51e-01  -1.34e-02  -2.49e+00   2.70e-03 (  1.73e+02,  1.98e+02)
30      0.029   3.83e-01   3.26e-01   1.12e-01   2.00e-01   1.53e-02 (  2.87e+02,  2.19e+02)
35     -0.011   3.04e-01   2.01e-01   4.76e-02  -7.62e-02   6.85e-02 (  2.12e+02,  2.36e+02)
40     -0.001   3.07e-01   2.17e-01   9.44e-02  -1.24e-02   2.44e-01 (  1.95e+02,  2.49e+02)
45      0.054   3.41e-01   2.78e-01   2.05e-01   4.97e-01   6.96e-01 (  1.96e+02,  2.60e+02)
50      0.135   4.14e-01   4.40e-01   2.23e-01   1.64e+00   1.60e+00 (  2.07e+02,  2.66e+02)
55      0.151   4.26e-01   5.31e-01   2.62e-01   2.88e+00   3.01e+00 (  1.86e+02,  2.68e+02)
60      0.202   5.03e-01   6.61e-01   3.59e-01   4.76e+00   4.71e+00 (  1.77e+02,  2.65e+02)
65      0.260   6.20e-01   7.88e-01   4.83e-01   6.43e+00   6.26e+00 (  1.70e+02,  2.59e+02)
70      0.306   7.34e-01   9.12e-01   5.71e-01   7.52e+00   7.29e+00 (  1.59e+02,  2.49e+02)
75      0.333   8.10e-01   1.01e+00   6.33e-01   7.99e+00   7.71e+00 (  1.47e+02,  2.36e+02)
80      0.337   8.31e-01   1.08e+00   6.68e-01   7.93e+00   7.68e+00 (  1.32e+02,  2.21e+02)
85      0.325   7.97e-01   1.10e+00   7.08e-01   7.46e+00   7.43e+00 (  1.15e+02,  2.06e+02)
90      0.737   1.68e+00   2.39e+00   1.51e+00   2.66e+01   7.11e+00 (  5.28e+02,  1.90e+02)
95      0.706   1.21e+00   1.72e+00   1.26e+00   6.01e+01   6.83e+00 (  9.43e+02,  1.75e+02)
23 n: 5.348e-05 e: 1.493e-04 i: 3.710e-04 :: e: 3.474e-02 i: 5.345e-02 :: n: 2.908e+01 e:24.561 i:26.735 v:4.993e+03
>>> tau_he = 5.000000, nhe(0)=3.513611e+00
 5   -256.586   7.20e-03   7.70e-01   2.99e-03  -9.23e-02   1.85e-07 (  2.93e+00,  4.44e+01)
10   -207.509   2.89e-02   1.62e-02  -7.89e-03  -3.36e-01   3.30e-06 (  2.17e+01,  9.25e+01)
15   -216.093   1.20e-01  -2.64e-02   2.94e-02  -5.37e+00   4.02e-05 (  9.31e+01,  1.35e+02)
20    -17.249   1.81e-01   1.08e-01   7.75e-02  -5.14e+00   3.73e-04 (  1.42e+02,  1.71e+02)
25     -0.996   2.21e-01   1.49e-01  -8.77e-03  -2.44e+00   2.70e-03 (  1.70e+02,  1.98e+02)
30     -0.044   2.45e-01   1.51e-01  -1.46e-02  -3.05e-01   1.53e-02 (  1.79e+02,  2.19e+02)
35      0.019   2.96e-01   1.94e-01   3.24e-02   1.54e-01   6.85e-02 (  2.06e+02,  2.36e+02)
40      0.104   3.80e-01   3.60e-01   1.80e-01   9.66e-01   2.44e-01 (  2.42e+02,  2.49e+02)
45      0.058   3.40e-01   2.78e-01   2.00e-01   5.36e-01   6.96e-01 (  1.95e+02,  2.60e+02)
50      0.135   4.14e-01   4.37e-01   2.22e-01   1.64e+00   1.60e+00 (  2.07e+02,  2.66e+02)
55      0.151   4.26e-01   5.28e-01   2.61e-01   2.86e+00   3.01e+00 (  1.85e+02,  2.68e+02)
60      0.201   5.00e-01   6.57e-01   3.56e-01   4.70e+00   4.71e+00 (  1.76e+02,  2.65e+02)
65      0.258   6.15e-01   7.86e-01   4.81e-01   6.36e+00   6.26e+00 (  1.68e+02,  2.59e+02)
70      0.305   7.30e-01   9.11e-01   5.71e-01   7.46e+00   7.29e+00 (  1.59e+02,  2.49e+02)
75      0.332   8.06e-01   1.01e+00   6.36e-01   7.94e+00   7.71e+00 (  1.46e+02,  2.36e+02)
80      0.337   8.29e-01   1.08e+00   6.74e-01   7.91e+00   7.68e+00 (  1.33e+02,  2.21e+02)
85      0.327   8.03e-01   1.11e+00   7.16e-01   7.48e+00   7.43e+00 (  1.17e+02,  2.06e+02)
90      0.738   1.68e+00   2.39e+00   1.52e+00   2.66e+01   7.11e+00 (  5.28e+02,  1.90e+02)
95      0.706   1.21e+00   1.72e+00   1.26e+00   6.01e+01   6.83e+00 (  9.43e+02,  1.75e+02)
24 n: 3.763e-05 e: 4.609e-05 i: 1.113e-04 :: e: 2.187e-02 i: 4.400e-02 :: n: 2.896e+01 e:24.635 i:26.650 v:4.993e+03
>>> tau_he = 5.000000, nhe(0)=3.483695e+00
 5   -257.194   7.13e-03   7.60e-01   2.81e-03  -9.22e-02   1.85e-07 (  2.89e+00,  4.44e+01)
10   -239.531   2.78e-02   1.38e-03  -9.42e-03  -3.87e-01   3.30e-06 (  2.08e+01,  9.25e+01)
15   -219.554   1.19e-01  -2.52e-02   2.98e-02  -5.44e+00   4.02e-05 (  9.20e+01,  1.35e+02)
20    -17.252   1.81e-01   1.09e-01   8.13e-02  -5.12e+00   3.73e-04 (  1.41e+02,  1.71e+02)
25     -0.985   2.22e-01   1.54e-01  -5.45e-03  -2.41e+00   2.70e-03 (  1.71e+02,  1.98e+02)
30     -0.057   2.49e-01   1.56e-01  -1.48e-02  -3.76e-01   1.53e-02 (  1.83e+02,  2.19e+02)
35     -0.003   3.02e-01   2.00e-01   4.57e-02  -2.25e-02   6.85e-02 (  2.10e+02,  2.36e+02)
40      0.001   3.07e-01   2.17e-01   9.31e-02   1.04e-02   2.44e-01 (  1.95e+02,  2.49e+02)
45      0.057   3.43e-01   2.81e-01   2.00e-01   5.39e-01   6.96e-01 (  1.98e+02,  2.60e+02)
50      0.135   4.18e-01   4.42e-01   2.25e-01   1.64e+00   1.60e+00 (  2.10e+02,  2.66e+02)
55      0.151   4.31e-01   5.34e-01   2.64e-01   2.86e+00   3.01e+00 (  1.89e+02,  2.68e+02)
60      0.201   5.05e-01   6.64e-01   3.60e-01   4.71e+00   4.71e+00 (  1.80e+02,  2.65e+02)
65      0.260   6.20e-01   7.92e-01   4.86e-01   6.38e+00   6.26e+00 (  1.71e+02,  2.59e+02)
70      0.306   7.34e-01   9.18e-01   5.76e-01   7.48e+00   7.29e+00 (  1.61e+02,  2.49e+02)
75      0.332   8.08e-01   1.02e+00   6.40e-01   7.95e+00   7.71e+00 (  1.48e+02,  2.36e+02)
80      0.337   8.30e-01   1.08e+00   6.77e-01   7.89e+00   7.68e+00 (  1.34e+02,  2.21e+02)
85      0.327   8.03e-01   1.11e+00   7.19e-01   7.48e+00   7.43e+00 (  1.19e+02,  2.06e+02)
90      0.738   1.68e+00   2.39e+00   1.52e+00   2.66e+01   7.11e+00 (  5.30e+02,  1.90e+02)
95      0.706   1.21e+00   1.72e+00   1.26e+00   6.01e+01   6.83e+00 (  9.43e+02,  1.75e+02)
25 n: 3.268e-05 e: 2.467e-05 i: 2.967e-05 :: e: 1.921e-02 i: 3.812e-02 :: n: 2.904e+01 e:24.521 i:26.732 v:4.993e+03
>>> tau_he = 5.000000, nhe(0)=3.505049e+00
 5   -256.095   7.18e-03   7.72e-01   2.99e-03  -9.19e-02   1.85e-07 (  2.91e+00,  4.44e+01)
10   -235.724   2.78e-02   1.55e-03  -9.38e-03  -3.81e-01   3.30e-06 (  2.07e+01,  9.25e+01)
15   -216.689   1.18e-01  -2.59e-02   2.93e-02  -5.37e+00   4.02e-05 (  9.07e+01,  1.35e+02)
20    -17.047   1.80e-01   1.07e-01   7.93e-02  -5.06e+00   3.73e-04 (  1.40e+02,  1.71e+02)
25     -0.969   2.20e-01   1.52e-01  -1.31e-03  -2.39e+00   2.70e-03 (  1.69e+02,  1.98e+02)
30     -0.033   2.45e-01   1.53e-01  -2.17e-02  -2.34e-01   1.53e-02 (  1.80e+02,  2.19e+02)
35      0.018   2.95e-01   1.95e-01   3.48e-02   1.50e-01   6.85e-02 (  2.04e+02,  2.36e+02)
40      0.103   3.80e-01   3.59e-01   1.80e-01   9.58e-01   2.44e-01 (  2.40e+02,  2.49e+02)
45      0.060   3.41e-01   2.80e-01   1.98e-01   5.62e-01   6.96e-01 (  1.96e+02,  2.60e+02)
50      0.134   4.15e-01   4.36e-01   2.23e-01   1.62e+00   1.60e+00 (  2.07e+02,  2.66e+02)
55      0.150   4.28e-01   5.26e-01   2.62e-01   2.82e+00   3.01e+00 (  1.86e+02,  2.68e+02)
60      0.199   5.00e-01   6.56e-01   3.56e-01   4.63e+00   4.71e+00 (  1.76e+02,  2.65e+02)
65      0.257   6.13e-01   7.85e-01   4.82e-01   6.28e+00   6.26e+00 (  1.69e+02,  2.59e+02)
70      0.304   7.27e-01   9.12e-01   5.73e-01   7.40e+00   7.29e+00 (  1.59e+02,  2.49e+02)
75      0.331   8.03e-01   1.02e+00   6.39e-01   7.89e+00   7.71e+00 (  1.47e+02,  2.36e+02)
80      0.336   8.26e-01   1.08e+00   6.78e-01   7.86e+00   7.68e+00 (  1.33e+02,  2.21e+02)
85      0.327   8.03e-01   1.11e+00   7.23e-01   7.49e+00   7.43e+00 (  1.19e+02,  2.06e+02)
90      0.738   1.68e+00   2.40e+00   1.52e+00   2.66e+01   7.11e+00 (  5.30e+02,  1.90e+02)
95      0.706   1.21e+00   1.72e+00   1.26e+00   6.01e+01   6.83e+00 (  9.43e+02,  1.75e+02)
26 n: 2.223e-05 e: 3.309e-05 i: 9.852e-05 :: e: 1.739e-02 i: 3.642e-02 :: n: 2.892e+01 e:24.611 i:26.645 v:4.993e+03
>>> tau_he = 5.000000, nhe(0)=3.475503e+00
 5   -257.519   7.13e-03   7.59e-01   2.82e-03  -9.21e-02   1.85e-07 (  2.89e+00,  4.44e+01)
10   -240.833   2.78e-02   1.32e-03  -9.44e-03  -3.88e-01   3.30e-06 (  2.07e+01,  9.25e+01)
15   -217.690   1.18e-01  -2.59e-02   3.01e-02  -5.39e+00   4.02e-05 (  9.03e+01,  1.35e+02)
20    -17.120   1.81e-01   1.08e-01   8.28e-02  -5.07e+00   3.73e-04 (  1.39e+02,  1.71e+02)
25     -0.971   2.22e-01   1.54e-01  -1.92e-03  -2.39e+00   2.70e-03 (  1.70e+02,  1.98e+02)
30     -0.048   2.50e-01   1.58e-01  -2.28e-02  -3.25e-01   1.53e-02 (  1.84e+02,  2.19e+02)
35     -0.004   3.02e-01   2.01e-01   4.84e-02  -3.17e-02   6.85e-02 (  2.09e+02,  2.36e+02)
40      0.000   3.06e-01   2.16e-01   9.48e-02   2.39e-03   2.44e-01 (  1.94e+02,  2.49e+02)
45      0.059   3.43e-01   2.83e-01   1.99e-01   5.58e-01   6.96e-01 (  1.98e+02,  2.60e+02)
50      0.134   4.17e-01   4.41e-01   2.25e-01   1.62e+00   1.60e+00 (  2.09e+02,  2.66e+02)
55      0.150   4.31e-01   5.31e-01   2.65e-01   2.81e+00   3.01e+00 (  1.88e+02,  2.68e+02)
60      0.200   5.04e-01   6.61e-01   3.56e-01   4.63e+00   4.71e+00 (  1.79e+02,  2.65e+02)
65      0.258   6.17e-01   7.90e-01   4.85e-01   6.30e+00   6.26e+00 (  1.71e+02,  2.59e+02)
70      0.305   7.31e-01   9.17e-01   5.76e-01   7.42e+00   7.29e+00 (  1.61e+02,  2.49e+02)
75      0.331   8.05e-01   1.02e+00   6.40e-01   7.89e+00   7.71e+00 (  1.48e+02,  2.36e+02)
80      0.335   8.26e-01   1.08e+00   6.78e-01   7.84e+00   7.68e+00 (  1.34e+02,  2.21e+02)
85      0.327   8.03e-01   1.11e+00   7.22e-01   7.48e+00   7.43e+00 (  1.20e+02,  2.06e+02)
90      0.738   1.68e+00   2.40e+00   1.52e+00   2.66e+01   7.11e+00 (  5.31e+02,  1.90e+02)
95      0.706   1.21e+00   1.72e+00   1.26e+00   6.01e+01   6.83e+00 (  9.43e+02,  1.75e+02)
27 n: 2.091e-05 e: 3.199e-05 i: 2.529e-05 :: e: 1.584e-02 i: 3.153e-02 :: n: 2.901e+01 e:24.478 i:26.718 v:4.993e+03
>>> tau_he = 5.000000, nhe(0)=3.498185e+00
 5   -256.351   7.19e-03   7.69e-01   2.99e-03  -9.18e-02   1.85e-07 (  2.91e+00,  4.44e+01)
10   -237.644   2.79e-02   1.46e-03  -9.40e-03  -3.83e-01   3.30e-06 (  2.08e+01,  9.25e+01)
15   -215.100   1.17e-01  -2.62e-02   2.95e-02  -5.32e+00   4.02e-05 (  8.94e+01,  1.35e+02)
20    -16.915   1.80e-01   1.06e-01   8.03e-02  -5.01e+00   3.73e-04 (  1.38e+02,  1.71e+02)
25     -0.955   2.20e-01   1.52e-01   8.76e-04  -2.37e+00   2.70e-03 (  1.68e+02,  1.98e+02)
30     -0.025   2.46e-01   1.54e-01  -2.88e-02  -1.82e-01   1.53e-02 (  1.81e+02,  2.19e+02)
35      0.018   2.95e-01   1.96e-01   3.70e-02   1.42e-01   6.85e-02 (  2.03e+02,  2.36e+02)
40      0.097   3.79e-01   3.57e-01   1.80e-01   9.02e-01   2.44e-01 (  2.39e+02,  2.49e+02)
45      0.061   3.40e-01   2.81e-01   1.97e-01   5.77e-01   6.96e-01 (  1.95e+02,  2.60e+02)
50      0.133   4.13e-01   4.34e-01   2.23e-01   1.60e+00   1.60e+00 (  2.05e+02,  2.66e+02)
55      0.146   4.21e-01   5.11e-01   2.55e-01   2.73e+00   3.01e+00 (  1.82e+02,  2.68e+02)
60      0.197   4.97e-01   6.52e-01   3.51e-01   4.55e+00   4.71e+00 (  1.75e+02,  2.65e+02)
65      0.255   6.09e-01   7.82e-01   4.80e-01   6.21e+00   6.26e+00 (  1.67e+02,  2.59e+02)
70      0.302   7.23e-01   9.09e-01   5.71e-01   7.34e+00   7.29e+00 (  1.58e+02,  2.49e+02)
75      0.329   7.99e-01   1.01e+00   6.38e-01   7.83e+00   7.71e+00 (  1.46e+02,  2.36e+02)
80      0.334   8.22e-01   1.08e+00   6.78e-01   7.80e+00   7.68e+00 (  1.33e+02,  2.21e+02)
85      0.327   8.02e-01   1.11e+00   7.23e-01   7.48e+00   7.43e+00 (  1.19e+02,  2.06e+02)
90      0.739   1.67e+00   2.40e+00   1.52e+00   2.66e+01   7.11e+00 (  5.30e+02,  1.90e+02)
95      0.706   1.21e+00   1.72e+00   1.26e+00   6.01e+01   6.83e+00 (  9.43e+02,  1.75e+02)
28 n: 1.540e-05 e: 2.527e-05 i: 8.743e-05 :: e: 1.284e-02 i: 2.728e-02 :: n: 2.890e+01 e:24.566 i:26.606 v:4.993e+03
>>> tau_he = 5.000000, nhe(0)=3.468330e+00
 5   -256.367   7.09e-03   7.61e-01   2.98e-03  -9.15e-02   1.85e-07 (  2.87e+00,  4.44e+01)
10   -242.891   2.79e-02   1.21e-03  -9.45e-03  -3.91e-01   3.30e-06 (  2.08e+01,  9.25e+01)
15   -216.370   1.17e-01  -2.61e-02   3.04e-02  -5.35e+00   4.02e-05 (  8.91e+01,  1.35e+02)
20    -17.002   1.80e-01   1.08e-01   8.36e-02  -5.03e+00   3.73e-04 (  1.38e+02,  1.71e+02)
25     -0.959   2.21e-01   1.54e-01  -2.70e-04  -2.37e+00   2.70e-03 (  1.69e+02,  1.98e+02)
30     -0.041   2.50e-01   1.59e-01  -2.85e-02  -2.86e-01   1.53e-02 (  1.84e+02,  2.19e+02)
35     -0.048   2.94e-01   2.08e-01   5.11e-02  -3.46e-01   6.85e-02 (  2.03e+02,  2.36e+02)
40     -0.000   3.04e-01   2.15e-01   9.63e-02  -3.18e-03   2.44e-01 (  1.92e+02,  2.49e+02)
45      0.060   3.42e-01   2.84e-01   1.99e-01   5.67e-01   6.96e-01 (  1.97e+02,  2.60e+02)
50      0.133   4.16e-01   4.39e-01   2.25e-01   1.60e+00   1.60e+00 (  2.07e+02,  2.66e+02)
55      0.149   4.30e-01   5.29e-01   2.63e-01   2.78e+00   3.01e+00 (  1.87e+02,  2.68e+02)
60      0.198   5.02e-01   6.57e-01   3.57e-01   4.57e+00   4.71e+00 (  1.77e+02,  2.65e+02)
65      0.256   6.14e-01   7.86e-01   4.83e-01   6.24e+00   6.26e+00 (  1.69e+02,  2.59e+02)
70      0.303   7.27e-01   9.13e-01   5.74e-01   7.37e+00   7.29e+00 (  1.60e+02,  2.49e+02)
75      0.330   8.01e-01   1.01e+00   6.38e-01   7.84e+00   7.71e+00 (  1.47e+02,  2.36e+02)
80      0.334   8.22e-01   1.08e+00   6.76e-01   7.79e+00   7.68e+00 (  1.34e+02,  2.21e+02)
85      0.326   8.01e-01   1.11e+00   7.20e-01   7.46e+00   7.43e+00 (  1.19e+02,  2.06e+02)
90      0.738   1.67e+00   2.40e+00   1.52e+00   2.66e+01   7.11e+00 (  5.30e+02,  1.90e+02)
95      0.706   1.21e+00   1.72e+00   1.26e+00   6.01e+01   6.83e+00 (  9.43e+02,  1.75e+02)
29 n: 1.554e-05 e: 3.718e-05 i: 2.548e-05 :: e: 1.198e-02 i: 2.550e-02 :: n: 2.899e+01 e:24.421 i:26.668 v:4.993e+03
>>> tau_he = 5.000000, nhe(0)=3.491727e+00
 5   -255.986   7.17e-03   7.64e-01   2.99e-03  -9.14e-02   1.85e-07 (  2.90e+00,  4.44e+01)
10   -239.240   2.80e-02   1.35e-03  -9.42e-03  -3.85e-01   3.30e-06 (  2.08e+01,  9.25e+01)
15   -213.759   1.16e-01  -2.63e-02   2.97e-02  -5.28e+00   4.02e-05 (  8.82e+01,  1.35e+02)
20    -16.790   1.79e-01   1.05e-01   8.08e-02  -4.97e+00   3.73e-04 (  1.36e+02,  1.71e+02)
25     -0.939   2.19e-01   1.51e-01  -8.64e-04  -2.34e+00   2.70e-03 (  1.67e+02,  1.98e+02)
30     -0.019   2.45e-01   1.55e-01  -3.35e-02  -1.41e-01   1.53e-02 (  1.80e+02,  2.19e+02)
35      0.016   2.94e-01   1.96e-01   3.91e-02   1.24e-01   6.85e-02 (  2.02e+02,  2.36e+02)
40      0.014   2.99e-01   2.13e-01   8.76e-02   1.28e-01   2.44e-01 (  1.87e+02,  2.49e+02)
45      0.061   3.39e-01   2.81e-01   1.97e-01   5.84e-01   6.96e-01 (  1.94e+02,  2.60e+02)
50      0.132   4.11e-01   4.31e-01   2.23e-01   1.59e+00   1.60e+00 (  2.02e+02,  2.66e+02)
55      0.148   4.24e-01   5.20e-01   2.61e-01   2.75e+00   3.01e+00 (  1.82e+02,  2.68e+02)
60      0.196   4.94e-01   6.48e-01   3.49e-01   4.50e+00   4.71e+00 (  1.73e+02,  2.65e+02)
65      0.253   6.06e-01   7.77e-01   4.78e-01   6.16e+00   6.26e+00 (  1.65e+02,  2.59e+02)
70      0.301   7.20e-01   9.04e-01   5.69e-01   7.29e+00   7.29e+00 (  1.57e+02,  2.49e+02)
75      0.328   7.96e-01   1.01e+00   6.35e-01   7.79e+00   7.71e+00 (  1.45e+02,  2.36e+02)
80      0.333   8.19e-01   1.07e+00   6.74e-01   7.76e+00   7.68e+00 (  1.32e+02,  2.21e+02)
85      0.326   8.01e-01   1.11e+00   7.20e-01   7.47e+00   7.43e+00 (  1.18e+02,  2.06e+02)
90      0.738   1.67e+00   2.40e+00   1.52e+00   2.66e+01   7.11e+00 (  5.29e+02,  1.90e+02)
95      0.706   1.21e+00   1.72e+00   1.26e+00   6.01e+01   6.83e+00 (  9.43e+02,  1.75e+02)
30 n: 2.196e-06 e: 2.779e-05 i: 3.788e-05 :: e: 1.035e-02 i: 1.805e-02 :: n: 2.893e+01 e:24.522 i:26.573 v:4.993e+03
>>> tau_he = 5.000000, nhe(0)=3.472715e+00
 5   -256.332   7.08e-03   7.60e-01   2.98e-03  -9.13e-02   1.85e-07 (  2.87e+00,  4.44e+01)
10   -242.489   2.78e-02   1.20e-03  -9.46e-03  -3.90e-01   3.30e-06 (  2.07e+01,  9.25e+01)
15   -215.028   1.16e-01  -2.66e-02   3.04e-02  -5.31e+00   4.02e-05 (  8.80e+01,  1.35e+02)
20    -16.910   1.79e-01   1.06e-01   8.36e-02  -4.99e+00   3.73e-04 (  1.37e+02,  1.71e+02)
25     -0.955   2.20e-01   1.53e-01   6.04e-03  -2.37e+00   2.70e-03 (  1.67e+02,  1.98e+02)
30     -0.038   2.50e-01   1.58e-01  -3.10e-02  -2.66e-01   1.53e-02 (  1.84e+02,  2.19e+02)
35      0.002   3.00e-01   2.01e-01   4.68e-02   1.42e-02   6.85e-02 (  2.07e+02,  2.36e+02)
40      0.097   3.80e-01   3.62e-01   1.82e-01   9.06e-01   2.44e-01 (  2.41e+02,  2.49e+02)
45      0.061   3.42e-01   2.86e-01   2.01e-01   5.77e-01   6.96e-01 (  1.97e+02,  2.60e+02)
50      0.132   4.13e-01   4.36e-01   2.25e-01   1.57e+00   1.60e+00 (  2.04e+02,  2.66e+02)
55      0.147   4.27e-01   5.25e-01   2.62e-01   2.74e+00   3.01e+00 (  1.84e+02,  2.68e+02)
60      0.196   4.98e-01   6.52e-01   3.55e-01   4.51e+00   4.71e+00 (  1.75e+02,  2.65e+02)
65      0.254   6.10e-01   7.81e-01   4.81e-01   6.18e+00   6.26e+00 (  1.67e+02,  2.59e+02)
70      0.302   7.24e-01   9.08e-01   5.71e-01   7.32e+00   7.29e+00 (  1.58e+02,  2.49e+02)
75      0.328   7.98e-01   1.01e+00   6.35e-01   7.79e+00   7.71e+00 (  1.46e+02,  2.36e+02)
80      0.332   8.19e-01   1.07e+00   6.72e-01   7.74e+00   7.68e+00 (  1.33e+02,  2.21e+02)
85      0.325   8.00e-01   1.11e+00   7.15e-01   7.44e+00   7.43e+00 (  1.19e+02,  2.06e+02)
90      0.738   1.67e+00   2.39e+00   1.52e+00   2.66e+01   7.11e+00 (  5.30e+02,  1.90e+02)
95      0.706   1.21e+00   1.72e+00   1.26e+00   6.01e+01   6.83e+00 (  9.43e+02,  1.75e+02)
31 n: 1.161e-05 e: 4.169e-05 i: 8.321e-05 :: e: 1.201e-02 i: 2.215e-02 :: n: 2.894e+01 e:24.395 i:26.617 v:4.993e+03
>>> tau_he = 5.000000, nhe(0)=3.476567e+00
 5   -255.654   7.13e-03   7.58e-01   2.98e-03  -9.11e-02   1.85e-07 (  2.88e+00,  4.44e+01)
10   -241.494   2.80e-02   1.21e-03  -9.45e-03  -3.88e-01   3.30e-06 (  2.08e+01,  9.25e+01)
15   -213.108   1.15e-01  -2.63e-02   3.02e-02  -5.26e+00   4.02e-05 (  8.72e+01,  1.35e+02)
20    -16.722   1.78e-01   1.05e-01   8.20e-02  -4.94e+00   3.73e-04 (  1.35e+02,  1.71e+02)
25     -0.933   2.19e-01   1.52e-01   1.43e-03  -2.32e+00   2.70e-03 (  1.66e+02,  1.98e+02)
30     -0.020   2.47e-01   1.56e-01  -3.57e-02  -1.49e-01   1.53e-02 (  1.81e+02,  2.19e+02)
35      0.004   2.97e-01   1.98e-01   4.66e-02   2.74e-02   6.85e-02 (  2.03e+02,  2.36e+02)
40      0.003   3.01e-01   2.13e-01   9.41e-02   2.89e-02   2.44e-01 (  1.88e+02,  2.49e+02)
45      0.061   3.39e-01   2.81e-01   1.97e-01   5.82e-01   6.96e-01 (  1.94e+02,  2.60e+02)
50      0.131   4.10e-01   4.30e-01   2.22e-01   1.58e+00   1.60e+00 (  2.01e+02,  2.66e+02)
55      0.147   4.22e-01   5.18e-01   2.60e-01   2.73e+00   3.01e+00 (  1.81e+02,  2.68e+02)
60      0.195   4.92e-01   6.46e-01   3.48e-01   4.48e+00   4.71e+00 (  1.72e+02,  2.65e+02)
65      0.252   6.04e-01   7.74e-01   4.76e-01   6.14e+00   6.26e+00 (  1.64e+02,  2.59e+02)
70      0.300   7.19e-01   9.01e-01   5.67e-01   7.28e+00   7.29e+00 (  1.56e+02,  2.49e+02)
75      0.327   7.95e-01   1.00e+00   6.32e-01   7.77e+00   7.71e+00 (  1.44e+02,  2.36e+02)
80      0.332   8.18e-01   1.07e+00   6.71e-01   7.75e+00   7.68e+00 (  1.32e+02,  2.21e+02)
85      0.326   8.01e-01   1.11e+00   7.17e-01   7.46e+00   7.43e+00 (  1.18e+02,  2.06e+02)
90      0.738   1.67e+00   2.39e+00   1.52e+00   2.66e+01   7.11e+00 (  5.29e+02,  1.90e+02)
95      0.706   1.21e+00   1.72e+00   1.26e+00   6.01e+01   6.83e+00 (  9.43e+02,  1.75e+02)
32 n: 7.507e-06 e: 9.003e-06 i: 3.070e-05 :: e: 9.558e-03 i: 1.391e-02 :: n: 2.900e+01 e:24.452 i:26.538 v:4.993e+03
>>> tau_he = 5.000000, nhe(0)=3.482125e+00
 5   -255.667   7.09e-03   7.57e-01   2.97e-03  -9.11e-02   1.85e-07 (  2.88e+00,  4.44e+01)
10   -242.577   2.79e-02   1.19e-03  -9.47e-03  -3.90e-01   3.30e-06 (  2.08e+01,  9.25e+01)
15   -213.772   1.15e-01  -2.67e-02   3.01e-02  -5.28e+00   4.02e-05 (  8.74e+01,  1.35e+02)
20    -16.789   1.78e-01   1.05e-01   8.26e-02  -4.96e+00   3.73e-04 (  1.36e+02,  1.71e+02)
25     -0.937   2.19e-01   1.52e-01   9.01e-05  -2.34e+00   2.70e-03 (  1.67e+02,  1.98e+02)
30      0.084   3.71e-01   3.18e-01   1.00e-01   6.37e-01   1.53e-02 (  2.74e+02,  2.19e+02)
35      0.014   2.95e-01   1.99e-01   4.25e-02   1.07e-01   6.85e-02 (  2.03e+02,  2.36e+02)
40      0.095   3.78e-01   3.58e-01   1.82e-01   8.82e-01   2.44e-01 (  2.38e+02,  2.49e+02)
45      0.061   3.40e-01   2.85e-01   2.01e-01   5.85e-01   6.96e-01 (  1.95e+02,  2.60e+02)
50      0.131   4.10e-01   4.33e-01   2.24e-01   1.57e+00   1.60e+00 (  2.02e+02,  2.66e+02)
55      0.146   4.24e-01   5.22e-01   2.60e-01   2.72e+00   3.01e+00 (  1.82e+02,  2.68e+02)
60      0.195   4.95e-01   6.49e-01   3.53e-01   4.49e+00   4.71e+00 (  1.73e+02,  2.65e+02)
65      0.253   6.08e-01   7.78e-01   4.79e-01   6.16e+00   6.26e+00 (  1.66e+02,  2.59e+02)
70      0.301   7.22e-01   9.04e-01   5.68e-01   7.30e+00   7.29e+00 (  1.57e+02,  2.49e+02)
75      0.327   7.97e-01   1.01e+00   6.32e-01   7.78e+00   7.71e+00 (  1.45e+02,  2.36e+02)
80      0.331   8.18e-01   1.07e+00   6.69e-01   7.73e+00   7.68e+00 (  1.32e+02,  2.21e+02)
85      0.325   8.00e-01   1.10e+00   7.12e-01   7.44e+00   7.43e+00 (  1.18e+02,  2.06e+02)
90      0.738   1.67e+00   2.39e+00   1.52e+00   2.66e+01   7.11e+00 (  5.29e+02,  1.90e+02)
95      0.706   1.21e+00   1.72e+00   1.26e+00   6.01e+01   6.83e+00 (  9.43e+02,  1.75e+02)
33 n: 1.395e-05 e: 8.737e-05 i: 2.045e-04 :: e: 2.076e-02 i: 2.867e-02 :: n: 2.891e+01 e:24.343 i:26.478 v:4.993e+03
>>> tau_he = 5.000000, nhe(0)=3.460606e+00
 5   -252.849   7.06e-03   7.44e-01   2.96e-03  -9.05e-02   1.85e-07 (  2.86e+00,  4.44e+01)
10   -379.268   2.85e-02   2.77e-02   2.53e-02  -6.11e-01   3.30e-06 (  2.11e+01,  9.25e+01)
15   -212.481   1.15e-01  -2.55e-02   3.06e-02  -5.25e+00   4.02e-05 (  8.69e+01,  1.35e+02)
20    -16.575   1.77e-01   1.06e-01   8.26e-02  -4.91e+00   3.73e-04 (  1.34e+02,  1.71e+02)
25     -0.915   2.16e-01   1.52e-01   1.02e-02  -2.29e+00   2.70e-03 (  1.63e+02,  1.98e+02)
30     -0.046   2.45e-01   1.54e-01  -1.17e-02  -3.10e-01   1.53e-02 (  1.76e+02,  2.19e+02)
35     -0.000   2.96e-01   1.97e-01   4.91e-02  -6.73e-04   6.85e-02 (  2.02e+02,  2.36e+02)
40      0.002   3.01e-01   2.12e-01   9.51e-02   1.67e-02   2.44e-01 (  1.88e+02,  2.49e+02)
45      0.061   3.38e-01   2.81e-01   1.96e-01   5.86e-01   6.96e-01 (  1.94e+02,  2.60e+02)
50      0.131   4.08e-01   4.29e-01   2.22e-01   1.57e+00   1.60e+00 (  2.00e+02,  2.66e+02)
55      0.146   4.20e-01   5.17e-01   2.59e-01   2.73e+00   3.01e+00 (  1.80e+02,  2.68e+02)
60      0.194   4.91e-01   6.45e-01   3.48e-01   4.48e+00   4.71e+00 (  1.71e+02,  2.65e+02)
65      0.252   6.04e-01   7.73e-01   4.76e-01   6.14e+00   6.26e+00 (  1.64e+02,  2.59e+02)
70      0.300   7.19e-01   9.00e-01   5.66e-01   7.28e+00   7.29e+00 (  1.55e+02,  2.49e+02)
75      0.327   7.95e-01   1.00e+00   6.31e-01   7.77e+00   7.71e+00 (  1.44e+02,  2.36e+02)
80      0.332   8.18e-01   1.07e+00   6.69e-01   7.75e+00   7.68e+00 (  1.31e+02,  2.21e+02)
85      0.326   8.02e-01   1.11e+00   7.14e-01   7.47e+00   7.43e+00 (  1.18e+02,  2.06e+02)
90      0.739   1.67e+00   2.39e+00   1.52e+00   2.66e+01   7.11e+00 (  5.28e+02,  1.90e+02)
95      0.706   1.21e+00   1.72e+00   1.26e+00   6.01e+01   6.83e+00 (  9.43e+02,  1.75e+02)
34 n: 9.771e-06 e: 5.245e-06 i: 3.304e-05 :: e: 1.019e-02 i: 1.484e-02 :: n: 2.901e+01 e:24.321 i:26.382 v:4.993e+03
>>> tau_he = 5.000000, nhe(0)=3.473250e+00
 5   -251.067   7.00e-03   7.49e-01   2.96e-03  -9.00e-02   1.85e-07 (  2.84e+00,  4.44e+01)
10   -237.247   2.78e-02   1.06e-03  -9.43e-03  -3.83e-01   3.30e-06 (  2.07e+01,  9.25e+01)
15   -211.233   1.13e-01  -2.66e-02   3.05e-02  -5.22e+00   4.02e-05 (  8.58e+01,  1.35e+02)
20    -16.519   1.76e-01   1.05e-01   8.21e-02  -4.90e+00   3.73e-04 (  1.34e+02,  1.71e+02)
25     -0.907   2.15e-01   1.50e-01   9.68e-03  -2.28e+00   2.70e-03 (  1.62e+02,  1.98e+02)
30     -0.025   2.40e-01   1.52e-01  -1.80e-02  -1.80e-01   1.53e-02 (  1.74e+02,  2.19e+02)
35      0.019   2.90e-01   1.95e-01   4.05e-02   1.57e-01   6.85e-02 (  1.97e+02,  2.36e+02)
40      0.095   3.75e-01   3.54e-01   1.80e-01   8.85e-01   2.44e-01 (  2.34e+02,  2.49e+02)
45      0.067   3.38e-01   2.85e-01   1.96e-01   6.42e-01   6.96e-01 (  1.94e+02,  2.60e+02)
50      0.130   4.08e-01   4.30e-01   2.23e-01   1.57e+00   1.60e+00 (  2.00e+02,  2.66e+02)
55      0.146   4.21e-01   5.19e-01   2.59e-01   2.72e+00   3.01e+00 (  1.80e+02,  2.68e+02)
60      0.194   4.93e-01   6.47e-01   3.49e-01   4.48e+00   4.71e+00 (  1.72e+02,  2.65e+02)
65      0.253   6.06e-01   7.75e-01   4.77e-01   6.15e+00   6.26e+00 (  1.65e+02,  2.59e+02)
70      0.301   7.21e-01   9.02e-01   5.67e-01   7.29e+00   7.29e+00 (  1.56e+02,  2.49e+02)
75      0.327   7.96e-01   1.00e+00   6.30e-01   7.77e+00   7.71e+00 (  1.45e+02,  2.36e+02)
80      0.331   8.17e-01   1.07e+00   6.67e-01   7.73e+00   7.68e+00 (  1.32e+02,  2.21e+02)
85      0.325   8.00e-01   1.10e+00   7.10e-01   7.45e+00   7.43e+00 (  1.18e+02,  2.06e+02)
90      0.738   1.67e+00   2.39e+00   1.52e+00   2.66e+01   7.11e+00 (  5.29e+02,  1.90e+02)
95      0.706   1.21e+00   1.72e+00   1.26e+00   6.01e+01   6.83e+00 (  9.43e+02,  1.75e+02)
35 n: 1.471e-05 e: 2.050e-05 i: 7.326e-05 :: e: 1.006e-02 i: 1.495e-02 :: n: 2.890e+01 e:24.285 i:26.346 v:4.993e+03
>>> tau_he = 5.000000, nhe(0)=3.449567e+00
 5   -250.144   6.95e-03   7.44e-01   2.96e-03  -8.93e-02   1.85e-07 (  2.80e+00,  4.44e+01)
10   -238.115   2.75e-02   9.13e-04  -9.47e-03  -3.83e-01   3.30e-06 (  2.04e+01,  9.25e+01)
15   -210.773   1.13e-01  -2.64e-02   3.12e-02  -5.20e+00   4.02e-05 (  8.48e+01,  1.35e+02)
20    -16.476   1.76e-01   1.05e-01   8.34e-02  -4.87e+00   3.73e-04 (  1.33e+02,  1.71e+02)
25     -0.957   2.14e-01   1.52e-01   1.39e-02  -2.40e+00   2.70e-03 (  1.62e+02,  1.98e+02)
30     -0.039   2.43e-01   1.55e-01  -1.68e-02  -2.69e-01   1.53e-02 (  1.76e+02,  2.19e+02)
35     -0.043   2.87e-01   2.03e-01   5.25e-02  -3.09e-01   6.85e-02 (  1.95e+02,  2.36e+02)
40     -0.001   3.00e-01   2.11e-01   9.82e-02  -6.82e-03   2.44e-01 (  1.87e+02,  2.49e+02)
45      0.060   3.37e-01   2.81e-01   1.99e-01   5.73e-01   6.96e-01 (  1.93e+02,  2.60e+02)
50      0.130   4.06e-01   4.27e-01   2.21e-01   1.56e+00   1.60e+00 (  1.99e+02,  2.66e+02)
55      0.145   4.19e-01   5.15e-01   2.57e-01   2.71e+00   3.01e+00 (  1.79e+02,  2.68e+02)
60      0.194   4.90e-01   6.43e-01   3.47e-01   4.47e+00   4.71e+00 (  1.70e+02,  2.65e+02)
65      0.252   6.03e-01   7.71e-01   4.75e-01   6.13e+00   6.26e+00 (  1.63e+02,  2.59e+02)
70      0.300   7.18e-01   8.98e-01   5.64e-01   7.27e+00   7.29e+00 (  1.55e+02,  2.49e+02)
75      0.327   7.95e-01   1.00e+00   6.29e-01   7.77e+00   7.71e+00 (  1.44e+02,  2.36e+02)
80      0.331   8.17e-01   1.07e+00   6.66e-01   7.74e+00   7.68e+00 (  1.31e+02,  2.21e+02)
85      0.326   8.01e-01   1.10e+00   7.10e-01   7.46e+00   7.43e+00 (  1.17e+02,  2.06e+02)
90      0.739   1.67e+00   2.39e+00   1.52e+00   2.66e+01   7.11e+00 (  5.28e+02,  1.90e+02)
95      0.706   1.21e+00   1.72e+00   1.26e+00   6.01e+01   6.83e+00 (  9.43e+02,  1.75e+02)
36 n: 1.083e-05 e: 5.411e-06 i: 2.238e-05 :: e: 1.031e-02 i: 1.116e-02 :: n: 2.901e+01 e:24.256 i:26.344 v:4.993e+03
>>> tau_he = 5.000000, nhe(0)=3.470840e+00
 5   -249.938   6.96e-03   7.46e-01   2.95e-03  -8.94e-02   1.85e-07 (  2.81e+00,  4.44e+01)
10   -236.231   2.75e-02   1.02e-03  -9.47e-03  -3.80e-01   3.30e-06 (  2.04e+01,  9.25e+01)
15   -210.207   1.13e-01  -2.68e-02   3.06e-02  -5.19e+00   4.02e-05 (  8.48e+01,  1.35e+02)
20    -16.444   1.75e-01   1.04e-01   8.20e-02  -4.86e+00   3.73e-04 (  1.32e+02,  1.71e+02)
25     -0.899   2.15e-01   1.49e-01   5.94e-03  -2.27e+00   2.70e-03 (  1.62e+02,  1.98e+02)
30     -0.019   2.41e-01   1.53e-01  -2.45e-02  -1.43e-01   1.53e-02 (  1.75e+02,  2.19e+02)
35      0.017   2.89e-01   1.94e-01   4.20e-02   1.37e-01   6.85e-02 (  1.97e+02,  2.36e+02)
40      0.013   2.95e-01   2.12e-01   9.06e-02   1.18e-01   2.44e-01 (  1.84e+02,  2.49e+02)
45      0.066   3.38e-01   2.83e-01   1.97e-01   6.34e-01   6.96e-01 (  1.93e+02,  2.60e+02)
50      0.129   4.05e-01   4.27e-01   2.21e-01   1.56e+00   1.60e+00 (  1.97e+02,  2.66e+02)
55      0.145   4.17e-01   5.15e-01   2.57e-01   2.70e+00   3.01e+00 (  1.78e+02,  2.68e+02)
60      0.193   4.90e-01   6.43e-01   3.47e-01   4.46e+00   4.71e+00 (  1.70e+02,  2.65e+02)
65      0.252   6.03e-01   7.71e-01   4.75e-01   6.13e+00   6.26e+00 (  1.63e+02,  2.59e+02)
70      0.300   7.19e-01   8.97e-01   5.64e-01   7.27e+00   7.29e+00 (  1.55e+02,  2.49e+02)
75      0.326   7.95e-01   9.99e-01   6.28e-01   7.76e+00   7.71e+00 (  1.43e+02,  2.36e+02)
80      0.331   8.16e-01   1.06e+00   6.64e-01   7.72e+00   7.68e+00 (  1.31e+02,  2.21e+02)
85      0.325   8.00e-01   1.10e+00   7.08e-01   7.45e+00   7.43e+00 (  1.17e+02,  2.06e+02)
90      0.738   1.67e+00   2.39e+00   1.52e+00   2.66e+01   7.11e+00 (  5.28e+02,  1.90e+02)
95      0.706   1.21e+00   1.72e+00   1.26e+00   6.01e+01   6.83e+00 (  9.43e+02,  1.75e+02)
37 n: 2.297e-06 e: 1.403e-05 i: 2.223e-05 :: e: 1.019e-02 i: 8.930e-03 :: n: 2.896e+01 e:24.289 i:26.336 v:4.993e+03
>>> tau_he = 5.000000, nhe(0)=3.459214e+00
 5   -250.623   6.94e-03   7.45e-01   2.95e-03  -8.93e-02   1.85e-07 (  2.80e+00,  4.44e+01)
10   -237.786   2.74e-02   9.61e-04  -9.49e-03  -3.82e-01   3.30e-06 (  2.03e+01,  9.25e+01)
15   -210.838   1.12e-01  -2.69e-02   3.10e-02  -5.20e+00   4.02e-05 (  8.45e+01,  1.35e+02)
20    -16.513   1.75e-01   1.04e-01   8.31e-02  -4.87e+00   3.73e-04 (  1.32e+02,  1.71e+02)
25     -0.962   2.14e-01   1.51e-01   1.34e-02  -2.41e+00   2.70e-03 (  1.62e+02,  1.98e+02)
30     -0.037   2.44e-01   1.55e-01  -2.21e-02  -2.56e-01   1.53e-02 (  1.78e+02,  2.19e+02)
35      0.004   2.93e-01   1.97e-01   4.77e-02   3.32e-02   6.85e-02 (  2.00e+02,  2.36e+02)
40      0.095   3.74e-01   3.55e-01   1.80e-01   8.79e-01   2.44e-01 (  2.35e+02,  2.49e+02)
45      0.060   3.37e-01   2.83e-01   2.02e-01   5.72e-01   6.96e-01 (  1.93e+02,  2.60e+02)
50      0.129   4.05e-01   4.26e-01   2.21e-01   1.55e+00   1.60e+00 (  1.97e+02,  2.66e+02)
55      0.144   4.17e-01   5.14e-01   2.57e-01   2.69e+00   3.01e+00 (  1.77e+02,  2.68e+02)
60      0.193   4.89e-01   6.41e-01   3.46e-01   4.45e+00   4.71e+00 (  1.69e+02,  2.65e+02)
65      0.251   6.02e-01   7.69e-01   4.74e-01   6.12e+00   6.26e+00 (  1.63e+02,  2.59e+02)
70      0.299   7.18e-01   8.95e-01   5.62e-01   7.26e+00   7.29e+00 (  1.54e+02,  2.49e+02)
75      0.326   7.94e-01   9.97e-01   6.26e-01   7.75e+00   7.71e+00 (  1.43e+02,  2.36e+02)
80      0.331   8.16e-01   1.06e+00   6.63e-01   7.72e+00   7.68e+00 (  1.30e+02,  2.21e+02)
85      0.325   8.00e-01   1.10e+00   7.06e-01   7.44e+00   7.43e+00 (  1.16e+02,  2.06e+02)
90      0.738   1.67e+00   2.39e+00   1.52e+00   2.66e+01   7.11e+00 (  5.27e+02,  1.90e+02)
95      0.706   1.21e+00   1.72e+00   1.26e+00   6.01e+01   6.83e+00 (  9.43e+02,  1.75e+02)
38 n: 1.301e-05 e: 1.841e-05 i: 7.891e-05 :: e: 1.052e-02 i: 1.091e-02 :: n: 2.894e+01 e:24.264 i:26.352 v:4.993e+03
>>> tau_he = 5.000000, nhe(0)=3.457869e+00
 5   -250.691   6.95e-03   7.44e-01   2.95e-03  -8.93e-02   1.85e-07 (  2.80e+00,  4.44e+01)
10   -239.072   2.75e-02   9.37e-04  -9.50e-03  -3.84e-01   3.30e-06 (  2.04e+01,  9.25e+01)
15   -210.776   1.13e-01  -2.66e-02   3.10e-02  -5.19e+00   4.02e-05 (  8.46e+01,  1.35e+02)
20    -16.486   1.76e-01   1.04e-01   8.29e-02  -4.86e+00   3.73e-04 (  1.32e+02,  1.71e+02)
25     -0.905   2.15e-01   1.50e-01   6.07e-03  -2.27e+00   2.70e-03 (  1.63e+02,  1.98e+02)
30     -0.028   2.44e-01   1.55e-01  -2.75e-02  -2.01e-01   1.53e-02 (  1.78e+02,  2.19e+02)
35      0.000   2.94e-01   1.98e-01   5.11e-02   2.37e-03   6.85e-02 (  2.00e+02,  2.36e+02)
40      0.002   2.98e-01   2.12e-01   9.66e-02   1.79e-02   2.44e-01 (  1.86e+02,  2.49e+02)
45      0.065   3.37e-01   2.82e-01   1.97e-01   6.23e-01   6.96e-01 (  1.92e+02,  2.60e+02)
50      0.129   4.04e-01   4.26e-01   2.21e-01   1.56e+00   1.60e+00 (  1.97e+02,  2.66e+02)
55      0.145   4.16e-01   5.14e-01   2.56e-01   2.71e+00   3.01e+00 (  1.77e+02,  2.68e+02)
60      0.193   4.89e-01   6.41e-01   3.46e-01   4.47e+00   4.71e+00 (  1.69e+02,  2.65e+02)
65      0.252   6.02e-01   7.69e-01   4.74e-01   6.13e+00   6.26e+00 (  1.62e+02,  2.59e+02)
70      0.299   7.18e-01   8.95e-01   5.62e-01   7.28e+00   7.29e+00 (  1.54e+02,  2.49e+02)
75      0.326   7.94e-01   9.97e-01   6.26e-01   7.77e+00   7.71e+00 (  1.43e+02,  2.36e+02)
80      0.331   8.17e-01   1.06e+00   6.62e-01   7.73e+00   7.68e+00 (  1.30e+02,  2.21e+02)
85      0.327   8.04e-01   1.10e+00   7.09e-01   7.51e+00   7.43e+00 (  1.17e+02,  2.06e+02)
90      0.738   1.67e+00   2.39e+00   1.52e+00   2.66e+01   7.11e+00 (  5.27e+02,  1.90e+02)
95      0.706   1.21e+00   1.72e+00   1.26e+00   6.01e+01   6.83e+00 (  9.43e+02,  1.75e+02)
39 n: 1.081e-05 e: 3.610e-06 i: 1.807e-05 :: e: 8.655e-03 i: 8.382e-03 :: n: 2.904e+01 e:24.276 i:26.354 v:4.993e+03
>>> tau_he = 5.000000, nhe(0)=3.476951e+00
 5   -251.187   6.97e-03   7.46e-01   2.95e-03  -8.96e-02   1.85e-07 (  2.82e+00,  4.44e+01)
10   -238.741   2.76e-02   1.03e-03  -9.50e-03  -3.84e-01   3.30e-06 (  2.05e+01,  9.25e+01)
15   -210.973   1.13e-01  -2.70e-02   3.05e-02  -5.20e+00   4.02e-05 (  8.50e+01,  1.35e+02)
20    -16.517   1.75e-01   1.04e-01   8.18e-02  -4.87e+00   3.73e-04 (  1.33e+02,  1.71e+02)
25     -0.906   2.15e-01   1.49e-01   3.18e-03  -2.28e+00   2.70e-03 (  1.63e+02,  1.98e+02)
30     -0.011   2.41e-01   1.53e-01  -3.35e-02  -8.36e-02   1.53e-02 (  1.77e+02,  2.19e+02)
35      0.018   2.90e-01   1.95e-01   4.14e-02   1.44e-01   6.85e-02 (  1.98e+02,  2.36e+02)
40      0.012   2.96e-01   2.13e-01   9.01e-02   1.16e-01   2.44e-01 (  1.85e+02,  2.49e+02)
45      0.065   3.37e-01   2.83e-01   1.98e-01   6.21e-01   6.96e-01 (  1.92e+02,  2.60e+02)
50      0.129   4.04e-01   4.25e-01   2.21e-01   1.55e+00   1.60e+00 (  1.96e+02,  2.66e+02)
55      0.144   4.16e-01   5.13e-01   2.56e-01   2.70e+00   3.01e+00 (  1.77e+02,  2.68e+02)
60      0.193   4.89e-01   6.41e-01   3.46e-01   4.46e+00   4.71e+00 (  1.69e+02,  2.65e+02)
65      0.252   6.02e-01   7.69e-01   4.74e-01   6.13e+00   6.26e+00 (  1.62e+02,  2.59e+02)
70      0.299   7.18e-01   8.95e-01   5.62e-01   7.27e+00   7.29e+00 (  1.54e+02,  2.49e+02)
75      0.326   7.94e-01   9.96e-01   6.25e-01   7.76e+00   7.71e+00 (  1.43e+02,  2.36e+02)
80      0.331   8.16e-01   1.06e+00   6.61e-01   7.72e+00   7.68e+00 (  1.30e+02,  2.21e+02)
85      0.325   7.97e-01   1.09e+00   7.04e-01   7.44e+00   7.43e+00 (  1.16e+02,  2.06e+02)
90      0.738   1.67e+00   2.39e+00   1.52e+00   2.66e+01   7.11e+00 (  5.27e+02,  1.90e+02)
95      0.706   1.21e+00   1.72e+00   1.26e+00   6.01e+01   6.83e+00 (  9.43e+02,  1.75e+02)
40 n: 2.035e-06 e: 1.093e-05 i: 2.051e-05 :: e: 9.071e-03 i: 7.530e-03 :: n: 2.898e+01 e:24.306 i:26.372 v:4.993e+03
>>> tau_he = 5.000000, nhe(0)=3.466699e+00
 5   -252.127   6.96e-03   7.45e-01   2.95e-03  -8.96e-02   1.85e-07 (  2.81e+00,  4.44e+01)
10   -240.205   2.75e-02   9.89e-04  -9.53e-03  -3.85e-01   3.30e-06 (  2.04e+01,  9.25e+01)
15   -211.468   1.12e-01  -2.71e-02   3.08e-02  -5.20e+00   4.02e-05 (  8.48e+01,  1.35e+02)
20    -16.577   1.76e-01   1.04e-01   8.29e-02  -4.88e+00   3.73e-04 (  1.33e+02,  1.71e+02)
25     -0.969   2.15e-01   1.51e-01   1.07e-02  -2.43e+00   2.70e-03 (  1.63e+02,  1.98e+02)
30     -0.030   2.46e-01   1.55e-01  -3.05e-02  -2.11e-01   1.53e-02 (  1.80e+02,  2.19e+02)
35      0.005   2.94e-01   1.97e-01   4.70e-02   3.94e-02   6.85e-02 (  2.01e+02,  2.36e+02)
40      0.095   3.75e-01   3.56e-01   1.80e-01   8.84e-01   2.44e-01 (  2.36e+02,  2.49e+02)
45      0.059   3.38e-01   2.83e-01   2.03e-01   5.64e-01   6.96e-01 (  1.93e+02,  2.60e+02)
50      0.128   4.04e-01   4.25e-01   2.21e-01   1.55e+00   1.60e+00 (  1.97e+02,  2.66e+02)
55      0.144   4.16e-01   5.13e-01   2.56e-01   2.70e+00   3.01e+00 (  1.77e+02,  2.68e+02)
60      0.193   4.88e-01   6.41e-01   3.46e-01   4.46e+00   4.71e+00 (  1.69e+02,  2.65e+02)
65      0.251   6.02e-01   7.68e-01   4.73e-01   6.13e+00   6.26e+00 (  1.62e+02,  2.59e+02)
70      0.299   7.18e-01   8.94e-01   5.61e-01   7.27e+00   7.29e+00 (  1.54e+02,  2.49e+02)
75      0.326   7.94e-01   9.96e-01   6.25e-01   7.76e+00   7.71e+00 (  1.43e+02,  2.36e+02)
80      0.331   8.16e-01   1.06e+00   6.61e-01   7.72e+00   7.68e+00 (  1.30e+02,  2.21e+02)
85      0.325   7.95e-01   1.09e+00   7.03e-01   7.44e+00   7.43e+00 (  1.15e+02,  2.06e+02)
90      0.738   1.67e+00   2.39e+00   1.52e+00   2.66e+01   7.11e+00 (  5.27e+02,  1.90e+02)
95      0.706   1.21e+00   1.72e+00   1.26e+00   6.01e+01   6.83e+00 (  9.43e+02,  1.75e+02)
41 n: 1.338e-05 e: 1.683e-05 i: 7.833e-05 :: e: 9.657e-03 i: 1.066e-02 :: n: 2.896e+01 e:24.298 i:26.391 v:4.993e+03
>>> tau_he = 5.000000, nhe(0)=3.463773e+00
 5   -252.481   6.98e-03   7.44e-01   2.95e-03  -8.96e-02   1.85e-07 (  2.81e+00,  4.44e+01)
10   -241.825   2.76e-02   9.64e-04  -9.53e-03  -3.87e-01   3.30e-06 (  2.05e+01,  9.25e+01)
15   -211.693   1.13e-01  -2.68e-02   3.09e-02  -5.21e+00   4.02e-05 (  8.50e+01,  1.35e+02)
20    -16.574   1.76e-01   1.04e-01   8.28e-02  -4.88e+00   3.73e-04 (  1.33e+02,  1.71e+02)
25     -0.914   2.16e-01   1.50e-01   3.60e-03  -2.29e+00   2.70e-03 (  1.64e+02,  1.98e+02)
30      0.077   3.70e-01   3.18e-01   1.06e-01   5.59e-01   1.53e-02 (  2.72e+02,  2.19e+02)
35     -0.001   2.95e-01   1.99e-01   5.13e-02  -7.78e-03   6.85e-02 (  2.02e+02,  2.36e+02)
40      0.002   2.99e-01   2.13e-01   9.59e-02   1.67e-02   2.44e-01 (  1.87e+02,  2.49e+02)
45      0.060   3.37e-01   2.81e-01   2.00e-01   5.69e-01   6.96e-01 (  1.93e+02,  2.60e+02)
50      0.129   4.04e-01   4.25e-01   2.20e-01   1.56e+00   1.60e+00 (  1.97e+02,  2.66e+02)
55      0.145   4.16e-01   5.14e-01   2.56e-01   2.71e+00   3.01e+00 (  1.77e+02,  2.68e+02)
60      0.194   4.89e-01   6.42e-01   3.47e-01   4.48e+00   4.71e+00 (  1.69e+02,  2.65e+02)
65      0.252   6.03e-01   7.69e-01   4.74e-01   6.15e+00   6.26e+00 (  1.63e+02,  2.59e+02)
70      0.300   7.19e-01   8.95e-01   5.62e-01   7.29e+00   7.29e+00 (  1.54e+02,  2.49e+02)
75      0.326   7.95e-01   9.97e-01   6.25e-01   7.78e+00   7.71e+00 (  1.43e+02,  2.36e+02)
80      0.331   8.17e-01   1.06e+00   6.61e-01   7.74e+00   7.68e+00 (  1.30e+02,  2.21e+02)
85      0.327   8.02e-01   1.10e+00   7.07e-01   7.51e+00   7.43e+00 (  1.16e+02,  2.06e+02)
90      0.738   1.67e+00   2.39e+00   1.52e+00   2.66e+01   7.11e+00 (  5.27e+02,  1.90e+02)
95      0.706   1.21e+00   1.72e+00   1.26e+00   6.01e+01   6.83e+00 (  9.43e+02,  1.75e+02)
42 n: 9.933e-06 e: 1.158e-04 i: 3.642e-04 :: e: 1.807e-02 i: 1.938e-02 :: n: 2.908e+01 e:24.274 i:26.340 v:4.993e+03
>>> tau_he = 5.000000, nhe(0)=3.483485e+00
 5   -250.617   6.99e-03   7.40e-01   2.94e-03  -8.98e-02   1.85e-07 (  2.84e+00,  4.44e+01)
10   -376.038   2.83e-02   2.75e-02   2.46e-02  -6.06e-01   3.30e-06 (  2.11e+01,  9.25e+01)
15   -211.367   1.13e-01  -2.65e-02   3.02e-02  -5.22e+00   4.02e-05 (  8.59e+01,  1.35e+02)
20    -16.483   1.75e-01   1.05e-01   8.11e-02  -4.88e+00   3.73e-04 (  1.33e+02,  1.71e+02)
25     -0.895   2.14e-01   1.48e-01   4.03e-03  -2.27e+00   2.70e-03 (  1.62e+02,  1.98e+02)
30     -0.023   2.38e-01   1.50e-01  -1.65e-02  -1.72e-01   1.53e-02 (  1.72e+02,  2.19e+02)
35      0.024   2.88e-01   1.93e-01   3.67e-02   2.03e-01   6.85e-02 (  1.97e+02,  2.36e+02)
40      0.096   3.73e-01   3.53e-01   1.77e-01   9.00e-01   2.44e-01 (  2.34e+02,  2.49e+02)
45      0.066   3.37e-01   2.83e-01   1.96e-01   6.32e-01   6.96e-01 (  1.93e+02,  2.60e+02)
50      0.129   4.04e-01   4.26e-01   2.20e-01   1.56e+00   1.60e+00 (  1.97e+02,  2.66e+02)
55      0.145   4.17e-01   5.15e-01   2.56e-01   2.72e+00   3.01e+00 (  1.77e+02,  2.68e+02)
60      0.194   4.89e-01   6.42e-01   3.47e-01   4.49e+00   4.71e+00 (  1.70e+02,  2.65e+02)
65      0.252   6.03e-01   7.70e-01   4.74e-01   6.15e+00   6.26e+00 (  1.63e+02,  2.59e+02)
70      0.300   7.19e-01   8.96e-01   5.62e-01   7.29e+00   7.29e+00 (  1.54e+02,  2.49e+02)
75      0.327   7.96e-01   9.97e-01   6.26e-01   7.78e+00   7.71e+00 (  1.43e+02,  2.36e+02)
80      0.331   8.17e-01   1.06e+00   6.62e-01   7.74e+00   7.68e+00 (  1.30e+02,  2.21e+02)
85      0.327   8.02e-01   1.10e+00   7.07e-01   7.50e+00   7.43e+00 (  1.16e+02,  2.06e+02)
90      0.738   1.67e+00   2.39e+00   1.52e+00   2.66e+01   7.11e+00 (  5.27e+02,  1.90e+02)
95      0.706   1.21e+00   1.72e+00   1.26e+00   6.01e+01   6.83e+00 (  9.43e+02,  1.75e+02)
43 n: 1.581e-05 e: 1.473e-05 i: 8.151e-05 :: e: 9.697e-03 i: 1.359e-02 :: n: 2.897e+01 e:24.278 i:26.267 v:4.993e+03
>>> tau_he = 5.000000, nhe(0)=3.455783e+00
 5   -249.360   6.90e-03   7.39e-01   2.94e-03  -8.91e-02   1.85e-07 (  2.79e+00,  4.44e+01)
10   -239.091   2.75e-02   8.65e-04  -9.51e-03  -3.84e-01   3.30e-06 (  2.04e+01,  9.25e+01)
15   -210.933   1.12e-01  -2.69e-02   3.11e-02  -5.20e+00   4.02e-05 (  8.44e+01,  1.35e+02)
20    -16.468   1.75e-01   1.05e-01   8.33e-02  -4.86e+00   3.73e-04 (  1.32e+02,  1.71e+02)
25     -0.947   2.14e-01   1.51e-01   1.33e-02  -2.39e+00   2.70e-03 (  1.61e+02,  1.98e+02)
30     -0.037   2.41e-01   1.53e-01  -1.47e-02  -2.56e-01   1.53e-02 (  1.74e+02,  2.19e+02)
35      0.003   2.93e-01   1.97e-01   4.96e-02   2.18e-02   6.85e-02 (  2.00e+02,  2.36e+02)
40      0.001   2.99e-01   2.12e-01   9.64e-02   9.28e-03   2.44e-01 (  1.87e+02,  2.49e+02)
45      0.059   3.37e-01   2.81e-01   1.99e-01   5.68e-01   6.96e-01 (  1.94e+02,  2.60e+02)
50      0.129   4.05e-01   4.26e-01   2.21e-01   1.56e+00   1.60e+00 (  1.98e+02,  2.66e+02)
55      0.145   4.18e-01   5.16e-01   2.57e-01   2.73e+00   3.01e+00 (  1.79e+02,  2.68e+02)
60      0.194   4.91e-01   6.44e-01   3.48e-01   4.50e+00   4.71e+00 (  1.70e+02,  2.65e+02)
65      0.253   6.05e-01   7.72e-01   4.75e-01   6.17e+00   6.26e+00 (  1.63e+02,  2.59e+02)
70      0.300   7.21e-01   8.97e-01   5.63e-01   7.31e+00   7.29e+00 (  1.55e+02,  2.49e+02)
75      0.327   7.97e-01   9.99e-01   6.26e-01   7.80e+00   7.71e+00 (  1.43e+02,  2.36e+02)
80      0.331   8.18e-01   1.06e+00   6.62e-01   7.75e+00   7.68e+00 (  1.31e+02,  2.21e+02)
85      0.327   8.04e-01   1.10e+00   7.08e-01   7.50e+00   7.43e+00 (  1.17e+02,  2.06e+02)
90      0.738   1.67e+00   2.39e+00   1.52e+00   2.66e+01   7.11e+00 (  5.27e+02,  1.90e+02)
95      0.706   1.21e+00   1.72e+00   1.26e+00   6.01e+01   6.83e+00 (  9.43e+02,  1.75e+02)
44 n: 9.063e-06 e: 7.566e-06 i: 1.816e-05 :: e: 7.184e-03 i: 9.634e-03 :: n: 2.904e+01 e:24.225 i:26.305 v:4.993e+03
>>> tau_he = 5.000000, nhe(0)=3.472713e+00
 5   -249.198   6.93e-03   7.43e-01   2.94e-03  -8.90e-02   1.85e-07 (  2.79e+00,  4.44e+01)
10   -235.932   2.74e-02   1.00e-03  -9.50e-03  -3.79e-01   3.30e-06 (  2.03e+01,  9.25e+01)
15   -209.934   1.12e-01  -2.72e-02   3.07e-02  -5.17e+00   4.02e-05 (  8.41e+01,  1.35e+02)
20    -16.414   1.75e-01   1.03e-01   8.18e-02  -4.85e+00   3.73e-04 (  1.32e+02,  1.71e+02)
25     -0.944   2.13e-01   1.50e-01   1.12e-02  -2.39e+00   2.70e-03 (  1.61e+02,  1.98e+02)
30     -0.025   2.40e-01   1.52e-01  -2.03e-02  -1.83e-01   1.53e-02 (  1.74e+02,  2.19e+02)
35      0.016   2.89e-01   1.94e-01   4.22e-02   1.31e-01   6.85e-02 (  1.96e+02,  2.36e+02)
40      0.013   2.95e-01   2.12e-01   8.91e-02   1.25e-01   2.44e-01 (  1.84e+02,  2.49e+02)
45      0.065   3.36e-01   2.82e-01   1.96e-01   6.29e-01   6.96e-01 (  1.92e+02,  2.60e+02)
50      0.129   4.03e-01   4.24e-01   2.20e-01   1.56e+00   1.60e+00 (  1.96e+02,  2.66e+02)
55      0.145   4.16e-01   5.14e-01   2.56e-01   2.72e+00   3.01e+00 (  1.77e+02,  2.68e+02)
60      0.194   4.89e-01   6.41e-01   3.46e-01   4.48e+00   4.71e+00 (  1.69e+02,  2.65e+02)
65      0.252   6.03e-01   7.69e-01   4.74e-01   6.15e+00   6.26e+00 (  1.62e+02,  2.59e+02)
70      0.300   7.19e-01   8.95e-01   5.62e-01   7.29e+00   7.29e+00 (  1.54e+02,  2.49e+02)
75      0.327   7.95e-01   9.97e-01   6.26e-01   7.78e+00   7.71e+00 (  1.43e+02,  2.36e+02)
80      0.331   8.17e-01   1.06e+00   6.62e-01   7.74e+00   7.68e+00 (  1.30e+02,  2.21e+02)
85      0.325   7.98e-01   1.09e+00   7.04e-01   7.44e+00   7.43e+00 (  1.16e+02,  2.06e+02)
90      0.738   1.67e+00   2.39e+00   1.52e+00   2.66e+01   7.11e+00 (  5.27e+02,  1.90e+02)
95      0.706   1.21e+00   1.72e+00   1.26e+00   6.01e+01   6.83e+00 (  9.43e+02,  1.75e+02)
45 n: 1.676e-06 e: 1.459e-05 i: 1.836e-05 :: e: 8.750e-03 i: 8.322e-03 :: n: 2.898e+01 e:24.293 i:26.294 v:4.993e+03
>>> tau_he = 5.000000, nhe(0)=3.460520e+00
 5   -250.130   6.90e-03   7.43e-01   2.94e-03  -8.90e-02   1.85e-07 (  2.78e+00,  4.44e+01)
10   -237.988   2.73e-02   9.44e-04  -9.52e-03  -3.82e-01   3.30e-06 (  2.02e+01,  9.25e+01)
15   -211.092   1.12e-01  -2.74e-02   3.11e-02  -5.19e+00   4.02e-05 (  8.41e+01,  1.35e+02)
20    -16.527   1.75e-01   1.04e-01   8.33e-02  -4.87e+00   3.73e-04 (  1.32e+02,  1.71e+02)
25     -0.957   2.14e-01   1.51e-01   1.38e-02  -2.41e+00   2.70e-03 (  1.62e+02,  1.98e+02)
30     -0.042   2.44e-01   1.54e-01  -1.89e-02  -2.89e-01   1.53e-02 (  1.77e+02,  2.19e+02)
35      0.004   2.94e-01   1.97e-01   4.83e-02   2.77e-02   6.85e-02 (  2.01e+02,  2.36e+02)
40      0.095   3.75e-01   3.56e-01   1.80e-01   8.86e-01   2.44e-01 (  2.36e+02,  2.49e+02)
45      0.059   3.38e-01   2.83e-01   2.02e-01   5.68e-01   6.96e-01 (  1.94e+02,  2.60e+02)
50      0.128   4.04e-01   4.26e-01   2.21e-01   1.55e+00   1.60e+00 (  1.97e+02,  2.66e+02)
55      0.145   4.17e-01   5.15e-01   2.57e-01   2.71e+00   3.01e+00 (  1.78e+02,  2.68e+02)
60      0.194   4.90e-01   6.43e-01   3.47e-01   4.48e+00   4.71e+00 (  1.70e+02,  2.65e+02)
65      0.252   6.04e-01   7.71e-01   4.75e-01   6.16e+00   6.26e+00 (  1.63e+02,  2.59e+02)
70      0.300   7.20e-01   8.96e-01   5.63e-01   7.30e+00   7.29e+00 (  1.54e+02,  2.49e+02)
75      0.327   7.96e-01   9.98e-01   6.26e-01   7.78e+00   7.71e+00 (  1.43e+02,  2.36e+02)
80      0.331   8.17e-01   1.06e+00   6.61e-01   7.74e+00   7.68e+00 (  1.30e+02,  2.21e+02)
85      0.325   7.97e-01   1.09e+00   7.03e-01   7.44e+00   7.43e+00 (  1.16e+02,  2.06e+02)
90      0.738   1.67e+00   2.39e+00   1.52e+00   2.66e+01   7.11e+00 (  5.27e+02,  1.90e+02)
95      0.706   1.21e+00   1.72e+00   1.26e+00   6.01e+01   6.83e+00 (  9.43e+02,  1.75e+02)
46 n: 1.263e-05 e: 2.245e-05 i: 8.755e-05 :: e: 8.319e-03 i: 1.082e-02 :: n: 2.897e+01 e:24.256 i:26.340 v:4.993e+03
>>> tau_he = 5.000000, nhe(0)=3.462442e+00
 5   -250.463   6.93e-03   7.42e-01   2.95e-03  -8.91e-02   1.85e-07 (  2.79e+00,  4.44e+01)
10   -238.986   2.74e-02   9.51e-04  -9.52e-03  -3.83e-01   3.30e-06 (  2.03e+01,  9.25e+01)
15   -210.882   1.12e-01  -2.70e-02   3.10e-02  -5.19e+00   4.02e-05 (  8.43e+01,  1.35e+02)
20    -16.488   1.75e-01   1.04e-01   8.26e-02  -4.86e+00   3.73e-04 (  1.32e+02,  1.71e+02)
25     -0.953   2.14e-01   1.51e-01   1.02e-02  -2.40e+00   2.70e-03 (  1.62e+02,  1.98e+02)
30     -0.031   2.44e-01   1.54e-01  -2.52e-02  -2.18e-01   1.53e-02 (  1.77e+02,  2.19e+02)
35      0.001   2.94e-01   1.97e-01   5.03e-02   9.24e-03   6.85e-02 (  2.00e+02,  2.36e+02)
40      0.003   2.99e-01   2.12e-01   9.53e-02   2.29e-02   2.44e-01 (  1.87e+02,  2.49e+02)
45      0.060   3.36e-01   2.80e-01   1.98e-01   5.74e-01   6.96e-01 (  1.93e+02,  2.60e+02)
50      0.128   4.03e-01   4.24e-01   2.20e-01   1.56e+00   1.60e+00 (  1.97e+02,  2.66e+02)
55      0.145   4.16e-01   5.14e-01   2.56e-01   2.72e+00   3.01e+00 (  1.77e+02,  2.68e+02)
60      0.194   4.89e-01   6.41e-01   3.46e-01   4.49e+00   4.71e+00 (  1.69e+02,  2.65e+02)
65      0.252   6.03e-01   7.69e-01   4.73e-01   6.15e+00   6.26e+00 (  1.62e+02,  2.59e+02)
70      0.300   7.19e-01   8.95e-01   5.62e-01   7.29e+00   7.29e+00 (  1.54e+02,  2.49e+02)
75      0.327   7.95e-01   9.97e-01   6.25e-01   7.79e+00   7.71e+00 (  1.43e+02,  2.36e+02)
80      0.331   8.18e-01   1.06e+00   6.62e-01   7.75e+00   7.68e+00 (  1.30e+02,  2.21e+02)
85      0.327   8.03e-01   1.10e+00   7.08e-01   7.51e+00   7.43e+00 (  1.16e+02,  2.06e+02)
90      0.738   1.67e+00   2.39e+00   1.52e+00   2.66e+01   7.11e+00 (  5.27e+02,  1.90e+02)
95      0.706   1.21e+00   1.72e+00   1.26e+00   6.01e+01   6.83e+00 (  9.43e+02,  1.75e+02)
47 n: 8.112e-06 e: 4.694e-06 i: 1.681e-05 :: e: 6.738e-03 i: 8.267e-03 :: n: 2.906e+01 e:24.296 i:26.337 v:4.993e+03
>>> tau_he = 5.000000, nhe(0)=3.479231e+00
 5   -251.247   6.95e-03   7.44e-01   2.94e-03  -8.95e-02   1.85e-07 (  2.81e+00,  4.44e+01)
10   -239.463   2.75e-02   1.03e-03  -9.53e-03  -3.84e-01   3.30e-06 (  2.05e+01,  9.25e+01)
15   -211.519   1.12e-01  -2.74e-02   3.06e-02  -5.21e+00   4.02e-05 (  8.49e+01,  1.35e+02)
20    -16.558   1.75e-01   1.04e-01   8.20e-02  -4.88e+00   3.73e-04 (  1.33e+02,  1.71e+02)
25     -0.909   2.15e-01   1.49e-01   6.64e-03  -2.30e+00   2.70e-03 (  1.63e+02,  1.98e+02)
30     -0.017   2.42e-01   1.53e-01  -3.12e-02  -1.24e-01   1.53e-02 (  1.78e+02,  2.19e+02)
35      0.016   2.90e-01   1.96e-01   4.21e-02   1.31e-01   6.85e-02 (  1.98e+02,  2.36e+02)
40      0.094   3.73e-01   3.53e-01   1.79e-01   8.74e-01   2.44e-01 (  2.34e+02,  2.49e+02)
45      0.065   3.37e-01   2.83e-01   1.96e-01   6.28e-01   6.96e-01 (  1.93e+02,  2.60e+02)
50      0.128   4.03e-01   4.26e-01   2.20e-01   1.56e+00   1.60e+00 (  1.97e+02,  2.66e+02)
55      0.145   4.17e-01   5.15e-01   2.57e-01   2.72e+00   3.01e+00 (  1.78e+02,  2.68e+02)
60      0.194   4.90e-01   6.43e-01   3.47e-01   4.49e+00   4.71e+00 (  1.70e+02,  2.65e+02)
65      0.252   6.04e-01   7.71e-01   4.75e-01   6.16e+00   6.26e+00 (  1.63e+02,  2.59e+02)
70      0.300   7.20e-01   8.96e-01   5.63e-01   7.30e+00   7.29e+00 (  1.54e+02,  2.49e+02)
75      0.327   7.96e-01   9.98e-01   6.26e-01   7.79e+00   7.71e+00 (  1.43e+02,  2.36e+02)
80      0.331   8.18e-01   1.06e+00   6.61e-01   7.74e+00   7.68e+00 (  1.30e+02,  2.21e+02)
85      0.327   8.03e-01   1.10e+00   7.06e-01   7.49e+00   7.43e+00 (  1.17e+02,  2.06e+02)
90      0.738   1.67e+00   2.39e+00   1.52e+00   2.66e+01   7.11e+00 (  5.27e+02,  1.90e+02)
95      0.706   1.21e+00   1.72e+00   1.26e+00   6.01e+01   6.83e+00 (  9.43e+02,  1.75e+02)
48 n: 1.496e-05 e: 1.367e-05 i: 6.400e-05 :: e: 7.412e-03 i: 1.019e-02 :: n: 2.895e+01 e:24.299 i:26.349 v:4.993e+03
>>> tau_he = 5.000000, nhe(0)=3.458783e+00
 5   -251.812   6.93e-03   7.41e-01   2.94e-03  -8.93e-02   1.85e-07 (  2.80e+00,  4.44e+01)
10   -242.410   2.75e-02   9.06e-04  -9.55e-03  -3.88e-01   3.30e-06 (  2.04e+01,  9.25e+01)
15   -211.957   1.12e-01  -2.70e-02   3.11e-02  -5.21e+00   4.02e-05 (  8.46e+01,  1.35e+02)
20    -16.578   1.76e-01   1.05e-01   8.33e-02  -4.87e+00   3.73e-04 (  1.33e+02,  1.71e+02)
25     -0.910   2.16e-01   1.50e-01   5.41e-03  -2.29e+00   2.70e-03 (  1.64e+02,  1.98e+02)
30     -0.033   2.46e-01   1.56e-01  -2.96e-02  -2.30e-01   1.53e-02 (  1.80e+02,  2.19e+02)
35     -0.048   2.88e-01   2.05e-01   5.38e-02  -3.38e-01   6.85e-02 (  1.97e+02,  2.36e+02)
40     -0.001   2.99e-01   2.11e-01   9.76e-02  -1.16e-02   2.44e-01 (  1.87e+02,  2.49e+02)
45      0.059   3.37e-01   2.81e-01   1.99e-01   5.67e-01   6.96e-01 (  1.93e+02,  2.60e+02)
50      0.128   4.04e-01   4.25e-01   2.20e-01   1.57e+00   1.60e+00 (  1.97e+02,  2.66e+02)
55      0.145   4.17e-01   5.15e-01   2.56e-01   2.73e+00   3.01e+00 (  1.78e+02,  2.68e+02)
60      0.194   4.90e-01   6.42e-01   3.47e-01   4.50e+00   4.71e+00 (  1.70e+02,  2.65e+02)
65      0.252   6.03e-01   7.70e-01   4.74e-01   6.16e+00   6.26e+00 (  1.63e+02,  2.59e+02)
70      0.300   7.19e-01   8.95e-01   5.62e-01   7.30e+00   7.29e+00 (  1.54e+02,  2.49e+02)
75      0.327   7.96e-01   9.98e-01   6.26e-01   7.79e+00   7.71e+00 (  1.43e+02,  2.36e+02)
80      0.331   8.18e-01   1.06e+00   6.62e-01   7.75e+00   7.68e+00 (  1.30e+02,  2.21e+02)
85      0.327   8.02e-01   1.10e+00   7.07e-01   7.50e+00   7.43e+00 (  1.16e+02,  2.06e+02)
90      0.738   1.67e+00   2.39e+00   1.52e+00   2.66e+01   7.11e+00 (  5.27e+02,  1.90e+02)
95      0.706   1.21e+00   1.72e+00   1.26e+00   6.01e+01   6.83e+00 (  9.43e+02,  1.75e+02)
49 n: 1.107e-05 e: 2.677e-06 i: 2.051e-05 :: e: 5.733e-03 i: 8.121e-03 :: n: 2.906e+01 e:24.289 i:26.379 v:4.993e+03
 plasma volume = 151.455718
 stored energy(e,i,b,a) = 7.280586e+01 6.869477e+01 0.000000e+00 0.000000e+00
 betan = 1.582715
*power
 Pnb(e,i) = 0.000000e+00 0.000000e+00
 Prf(e,i) = 1.162066e+01 2.837799e+01
 Prad     = -5.644447e+01 
 Pei      = 2.788672e+00 
 Pfuse    = 7.623711e+01 
 Pfusi    = 2.558772e+01 
 Poh      = 0.000000e+00 
*confinement time
 taut, tauITER98y2, H98y2 : 1.657324e+00 1.558423e+00 1.063462e+00
 taue, taui : 2.128704e+00 3.013054e+00
 taut, tau89, H89 : 1.657324e+00 7.613240e-01 2.176897e+00
*temperature
 nea, nebar : 2.124786e+01 2.433339e+01 
 tea, tia : 8.215082e+00 8.425551e+00 (9.750201e-01)
 te0, ti0 : 2.157799e+01 2.608345e+01 (8.272677e-01)
 Sn : 1.499665e+03 
*current balance
 Ip,Ibs,Inb,Irf: 1.000000e+01 2.412327e+00 0.000000e+00 3.813642e-01
 fni,fbs: 0.279 0.241

 plasma volume = 151.455718
 stored energy(e,i,b,a) = 7.280586e+01 6.869477e+01 0.000000e+00 0.000000e+00
 betan = 1.582715
*power
 Pnb(e,i) = 0.000000e+00 0.000000e+00
 Prf(e,i) = 1.162066e+01 2.837799e+01
 Prad     = -5.644447e+01 
 Pei      = 2.788672e+00 
 Pfuse    = 7.623711e+01 
 Pfusi    = 2.558772e+01 
 Poh      = 0.000000e+00 
*confinement time
 taut, tauITER98y2, H98y2 : 1.657324e+00 1.558423e+00 1.063462e+00
 taue, taui : 2.128704e+00 3.013054e+00
 taut, tau89, H89 : 1.657324e+00 7.613240e-01 2.176897e+00
*temperature
 nea, nebar : 2.124786e+01 2.433339e+01 
 tea, tia : 8.215082e+00 8.425551e+00 (9.750201e-01)
 te0, ti0 : 2.157799e+01 2.608345e+01 (8.272677e-01)
 Sn : 1.499665e+03 
*current balance
 Ip,Ibs,Inb,Irf: 1.000000e+01 2.412327e+00 0.000000e+00 3.813642e-01
 fni,fbs: 0.279 0.241
 ELAPASED TIME = 47 sec

finalize
