cmd = /global/common/software/atom/perlmutter/cesol/conda/dev/bin/ips.py --simulation=/pscratch/sd/h/hswils/github_repos/MANTA_DBSCANS/freq_scan/SCAN/dakota_bridge_470129.conf --platform=/global/common/software/atom/perlmutter/cesol/conda/dev/template/machine_config/perlmutter_cpu.conf --verbose --log=ips_sweep.log
Oct 11 2025 07:34:28  Launched IPS
Oct 11 2025 07:34:28  0 ips_dakota_dynamic connecting to IPS dakota bridge <class 'FileNotFoundError'> [Errno 2] No such file or directory
Starting IPS 0.8.1
IPS SLURM_NODES =  [('nid004907', 256), ('nid005653', 256), ('nid006906', 256)]
Oct 11 2025 07:34:30  About to Create Listener /tmp/ips_dynamic_470129.tmp
Oct 11 2025 07:34:30  Created Listener /tmp/ips_dynamic_470129.tmp
Oct 11 2025 07:34:33  ips_dakota_dynamic received response from IPS  {'SIMSTATUS': 'ACK'}
Oct 11 2025 07:34:33  Launched DAKOTA
Redirecting stdout for fastran_FPP_000001_470129_0000 to /pscratch/sd/h/hswils/github_repos/MANTA_DBSCANS/freq_scan/SCAN/fastran_FPP_000001_470129_0000.out 
Created <class 'fastran.driver.fastran_init.fastran_init'>
Created <class 'fastran.driver.fastran_driver.fastran_driver'>
Created <class 'fastran.equilibrium.efit.efit'>
Created <class 'fastran.solver.fastran.fastran'>
Created <class 'fastran.heating.toray.toray'>
Created <class 'fastran.equilibrium.efit.efit'>
Created <class 'fastran.solver.fastran.fastran'>
Redirecting stdout for fastran_FPP_000001_470129_0001 to /pscratch/sd/h/hswils/github_repos/MANTA_DBSCANS/freq_scan/SCAN/fastran_FPP_000001_470129_0001.out 
Created <class 'fastran.driver.fastran_init.fastran_init'>
Created <class 'fastran.driver.fastran_driver.fastran_driver'>
Created <class 'fastran.equilibrium.efit.efit'>
Created <class 'fastran.solver.fastran.fastran'>
Created <class 'fastran.heating.toray.toray'>
Created <class 'fastran.equilibrium.efit.efit'>
Created <class 'fastran.solver.fastran.fastran'>
Redirecting stdout for fastran_FPP_000001_470129_0002 to /pscratch/sd/h/hswils/github_repos/MANTA_DBSCANS/freq_scan/SCAN/fastran_FPP_000001_470129_0002.out 
Created <class 'fastran.driver.fastran_init.fastran_init'>
Created <class 'fastran.driver.fastran_driver.fastran_driver'>
Created <class 'fastran.equilibrium.efit.efit'>
Created <class 'fastran.solver.fastran.fastran'>
Created <class 'fastran.heating.toray.toray'>
Created <class 'fastran.equilibrium.efit.efit'>
Created <class 'fastran.solver.fastran.fastran'>
Oct 11 2025 09:55:45  Received status = END, returning from dakota_bridge.
Oct 11 2025 09:55:45  ips_dakota_dynamic received response from IPS  {'SIMSTATUS': 'ACK'}
