========================================================================
= FASTRAN

nonlinear model = 1
ichi = 0
ineo = 0
reading state...
read formatted input, inprof...
init geometry...
read formatted input, inmetric...
nrho in inmetric = 101
rhob in inmetric = 1.264116e+00
solve avg grad-shafranv...
solve_avg_gs::Ip_temp = 2.720596e+00 
solve_avg_gs::Ip      = 1.000000e+01 
>>> tau_he = 5.000000, nhe(0)=2.139996e+00

 plasma volume = 148.928330
 stored energy(e,i,b) = 5.725303e+01 5.549698e+01 0.000000e+00
 betan = 1.277841
*power
 Pnb(e,i) = 0.000000e+00 0.000000e+00
 Prf(e,i) = 0.000000e+00 0.000000e+00
 Prad     = -8.968977e+00 
 Pei      = 1.441843e+00 
 Pfuse    = 5.596989e+01 
 Pfusi    = 1.823385e+01 
 Poh      = 0.000000e+00 
*confinement time
 taut, tauITER98y2, H98y2 : 1.728373e+00 1.726344e+00 1.001176e+00
 taue, taui : 1.181870e+00 3.304963e+00
 taut, tau89, H89 : 1.728373e+00 8.504064e-01 2.032408e+00
*temperature
 nea, nebar : 1.816026e+01 2.032971e+01 
 tea, tia : 7.886840e+00 7.940192e+00 (9.932809e-01)
 te0, ti0 : 1.881655e+01 1.901676e+01 (9.894717e-01)
 Sn : 0.000000e+00 
*current balance
 Ip,Ibs,Inb,Irf: 1.000000e+01 1.871159e+00 0.000000e+00 0.000000e+00
 fni,fbs: 0.187 0.187

 plasma volume = 148.928330
 stored energy(e,i,b) = 5.725303e+01 5.549698e+01 0.000000e+00
 betan = 1.277841
*power
 Pnb(e,i) = 0.000000e+00 0.000000e+00
 Prf(e,i) = 0.000000e+00 0.000000e+00
 Prad     = -8.968977e+00 
 Pei      = 1.441843e+00 
 Pfuse    = 5.596989e+01 
 Pfusi    = 1.823385e+01 
 Poh      = 0.000000e+00 
*confinement time
 taut, tauITER98y2, H98y2 : 1.728373e+00 1.726344e+00 1.001176e+00
 taue, taui : 1.181870e+00 3.304963e+00
 taut, tau89, H89 : 1.728373e+00 8.504064e-01 2.032408e+00
*temperature
 nea, nebar : 1.816026e+01 2.032971e+01 
 tea, tia : 7.886840e+00 7.940192e+00 (9.932809e-01)
 te0, ti0 : 1.881655e+01 1.901676e+01 (9.894717e-01)
 Sn : 0.000000e+00 
*current balance
 Ip,Ibs,Inb,Irf: 1.000000e+01 1.871159e+00 0.000000e+00 0.000000e+00
 fni,fbs: 0.187 0.187
 ELAPASED TIME = 0 sec
