NCAPTC: : NetCDF: Variable not found
Warning: ieee_overflow is signaling
Warning: ieee_underflow is signaling
Warning: ieee_inexact is signaling
FORTRAN STOP
 solver
 /global/common/software/atom/perlmutter/data/greentable/
 /global/common/software/atom/perlmutter/data/greentable/

          EFITD Version  07/09/2014


 type mode (2=file, 3=snap, 4=time, 5=input, 6=com file, 7=snap_ext):

 number of time slices?

 type input file names:
 #
 table_dir = </global/common/software/atom/perlmutter/data/greentable/>

  ----- time =     0 ms ----- ( 0)
 it=  1 chi2=0.00E+00 zm= 7.53E-03 err=5.202E+00 dz= 7.535E-03 chigam= 0.00E+00
 it=  2 chi2=0.00E+00 zm= 1.05E-02 err=8.066E-01 dz= 2.932E-03 chigam= 0.00E+00
 it=  3 chi2=0.00E+00 zm= 1.26E-02 err=4.287E-01 dz= 2.153E-03 chigam= 0.00E+00
 it=  4 chi2=0.00E+00 zm= 1.42E-02 err=2.428E-01 dz= 1.605E-03 chigam= 0.00E+00
 it=  5 chi2=0.00E+00 zm= 1.54E-02 err=1.443E-01 dz= 1.213E-03 chigam= 0.00E+00
 it=  6 chi2=0.00E+00 zm= 1.63E-02 err=8.132E-02 dz= 9.023E-04 chigam= 0.00E+00
 it=  7 chi2=0.00E+00 zm= 1.70E-02 err=4.866E-02 dz= 6.789E-04 chigam= 0.00E+00
 it=  8 chi2=0.00E+00 zm= 1.75E-02 err=2.981E-02 dz= 5.042E-04 chigam= 0.00E+00
 it=  9 chi2=0.00E+00 zm= 1.79E-02 err=1.859E-02 dz= 3.730E-04 chigam= 0.00E+00
 it= 10 chi2=0.00E+00 zm= 1.82E-02 err=1.456E-02 dz= 2.826E-04 chigam= 0.00E+00
 it= 11 chi2=0.00E+00 zm= 1.84E-02 err=9.206E-03 dz= 2.090E-04 chigam= 0.00E+00
 it= 12 chi2=0.00E+00 zm= 1.85E-02 err=5.913E-03 dz= 1.540E-04 chigam= 0.00E+00
 it= 13 chi2=0.00E+00 zm= 1.87E-02 err=3.852E-03 dz= 1.131E-04 chigam= 0.00E+00
 it= 14 chi2=0.00E+00 zm= 1.87E-02 err=2.542E-03 dz= 8.288E-05 chigam= 0.00E+00
 it= 15 chi2=0.00E+00 zm= 1.88E-02 err=1.697E-03 dz= 6.060E-05 chigam= 0.00E+00
 it= 16 chi2=0.00E+00 zm= 1.88E-02 err=1.144E-03 dz= 4.425E-05 chigam= 0.00E+00
 it= 17 chi2=0.00E+00 zm= 1.89E-02 err=7.774E-04 dz= 3.227E-05 chigam= 0.00E+00
 it= 18 chi2=0.00E+00 zm= 1.89E-02 err=5.325E-04 dz= 2.352E-05 chigam= 0.00E+00
 it= 19 chi2=0.00E+00 zm= 1.89E-02 err=3.671E-04 dz= 1.712E-05 chigam= 0.00E+00
 it= 20 chi2=0.00E+00 zm= 1.89E-02 err=2.545E-04 dz= 1.246E-05 chigam= 0.00E+00
 it= 21 chi2=0.00E+00 zm= 1.89E-02 err=1.773E-04 dz= 9.070E-06 chigam= 0.00E+00
 it= 22 chi2=0.00E+00 zm= 1.89E-02 err=1.240E-04 dz= 6.597E-06 chigam= 0.00E+00
 it= 23 chi2=0.00E+00 zm= 1.89E-02 err=8.712E-05 dz= 4.798E-06 chigam= 0.00E+00

      ******************** EFITD129 x 129  output ********************

       data used:   
  0 flux loops
  0 magnetic probes(i)
  0 full rogowski
  0 diamagnetic loop


 shot #   =          1 time(ms) =          0 chi**2   =  0.000E+00
 betat(%) =      0.772 betap    =      0.387 li       =      0.854
 vol(cm3) =  0.770E+07 rout(cm) =    172.074 zout(cm) =      0.786
 elong    =      1.342 utriang  =     -0.376 ltriang  =     -0.311
 a(cm)    =     41.304 lin(cm)  = ********** lout(cm) =     10.798
 ltop(cm) = ********** q*       =      2.274 rc(cm)   =    175.787
 zc(cm)   =      1.705 bt0(t)   =      2.000 qout     =      2.175
