========================================================================
= FASTRAN

nonlinear model = 0
ichi = 0
ineo = 0
reading state...
read formatted input, inprof...
init geometry...
read formatted input, inmetric...
nrho in inmetric = 101
rhob in inmetric = 1.263223e+00
solve avg grad-shafranv...
solve_avg_gs::Ip_temp = 9.964482e+00 
solve_avg_gs::Ip      = 1.000000e+01 
>>> tau_he = 5.000000, nhe(0)=2.301770e+00

 plasma volume = 148.631285
 stored energy(e,i,b) = 5.547121e+01 5.274932e+01 0.000000e+00
 betan = 1.228592
*power
 Pnb(e,i) = 0.000000e+00 0.000000e+00
 Prf(e,i) = 2.971798e+01 0.000000e+00
 Prad     = -1.183009e+01 
 Pei      = -3.087369e+00 
 Pfuse    = 5.295580e+01 
 Pfusi    = 1.654757e+01 
 Poh      = 0.000000e+00 
*confinement time
 taut, tauITER98y2, H98y2 : 1.238345e+00 1.439956e+00 8.599883e-01
 taue, taui : 8.186869e-01 2.686503e+00
 taut, tau89, H89 : 1.238345e+00 7.380632e-01 1.677831e+00
*temperature
 nea, nebar : 1.864792e+01 2.142699e+01 
 tea, tia : 7.308841e+00 7.230344e+00 (1.010857e+00)
 te0, ti0 : 1.756892e+01 1.746518e+01 (1.005940e+00)
 Sn : 0.000000e+00 
*current balance
 Ip,Ibs,Inb,Irf: 1.000000e+01 1.880413e+00 0.000000e+00 1.980806e-01
 fni,fbs: 0.208 0.188

Time advancing...
rho_bdry 0.900000 ...
te_bdry = 3.746296
ti_bdry = 3.746213
ne_bdry = 14.494689
rv_bdry = 279.463030
nrho_tr_bdry = 18
drho_bdry = 0.000000e+00
nrhob = 90
 [    0] t = 0.0000 
>>> tau_he = 5.000000, nhe(0)=2.292942e+00
 5     -0.002   3.36e-03   1.08e-01   2.32e-03  -7.24e-03   0.00e+00 (  5.72e-01,  3.00e+01)
10     -0.000   1.61e-04  -1.28e-03  -7.73e-04  -1.18e-03   0.00e+00 (  3.69e-02,  5.85e+01)
15     -0.001   2.30e-04  -2.33e-03  -1.34e-03  -6.79e-03   0.00e+00 (  6.47e-02,  8.47e+01)
20     -0.002   6.52e-04  -3.04e-03  -2.52e-03  -1.26e-02   0.00e+00 (  2.10e-01,  1.08e+02)
25      0.007   2.34e-02  -2.05e-02   4.16e-03   6.68e-02   0.00e+00 (  8.29e+00,  1.29e+02)
30      0.019   8.95e-02  -4.19e-03   9.76e-03   1.96e-01   0.00e+00 (  3.35e+01,  1.45e+02)
35      0.033   1.42e-01   5.47e-02   3.82e-02   3.62e-01   0.00e+00 (  5.31e+01,  1.58e+02)
40      0.049   1.94e-01   1.14e-01   5.37e-02   5.81e-01   0.00e+00 (  7.11e+01,  1.66e+02)
45      0.072   2.48e-01   2.32e-01   1.01e-01   9.10e-01   0.00e+00 (  8.64e+01,  1.71e+02)
50      0.126   3.48e-01   4.36e-01   2.18e-01   1.67e+00   0.00e+00 (  1.12e+02,  1.72e+02)
55      0.214   4.96e-01   7.71e-01   3.89e-01   2.94e+00   0.00e+00 (  1.48e+02,  1.80e+02)
60      0.268   6.35e-01   1.08e+00   6.25e-01   3.82e+00   0.00e+00 (  1.90e+02,  2.19e+02)
65      0.305   7.47e-01   1.34e+00   8.75e-01   4.47e+00   0.00e+00 (  2.16e+02,  2.55e+02)
70      0.331   8.21e-01   1.53e+00   1.09e+00   4.97e+00   0.00e+00 (  2.14e+02,  2.56e+02)
75      0.333   8.49e-01   1.60e+00   1.21e+00   5.12e+00   0.00e+00 (  1.95e+02,  2.43e+02)
80      0.321   8.08e-01   1.55e+00   1.19e+00   5.17e+00   0.00e+00 (  1.60e+02,  2.29e+02)
85      0.346   8.39e-01   1.52e+00   1.11e+00   6.75e+00   0.00e+00 (  1.49e+02,  2.16e+02)
90      0.626   1.40e+00   2.02e+00   1.31e+00   2.22e+01   0.00e+00 (  3.87e+02,  2.04e+02)
95      0.656   1.14e+00   1.64e+00   1.32e+00   4.13e+01   0.00e+00 (  5.98e+02,  1.94e+02)
 0 e: 5.876e-07 i: 4.052e-06 :: e: 0.000e+00 i: 0.000e+00 :: n: 2.762e+01 e:17.569 i:17.465 v:4.993e+03
>>> tau_he = 5.000000, nhe(0)=2.280147e+00
 5     -0.001   3.54e-03   1.26e-01   2.57e-03  -6.45e-03   0.00e+00 (  5.89e-01,  3.00e+01)
10     -0.000   1.52e-04  -1.41e-03  -8.29e-04  -1.37e-03   0.00e+00 (  3.50e-02,  5.85e+01)
15     -0.001   2.30e-04  -2.35e-03  -1.35e-03  -6.82e-03   0.00e+00 (  6.47e-02,  8.47e+01)
20     -0.002   6.59e-04  -3.05e-03  -2.54e-03  -1.28e-02   0.00e+00 (  2.14e-01,  1.08e+02)
25      0.006   3.13e-02  -2.07e-02   4.61e-03   5.21e-02   0.00e+00 (  1.12e+01,  1.29e+02)
30      0.020   9.04e-02  -2.86e-03   9.77e-03   2.06e-01   0.00e+00 (  3.39e+01,  1.45e+02)
35      0.033   1.43e-01   5.68e-02   3.87e-02   3.70e-01   0.00e+00 (  5.35e+01,  1.58e+02)
40      0.051   1.96e-01   1.21e-01   5.47e-02   6.04e-01   0.00e+00 (  7.20e+01,  1.66e+02)
45      0.077   2.53e-01   2.47e-01   1.11e-01   9.65e-01   0.00e+00 (  8.88e+01,  1.71e+02)
50      0.140   3.64e-01   4.74e-01   2.29e-01   1.85e+00   0.00e+00 (  1.17e+02,  1.72e+02)
55      0.217   4.97e-01   7.83e-01   3.96e-01   2.99e+00   0.00e+00 (  1.46e+02,  1.80e+02)
60      0.267   6.32e-01   1.08e+00   6.24e-01   3.80e+00   0.00e+00 (  1.87e+02,  2.19e+02)
65      0.294   7.40e-01   1.32e+00   8.58e-01   4.30e+00   0.00e+00 (  2.14e+02,  2.55e+02)
70      0.318   8.10e-01   1.50e+00   1.06e+00   4.77e+00   0.00e+00 (  2.10e+02,  2.56e+02)
75      0.325   8.38e-01   1.57e+00   1.18e+00   5.00e+00   0.00e+00 (  1.91e+02,  2.43e+02)
80      0.325   8.20e-01   1.58e+00   1.21e+00   5.25e+00   0.00e+00 (  1.65e+02,  2.29e+02)
85      0.363   8.81e-01   1.61e+00   1.21e+00   7.08e+00   0.00e+00 (  1.66e+02,  2.16e+02)
90      0.613   1.39e+00   1.97e+00   1.26e+00   2.17e+01   0.00e+00 (  3.54e+02,  2.04e+02)
95      0.656   1.14e+00   1.64e+00   1.32e+00   4.13e+01   0.00e+00 (  5.98e+02,  1.94e+02)
 1 e: 2.214e-02 i: 2.031e-01 :: e: 1.371e-02 i: 2.134e-02 :: n: 2.762e+01 e:17.546 i:17.378 v:4.993e+03
>>> tau_he = 5.000000, nhe(0)=2.163638e+00
 5     -0.001   4.65e-03   4.09e-01   3.89e-03  -2.75e-03   0.00e+00 (  8.34e-01,  3.00e+01)
10     -0.001   5.43e-05   7.77e-04  -1.18e-04  -5.63e-03   0.00e+00 (  1.97e-02,  5.85e+01)
15     -0.010   1.43e-02  -1.57e-02  -5.59e-03  -6.90e-02   0.00e+00 (  7.71e+00,  8.47e+01)
20     -0.015   9.45e-02  -1.61e-02   1.03e-02  -1.21e-01   0.00e+00 (  6.45e+01,  1.08e+02)
25      0.003   1.69e-01   1.14e-01   4.73e-02   2.72e-02   0.00e+00 (  1.15e+02,  1.29e+02)
30      0.130   2.88e-01   4.06e-01   1.99e-01   1.33e+00   0.00e+00 (  1.63e+02,  1.45e+02)
35      0.177   3.32e-01   5.54e-01   1.88e-01   1.96e+00   0.00e+00 (  1.66e+02,  1.58e+02)
40      0.251   4.17e-01   8.41e-01   3.42e-01   2.99e+00   0.00e+00 (  1.87e+02,  1.66e+02)
45      0.278   4.91e-01   1.12e+00   4.82e-01   3.49e+00   0.00e+00 (  1.94e+02,  1.71e+02)
50      0.242   4.98e-01   1.19e+00   5.22e-01   3.20e+00   0.00e+00 (  1.58e+02,  1.72e+02)
55      0.193   4.64e-01   1.07e+00   5.25e-01   2.66e+00   0.00e+00 (  1.22e+02,  1.80e+02)
60      0.130   4.95e-01   9.35e-01   4.88e-01   1.85e+00   0.00e+00 (  1.32e+02,  2.19e+02)
65      0.052   6.05e-01   7.67e-01   5.22e-01   7.65e-01   0.00e+00 (  1.67e+02,  2.55e+02)
70      0.078   7.30e-01   9.31e-01   6.94e-01   1.17e+00   0.00e+00 (  1.86e+02,  2.56e+02)
75      0.093   7.52e-01   1.01e+00   7.64e-01   1.44e+00   0.00e+00 (  1.76e+02,  2.43e+02)
80      0.119   7.39e-01   1.04e+00   7.68e-01   1.91e+00   0.00e+00 (  1.65e+02,  2.29e+02)
85      0.190   7.89e-01   1.06e+00   7.36e-01   3.70e+00   0.00e+00 (  1.61e+02,  2.16e+02)
90      0.572   1.37e+00   1.85e+00   1.13e+00   2.03e+01   0.00e+00 (  3.47e+02,  2.04e+02)
95      0.656   1.14e+00   1.64e+00   1.32e+00   4.13e+01   0.00e+00 (  5.98e+02,  1.94e+02)
 2 e: 4.947e-02 i: 8.501e-03 :: e: 1.970e-01 i: 4.440e-01 :: n: 2.762e+01 e:21.102 i:16.606 v:4.993e+03
>>> tau_he = 5.000000, nhe(0)=2.340897e+00
 5     -0.002   4.69e-03   3.59e-01   3.77e-03  -7.31e-03   0.00e+00 (  8.88e-01,  3.00e+01)
10     -0.001   1.03e-03  -1.28e-03  -6.02e-04  -5.26e-03   0.00e+00 (  4.13e-01,  5.85e+01)
15     -0.031   5.34e-02  -2.61e-02  -9.52e-03  -2.20e-01   0.00e+00 (  3.22e+01,  8.47e+01)
20     -0.008   1.30e-01   4.58e-02   1.24e-02  -6.65e-02   0.00e+00 (  9.48e+01,  1.08e+02)
25      0.011   1.79e-01   1.20e-01   3.80e-02   1.02e-01   0.00e+00 (  1.26e+02,  1.29e+02)
30      0.094   2.55e-01   3.08e-01   1.48e-01   9.65e-01   0.00e+00 (  1.46e+02,  1.45e+02)
35      0.111   2.57e-01   3.65e-01   1.64e-01   1.23e+00   0.00e+00 (  1.24e+02,  1.58e+02)
40      0.134   2.78e-01   4.68e-01   2.31e-01   1.59e+00   0.00e+00 (  1.10e+02,  1.66e+02)
45      0.155   3.04e-01   5.73e-01   2.44e-01   1.95e+00   0.00e+00 (  9.50e+01,  1.71e+02)
50      0.159   3.13e-01   6.20e-01   2.76e-01   2.11e+00   0.00e+00 (  7.12e+01,  1.72e+02)
55      0.131   2.69e-01   5.41e-01   2.85e-01   1.81e+00   0.00e+00 (  4.73e+01,  1.80e+02)
60      0.120   3.01e-01   5.57e-01   3.05e-01   1.70e+00   0.00e+00 (  5.63e+01,  2.19e+02)
65      0.102   3.68e-01   5.63e-01   3.41e-01   1.49e+00   0.00e+00 (  7.35e+01,  2.55e+02)
70      0.136   4.46e-01   7.09e-01   4.97e-01   2.04e+00   0.00e+00 (  8.11e+01,  2.56e+02)
75      0.163   4.84e-01   8.14e-01   6.02e-01   2.50e+00   0.00e+00 (  7.90e+01,  2.43e+02)
80      0.192   5.26e-01   9.39e-01   6.91e-01   3.10e+00   0.00e+00 (  8.04e+01,  2.29e+02)
85      0.248   6.21e-01   1.04e+00   7.16e-01   4.83e+00   0.00e+00 (  8.55e+01,  2.16e+02)
90      0.582   1.37e+00   1.85e+00   1.14e+00   2.06e+01   0.00e+00 (  3.05e+02,  2.04e+02)
95      0.656   1.14e+00   1.64e+00   1.32e+00   4.13e+01   0.00e+00 (  5.98e+02,  1.94e+02)
 3 e: 9.593e-04 i: 1.621e-02 :: e: 3.906e-01 i: 4.727e-01 :: n: 2.762e+01 e:19.146 i:17.794 v:4.993e+03
>>> tau_he = 5.000000, nhe(0)=2.076798e+00
 5     -0.002   3.57e-03   2.72e-01   3.97e-03  -9.27e-03   0.00e+00 (  8.06e-01,  3.00e+01)
10     -0.001   1.38e-03  -2.50e-03  -8.40e-04  -7.07e-03   0.00e+00 (  6.58e-01,  5.85e+01)
15     -0.018   5.87e-02  -2.26e-02   2.20e-03  -1.29e-01   0.00e+00 (  4.03e+01,  8.47e+01)
20     -0.047   1.19e-01   8.64e-02   2.72e-02  -3.88e-01   0.00e+00 (  9.35e+01,  1.08e+02)
25     -0.007   1.73e-01   1.74e-01   4.97e-02  -6.72e-02   0.00e+00 (  1.27e+02,  1.29e+02)
30      0.089   2.52e-01   3.67e-01   1.92e-01   9.14e-01   0.00e+00 (  1.49e+02,  1.45e+02)
35      0.101   2.54e-01   4.41e-01   1.92e-01   1.13e+00   0.00e+00 (  1.26e+02,  1.58e+02)
40      0.125   2.83e-01   5.53e-01   2.45e-01   1.49e+00   0.00e+00 (  1.14e+02,  1.66e+02)
45      0.138   3.01e-01   6.42e-01   2.57e-01   1.73e+00   0.00e+00 (  9.54e+01,  1.71e+02)
50      0.143   3.03e-01   6.67e-01   3.02e-01   1.89e+00   0.00e+00 (  7.03e+01,  1.72e+02)
55      0.118   2.58e-01   5.68e-01   3.01e-01   1.62e+00   0.00e+00 (  4.69e+01,  1.80e+02)
60      0.095   2.75e-01   5.14e-01   2.63e-01   1.35e+00   0.00e+00 (  5.31e+01,  2.19e+02)
65      0.073   3.64e-01   5.11e-01   2.99e-01   1.07e+00   0.00e+00 (  7.49e+01,  2.55e+02)
70      0.096   4.32e-01   6.01e-01   4.39e-01   1.44e+00   0.00e+00 (  8.03e+01,  2.56e+02)
75      0.114   4.47e-01   6.59e-01   4.94e-01   1.75e+00   0.00e+00 (  7.42e+01,  2.43e+02)
80      0.132   4.51e-01   7.10e-01   5.10e-01   2.13e+00   0.00e+00 (  6.97e+01,  2.29e+02)
85      0.194   5.56e-01   8.04e-01   5.39e-01   3.79e+00   0.00e+00 (  7.71e+01,  2.16e+02)
90      0.570   1.36e+00   1.81e+00   1.10e+00   2.02e+01   0.00e+00 (  3.05e+02,  2.04e+02)
95      0.656   1.14e+00   1.64e+00   1.32e+00   4.13e+01   0.00e+00 (  5.98e+02,  1.94e+02)
 4 e: 1.592e-02 i: 1.355e-03 :: e: 3.987e-01 i: 5.466e-01 :: n: 2.762e+01 e:20.028 i:16.060 v:4.993e+03
>>> tau_he = 5.000000, nhe(0)=2.036367e+00
 5     -0.002   3.29e-03   2.44e-01   3.36e-03  -9.30e-03   0.00e+00 (  6.80e-01,  3.00e+01)
10     -0.002   8.69e-04  -2.76e-03  -8.12e-04  -9.52e-03   0.00e+00 (  3.77e-01,  5.85e+01)
15     -0.015   5.80e-02   1.56e-03  -1.37e-03  -1.06e-01   0.00e+00 (  3.47e+01,  8.47e+01)
20      0.001   1.08e-01   6.79e-02   1.65e-02   6.90e-03   0.00e+00 (  7.04e+01,  1.08e+02)
25      0.010   1.42e-01   1.30e-01   5.76e-02   9.09e-02   0.00e+00 (  8.44e+01,  1.29e+02)
30      0.064   1.90e-01   2.59e-01   1.41e-01   6.55e-01   0.00e+00 (  8.96e+01,  1.45e+02)
35      0.077   1.95e-01   3.13e-01   1.59e-01   8.53e-01   0.00e+00 (  7.65e+01,  1.58e+02)
40      0.095   2.10e-01   3.80e-01   1.86e-01   1.13e+00   0.00e+00 (  6.63e+01,  1.66e+02)
45      0.102   2.12e-01   4.20e-01   1.82e-01   1.28e+00   0.00e+00 (  5.18e+01,  1.71e+02)
50      0.124   2.39e-01   4.86e-01   2.30e-01   1.63e+00   0.00e+00 (  4.24e+01,  1.72e+02)
55      0.116   2.34e-01   4.67e-01   2.61e-01   1.60e+00   0.00e+00 (  3.31e+01,  1.80e+02)
60      0.107   2.55e-01   4.92e-01   2.66e-01   1.53e+00   0.00e+00 (  4.17e+01,  2.19e+02)
65      0.105   3.42e-01   5.49e-01   3.43e-01   1.54e+00   0.00e+00 (  6.21e+01,  2.55e+02)
70      0.112   3.67e-01   5.71e-01   4.07e-01   1.68e+00   0.00e+00 (  6.03e+01,  2.56e+02)
75      0.132   3.88e-01   6.35e-01   4.74e-01   2.02e+00   0.00e+00 (  5.64e+01,  2.43e+02)
80      0.154   4.16e-01   7.17e-01   5.27e-01   2.48e+00   0.00e+00 (  5.53e+01,  2.29e+02)
85      0.210   5.31e-01   8.15e-01   5.47e-01   4.10e+00   0.00e+00 (  6.25e+01,  2.16e+02)
90      0.573   1.36e+00   1.81e+00   1.10e+00   2.03e+01   0.00e+00 (  2.92e+02,  2.04e+02)
95      0.656   1.14e+00   1.64e+00   1.32e+00   4.13e+01   0.00e+00 (  5.98e+02,  1.94e+02)
 5 e: 2.466e-04 i: 8.824e-03 :: e: 4.246e-01 i: 4.806e-01 :: n: 2.762e+01 e:17.293 i:15.807 v:4.993e+03
>>> tau_he = 5.000000, nhe(0)=1.740234e+00
 5     -0.002   2.59e-03   2.00e-01   3.20e-03  -7.53e-03   0.00e+00 (  5.41e-01,  3.00e+01)
10     -0.001   8.06e-04  -2.66e-03  -7.16e-04  -8.63e-03   0.00e+00 (  3.53e-01,  5.85e+01)
15     -0.011   5.79e-02   1.58e-02   4.49e-03  -7.63e-02   0.00e+00 (  3.39e+01,  8.47e+01)
20     -0.009   9.18e-02   8.67e-02   2.63e-02  -7.46e-02   0.00e+00 (  5.74e+01,  1.08e+02)
25      0.005   1.25e-01   1.50e-01   7.50e-02   4.19e-02   0.00e+00 (  7.09e+01,  1.29e+02)
30      0.054   1.75e-01   2.74e-01   1.59e-01   5.58e-01   0.00e+00 (  7.95e+01,  1.45e+02)
35      0.064   1.83e-01   3.26e-01   1.77e-01   7.14e-01   0.00e+00 (  6.95e+01,  1.58e+02)
40      0.079   1.93e-01   3.79e-01   1.83e-01   9.33e-01   0.00e+00 (  5.95e+01,  1.66e+02)
45      0.097   2.08e-01   4.35e-01   1.91e-01   1.22e+00   0.00e+00 (  5.02e+01,  1.71e+02)
50      0.108   2.16e-01   4.69e-01   2.29e-01   1.43e+00   0.00e+00 (  3.81e+01,  1.72e+02)
55      0.104   2.15e-01   4.51e-01   2.52e-01   1.43e+00   0.00e+00 (  3.06e+01,  1.80e+02)
60      0.093   2.38e-01   4.58e-01   2.46e-01   1.33e+00   0.00e+00 (  3.97e+01,  2.19e+02)
65      0.072   3.07e-01   4.37e-01   2.50e-01   1.05e+00   0.00e+00 (  5.71e+01,  2.55e+02)
70      0.092   3.62e-01   5.15e-01   3.79e-01   1.39e+00   0.00e+00 (  6.10e+01,  2.56e+02)
75      0.109   3.69e-01   5.66e-01   4.20e-01   1.68e+00   0.00e+00 (  5.49e+01,  2.43e+02)
80      0.130   3.93e-01   6.31e-01   4.61e-01   2.10e+00   0.00e+00 (  5.33e+01,  2.29e+02)
85      0.192   5.08e-01   7.27e-01   4.75e-01   3.73e+00   0.00e+00 (  6.05e+01,  2.16e+02)
90      0.568   1.36e+00   1.79e+00   1.08e+00   2.01e+01   0.00e+00 (  2.92e+02,  2.04e+02)
95      0.656   1.14e+00   1.64e+00   1.32e+00   4.13e+01   0.00e+00 (  5.98e+02,  1.94e+02)
 6 e: 9.672e-03 i: 8.529e-04 :: e: 4.211e-01 i: 5.080e-01 :: n: 2.762e+01 e:17.104 i:14.107 v:4.993e+03
>>> tau_he = 5.000000, nhe(0)=1.660692e+00
 5     -0.001   2.43e-03   1.87e-01   2.65e-03  -5.76e-03   0.00e+00 (  4.33e-01,  3.00e+01)
10     -0.001   3.79e-04  -1.92e-03  -6.69e-04  -6.57e-03   0.00e+00 (  1.41e-01,  5.85e+01)
15     -0.002   4.18e-02   6.58e-03   1.83e-03  -1.75e-02   0.00e+00 (  2.02e+01,  8.47e+01)
20      0.007   7.09e-02   5.93e-02   2.10e-02   5.91e-02   0.00e+00 (  3.59e+01,  1.08e+02)
25      0.019   9.78e-02   1.06e-01   5.46e-02   1.79e-01   0.00e+00 (  4.47e+01,  1.29e+02)
30      0.038   1.14e-01   1.59e-01   8.81e-02   3.88e-01   0.00e+00 (  4.15e+01,  1.45e+02)
35      0.048   1.26e-01   2.00e-01   1.08e-01   5.30e-01   0.00e+00 (  3.84e+01,  1.58e+02)
40      0.067   1.41e-01   2.40e-01   1.46e-01   7.95e-01   0.00e+00 (  3.50e+01,  1.66e+02)
45      0.080   1.55e-01   3.01e-01   1.58e-01   1.00e+00   0.00e+00 (  2.98e+01,  1.71e+02)
50      0.090   1.75e-01   3.41e-01   2.09e-01   1.19e+00   0.00e+00 (  2.45e+01,  1.72e+02)
55      0.101   2.11e-01   3.97e-01   2.32e-01   1.39e+00   0.00e+00 (  2.43e+01,  1.80e+02)
60      0.098   2.22e-01   4.35e-01   2.40e-01   1.39e+00   0.00e+00 (  3.29e+01,  2.19e+02)
65      0.093   3.03e-01   4.78e-01   2.93e-01   1.36e+00   0.00e+00 (  5.26e+01,  2.55e+02)
70      0.101   3.35e-01   5.10e-01   3.69e-01   1.52e+00   0.00e+00 (  5.28e+01,  2.56e+02)
75      0.119   3.52e-01   5.65e-01   4.23e-01   1.83e+00   0.00e+00 (  4.86e+01,  2.43e+02)
80      0.139   3.72e-01   6.31e-01   4.63e-01   2.24e+00   0.00e+00 (  4.64e+01,  2.29e+02)
85      0.201   5.06e-01   7.41e-01   4.87e-01   3.91e+00   0.00e+00 (  5.49e+01,  2.16e+02)
90      0.570   1.36e+00   1.79e+00   1.08e+00   2.02e+01   0.00e+00 (  2.86e+02,  2.04e+02)
95      0.656   1.14e+00   1.64e+00   1.32e+00   4.13e+01   0.00e+00 (  5.98e+02,  1.94e+02)
 7 e: 2.954e-04 i: 5.190e-03 :: e: 4.527e-01 i: 4.782e-01 :: n: 2.762e+01 e:14.956 i:13.674 v:4.993e+03
>>> tau_he = 5.000000, nhe(0)=1.419894e+00
 5     -0.001   2.05e-03   1.65e-01   2.49e-03  -4.23e-03   0.00e+00 (  3.49e-01,  3.00e+01)
10     -0.001   2.54e-04  -1.58e-03  -5.52e-04  -5.01e-03   0.00e+00 (  9.03e-02,  5.85e+01)
15      0.002   3.47e-02   1.13e-02   3.72e-03   1.14e-02   0.00e+00 (  1.59e+01,  8.47e+01)
20      0.005   6.19e-02   6.43e-02   2.63e-02   4.07e-02   0.00e+00 (  2.94e+01,  1.08e+02)
25      0.021   9.63e-02   1.24e-01   6.21e-02   1.95e-01   0.00e+00 (  4.14e+01,  1.29e+02)
30      0.034   1.07e-01   1.62e-01   9.00e-02   3.51e-01   0.00e+00 (  3.73e+01,  1.45e+02)
35      0.046   1.18e-01   1.79e-01   8.50e-02   5.09e-01   0.00e+00 (  3.45e+01,  1.58e+02)
40      0.057   1.24e-01   2.21e-01   1.48e-01   6.81e-01   0.00e+00 (  2.99e+01,  1.66e+02)
45      0.069   1.34e-01   2.71e-01   1.60e-01   8.66e-01   0.00e+00 (  2.52e+01,  1.71e+02)
50      0.078   1.56e-01   3.09e-01   1.98e-01   1.03e+00   0.00e+00 (  2.13e+01,  1.72e+02)
55      0.091   1.92e-01   3.68e-01   2.14e-01   1.25e+00   0.00e+00 (  2.18e+01,  1.80e+02)
60      0.086   2.04e-01   3.98e-01   2.18e-01   1.23e+00   0.00e+00 (  3.06e+01,  2.19e+02)
65      0.079   2.99e-01   4.40e-01   2.70e-01   1.16e+00   0.00e+00 (  5.28e+01,  2.55e+02)
70      0.088   3.32e-01   4.74e-01   3.50e-01   1.33e+00   0.00e+00 (  5.35e+01,  2.56e+02)
75      0.106   3.40e-01   5.24e-01   3.89e-01   1.62e+00   0.00e+00 (  4.80e+01,  2.43e+02)
80      0.126   3.61e-01   5.83e-01   4.25e-01   2.03e+00   0.00e+00 (  4.58e+01,  2.29e+02)
85      0.190   4.88e-01   6.89e-01   4.44e-01   3.70e+00   0.00e+00 (  5.34e+01,  2.16e+02)
90      0.567   1.36e+00   1.78e+00   1.07e+00   2.01e+01   0.00e+00 (  2.86e+02,  2.04e+02)
95      0.656   1.14e+00   1.64e+00   1.32e+00   4.13e+01   0.00e+00 (  5.98e+02,  1.94e+02)
 8 e: 5.441e-03 i: 4.295e-04 :: e: 4.486e-01 i: 5.044e-01 :: n: 2.762e+01 e:14.623 i:12.432 v:4.993e+03
>>> tau_he = 5.000000, nhe(0)=1.357104e+00
 5     -0.001   1.98e-03   1.59e-01   2.29e-03  -2.82e-03   0.00e+00 (  2.84e-01,  3.00e+01)
10     -0.001   4.10e-05  -1.14e-03  -3.99e-04  -3.02e-03   0.00e+00 (  1.23e-02,  5.85e+01)
15      0.004   2.26e-02   3.54e-03  -2.67e-04   2.67e-02   0.00e+00 (  8.61e+00,  8.47e+01)
20      0.010   4.64e-02   2.54e-02   2.46e-02   8.44e-02   0.00e+00 (  1.83e+01,  1.08e+02)
25      0.024   7.65e-02   7.83e-02   4.87e-02   2.22e-01   0.00e+00 (  2.72e+01,  1.29e+02)
30      0.034   8.61e-02   1.15e-01   6.88e-02   3.52e-01   0.00e+00 (  2.50e+01,  1.45e+02)
35      0.046   9.52e-02   1.48e-01   7.00e-02   5.05e-01   0.00e+00 (  2.33e+01,  1.58e+02)
40      0.052   1.01e-01   1.70e-01   1.22e-01   6.15e-01   0.00e+00 (  2.02e+01,  1.66e+02)
45      0.062   1.19e-01   2.20e-01   1.40e-01   7.85e-01   0.00e+00 (  1.86e+01,  1.71e+02)
50      0.073   1.52e-01   2.63e-01   1.79e-01   9.66e-01   0.00e+00 (  1.69e+01,  1.72e+02)
55      0.089   1.96e-01   3.34e-01   2.02e-01   1.22e+00   0.00e+00 (  1.84e+01,  1.80e+02)
60      0.088   1.96e-01   3.78e-01   2.11e-01   1.25e+00   0.00e+00 (  2.69e+01,  2.19e+02)
65      0.083   2.81e-01   4.31e-01   2.63e-01   1.22e+00   0.00e+00 (  4.75e+01,  2.55e+02)
70      0.094   3.17e-01   4.73e-01   3.45e-01   1.41e+00   0.00e+00 (  4.90e+01,  2.56e+02)
75      0.112   3.29e-01   5.26e-01   3.91e-01   1.72e+00   0.00e+00 (  4.45e+01,  2.43e+02)
80      0.131   3.48e-01   5.83e-01   4.27e-01   2.11e+00   0.00e+00 (  4.18e+01,  2.29e+02)
85      0.198   4.98e-01   7.03e-01   4.55e-01   3.86e+00   0.00e+00 (  5.11e+01,  2.16e+02)
90      0.572   1.36e+00   1.79e+00   1.08e+00   2.03e+01   0.00e+00 (  2.81e+02,  2.04e+02)
95      0.656   1.14e+00   1.64e+00   1.32e+00   4.13e+01   0.00e+00 (  5.98e+02,  1.94e+02)
 9 e: 1.931e-04 i: 2.955e-03 :: e: 4.410e-01 i: 4.987e-01 :: n: 2.762e+01 e:13.134 i:12.115 v:4.993e+03
>>> tau_he = 5.000000, nhe(0)=1.180394e+00
 5     -0.000   1.77e-03   1.50e-01   2.19e-03  -1.90e-03   0.00e+00 (  2.39e-01,  3.00e+01)
10     -0.000   3.02e-05  -8.71e-04  -3.10e-04  -2.12e-03   0.00e+00 (  8.55e-03,  5.85e+01)
15      0.003   1.73e-02   4.37e-03  -7.63e-04   2.47e-02   0.00e+00 (  6.21e+00,  8.47e+01)
20      0.013   4.52e-02   2.76e-02   2.19e-02   1.07e-01   0.00e+00 (  1.68e+01,  1.08e+02)
25      0.021   6.84e-02   7.22e-02   4.49e-02   1.97e-01   0.00e+00 (  2.30e+01,  1.29e+02)
30      0.031   7.81e-02   1.05e-01   6.10e-02   3.13e-01   0.00e+00 (  2.18e+01,  1.45e+02)
35      0.039   8.51e-02   1.32e-01   6.20e-02   4.38e-01   0.00e+00 (  2.03e+01,  1.58e+02)
40      0.046   9.34e-02   1.67e-01   1.02e-01   5.51e-01   0.00e+00 (  1.83e+01,  1.66e+02)
45      0.054   1.05e-01   1.96e-01   1.39e-01   6.75e-01   0.00e+00 (  1.61e+01,  1.71e+02)
50      0.065   1.36e-01   2.40e-01   1.63e-01   8.53e-01   0.00e+00 (  1.48e+01,  1.72e+02)
55      0.081   1.82e-01   3.09e-01   1.91e-01   1.11e+00   0.00e+00 (  1.67e+01,  1.80e+02)
60      0.080   1.84e-01   3.55e-01   1.99e-01   1.14e+00   0.00e+00 (  2.55e+01,  2.19e+02)
65      0.074   2.80e-01   4.04e-01   2.46e-01   1.08e+00   0.00e+00 (  4.81e+01,  2.55e+02)
70      0.085   3.17e-01   4.49e-01   3.33e-01   1.28e+00   0.00e+00 (  4.99e+01,  2.56e+02)
75      0.103   3.25e-01   5.00e-01   3.72e-01   1.58e+00   0.00e+00 (  4.46e+01,  2.43e+02)
80      0.121   3.42e-01   5.46e-01   4.05e-01   1.94e+00   0.00e+00 (  4.16e+01,  2.29e+02)
85      0.192   4.90e-01   6.73e-01   4.30e-01   3.75e+00   0.00e+00 (  5.05e+01,  2.16e+02)
90      0.566   1.36e+00   1.77e+00   1.06e+00   2.01e+01   0.00e+00 (  2.82e+02,  2.04e+02)
95      0.656   1.14e+00   1.64e+00   1.32e+00   4.13e+01   0.00e+00 (  5.98e+02,  1.94e+02)
10 e: 3.016e-03 i: 1.922e-04 :: e: 4.307e-01 i: 5.062e-01 :: n: 2.762e+01 e:12.886 i:11.246 v:4.993e+03
>>> tau_he = 5.000000, nhe(0)=1.141350e+00
 5     -0.000   1.76e-03   1.51e-01   1.91e-03  -1.10e-03   0.00e+00 (  2.03e-01,  3.00e+01)
10     -0.000   3.67e-05  -5.26e-04  -2.51e-04  -8.71e-04   0.00e+00 (  8.85e-03,  5.85e+01)
15      0.002   9.18e-03  -3.18e-03  -4.99e-03   1.21e-02   0.00e+00 (  2.82e+00,  8.47e+01)
20      0.012   3.63e-02   1.79e-02   1.30e-02   9.95e-02   0.00e+00 (  1.15e+01,  1.08e+02)
25      0.019   5.27e-02   4.89e-02   3.14e-02   1.80e-01   0.00e+00 (  1.51e+01,  1.29e+02)
30      0.028   6.01e-02   7.71e-02   4.65e-02   2.85e-01   0.00e+00 (  1.45e+01,  1.45e+02)
35      0.035   6.92e-02   9.98e-02   5.16e-02   3.89e-01   0.00e+00 (  1.42e+01,  1.58e+02)
40      0.042   8.09e-02   1.34e-01   8.04e-02   4.95e-01   0.00e+00 (  1.37e+01,  1.66e+02)
45      0.050   9.65e-02   1.66e-01   1.26e-01   6.23e-01   0.00e+00 (  1.25e+01,  1.71e+02)
50      0.065   1.46e-01   2.27e-01   1.51e-01   8.55e-01   0.00e+00 (  1.31e+01,  1.72e+02)
55      0.080   1.92e-01   2.89e-01   1.83e-01   1.10e+00   0.00e+00 (  1.48e+01,  1.80e+02)
60      0.081   1.80e-01   3.45e-01   1.95e-01   1.16e+00   0.00e+00 (  2.35e+01,  2.19e+02)
65      0.077   2.70e-01   4.02e-01   2.44e-01   1.13e+00   0.00e+00 (  4.51e+01,  2.55e+02)
70      0.089   3.09e-01   4.52e-01   3.33e-01   1.34e+00   0.00e+00 (  4.75e+01,  2.56e+02)
75      0.107   3.20e-01   5.05e-01   3.76e-01   1.65e+00   0.00e+00 (  4.27e+01,  2.43e+02)
80      0.123   3.32e-01   5.48e-01   4.06e-01   1.99e+00   0.00e+00 (  3.91e+01,  2.29e+02)
85      0.196   4.91e-01   6.79e-01   4.37e-01   3.82e+00   0.00e+00 (  4.83e+01,  2.16e+02)
90      0.571   1.36e+00   1.78e+00   1.07e+00   2.02e+01   0.00e+00 (  2.79e+02,  2.04e+02)
95      0.656   1.14e+00   1.64e+00   1.32e+00   4.13e+01   0.00e+00 (  5.98e+02,  1.94e+02)
11 e: 1.010e-04 i: 1.683e-03 :: e: 4.182e-01 i: 4.941e-01 :: n: 2.762e+01 e:11.860 i:11.054 v:4.993e+03
>>> tau_he = 5.000000, nhe(0)=1.014248e+00
 5     -0.000   1.65e-03   1.48e-01   1.87e-03  -5.82e-04   0.00e+00 (  1.79e-01,  3.00e+01)
10     -0.000   3.13e-05  -3.94e-04  -2.11e-04  -7.37e-04   0.00e+00 (  7.14e-03,  5.85e+01)
15      0.001   7.18e-03  -3.01e-03  -4.46e-03   8.05e-03   0.00e+00 (  2.11e+00,  8.47e+01)
20      0.010   3.04e-02   1.54e-02   1.03e-02   8.57e-02   0.00e+00 (  9.20e+00,  1.08e+02)
25      0.017   4.48e-02   4.32e-02   2.72e-02   1.59e-01   0.00e+00 (  1.24e+01,  1.29e+02)
30      0.024   5.39e-02   6.84e-02   4.08e-02   2.46e-01   0.00e+00 (  1.27e+01,  1.45e+02)
35      0.030   6.19e-02   8.65e-02   5.83e-02   3.30e-01   0.00e+00 (  1.25e+01,  1.58e+02)
40      0.036   7.09e-02   1.18e-01   7.17e-02   4.26e-01   0.00e+00 (  1.18e+01,  1.66e+02)
45      0.043   8.51e-02   1.46e-01   1.07e-01   5.40e-01   0.00e+00 (  1.09e+01,  1.71e+02)
50      0.058   1.33e-01   2.08e-01   1.37e-01   7.70e-01   0.00e+00 (  1.16e+01,  1.72e+02)
55      0.075   1.84e-01   2.73e-01   1.79e-01   1.04e+00   0.00e+00 (  1.38e+01,  1.80e+02)
60      0.076   1.72e-01   3.29e-01   1.90e-01   1.09e+00   0.00e+00 (  2.27e+01,  2.19e+02)
65      0.070   2.72e-01   3.84e-01   2.33e-01   1.03e+00   0.00e+00 (  4.63e+01,  2.55e+02)
70      0.083   3.12e-01   4.37e-01   3.26e-01   1.25e+00   0.00e+00 (  4.88e+01,  2.56e+02)
75      0.101   3.18e-01   4.89e-01   3.65e-01   1.55e+00   0.00e+00 (  4.33e+01,  2.43e+02)
80      0.119   3.33e-01   5.32e-01   3.94e-01   1.92e+00   0.00e+00 (  3.96e+01,  2.29e+02)
85      0.192   4.86e-01   6.58e-01   4.18e-01   3.74e+00   0.00e+00 (  4.80e+01,  2.16e+02)
90      0.569   1.36e+00   1.77e+00   1.07e+00   2.02e+01   0.00e+00 (  2.79e+02,  2.04e+02)
95      0.656   1.14e+00   1.64e+00   1.32e+00   4.13e+01   0.00e+00 (  5.98e+02,  1.94e+02)
12 e: 1.675e-03 i: 8.628e-05 :: e: 4.005e-01 i: 4.890e-01 :: n: 2.762e+01 e:11.717 i:10.437 v:4.993e+03
>>> tau_he = 5.000000, nhe(0)=9.937924e-01
 5     -0.000   1.67e-03   1.52e-01   1.70e-03  -7.83e-05   0.00e+00 (  1.57e-01,  3.00e+01)
10     -0.000   3.95e-05  -1.15e-05  -1.80e-04  -6.12e-04   0.00e+00 (  7.81e-03,  5.85e+01)
15     -0.001   7.53e-05  -1.56e-03  -1.16e-03  -5.83e-03   0.00e+00 (  1.93e-02,  8.47e+01)
20      0.009   1.93e-02   6.44e-03   5.16e-03   7.77e-02   0.00e+00 (  5.11e+00,  1.08e+02)
25      0.015   3.34e-02   2.86e-02   1.90e-02   1.40e-01   0.00e+00 (  8.14e+00,  1.29e+02)
30      0.021   4.31e-02   5.07e-02   3.29e-02   2.16e-01   0.00e+00 (  8.98e+00,  1.45e+02)
35      0.026   5.10e-02   6.80e-02   4.64e-02   2.93e-01   0.00e+00 (  9.15e+00,  1.58e+02)
40      0.033   6.40e-02   9.84e-02   6.78e-02   3.88e-01   0.00e+00 (  9.44e+00,  1.66e+02)
45      0.040   8.27e-02   1.28e-01   9.71e-02   5.07e-01   0.00e+00 (  9.24e+00,  1.71e+02)
50      0.056   1.39e-01   1.91e-01   1.30e-01   7.46e-01   0.00e+00 (  1.02e+01,  1.72e+02)
55      0.075   1.98e-01   2.62e-01   1.75e-01   1.03e+00   0.00e+00 (  1.27e+01,  1.80e+02)
60      0.078   1.72e-01   3.25e-01   1.89e-01   1.11e+00   0.00e+00 (  2.16e+01,  2.19e+02)
65      0.073   2.67e-01   3.87e-01   2.35e-01   1.07e+00   0.00e+00 (  4.48e+01,  2.55e+02)
70      0.087   3.09e-01   4.45e-01   3.29e-01   1.30e+00   0.00e+00 (  4.76e+01,  2.56e+02)
75      0.105   3.17e-01   4.97e-01   3.71e-01   1.62e+00   0.00e+00 (  4.25e+01,  2.43e+02)
80      0.121   3.26e-01   5.36e-01   3.97e-01   1.95e+00   0.00e+00 (  3.80e+01,  2.29e+02)
85      0.194   4.87e-01   6.63e-01   4.21e-01   3.78e+00   0.00e+00 (  4.65e+01,  2.16e+02)
90      0.570   1.36e+00   1.77e+00   1.07e+00   2.02e+01   0.00e+00 (  2.77e+02,  2.04e+02)
95      0.656   1.14e+00   1.64e+00   1.32e+00   4.13e+01   0.00e+00 (  5.98e+02,  1.94e+02)
13 e: 5.886e-05 i: 9.450e-04 :: e: 3.770e-01 i: 4.616e-01 :: n: 2.762e+01 e:10.997 i:10.337 v:4.993e+03
>>> tau_he = 5.000000, nhe(0)=9.028894e-01
 5      0.000   1.61e-03   1.52e-01   1.66e-03   2.39e-04   0.00e+00 (  1.43e-01,  3.00e+01)
10     -0.000   3.64e-05   1.43e-04  -1.69e-04  -5.29e-04   0.00e+00 (  6.83e-03,  5.85e+01)
15     -0.001   5.50e-05  -1.27e-03  -9.08e-04  -4.76e-03   0.00e+00 (  1.36e-02,  8.47e+01)
20      0.007   1.47e-02   1.68e-04   1.16e-03   5.70e-02   0.00e+00 (  3.78e+00,  1.08e+02)
25      0.012   2.81e-02   2.31e-02   1.42e-02   1.14e-01   0.00e+00 (  6.70e+00,  1.29e+02)
30      0.018   3.66e-02   4.24e-02   2.91e-02   1.89e-01   0.00e+00 (  7.55e+00,  1.45e+02)
35      0.023   4.79e-02   5.89e-02   4.04e-02   2.51e-01   0.00e+00 (  8.56e+00,  1.58e+02)
40      0.034   6.88e-02   1.21e-01   7.96e-02   4.00e-01   0.00e+00 (  1.01e+01,  1.66e+02)
45      0.035   7.33e-02   1.14e-01   8.29e-02   4.44e-01   0.00e+00 (  8.15e+00,  1.71e+02)
50      0.052   1.29e-01   1.77e-01   1.20e-01   6.83e-01   0.00e+00 (  9.30e+00,  1.72e+02)
55      0.071   1.91e-01   2.51e-01   1.67e-01   9.83e-01   0.00e+00 (  1.20e+01,  1.80e+02)
60      0.074   1.66e-01   3.14e-01   1.83e-01   1.05e+00   0.00e+00 (  2.12e+01,  2.19e+02)
65      0.068   2.71e-01   3.76e-01   2.29e-01   9.98e-01   0.00e+00 (  4.65e+01,  2.55e+02)
70      0.082   3.13e-01   4.37e-01   3.26e-01   1.24e+00   0.00e+00 (  4.93e+01,  2.56e+02)
75      0.101   3.19e-01   4.89e-01   3.65e-01   1.55e+00   0.00e+00 (  4.35e+01,  2.43e+02)
80      0.119   3.29e-01   5.27e-01   3.91e-01   1.91e+00   0.00e+00 (  3.89e+01,  2.29e+02)
85      0.191   4.83e-01   6.50e-01   4.10e-01   3.73e+00   0.00e+00 (  4.64e+01,  2.16e+02)
90      0.569   1.36e+00   1.77e+00   1.07e+00   2.02e+01   0.00e+00 (  2.77e+02,  2.04e+02)
95      0.656   1.14e+00   1.64e+00   1.32e+00   4.13e+01   0.00e+00 (  5.98e+02,  1.94e+02)
14 e: 9.184e-04 i: 4.746e-05 :: e: 3.504e-01 i: 4.388e-01 :: n: 2.762e+01 e:10.938 i:9.893 v:4.993e+03
>>> tau_he = 5.000000, nhe(0)=8.963612e-01
 5      0.000   1.66e-03   1.57e-01   1.61e-03   5.91e-04   0.00e+00 (  1.30e-01,  3.00e+01)
10     -0.000   4.29e-05   2.58e-04  -1.63e-04  -3.87e-04   0.00e+00 (  7.12e-03,  5.85e+01)
15     -0.000   7.26e-05  -1.24e-03  -8.03e-04  -3.55e-03   0.00e+00 (  1.60e-02,  8.47e+01)
20      0.005   9.04e-03  -2.76e-03  -1.53e-03   3.83e-02   0.00e+00 (  2.08e+00,  1.08e+02)
25      0.011   1.95e-02   1.31e-02   1.05e-02   9.77e-02   0.00e+00 (  4.20e+00,  1.29e+02)
30      0.019   3.65e-02   4.02e-02   2.69e-02   1.91e-01   0.00e+00 (  6.84e+00,  1.45e+02)
35      0.020   4.11e-02   4.88e-02   3.46e-02   2.27e-01   0.00e+00 (  6.66e+00,  1.58e+02)
40      0.032   6.29e-02   1.07e-01   7.18e-02   3.78e-01   0.00e+00 (  8.35e+00,  1.66e+02)
45      0.034   7.36e-02   1.04e-01   7.96e-02   4.32e-01   0.00e+00 (  7.29e+00,  1.71e+02)
50      0.051   1.38e-01   1.68e-01   1.16e-01   6.73e-01   0.00e+00 (  8.51e+00,  1.72e+02)
55      0.072   2.09e-01   2.46e-01   1.66e-01   9.89e-01   0.00e+00 (  1.14e+01,  1.80e+02)
60      0.076   1.67e-01   3.15e-01   1.84e-01   1.08e+00   0.00e+00 (  2.07e+01,  2.19e+02)
65      0.071   2.71e-01   3.84e-01   2.34e-01   1.04e+00   0.00e+00 (  4.61e+01,  2.55e+02)
70      0.086   3.14e-01   4.47e-01   3.31e-01   1.29e+00   0.00e+00 (  4.90e+01,  2.56e+02)
75      0.105   3.20e-01   4.99e-01   3.73e-01   1.61e+00   0.00e+00 (  4.33e+01,  2.43e+02)
80      0.120   3.25e-01   5.33e-01   3.95e-01   1.94e+00   0.00e+00 (  3.79e+01,  2.29e+02)
85      0.193   4.85e-01   6.55e-01   4.14e-01   3.76e+00   0.00e+00 (  4.56e+01,  2.16e+02)
90      0.570   1.36e+00   1.77e+00   1.07e+00   2.02e+01   0.00e+00 (  2.76e+02,  2.04e+02)
95      0.656   1.14e+00   1.64e+00   1.32e+00   4.13e+01   0.00e+00 (  5.98e+02,  1.94e+02)
15 e: 5.224e-05 i: 5.199e-04 :: e: 3.151e-01 i: 3.980e-01 :: n: 2.762e+01 e:10.427 i:9.860 v:4.993e+03
>>> tau_he = 5.000000, nhe(0)=8.313968e-01
 5      0.000   1.62e-03   1.59e-01   1.61e-03   7.90e-04   0.00e+00 (  1.22e-01,  3.00e+01)
10     -0.000   3.92e-05   3.50e-04  -1.44e-04  -3.22e-04   0.00e+00 (  6.25e-03,  5.85e+01)
15     -0.000   5.44e-05  -1.27e-03  -8.16e-04  -3.31e-03   0.00e+00 (  1.17e-02,  8.47e+01)
20      0.003   6.13e-03  -3.18e-03  -3.25e-03   2.39e-02   0.00e+00 (  1.39e+00,  1.08e+02)
25      0.008   1.59e-02   1.01e-02   7.32e-03   7.66e-02   0.00e+00 (  3.41e+00,  1.29e+02)
30      0.016   3.26e-02   3.44e-02   2.35e-02   1.65e-01   0.00e+00 (  6.12e+00,  1.45e+02)
35      0.022   4.58e-02   7.05e-02   5.06e-02   2.47e-01   0.00e+00 (  7.48e+00,  1.58e+02)
40      0.029   5.71e-02   9.83e-02   7.17e-02   3.40e-01   0.00e+00 (  7.64e+00,  1.66e+02)
45      0.031   6.75e-02   9.30e-02   7.36e-02   3.96e-01   0.00e+00 (  6.73e+00,  1.71e+02)
50      0.048   1.31e-01   1.55e-01   1.12e-01   6.32e-01   0.00e+00 (  7.98e+00,  1.72e+02)
55      0.070   2.04e-01   2.39e-01   1.61e-01   9.58e-01   0.00e+00 (  1.10e+01,  1.80e+02)
60      0.073   1.64e-01   3.09e-01   1.80e-01   1.04e+00   0.00e+00 (  2.07e+01,  2.19e+02)
65      0.067   2.77e-01   3.78e-01   2.31e-01   9.87e-01   0.00e+00 (  4.80e+01,  2.55e+02)
70      0.083   3.20e-01   4.45e-01   3.31e-01   1.24e+00   0.00e+00 (  5.09e+01,  2.56e+02)
75      0.102   3.24e-01   4.96e-01   3.71e-01   1.56e+00   0.00e+00 (  4.46e+01,  2.43e+02)
80      0.119   3.30e-01   5.30e-01   3.94e-01   1.92e+00   0.00e+00 (  3.91e+01,  2.29e+02)
85      0.192   4.84e-01   6.46e-01   4.10e-01   3.74e+00   0.00e+00 (  4.58e+01,  2.16e+02)
90      0.569   1.36e+00   1.77e+00   1.07e+00   2.02e+01   0.00e+00 (  2.76e+02,  2.04e+02)
95      0.656   1.14e+00   1.64e+00   1.32e+00   4.13e+01   0.00e+00 (  5.98e+02,  1.94e+02)
16 e: 4.969e-04 i: 4.492e-05 :: e: 2.877e-01 i: 3.695e-01 :: n: 2.762e+01 e:10.431 i:9.540 v:4.993e+03
>>> tau_he = 5.000000, nhe(0)=8.345428e-01
 5      0.000   1.68e-03   1.65e-01   1.55e-03   1.04e-03   0.00e+00 (  1.14e-01,  3.00e+01)
10     -0.000   4.36e-05   4.15e-04  -1.38e-04  -2.34e-04   0.00e+00 (  6.26e-03,  5.85e+01)
15     -0.000   5.78e-05  -1.11e-03  -7.33e-04  -2.35e-03   0.00e+00 (  1.13e-02,  8.47e+01)
20      0.002   3.33e-03  -5.68e-03  -1.21e-03   1.44e-02   0.00e+00 (  6.94e-01,  1.08e+02)
25      0.007   1.21e-02   6.51e-03   5.73e-03   6.13e-02   0.00e+00 (  2.40e+00,  1.29e+02)
30      0.015   2.75e-02   2.83e-02   1.99e-02   1.50e-01   0.00e+00 (  4.78e+00,  1.45e+02)
35      0.021   4.11e-02   6.20e-02   4.57e-02   2.31e-01   0.00e+00 (  6.21e+00,  1.58e+02)
40      0.027   5.61e-02   8.95e-02   6.60e-02   3.24e-01   0.00e+00 (  6.92e+00,  1.66e+02)
45      0.031   6.86e-02   8.78e-02   7.12e-02   3.92e-01   0.00e+00 (  6.22e+00,  1.71e+02)
50      0.048   1.43e-01   1.50e-01   1.11e-01   6.34e-01   0.00e+00 (  7.58e+00,  1.72e+02)
55      0.071   2.25e-01   2.37e-01   1.62e-01   9.73e-01   0.00e+00 (  1.06e+01,  1.80e+02)
60      0.076   1.67e-01   3.13e-01   1.83e-01   1.08e+00   0.00e+00 (  2.06e+01,  2.19e+02)
65      0.070   2.79e-01   3.88e-01   2.38e-01   1.03e+00   0.00e+00 (  4.83e+01,  2.55e+02)
70      0.086   3.22e-01   4.57e-01   3.38e-01   1.29e+00   0.00e+00 (  5.12e+01,  2.56e+02)
75      0.105   3.27e-01   5.09e-01   3.80e-01   1.62e+00   0.00e+00 (  4.49e+01,  2.43e+02)
80      0.120   3.27e-01   5.37e-01   3.98e-01   1.94e+00   0.00e+00 (  3.85e+01,  2.29e+02)
85      0.193   4.85e-01   6.54e-01   4.13e-01   3.76e+00   0.00e+00 (  4.53e+01,  2.16e+02)
90      0.570   1.36e+00   1.77e+00   1.07e+00   2.02e+01   0.00e+00 (  2.75e+02,  2.04e+02)
95      0.656   1.14e+00   1.64e+00   1.32e+00   4.13e+01   0.00e+00 (  5.98e+02,  1.94e+02)
17 e: 6.516e-05 i: 2.760e-04 :: e: 2.517e-01 i: 3.280e-01 :: n: 2.762e+01 e:10.065 i:9.555 v:4.993e+03
>>> tau_he = 5.000000, nhe(0)=7.882644e-01
 5      0.000   1.63e-03   1.66e-01   1.73e-03   1.14e-03   0.00e+00 (  1.08e-01,  3.00e+01)
10     -0.000   4.22e-05   5.25e-04  -1.33e-04  -2.58e-04   0.00e+00 (  5.88e-03,  5.85e+01)
15     -0.000   5.44e-05  -1.03e-03  -6.42e-04  -2.14e-03   0.00e+00 (  1.05e-02,  8.47e+01)
20      0.001   2.38e-03  -5.77e-03  -1.41e-03   9.14e-03   0.00e+00 (  4.95e-01,  1.08e+02)
25      0.005   9.73e-03   5.06e-03   4.10e-03   4.70e-02   0.00e+00 (  1.94e+00,  1.29e+02)
30      0.013   2.48e-02   2.42e-02   1.90e-02   1.33e-01   0.00e+00 (  4.37e+00,  1.45e+02)
35      0.019   3.78e-02   5.69e-02   4.39e-02   2.08e-01   0.00e+00 (  5.80e+00,  1.58e+02)
40      0.025   5.05e-02   8.33e-02   6.15e-02   2.96e-01   0.00e+00 (  6.35e+00,  1.66e+02)
45      0.029   6.28e-02   8.13e-02   6.57e-02   3.60e-01   0.00e+00 (  5.80e+00,  1.71e+02)
50      0.046   1.36e-01   1.45e-01   1.06e-01   6.06e-01   0.00e+00 (  7.26e+00,  1.72e+02)
55      0.069   2.21e-01   2.34e-01   1.59e-01   9.56e-01   0.00e+00 (  1.05e+01,  1.80e+02)
60      0.074   1.65e-01   3.11e-01   1.81e-01   1.05e+00   0.00e+00 (  2.08e+01,  2.19e+02)
65      0.068   2.86e-01   3.88e-01   2.38e-01   9.90e-01   0.00e+00 (  5.06e+01,  2.55e+02)
70      0.084   3.29e-01   4.58e-01   3.40e-01   1.26e+00   0.00e+00 (  5.33e+01,  2.56e+02)
75      0.103   3.32e-01   5.10e-01   3.81e-01   1.59e+00   0.00e+00 (  4.64e+01,  2.43e+02)
80      0.120   3.35e-01   5.38e-01   4.01e-01   1.94e+00   0.00e+00 (  4.00e+01,  2.29e+02)
85      0.192   4.84e-01   6.49e-01   4.09e-01   3.74e+00   0.00e+00 (  4.56e+01,  2.16e+02)
90      0.569   1.36e+00   1.77e+00   1.07e+00   2.02e+01   0.00e+00 (  2.76e+02,  2.04e+02)
95      0.656   1.14e+00   1.64e+00   1.32e+00   4.13e+01   0.00e+00 (  5.98e+02,  1.94e+02)
18 e: 2.582e-04 i: 5.864e-05 :: e: 2.286e-01 i: 3.024e-01 :: n: 2.762e+01 e:10.117 i:9.324 v:4.993e+03
>>> tau_he = 5.000000, nhe(0)=7.986562e-01
 5      0.000   1.70e-03   1.72e-01   1.71e-03   1.31e-03   0.00e+00 (  1.02e-01,  3.00e+01)
10     -0.000   4.72e-05   5.91e-04  -1.31e-04  -1.92e-04   0.00e+00 (  6.04e-03,  5.85e+01)
15     -0.000   6.43e-05  -1.00e-03  -5.75e-04  -1.71e-03   0.00e+00 (  1.14e-02,  8.47e+01)
20      0.005   9.44e-03  -3.61e-03  -1.78e-03   4.01e-02   0.00e+00 (  1.83e+00,  1.08e+02)
25      0.004   7.51e-03   3.10e-03   3.43e-03   3.98e-02   0.00e+00 (  1.40e+00,  1.29e+02)
30      0.012   2.28e-02   2.08e-02   1.68e-02   1.25e-01   0.00e+00 (  3.78e+00,  1.45e+02)
35      0.018   3.57e-02   5.21e-02   4.09e-02   2.00e-01   0.00e+00 (  5.15e+00,  1.58e+02)
40      0.025   5.15e-02   7.87e-02   6.00e-02   2.94e-01   0.00e+00 (  6.09e+00,  1.66e+02)
45      0.029   6.48e-02   7.93e-02   6.38e-02   3.61e-01   0.00e+00 (  5.56e+00,  1.71e+02)
50      0.047   1.50e-01   1.44e-01   1.07e-01   6.18e-01   0.00e+00 (  7.11e+00,  1.72e+02)
55      0.071   2.44e-01   2.36e-01   1.61e-01   9.78e-01   0.00e+00 (  1.04e+01,  1.80e+02)
60      0.076   1.69e-01   3.17e-01   1.85e-01   1.09e+00   0.00e+00 (  2.11e+01,  2.19e+02)
65      0.071   2.90e-01   3.99e-01   2.46e-01   1.03e+00   0.00e+00 (  5.13e+01,  2.55e+02)
70      0.087   3.33e-01   4.72e-01   3.48e-01   1.31e+00   0.00e+00 (  5.40e+01,  2.56e+02)
75      0.107   3.37e-01   5.23e-01   3.91e-01   1.64e+00   0.00e+00 (  4.71e+01,  2.43e+02)
80      0.121   3.33e-01   5.47e-01   4.07e-01   1.96e+00   0.00e+00 (  3.97e+01,  2.29e+02)
85      0.194   4.86e-01   6.56e-01   4.15e-01   3.77e+00   0.00e+00 (  4.54e+01,  2.16e+02)
90      0.570   1.36e+00   1.77e+00   1.07e+00   2.02e+01   0.00e+00 (  2.75e+02,  2.04e+02)
95      0.656   1.14e+00   1.64e+00   1.32e+00   4.13e+01   0.00e+00 (  5.98e+02,  1.94e+02)
19 e: 8.723e-05 i: 1.337e-04 :: e: 1.910e-01 i: 2.629e-01 :: n: 2.762e+01 e:9.857 i:9.376 v:4.993e+03
>>> tau_he = 5.000000, nhe(0)=7.666545e-01
 5      0.000   1.69e-03   1.77e-01   1.70e-03   1.39e-03   0.00e+00 (  1.00e-01,  3.00e+01)
10     -0.000   4.48e-05   6.86e-04  -1.26e-04  -1.74e-04   0.00e+00 (  5.64e-03,  5.85e+01)
15     -0.000   5.45e-05  -6.16e-04  -3.66e-04  -1.16e-03   0.00e+00 (  9.61e-03,  8.47e+01)
20      0.000   8.16e-04  -3.79e-04  -1.22e-03   1.64e-03   0.00e+00 (  1.59e-01,  1.08e+02)
25      0.003   5.96e-03   1.75e-03   3.07e-03   3.07e-02   0.00e+00 (  1.13e+00,  1.29e+02)
30      0.011   2.08e-02   1.83e-02   1.62e-02   1.11e-01   0.00e+00 (  3.54e+00,  1.45e+02)
35      0.017   3.36e-02   4.86e-02   4.00e-02   1.84e-01   0.00e+00 (  4.98e+00,  1.58e+02)
40      0.023   4.86e-02   7.47e-02   5.87e-02   2.76e-01   0.00e+00 (  5.91e+00,  1.66e+02)
45      0.027   6.06e-02   7.58e-02   6.06e-02   3.41e-01   0.00e+00 (  5.37e+00,  1.71e+02)
50      0.046   1.44e-01   1.42e-01   1.05e-01   6.02e-01   0.00e+00 (  6.99e+00,  1.72e+02)
55      0.071   2.40e-01   2.35e-01   1.60e-01   9.72e-01   0.00e+00 (  1.04e+01,  1.80e+02)
60      0.075   1.69e-01   3.18e-01   1.85e-01   1.07e+00   0.00e+00 (  2.15e+01,  2.19e+02)
65      0.068   2.99e-01   4.01e-01   2.48e-01   1.00e+00   0.00e+00 (  5.40e+01,  2.55e+02)
70      0.086   3.41e-01   4.75e-01   3.52e-01   1.29e+00   0.00e+00 (  5.62e+01,  2.56e+02)
75      0.105   3.43e-01   5.27e-01   3.94e-01   1.62e+00   0.00e+00 (  4.88e+01,  2.43e+02)
80      0.122   3.39e-01   5.55e-01   4.08e-01   1.97e+00   0.00e+00 (  4.11e+01,  2.29e+02)
85      0.193   4.85e-01   6.55e-01   4.14e-01   3.76e+00   0.00e+00 (  4.59e+01,  2.16e+02)
90      0.570   1.36e+00   1.77e+00   1.07e+00   2.02e+01   0.00e+00 (  2.76e+02,  2.04e+02)
95      0.656   1.14e+00   1.64e+00   1.32e+00   4.13e+01   0.00e+00 (  5.98e+02,  1.94e+02)
20 e: 1.218e-04 i: 8.017e-05 :: e: 1.725e-01 i: 2.371e-01 :: n: 2.762e+01 e:9.945 i:9.216 v:4.993e+03
>>> tau_he = 5.000000, nhe(0)=7.830342e-01
 5      0.000   1.76e-03   1.83e-01   1.70e-03   1.52e-03   0.00e+00 (  9.72e-02,  3.00e+01)
10     -0.000   4.96e-05   7.49e-04  -1.26e-04  -1.27e-04   0.00e+00 (  5.83e-03,  5.85e+01)
15     -0.000   6.06e-05  -5.51e-04  -3.15e-04  -9.14e-04   0.00e+00 (  1.00e-02,  8.47e+01)
20      0.000   5.46e-04  -5.98e-04  -1.01e-03   7.10e-04   0.00e+00 (  1.01e-01,  1.08e+02)
25      0.003   5.12e-03   1.18e-03   2.42e-03   2.67e-02   0.00e+00 (  9.31e-01,  1.29e+02)
30      0.011   1.92e-02   1.69e-02   1.51e-02   1.09e-01   0.00e+00 (  3.13e+00,  1.45e+02)
35      0.016   3.29e-02   4.64e-02   3.85e-02   1.83e-01   0.00e+00 (  4.67e+00,  1.58e+02)
40      0.023   4.94e-02   7.29e-02   5.78e-02   2.79e-01   0.00e+00 (  5.75e+00,  1.66e+02)
45      0.028   6.45e-02   7.71e-02   6.24e-02   3.56e-01   0.00e+00 (  5.42e+00,  1.71e+02)
50      0.047   1.59e-01   1.44e-01   1.07e-01   6.22e-01   0.00e+00 (  7.03e+00,  1.72e+02)
55      0.073   2.63e-01   2.39e-01   1.64e-01   1.00e+00   0.00e+00 (  1.04e+01,  1.80e+02)
60      0.078   1.73e-01   3.26e-01   1.89e-01   1.11e+00   0.00e+00 (  2.20e+01,  2.19e+02)
65      0.071   3.02e-01   4.14e-01   2.56e-01   1.05e+00   0.00e+00 (  5.46e+01,  2.55e+02)
70      0.089   3.45e-01   4.89e-01   3.59e-01   1.33e+00   0.00e+00 (  5.70e+01,  2.56e+02)
75      0.109   3.48e-01   5.41e-01   4.04e-01   1.67e+00   0.00e+00 (  4.97e+01,  2.43e+02)
80      0.126   3.43e-01   5.69e-01   4.18e-01   2.03e+00   0.00e+00 (  4.17e+01,  2.29e+02)
85      0.194   4.87e-01   6.63e-01   4.21e-01   3.79e+00   0.00e+00 (  4.59e+01,  2.16e+02)
90      0.570   1.36e+00   1.77e+00   1.07e+00   2.02e+01   0.00e+00 (  2.76e+02,  2.04e+02)
95      0.656   1.14e+00   1.64e+00   1.32e+00   4.13e+01   0.00e+00 (  5.98e+02,  1.94e+02)
21 e: 1.146e-04 i: 5.429e-05 :: e: 1.427e-01 i: 1.999e-01 :: n: 2.762e+01 e:9.768 i:9.298 v:4.993e+03
>>> tau_he = 5.000000, nhe(0)=7.625567e-01
 5      0.000   1.76e-03   1.89e-01   1.72e-03   1.59e-03   0.00e+00 (  9.71e-02,  3.00e+01)
10     -0.000   4.76e-05   8.37e-04  -1.23e-04  -1.20e-04   0.00e+00 (  5.56e-03,  5.85e+01)
15     -0.000   5.80e-05  -4.59e-04  -2.60e-04  -8.35e-04   0.00e+00 (  9.64e-03,  8.47e+01)
20     -0.000   3.66e-04  -6.74e-04  -8.71e-04  -1.91e-04   0.00e+00 (  6.88e-02,  1.08e+02)
25      0.002   4.34e-03   9.77e-04   1.81e-03   2.20e-02   0.00e+00 (  8.10e-01,  1.29e+02)
30      0.010   1.91e-02   1.59e-02   1.41e-02   1.01e-01   0.00e+00 (  3.22e+00,  1.45e+02)
35      0.016   3.28e-02   4.50e-02   3.76e-02   1.73e-01   0.00e+00 (  4.83e+00,  1.58e+02)
40      0.023   4.73e-02   7.15e-02   5.67e-02   2.68e-01   0.00e+00 (  5.73e+00,  1.66e+02)
45      0.027   6.19e-02   7.61e-02   6.11e-02   3.46e-01   0.00e+00 (  5.42e+00,  1.71e+02)
50      0.047   1.54e-01   1.44e-01   1.07e-01   6.17e-01   0.00e+00 (  7.08e+00,  1.72e+02)
55      0.073   2.60e-01   2.40e-01   1.65e-01   1.00e+00   0.00e+00 (  1.06e+01,  1.80e+02)
60      0.078   1.73e-01   3.29e-01   1.90e-01   1.11e+00   0.00e+00 (  2.26e+01,  2.19e+02)
65      0.070   3.12e-01   4.17e-01   2.60e-01   1.02e+00   0.00e+00 (  5.74e+01,  2.55e+02)
70      0.088   3.53e-01   4.94e-01   3.65e-01   1.32e+00   0.00e+00 (  5.93e+01,  2.56e+02)
75      0.108   3.54e-01   5.46e-01   4.08e-01   1.66e+00   0.00e+00 (  5.14e+01,  2.43e+02)
80      0.125   3.48e-01   5.71e-01   4.21e-01   2.01e+00   0.00e+00 (  4.30e+01,  2.29e+02)
85      0.194   4.86e-01   6.63e-01   4.21e-01   3.78e+00   0.00e+00 (  4.65e+01,  2.16e+02)
90      0.570   1.36e+00   1.77e+00   1.07e+00   2.02e+01   0.00e+00 (  2.77e+02,  2.04e+02)
95      0.656   1.14e+00   1.64e+00   1.32e+00   4.13e+01   0.00e+00 (  5.98e+02,  1.94e+02)
22 e: 4.793e-05 i: 1.058e-04 :: e: 1.234e-01 i: 1.776e-01 :: n: 2.762e+01 e:9.890 i:9.195 v:4.993e+03
>>> tau_he = 5.000000, nhe(0)=7.843558e-01
 5      0.000   1.83e-03   1.94e-01   1.71e-03   1.69e-03   0.00e+00 (  9.60e-02,  3.00e+01)
10     -0.000   5.21e-05   8.92e-04  -1.23e-04  -8.70e-05   0.00e+00 (  5.79e-03,  5.85e+01)
15     -0.000   6.33e-05  -4.19e-04  -2.33e-04  -6.95e-04   0.00e+00 (  1.00e-02,  8.47e+01)
20     -0.000   2.08e-04  -7.53e-04  -7.56e-04  -8.37e-04   0.00e+00 (  3.77e-02,  1.08e+02)
25      0.005   8.49e-03  -2.12e-03   1.61e-03   4.43e-02   0.00e+00 (  1.54e+00,  1.29e+02)
30      0.010   1.93e-02   1.56e-02   1.41e-02   1.04e-01   0.00e+00 (  3.17e+00,  1.45e+02)
35      0.016   3.22e-02   4.48e-02   3.74e-02   1.78e-01   0.00e+00 (  4.62e+00,  1.58e+02)
40      0.023   4.91e-02   7.22e-02   5.73e-02   2.78e-01   0.00e+00 (  5.80e+00,  1.66e+02)
45      0.029   6.67e-02   7.96e-02   6.44e-02   3.68e-01   0.00e+00 (  5.65e+00,  1.71e+02)
50      0.049   1.69e-01   1.48e-01   1.11e-01   6.45e-01   0.00e+00 (  7.27e+00,  1.72e+02)
55      0.075   2.81e-01   2.46e-01   1.69e-01   1.03e+00   0.00e+00 (  1.08e+01,  1.80e+02)
60      0.080   1.78e-01   3.39e-01   1.95e-01   1.14e+00   0.00e+00 (  2.32e+01,  2.19e+02)
65      0.073   3.15e-01   4.30e-01   2.68e-01   1.07e+00   0.00e+00 (  5.82e+01,  2.55e+02)
70      0.091   3.58e-01   5.08e-01   3.73e-01   1.36e+00   0.00e+00 (  6.03e+01,  2.56e+02)
75      0.111   3.63e-01   5.61e-01   4.23e-01   1.70e+00   0.00e+00 (  5.29e+01,  2.43e+02)
80      0.128   3.53e-01   5.86e-01   4.31e-01   2.07e+00   0.00e+00 (  4.37e+01,  2.29e+02)
85      0.196   4.89e-01   6.72e-01   4.31e-01   3.81e+00   0.00e+00 (  4.68e+01,  2.16e+02)
90      0.571   1.36e+00   1.78e+00   1.07e+00   2.02e+01   0.00e+00 (  2.77e+02,  2.04e+02)
95      0.656   1.14e+00   1.64e+00   1.32e+00   4.13e+01   0.00e+00 (  5.98e+02,  1.94e+02)
23 e: 1.440e-04 i: 1.534e-05 :: e: 1.024e-01 i: 1.456e-01 :: n: 2.762e+01 e:9.782 i:9.304 v:4.993e+03
>>> tau_he = 5.000000, nhe(0)=7.735467e-01
 5      0.000   1.89e-03   2.04e-01   1.53e-03   1.82e-03   0.00e+00 (  9.98e-02,  3.00e+01)
10     -0.000   5.03e-05   9.67e-04  -1.20e-04  -8.92e-05   0.00e+00 (  5.64e-03,  5.85e+01)
15     -0.000   6.21e-05  -3.34e-04  -2.06e-04  -6.83e-04   0.00e+00 (  1.00e-02,  8.47e+01)
20     -0.000   1.13e-04  -7.50e-04  -6.77e-04  -1.35e-03   0.00e+00 (  2.10e-02,  1.08e+02)
25      0.005   8.19e-03  -2.39e-03   1.36e-03   4.23e-02   0.00e+00 (  1.53e+00,  1.29e+02)
30      0.010   1.94e-02   1.56e-02   1.41e-02   1.02e-01   0.00e+00 (  3.31e+00,  1.45e+02)
35      0.016   3.23e-02   4.50e-02   3.77e-02   1.75e-01   0.00e+00 (  4.85e+00,  1.58e+02)
40      0.023   4.83e-02   7.29e-02   5.76e-02   2.74e-01   0.00e+00 (  5.98e+00,  1.66e+02)
45      0.029   6.54e-02   8.09e-02   6.47e-02   3.67e-01   0.00e+00 (  5.83e+00,  1.71e+02)
50      0.049   1.64e-01   1.50e-01   1.12e-01   6.49e-01   0.00e+00 (  7.47e+00,  1.72e+02)
55      0.076   2.77e-01   2.49e-01   1.71e-01   1.04e+00   0.00e+00 (  1.10e+01,  1.80e+02)
60      0.080   1.80e-01   3.43e-01   1.96e-01   1.14e+00   0.00e+00 (  2.40e+01,  2.19e+02)
65      0.072   3.24e-01   4.35e-01   2.73e-01   1.05e+00   0.00e+00 (  6.10e+01,  2.55e+02)
70      0.090   3.65e-01   5.14e-01   3.78e-01   1.35e+00   0.00e+00 (  6.24e+01,  2.56e+02)
75      0.110   3.66e-01   5.66e-01   4.23e-01   1.70e+00   0.00e+00 (  5.42e+01,  2.43e+02)
80      0.127   3.59e-01   5.89e-01   4.35e-01   2.05e+00   0.00e+00 (  4.52e+01,  2.29e+02)
85      0.196   4.90e-01   6.74e-01   4.33e-01   3.81e+00   0.00e+00 (  4.75e+01,  2.16e+02)
90      0.571   1.36e+00   1.78e+00   1.07e+00   2.02e+01   0.00e+00 (  2.78e+02,  2.04e+02)
95      0.656   1.14e+00   1.64e+00   1.32e+00   4.13e+01   0.00e+00 (  5.98e+02,  1.94e+02)
24 e: 1.389e-05 i: 1.326e-04 :: e: 8.678e-02 i: 1.265e-01 :: n: 2.762e+01 e:9.935 i:9.250 v:4.993e+03
>>> tau_he = 5.000000, nhe(0)=8.002860e-01
 5      0.000   1.97e-03   2.09e-01   1.52e-03   1.92e-03   0.00e+00 (  1.00e-01,  3.00e+01)
10     -0.000   5.45e-05   1.01e-03  -1.20e-04  -6.84e-05   0.00e+00 (  5.91e-03,  5.85e+01)
15     -0.000   6.69e-05  -3.21e-04  -1.96e-04  -6.13e-04   0.00e+00 (  1.05e-02,  8.47e+01)
20     -0.000   5.72e-05  -7.75e-04  -6.42e-04  -1.57e-03   0.00e+00 (  1.04e-02,  1.08e+02)
25      0.005   8.41e-03  -2.57e-03   1.42e-03   4.37e-02   0.00e+00 (  1.55e+00,  1.29e+02)
30      0.011   2.05e-02   1.62e-02   1.50e-02   1.09e-01   0.00e+00 (  3.46e+00,  1.45e+02)
35      0.017   3.47e-02   4.63e-02   3.87e-02   1.85e-01   0.00e+00 (  5.17e+00,  1.58e+02)
40      0.024   5.10e-02   7.55e-02   5.95e-02   2.90e-01   0.00e+00 (  6.25e+00,  1.66e+02)
45      0.032   7.16e-02   8.69e-02   7.14e-02   4.00e-01   0.00e+00 (  6.29e+00,  1.71e+02)
50      0.052   1.77e-01   1.60e-01   1.14e-01   6.82e-01   0.00e+00 (  7.76e+00,  1.72e+02)
55      0.079   2.95e-01   2.56e-01   1.76e-01   1.08e+00   0.00e+00 (  1.14e+01,  1.80e+02)
60      0.083   1.85e-01   3.54e-01   2.02e-01   1.18e+00   0.00e+00 (  2.47e+01,  2.19e+02)
65      0.074   3.29e-01   4.48e-01   2.81e-01   1.09e+00   0.00e+00 (  6.20e+01,  2.55e+02)
70      0.093   3.70e-01   5.27e-01   3.86e-01   1.40e+00   0.00e+00 (  6.34e+01,  2.56e+02)
75      0.113   3.75e-01   5.81e-01   4.38e-01   1.74e+00   0.00e+00 (  5.58e+01,  2.43e+02)
80      0.131   3.63e-01   6.04e-01   4.45e-01   2.11e+00   0.00e+00 (  4.59e+01,  2.29e+02)
85      0.197   4.92e-01   6.83e-01   4.41e-01   3.84e+00   0.00e+00 (  4.80e+01,  2.16e+02)
90      0.571   1.36e+00   1.78e+00   1.07e+00   2.02e+01   0.00e+00 (  2.78e+02,  2.04e+02)
95      0.656   1.14e+00   1.64e+00   1.32e+00   4.13e+01   0.00e+00 (  5.98e+02,  1.94e+02)
25 e: 1.742e-04 i: 2.562e-06 :: e: 6.942e-02 i: 9.854e-02 :: n: 2.762e+01 e:9.884 i:9.384 v:4.993e+03
>>> tau_he = 5.000000, nhe(0)=7.979649e-01
 5      0.000   1.98e-03   2.15e-01   1.55e-03   1.95e-03   0.00e+00 (  1.03e-01,  3.00e+01)
10     -0.000   5.41e-05   1.13e-03  -1.15e-04  -9.44e-05   0.00e+00 (  6.00e-03,  5.85e+01)
15     -0.000   6.53e-05  -2.84e-04  -1.80e-04  -6.40e-04   0.00e+00 (  1.05e-02,  8.47e+01)
20     -0.000   5.35e-05  -7.68e-04  -6.37e-04  -1.70e-03   0.00e+00 (  1.01e-02,  1.08e+02)
25      0.002   4.15e-03   6.52e-04   1.46e-03   2.06e-02   0.00e+00 (  7.97e-01,  1.29e+02)
30      0.011   2.15e-02   1.73e-02   1.59e-02   1.13e-01   0.00e+00 (  3.80e+00,  1.45e+02)
35      0.017   3.49e-02   4.81e-02   4.01e-02   1.88e-01   0.00e+00 (  5.45e+00,  1.58e+02)
40      0.025   5.02e-02   7.82e-02   6.11e-02   2.94e-01   0.00e+00 (  6.50e+00,  1.66e+02)
45      0.032   7.15e-02   9.04e-02   7.33e-02   4.08e-01   0.00e+00 (  6.66e+00,  1.71e+02)
50      0.053   1.74e-01   1.61e-01   1.19e-01   6.95e-01   0.00e+00 (  8.13e+00,  1.72e+02)
55      0.080   2.89e-01   2.62e-01   1.79e-01   1.10e+00   0.00e+00 (  1.17e+01,  1.80e+02)
60      0.083   1.87e-01   3.59e-01   2.04e-01   1.18e+00   0.00e+00 (  2.56e+01,  2.19e+02)
65      0.062   3.14e-01   4.05e-01   2.36e-01   9.04e-01   0.00e+00 (  6.02e+01,  2.55e+02)
70      0.093   3.77e-01   5.34e-01   3.91e-01   1.39e+00   0.00e+00 (  6.55e+01,  2.56e+02)
75      0.113   3.82e-01   5.87e-01   4.43e-01   1.73e+00   0.00e+00 (  5.75e+01,  2.43e+02)
80      0.130   3.70e-01   6.09e-01   4.49e-01   2.10e+00   0.00e+00 (  4.75e+01,  2.29e+02)
85      0.197   4.92e-01   6.87e-01   4.44e-01   3.84e+00   0.00e+00 (  4.87e+01,  2.16e+02)
90      0.571   1.36e+00   1.78e+00   1.08e+00   2.02e+01   0.00e+00 (  2.79e+02,  2.04e+02)
95      0.656   1.14e+00   1.64e+00   1.32e+00   4.13e+01   0.00e+00 (  5.98e+02,  1.94e+02)
26 e: 6.663e-06 i: 1.601e-04 :: e: 6.107e-02 i: 8.971e-02 :: n: 2.762e+01 e:10.066 i:9.373 v:4.993e+03
>>> tau_he = 5.000000, nhe(0)=8.294551e-01
 5      0.000   2.05e-03   2.20e-01   1.55e-03   2.02e-03   0.00e+00 (  1.05e-01,  3.00e+01)
10     -0.000   5.82e-05   1.16e-03  -1.14e-04  -8.32e-05   0.00e+00 (  6.35e-03,  5.85e+01)
15     -0.000   6.98e-05  -2.98e-04  -1.84e-04  -6.24e-04   0.00e+00 (  1.11e-02,  8.47e+01)
20     -0.000   6.06e-05  -7.89e-04  -6.61e-04  -1.69e-03   0.00e+00 (  1.13e-02,  1.08e+02)
25      0.003   4.83e-03   6.40e-04   1.82e-03   2.44e-02   0.00e+00 (  9.29e-01,  1.29e+02)
30      0.012   2.34e-02   1.89e-02   1.77e-02   1.24e-01   0.00e+00 (  4.15e+00,  1.45e+02)
35      0.018   3.71e-02   5.07e-02   4.19e-02   2.02e-01   0.00e+00 (  5.82e+00,  1.58e+02)
40      0.026   5.25e-02   8.24e-02   6.14e-02   3.08e-01   0.00e+00 (  6.82e+00,  1.66e+02)
45      0.034   7.57e-02   9.82e-02   7.68e-02   4.30e-01   0.00e+00 (  7.03e+00,  1.71e+02)
50      0.055   1.84e-01   1.72e-01   1.22e-01   7.30e-01   0.00e+00 (  8.50e+00,  1.72e+02)
55      0.082   3.04e-01   2.69e-01   1.84e-01   1.13e+00   0.00e+00 (  1.21e+01,  1.80e+02)
60      0.085   1.92e-01   3.69e-01   2.06e-01   1.21e+00   0.00e+00 (  2.64e+01,  2.19e+02)
65      0.064   3.18e-01   4.20e-01   2.46e-01   9.44e-01   0.00e+00 (  6.14e+01,  2.55e+02)
70      0.095   3.82e-01   5.47e-01   3.99e-01   1.43e+00   0.00e+00 (  6.65e+01,  2.56e+02)
75      0.115   3.87e-01   6.00e-01   4.52e-01   1.78e+00   0.00e+00 (  5.84e+01,  2.43e+02)
80      0.133   3.74e-01   6.23e-01   4.59e-01   2.15e+00   0.00e+00 (  4.82e+01,  2.29e+02)
85      0.198   4.95e-01   6.96e-01   4.52e-01   3.86e+00   0.00e+00 (  4.93e+01,  2.16e+02)
90      0.572   1.36e+00   1.78e+00   1.08e+00   2.03e+01   0.00e+00 (  2.79e+02,  2.04e+02)
95      0.656   1.14e+00   1.64e+00   1.32e+00   4.13e+01   0.00e+00 (  5.98e+02,  1.94e+02)
27 e: 2.066e-04 i: 7.492e-06 :: e: 5.089e-02 i: 6.534e-02 :: n: 2.762e+01 e:10.067 i:9.529 v:4.993e+03
>>> tau_he = 5.000000, nhe(0)=8.349872e-01
 5      0.000   2.07e-03   2.24e-01   1.58e-03   2.04e-03   0.00e+00 (  1.09e-01,  3.00e+01)
10     -0.000   5.67e-05   1.22e-03  -1.12e-04  -1.04e-04   0.00e+00 (  6.38e-03,  5.85e+01)
15     -0.000   6.85e-05  -2.92e-04  -1.83e-04  -6.96e-04   0.00e+00 (  1.13e-02,  8.47e+01)
20     -0.000   1.35e-04  -7.83e-04  -7.23e-04  -1.51e-03   0.00e+00 (  2.64e-02,  1.08e+02)
25      0.003   5.73e-03   8.24e-04   2.27e-03   2.80e-02   0.00e+00 (  1.16e+00,  1.29e+02)
30      0.013   2.68e-02   2.10e-02   1.96e-02   1.31e-01   0.00e+00 (  5.01e+00,  1.45e+02)
35      0.019   4.07e-02   5.39e-02   4.42e-02   2.08e-01   0.00e+00 (  6.72e+00,  1.58e+02)
40      0.027   5.48e-02   8.66e-02   6.40e-02   3.17e-01   0.00e+00 (  7.54e+00,  1.66e+02)
45      0.035   7.64e-02   1.03e-01   7.97e-02   4.43e-01   0.00e+00 (  7.55e+00,  1.71e+02)
50      0.056   1.80e-01   1.78e-01   1.25e-01   7.45e-01   0.00e+00 (  8.92e+00,  1.72e+02)
55      0.084   2.98e-01   2.76e-01   1.87e-01   1.15e+00   0.00e+00 (  1.26e+01,  1.80e+02)
60      0.086   1.95e-01   3.76e-01   2.09e-01   1.22e+00   0.00e+00 (  2.75e+01,  2.19e+02)
65      0.064   3.29e-01   4.29e-01   2.52e-01   9.39e-01   0.00e+00 (  6.44e+01,  2.55e+02)
70      0.095   3.89e-01   5.55e-01   4.05e-01   1.43e+00   0.00e+00 (  6.86e+01,  2.56e+02)
75      0.115   3.93e-01   6.07e-01   4.57e-01   1.77e+00   0.00e+00 (  6.01e+01,  2.43e+02)
80      0.133   3.80e-01   6.28e-01   4.64e-01   2.14e+00   0.00e+00 (  4.98e+01,  2.29e+02)
85      0.198   4.96e-01   7.00e-01   4.55e-01   3.87e+00   0.00e+00 (  5.01e+01,  2.16e+02)
90      0.572   1.36e+00   1.78e+00   1.08e+00   2.03e+01   0.00e+00 (  2.80e+02,  2.04e+02)
95      0.656   1.14e+00   1.64e+00   1.32e+00   4.13e+01   0.00e+00 (  5.98e+02,  1.94e+02)
28 e: 1.537e-05 i: 1.859e-04 :: e: 3.716e-02 i: 4.990e-02 :: n: 2.762e+01 e:10.278 i:9.557 v:4.993e+03
>>> tau_he = 5.000000, nhe(0)=8.712072e-01
 5      0.000   2.13e-03   2.28e-01   1.59e-03   2.09e-03   0.00e+00 (  1.13e-01,  3.00e+01)
10     -0.000   6.03e-05   1.23e-03  -1.10e-04  -1.04e-04   0.00e+00 (  6.79e-03,  5.85e+01)
15     -0.000   7.27e-05  -3.33e-04  -2.02e-04  -7.36e-04   0.00e+00 (  1.20e-02,  8.47e+01)
20     -0.000   2.40e-04  -8.16e-04  -8.22e-04  -1.12e-03   0.00e+00 (  4.73e-02,  1.08e+02)
25      0.004   6.98e-03   1.02e-03   2.99e-03   3.45e-02   0.00e+00 (  1.43e+00,  1.29e+02)
30      0.014   2.94e-02   2.44e-02   1.92e-02   1.45e-01   0.00e+00 (  5.56e+00,  1.45e+02)
35      0.020   4.31e-02   5.79e-02   4.41e-02   2.24e-01   0.00e+00 (  7.21e+00,  1.58e+02)
40      0.029   5.85e-02   9.21e-02   6.80e-02   3.40e-01   0.00e+00 (  8.15e+00,  1.66e+02)
45      0.038   8.13e-02   1.11e-01   8.50e-02   4.73e-01   0.00e+00 (  8.12e+00,  1.71e+02)
50      0.059   1.90e-01   1.86e-01   1.32e-01   7.85e-01   0.00e+00 (  9.46e+00,  1.72e+02)
55      0.086   3.05e-01   2.84e-01   1.88e-01   1.19e+00   0.00e+00 (  1.30e+01,  1.80e+02)
60      0.089   2.01e-01   3.87e-01   2.14e-01   1.26e+00   0.00e+00 (  2.85e+01,  2.19e+02)
65      0.067   3.31e-01   4.44e-01   2.61e-01   9.78e-01   0.00e+00 (  6.53e+01,  2.55e+02)
70      0.098   3.93e-01   5.68e-01   4.13e-01   1.47e+00   0.00e+00 (  6.97e+01,  2.56e+02)
75      0.118   3.98e-01   6.19e-01   4.66e-01   1.81e+00   0.00e+00 (  6.11e+01,  2.43e+02)
80      0.136   3.84e-01   6.42e-01   4.73e-01   2.19e+00   0.00e+00 (  5.06e+01,  2.29e+02)
85      0.200   4.99e-01   7.10e-01   4.63e-01   3.89e+00   0.00e+00 (  5.07e+01,  2.16e+02)
90      0.572   1.36e+00   1.79e+00   1.08e+00   2.03e+01   0.00e+00 (  2.80e+02,  2.04e+02)
95      0.656   1.14e+00   1.64e+00   1.32e+00   4.13e+01   0.00e+00 (  5.98e+02,  1.94e+02)
29 e: 2.355e-04 i: 2.292e-05 :: e: 3.245e-02 i: 3.009e-02 :: n: 2.762e+01 e:10.327 i:9.736 v:4.993e+03
>>> tau_he = 5.000000, nhe(0)=8.840846e-01
 5      0.000   2.15e-03   2.31e-01   1.60e-03   2.09e-03   0.00e+00 (  1.19e-01,  3.00e+01)
10     -0.000   5.87e-05   1.27e-03  -1.07e-04  -1.35e-04   0.00e+00 (  6.90e-03,  5.85e+01)
15     -0.000   7.13e-05  -3.61e-04  -2.18e-04  -8.69e-04   0.00e+00 (  1.23e-02,  8.47e+01)
20     -0.000   4.14e-04  -7.92e-04  -9.56e-04  -5.46e-04   0.00e+00 (  8.59e-02,  1.08e+02)
25      0.004   9.62e-03   2.03e-03   4.17e-03   4.08e-02   0.00e+00 (  2.08e+00,  1.29e+02)
30      0.015   3.12e-02   2.79e-02   2.14e-02   1.57e-01   0.00e+00 (  6.22e+00,  1.45e+02)
35      0.021   4.48e-02   6.26e-02   4.65e-02   2.37e-01   0.00e+00 (  7.91e+00,  1.58e+02)
40      0.030   6.22e-02   9.78e-02   7.20e-02   3.54e-01   0.00e+00 (  9.19e+00,  1.66e+02)
45      0.039   8.29e-02   1.18e-01   8.97e-02   4.91e-01   0.00e+00 (  8.82e+00,  1.71e+02)
50      0.061   1.86e-01   1.94e-01   1.36e-01   8.07e-01   0.00e+00 (  1.00e+01,  1.72e+02)
55      0.088   2.99e-01   2.91e-01   1.92e-01   1.21e+00   0.00e+00 (  1.35e+01,  1.80e+02)
60      0.089   2.04e-01   3.95e-01   2.18e-01   1.27e+00   0.00e+00 (  2.97e+01,  2.19e+02)
65      0.067   3.39e-01   4.53e-01   2.68e-01   9.76e-01   0.00e+00 (  6.78e+01,  2.55e+02)
70      0.098   4.00e-01   5.77e-01   4.19e-01   1.47e+00   0.00e+00 (  7.16e+01,  2.56e+02)
75      0.118   4.04e-01   6.26e-01   4.72e-01   1.81e+00   0.00e+00 (  6.27e+01,  2.43e+02)
80      0.136   3.92e-01   6.48e-01   4.79e-01   2.18e+00   0.00e+00 (  5.22e+01,  2.29e+02)
85      0.199   5.00e-01   7.13e-01   4.64e-01   3.88e+00   0.00e+00 (  5.16e+01,  2.16e+02)
90      0.572   1.36e+00   1.79e+00   1.08e+00   2.03e+01   0.00e+00 (  2.81e+02,  2.04e+02)
95      0.656   1.14e+00   1.64e+00   1.32e+00   4.13e+01   0.00e+00 (  5.98e+02,  1.94e+02)
30 e: 3.548e-05 i: 2.083e-04 :: e: 2.772e-02 i: 2.110e-02 :: n: 2.762e+01 e:10.567 i:9.800 v:4.993e+03
>>> tau_he = 5.000000, nhe(0)=9.247999e-01
 5      0.000   2.21e-03   2.35e-01   1.61e-03   2.11e-03   0.00e+00 (  1.24e-01,  3.00e+01)
10     -0.000   6.18e-05   1.27e-03  -1.05e-04  -1.48e-04   0.00e+00 (  7.38e-03,  5.85e+01)
15     -0.000   7.49e-05  -4.32e-04  -2.55e-04  -9.79e-04   0.00e+00 (  1.32e-02,  8.47e+01)
20      0.000   6.17e-04  -7.80e-04  -1.11e-03   1.96e-04   0.00e+00 (  1.31e-01,  1.08e+02)
25      0.006   1.24e-02   3.43e-03   3.83e-03   5.43e-02   0.00e+00 (  2.73e+00,  1.29e+02)
30      0.017   3.48e-02   3.24e-02   2.27e-02   1.77e-01   0.00e+00 (  7.09e+00,  1.45e+02)
35      0.023   4.48e-02   5.86e-02   4.38e-02   2.53e-01   0.00e+00 (  8.09e+00,  1.58e+02)
40      0.032   6.66e-02   1.05e-01   7.27e-02   3.82e-01   0.00e+00 (  1.01e+01,  1.66e+02)
45      0.042   8.90e-02   1.28e-01   9.80e-02   5.31e-01   0.00e+00 (  9.67e+00,  1.71e+02)
50      0.064   1.94e-01   2.04e-01   1.43e-01   8.50e-01   0.00e+00 (  1.07e+01,  1.72e+02)
55      0.091   3.06e-01   3.01e-01   1.98e-01   1.25e+00   0.00e+00 (  1.41e+01,  1.80e+02)
60      0.092   2.10e-01   4.07e-01   2.23e-01   1.31e+00   0.00e+00 (  3.08e+01,  2.19e+02)
65      0.069   3.44e-01   4.66e-01   2.77e-01   1.01e+00   0.00e+00 (  6.91e+01,  2.55e+02)
70      0.101   4.04e-01   5.89e-01   4.26e-01   1.51e+00   0.00e+00 (  7.27e+01,  2.56e+02)
75      0.121   4.09e-01   6.39e-01   4.81e-01   1.85e+00   0.00e+00 (  6.37e+01,  2.43e+02)
80      0.139   3.95e-01   6.62e-01   4.88e-01   2.23e+00   0.00e+00 (  5.30e+01,  2.29e+02)
85      0.199   4.98e-01   7.19e-01   4.67e-01   3.87e+00   0.00e+00 (  5.18e+01,  2.16e+02)
90      0.573   1.36e+00   1.79e+00   1.08e+00   2.03e+01   0.00e+00 (  2.82e+02,  2.04e+02)
95      0.656   1.14e+00   1.64e+00   1.32e+00   4.13e+01   0.00e+00 (  5.98e+02,  1.94e+02)
31 e: 2.608e-04 i: 4.502e-05 :: e: 2.693e-02 i: 1.991e-02 :: n: 2.762e+01 e:10.660 i:9.999 v:4.993e+03
>>> tau_he = 5.000000, nhe(0)=9.445425e-01
 5      0.000   2.23e-03   2.37e-01   1.66e-03   2.08e-03   0.00e+00 (  1.32e-01,  3.00e+01)
10     -0.000   6.03e-05   1.28e-03  -1.00e-04  -1.90e-04   0.00e+00 (  7.56e-03,  5.85e+01)
15     -0.000   7.31e-05  -4.93e-04  -2.92e-04  -1.19e-03   0.00e+00 (  1.36e-02,  8.47e+01)
20      0.000   9.16e-04  -6.94e-04  -1.33e-03   8.85e-04   0.00e+00 (  2.05e-01,  1.08e+02)
25      0.007   1.53e-02   4.95e-03   4.56e-03   6.42e-02   0.00e+00 (  3.57e+00,  1.29e+02)
30      0.019   3.91e-02   3.74e-02   2.54e-02   1.92e-01   0.00e+00 (  8.41e+00,  1.45e+02)
35      0.020   4.12e-02   4.30e-02   3.35e-02   2.22e-01   0.00e+00 (  7.87e+00,  1.58e+02)
40      0.034   6.86e-02   1.13e-01   7.55e-02   4.00e-01   0.00e+00 (  1.10e+01,  1.66e+02)
45      0.044   9.07e-02   1.36e-01   1.04e-01   5.53e-01   0.00e+00 (  1.05e+01,  1.71e+02)
50      0.066   1.91e-01   2.12e-01   1.47e-01   8.75e-01   0.00e+00 (  1.14e+01,  1.72e+02)
55      0.093   2.98e-01   3.09e-01   2.02e-01   1.27e+00   0.00e+00 (  1.48e+01,  1.80e+02)
60      0.093   2.14e-01   4.15e-01   2.27e-01   1.32e+00   0.00e+00 (  3.22e+01,  2.19e+02)
65      0.069   3.51e-01   4.75e-01   2.83e-01   1.01e+00   0.00e+00 (  7.14e+01,  2.55e+02)
70      0.101   4.11e-01   5.98e-01   4.32e-01   1.52e+00   0.00e+00 (  7.45e+01,  2.56e+02)
75      0.121   4.15e-01   6.47e-01   4.87e-01   1.86e+00   0.00e+00 (  6.53e+01,  2.43e+02)
80      0.138   4.03e-01   6.68e-01   4.94e-01   2.23e+00   0.00e+00 (  5.47e+01,  2.29e+02)
85      0.199   5.00e-01   7.25e-01   4.72e-01   3.88e+00   0.00e+00 (  5.29e+01,  2.16e+02)
90      0.569   1.36e+00   1.78e+00   1.08e+00   2.02e+01   0.00e+00 (  2.83e+02,  2.04e+02)
95      0.656   1.14e+00   1.64e+00   1.32e+00   4.13e+01   0.00e+00 (  5.98e+02,  1.94e+02)
32 e: 6.266e-05 i: 2.277e-04 :: e: 2.660e-02 i: 2.714e-02 :: n: 2.762e+01 e:10.927 i:10.096 v:4.993e+03
>>> tau_he = 5.000000, nhe(0)=9.894597e-01
 5      0.000   2.25e-03   2.36e-01   1.94e-03   2.02e-03   0.00e+00 (  1.37e-01,  3.00e+01)
10     -0.000   6.29e-05   1.27e-03  -9.82e-05  -2.18e-04   0.00e+00 (  8.12e-03,  5.85e+01)
15     -0.000   7.59e-05  -5.90e-04  -3.49e-04  -1.40e-03   0.00e+00 (  1.45e-02,  8.47e+01)
20      0.005   1.01e-02  -7.24e-03  -2.25e-03   3.99e-02   0.00e+00 (  2.34e+00,  1.08e+02)
25      0.009   1.89e-02   6.74e-03   5.71e-03   7.94e-02   0.00e+00 (  4.54e+00,  1.29e+02)
30      0.017   4.09e-02   3.47e-02   2.48e-02   1.79e-01   0.00e+00 (  9.02e+00,  1.45e+02)
35      0.023   4.69e-02   5.15e-02   3.61e-02   2.58e-01   0.00e+00 (  9.23e+00,  1.58e+02)
40      0.032   6.50e-02   1.07e-01   7.72e-02   3.81e-01   0.00e+00 (  1.07e+01,  1.66e+02)
45      0.047   9.62e-02   1.46e-01   1.15e-01   5.92e-01   0.00e+00 (  1.14e+01,  1.71e+02)
50      0.070   1.97e-01   2.23e-01   1.55e-01   9.18e-01   0.00e+00 (  1.21e+01,  1.72e+02)
55      0.096   3.03e-01   3.21e-01   2.07e-01   1.32e+00   0.00e+00 (  1.55e+01,  1.80e+02)
60      0.095   2.20e-01   4.27e-01   2.32e-01   1.35e+00   0.00e+00 (  3.34e+01,  2.19e+02)
65      0.072   3.55e-01   4.87e-01   2.91e-01   1.05e+00   0.00e+00 (  7.25e+01,  2.55e+02)
70      0.104   4.15e-01   6.10e-01   4.40e-01   1.56e+00   0.00e+00 (  7.56e+01,  2.56e+02)
75      0.123   4.20e-01   6.59e-01   4.95e-01   1.90e+00   0.00e+00 (  6.64e+01,  2.43e+02)
80      0.141   4.07e-01   6.83e-01   5.04e-01   2.28e+00   0.00e+00 (  5.55e+01,  2.29e+02)
85      0.200   5.03e-01   7.35e-01   4.83e-01   3.91e+00   0.00e+00 (  5.37e+01,  2.16e+02)
90      0.570   1.36e+00   1.79e+00   1.08e+00   2.02e+01   0.00e+00 (  2.84e+02,  2.04e+02)
95      0.656   1.14e+00   1.64e+00   1.32e+00   4.13e+01   0.00e+00 (  5.98e+02,  1.94e+02)
33 e: 2.817e-04 i: 7.063e-05 :: e: 2.969e-02 i: 3.460e-02 :: n: 2.762e+01 e:11.063 i:10.315 v:4.993e+03
>>> tau_he = 5.000000, nhe(0)=1.015519e+00
 5      0.000   2.27e-03   2.37e-01   1.99e-03   1.97e-03   0.00e+00 (  1.46e-01,  3.00e+01)
10     -0.000   6.14e-05   1.27e-03  -9.36e-05  -2.76e-04   0.00e+00 (  8.39e-03,  5.85e+01)
15     -0.000   7.34e-05  -6.77e-04  -4.09e-04  -1.73e-03   0.00e+00 (  1.49e-02,  8.47e+01)
20      0.006   1.17e-02  -6.79e-03  -2.15e-03   4.62e-02   0.00e+00 (  2.85e+00,  1.08e+02)
25      0.009   2.59e-02   9.11e-03   7.76e-03   8.77e-02   0.00e+00 (  6.58e+00,  1.29e+02)
30      0.019   4.60e-02   4.07e-02   2.77e-02   1.95e-01   0.00e+00 (  1.07e+01,  1.45e+02)
35      0.024   5.56e-02   6.03e-02   4.11e-02   2.71e-01   0.00e+00 (  1.16e+01,  1.58e+02)
40      0.034   7.02e-02   1.15e-01   8.04e-02   4.01e-01   0.00e+00 (  1.22e+01,  1.66e+02)
45      0.049   9.81e-02   1.55e-01   1.22e-01   6.16e-01   0.00e+00 (  1.24e+01,  1.71e+02)
50      0.072   1.94e-01   2.32e-01   1.60e-01   9.46e-01   0.00e+00 (  1.29e+01,  1.72e+02)
55      0.098   2.97e-01   3.31e-01   2.12e-01   1.35e+00   0.00e+00 (  1.63e+01,  1.80e+02)
60      0.096   2.24e-01   4.36e-01   2.36e-01   1.37e+00   0.00e+00 (  3.48e+01,  2.19e+02)
65      0.072   3.61e-01   4.96e-01   2.97e-01   1.05e+00   0.00e+00 (  7.46e+01,  2.55e+02)
70      0.104   4.21e-01   6.19e-01   4.46e-01   1.56e+00   0.00e+00 (  7.74e+01,  2.56e+02)
75      0.124   4.26e-01   6.67e-01   5.01e-01   1.90e+00   0.00e+00 (  6.80e+01,  2.43e+02)
80      0.142   4.14e-01   6.90e-01   5.10e-01   2.28e+00   0.00e+00 (  5.72e+01,  2.29e+02)
85      0.201   5.05e-01   7.42e-01   4.88e-01   3.92e+00   0.00e+00 (  5.48e+01,  2.16e+02)
90      0.570   1.36e+00   1.79e+00   1.08e+00   2.02e+01   0.00e+00 (  2.85e+02,  2.04e+02)
95      0.656   1.14e+00   1.64e+00   1.32e+00   4.13e+01   0.00e+00 (  5.98e+02,  1.94e+02)
34 e: 9.098e-05 i: 2.388e-04 :: e: 3.225e-02 i: 4.046e-02 :: n: 2.762e+01 e:11.354 i:10.442 v:4.993e+03
>>> tau_he = 5.000000, nhe(0)=1.063814e+00
 5      0.000   2.32e-03   2.39e-01   2.02e-03   1.93e-03   0.00e+00 (  1.56e-01,  3.00e+01)
10     -0.000   6.36e-05   1.25e-03  -9.22e-05  -3.24e-04   0.00e+00 (  9.02e-03,  5.85e+01)
15     -0.000   7.68e-05  -8.22e-04  -4.54e-04  -2.10e-03   0.00e+00 (  1.62e-02,  8.47e+01)
20      0.006   1.33e-02  -6.73e-03  -2.07e-03   5.29e-02   0.00e+00 (  3.36e+00,  1.08e+02)
25      0.011   3.08e-02   1.16e-02   1.04e-02   1.05e-01   0.00e+00 (  8.06e+00,  1.29e+02)
30      0.021   5.04e-02   4.77e-02   3.02e-02   2.12e-01   0.00e+00 (  1.21e+01,  1.45e+02)
35      0.027   6.08e-02   6.87e-02   4.61e-02   3.03e-01   0.00e+00 (  1.31e+01,  1.58e+02)
40      0.035   7.11e-02   1.03e-01   6.95e-02   4.11e-01   0.00e+00 (  1.28e+01,  1.66e+02)
45      0.052   1.04e-01   1.66e-01   1.31e-01   6.56e-01   0.00e+00 (  1.35e+01,  1.71e+02)
50      0.075   2.00e-01   2.43e-01   1.68e-01   9.93e-01   0.00e+00 (  1.39e+01,  1.72e+02)
55      0.101   2.99e-01   3.43e-01   2.17e-01   1.39e+00   0.00e+00 (  1.71e+01,  1.80e+02)
60      0.098   2.30e-01   4.47e-01   2.41e-01   1.40e+00   0.00e+00 (  3.61e+01,  2.19e+02)
65      0.074   3.65e-01   5.08e-01   3.05e-01   1.09e+00   0.00e+00 (  7.58e+01,  2.55e+02)
70      0.107   4.26e-01   6.31e-01   4.53e-01   1.60e+00   0.00e+00 (  7.84e+01,  2.56e+02)
75      0.126   4.31e-01   6.80e-01   5.10e-01   1.94e+00   0.00e+00 (  6.91e+01,  2.43e+02)
80      0.145   4.18e-01   7.05e-01   5.20e-01   2.33e+00   0.00e+00 (  5.81e+01,  2.29e+02)
85      0.201   5.06e-01   7.50e-01   4.93e-01   3.92e+00   0.00e+00 (  5.53e+01,  2.16e+02)
90      0.571   1.36e+00   1.79e+00   1.08e+00   2.02e+01   0.00e+00 (  2.86e+02,  2.04e+02)
95      0.656   1.14e+00   1.64e+00   1.32e+00   4.13e+01   0.00e+00 (  5.98e+02,  1.94e+02)
35 e: 2.917e-04 i: 9.320e-05 :: e: 3.840e-02 i: 4.927e-02 :: n: 2.762e+01 e:11.527 i:10.677 v:4.993e+03
>>> tau_he = 5.000000, nhe(0)=1.095125e+00
 5      0.000   2.34e-03   2.41e-01   2.05e-03   1.84e-03   0.00e+00 (  1.67e-01,  3.00e+01)
10     -0.000   6.22e-05   1.23e-03  -8.84e-05  -3.98e-04   0.00e+00 (  9.38e-03,  5.85e+01)
15     -0.000   8.32e-05  -1.34e-03  -6.75e-04  -3.44e-03   0.00e+00 (  1.86e-02,  8.47e+01)
20      0.001   6.02e-03  -8.64e-03  -1.91e-03   8.43e-03   0.00e+00 (  1.61e+00,  1.08e+02)
25      0.012   3.66e-02   1.50e-02   1.33e-02   1.14e-01   0.00e+00 (  1.01e+01,  1.29e+02)
30      0.022   5.62e-02   5.41e-02   3.29e-02   2.22e-01   0.00e+00 (  1.43e+01,  1.45e+02)
35      0.029   6.82e-02   7.77e-02   5.13e-02   3.22e-01   0.00e+00 (  1.55e+01,  1.58e+02)
40      0.037   7.70e-02   1.15e-01   7.00e-02   4.42e-01   0.00e+00 (  1.47e+01,  1.66e+02)
45      0.054   1.06e-01   1.76e-01   1.35e-01   6.83e-01   0.00e+00 (  1.47e+01,  1.71e+02)
50      0.077   1.98e-01   2.53e-01   1.73e-01   1.02e+00   0.00e+00 (  1.48e+01,  1.72e+02)
55      0.103   2.94e-01   3.54e-01   2.21e-01   1.42e+00   0.00e+00 (  1.80e+01,  1.80e+02)
60      0.099   2.35e-01   4.56e-01   2.46e-01   1.41e+00   0.00e+00 (  3.77e+01,  2.19e+02)
65      0.075   3.71e-01   5.17e-01   3.12e-01   1.10e+00   0.00e+00 (  7.78e+01,  2.55e+02)
70      0.107   4.32e-01   6.41e-01   4.60e-01   1.61e+00   0.00e+00 (  8.02e+01,  2.56e+02)
75      0.127   4.37e-01   6.89e-01   5.17e-01   1.95e+00   0.00e+00 (  7.06e+01,  2.43e+02)
80      0.145   4.26e-01   7.11e-01   5.27e-01   2.33e+00   0.00e+00 (  5.99e+01,  2.29e+02)
85      0.202   5.09e-01   7.57e-01   4.99e-01   3.93e+00   0.00e+00 (  5.65e+01,  2.16e+02)
90      0.571   1.36e+00   1.79e+00   1.08e+00   2.02e+01   0.00e+00 (  2.87e+02,  2.04e+02)
95      0.656   1.14e+00   1.64e+00   1.32e+00   4.13e+01   0.00e+00 (  5.98e+02,  1.94e+02)
36 e: 1.165e-04 i: 2.387e-04 :: e: 4.261e-02 i: 5.698e-02 :: n: 2.762e+01 e:11.838 i:10.829 v:4.993e+03
>>> tau_he = 5.000000, nhe(0)=1.145500e+00
 5      0.000   2.40e-03   2.42e-01   2.09e-03   1.76e-03   0.00e+00 (  1.79e-01,  3.00e+01)
10     -0.000   6.41e-05   1.20e-03  -8.90e-05  -4.65e-04   0.00e+00 (  1.01e-02,  5.85e+01)
15     -0.001   8.00e-05  -1.46e-03  -8.12e-04  -4.28e-03   0.00e+00 (  1.87e-02,  8.47e+01)
20      0.002   7.61e-03  -9.98e-03  -1.49e-03   1.95e-02   0.00e+00 (  2.12e+00,  1.08e+02)
25      0.014   4.13e-02   2.22e-02   1.51e-02   1.27e-01   0.00e+00 (  1.18e+01,  1.29e+02)
30      0.023   6.11e-02   5.92e-02   3.53e-02   2.39e-01   0.00e+00 (  1.60e+01,  1.45e+02)
35      0.032   7.47e-02   8.82e-02   4.39e-02   3.56e-01   0.00e+00 (  1.76e+01,  1.58e+02)
40      0.040   8.52e-02   1.27e-01   6.88e-02   4.76e-01   0.00e+00 (  1.69e+01,  1.66e+02)
45      0.057   1.11e-01   1.88e-01   1.35e-01   7.23e-01   0.00e+00 (  1.60e+01,  1.71e+02)
50      0.080   2.01e-01   2.64e-01   1.79e-01   1.06e+00   0.00e+00 (  1.58e+01,  1.72e+02)
55      0.106   2.95e-01   3.66e-01   2.26e-01   1.46e+00   0.00e+00 (  1.89e+01,  1.80e+02)
60      0.102   2.41e-01   4.68e-01   2.51e-01   1.45e+00   0.00e+00 (  3.91e+01,  2.19e+02)
65      0.077   3.75e-01   5.29e-01   3.19e-01   1.13e+00   0.00e+00 (  7.89e+01,  2.55e+02)
70      0.110   4.36e-01   6.53e-01   4.68e-01   1.65e+00   0.00e+00 (  8.14e+01,  2.56e+02)
75      0.130   4.42e-01   7.01e-01   5.26e-01   1.99e+00   0.00e+00 (  7.18e+01,  2.43e+02)
80      0.148   4.30e-01   7.27e-01   5.36e-01   2.38e+00   0.00e+00 (  6.07e+01,  2.29e+02)
85      0.204   5.13e-01   7.68e-01   5.09e-01   3.97e+00   0.00e+00 (  5.75e+01,  2.16e+02)
90      0.571   1.36e+00   1.79e+00   1.09e+00   2.02e+01   0.00e+00 (  2.87e+02,  2.04e+02)
95      0.656   1.14e+00   1.64e+00   1.32e+00   4.13e+01   0.00e+00 (  5.98e+02,  1.94e+02)
37 e: 2.882e-04 i: 1.066e-04 :: e: 4.864e-02 i: 6.779e-02 :: n: 2.762e+01 e:12.043 i:11.074 v:4.993e+03
>>> tau_he = 5.000000, nhe(0)=1.180479e+00
 5      0.000   2.46e-03   2.47e-01   1.90e-03   1.67e-03   0.00e+00 (  1.95e-01,  3.00e+01)
10     -0.000   5.98e-05   1.14e-03  -1.10e-04  -5.42e-04   0.00e+00 (  1.00e-02,  5.85e+01)
15     -0.001   7.81e-05  -1.67e-03  -1.01e-03  -5.13e-03   0.00e+00 (  1.94e-02,  8.47e+01)
20      0.003   1.10e-02  -9.65e-03  -2.93e-03   2.30e-02   0.00e+00 (  3.25e+00,  1.08e+02)
25      0.015   4.60e-02   2.60e-02   1.74e-02   1.40e-01   0.00e+00 (  1.37e+01,  1.29e+02)
30      0.025   6.65e-02   6.74e-02   3.79e-02   2.54e-01   0.00e+00 (  1.83e+01,  1.45e+02)
35      0.034   8.15e-02   9.72e-02   4.69e-02   3.78e-01   0.00e+00 (  2.01e+01,  1.58e+02)
40      0.039   8.78e-02   1.20e-01   6.26e-02   4.65e-01   0.00e+00 (  1.83e+01,  1.66e+02)
45      0.060   1.15e-01   1.98e-01   1.38e-01   7.50e-01   0.00e+00 (  1.75e+01,  1.71e+02)
50      0.083   1.99e-01   2.75e-01   1.85e-01   1.09e+00   0.00e+00 (  1.68e+01,  1.72e+02)
55      0.108   2.90e-01   3.78e-01   2.30e-01   1.49e+00   0.00e+00 (  1.99e+01,  1.80e+02)
60      0.103   2.46e-01   4.78e-01   2.56e-01   1.46e+00   0.00e+00 (  4.09e+01,  2.19e+02)
65      0.078   3.81e-01   5.39e-01   3.26e-01   1.14e+00   0.00e+00 (  8.09e+01,  2.55e+02)
70      0.111   4.42e-01   6.64e-01   4.75e-01   1.67e+00   0.00e+00 (  8.32e+01,  2.56e+02)
75      0.131   4.48e-01   7.11e-01   5.33e-01   2.01e+00   0.00e+00 (  7.34e+01,  2.43e+02)
80      0.149   4.36e-01   7.36e-01   5.43e-01   2.40e+00   0.00e+00 (  6.22e+01,  2.29e+02)
85      0.204   5.16e-01   7.76e-01   5.15e-01   3.98e+00   0.00e+00 (  5.87e+01,  2.16e+02)
90      0.572   1.36e+00   1.80e+00   1.09e+00   2.03e+01   0.00e+00 (  2.89e+02,  2.04e+02)
95      0.656   1.14e+00   1.64e+00   1.32e+00   4.13e+01   0.00e+00 (  5.98e+02,  1.94e+02)
38 e: 1.288e-04 i: 2.255e-04 :: e: 5.261e-02 i: 7.306e-02 :: n: 2.762e+01 e:12.367 i:11.244 v:4.993e+03
>>> tau_he = 5.000000, nhe(0)=1.231218e+00
 5      0.000   2.51e-03   2.48e-01   1.95e-03   1.53e-03   0.00e+00 (  2.08e-01,  3.00e+01)
10     -0.000   6.04e-05   1.05e-03  -1.18e-04  -5.80e-04   0.00e+00 (  1.06e-02,  5.85e+01)
15     -0.001   7.48e-05  -1.80e-03  -1.14e-03  -5.94e-03   0.00e+00 (  1.95e-02,  8.47e+01)
20      0.004   1.47e-02  -9.22e-03  -3.49e-03   3.62e-02   0.00e+00 (  4.53e+00,  1.08e+02)
25      0.016   4.98e-02   2.92e-02   1.93e-02   1.50e-01   0.00e+00 (  1.53e+01,  1.29e+02)
30      0.026   7.07e-02   7.23e-02   4.01e-02   2.69e-01   0.00e+00 (  2.00e+01,  1.45e+02)
35      0.036   8.68e-02   1.05e-01   4.93e-02   3.98e-01   0.00e+00 (  2.21e+01,  1.58e+02)
40      0.042   9.41e-02   1.32e-01   6.98e-02   5.03e-01   0.00e+00 (  2.03e+01,  1.66e+02)
45      0.062   1.21e-01   2.09e-01   1.40e-01   7.86e-01   0.00e+00 (  1.90e+01,  1.71e+02)
50      0.082   1.93e-01   2.73e-01   1.92e-01   1.09e+00   0.00e+00 (  1.71e+01,  1.72e+02)
55      0.111   2.90e-01   3.90e-01   2.34e-01   1.53e+00   0.00e+00 (  2.09e+01,  1.80e+02)
60      0.106   2.59e-01   4.97e-01   2.68e-01   1.50e+00   0.00e+00 (  4.35e+01,  2.19e+02)
65      0.080   3.85e-01   5.50e-01   3.34e-01   1.18e+00   0.00e+00 (  8.22e+01,  2.55e+02)
70      0.114   4.47e-01   6.76e-01   4.83e-01   1.71e+00   0.00e+00 (  8.44e+01,  2.56e+02)
75      0.133   4.53e-01   7.24e-01   5.42e-01   2.05e+00   0.00e+00 (  7.46e+01,  2.43e+02)
80      0.151   4.42e-01   7.49e-01   5.53e-01   2.44e+00   0.00e+00 (  6.35e+01,  2.29e+02)
85      0.206   5.20e-01   7.88e-01   5.25e-01   4.01e+00   0.00e+00 (  5.99e+01,  2.16e+02)
90      0.572   1.36e+00   1.80e+00   1.09e+00   2.03e+01   0.00e+00 (  2.89e+02,  2.04e+02)
95      0.656   1.14e+00   1.64e+00   1.32e+00   4.13e+01   0.00e+00 (  5.98e+02,  1.94e+02)
39 e: 2.667e-04 i: 1.097e-04 :: e: 5.721e-02 i: 7.980e-02 :: n: 2.762e+01 e:12.591 i:11.492 v:4.993e+03
>>> tau_he = 5.000000, nhe(0)=1.267718e+00
 5      0.000   2.53e-03   2.49e-01   2.01e-03   1.35e-03   0.00e+00 (  2.24e-01,  3.00e+01)
10     -0.000   5.95e-05   7.15e-04  -1.12e-04  -6.99e-04   0.00e+00 (  1.11e-02,  5.85e+01)
15     -0.001   6.13e-05  -1.80e-03  -1.22e-03  -6.75e-03   0.00e+00 (  1.69e-02,  8.47e+01)
20      0.006   1.71e-02  -8.49e-03  -2.99e-03   4.84e-02   0.00e+00 (  5.56e+00,  1.08e+02)
25      0.017   5.49e-02   3.48e-02   2.15e-02   1.60e-01   0.00e+00 (  1.77e+01,  1.29e+02)
30      0.027   7.57e-02   7.83e-02   4.35e-02   2.80e-01   0.00e+00 (  2.23e+01,  1.45e+02)
35      0.037   9.28e-02   1.13e-01   5.18e-02   4.15e-01   0.00e+00 (  2.46e+01,  1.58e+02)
40      0.045   1.01e-01   1.43e-01   7.66e-02   5.30e-01   0.00e+00 (  2.29e+01,  1.66e+02)
45      0.064   1.25e-01   2.20e-01   1.44e-01   8.11e-01   0.00e+00 (  2.08e+01,  1.71e+02)
50      0.085   1.93e-01   2.86e-01   1.98e-01   1.12e+00   0.00e+00 (  1.84e+01,  1.72e+02)
55      0.113   2.88e-01   4.01e-01   2.46e-01   1.56e+00   0.00e+00 (  2.21e+01,  1.80e+02)
60      0.106   2.64e-01   5.06e-01   2.72e-01   1.52e+00   0.00e+00 (  4.53e+01,  2.19e+02)
65      0.081   3.91e-01   5.61e-01   3.41e-01   1.19e+00   0.00e+00 (  8.40e+01,  2.55e+02)
70      0.115   4.53e-01   6.87e-01   4.90e-01   1.72e+00   0.00e+00 (  8.62e+01,  2.56e+02)
75      0.134   4.59e-01   7.34e-01   5.49e-01   2.06e+00   0.00e+00 (  7.63e+01,  2.43e+02)
80      0.152   4.48e-01   7.60e-01   5.60e-01   2.45e+00   0.00e+00 (  6.50e+01,  2.29e+02)
85      0.207   5.24e-01   7.96e-01   5.32e-01   4.03e+00   0.00e+00 (  6.11e+01,  2.16e+02)
90      0.572   1.36e+00   1.80e+00   1.09e+00   2.03e+01   0.00e+00 (  2.90e+02,  2.04e+02)
95      0.656   1.14e+00   1.64e+00   1.32e+00   4.13e+01   0.00e+00 (  5.98e+02,  1.94e+02)
40 e: 1.283e-04 i: 1.967e-04 :: e: 6.194e-02 i: 8.488e-02 :: n: 2.762e+01 e:12.915 i:11.672 v:4.993e+03
>>> tau_he = 5.000000, nhe(0)=1.316481e+00
 5      0.000   2.58e-03   2.50e-01   2.06e-03   1.16e-03   0.00e+00 (  2.39e-01,  3.00e+01)
10     -0.000   6.17e-05   6.32e-04  -1.11e-04  -6.77e-04   0.00e+00 (  1.20e-02,  5.85e+01)
15     -0.001   5.67e-05  -1.91e-03  -1.36e-03  -7.79e-03   0.00e+00 (  1.64e-02,  8.47e+01)
20      0.007   2.08e-02  -8.30e-03  -1.87e-03   5.88e-02   0.00e+00 (  7.01e+00,  1.08e+02)
25      0.018   6.15e-02   3.82e-02   2.36e-02   1.63e-01   0.00e+00 (  2.03e+01,  1.29e+02)
30      0.028   8.22e-02   8.29e-02   4.57e-02   2.85e-01   0.00e+00 (  2.48e+01,  1.45e+02)
35      0.039   9.75e-02   1.20e-01   5.36e-02   4.35e-01   0.00e+00 (  2.65e+01,  1.58e+02)
40      0.048   1.08e-01   1.54e-01   8.70e-02   5.65e-01   0.00e+00 (  2.51e+01,  1.66e+02)
45      0.067   1.28e-01   2.29e-01   1.47e-01   8.46e-01   0.00e+00 (  2.21e+01,  1.71e+02)
50      0.088   1.96e-01   3.00e-01   2.03e-01   1.17e+00   0.00e+00 (  1.96e+01,  1.72e+02)
55      0.116   2.87e-01   4.13e-01   2.50e-01   1.60e+00   0.00e+00 (  2.32e+01,  1.80e+02)
60      0.108   2.70e-01   5.16e-01   2.77e-01   1.54e+00   0.00e+00 (  4.68e+01,  2.19e+02)
65      0.084   3.99e-01   5.78e-01   3.57e-01   1.24e+00   0.00e+00 (  8.62e+01,  2.55e+02)
70      0.117   4.58e-01   7.00e-01   4.98e-01   1.76e+00   0.00e+00 (  8.75e+01,  2.56e+02)
75      0.137   4.65e-01   7.47e-01   5.59e-01   2.10e+00   0.00e+00 (  7.76e+01,  2.43e+02)
80      0.155   4.54e-01   7.73e-01   5.70e-01   2.49e+00   0.00e+00 (  6.63e+01,  2.29e+02)
85      0.208   5.29e-01   8.08e-01   5.41e-01   4.06e+00   0.00e+00 (  6.23e+01,  2.16e+02)
90      0.573   1.36e+00   1.80e+00   1.09e+00   2.03e+01   0.00e+00 (  2.91e+02,  2.04e+02)
95      0.656   1.14e+00   1.64e+00   1.32e+00   4.13e+01   0.00e+00 (  5.98e+02,  1.94e+02)
41 e: 2.265e-04 i: 9.925e-05 :: e: 6.695e-02 i: 9.068e-02 :: n: 2.762e+01 e:13.145 i:11.912 v:4.993e+03
>>> tau_he = 5.000000, nhe(0)=1.352028e+00
 5      0.000   2.60e-03   2.50e-01   2.17e-03   9.35e-04   0.00e+00 (  2.55e-01,  3.00e+01)
10     -0.000   5.98e-05   2.99e-04  -1.07e-04  -7.83e-04   0.00e+00 (  1.23e-02,  5.85e+01)
15     -0.001   4.84e-05  -2.04e-03  -1.54e-03  -9.20e-03   0.00e+00 (  1.48e-02,  8.47e+01)
20      0.008   2.97e-02  -3.10e-03   6.58e-04   6.31e-02   0.00e+00 (  1.05e+01,  1.08e+02)
25      0.018   6.57e-02   4.26e-02   2.60e-02   1.72e-01   0.00e+00 (  2.24e+01,  1.29e+02)
30      0.029   8.66e-02   8.86e-02   4.83e-02   2.99e-01   0.00e+00 (  2.71e+01,  1.45e+02)
35      0.039   1.06e-01   1.27e-01   5.73e-02   4.37e-01   0.00e+00 (  2.99e+01,  1.58e+02)
40      0.049   1.14e-01   1.64e-01   9.28e-02   5.87e-01   0.00e+00 (  2.76e+01,  1.66e+02)
45      0.069   1.32e-01   2.39e-01   1.51e-01   8.67e-01   0.00e+00 (  2.38e+01,  1.71e+02)
50      0.091   1.96e-01   3.12e-01   2.08e-01   1.20e+00   0.00e+00 (  2.10e+01,  1.72e+02)
55      0.118   2.84e-01   4.25e-01   2.55e-01   1.62e+00   0.00e+00 (  2.43e+01,  1.80e+02)
60      0.109   2.75e-01   5.26e-01   2.81e-01   1.56e+00   0.00e+00 (  4.86e+01,  2.19e+02)
65      0.086   4.04e-01   5.87e-01   3.64e-01   1.25e+00   0.00e+00 (  8.80e+01,  2.55e+02)
70      0.119   4.64e-01   7.11e-01   5.05e-01   1.78e+00   0.00e+00 (  8.93e+01,  2.56e+02)
75      0.138   4.71e-01   7.58e-01   5.66e-01   2.12e+00   0.00e+00 (  7.92e+01,  2.43e+02)
80      0.156   4.60e-01   7.83e-01   5.78e-01   2.51e+00   0.00e+00 (  6.79e+01,  2.29e+02)
85      0.209   5.32e-01   8.17e-01   5.48e-01   4.08e+00   0.00e+00 (  6.36e+01,  2.16e+02)
90      0.573   1.36e+00   1.81e+00   1.10e+00   2.03e+01   0.00e+00 (  2.92e+02,  2.04e+02)
95      0.656   1.14e+00   1.64e+00   1.32e+00   4.13e+01   0.00e+00 (  5.98e+02,  1.94e+02)
42 e: 1.107e-04 i: 1.567e-04 :: e: 7.183e-02 i: 9.404e-02 :: n: 2.762e+01 e:13.452 i:12.088 v:4.993e+03
>>> tau_he = 5.000000, nhe(0)=1.396411e+00
 5      0.000   2.65e-03   2.51e-01   2.22e-03   7.04e-04   0.00e+00 (  2.71e-01,  3.00e+01)
10     -0.000   5.85e-05   1.42e-04  -8.97e-05  -8.49e-04   0.00e+00 (  1.26e-02,  5.85e+01)
15     -0.001   2.61e-04  -2.22e-03  -1.63e-03  -1.04e-02   0.00e+00 (  8.32e-02,  8.47e+01)
20      0.005   3.34e-02  -3.77e-03   2.04e-03   4.53e-02   0.00e+00 (  1.21e+01,  1.08e+02)
25      0.019   6.93e-02   4.58e-02   2.78e-02   1.81e-01   0.00e+00 (  2.42e+01,  1.29e+02)
30      0.030   8.98e-02   9.23e-02   5.00e-02   3.10e-01   0.00e+00 (  2.87e+01,  1.45e+02)
35      0.041   1.11e-01   1.33e-01   5.89e-02   4.53e-01   0.00e+00 (  3.19e+01,  1.58e+02)
40      0.051   1.19e-01   1.72e-01   9.82e-02   6.06e-01   0.00e+00 (  2.95e+01,  1.66e+02)
45      0.071   1.36e-01   2.47e-01   1.54e-01   8.92e-01   0.00e+00 (  2.54e+01,  1.71e+02)
50      0.093   1.99e-01   3.24e-01   2.12e-01   1.23e+00   0.00e+00 (  2.22e+01,  1.72e+02)
55      0.120   2.83e-01   4.35e-01   2.59e-01   1.65e+00   0.00e+00 (  2.54e+01,  1.80e+02)
60      0.111   2.81e-01   5.36e-01   2.86e-01   1.58e+00   0.00e+00 (  5.02e+01,  2.19e+02)
65      0.088   4.08e-01   5.98e-01   3.70e-01   1.29e+00   0.00e+00 (  8.90e+01,  2.55e+02)
70      0.121   4.69e-01   7.24e-01   5.13e-01   1.82e+00   0.00e+00 (  9.06e+01,  2.56e+02)
75      0.140   4.76e-01   7.70e-01   5.75e-01   2.16e+00   0.00e+00 (  8.05e+01,  2.43e+02)
80      0.158   4.66e-01   7.96e-01   5.87e-01   2.55e+00   0.00e+00 (  6.92e+01,  2.29e+02)
85      0.211   5.37e-01   8.28e-01   5.58e-01   4.11e+00   0.00e+00 (  6.48e+01,  2.16e+02)
90      0.574   1.36e+00   1.81e+00   1.10e+00   2.03e+01   0.00e+00 (  2.93e+02,  2.04e+02)
95      0.656   1.14e+00   1.64e+00   1.32e+00   4.13e+01   0.00e+00 (  5.98e+02,  1.94e+02)
43 e: 1.728e-04 i: 7.777e-05 :: e: 7.344e-02 i: 9.638e-02 :: n: 2.762e+01 e:13.669 i:12.310 v:4.993e+03
>>> tau_he = 5.000000, nhe(0)=1.428259e+00
 5      0.000   2.69e-03   2.56e-01   1.99e-03   4.15e-04   0.00e+00 (  2.89e-01,  3.00e+01)
10     -0.000   4.90e-05  -3.43e-05  -1.34e-04  -8.59e-04   0.00e+00 (  1.11e-02,  5.85e+01)
15     -0.002   4.42e-04  -2.27e-03  -1.86e-03  -1.27e-02   0.00e+00 (  1.48e-01,  8.47e+01)
20      0.006   3.77e-02  -2.55e-03   3.71e-03   4.92e-02   0.00e+00 (  1.42e+01,  1.08e+02)
25      0.020   7.29e-02   4.98e-02   2.99e-02   1.85e-01   0.00e+00 (  2.62e+01,  1.29e+02)
30      0.031   9.42e-02   9.65e-02   5.24e-02   3.16e-01   0.00e+00 (  3.09e+01,  1.45e+02)
35      0.042   1.15e-01   1.38e-01   6.06e-02   4.63e-01   0.00e+00 (  3.40e+01,  1.58e+02)
40      0.052   1.26e-01   1.80e-01   1.02e-01   6.16e-01   0.00e+00 (  3.20e+01,  1.66e+02)
45      0.072   1.40e-01   2.56e-01   1.57e-01   9.11e-01   0.00e+00 (  2.72e+01,  1.71e+02)
50      0.095   1.99e-01   3.34e-01   2.15e-01   1.26e+00   0.00e+00 (  2.35e+01,  1.72e+02)
55      0.122   2.80e-01   4.45e-01   2.62e-01   1.67e+00   0.00e+00 (  2.66e+01,  1.80e+02)
60      0.112   2.86e-01   5.44e-01   2.90e-01   1.60e+00   0.00e+00 (  5.20e+01,  2.19e+02)
65      0.089   4.12e-01   6.07e-01   3.76e-01   1.30e+00   0.00e+00 (  9.07e+01,  2.55e+02)
70      0.123   4.75e-01   7.34e-01   5.20e-01   1.84e+00   0.00e+00 (  9.23e+01,  2.56e+02)
75      0.141   4.82e-01   7.81e-01   5.83e-01   2.17e+00   0.00e+00 (  8.21e+01,  2.43e+02)
80      0.159   4.72e-01   8.06e-01   5.95e-01   2.56e+00   0.00e+00 (  7.06e+01,  2.29e+02)
85      0.212   5.41e-01   8.37e-01   5.65e-01   4.13e+00   0.00e+00 (  6.61e+01,  2.16e+02)
90      0.574   1.36e+00   1.81e+00   1.10e+00   2.03e+01   0.00e+00 (  2.94e+02,  2.04e+02)
95      0.656   1.14e+00   1.64e+00   1.32e+00   4.13e+01   0.00e+00 (  5.98e+02,  1.94e+02)
44 e: 8.282e-05 i: 1.099e-04 :: e: 7.558e-02 i: 9.788e-02 :: n: 2.762e+01 e:13.943 i:12.470 v:4.993e+03
>>> tau_he = 5.000000, nhe(0)=1.465867e+00
 5      0.000   2.71e-03   2.55e-01   2.28e-03   1.46e-04   0.00e+00 (  3.04e-01,  3.00e+01)
10     -0.000   5.02e-05  -9.19e-05  -1.50e-04  -9.76e-04   0.00e+00 (  1.18e-02,  5.85e+01)
15     -0.002   6.76e-04  -2.53e-03  -1.93e-03  -1.45e-02   0.00e+00 (  2.34e-01,  8.47e+01)
20      0.007   4.13e-02  -5.64e-05   5.17e-03   5.94e-02   0.00e+00 (  1.59e+01,  1.08e+02)
25      0.021   7.55e-02   5.25e-02   3.13e-02   1.93e-01   0.00e+00 (  2.75e+01,  1.29e+02)
30      0.032   9.68e-02   9.92e-02   5.36e-02   3.25e-01   0.00e+00 (  3.22e+01,  1.45e+02)
35      0.043   1.18e-01   1.42e-01   6.21e-02   4.75e-01   0.00e+00 (  3.54e+01,  1.58e+02)
40      0.053   1.29e-01   1.85e-01   1.06e-01   6.33e-01   0.00e+00 (  3.35e+01,  1.66e+02)
45      0.073   1.48e-01   2.63e-01   1.59e-01   9.24e-01   0.00e+00 (  2.95e+01,  1.71e+02)
50      0.097   2.00e-01   3.43e-01   2.18e-01   1.28e+00   0.00e+00 (  2.46e+01,  1.72e+02)
55      0.123   2.79e-01   4.54e-01   2.65e-01   1.70e+00   0.00e+00 (  2.76e+01,  1.80e+02)
60      0.114   2.91e-01   5.53e-01   2.94e-01   1.62e+00   0.00e+00 (  5.34e+01,  2.19e+02)
65      0.091   4.16e-01   6.16e-01   3.82e-01   1.33e+00   0.00e+00 (  9.17e+01,  2.55e+02)
70      0.125   4.79e-01   7.45e-01   5.27e-01   1.87e+00   0.00e+00 (  9.35e+01,  2.56e+02)
75      0.144   4.87e-01   7.92e-01   5.90e-01   2.21e+00   0.00e+00 (  8.33e+01,  2.43e+02)
80      0.161   4.77e-01   8.18e-01   6.03e-01   2.60e+00   0.00e+00 (  7.19e+01,  2.29e+02)
85      0.213   5.45e-01   8.47e-01   5.73e-01   4.16e+00   0.00e+00 (  6.72e+01,  2.16e+02)
90      0.574   1.36e+00   1.81e+00   1.10e+00   2.04e+01   0.00e+00 (  2.95e+02,  2.04e+02)
95      0.656   1.14e+00   1.64e+00   1.32e+00   4.13e+01   0.00e+00 (  5.98e+02,  1.94e+02)
45 e: 1.166e-04 i: 5.203e-05 :: e: 7.596e-02 i: 9.797e-02 :: n: 2.762e+01 e:14.130 i:12.660 v:4.993e+03
>>> tau_he = 5.000000, nhe(0)=1.492008e+00
 5     -0.000   2.73e-03   2.55e-01   2.33e-03  -1.28e-04   0.00e+00 (  3.18e-01,  3.00e+01)
10     -0.000   5.03e-05  -1.48e-04  -1.65e-04  -1.10e-03   0.00e+00 (  1.23e-02,  5.85e+01)
15     -0.002   6.86e-03  -8.72e-03  -3.33e-03  -1.73e-02   0.00e+00 (  2.47e+00,  8.47e+01)
20      0.008   4.45e-02   1.93e-03   6.37e-03   6.57e-02   0.00e+00 (  1.75e+01,  1.08e+02)
25      0.021   7.84e-02   5.58e-02   3.30e-02   1.98e-01   0.00e+00 (  2.91e+01,  1.29e+02)
30      0.032   9.98e-02   1.03e-01   5.52e-02   3.30e-01   0.00e+00 (  3.39e+01,  1.45e+02)
35      0.043   1.22e-01   1.47e-01   6.41e-02   4.81e-01   0.00e+00 (  3.71e+01,  1.58e+02)
40      0.054   1.33e-01   1.91e-01   1.07e-01   6.42e-01   0.00e+00 (  3.52e+01,  1.66e+02)
45      0.074   1.52e-01   2.70e-01   1.62e-01   9.36e-01   0.00e+00 (  3.10e+01,  1.71e+02)
50      0.098   2.00e-01   3.51e-01   2.21e-01   1.30e+00   0.00e+00 (  2.58e+01,  1.72e+02)
55      0.124   2.77e-01   4.62e-01   2.68e-01   1.71e+00   0.00e+00 (  2.86e+01,  1.80e+02)
60      0.115   2.95e-01   5.61e-01   2.98e-01   1.63e+00   0.00e+00 (  5.50e+01,  2.19e+02)
65      0.092   4.20e-01   6.24e-01   3.87e-01   1.35e+00   0.00e+00 (  9.30e+01,  2.55e+02)
70      0.126   4.84e-01   7.54e-01   5.33e-01   1.89e+00   0.00e+00 (  9.49e+01,  2.56e+02)
75      0.145   4.92e-01   8.01e-01   5.97e-01   2.22e+00   0.00e+00 (  8.46e+01,  2.43e+02)
80      0.162   4.82e-01   8.27e-01   6.10e-01   2.61e+00   0.00e+00 (  7.31e+01,  2.29e+02)
85      0.214   5.49e-01   8.55e-01   5.80e-01   4.17e+00   0.00e+00 (  6.84e+01,  2.16e+02)
90      0.575   1.36e+00   1.81e+00   1.10e+00   2.04e+01   0.00e+00 (  2.96e+02,  2.04e+02)
95      0.656   1.14e+00   1.64e+00   1.32e+00   4.13e+01   0.00e+00 (  5.98e+02,  1.94e+02)
46 e: 5.165e-05 i: 6.501e-05 :: e: 7.664e-02 i: 9.706e-02 :: n: 2.762e+01 e:14.356 i:12.794 v:4.993e+03
>>> tau_he = 5.000000, nhe(0)=1.521060e+00
 5     -0.000   2.76e-03   2.56e-01   2.37e-03  -3.92e-04   0.00e+00 (  3.32e-01,  3.00e+01)
10     -0.000   5.11e-05  -2.06e-04  -1.82e-04  -1.22e-03   0.00e+00 (  1.30e-02,  5.85e+01)
15     -0.003   7.83e-03  -1.00e-02  -3.45e-03  -1.80e-02   0.00e+00 (  2.90e+00,  8.47e+01)
20      0.010   4.68e-02   4.35e-03   8.17e-03   8.14e-02   0.00e+00 (  1.87e+01,  1.08e+02)
25      0.023   8.02e-02   5.77e-02   3.43e-02   2.09e-01   0.00e+00 (  3.01e+01,  1.29e+02)
30      0.032   9.82e-02   9.30e-02   5.24e-02   3.26e-01   0.00e+00 (  3.37e+01,  1.45e+02)
35      0.044   1.24e-01   1.49e-01   6.50e-02   4.89e-01   0.00e+00 (  3.80e+01,  1.58e+02)
40      0.055   1.35e-01   1.95e-01   1.08e-01   6.54e-01   0.00e+00 (  3.61e+01,  1.66e+02)
45      0.075   1.55e-01   2.75e-01   1.63e-01   9.49e-01   0.00e+00 (  3.22e+01,  1.71e+02)
50      0.100   2.01e-01   3.57e-01   2.23e-01   1.32e+00   0.00e+00 (  2.68e+01,  1.72e+02)
55      0.126   2.76e-01   4.69e-01   2.70e-01   1.73e+00   0.00e+00 (  2.95e+01,  1.80e+02)
60      0.116   2.99e-01   5.67e-01   3.03e-01   1.65e+00   0.00e+00 (  5.62e+01,  2.19e+02)
65      0.094   4.22e-01   6.31e-01   3.92e-01   1.37e+00   0.00e+00 (  9.38e+01,  2.55e+02)
70      0.128   4.87e-01   7.63e-01   5.38e-01   1.92e+00   0.00e+00 (  9.58e+01,  2.56e+02)
75      0.146   4.96e-01   8.10e-01   6.03e-01   2.25e+00   0.00e+00 (  8.55e+01,  2.43e+02)
80      0.164   4.86e-01   8.37e-01   6.17e-01   2.64e+00   0.00e+00 (  7.42e+01,  2.29e+02)
85      0.215   5.52e-01   8.63e-01   5.87e-01   4.20e+00   0.00e+00 (  6.94e+01,  2.16e+02)
90      0.575   1.36e+00   1.81e+00   1.11e+00   2.04e+01   0.00e+00 (  2.96e+02,  2.04e+02)
95      0.656   1.14e+00   1.64e+00   1.32e+00   4.13e+01   0.00e+00 (  5.98e+02,  1.94e+02)
47 e: 6.559e-05 i: 2.570e-05 :: e: 7.407e-02 i: 9.347e-02 :: n: 2.762e+01 e:14.501 i:12.942 v:4.993e+03
>>> tau_he = 5.000000, nhe(0)=1.539658e+00
 5     -0.000   2.76e-03   2.56e-01   2.42e-03  -6.47e-04   0.00e+00 (  3.44e-01,  3.00e+01)
10     -0.000   5.10e-05  -2.58e-04  -1.97e-04  -1.33e-03   0.00e+00 (  1.34e-02,  5.85e+01)
15     -0.003   8.75e-03  -1.10e-02  -3.59e-03  -1.89e-02   0.00e+00 (  3.32e+00,  8.47e+01)
20      0.010   4.91e-02   6.14e-03   9.18e-03   8.43e-02   0.00e+00 (  1.99e+01,  1.08e+02)
25      0.023   8.21e-02   6.01e-02   3.55e-02   2.14e-01   0.00e+00 (  3.12e+01,  1.29e+02)
30      0.032   1.01e-01   9.64e-02   5.40e-02   3.32e-01   0.00e+00 (  3.50e+01,  1.45e+02)
35      0.045   1.26e-01   1.52e-01   6.59e-02   4.95e-01   0.00e+00 (  3.92e+01,  1.58e+02)
40      0.056   1.37e-01   1.99e-01   1.09e-01   6.60e-01   0.00e+00 (  3.72e+01,  1.66e+02)
45      0.076   1.57e-01   2.79e-01   1.65e-01   9.56e-01   0.00e+00 (  3.34e+01,  1.71e+02)
50      0.100   2.02e-01   3.63e-01   2.24e-01   1.32e+00   0.00e+00 (  2.78e+01,  1.72e+02)
55      0.126   2.73e-01   4.75e-01   2.71e-01   1.74e+00   0.00e+00 (  3.03e+01,  1.80e+02)
60      0.116   3.03e-01   5.73e-01   3.05e-01   1.66e+00   0.00e+00 (  5.74e+01,  2.19e+02)
65      0.094   4.25e-01   6.37e-01   3.95e-01   1.38e+00   0.00e+00 (  9.48e+01,  2.55e+02)
70      0.129   4.90e-01   7.70e-01   5.43e-01   1.93e+00   0.00e+00 (  9.68e+01,  2.56e+02)
75      0.147   4.99e-01   8.16e-01   6.08e-01   2.26e+00   0.00e+00 (  8.65e+01,  2.43e+02)
80      0.165   4.90e-01   8.43e-01   6.21e-01   2.65e+00   0.00e+00 (  7.51e+01,  2.29e+02)
85      0.216   5.55e-01   8.70e-01   5.92e-01   4.21e+00   0.00e+00 (  7.04e+01,  2.16e+02)
90      0.575   1.36e+00   1.82e+00   1.11e+00   2.04e+01   0.00e+00 (  2.97e+02,  2.04e+02)
95      0.656   1.14e+00   1.64e+00   1.32e+00   4.13e+01   0.00e+00 (  5.98e+02,  1.94e+02)
48 e: 2.626e-05 i: 2.982e-05 :: e: 7.220e-02 i: 9.033e-02 :: n: 2.762e+01 e:14.666 i:13.038 v:4.993e+03
>>> tau_he = 5.000000, nhe(0)=1.559458e+00
 5     -0.000   2.78e-03   2.56e-01   2.44e-03  -8.72e-04   0.00e+00 (  3.54e-01,  3.00e+01)
10     -0.000   5.15e-05  -3.07e-04  -2.12e-04  -1.43e-03   0.00e+00 (  1.38e-02,  5.85e+01)
15     -0.003   1.07e-02  -1.19e-02  -3.71e-03  -2.05e-02   0.00e+00 (  4.12e+00,  8.47e+01)
20      0.007   4.31e-02   7.30e-03   1.06e-02   5.56e-02   0.00e+00 (  1.76e+01,  1.08e+02)
25      0.023   8.31e-02   6.12e-02   3.60e-02   2.17e-01   0.00e+00 (  3.17e+01,  1.29e+02)
30      0.033   1.02e-01   9.83e-02   5.51e-02   3.39e-01   0.00e+00 (  3.57e+01,  1.45e+02)
35      0.041   1.20e-01   1.37e-01   6.64e-02   4.58e-01   0.00e+00 (  3.75e+01,  1.58e+02)
40      0.056   1.39e-01   2.01e-01   1.10e-01   6.68e-01   0.00e+00 (  3.78e+01,  1.66e+02)
45      0.077   1.59e-01   2.82e-01   1.66e-01   9.63e-01   0.00e+00 (  3.41e+01,  1.71e+02)
50      0.101   2.01e-01   3.66e-01   2.25e-01   1.33e+00   0.00e+00 (  2.83e+01,  1.72e+02)
55      0.127   2.72e-01   4.79e-01   2.72e-01   1.74e+00   0.00e+00 (  3.10e+01,  1.80e+02)
60      0.117   3.05e-01   5.77e-01   3.08e-01   1.67e+00   0.00e+00 (  5.82e+01,  2.19e+02)
65      0.096   4.26e-01   6.42e-01   3.98e-01   1.40e+00   0.00e+00 (  9.51e+01,  2.55e+02)
70      0.130   4.92e-01   7.75e-01   5.46e-01   1.95e+00   0.00e+00 (  9.73e+01,  2.56e+02)
75      0.149   5.02e-01   8.23e-01   6.12e-01   2.28e+00   0.00e+00 (  8.71e+01,  2.43e+02)
80      0.166   4.93e-01   8.50e-01   6.26e-01   2.67e+00   0.00e+00 (  7.58e+01,  2.29e+02)
85      0.217   5.58e-01   8.76e-01   5.98e-01   4.23e+00   0.00e+00 (  7.11e+01,  2.16e+02)
90      0.575   1.36e+00   1.82e+00   1.11e+00   2.04e+01   0.00e+00 (  2.97e+02,  2.04e+02)
95      0.656   1.14e+00   1.64e+00   1.32e+00   4.13e+01   0.00e+00 (  5.98e+02,  1.94e+02)
49 e: 3.032e-05 i: 9.500e-06 :: e: 6.642e-02 i: 8.470e-02 :: n: 2.762e+01 e:14.760 i:13.141 v:4.993e+03
 plasma volume = 148.631285
 stored energy(e,i,b) = 4.558035e+01 4.103229e+01 0.000000e+00
 betan = 0.983284
*power
 Pnb(e,i) = 0.000000e+00 0.000000e+00
 Prf(e,i) = 2.971798e+01 0.000000e+00
 Prad     = -1.052870e+01 
 Pei      = -2.324316e+01 
 Pfuse    = 2.896173e+01 
 Pfusi    = 7.691473e+00 
 Poh      = 0.000000e+00 
*confinement time
 taut, tauITER98y2, H98y2 : 1.551017e+00 1.961356e+00 7.907882e-01
 taue, taui : 1.829959e+00 1.326419e+00
 taut, tau89, H89 : 1.551017e+00 9.233050e-01 1.679853e+00
*temperature
 nea, nebar : 1.864792e+01 2.142699e+01 
 tea, tia : 6.093653e+00 5.631479e+00 (1.082070e+00)
 te0, ti0 : 1.359975e+01 1.265492e+01 (1.074661e+00)
 Sn : 0.000000e+00 
*current balance
 Ip,Ibs,Inb,Irf: 1.000000e+01 1.464556e+00 0.000000e+00 1.980806e-01
 fni,fbs: 0.166 0.146

 plasma volume = 148.631285
 stored energy(e,i,b) = 4.558035e+01 4.103229e+01 0.000000e+00
 betan = 0.983284
*power
 Pnb(e,i) = 0.000000e+00 0.000000e+00
 Prf(e,i) = 2.971798e+01 0.000000e+00
 Prad     = -1.052870e+01 
 Pei      = -2.324316e+01 
 Pfuse    = 2.896173e+01 
 Pfusi    = 7.691473e+00 
 Poh      = 0.000000e+00 
*confinement time
 taut, tauITER98y2, H98y2 : 1.551017e+00 1.961356e+00 7.907882e-01
 taue, taui : 1.829959e+00 1.326419e+00
 taut, tau89, H89 : 1.551017e+00 9.233050e-01 1.679853e+00
*temperature
 nea, nebar : 1.864792e+01 2.142699e+01 
 tea, tia : 6.093653e+00 5.631479e+00 (1.082070e+00)
 te0, ti0 : 1.359975e+01 1.265492e+01 (1.074661e+00)
 Sn : 0.000000e+00 
*current balance
 Ip,Ibs,Inb,Irf: 1.000000e+01 1.464556e+00 0.000000e+00 1.980806e-01
 fni,fbs: 0.166 0.146
 ELAPASED TIME = 1701 sec
