NCAPTC: : NetCDF: Variable not found
Warning: ieee_overflow is signaling
Warning: ieee_underflow is signaling
Warning: ieee_inexact is signaling
FORTRAN STOP
 solver
 /global/common/software/atom/perlmutter/data/greentable/
 /global/common/software/atom/perlmutter/data/greentable/

          EFITD Version  07/09/2014


 type mode (2=file, 3=snap, 4=time, 5=input, 6=com file, 7=snap_ext):

 number of time slices?

 type input file names:
 #
 table_dir = </global/common/software/atom/perlmutter/data/greentable/>

  ----- time =     4 ms ----- ( 0)
 it=  1 chi2=0.00E+00 zm= 7.53E-03 err=5.202E+00 dz= 7.535E-03 chigam= 0.00E+00
 it=  2 chi2=0.00E+00 zm= 1.09E-02 err=8.967E-01 dz= 3.385E-03 chigam= 0.00E+00
 it=  3 chi2=0.00E+00 zm= 1.35E-02 err=5.175E-01 dz= 2.544E-03 chigam= 0.00E+00
 it=  4 chi2=0.00E+00 zm= 1.54E-02 err=3.019E-01 dz= 1.903E-03 chigam= 0.00E+00
 it=  5 chi2=0.00E+00 zm= 1.68E-02 err=1.776E-01 dz= 1.439E-03 chigam= 0.00E+00
 it=  6 chi2=0.00E+00 zm= 1.79E-02 err=1.127E-01 dz= 1.092E-03 chigam= 0.00E+00
 it=  7 chi2=0.00E+00 zm= 1.87E-02 err=5.955E-02 dz= 8.059E-04 chigam= 0.00E+00
 it=  8 chi2=0.00E+00 zm= 1.93E-02 err=3.862E-02 dz= 6.002E-04 chigam= 0.00E+00
 it=  9 chi2=0.00E+00 zm= 1.97E-02 err=2.795E-02 dz= 4.458E-04 chigam= 0.00E+00
 it= 10 chi2=0.00E+00 zm= 2.01E-02 err=1.459E-02 dz= 3.234E-04 chigam= 0.00E+00
 it= 11 chi2=0.00E+00 zm= 2.03E-02 err=8.978E-03 dz= 2.367E-04 chigam= 0.00E+00
 it= 12 chi2=0.00E+00 zm= 2.05E-02 err=8.740E-03 dz= 1.714E-04 chigam= 0.00E+00
 it= 13 chi2=0.00E+00 zm= 2.06E-02 err=5.067E-03 dz= 1.245E-04 chigam= 0.00E+00
 it= 14 chi2=0.00E+00 zm= 2.07E-02 err=2.961E-03 dz= 9.033E-05 chigam= 0.00E+00
 it= 15 chi2=0.00E+00 zm= 2.08E-02 err=1.819E-03 dz= 6.546E-05 chigam= 0.00E+00
 it= 16 chi2=0.00E+00 zm= 2.08E-02 err=1.249E-03 dz= 4.741E-05 chigam= 0.00E+00
 it= 17 chi2=0.00E+00 zm= 2.08E-02 err=8.620E-04 dz= 3.433E-05 chigam= 0.00E+00
 it= 18 chi2=0.00E+00 zm= 2.09E-02 err=5.971E-04 dz= 2.485E-05 chigam= 0.00E+00
 it= 19 chi2=0.00E+00 zm= 2.09E-02 err=4.150E-04 dz= 1.799E-05 chigam= 0.00E+00
 it= 20 chi2=0.00E+00 zm= 2.09E-02 err=1.073E-03 dz= 1.201E-05 chigam= 0.00E+00
 it= 21 chi2=0.00E+00 zm= 2.09E-02 err=6.016E-04 dz= 8.576E-06 chigam= 0.00E+00
 it= 22 chi2=0.00E+00 zm= 2.09E-02 err=3.434E-04 dz= 6.146E-06 chigam= 0.00E+00
 it= 23 chi2=0.00E+00 zm= 2.09E-02 err=1.999E-04 dz= 4.418E-06 chigam= 0.00E+00
 it= 24 chi2=0.00E+00 zm= 2.09E-02 err=1.190E-04 dz= 3.184E-06 chigam= 0.00E+00
 it= 25 chi2=0.00E+00 zm= 2.09E-02 err=7.572E-05 dz= 2.300E-06 chigam= 0.00E+00

      ******************** EFITD129 x 129  output ********************

       data used:   
  0 flux loops
  0 magnetic probes(i)
  0 full rogowski
  0 diamagnetic loop


 shot #   =          1 time(ms) =          4 chi**2   =  0.000E+00
 betat(%) =      1.298 betap    =      0.659 li       =      0.856
 vol(cm3) =  0.781E+07 rout(cm) =    172.224 zout(cm) =      0.739
 elong    =      1.351 utriang  =     -0.371 ltriang  =     -0.307
 a(cm)    =     41.455 lin(cm)  = ********** lout(cm) =     10.496
 ltop(cm) = ********** q*       =      2.346 rc(cm)   =    177.193
 zc(cm)   =      1.825 bt0(t)   =      2.000 qout     =      2.228
