========================================================================
= FASTRAN

nonlinear model = 0
ichi = 1
ineo = 0
reading state...
read formatted input, inprof...
init geometry...
read formatted input, inmetric...
nrho in inmetric = 101
rhob in inmetric = 1.271309e+00
solve avg grad-shafranv...
solve_avg_gs::Ip_temp = 9.965195e+00 
solve_avg_gs::Ip      = 1.000000e+01 
>>> tau_he = 5.000000, nhe(0)=3.734519e+00

 plasma volume = 151.416994
 stored energy(e,i,b,a) = 9.560647e+01 8.479488e+01 0.000000e+00 0.000000e+00
 betan = 2.018237
*power
 Pnb(e,i) = 0.000000e+00 0.000000e+00
 Prf(e,i) = 1.161155e+01 2.838710e+01
 Prad     = -8.245720e+01 
 Pei      = 0.000000e+00 
 Pfuse    = 1.015538e+02 
 Pfusi    = 4.155376e+01 
 Poh      = 0.000000e+00 
*confinement time
 taut, tauITER98y2, H98y2 : 1.792380e+00 1.371046e+00 1.307309e+00
 taue, taui : 3.113387e+00 2.040607e+00
 taut, tau89, H89 : 1.792380e+00 6.986725e-01 2.565408e+00
*temperature
 nea, nebar : 2.054199e+01 2.349226e+01 
 tea, tia : 1.112436e+01 1.112436e+01 (1.000000e+00)
 te0, ti0 : 2.802534e+01 2.802534e+01 (1.000000e+00)
 Sn : 0.000000e+00 
*current balance
 Ip,Ibs,Inb,Irf: 1.000000e+01 3.190329e+00 0.000000e+00 3.380191e-01
 fni,fbs: 0.353 0.319

Time advancing...
rho_bdry 0.900000 ...
te_bdry = 5.000307
ti_bdry = 5.000307
ne_bdry = 16.078026
rv_bdry = 279.463030
nrho_tr_bdry = 18
drho_bdry = 0.000000e+00
nrhob = 90
 [    0] t = 0.0000 
>>> tau_he = 5.000000, nhe(0)=3.787957e+00
 5     -0.010   1.02e-02   3.17e-01   3.36e-03  -4.78e-02   0.00e+00 (  3.34e+00,  3.66e+01)
10      0.001   5.43e-03  -1.91e-03   3.72e-04   8.33e-03   0.00e+00 (  2.26e+00,  7.74e+01)
15     -0.003   1.30e-03  -3.46e-03  -2.84e-03  -2.56e-02   0.00e+00 (  6.38e-01,  1.13e+02)
20      0.000   2.73e-02  -9.32e-02  -8.09e-03   3.59e-03   0.00e+00 (  1.50e+01,  1.42e+02)
25      0.006   6.28e-02  -8.35e-02   3.50e-03   5.36e-02   0.00e+00 (  3.75e+01,  1.63e+02)
30      0.022   2.03e-01  -9.99e-02   4.59e-02   2.34e-01   0.00e+00 (  1.28e+02,  1.78e+02)
35      0.032   2.68e-01  -5.76e-02   4.25e-02   3.71e-01   0.00e+00 (  1.74e+02,  1.90e+02)
40      0.046   3.86e-01   3.38e-02   7.13e-02   5.73e-01   0.00e+00 (  2.54e+02,  1.99e+02)
45      0.061   4.87e-01   1.27e-01   8.82e-02   8.10e-01   0.00e+00 (  3.18e+02,  2.06e+02)
50      0.142   6.76e-01   3.89e-01   1.41e-01   1.98e+00   0.00e+00 (  4.31e+02,  2.08e+02)
55      0.236   8.15e-01   6.92e-01   3.88e-01   3.44e+00   0.00e+00 (  4.99e+02,  2.08e+02)
60      0.318   9.28e-01   9.89e-01   5.61e-01   4.80e+00   0.00e+00 (  5.35e+02,  2.03e+02)
65      0.387   1.02e+00   1.29e+00   8.51e-01   6.04e+00   0.00e+00 (  5.42e+02,  1.95e+02)
70      0.437   1.10e+00   1.60e+00   1.19e+00   7.00e+00   0.00e+00 (  5.31e+02,  1.83e+02)
75      0.448   1.15e+00   1.82e+00   1.45e+00   7.39e+00   0.00e+00 (  4.93e+02,  1.70e+02)
80      0.427   1.15e+00   1.90e+00   1.55e+00   7.47e+00   0.00e+00 (  4.24e+02,  1.55e+02)
85      0.501   1.19e+00   2.03e+00   1.58e+00   1.11e+01   0.00e+00 (  3.91e+02,  1.39e+02)
90      3.317   7.25e+00   9.10e+00   6.30e+00   1.49e+02   0.00e+00 (  3.32e+03,  1.23e+02)
95      0.510   8.92e-01   1.28e+00   9.18e-01   4.34e+01   0.00e+00 (  6.97e+02,  1.08e+02)
 0 e: 9.758e-07 i: 5.559e-06 :: e: 0.000e+00 i: 0.000e+00 :: n: 3.012e+01 e:27.952 i:27.809 v:4.993e+03
>>> tau_he = 5.000000, nhe(0)=3.772946e+00
 5     -0.008   9.70e-03   3.58e-01   3.25e-03  -3.79e-02   0.00e+00 (  3.06e+00,  3.66e+01)
10      0.001   4.85e-03  -1.83e-03   3.06e-04   6.97e-03   0.00e+00 (  2.01e+00,  7.74e+01)
15     -0.003   1.31e-03  -3.32e-03  -2.73e-03  -2.56e-02   0.00e+00 (  6.44e-01,  1.13e+02)
20      0.001   3.02e-02  -9.92e-02  -8.86e-03   6.93e-03   0.00e+00 (  1.67e+01,  1.42e+02)
25     -0.005   5.13e-02  -4.50e-02   5.37e-03  -4.47e-02   0.00e+00 (  3.12e+01,  1.63e+02)
30      0.021   2.01e-01  -9.97e-02   4.53e-02   2.29e-01   0.00e+00 (  1.27e+02,  1.78e+02)
35      0.032   2.72e-01  -5.73e-02   4.31e-02   3.66e-01   0.00e+00 (  1.78e+02,  1.90e+02)
40      0.060   3.98e-01   7.61e-02   8.82e-02   7.52e-01   0.00e+00 (  2.62e+02,  1.99e+02)
45      0.125   5.78e-01   2.74e-01   1.19e-01   1.66e+00   0.00e+00 (  3.79e+02,  2.06e+02)
50      0.159   6.61e-01   4.11e-01   1.65e-01   2.21e+00   0.00e+00 (  4.15e+02,  2.08e+02)
55      0.239   8.12e-01   7.00e-01   3.91e-01   3.48e+00   0.00e+00 (  4.94e+02,  2.08e+02)
60      0.302   9.24e-01   9.69e-01   5.60e-01   4.57e+00   0.00e+00 (  5.32e+02,  2.03e+02)
65      0.368   1.01e+00   1.26e+00   8.37e-01   5.74e+00   0.00e+00 (  5.37e+02,  1.95e+02)
70      0.431   1.10e+00   1.58e+00   1.18e+00   6.91e+00   0.00e+00 (  5.28e+02,  1.83e+02)
75      0.446   1.15e+00   1.81e+00   1.44e+00   7.35e+00   0.00e+00 (  4.90e+02,  1.70e+02)
80      0.425   1.15e+00   1.89e+00   1.54e+00   7.42e+00   0.00e+00 (  4.20e+02,  1.55e+02)
85      0.514   1.22e+00   2.09e+00   1.63e+00   1.14e+01   0.00e+00 (  4.14e+02,  1.39e+02)
90      3.310   7.39e+00   9.16e+00   6.26e+00   1.49e+02   0.00e+00 (  3.16e+03,  1.23e+02)
95      0.510   8.92e-01   1.28e+00   9.18e-01   4.34e+01   0.00e+00 (  6.97e+02,  1.08e+02)
 1 e: 1.607e-01 i: 4.737e-01 :: e: 1.203e-02 i: 2.120e-02 :: n: 3.012e+01 e:27.541 i:35.281 v:4.993e+03
>>> tau_he = 5.000000, nhe(0)=4.189102e+00
 5     -0.008   1.90e-02   3.08e+00   3.72e-03  -3.91e-02   0.00e+00 (  5.67e+00,  3.66e+01)
10     -0.007   1.20e-02   3.68e-02   4.13e-03  -4.38e-02   0.00e+00 (  8.39e+00,  7.74e+01)
15     -0.086   1.95e-01  -2.18e-02   6.70e-02  -6.39e-01   0.00e+00 (  2.09e+02,  1.13e+02)
20     -0.271   3.63e-01  -4.32e-02   1.10e-01  -2.33e+00   0.00e+00 (  4.25e+02,  1.42e+02)
25      0.009   3.34e-01   9.40e-02   5.58e-02   8.51e-02   0.00e+00 (  3.37e+02,  1.63e+02)
30      0.113   2.97e-01   1.42e-01   2.59e-02   1.20e+00   0.00e+00 (  2.09e+02,  1.78e+02)
35      0.526   5.88e-01   4.71e-01   2.04e-01   6.11e+00   0.00e+00 (  3.58e+02,  1.90e+02)
40      0.639   6.29e-01   5.14e-01   2.97e-01   7.97e+00   0.00e+00 (  3.26e+02,  1.99e+02)
45      0.435   5.73e-01   7.03e-01   3.90e-01   5.76e+00   0.00e+00 (  2.56e+02,  2.06e+02)
50      0.325   5.32e-01   7.73e-01   3.37e-01   4.53e+00   0.00e+00 (  2.05e+02,  2.08e+02)
55      0.228   5.01e-01   7.19e-01   3.95e-01   3.31e+00   0.00e+00 (  1.87e+02,  2.08e+02)
60      0.121   4.51e-01   4.95e-01   3.37e-01   1.83e+00   0.00e+00 (  1.64e+02,  2.03e+02)
65      0.116   5.33e-01   5.89e-01   4.25e-01   1.81e+00   0.00e+00 (  1.86e+02,  1.95e+02)
70      0.200   7.13e-01   1.01e+00   7.53e-01   3.21e+00   0.00e+00 (  2.34e+02,  1.83e+02)
75      0.226   7.76e-01   1.18e+00   9.32e-01   3.72e+00   0.00e+00 (  2.34e+02,  1.70e+02)
80      0.246   7.83e-01   1.27e+00   9.97e-01   4.31e+00   0.00e+00 (  2.15e+02,  1.55e+02)
85      0.334   9.60e-01   1.49e+00   1.07e+00   7.41e+00   0.00e+00 (  2.61e+02,  1.39e+02)
90      3.267   7.54e+00   9.27e+00   6.04e+00   1.47e+02   0.00e+00 (  2.96e+03,  1.23e+02)
95      0.510   8.92e-01   1.28e+00   9.18e-01   4.34e+01   0.00e+00 (  6.97e+02,  1.08e+02)
 2 e: 5.066e-02 i: 4.348e-02 :: e: 2.192e-01 i: 2.481e-01 :: n: 3.012e+01 e:30.709 i:32.292 v:4.993e+03
>>> tau_he = 5.000000, nhe(0)=4.065998e+00
 5     -0.012   1.61e-02   2.07e+00   6.62e-03  -5.85e-02   0.00e+00 (  6.27e+00,  3.66e+01)
10     -0.010   2.60e-02   1.52e-02   6.75e-03  -6.04e-02   0.00e+00 (  2.35e+01,  7.74e+01)
15     -0.291   2.36e-01  -7.51e-02   7.12e-02  -2.16e+00   0.00e+00 (  2.97e+02,  1.13e+02)
20     -0.499   2.64e-01  -6.50e-04   4.71e-02  -4.29e+00   0.00e+00 (  3.53e+02,  1.42e+02)
25     -0.146   6.75e-01   7.19e-01   4.85e-01  -1.41e+00   0.00e+00 (  8.66e+02,  1.63e+02)
30      0.305   5.76e-01   4.95e-01   3.43e-01   3.26e+00   0.00e+00 (  5.74e+02,  1.78e+02)
35      0.393   4.97e-01   4.27e-01   2.52e-01   4.57e+00   0.00e+00 (  4.19e+02,  1.90e+02)
40      0.370   4.60e-01   5.14e-01   2.98e-01   4.62e+00   0.00e+00 (  3.24e+02,  1.99e+02)
45      0.289   4.74e-01   6.43e-01   2.44e-01   3.82e+00   0.00e+00 (  2.72e+02,  2.06e+02)
50      0.211   4.63e-01   6.57e-01   2.83e-01   2.95e+00   0.00e+00 (  2.11e+02,  2.08e+02)
55      0.138   4.55e-01   5.64e-01   3.23e-01   2.01e+00   0.00e+00 (  1.81e+02,  2.08e+02)
60      0.073   4.20e-01   4.07e-01   2.75e-01   1.11e+00   0.00e+00 (  1.48e+02,  2.03e+02)
65      0.113   4.89e-01   5.56e-01   4.03e-01   1.76e+00   0.00e+00 (  1.51e+02,  1.95e+02)
70      0.148   5.18e-01   6.87e-01   5.31e-01   2.36e+00   0.00e+00 (  1.39e+02,  1.83e+02)
75      0.178   5.38e-01   8.04e-01   6.50e-01   2.93e+00   0.00e+00 (  1.26e+02,  1.70e+02)
80      0.199   5.39e-01   8.80e-01   6.98e-01   3.49e+00   0.00e+00 (  1.11e+02,  1.55e+02)
85      0.293   7.43e-01   1.14e+00   8.07e-01   6.48e+00   0.00e+00 (  1.47e+02,  1.39e+02)
90      3.241   7.72e+00   9.27e+00   5.91e+00   1.46e+02   0.00e+00 (  2.72e+03,  1.23e+02)
95      0.510   8.92e-01   1.28e+00   9.18e-01   4.34e+01   0.00e+00 (  6.97e+02,  1.08e+02)
 3 e: 3.305e-02 i: 1.184e-02 :: e: 3.297e-01 i: 4.314e-01 :: n: 3.012e+01 e:25.939 i:31.896 v:4.993e+03
>>> tau_he = 5.000000, nhe(0)=4.039768e+00
 5     -0.012   1.43e-02   1.59e+00   5.26e-03  -6.01e-02   0.00e+00 (  5.16e+00,  3.66e+01)
10     -0.010   4.02e-02   2.65e-03   8.10e-03  -6.41e-02   0.00e+00 (  3.30e+01,  7.74e+01)
15     -0.213   1.69e-01  -3.17e-02   2.75e-02  -1.59e+00   0.00e+00 (  1.75e+02,  1.13e+02)
20     -0.179   2.26e-01   4.43e-02   1.89e-02  -1.54e+00   0.00e+00 (  2.43e+02,  1.42e+02)
25     -0.054   4.47e-01   4.20e-01   1.43e-01  -5.23e-01   0.00e+00 (  4.36e+02,  1.63e+02)
30      0.134   3.91e-01   3.51e-01   1.22e-01   1.43e+00   0.00e+00 (  3.10e+02,  1.78e+02)
35      0.200   3.65e-01   3.47e-01   1.39e-01   2.32e+00   0.00e+00 (  2.51e+02,  1.90e+02)
40      0.238   3.64e-01   4.01e-01   1.66e-01   2.97e+00   0.00e+00 (  2.10e+02,  1.99e+02)
45      0.217   3.74e-01   4.62e-01   1.97e-01   2.88e+00   0.00e+00 (  1.76e+02,  2.06e+02)
50      0.189   3.75e-01   5.10e-01   2.22e-01   2.63e+00   0.00e+00 (  1.41e+02,  2.08e+02)
55      0.108   3.11e-01   3.83e-01   2.27e-01   1.57e+00   0.00e+00 (  1.02e+02,  2.08e+02)
60      0.095   3.22e-01   3.62e-01   2.45e-01   1.44e+00   0.00e+00 (  9.28e+01,  2.03e+02)
65      0.129   3.73e-01   4.83e-01   3.43e-01   2.00e+00   0.00e+00 (  9.32e+01,  1.95e+02)
70      0.153   3.97e-01   5.78e-01   4.48e-01   2.45e+00   0.00e+00 (  8.53e+01,  1.83e+02)
75      0.175   4.19e-01   6.67e-01   5.43e-01   2.88e+00   0.00e+00 (  7.81e+01,  1.70e+02)
80      0.191   4.36e-01   7.35e-01   5.87e-01   3.34e+00   0.00e+00 (  7.06e+01,  1.55e+02)
85      0.286   6.82e-01   1.01e+00   7.05e-01   6.33e+00   0.00e+00 (  1.03e+02,  1.39e+02)
90      2.304   5.34e+00   6.56e+00   3.94e+00   1.04e+02   0.00e+00 (  1.74e+03,  1.23e+02)
95      0.510   8.92e-01   1.28e+00   9.18e-01   4.34e+01   0.00e+00 (  6.97e+02,  1.08e+02)
 4 e: 1.790e-03 i: 1.864e-02 :: e: 4.139e-01 i: 4.383e-01 :: n: 3.012e+01 e:26.579 i:28.049 v:4.993e+03
>>> tau_he = 5.000000, nhe(0)=3.793372e+00
 5     -0.011   1.10e-02   1.34e+00   6.43e-03  -5.60e-02   0.00e+00 (  4.36e+00,  3.66e+01)
10     -0.007   3.40e-02  -1.06e-02   6.80e-03  -4.13e-02   0.00e+00 (  2.97e+01,  7.74e+01)
15     -0.210   1.50e-01  -2.09e-02   3.26e-02  -1.57e+00   0.00e+00 (  1.57e+02,  1.13e+02)
20     -0.086   2.01e-01   4.46e-02   6.13e-03  -7.38e-01   0.00e+00 (  2.16e+02,  1.42e+02)
25     -0.039   2.42e-01   1.11e-01   2.09e-02  -3.77e-01   0.00e+00 (  2.31e+02,  1.63e+02)
30      0.133   3.78e-01   3.44e-01   1.41e-01   1.42e+00   0.00e+00 (  3.06e+02,  1.78e+02)
35      0.173   3.60e-01   3.67e-01   1.60e-01   2.01e+00   0.00e+00 (  2.58e+02,  1.90e+02)
40      0.210   3.60e-01   4.42e-01   1.75e-01   2.62e+00   0.00e+00 (  2.20e+02,  1.99e+02)
45      0.199   3.79e-01   5.08e-01   2.31e-01   2.63e+00   0.00e+00 (  1.90e+02,  2.06e+02)
50      0.171   3.88e-01   5.59e-01   2.52e-01   2.38e+00   0.00e+00 (  1.56e+02,  2.08e+02)
55      0.097   3.32e-01   4.23e-01   2.45e-01   1.41e+00   0.00e+00 (  1.16e+02,  2.08e+02)
60      0.082   3.44e-01   3.87e-01   2.55e-01   1.25e+00   0.00e+00 (  1.05e+02,  2.03e+02)
65      0.108   3.81e-01   4.73e-01   3.39e-01   1.68e+00   0.00e+00 (  9.92e+01,  1.95e+02)
70      0.125   3.82e-01   5.26e-01   4.12e-01   2.00e+00   0.00e+00 (  8.48e+01,  1.83e+02)
75      0.139   3.80e-01   5.73e-01   4.71e-01   2.29e+00   0.00e+00 (  7.23e+01,  1.70e+02)
80      0.150   3.78e-01   6.06e-01   4.85e-01   2.62e+00   0.00e+00 (  6.15e+01,  1.55e+02)
85      0.258   6.35e-01   8.90e-01   5.85e-01   5.71e+00   0.00e+00 (  9.41e+01,  1.39e+02)
90      2.313   5.38e+00   6.64e+00   3.93e+00   1.04e+02   0.00e+00 (  1.74e+03,  1.23e+02)
95      0.510   8.92e-01   1.28e+00   9.18e-01   4.34e+01   0.00e+00 (  6.97e+02,  1.08e+02)
 5 e: 1.548e-02 i: 2.383e-03 :: e: 3.687e-01 i: 4.443e-01 :: n: 3.012e+01 e:23.485 i:27.797 v:4.993e+03
>>> tau_he = 5.000000, nhe(0)=3.772071e+00
 5     -0.010   1.02e-02   1.25e+00   5.30e-03  -5.11e-02   0.00e+00 (  3.63e+00,  3.66e+01)
10     -0.007   3.50e-02  -4.16e-04   6.93e-03  -4.25e-02   0.00e+00 (  2.72e+01,  7.74e+01)
15     -0.142   1.46e-01  -2.37e-02   2.06e-02  -1.06e+00   0.00e+00 (  1.33e+02,  1.13e+02)
20     -0.029   1.85e-01   4.07e-02   1.29e-02  -2.51e-01   0.00e+00 (  1.71e+02,  1.42e+02)
25     -0.008   2.04e-01   8.42e-02   1.84e-02  -7.72e-02   0.00e+00 (  1.67e+02,  1.63e+02)
30      0.048   2.19e-01   1.22e-01   5.94e-03   5.12e-01   0.00e+00 (  1.50e+02,  1.78e+02)
35      0.129   3.03e-01   2.80e-01   8.76e-02   1.50e+00   0.00e+00 (  1.85e+02,  1.90e+02)
40      0.159   3.02e-01   3.41e-01   1.17e-01   1.98e+00   0.00e+00 (  1.58e+02,  1.99e+02)
45      0.155   3.11e-01   3.70e-01   1.80e-01   2.06e+00   0.00e+00 (  1.33e+02,  2.06e+02)
50      0.142   3.16e-01   4.05e-01   2.07e-01   1.98e+00   0.00e+00 (  1.09e+02,  2.08e+02)
55      0.097   2.76e-01   3.39e-01   2.08e-01   1.41e+00   0.00e+00 (  8.27e+01,  2.08e+02)
60      0.091   2.81e-01   3.31e-01   2.25e-01   1.38e+00   0.00e+00 (  7.30e+01,  2.03e+02)
65      0.117   3.11e-01   4.15e-01   2.96e-01   1.82e+00   0.00e+00 (  6.86e+01,  1.95e+02)
70      0.134   3.22e-01   4.77e-01   3.74e-01   2.15e+00   0.00e+00 (  6.00e+01,  1.83e+02)
75      0.150   3.37e-01   5.39e-01   4.45e-01   2.47e+00   0.00e+00 (  5.33e+01,  1.70e+02)
80      0.161   3.60e-01   5.85e-01   4.74e-01   2.82e+00   0.00e+00 (  4.81e+01,  1.55e+02)
85      0.264   6.49e-01   8.69e-01   5.77e-01   5.85e+00   0.00e+00 (  7.62e+01,  1.39e+02)
90      0.883   2.05e+00   2.60e+00   1.44e+00   3.98e+01   0.00e+00 (  6.30e+02,  1.23e+02)
95      0.510   8.92e-01   1.28e+00   9.18e-01   4.34e+01   0.00e+00 (  6.97e+02,  1.08e+02)
 6 e: 1.265e-03 i: 7.492e-03 :: e: 4.269e-01 i: 4.406e-01 :: n: 3.012e+01 e:24.211 i:25.611 v:4.993e+03
>>> tau_he = 5.000000, nhe(0)=3.597956e+00
 5     -0.010   8.78e-03   1.18e+00   5.85e-03  -4.67e-02   0.00e+00 (  3.29e+00,  3.66e+01)
10     -0.004   2.52e-02  -1.18e-03   5.17e-03  -2.48e-02   0.00e+00 (  2.01e+01,  7.74e+01)
15     -0.133   1.28e-01  -2.49e-02   1.50e-02  -9.90e-01   0.00e+00 (  1.16e+02,  1.13e+02)
20     -0.025   1.77e-01   5.40e-02  -7.78e-03  -2.18e-01   0.00e+00 (  1.65e+02,  1.42e+02)
25      0.024   1.95e-01   9.34e-02   9.47e-03   2.34e-01   0.00e+00 (  1.65e+02,  1.63e+02)
30      0.046   2.21e-01   1.42e-01  -8.71e-03   4.96e-01   0.00e+00 (  1.58e+02,  1.78e+02)
35      0.126   3.05e-01   3.06e-01   1.09e-01   1.46e+00   0.00e+00 (  1.93e+02,  1.90e+02)
40      0.151   3.10e-01   3.84e-01   1.25e-01   1.88e+00   0.00e+00 (  1.68e+02,  1.99e+02)
45      0.146   3.26e-01   4.18e-01   1.91e-01   1.94e+00   0.00e+00 (  1.47e+02,  2.06e+02)
50      0.139   3.34e-01   4.61e-01   2.38e-01   1.93e+00   0.00e+00 (  1.22e+02,  2.08e+02)
55      0.092   2.97e-01   3.86e-01   2.25e-01   1.33e+00   0.00e+00 (  9.53e+01,  2.08e+02)
60      0.083   3.05e-01   3.63e-01   2.38e-01   1.26e+00   0.00e+00 (  8.51e+01,  2.03e+02)
65      0.103   3.28e-01   4.23e-01   3.02e-01   1.61e+00   0.00e+00 (  7.75e+01,  1.95e+02)
70      0.114   3.23e-01   4.54e-01   3.59e-01   1.83e+00   0.00e+00 (  6.44e+01,  1.83e+02)
75      0.124   3.16e-01   4.85e-01   4.01e-01   2.04e+00   0.00e+00 (  5.38e+01,  1.70e+02)
80      0.132   3.14e-01   4.99e-01   3.88e-01   2.31e+00   0.00e+00 (  4.48e+01,  1.55e+02)
85      0.250   6.23e-01   8.02e-01   5.11e-01   5.54e+00   0.00e+00 (  7.65e+01,  1.39e+02)
90      1.566   3.61e+00   4.53e+00   2.60e+00   7.05e+01   0.00e+00 (  1.12e+03,  1.23e+02)
95      0.510   8.92e-01   1.28e+00   9.18e-01   4.34e+01   0.00e+00 (  6.97e+02,  1.08e+02)
 7 e: 7.465e-03 i: 1.229e-03 :: e: 3.779e-01 i: 4.098e-01 :: n: 3.012e+01 e:22.220 i:25.902 v:4.993e+03
>>> tau_he = 5.000000, nhe(0)=3.622014e+00
 5     -0.009   8.66e-03   1.17e+00   5.09e-03  -4.48e-02   0.00e+00 (  3.01e+00,  3.66e+01)
10     -0.005   2.94e-02   3.10e-04   5.45e-03  -3.25e-02   0.00e+00 (  2.17e+01,  7.74e+01)
15     -0.101   1.06e-01  -3.14e-02   1.33e-02  -7.48e-01   0.00e+00 (  8.73e+01,  1.13e+02)
20     -0.005   1.59e-01   3.85e-02   1.31e-03  -3.88e-02   0.00e+00 (  1.34e+02,  1.42e+02)
25      0.030   1.78e-01   7.61e-02   6.38e-03   2.93e-01   0.00e+00 (  1.37e+02,  1.63e+02)
30      0.044   1.95e-01   1.15e-01   4.85e-03   4.69e-01   0.00e+00 (  1.28e+02,  1.78e+02)
35      0.106   2.63e-01   2.43e-01   7.21e-02   1.23e+00   0.00e+00 (  1.49e+02,  1.90e+02)
40      0.122   2.68e-01   2.98e-01   1.01e-01   1.52e+00   0.00e+00 (  1.30e+02,  1.99e+02)
45      0.124   2.71e-01   3.11e-01   1.48e-01   1.64e+00   0.00e+00 (  1.09e+02,  2.06e+02)
50      0.118   2.80e-01   3.46e-01   1.91e-01   1.65e+00   0.00e+00 (  9.13e+01,  2.08e+02)
55      0.091   2.58e-01   3.15e-01   2.06e-01   1.33e+00   0.00e+00 (  7.35e+01,  2.08e+02)
60      0.089   2.61e-01   3.17e-01   2.16e-01   1.35e+00   0.00e+00 (  6.42e+01,  2.03e+02)
65      0.111   2.85e-01   3.87e-01   2.77e-01   1.74e+00   0.00e+00 (  5.88e+01,  1.95e+02)
70      0.125   2.91e-01   4.35e-01   3.44e-01   2.00e+00   0.00e+00 (  5.05e+01,  1.83e+02)
75      0.138   3.04e-01   4.83e-01   4.03e-01   2.27e+00   0.00e+00 (  4.46e+01,  1.70e+02)
80      0.151   3.37e-01   5.28e-01   4.29e-01   2.65e+00   0.00e+00 (  4.07e+01,  1.55e+02)
85      0.258   6.69e-01   8.08e-01   5.25e-01   5.72e+00   0.00e+00 (  6.67e+01,  1.39e+02)
90      0.880   2.07e+00   2.58e+00   1.42e+00   3.96e+01   0.00e+00 (  6.15e+02,  1.23e+02)
95      0.510   8.92e-01   1.28e+00   9.18e-01   4.34e+01   0.00e+00 (  6.97e+02,  1.08e+02)
 8 e: 1.751e-03 i: 3.446e-03 :: e: 4.022e-01 i: 4.038e-01 :: n: 3.012e+01 e:23.123 i:24.504 v:4.993e+03
>>> tau_he = 5.000000, nhe(0)=3.498018e+00
 5     -0.009   7.88e-03   1.13e+00   5.53e-03  -4.21e-02   0.00e+00 (  2.86e+00,  3.66e+01)
10     -0.003   2.08e-02  -8.10e-05   4.01e-03  -2.12e-02   0.00e+00 (  1.57e+01,  7.74e+01)
15     -0.065   1.08e-01  -3.10e-02   1.83e-02  -4.82e-01   0.00e+00 (  9.12e+01,  1.13e+02)
20     -0.007   1.48e-01   5.32e-02  -1.72e-02  -5.73e-02   0.00e+00 (  1.28e+02,  1.42e+02)
25      0.030   1.78e-01   9.61e-02   6.41e-03   2.93e-01   0.00e+00 (  1.43e+02,  1.63e+02)
30      0.046   2.06e-01   1.40e-01  -2.26e-03   4.97e-01   0.00e+00 (  1.42e+02,  1.78e+02)
35      0.107   2.76e-01   2.78e-01   1.01e-01   1.25e+00   0.00e+00 (  1.64e+02,  1.90e+02)
40      0.126   2.84e-01   3.41e-01   1.29e-01   1.57e+00   0.00e+00 (  1.46e+02,  1.99e+02)
45      0.135   3.06e-01   4.00e-01   1.77e-01   1.78e+00   0.00e+00 (  1.31e+02,  2.06e+02)
50      0.121   3.06e-01   4.07e-01   2.20e-01   1.68e+00   0.00e+00 (  1.07e+02,  2.08e+02)
55      0.089   2.82e-01   3.66e-01   2.17e-01   1.29e+00   0.00e+00 (  8.70e+01,  2.08e+02)
60      0.084   2.90e-01   3.53e-01   2.31e-01   1.27e+00   0.00e+00 (  7.75e+01,  2.03e+02)
65      0.102   3.07e-01   4.06e-01   2.90e-01   1.60e+00   0.00e+00 (  6.91e+01,  1.95e+02)
70      0.111   2.98e-01   4.27e-01   3.39e-01   1.77e+00   0.00e+00 (  5.67e+01,  1.83e+02)
75      0.118   2.91e-01   4.50e-01   3.72e-01   1.94e+00   0.00e+00 (  4.68e+01,  1.70e+02)
80      0.126   2.93e-01   4.59e-01   3.59e-01   2.20e+00   0.00e+00 (  3.87e+01,  1.55e+02)
85      0.255   6.53e-01   7.78e-01   4.86e-01   5.64e+00   0.00e+00 (  7.00e+01,  1.39e+02)
90      0.881   2.07e+00   2.59e+00   1.41e+00   3.97e+01   0.00e+00 (  6.23e+02,  1.23e+02)
95      0.510   8.92e-01   1.28e+00   9.18e-01   4.34e+01   0.00e+00 (  6.97e+02,  1.08e+02)
 9 e: 4.022e-03 i: 1.154e-03 :: e: 3.378e-01 i: 3.604e-01 :: n: 3.012e+01 e:21.699 i:25.076 v:4.993e+03
>>> tau_he = 5.000000, nhe(0)=3.550101e+00
 5     -0.008   8.05e-03   1.14e+00   4.97e-03  -4.16e-02   0.00e+00 (  2.76e+00,  3.66e+01)
10     -0.004   2.69e-02  -3.41e-04   4.64e-03  -2.65e-02   0.00e+00 (  1.92e+01,  7.74e+01)
15     -0.053   9.01e-02  -3.93e-02   1.41e-02  -3.93e-01   0.00e+00 (  7.08e+01,  1.13e+02)
20      0.003   1.37e-01   3.99e-02  -5.66e-04   2.32e-02   0.00e+00 (  1.11e+02,  1.42e+02)
25      0.034   1.70e-01   7.97e-02   7.52e-03   3.27e-01   0.00e+00 (  1.28e+02,  1.63e+02)
30      0.044   1.88e-01   1.16e-01   4.54e-03   4.68e-01   0.00e+00 (  1.21e+02,  1.78e+02)
35      0.059   1.95e-01   1.42e-01   3.01e-02   6.90e-01   0.00e+00 (  1.08e+02,  1.90e+02)
40      0.104   2.54e-01   2.70e-01   9.58e-02   1.29e+00   0.00e+00 (  1.19e+02,  1.99e+02)
45      0.085   2.25e-01   2.42e-01   1.23e-01   1.12e+00   0.00e+00 (  8.82e+01,  2.06e+02)
50      0.086   2.34e-01   2.71e-01   1.66e-01   1.20e+00   0.00e+00 (  7.54e+01,  2.08e+02)
55      0.089   2.54e-01   3.09e-01   2.03e-01   1.30e+00   0.00e+00 (  7.16e+01,  2.08e+02)
60      0.090   2.58e-01   3.18e-01   2.16e-01   1.36e+00   0.00e+00 (  6.26e+01,  2.03e+02)
65      0.112   2.79e-01   3.80e-01   2.74e-01   1.75e+00   0.00e+00 (  5.67e+01,  1.95e+02)
70      0.124   2.85e-01   4.28e-01   3.39e-01   1.98e+00   0.00e+00 (  4.84e+01,  1.83e+02)
75      0.135   2.95e-01   4.69e-01   3.92e-01   2.22e+00   0.00e+00 (  4.22e+01,  1.70e+02)
80      0.147   3.29e-01   5.05e-01   4.11e-01   2.57e+00   0.00e+00 (  3.78e+01,  1.55e+02)
85      0.257   6.96e-01   7.79e-01   4.98e-01   5.68e+00   0.00e+00 (  6.22e+01,  1.39e+02)
90      0.878   2.08e+00   2.58e+00   1.41e+00   3.96e+01   0.00e+00 (  6.06e+02,  1.23e+02)
95      0.510   8.92e-01   1.28e+00   9.18e-01   4.34e+01   0.00e+00 (  6.97e+02,  1.08e+02)
10 e: 2.210e-03 i: 1.634e-03 :: e: 3.670e-01 i: 3.712e-01 :: n: 3.012e+01 e:22.719 i:24.135 v:4.993e+03
>>> tau_he = 5.000000, nhe(0)=3.462962e+00
 5     -0.008   7.60e-03   1.13e+00   5.38e-03  -4.00e-02   0.00e+00 (  2.71e+00,  3.66e+01)
10     -0.003   1.67e-02   1.30e-03   2.92e-03  -2.12e-02   0.00e+00 (  1.23e+01,  7.74e+01)
15     -0.055   9.65e-02  -3.54e-02   1.48e-02  -4.08e-01   0.00e+00 (  7.83e+01,  1.13e+02)
20      0.000   1.43e-01   5.13e-02  -1.68e-02   4.24e-03   0.00e+00 (  1.19e+02,  1.42e+02)
25      0.034   1.73e-01   9.88e-02   6.20e-03   3.34e-01   0.00e+00 (  1.35e+02,  1.63e+02)
30      0.047   1.96e-01   1.37e-01  -7.41e-03   5.04e-01   0.00e+00 (  1.33e+02,  1.78e+02)
35      0.101   2.68e-01   2.68e-01   9.77e-02   1.18e+00   0.00e+00 (  1.57e+02,  1.90e+02)
40      0.108   2.72e-01   3.14e-01   1.13e-01   1.35e+00   0.00e+00 (  1.37e+02,  1.99e+02)
45      0.119   2.93e-01   3.67e-01   1.68e-01   1.57e+00   0.00e+00 (  1.24e+02,  2.06e+02)
50      0.115   3.00e-01   3.87e-01   2.13e-01   1.60e+00   0.00e+00 (  1.05e+02,  2.08e+02)
55      0.088   2.82e-01   3.61e-01   2.14e-01   1.28e+00   0.00e+00 (  8.70e+01,  2.08e+02)
60      0.087   2.91e-01   3.59e-01   2.40e-01   1.32e+00   0.00e+00 (  7.75e+01,  2.03e+02)
65      0.106   3.08e-01   4.16e-01   2.96e-01   1.65e+00   0.00e+00 (  6.90e+01,  1.95e+02)
70      0.113   2.99e-01   4.32e-01   3.42e-01   1.81e+00   0.00e+00 (  5.63e+01,  1.83e+02)
75      0.119   2.90e-01   4.50e-01   3.74e-01   1.95e+00   0.00e+00 (  4.61e+01,  1.70e+02)
80      0.126   2.89e-01   4.51e-01   3.54e-01   2.19e+00   0.00e+00 (  3.70e+01,  1.55e+02)
85      0.255   6.72e-01   7.62e-01   4.71e-01   5.65e+00   0.00e+00 (  6.59e+01,  1.39e+02)
90      0.879   2.08e+00   2.58e+00   1.40e+00   3.96e+01   0.00e+00 (  6.15e+02,  1.23e+02)
95      0.510   8.92e-01   1.28e+00   9.18e-01   4.34e+01   0.00e+00 (  6.97e+02,  1.08e+02)
11 e: 2.286e-03 i: 1.366e-03 :: e: 2.751e-01 i: 2.927e-01 :: n: 3.012e+01 e:21.648 i:24.893 v:4.993e+03
>>> tau_he = 5.000000, nhe(0)=3.533607e+00
 5     -0.008   7.94e-03   1.16e+00   4.94e-03  -4.04e-02   0.00e+00 (  2.70e+00,  3.66e+01)
10     -0.004   2.18e-02   1.95e-03   3.63e-03  -2.62e-02   0.00e+00 (  1.53e+01,  7.74e+01)
15     -0.045   8.56e-02  -3.65e-02   1.23e-02  -3.37e-01   0.00e+00 (  6.58e+01,  1.13e+02)
20      0.006   1.36e-01   3.99e-02  -5.00e-04   5.56e-02   0.00e+00 (  1.07e+02,  1.42e+02)
25      0.038   1.68e-01   8.41e-02   6.71e-03   3.69e-01   0.00e+00 (  1.25e+02,  1.63e+02)
30      0.045   1.89e-01   1.19e-01   1.51e-03   4.78e-01   0.00e+00 (  1.22e+02,  1.78e+02)
35      0.057   1.95e-01   1.41e-01   3.29e-02   6.58e-01   0.00e+00 (  1.08e+02,  1.90e+02)
40      0.095   2.53e-01   2.57e-01   9.05e-02   1.18e+00   0.00e+00 (  1.20e+02,  1.99e+02)
45      0.078   2.28e-01   2.32e-01   1.26e-01   1.03e+00   0.00e+00 (  9.05e+01,  2.06e+02)
50      0.084   2.39e-01   2.66e-01   1.66e-01   1.17e+00   0.00e+00 (  7.86e+01,  2.08e+02)
55      0.090   2.60e-01   3.13e-01   2.03e-01   1.31e+00   0.00e+00 (  7.50e+01,  2.08e+02)
60      0.093   2.66e-01   3.30e-01   2.22e-01   1.40e+00   0.00e+00 (  6.59e+01,  2.03e+02)
65      0.117   2.91e-01   4.01e-01   2.88e-01   1.83e+00   0.00e+00 (  6.01e+01,  1.95e+02)
70      0.128   2.96e-01   4.46e-01   3.51e-01   2.05e+00   0.00e+00 (  5.10e+01,  1.83e+02)
75      0.138   3.03e-01   4.84e-01   4.03e-01   2.28e+00   0.00e+00 (  4.39e+01,  1.70e+02)
80      0.149   3.31e-01   5.10e-01   4.16e-01   2.60e+00   0.00e+00 (  3.79e+01,  1.55e+02)
85      0.256   7.12e-01   7.66e-01   4.86e-01   5.66e+00   0.00e+00 (  5.99e+01,  1.39e+02)
90      0.877   2.09e+00   2.57e+00   1.40e+00   3.95e+01   0.00e+00 (  6.01e+02,  1.23e+02)
95      0.510   8.92e-01   1.28e+00   9.18e-01   4.34e+01   0.00e+00 (  6.97e+02,  1.08e+02)
12 e: 2.499e-03 i: 8.343e-04 :: e: 2.862e-01 i: 2.958e-01 :: n: 3.012e+01 e:22.735 i:24.238 v:4.993e+03
>>> tau_he = 5.000000, nhe(0)=3.472840e+00
 5     -0.008   7.68e-03   1.16e+00   5.35e-03  -3.96e-02   0.00e+00 (  2.71e+00,  3.66e+01)
10     -0.003   1.61e-02   2.03e-03   2.87e-03  -2.12e-02   0.00e+00 (  1.17e+01,  7.74e+01)
15     -0.049   8.86e-02  -3.85e-02   1.07e-02  -3.63e-01   0.00e+00 (  7.05e+01,  1.13e+02)
20      0.005   1.43e-01   5.11e-02  -1.69e-02   4.54e-02   0.00e+00 (  1.16e+02,  1.42e+02)
25      0.039   1.74e-01   1.03e-01   5.87e-03   3.77e-01   0.00e+00 (  1.35e+02,  1.63e+02)
30      0.049   1.99e-01   1.39e-01  -1.03e-02   5.23e-01   0.00e+00 (  1.36e+02,  1.78e+02)
35      0.099   2.70e-01   2.66e-01   9.67e-02   1.15e+00   0.00e+00 (  1.59e+02,  1.90e+02)
40      0.100   2.74e-01   3.03e-01   1.08e-01   1.25e+00   0.00e+00 (  1.39e+02,  1.99e+02)
45      0.112   2.94e-01   3.53e-01   1.66e-01   1.49e+00   0.00e+00 (  1.27e+02,  2.06e+02)
50      0.114   3.07e-01   3.86e-01   2.13e-01   1.59e+00   0.00e+00 (  1.11e+02,  2.08e+02)
55      0.090   2.91e-01   3.68e-01   2.19e-01   1.32e+00   0.00e+00 (  9.23e+01,  2.08e+02)
60      0.091   3.02e-01   3.75e-01   2.49e-01   1.38e+00   0.00e+00 (  8.25e+01,  2.03e+02)
65      0.114   3.25e-01   4.47e-01   3.16e-01   1.77e+00   0.00e+00 (  7.45e+01,  1.95e+02)
70      0.119   3.17e-01   4.62e-01   3.63e-01   1.91e+00   0.00e+00 (  6.12e+01,  1.83e+02)
75      0.125   3.06e-01   4.77e-01   3.95e-01   2.05e+00   0.00e+00 (  5.00e+01,  1.70e+02)
80      0.130   2.96e-01   4.68e-01   3.69e-01   2.27e+00   0.00e+00 (  3.82e+01,  1.55e+02)
85      0.259   6.94e-01   7.67e-01   4.74e-01   5.73e+00   0.00e+00 (  6.50e+01,  1.39e+02)
90      0.879   2.09e+00   2.58e+00   1.39e+00   3.96e+01   0.00e+00 (  6.10e+02,  1.23e+02)
95      0.510   8.92e-01   1.28e+00   9.18e-01   4.34e+01   0.00e+00 (  6.97e+02,  1.08e+02)
13 e: 1.403e-03 i: 1.548e-03 :: e: 1.975e-01 i: 2.172e-01 :: n: 3.012e+01 e:21.884 i:25.103 v:4.993e+03
>>> tau_he = 5.000000, nhe(0)=3.552522e+00
 5     -0.008   8.12e-03   1.20e+00   4.98e-03  -4.06e-02   0.00e+00 (  2.76e+00,  3.66e+01)
10     -0.004   2.02e-02   2.53e-03   3.47e-03  -2.54e-02   0.00e+00 (  1.41e+01,  7.74e+01)
15     -0.043   8.57e-02  -4.11e-02   1.33e-02  -3.17e-01   0.00e+00 (  6.55e+01,  1.13e+02)
20      0.010   1.38e-01   4.08e-02  -5.25e-04   8.22e-02   0.00e+00 (  1.07e+02,  1.42e+02)
25      0.043   1.71e-01   8.91e-02   6.19e-03   4.12e-01   0.00e+00 (  1.27e+02,  1.63e+02)
30      0.047   1.95e-01   1.23e-01  -3.04e-03   4.98e-01   0.00e+00 (  1.28e+02,  1.78e+02)
35      0.054   2.01e-01   1.43e-01   3.32e-02   6.29e-01   0.00e+00 (  1.13e+02,  1.90e+02)
40      0.091   2.58e-01   2.53e-01   8.23e-02   1.13e+00   0.00e+00 (  1.25e+02,  1.99e+02)
45      0.075   2.35e-01   2.28e-01   1.26e-01   9.94e-01   0.00e+00 (  9.64e+01,  2.06e+02)
50      0.084   2.50e-01   2.69e-01   1.67e-01   1.17e+00   0.00e+00 (  8.58e+01,  2.08e+02)
55      0.092   2.74e-01   3.24e-01   2.09e-01   1.35e+00   0.00e+00 (  8.24e+01,  2.08e+02)
60      0.096   2.78e-01   3.29e-01   2.27e-01   1.44e+00   0.00e+00 (  7.19e+01,  2.03e+02)
65      0.126   3.15e-01   4.37e-01   3.11e-01   1.97e+00   0.00e+00 (  6.77e+01,  1.95e+02)
70      0.137   3.19e-01   4.83e-01   3.78e-01   2.19e+00   0.00e+00 (  5.75e+01,  1.83e+02)
75      0.147   3.23e-01   5.21e-01   4.33e-01   2.42e+00   0.00e+00 (  4.91e+01,  1.70e+02)
80      0.153   3.39e-01   5.35e-01   4.35e-01   2.68e+00   0.00e+00 (  4.01e+01,  1.55e+02)
85      0.256   7.17e-01   7.67e-01   4.89e-01   5.67e+00   0.00e+00 (  5.94e+01,  1.39e+02)
90      0.877   2.09e+00   2.57e+00   1.40e+00   3.95e+01   0.00e+00 (  5.99e+02,  1.23e+02)
95      0.510   8.92e-01   1.28e+00   9.18e-01   4.34e+01   0.00e+00 (  6.97e+02,  1.08e+02)
14 e: 2.606e-03 i: 4.637e-04 :: e: 2.089e-01 i: 2.219e-01 :: n: 3.012e+01 e:22.999 i:24.627 v:4.993e+03
>>> tau_he = 5.000000, nhe(0)=3.509397e+00
 5     -0.008   7.97e-03   1.21e+00   5.38e-03  -4.03e-02   0.00e+00 (  2.81e+00,  3.66e+01)
10     -0.003   1.52e-02   2.48e-03   2.82e-03  -2.03e-02   0.00e+00 (  1.10e+01,  7.74e+01)
15     -0.042   8.63e-02  -4.16e-02   9.11e-03  -3.14e-01   0.00e+00 (  6.82e+01,  1.13e+02)
20      0.005   1.45e-01   5.18e-02  -1.69e-02   3.98e-02   0.00e+00 (  1.17e+02,  1.42e+02)
25      0.099   2.84e-01   2.77e-01   8.10e-02   9.63e-01   0.00e+00 (  2.20e+02,  1.63e+02)
30      0.052   2.05e-01   1.43e-01  -1.52e-02   5.51e-01   0.00e+00 (  1.42e+02,  1.78e+02)
35      0.106   2.76e-01   2.64e-01   9.35e-02   1.24e+00   0.00e+00 (  1.66e+02,  1.90e+02)
40      0.098   2.81e-01   2.97e-01   1.03e-01   1.22e+00   0.00e+00 (  1.45e+02,  1.99e+02)
45      0.111   3.02e-01   3.48e-01   1.63e-01   1.47e+00   0.00e+00 (  1.35e+02,  2.06e+02)
50      0.117   3.22e-01   3.94e-01   2.16e-01   1.64e+00   0.00e+00 (  1.21e+02,  2.08e+02)
55      0.094   3.08e-01   3.82e-01   2.26e-01   1.37e+00   0.00e+00 (  1.02e+02,  2.08e+02)
60      0.094   3.15e-01   3.75e-01   2.55e-01   1.42e+00   0.00e+00 (  9.01e+01,  2.03e+02)
65      0.124   3.52e-01   4.85e-01   3.42e-01   1.93e+00   0.00e+00 (  8.42e+01,  1.95e+02)
70      0.129   3.47e-01   5.09e-01   3.96e-01   2.07e+00   0.00e+00 (  7.02e+01,  1.83e+02)
75      0.135   3.36e-01   5.23e-01   4.33e-01   2.22e+00   0.00e+00 (  5.77e+01,  1.70e+02)
80      0.142   3.24e-01   5.21e-01   4.23e-01   2.48e+00   0.00e+00 (  4.35e+01,  1.55e+02)
85      0.255   6.81e-01   7.62e-01   4.75e-01   5.64e+00   0.00e+00 (  6.37e+01,  1.39e+02)
90      0.878   2.09e+00   2.58e+00   1.39e+00   3.96e+01   0.00e+00 (  6.09e+02,  1.23e+02)
95      0.510   8.92e-01   1.28e+00   9.18e-01   4.34e+01   0.00e+00 (  6.97e+02,  1.08e+02)
15 e: 1.102e-03 i: 1.692e-03 :: e: 1.408e-01 i: 1.627e-01 :: n: 3.012e+01 e:22.247 i:25.447 v:4.993e+03
>>> tau_he = 5.000000, nhe(0)=3.582817e+00
 5     -0.008   8.39e-03   1.22e+00   5.06e-03  -4.16e-02   0.00e+00 (  2.87e+00,  3.66e+01)
10     -0.004   1.62e-02   2.24e-03   2.75e-03  -2.18e-02   0.00e+00 (  1.14e+01,  7.74e+01)
15     -0.042   8.65e-02  -4.27e-02   1.34e-02  -3.16e-01   0.00e+00 (  6.62e+01,  1.13e+02)
20      0.013   1.41e-01   4.19e-02  -4.97e-04   1.11e-01   0.00e+00 (  1.09e+02,  1.42e+02)
25      0.046   1.70e-01   8.73e-02   6.50e-03   4.48e-01   0.00e+00 (  1.24e+02,  1.63e+02)
30      0.049   2.02e-01   1.27e-01  -5.78e-03   5.24e-01   0.00e+00 (  1.34e+02,  1.78e+02)
35      0.057   2.08e-01   1.45e-01   3.20e-02   6.61e-01   0.00e+00 (  1.20e+02,  1.90e+02)
40      0.094   2.67e-01   2.50e-01   7.75e-02   1.17e+00   0.00e+00 (  1.33e+02,  1.99e+02)
45      0.074   2.46e-01   2.28e-01   1.15e-01   9.83e-01   0.00e+00 (  1.05e+02,  2.06e+02)
50      0.110   3.03e-01   3.32e-01   1.90e-01   1.54e+00   0.00e+00 (  1.10e+02,  2.08e+02)
55      0.095   2.91e-01   3.41e-01   2.05e-01   1.39e+00   0.00e+00 (  9.27e+01,  2.08e+02)
60      0.106   3.09e-01   3.79e-01   2.55e-01   1.60e+00   0.00e+00 (  8.46e+01,  2.03e+02)
65      0.137   3.45e-01   4.83e-01   3.41e-01   2.14e+00   0.00e+00 (  7.85e+01,  1.95e+02)
70      0.148   3.50e-01   5.32e-01   4.13e-01   2.37e+00   0.00e+00 (  6.70e+01,  1.83e+02)
75      0.158   3.55e-01   5.75e-01   4.73e-01   2.61e+00   0.00e+00 (  5.75e+01,  1.70e+02)
80      0.163   3.58e-01   5.82e-01   4.75e-01   2.85e+00   0.00e+00 (  4.49e+01,  1.55e+02)
85      0.257   7.12e-01   7.82e-01   5.03e-01   5.70e+00   0.00e+00 (  6.05e+01,  1.39e+02)
90      0.877   2.09e+00   2.57e+00   1.40e+00   3.95e+01   0.00e+00 (  6.00e+02,  1.23e+02)
95      0.510   8.92e-01   1.28e+00   9.18e-01   4.34e+01   0.00e+00 (  6.97e+02,  1.08e+02)
16 e: 2.473e-03 i: 3.033e-04 :: e: 1.340e-01 i: 1.422e-01 :: n: 3.012e+01 e:23.317 i:25.060 v:4.993e+03
>>> tau_he = 5.000000, nhe(0)=3.548893e+00
 5     -0.008   8.30e-03   1.24e+00   5.43e-03  -4.11e-02   0.00e+00 (  2.93e+00,  3.66e+01)
10     -0.003   1.52e-02   2.84e-03   2.82e-03  -2.12e-02   0.00e+00 (  1.10e+01,  7.74e+01)
15     -0.041   8.69e-02  -4.31e-02   9.30e-03  -3.03e-01   0.00e+00 (  6.85e+01,  1.13e+02)
20      0.007   1.48e-01   5.21e-02  -1.21e-02   6.40e-02   0.00e+00 (  1.18e+02,  1.42e+02)
25      0.049   1.78e-01   1.05e-01   4.46e-03   4.75e-01   0.00e+00 (  1.34e+02,  1.63e+02)
30      0.055   2.12e-01   1.46e-01  -1.88e-02   5.84e-01   0.00e+00 (  1.48e+02,  1.78e+02)
35      0.112   2.88e-01   2.70e-01   9.53e-02   1.30e+00   0.00e+00 (  1.76e+02,  1.90e+02)
40      0.096   2.94e-01   2.96e-01   9.13e-02   1.20e+00   0.00e+00 (  1.56e+02,  1.99e+02)
45      0.113   3.17e-01   3.49e-01   1.55e-01   1.49e+00   0.00e+00 (  1.47e+02,  2.06e+02)
50      0.121   3.40e-01   4.02e-01   2.19e-01   1.68e+00   0.00e+00 (  1.34e+02,  2.08e+02)
55      0.098   3.27e-01   3.98e-01   2.32e-01   1.43e+00   0.00e+00 (  1.14e+02,  2.08e+02)
60      0.105   3.49e-01   4.30e-01   2.85e-01   1.58e+00   0.00e+00 (  1.05e+02,  2.03e+02)
65      0.136   3.86e-01   5.38e-01   3.77e-01   2.11e+00   0.00e+00 (  9.73e+01,  1.95e+02)
70      0.141   3.84e-01   5.66e-01   4.37e-01   2.26e+00   0.00e+00 (  8.22e+01,  1.83e+02)
75      0.147   3.75e-01   5.85e-01   4.81e-01   2.42e+00   0.00e+00 (  6.86e+01,  1.70e+02)
80      0.152   3.51e-01   5.76e-01   4.69e-01   2.66e+00   0.00e+00 (  5.00e+01,  1.55e+02)
85      0.255   6.72e-01   7.78e-01   4.93e-01   5.65e+00   0.00e+00 (  6.50e+01,  1.39e+02)
90      0.879   2.08e+00   2.58e+00   1.40e+00   3.96e+01   0.00e+00 (  6.11e+02,  1.23e+02)
95      0.510   8.92e-01   1.28e+00   9.18e-01   4.34e+01   0.00e+00 (  6.97e+02,  1.08e+02)
17 e: 7.027e-04 i: 1.540e-03 :: e: 7.005e-02 i: 9.120e-02 :: n: 3.012e+01 e:22.681 i:25.968 v:4.993e+03
>>> tau_he = 5.000000, nhe(0)=3.627306e+00
 5     -0.009   8.82e-03   1.28e+00   5.13e-03  -4.27e-02   0.00e+00 (  3.03e+00,  3.66e+01)
10     -0.003   1.57e-02   2.43e-03   2.77e-03  -2.15e-02   0.00e+00 (  1.11e+01,  7.74e+01)
15     -0.041   8.47e-02  -4.67e-02   1.37e-02  -3.08e-01   0.00e+00 (  6.48e+01,  1.13e+02)
20      0.012   1.45e-01   4.32e-02   2.61e-04   1.04e-01   0.00e+00 (  1.12e+02,  1.42e+02)
25      0.054   1.76e-01   9.35e-02   6.61e-03   5.26e-01   0.00e+00 (  1.29e+02,  1.63e+02)
30      0.053   2.11e-01   1.32e-01  -1.09e-02   5.64e-01   0.00e+00 (  1.42e+02,  1.78e+02)
35      0.059   2.17e-01   1.48e-01   3.10e-02   6.80e-01   0.00e+00 (  1.28e+02,  1.90e+02)
40      0.096   2.80e-01   2.54e-01   7.87e-02   1.19e+00   0.00e+00 (  1.43e+02,  1.99e+02)
45      0.075   2.58e-01   2.27e-01   9.79e-02   9.92e-01   0.00e+00 (  1.16e+02,  2.06e+02)
50      0.114   3.21e-01   3.42e-01   1.95e-01   1.59e+00   0.00e+00 (  1.22e+02,  2.08e+02)
55      0.099   3.11e-01   3.56e-01   2.08e-01   1.44e+00   0.00e+00 (  1.05e+02,  2.08e+02)
60      0.114   3.37e-01   4.10e-01   2.75e-01   1.73e+00   0.00e+00 (  9.75e+01,  2.03e+02)
65      0.148   3.78e-01   5.29e-01   3.72e-01   2.31e+00   0.00e+00 (  9.10e+01,  1.95e+02)
70      0.159   3.85e-01   5.85e-01   4.49e-01   2.55e+00   0.00e+00 (  7.86e+01,  1.83e+02)
75      0.171   3.91e-01   6.34e-01   5.18e-01   2.81e+00   0.00e+00 (  6.82e+01,  1.70e+02)
80      0.180   3.89e-01   6.50e-01   5.30e-01   3.14e+00   0.00e+00 (  5.27e+01,  1.55e+02)
85      0.261   7.02e-01   8.09e-01   5.28e-01   5.78e+00   0.00e+00 (  6.33e+01,  1.39e+02)
90      0.878   2.08e+00   2.58e+00   1.41e+00   3.96e+01   0.00e+00 (  6.04e+02,  1.23e+02)
95      0.510   8.92e-01   1.28e+00   9.18e-01   4.34e+01   0.00e+00 (  6.97e+02,  1.08e+02)
18 e: 2.268e-03 i: 2.181e-04 :: e: 7.589e-02 i: 8.183e-02 :: n: 3.012e+01 e:23.748 i:25.663 v:4.993e+03
>>> tau_he = 5.000000, nhe(0)=3.601823e+00
 5     -0.009   8.78e-03   1.30e+00   5.51e-03  -4.26e-02   0.00e+00 (  3.12e+00,  3.66e+01)
10     -0.004   1.51e-02   3.54e-03   2.91e-03  -2.24e-02   0.00e+00 (  1.10e+01,  7.74e+01)
15     -0.042   8.67e-02  -4.43e-02   1.09e-02  -3.10e-01   0.00e+00 (  6.85e+01,  1.13e+02)
20      0.009   1.53e-01   5.28e-02  -4.21e-03   7.88e-02   0.00e+00 (  1.22e+02,  1.42e+02)
25      0.060   1.85e-01   1.11e-01   4.89e-03   5.80e-01   0.00e+00 (  1.41e+02,  1.63e+02)
30      0.058   2.22e-01   1.50e-01  -2.50e-02   6.22e-01   0.00e+00 (  1.56e+02,  1.78e+02)
35      0.116   3.02e-01   2.76e-01   9.66e-02   1.35e+00   0.00e+00 (  1.88e+02,  1.90e+02)
40      0.102   3.04e-01   2.93e-01   8.76e-02   1.28e+00   0.00e+00 (  1.66e+02,  1.99e+02)
45      0.115   3.31e-01   3.52e-01   1.39e-01   1.53e+00   0.00e+00 (  1.59e+02,  2.06e+02)
50      0.125   3.58e-01   4.11e-01   2.22e-01   1.74e+00   0.00e+00 (  1.47e+02,  2.08e+02)
55      0.101   3.44e-01   3.90e-01   2.44e-01   1.47e+00   0.00e+00 (  1.26e+02,  2.08e+02)
60      0.114   3.77e-01   4.65e-01   3.05e-01   1.73e+00   0.00e+00 (  1.19e+02,  2.03e+02)
65      0.146   4.18e-01   5.86e-01   4.08e-01   2.28e+00   0.00e+00 (  1.11e+02,  1.95e+02)
70      0.152   4.20e-01   6.22e-01   4.76e-01   2.44e+00   0.00e+00 (  9.50e+01,  1.83e+02)
75      0.159   4.15e-01   6.48e-01   5.29e-01   2.62e+00   0.00e+00 (  8.07e+01,  1.70e+02)
80      0.167   3.82e-01   6.42e-01   5.16e-01   2.91e+00   0.00e+00 (  5.83e+01,  1.55e+02)
85      0.258   6.63e-01   8.06e-01   5.20e-01   5.70e+00   0.00e+00 (  6.79e+01,  1.39e+02)
90      0.880   2.08e+00   2.58e+00   1.40e+00   3.96e+01   0.00e+00 (  6.15e+02,  1.23e+02)
95      0.510   8.92e-01   1.28e+00   9.18e-01   4.34e+01   0.00e+00 (  6.97e+02,  1.08e+02)
19 e: 5.884e-04 i: 1.361e-03 :: e: 3.082e-02 i: 4.898e-02 :: n: 3.012e+01 e:23.157 i:26.548 v:4.993e+03
>>> tau_he = 5.000000, nhe(0)=3.674927e+00
 5     -0.009   9.29e-03   1.34e+00   5.22e-03  -4.43e-02   0.00e+00 (  3.22e+00,  3.66e+01)
10     -0.004   1.54e-02   3.66e-03   2.77e-03  -2.27e-02   0.00e+00 (  1.10e+01,  7.74e+01)
15     -0.041   8.66e-02  -4.92e-02   1.43e-02  -3.08e-01   0.00e+00 (  6.67e+01,  1.13e+02)
20      0.013   1.51e-01   4.41e-02   5.96e-03   1.10e-01   0.00e+00 (  1.16e+02,  1.42e+02)
25      0.062   1.84e-01   1.00e-01   6.08e-03   6.00e-01   0.00e+00 (  1.36e+02,  1.63e+02)
30      0.057   2.16e-01   1.37e-01  -1.69e-02   6.12e-01   0.00e+00 (  1.48e+02,  1.78e+02)
35      0.061   2.27e-01   1.52e-01   2.94e-02   7.06e-01   0.00e+00 (  1.36e+02,  1.90e+02)
40      0.099   2.93e-01   2.60e-01   8.02e-02   1.23e+00   0.00e+00 (  1.54e+02,  1.99e+02)
45      0.076   2.71e-01   2.32e-01   8.61e-02   1.01e+00   0.00e+00 (  1.26e+02,  2.06e+02)
50      0.119   3.40e-01   3.55e-01   2.00e-01   1.65e+00   0.00e+00 (  1.35e+02,  2.08e+02)
55      0.103   3.30e-01   3.55e-01   2.23e-01   1.50e+00   0.00e+00 (  1.17e+02,  2.08e+02)
60      0.123   3.63e-01   4.42e-01   2.92e-01   1.87e+00   0.00e+00 (  1.10e+02,  2.03e+02)
65      0.158   4.07e-01   5.71e-01   4.01e-01   2.46e+00   0.00e+00 (  1.03e+02,  1.95e+02)
70      0.169   4.17e-01   6.32e-01   4.83e-01   2.71e+00   0.00e+00 (  9.03e+01,  1.83e+02)
75      0.182   4.26e-01   6.90e-01   5.60e-01   2.99e+00   0.00e+00 (  7.92e+01,  1.70e+02)
80      0.193   4.19e-01   7.13e-01   5.79e-01   3.37e+00   0.00e+00 (  6.11e+01,  1.55e+02)
85      0.263   6.84e-01   8.36e-01   5.56e-01   5.82e+00   0.00e+00 (  6.63e+01,  1.39e+02)
90      0.879   2.08e+00   2.58e+00   1.41e+00   3.96e+01   0.00e+00 (  6.08e+02,  1.23e+02)
95      0.510   8.92e-01   1.28e+00   9.18e-01   4.34e+01   0.00e+00 (  6.97e+02,  1.08e+02)
20 e: 1.934e-03 i: 1.951e-04 :: e: 3.501e-02 i: 4.632e-02 :: n: 3.012e+01 e:24.157 i:26.257 v:4.993e+03
>>> tau_he = 5.000000, nhe(0)=3.651844e+00
 5     -0.009   9.27e-03   1.35e+00   5.59e-03  -4.44e-02   0.00e+00 (  3.32e+00,  3.66e+01)
10     -0.004   1.54e-02   4.11e-03   3.02e-03  -2.36e-02   0.00e+00 (  1.13e+01,  7.74e+01)
15     -0.043   8.68e-02  -5.28e-02   1.14e-02  -3.19e-01   0.00e+00 (  6.88e+01,  1.13e+02)
20      0.012   1.60e-01   5.42e-02  -3.98e-03   1.04e-01   0.00e+00 (  1.27e+02,  1.42e+02)
25      0.061   1.86e-01   1.18e-01   3.45e-03   5.87e-01   0.00e+00 (  1.43e+02,  1.63e+02)
30      0.065   2.29e-01   1.54e-01  -2.92e-02   6.90e-01   0.00e+00 (  1.63e+02,  1.78e+02)
35      0.121   3.14e-01   2.83e-01   9.84e-02   1.40e+00   0.00e+00 (  1.99e+02,  1.90e+02)
40      0.105   3.16e-01   2.96e-01   8.87e-02   1.31e+00   0.00e+00 (  1.76e+02,  1.99e+02)
45      0.117   3.45e-01   3.57e-01   1.26e-01   1.55e+00   0.00e+00 (  1.71e+02,  2.06e+02)
50      0.130   3.75e-01   4.21e-01   2.27e-01   1.81e+00   0.00e+00 (  1.60e+02,  2.08e+02)
55      0.155   4.30e-01   5.56e-01   3.08e-01   2.26e+00   0.00e+00 (  1.64e+02,  2.08e+02)
60      0.124   4.01e-01   5.00e-01   3.25e-01   1.88e+00   0.00e+00 (  1.32e+02,  2.03e+02)
65      0.155   4.46e-01   6.26e-01   4.36e-01   2.42e+00   0.00e+00 (  1.23e+02,  1.95e+02)
70      0.162   4.52e-01   6.69e-01   5.09e-01   2.59e+00   0.00e+00 (  1.07e+02,  1.83e+02)
75      0.169   4.50e-01   7.04e-01   5.72e-01   2.79e+00   0.00e+00 (  9.22e+01,  1.70e+02)
80      0.180   4.18e-01   7.07e-01   5.65e-01   3.14e+00   0.00e+00 (  6.79e+01,  1.55e+02)
85      0.257   6.46e-01   8.30e-01   5.43e-01   5.69e+00   0.00e+00 (  7.06e+01,  1.39e+02)
90      0.880   2.07e+00   2.59e+00   1.41e+00   3.97e+01   0.00e+00 (  6.20e+02,  1.23e+02)
95      0.510   8.92e-01   1.28e+00   9.18e-01   4.34e+01   0.00e+00 (  6.97e+02,  1.08e+02)
21 e: 5.678e-04 i: 1.075e-03 :: e: 5.016e-02 i: 5.922e-02 :: n: 3.012e+01 e:23.576 i:27.053 v:4.993e+03
>>> tau_he = 5.000000, nhe(0)=3.714879e+00
 5     -0.009   9.78e-03   1.38e+00   5.31e-03  -4.59e-02   0.00e+00 (  3.42e+00,  3.66e+01)
10     -0.004   1.61e-02   4.10e-03   2.89e-03  -2.38e-02   0.00e+00 (  1.16e+01,  7.74e+01)
15     -0.038   8.69e-02  -5.25e-02   1.29e-02  -2.80e-01   0.00e+00 (  6.73e+01,  1.13e+02)
20      0.015   1.57e-01   4.62e-02   8.74e-03   1.29e-01   0.00e+00 (  1.21e+02,  1.42e+02)
25      0.062   1.85e-01   1.08e-01   4.79e-03   6.04e-01   0.00e+00 (  1.38e+02,  1.63e+02)
30      0.064   2.24e-01   1.42e-01  -2.08e-02   6.79e-01   0.00e+00 (  1.55e+02,  1.78e+02)
35      0.113   3.06e-01   2.55e-01   8.30e-02   1.31e+00   0.00e+00 (  1.87e+02,  1.90e+02)
40      0.102   3.05e-01   2.68e-01   8.23e-02   1.28e+00   0.00e+00 (  1.65e+02,  1.99e+02)
45      0.112   3.30e-01   3.12e-01   1.05e-01   1.48e+00   0.00e+00 (  1.59e+02,  2.06e+02)
50      0.123   3.56e-01   3.68e-01   2.06e-01   1.72e+00   0.00e+00 (  1.47e+02,  2.08e+02)
55      0.106   3.45e-01   3.62e-01   2.29e-01   1.54e+00   0.00e+00 (  1.26e+02,  2.08e+02)
60      0.131   3.84e-01   4.68e-01   3.06e-01   1.97e+00   0.00e+00 (  1.22e+02,  2.03e+02)
65      0.166   4.33e-01   6.06e-01   4.25e-01   2.58e+00   0.00e+00 (  1.15e+02,  1.95e+02)
70      0.177   4.46e-01   6.73e-01   5.11e-01   2.84e+00   0.00e+00 (  1.01e+02,  1.83e+02)
75      0.190   4.57e-01   7.38e-01   5.96e-01   3.14e+00   0.00e+00 (  8.97e+01,  1.70e+02)
80      0.204   4.47e-01   7.70e-01   6.23e-01   3.57e+00   0.00e+00 (  6.96e+01,  1.55e+02)
85      0.268   6.78e-01   8.76e-01   5.87e-01   5.94e+00   0.00e+00 (  7.11e+01,  1.39e+02)
90      0.880   2.07e+00   2.58e+00   1.42e+00   3.96e+01   0.00e+00 (  6.14e+02,  1.23e+02)
95      0.510   8.92e-01   1.28e+00   9.18e-01   4.34e+01   0.00e+00 (  6.97e+02,  1.08e+02)
22 e: 1.474e-03 i: 2.474e-04 :: e: 2.853e-02 i: 3.936e-02 :: n: 3.012e+01 e:24.450 i:26.703 v:4.993e+03
>>> tau_he = 5.000000, nhe(0)=3.688004e+00
 5     -0.009   9.65e-03   1.38e+00   5.65e-03  -4.59e-02   0.00e+00 (  3.47e+00,  3.66e+01)
10     -0.004   1.47e-02   4.18e-03   3.01e-03  -2.43e-02   0.00e+00 (  1.09e+01,  7.74e+01)
15     -0.043   8.88e-02  -5.46e-02   1.18e-02  -3.22e-01   0.00e+00 (  7.07e+01,  1.13e+02)
20      0.016   1.64e-01   5.58e-02  -4.17e-03   1.41e-01   0.00e+00 (  1.30e+02,  1.42e+02)
25      0.063   1.93e-01   1.23e-01   2.93e-03   6.14e-01   0.00e+00 (  1.49e+02,  1.63e+02)
30      0.057   2.15e-01   1.47e-01   2.12e-02   6.11e-01   0.00e+00 (  1.54e+02,  1.78e+02)
35      0.120   3.21e-01   2.81e-01   9.67e-02   1.39e+00   0.00e+00 (  2.03e+02,  1.90e+02)
40      0.108   3.25e-01   2.99e-01   8.95e-02   1.34e+00   0.00e+00 (  1.83e+02,  1.99e+02)
45      0.119   3.54e-01   3.58e-01   1.19e-01   1.57e+00   0.00e+00 (  1.79e+02,  2.06e+02)
50      0.134   3.88e-01   4.29e-01   2.30e-01   1.86e+00   0.00e+00 (  1.69e+02,  2.08e+02)
55      0.159   4.46e-01   5.67e-01   3.12e-01   2.31e+00   0.00e+00 (  1.74e+02,  2.08e+02)
60      0.132   4.20e-01   5.24e-01   3.37e-01   1.99e+00   0.00e+00 (  1.42e+02,  2.03e+02)
65      0.163   4.68e-01   6.58e-01   4.58e-01   2.55e+00   0.00e+00 (  1.33e+02,  1.95e+02)
70      0.170   4.77e-01   7.08e-01   5.37e-01   2.72e+00   0.00e+00 (  1.17e+02,  1.83e+02)
75      0.178   4.80e-01   7.51e-01   6.07e-01   2.93e+00   0.00e+00 (  1.02e+02,  1.70e+02)
80      0.191   4.49e-01   7.63e-01   6.09e-01   3.33e+00   0.00e+00 (  7.70e+01,  1.55e+02)
85      0.263   6.47e-01   8.72e-01   5.79e-01   5.83e+00   0.00e+00 (  7.57e+01,  1.39e+02)
90      0.882   2.06e+00   2.59e+00   1.42e+00   3.97e+01   0.00e+00 (  6.25e+02,  1.23e+02)
95      0.510   8.92e-01   1.28e+00   9.18e-01   4.34e+01   0.00e+00 (  6.97e+02,  1.08e+02)
23 e: 6.113e-04 i: 7.434e-04 :: e: 6.345e-02 i: 6.619e-02 :: n: 3.012e+01 e:23.848 i:27.362 v:4.993e+03
>>> tau_he = 5.000000, nhe(0)=3.738731e+00
 5     -0.010   1.01e-02   1.40e+00   5.37e-03  -4.71e-02   0.00e+00 (  3.54e+00,  3.66e+01)
10     -0.004   1.65e-02   4.23e-03   2.98e-03  -2.46e-02   0.00e+00 (  1.20e+01,  7.74e+01)
15     -0.037   8.85e-02  -5.37e-02   1.42e-02  -2.76e-01   0.00e+00 (  6.88e+01,  1.13e+02)
20      0.018   1.61e-01   4.80e-02   8.80e-03   1.51e-01   0.00e+00 (  1.24e+02,  1.42e+02)
25      0.065   1.91e-01   1.12e-01   4.11e-03   6.32e-01   0.00e+00 (  1.43e+02,  1.63e+02)
30      0.066   2.29e-01   1.46e-01  -2.44e-02   7.04e-01   0.00e+00 (  1.60e+02,  1.78e+02)
35      0.114   3.11e-01   2.55e-01   8.36e-02   1.33e+00   0.00e+00 (  1.90e+02,  1.90e+02)
40      0.105   3.13e-01   2.72e-01   8.33e-02   1.31e+00   0.00e+00 (  1.71e+02,  1.99e+02)
45      0.114   3.38e-01   3.16e-01   1.03e-01   1.51e+00   0.00e+00 (  1.65e+02,  2.06e+02)
50      0.127   3.68e-01   3.77e-01   2.11e-01   1.77e+00   0.00e+00 (  1.55e+02,  2.08e+02)
55      0.108   3.55e-01   3.69e-01   2.32e-01   1.57e+00   0.00e+00 (  1.33e+02,  2.08e+02)
60      0.136   4.00e-01   4.87e-01   3.17e-01   2.06e+00   0.00e+00 (  1.30e+02,  2.03e+02)
65      0.171   4.52e-01   6.31e-01   4.42e-01   2.67e+00   0.00e+00 (  1.23e+02,  1.95e+02)
70      0.183   4.67e-01   7.03e-01   5.32e-01   2.93e+00   0.00e+00 (  1.09e+02,  1.83e+02)
75      0.196   4.79e-01   7.72e-01   6.23e-01   3.24e+00   0.00e+00 (  9.78e+01,  1.70e+02)
80      0.212   4.69e-01   8.13e-01   6.56e-01   3.70e+00   0.00e+00 (  7.71e+01,  1.55e+02)
85      0.275   6.77e-01   9.15e-01   6.21e-01   6.09e+00   0.00e+00 (  7.63e+01,  1.39e+02)
90      0.881   2.06e+00   2.59e+00   1.43e+00   3.97e+01   0.00e+00 (  6.20e+02,  1.23e+02)
95      0.510   8.92e-01   1.28e+00   9.18e-01   4.34e+01   0.00e+00 (  6.97e+02,  1.08e+02)
24 e: 1.049e-03 i: 2.767e-04 :: e: 3.577e-02 i: 4.454e-02 :: n: 3.012e+01 e:24.592 i:26.967 v:4.993e+03
>>> tau_he = 5.000000, nhe(0)=3.708925e+00
 5     -0.010   9.87e-03   1.39e+00   5.68e-03  -4.69e-02   0.00e+00 (  3.57e+00,  3.66e+01)
10     -0.004   1.52e-02   4.21e-03   3.08e-03  -2.49e-02   0.00e+00 (  1.13e+01,  7.74e+01)
15     -0.043   8.94e-02  -5.56e-02   1.20e-02  -3.20e-01   0.00e+00 (  7.13e+01,  1.13e+02)
20      0.019   1.66e-01   5.66e-02  -3.96e-03   1.65e-01   0.00e+00 (  1.31e+02,  1.42e+02)
25      0.066   1.96e-01   1.25e-01   2.49e-03   6.37e-01   0.00e+00 (  1.51e+02,  1.63e+02)
30      0.059   2.17e-01   1.48e-01   2.10e-02   6.27e-01   0.00e+00 (  1.56e+02,  1.78e+02)
35      0.120   3.24e-01   2.79e-01   9.57e-02   1.40e+00   0.00e+00 (  2.03e+02,  1.90e+02)
40      0.109   3.29e-01   2.99e-01   8.95e-02   1.36e+00   0.00e+00 (  1.87e+02,  1.99e+02)
45      0.119   3.58e-01   3.57e-01   1.15e-01   1.58e+00   0.00e+00 (  1.82e+02,  2.06e+02)
50      0.136   3.94e-01   4.32e-01   2.32e-01   1.90e+00   0.00e+00 (  1.74e+02,  2.08e+02)
55      0.162   4.53e-01   5.72e-01   3.14e-01   2.35e+00   0.00e+00 (  1.79e+02,  2.08e+02)
60      0.137   4.30e-01   5.37e-01   3.45e-01   2.06e+00   0.00e+00 (  1.48e+02,  2.03e+02)
65      0.166   4.80e-01   6.78e-01   4.69e-01   2.60e+00   0.00e+00 (  1.39e+02,  1.95e+02)
70      0.175   4.92e-01   7.31e-01   5.53e-01   2.81e+00   0.00e+00 (  1.23e+02,  1.83e+02)
75      0.184   4.97e-01   7.80e-01   6.29e-01   3.03e+00   0.00e+00 (  1.08e+02,  1.70e+02)
80      0.198   4.71e-01   8.01e-01   6.38e-01   3.45e+00   0.00e+00 (  8.36e+01,  1.55e+02)
85      0.269   6.53e-01   9.07e-01   6.10e-01   5.95e+00   0.00e+00 (  8.06e+01,  1.39e+02)
90      0.882   2.06e+00   2.60e+00   1.43e+00   3.97e+01   0.00e+00 (  6.30e+02,  1.23e+02)
95      0.510   8.92e-01   1.28e+00   9.18e-01   4.34e+01   0.00e+00 (  6.97e+02,  1.08e+02)
25 e: 6.275e-04 i: 4.797e-04 :: e: 6.563e-02 i: 6.782e-02 :: n: 3.012e+01 e:23.987 i:27.498 v:4.993e+03
>>> tau_he = 5.000000, nhe(0)=3.749059e+00
 5     -0.010   1.02e-02   1.40e+00   5.41e-03  -4.78e-02   0.00e+00 (  3.60e+00,  3.66e+01)
10     -0.004   1.69e-02   4.19e-03   3.04e-03  -2.50e-02   0.00e+00 (  1.24e+01,  7.74e+01)
15     -0.039   8.72e-02  -5.36e-02   1.43e-02  -2.91e-01   0.00e+00 (  6.79e+01,  1.13e+02)
20      0.020   1.62e-01   4.91e-02   8.83e-03   1.70e-01   0.00e+00 (  1.24e+02,  1.42e+02)
25      0.067   1.94e-01   1.15e-01   3.79e-03   6.49e-01   0.00e+00 (  1.45e+02,  1.63e+02)
30      0.067   2.32e-01   1.48e-01  -2.61e-02   7.20e-01   0.00e+00 (  1.62e+02,  1.78e+02)
35      0.114   3.13e-01   2.54e-01   9.18e-02   1.33e+00   0.00e+00 (  1.90e+02,  1.90e+02)
40      0.106   3.16e-01   2.74e-01   8.39e-02   1.33e+00   0.00e+00 (  1.73e+02,  1.99e+02)
45      0.115   3.42e-01   3.19e-01   1.02e-01   1.52e+00   0.00e+00 (  1.68e+02,  2.06e+02)
50      0.130   3.75e-01   3.84e-01   2.13e-01   1.81e+00   0.00e+00 (  1.60e+02,  2.08e+02)
55      0.109   3.61e-01   3.74e-01   2.35e-01   1.59e+00   0.00e+00 (  1.37e+02,  2.08e+02)
60      0.139   4.09e-01   4.98e-01   3.23e-01   2.10e+00   0.00e+00 (  1.35e+02,  2.03e+02)
65      0.172   4.60e-01   6.47e-01   4.49e-01   2.69e+00   0.00e+00 (  1.27e+02,  1.95e+02)
70      0.186   4.77e-01   7.18e-01   5.43e-01   2.97e+00   0.00e+00 (  1.14e+02,  1.83e+02)
75      0.199   4.91e-01   7.90e-01   6.36e-01   3.28e+00   0.00e+00 (  1.02e+02,  1.70e+02)
80      0.215   4.83e-01   8.34e-01   6.70e-01   3.76e+00   0.00e+00 (  8.21e+01,  1.55e+02)
85      0.279   6.77e-01   9.43e-01   6.45e-01   6.19e+00   0.00e+00 (  8.04e+01,  1.39e+02)
90      0.882   2.06e+00   2.59e+00   1.43e+00   3.97e+01   0.00e+00 (  6.25e+02,  1.23e+02)
95      0.510   8.92e-01   1.28e+00   9.18e-01   4.34e+01   0.00e+00 (  6.97e+02,  1.08e+02)
26 e: 7.191e-04 i: 2.997e-04 :: e: 3.602e-02 i: 4.563e-02 :: n: 3.012e+01 e:24.614 i:27.076 v:4.993e+03
>>> tau_he = 5.000000, nhe(0)=3.717464e+00
 5     -0.010   9.95e-03   1.39e+00   5.68e-03  -4.74e-02   0.00e+00 (  3.60e+00,  3.66e+01)
10     -0.004   1.57e-02   4.11e-03   3.13e-03  -2.52e-02   0.00e+00 (  1.18e+01,  7.74e+01)
15     -0.043   8.93e-02  -5.59e-02   1.22e-02  -3.18e-01   0.00e+00 (  7.11e+01,  1.13e+02)
20      0.015   1.61e-01   5.82e-02  -4.19e-03   1.26e-01   0.00e+00 (  1.26e+02,  1.42e+02)
25      0.067   1.97e-01   1.26e-01   2.38e-03   6.50e-01   0.00e+00 (  1.52e+02,  1.63e+02)
30      0.059   2.17e-01   1.49e-01   1.92e-02   6.35e-01   0.00e+00 (  1.56e+02,  1.78e+02)
35      0.120   3.23e-01   2.75e-01   9.43e-02   1.39e+00   0.00e+00 (  2.01e+02,  1.90e+02)
40      0.108   3.31e-01   2.98e-01   8.86e-02   1.35e+00   0.00e+00 (  1.87e+02,  1.99e+02)
45      0.119   3.59e-01   3.54e-01   1.13e-01   1.58e+00   0.00e+00 (  1.83e+02,  2.06e+02)
50      0.137   3.97e-01   4.32e-01   2.32e-01   1.91e+00   0.00e+00 (  1.76e+02,  2.08e+02)
55      0.163   4.55e-01   5.72e-01   3.16e-01   2.37e+00   0.00e+00 (  1.80e+02,  2.08e+02)
60      0.139   4.33e-01   5.40e-01   3.47e-01   2.10e+00   0.00e+00 (  1.50e+02,  2.03e+02)
65      0.168   4.83e-01   6.83e-01   4.72e-01   2.63e+00   0.00e+00 (  1.40e+02,  1.95e+02)
70      0.178   4.96e-01   7.38e-01   5.58e-01   2.85e+00   0.00e+00 (  1.24e+02,  1.83e+02)
75      0.186   5.04e-01   7.91e-01   6.37e-01   3.07e+00   0.00e+00 (  1.11e+02,  1.70e+02)
80      0.201   4.81e-01   8.19e-01   6.52e-01   3.51e+00   0.00e+00 (  8.68e+01,  1.55e+02)
85      0.272   6.56e-01   9.30e-01   6.29e-01   6.03e+00   0.00e+00 (  8.39e+01,  1.39e+02)
90      0.883   2.05e+00   2.60e+00   1.43e+00   3.98e+01   0.00e+00 (  6.33e+02,  1.23e+02)
95      0.510   8.92e-01   1.28e+00   9.18e-01   4.34e+01   0.00e+00 (  6.97e+02,  1.08e+02)
27 e: 6.074e-04 i: 3.021e-04 :: e: 5.923e-02 i: 6.365e-02 :: n: 3.012e+01 e:24.029 i:27.495 v:4.993e+03
>>> tau_he = 5.000000, nhe(0)=3.748965e+00
 5     -0.010   1.02e-02   1.39e+00   5.43e-03  -4.80e-02   0.00e+00 (  3.61e+00,  3.66e+01)
10     -0.004   1.72e-02   4.03e-03   3.07e-03  -2.52e-02   0.00e+00 (  1.26e+01,  7.74e+01)
15     -0.039   8.69e-02  -5.38e-02   1.43e-02  -2.91e-01   0.00e+00 (  6.78e+01,  1.13e+02)
20      0.021   1.62e-01   4.95e-02   8.82e-03   1.80e-01   0.00e+00 (  1.24e+02,  1.42e+02)
25      0.068   1.94e-01   1.17e-01   3.47e-03   6.59e-01   0.00e+00 (  1.46e+02,  1.63e+02)
30      0.068   2.31e-01   1.49e-01  -2.84e-02   7.25e-01   0.00e+00 (  1.62e+02,  1.78e+02)
35      0.064   2.37e-01   1.55e-01   4.31e-02   7.41e-01   0.00e+00 (  1.43e+02,  1.90e+02)
40      0.107   3.17e-01   2.75e-01   8.40e-02   1.33e+00   0.00e+00 (  1.74e+02,  1.99e+02)
45      0.115   3.44e-01   3.20e-01   1.02e-01   1.53e+00   0.00e+00 (  1.70e+02,  2.06e+02)
50      0.131   3.77e-01   3.88e-01   2.15e-01   1.82e+00   0.00e+00 (  1.62e+02,  2.08e+02)
55      0.110   3.62e-01   3.76e-01   2.36e-01   1.60e+00   0.00e+00 (  1.37e+02,  2.08e+02)
60      0.140   4.11e-01   5.02e-01   3.26e-01   2.11e+00   0.00e+00 (  1.36e+02,  2.03e+02)
65      0.173   4.62e-01   6.50e-01   4.52e-01   2.69e+00   0.00e+00 (  1.29e+02,  1.95e+02)
70      0.186   4.79e-01   7.21e-01   5.45e-01   2.98e+00   0.00e+00 (  1.15e+02,  1.83e+02)
75      0.199   4.94e-01   7.93e-01   6.38e-01   3.28e+00   0.00e+00 (  1.03e+02,  1.70e+02)
80      0.215   4.88e-01   8.40e-01   6.74e-01   3.76e+00   0.00e+00 (  8.41e+01,  1.55e+02)
85      0.281   6.76e-01   9.57e-01   6.57e-01   6.23e+00   0.00e+00 (  8.29e+01,  1.39e+02)
90      0.883   2.05e+00   2.59e+00   1.44e+00   3.98e+01   0.00e+00 (  6.28e+02,  1.23e+02)
95      0.510   8.92e-01   1.28e+00   9.18e-01   4.34e+01   0.00e+00 (  6.97e+02,  1.08e+02)
28 e: 5.278e-04 i: 3.480e-04 :: e: 3.563e-02 i: 4.773e-02 :: n: 3.012e+01 e:24.568 i:27.099 v:4.993e+03
>>> tau_he = 5.000000, nhe(0)=3.719225e+00
 5     -0.010   9.96e-03   1.38e+00   5.66e-03  -4.75e-02   0.00e+00 (  3.60e+00,  3.66e+01)
10     -0.004   1.60e-02   4.03e-03   3.14e-03  -2.52e-02   0.00e+00 (  1.20e+01,  7.74e+01)
15     -0.042   8.82e-02  -5.58e-02   1.23e-02  -3.13e-01   0.00e+00 (  7.01e+01,  1.13e+02)
20      0.015   1.59e-01   5.60e-02   2.80e-03   1.27e-01   0.00e+00 (  1.23e+02,  1.42e+02)
25      0.069   1.97e-01   1.25e-01   2.40e-03   6.64e-01   0.00e+00 (  1.51e+02,  1.63e+02)
30      0.059   2.17e-01   1.48e-01   1.91e-02   6.36e-01   0.00e+00 (  1.56e+02,  1.78e+02)
35      0.121   3.24e-01   2.77e-01   9.47e-02   1.41e+00   0.00e+00 (  2.02e+02,  1.90e+02)
40      0.108   3.29e-01   2.97e-01   8.82e-02   1.35e+00   0.00e+00 (  1.86e+02,  1.99e+02)
45      0.120   3.56e-01   3.49e-01   1.11e-01   1.58e+00   0.00e+00 (  1.81e+02,  2.06e+02)
50      0.137   3.95e-01   4.29e-01   2.31e-01   1.91e+00   0.00e+00 (  1.75e+02,  2.08e+02)
55      0.164   4.50e-01   5.67e-01   3.12e-01   2.38e+00   0.00e+00 (  1.77e+02,  2.08e+02)
60      0.139   4.30e-01   5.37e-01   3.45e-01   2.10e+00   0.00e+00 (  1.48e+02,  2.03e+02)
65      0.168   4.80e-01   6.78e-01   4.69e-01   2.62e+00   0.00e+00 (  1.38e+02,  1.95e+02)
70      0.178   4.93e-01   7.35e-01   5.55e-01   2.85e+00   0.00e+00 (  1.23e+02,  1.83e+02)
75      0.187   5.01e-01   7.88e-01   6.35e-01   3.08e+00   0.00e+00 (  1.09e+02,  1.70e+02)
80      0.201   4.82e-01   8.20e-01   6.53e-01   3.52e+00   0.00e+00 (  8.72e+01,  1.55e+02)
85      0.274   6.58e-01   9.40e-01   6.38e-01   6.07e+00   0.00e+00 (  8.56e+01,  1.39e+02)
90      0.680   1.60e+00   2.00e+00   1.23e+00   3.06e+01   0.00e+00 (  4.94e+02,  1.23e+02)
95      0.510   8.92e-01   1.28e+00   9.18e-01   4.34e+01   0.00e+00 (  6.97e+02,  1.08e+02)
29 e: 5.311e-04 i: 2.125e-04 :: e: 4.890e-02 i: 5.436e-02 :: n: 3.012e+01 e:24.034 i:27.449 v:4.993e+03
>>> tau_he = 5.000000, nhe(0)=3.745500e+00
 5     -0.010   1.01e-02   1.38e+00   5.44e-03  -4.80e-02   0.00e+00 (  3.60e+00,  3.66e+01)
10     -0.004   1.73e-02   3.92e-03   3.08e-03  -2.52e-02   0.00e+00 (  1.28e+01,  7.74e+01)
15     -0.037   8.78e-02  -5.46e-02   1.43e-02  -2.75e-01   0.00e+00 (  6.86e+01,  1.13e+02)
20      0.022   1.62e-01   4.93e-02   6.23e-03   1.89e-01   0.00e+00 (  1.23e+02,  1.42e+02)
25      0.068   1.94e-01   1.17e-01   3.40e-03   6.62e-01   0.00e+00 (  1.45e+02,  1.63e+02)
30      0.068   2.33e-01   1.49e-01  -2.83e-02   7.24e-01   0.00e+00 (  1.64e+02,  1.78e+02)
35      0.115   3.13e-01   2.56e-01   9.33e-02   1.34e+00   0.00e+00 (  1.90e+02,  1.90e+02)
40      0.107   3.17e-01   2.76e-01   8.43e-02   1.33e+00   0.00e+00 (  1.74e+02,  1.99e+02)
45      0.115   3.43e-01   3.21e-01   1.03e-01   1.52e+00   0.00e+00 (  1.69e+02,  2.06e+02)
50      0.131   3.77e-01   3.90e-01   2.16e-01   1.82e+00   0.00e+00 (  1.61e+02,  2.08e+02)
55      0.110   3.61e-01   3.77e-01   2.37e-01   1.60e+00   0.00e+00 (  1.37e+02,  2.08e+02)
60      0.139   4.09e-01   5.02e-01   3.25e-01   2.11e+00   0.00e+00 (  1.35e+02,  2.03e+02)
65      0.173   4.61e-01   6.44e-01   4.50e-01   2.70e+00   0.00e+00 (  1.27e+02,  1.95e+02)
70      0.184   4.76e-01   7.16e-01   5.42e-01   2.95e+00   0.00e+00 (  1.13e+02,  1.83e+02)
75      0.197   4.90e-01   7.86e-01   6.33e-01   3.25e+00   0.00e+00 (  1.02e+02,  1.70e+02)
80      0.213   4.85e-01   8.34e-01   6.70e-01   3.72e+00   0.00e+00 (  8.37e+01,  1.55e+02)
85      0.281   6.75e-01   9.60e-01   6.58e-01   6.23e+00   0.00e+00 (  8.41e+01,  1.39e+02)
90      0.883   2.05e+00   2.60e+00   1.44e+00   3.98e+01   0.00e+00 (  6.29e+02,  1.23e+02)
95      0.510   8.92e-01   1.28e+00   9.18e-01   4.34e+01   0.00e+00 (  6.97e+02,  1.08e+02)
30 e: 3.476e-04 i: 2.760e-04 :: e: 2.418e-02 i: 3.374e-02 :: n: 3.012e+01 e:24.479 i:27.048 v:4.993e+03
>>> tau_he = 5.000000, nhe(0)=3.715290e+00
 5     -0.010   9.90e-03   1.37e+00   5.65e-03  -4.75e-02   0.00e+00 (  3.58e+00,  3.66e+01)
10     -0.004   1.64e-02   3.78e-03   3.15e-03  -2.51e-02   0.00e+00 (  1.23e+01,  7.74e+01)
15     -0.042   8.75e-02  -5.54e-02   1.23e-02  -3.13e-01   0.00e+00 (  6.95e+01,  1.13e+02)
20      0.015   1.58e-01   5.59e-02   2.77e-03   1.33e-01   0.00e+00 (  1.22e+02,  1.42e+02)
25      0.068   1.96e-01   1.25e-01   2.47e-03   6.57e-01   0.00e+00 (  1.49e+02,  1.63e+02)
30      0.059   2.17e-01   1.47e-01   2.09e-02   6.32e-01   0.00e+00 (  1.55e+02,  1.78e+02)
35      0.119   3.20e-01   2.71e-01   9.28e-02   1.38e+00   0.00e+00 (  1.98e+02,  1.90e+02)
40      0.107   3.27e-01   2.94e-01   8.74e-02   1.34e+00   0.00e+00 (  1.84e+02,  1.99e+02)
45      0.119   3.54e-01   3.46e-01   1.11e-01   1.57e+00   0.00e+00 (  1.79e+02,  2.06e+02)
50      0.136   3.93e-01   4.26e-01   2.30e-01   1.90e+00   0.00e+00 (  1.73e+02,  2.08e+02)
55      0.163   4.46e-01   5.62e-01   3.10e-01   2.37e+00   0.00e+00 (  1.74e+02,  2.08e+02)
60      0.138   4.26e-01   5.31e-01   3.42e-01   2.09e+00   0.00e+00 (  1.45e+02,  2.03e+02)
65      0.168   4.74e-01   6.71e-01   4.64e-01   2.61e+00   0.00e+00 (  1.35e+02,  1.95e+02)
70      0.177   4.87e-01   7.26e-01   5.49e-01   2.84e+00   0.00e+00 (  1.20e+02,  1.83e+02)
75      0.186   4.95e-01   7.79e-01   6.29e-01   3.07e+00   0.00e+00 (  1.07e+02,  1.70e+02)
80      0.200   4.78e-01   8.14e-01   6.48e-01   3.50e+00   0.00e+00 (  8.59e+01,  1.55e+02)
85      0.274   6.58e-01   9.41e-01   6.39e-01   6.07e+00   0.00e+00 (  8.59e+01,  1.39e+02)
90      0.680   1.60e+00   2.00e+00   1.23e+00   3.06e+01   0.00e+00 (  4.94e+02,  1.23e+02)
95      0.510   8.92e-01   1.28e+00   9.18e-01   4.34e+01   0.00e+00 (  6.97e+02,  1.08e+02)
31 e: 4.682e-04 i: 1.407e-04 :: e: 3.734e-02 i: 4.242e-02 :: n: 3.012e+01 e:23.978 i:27.321 v:4.993e+03
>>> tau_he = 5.000000, nhe(0)=3.735866e+00
 5     -0.010   1.00e-02   1.37e+00   5.44e-03  -4.78e-02   0.00e+00 (  3.57e+00,  3.66e+01)
10     -0.004   1.75e-02   3.67e-03   3.08e-03  -2.50e-02   0.00e+00 (  1.29e+01,  7.74e+01)
15     -0.037   8.72e-02  -5.42e-02   1.42e-02  -2.76e-01   0.00e+00 (  6.81e+01,  1.13e+02)
20      0.022   1.61e-01   4.95e-02   5.88e-03   1.91e-01   0.00e+00 (  1.22e+02,  1.42e+02)
25      0.068   1.92e-01   1.17e-01   3.32e-03   6.60e-01   0.00e+00 (  1.44e+02,  1.63e+02)
30      0.067   2.31e-01   1.49e-01  -2.75e-02   7.20e-01   0.00e+00 (  1.62e+02,  1.78e+02)
35      0.113   3.09e-01   2.52e-01   9.20e-02   1.32e+00   0.00e+00 (  1.86e+02,  1.90e+02)
40      0.104   3.18e-01   2.74e-01   8.23e-02   1.30e+00   0.00e+00 (  1.74e+02,  1.99e+02)
45      0.115   3.42e-01   3.21e-01   1.04e-01   1.52e+00   0.00e+00 (  1.68e+02,  2.06e+02)
50      0.131   3.75e-01   3.91e-01   2.16e-01   1.82e+00   0.00e+00 (  1.60e+02,  2.08e+02)
55      0.109   3.59e-01   3.77e-01   2.37e-01   1.59e+00   0.00e+00 (  1.35e+02,  2.08e+02)
60      0.138   4.06e-01   4.99e-01   3.24e-01   2.09e+00   0.00e+00 (  1.33e+02,  2.03e+02)
65      0.172   4.56e-01   6.39e-01   4.47e-01   2.68e+00   0.00e+00 (  1.25e+02,  1.95e+02)
70      0.182   4.71e-01   7.09e-01   5.36e-01   2.92e+00   0.00e+00 (  1.11e+02,  1.83e+02)
75      0.195   4.84e-01   7.76e-01   6.25e-01   3.21e+00   0.00e+00 (  1.00e+02,  1.70e+02)
80      0.210   4.79e-01   8.23e-01   6.61e-01   3.67e+00   0.00e+00 (  8.24e+01,  1.55e+02)
85      0.280   6.73e-01   9.56e-01   6.55e-01   6.20e+00   0.00e+00 (  8.41e+01,  1.39e+02)
90      0.883   2.05e+00   2.60e+00   1.44e+00   3.98e+01   0.00e+00 (  6.30e+02,  1.23e+02)
95      0.510   8.92e-01   1.28e+00   9.18e-01   4.34e+01   0.00e+00 (  6.97e+02,  1.08e+02)
32 e: 2.483e-04 i: 2.417e-04 :: e: 1.656e-02 i: 2.595e-02 :: n: 3.012e+01 e:24.356 i:26.943 v:4.993e+03
>>> tau_he = 5.000000, nhe(0)=3.707001e+00
 5     -0.010   9.80e-03   1.35e+00   5.62e-03  -4.73e-02   0.00e+00 (  3.54e+00,  3.66e+01)
10     -0.004   1.66e-02   3.54e-03   3.13e-03  -2.49e-02   0.00e+00 (  1.24e+01,  7.74e+01)
15     -0.042   8.64e-02  -5.49e-02   1.23e-02  -3.11e-01   0.00e+00 (  6.85e+01,  1.13e+02)
20      0.017   1.58e-01   5.65e-02  -3.53e-03   1.45e-01   0.00e+00 (  1.22e+02,  1.42e+02)
25      0.068   1.94e-01   1.24e-01   2.59e-03   6.54e-01   0.00e+00 (  1.48e+02,  1.63e+02)
30      0.068   2.35e-01   1.56e-01  -3.22e-02   7.31e-01   0.00e+00 (  1.67e+02,  1.78e+02)
35      0.116   3.15e-01   2.66e-01   9.10e-02   1.35e+00   0.00e+00 (  1.93e+02,  1.90e+02)
40      0.106   3.24e-01   2.90e-01   8.64e-02   1.32e+00   0.00e+00 (  1.80e+02,  1.99e+02)
45      0.118   3.50e-01   3.43e-01   1.11e-01   1.56e+00   0.00e+00 (  1.75e+02,  2.06e+02)
50      0.135   3.89e-01   4.22e-01   2.28e-01   1.88e+00   0.00e+00 (  1.70e+02,  2.08e+02)
55      0.161   4.41e-01   5.55e-01   3.07e-01   2.34e+00   0.00e+00 (  1.71e+02,  2.08e+02)
60      0.137   4.20e-01   5.24e-01   3.38e-01   2.07e+00   0.00e+00 (  1.41e+02,  2.03e+02)
65      0.168   4.68e-01   6.58e-01   4.58e-01   2.62e+00   0.00e+00 (  1.32e+02,  1.95e+02)
70      0.176   4.79e-01   7.16e-01   5.42e-01   2.82e+00   0.00e+00 (  1.17e+02,  1.83e+02)
75      0.185   4.87e-01   7.68e-01   6.20e-01   3.05e+00   0.00e+00 (  1.04e+02,  1.70e+02)
80      0.199   4.72e-01   8.03e-01   6.40e-01   3.47e+00   0.00e+00 (  8.39e+01,  1.55e+02)
85      0.273   6.57e-01   9.37e-01   6.36e-01   6.06e+00   0.00e+00 (  8.54e+01,  1.39e+02)
90      0.680   1.60e+00   2.00e+00   1.23e+00   3.06e+01   0.00e+00 (  4.94e+02,  1.23e+02)
95      0.510   8.92e-01   1.28e+00   9.18e-01   4.34e+01   0.00e+00 (  6.97e+02,  1.08e+02)
33 e: 3.907e-04 i: 1.007e-04 :: e: 2.686e-02 i: 3.135e-02 :: n: 3.012e+01 e:23.898 i:27.166 v:4.993e+03
>>> tau_he = 5.000000, nhe(0)=3.723966e+00
 5     -0.010   9.90e-03   1.35e+00   5.44e-03  -4.74e-02   0.00e+00 (  3.52e+00,  3.66e+01)
10     -0.004   1.76e-02   3.43e-03   3.07e-03  -2.48e-02   0.00e+00 (  1.30e+01,  7.74e+01)
15     -0.037   8.63e-02  -5.37e-02   1.41e-02  -2.77e-01   0.00e+00 (  6.75e+01,  1.13e+02)
20      0.022   1.59e-01   4.94e-02   5.60e-03   1.91e-01   0.00e+00 (  1.21e+02,  1.42e+02)
25      0.068   1.91e-01   1.17e-01   3.33e-03   6.56e-01   0.00e+00 (  1.42e+02,  1.63e+02)
30      0.067   2.27e-01   1.49e-01  -2.69e-02   7.15e-01   0.00e+00 (  1.58e+02,  1.78e+02)
35      0.060   2.33e-01   1.54e-01   4.49e-02   7.03e-01   0.00e+00 (  1.39e+02,  1.90e+02)
40      0.103   3.15e-01   2.73e-01   8.19e-02   1.28e+00   0.00e+00 (  1.71e+02,  1.99e+02)
45      0.114   3.39e-01   3.20e-01   1.05e-01   1.51e+00   0.00e+00 (  1.66e+02,  2.06e+02)
50      0.130   3.73e-01   3.90e-01   2.16e-01   1.81e+00   0.00e+00 (  1.58e+02,  2.08e+02)
55      0.109   3.56e-01   3.76e-01   2.37e-01   1.58e+00   0.00e+00 (  1.33e+02,  2.08e+02)
60      0.137   4.02e-01   4.96e-01   3.22e-01   2.07e+00   0.00e+00 (  1.31e+02,  2.03e+02)
65      0.170   4.51e-01   6.33e-01   4.43e-01   2.65e+00   0.00e+00 (  1.23e+02,  1.95e+02)
70      0.180   4.65e-01   7.00e-01   5.30e-01   2.89e+00   0.00e+00 (  1.09e+02,  1.83e+02)
75      0.192   4.78e-01   7.64e-01   6.17e-01   3.17e+00   0.00e+00 (  9.78e+01,  1.70e+02)
80      0.207   4.73e-01   8.10e-01   6.51e-01   3.61e+00   0.00e+00 (  8.06e+01,  1.55e+02)
85      0.278   6.70e-01   9.49e-01   6.48e-01   6.16e+00   0.00e+00 (  8.35e+01,  1.39e+02)
90      0.883   2.05e+00   2.60e+00   1.44e+00   3.98e+01   0.00e+00 (  6.30e+02,  1.23e+02)
95      0.510   8.92e-01   1.28e+00   9.18e-01   4.34e+01   0.00e+00 (  6.97e+02,  1.08e+02)
34 e: 2.258e-04 i: 2.539e-04 :: e: 1.921e-02 i: 2.863e-02 :: n: 3.012e+01 e:24.243 i:26.850 v:4.993e+03
>>> tau_he = 5.000000, nhe(0)=3.699648e+00
 5     -0.010   9.71e-03   1.34e+00   5.59e-03  -4.69e-02   0.00e+00 (  3.50e+00,  3.66e+01)
10     -0.004   1.67e-02   3.45e-03   3.11e-03  -2.46e-02   0.00e+00 (  1.24e+01,  7.74e+01)
15     -0.040   8.52e-02  -5.41e-02   1.35e-02  -3.01e-01   0.00e+00 (  6.74e+01,  1.13e+02)
20      0.017   1.56e-01   5.54e-02  -3.13e-03   1.46e-01   0.00e+00 (  1.20e+02,  1.42e+02)
25      0.067   1.92e-01   1.22e-01   2.75e-03   6.52e-01   0.00e+00 (  1.45e+02,  1.63e+02)
30      0.068   2.32e-01   1.55e-01  -3.06e-02   7.26e-01   0.00e+00 (  1.65e+02,  1.78e+02)
35      0.117   3.14e-01   2.67e-01   9.12e-02   1.36e+00   0.00e+00 (  1.93e+02,  1.90e+02)
40      0.105   3.21e-01   2.88e-01   8.59e-02   1.31e+00   0.00e+00 (  1.78e+02,  1.99e+02)
45      0.116   3.46e-01   3.39e-01   1.11e-01   1.54e+00   0.00e+00 (  1.72e+02,  2.06e+02)
50      0.133   3.84e-01   4.17e-01   2.26e-01   1.86e+00   0.00e+00 (  1.66e+02,  2.08e+02)
55      0.159   4.36e-01   5.48e-01   3.04e-01   2.32e+00   0.00e+00 (  1.67e+02,  2.08e+02)
60      0.136   4.13e-01   5.17e-01   3.34e-01   2.05e+00   0.00e+00 (  1.37e+02,  2.03e+02)
65      0.166   4.60e-01   6.48e-01   4.52e-01   2.59e+00   0.00e+00 (  1.28e+02,  1.95e+02)
70      0.174   4.71e-01   7.05e-01   5.34e-01   2.79e+00   0.00e+00 (  1.13e+02,  1.83e+02)
75      0.183   4.79e-01   7.56e-01   6.11e-01   3.02e+00   0.00e+00 (  1.00e+02,  1.70e+02)
80      0.197   4.65e-01   7.91e-01   6.30e-01   3.44e+00   0.00e+00 (  8.16e+01,  1.55e+02)
85      0.272   6.56e-01   9.31e-01   6.30e-01   6.03e+00   0.00e+00 (  8.44e+01,  1.39e+02)
90      0.679   1.60e+00   2.00e+00   1.23e+00   3.06e+01   0.00e+00 (  4.93e+02,  1.23e+02)
95      0.510   8.92e-01   1.28e+00   9.18e-01   4.34e+01   0.00e+00 (  6.97e+02,  1.08e+02)
35 e: 2.929e-04 i: 9.025e-05 :: e: 1.808e-02 i: 2.231e-02 :: n: 3.012e+01 e:23.855 i:27.061 v:4.993e+03
>>> tau_he = 5.000000, nhe(0)=3.715880e+00
 5     -0.010   9.81e-03   1.34e+00   5.44e-03  -4.71e-02   0.00e+00 (  3.49e+00,  3.66e+01)
10     -0.004   1.70e-02   3.37e-03   3.04e-03  -2.46e-02   0.00e+00 (  1.25e+01,  7.74e+01)
15     -0.037   8.54e-02  -5.35e-02   1.40e-02  -2.76e-01   0.00e+00 (  6.68e+01,  1.13e+02)
20      0.022   1.58e-01   4.91e-02   5.56e-03   1.89e-01   0.00e+00 (  1.20e+02,  1.42e+02)
25      0.067   1.89e-01   1.16e-01   3.37e-03   6.52e-01   0.00e+00 (  1.41e+02,  1.63e+02)
30      0.067   2.27e-01   1.48e-01  -2.51e-02   7.11e-01   0.00e+00 (  1.58e+02,  1.78e+02)
35      0.112   3.06e-01   2.52e-01   9.29e-02   1.31e+00   0.00e+00 (  1.84e+02,  1.90e+02)
40      0.102   3.14e-01   2.74e-01   8.21e-02   1.28e+00   0.00e+00 (  1.71e+02,  1.99e+02)
45      0.113   3.37e-01   3.20e-01   1.05e-01   1.49e+00   0.00e+00 (  1.64e+02,  2.06e+02)
50      0.129   3.71e-01   3.89e-01   2.15e-01   1.80e+00   0.00e+00 (  1.57e+02,  2.08e+02)
55      0.108   3.54e-01   3.75e-01   2.36e-01   1.57e+00   0.00e+00 (  1.32e+02,  2.08e+02)
60      0.135   3.98e-01   4.92e-01   3.20e-01   2.05e+00   0.00e+00 (  1.29e+02,  2.03e+02)
65      0.168   4.46e-01   6.27e-01   4.39e-01   2.62e+00   0.00e+00 (  1.21e+02,  1.95e+02)
70      0.178   4.59e-01   6.91e-01   5.24e-01   2.86e+00   0.00e+00 (  1.07e+02,  1.83e+02)
75      0.190   4.71e-01   7.53e-01   6.09e-01   3.13e+00   0.00e+00 (  9.55e+01,  1.70e+02)
80      0.204   4.66e-01   7.97e-01   6.41e-01   3.56e+00   0.00e+00 (  7.88e+01,  1.55e+02)
85      0.277   6.67e-01   9.40e-01   6.40e-01   6.12e+00   0.00e+00 (  8.27e+01,  1.39e+02)
90      0.883   2.05e+00   2.60e+00   1.44e+00   3.98e+01   0.00e+00 (  6.29e+02,  1.23e+02)
95      0.510   8.92e-01   1.28e+00   9.18e-01   4.34e+01   0.00e+00 (  6.97e+02,  1.08e+02)
36 e: 1.579e-04 i: 1.524e-04 :: e: 1.364e-02 i: 1.866e-02 :: n: 3.012e+01 e:24.154 i:26.770 v:4.993e+03
>>> tau_he = 5.000000, nhe(0)=3.693330e+00
 5     -0.010   9.64e-03   1.33e+00   5.58e-03  -4.67e-02   0.00e+00 (  3.47e+00,  3.66e+01)
10     -0.004   1.68e-02   3.28e-03   3.10e-03  -2.45e-02   0.00e+00 (  1.25e+01,  7.74e+01)
15     -0.038   8.62e-02  -5.44e-02   1.35e-02  -2.86e-01   0.00e+00 (  6.82e+01,  1.13e+02)
20      0.017   1.55e-01   5.52e-02  -3.17e-03   1.46e-01   0.00e+00 (  1.19e+02,  1.42e+02)
25      0.067   1.91e-01   1.22e-01   2.84e-03   6.48e-01   0.00e+00 (  1.44e+02,  1.63e+02)
30      0.067   2.30e-01   1.54e-01  -2.88e-02   7.19e-01   0.00e+00 (  1.62e+02,  1.78e+02)
35      0.115   3.10e-01   2.63e-01   8.97e-02   1.33e+00   0.00e+00 (  1.89e+02,  1.90e+02)
40      0.104   3.18e-01   2.86e-01   8.52e-02   1.30e+00   0.00e+00 (  1.76e+02,  1.99e+02)
45      0.115   3.44e-01   3.37e-01   1.11e-01   1.52e+00   0.00e+00 (  1.70e+02,  2.06e+02)
50      0.132   3.81e-01   4.14e-01   2.25e-01   1.84e+00   0.00e+00 (  1.64e+02,  2.08e+02)
55      0.110   3.65e-01   3.98e-01   2.48e-01   1.60e+00   0.00e+00 (  1.39e+02,  2.08e+02)
60      0.135   4.08e-01   5.12e-01   3.31e-01   2.04e+00   0.00e+00 (  1.35e+02,  2.03e+02)
65      0.165   4.55e-01   6.41e-01   4.47e-01   2.58e+00   0.00e+00 (  1.26e+02,  1.95e+02)
70      0.173   4.65e-01   6.96e-01   5.28e-01   2.77e+00   0.00e+00 (  1.11e+02,  1.83e+02)
75      0.182   4.72e-01   7.47e-01   6.04e-01   3.01e+00   0.00e+00 (  9.81e+01,  1.70e+02)
80      0.195   4.60e-01   7.82e-01   6.23e-01   3.42e+00   0.00e+00 (  7.97e+01,  1.55e+02)
85      0.271   6.54e-01   9.24e-01   6.25e-01   6.01e+00   0.00e+00 (  8.33e+01,  1.39e+02)
90      0.883   2.05e+00   2.60e+00   1.43e+00   3.98e+01   0.00e+00 (  6.32e+02,  1.23e+02)
95      0.510   8.92e-01   1.28e+00   9.18e-01   4.34e+01   0.00e+00 (  6.97e+02,  1.08e+02)
37 e: 2.249e-04 i: 7.396e-05 :: e: 1.103e-02 i: 1.472e-02 :: n: 3.012e+01 e:23.808 i:26.958 v:4.993e+03
>>> tau_he = 5.000000, nhe(0)=3.707870e+00
 5     -0.010   9.73e-03   1.33e+00   5.43e-03  -4.68e-02   0.00e+00 (  3.46e+00,  3.66e+01)
10     -0.004   1.69e-02   3.25e-03   3.03e-03  -2.44e-02   0.00e+00 (  1.25e+01,  7.74e+01)
15     -0.037   8.49e-02  -5.32e-02   1.39e-02  -2.76e-01   0.00e+00 (  6.64e+01,  1.13e+02)
20      0.022   1.57e-01   4.91e-02   5.36e-03   1.87e-01   0.00e+00 (  1.19e+02,  1.42e+02)
25      0.067   1.88e-01   1.16e-01   3.38e-03   6.49e-01   0.00e+00 (  1.40e+02,  1.63e+02)
30      0.066   2.26e-01   1.47e-01  -2.32e-02   7.06e-01   0.00e+00 (  1.56e+02,  1.78e+02)
35      0.060   2.31e-01   1.55e-01   4.50e-02   6.95e-01   0.00e+00 (  1.38e+02,  1.90e+02)
40      0.102   3.12e-01   2.72e-01   8.15e-02   1.27e+00   0.00e+00 (  1.69e+02,  1.99e+02)
45      0.112   3.35e-01   3.17e-01   1.06e-01   1.48e+00   0.00e+00 (  1.63e+02,  2.06e+02)
50      0.129   3.70e-01   3.89e-01   2.15e-01   1.79e+00   0.00e+00 (  1.56e+02,  2.08e+02)
55      0.111   3.57e-01   3.84e-01   2.39e-01   1.61e+00   0.00e+00 (  1.33e+02,  2.08e+02)
60      0.135   3.97e-01   4.92e-01   3.20e-01   2.04e+00   0.00e+00 (  1.28e+02,  2.03e+02)
65      0.167   4.43e-01   6.22e-01   4.35e-01   2.60e+00   0.00e+00 (  1.19e+02,  1.95e+02)
70      0.177   4.55e-01   6.85e-01   5.20e-01   2.83e+00   0.00e+00 (  1.05e+02,  1.83e+02)
75      0.188   4.66e-01   7.45e-01   6.02e-01   3.10e+00   0.00e+00 (  9.38e+01,  1.70e+02)
80      0.201   4.60e-01   7.87e-01   6.33e-01   3.52e+00   0.00e+00 (  7.73e+01,  1.55e+02)
85      0.275   6.65e-01   9.32e-01   6.33e-01   6.09e+00   0.00e+00 (  8.18e+01,  1.39e+02)
90      0.883   2.06e+00   2.59e+00   1.43e+00   3.98e+01   0.00e+00 (  6.28e+02,  1.23e+02)
95      0.510   8.92e-01   1.28e+00   9.18e-01   4.34e+01   0.00e+00 (  6.97e+02,  1.08e+02)
38 e: 1.679e-04 i: 1.576e-04 :: e: 2.186e-02 i: 2.363e-02 :: n: 3.012e+01 e:24.099 i:26.734 v:4.993e+03
>>> tau_he = 5.000000, nhe(0)=3.690445e+00
 5     -0.009   9.60e-03   1.33e+00   5.56e-03  -4.64e-02   0.00e+00 (  3.45e+00,  3.66e+01)
10     -0.004   1.67e-02   3.31e-03   3.08e-03  -2.43e-02   0.00e+00 (  1.24e+01,  7.74e+01)
15     -0.038   8.52e-02  -5.41e-02   1.35e-02  -2.83e-01   0.00e+00 (  6.72e+01,  1.13e+02)
20      0.023   1.59e-01   5.29e-02  -2.35e-03   2.01e-01   0.00e+00 (  1.22e+02,  1.42e+02)
25      0.067   1.90e-01   1.21e-01   2.93e-03   6.47e-01   0.00e+00 (  1.43e+02,  1.63e+02)
30      0.067   2.29e-01   1.53e-01  -2.79e-02   7.17e-01   0.00e+00 (  1.61e+02,  1.78e+02)
35      0.115   3.10e-01   2.65e-01   9.01e-02   1.34e+00   0.00e+00 (  1.90e+02,  1.90e+02)
40      0.104   3.17e-01   2.85e-01   8.48e-02   1.29e+00   0.00e+00 (  1.75e+02,  1.99e+02)
45      0.114   3.42e-01   3.33e-01   1.11e-01   1.51e+00   0.00e+00 (  1.68e+02,  2.06e+02)
50      0.132   3.79e-01   4.11e-01   2.24e-01   1.83e+00   0.00e+00 (  1.63e+02,  2.08e+02)
55      0.161   4.34e-01   5.52e-01   3.05e-01   2.34e+00   0.00e+00 (  1.66e+02,  2.08e+02)
60      0.134   4.06e-01   5.10e-01   3.30e-01   2.03e+00   0.00e+00 (  1.34e+02,  2.03e+02)
65      0.164   4.51e-01   6.35e-01   4.43e-01   2.56e+00   0.00e+00 (  1.24e+02,  1.95e+02)
70      0.172   4.61e-01   6.90e-01   5.23e-01   2.76e+00   0.00e+00 (  1.09e+02,  1.83e+02)
75      0.181   4.67e-01   7.40e-01   5.99e-01   2.99e+00   0.00e+00 (  9.62e+01,  1.70e+02)
80      0.194   4.55e-01   7.74e-01   6.17e-01   3.39e+00   0.00e+00 (  7.82e+01,  1.55e+02)
85      0.271   6.53e-01   9.18e-01   6.20e-01   5.99e+00   0.00e+00 (  8.25e+01,  1.39e+02)
90      0.883   2.05e+00   2.60e+00   1.43e+00   3.98e+01   0.00e+00 (  6.31e+02,  1.23e+02)
95      0.510   8.92e-01   1.28e+00   9.18e-01   4.34e+01   0.00e+00 (  6.97e+02,  1.08e+02)
39 e: 1.671e-04 i: 8.809e-05 :: e: 1.469e-02 i: 2.083e-02 :: n: 3.012e+01 e:23.809 i:26.925 v:4.993e+03
>>> tau_he = 5.000000, nhe(0)=3.705286e+00
 5     -0.010   9.70e-03   1.33e+00   5.43e-03  -4.67e-02   0.00e+00 (  3.45e+00,  3.66e+01)
10     -0.004   1.68e-02   3.27e-03   3.03e-03  -2.43e-02   0.00e+00 (  1.24e+01,  7.74e+01)
15     -0.037   8.43e-02  -5.32e-02   1.39e-02  -2.75e-01   0.00e+00 (  6.60e+01,  1.13e+02)
20      0.022   1.57e-01   4.91e-02   5.35e-03   1.89e-01   0.00e+00 (  1.18e+02,  1.42e+02)
25      0.067   1.88e-01   1.16e-01   3.37e-03   6.48e-01   0.00e+00 (  1.40e+02,  1.63e+02)
30      0.066   2.26e-01   1.48e-01  -2.40e-02   7.07e-01   0.00e+00 (  1.57e+02,  1.78e+02)
35      0.112   3.04e-01   2.52e-01   9.36e-02   1.30e+00   0.00e+00 (  1.83e+02,  1.90e+02)
40      0.102   3.12e-01   2.73e-01   8.20e-02   1.27e+00   0.00e+00 (  1.69e+02,  1.99e+02)
45      0.112   3.35e-01   3.19e-01   1.06e-01   1.48e+00   0.00e+00 (  1.63e+02,  2.06e+02)
50      0.128   3.69e-01   3.90e-01   2.15e-01   1.79e+00   0.00e+00 (  1.56e+02,  2.08e+02)
55      0.109   3.55e-01   3.81e-01   2.38e-01   1.59e+00   0.00e+00 (  1.32e+02,  2.08e+02)
60      0.134   3.96e-01   4.90e-01   3.19e-01   2.03e+00   0.00e+00 (  1.28e+02,  2.03e+02)
65      0.166   4.42e-01   6.21e-01   4.34e-01   2.59e+00   0.00e+00 (  1.19e+02,  1.95e+02)
70      0.176   4.53e-01   6.82e-01   5.18e-01   2.82e+00   0.00e+00 (  1.04e+02,  1.83e+02)
75      0.187   4.63e-01   7.41e-01   5.99e-01   3.08e+00   0.00e+00 (  9.31e+01,  1.70e+02)
80      0.200   4.57e-01   7.81e-01   6.29e-01   3.50e+00   0.00e+00 (  7.65e+01,  1.55e+02)
85      0.274   6.62e-01   9.27e-01   6.29e-01   6.07e+00   0.00e+00 (  8.11e+01,  1.39e+02)
90      0.883   2.06e+00   2.59e+00   1.43e+00   3.98e+01   0.00e+00 (  6.28e+02,  1.23e+02)
95      0.510   8.92e-01   1.28e+00   9.18e-01   4.34e+01   0.00e+00 (  6.97e+02,  1.08e+02)
40 e: 1.170e-04 i: 8.242e-05 :: e: 1.564e-02 i: 1.715e-02 :: n: 3.012e+01 e:24.063 i:26.715 v:4.993e+03
>>> tau_he = 5.000000, nhe(0)=3.688894e+00
 5     -0.009   9.58e-03   1.33e+00   5.55e-03  -4.64e-02   0.00e+00 (  3.44e+00,  3.66e+01)
10     -0.004   1.69e-02   3.22e-03   3.08e-03  -2.43e-02   0.00e+00 (  1.25e+01,  7.74e+01)
15     -0.038   8.52e-02  -5.40e-02   1.35e-02  -2.84e-01   0.00e+00 (  6.73e+01,  1.13e+02)
20      0.024   1.59e-01   5.30e-02  -2.46e-03   2.03e-01   0.00e+00 (  1.21e+02,  1.42e+02)
25      0.067   1.90e-01   1.21e-01   2.95e-03   6.45e-01   0.00e+00 (  1.43e+02,  1.63e+02)
30      0.067   2.28e-01   1.52e-01  -2.72e-02   7.14e-01   0.00e+00 (  1.60e+02,  1.78e+02)
35      0.114   3.08e-01   2.61e-01   8.90e-02   1.32e+00   0.00e+00 (  1.87e+02,  1.90e+02)
40      0.103   3.16e-01   2.84e-01   8.46e-02   1.28e+00   0.00e+00 (  1.74e+02,  1.99e+02)
45      0.114   3.41e-01   3.32e-01   1.11e-01   1.50e+00   0.00e+00 (  1.68e+02,  2.06e+02)
50      0.131   3.78e-01   4.09e-01   2.23e-01   1.83e+00   0.00e+00 (  1.62e+02,  2.08e+02)
55      0.111   3.64e-01   3.99e-01   2.48e-01   1.62e+00   0.00e+00 (  1.38e+02,  2.08e+02)
60      0.134   4.04e-01   5.07e-01   3.28e-01   2.02e+00   0.00e+00 (  1.33e+02,  2.03e+02)
65      0.164   4.49e-01   6.34e-01   4.42e-01   2.56e+00   0.00e+00 (  1.23e+02,  1.95e+02)
70      0.172   4.59e-01   6.88e-01   5.22e-01   2.76e+00   0.00e+00 (  1.08e+02,  1.83e+02)
75      0.181   4.66e-01   7.38e-01   5.97e-01   2.99e+00   0.00e+00 (  9.55e+01,  1.70e+02)
80      0.194   4.54e-01   7.72e-01   6.16e-01   3.39e+00   0.00e+00 (  7.77e+01,  1.55e+02)
85      0.270   6.53e-01   9.16e-01   6.18e-01   5.99e+00   0.00e+00 (  8.20e+01,  1.39e+02)
90      0.883   2.06e+00   2.60e+00   1.43e+00   3.98e+01   0.00e+00 (  6.31e+02,  1.23e+02)
95      0.510   8.92e-01   1.28e+00   9.18e-01   4.34e+01   0.00e+00 (  6.97e+02,  1.08e+02)
41 e: 1.253e-04 i: 5.925e-05 :: e: 1.000e-02 i: 1.366e-02 :: n: 3.012e+01 e:23.802 i:26.884 v:4.993e+03
>>> tau_he = 5.000000, nhe(0)=3.702088e+00
 5     -0.010   9.67e-03   1.33e+00   5.44e-03  -4.66e-02   0.00e+00 (  3.44e+00,  3.66e+01)
10     -0.004   1.68e-02   3.21e-03   3.03e-03  -2.43e-02   0.00e+00 (  1.24e+01,  7.74e+01)
15     -0.037   8.43e-02  -5.31e-02   1.39e-02  -2.76e-01   0.00e+00 (  6.60e+01,  1.13e+02)
20      0.022   1.56e-01   4.94e-02   5.17e-03   1.90e-01   0.00e+00 (  1.18e+02,  1.42e+02)
25      0.067   1.88e-01   1.17e-01   3.34e-03   6.47e-01   0.00e+00 (  1.40e+02,  1.63e+02)
30      0.066   2.25e-01   1.47e-01  -2.29e-02   7.04e-01   0.00e+00 (  1.56e+02,  1.78e+02)
35      0.108   3.04e-01   2.49e-01   9.21e-02   1.26e+00   0.00e+00 (  1.82e+02,  1.90e+02)
40      0.101   3.12e-01   2.72e-01   8.17e-02   1.26e+00   0.00e+00 (  1.69e+02,  1.99e+02)
45      0.111   3.35e-01   3.18e-01   1.06e-01   1.47e+00   0.00e+00 (  1.62e+02,  2.06e+02)
50      0.128   3.70e-01   3.91e-01   2.16e-01   1.79e+00   0.00e+00 (  1.56e+02,  2.08e+02)
55      0.112   3.58e-01   3.88e-01   2.41e-01   1.63e+00   0.00e+00 (  1.34e+02,  2.08e+02)
60      0.135   3.96e-01   4.92e-01   3.20e-01   2.03e+00   0.00e+00 (  1.28e+02,  2.03e+02)
65      0.166   4.41e-01   6.20e-01   4.34e-01   2.58e+00   0.00e+00 (  1.18e+02,  1.95e+02)
70      0.175   4.52e-01   6.81e-01   5.17e-01   2.81e+00   0.00e+00 (  1.04e+02,  1.83e+02)
75      0.186   4.62e-01   7.39e-01   5.98e-01   3.07e+00   0.00e+00 (  9.28e+01,  1.70e+02)
80      0.199   4.56e-01   7.78e-01   6.27e-01   3.48e+00   0.00e+00 (  7.62e+01,  1.55e+02)
85      0.273   6.60e-01   9.24e-01   6.26e-01   6.05e+00   0.00e+00 (  8.08e+01,  1.39e+02)
90      0.883   2.06e+00   2.59e+00   1.43e+00   3.98e+01   0.00e+00 (  6.28e+02,  1.23e+02)
95      0.510   8.92e-01   1.28e+00   9.18e-01   4.34e+01   0.00e+00 (  6.97e+02,  1.08e+02)
42 e: 1.020e-04 i: 5.823e-05 :: e: 1.351e-02 i: 1.454e-02 :: n: 3.012e+01 e:24.036 i:26.701 v:4.993e+03
>>> tau_he = 5.000000, nhe(0)=3.687753e+00
 5     -0.009   9.57e-03   1.32e+00   5.54e-03  -4.64e-02   0.00e+00 (  3.43e+00,  3.66e+01)
10     -0.004   1.69e-02   3.20e-03   3.07e-03  -2.42e-02   0.00e+00 (  1.25e+01,  7.74e+01)
15     -0.038   8.49e-02  -5.39e-02   1.35e-02  -2.84e-01   0.00e+00 (  6.71e+01,  1.13e+02)
20      0.024   1.59e-01   5.30e-02  -2.43e-03   2.05e-01   0.00e+00 (  1.21e+02,  1.42e+02)
25      0.067   1.89e-01   1.21e-01   2.98e-03   6.45e-01   0.00e+00 (  1.43e+02,  1.63e+02)
30      0.067   2.27e-01   1.52e-01  -2.58e-02   7.12e-01   0.00e+00 (  1.59e+02,  1.78e+02)
35      0.110   3.07e-01   2.56e-01   9.70e-02   1.28e+00   0.00e+00 (  1.85e+02,  1.90e+02)
40      0.103   3.16e-01   2.82e-01   8.41e-02   1.28e+00   0.00e+00 (  1.73e+02,  1.99e+02)
45      0.113   3.41e-01   3.30e-01   1.10e-01   1.50e+00   0.00e+00 (  1.67e+02,  2.06e+02)
50      0.131   3.78e-01   4.09e-01   2.23e-01   1.83e+00   0.00e+00 (  1.62e+02,  2.08e+02)
55      0.162   4.35e-01   5.54e-01   3.07e-01   2.36e+00   0.00e+00 (  1.66e+02,  2.08e+02)
60      0.134   4.04e-01   5.08e-01   3.29e-01   2.03e+00   0.00e+00 (  1.33e+02,  2.03e+02)
65      0.164   4.48e-01   6.32e-01   4.41e-01   2.56e+00   0.00e+00 (  1.22e+02,  1.95e+02)
70      0.172   4.58e-01   6.87e-01   5.21e-01   2.76e+00   0.00e+00 (  1.08e+02,  1.83e+02)
75      0.181   4.64e-01   7.37e-01   5.96e-01   2.99e+00   0.00e+00 (  9.51e+01,  1.70e+02)
80      0.194   4.53e-01   7.71e-01   6.15e-01   3.39e+00   0.00e+00 (  7.73e+01,  1.55e+02)
85      0.270   6.53e-01   9.15e-01   6.17e-01   5.98e+00   0.00e+00 (  8.18e+01,  1.39e+02)
90      0.883   2.06e+00   2.60e+00   1.43e+00   3.98e+01   0.00e+00 (  6.30e+02,  1.23e+02)
95      0.510   8.92e-01   1.28e+00   9.18e-01   4.34e+01   0.00e+00 (  6.97e+02,  1.08e+02)
43 e: 1.060e-04 i: 7.122e-05 :: e: 1.294e-02 i: 1.907e-02 :: n: 3.012e+01 e:23.803 i:26.856 v:4.993e+03
>>> tau_he = 5.000000, nhe(0)=3.699896e+00
 5     -0.010   9.65e-03   1.33e+00   5.44e-03  -4.65e-02   0.00e+00 (  3.43e+00,  3.66e+01)
10     -0.004   1.68e-02   3.18e-03   3.02e-03  -2.42e-02   0.00e+00 (  1.24e+01,  7.74e+01)
15     -0.037   8.42e-02  -5.31e-02   1.39e-02  -2.77e-01   0.00e+00 (  6.60e+01,  1.13e+02)
20      0.022   1.56e-01   4.96e-02   5.03e-03   1.91e-01   0.00e+00 (  1.18e+02,  1.42e+02)
25      0.067   1.88e-01   1.17e-01   3.32e-03   6.47e-01   0.00e+00 (  1.40e+02,  1.63e+02)
30      0.066   2.25e-01   1.48e-01  -2.25e-02   7.05e-01   0.00e+00 (  1.56e+02,  1.78e+02)
35      0.060   2.31e-01   1.55e-01   4.58e-02   6.92e-01   0.00e+00 (  1.38e+02,  1.90e+02)
40      0.101   3.12e-01   2.73e-01   8.18e-02   1.26e+00   0.00e+00 (  1.69e+02,  1.99e+02)
45      0.112   3.35e-01   3.19e-01   1.07e-01   1.48e+00   0.00e+00 (  1.63e+02,  2.06e+02)
50      0.128   3.70e-01   3.92e-01   2.16e-01   1.79e+00   0.00e+00 (  1.56e+02,  2.08e+02)
55      0.110   3.56e-01   3.84e-01   2.40e-01   1.60e+00   0.00e+00 (  1.33e+02,  2.08e+02)
60      0.134   3.96e-01   4.92e-01   3.20e-01   2.03e+00   0.00e+00 (  1.28e+02,  2.03e+02)
65      0.166   4.42e-01   6.22e-01   4.35e-01   2.59e+00   0.00e+00 (  1.19e+02,  1.95e+02)
70      0.175   4.53e-01   6.83e-01   5.18e-01   2.81e+00   0.00e+00 (  1.05e+02,  1.83e+02)
75      0.186   4.63e-01   7.40e-01   5.99e-01   3.07e+00   0.00e+00 (  9.31e+01,  1.70e+02)
80      0.199   4.56e-01   7.79e-01   6.27e-01   3.48e+00   0.00e+00 (  7.63e+01,  1.55e+02)
85      0.273   6.62e-01   9.23e-01   6.26e-01   6.05e+00   0.00e+00 (  8.10e+01,  1.39e+02)
90      0.883   2.06e+00   2.59e+00   1.43e+00   3.98e+01   0.00e+00 (  6.28e+02,  1.23e+02)
95      0.510   8.92e-01   1.28e+00   9.18e-01   4.34e+01   0.00e+00 (  6.97e+02,  1.08e+02)
44 e: 1.120e-04 i: 1.059e-04 :: e: 1.986e-02 i: 2.161e-02 :: n: 3.012e+01 e:24.027 i:26.720 v:4.993e+03
>>> tau_he = 5.000000, nhe(0)=3.689269e+00
 5     -0.009   9.58e-03   1.33e+00   5.53e-03  -4.63e-02   0.00e+00 (  3.43e+00,  3.66e+01)
10     -0.004   1.68e-02   3.27e-03   3.06e-03  -2.42e-02   0.00e+00 (  1.25e+01,  7.74e+01)
15     -0.038   8.45e-02  -5.39e-02   1.36e-02  -2.82e-01   0.00e+00 (  6.67e+01,  1.13e+02)
20      0.018   1.53e-01   5.40e-02  -2.60e-03   1.52e-01   0.00e+00 (  1.17e+02,  1.42e+02)
25      0.067   1.89e-01   1.20e-01   3.01e-03   6.45e-01   0.00e+00 (  1.42e+02,  1.63e+02)
30      0.067   2.28e-01   1.52e-01  -2.63e-02   7.13e-01   0.00e+00 (  1.60e+02,  1.78e+02)
35      0.114   3.09e-01   2.62e-01   8.90e-02   1.33e+00   0.00e+00 (  1.88e+02,  1.90e+02)
40      0.103   3.16e-01   2.82e-01   8.43e-02   1.28e+00   0.00e+00 (  1.73e+02,  1.99e+02)
45      0.113   3.40e-01   3.30e-01   1.10e-01   1.50e+00   0.00e+00 (  1.67e+02,  2.06e+02)
50      0.130   3.77e-01   4.07e-01   2.22e-01   1.82e+00   0.00e+00 (  1.61e+02,  2.08e+02)
55      0.112   3.64e-01   3.99e-01   2.47e-01   1.63e+00   0.00e+00 (  1.38e+02,  2.08e+02)
60      0.134   4.03e-01   5.05e-01   3.27e-01   2.02e+00   0.00e+00 (  1.32e+02,  2.03e+02)
65      0.164   4.48e-01   6.32e-01   4.41e-01   2.56e+00   0.00e+00 (  1.22e+02,  1.95e+02)
70      0.172   4.58e-01   6.87e-01   5.22e-01   2.76e+00   0.00e+00 (  1.07e+02,  1.83e+02)
75      0.182   4.65e-01   7.39e-01   5.97e-01   3.00e+00   0.00e+00 (  9.52e+01,  1.70e+02)
80      0.195   4.54e-01   7.72e-01   6.16e-01   3.40e+00   0.00e+00 (  7.74e+01,  1.55e+02)
85      0.270   6.54e-01   9.15e-01   6.17e-01   5.99e+00   0.00e+00 (  8.17e+01,  1.39e+02)
90      0.883   2.06e+00   2.60e+00   1.43e+00   3.98e+01   0.00e+00 (  6.30e+02,  1.23e+02)
95      0.510   8.92e-01   1.28e+00   9.18e-01   4.34e+01   0.00e+00 (  6.97e+02,  1.08e+02)
45 e: 6.656e-05 i: 4.879e-05 :: e: 8.791e-03 i: 1.197e-02 :: n: 3.012e+01 e:23.842 i:26.877 v:4.993e+03
>>> tau_he = 5.000000, nhe(0)=3.701527e+00
 5     -0.010   9.67e-03   1.33e+00   5.45e-03  -4.65e-02   0.00e+00 (  3.44e+00,  3.66e+01)
10     -0.004   1.72e-02   3.26e-03   3.03e-03  -2.43e-02   0.00e+00 (  1.27e+01,  7.74e+01)
15     -0.037   8.39e-02  -5.47e-02   1.43e-02  -2.79e-01   0.00e+00 (  6.58e+01,  1.13e+02)
20      0.022   1.57e-01   4.94e-02   5.15e-03   1.89e-01   0.00e+00 (  1.19e+02,  1.42e+02)
25      0.067   1.88e-01   1.17e-01   3.30e-03   6.47e-01   0.00e+00 (  1.41e+02,  1.63e+02)
30      0.066   2.26e-01   1.48e-01  -2.35e-02   7.06e-01   0.00e+00 (  1.57e+02,  1.78e+02)
35      0.109   3.06e-01   2.52e-01   9.37e-02   1.27e+00   0.00e+00 (  1.84e+02,  1.90e+02)
40      0.101   3.12e-01   2.74e-01   8.21e-02   1.26e+00   0.00e+00 (  1.70e+02,  1.99e+02)
45      0.111   3.35e-01   3.19e-01   1.06e-01   1.47e+00   0.00e+00 (  1.63e+02,  2.06e+02)
50      0.129   3.71e-01   3.92e-01   2.16e-01   1.79e+00   0.00e+00 (  1.57e+02,  2.08e+02)
55      0.113   3.60e-01   3.92e-01   2.43e-01   1.64e+00   0.00e+00 (  1.35e+02,  2.08e+02)
60      0.135   3.97e-01   4.94e-01   3.21e-01   2.03e+00   0.00e+00 (  1.28e+02,  2.03e+02)
65      0.166   4.42e-01   6.22e-01   4.35e-01   2.58e+00   0.00e+00 (  1.19e+02,  1.95e+02)
70      0.175   4.53e-01   6.82e-01   5.18e-01   2.81e+00   0.00e+00 (  1.05e+02,  1.83e+02)
75      0.186   4.63e-01   7.40e-01   5.98e-01   3.07e+00   0.00e+00 (  9.32e+01,  1.70e+02)
80      0.199   4.56e-01   7.78e-01   6.26e-01   3.47e+00   0.00e+00 (  7.63e+01,  1.55e+02)
85      0.273   6.61e-01   9.22e-01   6.25e-01   6.04e+00   0.00e+00 (  8.10e+01,  1.39e+02)
90      0.883   2.06e+00   2.59e+00   1.43e+00   3.98e+01   0.00e+00 (  6.28e+02,  1.23e+02)
95      0.510   8.92e-01   1.28e+00   9.18e-01   4.34e+01   0.00e+00 (  6.97e+02,  1.08e+02)
46 e: 7.357e-05 i: 3.402e-05 :: e: 1.047e-02 i: 1.210e-02 :: n: 3.012e+01 e:24.037 i:26.749 v:4.993e+03
>>> tau_he = 5.000000, nhe(0)=3.691558e+00
 5     -0.009   9.60e-03   1.33e+00   5.53e-03  -4.64e-02   0.00e+00 (  3.44e+00,  3.66e+01)
10     -0.004   1.68e-02   3.25e-03   3.06e-03  -2.43e-02   0.00e+00 (  1.25e+01,  7.74e+01)
15     -0.038   8.48e-02  -5.40e-02   1.37e-02  -2.84e-01   0.00e+00 (  6.70e+01,  1.13e+02)
20      0.024   1.59e-01   5.26e-02  -2.19e-03   2.05e-01   0.00e+00 (  1.21e+02,  1.42e+02)
25      0.067   1.90e-01   1.20e-01   2.99e-03   6.46e-01   0.00e+00 (  1.43e+02,  1.63e+02)
30      0.067   2.28e-01   1.52e-01  -2.59e-02   7.13e-01   0.00e+00 (  1.59e+02,  1.78e+02)
35      0.111   3.09e-01   2.59e-01   8.80e-02   1.29e+00   0.00e+00 (  1.87e+02,  1.90e+02)
40      0.103   3.16e-01   2.82e-01   8.41e-02   1.28e+00   0.00e+00 (  1.74e+02,  1.99e+02)
45      0.113   3.40e-01   3.29e-01   1.09e-01   1.49e+00   0.00e+00 (  1.67e+02,  2.06e+02)
50      0.131   3.78e-01   4.07e-01   2.22e-01   1.83e+00   0.00e+00 (  1.62e+02,  2.08e+02)
55      0.163   4.36e-01   5.55e-01   3.07e-01   2.38e+00   0.00e+00 (  1.66e+02,  2.08e+02)
60      0.135   4.04e-01   5.07e-01   3.28e-01   2.03e+00   0.00e+00 (  1.33e+02,  2.03e+02)
65      0.164   4.49e-01   6.32e-01   4.41e-01   2.57e+00   0.00e+00 (  1.22e+02,  1.95e+02)
70      0.173   4.59e-01   6.88e-01   5.22e-01   2.77e+00   0.00e+00 (  1.08e+02,  1.83e+02)
75      0.182   4.65e-01   7.39e-01   5.98e-01   3.00e+00   0.00e+00 (  9.52e+01,  1.70e+02)
80      0.195   4.54e-01   7.73e-01   6.17e-01   3.41e+00   0.00e+00 (  7.75e+01,  1.55e+02)
85      0.270   6.54e-01   9.16e-01   6.18e-01   5.99e+00   0.00e+00 (  8.17e+01,  1.39e+02)
90      0.883   2.06e+00   2.60e+00   1.43e+00   3.98e+01   0.00e+00 (  6.30e+02,  1.23e+02)
95      0.510   8.92e-01   1.28e+00   9.18e-01   4.34e+01   0.00e+00 (  6.97e+02,  1.08e+02)
47 e: 6.565e-05 i: 6.338e-05 :: e: 1.272e-02 i: 1.833e-02 :: n: 3.012e+01 e:23.860 i:26.880 v:4.993e+03
>>> tau_he = 5.000000, nhe(0)=3.701733e+00
 5     -0.010   9.68e-03   1.33e+00   5.46e-03  -4.66e-02   0.00e+00 (  3.44e+00,  3.66e+01)
10     -0.004   1.72e-02   3.22e-03   3.03e-03  -2.43e-02   0.00e+00 (  1.27e+01,  7.74e+01)
15     -0.038   8.41e-02  -5.48e-02   1.43e-02  -2.81e-01   0.00e+00 (  6.61e+01,  1.13e+02)
20      0.022   1.57e-01   4.99e-02   4.98e-03   1.90e-01   0.00e+00 (  1.19e+02,  1.42e+02)
25      0.067   1.89e-01   1.18e-01   3.25e-03   6.48e-01   0.00e+00 (  1.41e+02,  1.63e+02)
30      0.066   2.26e-01   1.48e-01  -2.33e-02   7.08e-01   0.00e+00 (  1.57e+02,  1.78e+02)
35      0.109   3.05e-01   2.51e-01   9.30e-02   1.27e+00   0.00e+00 (  1.83e+02,  1.90e+02)
40      0.102   3.13e-01   2.75e-01   8.23e-02   1.27e+00   0.00e+00 (  1.70e+02,  1.99e+02)
45      0.112   3.37e-01   3.21e-01   1.07e-01   1.48e+00   0.00e+00 (  1.64e+02,  2.06e+02)
50      0.129   3.72e-01   3.94e-01   2.17e-01   1.80e+00   0.00e+00 (  1.58e+02,  2.08e+02)
55      0.111   3.59e-01   3.88e-01   2.41e-01   1.61e+00   0.00e+00 (  1.35e+02,  2.08e+02)
60      0.135   3.98e-01   4.95e-01   3.22e-01   2.03e+00   0.00e+00 (  1.29e+02,  2.03e+02)
65      0.166   4.44e-01   6.25e-01   4.37e-01   2.59e+00   0.00e+00 (  1.20e+02,  1.95e+02)
70      0.176   4.55e-01   6.86e-01   5.20e-01   2.82e+00   0.00e+00 (  1.06e+02,  1.83e+02)
75      0.186   4.65e-01   7.43e-01   6.01e-01   3.07e+00   0.00e+00 (  9.40e+01,  1.70e+02)
80      0.199   4.57e-01   7.80e-01   6.28e-01   3.48e+00   0.00e+00 (  7.69e+01,  1.55e+02)
85      0.273   6.61e-01   9.24e-01   6.26e-01   6.04e+00   0.00e+00 (  8.13e+01,  1.39e+02)
90      0.883   2.06e+00   2.59e+00   1.43e+00   3.98e+01   0.00e+00 (  6.28e+02,  1.23e+02)
95      0.510   8.92e-01   1.28e+00   9.18e-01   4.34e+01   0.00e+00 (  6.97e+02,  1.08e+02)
48 e: 5.375e-05 i: 3.069e-05 :: e: 8.280e-03 i: 1.039e-02 :: n: 3.012e+01 e:24.028 i:26.755 v:4.993e+03
>>> tau_he = 5.000000, nhe(0)=3.692016e+00
 5     -0.009   9.61e-03   1.33e+00   5.53e-03  -4.65e-02   0.00e+00 (  3.44e+00,  3.66e+01)
10     -0.004   1.69e-02   3.21e-03   3.06e-03  -2.43e-02   0.00e+00 (  1.25e+01,  7.74e+01)
15     -0.038   8.49e-02  -5.39e-02   1.37e-02  -2.84e-01   0.00e+00 (  6.71e+01,  1.13e+02)
20      0.024   1.59e-01   5.27e-02  -2.22e-03   2.07e-01   0.00e+00 (  1.21e+02,  1.42e+02)
25      0.067   1.90e-01   1.21e-01   2.99e-03   6.46e-01   0.00e+00 (  1.43e+02,  1.63e+02)
30      0.067   2.27e-01   1.51e-01  -2.54e-02   7.13e-01   0.00e+00 (  1.59e+02,  1.78e+02)
35      0.110   3.07e-01   2.56e-01   9.63e-02   1.28e+00   0.00e+00 (  1.85e+02,  1.90e+02)
40      0.103   3.16e-01   2.81e-01   8.39e-02   1.28e+00   0.00e+00 (  1.73e+02,  1.99e+02)
45      0.113   3.41e-01   3.30e-01   1.09e-01   1.50e+00   0.00e+00 (  1.68e+02,  2.06e+02)
50      0.131   3.78e-01   4.06e-01   2.22e-01   1.82e+00   0.00e+00 (  1.62e+02,  2.08e+02)
55      0.161   4.33e-01   5.47e-01   3.02e-01   2.34e+00   0.00e+00 (  1.64e+02,  2.08e+02)
60      0.135   4.04e-01   5.06e-01   3.28e-01   2.03e+00   0.00e+00 (  1.33e+02,  2.03e+02)
65      0.165   4.50e-01   6.34e-01   4.43e-01   2.58e+00   0.00e+00 (  1.23e+02,  1.95e+02)
70      0.173   4.60e-01   6.90e-01   5.24e-01   2.78e+00   0.00e+00 (  1.08e+02,  1.83e+02)
75      0.183   4.67e-01   7.43e-01   6.00e-01   3.02e+00   0.00e+00 (  9.58e+01,  1.70e+02)
80      0.196   4.56e-01   7.77e-01   6.20e-01   3.42e+00   0.00e+00 (  7.79e+01,  1.55e+02)
85      0.271   6.55e-01   9.18e-01   6.20e-01   6.00e+00   0.00e+00 (  8.19e+01,  1.39e+02)
90      0.883   2.06e+00   2.60e+00   1.43e+00   3.98e+01   0.00e+00 (  6.30e+02,  1.23e+02)
95      0.510   8.92e-01   1.28e+00   9.18e-01   4.34e+01   0.00e+00 (  6.97e+02,  1.08e+02)
49 e: 5.369e-05 i: 4.577e-05 :: e: 1.081e-02 i: 1.536e-02 :: n: 3.012e+01 e:23.865 i:26.864 v:4.993e+03
 plasma volume = 151.416994
 stored energy(e,i,b,a) = 6.926347e+01 6.646559e+01 0.000000e+00 0.000000e+00
 betan = 1.518466
*power
 Pnb(e,i) = 0.000000e+00 0.000000e+00
 Prf(e,i) = 1.161155e+01 2.838710e+01
 Prad     = -7.826087e+01 
 Pei      = 1.016161e+01 
 Pfuse    = 7.196601e+01 
 Pfusi    = 2.390241e+01 
 Poh      = 0.000000e+00 
*confinement time
 taut, tauITER98y2, H98y2 : 2.356153e+00 2.014962e+00 1.169329e+00
 taue, taui : 4.474873e+00 4.837099e+00
 taut, tau89, H89 : 2.356153e+00 9.235147e-01 2.551289e+00
*temperature
 nea, nebar : 2.054199e+01 2.349226e+01 
 tea, tia : 8.156703e+00 8.585061e+00 (9.501043e-01)
 te0, ti0 : 2.117578e+01 2.657904e+01 (7.967097e-01)
 Sn : 0.000000e+00 
*current balance
 Ip,Ibs,Inb,Irf: 1.000000e+01 2.350637e+00 0.000000e+00 3.380191e-01
 fni,fbs: 0.269 0.235

 plasma volume = 151.416994
 stored energy(e,i,b,a) = 6.926347e+01 6.646559e+01 0.000000e+00 0.000000e+00
 betan = 1.518466
*power
 Pnb(e,i) = 0.000000e+00 0.000000e+00
 Prf(e,i) = 1.161155e+01 2.838710e+01
 Prad     = -7.826087e+01 
 Pei      = 1.016161e+01 
 Pfuse    = 7.196601e+01 
 Pfusi    = 2.390241e+01 
 Poh      = 0.000000e+00 
*confinement time
 taut, tauITER98y2, H98y2 : 2.356153e+00 2.014962e+00 1.169329e+00
 taue, taui : 4.474873e+00 4.837099e+00
 taut, tau89, H89 : 2.356153e+00 9.235147e-01 2.551289e+00
*temperature
 nea, nebar : 2.054199e+01 2.349226e+01 
 tea, tia : 8.156703e+00 8.585061e+00 (9.501043e-01)
 te0, ti0 : 2.117578e+01 2.657904e+01 (7.967097e-01)
 Sn : 0.000000e+00 
*current balance
 Ip,Ibs,Inb,Irf: 1.000000e+01 2.350637e+00 0.000000e+00 3.380191e-01
 fni,fbs: 0.269 0.235
 ELAPASED TIME = 47 sec

finalize
