NCAPTC: : NetCDF: Variable not found
Warning: ieee_overflow is signaling
Warning: ieee_underflow is signaling
Warning: ieee_inexact is signaling
FORTRAN STOP
 solver
 /global/common/software/atom/perlmutter/data/greentable/
 /global/common/software/atom/perlmutter/data/greentable/

          EFITD Version  07/09/2014


 type mode (2=file, 3=snap, 4=time, 5=input, 6=com file, 7=snap_ext):

 number of time slices?

 type input file names:
 #
 table_dir = </global/common/software/atom/perlmutter/data/greentable/>

  ----- time =     1 ms ----- ( 0)
 it=  1 chi2=0.00E+00 zm= 7.53E-03 err=5.202E+00 dz= 7.535E-03 chigam= 0.00E+00
 it=  2 chi2=0.00E+00 zm= 1.09E-02 err=8.922E-01 dz= 3.371E-03 chigam= 0.00E+00
 it=  3 chi2=0.00E+00 zm= 1.34E-02 err=5.109E-01 dz= 2.530E-03 chigam= 0.00E+00
 it=  4 chi2=0.00E+00 zm= 1.53E-02 err=2.990E-01 dz= 1.892E-03 chigam= 0.00E+00
 it=  5 chi2=0.00E+00 zm= 1.68E-02 err=1.754E-01 dz= 1.427E-03 chigam= 0.00E+00
 it=  6 chi2=0.00E+00 zm= 1.78E-02 err=1.109E-01 dz= 1.082E-03 chigam= 0.00E+00
 it=  7 chi2=0.00E+00 zm= 1.86E-02 err=6.145E-02 dz= 8.015E-04 chigam= 0.00E+00
 it=  8 chi2=0.00E+00 zm= 1.92E-02 err=3.819E-02 dz= 5.953E-04 chigam= 0.00E+00
 it=  9 chi2=0.00E+00 zm= 1.97E-02 err=2.483E-02 dz= 4.365E-04 chigam= 0.00E+00
 it= 10 chi2=0.00E+00 zm= 2.00E-02 err=1.663E-02 dz= 3.209E-04 chigam= 0.00E+00
 it= 11 chi2=0.00E+00 zm= 2.02E-02 err=9.821E-03 dz= 2.349E-04 chigam= 0.00E+00
 it= 12 chi2=0.00E+00 zm= 2.04E-02 err=5.630E-03 dz= 1.694E-04 chigam= 0.00E+00
 it= 13 chi2=0.00E+00 zm= 2.05E-02 err=3.832E-03 dz= 1.232E-04 chigam= 0.00E+00
 it= 14 chi2=0.00E+00 zm= 2.06E-02 err=2.622E-03 dz= 8.951E-05 chigam= 0.00E+00
 it= 15 chi2=0.00E+00 zm= 2.07E-02 err=1.802E-03 dz= 6.497E-05 chigam= 0.00E+00
 it= 16 chi2=0.00E+00 zm= 2.07E-02 err=1.243E-03 dz= 4.713E-05 chigam= 0.00E+00
 it= 17 chi2=0.00E+00 zm= 2.08E-02 err=8.603E-04 dz= 3.418E-05 chigam= 0.00E+00
 it= 18 chi2=0.00E+00 zm= 2.08E-02 err=5.971E-04 dz= 2.478E-05 chigam= 0.00E+00
 it= 19 chi2=0.00E+00 zm= 2.08E-02 err=4.154E-04 dz= 1.797E-05 chigam= 0.00E+00
 it= 20 chi2=0.00E+00 zm= 2.08E-02 err=2.898E-04 dz= 1.303E-05 chigam= 0.00E+00
 it= 21 chi2=0.00E+00 zm= 2.08E-02 err=2.026E-04 dz= 9.445E-06 chigam= 0.00E+00
 it= 22 chi2=0.00E+00 zm= 2.08E-02 err=1.420E-04 dz= 6.849E-06 chigam= 0.00E+00
 it= 23 chi2=0.00E+00 zm= 2.08E-02 err=9.973E-05 dz= 4.969E-06 chigam= 0.00E+00

      ******************** EFITD129 x 129  output ********************

       data used:   
  0 flux loops
  0 magnetic probes(i)
  0 full rogowski
  0 diamagnetic loop


 shot #   =          1 time(ms) =          1 chi**2   =  0.000E+00
 betat(%) =      1.269 betap    =      0.644 li       =      0.856
 vol(cm3) =  0.781E+07 rout(cm) =    172.216 zout(cm) =      0.745
 elong    =      1.351 utriang  =     -0.371 ltriang  =     -0.307
 a(cm)    =     41.446 lin(cm)  = ********** lout(cm) =     10.514
 ltop(cm) = ********** q*       =      2.342 rc(cm)   =    177.117
 zc(cm)   =      1.817 bt0(t)   =      2.000 qout     =      2.225
