NCAPTC: : NetCDF: Variable not found
Warning: ieee_overflow is signaling
Warning: ieee_underflow is signaling
Warning: ieee_inexact is signaling
FORTRAN STOP
 solver
 /global/common/software/atom/perlmutter/data/greentable/
 /global/common/software/atom/perlmutter/data/greentable/

          EFITD Version  07/09/2014


 type mode (2=file, 3=snap, 4=time, 5=input, 6=com file, 7=snap_ext):

 number of time slices?

 type input file names:
 #
 table_dir = </global/common/software/atom/perlmutter/data/greentable/>

  ----- time =     4 ms ----- ( 0)
 it=  1 chi2=0.00E+00 zm= 7.53E-03 err=5.202E+00 dz= 7.535E-03 chigam= 0.00E+00
 it=  2 chi2=0.00E+00 zm= 1.09E-02 err=8.862E-01 dz= 3.357E-03 chigam= 0.00E+00
 it=  3 chi2=0.00E+00 zm= 1.34E-02 err=5.058E-01 dz= 2.517E-03 chigam= 0.00E+00
 it=  4 chi2=0.00E+00 zm= 1.53E-02 err=2.960E-01 dz= 1.882E-03 chigam= 0.00E+00
 it=  5 chi2=0.00E+00 zm= 1.67E-02 err=1.736E-01 dz= 1.419E-03 chigam= 0.00E+00
 it=  6 chi2=0.00E+00 zm= 1.78E-02 err=1.091E-01 dz= 1.077E-03 chigam= 0.00E+00
 it=  7 chi2=0.00E+00 zm= 1.86E-02 err=6.125E-02 dz= 7.973E-04 chigam= 0.00E+00
 it=  8 chi2=0.00E+00 zm= 1.92E-02 err=3.807E-02 dz= 5.952E-04 chigam= 0.00E+00
 it=  9 chi2=0.00E+00 zm= 1.96E-02 err=2.456E-02 dz= 4.361E-04 chigam= 0.00E+00
 it= 10 chi2=0.00E+00 zm= 1.99E-02 err=1.770E-02 dz= 3.191E-04 chigam= 0.00E+00
 it= 11 chi2=0.00E+00 zm= 2.02E-02 err=1.192E-02 dz= 2.291E-04 chigam= 0.00E+00
 it= 12 chi2=0.00E+00 zm= 2.03E-02 err=7.373E-03 dz= 1.709E-04 chigam= 0.00E+00
 it= 13 chi2=0.00E+00 zm= 2.05E-02 err=4.320E-03 dz= 1.246E-04 chigam= 0.00E+00
 it= 14 chi2=0.00E+00 zm= 2.05E-02 err=2.847E-03 dz= 9.073E-05 chigam= 0.00E+00
 it= 15 chi2=0.00E+00 zm= 2.06E-02 err=1.914E-03 dz= 6.595E-05 chigam= 0.00E+00
 it= 16 chi2=0.00E+00 zm= 2.07E-02 err=1.298E-03 dz= 4.789E-05 chigam= 0.00E+00
 it= 17 chi2=0.00E+00 zm= 2.07E-02 err=8.857E-04 dz= 3.475E-05 chigam= 0.00E+00
 it= 18 chi2=0.00E+00 zm= 2.07E-02 err=6.082E-04 dz= 2.520E-05 chigam= 0.00E+00
 it= 19 chi2=0.00E+00 zm= 2.07E-02 err=4.200E-04 dz= 1.828E-05 chigam= 0.00E+00
 it= 20 chi2=0.00E+00 zm= 2.08E-02 err=2.913E-04 dz= 1.325E-05 chigam= 0.00E+00
 it= 21 chi2=0.00E+00 zm= 2.08E-02 err=2.029E-04 dz= 9.605E-06 chigam= 0.00E+00
 it= 22 chi2=0.00E+00 zm= 2.08E-02 err=1.418E-04 dz= 6.963E-06 chigam= 0.00E+00
 it= 23 chi2=0.00E+00 zm= 2.08E-02 err=9.940E-05 dz= 5.051E-06 chigam= 0.00E+00

      ******************** EFITD129 x 129  output ********************

       data used:   
  0 flux loops
  0 magnetic probes(i)
  0 full rogowski
  0 diamagnetic loop


 shot #   =          1 time(ms) =          4 chi**2   =  0.000E+00
 betat(%) =      1.237 betap    =      0.627 li       =      0.856
 vol(cm3) =  0.780E+07 rout(cm) =    172.208 zout(cm) =      0.749
 elong    =      1.350 utriang  =     -0.371 ltriang  =     -0.307
 a(cm)    =     41.439 lin(cm)  = ********** lout(cm) =     10.529
 ltop(cm) = ********** q*       =      2.337 rc(cm)   =    177.031
 zc(cm)   =      1.814 bt0(t)   =      2.000 qout     =      2.222
