
 running toray 1.9 (12 July 2012)

  resetting kj=          102  (           52 )
 Reading in namelist from toray.in ... 

 Ray pattern = .gauss.   Number of rays =            48

 running GAFIT version 4.0 (12 July 2012)

 no GAFIT namelist input - using defaults

  TorGA_read_psiin:: nr =           129  (           65 )
  TorGA_read_psiin:: nz =           129  (           65 )
 Ray=   1  ISTOP= 1   IFLAG= 2  AT     0.541814E+03   -0.358917E+02    0.127343E+03
 Ray=   2  ISTOP= 1   IFLAG= 2  AT     0.540932E+03   -0.384340E+02    0.127222E+03
 Ray=   3  ISTOP= 1   IFLAG= 2  AT     0.540698E+03   -0.366073E+02    0.130694E+03
 Ray=   4  ISTOP= 1   IFLAG= 2  AT     0.542578E+03   -0.338817E+02    0.129694E+03
 Ray=   5  ISTOP= 1   IFLAG= 2  AT     0.544517E+03   -0.341197E+02    0.125748E+03
 Ray=   6  ISTOP= 7   IFLAG= 2  AT     0.533072E+03   -0.350196E+02    0.121740E+03
 Ray=   7  ISTOP= 7   IFLAG= 2  AT     0.529305E+03   -0.365839E+02    0.119060E+03
 Ray=   8  ISTOP= 7   IFLAG= 2  AT     0.532011E+03   -0.387286E+02    0.122516E+03
 Ray=   9  ISTOP= 1   IFLAG= 2  AT     0.540994E+03   -0.409899E+02    0.128508E+03
 Ray=  10  ISTOP= 1   IFLAG= 2  AT     0.539231E+03   -0.396086E+02    0.131482E+03
 Ray=  11  ISTOP= 1   IFLAG= 2  AT     0.539103E+03   -0.374382E+02    0.133637E+03
 Ray=  12  ISTOP= 1   IFLAG= 2  AT     0.538960E+03   -0.347216E+02    0.133852E+03
 Ray=  13  ISTOP= 1   IFLAG= 2  AT     0.539767E+03   -0.323584E+02    0.132374E+03
 Ray=  14  ISTOP= 1   IFLAG= 2  AT     0.541972E+03   -0.310648E+02    0.129819E+03
 Ray=  15  ISTOP= 1   IFLAG= 2  AT     0.543961E+03   -0.310227E+02    0.126552E+03
 Ray=  16  ISTOP= 7   IFLAG= 2  AT     0.533729E+03   -0.304355E+02    0.120782E+03
 Ray=  17  ISTOP= 7   IFLAG= 2  AT     0.530459E+03   -0.319194E+02    0.118131E+03
 Ray=  18  ISTOP= 7   IFLAG= 2  AT     0.529122E+03   -0.341917E+02    0.117580E+03
 Ray=  19  ISTOP= 7   IFLAG= 2  AT     0.525310E+03   -0.353119E+02    0.113988E+03
 Ray=  20  ISTOP= 7   IFLAG= 2  AT     0.526418E+03   -0.387613E+02    0.117270E+03
 Ray=  21  ISTOP= 7   IFLAG= 2  AT     0.531049E+03   -0.415484E+02    0.123193E+03
 Ray=  22  ISTOP= 1   IFLAG= 2  AT     0.539593E+03   -0.432120E+02    0.131215E+03
 Ray=  23  ISTOP= 1   IFLAG= 2  AT     0.536128E+03   -0.401211E+02    0.134925E+03
 Ray=  24  ISTOP= 1   IFLAG= 2  AT     0.535226E+03   -0.362003E+02    0.136900E+03
 Ray=  25  ISTOP= 1   IFLAG= 2  AT     0.535372E+03   -0.321083E+02    0.136053E+03
 Ray=  26  ISTOP= 1   IFLAG= 2  AT     0.538272E+03   -0.291749E+02    0.133245E+03
 Ray=  27  ISTOP= 1   IFLAG= 2  AT     0.542377E+03   -0.279973E+02    0.128937E+03
 Ray=  28  ISTOP= 7   IFLAG= 2  AT     0.537070E+03   -0.276014E+02    0.121941E+03
 Ray=  29  ISTOP= 7   IFLAG= 2  AT     0.529324E+03   -0.286997E+02    0.116079E+03
 Ray=  30  ISTOP= 7   IFLAG= 2  AT     0.526321E+03   -0.316743E+02    0.113552E+03
 Ray=  31  ISTOP= 7   IFLAG= 2  AT     0.519761E+03   -0.368832E+02    0.109226E+03
 Ray=  32  ISTOP= 7   IFLAG= 2  AT     0.521364E+03   -0.403683E+02    0.112706E+03
 Ray=  33  ISTOP= 7   IFLAG= 2  AT     0.524614E+03   -0.433528E+02    0.117833E+03
 Ray=  34  ISTOP= 7   IFLAG= 2  AT     0.529820E+03   -0.456180E+02    0.124443E+03
 Ray=  35  ISTOP= 1   IFLAG= 2  AT     0.538775E+03   -0.473872E+02    0.132887E+03
 Ray=  36  ISTOP= 1   IFLAG= 2  AT     0.534310E+03   -0.443742E+02    0.136892E+03
 Ray=  37  ISTOP= 1   IFLAG= 2  AT     0.531895E+03   -0.407131E+02    0.140087E+03
 Ray=  38  ISTOP= 1   IFLAG= 2  AT     0.528257E+03   -0.360784E+02    0.140759E+03
 Ray=  39  ISTOP= 1   IFLAG= 2  AT     0.529772E+03   -0.322133E+02    0.141158E+03
 Ray=  40  ISTOP= 1   IFLAG= 2  AT     0.532731E+03   -0.287226E+02    0.139872E+03
 Ray=  41  ISTOP= 1   IFLAG= 2  AT     0.536120E+03   -0.258925E+02    0.136833E+03
 Ray=  42  ISTOP= 1   IFLAG= 2  AT     0.539838E+03   -0.241287E+02    0.132565E+03
 Ray=  43  ISTOP= 1   IFLAG= 2  AT     0.543866E+03   -0.237317E+02    0.127694E+03
 Ray=  44  ISTOP= 7   IFLAG= 2  AT     0.533544E+03   -0.231115E+02    0.119541E+03
 Ray=  45  ISTOP= 7   IFLAG= 2  AT     0.527802E+03   -0.242536E+02    0.113825E+03
 Ray=  46  ISTOP= 7   IFLAG= 2  AT     0.523736E+03   -0.265491E+02    0.109875E+03
 Ray=  47  ISTOP= 7   IFLAG= 2  AT     0.521231E+03   -0.296781E+02    0.107791E+03
 Ray=  48  ISTOP= 7   IFLAG= 2  AT     0.519682E+03   -0.331995E+02    0.107548E+03
 TorGa_wrtnetcdf,  kopt=            1
 TorGa_wrtnetcdf,  kopt=            0

 TORAY-GA         total CPU time       1.93 sec

