NCAPTC: : NetCDF: Variable not found
Warning: ieee_overflow is signaling
Warning: ieee_underflow is signaling
Warning: ieee_inexact is signaling
FORTRAN STOP
 solver
 /global/common/software/atom/perlmutter/data/greentable/
 /global/common/software/atom/perlmutter/data/greentable/

          EFITD Version  07/09/2014


 type mode (2=file, 3=snap, 4=time, 5=input, 6=com file, 7=snap_ext):

 number of time slices?

 type input file names:
 #
 table_dir = </global/common/software/atom/perlmutter/data/greentable/>

  ----- time =     2 ms ----- ( 0)
 it=  1 chi2=0.00E+00 zm= 7.53E-03 err=5.202E+00 dz= 7.535E-03 chigam= 0.00E+00
 it=  2 chi2=0.00E+00 zm= 1.08E-02 err=8.865E-01 dz= 3.261E-03 chigam= 0.00E+00
 it=  3 chi2=0.00E+00 zm= 1.32E-02 err=4.976E-01 dz= 2.440E-03 chigam= 0.00E+00
 it=  4 chi2=0.00E+00 zm= 1.51E-02 err=2.897E-01 dz= 1.828E-03 chigam= 0.00E+00
 it=  5 chi2=0.00E+00 zm= 1.65E-02 err=1.716E-01 dz= 1.390E-03 chigam= 0.00E+00
 it=  6 chi2=0.00E+00 zm= 1.75E-02 err=1.105E-01 dz= 1.067E-03 chigam= 0.00E+00
 it=  7 chi2=0.00E+00 zm= 1.83E-02 err=6.354E-02 dz= 7.966E-04 chigam= 0.00E+00
 it=  8 chi2=0.00E+00 zm= 1.89E-02 err=3.508E-02 dz= 5.896E-04 chigam= 0.00E+00
 it=  9 chi2=0.00E+00 zm= 1.93E-02 err=2.680E-02 dz= 4.419E-04 chigam= 0.00E+00
 it= 10 chi2=0.00E+00 zm= 1.97E-02 err=1.741E-02 dz= 3.268E-04 chigam= 0.00E+00
 it= 11 chi2=0.00E+00 zm= 1.99E-02 err=1.194E-02 dz= 2.361E-04 chigam= 0.00E+00
 it= 12 chi2=0.00E+00 zm= 2.01E-02 err=7.348E-03 dz= 1.771E-04 chigam= 0.00E+00
 it= 13 chi2=0.00E+00 zm= 2.02E-02 err=4.638E-03 dz= 1.300E-04 chigam= 0.00E+00
 it= 14 chi2=0.00E+00 zm= 2.03E-02 err=3.114E-03 dz= 9.522E-05 chigam= 0.00E+00
 it= 15 chi2=0.00E+00 zm= 2.04E-02 err=2.105E-03 dz= 6.959E-05 chigam= 0.00E+00
 it= 16 chi2=0.00E+00 zm= 2.04E-02 err=1.432E-03 dz= 5.078E-05 chigam= 0.00E+00
 it= 17 chi2=0.00E+00 zm= 2.05E-02 err=9.801E-04 dz= 3.702E-05 chigam= 0.00E+00
 it= 18 chi2=0.00E+00 zm= 2.05E-02 err=6.740E-04 dz= 2.696E-05 chigam= 0.00E+00
 it= 19 chi2=0.00E+00 zm= 2.05E-02 err=4.655E-04 dz= 1.962E-05 chigam= 0.00E+00
 it= 20 chi2=0.00E+00 zm= 2.05E-02 err=3.229E-04 dz= 1.428E-05 chigam= 0.00E+00
 it= 21 chi2=0.00E+00 zm= 2.05E-02 err=2.248E-04 dz= 1.038E-05 chigam= 0.00E+00
 it= 22 chi2=0.00E+00 zm= 2.06E-02 err=1.570E-04 dz= 7.550E-06 chigam= 0.00E+00
 it= 23 chi2=0.00E+00 zm= 2.06E-02 err=1.100E-04 dz= 5.491E-06 chigam= 0.00E+00
 it= 24 chi2=0.00E+00 zm= 2.06E-02 err=7.730E-05 dz= 3.991E-06 chigam= 0.00E+00

      ******************** EFITD129 x 129  output ********************

       data used:   
  0 flux loops
  0 magnetic probes(i)
  0 full rogowski
  0 diamagnetic loop


 shot #   =          1 time(ms) =          2 chi**2   =  0.000E+00
 betat(%) =      1.228 betap    =      0.623 li       =      0.857
 vol(cm3) =  0.780E+07 rout(cm) =    172.214 zout(cm) =      0.750
 elong    =      1.350 utriang  =     -0.371 ltriang  =     -0.307
 a(cm)    =     41.445 lin(cm)  = ********** lout(cm) =     10.516
 ltop(cm) = ********** q*       =      2.337 rc(cm)   =    177.044
 zc(cm)   =      1.820 bt0(t)   =      2.000 qout     =      2.221
