NCAPTC: : NetCDF: Variable not found
Warning: ieee_overflow is signaling
Warning: ieee_underflow is signaling
Warning: ieee_inexact is signaling
FORTRAN STOP
 solver
 /global/common/software/atom/perlmutter/data/greentable/
 /global/common/software/atom/perlmutter/data/greentable/

          EFITD Version  07/09/2014


 type mode (2=file, 3=snap, 4=time, 5=input, 6=com file, 7=snap_ext):

 number of time slices?

 type input file names:
 #
 table_dir = </global/common/software/atom/perlmutter/data/greentable/>

  ----- time =     1 ms ----- ( 0)
 it=  1 chi2=0.00E+00 zm= 7.53E-03 err=5.202E+00 dz= 7.535E-03 chigam= 0.00E+00
 it=  2 chi2=0.00E+00 zm= 1.09E-02 err=8.667E-01 dz= 3.387E-03 chigam= 0.00E+00
 it=  3 chi2=0.00E+00 zm= 1.35E-02 err=5.037E-01 dz= 2.558E-03 chigam= 0.00E+00
 it=  4 chi2=0.00E+00 zm= 1.54E-02 err=3.006E-01 dz= 1.939E-03 chigam= 0.00E+00
 it=  5 chi2=0.00E+00 zm= 1.69E-02 err=1.773E-01 dz= 1.472E-03 chigam= 0.00E+00
 it=  6 chi2=0.00E+00 zm= 1.80E-02 err=1.103E-01 dz= 1.125E-03 chigam= 0.00E+00
 it=  7 chi2=0.00E+00 zm= 1.89E-02 err=7.375E-02 dz= 8.587E-04 chigam= 0.00E+00
 it=  8 chi2=0.00E+00 zm= 1.95E-02 err=3.954E-02 dz= 6.401E-04 chigam= 0.00E+00
 it=  9 chi2=0.00E+00 zm= 2.00E-02 err=2.563E-02 dz= 4.823E-04 chigam= 0.00E+00
 it= 10 chi2=0.00E+00 zm= 2.04E-02 err=1.592E-02 dz= 3.604E-04 chigam= 0.00E+00
 it= 11 chi2=0.00E+00 zm= 2.06E-02 err=1.108E-02 dz= 2.694E-04 chigam= 0.00E+00
 it= 12 chi2=0.00E+00 zm= 2.08E-02 err=7.378E-03 dz= 1.998E-04 chigam= 0.00E+00
 it= 13 chi2=0.00E+00 zm= 2.10E-02 err=4.966E-03 dz= 1.477E-04 chigam= 0.00E+00
 it= 14 chi2=0.00E+00 zm= 2.11E-02 err=3.375E-03 dz= 1.090E-04 chigam= 0.00E+00
 it= 15 chi2=0.00E+00 zm= 2.12E-02 err=2.312E-03 dz= 8.024E-05 chigam= 0.00E+00
 it= 16 chi2=0.00E+00 zm= 2.12E-02 err=1.594E-03 dz= 5.900E-05 chigam= 0.00E+00
 it= 17 chi2=0.00E+00 zm= 2.13E-02 err=1.105E-03 dz= 4.333E-05 chigam= 0.00E+00
 it= 18 chi2=0.00E+00 zm= 2.13E-02 err=2.691E-03 dz= 3.648E-05 chigam= 0.00E+00
 it= 19 chi2=0.00E+00 zm= 2.13E-02 err=1.603E-03 dz= 2.750E-05 chigam= 0.00E+00
 it= 20 chi2=0.00E+00 zm= 2.13E-02 err=9.699E-04 dz= 2.060E-05 chigam= 0.00E+00
 it= 21 chi2=0.00E+00 zm= 2.14E-02 err=5.972E-04 dz= 1.536E-05 chigam= 0.00E+00
 it= 22 chi2=0.00E+00 zm= 2.14E-02 err=3.745E-04 dz= 1.140E-05 chigam= 0.00E+00
 it= 23 chi2=0.00E+00 zm= 2.14E-02 err=2.393E-04 dz= 8.435E-06 chigam= 0.00E+00
 it= 24 chi2=0.00E+00 zm= 2.14E-02 err=1.559E-04 dz= 6.228E-06 chigam= 0.00E+00
 it= 25 chi2=0.00E+00 zm= 2.14E-02 err=1.033E-04 dz= 4.590E-06 chigam= 0.00E+00
 it= 26 chi2=0.00E+00 zm= 2.14E-02 err=6.962E-05 dz= 3.377E-06 chigam= 0.00E+00

      ******************** EFITD129 x 129  output ********************

       data used:   
  0 flux loops
  0 magnetic probes(i)
  0 full rogowski
  0 diamagnetic loop


 shot #   =          1 time(ms) =          1 chi**2   =  0.000E+00
 betat(%) =      1.178 betap    =      0.595 li       =      0.861
 vol(cm3) =  0.778E+07 rout(cm) =    172.199 zout(cm) =      0.814
 elong    =      1.346 utriang  =     -0.372 ltriang  =     -0.307
 a(cm)    =     41.430 lin(cm)  = ********** lout(cm) =     10.547
 ltop(cm) = ********** q*       =      2.321 rc(cm)   =    176.820
 zc(cm)   =      1.863 bt0(t)   =      2.000 qout     =      2.214
