========================================================================
= FASTRAN

nonlinear model = 0
ichi = 1
ineo = 0
reading state...
read formatted input, inprof...
init geometry...
read formatted input, inmetric...
nrho in inmetric = 101
rhob in inmetric = 1.266642e+00
solve avg grad-shafranv...
solve_avg_gs::Ip_temp = 1.001044e+01 
solve_avg_gs::Ip      = 1.000000e+01 
>>> tau_he = 5.000000, nhe(0)=3.780021e+00

 plasma volume = 149.769300
 stored energy(e,i,b,a) = 7.084926e+01 6.551171e+01 0.000000e+00 0.000000e+00
 betan = 1.538773
*power
 Pnb(e,i) = 0.000000e+00 0.000000e+00
 Prf(e,i) = 3.536970e+00 1.646959e+01
 Prad     = -2.673073e+01 
 Pei      = -5.522248e+00 
 Pfuse    = 7.366364e+01 
 Pfusi    = 2.405769e+01 
 Poh      = 0.000000e+00 
*confinement time
 taut, tauITER98y2, H98y2 : 1.498519e+00 1.507876e+00 9.937949e-01
 taue, taui : 1.576262e+00 2.214734e+00
 taut, tau89, H89 : 1.498519e+00 7.377198e-01 2.031285e+00
*temperature
 nea, nebar : 2.168993e+01 2.537913e+01 
 tea, tia : 7.836212e+00 7.760044e+00 (1.009815e+00)
 te0, ti0 : 2.068673e+01 2.246812e+01 (9.207148e-01)
 Sn : 1.999562e+03 
*current balance
 Ip,Ibs,Inb,Irf: 1.000000e+01 2.479990e+00 0.000000e+00 8.586397e-02
 fni,fbs: 0.257 0.248

Time advancing...
rho_bdry 0.900000 ...
te_bdry = 5.000307
ti_bdry = 5.000307
ne_bdry = 16.078026
rv_bdry = 279.463030
nrho_tr_bdry = 18
drho_bdry = 0.000000e+00
nrhob = 90
 [    0] t = 0.0000 
>>> tau_he = 5.000000, nhe(0)=3.785442e+00
 5     -0.025   4.37e-03   1.92e-01   9.62e-04  -3.72e-02   2.48e-07 (  8.09e-01,  5.72e+01)
10     -0.056   1.11e-02   3.93e-02  -4.46e-03  -1.63e-01   4.42e-06 (  3.98e+00,  1.12e+02)
15     -0.101   4.54e-02  -6.50e-02  -1.29e-04  -4.40e-01   5.40e-05 (  2.33e+01,  1.58e+02)
20     -0.109   1.29e-01  -5.26e-03   2.13e-02  -6.28e-01   5.01e-04 (  8.26e+01,  1.95e+02)
25     -0.080   1.58e-01   8.71e-02   2.20e-02  -5.72e-01   3.62e-03 (  1.16e+02,  2.23e+02)
30      0.019   2.10e-01   1.38e-01  -8.31e-03   1.95e-01   2.05e-02 (  1.65e+02,  2.43e+02)
35     -0.009   2.59e-01   1.83e-01   6.24e-02  -7.37e-02   9.21e-02 (  1.85e+02,  2.51e+02)
40      0.083   3.01e-01   2.83e-01   1.04e-01   1.11e+00   3.28e-01 (  1.90e+02,  2.49e+02)
45      0.090   3.28e-01   3.32e-01   1.13e-01   1.28e+00   9.36e-01 (  1.85e+02,  2.42e+02)
50      0.117   3.63e-01   4.34e-01   1.95e-01   2.30e+00   2.15e+00 (  1.80e+02,  2.30e+02)
55      0.169   4.38e-01   5.61e-01   2.57e-01   4.10e+00   4.05e+00 (  1.75e+02,  2.17e+02)
60      0.246   5.83e-01   7.02e-01   3.94e-01   6.42e+00   6.33e+00 (  1.74e+02,  2.05e+02)
65      0.327   7.84e-01   8.61e-01   5.19e-01   8.59e+00   8.41e+00 (  1.72e+02,  1.92e+02)
70      0.394   9.88e-01   1.02e+00   6.04e-01   1.01e+01   9.79e+00 (  1.67e+02,  1.80e+02)
75      0.433   1.12e+00   1.16e+00   6.58e-01   1.07e+01   1.03e+01 (  1.58e+02,  1.69e+02)
80      0.448   1.18e+00   1.27e+00   6.79e-01   1.09e+01   1.03e+01 (  1.51e+02,  1.58e+02)
85      0.392   9.97e-01   1.24e+00   7.26e-01   8.92e+00   9.92e+00 (  1.33e+02,  1.48e+02)
90      0.758   1.75e+00   2.56e+00   1.68e+00   2.49e+01   9.47e+00 (  5.42e+02,  1.39e+02)
95      0.844   1.43e+00   2.03e+00   1.51e+00   6.99e+01   9.08e+00 (  1.09e+03,  1.30e+02)
 0 n: 1.350e-09 e: 3.912e-07 i: 1.770e-06 :: e: 0.000e+00 i: 0.000e+00 :: n: 3.242e+01 e:20.715 i:22.422 v:4.993e+03
>>> tau_he = 5.000000, nhe(0)=3.780020e+00
 5     -0.023   4.34e-03   2.03e-01   8.54e-04  -3.37e-02   2.48e-07 (  7.99e-01,  5.72e+01)
10     -0.031   1.11e-02   3.65e-02  -5.41e-03  -9.14e-02   4.42e-06 (  4.06e+00,  1.12e+02)
15     -0.108   4.98e-02  -6.37e-02   1.09e-03  -4.73e-01   5.40e-05 (  2.60e+01,  1.58e+02)
20     -0.133   1.05e-01   1.35e-02   1.94e-02  -7.71e-01   5.01e-04 (  6.71e+01,  1.95e+02)
25     -0.087   1.59e-01   8.81e-02   2.28e-02  -6.13e-01   3.62e-03 (  1.17e+02,  2.23e+02)
30      0.029   2.03e-01   1.33e-01  -2.46e-03   3.19e-01   2.05e-02 (  1.58e+02,  2.43e+02)
35      0.088   3.20e-01   2.91e-01   1.38e-01   9.38e-01   9.21e-02 (  2.28e+02,  2.51e+02)
40      0.084   3.00e-01   2.82e-01   1.01e-01   1.12e+00   3.28e-01 (  1.89e+02,  2.49e+02)
45      0.089   3.30e-01   3.33e-01   1.16e-01   1.26e+00   9.36e-01 (  1.87e+02,  2.42e+02)
50      0.117   3.63e-01   4.33e-01   1.95e-01   2.30e+00   2.15e+00 (  1.80e+02,  2.30e+02)
55      0.169   4.38e-01   5.61e-01   2.57e-01   4.09e+00   4.05e+00 (  1.75e+02,  2.17e+02)
60      0.247   5.83e-01   7.02e-01   3.95e-01   6.42e+00   6.33e+00 (  1.74e+02,  2.05e+02)
65      0.327   7.84e-01   8.61e-01   5.19e-01   8.59e+00   8.41e+00 (  1.72e+02,  1.92e+02)
70      0.394   9.89e-01   1.02e+00   6.04e-01   1.01e+01   9.79e+00 (  1.67e+02,  1.80e+02)
75      0.432   1.12e+00   1.16e+00   6.57e-01   1.07e+01   1.03e+01 (  1.57e+02,  1.69e+02)
80      0.452   1.19e+00   1.28e+00   6.81e-01   1.10e+01   1.03e+01 (  1.52e+02,  1.58e+02)
85      0.378   9.58e-01   1.21e+00   7.20e-01   8.48e+00   9.92e+00 (  1.29e+02,  1.48e+02)
90      0.760   1.75e+00   2.57e+00   1.68e+00   2.50e+01   9.47e+00 (  5.43e+02,  1.39e+02)
95      0.844   1.43e+00   2.03e+00   1.51e+00   6.99e+01   9.08e+00 (  1.09e+03,  1.30e+02)
 1 n: 1.029e-03 e: 1.912e-02 i: 5.830e-02 :: e: 1.405e-02 i: 1.412e-02 :: n: 2.894e+01 e:23.389 i:24.009 v:4.993e+03
>>> tau_he = 5.000000, nhe(0)=3.295828e+00
 5   -176.124   6.01e-03   4.30e-01   1.86e-03  -9.05e-02   2.48e-07 (  2.32e+00,  5.72e+01)
10   -823.948   4.21e-02   4.82e-02  -8.01e-03  -1.96e+00   4.42e-06 (  3.20e+01,  1.12e+02)
15   -187.624   1.49e-01   5.61e-02   6.69e-02  -6.91e+00   5.40e-05 (  1.28e+02,  1.58e+02)
20     -8.928   3.68e-01   4.49e-01   3.48e-01  -3.90e+00   5.01e-04 (  2.81e+02,  1.95e+02)
25     -0.807   2.01e-01   1.54e-01   3.34e-02  -1.97e+00   3.62e-03 (  1.52e+02,  2.23e+02)
30     -0.400   2.54e-01   1.91e-01   1.02e-01  -1.58e+00   2.05e-02 (  1.81e+02,  2.43e+02)
35     -0.148   2.56e-01   2.00e-01   1.26e-01  -8.71e-01   9.21e-02 (  1.65e+02,  2.51e+02)
40     -0.102   3.01e-01   2.24e-01   2.05e-01  -5.50e-01   3.28e-01 (  1.78e+02,  2.49e+02)
45      0.003   3.16e-01   2.55e-01   1.97e-01   2.98e-02   9.36e-01 (  1.72e+02,  2.42e+02)
50      0.092   3.59e-01   3.85e-01   1.90e-01   1.50e+00   2.15e+00 (  1.72e+02,  2.30e+02)
55      0.144   4.14e-01   5.28e-01   2.46e-01   3.19e+00   4.05e+00 (  1.61e+02,  2.17e+02)
60      0.222   5.41e-01   6.64e-01   3.68e-01   5.50e+00   6.33e+00 (  1.58e+02,  2.05e+02)
65      0.306   7.37e-01   8.26e-01   5.02e-01   7.77e+00   8.41e+00 (  1.59e+02,  1.92e+02)
70      0.375   9.36e-01   9.86e-01   5.86e-01   9.34e+00   9.79e+00 (  1.56e+02,  1.80e+02)
75      0.412   1.06e+00   1.11e+00   6.38e-01   9.91e+00   1.03e+01 (  1.48e+02,  1.69e+02)
80      0.424   1.10e+00   1.21e+00   6.57e-01   1.00e+01   1.03e+01 (  1.40e+02,  1.58e+02)
85      0.365   9.25e-01   1.17e+00   6.98e-01   8.07e+00   9.92e+00 (  1.23e+02,  1.48e+02)
90      0.746   1.73e+00   2.54e+00   1.68e+00   2.42e+01   9.47e+00 (  5.34e+02,  1.39e+02)
95      0.844   1.43e+00   2.03e+00   1.51e+00   6.99e+01   9.08e+00 (  1.09e+03,  1.30e+02)
 2 n: 1.729e-04 e: 1.078e-03 i: 4.040e-03 :: e: 7.994e-02 i: 1.024e-01 :: n: 2.921e+01 e:23.010 i:24.696 v:4.993e+03
>>> tau_he = 5.000000, nhe(0)=3.408967e+00
 5   -205.964   7.48e-03   4.12e-01   1.88e-03  -1.08e-01   2.48e-07 (  3.08e+00,  5.72e+01)
10  -1132.679   6.10e-02   8.02e-02   2.36e-03  -2.74e+00   4.42e-06 (  4.91e+01,  1.12e+02)
15   -154.919   1.64e-01   9.05e-02   4.97e-02  -5.78e+00   5.40e-05 (  1.44e+02,  1.58e+02)
20     -9.918   3.38e-01   4.12e-01   2.61e-01  -4.40e+00   5.01e-04 (  2.58e+02,  1.95e+02)
25     -0.732   1.99e-01   1.47e-01  -5.49e-03  -1.92e+00   3.62e-03 (  1.52e+02,  2.23e+02)
30     -0.374   2.19e-01   1.65e-01   8.74e-02  -1.65e+00   2.05e-02 (  1.54e+02,  2.43e+02)
35     -0.089   2.41e-01   1.88e-01   1.08e-01  -5.84e-01   9.21e-02 (  1.50e+02,  2.51e+02)
40     -0.084   2.80e-01   2.19e-01   1.93e-01  -4.98e-01   3.28e-01 (  1.58e+02,  2.49e+02)
45      0.030   2.92e-01   2.46e-01   1.70e-01   3.00e-01   9.36e-01 (  1.50e+02,  2.42e+02)
50      0.094   3.33e-01   3.65e-01   1.79e-01   1.57e+00   2.15e+00 (  1.50e+02,  2.30e+02)
55      0.141   3.88e-01   5.00e-01   2.32e-01   3.16e+00   4.05e+00 (  1.43e+02,  2.17e+02)
60      0.216   5.20e-01   6.34e-01   3.52e-01   5.40e+00   6.33e+00 (  1.44e+02,  2.05e+02)
65      0.300   7.24e-01   7.97e-01   4.85e-01   7.66e+00   8.41e+00 (  1.48e+02,  1.92e+02)
70      0.370   9.34e-01   9.62e-01   5.72e-01   9.27e+00   9.79e+00 (  1.48e+02,  1.80e+02)
75      0.410   1.07e+00   1.10e+00   6.26e-01   9.94e+00   1.03e+01 (  1.42e+02,  1.69e+02)
80      0.427   1.13e+00   1.21e+00   6.48e-01   1.01e+01   1.03e+01 (  1.37e+02,  1.58e+02)
85      0.369   9.39e-01   1.16e+00   6.88e-01   8.20e+00   9.92e+00 (  1.19e+02,  1.48e+02)
90      0.745   1.72e+00   2.54e+00   1.67e+00   2.42e+01   9.47e+00 (  5.26e+02,  1.39e+02)
95      0.844   1.43e+00   2.03e+00   1.51e+00   6.99e+01   9.08e+00 (  1.09e+03,  1.30e+02)
 3 n: 7.937e-05 e: 3.122e-04 i: 2.258e-03 :: e: 7.980e-02 i: 1.045e-01 :: n: 2.947e+01 e:23.155 i:24.003 v:4.993e+03
>>> tau_he = 5.000000, nhe(0)=3.393779e+00
 5   -210.891   7.29e-03   3.98e-01   1.84e-03  -1.13e-01   2.48e-07 (  3.19e+00,  5.72e+01)
10  -1162.191   6.15e-02   8.47e-02   3.92e-03  -2.85e+00   4.42e-06 (  5.05e+01,  1.12e+02)
15   -144.535   1.59e-01   9.21e-02   5.26e-02  -5.46e+00   5.40e-05 (  1.39e+02,  1.58e+02)
20    -10.090   1.57e-01   1.25e-01   8.20e-03  -4.53e+00   5.01e-04 (  1.18e+02,  1.95e+02)
25     -0.671   2.01e-01   1.42e-01   4.67e-03  -1.87e+00   3.62e-03 (  1.57e+02,  2.23e+02)
30     -0.280   2.23e-01   1.62e-01   7.88e-02  -1.37e+00   2.05e-02 (  1.62e+02,  2.43e+02)
35     -0.069   2.45e-01   1.90e-01   1.01e-01  -5.00e-01   9.21e-02 (  1.58e+02,  2.51e+02)
40     -0.068   2.85e-01   2.25e-01   1.92e-01  -4.46e-01   3.28e-01 (  1.65e+02,  2.49e+02)
45      0.032   2.92e-01   2.55e-01   1.69e-01   3.40e-01   9.36e-01 (  1.53e+02,  2.42e+02)
50      0.095   3.37e-01   3.81e-01   1.84e-01   1.63e+00   2.15e+00 (  1.54e+02,  2.30e+02)
55      0.142   3.94e-01   5.08e-01   2.38e-01   3.24e+00   4.05e+00 (  1.46e+02,  2.17e+02)
60      0.224   5.39e-01   6.46e-01   3.65e-01   5.64e+00   6.33e+00 (  1.50e+02,  2.05e+02)
65      0.310   7.53e-01   8.12e-01   4.95e-01   7.99e+00   8.41e+00 (  1.54e+02,  1.92e+02)
70      0.362   9.15e-01   8.98e-01   5.50e-01   9.10e+00   9.79e+00 (  1.45e+02,  1.80e+02)
75      0.421   1.10e+00   1.11e+00   6.27e-01   1.03e+01   1.03e+01 (  1.45e+02,  1.69e+02)
80      0.437   1.16e+00   1.22e+00   6.43e-01   1.04e+01   1.03e+01 (  1.39e+02,  1.58e+02)
85      0.374   9.59e-01   1.16e+00   6.71e-01   8.34e+00   9.92e+00 (  1.20e+02,  1.48e+02)
90      0.742   1.72e+00   2.53e+00   1.66e+00   2.41e+01   9.47e+00 (  5.24e+02,  1.39e+02)
95      0.844   1.43e+00   2.03e+00   1.51e+00   6.99e+01   9.08e+00 (  1.09e+03,  1.30e+02)
 4 n: 8.740e-05 e: 5.577e-04 i: 1.052e-04 :: e: 4.446e-02 i: 6.865e-02 :: n: 2.971e+01 e:22.570 i:23.916 v:4.993e+03
>>> tau_he = 5.000000, nhe(0)=3.430760e+00
 5   -200.587   7.21e-03   3.98e-01   1.88e-03  -1.09e-01   2.48e-07 (  3.12e+00,  5.72e+01)
10  -1042.985   5.54e-02   7.41e-02   2.29e-04  -2.58e+00   4.42e-06 (  4.36e+01,  1.12e+02)
15   -133.937   1.51e-01   8.21e-02   5.10e-02  -5.11e+00   5.40e-05 (  1.25e+02,  1.58e+02)
20     -6.945   1.52e-01   1.21e-01   2.57e-02  -3.16e+00   5.01e-04 (  1.11e+02,  1.95e+02)
25     -0.613   1.91e-01   1.34e-01   1.53e-02  -1.81e+00   3.62e-03 (  1.45e+02,  2.23e+02)
30     -0.214   2.14e-01   1.52e-01   7.33e-02  -1.16e+00   2.05e-02 (  1.52e+02,  2.43e+02)
35     -0.039   2.35e-01   1.79e-01   8.52e-02  -3.11e-01   9.21e-02 (  1.49e+02,  2.51e+02)
40     -0.040   2.75e-01   2.15e-01   1.73e-01  -2.86e-01   3.28e-01 (  1.57e+02,  2.49e+02)
45      0.042   2.77e-01   2.48e-01   1.58e-01   4.83e-01   9.36e-01 (  1.43e+02,  2.42e+02)
50      0.096   3.28e-01   3.80e-01   1.84e-01   1.68e+00   2.15e+00 (  1.47e+02,  2.30e+02)
55      0.142   3.82e-01   4.95e-01   2.31e-01   3.27e+00   4.05e+00 (  1.39e+02,  2.17e+02)
60      0.219   5.23e-01   6.28e-01   3.53e-01   5.56e+00   6.33e+00 (  1.42e+02,  2.05e+02)
65      0.304   7.37e-01   7.90e-01   4.82e-01   7.85e+00   8.41e+00 (  1.46e+02,  1.92e+02)
70      0.378   9.64e-01   9.61e-01   5.69e-01   9.56e+00   9.79e+00 (  1.47e+02,  1.80e+02)
75      0.417   1.10e+00   1.09e+00   6.18e-01   1.02e+01   1.03e+01 (  1.40e+02,  1.69e+02)
80      0.435   1.17e+00   1.21e+00   6.37e-01   1.04e+01   1.03e+01 (  1.35e+02,  1.58e+02)
85      0.378   9.72e-01   1.17e+00   6.74e-01   8.44e+00   9.92e+00 (  1.17e+02,  1.48e+02)
90      0.743   1.72e+00   2.53e+00   1.66e+00   2.41e+01   9.47e+00 (  5.20e+02,  1.39e+02)
95      0.844   1.43e+00   2.03e+00   1.51e+00   6.99e+01   9.08e+00 (  1.09e+03,  1.30e+02)
 5 n: 4.733e-05 e: 1.053e-04 i: 2.538e-04 :: e: 3.966e-02 i: 6.273e-02 :: n: 2.994e+01 e:22.649 i:23.550 v:4.993e+03
>>> tau_he = 5.000000, nhe(0)=3.438173e+00
 5   -195.491   7.00e-03   3.96e-01   1.87e-03  -1.07e-01   2.48e-07 (  3.08e+00,  5.72e+01)
10   -996.679   5.15e-02   6.95e-02  -1.46e-03  -2.49e+00   4.42e-06 (  4.02e+01,  1.12e+02)
15   -129.185   1.48e-01   8.07e-02   5.38e-02  -4.97e+00   5.40e-05 (  1.21e+02,  1.58e+02)
20     -6.957   1.49e-01   1.20e-01   3.27e-02  -3.20e+00   5.01e-04 (  1.11e+02,  1.95e+02)
25     -0.576   1.83e-01   1.33e-01   2.10e-02  -1.79e+00   3.62e-03 (  1.40e+02,  2.23e+02)
30     -0.174   2.11e-01   1.52e-01   6.86e-02  -1.04e+00   2.05e-02 (  1.52e+02,  2.43e+02)
35     -0.002   2.34e-01   1.78e-01   9.25e-02  -2.14e-02   9.21e-02 (  1.51e+02,  2.51e+02)
40     -0.027   2.76e-01   2.21e-01   1.70e-01  -2.09e-01   3.28e-01 (  1.60e+02,  2.49e+02)
45      0.044   2.80e-01   2.58e-01   1.55e-01   5.23e-01   9.36e-01 (  1.47e+02,  2.42e+02)
50      0.098   3.35e-01   3.97e-01   1.90e-01   1.75e+00   2.15e+00 (  1.53e+02,  2.30e+02)
55      0.146   3.94e-01   5.09e-01   2.40e-01   3.39e+00   4.05e+00 (  1.45e+02,  2.17e+02)
60      0.227   5.45e-01   6.47e-01   3.69e-01   5.83e+00   6.33e+00 (  1.49e+02,  2.05e+02)
65      0.314   7.63e-01   8.10e-01   4.91e-01   8.15e+00   8.41e+00 (  1.53e+02,  1.92e+02)
70      0.368   9.38e-01   9.02e-01   5.49e-01   9.34e+00   9.79e+00 (  1.44e+02,  1.80e+02)
75      0.426   1.13e+00   1.11e+00   6.23e-01   1.04e+01   1.03e+01 (  1.44e+02,  1.69e+02)
80      0.443   1.19e+00   1.23e+00   6.36e-01   1.06e+01   1.03e+01 (  1.38e+02,  1.58e+02)
85      0.371   9.57e-01   1.14e+00   6.51e-01   8.29e+00   9.92e+00 (  1.16e+02,  1.48e+02)
90      0.741   1.72e+00   2.52e+00   1.65e+00   2.40e+01   9.47e+00 (  5.20e+02,  1.39e+02)
95      0.844   1.43e+00   2.03e+00   1.51e+00   6.99e+01   9.08e+00 (  1.09e+03,  1.30e+02)
 6 n: 5.880e-05 e: 1.734e-04 i: 6.906e-05 :: e: 3.532e-02 i: 5.275e-02 :: n: 3.015e+01 e:22.354 i:23.577 v:4.993e+03
>>> tau_he = 5.000000, nhe(0)=3.480804e+00
 5   -190.447   7.01e-03   4.00e-01   1.90e-03  -1.06e-01   2.48e-07 (  3.08e+00,  5.72e+01)
10   -931.645   4.81e-02   6.36e-02  -3.49e-03  -2.35e+00   4.42e-06 (  3.68e+01,  1.12e+02)
15   -121.582   1.46e-01   7.43e-02   5.13e-02  -4.71e+00   5.40e-05 (  1.16e+02,  1.58e+02)
20     -6.731   1.44e-01   1.16e-01   4.56e-02  -3.12e+00   5.01e-04 (  1.06e+02,  1.95e+02)
25     -0.525   1.78e-01   1.27e-01   2.45e-02  -1.71e+00   3.62e-03 (  1.35e+02,  2.23e+02)
30     -0.132   2.06e-01   1.45e-01   6.24e-02  -8.68e-01   2.05e-02 (  1.47e+02,  2.43e+02)
35      0.013   2.26e-01   1.70e-01   8.08e-02   1.27e-01   9.21e-02 (  1.46e+02,  2.51e+02)
40     -0.010   2.70e-01   2.14e-01   1.55e-01  -8.52e-02   3.28e-01 (  1.56e+02,  2.49e+02)
45      0.080   3.16e-01   3.18e-01   1.77e-01   9.84e-01   9.36e-01 (  1.65e+02,  2.42e+02)
50      0.099   3.30e-01   3.89e-01   1.85e-01   1.78e+00   2.15e+00 (  1.49e+02,  2.30e+02)
55      0.145   3.87e-01   5.01e-01   2.34e-01   3.41e+00   4.05e+00 (  1.41e+02,  2.17e+02)
60      0.224   5.32e-01   6.34e-01   3.60e-01   5.75e+00   6.33e+00 (  1.44e+02,  2.05e+02)
65      0.308   7.48e-01   7.94e-01   4.83e-01   8.02e+00   8.41e+00 (  1.47e+02,  1.92e+02)
70      0.363   9.30e-01   8.90e-01   5.43e-01   9.25e+00   9.79e+00 (  1.40e+02,  1.80e+02)
75      0.421   1.12e+00   1.10e+00   6.16e-01   1.03e+01   1.03e+01 (  1.40e+02,  1.69e+02)
80      0.439   1.18e+00   1.22e+00   6.32e-01   1.05e+01   1.03e+01 (  1.35e+02,  1.58e+02)
85      0.378   9.76e-01   1.16e+00   6.57e-01   8.45e+00   9.92e+00 (  1.15e+02,  1.48e+02)
90      0.741   1.72e+00   2.52e+00   1.65e+00   2.40e+01   9.47e+00 (  5.17e+02,  1.39e+02)
95      0.844   1.43e+00   2.03e+00   1.51e+00   6.99e+01   9.08e+00 (  1.09e+03,  1.30e+02)
 7 n: 9.668e-05 e: 9.548e-05 i: 8.444e-05 :: e: 3.218e-02 i: 5.149e-02 :: n: 3.032e+01 e:22.487 i:23.421 v:4.993e+03
>>> tau_he = 5.000000, nhe(0)=3.496889e+00
 5   -188.406   6.93e-03   4.01e-01   1.89e-03  -1.06e-01   2.48e-07 (  3.07e+00,  5.72e+01)
10   -908.085   4.59e-02   6.16e-02  -4.03e-03  -2.31e+00   4.42e-06 (  3.50e+01,  1.12e+02)
15   -119.332   1.45e-01   7.46e-02   5.33e-02  -4.65e+00   5.40e-05 (  1.14e+02,  1.58e+02)
20     -6.820   1.44e-01   1.16e-01   4.74e-02  -3.18e+00   5.01e-04 (  1.07e+02,  1.95e+02)
25     -0.506   1.78e-01   1.27e-01   2.44e-02  -1.72e+00   3.62e-03 (  1.36e+02,  2.23e+02)
30     -0.112   2.05e-01   1.46e-01   5.67e-02  -7.88e-01   2.05e-02 (  1.49e+02,  2.43e+02)
35      0.074   2.90e-01   2.67e-01   1.36e-01   8.04e-01   9.21e-02 (  1.91e+02,  2.51e+02)
40      0.002   2.70e-01   2.18e-01   1.49e-01   1.66e-02   3.28e-01 (  1.59e+02,  2.49e+02)
45      0.079   3.20e-01   3.24e-01   1.80e-01   9.72e-01   9.36e-01 (  1.70e+02,  2.42e+02)
50      0.100   3.37e-01   4.01e-01   1.90e-01   1.83e+00   2.15e+00 (  1.55e+02,  2.30e+02)
55      0.150   3.99e-01   5.16e-01   2.43e-01   3.54e+00   4.05e+00 (  1.48e+02,  2.17e+02)
60      0.231   5.51e-01   6.52e-01   3.74e-01   5.98e+00   6.33e+00 (  1.51e+02,  2.05e+02)
65      0.316   7.70e-01   8.13e-01   4.92e-01   8.28e+00   8.41e+00 (  1.54e+02,  1.92e+02)
70      0.373   9.55e-01   9.12e-01   5.54e-01   9.55e+00   9.79e+00 (  1.46e+02,  1.80e+02)
75      0.428   1.14e+00   1.11e+00   6.22e-01   1.05e+01   1.03e+01 (  1.44e+02,  1.69e+02)
80      0.445   1.20e+00   1.23e+00   6.34e-01   1.07e+01   1.03e+01 (  1.37e+02,  1.58e+02)
85      0.353   9.20e-01   1.10e+00   6.11e-01   7.91e+00   9.92e+00 (  1.10e+02,  1.48e+02)
90      0.740   1.72e+00   2.52e+00   1.65e+00   2.40e+01   9.47e+00 (  5.18e+02,  1.39e+02)
95      0.844   1.43e+00   2.03e+00   1.51e+00   6.99e+01   9.08e+00 (  1.09e+03,  1.30e+02)
 8 n: 1.081e-04 e: 5.855e-05 i: 7.216e-05 :: e: 3.099e-02 i: 4.584e-02 :: n: 3.045e+01 e:22.338 i:23.513 v:4.993e+03
>>> tau_he = 5.000000, nhe(0)=3.531017e+00
 5   -186.528   6.99e-03   4.06e-01   1.91e-03  -1.06e-01   2.48e-07 (  3.10e+00,  5.72e+01)
10   -875.119   4.44e-02   5.88e-02  -4.82e-03  -2.24e+00   4.42e-06 (  3.34e+01,  1.12e+02)
15   -115.296   1.45e-01   7.17e-02   5.15e-02  -4.51e+00   5.40e-05 (  1.12e+02,  1.58e+02)
20     -6.733   1.42e-01   1.14e-01   5.26e-02  -3.16e+00   5.01e-04 (  1.06e+02,  1.95e+02)
25     -0.473   1.76e-01   1.24e-01   2.42e-02  -1.67e+00   3.62e-03 (  1.35e+02,  2.23e+02)
30     -0.099   2.05e-01   1.43e-01   6.09e-02  -7.01e-01   2.05e-02 (  1.49e+02,  2.43e+02)
35      0.034   2.21e-01   1.60e-01   6.89e-02   3.64e-01   9.21e-02 (  1.45e+02,  2.51e+02)
40      0.063   3.08e-01   3.04e-01   1.72e-01   6.52e-01   3.28e-01 (  1.82e+02,  2.49e+02)
45      0.079   3.16e-01   3.16e-01   1.71e-01   9.96e-01   9.36e-01 (  1.67e+02,  2.42e+02)
50      0.101   3.34e-01   3.96e-01   1.87e-01   1.87e+00   2.15e+00 (  1.53e+02,  2.30e+02)
55      0.151   3.96e-01   5.13e-01   2.40e-01   3.60e+00   4.05e+00 (  1.47e+02,  2.17e+02)
60      0.229   5.44e-01   6.46e-01   3.68e-01   5.96e+00   6.33e+00 (  1.49e+02,  2.05e+02)
65      0.313   7.60e-01   8.04e-01   4.87e-01   8.20e+00   8.41e+00 (  1.51e+02,  1.92e+02)
70      0.369   9.46e-01   9.04e-01   5.50e-01   9.48e+00   9.79e+00 (  1.44e+02,  1.80e+02)
75      0.424   1.13e+00   1.10e+00   6.19e-01   1.04e+01   1.03e+01 (  1.41e+02,  1.69e+02)
80      0.443   1.20e+00   1.22e+00   6.35e-01   1.06e+01   1.03e+01 (  1.36e+02,  1.58e+02)
85      0.366   9.51e-01   1.13e+00   6.34e-01   8.24e+00   9.92e+00 (  1.13e+02,  1.48e+02)
90      0.740   1.72e+00   2.52e+00   1.65e+00   2.39e+01   9.47e+00 (  5.17e+02,  1.39e+02)
95      0.844   1.43e+00   2.03e+00   1.51e+00   6.99e+01   9.08e+00 (  1.09e+03,  1.30e+02)
 9 n: 5.020e-05 e: 7.841e-05 i: 4.710e-05 :: e: 2.606e-02 i: 4.090e-02 :: n: 3.036e+01 e:22.473 i:23.459 v:4.993e+03
>>> tau_he = 5.000000, nhe(0)=3.507245e+00
 5   -186.590   6.94e-03   4.06e-01   1.88e-03  -1.06e-01   2.48e-07 (  3.08e+00,  5.72e+01)
10   -867.582   4.39e-02   5.81e-02  -4.88e-03  -2.22e+00   4.42e-06 (  3.28e+01,  1.12e+02)
15   -113.592   1.46e-01   7.41e-02   5.49e-02  -4.46e+00   5.40e-05 (  1.11e+02,  1.58e+02)
20     -6.809   1.43e-01   1.16e-01   5.67e-02  -3.20e+00   5.01e-04 (  1.07e+02,  1.95e+02)
25     -0.459   1.77e-01   1.27e-01   2.50e-02  -1.66e+00   3.62e-03 (  1.36e+02,  2.23e+02)
30     -0.117   2.07e-01   1.46e-01   5.69e-02  -8.14e-01   2.05e-02 (  1.51e+02,  2.43e+02)
35     -0.002   2.33e-01   1.72e-01   8.55e-02  -1.67e-02   9.21e-02 (  1.54e+02,  2.51e+02)
40      0.011   2.67e-01   2.14e-01   1.37e-01   1.03e-01   3.28e-01 (  1.59e+02,  2.49e+02)
45      0.079   3.20e-01   3.20e-01   1.74e-01   9.79e-01   9.36e-01 (  1.72e+02,  2.42e+02)
50      0.103   3.41e-01   4.07e-01   1.91e-01   1.92e+00   2.15e+00 (  1.59e+02,  2.30e+02)
55      0.155   4.07e-01   5.26e-01   2.47e-01   3.72e+00   4.05e+00 (  1.53e+02,  2.17e+02)
60      0.235   5.59e-01   6.61e-01   3.79e-01   6.14e+00   6.33e+00 (  1.55e+02,  2.05e+02)
65      0.319   7.76e-01   8.21e-01   4.96e-01   8.40e+00   8.41e+00 (  1.56e+02,  1.92e+02)
70      0.376   9.63e-01   9.22e-01   5.59e-01   9.69e+00   9.79e+00 (  1.49e+02,  1.80e+02)
75      0.430   1.14e+00   1.12e+00   6.25e-01   1.06e+01   1.03e+01 (  1.45e+02,  1.69e+02)
80      0.447   1.21e+00   1.23e+00   6.38e-01   1.07e+01   1.03e+01 (  1.39e+02,  1.58e+02)
85      0.359   9.35e-01   1.12e+00   6.19e-01   8.09e+00   9.92e+00 (  1.13e+02,  1.48e+02)
90      0.739   1.71e+00   2.52e+00   1.65e+00   2.39e+01   9.47e+00 (  5.18e+02,  1.39e+02)
95      0.844   1.43e+00   2.03e+00   1.51e+00   6.99e+01   9.08e+00 (  1.09e+03,  1.30e+02)
10 n: 4.564e-05 e: 3.084e-05 i: 5.572e-05 :: e: 2.285e-02 i: 2.851e-02 :: n: 3.046e+01 e:22.366 i:23.604 v:4.993e+03
>>> tau_he = 5.000000, nhe(0)=3.541287e+00
 5   -186.195   7.04e-03   4.13e-01   1.90e-03  -1.06e-01   2.48e-07 (  3.13e+00,  5.72e+01)
10   -846.996   4.31e-02   5.65e-02  -5.25e-03  -2.18e+00   4.42e-06 (  3.19e+01,  1.12e+02)
15   -110.800   1.46e-01   7.25e-02   5.28e-02  -4.36e+00   5.40e-05 (  1.10e+02,  1.58e+02)
20     -6.700   1.42e-01   1.06e-01   8.83e-02  -3.17e+00   5.01e-04 (  1.07e+02,  1.95e+02)
25     -0.435   1.76e-01   1.24e-01   2.47e-02  -1.62e+00   3.62e-03 (  1.35e+02,  2.23e+02)
30     -0.079   2.06e-01   1.43e-01   5.39e-02  -5.99e-01   2.05e-02 (  1.50e+02,  2.43e+02)
35      0.011   2.30e-01   1.69e-01   7.75e-02   1.08e-01   9.21e-02 (  1.52e+02,  2.51e+02)
40      0.062   3.12e-01   3.05e-01   1.75e-01   6.30e-01   3.28e-01 (  1.84e+02,  2.49e+02)
45      0.079   3.19e-01   3.15e-01   1.73e-01   9.73e-01   9.36e-01 (  1.70e+02,  2.42e+02)
50      0.103   3.38e-01   4.00e-01   1.88e-01   1.90e+00   2.15e+00 (  1.57e+02,  2.30e+02)
55      0.154   4.03e-01   5.21e-01   2.44e-01   3.70e+00   4.05e+00 (  1.51e+02,  2.17e+02)
60      0.232   5.51e-01   6.54e-01   3.73e-01   6.05e+00   6.33e+00 (  1.52e+02,  2.05e+02)
65      0.315   7.65e-01   8.12e-01   4.91e-01   8.28e+00   8.41e+00 (  1.53e+02,  1.92e+02)
70      0.372   9.52e-01   9.14e-01   5.56e-01   9.58e+00   9.79e+00 (  1.46e+02,  1.80e+02)
75      0.425   1.13e+00   1.11e+00   6.22e-01   1.04e+01   1.03e+01 (  1.42e+02,  1.69e+02)
80      0.444   1.20e+00   1.23e+00   6.38e-01   1.07e+01   1.03e+01 (  1.37e+02,  1.58e+02)
85      0.370   9.58e-01   1.15e+00   6.41e-01   8.34e+00   9.92e+00 (  1.15e+02,  1.48e+02)
90      0.739   1.71e+00   2.52e+00   1.66e+00   2.39e+01   9.47e+00 (  5.17e+02,  1.39e+02)
95      0.844   1.43e+00   2.03e+00   1.51e+00   6.99e+01   9.08e+00 (  1.09e+03,  1.30e+02)
11 n: 2.677e-05 e: 6.669e-05 i: 3.091e-05 :: e: 1.811e-02 i: 2.862e-02 :: n: 3.039e+01 e:22.520 i:23.588 v:4.993e+03
>>> tau_he = 5.000000, nhe(0)=3.527593e+00
 5   -186.556   7.04e-03   4.15e-01   1.91e-03  -1.07e-01   2.48e-07 (  3.15e+00,  5.72e+01)
10   -847.059   4.35e-02   5.65e-02  -5.13e-03  -2.19e+00   4.42e-06 (  3.22e+01,  1.12e+02)
15   -110.148   1.39e-01   7.61e-02   5.47e-02  -4.35e+00   5.40e-05 (  1.04e+02,  1.58e+02)
20     -6.874   1.44e-01   1.17e-01   5.76e-02  -3.25e+00   5.01e-04 (  1.09e+02,  1.95e+02)
25     -0.431   1.78e-01   1.26e-01   2.32e-02  -1.64e+00   3.62e-03 (  1.37e+02,  2.23e+02)
30     -0.076   2.08e-01   1.46e-01   5.11e-02  -5.86e-01   2.05e-02 (  1.53e+02,  2.43e+02)
35     -0.003   2.37e-01   1.74e-01   7.31e-02  -3.17e-02   9.21e-02 (  1.59e+02,  2.51e+02)
40      0.006   2.71e-01   2.15e-01   1.41e-01   5.60e-02   3.28e-01 (  1.62e+02,  2.49e+02)
45      0.078   3.24e-01   3.20e-01   1.78e-01   9.51e-01   9.36e-01 (  1.74e+02,  2.42e+02)
50      0.104   3.43e-01   4.09e-01   1.91e-01   1.93e+00   2.15e+00 (  1.61e+02,  2.30e+02)
55      0.157   4.11e-01   5.31e-01   2.49e-01   3.77e+00   4.05e+00 (  1.56e+02,  2.17e+02)
60      0.236   5.61e-01   6.66e-01   3.80e-01   6.17e+00   6.33e+00 (  1.57e+02,  2.05e+02)
65      0.320   7.76e-01   8.25e-01   4.98e-01   8.42e+00   8.41e+00 (  1.57e+02,  1.92e+02)
70      0.377   9.63e-01   9.27e-01   5.63e-01   9.73e+00   9.79e+00 (  1.50e+02,  1.80e+02)
75      0.429   1.14e+00   1.12e+00   6.27e-01   1.05e+01   1.03e+01 (  1.45e+02,  1.69e+02)
80      0.447   1.20e+00   1.24e+00   6.41e-01   1.07e+01   1.03e+01 (  1.39e+02,  1.58e+02)
85      0.361   9.40e-01   1.13e+00   6.27e-01   8.16e+00   9.92e+00 (  1.14e+02,  1.48e+02)
90      0.738   1.71e+00   2.52e+00   1.66e+00   2.39e+01   9.47e+00 (  5.18e+02,  1.39e+02)
95      0.844   1.43e+00   2.03e+00   1.51e+00   6.99e+01   9.08e+00 (  1.09e+03,  1.30e+02)
12 n: 3.156e-05 e: 1.480e-05 i: 5.142e-05 :: e: 1.661e-02 i: 2.198e-02 :: n: 3.051e+01 e:22.451 i:23.739 v:4.993e+03
>>> tau_he = 5.000000, nhe(0)=3.564365e+00
 5   -187.070   7.16e-03   4.21e-01   1.93e-03  -1.08e-01   2.48e-07 (  3.20e+00,  5.72e+01)
10   -833.972   4.30e-02   5.57e-02  -5.32e-03  -2.16e+00   4.42e-06 (  3.17e+01,  1.12e+02)
15   -108.713   1.40e-01   7.47e-02   5.25e-02  -4.30e+00   5.40e-05 (  1.04e+02,  1.58e+02)
20     -6.801   1.44e-01   1.06e-01   8.75e-02  -3.23e+00   5.01e-04 (  1.09e+02,  1.95e+02)
25     -0.416   1.77e-01   1.24e-01   2.23e-02  -1.61e+00   3.62e-03 (  1.37e+02,  2.23e+02)
30     -0.053   2.05e-01   1.43e-01   4.33e-02  -4.41e-01   2.05e-02 (  1.51e+02,  2.43e+02)
35      0.012   2.35e-01   1.72e-01   6.76e-02   1.19e-01   9.21e-02 (  1.57e+02,  2.51e+02)
40      0.061   3.16e-01   3.08e-01   1.79e-01   6.11e-01   3.28e-01 (  1.88e+02,  2.49e+02)
45      0.078   3.23e-01   3.16e-01   1.77e-01   9.54e-01   9.36e-01 (  1.72e+02,  2.42e+02)
50      0.104   3.41e-01   4.03e-01   1.89e-01   1.92e+00   2.15e+00 (  1.60e+02,  2.30e+02)
55      0.156   4.08e-01   5.26e-01   2.46e-01   3.74e+00   4.05e+00 (  1.54e+02,  2.17e+02)
60      0.234   5.54e-01   6.59e-01   3.75e-01   6.09e+00   6.33e+00 (  1.55e+02,  2.05e+02)
65      0.316   7.66e-01   8.17e-01   4.94e-01   8.31e+00   8.41e+00 (  1.55e+02,  1.92e+02)
70      0.373   9.53e-01   9.21e-01   5.60e-01   9.63e+00   9.79e+00 (  1.48e+02,  1.80e+02)
75      0.425   1.13e+00   1.11e+00   6.25e-01   1.04e+01   1.03e+01 (  1.43e+02,  1.69e+02)
80      0.444   1.19e+00   1.23e+00   6.41e-01   1.07e+01   1.03e+01 (  1.38e+02,  1.58e+02)
85      0.372   9.63e-01   1.16e+00   6.48e-01   8.40e+00   9.92e+00 (  1.17e+02,  1.48e+02)
90      0.738   1.71e+00   2.52e+00   1.66e+00   2.38e+01   9.47e+00 (  5.18e+02,  1.39e+02)
95      0.844   1.43e+00   2.03e+00   1.51e+00   6.99e+01   9.08e+00 (  1.09e+03,  1.30e+02)
13 n: 1.831e-05 e: 5.569e-05 i: 2.470e-05 :: e: 1.287e-02 i: 2.194e-02 :: n: 3.042e+01 e:22.606 i:23.740 v:4.993e+03
>>> tau_he = 5.000000, nhe(0)=3.547838e+00
 5   -187.970   7.17e-03   4.23e-01   1.94e-03  -1.08e-01   2.48e-07 (  3.22e+00,  5.72e+01)
10   -837.905   4.32e-02   5.60e-02  -5.19e-03  -2.17e+00   4.42e-06 (  3.18e+01,  1.12e+02)
15   -108.842   1.41e-01   7.72e-02   5.53e-02  -4.31e+00   5.40e-05 (  1.05e+02,  1.58e+02)
20     -6.982   1.46e-01   1.18e-01   5.76e-02  -3.32e+00   5.01e-04 (  1.10e+02,  1.95e+02)
25     -0.414   1.79e-01   1.26e-01   2.15e-02  -1.63e+00   3.62e-03 (  1.39e+02,  2.23e+02)
30     -0.056   2.09e-01   1.46e-01   3.65e-02  -4.62e-01   2.05e-02 (  1.55e+02,  2.43e+02)
35     -0.004   2.42e-01   1.77e-01   6.53e-02  -3.99e-02   9.21e-02 (  1.64e+02,  2.51e+02)
40      0.003   2.74e-01   2.16e-01   1.43e-01   3.25e-02   3.28e-01 (  1.65e+02,  2.49e+02)
45      0.075   3.32e-01   3.20e-01   1.82e-01   9.01e-01   9.36e-01 (  1.79e+02,  2.42e+02)
50      0.105   3.47e-01   4.11e-01   1.92e-01   1.94e+00   2.15e+00 (  1.64e+02,  2.30e+02)
55      0.158   4.15e-01   5.35e-01   2.51e-01   3.80e+00   4.05e+00 (  1.59e+02,  2.17e+02)
60      0.237   5.63e-01   6.70e-01   3.82e-01   6.18e+00   6.33e+00 (  1.59e+02,  2.05e+02)
65      0.320   7.76e-01   8.28e-01   5.00e-01   8.43e+00   8.41e+00 (  1.59e+02,  1.92e+02)
70      0.377   9.62e-01   9.32e-01   5.66e-01   9.75e+00   9.79e+00 (  1.51e+02,  1.80e+02)
75      0.428   1.13e+00   1.12e+00   6.29e-01   1.05e+01   1.03e+01 (  1.46e+02,  1.69e+02)
80      0.446   1.20e+00   1.24e+00   6.44e-01   1.07e+01   1.03e+01 (  1.40e+02,  1.58e+02)
85      0.372   9.63e-01   1.16e+00   6.48e-01   8.41e+00   9.92e+00 (  1.18e+02,  1.48e+02)
90      0.738   1.71e+00   2.52e+00   1.66e+00   2.38e+01   9.47e+00 (  5.19e+02,  1.39e+02)
95      0.844   1.43e+00   2.03e+00   1.51e+00   6.99e+01   9.08e+00 (  1.09e+03,  1.30e+02)
14 n: 1.628e-05 e: 1.078e-05 i: 4.540e-05 :: e: 1.202e-02 i: 1.730e-02 :: n: 3.054e+01 e:22.544 i:23.889 v:4.993e+03
>>> tau_he = 5.000000, nhe(0)=3.585860e+00
 5   -188.924   7.28e-03   4.29e-01   1.95e-03  -1.09e-01   2.48e-07 (  3.27e+00,  5.72e+01)
10   -828.216   4.29e-02   5.55e-02  -5.30e-03  -2.15e+00   4.42e-06 (  3.14e+01,  1.12e+02)
15   -107.752   1.42e-01   7.60e-02   5.30e-02  -4.27e+00   5.40e-05 (  1.04e+02,  1.58e+02)
20     -6.915   1.46e-01   1.07e-01   8.68e-02  -3.29e+00   5.01e-04 (  1.10e+02,  1.95e+02)
25     -0.406   1.79e-01   1.24e-01   1.94e-02  -1.61e+00   3.62e-03 (  1.39e+02,  2.23e+02)
30     -0.035   2.06e-01   1.42e-01   2.90e-02  -3.12e-01   2.05e-02 (  1.53e+02,  2.43e+02)
35      0.012   2.39e-01   1.74e-01   6.55e-02   1.17e-01   9.21e-02 (  1.62e+02,  2.51e+02)
40      0.061   3.19e-01   3.11e-01   1.81e-01   6.07e-01   3.28e-01 (  1.91e+02,  2.49e+02)
45      0.078   3.26e-01   3.18e-01   1.79e-01   9.49e-01   9.36e-01 (  1.75e+02,  2.42e+02)
50      0.105   3.45e-01   4.06e-01   1.90e-01   1.94e+00   2.15e+00 (  1.63e+02,  2.30e+02)
55      0.157   4.12e-01   5.31e-01   2.48e-01   3.77e+00   4.05e+00 (  1.58e+02,  2.17e+02)
60      0.235   5.56e-01   6.64e-01   3.77e-01   6.11e+00   6.33e+00 (  1.57e+02,  2.05e+02)
65      0.317   7.68e-01   8.22e-01   4.97e-01   8.33e+00   8.41e+00 (  1.57e+02,  1.92e+02)
70      0.374   9.53e-01   9.27e-01   5.64e-01   9.66e+00   9.79e+00 (  1.50e+02,  1.80e+02)
75      0.425   1.12e+00   1.11e+00   6.28e-01   1.04e+01   1.03e+01 (  1.44e+02,  1.69e+02)
80      0.443   1.19e+00   1.23e+00   6.44e-01   1.06e+01   1.03e+01 (  1.39e+02,  1.58e+02)
85      0.391   1.01e+00   1.20e+00   6.88e-01   8.85e+00   9.92e+00 (  1.24e+02,  1.48e+02)
90      0.738   1.71e+00   2.52e+00   1.66e+00   2.38e+01   9.47e+00 (  5.19e+02,  1.39e+02)
95      0.844   1.43e+00   2.03e+00   1.51e+00   6.99e+01   9.08e+00 (  1.09e+03,  1.30e+02)
15 n: 3.417e-05 e: 4.840e-05 i: 2.185e-05 :: e: 1.387e-02 i: 1.948e-02 :: n: 3.044e+01 e:22.693 i:23.889 v:4.993e+03
>>> tau_he = 5.000000, nhe(0)=3.566294e+00
 5   -190.056   7.29e-03   4.31e-01   1.96e-03  -1.10e-01   2.48e-07 (  3.29e+00,  5.72e+01)
10   -833.932   4.31e-02   5.59e-02  -5.18e-03  -2.16e+00   4.42e-06 (  3.16e+01,  1.12e+02)
15   -107.969   1.43e-01   7.84e-02   5.58e-02  -4.28e+00   5.40e-05 (  1.05e+02,  1.58e+02)
20     -7.094   1.47e-01   1.19e-01   5.71e-02  -3.37e+00   5.01e-04 (  1.12e+02,  1.95e+02)
25     -0.408   1.81e-01   1.27e-01   1.90e-02  -1.63e+00   3.62e-03 (  1.41e+02,  2.23e+02)
30     -0.041   2.10e-01   1.47e-01   2.81e-02  -3.63e-01   2.05e-02 (  1.57e+02,  2.43e+02)
35     -0.005   2.46e-01   1.79e-01   6.43e-02  -4.90e-02   9.21e-02 (  1.68e+02,  2.51e+02)
40      0.002   2.77e-01   2.16e-01   1.43e-01   2.07e-02   3.28e-01 (  1.67e+02,  2.49e+02)
45      0.075   3.35e-01   3.22e-01   1.85e-01   8.96e-01   9.36e-01 (  1.82e+02,  2.42e+02)
50      0.106   3.50e-01   4.14e-01   1.92e-01   1.96e+00   2.15e+00 (  1.67e+02,  2.30e+02)
55      0.159   4.19e-01   5.39e-01   2.52e-01   3.82e+00   4.05e+00 (  1.62e+02,  2.17e+02)
60      0.238   5.65e-01   6.74e-01   3.83e-01   6.19e+00   6.33e+00 (  1.61e+02,  2.05e+02)
65      0.321   7.76e-01   8.32e-01   5.02e-01   8.43e+00   8.41e+00 (  1.60e+02,  1.92e+02)
70      0.378   9.60e-01   9.37e-01   5.69e-01   9.76e+00   9.79e+00 (  1.53e+02,  1.80e+02)
75      0.428   1.13e+00   1.12e+00   6.32e-01   1.05e+01   1.03e+01 (  1.47e+02,  1.69e+02)
80      0.444   1.19e+00   1.24e+00   6.46e-01   1.07e+01   1.03e+01 (  1.40e+02,  1.58e+02)
85      0.390   1.00e+00   1.20e+00   6.87e-01   8.80e+00   9.92e+00 (  1.24e+02,  1.48e+02)
90      0.739   1.71e+00   2.52e+00   1.66e+00   2.39e+01   9.47e+00 (  5.21e+02,  1.39e+02)
95      0.844   1.43e+00   2.03e+00   1.51e+00   6.99e+01   9.08e+00 (  1.09e+03,  1.30e+02)
16 n: 2.544e-05 e: 9.520e-06 i: 3.966e-05 :: e: 1.306e-02 i: 1.796e-02 :: n: 3.056e+01 e:22.630 i:24.030 v:4.993e+03
>>> tau_he = 5.000000, nhe(0)=3.603494e+00
 5   -191.092   7.40e-03   4.36e-01   1.98e-03  -1.11e-01   2.48e-07 (  3.34e+00,  5.72e+01)
10   -825.760   4.29e-02   5.54e-02  -5.27e-03  -2.14e+00   4.42e-06 (  3.13e+01,  1.12e+02)
15   -107.017   1.44e-01   7.73e-02   5.35e-02  -4.25e+00   5.40e-05 (  1.05e+02,  1.58e+02)
20     -7.021   1.47e-01   1.07e-01   8.62e-02  -3.34e+00   5.01e-04 (  1.12e+02,  1.95e+02)
25     -0.402   1.80e-01   1.25e-01   1.69e-02  -1.62e+00   3.62e-03 (  1.41e+02,  2.23e+02)
30      0.002   2.04e-01   1.41e-01   2.27e-02   1.43e-02   2.05e-02 (  1.53e+02,  2.43e+02)
35      0.011   2.42e-01   1.75e-01   5.24e-02   1.10e-01   9.21e-02 (  1.65e+02,  2.51e+02)
40      0.061   3.22e-01   3.13e-01   1.82e-01   6.07e-01   3.28e-01 (  1.94e+02,  2.49e+02)
45      0.079   3.29e-01   3.19e-01   1.82e-01   9.47e-01   9.36e-01 (  1.77e+02,  2.42e+02)
50      0.105   3.48e-01   4.09e-01   1.91e-01   1.95e+00   2.15e+00 (  1.66e+02,  2.30e+02)
55      0.158   4.15e-01   5.35e-01   2.49e-01   3.79e+00   4.05e+00 (  1.60e+02,  2.17e+02)
60      0.235   5.58e-01   6.69e-01   3.78e-01   6.12e+00   6.33e+00 (  1.59e+02,  2.05e+02)
65      0.317   7.67e-01   8.27e-01   4.99e-01   8.34e+00   8.41e+00 (  1.58e+02,  1.92e+02)
70      0.396   1.01e+00   1.01e+00   5.95e-01   1.02e+01   9.79e+00 (  1.60e+02,  1.80e+02)
75      0.425   1.12e+00   1.12e+00   6.31e-01   1.04e+01   1.03e+01 (  1.45e+02,  1.69e+02)
80      0.441   1.18e+00   1.23e+00   6.47e-01   1.06e+01   1.03e+01 (  1.39e+02,  1.58e+02)
85      0.388   9.96e-01   1.20e+00   6.90e-01   8.74e+00   9.92e+00 (  1.23e+02,  1.48e+02)
90      0.740   1.71e+00   2.52e+00   1.66e+00   2.39e+01   9.47e+00 (  5.21e+02,  1.39e+02)
95      0.844   1.43e+00   2.03e+00   1.51e+00   6.99e+01   9.08e+00 (  1.09e+03,  1.30e+02)
17 n: 6.083e-05 e: 4.256e-05 i: 2.237e-05 :: e: 1.573e-02 i: 2.095e-02 :: n: 3.042e+01 e:22.769 i:24.024 v:4.993e+03
>>> tau_he = 5.000000, nhe(0)=3.577086e+00
 5   -191.941   7.40e-03   4.37e-01   1.98e-03  -1.11e-01   2.48e-07 (  3.35e+00,  5.72e+01)
10   -823.736   4.72e-02   5.39e-02  -4.84e-03  -2.14e+00   4.42e-06 (  3.45e+01,  1.12e+02)
15   -106.509   1.46e-01   7.89e-02   5.66e-02  -4.23e+00   5.40e-05 (  1.06e+02,  1.58e+02)
20     -7.120   1.48e-01   1.10e-01   9.02e-02  -3.39e+00   5.01e-04 (  1.14e+02,  1.95e+02)
25     -0.413   1.82e-01   1.27e-01   1.77e-02  -1.66e+00   3.62e-03 (  1.43e+02,  2.23e+02)
30     -0.042   2.09e-01   1.49e-01   2.28e-02  -3.68e-01   2.05e-02 (  1.57e+02,  2.43e+02)
35     -0.004   2.49e-01   1.81e-01   6.24e-02  -3.90e-02   9.21e-02 (  1.71e+02,  2.51e+02)
40      0.002   2.79e-01   2.17e-01   1.44e-01   1.74e-02   3.28e-01 (  1.69e+02,  2.49e+02)
45      0.075   3.38e-01   3.23e-01   1.87e-01   8.94e-01   9.36e-01 (  1.84e+02,  2.42e+02)
50      0.107   3.53e-01   4.17e-01   1.93e-01   1.97e+00   2.15e+00 (  1.70e+02,  2.30e+02)
55      0.160   4.22e-01   5.43e-01   2.53e-01   3.83e+00   4.05e+00 (  1.65e+02,  2.17e+02)
60      0.238   5.66e-01   6.78e-01   3.84e-01   6.20e+00   6.33e+00 (  1.63e+02,  2.05e+02)
65      0.320   7.74e-01   8.35e-01   5.05e-01   8.41e+00   8.41e+00 (  1.61e+02,  1.92e+02)
70      0.396   1.01e+00   1.01e+00   5.97e-01   1.02e+01   9.79e+00 (  1.61e+02,  1.80e+02)
75      0.427   1.12e+00   1.12e+00   6.34e-01   1.05e+01   1.03e+01 (  1.47e+02,  1.69e+02)
80      0.443   1.18e+00   1.24e+00   6.49e-01   1.06e+01   1.03e+01 (  1.40e+02,  1.58e+02)
85      0.387   9.93e-01   1.20e+00   6.90e-01   8.71e+00   9.92e+00 (  1.24e+02,  1.48e+02)
90      0.740   1.72e+00   2.53e+00   1.66e+00   2.39e+01   9.47e+00 (  5.22e+02,  1.39e+02)
95      0.844   1.43e+00   2.03e+00   1.51e+00   6.99e+01   9.08e+00 (  1.09e+03,  1.30e+02)
18 n: 4.700e-05 e: 1.263e-05 i: 3.672e-05 :: e: 1.553e-02 i: 2.104e-02 :: n: 3.054e+01 e:22.693 i:24.163 v:4.993e+03
>>> tau_he = 5.000000, nhe(0)=3.612942e+00
 5   -193.119   7.51e-03   4.43e-01   2.00e-03  -1.12e-01   2.48e-07 (  3.41e+00,  5.72e+01)
10   -814.961   4.68e-02   5.35e-02  -4.89e-03  -2.12e+00   4.42e-06 (  3.41e+01,  1.12e+02)
15   -105.494   1.47e-01   7.79e-02   5.42e-02  -4.19e+00   5.40e-05 (  1.06e+02,  1.58e+02)
20     -7.096   1.49e-01   1.09e-01   8.61e-02  -3.38e+00   5.01e-04 (  1.14e+02,  1.95e+02)
25     -0.406   1.82e-01   1.25e-01   1.52e-02  -1.64e+00   3.62e-03 (  1.43e+02,  2.23e+02)
30      0.003   2.06e-01   1.42e-01   1.91e-02   3.10e-02   2.05e-02 (  1.55e+02,  2.43e+02)
35      0.012   2.44e-01   1.77e-01   5.07e-02   1.25e-01   9.21e-02 (  1.68e+02,  2.51e+02)
40      0.061   3.24e-01   3.15e-01   1.83e-01   6.11e-01   3.28e-01 (  1.96e+02,  2.49e+02)
45      0.079   3.31e-01   3.21e-01   1.84e-01   9.46e-01   9.36e-01 (  1.79e+02,  2.42e+02)
50      0.106   3.51e-01   4.12e-01   1.92e-01   1.96e+00   2.15e+00 (  1.68e+02,  2.30e+02)
55      0.159   4.19e-01   5.39e-01   2.51e-01   3.80e+00   4.05e+00 (  1.62e+02,  2.17e+02)
60      0.236   5.60e-01   6.73e-01   3.80e-01   6.13e+00   6.33e+00 (  1.61e+02,  2.05e+02)
65      0.317   7.65e-01   8.28e-01   4.99e-01   8.30e+00   8.41e+00 (  1.59e+02,  1.92e+02)
70      0.391   9.92e-01   1.00e+00   5.91e-01   1.00e+01   9.79e+00 (  1.58e+02,  1.80e+02)
75      0.424   1.11e+00   1.12e+00   6.33e-01   1.04e+01   1.03e+01 (  1.46e+02,  1.69e+02)
80      0.441   1.17e+00   1.23e+00   6.50e-01   1.06e+01   1.03e+01 (  1.40e+02,  1.58e+02)
85      0.386   9.89e-01   1.20e+00   6.93e-01   8.68e+00   9.92e+00 (  1.23e+02,  1.48e+02)
90      0.741   1.72e+00   2.53e+00   1.66e+00   2.40e+01   9.47e+00 (  5.23e+02,  1.39e+02)
95      0.844   1.43e+00   2.03e+00   1.51e+00   6.99e+01   9.08e+00 (  1.09e+03,  1.30e+02)
19 n: 2.829e-05 e: 3.427e-05 i: 2.062e-05 :: e: 1.365e-02 i: 1.836e-02 :: n: 3.037e+01 e:22.824 i:24.144 v:4.993e+03
>>> tau_he = 5.000000, nhe(0)=3.578430e+00
 5   -194.027   7.51e-03   4.43e-01   2.01e-03  -1.12e-01   2.48e-07 (  3.41e+00,  5.72e+01)
10   -821.384   4.72e-02   5.39e-02  -4.74e-03  -2.14e+00   4.42e-06 (  3.43e+01,  1.12e+02)
15   -105.518   1.47e-01   8.05e-02   5.76e-02  -4.19e+00   5.40e-05 (  1.06e+02,  1.58e+02)
20     -7.245   1.50e-01   1.21e-01   5.57e-02  -3.45e+00   5.01e-04 (  1.15e+02,  1.95e+02)
25     -0.427   1.84e-01   1.28e-01   1.75e-02  -1.69e+00   3.62e-03 (  1.45e+02,  2.23e+02)
30     -0.056   2.13e-01   1.51e-01   2.41e-02  -4.73e-01   2.05e-02 (  1.61e+02,  2.43e+02)
35     -0.004   2.51e-01   1.82e-01   6.17e-02  -3.74e-02   9.21e-02 (  1.74e+02,  2.51e+02)
40      0.002   2.81e-01   2.18e-01   1.44e-01   1.84e-02   3.28e-01 (  1.71e+02,  2.49e+02)
45      0.075   3.40e-01   3.25e-01   1.89e-01   8.93e-01   9.36e-01 (  1.85e+02,  2.42e+02)
50      0.107   3.56e-01   4.19e-01   1.94e-01   1.97e+00   2.15e+00 (  1.72e+02,  2.30e+02)
55      0.160   4.24e-01   5.46e-01   2.54e-01   3.83e+00   4.05e+00 (  1.66e+02,  2.17e+02)
60      0.239   5.67e-01   6.82e-01   3.85e-01   6.20e+00   6.33e+00 (  1.64e+02,  2.05e+02)
65      0.320   7.72e-01   8.37e-01   5.06e-01   8.38e+00   8.41e+00 (  1.62e+02,  1.92e+02)
70      0.392   9.94e-01   1.01e+00   5.94e-01   1.01e+01   9.79e+00 (  1.60e+02,  1.80e+02)
75      0.426   1.12e+00   1.13e+00   6.36e-01   1.05e+01   1.03e+01 (  1.48e+02,  1.69e+02)
80      0.442   1.18e+00   1.24e+00   6.52e-01   1.06e+01   1.03e+01 (  1.41e+02,  1.58e+02)
85      0.384   9.84e-01   1.19e+00   6.89e-01   8.64e+00   9.92e+00 (  1.24e+02,  1.48e+02)
90      0.741   1.72e+00   2.53e+00   1.66e+00   2.40e+01   9.47e+00 (  5.24e+02,  1.39e+02)
95      0.844   1.43e+00   2.03e+00   1.51e+00   6.99e+01   9.08e+00 (  1.09e+03,  1.30e+02)
20 n: 2.668e-05 e: 1.564e-05 i: 2.993e-05 :: e: 1.325e-02 i: 1.980e-02 :: n: 3.048e+01 e:22.730 i:24.261 v:4.993e+03
>>> tau_he = 5.000000, nhe(0)=3.612504e+00
 5   -194.800   7.61e-03   4.47e-01   2.03e-03  -1.13e-01   2.48e-07 (  3.46e+00,  5.72e+01)
10   -813.430   4.68e-02   5.36e-02  -4.73e-03  -2.12e+00   4.42e-06 (  3.39e+01,  1.12e+02)
15    -84.691   1.44e-01   7.49e-02   5.08e-02  -3.37e+00   5.40e-05 (  1.03e+02,  1.58e+02)
20     -7.132   1.50e-01   1.10e-01   8.65e-02  -3.40e+00   5.01e-04 (  1.15e+02,  1.95e+02)
25     -0.416   1.83e-01   1.26e-01   1.52e-02  -1.66e+00   3.62e-03 (  1.44e+02,  2.23e+02)
30     -0.034   2.09e-01   1.47e-01   1.74e-02  -3.11e-01   2.05e-02 (  1.58e+02,  2.43e+02)
35      0.013   2.46e-01   1.78e-01   5.01e-02   1.29e-01   9.21e-02 (  1.69e+02,  2.51e+02)
40      0.062   3.25e-01   3.16e-01   1.83e-01   6.16e-01   3.28e-01 (  1.97e+02,  2.49e+02)
45      0.080   3.33e-01   3.23e-01   1.86e-01   9.45e-01   9.36e-01 (  1.80e+02,  2.42e+02)
50      0.107   3.53e-01   4.13e-01   1.92e-01   1.96e+00   2.15e+00 (  1.69e+02,  2.30e+02)
55      0.159   4.20e-01   5.41e-01   2.51e-01   3.79e+00   4.05e+00 (  1.64e+02,  2.17e+02)
60      0.236   5.61e-01   6.76e-01   3.81e-01   6.13e+00   6.33e+00 (  1.62e+02,  2.05e+02)
65      0.317   7.64e-01   8.30e-01   5.00e-01   8.29e+00   8.41e+00 (  1.60e+02,  1.92e+02)
70      0.388   9.84e-01   9.99e-01   5.90e-01   9.94e+00   9.79e+00 (  1.57e+02,  1.80e+02)
75      0.424   1.11e+00   1.12e+00   6.35e-01   1.04e+01   1.03e+01 (  1.47e+02,  1.69e+02)
80      0.441   1.17e+00   1.23e+00   6.52e-01   1.06e+01   1.03e+01 (  1.40e+02,  1.58e+02)
85      0.383   9.82e-01   1.19e+00   6.92e-01   8.62e+00   9.92e+00 (  1.23e+02,  1.48e+02)
90      0.742   1.72e+00   2.53e+00   1.66e+00   2.40e+01   9.47e+00 (  5.24e+02,  1.39e+02)
95      0.844   1.43e+00   2.03e+00   1.51e+00   6.99e+01   9.08e+00 (  1.09e+03,  1.30e+02)
21 n: 1.810e-05 e: 2.661e-05 i: 1.827e-05 :: e: 1.064e-02 i: 1.512e-02 :: n: 3.036e+01 e:22.850 i:24.219 v:4.993e+03
>>> tau_he = 5.000000, nhe(0)=3.585270e+00
 5   -195.624   7.59e-03   4.47e-01   2.03e-03  -1.13e-01   2.48e-07 (  3.46e+00,  5.72e+01)
10   -819.645   4.72e-02   5.40e-02  -4.61e-03  -2.13e+00   4.42e-06 (  3.41e+01,  1.12e+02)
15    -83.184   1.47e-01   7.64e-02   5.38e-02  -3.31e+00   5.40e-05 (  1.05e+02,  1.58e+02)
20     -7.278   1.51e-01   1.21e-01   5.49e-02  -3.47e+00   5.01e-04 (  1.16e+02,  1.95e+02)
25     -0.416   1.85e-01   1.29e-01   1.60e-02  -1.68e+00   3.62e-03 (  1.45e+02,  2.23e+02)
30     -0.044   2.12e-01   1.50e-01   1.98e-02  -3.90e-01   2.05e-02 (  1.61e+02,  2.43e+02)
35     -0.006   2.53e-01   1.84e-01   6.27e-02  -5.45e-02   9.21e-02 (  1.75e+02,  2.51e+02)
40      0.002   2.81e-01   2.19e-01   1.45e-01   1.62e-02   3.28e-01 (  1.71e+02,  2.49e+02)
45      0.076   3.41e-01   3.26e-01   1.91e-01   8.90e-01   9.36e-01 (  1.86e+02,  2.42e+02)
50      0.107   3.57e-01   4.19e-01   1.94e-01   1.97e+00   2.15e+00 (  1.73e+02,  2.30e+02)
55      0.160   4.25e-01   5.48e-01   2.55e-01   3.81e+00   4.05e+00 (  1.67e+02,  2.17e+02)
60      0.239   5.68e-01   6.84e-01   3.86e-01   6.19e+00   6.33e+00 (  1.65e+02,  2.05e+02)
65      0.320   7.71e-01   8.38e-01   5.07e-01   8.37e+00   8.41e+00 (  1.63e+02,  1.92e+02)
70      0.390   9.88e-01   1.00e+00   5.93e-01   9.99e+00   9.79e+00 (  1.59e+02,  1.80e+02)
75      0.426   1.12e+00   1.13e+00   6.38e-01   1.05e+01   1.03e+01 (  1.49e+02,  1.69e+02)
80      0.442   1.18e+00   1.24e+00   6.54e-01   1.06e+01   1.03e+01 (  1.42e+02,  1.58e+02)
85      0.383   9.79e-01   1.19e+00   6.90e-01   8.60e+00   9.92e+00 (  1.24e+02,  1.48e+02)
90      0.742   1.72e+00   2.53e+00   1.66e+00   2.40e+01   9.47e+00 (  5.25e+02,  1.39e+02)
95      0.844   1.43e+00   2.03e+00   1.51e+00   6.99e+01   9.08e+00 (  1.09e+03,  1.30e+02)
22 n: 1.953e-05 e: 1.612e-05 i: 2.486e-05 :: e: 1.135e-02 i: 1.772e-02 :: n: 3.048e+01 e:22.751 i:24.320 v:4.993e+03
>>> tau_he = 5.000000, nhe(0)=3.617842e+00
 5   -196.143   7.68e-03   4.51e-01   2.04e-03  -1.14e-01   2.48e-07 (  3.51e+00,  5.72e+01)
10   -811.066   4.67e-02   5.35e-02  -4.67e-03  -2.11e+00   4.42e-06 (  3.37e+01,  1.12e+02)
15    -82.238   1.48e-01   7.52e-02   5.13e-02  -3.27e+00   5.40e-05 (  1.06e+02,  1.58e+02)
20     -7.158   1.50e-01   1.10e-01   8.65e-02  -3.41e+00   5.01e-04 (  1.15e+02,  1.95e+02)
25     -0.408   1.84e-01   1.26e-01   1.45e-02  -1.65e+00   3.62e-03 (  1.44e+02,  2.23e+02)
30     -0.014   2.10e-01   1.45e-01   1.52e-02  -1.38e-01   2.05e-02 (  1.59e+02,  2.43e+02)
35      0.011   2.48e-01   1.79e-01   5.11e-02   1.12e-01   9.21e-02 (  1.71e+02,  2.51e+02)
40      0.062   3.26e-01   3.17e-01   1.84e-01   6.15e-01   3.28e-01 (  1.97e+02,  2.49e+02)
45      0.080   3.34e-01   3.23e-01   1.88e-01   9.41e-01   9.36e-01 (  1.81e+02,  2.42e+02)
50      0.107   3.54e-01   4.14e-01   1.92e-01   1.95e+00   2.15e+00 (  1.70e+02,  2.30e+02)
55      0.159   4.21e-01   5.42e-01   2.51e-01   3.78e+00   4.05e+00 (  1.64e+02,  2.17e+02)
60      0.236   5.61e-01   6.77e-01   3.81e-01   6.12e+00   6.33e+00 (  1.62e+02,  2.05e+02)
65      0.317   7.63e-01   8.32e-01   5.01e-01   8.28e+00   8.41e+00 (  1.60e+02,  1.92e+02)
70      0.387   9.79e-01   9.97e-01   5.89e-01   9.88e+00   9.79e+00 (  1.57e+02,  1.80e+02)
75      0.424   1.11e+00   1.12e+00   6.36e-01   1.04e+01   1.03e+01 (  1.47e+02,  1.69e+02)
80      0.441   1.17e+00   1.24e+00   6.54e-01   1.06e+01   1.03e+01 (  1.41e+02,  1.58e+02)
85      0.382   9.78e-01   1.19e+00   6.93e-01   8.59e+00   9.92e+00 (  1.23e+02,  1.48e+02)
90      0.743   1.72e+00   2.53e+00   1.67e+00   2.40e+01   9.47e+00 (  5.25e+02,  1.39e+02)
95      0.844   1.43e+00   2.03e+00   1.51e+00   6.99e+01   9.08e+00 (  1.09e+03,  1.30e+02)
23 n: 1.422e-05 e: 2.253e-05 i: 1.825e-05 :: e: 9.288e-03 i: 1.284e-02 :: n: 3.037e+01 e:22.859 i:24.269 v:4.993e+03
>>> tau_he = 5.000000, nhe(0)=3.591440e+00
 5   -196.853   7.65e-03   4.50e-01   2.05e-03  -1.14e-01   2.48e-07 (  3.50e+00,  5.72e+01)
10   -816.842   4.70e-02   5.38e-02  -4.57e-03  -2.13e+00   4.42e-06 (  3.39e+01,  1.12e+02)
15    -82.470   1.48e-01   7.75e-02   5.41e-02  -3.28e+00   5.40e-05 (  1.05e+02,  1.58e+02)
20     -7.297   1.51e-01   1.22e-01   5.54e-02  -3.47e+00   5.01e-04 (  1.16e+02,  1.95e+02)
25     -0.411   1.85e-01   1.29e-01   1.54e-02  -1.67e+00   3.62e-03 (  1.45e+02,  2.23e+02)
30     -0.028   2.12e-01   1.49e-01   1.50e-02  -2.55e-01   2.05e-02 (  1.61e+02,  2.43e+02)
35     -0.006   2.54e-01   1.85e-01   6.28e-02  -5.42e-02   9.21e-02 (  1.76e+02,  2.51e+02)
40      0.001   2.82e-01   2.19e-01   1.45e-01   1.36e-02   3.28e-01 (  1.71e+02,  2.49e+02)
45      0.076   3.42e-01   3.26e-01   1.93e-01   8.86e-01   9.36e-01 (  1.86e+02,  2.42e+02)
50      0.107   3.58e-01   4.20e-01   1.94e-01   1.96e+00   2.15e+00 (  1.73e+02,  2.30e+02)
55      0.160   4.26e-01   5.48e-01   2.55e-01   3.80e+00   4.05e+00 (  1.67e+02,  2.17e+02)
60      0.239   5.68e-01   6.84e-01   3.85e-01   6.18e+00   6.33e+00 (  1.66e+02,  2.05e+02)
65      0.320   7.71e-01   8.40e-01   5.08e-01   8.37e+00   8.41e+00 (  1.63e+02,  1.92e+02)
70      0.389   9.84e-01   1.00e+00   5.92e-01   9.95e+00   9.79e+00 (  1.59e+02,  1.80e+02)
75      0.426   1.11e+00   1.13e+00   6.39e-01   1.05e+01   1.03e+01 (  1.49e+02,  1.69e+02)
80      0.443   1.17e+00   1.24e+00   6.56e-01   1.06e+01   1.03e+01 (  1.43e+02,  1.58e+02)
85      0.382   9.78e-01   1.19e+00   6.92e-01   8.59e+00   9.92e+00 (  1.24e+02,  1.48e+02)
90      0.742   1.72e+00   2.53e+00   1.67e+00   2.40e+01   9.47e+00 (  5.26e+02,  1.39e+02)
95      0.844   1.43e+00   2.03e+00   1.51e+00   6.99e+01   9.08e+00 (  1.09e+03,  1.30e+02)
24 n: 1.678e-05 e: 1.637e-05 i: 2.106e-05 :: e: 9.989e-03 i: 1.622e-02 :: n: 3.049e+01 e:22.759 i:24.358 v:4.993e+03
>>> tau_he = 5.000000, nhe(0)=3.623136e+00
 5   -197.248   7.72e-03   4.53e-01   2.06e-03  -1.14e-01   2.48e-07 (  3.54e+00,  5.72e+01)
10   -808.691   4.66e-02   5.34e-02  -4.64e-03  -2.11e+00   4.42e-06 (  3.35e+01,  1.12e+02)
15    -81.571   1.48e-01   7.61e-02   5.16e-02  -3.25e+00   5.40e-05 (  1.05e+02,  1.58e+02)
20     -7.176   1.51e-01   1.10e-01   8.64e-02  -3.42e+00   5.01e-04 (  1.15e+02,  1.95e+02)
25     -0.404   1.84e-01   1.26e-01   1.42e-02  -1.65e+00   3.62e-03 (  1.44e+02,  2.23e+02)
30      0.014   2.06e-01   1.42e-01   1.30e-02   1.40e-01   2.05e-02 (  1.56e+02,  2.43e+02)
35      0.011   2.48e-01   1.80e-01   5.11e-02   1.12e-01   9.21e-02 (  1.72e+02,  2.51e+02)
40      0.062   3.27e-01   3.17e-01   1.85e-01   6.14e-01   3.28e-01 (  1.98e+02,  2.49e+02)
45      0.044   2.90e-01   2.52e-01   1.55e-01   5.10e-01   9.36e-01 (  1.57e+02,  2.42e+02)
50      0.107   3.54e-01   4.14e-01   1.92e-01   1.94e+00   2.15e+00 (  1.70e+02,  2.30e+02)
55      0.159   4.21e-01   5.42e-01   2.52e-01   3.77e+00   4.05e+00 (  1.65e+02,  2.17e+02)
60      0.236   5.62e-01   6.78e-01   3.81e-01   6.11e+00   6.33e+00 (  1.63e+02,  2.05e+02)
65      0.317   7.63e-01   8.33e-01   5.02e-01   8.28e+00   8.41e+00 (  1.61e+02,  1.92e+02)
70      0.386   9.76e-01   9.96e-01   5.89e-01   9.85e+00   9.79e+00 (  1.57e+02,  1.80e+02)
75      0.424   1.11e+00   1.12e+00   6.37e-01   1.04e+01   1.03e+01 (  1.48e+02,  1.69e+02)
80      0.441   1.17e+00   1.24e+00   6.56e-01   1.06e+01   1.03e+01 (  1.42e+02,  1.58e+02)
85      0.380   9.69e-01   1.19e+00   6.93e-01   8.52e+00   9.92e+00 (  1.23e+02,  1.48e+02)
90      0.743   1.72e+00   2.53e+00   1.67e+00   2.41e+01   9.47e+00 (  5.25e+02,  1.39e+02)
95      0.844   1.43e+00   2.03e+00   1.51e+00   6.99e+01   9.08e+00 (  1.09e+03,  1.30e+02)
25 n: 8.617e-05 e: 3.019e-05 i: 3.317e-05 :: e: 1.247e-02 i: 1.606e-02 :: n: 3.038e+01 e:22.866 i:24.307 v:4.993e+03
>>> tau_he = 5.000000, nhe(0)=3.597349e+00
 5   -197.086   7.69e-03   4.53e-01   2.06e-03  -1.14e-01   2.48e-07 (  3.53e+00,  5.72e+01)
10   -812.274   4.69e-02   5.36e-02  -4.56e-03  -2.12e+00   4.42e-06 (  3.37e+01,  1.12e+02)
15    -81.712   1.49e-01   7.80e-02   5.44e-02  -3.26e+00   5.40e-05 (  1.05e+02,  1.58e+02)
20     -7.226   1.51e-01   1.12e-01   9.00e-02  -3.45e+00   5.01e-04 (  1.16e+02,  1.95e+02)
25     -0.424   1.85e-01   1.29e-01   1.68e-02  -1.70e+00   3.62e-03 (  1.46e+02,  2.23e+02)
30     -0.051   2.14e-01   1.51e-01   1.90e-02  -4.37e-01   2.05e-02 (  1.63e+02,  2.43e+02)
35     -0.003   2.53e-01   1.84e-01   6.03e-02  -2.75e-02   9.21e-02 (  1.76e+02,  2.51e+02)
40      0.005   2.81e-01   2.18e-01   1.42e-01   4.77e-02   3.28e-01 (  1.71e+02,  2.49e+02)
45      0.082   3.36e-01   3.29e-01   1.84e-01   9.88e-01   9.36e-01 (  1.84e+02,  2.42e+02)
50      0.108   3.58e-01   4.22e-01   1.95e-01   1.99e+00   2.15e+00 (  1.74e+02,  2.30e+02)
55      0.160   4.26e-01   5.48e-01   2.55e-01   3.79e+00   4.05e+00 (  1.68e+02,  2.17e+02)
60      0.239   5.69e-01   6.85e-01   3.85e-01   6.18e+00   6.33e+00 (  1.66e+02,  2.05e+02)
65      0.320   7.72e-01   8.41e-01   5.08e-01   8.37e+00   8.41e+00 (  1.64e+02,  1.92e+02)
70      0.389   9.83e-01   1.00e+00   5.92e-01   9.93e+00   9.79e+00 (  1.59e+02,  1.80e+02)
75      0.427   1.11e+00   1.13e+00   6.40e-01   1.05e+01   1.03e+01 (  1.50e+02,  1.69e+02)
80      0.443   1.17e+00   1.24e+00   6.57e-01   1.06e+01   1.03e+01 (  1.43e+02,  1.58e+02)
85      0.380   9.70e-01   1.19e+00   6.92e-01   8.54e+00   9.92e+00 (  1.24e+02,  1.48e+02)
90      0.743   1.72e+00   2.53e+00   1.67e+00   2.41e+01   9.47e+00 (  5.26e+02,  1.39e+02)
95      0.844   1.43e+00   2.03e+00   1.51e+00   6.99e+01   9.08e+00 (  1.09e+03,  1.30e+02)
26 n: 2.079e-05 e: 1.471e-05 i: 2.154e-05 :: e: 9.661e-03 i: 1.490e-02 :: n: 3.048e+01 e:22.770 i:24.398 v:4.993e+03
>>> tau_he = 5.000000, nhe(0)=3.625822e+00
 5   -197.296   7.76e-03   4.56e-01   2.07e-03  -1.15e-01   2.48e-07 (  3.56e+00,  5.72e+01)
10   -804.446   4.65e-02   5.32e-02  -4.64e-03  -2.10e+00   4.42e-06 (  3.34e+01,  1.12e+02)
15    -80.846   1.49e-01   7.67e-02   5.20e-02  -3.23e+00   5.40e-05 (  1.05e+02,  1.58e+02)
20     -7.169   1.51e-01   1.10e-01   8.66e-02  -3.42e+00   5.01e-04 (  1.16e+02,  1.95e+02)
25     -0.414   1.84e-01   1.27e-01   1.54e-02  -1.67e+00   3.62e-03 (  1.45e+02,  2.23e+02)
30     -0.019   2.11e-01   1.46e-01   1.53e-02  -1.77e-01   2.05e-02 (  1.60e+02,  2.43e+02)
35      0.013   2.48e-01   1.79e-01   4.98e-02   1.29e-01   9.21e-02 (  1.71e+02,  2.51e+02)
40      0.063   3.26e-01   3.17e-01   1.83e-01   6.30e-01   3.28e-01 (  1.98e+02,  2.49e+02)
45      0.082   3.35e-01   3.27e-01   1.85e-01   9.84e-01   9.36e-01 (  1.82e+02,  2.42e+02)
50      0.108   3.56e-01   4.16e-01   1.93e-01   1.97e+00   2.15e+00 (  1.71e+02,  2.30e+02)
55      0.159   4.22e-01   5.43e-01   2.52e-01   3.77e+00   4.05e+00 (  1.65e+02,  2.17e+02)
60      0.236   5.62e-01   6.79e-01   3.82e-01   6.11e+00   6.33e+00 (  1.63e+02,  2.05e+02)
65      0.317   7.64e-01   8.34e-01   5.03e-01   8.28e+00   8.41e+00 (  1.61e+02,  1.92e+02)
70      0.386   9.75e-01   9.96e-01   5.89e-01   9.84e+00   9.79e+00 (  1.57e+02,  1.80e+02)
75      0.424   1.11e+00   1.13e+00   6.38e-01   1.04e+01   1.03e+01 (  1.48e+02,  1.69e+02)
80      0.441   1.17e+00   1.24e+00   6.57e-01   1.06e+01   1.03e+01 (  1.42e+02,  1.58e+02)
85      0.380   9.70e-01   1.19e+00   6.94e-01   8.53e+00   9.92e+00 (  1.23e+02,  1.48e+02)
90      0.743   1.72e+00   2.53e+00   1.67e+00   2.41e+01   9.47e+00 (  5.26e+02,  1.39e+02)
95      0.844   1.43e+00   2.03e+00   1.51e+00   6.99e+01   9.08e+00 (  1.09e+03,  1.30e+02)
27 n: 1.223e-05 e: 1.777e-05 i: 1.615e-05 :: e: 8.373e-03 i: 1.069e-02 :: n: 3.036e+01 e:22.869 i:24.343 v:4.993e+03
>>> tau_he = 5.000000, nhe(0)=3.595718e+00
 5   -197.749   7.73e-03   4.54e-01   2.07e-03  -1.15e-01   2.48e-07 (  3.55e+00,  5.72e+01)
10   -811.005   4.68e-02   5.35e-02  -4.53e-03  -2.12e+00   4.42e-06 (  3.36e+01,  1.12e+02)
15    -81.115   1.49e-01   7.87e-02   5.49e-02  -3.23e+00   5.40e-05 (  1.05e+02,  1.58e+02)
20     -7.231   1.52e-01   1.13e-01   9.03e-02  -3.45e+00   5.01e-04 (  1.16e+02,  1.95e+02)
25     -0.414   1.85e-01   1.29e-01   1.65e-02  -1.68e+00   3.62e-03 (  1.46e+02,  2.23e+02)
30     -0.035   2.13e-01   1.50e-01   1.62e-02  -3.12e-01   2.05e-02 (  1.62e+02,  2.43e+02)
35     -0.006   2.54e-01   1.85e-01   6.27e-02  -5.58e-02   9.21e-02 (  1.77e+02,  2.51e+02)
40      0.003   2.82e-01   2.19e-01   1.44e-01   2.38e-02   3.28e-01 (  1.72e+02,  2.49e+02)
45      0.081   3.38e-01   3.30e-01   1.90e-01   9.58e-01   9.36e-01 (  1.85e+02,  2.42e+02)
50      0.108   3.59e-01   4.21e-01   1.95e-01   1.97e+00   2.15e+00 (  1.74e+02,  2.30e+02)
55      0.160   4.26e-01   5.49e-01   2.55e-01   3.79e+00   4.05e+00 (  1.68e+02,  2.17e+02)
60      0.239   5.69e-01   6.86e-01   3.85e-01   6.17e+00   6.33e+00 (  1.66e+02,  2.05e+02)
65      0.320   7.71e-01   8.41e-01   5.09e-01   8.37e+00   8.41e+00 (  1.64e+02,  1.92e+02)
70      0.389   9.81e-01   1.00e+00   5.92e-01   9.91e+00   9.79e+00 (  1.59e+02,  1.80e+02)
75      0.427   1.11e+00   1.13e+00   6.41e-01   1.05e+01   1.03e+01 (  1.50e+02,  1.69e+02)
80      0.443   1.17e+00   1.24e+00   6.59e-01   1.06e+01   1.03e+01 (  1.43e+02,  1.58e+02)
85      0.380   9.70e-01   1.19e+00   6.94e-01   8.54e+00   9.92e+00 (  1.24e+02,  1.48e+02)
90      0.743   1.72e+00   2.53e+00   1.67e+00   2.41e+01   9.47e+00 (  5.26e+02,  1.39e+02)
95      0.844   1.43e+00   2.03e+00   1.51e+00   6.99e+01   9.08e+00 (  1.09e+03,  1.30e+02)
28 n: 1.943e-05 e: 1.677e-05 i: 1.867e-05 :: e: 8.843e-03 i: 1.377e-02 :: n: 3.047e+01 e:22.768 i:24.425 v:4.993e+03
>>> tau_he = 5.000000, nhe(0)=3.625012e+00
 5   -197.970   7.79e-03   4.57e-01   2.08e-03  -1.15e-01   2.48e-07 (  3.58e+00,  5.72e+01)
10   -803.690   4.64e-02   5.32e-02  -4.59e-03  -2.10e+00   4.42e-06 (  3.33e+01,  1.12e+02)
15    -80.302   1.49e-01   7.74e-02   5.24e-02  -3.20e+00   5.40e-05 (  1.05e+02,  1.58e+02)
20     -7.172   1.51e-01   1.11e-01   8.67e-02  -3.42e+00   5.01e-04 (  1.16e+02,  1.95e+02)
25     -0.406   1.84e-01   1.27e-01   1.49e-02  -1.65e+00   3.62e-03 (  1.44e+02,  2.23e+02)
30      0.010   2.08e-01   1.43e-01   1.36e-02   9.75e-02   2.05e-02 (  1.58e+02,  2.43e+02)
35      0.011   2.49e-01   1.81e-01   5.15e-02   1.08e-01   9.21e-02 (  1.72e+02,  2.51e+02)
40      0.062   3.27e-01   3.18e-01   1.85e-01   6.18e-01   3.28e-01 (  1.98e+02,  2.49e+02)
45      0.081   3.36e-01   3.26e-01   1.89e-01   9.59e-01   9.36e-01 (  1.82e+02,  2.42e+02)
50      0.107   3.55e-01   4.15e-01   1.93e-01   1.95e+00   2.15e+00 (  1.71e+02,  2.30e+02)
55      0.159   4.22e-01   5.43e-01   2.52e-01   3.76e+00   4.05e+00 (  1.65e+02,  2.17e+02)
60      0.236   5.62e-01   6.79e-01   3.81e-01   6.10e+00   6.33e+00 (  1.63e+02,  2.05e+02)
65      0.317   7.64e-01   8.35e-01   5.03e-01   8.28e+00   8.41e+00 (  1.61e+02,  1.92e+02)
70      0.386   9.74e-01   9.96e-01   5.89e-01   9.83e+00   9.79e+00 (  1.57e+02,  1.80e+02)
75      0.424   1.11e+00   1.13e+00   6.39e-01   1.04e+01   1.03e+01 (  1.49e+02,  1.69e+02)
80      0.441   1.17e+00   1.24e+00   6.58e-01   1.06e+01   1.03e+01 (  1.42e+02,  1.58e+02)
85      0.380   9.69e-01   1.19e+00   6.96e-01   8.54e+00   9.92e+00 (  1.24e+02,  1.48e+02)
90      0.743   1.72e+00   2.53e+00   1.67e+00   2.41e+01   9.47e+00 (  5.26e+02,  1.39e+02)
95      0.844   1.43e+00   2.03e+00   1.51e+00   6.99e+01   9.08e+00 (  1.09e+03,  1.30e+02)
29 n: 1.077e-05 e: 1.635e-05 i: 1.866e-05 :: e: 8.022e-03 i: 9.617e-03 :: n: 3.031e+01 e:22.863 i:24.362 v:4.993e+03
>>> tau_he = 5.000000, nhe(0)=3.588779e+00
 5   -197.694   7.75e-03   4.55e-01   2.08e-03  -1.15e-01   2.48e-07 (  3.56e+00,  5.72e+01)
10   -809.449   4.68e-02   5.35e-02  -4.48e-03  -2.11e+00   4.42e-06 (  3.35e+01,  1.12e+02)
15    -80.423   1.50e-01   7.94e-02   5.56e-02  -3.21e+00   5.40e-05 (  1.05e+02,  1.58e+02)
20     -7.275   1.52e-01   1.23e-01   5.56e-02  -3.47e+00   5.01e-04 (  1.16e+02,  1.95e+02)
25     -0.428   1.86e-01   1.30e-01   1.80e-02  -1.70e+00   3.62e-03 (  1.46e+02,  2.23e+02)
30     -0.050   2.16e-01   1.51e-01   1.98e-02  -4.26e-01   2.05e-02 (  1.64e+02,  2.43e+02)
35     -0.003   2.54e-01   1.85e-01   6.09e-02  -2.48e-02   9.21e-02 (  1.76e+02,  2.51e+02)
40      0.002   2.82e-01   2.19e-01   1.45e-01   2.15e-02   3.28e-01 (  1.72e+02,  2.49e+02)
45      0.077   3.43e-01   3.29e-01   1.94e-01   9.01e-01   9.36e-01 (  1.87e+02,  2.42e+02)
50      0.107   3.58e-01   4.20e-01   1.95e-01   1.95e+00   2.15e+00 (  1.74e+02,  2.30e+02)
55      0.159   4.26e-01   5.48e-01   2.55e-01   3.78e+00   4.05e+00 (  1.68e+02,  2.17e+02)
60      0.239   5.69e-01   6.86e-01   3.85e-01   6.16e+00   6.33e+00 (  1.66e+02,  2.05e+02)
65      0.320   7.71e-01   8.42e-01   5.09e-01   8.36e+00   8.41e+00 (  1.64e+02,  1.92e+02)
70      0.388   9.80e-01   1.00e+00   5.92e-01   9.90e+00   9.79e+00 (  1.60e+02,  1.80e+02)
75      0.427   1.11e+00   1.13e+00   6.41e-01   1.05e+01   1.03e+01 (  1.50e+02,  1.69e+02)
80      0.443   1.17e+00   1.25e+00   6.59e-01   1.06e+01   1.03e+01 (  1.44e+02,  1.58e+02)
85      0.380   9.70e-01   1.19e+00   6.95e-01   8.54e+00   9.92e+00 (  1.24e+02,  1.48e+02)
90      0.743   1.72e+00   2.53e+00   1.67e+00   2.41e+01   9.47e+00 (  5.27e+02,  1.39e+02)
95      0.844   1.43e+00   2.03e+00   1.51e+00   6.99e+01   9.08e+00 (  1.09e+03,  1.30e+02)
30 n: 1.465e-05 e: 2.148e-05 i: 1.737e-05 :: e: 8.584e-03 i: 1.342e-02 :: n: 3.043e+01 e:22.749 i:24.432 v:4.993e+03
>>> tau_he = 5.000000, nhe(0)=3.618845e+00
 5   -197.641   7.80e-03   4.57e-01   2.09e-03  -1.15e-01   2.48e-07 (  3.59e+00,  5.72e+01)
10   -802.269   4.64e-02   5.33e-02  -4.50e-03  -2.10e+00   4.42e-06 (  3.31e+01,  1.12e+02)
15    -79.564   1.49e-01   7.80e-02   5.29e-02  -3.18e+00   5.40e-05 (  1.04e+02,  1.58e+02)
20     -7.139   1.51e-01   1.11e-01   8.71e-02  -3.41e+00   5.01e-04 (  1.16e+02,  1.95e+02)
25     -0.415   1.84e-01   1.27e-01   1.63e-02  -1.67e+00   3.62e-03 (  1.44e+02,  2.23e+02)
30     -0.029   2.11e-01   1.47e-01   1.42e-02  -2.63e-01   2.05e-02 (  1.60e+02,  2.43e+02)
35      0.076   3.19e-01   2.91e-01   1.43e-01   7.62e-01   9.21e-02 (  2.20e+02,  2.51e+02)
40      0.063   3.27e-01   3.18e-01   1.85e-01   6.19e-01   3.28e-01 (  1.98e+02,  2.49e+02)
45      0.081   3.35e-01   3.26e-01   1.91e-01   9.48e-01   9.36e-01 (  1.81e+02,  2.42e+02)
50      0.107   3.55e-01   4.14e-01   1.93e-01   1.94e+00   2.15e+00 (  1.70e+02,  2.30e+02)
55      0.159   4.21e-01   5.43e-01   2.51e-01   3.75e+00   4.05e+00 (  1.65e+02,  2.17e+02)
60      0.236   5.62e-01   6.79e-01   3.81e-01   6.09e+00   6.33e+00 (  1.63e+02,  2.05e+02)
65      0.317   7.64e-01   8.35e-01   5.03e-01   8.28e+00   8.41e+00 (  1.62e+02,  1.92e+02)
70      0.386   9.73e-01   9.96e-01   5.89e-01   9.82e+00   9.79e+00 (  1.58e+02,  1.80e+02)
75      0.424   1.11e+00   1.13e+00   6.39e-01   1.04e+01   1.03e+01 (  1.49e+02,  1.69e+02)
80      0.441   1.17e+00   1.24e+00   6.59e-01   1.06e+01   1.03e+01 (  1.43e+02,  1.58e+02)
85      0.380   9.69e-01   1.19e+00   6.97e-01   8.54e+00   9.92e+00 (  1.24e+02,  1.48e+02)
90      0.743   1.72e+00   2.53e+00   1.67e+00   2.41e+01   9.47e+00 (  5.26e+02,  1.39e+02)
95      0.844   1.43e+00   2.03e+00   1.51e+00   6.99e+01   9.08e+00 (  1.09e+03,  1.30e+02)
31 n: 1.504e-05 e: 3.247e-05 i: 8.594e-05 :: e: 1.321e-02 i: 1.679e-02 :: n: 3.024e+01 e:22.828 i:24.331 v:4.993e+03
>>> tau_he = 5.000000, nhe(0)=3.572886e+00
 5   -197.647   7.73e-03   4.53e-01   2.08e-03  -1.15e-01   2.48e-07 (  3.55e+00,  5.72e+01)
10   -811.631   4.68e-02   5.38e-02  -4.27e-03  -2.12e+00   4.42e-06 (  3.34e+01,  1.12e+02)
15    -79.736   1.49e-01   8.06e-02   5.65e-02  -3.18e+00   5.40e-05 (  1.04e+02,  1.58e+02)
20     -7.247   1.52e-01   1.23e-01   5.50e-02  -3.46e+00   5.01e-04 (  1.16e+02,  1.95e+02)
25     -0.414   1.86e-01   1.30e-01   1.62e-02  -1.67e+00   3.62e-03 (  1.45e+02,  2.23e+02)
30     -0.065   2.15e-01   1.53e-01   2.52e-02  -5.32e-01   2.05e-02 (  1.63e+02,  2.43e+02)
35     -0.043   2.53e-01   1.85e-01   6.89e-02  -3.60e-01   9.21e-02 (  1.73e+02,  2.51e+02)
40      0.001   2.82e-01   2.19e-01   1.45e-01   1.39e-02   3.28e-01 (  1.71e+02,  2.49e+02)
45      0.077   3.43e-01   3.28e-01   1.95e-01   8.96e-01   9.36e-01 (  1.87e+02,  2.42e+02)
50      0.107   3.58e-01   4.20e-01   1.95e-01   1.95e+00   2.15e+00 (  1.73e+02,  2.30e+02)
55      0.160   4.26e-01   5.49e-01   2.55e-01   3.78e+00   4.05e+00 (  1.68e+02,  2.17e+02)
60      0.239   5.69e-01   6.86e-01   3.85e-01   6.16e+00   6.33e+00 (  1.66e+02,  2.05e+02)
65      0.320   7.71e-01   8.42e-01   5.09e-01   8.36e+00   8.41e+00 (  1.64e+02,  1.92e+02)
70      0.388   9.80e-01   1.00e+00   5.92e-01   9.89e+00   9.79e+00 (  1.60e+02,  1.80e+02)
75      0.427   1.11e+00   1.13e+00   6.41e-01   1.05e+01   1.03e+01 (  1.50e+02,  1.69e+02)
80      0.443   1.17e+00   1.25e+00   6.60e-01   1.06e+01   1.03e+01 (  1.44e+02,  1.58e+02)
85      0.380   9.70e-01   1.19e+00   6.96e-01   8.55e+00   9.92e+00 (  1.25e+02,  1.48e+02)
90      0.743   1.72e+00   2.53e+00   1.67e+00   2.41e+01   9.47e+00 (  5.27e+02,  1.39e+02)
95      0.844   1.43e+00   2.03e+00   1.51e+00   6.99e+01   9.08e+00 (  1.09e+03,  1.30e+02)
32 n: 1.483e-05 e: 3.285e-05 i: 1.325e-05 :: e: 7.581e-03 i: 1.300e-02 :: n: 3.036e+01 e:22.684 i:24.385 v:4.993e+03
>>> tau_he = 5.000000, nhe(0)=3.599850e+00
 5   -197.114   7.77e-03   4.54e-01   2.09e-03  -1.15e-01   2.48e-07 (  3.56e+00,  5.72e+01)
10   -800.770   4.63e-02   5.56e-02  -3.44e-03  -2.09e+00   4.42e-06 (  3.29e+01,  1.12e+02)
15    -78.641   1.49e-01   7.88e-02   5.37e-02  -3.14e+00   5.40e-05 (  1.03e+02,  1.58e+02)
20     -7.081   1.51e-01   1.11e-01   8.80e-02  -3.38e+00   5.01e-04 (  1.15e+02,  1.95e+02)
25     -0.402   1.84e-01   1.27e-01   1.58e-02  -1.63e+00   3.62e-03 (  1.43e+02,  2.23e+02)
30     -0.041   2.11e-01   1.49e-01   1.99e-02  -3.60e-01   2.05e-02 (  1.58e+02,  2.43e+02)
35      0.000   2.46e-01   1.78e-01   6.03e-02   4.56e-03   9.21e-02 (  1.67e+02,  2.51e+02)
40      0.063   3.25e-01   3.16e-01   1.85e-01   6.15e-01   3.28e-01 (  1.95e+02,  2.49e+02)
45      0.044   2.90e-01   2.53e-01   1.57e-01   5.15e-01   9.36e-01 (  1.56e+02,  2.42e+02)
50      0.107   3.54e-01   4.13e-01   1.92e-01   1.93e+00   2.15e+00 (  1.70e+02,  2.30e+02)
55      0.158   4.21e-01   5.42e-01   2.51e-01   3.74e+00   4.05e+00 (  1.64e+02,  2.17e+02)
60      0.236   5.62e-01   6.78e-01   3.80e-01   6.08e+00   6.33e+00 (  1.63e+02,  2.05e+02)
65      0.317   7.64e-01   8.35e-01   5.03e-01   8.27e+00   8.41e+00 (  1.61e+02,  1.92e+02)
70      0.385   9.73e-01   9.95e-01   5.89e-01   9.81e+00   9.79e+00 (  1.57e+02,  1.80e+02)
75      0.424   1.11e+00   1.13e+00   6.39e-01   1.04e+01   1.03e+01 (  1.49e+02,  1.69e+02)
80      0.441   1.17e+00   1.24e+00   6.59e-01   1.06e+01   1.03e+01 (  1.43e+02,  1.58e+02)
85      0.380   9.69e-01   1.19e+00   6.97e-01   8.54e+00   9.92e+00 (  1.24e+02,  1.48e+02)
90      0.743   1.72e+00   2.53e+00   1.67e+00   2.41e+01   9.47e+00 (  5.26e+02,  1.39e+02)
95      0.844   1.43e+00   2.03e+00   1.51e+00   6.99e+01   9.08e+00 (  1.09e+03,  1.30e+02)
33 n: 7.517e-05 e: 2.026e-05 i: 3.486e-05 :: e: 1.064e-02 i: 1.355e-02 :: n: 3.041e+01 e:22.773 i:24.286 v:4.993e+03
>>> tau_he = 5.000000, nhe(0)=3.601423e+00
 5   -197.307   7.72e-03   4.53e-01   2.08e-03  -1.15e-01   2.48e-07 (  3.56e+00,  5.72e+01)
10   -805.700   4.64e-02   5.35e-02  -4.30e-03  -2.11e+00   4.42e-06 (  3.32e+01,  1.12e+02)
15    -79.290   1.49e-01   7.92e-02   5.48e-02  -3.17e+00   5.40e-05 (  1.04e+02,  1.58e+02)
20     -7.217   1.51e-01   1.21e-01   5.29e-02  -3.45e+00   5.01e-04 (  1.15e+02,  1.95e+02)
25     -0.404   1.84e-01   1.28e-01   1.54e-02  -1.64e+00   3.62e-03 (  1.44e+02,  2.23e+02)
30     -0.018   2.10e-01   1.48e-01   1.61e-02  -1.73e-01   2.05e-02 (  1.59e+02,  2.43e+02)
35     -0.002   2.48e-01   1.80e-01   6.17e-02  -1.43e-02   9.21e-02 (  1.69e+02,  2.51e+02)
40      0.005   2.79e-01   2.17e-01   1.42e-01   4.64e-02   3.28e-01 (  1.68e+02,  2.49e+02)
45      0.082   3.35e-01   3.30e-01   1.87e-01   9.86e-01   9.36e-01 (  1.83e+02,  2.42e+02)
50      0.108   3.57e-01   4.20e-01   1.95e-01   1.97e+00   2.15e+00 (  1.72e+02,  2.30e+02)
55      0.159   4.24e-01   5.46e-01   2.54e-01   3.76e+00   4.05e+00 (  1.66e+02,  2.17e+02)
60      0.238   5.68e-01   6.84e-01   3.85e-01   6.15e+00   6.33e+00 (  1.66e+02,  2.05e+02)
65      0.320   7.71e-01   8.41e-01   5.09e-01   8.36e+00   8.41e+00 (  1.64e+02,  1.92e+02)
70      0.388   9.80e-01   1.00e+00   5.92e-01   9.89e+00   9.79e+00 (  1.59e+02,  1.80e+02)
75      0.427   1.11e+00   1.13e+00   6.41e-01   1.05e+01   1.03e+01 (  1.50e+02,  1.69e+02)
80      0.443   1.17e+00   1.25e+00   6.59e-01   1.07e+01   1.03e+01 (  1.44e+02,  1.58e+02)
85      0.380   9.70e-01   1.19e+00   6.95e-01   8.55e+00   9.92e+00 (  1.24e+02,  1.48e+02)
90      0.743   1.72e+00   2.53e+00   1.67e+00   2.41e+01   9.47e+00 (  5.26e+02,  1.39e+02)
95      0.844   1.43e+00   2.03e+00   1.51e+00   6.99e+01   9.08e+00 (  1.09e+03,  1.30e+02)
34 n: 1.996e-05 e: 1.342e-05 i: 2.039e-05 :: e: 6.259e-03 i: 1.172e-02 :: n: 3.052e+01 e:22.691 i:24.339 v:4.993e+03
>>> tau_he = 5.000000, nhe(0)=3.627254e+00
 5   -197.001   7.76e-03   4.55e-01   2.08e-03  -1.15e-01   2.48e-07 (  3.57e+00,  5.72e+01)
10   -796.920   4.59e-02   5.28e-02  -4.47e-03  -2.08e+00   4.42e-06 (  3.28e+01,  1.12e+02)
15    -78.590   1.48e-01   7.71e-02   5.27e-02  -3.14e+00   5.40e-05 (  1.03e+02,  1.58e+02)
20     -7.100   1.50e-01   1.09e-01   8.66e-02  -3.39e+00   5.01e-04 (  1.14e+02,  1.95e+02)
25     -0.398   1.83e-01   1.26e-01   1.64e-02  -1.63e+00   3.62e-03 (  1.43e+02,  2.23e+02)
30      0.019   2.05e-01   1.41e-01   1.33e-02   1.95e-01   2.05e-02 (  1.55e+02,  2.43e+02)
35      0.014   2.44e-01   1.78e-01   6.28e-02   1.42e-01   9.21e-02 (  1.67e+02,  2.51e+02)
40      0.063   3.25e-01   3.16e-01   1.83e-01   6.22e-01   3.28e-01 (  1.96e+02,  2.49e+02)
45      0.082   3.34e-01   3.27e-01   1.88e-01   9.80e-01   9.36e-01 (  1.81e+02,  2.42e+02)
50      0.107   3.54e-01   4.15e-01   1.93e-01   1.95e+00   2.15e+00 (  1.70e+02,  2.30e+02)
55      0.158   4.20e-01   5.41e-01   2.51e-01   3.74e+00   4.05e+00 (  1.64e+02,  2.17e+02)
60      0.236   5.62e-01   6.78e-01   3.80e-01   6.08e+00   6.33e+00 (  1.63e+02,  2.05e+02)
65      0.317   7.64e-01   8.34e-01   5.03e-01   8.27e+00   8.41e+00 (  1.61e+02,  1.92e+02)
70      0.385   9.73e-01   9.94e-01   5.88e-01   9.81e+00   9.79e+00 (  1.57e+02,  1.80e+02)
75      0.424   1.11e+00   1.13e+00   6.39e-01   1.04e+01   1.03e+01 (  1.49e+02,  1.69e+02)
80      0.442   1.17e+00   1.24e+00   6.58e-01   1.06e+01   1.03e+01 (  1.43e+02,  1.58e+02)
85      0.380   9.70e-01   1.19e+00   6.96e-01   8.54e+00   9.92e+00 (  1.24e+02,  1.48e+02)
90      0.743   1.72e+00   2.53e+00   1.67e+00   2.41e+01   9.47e+00 (  5.26e+02,  1.39e+02)
95      0.844   1.43e+00   2.03e+00   1.51e+00   6.99e+01   9.08e+00 (  1.09e+03,  1.30e+02)
35 n: 1.204e-05 e: 1.657e-05 i: 1.667e-05 :: e: 7.157e-03 i: 9.016e-03 :: n: 3.032e+01 e:22.779 i:24.292 v:4.993e+03
>>> tau_he = 5.000000, nhe(0)=3.584844e+00
 5   -196.121   7.70e-03   4.53e-01   2.08e-03  -1.14e-01   2.48e-07 (  3.54e+00,  5.72e+01)
10   -798.498   4.62e-02   5.51e-02  -3.53e-03  -2.09e+00   4.42e-06 (  3.28e+01,  1.12e+02)
15    -78.543   1.49e-01   7.91e-02   5.62e-02  -3.14e+00   5.40e-05 (  1.03e+02,  1.58e+02)
20     -7.123   1.51e-01   1.12e-01   9.12e-02  -3.41e+00   5.01e-04 (  1.15e+02,  1.95e+02)
25     -0.416   1.84e-01   1.29e-01   2.00e-02  -1.67e+00   3.62e-03 (  1.44e+02,  2.23e+02)
30     -0.049   2.13e-01   1.51e-01   2.08e-02  -4.21e-01   2.05e-02 (  1.61e+02,  2.43e+02)
35     -0.004   2.50e-01   1.82e-01   6.25e-02  -3.47e-02   9.21e-02 (  1.72e+02,  2.51e+02)
40      0.003   2.80e-01   2.18e-01   1.44e-01   2.93e-02   3.28e-01 (  1.70e+02,  2.49e+02)
45      0.081   3.37e-01   3.30e-01   1.91e-01   9.57e-01   9.36e-01 (  1.84e+02,  2.42e+02)
50      0.108   3.57e-01   4.20e-01   1.95e-01   1.96e+00   2.15e+00 (  1.72e+02,  2.30e+02)
55      0.159   4.25e-01   5.47e-01   2.54e-01   3.76e+00   4.05e+00 (  1.67e+02,  2.17e+02)
60      0.238   5.68e-01   6.84e-01   3.85e-01   6.15e+00   6.33e+00 (  1.66e+02,  2.05e+02)
65      0.320   7.71e-01   8.41e-01   5.08e-01   8.35e+00   8.41e+00 (  1.64e+02,  1.92e+02)
70      0.388   9.80e-01   1.00e+00   5.91e-01   9.88e+00   9.79e+00 (  1.59e+02,  1.80e+02)
75      0.427   1.11e+00   1.13e+00   6.41e-01   1.05e+01   1.03e+01 (  1.50e+02,  1.69e+02)
80      0.443   1.17e+00   1.25e+00   6.59e-01   1.07e+01   1.03e+01 (  1.44e+02,  1.58e+02)
85      0.380   9.70e-01   1.19e+00   6.95e-01   8.55e+00   9.92e+00 (  1.24e+02,  1.48e+02)
90      0.743   1.72e+00   2.53e+00   1.67e+00   2.41e+01   9.47e+00 (  5.26e+02,  1.39e+02)
95      0.844   1.43e+00   2.03e+00   1.51e+00   6.99e+01   9.08e+00 (  1.09e+03,  1.30e+02)
36 n: 1.793e-05 e: 1.723e-05 i: 1.917e-05 :: e: 5.633e-03 i: 1.035e-02 :: n: 3.044e+01 e:22.681 i:24.371 v:4.993e+03
>>> tau_he = 5.000000, nhe(0)=3.614339e+00
 5   -196.224   7.76e-03   4.56e-01   2.09e-03  -1.14e-01   2.48e-07 (  3.56e+00,  5.72e+01)
10   -792.227   4.59e-02   5.48e-02  -3.62e-03  -2.08e+00   4.42e-06 (  3.26e+01,  1.12e+02)
15    -77.980   1.48e-01   7.78e-02   5.35e-02  -3.12e+00   5.40e-05 (  1.03e+02,  1.58e+02)
20     -7.070   1.51e-01   1.10e-01   8.74e-02  -3.38e+00   5.01e-04 (  1.15e+02,  1.95e+02)
25     -0.406   1.83e-01   1.27e-01   1.74e-02  -1.64e+00   3.62e-03 (  1.43e+02,  2.23e+02)
30     -0.022   2.10e-01   1.47e-01   1.69e-02  -2.08e-01   2.05e-02 (  1.58e+02,  2.43e+02)
35      0.013   2.45e-01   1.78e-01   5.15e-02   1.27e-01   9.21e-02 (  1.68e+02,  2.51e+02)
40      0.063   3.26e-01   3.16e-01   1.85e-01   6.17e-01   3.28e-01 (  1.96e+02,  2.49e+02)
45      0.082   3.35e-01   3.26e-01   1.91e-01   9.56e-01   9.36e-01 (  1.81e+02,  2.42e+02)
50      0.107   3.54e-01   4.13e-01   1.93e-01   1.93e+00   2.15e+00 (  1.69e+02,  2.30e+02)
55      0.158   4.20e-01   5.41e-01   2.51e-01   3.74e+00   4.05e+00 (  1.64e+02,  2.17e+02)
60      0.236   5.62e-01   6.78e-01   3.80e-01   6.08e+00   6.33e+00 (  1.63e+02,  2.05e+02)
65      0.317   7.64e-01   8.34e-01   5.03e-01   8.27e+00   8.41e+00 (  1.61e+02,  1.92e+02)
70      0.385   9.73e-01   9.94e-01   5.88e-01   9.81e+00   9.79e+00 (  1.57e+02,  1.80e+02)
75      0.424   1.11e+00   1.13e+00   6.39e-01   1.04e+01   1.03e+01 (  1.49e+02,  1.69e+02)
80      0.442   1.17e+00   1.24e+00   6.59e-01   1.06e+01   1.03e+01 (  1.43e+02,  1.58e+02)
85      0.380   9.70e-01   1.19e+00   6.96e-01   8.54e+00   9.92e+00 (  1.24e+02,  1.48e+02)
90      0.743   1.72e+00   2.53e+00   1.67e+00   2.41e+01   9.47e+00 (  5.26e+02,  1.39e+02)
95      0.844   1.43e+00   2.03e+00   1.51e+00   6.99e+01   9.08e+00 (  1.09e+03,  1.30e+02)
37 n: 1.286e-05 e: 1.545e-05 i: 1.771e-05 :: e: 6.154e-03 i: 7.742e-03 :: n: 3.032e+01 e:22.777 i:24.301 v:4.993e+03
>>> tau_he = 5.000000, nhe(0)=3.584871e+00
 5   -196.514   7.72e-03   4.54e-01   2.09e-03  -1.14e-01   2.48e-07 (  3.55e+00,  5.72e+01)
10   -799.099   4.62e-02   5.52e-02  -3.53e-03  -2.09e+00   4.42e-06 (  3.29e+01,  1.12e+02)
15    -78.472   1.49e-01   7.95e-02   5.62e-02  -3.14e+00   5.40e-05 (  1.03e+02,  1.58e+02)
20     -7.135   1.51e-01   1.12e-01   9.10e-02  -3.41e+00   5.01e-04 (  1.15e+02,  1.95e+02)
25     -0.407   1.84e-01   1.29e-01   1.84e-02  -1.65e+00   3.62e-03 (  1.44e+02,  2.23e+02)
30     -0.038   2.12e-01   1.51e-01   1.79e-02  -3.44e-01   2.05e-02 (  1.60e+02,  2.43e+02)
35     -0.006   2.52e-01   1.83e-01   6.41e-02  -5.43e-02   9.21e-02 (  1.73e+02,  2.51e+02)
40      0.002   2.81e-01   2.19e-01   1.45e-01   1.70e-02   3.28e-01 (  1.69e+02,  2.49e+02)
45      0.080   3.37e-01   3.29e-01   1.94e-01   9.33e-01   9.36e-01 (  1.83e+02,  2.42e+02)
50      0.107   3.57e-01   4.18e-01   1.94e-01   1.94e+00   2.15e+00 (  1.72e+02,  2.30e+02)
55      0.159   4.24e-01   5.46e-01   2.54e-01   3.76e+00   4.05e+00 (  1.66e+02,  2.17e+02)
60      0.238   5.68e-01   6.84e-01   3.85e-01   6.14e+00   6.33e+00 (  1.65e+02,  2.05e+02)
65      0.320   7.71e-01   8.41e-01   5.08e-01   8.35e+00   8.41e+00 (  1.64e+02,  1.92e+02)
70      0.388   9.79e-01   1.00e+00   5.91e-01   9.88e+00   9.79e+00 (  1.59e+02,  1.80e+02)
75      0.427   1.11e+00   1.13e+00   6.41e-01   1.05e+01   1.03e+01 (  1.50e+02,  1.69e+02)
80      0.443   1.17e+00   1.25e+00   6.59e-01   1.06e+01   1.03e+01 (  1.44e+02,  1.58e+02)
85      0.380   9.70e-01   1.19e+00   6.95e-01   8.55e+00   9.92e+00 (  1.24e+02,  1.48e+02)
90      0.743   1.72e+00   2.53e+00   1.67e+00   2.41e+01   9.47e+00 (  5.26e+02,  1.39e+02)
95      0.844   1.43e+00   2.03e+00   1.51e+00   6.99e+01   9.08e+00 (  1.09e+03,  1.30e+02)
38 n: 1.666e-05 e: 1.711e-05 i: 1.605e-05 :: e: 4.946e-03 i: 8.967e-03 :: n: 3.044e+01 e:22.676 i:24.371 v:4.993e+03
>>> tau_he = 5.000000, nhe(0)=3.614340e+00
 5   -196.484   7.77e-03   4.56e-01   2.09e-03  -1.14e-01   2.48e-07 (  3.57e+00,  5.72e+01)
10   -791.886   4.58e-02   5.47e-02  -3.65e-03  -2.07e+00   4.42e-06 (  3.26e+01,  1.12e+02)
15    -77.852   1.48e-01   7.78e-02   5.35e-02  -3.11e+00   5.40e-05 (  1.03e+02,  1.58e+02)
20     -7.078   1.51e-01   1.11e-01   8.73e-02  -3.39e+00   5.01e-04 (  1.15e+02,  1.95e+02)
25     -0.400   1.83e-01   1.27e-01   1.68e-02  -1.63e+00   3.62e-03 (  1.43e+02,  2.23e+02)
30      0.011   2.09e-01   1.43e-01   1.51e-02   1.03e-01   2.05e-02 (  1.57e+02,  2.43e+02)
35      0.011   2.46e-01   1.79e-01   5.27e-02   1.09e-01   9.21e-02 (  1.69e+02,  2.51e+02)
40      0.062   3.26e-01   3.17e-01   1.86e-01   6.09e-01   3.28e-01 (  1.96e+02,  2.49e+02)
45      0.044   2.90e-01   2.53e-01   1.58e-01   5.09e-01   9.36e-01 (  1.56e+02,  2.42e+02)
50      0.106   3.53e-01   4.12e-01   1.92e-01   1.92e+00   2.15e+00 (  1.69e+02,  2.30e+02)
55      0.158   4.20e-01   5.41e-01   2.51e-01   3.73e+00   4.05e+00 (  1.63e+02,  2.17e+02)
60      0.236   5.61e-01   6.77e-01   3.80e-01   6.08e+00   6.33e+00 (  1.63e+02,  2.05e+02)
65      0.317   7.64e-01   8.34e-01   5.03e-01   8.27e+00   8.41e+00 (  1.61e+02,  1.92e+02)
70      0.385   9.73e-01   9.94e-01   5.88e-01   9.80e+00   9.79e+00 (  1.57e+02,  1.80e+02)
75      0.424   1.11e+00   1.13e+00   6.39e-01   1.04e+01   1.03e+01 (  1.49e+02,  1.69e+02)
80      0.442   1.17e+00   1.24e+00   6.58e-01   1.06e+01   1.03e+01 (  1.43e+02,  1.58e+02)
85      0.380   9.70e-01   1.19e+00   6.96e-01   8.54e+00   9.92e+00 (  1.24e+02,  1.48e+02)
90      0.743   1.72e+00   2.53e+00   1.67e+00   2.41e+01   9.47e+00 (  5.26e+02,  1.39e+02)
95      0.844   1.43e+00   2.03e+00   1.51e+00   6.99e+01   9.08e+00 (  1.09e+03,  1.30e+02)
39 n: 8.208e-05 e: 2.282e-05 i: 3.001e-05 :: e: 9.579e-03 i: 1.267e-02 :: n: 3.034e+01 e:22.775 i:24.306 v:4.993e+03
>>> tau_he = 5.000000, nhe(0)=3.588386e+00
 5   -196.279   7.72e-03   4.55e-01   2.09e-03  -1.14e-01   2.48e-07 (  3.55e+00,  5.72e+01)
10   -796.616   4.61e-02   5.50e-02  -3.59e-03  -2.09e+00   4.42e-06 (  3.28e+01,  1.12e+02)
15    -78.256   1.49e-01   7.92e-02   5.61e-02  -3.13e+00   5.40e-05 (  1.03e+02,  1.58e+02)
20     -7.131   1.51e-01   1.12e-01   9.07e-02  -3.41e+00   5.01e-04 (  1.15e+02,  1.95e+02)
25     -0.422   1.84e-01   1.29e-01   1.97e-02  -1.68e+00   3.62e-03 (  1.44e+02,  2.23e+02)
30     -0.055   2.14e-01   1.51e-01   2.17e-02  -4.67e-01   2.05e-02 (  1.62e+02,  2.43e+02)
35     -0.003   2.51e-01   1.83e-01   6.18e-02  -2.82e-02   9.21e-02 (  1.73e+02,  2.51e+02)
40      0.005   2.80e-01   2.18e-01   1.42e-01   4.54e-02   3.28e-01 (  1.69e+02,  2.49e+02)
45      0.082   3.36e-01   3.30e-01   1.88e-01   9.86e-01   9.36e-01 (  1.83e+02,  2.42e+02)
50      0.108   3.57e-01   4.20e-01   1.95e-01   1.97e+00   2.15e+00 (  1.72e+02,  2.30e+02)
55      0.159   4.24e-01   5.46e-01   2.54e-01   3.76e+00   4.05e+00 (  1.66e+02,  2.17e+02)
60      0.238   5.68e-01   6.83e-01   3.84e-01   6.15e+00   6.33e+00 (  1.65e+02,  2.05e+02)
65      0.320   7.71e-01   8.40e-01   5.08e-01   8.35e+00   8.41e+00 (  1.64e+02,  1.92e+02)
70      0.388   9.80e-01   1.00e+00   5.91e-01   9.88e+00   9.79e+00 (  1.59e+02,  1.80e+02)
75      0.427   1.11e+00   1.13e+00   6.40e-01   1.05e+01   1.03e+01 (  1.50e+02,  1.69e+02)
80      0.443   1.17e+00   1.25e+00   6.59e-01   1.07e+01   1.03e+01 (  1.44e+02,  1.58e+02)
85      0.380   9.71e-01   1.19e+00   6.94e-01   8.55e+00   9.92e+00 (  1.24e+02,  1.48e+02)
90      0.743   1.72e+00   2.53e+00   1.67e+00   2.41e+01   9.47e+00 (  5.26e+02,  1.39e+02)
95      0.844   1.43e+00   2.03e+00   1.51e+00   6.99e+01   9.08e+00 (  1.09e+03,  1.30e+02)
40 n: 1.988e-05 e: 1.440e-05 i: 1.791e-05 :: e: 5.602e-03 i: 9.321e-03 :: n: 3.044e+01 e:22.682 i:24.378 v:4.993e+03
>>> tau_he = 5.000000, nhe(0)=3.615918e+00
 5   -196.156   7.77e-03   4.57e-01   2.09e-03  -1.14e-01   2.48e-07 (  3.57e+00,  5.72e+01)
10   -789.674   4.58e-02   5.45e-02  -3.71e-03  -2.07e+00   4.42e-06 (  3.25e+01,  1.12e+02)
15    -77.660   1.49e-01   7.77e-02   5.36e-02  -3.11e+00   5.40e-05 (  1.03e+02,  1.58e+02)
20     -7.075   1.51e-01   1.11e-01   8.73e-02  -3.39e+00   5.01e-04 (  1.15e+02,  1.95e+02)
25     -0.411   1.83e-01   1.27e-01   1.81e-02  -1.65e+00   3.62e-03 (  1.43e+02,  2.23e+02)
30     -0.033   2.10e-01   1.48e-01   1.61e-02  -3.03e-01   2.05e-02 (  1.59e+02,  2.43e+02)
35      0.013   2.46e-01   1.79e-01   5.12e-02   1.26e-01   9.21e-02 (  1.69e+02,  2.51e+02)
40      0.063   3.25e-01   3.16e-01   1.84e-01   6.24e-01   3.28e-01 (  1.96e+02,  2.49e+02)
45      0.082   3.34e-01   3.27e-01   1.88e-01   9.80e-01   9.36e-01 (  1.81e+02,  2.42e+02)
50      0.107   3.54e-01   4.15e-01   1.93e-01   1.95e+00   2.15e+00 (  1.69e+02,  2.30e+02)
55      0.158   4.20e-01   5.41e-01   2.51e-01   3.74e+00   4.05e+00 (  1.63e+02,  2.17e+02)
60      0.236   5.62e-01   6.77e-01   3.80e-01   6.08e+00   6.33e+00 (  1.63e+02,  2.05e+02)
65      0.317   7.64e-01   8.34e-01   5.03e-01   8.27e+00   8.41e+00 (  1.61e+02,  1.92e+02)
70      0.385   9.73e-01   9.94e-01   5.88e-01   9.81e+00   9.79e+00 (  1.57e+02,  1.80e+02)
75      0.424   1.11e+00   1.13e+00   6.38e-01   1.04e+01   1.03e+01 (  1.49e+02,  1.69e+02)
80      0.442   1.17e+00   1.24e+00   6.58e-01   1.06e+01   1.03e+01 (  1.43e+02,  1.58e+02)
85      0.380   9.70e-01   1.19e+00   6.96e-01   8.54e+00   9.92e+00 (  1.24e+02,  1.48e+02)
90      0.743   1.72e+00   2.53e+00   1.67e+00   2.41e+01   9.47e+00 (  5.26e+02,  1.39e+02)
95      0.844   1.43e+00   2.03e+00   1.51e+00   6.99e+01   9.08e+00 (  1.09e+03,  1.30e+02)
41 n: 1.308e-05 e: 1.517e-05 i: 1.553e-05 :: e: 5.593e-03 i: 7.512e-03 :: n: 3.033e+01 e:22.776 i:24.314 v:4.993e+03
>>> tau_he = 5.000000, nhe(0)=3.587088e+00
 5   -196.318   7.72e-03   4.55e-01   2.09e-03  -1.14e-01   2.48e-07 (  3.55e+00,  5.72e+01)
10   -796.066   4.61e-02   5.49e-02  -3.61e-03  -2.08e+00   4.42e-06 (  3.28e+01,  1.12e+02)
15    -78.102   1.49e-01   7.94e-02   5.63e-02  -3.12e+00   5.40e-05 (  1.03e+02,  1.58e+02)
20     -7.196   1.51e-01   1.22e-01   5.56e-02  -3.44e+00   5.01e-04 (  1.15e+02,  1.95e+02)
25     -0.410   1.84e-01   1.29e-01   1.91e-02  -1.66e+00   3.62e-03 (  1.44e+02,  2.23e+02)
30     -0.043   2.13e-01   1.51e-01   1.89e-02  -3.78e-01   2.05e-02 (  1.61e+02,  2.43e+02)
35     -0.006   2.52e-01   1.84e-01   6.37e-02  -5.12e-02   9.21e-02 (  1.74e+02,  2.51e+02)
40      0.002   2.81e-01   2.19e-01   1.45e-01   2.32e-02   3.28e-01 (  1.70e+02,  2.49e+02)
45      0.081   3.37e-01   3.30e-01   1.92e-01   9.54e-01   9.36e-01 (  1.84e+02,  2.42e+02)
50      0.107   3.57e-01   4.19e-01   1.95e-01   1.95e+00   2.15e+00 (  1.72e+02,  2.30e+02)
55      0.159   4.24e-01   5.47e-01   2.54e-01   3.76e+00   4.05e+00 (  1.66e+02,  2.17e+02)
60      0.238   5.68e-01   6.84e-01   3.85e-01   6.15e+00   6.33e+00 (  1.65e+02,  2.05e+02)
65      0.320   7.71e-01   8.40e-01   5.08e-01   8.35e+00   8.41e+00 (  1.64e+02,  1.92e+02)
70      0.388   9.80e-01   1.00e+00   5.91e-01   9.88e+00   9.79e+00 (  1.59e+02,  1.80e+02)
75      0.427   1.11e+00   1.13e+00   6.40e-01   1.05e+01   1.03e+01 (  1.50e+02,  1.69e+02)
80      0.443   1.17e+00   1.24e+00   6.59e-01   1.07e+01   1.03e+01 (  1.44e+02,  1.58e+02)
85      0.380   9.71e-01   1.19e+00   6.94e-01   8.55e+00   9.92e+00 (  1.24e+02,  1.48e+02)
90      0.743   1.72e+00   2.53e+00   1.67e+00   2.40e+01   9.47e+00 (  5.26e+02,  1.39e+02)
95      0.844   1.43e+00   2.03e+00   1.51e+00   6.99e+01   9.08e+00 (  1.09e+03,  1.30e+02)
42 n: 1.827e-05 e: 1.548e-05 i: 1.646e-05 :: e: 5.241e-03 i: 9.106e-03 :: n: 3.044e+01 e:22.681 i:24.379 v:4.993e+03
>>> tau_he = 5.000000, nhe(0)=3.615419e+00
 5   -196.312   7.77e-03   4.57e-01   2.09e-03  -1.14e-01   2.48e-07 (  3.57e+00,  5.72e+01)
10   -789.853   4.58e-02   5.45e-02  -3.70e-03  -2.07e+00   4.42e-06 (  3.25e+01,  1.12e+02)
15    -77.543   1.49e-01   7.78e-02   5.38e-02  -3.10e+00   5.40e-05 (  1.03e+02,  1.58e+02)
20     -7.077   1.51e-01   1.10e-01   8.73e-02  -3.39e+00   5.01e-04 (  1.15e+02,  1.95e+02)
25     -0.402   1.83e-01   1.27e-01   1.77e-02  -1.64e+00   3.62e-03 (  1.43e+02,  2.23e+02)
30     -0.013   2.10e-01   1.46e-01   1.47e-02  -1.26e-01   2.05e-02 (  1.58e+02,  2.43e+02)
35      0.011   2.47e-01   1.80e-01   5.24e-02   1.10e-01   9.21e-02 (  1.70e+02,  2.51e+02)
40      0.062   3.26e-01   3.17e-01   1.85e-01   6.13e-01   3.28e-01 (  1.96e+02,  2.49e+02)
45      0.081   3.35e-01   3.27e-01   1.91e-01   9.54e-01   9.36e-01 (  1.81e+02,  2.42e+02)
50      0.106   3.54e-01   4.13e-01   1.93e-01   1.93e+00   2.15e+00 (  1.69e+02,  2.30e+02)
55      0.158   4.20e-01   5.41e-01   2.51e-01   3.74e+00   4.05e+00 (  1.63e+02,  2.17e+02)
60      0.236   5.62e-01   6.78e-01   3.80e-01   6.08e+00   6.33e+00 (  1.63e+02,  2.05e+02)
65      0.317   7.64e-01   8.34e-01   5.03e-01   8.27e+00   8.41e+00 (  1.61e+02,  1.92e+02)
70      0.385   9.73e-01   9.94e-01   5.88e-01   9.80e+00   9.79e+00 (  1.57e+02,  1.80e+02)
75      0.424   1.11e+00   1.13e+00   6.38e-01   1.04e+01   1.03e+01 (  1.49e+02,  1.69e+02)
80      0.442   1.17e+00   1.24e+00   6.58e-01   1.06e+01   1.03e+01 (  1.43e+02,  1.58e+02)
85      0.380   9.70e-01   1.19e+00   6.96e-01   8.54e+00   9.92e+00 (  1.24e+02,  1.48e+02)
90      0.743   1.72e+00   2.53e+00   1.67e+00   2.41e+01   9.47e+00 (  5.26e+02,  1.39e+02)
95      0.844   1.43e+00   2.03e+00   1.51e+00   6.99e+01   9.08e+00 (  1.09e+03,  1.30e+02)
43 n: 1.274e-05 e: 1.450e-05 i: 1.673e-05 :: e: 5.573e-03 i: 7.559e-03 :: n: 3.033e+01 e:22.773 i:24.312 v:4.993e+03
>>> tau_he = 5.000000, nhe(0)=3.588315e+00
 5   -196.557   7.72e-03   4.55e-01   2.09e-03  -1.14e-01   2.48e-07 (  3.55e+00,  5.72e+01)
10   -796.179   4.61e-02   5.49e-02  -3.61e-03  -2.08e+00   4.42e-06 (  3.27e+01,  1.12e+02)
15    -78.008   1.49e-01   7.93e-02   5.63e-02  -3.12e+00   5.40e-05 (  1.03e+02,  1.58e+02)
20     -7.138   1.51e-01   1.12e-01   9.08e-02  -3.41e+00   5.01e-04 (  1.15e+02,  1.95e+02)
25     -0.404   1.84e-01   1.29e-01   1.86e-02  -1.65e+00   3.62e-03 (  1.44e+02,  2.23e+02)
30     -0.026   2.12e-01   1.50e-01   1.48e-02  -2.43e-01   2.05e-02 (  1.60e+02,  2.43e+02)
35     -0.006   2.53e-01   1.85e-01   6.39e-02  -5.19e-02   9.21e-02 (  1.74e+02,  2.51e+02)
40      0.001   2.81e-01   2.19e-01   1.46e-01   1.32e-02   3.28e-01 (  1.70e+02,  2.49e+02)
45      0.080   3.38e-01   3.29e-01   1.95e-01   9.31e-01   9.36e-01 (  1.84e+02,  2.42e+02)
50      0.107   3.57e-01   4.18e-01   1.94e-01   1.94e+00   2.15e+00 (  1.72e+02,  2.30e+02)
55      0.159   4.24e-01   5.46e-01   2.54e-01   3.76e+00   4.05e+00 (  1.66e+02,  2.17e+02)
60      0.238   5.67e-01   6.84e-01   3.84e-01   6.14e+00   6.33e+00 (  1.65e+02,  2.05e+02)
65      0.320   7.71e-01   8.40e-01   5.08e-01   8.35e+00   8.41e+00 (  1.64e+02,  1.92e+02)
70      0.388   9.79e-01   1.00e+00   5.91e-01   9.88e+00   9.79e+00 (  1.59e+02,  1.80e+02)
75      0.427   1.11e+00   1.13e+00   6.40e-01   1.05e+01   1.03e+01 (  1.50e+02,  1.69e+02)
80      0.443   1.17e+00   1.24e+00   6.59e-01   1.06e+01   1.03e+01 (  1.44e+02,  1.58e+02)
85      0.380   9.70e-01   1.19e+00   6.94e-01   8.55e+00   9.92e+00 (  1.24e+02,  1.48e+02)
90      0.743   1.72e+00   2.53e+00   1.67e+00   2.40e+01   9.47e+00 (  5.26e+02,  1.39e+02)
95      0.844   1.43e+00   2.03e+00   1.51e+00   6.99e+01   9.08e+00 (  1.09e+03,  1.30e+02)
44 n: 1.689e-05 e: 1.533e-05 i: 1.575e-05 :: e: 4.911e-03 i: 7.685e-03 :: n: 3.045e+01 e:22.678 i:24.380 v:4.993e+03
>>> tau_he = 5.000000, nhe(0)=3.617827e+00
 5   -196.613   7.77e-03   4.57e-01   2.09e-03  -1.14e-01   2.48e-07 (  3.57e+00,  5.72e+01)
10   -789.584   4.57e-02   5.44e-02  -3.73e-03  -2.07e+00   4.42e-06 (  3.25e+01,  1.12e+02)
15    -77.491   1.49e-01   7.77e-02   5.37e-02  -3.10e+00   5.40e-05 (  1.02e+02,  1.58e+02)
20     -7.086   1.51e-01   1.11e-01   8.72e-02  -3.39e+00   5.01e-04 (  1.15e+02,  1.95e+02)
25     -0.398   1.83e-01   1.26e-01   1.70e-02  -1.63e+00   3.62e-03 (  1.43e+02,  2.23e+02)
30      0.015   2.06e-01   1.42e-01   1.31e-02   1.49e-01   2.05e-02 (  1.56e+02,  2.43e+02)
35      0.011   2.48e-01   1.80e-01   5.24e-02   1.12e-01   9.21e-02 (  1.70e+02,  2.51e+02)
40      0.062   3.26e-01   3.17e-01   1.86e-01   6.06e-01   3.28e-01 (  1.96e+02,  2.49e+02)
45      0.044   2.90e-01   2.54e-01   1.58e-01   5.07e-01   9.36e-01 (  1.57e+02,  2.42e+02)
50      0.106   3.53e-01   4.12e-01   1.92e-01   1.92e+00   2.15e+00 (  1.69e+02,  2.30e+02)
55      0.158   4.20e-01   5.41e-01   2.51e-01   3.74e+00   4.05e+00 (  1.63e+02,  2.17e+02)
60      0.236   5.61e-01   6.77e-01   3.80e-01   6.08e+00   6.33e+00 (  1.63e+02,  2.05e+02)
65      0.317   7.64e-01   8.34e-01   5.03e-01   8.27e+00   8.41e+00 (  1.61e+02,  1.92e+02)
70      0.385   9.73e-01   9.93e-01   5.88e-01   9.80e+00   9.79e+00 (  1.57e+02,  1.80e+02)
75      0.424   1.11e+00   1.13e+00   6.38e-01   1.04e+01   1.03e+01 (  1.49e+02,  1.69e+02)
80      0.441   1.17e+00   1.24e+00   6.58e-01   1.06e+01   1.03e+01 (  1.43e+02,  1.58e+02)
85      0.380   9.70e-01   1.19e+00   6.96e-01   8.54e+00   9.92e+00 (  1.24e+02,  1.48e+02)
90      0.743   1.72e+00   2.53e+00   1.67e+00   2.41e+01   9.47e+00 (  5.26e+02,  1.39e+02)
95      0.844   1.43e+00   2.03e+00   1.51e+00   6.99e+01   9.08e+00 (  1.09e+03,  1.30e+02)
45 n: 8.323e-05 e: 2.335e-05 i: 2.983e-05 :: e: 9.225e-03 i: 1.248e-02 :: n: 3.035e+01 e:22.777 i:24.319 v:4.993e+03
>>> tau_he = 5.000000, nhe(0)=3.592094e+00
 5   -196.183   7.73e-03   4.56e-01   2.09e-03  -1.14e-01   2.48e-07 (  3.55e+00,  5.72e+01)
10   -793.975   4.60e-02   5.47e-02  -3.66e-03  -2.08e+00   4.42e-06 (  3.27e+01,  1.12e+02)
15    -77.879   1.49e-01   7.91e-02   5.63e-02  -3.12e+00   5.40e-05 (  1.03e+02,  1.58e+02)
20     -7.131   1.51e-01   1.12e-01   9.06e-02  -3.41e+00   5.01e-04 (  1.15e+02,  1.95e+02)
25     -0.417   1.84e-01   1.29e-01   1.95e-02  -1.67e+00   3.62e-03 (  1.44e+02,  2.23e+02)
30     -0.049   2.14e-01   1.51e-01   1.93e-02  -4.25e-01   2.05e-02 (  1.62e+02,  2.43e+02)
35     -0.003   2.52e-01   1.84e-01   6.14e-02  -2.51e-02   9.21e-02 (  1.74e+02,  2.51e+02)
40      0.005   2.80e-01   2.18e-01   1.43e-01   4.45e-02   3.28e-01 (  1.69e+02,  2.49e+02)
45      0.082   3.36e-01   3.31e-01   1.88e-01   9.86e-01   9.36e-01 (  1.84e+02,  2.42e+02)
50      0.108   3.57e-01   4.20e-01   1.95e-01   1.97e+00   2.15e+00 (  1.72e+02,  2.30e+02)
55      0.159   4.24e-01   5.46e-01   2.54e-01   3.76e+00   4.05e+00 (  1.66e+02,  2.17e+02)
60      0.238   5.68e-01   6.83e-01   3.85e-01   6.15e+00   6.33e+00 (  1.65e+02,  2.05e+02)
65      0.320   7.71e-01   8.40e-01   5.08e-01   8.35e+00   8.41e+00 (  1.64e+02,  1.92e+02)
70      0.388   9.80e-01   1.00e+00   5.91e-01   9.88e+00   9.79e+00 (  1.59e+02,  1.80e+02)
75      0.427   1.11e+00   1.13e+00   6.40e-01   1.05e+01   1.03e+01 (  1.50e+02,  1.69e+02)
80      0.443   1.17e+00   1.25e+00   6.59e-01   1.07e+01   1.03e+01 (  1.44e+02,  1.58e+02)
85      0.380   9.71e-01   1.19e+00   6.94e-01   8.55e+00   9.92e+00 (  1.24e+02,  1.48e+02)
90      0.743   1.72e+00   2.53e+00   1.67e+00   2.40e+01   9.47e+00 (  5.26e+02,  1.39e+02)
95      0.844   1.43e+00   2.03e+00   1.51e+00   6.99e+01   9.08e+00 (  1.09e+03,  1.30e+02)
46 n: 1.980e-05 e: 1.364e-05 i: 1.820e-05 :: e: 5.658e-03 i: 8.508e-03 :: n: 3.046e+01 e:22.688 i:24.391 v:4.993e+03
>>> tau_he = 5.000000, nhe(0)=3.619678e+00
 5   -196.183   7.78e-03   4.58e-01   2.10e-03  -1.14e-01   2.48e-07 (  3.58e+00,  5.72e+01)
10   -787.724   4.57e-02   5.43e-02  -3.76e-03  -2.07e+00   4.42e-06 (  3.24e+01,  1.12e+02)
15    -77.364   1.49e-01   7.77e-02   5.38e-02  -3.10e+00   5.40e-05 (  1.02e+02,  1.58e+02)
20     -7.080   1.51e-01   1.11e-01   8.72e-02  -3.39e+00   5.01e-04 (  1.15e+02,  1.95e+02)
25     -0.407   1.83e-01   1.27e-01   1.79e-02  -1.65e+00   3.62e-03 (  1.43e+02,  2.23e+02)
30     -0.018   2.11e-01   1.46e-01   1.56e-02  -1.66e-01   2.05e-02 (  1.59e+02,  2.43e+02)
35      0.013   2.47e-01   1.79e-01   5.09e-02   1.30e-01   9.21e-02 (  1.70e+02,  2.51e+02)
40      0.063   3.26e-01   3.16e-01   1.84e-01   6.24e-01   3.28e-01 (  1.96e+02,  2.49e+02)
45      0.082   3.35e-01   3.28e-01   1.88e-01   9.80e-01   9.36e-01 (  1.82e+02,  2.42e+02)
50      0.107   3.54e-01   4.15e-01   1.93e-01   1.95e+00   2.15e+00 (  1.70e+02,  2.30e+02)
55      0.158   4.20e-01   5.41e-01   2.51e-01   3.74e+00   4.05e+00 (  1.64e+02,  2.17e+02)
60      0.236   5.62e-01   6.78e-01   3.80e-01   6.09e+00   6.33e+00 (  1.63e+02,  2.05e+02)
65      0.317   7.64e-01   8.34e-01   5.03e-01   8.27e+00   8.41e+00 (  1.61e+02,  1.92e+02)
70      0.385   9.73e-01   9.94e-01   5.88e-01   9.80e+00   9.79e+00 (  1.57e+02,  1.80e+02)
75      0.424   1.11e+00   1.13e+00   6.38e-01   1.04e+01   1.03e+01 (  1.49e+02,  1.69e+02)
80      0.442   1.17e+00   1.24e+00   6.58e-01   1.06e+01   1.03e+01 (  1.43e+02,  1.58e+02)
85      0.380   9.70e-01   1.19e+00   6.96e-01   8.54e+00   9.92e+00 (  1.24e+02,  1.48e+02)
90      0.743   1.72e+00   2.53e+00   1.67e+00   2.41e+01   9.47e+00 (  5.26e+02,  1.39e+02)
95      0.844   1.43e+00   2.03e+00   1.51e+00   6.99e+01   9.08e+00 (  1.09e+03,  1.30e+02)
47 n: 1.294e-05 e: 1.496e-05 i: 1.511e-05 :: e: 5.136e-03 i: 7.436e-03 :: n: 3.033e+01 e:22.782 i:24.329 v:4.993e+03
>>> tau_he = 5.000000, nhe(0)=3.589526e+00
 5   -196.446   7.73e-03   4.56e-01   2.09e-03  -1.14e-01   2.48e-07 (  3.56e+00,  5.72e+01)
10   -794.658   4.60e-02   5.47e-02  -3.66e-03  -2.08e+00   4.42e-06 (  3.27e+01,  1.12e+02)
15    -77.839   1.49e-01   7.93e-02   5.65e-02  -3.11e+00   5.40e-05 (  1.03e+02,  1.58e+02)
20     -7.202   1.52e-01   1.22e-01   5.59e-02  -3.44e+00   5.01e-04 (  1.15e+02,  1.95e+02)
25     -0.408   1.84e-01   1.29e-01   1.90e-02  -1.66e+00   3.62e-03 (  1.44e+02,  2.23e+02)
30     -0.039   2.13e-01   1.51e-01   1.71e-02  -3.51e-01   2.05e-02 (  1.61e+02,  2.43e+02)
35     -0.006   2.53e-01   1.85e-01   6.38e-02  -5.47e-02   9.21e-02 (  1.75e+02,  2.51e+02)
40      0.002   2.81e-01   2.19e-01   1.45e-01   2.17e-02   3.28e-01 (  1.70e+02,  2.49e+02)
45      0.081   3.38e-01   3.30e-01   1.92e-01   9.53e-01   9.36e-01 (  1.84e+02,  2.42e+02)
50      0.107   3.57e-01   4.19e-01   1.95e-01   1.95e+00   2.15e+00 (  1.72e+02,  2.30e+02)
55      0.159   4.24e-01   5.47e-01   2.54e-01   3.76e+00   4.05e+00 (  1.66e+02,  2.17e+02)
60      0.238   5.68e-01   6.84e-01   3.85e-01   6.15e+00   6.33e+00 (  1.65e+02,  2.05e+02)
65      0.320   7.71e-01   8.41e-01   5.08e-01   8.35e+00   8.41e+00 (  1.64e+02,  1.92e+02)
70      0.388   9.79e-01   1.00e+00   5.91e-01   9.88e+00   9.79e+00 (  1.59e+02,  1.80e+02)
75      0.427   1.11e+00   1.13e+00   6.41e-01   1.05e+01   1.03e+01 (  1.50e+02,  1.69e+02)
80      0.443   1.17e+00   1.24e+00   6.59e-01   1.06e+01   1.03e+01 (  1.44e+02,  1.58e+02)
85      0.380   9.71e-01   1.19e+00   6.94e-01   8.55e+00   9.92e+00 (  1.24e+02,  1.48e+02)
90      0.743   1.72e+00   2.53e+00   1.67e+00   2.40e+01   9.47e+00 (  5.26e+02,  1.39e+02)
95      0.844   1.43e+00   2.03e+00   1.51e+00   6.99e+01   9.08e+00 (  1.09e+03,  1.30e+02)
48 n: 1.835e-05 e: 1.539e-05 i: 1.655e-05 :: e: 5.423e-03 i: 8.833e-03 :: n: 3.044e+01 e:22.687 i:24.395 v:4.993e+03
>>> tau_he = 5.000000, nhe(0)=3.617801e+00
 5   -196.503   7.78e-03   4.58e-01   2.10e-03  -1.14e-01   2.48e-07 (  3.58e+00,  5.72e+01)
10   -788.921   4.57e-02   5.44e-02  -3.74e-03  -2.07e+00   4.42e-06 (  3.25e+01,  1.12e+02)
15    -77.325   1.49e-01   7.78e-02   5.39e-02  -3.10e+00   5.40e-05 (  1.02e+02,  1.58e+02)
20     -7.085   1.51e-01   1.11e-01   8.73e-02  -3.39e+00   5.01e-04 (  1.15e+02,  1.95e+02)
25     -0.401   1.83e-01   1.27e-01   1.75e-02  -1.63e+00   3.62e-03 (  1.43e+02,  2.23e+02)
30      0.010   2.09e-01   1.43e-01   1.43e-02   1.00e-01   2.05e-02 (  1.58e+02,  2.43e+02)
35      0.011   2.48e-01   1.80e-01   5.25e-02   1.07e-01   9.21e-02 (  1.70e+02,  2.51e+02)
40      0.062   3.26e-01   3.17e-01   1.86e-01   6.12e-01   3.28e-01 (  1.97e+02,  2.49e+02)
45      0.081   3.35e-01   3.27e-01   1.92e-01   9.54e-01   9.36e-01 (  1.81e+02,  2.42e+02)
50      0.107   3.54e-01   4.14e-01   1.93e-01   1.93e+00   2.15e+00 (  1.69e+02,  2.30e+02)
55      0.158   4.20e-01   5.41e-01   2.51e-01   3.74e+00   4.05e+00 (  1.64e+02,  2.17e+02)
60      0.236   5.62e-01   6.78e-01   3.80e-01   6.08e+00   6.33e+00 (  1.63e+02,  2.05e+02)
65      0.317   7.64e-01   8.34e-01   5.03e-01   8.27e+00   8.41e+00 (  1.61e+02,  1.92e+02)
70      0.385   9.73e-01   9.94e-01   5.88e-01   9.80e+00   9.79e+00 (  1.57e+02,  1.80e+02)
75      0.424   1.11e+00   1.13e+00   6.39e-01   1.04e+01   1.03e+01 (  1.49e+02,  1.69e+02)
80      0.442   1.17e+00   1.24e+00   6.58e-01   1.06e+01   1.03e+01 (  1.43e+02,  1.58e+02)
85      0.380   9.70e-01   1.19e+00   6.96e-01   8.54e+00   9.92e+00 (  1.24e+02,  1.48e+02)
90      0.743   1.72e+00   2.53e+00   1.67e+00   2.41e+01   9.47e+00 (  5.26e+02,  1.39e+02)
95      0.844   1.43e+00   2.03e+00   1.51e+00   6.99e+01   9.08e+00 (  1.09e+03,  1.30e+02)
49 n: 1.131e-05 e: 1.435e-05 i: 1.721e-05 :: e: 5.351e-03 i: 7.563e-03 :: n: 3.029e+01 e:22.779 i:24.328 v:4.993e+03
 plasma volume = 149.769300
 stored energy(e,i,b,a) = 6.888470e+01 6.362343e+01 0.000000e+00 0.000000e+00
 betan = 1.495296
*power
 Pnb(e,i) = 0.000000e+00 0.000000e+00
 Prf(e,i) = 3.536970e+00 1.646959e+01
 Prad     = -2.614276e+01 
 Pei      = -5.973303e+00 
 Pfuse    = 7.022608e+01 
 Pfusi    = 2.286111e+01 
 Poh      = 0.000000e+00 
*confinement time
 taut, tauITER98y2, H98y2 : 1.523940e+00 1.544485e+00 9.866983e-01
 taue, taui : 1.654014e+00 2.206510e+00
 taut, tau89, H89 : 1.523940e+00 7.533291e-01 2.022941e+00
*temperature
 nea, nebar : 2.147441e+01 2.492547e+01 
 tea, tia : 7.744824e+00 7.652286e+00 (1.012093e+00)
 te0, ti0 : 2.041591e+01 2.185399e+01 (9.341962e-01)
 Sn : 1.999562e+03 
*current balance
 Ip,Ibs,Inb,Irf: 1.000000e+01 2.314535e+00 0.000000e+00 8.586397e-02
 fni,fbs: 0.240 0.231

 plasma volume = 149.769300
 stored energy(e,i,b,a) = 6.888470e+01 6.362343e+01 0.000000e+00 0.000000e+00
 betan = 1.495296
*power
 Pnb(e,i) = 0.000000e+00 0.000000e+00
 Prf(e,i) = 3.536970e+00 1.646959e+01
 Prad     = -2.614276e+01 
 Pei      = -5.973303e+00 
 Pfuse    = 7.022608e+01 
 Pfusi    = 2.286111e+01 
 Poh      = 0.000000e+00 
*confinement time
 taut, tauITER98y2, H98y2 : 1.523940e+00 1.544485e+00 9.866983e-01
 taue, taui : 1.654014e+00 2.206510e+00
 taut, tau89, H89 : 1.523940e+00 7.533291e-01 2.022941e+00
*temperature
 nea, nebar : 2.147441e+01 2.492547e+01 
 tea, tia : 7.744824e+00 7.652286e+00 (1.012093e+00)
 te0, ti0 : 2.041591e+01 2.185399e+01 (9.341962e-01)
 Sn : 1.999562e+03 
*current balance
 Ip,Ibs,Inb,Irf: 1.000000e+01 2.314535e+00 0.000000e+00 8.586397e-02
 fni,fbs: 0.240 0.231
 ELAPASED TIME = 45 sec

finalize
