========================================================================
= FASTRAN

nonlinear model = 0
ichi = 1
ineo = 0
reading state...
read formatted input, inprof...
init geometry...
read formatted input, inmetric...
nrho in inmetric = 101
rhob in inmetric = 1.262476e+00
solve avg grad-shafranv...
solve_avg_gs::Ip_temp = 1.000267e+01 
solve_avg_gs::Ip      = 1.000000e+01 
>>> tau_he = 5.000000, nhe(0)=2.845512e+00

 plasma volume = 148.365189
 stored energy(e,i,b,a) = 5.200098e+01 5.178099e+01 0.000000e+00 0.000000e+00
 betan = 1.179998
*power
 Pnb(e,i) = 0.000000e+00 0.000000e+00
 Prf(e,i) = 4.765715e+00 3.524393e+01
 Prad     = -5.872935e+01 
 Pei      = 1.611556e+01 
 Pfuse    = 4.972667e+01 
 Pfusi    = 1.445688e+01 
 Poh      = 0.000000e+00 
*confinement time
 taut, tauITER98y2, H98y2 : 2.282736e+00 2.303731e+00 9.908866e-01
 taue, taui : 4.377703e+00 -3.121811e+01
 taut, tau89, H89 : 2.282736e+00 1.027627e+00 2.221366e+00
*temperature
 nea, nebar : 1.977702e+01 2.250203e+01 
 tea, tia : 6.417060e+00 6.879511e+00 (9.327785e-01)
 te0, ti0 : 1.802633e+01 2.322560e+01 (7.761406e-01)
 Sn : 2.256096e+03 
*current balance
 Ip,Ibs,Inb,Irf: 1.000000e+01 1.770492e+00 0.000000e+00 9.656000e-02
 fni,fbs: 0.187 0.177

Time advancing...
rho_bdry 0.900000 ...
te_bdry = 3.746797
ti_bdry = 3.746714
ne_bdry = 14.498656
rv_bdry = 279.463030
nrho_tr_bdry = 18
drho_bdry = 0.000000e+00
nrhob = 90
 [    0] t = 0.0000 
>>> tau_he = 5.000000, nhe(0)=2.837166e+00
 5     -0.044   3.72e-03   1.67e-01   9.95e-04  -3.05e-02   6.00e-05 (  5.02e-01,  4.34e+01)
10     -0.117   1.22e-02   2.77e-02  -6.05e-03  -1.63e-01   3.54e-04 (  3.22e+00,  8.69e+01)
15     -0.257   3.97e-02  -4.95e-02   4.13e-05  -5.37e-01   1.53e-03 (  1.50e+01,  1.27e+02)
20     -0.336   1.26e-01   6.30e-02   4.30e-02  -9.35e-01   5.59e-03 (  5.97e+01,  1.61e+02)
25     -0.224   1.54e-01   1.12e-01   7.46e-02  -7.78e-01   1.79e-02 (  8.39e+01,  1.85e+02)
30     -0.138   2.12e-01   1.66e-01   7.04e-02  -5.61e-01   5.13e-02 (  1.24e+02,  1.99e+02)
35      0.029   3.04e-01   3.02e-01   2.17e-01   1.27e-01   1.31e-01 (  1.69e+02,  2.02e+02)
40      0.068   3.21e-01   3.76e-01   2.32e-01   4.33e-01   3.03e-01 (  1.69e+02,  1.97e+02)
45      0.073   3.01e-01   3.38e-01   2.23e-01   5.41e-01   6.31e-01 (  1.45e+02,  1.85e+02)
50      0.150   3.57e-01   4.90e-01   2.49e-01   1.24e+00   1.19e+00 (  1.44e+02,  1.68e+02)
55      0.143   3.69e-01   5.68e-01   2.95e-01   2.00e+00   2.04e+00 (  1.30e+02,  1.50e+02)
60      0.154   3.87e-01   6.35e-01   3.46e-01   3.04e+00   3.20e+00 (  1.14e+02,  1.34e+02)
65      0.190   4.47e-01   7.09e-01   4.21e-01   4.43e+00   4.59e+00 (  1.05e+02,  1.20e+02)
70      0.238   5.54e-01   7.92e-01   4.88e-01   5.97e+00   6.08e+00 (  9.86e+01,  1.08e+02)
75      0.285   6.99e-01   8.77e-01   5.32e-01   7.41e+00   7.48e+00 (  9.12e+01,  9.63e+01)
80      0.326   8.91e-01   9.70e-01   5.53e-01   8.72e+00   8.63e+00 (  8.58e+01,  8.49e+01)
85      0.329   9.40e-01   1.00e+00   5.65e-01   8.65e+00   9.42e+00 (  7.85e+01,  7.32e+01)
90      0.447   1.06e+00   1.61e+00   1.08e+00   1.37e+01   9.83e+00 (  2.15e+02,  6.15e+01)
95      0.255   5.25e-01   7.59e-01   5.55e-01   1.60e+01   9.95e+00 (  2.75e+02,  4.93e+01)
 0 n: 1.542e-09 e: 6.116e-07 i: 4.784e-06 :: e: 0.000e+00 i: 0.000e+00 :: n: 2.703e+01 e:18.054 i:23.173 v:4.993e+03
>>> tau_he = 5.000000, nhe(0)=2.832650e+00
 5     -0.039   4.15e-03   1.76e-01   1.05e-03  -2.75e-02   6.00e-05 (  5.60e-01,  4.34e+01)
10     -0.087   1.16e-02   2.61e-02  -6.16e-03  -1.21e-01   3.54e-04 (  3.09e+00,  8.69e+01)
15     -0.273   4.25e-02  -4.79e-02   1.49e-03  -5.70e-01   1.53e-03 (  1.63e+01,  1.27e+02)
20     -0.295   1.27e-01   6.81e-02   4.42e-02  -8.18e-01   5.59e-03 (  6.03e+01,  1.61e+02)
25     -0.225   1.55e-01   1.15e-01   7.55e-02  -7.82e-01   1.79e-02 (  8.52e+01,  1.85e+02)
30     -0.141   2.10e-01   1.65e-01   7.32e-02  -5.74e-01   5.13e-02 (  1.23e+02,  1.99e+02)
35     -0.060   2.45e-01   2.07e-01   1.25e-01  -2.70e-01   1.31e-01 (  1.35e+02,  2.02e+02)
40      0.065   3.20e-01   3.73e-01   2.33e-01   4.07e-01   3.03e-01 (  1.68e+02,  1.97e+02)
45      0.073   3.02e-01   3.38e-01   2.23e-01   5.48e-01   6.31e-01 (  1.46e+02,  1.85e+02)
50      0.152   3.58e-01   4.94e-01   2.50e-01   1.26e+00   1.19e+00 (  1.45e+02,  1.68e+02)
55      0.099   3.17e-01   4.27e-01   2.43e-01   1.38e+00   2.04e+00 (  1.11e+02,  1.50e+02)
60      0.156   3.86e-01   6.40e-01   3.53e-01   3.07e+00   3.20e+00 (  1.14e+02,  1.34e+02)
65      0.190   4.48e-01   7.09e-01   4.21e-01   4.43e+00   4.59e+00 (  1.05e+02,  1.20e+02)
70      0.238   5.54e-01   7.93e-01   4.88e-01   5.97e+00   6.08e+00 (  9.86e+01,  1.08e+02)
75      0.285   6.99e-01   8.77e-01   5.32e-01   7.40e+00   7.48e+00 (  9.11e+01,  9.63e+01)
80      0.327   8.94e-01   9.71e-01   5.53e-01   8.75e+00   8.63e+00 (  8.61e+01,  8.49e+01)
85      0.324   9.17e-01   9.93e-01   5.64e-01   8.43e+00   9.42e+00 (  7.70e+01,  7.32e+01)
90      0.448   1.06e+00   1.61e+00   1.08e+00   1.37e+01   9.83e+00 (  2.16e+02,  6.15e+01)
95      0.255   5.25e-01   7.59e-01   5.55e-01   1.60e+01   9.95e+00 (  2.75e+02,  4.93e+01)
 1 n: 1.601e-03 e: 2.453e-02 i: 1.141e-01 :: e: 1.723e-02 i: 2.533e-02 :: n: 3.021e+01 e:20.826 i:27.524 v:4.993e+03
>>> tau_he = 5.000000, nhe(0)=3.778786e+00
 5     -3.025   8.63e-03   4.93e-01   2.19e-03  -8.46e-02   6.00e-05 (  3.21e+00,  4.34e+01)
10    -12.926   4.48e-02   6.32e-02  -3.37e-03  -1.96e+00   3.54e-04 (  3.25e+01,  8.69e+01)
15     -4.590   1.29e-01   2.27e-02   8.99e-03  -4.57e+00   1.53e-03 (  1.12e+02,  1.27e+02)
20      0.073   3.38e-01   3.22e-01   4.85e-02   3.48e-01   5.59e-03 (  2.63e+02,  1.61e+02)
25      0.242   3.10e-01   2.98e-01   5.13e-02   4.32e+00   1.79e-02 (  2.35e+02,  1.85e+02)
30      0.137   2.46e-01   2.69e-01   1.05e-01   1.47e+00   5.13e-02 (  1.61e+02,  1.99e+02)
35      0.088   2.10e-01   2.31e-01   6.81e-02   1.28e+00   1.31e-01 (  1.13e+02,  2.02e+02)
40      0.078   2.66e-01   3.02e-01   1.59e-01   7.68e-01   3.03e-01 (  1.31e+02,  1.97e+02)
45      0.108   3.01e-01   3.85e-01   2.03e-01   1.12e+00   6.31e-01 (  1.40e+02,  1.85e+02)
50      0.127   3.29e-01   4.55e-01   2.17e-01   1.27e+00   1.19e+00 (  1.29e+02,  1.68e+02)
55      0.127   3.41e-01   5.20e-01   2.68e-01   1.91e+00   2.04e+00 (  1.16e+02,  1.50e+02)
60      0.150   3.74e-01   6.09e-01   3.26e-01   3.11e+00   3.20e+00 (  1.08e+02,  1.34e+02)
65      0.192   4.49e-01   6.94e-01   4.09e-01   4.63e+00   4.59e+00 (  1.04e+02,  1.20e+02)
70      0.242   5.67e-01   7.85e-01   4.80e-01   6.23e+00   6.08e+00 (  9.97e+01,  1.08e+02)
75      0.290   7.19e-01   8.74e-01   5.24e-01   7.69e+00   7.48e+00 (  9.28e+01,  9.63e+01)
80      0.332   9.18e-01   9.71e-01   5.45e-01   9.01e+00   8.63e+00 (  8.76e+01,  8.49e+01)
85      0.334   9.69e-01   1.01e+00   5.56e-01   8.93e+00   9.42e+00 (  8.01e+01,  7.32e+01)
90      0.449   1.06e+00   1.60e+00   1.07e+00   1.38e+01   9.83e+00 (  2.15e+02,  6.15e+01)
95      0.255   5.25e-01   7.59e-01   5.55e-01   1.60e+01   9.95e+00 (  2.75e+02,  4.93e+01)
 2 n: 3.743e-04 e: 7.438e-03 i: 4.268e-03 :: e: 9.049e-02 i: 1.060e-01 :: n: 2.719e+01 e:23.031 i:27.347 v:4.993e+03
>>> tau_he = 5.000000, nhe(0)=3.182180e+00
 5     -4.015   7.37e-03   4.58e-01   2.21e-03  -1.10e-01   6.00e-05 (  3.02e+00,  4.34e+01)
10    -21.306   6.86e-02   1.20e-01   6.02e-03  -3.18e+00   3.54e-04 (  5.47e+01,  8.69e+01)
15     -5.841   1.49e-01   5.27e-02   2.70e-02  -5.69e+00   1.53e-03 (  1.41e+02,  1.27e+02)
20     -0.500   3.40e-01   4.09e-01   1.69e-01  -1.73e+00   5.59e-03 (  2.82e+02,  1.61e+02)
25      0.267   3.38e-01   3.25e-01   1.42e-01   2.19e+00   1.79e-02 (  2.74e+02,  1.85e+02)
30      0.089   3.16e-01   3.58e-01   2.41e-01   5.28e-01   5.13e-02 (  2.28e+02,  1.99e+02)
35     -0.065   3.17e-01   3.20e-01   2.38e-01  -2.84e-01   1.31e-01 (  1.89e+02,  2.02e+02)
40     -0.087   2.90e-01   2.63e-01   2.36e-01  -4.05e-01   3.03e-01 (  1.53e+02,  1.97e+02)
45      0.028   3.00e-01   3.33e-01   2.21e-01   1.98e-01   6.31e-01 (  1.45e+02,  1.85e+02)
50      0.084   3.09e-01   3.69e-01   2.09e-01   7.03e-01   1.19e+00 (  1.24e+02,  1.68e+02)
55      0.089   3.08e-01   4.11e-01   2.35e-01   1.21e+00   2.04e+00 (  1.06e+02,  1.50e+02)
60      0.146   3.75e-01   6.13e-01   3.33e-01   2.86e+00   3.20e+00 (  1.09e+02,  1.34e+02)
65      0.184   4.38e-01   6.88e-01   4.07e-01   4.29e+00   4.59e+00 (  1.01e+02,  1.20e+02)
70      0.233   5.46e-01   7.73e-01   4.74e-01   5.84e+00   6.08e+00 (  9.53e+01,  1.08e+02)
75      0.281   6.93e-01   8.59e-01   5.19e-01   7.29e+00   7.48e+00 (  8.87e+01,  9.63e+01)
80      0.323   8.87e-01   9.54e-01   5.40e-01   8.61e+00   8.63e+00 (  8.39e+01,  8.49e+01)
85      0.327   9.42e-01   9.93e-01   5.54e-01   8.60e+00   9.42e+00 (  7.73e+01,  7.32e+01)
90      0.446   1.06e+00   1.60e+00   1.07e+00   1.36e+01   9.83e+00 (  2.14e+02,  6.15e+01)
95      0.255   5.25e-01   7.59e-01   5.55e-01   1.60e+01   9.95e+00 (  2.75e+02,  4.93e+01)
 3 n: 2.025e-04 e: 5.419e-03 i: 3.503e-03 :: e: 8.826e-02 i: 1.283e-01 :: n: 2.696e+01 e:21.197 i:28.950 v:4.993e+03
>>> tau_he = 5.000000, nhe(0)=3.235771e+00
 5     -3.907   8.53e-03   4.73e-01   2.38e-03  -1.07e-01   6.00e-05 (  3.22e+00,  4.34e+01)
10    -18.142   6.40e-02   1.11e-01   6.61e-03  -2.71e+00   3.54e-04 (  4.52e+01,  8.69e+01)
15     -4.712   1.53e-01   5.60e-02   1.37e-02  -4.59e+00   1.53e-03 (  1.24e+02,  1.27e+02)
20     -0.458   3.05e-01   3.68e-01   8.32e-02  -1.53e+00   5.59e-03 (  2.15e+02,  1.61e+02)
25      0.052   2.97e-01   3.29e-01   1.34e-01   2.95e-01   1.79e-02 (  2.06e+02,  1.85e+02)
30      0.093   2.97e-01   3.28e-01   1.94e-01   5.03e-01   5.13e-02 (  1.89e+02,  1.99e+02)
35      0.029   2.93e-01   2.91e-01   2.11e-01   1.17e-01   1.31e-01 (  1.58e+02,  2.02e+02)
40     -0.051   2.66e-01   2.48e-01   2.00e-01  -2.38e-01   3.03e-01 (  1.29e+02,  1.97e+02)
45      0.076   2.82e-01   3.12e-01   2.06e-01   5.45e-01   6.31e-01 (  1.27e+02,  1.85e+02)
50      0.107   2.94e-01   3.57e-01   1.96e-01   9.20e-01   1.19e+00 (  1.11e+02,  1.68e+02)
55      0.101   2.95e-01   4.06e-01   2.31e-01   1.41e+00   2.04e+00 (  9.68e+01,  1.50e+02)
60      0.150   3.63e-01   6.02e-01   3.32e-01   2.96e+00   3.20e+00 (  1.00e+02,  1.34e+02)
65      0.184   4.25e-01   6.75e-01   4.00e-01   4.27e+00   4.59e+00 (  9.39e+01,  1.20e+02)
70      0.230   5.35e-01   7.59e-01   4.68e-01   5.75e+00   6.08e+00 (  8.98e+01,  1.08e+02)
75      0.277   6.87e-01   8.48e-01   5.14e-01   7.19e+00   7.48e+00 (  8.48e+01,  9.63e+01)
80      0.320   8.89e-01   9.45e-01   5.38e-01   8.52e+00   8.63e+00 (  8.12e+01,  8.49e+01)
85      0.326   9.52e-01   9.89e-01   5.55e-01   8.57e+00   9.42e+00 (  7.52e+01,  7.32e+01)
90      0.447   1.06e+00   1.60e+00   1.08e+00   1.37e+01   9.83e+00 (  2.13e+02,  6.15e+01)
95      0.255   5.25e-01   7.59e-01   5.55e-01   1.60e+01   9.95e+00 (  2.75e+02,  4.93e+01)
 4 n: 1.300e-04 e: 2.196e-03 i: 2.986e-03 :: e: 8.172e-02 i: 1.194e-01 :: n: 2.692e+01 e:22.390 i:27.657 v:4.993e+03
>>> tau_he = 5.000000, nhe(0)=3.151398e+00
 5     -4.195   7.96e-03   4.62e-01   2.35e-03  -1.15e-01   6.00e-05 (  3.31e+00,  4.34e+01)
10    -20.450   6.68e-02   1.24e-01   6.64e-03  -3.05e+00   3.54e-04 (  5.04e+01,  8.69e+01)
15     -5.136   1.55e-01   6.67e-02   2.51e-02  -5.00e+00   1.53e-03 (  1.31e+02,  1.27e+02)
20     -0.508   3.11e-01   3.87e-01   1.38e-01  -1.60e+00   5.59e-03 (  2.28e+02,  1.61e+02)
25     -0.197   3.17e-01   3.69e-01   2.09e-01  -8.57e-01   1.79e-02 (  2.32e+02,  1.85e+02)
30      0.060   3.22e-01   3.66e-01   2.53e-01   2.85e-01   5.13e-02 (  2.20e+02,  1.99e+02)
35     -0.041   3.21e-01   3.31e-01   2.49e-01  -1.72e-01   1.31e-01 (  1.89e+02,  2.02e+02)
40     -0.025   2.94e-01   2.84e-01   2.27e-01  -1.31e-01   3.03e-01 (  1.58e+02,  1.97e+02)
45      0.062   3.04e-01   3.53e-01   2.28e-01   4.58e-01   6.31e-01 (  1.50e+02,  1.85e+02)
50      0.147   3.63e-01   5.25e-01   2.61e-01   1.29e+00   1.19e+00 (  1.50e+02,  1.68e+02)
55      0.139   3.71e-01   5.89e-01   3.06e-01   1.98e+00   2.04e+00 (  1.32e+02,  1.50e+02)
60      0.150   3.86e-01   6.40e-01   3.48e-01   2.96e+00   3.20e+00 (  1.14e+02,  1.34e+02)
65      0.186   4.46e-01   7.01e-01   4.15e-01   4.34e+00   4.59e+00 (  1.04e+02,  1.20e+02)
70      0.235   5.53e-01   7.78e-01   4.77e-01   5.90e+00   6.08e+00 (  9.78e+01,  1.08e+02)
75      0.282   6.98e-01   8.58e-01   5.16e-01   7.35e+00   7.48e+00 (  9.02e+01,  9.63e+01)
80      0.324   8.89e-01   9.49e-01   5.31e-01   8.65e+00   8.63e+00 (  8.47e+01,  8.49e+01)
85      0.326   9.38e-01   9.83e-01   5.37e-01   8.56e+00   9.42e+00 (  7.73e+01,  7.32e+01)
90      0.444   1.05e+00   1.59e+00   1.07e+00   1.35e+01   9.83e+00 (  2.14e+02,  6.15e+01)
95      0.255   5.25e-01   7.59e-01   5.55e-01   1.60e+01   9.95e+00 (  2.75e+02,  4.93e+01)
 5 n: 7.606e-05 e: 3.272e-03 i: 1.533e-03 :: e: 6.087e-02 i: 9.638e-02 :: n: 2.699e+01 e:20.992 i:27.900 v:4.993e+03
>>> tau_he = 5.000000, nhe(0)=3.178981e+00
 5     -3.846   8.20e-03   4.59e-01   2.41e-03  -1.05e-01   6.00e-05 (  3.23e+00,  4.34e+01)
10    -17.252   5.79e-02   9.97e-02   6.45e-03  -2.58e+00   3.54e-04 (  4.03e+01,  8.69e+01)
15     -4.413   1.86e-01   1.19e-01  -1.40e-01  -4.31e+00   1.53e-03 (  1.43e+02,  1.27e+02)
20     -0.234   1.42e-01   1.03e-01   1.86e-02  -7.70e-01   5.59e-03 (  9.38e+01,  1.61e+02)
25     -0.038   2.97e-01   3.28e-01   1.49e-01  -1.63e-01   1.79e-02 (  1.97e+02,  1.85e+02)
30      0.035   3.01e-01   3.24e-01   1.98e-01   1.56e-01   5.13e-02 (  1.88e+02,  1.99e+02)
35     -0.049   2.37e-01   1.93e-01   1.10e-01  -2.29e-01   1.31e-01 (  1.30e+02,  2.02e+02)
40     -0.012   2.68e-01   2.47e-01   1.79e-01  -7.01e-02   3.03e-01 (  1.35e+02,  1.97e+02)
45      0.071   2.85e-01   3.08e-01   2.02e-01   5.38e-01   6.31e-01 (  1.32e+02,  1.85e+02)
50      0.150   3.40e-01   4.62e-01   2.30e-01   1.31e+00   1.19e+00 (  1.33e+02,  1.68e+02)
55      0.100   2.98e-01   4.03e-01   2.30e-01   1.42e+00   2.04e+00 (  1.00e+02,  1.50e+02)
60      0.150   3.62e-01   5.96e-01   3.29e-01   2.98e+00   3.20e+00 (  1.01e+02,  1.34e+02)
65      0.184   4.22e-01   6.70e-01   3.99e-01   4.29e+00   4.59e+00 (  9.34e+01,  1.20e+02)
70      0.229   5.32e-01   7.55e-01   4.65e-01   5.76e+00   6.08e+00 (  8.88e+01,  1.08e+02)
75      0.276   6.86e-01   8.45e-01   5.13e-01   7.19e+00   7.48e+00 (  8.37e+01,  9.63e+01)
80      0.319   8.95e-01   9.44e-01   5.38e-01   8.54e+00   8.63e+00 (  8.02e+01,  8.49e+01)
85      0.327   9.64e-01   9.90e-01   5.58e-01   8.60e+00   9.42e+00 (  7.43e+01,  7.32e+01)
90      0.449   1.06e+00   1.60e+00   1.08e+00   1.37e+01   9.83e+00 (  2.12e+02,  6.15e+01)
95      0.255   5.25e-01   7.59e-01   5.55e-01   1.60e+01   9.95e+00 (  2.75e+02,  4.93e+01)
 6 n: 1.666e-04 e: 1.581e-03 i: 1.830e-03 :: e: 6.899e-02 i: 9.635e-02 :: n: 2.707e+01 e:21.726 i:26.974 v:4.993e+03
>>> tau_he = 5.000000, nhe(0)=3.134929e+00
 5     -3.839   7.58e-03   4.46e-01   2.33e-03  -1.06e-01   6.00e-05 (  3.10e+00,  4.34e+01)
10    -17.838   5.87e-02   9.98e-02   5.22e-03  -2.68e+00   3.54e-04 (  4.14e+01,  8.69e+01)
15     -4.394   1.88e-01   1.23e-01  -1.36e-01  -4.31e+00   1.53e-03 (  1.44e+02,  1.27e+02)
20     -0.428   2.82e-01   3.50e-01   1.17e-01  -1.46e+00   5.59e-03 (  1.94e+02,  1.61e+02)
25     -0.036   3.07e-01   3.51e-01   1.93e-01  -1.52e-01   1.79e-02 (  2.07e+02,  1.85e+02)
30      0.019   3.16e-01   3.55e-01   2.45e-01   7.71e-02   5.13e-02 (  2.03e+02,  1.99e+02)
35      0.012   3.12e-01   3.22e-01   2.24e-01   6.35e-02   1.31e-01 (  1.82e+02,  2.02e+02)
40      0.060   3.26e-01   3.97e-01   2.51e-01   3.71e-01   3.03e-01 (  1.75e+02,  1.97e+02)
45      0.070   3.06e-01   3.58e-01   2.30e-01   5.34e-01   6.31e-01 (  1.51e+02,  1.85e+02)
50      0.150   3.65e-01   5.30e-01   2.64e-01   1.31e+00   1.19e+00 (  1.52e+02,  1.68e+02)
55      0.144   3.78e-01   6.06e-01   3.14e-01   2.08e+00   2.04e+00 (  1.36e+02,  1.50e+02)
60      0.154   3.94e-01   6.57e-01   3.57e-01   3.07e+00   3.20e+00 (  1.18e+02,  1.34e+02)
65      0.190   4.55e-01   7.16e-01   4.25e-01   4.46e+00   4.59e+00 (  1.08e+02,  1.20e+02)
70      0.239   5.63e-01   7.91e-01   4.85e-01   6.03e+00   6.08e+00 (  1.01e+02,  1.08e+02)
75      0.286   7.06e-01   8.68e-01   5.22e-01   7.47e+00   7.48e+00 (  9.26e+01,  9.63e+01)
80      0.327   8.95e-01   9.56e-01   5.34e-01   8.75e+00   8.63e+00 (  8.64e+01,  8.49e+01)
85      0.327   9.38e-01   9.86e-01   5.36e-01   8.61e+00   9.42e+00 (  7.84e+01,  7.32e+01)
90      0.443   1.05e+00   1.59e+00   1.07e+00   1.35e+01   9.83e+00 (  2.14e+02,  6.15e+01)
95      0.255   5.25e-01   7.59e-01   5.55e-01   1.60e+01   9.95e+00 (  2.75e+02,  4.93e+01)
 7 n: 2.667e-05 e: 2.039e-03 i: 1.028e-03 :: e: 5.696e-02 i: 8.353e-02 :: n: 2.703e+01 e:20.676 i:27.140 v:4.993e+03
>>> tau_he = 5.000000, nhe(0)=3.138069e+00
 5     -3.613   7.79e-03   4.44e-01   2.37e-03  -9.95e-02   6.00e-05 (  3.07e+00,  4.34e+01)
10    -15.601   4.98e-02   8.52e-02   2.49e-03  -2.35e+00   3.54e-04 (  3.32e+01,  8.69e+01)
15     -3.761   1.71e-01   1.10e-01  -8.17e-02  -3.69e+00   1.53e-03 (  1.21e+02,  1.27e+02)
20     -0.283   1.33e-01   9.70e-02   2.56e-02  -9.98e-01   5.59e-03 (  8.48e+01,  1.61e+02)
25     -0.035   2.78e-01   3.12e-01   1.37e-01  -1.45e-01   1.79e-02 (  1.75e+02,  1.85e+02)
30     -0.004   2.99e-01   3.19e-01   2.04e-01  -1.50e-02   5.13e-02 (  1.81e+02,  1.99e+02)
35     -0.034   2.36e-01   1.92e-01   1.04e-01  -1.76e-01   1.31e-01 (  1.30e+02,  2.02e+02)
40     -0.006   2.69e-01   2.47e-01   1.74e-01  -3.56e-02   3.03e-01 (  1.38e+02,  1.97e+02)
45      0.061   2.86e-01   3.06e-01   2.05e-01   4.62e-01   6.31e-01 (  1.34e+02,  1.85e+02)
50      0.147   3.42e-01   4.58e-01   2.29e-01   1.27e+00   1.19e+00 (  1.35e+02,  1.68e+02)
55      0.100   3.01e-01   4.03e-01   2.29e-01   1.42e+00   2.04e+00 (  1.02e+02,  1.50e+02)
60      0.150   3.64e-01   5.97e-01   3.28e-01   2.99e+00   3.20e+00 (  1.03e+02,  1.34e+02)
65      0.185   4.24e-01   6.72e-01   4.00e-01   4.32e+00   4.59e+00 (  9.48e+01,  1.20e+02)
70      0.231   5.34e-01   7.59e-01   4.68e-01   5.81e+00   6.08e+00 (  8.99e+01,  1.08e+02)
75      0.278   6.89e-01   8.50e-01   5.16e-01   7.24e+00   7.48e+00 (  8.45e+01,  9.63e+01)
80      0.321   8.98e-01   9.49e-01   5.43e-01   8.59e+00   8.63e+00 (  8.07e+01,  8.49e+01)
85      0.328   9.66e-01   9.95e-01   5.63e-01   8.63e+00   9.42e+00 (  7.47e+01,  7.32e+01)
90      0.449   1.06e+00   1.61e+00   1.08e+00   1.37e+01   9.83e+00 (  2.12e+02,  6.15e+01)
95      0.255   5.25e-01   7.59e-01   5.55e-01   1.60e+01   9.95e+00 (  2.75e+02,  4.93e+01)
 8 n: 1.278e-04 e: 1.212e-03 i: 1.122e-03 :: e: 5.679e-02 i: 8.115e-02 :: n: 2.720e+01 e:21.278 i:26.488 v:4.993e+03
>>> tau_he = 5.000000, nhe(0)=3.125330e+00
 5     -3.610   7.32e-03   4.35e-01   2.30e-03  -9.97e-02   6.00e-05 (  2.96e+00,  4.34e+01)
10    -16.159   5.18e-02   8.68e-02   2.46e-03  -2.43e+00   3.54e-04 (  3.50e+01,  8.69e+01)
15     -3.807   1.76e-01   1.14e-01  -9.46e-02  -3.75e+00   1.53e-03 (  1.25e+02,  1.27e+02)
20     -0.297   1.38e-01   1.09e-01   2.31e-02  -1.08e+00   5.59e-03 (  9.13e+01,  1.61e+02)
25     -0.001   2.84e-01   3.26e-01   1.64e-01  -3.73e-03   1.79e-02 (  1.82e+02,  1.85e+02)
30      0.020   3.06e-01   3.39e-01   2.28e-01   8.85e-02   5.13e-02 (  1.89e+02,  1.99e+02)
35      0.069   3.00e-01   3.13e-01   2.06e-01   3.92e-01   1.31e-01 (  1.73e+02,  2.02e+02)
40      0.070   3.23e-01   3.94e-01   2.40e-01   4.62e-01   3.03e-01 (  1.73e+02,  1.97e+02)
45      0.073   3.05e-01   3.56e-01   2.28e-01   5.63e-01   6.31e-01 (  1.50e+02,  1.85e+02)
50      0.151   3.65e-01   5.26e-01   2.63e-01   1.31e+00   1.19e+00 (  1.51e+02,  1.68e+02)
55      0.146   3.79e-01   6.09e-01   3.13e-01   2.12e+00   2.04e+00 (  1.37e+02,  1.50e+02)
60      0.156   3.97e-01   6.61e-01   3.59e-01   3.11e+00   3.20e+00 (  1.19e+02,  1.34e+02)
65      0.192   4.59e-01   7.22e-01   4.29e-01   4.51e+00   4.59e+00 (  1.09e+02,  1.20e+02)
70      0.241   5.67e-01   7.98e-01   4.89e-01   6.09e+00   6.08e+00 (  1.02e+02,  1.08e+02)
75      0.288   7.09e-01   8.75e-01   5.26e-01   7.52e+00   7.48e+00 (  9.37e+01,  9.63e+01)
80      0.328   8.96e-01   9.62e-01   5.38e-01   8.80e+00   8.63e+00 (  8.73e+01,  8.49e+01)
85      0.328   9.37e-01   9.89e-01   5.40e-01   8.64e+00   9.42e+00 (  7.90e+01,  7.32e+01)
90      0.443   1.05e+00   1.60e+00   1.07e+00   1.35e+01   9.83e+00 (  2.15e+02,  6.15e+01)
95      0.255   5.25e-01   7.59e-01   5.55e-01   1.60e+01   9.95e+00 (  2.75e+02,  4.93e+01)
 9 n: 5.315e-05 e: 1.281e-03 i: 5.575e-04 :: e: 4.409e-02 i: 6.394e-02 :: n: 2.706e+01 e:20.530 i:26.827 v:4.993e+03
>>> tau_he = 5.000000, nhe(0)=3.122979e+00
 5     -3.467   7.57e-03   4.41e-01   2.37e-03  -9.59e-02   6.00e-05 (  2.97e+00,  4.34e+01)
10    -14.582   4.75e-02   7.55e-02  -2.52e-03  -2.20e+00   3.54e-04 (  3.08e+01,  8.69e+01)
15     -3.450   1.63e-01   1.08e-01  -5.61e-02  -3.40e+00   1.53e-03 (  1.11e+02,  1.27e+02)
20     -0.258   1.33e-01   9.95e-02   1.96e-02  -9.61e-01   5.59e-03 (  8.57e+01,  1.61e+02)
25     -0.135   1.75e-01   1.33e-01   2.29e-03  -5.95e-01   1.79e-02 (  1.07e+02,  1.85e+02)
30     -0.173   2.08e-01   1.56e-01   7.19e-02  -6.62e-01   5.13e-02 (  1.22e+02,  1.99e+02)
35     -0.044   2.38e-01   1.94e-01   1.08e-01  -2.16e-01   1.31e-01 (  1.32e+02,  2.02e+02)
40     -0.002   2.70e-01   2.49e-01   1.73e-01  -1.53e-02   3.03e-01 (  1.39e+02,  1.97e+02)
45      0.061   2.87e-01   3.08e-01   2.06e-01   4.62e-01   6.31e-01 (  1.35e+02,  1.85e+02)
50      0.099   3.01e-01   3.49e-01   1.92e-01   8.48e-01   1.19e+00 (  1.19e+02,  1.68e+02)
55      0.099   3.03e-01   4.04e-01   2.27e-01   1.42e+00   2.04e+00 (  1.04e+02,  1.50e+02)
60      0.150   3.66e-01   5.99e-01   3.29e-01   3.00e+00   3.20e+00 (  1.04e+02,  1.34e+02)
65      0.185   4.27e-01   6.75e-01   4.00e-01   4.34e+00   4.59e+00 (  9.62e+01,  1.20e+02)
70      0.232   5.37e-01   7.63e-01   4.71e-01   5.84e+00   6.08e+00 (  9.10e+01,  1.08e+02)
75      0.279   6.91e-01   8.54e-01   5.19e-01   7.28e+00   7.48e+00 (  8.53e+01,  9.63e+01)
80      0.322   8.98e-01   9.53e-01   5.46e-01   8.62e+00   8.63e+00 (  8.14e+01,  8.49e+01)
85      0.328   9.65e-01   9.97e-01   5.66e-01   8.65e+00   9.42e+00 (  7.52e+01,  7.32e+01)
90      0.450   1.06e+00   1.61e+00   1.08e+00   1.37e+01   9.83e+00 (  2.13e+02,  6.15e+01)
95      0.255   5.25e-01   7.59e-01   5.55e-01   1.60e+01   9.95e+00 (  2.75e+02,  4.93e+01)
10 n: 9.015e-05 e: 9.614e-04 i: 5.499e-04 :: e: 5.830e-02 i: 8.860e-02 :: n: 2.724e+01 e:21.126 i:26.522 v:4.993e+03
>>> tau_he = 5.000000, nhe(0)=3.136231e+00
 5     -3.521   7.32e-03   4.41e-01   2.33e-03  -9.75e-02   6.00e-05 (  2.94e+00,  4.34e+01)
10    -15.050   4.82e-02   7.80e-02  -9.08e-04  -2.27e+00   3.54e-04 (  3.17e+01,  8.69e+01)
15     -3.543   1.70e-01   1.12e-01  -6.84e-02  -3.50e+00   1.53e-03 (  1.17e+02,  1.27e+02)
20     -0.403   1.40e-01   1.11e-01  -3.38e-03  -1.54e+00   5.59e-03 (  9.35e+01,  1.61e+02)
25      0.012   2.81e-01   3.20e-01   1.53e-01   5.53e-02   1.79e-02 (  1.79e+02,  1.85e+02)
30      0.015   3.04e-01   3.37e-01   2.28e-01   6.47e-02   5.13e-02 (  1.86e+02,  1.99e+02)
35      0.067   3.01e-01   3.13e-01   2.10e-01   3.61e-01   1.31e-01 (  1.73e+02,  2.02e+02)
40      0.073   3.20e-01   3.88e-01   2.35e-01   4.92e-01   3.03e-01 (  1.71e+02,  1.97e+02)
45      0.074   3.02e-01   3.52e-01   2.25e-01   5.82e-01   6.31e-01 (  1.48e+02,  1.85e+02)
50      0.153   3.64e-01   5.26e-01   2.61e-01   1.35e+00   1.19e+00 (  1.50e+02,  1.68e+02)
55      0.147   3.78e-01   6.07e-01   3.11e-01   2.15e+00   2.04e+00 (  1.36e+02,  1.50e+02)
60      0.155   3.95e-01   6.58e-01   3.58e-01   3.11e+00   3.20e+00 (  1.18e+02,  1.34e+02)
65      0.192   4.57e-01   7.21e-01   4.28e-01   4.50e+00   4.59e+00 (  1.09e+02,  1.20e+02)
70      0.241   5.66e-01   7.98e-01   4.89e-01   6.08e+00   6.08e+00 (  1.02e+02,  1.08e+02)
75      0.288   7.09e-01   8.76e-01   5.27e-01   7.52e+00   7.48e+00 (  9.36e+01,  9.63e+01)
80      0.328   8.96e-01   9.63e-01   5.39e-01   8.80e+00   8.63e+00 (  8.73e+01,  8.49e+01)
85      0.328   9.37e-01   9.91e-01   5.42e-01   8.64e+00   9.42e+00 (  7.90e+01,  7.32e+01)
90      0.444   1.05e+00   1.60e+00   1.07e+00   1.36e+01   9.83e+00 (  2.15e+02,  6.15e+01)
95      0.255   5.25e-01   7.59e-01   5.55e-01   1.60e+01   9.95e+00 (  2.75e+02,  4.93e+01)
11 n: 5.506e-05 e: 7.809e-04 i: 4.457e-04 :: e: 3.988e-02 i: 5.972e-02 :: n: 2.706e+01 e:20.600 i:26.872 v:4.993e+03
>>> tau_he = 5.000000, nhe(0)=3.124788e+00
 5     -3.475   7.59e-03   4.48e-01   2.39e-03  -9.58e-02   6.00e-05 (  2.99e+00,  4.34e+01)
10    -14.132   4.37e-02   7.21e-02  -4.62e-03  -2.13e+00   3.54e-04 (  2.79e+01,  8.69e+01)
15     -3.334   1.63e-01   1.10e-01  -4.10e-02  -3.28e+00   1.53e-03 (  1.08e+02,  1.27e+02)
20     -0.223   1.38e-01   1.04e-01   1.91e-02  -7.98e-01   5.59e-03 (  9.04e+01,  1.61e+02)
25     -0.170   1.78e-01   1.35e-01   1.05e-03  -6.94e-01   1.79e-02 (  1.10e+02,  1.85e+02)
30     -0.166   2.09e-01   1.57e-01   6.91e-02  -6.55e-01   5.13e-02 (  1.24e+02,  1.99e+02)
35     -0.051   2.41e-01   1.97e-01   1.11e-01  -2.42e-01   1.31e-01 (  1.35e+02,  2.02e+02)
40      0.000   2.71e-01   2.51e-01   1.55e-01   2.92e-05   3.03e-01 (  1.41e+02,  1.97e+02)
45      0.068   2.89e-01   3.11e-01   2.04e-01   5.27e-01   6.31e-01 (  1.37e+02,  1.85e+02)
50      0.146   3.46e-01   4.64e-01   2.31e-01   1.28e+00   1.19e+00 (  1.38e+02,  1.68e+02)
55      0.140   3.55e-01   5.37e-01   2.79e-01   2.02e+00   2.04e+00 (  1.22e+02,  1.50e+02)
60      0.150   3.68e-01   6.02e-01   3.31e-01   3.00e+00   3.20e+00 (  1.05e+02,  1.34e+02)
65      0.185   4.29e-01   6.77e-01   4.01e-01   4.34e+00   4.59e+00 (  9.70e+01,  1.20e+02)
70      0.232   5.38e-01   7.65e-01   4.72e-01   5.85e+00   6.08e+00 (  9.17e+01,  1.08e+02)
75      0.279   6.91e-01   8.56e-01   5.20e-01   7.29e+00   7.48e+00 (  8.58e+01,  9.63e+01)
80      0.322   8.98e-01   9.54e-01   5.46e-01   8.63e+00   8.63e+00 (  8.18e+01,  8.49e+01)
85      0.328   9.63e-01   9.98e-01   5.65e-01   8.65e+00   9.42e+00 (  7.55e+01,  7.32e+01)
90      0.449   1.06e+00   1.61e+00   1.08e+00   1.37e+01   9.83e+00 (  2.13e+02,  6.15e+01)
95      0.255   5.25e-01   7.59e-01   5.55e-01   1.60e+01   9.95e+00 (  2.75e+02,  4.93e+01)
12 n: 5.820e-05 e: 6.975e-04 i: 4.121e-04 :: e: 4.097e-02 i: 5.970e-02 :: n: 2.718e+01 e:21.094 i:26.696 v:4.993e+03
>>> tau_he = 5.000000, nhe(0)=3.136247e+00
 5     -3.526   7.41e-03   4.49e-01   2.36e-03  -9.75e-02   6.00e-05 (  2.97e+00,  4.34e+01)
10    -14.635   4.68e-02   7.49e-02  -2.35e-03  -2.21e+00   3.54e-04 (  3.03e+01,  8.69e+01)
15     -3.404   1.69e-01   1.13e-01  -5.29e-02  -3.36e+00   1.53e-03 (  1.13e+02,  1.27e+02)
20     -0.352   2.75e-01   3.38e-01   1.03e-01  -1.30e+00   5.59e-03 (  1.86e+02,  1.61e+02)
25     -0.006   2.85e-01   3.26e-01   1.61e-01  -2.53e-02   1.79e-02 (  1.83e+02,  1.85e+02)
30      0.025   3.05e-01   3.37e-01   2.23e-01   1.07e-01   5.13e-02 (  1.87e+02,  1.99e+02)
35      0.067   3.03e-01   3.15e-01   2.13e-01   3.52e-01   1.31e-01 (  1.75e+02,  2.02e+02)
40      0.076   3.20e-01   3.88e-01   2.31e-01   5.17e-01   3.03e-01 (  1.71e+02,  1.97e+02)
45      0.075   3.03e-01   3.52e-01   2.25e-01   5.85e-01   6.31e-01 (  1.48e+02,  1.85e+02)
50      0.151   3.62e-01   5.20e-01   2.59e-01   1.32e+00   1.19e+00 (  1.49e+02,  1.68e+02)
55      0.144   3.75e-01   5.95e-01   3.09e-01   2.06e+00   2.04e+00 (  1.34e+02,  1.50e+02)
60      0.155   3.94e-01   6.54e-01   3.56e-01   3.08e+00   3.20e+00 (  1.18e+02,  1.34e+02)
65      0.192   4.57e-01   7.20e-01   4.28e-01   4.50e+00   4.59e+00 (  1.08e+02,  1.20e+02)
70      0.241   5.65e-01   7.98e-01   4.90e-01   6.07e+00   6.08e+00 (  1.02e+02,  1.08e+02)
75      0.287   7.08e-01   8.76e-01   5.28e-01   7.51e+00   7.48e+00 (  9.33e+01,  9.63e+01)
80      0.328   8.96e-01   9.64e-01   5.41e-01   8.79e+00   8.63e+00 (  8.70e+01,  8.49e+01)
85      0.328   9.37e-01   9.92e-01   5.45e-01   8.64e+00   9.42e+00 (  7.88e+01,  7.32e+01)
90      0.444   1.05e+00   1.60e+00   1.07e+00   1.36e+01   9.83e+00 (  2.15e+02,  6.15e+01)
95      0.255   5.25e-01   7.59e-01   5.55e-01   1.60e+01   9.95e+00 (  2.75e+02,  4.93e+01)
13 n: 3.867e-05 e: 6.123e-04 i: 7.096e-04 :: e: 4.395e-02 i: 6.576e-02 :: n: 2.703e+01 e:20.625 i:26.845 v:4.993e+03
>>> tau_he = 5.000000, nhe(0)=3.118734e+00
 5     -3.480   7.60e-03   4.48e-01   2.40e-03  -9.63e-02   6.00e-05 (  3.01e+00,  4.34e+01)
10    -14.141   4.38e-02   7.28e-02  -3.85e-03  -2.13e+00   3.54e-04 (  2.78e+01,  8.69e+01)
15     -3.381   1.60e-01   1.09e-01  -3.00e-02  -3.34e+00   1.53e-03 (  1.04e+02,  1.27e+02)
20     -0.257   1.35e-01   1.01e-01   1.99e-02  -9.76e-01   5.59e-03 (  8.77e+01,  1.61e+02)
25     -0.151   1.79e-01   1.36e-01  -1.46e-03  -6.52e-01   1.79e-02 (  1.11e+02,  1.85e+02)
30     -0.186   2.13e-01   1.60e-01   6.94e-02  -7.00e-01   5.13e-02 (  1.27e+02,  1.99e+02)
35     -0.058   2.46e-01   2.02e-01   1.15e-01  -2.66e-01   1.31e-01 (  1.39e+02,  2.02e+02)
40      0.005   2.75e-01   2.57e-01   1.74e-01   3.33e-02   3.03e-01 (  1.44e+02,  1.97e+02)
45      0.069   2.92e-01   3.16e-01   2.08e-01   5.33e-01   6.31e-01 (  1.39e+02,  1.85e+02)
50      0.146   3.47e-01   4.67e-01   2.33e-01   1.26e+00   1.19e+00 (  1.39e+02,  1.68e+02)
55      0.098   3.06e-01   4.07e-01   2.30e-01   1.39e+00   2.04e+00 (  1.06e+02,  1.50e+02)
60      0.151   3.70e-01   6.06e-01   3.33e-01   2.99e+00   3.20e+00 (  1.06e+02,  1.34e+02)
65      0.186   4.32e-01   6.82e-01   4.04e-01   4.36e+00   4.59e+00 (  9.82e+01,  1.20e+02)
70      0.233   5.40e-01   7.70e-01   4.74e-01   5.87e+00   6.08e+00 (  9.27e+01,  1.08e+02)
75      0.280   6.92e-01   8.59e-01   5.22e-01   7.31e+00   7.48e+00 (  8.66e+01,  9.63e+01)
80      0.323   8.97e-01   9.57e-01   5.47e-01   8.64e+00   8.63e+00 (  8.23e+01,  8.49e+01)
85      0.329   9.60e-01   9.99e-01   5.66e-01   8.66e+00   9.42e+00 (  7.59e+01,  7.32e+01)
90      0.449   1.06e+00   1.61e+00   1.08e+00   1.37e+01   9.83e+00 (  2.13e+02,  6.15e+01)
95      0.255   5.25e-01   7.59e-01   5.55e-01   1.60e+01   9.95e+00 (  2.75e+02,  4.93e+01)
14 n: 1.365e-04 e: 5.099e-04 i: 3.564e-04 :: e: 4.130e-02 i: 6.507e-02 :: n: 2.718e+01 e:21.013 i:26.705 v:4.993e+03
>>> tau_he = 5.000000, nhe(0)=3.137268e+00
 5     -3.494   7.42e-03   4.50e-01   2.37e-03  -9.69e-02   6.00e-05 (  2.97e+00,  4.34e+01)
10    -14.361   4.63e-02   7.34e-02  -2.62e-03  -2.17e+00   3.54e-04 (  2.97e+01,  8.69e+01)
15     -3.228   1.66e-01   1.13e-01  -3.74e-02  -3.20e+00   1.53e-03 (  1.08e+02,  1.27e+02)
20     -0.206   1.41e-01   1.12e-01   5.13e-03  -8.04e-01   5.59e-03 (  9.35e+01,  1.61e+02)
25      0.001   2.83e-01   3.22e-01   1.51e-01   5.50e-03   1.79e-02 (  1.81e+02,  1.85e+02)
30      0.017   3.08e-01   3.40e-01   2.28e-01   6.91e-02   5.13e-02 (  1.90e+02,  1.99e+02)
35      0.064   3.06e-01   3.18e-01   2.18e-01   3.26e-01   1.31e-01 (  1.77e+02,  2.02e+02)
40      0.075   3.21e-01   3.87e-01   2.30e-01   5.11e-01   3.03e-01 (  1.72e+02,  1.97e+02)
45      0.074   3.03e-01   3.50e-01   2.25e-01   5.78e-01   6.31e-01 (  1.48e+02,  1.85e+02)
50      0.151   3.62e-01   5.15e-01   2.57e-01   1.31e+00   1.19e+00 (  1.49e+02,  1.68e+02)
55      0.145   3.76e-01   5.95e-01   3.08e-01   2.10e+00   2.04e+00 (  1.35e+02,  1.50e+02)
60      0.155   3.93e-01   6.53e-01   3.55e-01   3.10e+00   3.20e+00 (  1.17e+02,  1.34e+02)
65      0.192   4.56e-01   7.19e-01   4.27e-01   4.50e+00   4.59e+00 (  1.08e+02,  1.20e+02)
70      0.241   5.64e-01   7.98e-01   4.90e-01   6.07e+00   6.08e+00 (  1.01e+02,  1.08e+02)
75      0.287   7.07e-01   8.77e-01   5.28e-01   7.50e+00   7.48e+00 (  9.31e+01,  9.63e+01)
80      0.328   8.96e-01   9.65e-01   5.43e-01   8.79e+00   8.63e+00 (  8.69e+01,  8.49e+01)
85      0.328   9.38e-01   9.94e-01   5.47e-01   8.65e+00   9.42e+00 (  7.88e+01,  7.32e+01)
90      0.445   1.06e+00   1.60e+00   1.07e+00   1.36e+01   9.83e+00 (  2.15e+02,  6.15e+01)
95      0.255   5.25e-01   7.59e-01   5.55e-01   1.60e+01   9.95e+00 (  2.75e+02,  4.93e+01)
15 n: 4.888e-05 e: 3.780e-04 i: 3.211e-04 :: e: 3.662e-02 i: 5.377e-02 :: n: 2.705e+01 e:20.683 i:26.937 v:4.993e+03
>>> tau_he = 5.000000, nhe(0)=3.128681e+00
 5     -3.469   7.62e-03   4.55e-01   2.42e-03  -9.63e-02   6.00e-05 (  3.01e+00,  4.34e+01)
10    -13.854   4.27e-02   7.06e-02  -4.67e-03  -2.09e+00   3.54e-04 (  2.70e+01,  8.69e+01)
15     -2.347   1.63e-01   1.05e-01   2.75e-02  -2.33e+00   1.53e-03 (  1.04e+02,  1.27e+02)
20     -0.157   1.39e-01   1.03e-01   1.63e-02  -6.19e-01   5.59e-03 (  9.19e+01,  1.61e+02)
25     -0.130   1.81e-01   1.37e-01  -7.72e-03  -5.95e-01   1.79e-02 (  1.13e+02,  1.85e+02)
30     -0.184   2.14e-01   1.62e-01   6.86e-02  -6.96e-01   5.13e-02 (  1.28e+02,  1.99e+02)
35      0.024   3.04e-01   2.98e-01   2.09e-01   1.07e-01   1.31e-01 (  1.73e+02,  2.02e+02)
40      0.004   2.77e-01   2.61e-01   1.76e-01   2.76e-02   3.03e-01 (  1.46e+02,  1.97e+02)
45      0.069   2.94e-01   3.20e-01   2.10e-01   5.27e-01   6.31e-01 (  1.41e+02,  1.85e+02)
50      0.146   3.49e-01   4.70e-01   2.35e-01   1.25e+00   1.19e+00 (  1.40e+02,  1.68e+02)
55      0.140   3.58e-01   5.43e-01   2.83e-01   1.99e+00   2.04e+00 (  1.25e+02,  1.50e+02)
60      0.152   3.73e-01   6.11e-01   3.36e-01   3.02e+00   3.20e+00 (  1.08e+02,  1.34e+02)
65      0.187   4.35e-01   6.87e-01   4.07e-01   4.38e+00   4.59e+00 (  9.95e+01,  1.20e+02)
70      0.234   5.43e-01   7.73e-01   4.77e-01   5.90e+00   6.08e+00 (  9.38e+01,  1.08e+02)
75      0.281   6.94e-01   8.62e-01   5.24e-01   7.33e+00   7.48e+00 (  8.74e+01,  9.63e+01)
80      0.324   8.96e-01   9.59e-01   5.48e-01   8.66e+00   8.63e+00 (  8.29e+01,  8.49e+01)
85      0.329   9.58e-01   1.00e+00   5.66e-01   8.66e+00   9.42e+00 (  7.63e+01,  7.32e+01)
90      0.449   1.06e+00   1.61e+00   1.08e+00   1.37e+01   9.83e+00 (  2.13e+02,  6.15e+01)
95      0.255   5.25e-01   7.59e-01   5.55e-01   1.60e+01   9.95e+00 (  2.75e+02,  4.93e+01)
16 n: 3.986e-05 e: 3.776e-04 i: 3.263e-04 :: e: 3.055e-02 i: 4.511e-02 :: n: 2.713e+01 e:21.017 i:26.858 v:4.993e+03
>>> tau_he = 5.000000, nhe(0)=3.137594e+00
 5     -3.501   7.51e-03   4.57e-01   2.40e-03  -9.73e-02   6.00e-05 (  3.00e+00,  4.34e+01)
10    -14.169   4.58e-02   7.21e-02  -3.31e-03  -2.14e+00   3.54e-04 (  2.92e+01,  8.69e+01)
15     -3.349   1.65e-01   1.13e-01  -3.12e-02  -3.32e+00   1.53e-03 (  1.06e+02,  1.27e+02)
20     -0.297   2.75e-01   3.35e-01   9.07e-02  -1.20e+00   5.59e-03 (  1.85e+02,  1.61e+02)
25      0.017   2.84e-01   3.22e-01   1.46e-01   8.37e-02   1.79e-02 (  1.82e+02,  1.85e+02)
30      0.012   3.10e-01   3.41e-01   2.31e-01   5.01e-02   5.13e-02 (  1.90e+02,  1.99e+02)
35      0.051   3.08e-01   3.18e-01   2.26e-01   2.34e-01   1.31e-01 (  1.77e+02,  2.02e+02)
40      0.074   3.22e-01   3.87e-01   2.32e-01   4.93e-01   3.03e-01 (  1.73e+02,  1.97e+02)
45      0.075   3.03e-01   3.49e-01   2.25e-01   5.76e-01   6.31e-01 (  1.48e+02,  1.85e+02)
50      0.150   3.61e-01   5.11e-01   2.56e-01   1.29e+00   1.19e+00 (  1.48e+02,  1.68e+02)
55      0.143   3.73e-01   5.85e-01   3.05e-01   2.03e+00   2.04e+00 (  1.33e+02,  1.50e+02)
60      0.155   3.92e-01   6.50e-01   3.54e-01   3.08e+00   3.20e+00 (  1.17e+02,  1.34e+02)
65      0.192   4.55e-01   7.19e-01   4.27e-01   4.50e+00   4.59e+00 (  1.08e+02,  1.20e+02)
70      0.240   5.63e-01   7.98e-01   4.90e-01   6.06e+00   6.08e+00 (  1.01e+02,  1.08e+02)
75      0.287   7.06e-01   8.78e-01   5.30e-01   7.49e+00   7.48e+00 (  9.29e+01,  9.63e+01)
80      0.328   8.95e-01   9.66e-01   5.45e-01   8.78e+00   8.63e+00 (  8.68e+01,  8.49e+01)
85      0.329   9.40e-01   9.97e-01   5.53e-01   8.66e+00   9.42e+00 (  7.90e+01,  7.32e+01)
90      0.445   1.06e+00   1.60e+00   1.07e+00   1.36e+01   9.83e+00 (  2.15e+02,  6.15e+01)
95      0.255   5.25e-01   7.59e-01   5.55e-01   1.60e+01   9.95e+00 (  2.75e+02,  4.93e+01)
17 n: 2.799e-05 e: 3.251e-04 i: 5.589e-04 :: e: 4.081e-02 i: 5.924e-02 :: n: 2.697e+01 e:20.686 i:26.911 v:4.993e+03
>>> tau_he = 5.000000, nhe(0)=3.111264e+00
 5     -3.497   7.63e-03   4.53e-01   2.42e-03  -9.67e-02   6.00e-05 (  3.02e+00,  4.34e+01)
10    -14.016   4.32e-02   7.21e-02  -3.88e-03  -2.12e+00   3.54e-04 (  2.72e+01,  8.69e+01)
15     -2.297   1.63e-01   1.05e-01   2.89e-02  -2.27e+00   1.53e-03 (  1.02e+02,  1.27e+02)
20     -0.272   1.37e-01   1.03e-01   2.10e-02  -1.01e+00   5.59e-03 (  8.92e+01,  1.61e+02)
25     -0.162   1.83e-01   1.39e-01  -5.46e-03  -6.84e-01   1.79e-02 (  1.15e+02,  1.85e+02)
30     -0.174   2.15e-01   1.63e-01   6.65e-02  -6.72e-01   5.13e-02 (  1.29e+02,  1.99e+02)
35      0.017   3.05e-01   3.00e-01   2.15e-01   7.08e-02   1.31e-01 (  1.73e+02,  2.02e+02)
40      0.005   2.79e-01   2.64e-01   1.78e-01   3.05e-02   3.03e-01 (  1.47e+02,  1.97e+02)
45      0.070   2.96e-01   3.23e-01   2.13e-01   5.36e-01   6.31e-01 (  1.42e+02,  1.85e+02)
50      0.146   3.51e-01   4.73e-01   2.38e-01   1.25e+00   1.19e+00 (  1.41e+02,  1.68e+02)
55      0.098   3.10e-01   4.13e-01   2.34e-01   1.39e+00   2.04e+00 (  1.08e+02,  1.50e+02)
60      0.152   3.75e-01   6.15e-01   3.39e-01   3.02e+00   3.20e+00 (  1.09e+02,  1.34e+02)
65      0.188   4.37e-01   6.92e-01   4.10e-01   4.39e+00   4.59e+00 (  1.01e+02,  1.20e+02)
70      0.235   5.45e-01   7.78e-01   4.80e-01   5.91e+00   6.08e+00 (  9.48e+01,  1.08e+02)
75      0.282   6.95e-01   8.66e-01   5.26e-01   7.35e+00   7.48e+00 (  8.82e+01,  9.63e+01)
80      0.324   8.95e-01   9.62e-01   5.50e-01   8.68e+00   8.63e+00 (  8.35e+01,  8.49e+01)
85      0.329   9.53e-01   1.00e+00   5.66e-01   8.65e+00   9.42e+00 (  7.67e+01,  7.32e+01)
90      0.449   1.06e+00   1.61e+00   1.08e+00   1.37e+01   9.83e+00 (  2.14e+02,  6.15e+01)
95      0.255   5.25e-01   7.59e-01   5.55e-01   1.60e+01   9.95e+00 (  2.75e+02,  4.93e+01)
18 n: 1.388e-04 e: 2.564e-04 i: 2.771e-04 :: e: 3.236e-02 i: 5.099e-02 :: n: 2.709e+01 e:20.923 i:26.837 v:4.993e+03
>>> tau_he = 5.000000, nhe(0)=3.129373e+00
 5     -3.490   7.51e-03   4.55e-01   2.40e-03  -9.68e-02   6.00e-05 (  2.99e+00,  4.34e+01)
10    -14.086   4.55e-02   7.19e-02  -3.12e-03  -2.13e+00   3.54e-04 (  2.88e+01,  8.69e+01)
15     -3.236   1.63e-01   1.13e-01  -2.36e-02  -3.21e+00   1.53e-03 (  1.03e+02,  1.27e+02)
20     -0.208   1.42e-01   1.09e-01   1.88e-02  -7.96e-01   5.59e-03 (  9.35e+01,  1.61e+02)
25      0.001   2.86e-01   3.25e-01   1.53e-01   5.10e-03   1.79e-02 (  1.83e+02,  1.85e+02)
30      0.021   3.08e-01   3.39e-01   2.25e-01   8.74e-02   5.13e-02 (  1.88e+02,  1.99e+02)
35      0.047   3.08e-01   3.14e-01   2.26e-01   2.09e-01   1.31e-01 (  1.76e+02,  2.02e+02)
40      0.074   3.22e-01   3.85e-01   2.31e-01   4.91e-01   3.03e-01 (  1.72e+02,  1.97e+02)
45      0.074   3.03e-01   3.47e-01   2.25e-01   5.71e-01   6.31e-01 (  1.48e+02,  1.85e+02)
50      0.150   3.61e-01   5.07e-01   2.54e-01   1.28e+00   1.19e+00 (  1.48e+02,  1.68e+02)
55      0.145   3.74e-01   5.87e-01   3.03e-01   2.08e+00   2.04e+00 (  1.34e+02,  1.50e+02)
60      0.156   3.93e-01   6.50e-01   3.53e-01   3.10e+00   3.20e+00 (  1.17e+02,  1.34e+02)
65      0.192   4.55e-01   7.18e-01   4.27e-01   4.50e+00   4.59e+00 (  1.08e+02,  1.20e+02)
70      0.240   5.62e-01   7.98e-01   4.91e-01   6.06e+00   6.08e+00 (  1.01e+02,  1.08e+02)
75      0.287   7.06e-01   8.79e-01   5.31e-01   7.49e+00   7.48e+00 (  9.29e+01,  9.63e+01)
80      0.328   8.94e-01   9.68e-01   5.47e-01   8.78e+00   8.63e+00 (  8.68e+01,  8.49e+01)
85      0.329   9.40e-01   9.99e-01   5.56e-01   8.67e+00   9.42e+00 (  7.91e+01,  7.32e+01)
90      0.446   1.06e+00   1.60e+00   1.07e+00   1.36e+01   9.83e+00 (  2.15e+02,  6.15e+01)
95      0.255   5.25e-01   7.59e-01   5.55e-01   1.60e+01   9.95e+00 (  2.75e+02,  4.93e+01)
19 n: 3.627e-05 e: 1.961e-04 i: 2.639e-04 :: e: 3.246e-02 i: 4.763e-02 :: n: 2.699e+01 e:20.706 i:26.966 v:4.993e+03
>>> tau_he = 5.000000, nhe(0)=3.118351e+00
 5     -3.476   7.64e-03   4.57e-01   2.43e-03  -9.65e-02   6.00e-05 (  3.03e+00,  4.34e+01)
10    -13.805   4.33e-02   7.06e-02  -4.37e-03  -2.09e+00   3.54e-04 (  2.72e+01,  8.69e+01)
15     -2.262   1.64e-01   1.05e-01   2.92e-02  -2.24e+00   1.53e-03 (  1.02e+02,  1.27e+02)
20     -0.199   1.41e-01   1.07e-01   1.70e-02  -7.73e-01   5.59e-03 (  9.26e+01,  1.61e+02)
25     -0.116   1.84e-01   1.40e-01  -1.00e-02  -5.17e-01   1.79e-02 (  1.15e+02,  1.85e+02)
30     -0.181   2.15e-01   1.64e-01   6.92e-02  -6.85e-01   5.13e-02 (  1.29e+02,  1.99e+02)
35     -0.083   2.50e-01   2.06e-01   1.25e-01  -3.44e-01   1.31e-01 (  1.41e+02,  2.02e+02)
40      0.005   2.79e-01   2.65e-01   1.79e-01   2.97e-02   3.03e-01 (  1.47e+02,  1.97e+02)
45      0.070   2.97e-01   3.25e-01   2.15e-01   5.31e-01   6.31e-01 (  1.43e+02,  1.85e+02)
50      0.147   3.52e-01   4.76e-01   2.39e-01   1.25e+00   1.19e+00 (  1.42e+02,  1.68e+02)
55      0.141   3.62e-01   5.50e-01   2.87e-01   1.99e+00   2.04e+00 (  1.27e+02,  1.50e+02)
60      0.153   3.78e-01   6.20e-01   3.41e-01   3.04e+00   3.20e+00 (  1.10e+02,  1.34e+02)
65      0.189   4.40e-01   6.95e-01   4.12e-01   4.40e+00   4.59e+00 (  1.02e+02,  1.20e+02)
70      0.236   5.47e-01   7.81e-01   4.82e-01   5.93e+00   6.08e+00 (  9.56e+01,  1.08e+02)
75      0.283   6.96e-01   8.69e-01   5.28e-01   7.37e+00   7.48e+00 (  8.88e+01,  9.63e+01)
80      0.325   8.94e-01   9.64e-01   5.51e-01   8.69e+00   8.63e+00 (  8.40e+01,  8.49e+01)
85      0.329   9.50e-01   1.00e+00   5.67e-01   8.65e+00   9.42e+00 (  7.71e+01,  7.32e+01)
90      0.449   1.06e+00   1.61e+00   1.08e+00   1.37e+01   9.83e+00 (  2.14e+02,  6.15e+01)
95      0.255   5.25e-01   7.59e-01   5.55e-01   1.60e+01   9.95e+00 (  2.75e+02,  4.93e+01)
20 n: 3.689e-05 e: 1.729e-04 i: 1.959e-04 :: e: 2.841e-02 i: 4.380e-02 :: n: 2.710e+01 e:20.929 i:26.968 v:4.993e+03
>>> tau_he = 5.000000, nhe(0)=3.138759e+00
 5     -3.494   7.60e-03   4.61e-01   2.43e-03  -9.72e-02   6.00e-05 (  3.03e+00,  4.34e+01)
10    -13.916   4.52e-02   7.07e-02  -3.72e-03  -2.11e+00   3.54e-04 (  2.85e+01,  8.69e+01)
15     -3.174   1.63e-01   1.05e-01   3.51e-02  -3.16e+00   1.53e-03 (  1.02e+02,  1.27e+02)
20     -0.303   2.75e-01   3.35e-01   9.07e-02  -1.21e+00   5.59e-03 (  1.84e+02,  1.61e+02)
25      0.011   2.85e-01   3.23e-01   1.46e-01   5.21e-02   1.79e-02 (  1.83e+02,  1.85e+02)
30      0.021   3.09e-01   3.38e-01   2.24e-01   8.79e-02   5.13e-02 (  1.88e+02,  1.99e+02)
35      0.053   3.07e-01   3.14e-01   2.22e-01   2.44e-01   1.31e-01 (  1.75e+02,  2.02e+02)
40      0.075   3.21e-01   3.84e-01   2.29e-01   5.05e-01   3.03e-01 (  1.72e+02,  1.97e+02)
45      0.074   3.03e-01   3.46e-01   2.25e-01   5.70e-01   6.31e-01 (  1.47e+02,  1.85e+02)
50      0.150   3.60e-01   5.03e-01   2.53e-01   1.27e+00   1.19e+00 (  1.47e+02,  1.68e+02)
55      0.142   3.72e-01   5.78e-01   3.02e-01   2.01e+00   2.04e+00 (  1.32e+02,  1.50e+02)
60      0.155   3.91e-01   6.46e-01   3.52e-01   3.07e+00   3.20e+00 (  1.16e+02,  1.34e+02)
65      0.192   4.53e-01   7.17e-01   4.26e-01   4.48e+00   4.59e+00 (  1.07e+02,  1.20e+02)
70      0.240   5.60e-01   7.98e-01   4.91e-01   6.04e+00   6.08e+00 (  1.01e+02,  1.08e+02)
75      0.286   7.04e-01   8.79e-01   5.32e-01   7.47e+00   7.48e+00 (  9.27e+01,  9.63e+01)
80      0.327   8.93e-01   9.69e-01   5.49e-01   8.76e+00   8.63e+00 (  8.67e+01,  8.49e+01)
85      0.329   9.39e-01   1.00e+00   5.59e-01   8.66e+00   9.42e+00 (  7.90e+01,  7.32e+01)
90      0.446   1.06e+00   1.60e+00   1.07e+00   1.36e+01   9.83e+00 (  2.15e+02,  6.15e+01)
95      0.255   5.25e-01   7.59e-01   5.55e-01   1.60e+01   9.95e+00 (  2.75e+02,  4.93e+01)
21 n: 2.760e-05 e: 1.689e-04 i: 5.133e-04 :: e: 3.714e-02 i: 5.305e-02 :: n: 2.691e+01 e:20.731 i:26.935 v:4.993e+03
>>> tau_he = 5.000000, nhe(0)=3.101340e+00
 5     -3.506   7.64e-03   4.56e-01   2.44e-03  -9.69e-02   6.00e-05 (  3.03e+00,  4.34e+01)
10    -13.976   4.39e-02   7.19e-02  -3.83e-03  -2.11e+00   3.54e-04 (  2.75e+01,  8.69e+01)
15     -2.237   1.64e-01   1.06e-01   3.05e-02  -2.21e+00   1.53e-03 (  1.01e+02,  1.27e+02)
20     -0.283   1.39e-01   1.05e-01   2.21e-02  -1.03e+00   5.59e-03 (  9.01e+01,  1.61e+02)
25     -0.195   1.86e-01   1.42e-01  -3.27e-03  -7.62e-01   1.79e-02 (  1.17e+02,  1.85e+02)
30     -0.068   2.88e-01   2.60e-01   1.50e-01  -2.53e-01   5.13e-02 (  1.74e+02,  1.99e+02)
35      0.016   3.09e-01   3.04e-01   2.19e-01   6.85e-02   1.31e-01 (  1.75e+02,  2.02e+02)
40      0.063   3.21e-01   3.71e-01   2.29e-01   3.95e-01   3.03e-01 (  1.70e+02,  1.97e+02)
45      0.071   2.99e-01   3.29e-01   2.17e-01   5.36e-01   6.31e-01 (  1.44e+02,  1.85e+02)
50      0.147   3.53e-01   4.79e-01   2.41e-01   1.24e+00   1.19e+00 (  1.42e+02,  1.68e+02)
55      0.099   3.13e-01   4.18e-01   2.37e-01   1.38e+00   2.04e+00 (  1.09e+02,  1.50e+02)
60      0.153   3.79e-01   6.23e-01   3.43e-01   3.02e+00   3.20e+00 (  1.11e+02,  1.34e+02)
65      0.189   4.41e-01   6.98e-01   4.14e-01   4.41e+00   4.59e+00 (  1.02e+02,  1.20e+02)
70      0.236   5.48e-01   7.84e-01   4.83e-01   5.93e+00   6.08e+00 (  9.62e+01,  1.08e+02)
75      0.283   6.96e-01   8.71e-01   5.29e-01   7.37e+00   7.48e+00 (  8.93e+01,  9.63e+01)
80      0.325   8.93e-01   9.65e-01   5.52e-01   8.69e+00   8.63e+00 (  8.44e+01,  8.49e+01)
85      0.329   9.48e-01   1.00e+00   5.67e-01   8.65e+00   9.42e+00 (  7.73e+01,  7.32e+01)
90      0.448   1.06e+00   1.61e+00   1.08e+00   1.37e+01   9.83e+00 (  2.14e+02,  6.15e+01)
95      0.255   5.25e-01   7.59e-01   5.55e-01   1.60e+01   9.95e+00 (  2.75e+02,  4.93e+01)
22 n: 1.304e-04 e: 1.329e-04 i: 2.681e-04 :: e: 2.639e-02 i: 3.617e-02 :: n: 2.698e+01 e:20.822 i:26.911 v:4.993e+03
>>> tau_he = 5.000000, nhe(0)=3.113610e+00
 5     -3.480   7.57e-03   4.56e-01   2.42e-03  -9.65e-02   6.00e-05 (  3.00e+00,  4.34e+01)
10    -13.929   4.52e-02   7.12e-02  -3.36e-03  -2.11e+00   3.54e-04 (  2.83e+01,  8.69e+01)
15     -3.087   1.62e-01   1.05e-01   3.62e-02  -3.06e+00   1.53e-03 (  9.99e+01,  1.27e+02)
20     -0.210   1.42e-01   1.09e-01   1.93e-02  -7.91e-01   5.59e-03 (  9.31e+01,  1.61e+02)
25     -0.012   2.88e-01   3.28e-01   1.60e-01  -5.36e-02   1.79e-02 (  1.82e+02,  1.85e+02)
30      0.015   3.06e-01   3.36e-01   2.24e-01   6.22e-02   5.13e-02 (  1.84e+02,  1.99e+02)
35      0.028   3.10e-01   3.12e-01   2.27e-01   1.19e-01   1.31e-01 (  1.75e+02,  2.02e+02)
40      0.063   3.24e-01   3.83e-01   2.42e-01   3.82e-01   3.03e-01 (  1.72e+02,  1.97e+02)
45      0.073   3.03e-01   3.43e-01   2.25e-01   5.52e-01   6.31e-01 (  1.47e+02,  1.85e+02)
50      0.151   3.60e-01   5.01e-01   2.52e-01   1.27e+00   1.19e+00 (  1.47e+02,  1.68e+02)
55      0.145   3.73e-01   5.82e-01   3.01e-01   2.07e+00   2.04e+00 (  1.33e+02,  1.50e+02)
60      0.156   3.91e-01   6.46e-01   3.52e-01   3.09e+00   3.20e+00 (  1.16e+02,  1.34e+02)
65      0.192   4.53e-01   7.17e-01   4.26e-01   4.48e+00   4.59e+00 (  1.07e+02,  1.20e+02)
70      0.240   5.60e-01   7.98e-01   4.91e-01   6.03e+00   6.08e+00 (  1.00e+02,  1.08e+02)
75      0.286   7.04e-01   8.80e-01   5.32e-01   7.46e+00   7.48e+00 (  9.25e+01,  9.63e+01)
80      0.327   8.93e-01   9.70e-01   5.50e-01   8.76e+00   8.63e+00 (  8.66e+01,  8.49e+01)
85      0.329   9.39e-01   1.00e+00   5.61e-01   8.67e+00   9.42e+00 (  7.90e+01,  7.32e+01)
90      0.446   1.06e+00   1.60e+00   1.08e+00   1.36e+01   9.83e+00 (  2.15e+02,  6.15e+01)
95      0.255   5.25e-01   7.59e-01   5.55e-01   1.60e+01   9.95e+00 (  2.75e+02,  4.93e+01)
23 n: 2.539e-05 e: 1.009e-04 i: 2.294e-04 :: e: 2.828e-02 i: 4.067e-02 :: n: 2.695e+01 e:20.691 i:26.946 v:4.993e+03
>>> tau_he = 5.000000, nhe(0)=3.109871e+00
 5     -3.472   7.65e-03   4.58e-01   2.44e-03  -9.65e-02   6.00e-05 (  3.03e+00,  4.34e+01)
10    -13.791   4.34e-02   7.10e-02  -4.03e-03  -2.09e+00   3.54e-04 (  2.71e+01,  8.69e+01)
15     -3.069   1.61e-01   1.04e-01   3.50e-02  -3.05e+00   1.53e-03 (  9.92e+01,  1.27e+02)
20     -0.201   1.41e-01   1.12e-01   1.90e-03  -7.81e-01   5.59e-03 (  9.30e+01,  1.61e+02)
25     -0.118   1.84e-01   1.41e-01  -9.46e-03  -5.17e-01   1.79e-02 (  1.15e+02,  1.85e+02)
30     -0.162   2.13e-01   1.65e-01   7.13e-02  -6.36e-01   5.13e-02 (  1.26e+02,  1.99e+02)
35      0.020   3.06e-01   3.01e-01   2.17e-01   8.61e-02   1.31e-01 (  1.71e+02,  2.02e+02)
40     -0.003   2.81e-01   2.67e-01   1.88e-01  -2.07e-02   3.03e-01 (  1.47e+02,  1.97e+02)
45      0.070   2.99e-01   3.29e-01   2.18e-01   5.26e-01   6.31e-01 (  1.44e+02,  1.85e+02)
50      0.148   3.54e-01   4.81e-01   2.42e-01   1.24e+00   1.19e+00 (  1.43e+02,  1.68e+02)
55      0.141   3.65e-01   5.56e-01   2.91e-01   2.00e+00   2.04e+00 (  1.28e+02,  1.50e+02)
60      0.154   3.81e-01   6.27e-01   3.45e-01   3.04e+00   3.20e+00 (  1.12e+02,  1.34e+02)
65      0.189   4.43e-01   7.01e-01   4.16e-01   4.41e+00   4.59e+00 (  1.03e+02,  1.20e+02)
70      0.237   5.50e-01   7.86e-01   4.85e-01   5.95e+00   6.08e+00 (  9.69e+01,  1.08e+02)
75      0.284   6.97e-01   8.73e-01   5.30e-01   7.38e+00   7.48e+00 (  8.99e+01,  9.63e+01)
80      0.325   8.93e-01   9.67e-01   5.53e-01   8.70e+00   8.63e+00 (  8.48e+01,  8.49e+01)
85      0.329   9.46e-01   1.00e+00   5.67e-01   8.65e+00   9.42e+00 (  7.76e+01,  7.32e+01)
90      0.448   1.06e+00   1.61e+00   1.08e+00   1.37e+01   9.83e+00 (  2.15e+02,  6.15e+01)
95      0.255   5.25e-01   7.59e-01   5.55e-01   1.60e+01   9.95e+00 (  2.75e+02,  4.93e+01)
24 n: 4.466e-05 e: 8.298e-05 i: 1.932e-04 :: e: 2.440e-02 i: 3.611e-02 :: n: 2.703e+01 e:20.819 i:26.957 v:4.993e+03
>>> tau_he = 5.000000, nhe(0)=3.126690e+00
 5     -3.473   7.62e-03   4.61e-01   2.44e-03  -9.68e-02   6.00e-05 (  3.03e+00,  4.34e+01)
10    -13.796   4.49e-02   7.03e-02  -3.88e-03  -2.10e+00   3.54e-04 (  2.81e+01,  8.69e+01)
15     -3.081   1.62e-01   1.05e-01   3.54e-02  -3.07e+00   1.53e-03 (  1.00e+02,  1.27e+02)
20     -0.296   2.73e-01   3.32e-01   8.94e-02  -1.19e+00   5.59e-03 (  1.82e+02,  1.61e+02)
25      0.010   2.84e-01   3.21e-01   1.46e-01   4.99e-02   1.79e-02 (  1.81e+02,  1.85e+02)
30      0.021   3.04e-01   3.33e-01   2.18e-01   8.99e-02   5.13e-02 (  1.82e+02,  1.99e+02)
35      0.032   3.06e-01   3.08e-01   2.21e-01   1.41e-01   1.31e-01 (  1.72e+02,  2.02e+02)
40      0.069   3.21e-01   3.80e-01   2.35e-01   4.37e-01   3.03e-01 (  1.70e+02,  1.97e+02)
45      0.074   3.02e-01   3.42e-01   2.24e-01   5.59e-01   6.31e-01 (  1.46e+02,  1.85e+02)
50      0.150   3.58e-01   4.98e-01   2.51e-01   1.26e+00   1.19e+00 (  1.45e+02,  1.68e+02)
55      0.142   3.70e-01   5.72e-01   3.00e-01   1.99e+00   2.04e+00 (  1.31e+02,  1.50e+02)
60      0.155   3.90e-01   6.42e-01   3.50e-01   3.05e+00   3.20e+00 (  1.15e+02,  1.34e+02)
65      0.191   4.51e-01   7.15e-01   4.24e-01   4.46e+00   4.59e+00 (  1.07e+02,  1.20e+02)
70      0.239   5.58e-01   7.97e-01   4.90e-01   6.01e+00   6.08e+00 (  1.00e+02,  1.08e+02)
75      0.286   7.02e-01   8.79e-01   5.32e-01   7.45e+00   7.48e+00 (  9.22e+01,  9.63e+01)
80      0.327   8.91e-01   9.70e-01   5.51e-01   8.75e+00   8.63e+00 (  8.64e+01,  8.49e+01)
85      0.329   9.38e-01   1.00e+00   5.61e-01   8.65e+00   9.42e+00 (  7.88e+01,  7.32e+01)
90      0.446   1.06e+00   1.60e+00   1.08e+00   1.36e+01   9.83e+00 (  2.15e+02,  6.15e+01)
95      0.255   5.25e-01   7.59e-01   5.55e-01   1.60e+01   9.95e+00 (  2.75e+02,  4.93e+01)
25 n: 1.822e-05 e: 1.082e-04 i: 4.878e-04 :: e: 3.166e-02 i: 4.502e-02 :: n: 2.688e+01 e:20.684 i:26.859 v:4.993e+03
>>> tau_he = 5.000000, nhe(0)=3.091847e+00
 5     -3.489   7.61e-03   4.54e-01   2.44e-03  -9.65e-02   6.00e-05 (  3.02e+00,  4.34e+01)
10    -13.945   4.38e-02   7.21e-02  -3.59e-03  -2.11e+00   3.54e-04 (  2.73e+01,  8.69e+01)
15     -2.191   1.63e-01   1.07e-01   3.13e-02  -2.17e+00   1.53e-03 (  9.98e+01,  1.27e+02)
20     -0.283   1.38e-01   1.06e-01   2.21e-02  -1.03e+00   5.59e-03 (  8.99e+01,  1.61e+02)
25     -0.198   1.85e-01   1.43e-01  -2.39e-03  -7.61e-01   1.79e-02 (  1.16e+02,  1.85e+02)
30     -0.170   2.14e-01   1.66e-01   7.10e-02  -6.54e-01   5.13e-02 (  1.28e+02,  1.99e+02)
35      0.022   3.05e-01   3.01e-01   2.16e-01   9.76e-02   1.31e-01 (  1.70e+02,  2.02e+02)
40      0.003   2.80e-01   2.68e-01   1.85e-01   1.54e-02   3.03e-01 (  1.47e+02,  1.97e+02)
45      0.072   2.99e-01   3.32e-01   2.19e-01   5.36e-01   6.31e-01 (  1.44e+02,  1.85e+02)
50      0.148   3.54e-01   4.83e-01   2.44e-01   1.24e+00   1.19e+00 (  1.43e+02,  1.68e+02)
55      0.099   3.14e-01   4.21e-01   2.39e-01   1.38e+00   2.04e+00 (  1.10e+02,  1.50e+02)
60      0.154   3.81e-01   6.27e-01   3.46e-01   3.03e+00   3.20e+00 (  1.12e+02,  1.34e+02)
65      0.189   4.43e-01   7.02e-01   4.17e-01   4.41e+00   4.59e+00 (  1.03e+02,  1.20e+02)
70      0.237   5.50e-01   7.87e-01   4.85e-01   5.94e+00   6.08e+00 (  9.71e+01,  1.08e+02)
75      0.284   6.97e-01   8.74e-01   5.31e-01   7.38e+00   7.48e+00 (  9.00e+01,  9.63e+01)
80      0.325   8.92e-01   9.67e-01   5.53e-01   8.70e+00   8.63e+00 (  8.49e+01,  8.49e+01)
85      0.329   9.44e-01   1.00e+00   5.67e-01   8.65e+00   9.42e+00 (  7.78e+01,  7.32e+01)
90      0.448   1.06e+00   1.61e+00   1.08e+00   1.37e+01   9.83e+00 (  2.15e+02,  6.15e+01)
95      0.255   5.25e-01   7.59e-01   5.55e-01   1.60e+01   9.95e+00 (  2.75e+02,  4.93e+01)
26 n: 1.457e-04 e: 5.295e-05 i: 2.006e-04 :: e: 2.816e-02 i: 4.336e-02 :: n: 2.700e+01 e:20.727 i:26.912 v:4.993e+03
>>> tau_he = 5.000000, nhe(0)=3.117402e+00
 5     -3.458   7.59e-03   4.58e-01   2.43e-03  -9.59e-02   6.00e-05 (  3.01e+00,  4.34e+01)
10    -13.701   4.29e-02   7.04e-02  -3.81e-03  -2.08e+00   3.54e-04 (  2.67e+01,  8.69e+01)
15     -2.171   1.64e-01   1.06e-01   3.11e-02  -2.16e+00   1.53e-03 (  9.99e+01,  1.27e+02)
20     -0.208   1.41e-01   1.08e-01   1.91e-02  -7.83e-01   5.59e-03 (  9.22e+01,  1.61e+02)
25     -0.021   2.85e-01   3.26e-01   1.57e-01  -8.83e-02   1.79e-02 (  1.80e+02,  1.85e+02)
30      0.019   3.04e-01   3.33e-01   2.19e-01   7.98e-02   5.13e-02 (  1.82e+02,  1.99e+02)
35      0.033   3.04e-01   3.04e-01   2.18e-01   1.48e-01   1.31e-01 (  1.70e+02,  2.02e+02)
40      0.072   3.20e-01   3.78e-01   2.31e-01   4.66e-01   3.03e-01 (  1.69e+02,  1.97e+02)
45      0.074   3.01e-01   3.40e-01   2.23e-01   5.59e-01   6.31e-01 (  1.46e+02,  1.85e+02)
50      0.150   3.58e-01   4.96e-01   2.50e-01   1.26e+00   1.19e+00 (  1.45e+02,  1.68e+02)
55      0.144   3.71e-01   5.76e-01   2.98e-01   2.05e+00   2.04e+00 (  1.31e+02,  1.50e+02)
60      0.155   3.89e-01   6.41e-01   3.49e-01   3.07e+00   3.20e+00 (  1.15e+02,  1.34e+02)
65      0.191   4.50e-01   7.12e-01   4.23e-01   4.45e+00   4.59e+00 (  1.06e+02,  1.20e+02)
70      0.239   5.57e-01   7.95e-01   4.89e-01   6.00e+00   6.08e+00 (  9.95e+01,  1.08e+02)
75      0.286   7.02e-01   8.78e-01   5.32e-01   7.44e+00   7.48e+00 (  9.19e+01,  9.63e+01)
80      0.327   8.92e-01   9.69e-01   5.51e-01   8.74e+00   8.63e+00 (  8.63e+01,  8.49e+01)
85      0.329   9.39e-01   1.00e+00   5.61e-01   8.65e+00   9.42e+00 (  7.87e+01,  7.32e+01)
90      0.447   1.06e+00   1.60e+00   1.08e+00   1.36e+01   9.83e+00 (  2.15e+02,  6.15e+01)
95      0.255   5.25e-01   7.59e-01   5.55e-01   1.60e+01   9.95e+00 (  2.75e+02,  4.93e+01)
27 n: 3.275e-05 e: 4.979e-05 i: 2.178e-04 :: e: 2.360e-02 i: 3.493e-02 :: n: 2.695e+01 e:20.703 i:26.903 v:4.993e+03
>>> tau_he = 5.000000, nhe(0)=3.106548e+00
 5     -3.461   7.62e-03   4.58e-01   2.44e-03  -9.63e-02   6.00e-05 (  3.03e+00,  4.34e+01)
10    -13.758   4.33e-02   7.09e-02  -4.01e-03  -2.09e+00   3.54e-04 (  2.70e+01,  8.69e+01)
15     -3.021   1.61e-01   1.04e-01   3.57e-02  -3.01e+00   1.53e-03 (  9.84e+01,  1.27e+02)
20     -0.382   1.40e-01   1.11e-01   4.39e-03  -1.49e+00   5.59e-03 (  9.26e+01,  1.61e+02)
25     -0.129   1.85e-01   1.42e-01  -9.06e-03  -5.48e-01   1.79e-02 (  1.16e+02,  1.85e+02)
30     -0.168   2.14e-01   1.66e-01   7.12e-02  -6.49e-01   5.13e-02 (  1.28e+02,  1.99e+02)
35     -0.069   2.48e-01   2.07e-01   1.25e-01  -3.00e-01   1.31e-01 (  1.38e+02,  2.02e+02)
40      0.005   2.80e-01   2.69e-01   1.85e-01   2.95e-02   3.03e-01 (  1.47e+02,  1.97e+02)
45      0.071   3.00e-01   3.33e-01   2.19e-01   5.33e-01   6.31e-01 (  1.45e+02,  1.85e+02)
50      0.148   3.55e-01   4.84e-01   2.45e-01   1.24e+00   1.19e+00 (  1.43e+02,  1.68e+02)
55      0.142   3.66e-01   5.60e-01   2.93e-01   1.99e+00   2.04e+00 (  1.29e+02,  1.50e+02)
60      0.154   3.82e-01   6.30e-01   3.47e-01   3.04e+00   3.20e+00 (  1.12e+02,  1.34e+02)
65      0.189   4.44e-01   7.03e-01   4.17e-01   4.41e+00   4.59e+00 (  1.04e+02,  1.20e+02)
70      0.237   5.51e-01   7.87e-01   4.85e-01   5.94e+00   6.08e+00 (  9.73e+01,  1.08e+02)
75      0.284   6.97e-01   8.74e-01   5.30e-01   7.38e+00   7.48e+00 (  9.02e+01,  9.63e+01)
80      0.326   8.91e-01   9.67e-01   5.52e-01   8.70e+00   8.63e+00 (  8.51e+01,  8.49e+01)
85      0.329   9.43e-01   1.00e+00   5.66e-01   8.65e+00   9.42e+00 (  7.79e+01,  7.32e+01)
90      0.448   1.06e+00   1.61e+00   1.08e+00   1.37e+01   9.83e+00 (  2.15e+02,  6.15e+01)
95      0.255   5.25e-01   7.59e-01   5.55e-01   1.60e+01   9.95e+00 (  2.75e+02,  4.93e+01)
28 n: 3.640e-05 e: 3.203e-05 i: 1.552e-04 :: e: 2.742e-02 i: 3.956e-02 :: n: 2.706e+01 e:20.760 i:27.019 v:4.993e+03
>>> tau_he = 5.000000, nhe(0)=3.135107e+00
 5     -3.458   7.66e-03   4.64e-01   2.45e-03  -9.65e-02   6.00e-05 (  3.04e+00,  4.34e+01)
10    -13.619   4.44e-02   6.92e-02  -4.24e-03  -2.07e+00   3.54e-04 (  2.77e+01,  8.69e+01)
15     -3.021   1.62e-01   1.04e-01   3.51e-02  -3.01e+00   1.53e-03 (  9.91e+01,  1.27e+02)
20     -0.298   2.72e-01   3.31e-01   8.60e-02  -1.19e+00   5.59e-03 (  1.81e+02,  1.61e+02)
25     -0.001   2.82e-01   3.20e-01   1.45e-01  -4.90e-03   1.79e-02 (  1.80e+02,  1.85e+02)
30      0.024   3.03e-01   3.31e-01   2.14e-01   1.02e-01   5.13e-02 (  1.83e+02,  1.99e+02)
35      0.057   3.02e-01   3.05e-01   2.11e-01   2.76e-01   1.31e-01 (  1.70e+02,  2.02e+02)
40      0.074   3.19e-01   3.77e-01   2.27e-01   4.94e-01   3.03e-01 (  1.68e+02,  1.97e+02)
45      0.074   3.01e-01   3.40e-01   2.22e-01   5.60e-01   6.31e-01 (  1.45e+02,  1.85e+02)
50      0.149   3.57e-01   4.93e-01   2.49e-01   1.25e+00   1.19e+00 (  1.44e+02,  1.68e+02)
55      0.142   3.68e-01   5.67e-01   2.98e-01   1.98e+00   2.04e+00 (  1.29e+02,  1.50e+02)
60      0.154   3.87e-01   6.37e-01   3.47e-01   3.04e+00   3.20e+00 (  1.14e+02,  1.34e+02)
65      0.190   4.49e-01   7.10e-01   4.22e-01   4.43e+00   4.59e+00 (  1.05e+02,  1.20e+02)
70      0.238   5.56e-01   7.93e-01   4.88e-01   5.98e+00   6.08e+00 (  9.90e+01,  1.08e+02)
75      0.285   7.00e-01   8.77e-01   5.31e-01   7.42e+00   7.48e+00 (  9.15e+01,  9.63e+01)
80      0.326   8.91e-01   9.68e-01   5.51e-01   8.72e+00   8.63e+00 (  8.60e+01,  8.49e+01)
85      0.329   9.39e-01   1.00e+00   5.62e-01   8.64e+00   9.42e+00 (  7.85e+01,  7.32e+01)
90      0.447   1.06e+00   1.60e+00   1.08e+00   1.36e+01   9.83e+00 (  2.15e+02,  6.15e+01)
95      0.255   5.25e-01   7.59e-01   5.55e-01   1.60e+01   9.95e+00 (  2.75e+02,  4.93e+01)
29 n: 3.030e-05 e: 6.837e-05 i: 4.800e-04 :: e: 2.856e-02 i: 4.125e-02 :: n: 2.695e+01 e:20.742 i:26.871 v:4.993e+03
>>> tau_he = 5.000000, nhe(0)=3.104632e+00
 5     -3.465   7.62e-03   4.57e-01   2.44e-03  -9.68e-02   6.00e-05 (  3.04e+00,  4.34e+01)
10    -13.883   4.38e-02   7.21e-02  -3.38e-03  -2.11e+00   3.54e-04 (  2.74e+01,  8.69e+01)
15     -2.999   1.61e-01   1.04e-01   3.62e-02  -2.99e+00   1.53e-03 (  9.82e+01,  1.27e+02)
20     -0.225   1.38e-01   1.05e-01   1.83e-02  -9.21e-01   5.59e-03 (  9.03e+01,  1.61e+02)
25     -0.112   1.85e-01   1.42e-01  -1.08e-02  -5.05e-01   1.79e-02 (  1.17e+02,  1.85e+02)
30     -0.064   2.88e-01   2.62e-01   1.56e-01  -2.38e-01   5.13e-02 (  1.73e+02,  1.99e+02)
35      0.022   3.08e-01   3.06e-01   2.21e-01   9.35e-02   1.31e-01 (  1.74e+02,  2.02e+02)
40      0.063   3.22e-01   3.76e-01   2.34e-01   3.92e-01   3.03e-01 (  1.70e+02,  1.97e+02)
45      0.072   3.01e-01   3.35e-01   2.21e-01   5.36e-01   6.31e-01 (  1.45e+02,  1.85e+02)
50      0.148   3.56e-01   4.87e-01   2.46e-01   1.24e+00   1.19e+00 (  1.43e+02,  1.68e+02)
55      0.099   3.15e-01   4.24e-01   2.41e-01   1.38e+00   2.04e+00 (  1.10e+02,  1.50e+02)
60      0.153   3.84e-01   6.29e-01   3.43e-01   3.02e+00   3.20e+00 (  1.13e+02,  1.34e+02)
65      0.190   4.45e-01   7.04e-01   4.18e-01   4.41e+00   4.59e+00 (  1.04e+02,  1.20e+02)
70      0.237   5.51e-01   7.88e-01   4.86e-01   5.95e+00   6.08e+00 (  9.76e+01,  1.08e+02)
75      0.284   6.97e-01   8.74e-01   5.30e-01   7.38e+00   7.48e+00 (  9.04e+01,  9.63e+01)
80      0.326   8.91e-01   9.67e-01   5.52e-01   8.70e+00   8.63e+00 (  8.52e+01,  8.49e+01)
85      0.329   9.42e-01   1.00e+00   5.65e-01   8.64e+00   9.42e+00 (  7.80e+01,  7.32e+01)
90      0.448   1.06e+00   1.61e+00   1.08e+00   1.37e+01   9.83e+00 (  2.15e+02,  6.15e+01)
95      0.255   5.25e-01   7.59e-01   5.55e-01   1.60e+01   9.95e+00 (  2.75e+02,  4.93e+01)
30 n: 1.293e-04 e: 5.654e-05 i: 2.367e-04 :: e: 2.311e-02 i: 3.127e-02 :: n: 2.701e+01 e:20.696 i:26.954 v:4.993e+03
>>> tau_he = 5.000000, nhe(0)=3.122176e+00
 5     -3.428   7.62e-03   4.60e-01   2.44e-03  -9.60e-02   6.00e-05 (  3.02e+00,  4.34e+01)
10    -13.583   4.28e-02   7.00e-02  -3.93e-03  -2.07e+00   3.54e-04 (  2.66e+01,  8.69e+01)
15     -2.130   1.64e-01   1.06e-01   3.09e-02  -2.13e+00   1.53e-03 (  9.93e+01,  1.27e+02)
20     -0.164   1.41e-01   1.07e-01   1.56e-02  -6.88e-01   5.59e-03 (  9.20e+01,  1.61e+02)
25      0.013   2.80e-01   3.17e-01   1.39e-01   6.22e-02   1.79e-02 (  1.77e+02,  1.85e+02)
30     -0.034   2.86e-01   2.62e-01   1.52e-01  -1.37e-01   5.13e-02 (  1.70e+02,  1.99e+02)
35      0.028   3.06e-01   3.06e-01   2.21e-01   1.22e-01   1.31e-01 (  1.71e+02,  2.02e+02)
40      0.003   2.82e-01   2.73e-01   1.91e-01   1.57e-02   3.03e-01 (  1.48e+02,  1.97e+02)
45      0.073   3.01e-01   3.38e-01   2.23e-01   5.42e-01   6.31e-01 (  1.45e+02,  1.85e+02)
50      0.151   3.57e-01   4.92e-01   2.49e-01   1.26e+00   1.19e+00 (  1.44e+02,  1.68e+02)
55      0.144   3.70e-01   5.73e-01   2.97e-01   2.04e+00   2.04e+00 (  1.31e+02,  1.50e+02)
60      0.155   3.86e-01   6.40e-01   3.52e-01   3.08e+00   3.20e+00 (  1.14e+02,  1.34e+02)
65      0.191   4.48e-01   7.10e-01   4.22e-01   4.44e+00   4.59e+00 (  1.05e+02,  1.20e+02)
70      0.238   5.55e-01   7.93e-01   4.88e-01   5.98e+00   6.08e+00 (  9.88e+01,  1.08e+02)
75      0.285   7.00e-01   8.77e-01   5.31e-01   7.42e+00   7.48e+00 (  9.14e+01,  9.63e+01)
80      0.326   8.91e-01   9.68e-01   5.51e-01   8.73e+00   8.63e+00 (  8.59e+01,  8.49e+01)
85      0.329   9.40e-01   1.00e+00   5.63e-01   8.65e+00   9.42e+00 (  7.85e+01,  7.32e+01)
90      0.447   1.06e+00   1.60e+00   1.08e+00   1.37e+01   9.83e+00 (  2.15e+02,  6.15e+01)
95      0.255   5.25e-01   7.59e-01   5.55e-01   1.60e+01   9.95e+00 (  2.75e+02,  4.93e+01)
31 n: 5.007e-05 e: 2.923e-05 i: 1.243e-04 :: e: 1.965e-02 i: 2.754e-02 :: n: 2.697e+01 e:20.732 i:26.935 v:4.993e+03
>>> tau_he = 5.000000, nhe(0)=3.113788e+00
 5     -3.473   7.64e-03   4.60e-01   2.45e-03  -9.65e-02   6.00e-05 (  3.04e+00,  4.34e+01)
10    -13.746   4.32e-02   7.06e-02  -4.08e-03  -2.09e+00   3.54e-04 (  2.70e+01,  8.69e+01)
15     -3.011   1.62e-01   1.04e-01   3.59e-02  -2.99e+00   1.53e-03 (  9.84e+01,  1.27e+02)
20     -0.403   1.41e-01   1.11e-01   3.54e-03  -1.53e+00   5.59e-03 (  9.34e+01,  1.61e+02)
25     -0.125   1.86e-01   1.43e-01  -1.20e-02  -5.39e-01   1.79e-02 (  1.17e+02,  1.85e+02)
30     -0.133   2.13e-01   1.66e-01   6.54e-02  -5.61e-01   5.13e-02 (  1.27e+02,  1.99e+02)
35      0.027   3.05e-01   3.03e-01   2.17e-01   1.21e-01   1.31e-01 (  1.71e+02,  2.02e+02)
40      0.068   3.20e-01   3.75e-01   2.30e-01   4.36e-01   3.03e-01 (  1.69e+02,  1.97e+02)
45      0.072   3.01e-01   3.36e-01   2.21e-01   5.40e-01   6.31e-01 (  1.45e+02,  1.85e+02)
50      0.149   3.56e-01   4.88e-01   2.47e-01   1.24e+00   1.19e+00 (  1.44e+02,  1.68e+02)
55      0.142   3.68e-01   5.64e-01   2.96e-01   1.99e+00   2.04e+00 (  1.29e+02,  1.50e+02)
60      0.154   3.85e-01   6.32e-01   3.45e-01   3.03e+00   3.20e+00 (  1.13e+02,  1.34e+02)
65      0.190   4.46e-01   7.06e-01   4.19e-01   4.42e+00   4.59e+00 (  1.04e+02,  1.20e+02)
70      0.237   5.53e-01   7.90e-01   4.87e-01   5.96e+00   6.08e+00 (  9.80e+01,  1.08e+02)
75      0.284   6.98e-01   8.75e-01   5.31e-01   7.40e+00   7.48e+00 (  9.08e+01,  9.63e+01)
80      0.326   8.91e-01   9.68e-01   5.52e-01   8.71e+00   8.63e+00 (  8.55e+01,  8.49e+01)
85      0.329   9.41e-01   1.00e+00   5.65e-01   8.65e+00   9.42e+00 (  7.82e+01,  7.32e+01)
90      0.447   1.06e+00   1.61e+00   1.08e+00   1.37e+01   9.83e+00 (  2.15e+02,  6.15e+01)
95      0.255   5.25e-01   7.59e-01   5.55e-01   1.60e+01   9.95e+00 (  2.75e+02,  4.93e+01)
32 n: 2.651e-05 e: 3.091e-05 i: 2.014e-04 :: e: 2.160e-02 i: 2.979e-02 :: n: 2.699e+01 e:20.743 i:27.047 v:4.993e+03
>>> tau_he = 5.000000, nhe(0)=3.124203e+00
 5     -3.460   7.67e-03   4.65e-01   2.46e-03  -9.64e-02   6.00e-05 (  3.04e+00,  4.34e+01)
10    -13.581   4.27e-02   6.95e-02  -4.47e-03  -2.07e+00   3.54e-04 (  2.66e+01,  8.69e+01)
15     -2.995   1.63e-01   1.04e-01   3.56e-02  -2.99e+00   1.53e-03 (  9.87e+01,  1.27e+02)
20     -0.309   2.73e-01   3.33e-01   8.81e-02  -1.21e+00   5.59e-03 (  1.81e+02,  1.61e+02)
25      0.007   2.84e-01   3.21e-01   1.45e-01   3.23e-02   1.79e-02 (  1.81e+02,  1.85e+02)
30      0.035   3.02e-01   3.30e-01   2.10e-01   1.55e-01   5.13e-02 (  1.81e+02,  1.99e+02)
35      0.028   3.05e-01   3.05e-01   2.20e-01   1.22e-01   1.31e-01 (  1.70e+02,  2.02e+02)
40      0.063   3.22e-01   3.77e-01   2.38e-01   3.87e-01   3.03e-01 (  1.69e+02,  1.97e+02)
45      0.072   3.01e-01   3.38e-01   2.23e-01   5.39e-01   6.31e-01 (  1.45e+02,  1.85e+02)
50      0.150   3.57e-01   4.91e-01   2.49e-01   1.24e+00   1.19e+00 (  1.44e+02,  1.68e+02)
55      0.142   3.68e-01   5.65e-01   2.97e-01   1.97e+00   2.04e+00 (  1.29e+02,  1.50e+02)
60      0.154   3.86e-01   6.35e-01   3.46e-01   3.03e+00   3.20e+00 (  1.14e+02,  1.34e+02)
65      0.190   4.47e-01   7.09e-01   4.21e-01   4.43e+00   4.59e+00 (  1.05e+02,  1.20e+02)
70      0.238   5.54e-01   7.92e-01   4.88e-01   5.97e+00   6.08e+00 (  9.86e+01,  1.08e+02)
75      0.285   6.99e-01   8.77e-01   5.31e-01   7.41e+00   7.48e+00 (  9.12e+01,  9.63e+01)
80      0.326   8.90e-01   9.68e-01   5.52e-01   8.72e+00   8.63e+00 (  8.58e+01,  8.49e+01)
85      0.329   9.39e-01   1.00e+00   5.64e-01   8.64e+00   9.42e+00 (  7.84e+01,  7.32e+01)
90      0.447   1.06e+00   1.60e+00   1.08e+00   1.37e+01   9.83e+00 (  2.15e+02,  6.15e+01)
95      0.255   5.25e-01   7.59e-01   5.55e-01   1.60e+01   9.95e+00 (  2.75e+02,  4.93e+01)
33 n: 1.499e-05 e: 6.284e-05 i: 4.642e-04 :: e: 2.702e-02 i: 3.825e-02 :: n: 2.688e+01 e:20.718 i:26.885 v:4.993e+03
>>> tau_he = 5.000000, nhe(0)=3.092300e+00
 5     -3.484   7.62e-03   4.57e-01   2.45e-03  -9.66e-02   6.00e-05 (  3.03e+00,  4.34e+01)
10    -13.952   4.40e-02   7.25e-02  -3.36e-03  -2.12e+00   3.54e-04 (  2.75e+01,  8.69e+01)
15     -2.989   1.61e-01   1.05e-01   3.68e-02  -2.97e+00   1.53e-03 (  9.78e+01,  1.27e+02)
20     -0.274   1.39e-01   1.07e-01   2.14e-02  -1.02e+00   5.59e-03 (  9.07e+01,  1.61e+02)
25     -0.154   1.87e-01   1.44e-01  -7.20e-03  -6.12e-01   1.79e-02 (  1.18e+02,  1.85e+02)
30     -0.038   2.87e-01   2.62e-01   1.52e-01  -1.53e-01   5.13e-02 (  1.71e+02,  1.99e+02)
35      0.024   3.06e-01   3.04e-01   2.20e-01   1.05e-01   1.31e-01 (  1.71e+02,  2.02e+02)
40     -0.000   2.82e-01   2.71e-01   1.90e-01  -7.69e-04   3.03e-01 (  1.48e+02,  1.97e+02)
45      0.072   3.01e-01   3.37e-01   2.22e-01   5.36e-01   6.31e-01 (  1.45e+02,  1.85e+02)
50      0.150   3.57e-01   4.89e-01   2.48e-01   1.24e+00   1.19e+00 (  1.44e+02,  1.68e+02)
55      0.100   3.16e-01   4.27e-01   2.43e-01   1.38e+00   2.04e+00 (  1.11e+02,  1.50e+02)
60      0.154   3.84e-01   6.34e-01   3.50e-01   3.03e+00   3.20e+00 (  1.13e+02,  1.34e+02)
65      0.190   4.46e-01   7.07e-01   4.20e-01   4.42e+00   4.59e+00 (  1.05e+02,  1.20e+02)
70      0.238   5.53e-01   7.91e-01   4.87e-01   5.96e+00   6.08e+00 (  9.82e+01,  1.08e+02)
75      0.284   6.98e-01   8.76e-01   5.32e-01   7.40e+00   7.48e+00 (  9.09e+01,  9.63e+01)
80      0.326   8.90e-01   9.68e-01   5.53e-01   8.71e+00   8.63e+00 (  8.56e+01,  8.49e+01)
85      0.329   9.40e-01   1.00e+00   5.65e-01   8.64e+00   9.42e+00 (  7.82e+01,  7.32e+01)
90      0.447   1.06e+00   1.61e+00   1.08e+00   1.37e+01   9.83e+00 (  2.15e+02,  6.15e+01)
95      0.255   5.25e-01   7.59e-01   5.55e-01   1.60e+01   9.95e+00 (  2.75e+02,  4.93e+01)
34 n: 1.513e-04 e: 4.926e-05 i: 2.251e-04 :: e: 2.179e-02 i: 3.174e-02 :: n: 2.699e+01 e:20.655 i:26.973 v:4.993e+03
>>> tau_he = 5.000000, nhe(0)=3.119968e+00
 5     -3.445   7.65e-03   4.60e-01   2.45e-03  -9.59e-02   6.00e-05 (  3.03e+00,  4.34e+01)
10    -13.613   4.29e-02   7.01e-02  -3.97e-03  -2.07e+00   3.54e-04 (  2.67e+01,  8.69e+01)
15     -2.104   1.65e-01   1.05e-01   1.81e-02  -2.10e+00   1.53e-03 (  9.94e+01,  1.27e+02)
20     -0.199   1.41e-01   1.08e-01   1.79e-02  -7.65e-01   5.59e-03 (  9.21e+01,  1.61e+02)
25     -0.012   2.83e-01   3.22e-01   1.50e-01  -5.31e-02   1.79e-02 (  1.79e+02,  1.85e+02)
30     -0.017   2.83e-01   2.59e-01   1.45e-01  -7.42e-02   5.13e-02 (  1.68e+02,  1.99e+02)
35      0.031   3.03e-01   3.01e-01   2.15e-01   1.39e-01   1.31e-01 (  1.68e+02,  2.02e+02)
40      0.069   3.19e-01   3.75e-01   2.31e-01   4.43e-01   3.03e-01 (  1.67e+02,  1.97e+02)
45      0.073   3.00e-01   3.37e-01   2.22e-01   5.49e-01   6.31e-01 (  1.45e+02,  1.85e+02)
50      0.150   3.56e-01   4.90e-01   2.48e-01   1.25e+00   1.19e+00 (  1.43e+02,  1.68e+02)
55      0.144   3.69e-01   5.70e-01   2.96e-01   2.03e+00   2.04e+00 (  1.30e+02,  1.50e+02)
60      0.155   3.85e-01   6.37e-01   3.51e-01   3.07e+00   3.20e+00 (  1.13e+02,  1.34e+02)
65      0.190   4.47e-01   7.08e-01   4.20e-01   4.43e+00   4.59e+00 (  1.05e+02,  1.20e+02)
70      0.238   5.54e-01   7.92e-01   4.88e-01   5.97e+00   6.08e+00 (  9.85e+01,  1.08e+02)
75      0.285   6.99e-01   8.76e-01   5.31e-01   7.41e+00   7.48e+00 (  9.12e+01,  9.63e+01)
80      0.326   8.91e-01   9.69e-01   5.52e-01   8.72e+00   8.63e+00 (  8.58e+01,  8.49e+01)
85      0.329   9.40e-01   1.00e+00   5.64e-01   8.65e+00   9.42e+00 (  7.84e+01,  7.32e+01)
90      0.447   1.06e+00   1.61e+00   1.08e+00   1.37e+01   9.83e+00 (  2.15e+02,  6.15e+01)
95      0.255   5.25e-01   7.59e-01   5.55e-01   1.60e+01   9.95e+00 (  2.75e+02,  4.93e+01)
35 n: 3.412e-05 e: 2.920e-05 i: 1.333e-04 :: e: 1.632e-02 i: 2.276e-02 :: n: 2.700e+01 e:20.725 i:26.902 v:4.993e+03
>>> tau_he = 5.000000, nhe(0)=3.115865e+00
 5     -3.458   7.63e-03   4.60e-01   2.45e-03  -9.65e-02   6.00e-05 (  3.04e+00,  4.34e+01)
10    -13.758   4.34e-02   7.11e-02  -3.80e-03  -2.09e+00   3.54e-04 (  2.72e+01,  8.69e+01)
15     -2.963   1.62e-01   1.04e-01   2.31e-02  -2.96e+00   1.53e-03 (  9.87e+01,  1.27e+02)
20     -0.373   1.41e-01   1.11e-01  -1.90e-04  -1.48e+00   5.59e-03 (  9.34e+01,  1.61e+02)
25     -0.088   1.85e-01   1.42e-01  -1.70e-02  -4.21e-01   1.79e-02 (  1.17e+02,  1.85e+02)
30     -0.110   2.12e-01   1.67e-01   6.28e-02  -4.92e-01   5.13e-02 (  1.26e+02,  1.99e+02)
35      0.024   3.05e-01   3.03e-01   2.19e-01   1.06e-01   1.31e-01 (  1.69e+02,  2.02e+02)
40      0.003   2.82e-01   2.72e-01   1.89e-01   1.68e-02   3.03e-01 (  1.48e+02,  1.97e+02)
45      0.071   3.02e-01   3.37e-01   2.23e-01   5.29e-01   6.31e-01 (  1.46e+02,  1.85e+02)
50      0.149   3.57e-01   4.90e-01   2.48e-01   1.24e+00   1.19e+00 (  1.44e+02,  1.68e+02)
55      0.142   3.69e-01   5.66e-01   2.94e-01   1.99e+00   2.04e+00 (  1.30e+02,  1.50e+02)
60      0.154   3.86e-01   6.34e-01   3.46e-01   3.03e+00   3.20e+00 (  1.14e+02,  1.34e+02)
65      0.190   4.47e-01   7.08e-01   4.20e-01   4.42e+00   4.59e+00 (  1.05e+02,  1.20e+02)
70      0.238   5.53e-01   7.91e-01   4.87e-01   5.96e+00   6.08e+00 (  9.84e+01,  1.08e+02)
75      0.284   6.99e-01   8.76e-01   5.31e-01   7.40e+00   7.48e+00 (  9.10e+01,  9.63e+01)
80      0.326   8.90e-01   9.68e-01   5.52e-01   8.71e+00   8.63e+00 (  8.57e+01,  8.49e+01)
85      0.329   9.40e-01   1.00e+00   5.65e-01   8.64e+00   9.42e+00 (  7.83e+01,  7.32e+01)
90      0.447   1.06e+00   1.61e+00   1.08e+00   1.37e+01   9.83e+00 (  2.15e+02,  6.15e+01)
95      0.255   5.25e-01   7.59e-01   5.55e-01   1.60e+01   9.95e+00 (  2.75e+02,  4.93e+01)
36 n: 3.807e-05 e: 3.049e-05 i: 1.785e-04 :: e: 2.238e-02 i: 3.109e-02 :: n: 2.707e+01 e:20.701 i:27.051 v:4.993e+03
>>> tau_he = 5.000000, nhe(0)=3.140076e+00
 5     -3.444   7.70e-03   4.66e-01   2.46e-03  -9.63e-02   6.00e-05 (  3.06e+00,  4.34e+01)
10    -13.481   4.26e-02   6.90e-02  -4.61e-03  -2.05e+00   3.54e-04 (  2.66e+01,  8.69e+01)
15     -2.116   1.65e-01   1.04e-01   1.72e-02  -2.12e+00   1.53e-03 (  1.00e+02,  1.27e+02)
20     -0.255   2.71e-01   3.27e-01   8.24e-02  -1.04e+00   5.59e-03 (  1.81e+02,  1.61e+02)
25      0.024   2.77e-01   3.12e-01   1.30e-01   1.26e-01   1.79e-02 (  1.76e+02,  1.85e+02)
30      0.044   2.98e-01   3.26e-01   2.01e-01   2.10e-01   5.13e-02 (  1.78e+02,  1.99e+02)
35      0.030   3.03e-01   3.01e-01   2.15e-01   1.36e-01   1.31e-01 (  1.68e+02,  2.02e+02)
40      0.071   3.19e-01   3.74e-01   2.29e-01   4.58e-01   3.03e-01 (  1.67e+02,  1.97e+02)
45      0.073   3.00e-01   3.37e-01   2.22e-01   5.48e-01   6.31e-01 (  1.44e+02,  1.85e+02)
50      0.150   3.56e-01   4.89e-01   2.48e-01   1.24e+00   1.19e+00 (  1.43e+02,  1.68e+02)
55      0.100   3.16e-01   4.28e-01   2.43e-01   1.39e+00   2.04e+00 (  1.11e+02,  1.50e+02)
60      0.154   3.85e-01   6.33e-01   3.45e-01   3.02e+00   3.20e+00 (  1.13e+02,  1.34e+02)
65      0.190   4.46e-01   7.07e-01   4.20e-01   4.42e+00   4.59e+00 (  1.04e+02,  1.20e+02)
70      0.238   5.53e-01   7.91e-01   4.87e-01   5.96e+00   6.08e+00 (  9.82e+01,  1.08e+02)
75      0.284   6.98e-01   8.76e-01   5.31e-01   7.40e+00   7.48e+00 (  9.10e+01,  9.63e+01)
80      0.326   8.90e-01   9.68e-01   5.52e-01   8.71e+00   8.63e+00 (  8.56e+01,  8.49e+01)
85      0.329   9.40e-01   1.00e+00   5.65e-01   8.64e+00   9.42e+00 (  7.83e+01,  7.32e+01)
90      0.447   1.06e+00   1.61e+00   1.08e+00   1.37e+01   9.83e+00 (  2.15e+02,  6.15e+01)
95      0.255   5.25e-01   7.59e-01   5.55e-01   1.60e+01   9.95e+00 (  2.75e+02,  4.93e+01)
37 n: 1.271e-04 e: 6.803e-05 i: 4.638e-04 :: e: 2.727e-02 i: 4.155e-02 :: n: 2.693e+01 e:20.752 i:26.859 v:4.993e+03
>>> tau_he = 5.000000, nhe(0)=3.101002e+00
 5     -3.488   7.61e-03   4.58e-01   2.45e-03  -9.67e-02   6.00e-05 (  3.03e+00,  4.34e+01)
10    -13.947   4.39e-02   7.22e-02  -3.42e-03  -2.12e+00   3.54e-04 (  2.75e+01,  8.69e+01)
15     -2.986   1.61e-01   1.05e-01   3.69e-02  -2.96e+00   1.53e-03 (  9.77e+01,  1.27e+02)
20     -0.283   1.39e-01   1.07e-01   2.16e-02  -1.04e+00   5.59e-03 (  9.11e+01,  1.61e+02)
25     -0.044   2.86e-01   3.27e-01   1.60e-01  -1.75e-01   1.79e-02 (  1.81e+02,  1.85e+02)
30     -0.030   2.86e-01   2.62e-01   1.49e-01  -1.23e-01   5.13e-02 (  1.72e+02,  1.99e+02)
35      0.023   3.06e-01   3.03e-01   2.19e-01   1.01e-01   1.31e-01 (  1.71e+02,  2.02e+02)
40      0.063   3.22e-01   3.76e-01   2.36e-01   3.91e-01   3.03e-01 (  1.70e+02,  1.97e+02)
45      0.071   3.02e-01   3.37e-01   2.23e-01   5.32e-01   6.31e-01 (  1.46e+02,  1.85e+02)
50      0.150   3.57e-01   4.91e-01   2.48e-01   1.24e+00   1.19e+00 (  1.45e+02,  1.68e+02)
55      0.145   3.70e-01   5.73e-01   2.97e-01   2.05e+00   2.04e+00 (  1.31e+02,  1.50e+02)
60      0.155   3.85e-01   6.38e-01   3.51e-01   3.07e+00   3.20e+00 (  1.14e+02,  1.34e+02)
65      0.190   4.47e-01   7.08e-01   4.20e-01   4.43e+00   4.59e+00 (  1.05e+02,  1.20e+02)
70      0.238   5.54e-01   7.91e-01   4.87e-01   5.97e+00   6.08e+00 (  9.85e+01,  1.08e+02)
75      0.285   6.99e-01   8.76e-01   5.31e-01   7.41e+00   7.48e+00 (  9.12e+01,  9.63e+01)
80      0.326   8.91e-01   9.68e-01   5.52e-01   8.72e+00   8.63e+00 (  8.58e+01,  8.49e+01)
85      0.329   9.40e-01   1.00e+00   5.64e-01   8.65e+00   9.42e+00 (  7.84e+01,  7.32e+01)
90      0.447   1.06e+00   1.61e+00   1.08e+00   1.37e+01   9.83e+00 (  2.15e+02,  6.15e+01)
95      0.255   5.25e-01   7.59e-01   5.55e-01   1.60e+01   9.95e+00 (  2.75e+02,  4.93e+01)
38 n: 3.358e-05 e: 7.561e-05 i: 1.547e-04 :: e: 1.742e-02 i: 2.302e-02 :: n: 2.696e+01 e:20.602 i:26.899 v:4.993e+03
>>> tau_he = 5.000000, nhe(0)=3.107905e+00
 5     -3.432   7.61e-03   4.56e-01   2.44e-03  -9.55e-02   6.00e-05 (  3.01e+00,  4.34e+01)
10    -13.664   4.31e-02   7.07e-02  -3.66e-03  -2.08e+00   3.54e-04 (  2.67e+01,  8.69e+01)
15     -2.898   1.62e-01   1.04e-01   2.24e-02  -2.88e+00   1.53e-03 (  9.72e+01,  1.27e+02)
20     -0.227   1.40e-01   1.08e-01   1.94e-02  -8.66e-01   5.59e-03 (  9.08e+01,  1.61e+02)
25     -0.135   1.82e-01   1.40e-01  -5.19e-03  -5.97e-01   1.79e-02 (  1.13e+02,  1.85e+02)
30     -0.110   2.11e-01   1.66e-01   6.32e-02  -4.85e-01   5.13e-02 (  1.24e+02,  1.99e+02)
35      0.028   3.03e-01   3.01e-01   2.17e-01   1.25e-01   1.31e-01 (  1.67e+02,  2.02e+02)
40      0.002   2.81e-01   2.70e-01   1.89e-01   1.41e-02   3.03e-01 (  1.47e+02,  1.97e+02)
45      0.073   3.01e-01   3.36e-01   2.22e-01   5.38e-01   6.31e-01 (  1.45e+02,  1.85e+02)
50      0.151   3.57e-01   4.89e-01   2.48e-01   1.25e+00   1.19e+00 (  1.44e+02,  1.68e+02)
55      0.144   3.69e-01   5.68e-01   2.95e-01   2.02e+00   2.04e+00 (  1.30e+02,  1.50e+02)
60      0.155   3.85e-01   6.36e-01   3.51e-01   3.06e+00   3.20e+00 (  1.13e+02,  1.34e+02)
65      0.190   4.47e-01   7.08e-01   4.21e-01   4.43e+00   4.59e+00 (  1.05e+02,  1.20e+02)
70      0.238   5.53e-01   7.92e-01   4.88e-01   5.96e+00   6.08e+00 (  9.83e+01,  1.08e+02)
75      0.285   6.99e-01   8.77e-01   5.32e-01   7.40e+00   7.48e+00 (  9.10e+01,  9.63e+01)
80      0.326   8.90e-01   9.69e-01   5.53e-01   8.71e+00   8.63e+00 (  8.57e+01,  8.49e+01)
85      0.329   9.40e-01   1.00e+00   5.66e-01   8.65e+00   9.42e+00 (  7.83e+01,  7.32e+01)
90      0.447   1.06e+00   1.61e+00   1.08e+00   1.37e+01   9.83e+00 (  2.15e+02,  6.15e+01)
95      0.255   5.25e-01   7.59e-01   5.55e-01   1.60e+01   9.95e+00 (  2.75e+02,  4.93e+01)
39 n: 4.505e-05 e: 5.370e-05 i: 1.654e-04 :: e: 2.305e-02 i: 3.242e-02 :: n: 2.702e+01 e:20.708 i:26.930 v:4.993e+03
>>> tau_he = 5.000000, nhe(0)=3.122539e+00
 5     -3.441   7.62e-03   4.62e-01   2.45e-03  -9.60e-02   6.00e-05 (  3.03e+00,  4.34e+01)
10    -13.608   4.28e-02   6.99e-02  -4.28e-03  -2.07e+00   3.54e-04 (  2.67e+01,  8.69e+01)
15     -2.936   1.62e-01   1.03e-01   2.30e-02  -2.93e+00   1.53e-03 (  9.81e+01,  1.27e+02)
20     -0.376   1.41e-01   1.11e-01   2.91e-03  -1.48e+00   5.59e-03 (  9.30e+01,  1.61e+02)
25      0.007   2.79e-01   3.16e-01   1.38e-01   3.35e-02   1.79e-02 (  1.77e+02,  1.85e+02)
30      0.042   3.00e-01   3.28e-01   2.05e-01   1.96e-01   5.13e-02 (  1.79e+02,  1.99e+02)
35      0.029   3.03e-01   3.02e-01   2.17e-01   1.28e-01   1.31e-01 (  1.68e+02,  2.02e+02)
40      0.069   3.20e-01   3.76e-01   2.33e-01   4.37e-01   3.03e-01 (  1.68e+02,  1.97e+02)
45      0.073   3.01e-01   3.39e-01   2.23e-01   5.41e-01   6.31e-01 (  1.45e+02,  1.85e+02)
50      0.149   3.57e-01   4.91e-01   2.49e-01   1.23e+00   1.19e+00 (  1.44e+02,  1.68e+02)
55      0.142   3.69e-01   5.66e-01   2.95e-01   1.98e+00   2.04e+00 (  1.30e+02,  1.50e+02)
60      0.154   3.87e-01   6.35e-01   3.47e-01   3.03e+00   3.20e+00 (  1.14e+02,  1.34e+02)
65      0.190   4.48e-01   7.09e-01   4.21e-01   4.42e+00   4.59e+00 (  1.05e+02,  1.20e+02)
70      0.238   5.54e-01   7.93e-01   4.88e-01   5.97e+00   6.08e+00 (  9.88e+01,  1.08e+02)
75      0.285   6.99e-01   8.77e-01   5.32e-01   7.41e+00   7.48e+00 (  9.14e+01,  9.63e+01)
80      0.326   8.90e-01   9.69e-01   5.52e-01   8.72e+00   8.63e+00 (  8.59e+01,  8.49e+01)
85      0.329   9.38e-01   1.00e+00   5.65e-01   8.64e+00   9.42e+00 (  7.85e+01,  7.32e+01)
90      0.447   1.06e+00   1.61e+00   1.08e+00   1.37e+01   9.83e+00 (  2.15e+02,  6.15e+01)
95      0.255   5.25e-01   7.59e-01   5.55e-01   1.60e+01   9.95e+00 (  2.75e+02,  4.93e+01)
40 n: 2.192e-05 e: 2.530e-05 i: 1.704e-04 :: e: 1.711e-02 i: 2.604e-02 :: n: 2.690e+01 e:20.685 i:26.947 v:4.993e+03
>>> tau_he = 5.000000, nhe(0)=3.100303e+00
 5     -3.457   7.63e-03   4.60e-01   2.45e-03  -9.59e-02   6.00e-05 (  3.02e+00,  4.34e+01)
10    -13.697   4.31e-02   7.04e-02  -4.31e-03  -2.08e+00   3.54e-04 (  2.68e+01,  8.69e+01)
15     -2.948   1.63e-01   1.05e-01   2.36e-02  -2.93e+00   1.53e-03 (  9.83e+01,  1.27e+02)
20     -0.337   2.71e-01   3.32e-01   9.34e-02  -1.26e+00   5.59e-03 (  1.80e+02,  1.61e+02)
25     -0.174   1.85e-01   1.43e-01  -4.71e-03  -7.03e-01   1.79e-02 (  1.16e+02,  1.85e+02)
30     -0.028   2.84e-01   2.60e-01   1.48e-01  -1.18e-01   5.13e-02 (  1.69e+02,  1.99e+02)
35      0.025   3.03e-01   3.00e-01   2.17e-01   1.09e-01   1.31e-01 (  1.68e+02,  2.02e+02)
40      0.005   2.80e-01   2.70e-01   1.87e-01   3.27e-02   3.03e-01 (  1.47e+02,  1.97e+02)
45      0.072   3.01e-01   3.36e-01   2.22e-01   5.37e-01   6.31e-01 (  1.45e+02,  1.85e+02)
50      0.150   3.56e-01   4.88e-01   2.47e-01   1.24e+00   1.19e+00 (  1.43e+02,  1.68e+02)
55      0.100   3.16e-01   4.27e-01   2.43e-01   1.39e+00   2.04e+00 (  1.11e+02,  1.50e+02)
60      0.154   3.83e-01   6.33e-01   3.49e-01   3.03e+00   3.20e+00 (  1.12e+02,  1.34e+02)
65      0.190   4.46e-01   7.07e-01   4.19e-01   4.41e+00   4.59e+00 (  1.04e+02,  1.20e+02)
70      0.238   5.53e-01   7.91e-01   4.87e-01   5.95e+00   6.08e+00 (  9.80e+01,  1.08e+02)
75      0.284   6.98e-01   8.76e-01   5.31e-01   7.39e+00   7.48e+00 (  9.08e+01,  9.63e+01)
80      0.326   8.90e-01   9.68e-01   5.53e-01   8.71e+00   8.63e+00 (  8.56e+01,  8.49e+01)
85      0.329   9.40e-01   1.00e+00   5.66e-01   8.64e+00   9.42e+00 (  7.83e+01,  7.32e+01)
90      0.447   1.06e+00   1.61e+00   1.08e+00   1.37e+01   9.83e+00 (  2.15e+02,  6.15e+01)
95      0.255   5.25e-01   7.59e-01   5.55e-01   1.60e+01   9.95e+00 (  2.75e+02,  4.93e+01)
41 n: 1.372e-04 e: 7.569e-05 i: 4.638e-04 :: e: 2.781e-02 i: 3.935e-02 :: n: 2.701e+01 e:20.650 i:26.904 v:4.993e+03
>>> tau_he = 5.000000, nhe(0)=3.118081e+00
 5     -3.451   7.63e-03   4.59e-01   2.45e-03  -9.61e-02   6.00e-05 (  3.03e+00,  4.34e+01)
10    -13.748   4.35e-02   7.13e-02  -3.47e-03  -2.09e+00   3.54e-04 (  2.71e+01,  8.69e+01)
15     -2.916   1.62e-01   1.03e-01   2.29e-02  -2.91e+00   1.53e-03 (  9.74e+01,  1.27e+02)
20     -0.254   1.39e-01   1.06e-01   1.93e-02  -9.79e-01   5.59e-03 (  9.02e+01,  1.61e+02)
25     -0.011   2.81e-01   3.19e-01   1.46e-01  -4.87e-02   1.79e-02 (  1.77e+02,  1.85e+02)
30      0.011   2.82e-01   2.58e-01   1.42e-01   4.86e-02   5.13e-02 (  1.67e+02,  1.99e+02)
35      0.031   3.02e-01   2.99e-01   2.14e-01   1.40e-01   1.31e-01 (  1.67e+02,  2.02e+02)
40      0.072   3.19e-01   3.75e-01   2.29e-01   4.68e-01   3.03e-01 (  1.68e+02,  1.97e+02)
45      0.074   3.01e-01   3.38e-01   2.22e-01   5.50e-01   6.31e-01 (  1.45e+02,  1.85e+02)
50      0.151   3.56e-01   4.91e-01   2.49e-01   1.25e+00   1.19e+00 (  1.43e+02,  1.68e+02)
55      0.144   3.69e-01   5.72e-01   2.97e-01   2.04e+00   2.04e+00 (  1.30e+02,  1.50e+02)
60      0.155   3.85e-01   6.38e-01   3.51e-01   3.06e+00   3.20e+00 (  1.13e+02,  1.34e+02)
65      0.190   4.47e-01   7.08e-01   4.20e-01   4.43e+00   4.59e+00 (  1.05e+02,  1.20e+02)
70      0.238   5.54e-01   7.92e-01   4.88e-01   5.97e+00   6.08e+00 (  9.86e+01,  1.08e+02)
75      0.285   6.99e-01   8.77e-01   5.31e-01   7.41e+00   7.48e+00 (  9.13e+01,  9.63e+01)
80      0.326   8.90e-01   9.69e-01   5.52e-01   8.72e+00   8.63e+00 (  8.59e+01,  8.49e+01)
85      0.329   9.39e-01   1.00e+00   5.64e-01   8.65e+00   9.42e+00 (  7.85e+01,  7.32e+01)
90      0.447   1.06e+00   1.61e+00   1.08e+00   1.37e+01   9.83e+00 (  2.15e+02,  6.15e+01)
95      0.255   5.25e-01   7.59e-01   5.55e-01   1.60e+01   9.95e+00 (  2.75e+02,  4.93e+01)
42 n: 3.710e-05 e: 1.995e-05 i: 1.314e-04 :: e: 1.545e-02 i: 2.181e-02 :: n: 2.698e+01 e:20.668 i:26.849 v:4.993e+03
>>> tau_he = 5.000000, nhe(0)=3.109259e+00
 5     -3.431   7.59e-03   4.57e-01   2.44e-03  -9.58e-02   6.00e-05 (  3.02e+00,  4.34e+01)
10    -13.708   4.32e-02   7.09e-02  -3.79e-03  -2.09e+00   3.54e-04 (  2.70e+01,  8.69e+01)
15     -2.914   1.62e-01   1.04e-01   2.34e-02  -2.91e+00   1.53e-03 (  9.75e+01,  1.27e+02)
20     -0.185   1.40e-01   1.07e-01   1.75e-02  -7.37e-01   5.59e-03 (  9.15e+01,  1.61e+02)
25     -0.098   1.83e-01   1.41e-01  -1.09e-02  -4.55e-01   1.79e-02 (  1.15e+02,  1.85e+02)
30     -0.016   2.83e-01   2.59e-01   1.45e-01  -6.75e-02   5.13e-02 (  1.67e+02,  1.99e+02)
35      0.025   3.04e-01   3.01e-01   2.17e-01   1.11e-01   1.31e-01 (  1.68e+02,  2.02e+02)
40      0.064   3.22e-01   3.76e-01   2.36e-01   3.95e-01   3.03e-01 (  1.69e+02,  1.97e+02)
45      0.072   3.01e-01   3.37e-01   2.23e-01   5.32e-01   6.31e-01 (  1.45e+02,  1.85e+02)
50      0.150   3.57e-01   4.89e-01   2.48e-01   1.24e+00   1.19e+00 (  1.44e+02,  1.68e+02)
55      0.143   3.69e-01   5.66e-01   2.94e-01   1.99e+00   2.04e+00 (  1.30e+02,  1.50e+02)
60      0.154   3.86e-01   6.34e-01   3.46e-01   3.03e+00   3.20e+00 (  1.14e+02,  1.34e+02)
65      0.190   4.46e-01   7.07e-01   4.20e-01   4.42e+00   4.59e+00 (  1.05e+02,  1.20e+02)
70      0.238   5.53e-01   7.91e-01   4.87e-01   5.96e+00   6.08e+00 (  9.82e+01,  1.08e+02)
75      0.284   6.98e-01   8.76e-01   5.31e-01   7.40e+00   7.48e+00 (  9.09e+01,  9.63e+01)
80      0.326   8.90e-01   9.68e-01   5.52e-01   8.71e+00   8.63e+00 (  8.56e+01,  8.49e+01)
85      0.329   9.40e-01   1.00e+00   5.65e-01   8.64e+00   9.42e+00 (  7.83e+01,  7.32e+01)
90      0.447   1.06e+00   1.61e+00   1.08e+00   1.37e+01   9.83e+00 (  2.15e+02,  6.15e+01)
95      0.255   5.25e-01   7.59e-01   5.55e-01   1.60e+01   9.95e+00 (  2.75e+02,  4.93e+01)
43 n: 2.309e-05 e: 3.588e-05 i: 1.956e-04 :: e: 1.590e-02 i: 2.080e-02 :: n: 2.700e+01 e:20.647 i:26.945 v:4.993e+03
>>> tau_he = 5.000000, nhe(0)=3.120217e+00
 5     -3.416   7.63e-03   4.61e-01   2.45e-03  -9.56e-02   6.00e-05 (  3.02e+00,  4.34e+01)
10    -13.520   4.27e-02   6.95e-02  -4.41e-03  -2.06e+00   3.54e-04 (  2.65e+01,  8.69e+01)
15     -2.904   1.62e-01   1.03e-01   2.27e-02  -2.91e+00   1.53e-03 (  9.76e+01,  1.27e+02)
20     -0.182   1.41e-01   1.12e-01  -3.13e-03  -7.42e-01   5.59e-03 (  9.34e+01,  1.61e+02)
25      0.019   2.77e-01   3.12e-01   1.33e-01   9.58e-02   1.79e-02 (  1.75e+02,  1.85e+02)
30      0.021   2.81e-01   2.57e-01   1.40e-01   9.42e-02   5.13e-02 (  1.65e+02,  1.99e+02)
35      0.027   3.02e-01   3.01e-01   2.18e-01   1.18e-01   1.31e-01 (  1.66e+02,  2.02e+02)
40      0.002   2.81e-01   2.71e-01   1.91e-01   1.06e-02   3.03e-01 (  1.46e+02,  1.97e+02)
45      0.072   3.01e-01   3.37e-01   2.23e-01   5.35e-01   6.31e-01 (  1.45e+02,  1.85e+02)
50      0.150   3.56e-01   4.90e-01   2.49e-01   1.24e+00   1.19e+00 (  1.43e+02,  1.68e+02)
55      0.142   3.68e-01   5.64e-01   2.94e-01   1.98e+00   2.04e+00 (  1.29e+02,  1.50e+02)
60      0.154   3.86e-01   6.34e-01   3.46e-01   3.03e+00   3.20e+00 (  1.13e+02,  1.34e+02)
65      0.190   4.47e-01   7.08e-01   4.21e-01   4.42e+00   4.59e+00 (  1.05e+02,  1.20e+02)
70      0.238   5.54e-01   7.92e-01   4.88e-01   5.96e+00   6.08e+00 (  9.84e+01,  1.08e+02)
75      0.285   6.99e-01   8.77e-01   5.32e-01   7.40e+00   7.48e+00 (  9.11e+01,  9.63e+01)
80      0.326   8.90e-01   9.69e-01   5.52e-01   8.71e+00   8.63e+00 (  8.58e+01,  8.49e+01)
85      0.329   9.39e-01   1.00e+00   5.65e-01   8.64e+00   9.42e+00 (  7.84e+01,  7.32e+01)
90      0.447   1.06e+00   1.61e+00   1.08e+00   1.37e+01   9.83e+00 (  2.15e+02,  6.15e+01)
95      0.255   5.25e-01   7.59e-01   5.55e-01   1.60e+01   9.95e+00 (  2.75e+02,  4.93e+01)
44 n: 4.446e-05 e: 2.251e-05 i: 1.088e-04 :: e: 1.415e-02 i: 2.037e-02 :: n: 2.691e+01 e:20.697 i:26.938 v:4.993e+03
>>> tau_he = 5.000000, nhe(0)=3.101897e+00
 5     -3.463   7.63e-03   4.61e-01   2.46e-03  -9.60e-02   6.00e-05 (  3.03e+00,  4.34e+01)
10    -13.717   4.31e-02   7.04e-02  -4.43e-03  -2.08e+00   3.54e-04 (  2.69e+01,  8.69e+01)
15     -2.956   1.63e-01   1.05e-01   2.35e-02  -2.94e+00   1.53e-03 (  9.84e+01,  1.27e+02)
20     -0.348   2.71e-01   3.33e-01   9.44e-02  -1.28e+00   5.59e-03 (  1.81e+02,  1.61e+02)
25     -0.153   1.86e-01   1.44e-01  -7.21e-03  -6.08e-01   1.79e-02 (  1.17e+02,  1.85e+02)
30     -0.023   2.83e-01   2.60e-01   1.49e-01  -9.37e-02   5.13e-02 (  1.67e+02,  1.99e+02)
35      0.028   3.03e-01   3.00e-01   2.16e-01   1.25e-01   1.31e-01 (  1.67e+02,  2.02e+02)
40      0.069   3.20e-01   3.75e-01   2.31e-01   4.42e-01   3.03e-01 (  1.68e+02,  1.97e+02)
45      0.073   3.01e-01   3.38e-01   2.22e-01   5.44e-01   6.31e-01 (  1.45e+02,  1.85e+02)
50      0.150   3.56e-01   4.90e-01   2.49e-01   1.23e+00   1.19e+00 (  1.43e+02,  1.68e+02)
55      0.100   3.16e-01   4.28e-01   2.43e-01   1.38e+00   2.04e+00 (  1.11e+02,  1.50e+02)
60      0.153   3.85e-01   6.33e-01   3.45e-01   3.01e+00   3.20e+00 (  1.13e+02,  1.34e+02)
65      0.190   4.47e-01   7.07e-01   4.20e-01   4.41e+00   4.59e+00 (  1.05e+02,  1.20e+02)
70      0.238   5.53e-01   7.91e-01   4.87e-01   5.96e+00   6.08e+00 (  9.83e+01,  1.08e+02)
75      0.284   6.98e-01   8.76e-01   5.31e-01   7.40e+00   7.48e+00 (  9.10e+01,  9.63e+01)
80      0.326   8.90e-01   9.68e-01   5.52e-01   8.71e+00   8.63e+00 (  8.57e+01,  8.49e+01)
85      0.329   9.39e-01   1.00e+00   5.65e-01   8.64e+00   9.42e+00 (  7.83e+01,  7.32e+01)
90      0.447   1.06e+00   1.61e+00   1.08e+00   1.37e+01   9.83e+00 (  2.15e+02,  6.15e+01)
95      0.255   5.25e-01   7.59e-01   5.55e-01   1.60e+01   9.95e+00 (  2.75e+02,  4.93e+01)
45 n: 1.351e-04 e: 7.599e-05 i: 4.409e-04 :: e: 2.509e-02 i: 3.647e-02 :: n: 2.696e+01 e:20.625 i:26.910 v:4.993e+03
>>> tau_he = 5.000000, nhe(0)=3.109798e+00
 5     -3.446   7.64e-03   4.58e-01   2.45e-03  -9.59e-02   6.00e-05 (  3.03e+00,  4.34e+01)
10    -13.735   4.34e-02   7.12e-02  -3.70e-03  -2.09e+00   3.54e-04 (  2.71e+01,  8.69e+01)
15     -2.907   1.62e-01   1.03e-01   2.31e-02  -2.90e+00   1.53e-03 (  9.71e+01,  1.27e+02)
20     -0.258   1.39e-01   1.06e-01   1.96e-02  -9.86e-01   5.59e-03 (  9.02e+01,  1.61e+02)
25     -0.013   2.82e-01   3.20e-01   1.49e-01  -5.78e-02   1.79e-02 (  1.77e+02,  1.85e+02)
30      0.015   2.81e-01   2.58e-01   1.43e-01   6.75e-02   5.13e-02 (  1.65e+02,  1.99e+02)
35     -0.063   2.45e-01   2.07e-01   1.26e-01  -2.75e-01   1.31e-01 (  1.35e+02,  2.02e+02)
40      0.005   2.80e-01   2.70e-01   1.88e-01   3.25e-02   3.03e-01 (  1.46e+02,  1.97e+02)
45      0.072   3.00e-01   3.36e-01   2.22e-01   5.35e-01   6.31e-01 (  1.44e+02,  1.85e+02)
50      0.150   3.56e-01   4.89e-01   2.48e-01   1.24e+00   1.19e+00 (  1.43e+02,  1.68e+02)
55      0.144   3.68e-01   5.69e-01   2.96e-01   2.03e+00   2.04e+00 (  1.29e+02,  1.50e+02)
60      0.155   3.84e-01   6.35e-01   3.50e-01   3.06e+00   3.20e+00 (  1.13e+02,  1.34e+02)
65      0.190   4.46e-01   7.06e-01   4.19e-01   4.42e+00   4.59e+00 (  1.04e+02,  1.20e+02)
70      0.238   5.53e-01   7.90e-01   4.87e-01   5.96e+00   6.08e+00 (  9.81e+01,  1.08e+02)
75      0.284   6.99e-01   8.75e-01   5.31e-01   7.40e+00   7.48e+00 (  9.09e+01,  9.63e+01)
80      0.326   8.90e-01   9.68e-01   5.52e-01   8.71e+00   8.63e+00 (  8.57e+01,  8.49e+01)
85      0.329   9.40e-01   1.00e+00   5.65e-01   8.65e+00   9.42e+00 (  7.83e+01,  7.32e+01)
90      0.447   1.06e+00   1.61e+00   1.08e+00   1.37e+01   9.83e+00 (  2.15e+02,  6.15e+01)
95      0.255   5.25e-01   7.59e-01   5.55e-01   1.60e+01   9.95e+00 (  2.75e+02,  4.93e+01)
46 n: 4.902e-05 e: 5.470e-05 i: 2.533e-04 :: e: 2.201e-02 i: 3.071e-02 :: n: 2.703e+01 e:20.668 i:26.881 v:4.993e+03
>>> tau_he = 5.000000, nhe(0)=3.121241e+00
 5     -3.438   7.62e-03   4.60e-01   2.45e-03  -9.59e-02   6.00e-05 (  3.03e+00,  4.34e+01)
10    -13.681   4.32e-02   7.06e-02  -3.85e-03  -2.08e+00   3.54e-04 (  2.70e+01,  8.69e+01)
15     -2.916   1.62e-01   1.04e-01   2.22e-02  -2.91e+00   1.53e-03 (  9.78e+01,  1.27e+02)
20     -0.190   1.40e-01   1.06e-01   1.73e-02  -7.51e-01   5.59e-03 (  9.18e+01,  1.61e+02)
25     -0.109   1.84e-01   1.41e-01  -1.17e-02  -4.89e-01   1.79e-02 (  1.15e+02,  1.85e+02)
30     -0.008   2.81e-01   2.57e-01   1.42e-01  -3.67e-02   5.13e-02 (  1.66e+02,  1.99e+02)
35      0.043   3.02e-01   3.01e-01   2.08e-01   2.09e-01   1.31e-01 (  1.68e+02,  2.02e+02)
40      0.073   3.19e-01   3.76e-01   2.27e-01   4.80e-01   3.03e-01 (  1.68e+02,  1.97e+02)
45      0.073   3.01e-01   3.38e-01   2.22e-01   5.44e-01   6.31e-01 (  1.45e+02,  1.85e+02)
50      0.150   3.56e-01   4.90e-01   2.49e-01   1.23e+00   1.19e+00 (  1.43e+02,  1.68e+02)
55      0.142   3.68e-01   5.67e-01   2.95e-01   1.99e+00   2.04e+00 (  1.29e+02,  1.50e+02)
60      0.154   3.86e-01   6.34e-01   3.46e-01   3.03e+00   3.20e+00 (  1.14e+02,  1.34e+02)
65      0.190   4.47e-01   7.07e-01   4.20e-01   4.42e+00   4.59e+00 (  1.05e+02,  1.20e+02)
70      0.238   5.54e-01   7.91e-01   4.87e-01   5.96e+00   6.08e+00 (  9.84e+01,  1.08e+02)
75      0.285   6.99e-01   8.76e-01   5.31e-01   7.40e+00   7.48e+00 (  9.11e+01,  9.63e+01)
80      0.326   8.90e-01   9.68e-01   5.51e-01   8.71e+00   8.63e+00 (  8.57e+01,  8.49e+01)
85      0.329   9.39e-01   1.00e+00   5.64e-01   8.64e+00   9.42e+00 (  7.84e+01,  7.32e+01)
90      0.447   1.06e+00   1.61e+00   1.08e+00   1.37e+01   9.83e+00 (  2.15e+02,  6.15e+01)
95      0.255   5.25e-01   7.59e-01   5.55e-01   1.60e+01   9.95e+00 (  2.75e+02,  4.93e+01)
47 n: 3.536e-05 e: 2.881e-05 i: 1.819e-04 :: e: 1.506e-02 i: 2.164e-02 :: n: 2.702e+01 e:20.681 i:26.968 v:4.993e+03
>>> tau_he = 5.000000, nhe(0)=3.123783e+00
 5     -3.427   7.64e-03   4.63e-01   2.46e-03  -9.58e-02   6.00e-05 (  3.03e+00,  4.34e+01)
10    -13.525   4.27e-02   6.93e-02  -4.60e-03  -2.06e+00   3.54e-04 (  2.66e+01,  8.69e+01)
15     -2.915   1.62e-01   1.03e-01   2.27e-02  -2.92e+00   1.53e-03 (  9.79e+01,  1.27e+02)
20     -0.151   1.42e-01   1.10e-01  -1.39e-03  -6.14e-01   5.59e-03 (  9.39e+01,  1.61e+02)
25      0.011   2.79e-01   3.15e-01   1.36e-01   5.48e-02   1.79e-02 (  1.77e+02,  1.85e+02)
30      0.019   2.81e-01   2.57e-01   1.40e-01   8.83e-02   5.13e-02 (  1.66e+02,  1.99e+02)
35      0.033   3.04e-01   3.03e-01   2.16e-01   1.47e-01   1.31e-01 (  1.69e+02,  2.02e+02)
40      0.064   3.21e-01   3.76e-01   2.36e-01   3.98e-01   3.03e-01 (  1.69e+02,  1.97e+02)
45      0.072   3.01e-01   3.37e-01   2.22e-01   5.32e-01   6.31e-01 (  1.45e+02,  1.85e+02)
50      0.149   3.56e-01   4.89e-01   2.48e-01   1.23e+00   1.19e+00 (  1.43e+02,  1.68e+02)
55      0.100   3.17e-01   4.28e-01   2.41e-01   1.39e+00   2.04e+00 (  1.11e+02,  1.50e+02)
60      0.154   3.85e-01   6.32e-01   3.45e-01   3.02e+00   3.20e+00 (  1.13e+02,  1.34e+02)
65      0.190   4.46e-01   7.07e-01   4.19e-01   4.41e+00   4.59e+00 (  1.04e+02,  1.20e+02)
70      0.238   5.53e-01   7.90e-01   4.87e-01   5.95e+00   6.08e+00 (  9.81e+01,  1.08e+02)
75      0.284   6.98e-01   8.75e-01   5.31e-01   7.39e+00   7.48e+00 (  9.08e+01,  9.63e+01)
80      0.326   8.90e-01   9.68e-01   5.52e-01   8.70e+00   8.63e+00 (  8.56e+01,  8.49e+01)
85      0.329   9.40e-01   1.00e+00   5.65e-01   8.64e+00   9.42e+00 (  7.82e+01,  7.32e+01)
90      0.447   1.06e+00   1.61e+00   1.08e+00   1.37e+01   9.83e+00 (  2.15e+02,  6.15e+01)
95      0.255   5.25e-01   7.59e-01   5.55e-01   1.60e+01   9.95e+00 (  2.75e+02,  4.93e+01)
48 n: 1.171e-04 e: 1.989e-05 i: 1.142e-04 :: e: 1.666e-02 i: 2.574e-02 :: n: 2.690e+01 e:20.711 i:26.983 v:4.993e+03
>>> tau_he = 5.000000, nhe(0)=3.103425e+00
 5     -3.468   7.65e-03   4.63e-01   2.46e-03  -9.61e-02   6.00e-05 (  3.03e+00,  4.34e+01)
10    -13.704   4.31e-02   7.03e-02  -4.51e-03  -2.08e+00   3.54e-04 (  2.68e+01,  8.69e+01)
15     -2.955   1.63e-01   1.05e-01   2.36e-02  -2.93e+00   1.53e-03 (  9.86e+01,  1.27e+02)
20     -0.354   2.72e-01   3.35e-01   9.50e-02  -1.30e+00   5.59e-03 (  1.81e+02,  1.61e+02)
25     -0.048   2.86e-01   3.26e-01   1.62e-01  -1.86e-01   1.79e-02 (  1.80e+02,  1.85e+02)
30     -0.021   2.84e-01   2.61e-01   1.51e-01  -8.70e-02   5.13e-02 (  1.67e+02,  1.99e+02)
35      0.028   3.05e-01   3.04e-01   2.19e-01   1.23e-01   1.31e-01 (  1.70e+02,  2.02e+02)
40      0.001   2.82e-01   2.72e-01   1.90e-01   3.09e-03   3.03e-01 (  1.48e+02,  1.97e+02)
45      0.071   3.01e-01   3.36e-01   2.23e-01   5.26e-01   6.31e-01 (  1.45e+02,  1.85e+02)
50      0.150   3.57e-01   4.90e-01   2.49e-01   1.24e+00   1.19e+00 (  1.44e+02,  1.68e+02)
55      0.145   3.70e-01   5.72e-01   2.97e-01   2.04e+00   2.04e+00 (  1.30e+02,  1.50e+02)
60      0.155   3.85e-01   6.37e-01   3.51e-01   3.07e+00   3.20e+00 (  1.13e+02,  1.34e+02)
65      0.190   4.47e-01   7.08e-01   4.20e-01   4.43e+00   4.59e+00 (  1.05e+02,  1.20e+02)
70      0.238   5.54e-01   7.91e-01   4.87e-01   5.97e+00   6.08e+00 (  9.84e+01,  1.08e+02)
75      0.285   6.99e-01   8.76e-01   5.31e-01   7.41e+00   7.48e+00 (  9.11e+01,  9.63e+01)
80      0.326   8.91e-01   9.68e-01   5.52e-01   8.72e+00   8.63e+00 (  8.58e+01,  8.49e+01)
85      0.329   9.40e-01   1.00e+00   5.64e-01   8.65e+00   9.42e+00 (  7.84e+01,  7.32e+01)
90      0.447   1.06e+00   1.61e+00   1.08e+00   1.37e+01   9.83e+00 (  2.15e+02,  6.15e+01)
95      0.255   5.25e-01   7.59e-01   5.55e-01   1.60e+01   9.95e+00 (  2.75e+02,  4.93e+01)
49 n: 5.558e-05 e: 1.099e-04 i: 5.295e-04 :: e: 2.343e-02 i: 3.339e-02 :: n: 2.697e+01 e:20.619 i:26.876 v:4.993e+03
 plasma volume = 148.365189
 stored energy(e,i,b,a) = 5.194648e+01 5.174356e+01 0.000000e+00 0.000000e+00
 betan = 1.178953
*power
 Pnb(e,i) = 0.000000e+00 0.000000e+00
 Prf(e,i) = 4.765715e+00 3.524393e+01
 Prad     = -5.882193e+01 
 Pei      = 1.652130e+01 
 Pfuse    = 5.090582e+01 
 Pfusi    = 1.516041e+01 
 Poh      = 0.000000e+00 
*confinement time
 taut, tauITER98y2, H98y2 : 2.194315e+00 2.243752e+00 9.779669e-01
 taue, taui : 3.885038e+00 -3.802190e+01
 taut, tau89, H89 : 2.194315e+00 1.008040e+00 2.176813e+00
*temperature
 nea, nebar : 1.978190e+01 2.251665e+01 
 tea, tia : 6.408363e+00 6.882612e+00 (9.310946e-01)
 te0, ti0 : 1.795911e+01 2.324558e+01 (7.725814e-01)
 Sn : 2.256096e+03 
*current balance
 Ip,Ibs,Inb,Irf: 1.000000e+01 1.731539e+00 0.000000e+00 9.656000e-02
 fni,fbs: 0.183 0.173

 plasma volume = 148.365189
 stored energy(e,i,b,a) = 5.194648e+01 5.174356e+01 0.000000e+00 0.000000e+00
 betan = 1.178953
*power
 Pnb(e,i) = 0.000000e+00 0.000000e+00
 Prf(e,i) = 4.765715e+00 3.524393e+01
 Prad     = -5.882193e+01 
 Pei      = 1.652130e+01 
 Pfuse    = 5.090582e+01 
 Pfusi    = 1.516041e+01 
 Poh      = 0.000000e+00 
*confinement time
 taut, tauITER98y2, H98y2 : 2.194315e+00 2.243752e+00 9.779669e-01
 taue, taui : 3.885038e+00 -3.802190e+01
 taut, tau89, H89 : 2.194315e+00 1.008040e+00 2.176813e+00
*temperature
 nea, nebar : 1.978190e+01 2.251665e+01 
 tea, tia : 6.408363e+00 6.882612e+00 (9.310946e-01)
 te0, ti0 : 1.795911e+01 2.324558e+01 (7.725814e-01)
 Sn : 2.256096e+03 
*current balance
 Ip,Ibs,Inb,Irf: 1.000000e+01 1.731539e+00 0.000000e+00 9.656000e-02
 fni,fbs: 0.183 0.173
 ELAPASED TIME = 45 sec

finalize
