NCAPTC: : NetCDF: Variable not found
Warning: ieee_overflow is signaling
Warning: ieee_underflow is signaling
Warning: ieee_inexact is signaling
FORTRAN STOP
 solver
 /global/common/software/atom/perlmutter/data/greentable/
 /global/common/software/atom/perlmutter/data/greentable/

          EFITD Version  07/09/2014


 type mode (2=file, 3=snap, 4=time, 5=input, 6=com file, 7=snap_ext):

 number of time slices?

 type input file names:
 #
 table_dir = </global/common/software/atom/perlmutter/data/greentable/>

  ----- time =     4 ms ----- ( 0)
 it=  1 chi2=0.00E+00 zm= 7.53E-03 err=5.202E+00 dz= 7.535E-03 chigam= 0.00E+00
 it=  2 chi2=0.00E+00 zm= 1.05E-02 err=8.030E-01 dz= 3.003E-03 chigam= 0.00E+00
 it=  3 chi2=0.00E+00 zm= 1.28E-02 err=4.293E-01 dz= 2.230E-03 chigam= 0.00E+00
 it=  4 chi2=0.00E+00 zm= 1.44E-02 err=2.539E-01 dz= 1.672E-03 chigam= 0.00E+00
 it=  5 chi2=0.00E+00 zm= 1.57E-02 err=1.529E-01 dz= 1.274E-03 chigam= 0.00E+00
 it=  6 chi2=0.00E+00 zm= 1.67E-02 err=8.757E-02 dz= 9.597E-04 chigam= 0.00E+00
 it=  7 chi2=0.00E+00 zm= 1.74E-02 err=5.355E-02 dz= 7.225E-04 chigam= 0.00E+00
 it=  8 chi2=0.00E+00 zm= 1.79E-02 err=3.302E-02 dz= 5.369E-04 chigam= 0.00E+00
 it=  9 chi2=0.00E+00 zm= 1.83E-02 err=2.273E-02 dz= 4.037E-04 chigam= 0.00E+00
 it= 10 chi2=0.00E+00 zm= 1.86E-02 err=1.452E-02 dz= 2.997E-04 chigam= 0.00E+00
 it= 11 chi2=0.00E+00 zm= 1.89E-02 err=9.622E-03 dz= 2.279E-04 chigam= 0.00E+00
 it= 12 chi2=0.00E+00 zm= 1.90E-02 err=6.258E-03 dz= 1.688E-04 chigam= 0.00E+00
 it= 13 chi2=0.00E+00 zm= 1.92E-02 err=4.131E-03 dz= 1.253E-04 chigam= 0.00E+00
 it= 14 chi2=0.00E+00 zm= 1.93E-02 err=2.764E-03 dz= 9.235E-05 chigam= 0.00E+00
 it= 15 chi2=0.00E+00 zm= 1.93E-02 err=1.868E-03 dz= 6.786E-05 chigam= 0.00E+00
 it= 16 chi2=0.00E+00 zm= 1.94E-02 err=1.274E-03 dz= 4.975E-05 chigam= 0.00E+00
 it= 17 chi2=0.00E+00 zm= 1.94E-02 err=8.753E-04 dz= 3.642E-05 chigam= 0.00E+00
 it= 18 chi2=0.00E+00 zm= 1.94E-02 err=6.053E-04 dz= 2.663E-05 chigam= 0.00E+00
 it= 19 chi2=0.00E+00 zm= 1.95E-02 err=3.350E-04 dz= 2.220E-05 chigam= 0.00E+00
 it= 20 chi2=0.00E+00 zm= 1.95E-02 err=2.031E-04 dz= 1.654E-05 chigam= 0.00E+00
 it= 21 chi2=0.00E+00 zm= 1.95E-02 err=1.261E-04 dz= 1.225E-05 chigam= 0.00E+00
 it= 22 chi2=0.00E+00 zm= 1.95E-02 err=8.702E-05 dz= 9.035E-06 chigam= 0.00E+00

      ******************** EFITD129 x 129  output ********************

       data used:   
  0 flux loops
  0 magnetic probes(i)
  0 full rogowski
  0 diamagnetic loop


 shot #   =          1 time(ms) =          4 chi**2   =  0.000E+00
 betat(%) =      0.792 betap    =      0.396 li       =      0.857
 vol(cm3) =  0.770E+07 rout(cm) =    172.085 zout(cm) =      0.806
 elong    =      1.340 utriang  =     -0.343 ltriang  =     -0.311
 a(cm)    =     41.316 lin(cm)  = ********** lout(cm) =     10.775
 ltop(cm) = ********** q*       =      2.271 rc(cm)   =    175.793
 zc(cm)   =      1.748 bt0(t)   =      2.000 qout     =      2.177
