NCAPTC: : NetCDF: Variable not found
Warning: ieee_overflow is signaling
Warning: ieee_underflow is signaling
Warning: ieee_inexact is signaling
FORTRAN STOP
 solver
 /global/common/software/atom/perlmutter/data/greentable/
 /global/common/software/atom/perlmutter/data/greentable/

          EFITD Version  07/09/2014


 type mode (2=file, 3=snap, 4=time, 5=input, 6=com file, 7=snap_ext):

 number of time slices?

 type input file names:
 #
 table_dir = </global/common/software/atom/perlmutter/data/greentable/>

  ----- time =     1 ms ----- ( 0)
 it=  1 chi2=0.00E+00 zm= 7.53E-03 err=5.202E+00 dz= 7.535E-03 chigam= 0.00E+00
 it=  2 chi2=0.00E+00 zm= 1.08E-02 err=8.991E-01 dz= 3.305E-03 chigam= 0.00E+00
 it=  3 chi2=0.00E+00 zm= 1.33E-02 err=5.093E-01 dz= 2.473E-03 chigam= 0.00E+00
 it=  4 chi2=0.00E+00 zm= 1.52E-02 err=2.970E-01 dz= 1.857E-03 chigam= 0.00E+00
 it=  5 chi2=0.00E+00 zm= 1.66E-02 err=1.776E-01 dz= 1.418E-03 chigam= 0.00E+00
 it=  6 chi2=0.00E+00 zm= 1.77E-02 err=1.118E-01 dz= 1.081E-03 chigam= 0.00E+00
 it=  7 chi2=0.00E+00 zm= 1.85E-02 err=6.264E-02 dz= 8.074E-04 chigam= 0.00E+00
 it=  8 chi2=0.00E+00 zm= 1.91E-02 err=4.014E-02 dz= 6.048E-04 chigam= 0.00E+00
 it=  9 chi2=0.00E+00 zm= 1.95E-02 err=2.507E-02 dz= 4.501E-04 chigam= 0.00E+00
 it= 10 chi2=0.00E+00 zm= 1.99E-02 err=1.542E-02 dz= 3.308E-04 chigam= 0.00E+00
 it= 11 chi2=0.00E+00 zm= 2.01E-02 err=1.008E-02 dz= 2.436E-04 chigam= 0.00E+00
 it= 12 chi2=0.00E+00 zm= 2.03E-02 err=8.612E-03 dz= 1.774E-04 chigam= 0.00E+00
 it= 13 chi2=0.00E+00 zm= 2.04E-02 err=4.962E-03 dz= 1.295E-04 chigam= 0.00E+00
 it= 14 chi2=0.00E+00 zm= 2.05E-02 err=2.886E-03 dz= 9.432E-05 chigam= 0.00E+00
 it= 15 chi2=0.00E+00 zm= 2.06E-02 err=1.951E-03 dz= 6.862E-05 chigam= 0.00E+00
 it= 16 chi2=0.00E+00 zm= 2.06E-02 err=1.328E-03 dz= 4.987E-05 chigam= 0.00E+00
 it= 17 chi2=0.00E+00 zm= 2.07E-02 err=9.093E-04 dz= 3.621E-05 chigam= 0.00E+00
 it= 18 chi2=0.00E+00 zm= 2.07E-02 err=6.257E-04 dz= 2.629E-05 chigam= 0.00E+00
 it= 19 chi2=0.00E+00 zm= 2.07E-02 err=4.323E-04 dz= 1.907E-05 chigam= 0.00E+00
 it= 20 chi2=0.00E+00 zm= 2.07E-02 err=3.000E-04 dz= 1.384E-05 chigam= 0.00E+00
 it= 21 chi2=0.00E+00 zm= 2.07E-02 err=1.114E-03 dz= 8.918E-06 chigam= 0.00E+00
 it= 22 chi2=0.00E+00 zm= 2.07E-02 err=6.146E-04 dz= 6.327E-06 chigam= 0.00E+00
 it= 23 chi2=0.00E+00 zm= 2.07E-02 err=3.437E-04 dz= 4.514E-06 chigam= 0.00E+00
 it= 24 chi2=0.00E+00 zm= 2.07E-02 err=1.954E-04 dz= 3.234E-06 chigam= 0.00E+00
 it= 25 chi2=0.00E+00 zm= 2.07E-02 err=1.131E-04 dz= 2.326E-06 chigam= 0.00E+00
 it= 26 chi2=0.00E+00 zm= 2.07E-02 err=6.680E-05 dz= 1.677E-06 chigam= 0.00E+00

      ******************** EFITD129 x 129  output ********************

       data used:   
  0 flux loops
  0 magnetic probes(i)
  0 full rogowski
  0 diamagnetic loop


 shot #   =          1 time(ms) =          1 chi**2   =  0.000E+00
 betat(%) =      1.295 betap    =      0.658 li       =      0.857
 vol(cm3) =  0.782E+07 rout(cm) =    172.231 zout(cm) =      0.740
 elong    =      1.351 utriang  =     -0.371 ltriang  =     -0.339
 a(cm)    =     41.461 lin(cm)  = ********** lout(cm) =     10.484
 ltop(cm) = ********** q*       =      2.350 rc(cm)   =    177.227
 zc(cm)   =      1.835 bt0(t)   =      2.000 qout     =      2.228
