========================================================================
= FASTRAN

nonlinear model = 0
ichi = 1
ineo = 0
reading state...
read formatted input, inprof...
init geometry...
read formatted input, inmetric...
nrho in inmetric = 101
rhob in inmetric = 1.263569e+00
solve avg grad-shafranv...
solve_avg_gs::Ip_temp = 9.984010e+00 
solve_avg_gs::Ip      = 1.000000e+01 
>>> tau_he = 5.000000, nhe(0)=2.181500e+00

 plasma volume = 148.723406
 stored energy(e,i,b,a) = 5.562862e+01 5.220113e+01 0.000000e+00 0.000000e+00
 betan = 1.223338
*power
 Pnb(e,i) = 0.000000e+00 0.000000e+00
 Prf(e,i) = 3.000149e+01 8.000398e+00
 Prad     = -4.207765e+01 
 Pei      = -4.157947e+00 
 Pfuse    = 4.422032e+01 
 Pfusi    = 1.127893e+01 
 Poh      = 0.000000e+00 
*confinement time
 taut, tauITER98y2, H98y2 : 2.096896e+00 2.217496e+00 9.456147e-01
 taue, taui : 1.987714e+00 3.381586e+00
 taut, tau89, H89 : 2.096896e+00 9.780100e-01 2.144044e+00
*temperature
 nea, nebar : 2.184274e+01 2.511842e+01 
 tea, tia : 6.403901e+00 6.331585e+00 (1.011421e+00)
 te0, ti0 : 1.437357e+01 1.422588e+01 (1.010382e+00)
 Sn : 2.264896e+03 
*current balance
 Ip,Ibs,Inb,Irf: 1.000000e+01 1.831952e+00 0.000000e+00 0.000000e+00
 fni,fbs: 0.183 0.183

Time advancing...
rho_bdry 0.900000 ...
te_bdry = 4.607324
ti_bdry = 4.611512
ne_bdry = 15.998879
rv_bdry = 279.463030
nrho_tr_bdry = 18
drho_bdry = 0.000000e+00
nrhob = 90
 [    0] t = 0.0000 
>>> tau_he = 5.000000, nhe(0)=2.174135e+00
 5     -0.006   1.60e-03   9.10e-02   9.60e-04  -7.03e-03   6.02e-05 (  1.59e-01,  2.25e+01)
10     -0.001   7.96e-05  -1.38e-03  -7.21e-04  -2.39e-03   3.55e-04 (  1.55e-02,  4.37e+01)
15     -0.005   2.53e-03  -3.68e-04  -7.05e-04  -1.98e-02   1.53e-03 (  7.09e-01,  6.29e+01)
20     -0.006   2.56e-02  -2.94e-02  -3.04e-03  -3.05e-02   5.61e-03 (  9.04e+00,  8.01e+01)
25     -0.006   5.84e-02   5.99e-03   2.50e-02  -3.84e-02   1.80e-02 (  2.40e+01,  9.51e+01)
30      0.005   1.10e-01   7.76e-02   5.43e-02   3.54e-02   5.14e-02 (  4.93e+01,  1.07e+02)
35      0.014   1.42e-01   1.21e-01   8.20e-02   1.06e-01   1.32e-01 (  6.04e+01,  1.14e+02)
40      0.030   1.63e-01   1.55e-01   1.24e-01   2.75e-01   3.03e-01 (  6.53e+01,  1.17e+02)
45      0.050   1.82e-01   1.94e-01   1.28e-01   5.95e-01   6.32e-01 (  6.73e+01,  1.17e+02)
50      0.066   2.13e-01   2.69e-01   1.36e-01   1.11e+00   1.19e+00 (  6.96e+01,  1.14e+02)
55      0.089   2.47e-01   3.56e-01   1.60e-01   1.90e+00   2.04e+00 (  6.95e+01,  1.10e+02)
60      0.129   3.21e-01   4.37e-01   2.23e-01   3.07e+00   3.20e+00 (  7.27e+01,  1.07e+02)
65      0.175   4.23e-01   4.90e-01   2.37e-01   4.35e+00   4.60e+00 (  7.34e+01,  1.04e+02)
70      0.244   6.21e-01   6.44e-01   3.91e-01   6.02e+00   6.09e+00 (  7.84e+01,  1.01e+02)
75      0.299   8.36e-01   7.31e-01   4.44e-01   7.38e+00   7.49e+00 (  7.81e+01,  9.76e+01)
80      0.361   1.12e+00   9.33e-01   4.53e-01   8.60e+00   8.64e+00 (  7.77e+01,  9.35e+01)
85      0.421   1.44e+00   1.17e+00   4.65e-01   1.03e+01   9.42e+00 (  8.58e+01,  8.88e+01)
90      0.312   7.77e-01   1.05e+00   6.78e-01   7.00e+00   9.83e+00 (  8.91e+01,  8.41e+01)
95      2.524   5.17e+00   6.72e+00   5.08e+00   1.61e+02   9.92e+00 (  2.83e+03,  7.98e+01)
 0 n: 2.122e-10 e: 1.156e-07 i: 2.000e-07 :: e: 0.000e+00 i: 0.000e+00 :: n: 3.106e+01 e:14.386 i:14.213 v:4.993e+03
>>> tau_he = 5.000000, nhe(0)=2.171461e+00
 5     -0.006   1.57e-03   9.53e-02   9.53e-04  -6.77e-03   6.02e-05 (  1.57e-01,  2.25e+01)
10     -0.001   7.89e-05  -1.37e-03  -7.07e-04  -2.38e-03   3.55e-04 (  1.54e-02,  4.37e+01)
15     -0.008  -2.41e-04  -3.18e-03  -2.09e-03  -2.85e-02   1.53e-03 ( -6.78e-02,  6.29e+01)
20     -0.007   2.52e-02  -2.96e-02  -3.07e-03  -3.14e-02   5.61e-03 (  8.96e+00,  8.01e+01)
25     -0.006   5.98e-02   7.83e-03   2.64e-02  -3.72e-02   1.80e-02 (  2.48e+01,  9.51e+01)
30      0.005   1.08e-01   7.52e-02   5.34e-02   3.46e-02   5.14e-02 (  4.81e+01,  1.07e+02)
35      0.014   1.42e-01   1.21e-01   8.19e-02   1.07e-01   1.32e-01 (  6.04e+01,  1.14e+02)
40      0.029   1.63e-01   1.55e-01   1.24e-01   2.74e-01   3.03e-01 (  6.54e+01,  1.17e+02)
45      0.050   1.82e-01   1.93e-01   1.27e-01   5.96e-01   6.32e-01 (  6.72e+01,  1.17e+02)
50      0.066   2.13e-01   2.69e-01   1.36e-01   1.11e+00   1.19e+00 (  6.97e+01,  1.14e+02)
55      0.089   2.47e-01   3.55e-01   1.60e-01   1.90e+00   2.04e+00 (  6.94e+01,  1.10e+02)
60      0.129   3.20e-01   4.36e-01   2.23e-01   3.07e+00   3.20e+00 (  7.27e+01,  1.07e+02)
65      0.175   4.23e-01   4.91e-01   2.37e-01   4.36e+00   4.60e+00 (  7.35e+01,  1.04e+02)
70      0.244   6.21e-01   6.45e-01   3.91e-01   6.03e+00   6.09e+00 (  7.84e+01,  1.01e+02)
75      0.299   8.35e-01   7.30e-01   4.44e-01   7.38e+00   7.49e+00 (  7.80e+01,  9.76e+01)
80      0.359   1.12e+00   9.30e-01   4.52e-01   8.56e+00   8.64e+00 (  7.74e+01,  9.35e+01)
85      0.429   1.47e+00   1.19e+00   4.71e-01   1.06e+01   9.42e+00 (  8.83e+01,  8.88e+01)
90      0.306   7.59e-01   1.04e+00   6.72e-01   6.84e+00   9.83e+00 (  8.70e+01,  8.41e+01)
95      2.524   5.17e+00   6.72e+00   5.08e+00   1.61e+02   9.92e+00 (  2.83e+03,  7.98e+01)
 1 n: 1.066e-04 e: 2.990e-03 i: 3.231e-03 :: e: 5.115e-03 i: 4.540e-03 :: n: 3.076e+01 e:15.638 i:14.217 v:4.993e+03
>>> tau_he = 5.000000, nhe(0)=2.135738e+00
 5     -0.429   1.36e-03   1.68e-01   7.79e-04  -1.31e-02   6.02e-05 (  2.09e-01,  2.25e+01)
10     -0.090  -6.50e-05  -3.48e-03  -2.03e-03  -1.50e-02   3.55e-04 ( -2.03e-02,  4.37e+01)
15     -0.337   8.38e-03   8.75e-03   4.50e-03  -3.58e-01   1.53e-03 (  3.80e+00,  6.29e+01)
20     -0.040   5.29e-02  -2.92e-02   2.73e-03  -1.99e-01   5.61e-03 (  2.69e+01,  8.01e+01)
25      0.017   8.40e-02   3.42e-02   2.73e-02   1.59e-01   1.80e-02 (  4.17e+01,  9.51e+01)
30     -0.004   1.11e-01   7.93e-02   6.00e-02  -2.39e-02   5.14e-02 (  5.03e+01,  1.07e+02)
35      0.019   1.42e-01   1.09e-01   8.43e-02   1.42e-01   1.32e-01 (  6.01e+01,  1.14e+02)
40      0.030   1.66e-01   1.51e-01   1.25e-01   2.71e-01   3.03e-01 (  6.68e+01,  1.17e+02)
45      0.050   1.88e-01   2.04e-01   1.28e-01   5.92e-01   6.32e-01 (  7.01e+01,  1.17e+02)
50      0.065   2.13e-01   2.69e-01   1.37e-01   1.08e+00   1.19e+00 (  7.03e+01,  1.14e+02)
55      0.088   2.48e-01   3.54e-01   1.60e-01   1.86e+00   2.04e+00 (  7.04e+01,  1.10e+02)
60      0.129   3.23e-01   4.38e-01   2.24e-01   3.05e+00   3.20e+00 (  7.39e+01,  1.07e+02)
65      0.190   4.59e-01   5.57e-01   3.57e-01   4.75e+00   4.60e+00 (  8.08e+01,  1.04e+02)
70      0.244   6.20e-01   6.46e-01   3.92e-01   6.01e+00   6.09e+00 (  7.89e+01,  1.01e+02)
75      0.298   8.29e-01   7.29e-01   4.44e-01   7.33e+00   7.49e+00 (  7.80e+01,  9.76e+01)
80      0.358   1.11e+00   9.28e-01   4.51e-01   8.50e+00   8.64e+00 (  7.72e+01,  9.35e+01)
85      0.414   1.40e+00   1.15e+00   4.60e-01   1.00e+01   9.42e+00 (  8.41e+01,  8.88e+01)
90      0.303   7.51e-01   1.03e+00   6.70e-01   6.74e+00   9.83e+00 (  8.62e+01,  8.41e+01)
95      2.524   5.17e+00   6.72e+00   5.08e+00   1.61e+02   9.92e+00 (  2.83e+03,  7.98e+01)
 2 n: 5.332e-05 e: 2.526e-05 i: 7.080e-04 :: e: 1.944e-02 i: 2.577e-02 :: n: 3.086e+01 e:15.678 i:14.778 v:4.993e+03
>>> tau_he = 5.000000, nhe(0)=2.267908e+00
 5     -0.449   1.45e-03   1.59e-01   8.96e-04  -1.38e-02   6.02e-05 (  2.19e-01,  2.25e+01)
10     -0.108   3.79e-05  -2.98e-03  -2.39e-03  -1.80e-02   3.55e-04 (  1.20e-02,  4.37e+01)
15     -0.470   1.31e-02   1.02e-02   3.67e-03  -5.00e-01   1.53e-03 (  6.12e+00,  6.29e+01)
20     -0.039   5.95e-02  -2.02e-02   8.33e-03  -1.92e-01   5.61e-03 (  3.10e+01,  8.01e+01)
25      0.008   8.02e-02   4.92e-02   2.09e-02   6.87e-02   1.80e-02 (  4.09e+01,  9.51e+01)
30      0.010   1.11e-01   8.12e-02   5.23e-02   7.69e-02   5.14e-02 (  5.05e+01,  1.07e+02)
35      0.019   1.41e-01   1.18e-01   7.88e-02   1.46e-01   1.32e-01 (  5.95e+01,  1.14e+02)
40      0.032   1.63e-01   1.52e-01   1.22e-01   2.91e-01   3.03e-01 (  6.49e+01,  1.17e+02)
45      0.052   1.87e-01   2.03e-01   1.27e-01   6.19e-01   6.32e-01 (  6.88e+01,  1.17e+02)
50      0.067   2.14e-01   2.70e-01   1.36e-01   1.12e+00   1.19e+00 (  7.00e+01,  1.14e+02)
55      0.090   2.48e-01   3.57e-01   1.61e-01   1.90e+00   2.04e+00 (  7.00e+01,  1.10e+02)
60      0.118   2.96e-01   4.12e-01   1.99e-01   2.79e+00   3.20e+00 (  6.73e+01,  1.07e+02)
65      0.175   4.22e-01   4.96e-01   2.32e-01   4.35e+00   4.60e+00 (  7.38e+01,  1.04e+02)
70      0.242   6.14e-01   6.44e-01   3.91e-01   5.96e+00   6.09e+00 (  7.79e+01,  1.01e+02)
75      0.296   8.24e-01   7.26e-01   4.43e-01   7.28e+00   7.49e+00 (  7.73e+01,  9.76e+01)
80      0.357   1.11e+00   9.25e-01   4.52e-01   8.47e+00   8.64e+00 (  7.68e+01,  9.35e+01)
85      0.415   1.41e+00   1.15e+00   4.62e-01   1.01e+01   9.42e+00 (  8.42e+01,  8.88e+01)
90      0.305   7.54e-01   1.03e+00   6.72e-01   6.78e+00   9.83e+00 (  8.65e+01,  8.41e+01)
95      2.524   5.17e+00   6.72e+00   5.08e+00   1.61e+02   9.92e+00 (  2.83e+03,  7.98e+01)
 3 n: 2.117e-05 e: 4.618e-04 i: 2.102e-05 :: e: 1.844e-02 i: 2.155e-02 :: n: 3.074e+01 e:16.243 i:14.856 v:4.993e+03
>>> tau_he = 5.000000, nhe(0)=2.268972e+00
 5     -0.510   1.50e-03   1.64e-01   9.46e-04  -1.56e-02   6.02e-05 (  2.50e-01,  2.25e+01)
10     -0.146  -3.07e-04  -4.28e-03  -3.06e-03  -2.41e-02   3.55e-04 ( -1.07e-01,  4.37e+01)
15     -0.596   1.22e-02   1.53e-02   3.95e-03  -6.34e-01   1.53e-03 (  6.18e+00,  6.29e+01)
20     -0.055   6.62e-02  -1.54e-02   1.10e-02  -2.61e-01   5.61e-03 (  3.68e+01,  8.01e+01)
25     -0.008   9.17e-02   5.36e-02   3.29e-02  -6.04e-02   1.80e-02 (  4.96e+01,  9.51e+01)
30     -0.002   1.21e-01   8.90e-02   5.83e-02  -1.28e-02   5.14e-02 (  5.88e+01,  1.07e+02)
35      0.010   1.53e-01   1.26e-01   8.56e-02   7.75e-02   1.32e-01 (  6.78e+01,  1.14e+02)
40      0.026   1.71e-01   1.60e-01   1.27e-01   2.36e-01   3.03e-01 (  7.08e+01,  1.17e+02)
45      0.048   1.88e-01   1.97e-01   1.29e-01   5.72e-01   6.32e-01 (  7.16e+01,  1.17e+02)
50      0.067   2.20e-01   2.76e-01   1.39e-01   1.11e+00   1.19e+00 (  7.39e+01,  1.14e+02)
55      0.090   2.54e-01   3.63e-01   1.64e-01   1.92e+00   2.04e+00 (  7.33e+01,  1.10e+02)
60      0.132   3.30e-01   4.48e-01   2.29e-01   3.15e+00   3.20e+00 (  7.68e+01,  1.07e+02)
65      0.189   4.56e-01   5.56e-01   3.56e-01   4.71e+00   4.60e+00 (  8.11e+01,  1.04e+02)
70      0.244   6.19e-01   6.50e-01   3.94e-01   6.02e+00   6.09e+00 (  7.97e+01,  1.01e+02)
75      0.299   8.28e-01   7.32e-01   4.46e-01   7.35e+00   7.49e+00 (  7.88e+01,  9.76e+01)
80      0.359   1.11e+00   9.31e-01   4.54e-01   8.54e+00   8.64e+00 (  7.80e+01,  9.35e+01)
85      0.417   1.41e+00   1.16e+00   4.63e-01   1.01e+01   9.42e+00 (  8.52e+01,  8.88e+01)
90      0.305   7.55e-01   1.03e+00   6.72e-01   6.80e+00   9.83e+00 (  8.69e+01,  8.41e+01)
95      2.524   5.17e+00   6.72e+00   5.08e+00   1.61e+02   9.92e+00 (  2.83e+03,  7.98e+01)
 4 n: 3.341e-05 e: 5.996e-06 i: 2.269e-04 :: e: 2.417e-02 i: 2.773e-02 :: n: 3.082e+01 e:16.253 i:15.184 v:4.993e+03
>>> tau_he = 5.000000, nhe(0)=2.346114e+00
 5     -0.541   1.59e-03   1.68e-01   9.61e-04  -1.66e-02   6.02e-05 (  2.71e-01,  2.25e+01)
10     -0.156  -1.74e-04  -3.56e-03  -2.90e-03  -2.59e-02   3.55e-04 ( -6.20e-02,  4.37e+01)
15     -0.635   1.29e-02   1.63e-02   2.46e-03  -6.76e-01   1.53e-03 (  6.64e+00,  6.29e+01)
20     -0.054   6.71e-02  -1.38e-02   1.10e-02  -2.59e-01   5.61e-03 (  3.71e+01,  8.01e+01)
25     -0.002   9.04e-02   5.15e-02   2.87e-02  -1.22e-02   1.80e-02 (  4.86e+01,  9.51e+01)
30      0.005   1.21e-01   8.74e-02   5.38e-02   3.53e-02   5.14e-02 (  5.86e+01,  1.07e+02)
35      0.014   1.52e-01   1.26e-01   9.41e-02   1.08e-01   1.32e-01 (  6.77e+01,  1.14e+02)
40      0.028   1.71e-01   1.60e-01   1.25e-01   2.57e-01   3.03e-01 (  7.11e+01,  1.17e+02)
45      0.050   1.89e-01   1.99e-01   1.29e-01   5.98e-01   6.32e-01 (  7.20e+01,  1.17e+02)
50      0.069   2.20e-01   2.78e-01   1.38e-01   1.14e+00   1.19e+00 (  7.41e+01,  1.14e+02)
55      0.092   2.55e-01   3.67e-01   1.64e-01   1.95e+00   2.04e+00 (  7.36e+01,  1.10e+02)
60      0.121   3.03e-01   4.23e-01   2.04e-01   2.86e+00   3.20e+00 (  7.02e+01,  1.07e+02)
65      0.174   4.18e-01   4.98e-01   2.25e-01   4.30e+00   4.60e+00 (  7.41e+01,  1.04e+02)
70      0.241   6.10e-01   6.47e-01   3.93e-01   5.94e+00   6.09e+00 (  7.85e+01,  1.01e+02)
75      0.295   8.17e-01   7.27e-01   4.44e-01   7.25e+00   7.49e+00 (  7.77e+01,  9.76e+01)
80      0.355   1.10e+00   9.24e-01   4.55e-01   8.45e+00   8.64e+00 (  7.72e+01,  9.35e+01)
85      0.414   1.40e+00   1.15e+00   4.65e-01   1.01e+01   9.42e+00 (  8.49e+01,  8.88e+01)
90      0.306   7.57e-01   1.04e+00   6.76e-01   6.82e+00   9.83e+00 (  8.72e+01,  8.41e+01)
95      2.524   5.17e+00   6.72e+00   5.08e+00   1.61e+02   9.92e+00 (  2.83e+03,  7.98e+01)
 5 n: 1.600e-05 e: 2.486e-04 i: 7.395e-06 :: e: 2.533e-02 i: 2.266e-02 :: n: 3.085e+01 e:16.624 i:15.228 v:4.993e+03
>>> tau_he = 5.000000, nhe(0)=2.359054e+00
 5     -0.581   1.60e-03   1.71e-01   7.81e-04  -1.78e-02   6.02e-05 (  2.87e-01,  2.25e+01)
10     -0.273  -3.30e-04  -2.75e-03  -1.25e-03  -4.52e-02   3.55e-04 ( -1.23e-01,  4.37e+01)
15     -0.706   1.40e-02   1.80e-02   2.02e-03  -7.52e-01   1.53e-03 (  7.50e+00,  6.29e+01)
20     -0.058   7.02e-02  -1.12e-02   1.24e-02  -2.79e-01   5.61e-03 (  3.99e+01,  8.01e+01)
25     -0.002   9.31e-02   5.31e-02   2.85e-02  -1.48e-02   1.80e-02 (  5.16e+01,  9.51e+01)
30      0.002   1.28e-01   9.04e-02   5.63e-02   1.46e-02   5.14e-02 (  6.45e+01,  1.07e+02)
35      0.011   1.59e-01   1.31e-01   9.72e-02   8.23e-02   1.32e-01 (  7.30e+01,  1.14e+02)
40      0.025   1.78e-01   1.66e-01   1.28e-01   2.36e-01   3.03e-01 (  7.62e+01,  1.17e+02)
45      0.049   1.96e-01   2.06e-01   1.32e-01   5.87e-01   6.32e-01 (  7.69e+01,  1.17e+02)
50      0.069   2.28e-01   2.86e-01   1.42e-01   1.14e+00   1.19e+00 (  7.88e+01,  1.14e+02)
55      0.093   2.63e-01   3.76e-01   1.68e-01   1.97e+00   2.04e+00 (  7.77e+01,  1.10e+02)
60      0.135   3.38e-01   4.62e-01   2.35e-01   3.21e+00   3.20e+00 (  8.06e+01,  1.07e+02)
65      0.189   4.56e-01   5.63e-01   3.57e-01   4.70e+00   4.60e+00 (  8.28e+01,  1.04e+02)
70      0.244   6.15e-01   6.56e-01   3.98e-01   6.02e+00   6.09e+00 (  8.10e+01,  1.01e+02)
75      0.298   8.19e-01   7.35e-01   4.48e-01   7.33e+00   7.49e+00 (  7.96e+01,  9.76e+01)
80      0.357   1.09e+00   9.31e-01   4.57e-01   8.51e+00   8.64e+00 (  7.87e+01,  9.35e+01)
85      0.415   1.39e+00   1.15e+00   4.67e-01   1.01e+01   9.42e+00 (  8.61e+01,  8.88e+01)
90      0.306   7.57e-01   1.04e+00   6.76e-01   6.83e+00   9.83e+00 (  8.77e+01,  8.41e+01)
95      2.524   5.17e+00   6.72e+00   5.08e+00   1.61e+02   9.92e+00 (  2.83e+03,  7.98e+01)
 6 n: 3.428e-05 e: 5.365e-06 i: 1.565e-04 :: e: 3.171e-02 i: 3.274e-02 :: n: 3.089e+01 e:16.628 i:15.481 v:4.993e+03
>>> tau_he = 5.000000, nhe(0)=2.415686e+00
 5     -0.599   1.67e-03   1.73e-01   8.92e-04  -1.83e-02   6.02e-05 (  3.02e-01,  2.25e+01)
10     -0.291  -2.17e-05  -2.79e-03  -1.16e-03  -4.82e-02   3.55e-04 ( -8.20e-03,  4.37e+01)
15     -0.730   2.18e-02  -2.28e-02  -1.52e-03  -7.77e-01   1.53e-03 (  1.17e+01,  6.29e+01)
20     -0.056   7.04e-02  -1.15e-02   1.17e-02  -2.72e-01   5.61e-03 (  3.96e+01,  8.01e+01)
25      0.002   9.20e-02   5.03e-02   2.50e-02   2.01e-02   1.80e-02 (  5.07e+01,  9.51e+01)
30      0.006   1.28e-01   8.85e-02   5.09e-02   4.77e-02   5.14e-02 (  6.43e+01,  1.07e+02)
35      0.013   1.59e-01   1.29e-01   9.34e-02   1.03e-01   1.32e-01 (  7.32e+01,  1.14e+02)
40      0.027   1.77e-01   1.65e-01   1.24e-01   2.52e-01   3.03e-01 (  7.62e+01,  1.17e+02)
45      0.046   1.94e-01   2.08e-01   1.29e-01   5.48e-01   6.32e-01 (  7.62e+01,  1.17e+02)
50      0.070   2.29e-01   2.86e-01   1.41e-01   1.16e+00   1.19e+00 (  7.92e+01,  1.14e+02)
55      0.094   2.64e-01   3.79e-01   1.69e-01   1.99e+00   2.04e+00 (  7.82e+01,  1.10e+02)
60      0.123   3.11e-01   4.37e-01   2.10e-01   2.92e+00   3.20e+00 (  7.41e+01,  1.07e+02)
65      0.186   4.48e-01   5.60e-01   3.51e-01   4.60e+00   4.60e+00 (  8.13e+01,  1.04e+02)
70      0.242   6.07e-01   6.56e-01   3.98e-01   5.95e+00   6.09e+00 (  8.02e+01,  1.01e+02)
75      0.293   8.06e-01   7.31e-01   4.47e-01   7.23e+00   7.49e+00 (  7.87e+01,  9.76e+01)
80      0.353   1.08e+00   9.24e-01   4.59e-01   8.41e+00   8.64e+00 (  7.80e+01,  9.35e+01)
85      0.412   1.38e+00   1.14e+00   4.69e-01   1.00e+01   9.42e+00 (  8.57e+01,  8.88e+01)
90      0.307   7.59e-01   1.05e+00   6.81e-01   6.86e+00   9.83e+00 (  8.81e+01,  8.41e+01)
95      2.524   5.17e+00   6.72e+00   5.08e+00   1.61e+02   9.92e+00 (  2.83e+03,  7.98e+01)
 7 n: 2.821e-05 e: 1.869e-04 i: 7.141e-06 :: e: 3.308e-02 i: 2.871e-02 :: n: 3.087e+01 e:16.921 i:15.522 v:4.993e+03
>>> tau_he = 5.000000, nhe(0)=2.420352e+00
 5     -0.624   1.68e-03   1.75e-01   1.02e-03  -1.91e-02   6.02e-05 (  3.13e-01,  2.25e+01)
10     -0.319  -9.09e-05  -3.01e-03  -9.92e-04  -5.29e-02   3.55e-04 ( -3.54e-02,  4.37e+01)
15     -0.788   2.60e-02  -2.46e-02  -2.22e-03  -8.39e-01   1.53e-03 (  1.42e+01,  6.29e+01)
20     -0.062   7.33e-02  -1.11e-02   1.54e-02  -2.97e-01   5.61e-03 (  4.19e+01,  8.01e+01)
25     -0.003   9.52e-02   5.25e-02   2.83e-02  -2.58e-02   1.80e-02 (  5.35e+01,  9.51e+01)
30      0.003   1.32e-01   9.20e-02   5.34e-02   2.25e-02   5.14e-02 (  6.80e+01,  1.07e+02)
35      0.007   1.57e-01   1.17e-01   9.54e-02   5.40e-02   1.32e-01 (  7.42e+01,  1.14e+02)
40      0.025   1.83e-01   1.70e-01   1.26e-01   2.40e-01   3.03e-01 (  8.06e+01,  1.17e+02)
45      0.045   2.02e-01   2.15e-01   1.32e-01   5.42e-01   6.32e-01 (  8.14e+01,  1.17e+02)
50      0.071   2.36e-01   2.94e-01   1.44e-01   1.17e+00   1.19e+00 (  8.38e+01,  1.14e+02)
55      0.095   2.72e-01   3.88e-01   1.73e-01   2.01e+00   2.04e+00 (  8.25e+01,  1.10e+02)
60      0.137   3.45e-01   4.75e-01   2.40e-01   3.25e+00   3.20e+00 (  8.45e+01,  1.07e+02)
65      0.188   4.52e-01   5.67e-01   3.55e-01   4.62e+00   4.60e+00 (  8.40e+01,  1.04e+02)
70      0.244   6.11e-01   6.65e-01   4.03e-01   6.01e+00   6.09e+00 (  8.28e+01,  1.01e+02)
75      0.296   8.06e-01   7.40e-01   4.51e-01   7.30e+00   7.49e+00 (  8.08e+01,  9.76e+01)
80      0.355   1.07e+00   9.31e-01   4.62e-01   8.47e+00   8.64e+00 (  7.96e+01,  9.35e+01)
85      0.413   1.36e+00   1.15e+00   4.71e-01   1.01e+01   9.42e+00 (  8.70e+01,  8.88e+01)
90      0.307   7.58e-01   1.05e+00   6.81e-01   6.86e+00   9.83e+00 (  8.87e+01,  8.41e+01)
95      2.524   5.17e+00   6.72e+00   5.08e+00   1.61e+02   9.92e+00 (  2.83e+03,  7.98e+01)
 8 n: 3.179e-05 e: 6.822e-06 i: 1.227e-04 :: e: 3.872e-02 i: 3.523e-02 :: n: 3.092e+01 e:16.920 i:15.733 v:4.993e+03
>>> tau_he = 5.000000, nhe(0)=2.469320e+00
 5     -0.640   1.73e-03   1.80e-01   1.03e-03  -1.96e-02   6.02e-05 (  3.27e-01,  2.25e+01)
10     -0.333   1.90e-04  -3.03e-03  -9.23e-04  -5.51e-02   3.55e-04 (  7.46e-02,  4.37e+01)
15     -0.794   2.60e-02  -2.48e-02  -2.21e-03  -8.45e-01   1.53e-03 (  1.42e+01,  6.29e+01)
20     -0.060   7.32e-02  -1.21e-02   1.44e-02  -2.88e-01   5.61e-03 (  4.15e+01,  8.01e+01)
25      0.001   9.42e-02   4.97e-02   2.50e-02   6.64e-03   1.80e-02 (  5.26e+01,  9.51e+01)
30      0.006   1.32e-01   8.91e-02   4.89e-02   5.32e-02   5.14e-02 (  6.77e+01,  1.07e+02)
35      0.010   1.57e-01   1.15e-01   9.05e-02   8.59e-02   1.32e-01 (  7.43e+01,  1.14e+02)
40      0.027   1.83e-01   1.68e-01   1.22e-01   2.56e-01   3.03e-01 (  8.08e+01,  1.17e+02)
45      0.046   2.02e-01   2.14e-01   1.30e-01   5.56e-01   6.32e-01 (  8.18e+01,  1.17e+02)
50      0.071   2.37e-01   2.92e-01   1.43e-01   1.18e+00   1.19e+00 (  8.41e+01,  1.14e+02)
55      0.096   2.73e-01   3.89e-01   1.73e-01   2.02e+00   2.04e+00 (  8.29e+01,  1.10e+02)
60      0.125   3.18e-01   4.49e-01   2.14e-01   2.95e+00   3.20e+00 (  7.79e+01,  1.07e+02)
65      0.186   4.46e-01   5.66e-01   3.51e-01   4.56e+00   4.60e+00 (  8.31e+01,  1.04e+02)
70      0.242   6.04e-01   6.67e-01   4.04e-01   5.96e+00   6.09e+00 (  8.23e+01,  1.01e+02)
75      0.293   7.95e-01   7.38e-01   4.51e-01   7.22e+00   7.49e+00 (  8.03e+01,  9.76e+01)
80      0.351   1.06e+00   9.25e-01   4.65e-01   8.38e+00   8.64e+00 (  7.92e+01,  9.35e+01)
85      0.409   1.35e+00   1.14e+00   4.75e-01   1.00e+01   9.42e+00 (  8.68e+01,  8.88e+01)
90      0.308   7.60e-01   1.05e+00   6.87e-01   6.89e+00   9.83e+00 (  8.91e+01,  8.41e+01)
95      2.524   5.17e+00   6.72e+00   5.08e+00   1.61e+02   9.92e+00 (  2.83e+03,  7.98e+01)
 9 n: 2.443e-05 e: 1.489e-04 i: 8.214e-06 :: e: 3.760e-02 i: 3.017e-02 :: n: 3.091e+01 e:17.169 i:15.773 v:4.993e+03
>>> tau_he = 5.000000, nhe(0)=2.476172e+00
 5     -0.663   1.74e-03   1.82e-01   1.04e-03  -2.03e-02   6.02e-05 (  3.36e-01,  2.25e+01)
10     -0.356   1.31e-04  -3.20e-03  -8.59e-04  -5.89e-02   3.55e-04 (  5.27e-02,  4.37e+01)
15     -0.826   2.67e-02  -2.57e-02  -2.67e-03  -8.79e-01   1.53e-03 (  1.47e+01,  6.29e+01)
20     -0.062   7.51e-02  -1.07e-02   1.55e-02  -2.99e-01   5.61e-03 (  4.30e+01,  8.01e+01)
25     -0.001   9.63e-02   5.11e-02   2.64e-02  -1.13e-02   1.80e-02 (  5.46e+01,  9.51e+01)
30      0.003   1.36e-01   9.23e-02   5.15e-02   2.67e-02   5.14e-02 (  7.10e+01,  1.07e+02)
35      0.012   1.61e-01   1.20e-01   9.23e-02   1.06e-01   1.32e-01 (  7.79e+01,  1.14e+02)
40      0.026   1.87e-01   1.73e-01   1.24e-01   2.47e-01   3.03e-01 (  8.46e+01,  1.17e+02)
45      0.045   2.07e-01   2.20e-01   1.32e-01   5.53e-01   6.32e-01 (  8.56e+01,  1.17e+02)
50      0.072   2.43e-01   3.00e-01   1.46e-01   1.18e+00   1.19e+00 (  8.82e+01,  1.14e+02)
55      0.097   2.80e-01   3.97e-01   1.77e-01   2.03e+00   2.04e+00 (  8.68e+01,  1.10e+02)
60      0.138   3.51e-01   4.87e-01   2.44e-01   3.26e+00   3.20e+00 (  8.82e+01,  1.07e+02)
65      0.187   4.52e-01   5.74e-01   3.55e-01   4.59e+00   4.60e+00 (  8.61e+01,  1.04e+02)
70      0.245   6.08e-01   6.76e-01   4.09e-01   6.03e+00   6.09e+00 (  8.50e+01,  1.01e+02)
75      0.312   8.45e-01   8.22e-01   4.73e-01   7.72e+00   7.49e+00 (  8.76e+01,  9.76e+01)
80      0.352   1.06e+00   9.32e-01   4.69e-01   8.44e+00   8.64e+00 (  8.10e+01,  9.35e+01)
85      0.410   1.34e+00   1.14e+00   4.77e-01   1.00e+01   9.42e+00 (  8.82e+01,  8.88e+01)
90      0.308   7.60e-01   1.06e+00   6.88e-01   6.90e+00   9.83e+00 (  8.97e+01,  8.41e+01)
95      2.524   5.17e+00   6.72e+00   5.08e+00   1.61e+02   9.92e+00 (  2.83e+03,  7.98e+01)
10 n: 6.706e-05 e: 7.167e-06 i: 9.848e-05 :: e: 4.234e-02 i: 4.376e-02 :: n: 3.092e+01 e:17.176 i:15.960 v:4.993e+03
>>> tau_he = 5.000000, nhe(0)=2.513354e+00
 5     -0.678   1.79e-03   1.85e-01   1.14e-03  -2.07e-02   6.02e-05 (  3.47e-01,  2.25e+01)
10     -0.368   3.69e-04  -3.22e-03  -7.89e-04  -6.09e-02   3.55e-04 (  1.49e-01,  4.37e+01)
15     -0.832   2.67e-02  -2.58e-02  -2.61e-03  -8.85e-01   1.53e-03 (  1.47e+01,  6.29e+01)
20     -0.060   7.52e-02  -1.16e-02   1.46e-02  -2.91e-01   5.61e-03 (  4.27e+01,  8.01e+01)
25      0.002   9.55e-02   4.90e-02   2.37e-02   1.53e-02   1.80e-02 (  5.39e+01,  9.51e+01)
30      0.005   1.36e-01   9.04e-02   4.92e-02   4.06e-02   5.14e-02 (  7.09e+01,  1.07e+02)
35      0.013   1.61e-01   1.19e-01   9.03e-02   1.14e-01   1.32e-01 (  7.84e+01,  1.14e+02)
40      0.026   1.88e-01   1.71e-01   1.21e-01   2.58e-01   3.03e-01 (  8.50e+01,  1.17e+02)
45      0.046   2.08e-01   2.18e-01   1.31e-01   5.65e-01   6.32e-01 (  8.59e+01,  1.17e+02)
50      0.072   2.43e-01   2.98e-01   1.45e-01   1.18e+00   1.19e+00 (  8.84e+01,  1.14e+02)
55      0.098   2.80e-01   3.98e-01   1.78e-01   2.03e+00   2.04e+00 (  8.71e+01,  1.10e+02)
60      0.127   3.25e-01   4.60e-01   2.19e-01   2.97e+00   3.20e+00 (  8.16e+01,  1.07e+02)
65      0.186   4.48e-01   5.75e-01   3.52e-01   4.55e+00   4.60e+00 (  8.57e+01,  1.04e+02)
70      0.243   6.01e-01   6.77e-01   4.10e-01   5.97e+00   6.09e+00 (  8.45e+01,  1.01e+02)
75      0.307   8.29e-01   8.17e-01   4.72e-01   7.58e+00   7.49e+00 (  8.64e+01,  9.76e+01)
80      0.348   1.04e+00   9.28e-01   4.72e-01   8.35e+00   8.64e+00 (  8.06e+01,  9.35e+01)
85      0.407   1.32e+00   1.13e+00   4.81e-01   9.97e+00   9.42e+00 (  8.82e+01,  8.88e+01)
90      0.309   7.62e-01   1.06e+00   6.94e-01   6.93e+00   9.83e+00 (  9.02e+01,  8.41e+01)
95      2.524   5.17e+00   6.72e+00   5.08e+00   1.61e+02   9.92e+00 (  2.83e+03,  7.98e+01)
11 n: 4.055e-05 e: 1.129e-04 i: 7.633e-06 :: e: 3.763e-02 i: 3.689e-02 :: n: 3.089e+01 e:17.390 i:16.000 v:4.993e+03
>>> tau_he = 5.000000, nhe(0)=2.517399e+00
 5     -0.697   1.79e-03   1.87e-01   1.15e-03  -2.13e-02   6.02e-05 (  3.55e-01,  2.25e+01)
10     -0.679   2.38e-04  -1.12e-03  -7.89e-04  -1.12e-01   3.55e-04 (  9.81e-02,  4.37e+01)
15     -0.861   2.73e-02  -2.66e-02  -3.09e-03  -9.15e-01   1.53e-03 (  1.51e+01,  6.29e+01)
20     -0.063   7.70e-02  -1.01e-02   1.58e-02  -3.04e-01   5.61e-03 (  4.41e+01,  8.01e+01)
25     -0.001   9.78e-02   5.05e-02   2.58e-02  -1.21e-02   1.80e-02 (  5.59e+01,  9.51e+01)
30      0.003   1.39e-01   9.31e-02   5.06e-02   2.70e-02   5.14e-02 (  7.36e+01,  1.07e+02)
35      0.012   1.65e-01   1.23e-01   9.26e-02   1.04e-01   1.32e-01 (  8.15e+01,  1.14e+02)
40      0.026   1.92e-01   1.76e-01   1.22e-01   2.51e-01   3.03e-01 (  8.82e+01,  1.17e+02)
45      0.046   2.12e-01   2.23e-01   1.33e-01   5.63e-01   6.32e-01 (  8.92e+01,  1.17e+02)
50      0.073   2.49e-01   3.05e-01   1.48e-01   1.19e+00   1.19e+00 (  9.20e+01,  1.14e+02)
55      0.099   2.86e-01   4.05e-01   1.81e-01   2.03e+00   2.04e+00 (  9.05e+01,  1.10e+02)
60      0.129   3.33e-01   4.70e-01   2.24e-01   3.01e+00   3.20e+00 (  8.54e+01,  1.07e+02)
65      0.188   4.53e-01   5.83e-01   3.57e-01   4.58e+00   4.60e+00 (  8.86e+01,  1.04e+02)
70      0.245   6.04e-01   6.85e-01   4.15e-01   6.01e+00   6.09e+00 (  8.69e+01,  1.01e+02)
75      0.308   8.24e-01   8.21e-01   4.75e-01   7.58e+00   7.49e+00 (  8.78e+01,  9.76e+01)
80      0.350   1.03e+00   9.34e-01   4.75e-01   8.40e+00   8.64e+00 (  8.22e+01,  9.35e+01)
85      0.407   1.31e+00   1.13e+00   4.84e-01   1.00e+01   9.42e+00 (  8.96e+01,  8.88e+01)
90      0.309   7.62e-01   1.07e+00   6.95e-01   6.94e+00   9.83e+00 (  9.09e+01,  8.41e+01)
95      2.524   5.17e+00   6.72e+00   5.08e+00   1.61e+02   9.92e+00 (  2.83e+03,  7.98e+01)
12 n: 3.394e-05 e: 5.842e-06 i: 7.365e-05 :: e: 4.041e-02 i: 3.908e-02 :: n: 3.091e+01 e:17.397 i:16.164 v:4.993e+03
>>> tau_he = 5.000000, nhe(0)=2.551260e+00
 5     -0.712   1.84e-03   1.91e-01   1.16e-03  -2.17e-02   6.02e-05 (  3.66e-01,  2.25e+01)
10     -0.702   4.48e-04  -1.06e-03  -7.52e-04  -1.16e-01   3.55e-04 (  1.86e-01,  4.37e+01)
15     -0.867   2.74e-02  -2.67e-02  -3.08e-03  -9.22e-01   1.53e-03 (  1.51e+01,  6.29e+01)
20     -0.061   7.71e-02  -1.08e-02   1.50e-02  -2.97e-01   5.61e-03 (  4.39e+01,  8.01e+01)
25      0.002   9.70e-02   4.87e-02   2.33e-02   1.47e-02   1.80e-02 (  5.52e+01,  9.51e+01)
30      0.008   1.39e-01   9.04e-02   4.92e-02   6.51e-02   5.14e-02 (  7.40e+01,  1.07e+02)
35      0.013   1.65e-01   1.21e-01   9.06e-02   1.12e-01   1.32e-01 (  8.18e+01,  1.14e+02)
40      0.026   1.93e-01   1.74e-01   1.20e-01   2.57e-01   3.03e-01 (  8.91e+01,  1.17e+02)
45      0.046   2.12e-01   2.21e-01   1.31e-01   5.71e-01   6.32e-01 (  8.93e+01,  1.17e+02)
50      0.073   2.49e-01   3.01e-01   1.46e-01   1.18e+00   1.19e+00 (  9.19e+01,  1.14e+02)
55      0.099   2.87e-01   4.05e-01   1.81e-01   2.04e+00   2.04e+00 (  9.07e+01,  1.10e+02)
60      0.130   3.34e-01   4.73e-01   2.25e-01   3.04e+00   3.20e+00 (  8.60e+01,  1.07e+02)
65      0.187   4.51e-01   5.85e-01   3.55e-01   4.56e+00   4.60e+00 (  8.85e+01,  1.04e+02)
70      0.243   5.99e-01   6.87e-01   4.16e-01   5.97e+00   6.09e+00 (  8.67e+01,  1.01e+02)
75      0.305   8.14e-01   8.19e-01   4.75e-01   7.50e+00   7.49e+00 (  8.73e+01,  9.76e+01)
80      0.347   1.02e+00   9.32e-01   4.79e-01   8.34e+00   8.64e+00 (  8.22e+01,  9.35e+01)
85      0.405   1.30e+00   1.13e+00   4.88e-01   9.96e+00   9.42e+00 (  8.97e+01,  8.88e+01)
90      0.310   7.64e-01   1.07e+00   7.01e-01   6.96e+00   9.83e+00 (  9.14e+01,  8.41e+01)
95      2.524   5.17e+00   6.72e+00   5.08e+00   1.61e+02   9.92e+00 (  2.83e+03,  7.98e+01)
13 n: 2.809e-05 e: 8.420e-05 i: 6.281e-06 :: e: 4.119e-02 i: 3.522e-02 :: n: 3.085e+01 e:17.582 i:16.202 v:4.993e+03
>>> tau_he = 5.000000, nhe(0)=2.549928e+00
 5     -0.723   1.85e-03   1.93e-01   1.20e-03  -2.21e-02   6.02e-05 (  3.74e-01,  2.25e+01)
10     -0.779   7.19e-05   5.72e-05  -9.18e-04  -1.29e-01   3.55e-04 (  3.03e-02,  4.37e+01)
15     -0.894   2.79e-02  -2.74e-02  -3.61e-03  -9.50e-01   1.53e-03 (  1.56e+01,  6.29e+01)
20     -0.068   7.91e-02  -8.18e-03   1.63e-02  -3.27e-01   5.61e-03 (  4.53e+01,  8.01e+01)
25     -0.003   9.96e-02   5.06e-02   2.64e-02  -2.69e-02   1.80e-02 (  5.73e+01,  9.51e+01)
30     -0.002   1.43e-01   9.45e-02   5.28e-02  -1.61e-02   5.14e-02 (  7.66e+01,  1.07e+02)
35      0.012   1.68e-01   1.25e-01   9.26e-02   1.03e-01   1.32e-01 (  8.44e+01,  1.14e+02)
40      0.025   1.96e-01   1.77e-01   1.21e-01   2.52e-01   3.03e-01 (  9.17e+01,  1.17e+02)
45      0.046   2.16e-01   2.26e-01   1.33e-01   5.70e-01   6.32e-01 (  9.21e+01,  1.17e+02)
50      0.074   2.54e-01   3.08e-01   1.49e-01   1.19e+00   1.19e+00 (  9.51e+01,  1.14e+02)
55      0.100   2.92e-01   4.10e-01   1.85e-01   2.04e+00   2.04e+00 (  9.37e+01,  1.10e+02)
60      0.131   3.40e-01   4.81e-01   2.29e-01   3.06e+00   3.20e+00 (  8.91e+01,  1.07e+02)
65      0.189   4.56e-01   5.91e-01   3.59e-01   4.58e+00   4.60e+00 (  9.10e+01,  1.04e+02)
70      0.245   6.03e-01   6.94e-01   4.20e-01   6.01e+00   6.09e+00 (  8.90e+01,  1.01e+02)
75      0.306   8.11e-01   8.24e-01   4.78e-01   7.52e+00   7.49e+00 (  8.88e+01,  9.76e+01)
80      0.348   1.02e+00   9.38e-01   4.82e-01   8.39e+00   8.64e+00 (  8.38e+01,  9.35e+01)
85      0.405   1.29e+00   1.13e+00   4.91e-01   9.99e+00   9.42e+00 (  9.11e+01,  8.88e+01)
90      0.310   7.64e-01   1.07e+00   7.02e-01   6.97e+00   9.83e+00 (  9.20e+01,  8.41e+01)
95      2.524   5.17e+00   6.72e+00   5.08e+00   1.61e+02   9.92e+00 (  2.83e+03,  7.98e+01)
14 n: 2.510e-05 e: 5.083e-06 i: 5.302e-05 :: e: 4.311e-02 i: 3.811e-02 :: n: 3.091e+01 e:17.583 i:16.341 v:4.993e+03
>>> tau_he = 5.000000, nhe(0)=2.584413e+00
 5     -0.737   1.89e-03   1.96e-01   1.21e-03  -2.25e-02   6.02e-05 (  3.85e-01,  2.25e+01)
10     -0.802   1.47e-04   1.57e-04  -9.76e-04  -1.32e-01   3.55e-04 (  6.21e-02,  4.37e+01)
15     -0.901   2.81e-02  -2.75e-02  -3.65e-03  -9.58e-01   1.53e-03 (  1.57e+01,  6.29e+01)
20     -0.064   7.93e-02  -8.99e-03   1.53e-02  -3.11e-01   5.61e-03 (  4.53e+01,  8.01e+01)
25      0.002   9.81e-02   4.87e-02   2.27e-02   2.04e-02   1.80e-02 (  5.63e+01,  9.51e+01)
30      0.009   1.41e-01   9.10e-02   4.79e-02   7.49e-02   5.14e-02 (  7.57e+01,  1.07e+02)
35      0.013   1.68e-01   1.23e-01   9.05e-02   1.14e-01   1.32e-01 (  8.44e+01,  1.14e+02)
40      0.026   1.96e-01   1.76e-01   1.19e-01   2.61e-01   3.03e-01 (  9.16e+01,  1.17e+02)
45      0.047   2.16e-01   2.24e-01   1.32e-01   5.76e-01   6.32e-01 (  9.21e+01,  1.17e+02)
50      0.074   2.54e-01   3.05e-01   1.48e-01   1.18e+00   1.19e+00 (  9.49e+01,  1.14e+02)
55      0.100   2.92e-01   4.10e-01   1.86e-01   2.03e+00   2.04e+00 (  9.37e+01,  1.10e+02)
60      0.132   3.41e-01   4.83e-01   2.29e-01   3.06e+00   3.20e+00 (  8.94e+01,  1.07e+02)
65      0.188   4.54e-01   5.92e-01   3.58e-01   4.55e+00   4.60e+00 (  9.09e+01,  1.04e+02)
70      0.244   6.00e-01   6.96e-01   4.22e-01   5.98e+00   6.09e+00 (  8.90e+01,  1.01e+02)
75      0.304   8.04e-01   8.24e-01   4.79e-01   7.46e+00   7.49e+00 (  8.86e+01,  9.76e+01)
80      0.347   1.01e+00   9.38e-01   4.86e-01   8.36e+00   8.64e+00 (  8.39e+01,  9.35e+01)
85      0.403   1.28e+00   1.13e+00   4.95e-01   9.95e+00   9.42e+00 (  9.12e+01,  8.88e+01)
90      0.311   7.65e-01   1.08e+00   7.07e-01   6.99e+00   9.83e+00 (  9.25e+01,  8.41e+01)
95      2.524   5.17e+00   6.72e+00   5.08e+00   1.61e+02   9.92e+00 (  2.83e+03,  7.98e+01)
15 n: 2.285e-05 e: 6.225e-05 i: 4.914e-06 :: e: 4.184e-02 i: 3.410e-02 :: n: 3.082e+01 e:17.742 i:16.374 v:4.993e+03
>>> tau_he = 5.000000, nhe(0)=2.578190e+00
 5     -0.752   1.90e-03   1.98e-01   1.22e-03  -2.29e-02   6.02e-05 (  3.91e-01,  2.25e+01)
10     -0.846   1.81e-04   2.55e-04  -1.02e-03  -1.40e-01   3.55e-04 (  7.76e-02,  4.37e+01)
15     -0.925   2.86e-02  -2.80e-02  -4.18e-03  -9.83e-01   1.53e-03 (  1.61e+01,  6.29e+01)
20     -0.069   8.17e-02  -7.30e-03   1.73e-02  -3.30e-01   5.61e-03 (  4.68e+01,  8.01e+01)
25     -0.003   1.01e-01   5.08e-02   2.72e-02  -2.69e-02   1.80e-02 (  5.84e+01,  9.51e+01)
30     -0.007   1.41e-01   9.76e-02   5.17e-02  -5.24e-02   5.14e-02 (  7.62e+01,  1.07e+02)
35      0.012   1.71e-01   1.26e-01   9.23e-02   1.05e-01   1.32e-01 (  8.66e+01,  1.14e+02)
40      0.026   1.99e-01   1.79e-01   1.21e-01   2.56e-01   3.03e-01 (  9.41e+01,  1.17e+02)
45      0.046   2.19e-01   2.28e-01   1.33e-01   5.74e-01   6.32e-01 (  9.44e+01,  1.17e+02)
50      0.075   2.58e-01   3.10e-01   1.51e-01   1.19e+00   1.19e+00 (  9.76e+01,  1.14e+02)
55      0.101   2.96e-01   4.14e-01   1.88e-01   2.03e+00   2.04e+00 (  9.60e+01,  1.10e+02)
60      0.132   3.45e-01   4.88e-01   2.32e-01   3.07e+00   3.20e+00 (  9.19e+01,  1.07e+02)
65      0.189   4.58e-01   5.98e-01   3.61e-01   4.57e+00   4.60e+00 (  9.31e+01,  1.04e+02)
70      0.246   6.03e-01   7.02e-01   4.25e-01   6.01e+00   6.09e+00 (  9.10e+01,  1.01e+02)
75      0.305   8.03e-01   8.29e-01   4.82e-01   7.49e+00   7.49e+00 (  9.01e+01,  9.76e+01)
80      0.348   1.01e+00   9.44e-01   4.89e-01   8.41e+00   8.64e+00 (  8.54e+01,  9.35e+01)
85      0.404   1.27e+00   1.13e+00   4.98e-01   9.99e+00   9.42e+00 (  9.25e+01,  8.88e+01)
90      0.311   7.65e-01   1.08e+00   7.08e-01   7.00e+00   9.83e+00 (  9.30e+01,  8.41e+01)
95      2.524   5.17e+00   6.72e+00   5.08e+00   1.61e+02   9.92e+00 (  2.83e+03,  7.98e+01)
16 n: 2.010e-05 e: 4.481e-06 i: 3.730e-05 :: e: 4.239e-02 i: 3.639e-02 :: n: 3.088e+01 e:17.735 i:16.491 v:4.993e+03
>>> tau_he = 5.000000, nhe(0)=2.607844e+00
 5     -0.763   1.93e-03   2.01e-01   1.22e-03  -2.33e-02   6.02e-05 (  4.01e-01,  2.25e+01)
10     -0.871   1.60e-03  -1.31e-04  -8.18e-04  -1.44e-01   3.55e-04 (  6.91e-01,  4.37e+01)
15     -0.930   2.87e-02  -2.82e-02  -4.26e-03  -9.89e-01   1.53e-03 (  1.61e+01,  6.29e+01)
20     -0.067   8.18e-02  -7.50e-03   1.67e-02  -3.23e-01   5.61e-03 (  4.67e+01,  8.01e+01)
25      0.002   9.95e-02   4.91e-02   2.38e-02   2.06e-02   1.80e-02 (  5.74e+01,  9.51e+01)
30      0.009   1.40e-01   9.35e-02   4.86e-02   7.72e-02   5.14e-02 (  7.55e+01,  1.07e+02)
35      0.013   1.71e-01   1.25e-01   9.05e-02   1.15e-01   1.32e-01 (  8.64e+01,  1.14e+02)
40      0.026   1.99e-01   1.77e-01   1.19e-01   2.65e-01   3.03e-01 (  9.38e+01,  1.17e+02)
45      0.047   2.18e-01   2.26e-01   1.32e-01   5.79e-01   6.32e-01 (  9.42e+01,  1.17e+02)
50      0.075   2.58e-01   3.08e-01   1.50e-01   1.19e+00   1.19e+00 (  9.74e+01,  1.14e+02)
55      0.101   2.96e-01   4.13e-01   1.88e-01   2.02e+00   2.04e+00 (  9.58e+01,  1.10e+02)
60      0.143   3.69e-01   5.17e-01   2.56e-01   3.32e+00   3.20e+00 (  9.81e+01,  1.07e+02)
65      0.189   4.56e-01   5.98e-01   3.60e-01   4.55e+00   4.60e+00 (  9.29e+01,  1.04e+02)
70      0.245   6.00e-01   7.04e-01   4.27e-01   5.99e+00   6.09e+00 (  9.10e+01,  1.01e+02)
75      0.304   7.97e-01   8.30e-01   4.83e-01   7.45e+00   7.49e+00 (  9.00e+01,  9.76e+01)
80      0.347   1.00e+00   9.44e-01   4.93e-01   8.39e+00   8.64e+00 (  8.56e+01,  9.35e+01)
85      0.402   1.26e+00   1.13e+00   5.01e-01   9.96e+00   9.42e+00 (  9.27e+01,  8.88e+01)
90      0.312   7.66e-01   1.09e+00   7.13e-01   7.02e+00   9.83e+00 (  9.34e+01,  8.41e+01)
95      2.524   5.17e+00   6.72e+00   5.08e+00   1.61e+02   9.92e+00 (  2.83e+03,  7.98e+01)
17 n: 4.017e-05 e: 4.355e-05 i: 4.295e-06 :: e: 4.316e-02 i: 3.513e-02 :: n: 3.078e+01 e:17.865 i:16.513 v:4.993e+03
>>> tau_he = 5.000000, nhe(0)=2.597411e+00
 5     -0.776   1.93e-03   2.02e-01   1.24e-03  -2.36e-02   6.02e-05 (  4.05e-01,  2.25e+01)
10     -0.910   1.83e-03  -1.17e-04  -8.27e-04  -1.50e-01   3.55e-04 (  7.95e-01,  4.37e+01)
15     -0.945   3.02e-02  -3.23e-02  -1.70e-04  -1.00e+00   1.53e-03 (  1.70e+01,  6.29e+01)
20     -0.070   8.32e-02  -5.80e-03   1.92e-02  -3.36e-01   5.61e-03 (  4.76e+01,  8.01e+01)
25     -0.005   1.02e-01   5.13e-02   2.80e-02  -3.87e-02   1.80e-02 (  5.93e+01,  9.51e+01)
30     -0.007   1.43e-01   9.82e-02   5.16e-02  -5.84e-02   5.14e-02 (  7.77e+01,  1.07e+02)
35      0.012   1.73e-01   1.28e-01   9.22e-02   1.07e-01   1.32e-01 (  8.83e+01,  1.14e+02)
40      0.026   2.01e-01   1.80e-01   1.20e-01   2.62e-01   3.03e-01 (  9.56e+01,  1.17e+02)
45      0.047   2.20e-01   2.30e-01   1.33e-01   5.79e-01   6.32e-01 (  9.58e+01,  1.17e+02)
50      0.076   2.62e-01   3.13e-01   1.52e-01   1.19e+00   1.19e+00 (  9.97e+01,  1.14e+02)
55      0.101   2.99e-01   4.16e-01   1.90e-01   2.01e+00   2.04e+00 (  9.76e+01,  1.10e+02)
60      0.142   3.69e-01   5.17e-01   2.56e-01   3.27e+00   3.20e+00 (  9.90e+01,  1.07e+02)
65      0.189   4.59e-01   6.02e-01   3.62e-01   4.54e+00   4.60e+00 (  9.46e+01,  1.04e+02)
70      0.246   6.03e-01   7.10e-01   4.30e-01   6.01e+00   6.09e+00 (  9.29e+01,  1.01e+02)
75      0.305   7.97e-01   8.35e-01   4.86e-01   7.48e+00   7.49e+00 (  9.15e+01,  9.76e+01)
80      0.348   1.00e+00   9.50e-01   4.96e-01   8.43e+00   8.64e+00 (  8.70e+01,  9.35e+01)
85      0.403   1.25e+00   1.13e+00   5.04e-01   9.99e+00   9.42e+00 (  9.39e+01,  8.88e+01)
90      0.312   7.66e-01   1.09e+00   7.14e-01   7.02e+00   9.83e+00 (  9.39e+01,  8.41e+01)
95      2.524   5.17e+00   6.72e+00   5.08e+00   1.61e+02   9.92e+00 (  2.83e+03,  7.98e+01)
18 n: 2.679e-05 e: 4.608e-06 i: 2.427e-05 :: e: 4.250e-02 i: 3.629e-02 :: n: 3.082e+01 e:17.845 i:16.606 v:4.993e+03
>>> tau_he = 5.000000, nhe(0)=2.621059e+00
 5     -0.785   1.96e-03   2.04e-01   1.24e-03  -2.39e-02   6.02e-05 (  4.13e-01,  2.25e+01)
10     -0.927   1.93e-03  -5.14e-05  -8.70e-04  -1.53e-01   3.55e-04 (  8.44e-01,  4.37e+01)
15     -0.945   3.02e-02  -3.24e-02  -2.41e-04  -1.01e+00   1.53e-03 (  1.70e+01,  6.29e+01)
20     -0.068   8.32e-02  -5.89e-03   1.87e-02  -3.26e-01   5.61e-03 (  4.74e+01,  8.01e+01)
25      0.001   1.01e-01   4.97e-02   2.47e-02   1.03e-02   1.80e-02 (  5.82e+01,  9.51e+01)
30      0.009   1.41e-01   9.43e-02   4.87e-02   7.47e-02   5.14e-02 (  7.68e+01,  1.07e+02)
35      0.013   1.72e-01   1.27e-01   9.08e-02   1.16e-01   1.32e-01 (  8.78e+01,  1.14e+02)
40      0.027   2.01e-01   1.79e-01   1.19e-01   2.68e-01   3.03e-01 (  9.52e+01,  1.17e+02)
45      0.047   2.20e-01   2.28e-01   1.33e-01   5.82e-01   6.32e-01 (  9.54e+01,  1.17e+02)
50      0.076   2.62e-01   3.12e-01   1.52e-01   1.19e+00   1.19e+00 (  9.94e+01,  1.14e+02)
55      0.101   2.98e-01   4.14e-01   1.89e-01   2.00e+00   2.04e+00 (  9.70e+01,  1.10e+02)
60      0.141   3.66e-01   5.14e-01   2.54e-01   3.22e+00   3.20e+00 (  9.78e+01,  1.07e+02)
65      0.188   4.56e-01   6.01e-01   3.60e-01   4.51e+00   4.60e+00 (  9.41e+01,  1.04e+02)
70      0.246   6.01e-01   7.11e-01   4.31e-01   5.99e+00   6.09e+00 (  9.28e+01,  1.01e+02)
75      0.304   7.92e-01   8.35e-01   4.87e-01   7.45e+00   7.49e+00 (  9.15e+01,  9.76e+01)
80      0.347   9.95e-01   9.50e-01   4.99e-01   8.41e+00   8.64e+00 (  8.72e+01,  9.35e+01)
85      0.402   1.24e+00   1.13e+00   5.07e-01   9.97e+00   9.42e+00 (  9.41e+01,  8.88e+01)
90      0.313   7.69e-01   1.09e+00   7.18e-01   7.04e+00   9.83e+00 (  9.45e+01,  8.41e+01)
95      2.524   5.17e+00   6.72e+00   5.08e+00   1.61e+02   9.92e+00 (  2.83e+03,  7.98e+01)
19 n: 2.005e-05 e: 2.684e-05 i: 2.765e-06 :: e: 3.934e-02 i: 3.173e-02 :: n: 3.075e+01 e:17.946 i:16.614 v:4.993e+03
>>> tau_he = 5.000000, nhe(0)=2.611410e+00
 5     -0.794   1.96e-03   2.05e-01   1.25e-03  -2.42e-02   6.02e-05 (  4.17e-01,  2.25e+01)
10     -0.959   2.12e-03  -3.91e-05  -8.81e-04  -1.58e-01   3.55e-04 (  9.32e-01,  4.37e+01)
15     -0.818   3.14e-02  -3.37e-02  -3.34e-03  -8.70e-01   1.53e-03 (  1.77e+01,  6.29e+01)
20     -0.069   8.43e-02  -4.42e-03   2.06e-02  -3.30e-01   5.61e-03 (  4.81e+01,  8.01e+01)
25     -0.003   1.03e-01   5.14e-02   2.72e-02  -2.35e-02   1.80e-02 (  5.95e+01,  9.51e+01)
30     -0.008   1.44e-01   9.87e-02   5.16e-02  -6.14e-02   5.14e-02 (  7.87e+01,  1.07e+02)
35      0.012   1.74e-01   1.29e-01   9.25e-02   1.07e-01   1.32e-01 (  8.93e+01,  1.14e+02)
40      0.026   2.03e-01   1.81e-01   1.20e-01   2.65e-01   3.03e-01 (  9.66e+01,  1.17e+02)
45      0.047   2.22e-01   2.31e-01   1.34e-01   5.80e-01   6.32e-01 (  9.69e+01,  1.17e+02)
50      0.076   2.65e-01   3.16e-01   1.54e-01   1.19e+00   1.19e+00 (  1.01e+02,  1.14e+02)
55      0.101   3.00e-01   4.17e-01   1.91e-01   1.99e+00   2.04e+00 (  9.84e+01,  1.10e+02)
60      0.140   3.67e-01   5.14e-01   2.54e-01   3.18e+00   3.20e+00 (  9.87e+01,  1.07e+02)
65      0.189   4.59e-01   6.04e-01   3.62e-01   4.51e+00   4.60e+00 (  9.55e+01,  1.04e+02)
70      0.247   6.03e-01   7.15e-01   4.33e-01   6.01e+00   6.09e+00 (  9.43e+01,  1.01e+02)
75      0.305   7.92e-01   8.39e-01   4.90e-01   7.47e+00   7.49e+00 (  9.27e+01,  9.76e+01)
80      0.348   9.94e-01   9.55e-01   5.01e-01   8.45e+00   8.64e+00 (  8.84e+01,  9.35e+01)
85      0.402   1.24e+00   1.13e+00   5.09e-01   1.00e+01   9.42e+00 (  9.52e+01,  8.88e+01)
90      0.313   7.69e-01   1.09e+00   7.19e-01   7.04e+00   9.83e+00 (  9.50e+01,  8.41e+01)
95      2.524   5.17e+00   6.72e+00   5.08e+00   1.61e+02   9.92e+00 (  2.83e+03,  7.98e+01)
20 n: 1.456e-05 e: 4.066e-06 i: 1.435e-05 :: e: 3.831e-02 i: 3.208e-02 :: n: 3.080e+01 e:17.915 i:16.684 v:4.993e+03
>>> tau_he = 5.000000, nhe(0)=2.631559e+00
 5     -0.801   1.99e-03   2.07e-01   1.25e-03  -2.44e-02   6.02e-05 (  4.24e-01,  2.25e+01)
10     -0.970   2.19e-03   1.72e-05  -9.18e-04  -1.60e-01   3.55e-04 (  9.66e-01,  4.37e+01)
15     -0.815   3.13e-02  -3.37e-02  -3.35e-03  -8.67e-01   1.53e-03 (  1.76e+01,  6.29e+01)
20     -0.066   8.41e-02  -4.44e-03   2.02e-02  -3.21e-01   5.61e-03 (  4.78e+01,  8.01e+01)
25      0.003   1.01e-01   4.99e-02   2.39e-02   2.52e-02   1.80e-02 (  5.83e+01,  9.51e+01)
30      0.009   1.42e-01   9.49e-02   4.88e-02   7.37e-02   5.14e-02 (  7.76e+01,  1.07e+02)
35      0.013   1.74e-01   1.28e-01   9.12e-02   1.16e-01   1.32e-01 (  8.87e+01,  1.14e+02)
40      0.027   2.02e-01   1.80e-01   1.19e-01   2.71e-01   3.03e-01 (  9.60e+01,  1.17e+02)
45      0.047   2.21e-01   2.29e-01   1.33e-01   5.82e-01   6.32e-01 (  9.63e+01,  1.17e+02)
50      0.077   2.64e-01   3.14e-01   1.54e-01   1.19e+00   1.19e+00 (  1.00e+02,  1.14e+02)
55      0.101   2.99e-01   4.15e-01   1.90e-01   1.98e+00   2.04e+00 (  9.76e+01,  1.10e+02)
60      0.139   3.64e-01   5.12e-01   2.53e-01   3.15e+00   3.20e+00 (  9.76e+01,  1.07e+02)
65      0.188   4.57e-01   6.03e-01   3.61e-01   4.49e+00   4.60e+00 (  9.51e+01,  1.04e+02)
70      0.246   6.01e-01   7.15e-01   4.34e-01   5.99e+00   6.09e+00 (  9.41e+01,  1.01e+02)
75      0.304   7.89e-01   8.39e-01   4.90e-01   7.45e+00   7.49e+00 (  9.26e+01,  9.76e+01)
80      0.348   9.90e-01   9.55e-01   5.04e-01   8.44e+00   8.64e+00 (  8.86e+01,  9.35e+01)
85      0.401   1.23e+00   1.13e+00   5.12e-01   9.99e+00   9.42e+00 (  9.54e+01,  8.88e+01)
90      0.313   7.70e-01   1.10e+00   7.22e-01   7.05e+00   9.83e+00 (  9.52e+01,  8.41e+01)
95      2.524   5.17e+00   6.72e+00   5.08e+00   1.61e+02   9.92e+00 (  2.83e+03,  7.98e+01)
21 n: 1.159e-05 e: 1.607e-05 i: 2.106e-06 :: e: 3.495e-02 i: 2.773e-02 :: n: 3.070e+01 e:17.992 i:16.681 v:4.993e+03
>>> tau_he = 5.000000, nhe(0)=2.617055e+00
 5     -0.808   1.99e-03   2.08e-01   1.26e-03  -2.46e-02   6.02e-05 (  4.25e-01,  2.25e+01)
10     -0.996   2.35e-03   2.49e-05  -9.19e-04  -1.64e-01   3.55e-04 (  1.04e+00,  4.37e+01)
15     -1.089   3.13e-02  -2.91e-02  -2.75e-04  -1.16e+00   1.53e-03 (  1.76e+01,  6.29e+01)
20     -0.084   8.20e-02   5.58e-05   2.13e-02  -4.03e-01   5.61e-03 (  4.66e+01,  8.01e+01)
25     -0.008   1.00e-01   5.32e-02   2.82e-02  -6.34e-02   1.80e-02 (  5.82e+01,  9.51e+01)
30     -0.007   1.44e-01   9.89e-02   5.12e-02  -5.80e-02   5.14e-02 (  7.91e+01,  1.07e+02)
35      0.013   1.75e-01   1.29e-01   9.25e-02   1.09e-01   1.32e-01 (  8.98e+01,  1.14e+02)
40      0.027   2.03e-01   1.81e-01   1.20e-01   2.68e-01   3.03e-01 (  9.70e+01,  1.17e+02)
45      0.047   2.23e-01   2.31e-01   1.34e-01   5.80e-01   6.32e-01 (  9.73e+01,  1.17e+02)
50      0.077   2.66e-01   3.16e-01   1.55e-01   1.19e+00   1.19e+00 (  1.01e+02,  1.14e+02)
55      0.101   3.01e-01   4.17e-01   1.92e-01   1.97e+00   2.04e+00 (  9.86e+01,  1.10e+02)
60      0.139   3.66e-01   5.12e-01   2.54e-01   3.13e+00   3.20e+00 (  9.85e+01,  1.07e+02)
65      0.188   4.59e-01   6.06e-01   3.63e-01   4.49e+00   4.60e+00 (  9.62e+01,  1.04e+02)
70      0.247   6.03e-01   7.18e-01   4.35e-01   6.01e+00   6.09e+00 (  9.53e+01,  1.01e+02)
75      0.305   7.89e-01   8.43e-01   4.92e-01   7.47e+00   7.49e+00 (  9.36e+01,  9.76e+01)
80      0.349   9.89e-01   9.59e-01   5.06e-01   8.48e+00   8.64e+00 (  8.96e+01,  9.35e+01)
85      0.402   1.23e+00   1.13e+00   5.14e-01   1.00e+01   9.42e+00 (  9.63e+01,  8.88e+01)
90      0.313   7.70e-01   1.10e+00   7.22e-01   7.05e+00   9.83e+00 (  9.55e+01,  8.41e+01)
95      2.524   5.17e+00   6.72e+00   5.08e+00   1.61e+02   9.92e+00 (  2.83e+03,  7.98e+01)
22 n: 8.742e-06 e: 4.285e-06 i: 8.426e-06 :: e: 3.290e-02 i: 2.766e-02 :: n: 3.075e+01 e:17.952 i:16.733 v:4.993e+03
>>> tau_he = 5.000000, nhe(0)=2.633932e+00
 5     -0.811   2.01e-03   2.09e-01   1.26e-03  -2.47e-02   6.02e-05 (  4.30e-01,  2.25e+01)
10     -0.999   2.38e-03   6.75e-05  -9.45e-04  -1.65e-01   3.55e-04 (  1.05e+00,  4.37e+01)
15     -1.085   3.12e-02  -2.91e-02  -3.33e-04  -1.16e+00   1.53e-03 (  1.75e+01,  6.29e+01)
20     -0.081   8.20e-02   3.84e-04   2.12e-02  -3.93e-01   5.61e-03 (  4.64e+01,  8.01e+01)
25      0.001   1.02e-01   5.05e-02   2.53e-02   6.56e-03   1.80e-02 (  5.88e+01,  9.51e+01)
30      0.009   1.43e-01   9.51e-02   4.86e-02   7.64e-02   5.14e-02 (  7.78e+01,  1.07e+02)
35      0.014   1.74e-01   1.28e-01   9.15e-02   1.17e-01   1.32e-01 (  8.90e+01,  1.14e+02)
40      0.027   2.02e-01   1.80e-01   1.19e-01   2.73e-01   3.03e-01 (  9.62e+01,  1.17e+02)
45      0.047   2.22e-01   2.30e-01   1.33e-01   5.82e-01   6.32e-01 (  9.66e+01,  1.17e+02)
50      0.077   2.65e-01   3.14e-01   1.55e-01   1.19e+00   1.19e+00 (  1.01e+02,  1.14e+02)
55      0.100   2.99e-01   4.15e-01   1.94e-01   1.96e+00   2.04e+00 (  9.76e+01,  1.10e+02)
60      0.138   3.64e-01   5.10e-01   2.53e-01   3.11e+00   3.20e+00 (  9.75e+01,  1.07e+02)
65      0.188   4.57e-01   6.05e-01   3.62e-01   4.47e+00   4.60e+00 (  9.57e+01,  1.04e+02)
70      0.246   6.01e-01   7.18e-01   4.35e-01   5.99e+00   6.09e+00 (  9.50e+01,  1.01e+02)
75      0.304   7.87e-01   8.42e-01   4.93e-01   7.45e+00   7.49e+00 (  9.35e+01,  9.76e+01)
80      0.348   9.87e-01   9.60e-01   5.07e-01   8.47e+00   8.64e+00 (  8.97e+01,  9.35e+01)
85      0.401   1.23e+00   1.13e+00   5.16e-01   1.00e+01   9.42e+00 (  9.64e+01,  8.88e+01)
90      0.314   7.70e-01   1.10e+00   7.24e-01   7.06e+00   9.83e+00 (  9.57e+01,  8.41e+01)
95      2.524   5.17e+00   6.72e+00   5.08e+00   1.61e+02   9.92e+00 (  2.83e+03,  7.98e+01)
23 n: 6.935e-06 e: 8.896e-06 i: 2.092e-06 :: e: 2.992e-02 i: 2.334e-02 :: n: 3.069e+01 e:18.009 i:16.721 v:4.993e+03
>>> tau_he = 5.000000, nhe(0)=2.622402e+00
 5     -0.816   2.00e-03   2.09e-01   1.26e-03  -2.49e-02   6.02e-05 (  4.32e-01,  2.25e+01)
10     -1.017   2.50e-03   6.79e-05  -9.42e-04  -1.68e-01   3.55e-04 (  1.11e+00,  4.37e+01)
15     -1.092   3.15e-02  -2.92e-02  -4.98e-04  -1.16e+00   1.53e-03 (  1.77e+01,  6.29e+01)
20     -0.082   8.28e-02   1.95e-03   2.27e-02  -3.94e-01   5.61e-03 (  4.69e+01,  8.01e+01)
25     -0.005   9.98e-02   5.29e-02   2.68e-02  -3.76e-02   1.80e-02 (  5.78e+01,  9.51e+01)
30     -0.008   1.45e-01   9.91e-02   5.17e-02  -6.21e-02   5.14e-02 (  7.91e+01,  1.07e+02)
35      0.013   1.75e-01   1.30e-01   9.30e-02   1.08e-01   1.32e-01 (  8.98e+01,  1.14e+02)
40      0.027   2.03e-01   1.82e-01   1.20e-01   2.70e-01   3.03e-01 (  9.69e+01,  1.17e+02)
45      0.047   2.23e-01   2.31e-01   1.34e-01   5.79e-01   6.32e-01 (  9.72e+01,  1.17e+02)
50      0.077   2.66e-01   3.16e-01   1.56e-01   1.18e+00   1.19e+00 (  1.01e+02,  1.14e+02)
55      0.100   3.00e-01   4.16e-01   1.95e-01   1.95e+00   2.04e+00 (  9.82e+01,  1.10e+02)
60      0.138   3.65e-01   5.11e-01   2.54e-01   3.10e+00   3.20e+00 (  9.81e+01,  1.07e+02)
65      0.188   4.59e-01   6.06e-01   3.63e-01   4.48e+00   4.60e+00 (  9.65e+01,  1.04e+02)
70      0.247   6.03e-01   7.20e-01   4.37e-01   6.00e+00   6.09e+00 (  9.59e+01,  1.01e+02)
75      0.305   7.87e-01   8.45e-01   4.94e-01   7.46e+00   7.49e+00 (  9.43e+01,  9.76e+01)
80      0.349   9.86e-01   9.63e-01   5.09e-01   8.49e+00   8.64e+00 (  9.05e+01,  9.35e+01)
85      0.402   1.22e+00   1.13e+00   5.17e-01   1.00e+01   9.42e+00 (  9.72e+01,  8.88e+01)
90      0.314   7.70e-01   1.10e+00   7.25e-01   7.06e+00   9.83e+00 (  9.60e+01,  8.41e+01)
95      2.524   5.17e+00   6.72e+00   5.08e+00   1.61e+02   9.92e+00 (  2.83e+03,  7.98e+01)
24 n: 5.408e-06 e: 4.339e-06 i: 4.303e-06 :: e: 2.802e-02 i: 2.293e-02 :: n: 3.075e+01 e:17.966 i:16.757 v:4.993e+03
>>> tau_he = 5.000000, nhe(0)=2.636988e+00
 5     -0.818   2.02e-03   2.10e-01   1.27e-03  -2.49e-02   6.02e-05 (  4.36e-01,  2.25e+01)
10     -1.019   2.52e-03   1.06e-04  -9.65e-04  -1.68e-01   3.55e-04 (  1.12e+00,  4.37e+01)
15     -1.087   3.14e-02  -2.92e-02  -5.28e-04  -1.16e+00   1.53e-03 (  1.76e+01,  6.29e+01)
20     -0.079   8.26e-02   2.06e-03   2.24e-02  -3.85e-01   5.61e-03 (  4.67e+01,  8.01e+01)
25      0.003   1.01e-01   5.04e-02   2.40e-02   2.96e-02   1.80e-02 (  5.85e+01,  9.51e+01)
30      0.009   1.43e-01   9.53e-02   4.90e-02   7.35e-02   5.14e-02 (  7.78e+01,  1.07e+02)
35      0.013   1.74e-01   1.29e-01   9.20e-02   1.16e-01   1.32e-01 (  8.89e+01,  1.14e+02)
40      0.027   2.02e-01   1.80e-01   1.19e-01   2.74e-01   3.03e-01 (  9.60e+01,  1.17e+02)
45      0.047   2.23e-01   2.30e-01   1.34e-01   5.80e-01   6.32e-01 (  9.67e+01,  1.17e+02)
50      0.077   2.65e-01   3.14e-01   1.56e-01   1.18e+00   1.19e+00 (  1.01e+02,  1.14e+02)
55      0.100   2.99e-01   4.14e-01   1.94e-01   1.94e+00   2.04e+00 (  9.73e+01,  1.10e+02)
60      0.138   3.63e-01   5.09e-01   2.52e-01   3.08e+00   3.20e+00 (  9.72e+01,  1.07e+02)
65      0.188   4.57e-01   6.05e-01   3.62e-01   4.46e+00   4.60e+00 (  9.59e+01,  1.04e+02)
70      0.246   6.01e-01   7.20e-01   4.36e-01   5.99e+00   6.09e+00 (  9.55e+01,  1.01e+02)
75      0.304   7.85e-01   8.44e-01   4.94e-01   7.45e+00   7.49e+00 (  9.41e+01,  9.76e+01)
80      0.349   9.84e-01   9.63e-01   5.10e-01   8.49e+00   8.64e+00 (  9.05e+01,  9.35e+01)
85      0.402   1.22e+00   1.13e+00   5.19e-01   1.00e+01   9.42e+00 (  9.72e+01,  8.88e+01)
90      0.314   7.71e-01   1.10e+00   7.26e-01   7.07e+00   9.83e+00 (  9.61e+01,  8.41e+01)
95      2.524   5.17e+00   6.72e+00   5.08e+00   1.61e+02   9.92e+00 (  2.83e+03,  7.98e+01)
25 n: 4.406e-06 e: 4.852e-06 i: 2.067e-06 :: e: 2.524e-02 i: 1.893e-02 :: n: 3.065e+01 e:18.007 i:16.739 v:4.993e+03
>>> tau_he = 5.000000, nhe(0)=2.619476e+00
 5     -0.821   2.01e-03   2.10e-01   1.27e-03  -2.50e-02   6.02e-05 (  4.35e-01,  2.25e+01)
10     -1.033   2.62e-03   1.04e-04  -9.52e-04  -1.70e-01   3.55e-04 (  1.17e+00,  4.37e+01)
15     -1.092   3.16e-02  -2.92e-02  -6.53e-04  -1.16e+00   1.53e-03 (  1.77e+01,  6.29e+01)
20     -0.084   8.34e-02   3.65e-03   2.46e-02  -3.99e-01   5.61e-03 (  4.71e+01,  8.01e+01)
25     -0.009   1.01e-01   5.36e-02   2.88e-02  -6.88e-02   1.80e-02 (  5.82e+01,  9.51e+01)
30     -0.007   1.44e-01   9.89e-02   5.13e-02  -5.62e-02   5.14e-02 (  7.89e+01,  1.07e+02)
35      0.013   1.75e-01   1.30e-01   9.31e-02   1.11e-01   1.32e-01 (  8.95e+01,  1.14e+02)
40      0.027   2.03e-01   1.82e-01   1.20e-01   2.72e-01   3.03e-01 (  9.65e+01,  1.17e+02)
45      0.047   2.23e-01   2.31e-01   1.34e-01   5.79e-01   6.32e-01 (  9.71e+01,  1.17e+02)
50      0.077   2.66e-01   3.15e-01   1.57e-01   1.18e+00   1.19e+00 (  1.01e+02,  1.14e+02)
55      0.100   3.00e-01   4.15e-01   1.95e-01   1.94e+00   2.04e+00 (  9.77e+01,  1.10e+02)
60      0.138   3.64e-01   5.09e-01   2.53e-01   3.08e+00   3.20e+00 (  9.76e+01,  1.07e+02)
65      0.188   4.59e-01   6.06e-01   3.63e-01   4.46e+00   4.60e+00 (  9.66e+01,  1.04e+02)
70      0.247   6.03e-01   7.21e-01   4.37e-01   6.00e+00   6.09e+00 (  9.62e+01,  1.01e+02)
75      0.305   7.86e-01   8.46e-01   4.95e-01   7.46e+00   7.49e+00 (  9.48e+01,  9.76e+01)
80      0.349   9.84e-01   9.65e-01   5.11e-01   8.51e+00   8.64e+00 (  9.12e+01,  9.35e+01)
85      0.402   1.22e+00   1.13e+00   5.20e-01   1.00e+01   9.42e+00 (  9.78e+01,  8.88e+01)
90      0.314   7.70e-01   1.10e+00   7.26e-01   7.06e+00   9.83e+00 (  9.63e+01,  8.41e+01)
95      2.524   5.17e+00   6.72e+00   5.08e+00   1.61e+02   9.92e+00 (  2.83e+03,  7.98e+01)
26 n: 3.384e-06 e: 5.359e-06 i: 1.988e-06 :: e: 2.345e-02 i: 1.855e-02 :: n: 3.070e+01 e:17.954 i:16.759 v:4.993e+03
>>> tau_he = 5.000000, nhe(0)=2.631166e+00
 5     -0.821   2.02e-03   2.11e-01   1.27e-03  -2.50e-02   6.02e-05 (  4.38e-01,  2.25e+01)
10     -1.031   2.62e-03   1.37e-04  -9.70e-04  -1.70e-01   3.55e-04 (  1.17e+00,  4.37e+01)
15     -0.818   3.17e-02  -3.38e-02  -3.90e-03  -8.72e-01   1.53e-03 (  1.77e+01,  6.29e+01)
20     -0.080   8.31e-02   3.53e-03   2.40e-02  -3.87e-01   5.61e-03 (  4.68e+01,  8.01e+01)
25     -0.002   9.88e-02   5.20e-02   2.55e-02  -1.70e-02   1.80e-02 (  5.69e+01,  9.51e+01)
30      0.009   1.43e-01   9.51e-02   4.88e-02   7.72e-02   5.14e-02 (  7.74e+01,  1.07e+02)
35      0.014   1.74e-01   1.29e-01   9.23e-02   1.17e-01   1.32e-01 (  8.85e+01,  1.14e+02)
40      0.027   2.02e-01   1.80e-01   1.19e-01   2.75e-01   3.03e-01 (  9.56e+01,  1.17e+02)
45      0.047   2.22e-01   2.29e-01   1.34e-01   5.80e-01   6.32e-01 (  9.62e+01,  1.17e+02)
50      0.077   2.65e-01   3.13e-01   1.56e-01   1.17e+00   1.19e+00 (  1.00e+02,  1.14e+02)
55      0.100   2.98e-01   4.13e-01   1.94e-01   1.93e+00   2.04e+00 (  9.68e+01,  1.10e+02)
60      0.137   3.62e-01   5.07e-01   2.52e-01   3.06e+00   3.20e+00 (  9.67e+01,  1.07e+02)
65      0.187   4.57e-01   6.04e-01   3.62e-01   4.45e+00   4.60e+00 (  9.60e+01,  1.04e+02)
70      0.246   6.01e-01   7.20e-01   4.37e-01   5.98e+00   6.09e+00 (  9.58e+01,  1.01e+02)
75      0.304   7.84e-01   8.45e-01   4.94e-01   7.44e+00   7.49e+00 (  9.45e+01,  9.76e+01)
80      0.349   9.83e-01   9.65e-01   5.12e-01   8.50e+00   8.64e+00 (  9.11e+01,  9.35e+01)
85      0.402   1.22e+00   1.13e+00   5.21e-01   1.00e+01   9.42e+00 (  9.78e+01,  8.88e+01)
90      0.314   7.71e-01   1.10e+00   7.28e-01   7.07e+00   9.83e+00 (  9.63e+01,  8.41e+01)
95      2.524   5.17e+00   6.72e+00   5.08e+00   1.61e+02   9.92e+00 (  2.83e+03,  7.98e+01)
27 n: 2.565e-06 e: 2.315e-06 i: 2.802e-06 :: e: 2.035e-02 i: 1.542e-02 :: n: 3.065e+01 e:17.980 i:16.730 v:4.993e+03
>>> tau_he = 5.000000, nhe(0)=2.618792e+00
 5     -0.821   2.01e-03   2.10e-01   1.27e-03  -2.50e-02   6.02e-05 (  4.37e-01,  2.25e+01)
10     -1.040   2.68e-03   1.33e-04  -9.61e-04  -1.72e-01   3.55e-04 (  1.19e+00,  4.37e+01)
15     -0.817   3.16e-02  -3.38e-02  -3.89e-03  -8.72e-01   1.53e-03 (  1.77e+01,  6.29e+01)
20     -0.088   8.51e-02   2.98e-02   1.86e-02  -4.24e-01   5.61e-03 (  4.78e+01,  8.01e+01)
25     -0.003   9.93e-02   5.27e-02   2.63e-02  -2.62e-02   1.80e-02 (  5.72e+01,  9.51e+01)
30     -0.008   1.44e-01   9.88e-02   5.20e-02  -6.20e-02   5.14e-02 (  7.85e+01,  1.07e+02)
35      0.013   1.74e-01   1.30e-01   9.38e-02   1.08e-01   1.32e-01 (  8.89e+01,  1.14e+02)
40      0.027   2.02e-01   1.81e-01   1.20e-01   2.72e-01   3.03e-01 (  9.58e+01,  1.17e+02)
45      0.047   2.23e-01   2.30e-01   1.34e-01   5.78e-01   6.32e-01 (  9.64e+01,  1.17e+02)
50      0.077   2.63e-01   3.14e-01   1.57e-01   1.17e+00   1.19e+00 (  9.94e+01,  1.14e+02)
55      0.100   2.99e-01   4.13e-01   1.95e-01   1.93e+00   2.04e+00 (  9.70e+01,  1.10e+02)
60      0.137   3.62e-01   5.07e-01   2.52e-01   3.06e+00   3.20e+00 (  9.69e+01,  1.07e+02)
65      0.188   4.58e-01   6.05e-01   3.63e-01   4.45e+00   4.60e+00 (  9.64e+01,  1.04e+02)
70      0.247   6.03e-01   7.21e-01   4.37e-01   5.99e+00   6.09e+00 (  9.63e+01,  1.01e+02)
75      0.305   7.85e-01   8.46e-01   4.95e-01   7.45e+00   7.49e+00 (  9.50e+01,  9.76e+01)
80      0.350   9.83e-01   9.67e-01   5.12e-01   8.52e+00   8.64e+00 (  9.16e+01,  9.35e+01)
85      0.402   1.22e+00   1.14e+00   5.21e-01   1.01e+01   9.42e+00 (  9.83e+01,  8.88e+01)
90      0.314   7.70e-01   1.10e+00   7.27e-01   7.07e+00   9.83e+00 (  9.64e+01,  8.41e+01)
95      2.524   5.17e+00   6.72e+00   5.08e+00   1.61e+02   9.92e+00 (  2.83e+03,  7.98e+01)
28 n: 2.125e-06 e: 5.320e-06 i: 2.438e-06 :: e: 1.877e-02 i: 1.699e-02 :: n: 3.071e+01 e:17.927 i:16.730 v:4.993e+03
>>> tau_he = 5.000000, nhe(0)=2.627417e+00
 5     -0.820   2.02e-03   2.10e-01   1.27e-03  -2.50e-02   6.02e-05 (  4.38e-01,  2.25e+01)
10     -1.040   2.64e-03   1.72e-04  -9.87e-04  -1.72e-01   3.55e-04 (  1.17e+00,  4.37e+01)
15     -0.808   3.14e-02  -3.37e-02  -3.83e-03  -8.63e-01   1.53e-03 (  1.75e+01,  6.29e+01)
20     -0.076   8.21e-02   2.10e-03   2.25e-02  -3.70e-01   5.61e-03 (  4.60e+01,  8.01e+01)
25      0.004   1.00e-01   5.00e-02   2.35e-02   3.89e-02   1.80e-02 (  5.77e+01,  9.51e+01)
30     -0.000   1.42e-01   9.68e-02   4.73e-02  -4.16e-03   5.14e-02 (  7.70e+01,  1.07e+02)
35      0.014   1.73e-01   1.29e-01   9.29e-02   1.16e-01   1.32e-01 (  8.79e+01,  1.14e+02)
40      0.027   2.02e-01   1.80e-01   1.20e-01   2.75e-01   3.03e-01 (  9.49e+01,  1.17e+02)
45      0.047   2.21e-01   2.29e-01   1.34e-01   5.79e-01   6.32e-01 (  9.55e+01,  1.17e+02)
50      0.077   2.62e-01   3.12e-01   1.56e-01   1.17e+00   1.19e+00 (  9.85e+01,  1.14e+02)
55      0.100   2.97e-01   4.11e-01   1.94e-01   1.92e+00   2.04e+00 (  9.61e+01,  1.10e+02)
60      0.137   3.61e-01   5.05e-01   2.51e-01   3.05e+00   3.20e+00 (  9.61e+01,  1.07e+02)
65      0.187   4.57e-01   6.03e-01   3.62e-01   4.44e+00   4.60e+00 (  9.57e+01,  1.04e+02)
70      0.246   6.01e-01   7.20e-01   4.37e-01   5.97e+00   6.09e+00 (  9.59e+01,  1.01e+02)
75      0.304   7.84e-01   8.45e-01   4.94e-01   7.44e+00   7.49e+00 (  9.47e+01,  9.76e+01)
80      0.349   9.82e-01   9.67e-01   5.12e-01   8.51e+00   8.64e+00 (  9.15e+01,  9.35e+01)
85      0.402   1.22e+00   1.14e+00   5.22e-01   1.01e+01   9.42e+00 (  9.83e+01,  8.88e+01)
90      0.314   7.71e-01   1.11e+00   7.28e-01   7.07e+00   9.83e+00 (  9.64e+01,  8.41e+01)
95      2.524   5.17e+00   6.72e+00   5.08e+00   1.61e+02   9.92e+00 (  2.83e+03,  7.98e+01)
29 n: 1.655e-06 e: 9.402e-07 i: 2.980e-06 :: e: 1.589e-02 i: 1.209e-02 :: n: 3.068e+01 e:17.935 i:16.700 v:4.993e+03
>>> tau_he = 5.000000, nhe(0)=2.617373e+00
 5     -0.819   2.01e-03   2.10e-01   1.27e-03  -2.50e-02   6.02e-05 (  4.37e-01,  2.25e+01)
10     -1.039   2.64e-03   1.56e-04  -9.72e-04  -1.71e-01   3.55e-04 (  1.17e+00,  4.37e+01)
15     -0.805   3.12e-02  -3.36e-02  -3.76e-03  -8.59e-01   1.53e-03 (  1.74e+01,  6.29e+01)
20     -0.082   8.25e-02   3.17e-03   2.45e-02  -3.87e-01   5.61e-03 (  4.61e+01,  8.01e+01)
25     -0.004   9.90e-02   5.24e-02   2.68e-02  -3.57e-02   1.80e-02 (  5.69e+01,  9.51e+01)
30      0.012   1.41e-01   9.49e-02   4.61e-02   1.09e-01   5.14e-02 (  7.65e+01,  1.07e+02)
35      0.013   1.74e-01   1.29e-01   9.37e-02   1.13e-01   1.32e-01 (  8.81e+01,  1.14e+02)
40      0.027   2.02e-01   1.81e-01   1.21e-01   2.71e-01   3.03e-01 (  9.51e+01,  1.17e+02)
45      0.047   2.22e-01   2.30e-01   1.34e-01   5.76e-01   6.32e-01 (  9.56e+01,  1.17e+02)
50      0.077   2.62e-01   3.13e-01   1.57e-01   1.16e+00   1.19e+00 (  9.86e+01,  1.14e+02)
55      0.099   2.97e-01   4.12e-01   1.94e-01   1.91e+00   2.04e+00 (  9.62e+01,  1.10e+02)
60      0.137   3.61e-01   5.05e-01   2.51e-01   3.04e+00   3.20e+00 (  9.62e+01,  1.07e+02)
65      0.187   4.58e-01   6.04e-01   3.62e-01   4.44e+00   4.60e+00 (  9.60e+01,  1.04e+02)
70      0.247   6.02e-01   7.20e-01   4.37e-01   5.98e+00   6.09e+00 (  9.62e+01,  1.01e+02)
75      0.305   7.85e-01   8.46e-01   4.95e-01   7.45e+00   7.49e+00 (  9.51e+01,  9.76e+01)
80      0.350   9.83e-01   9.68e-01   5.13e-01   8.53e+00   8.64e+00 (  9.19e+01,  9.35e+01)
85      0.403   1.22e+00   1.14e+00   5.22e-01   1.01e+01   9.42e+00 (  9.87e+01,  8.88e+01)
90      0.314   7.70e-01   1.10e+00   7.28e-01   7.07e+00   9.83e+00 (  9.65e+01,  8.41e+01)
95      2.524   5.17e+00   6.72e+00   5.08e+00   1.61e+02   9.92e+00 (  2.83e+03,  7.98e+01)
30 n: 2.213e-06 e: 4.165e-06 i: 4.057e-07 :: e: 1.404e-02 i: 1.153e-02 :: n: 3.062e+01 e:17.888 i:16.702 v:4.993e+03
>>> tau_he = 5.000000, nhe(0)=2.608742e+00
 5     -0.814   2.01e-03   2.10e-01   1.27e-03  -2.48e-02   6.02e-05 (  4.35e-01,  2.25e+01)
10     -1.031   2.61e-03   1.61e-04  -9.56e-04  -1.70e-01   3.55e-04 (  1.16e+00,  4.37e+01)
15     -0.795   3.09e-02  -3.33e-02  -3.58e-03  -8.49e-01   1.53e-03 (  1.71e+01,  6.29e+01)
20     -0.078   8.22e-02   3.25e-03   2.42e-02  -3.74e-01   5.61e-03 (  4.57e+01,  8.01e+01)
25     -0.007   9.92e-02   5.24e-02   2.78e-02  -5.12e-02   1.80e-02 (  5.67e+01,  9.51e+01)
30     -0.002   1.47e-01   9.53e-02   5.19e-02  -1.34e-02   5.14e-02 (  7.93e+01,  1.07e+02)
35      0.013   1.73e-01   1.29e-01   9.34e-02   1.14e-01   1.32e-01 (  8.75e+01,  1.14e+02)
40      0.028   2.00e-01   1.80e-01   1.19e-01   2.78e-01   3.03e-01 (  9.40e+01,  1.17e+02)
45      0.047   2.21e-01   2.28e-01   1.34e-01   5.79e-01   6.32e-01 (  9.48e+01,  1.17e+02)
50      0.077   2.61e-01   3.11e-01   1.56e-01   1.16e+00   1.19e+00 (  9.77e+01,  1.14e+02)
55      0.099   2.96e-01   4.10e-01   1.94e-01   1.91e+00   2.04e+00 (  9.54e+01,  1.10e+02)
60      0.136   3.59e-01   5.04e-01   2.50e-01   3.04e+00   3.20e+00 (  9.55e+01,  1.07e+02)
65      0.187   4.56e-01   6.02e-01   3.61e-01   4.44e+00   4.60e+00 (  9.54e+01,  1.04e+02)
70      0.246   6.01e-01   7.19e-01   4.36e-01   5.97e+00   6.09e+00 (  9.58e+01,  1.01e+02)
75      0.305   7.84e-01   8.45e-01   4.94e-01   7.44e+00   7.49e+00 (  9.48e+01,  9.76e+01)
80      0.350   9.83e-01   9.67e-01   5.13e-01   8.52e+00   8.64e+00 (  9.18e+01,  9.35e+01)
85      0.402   1.22e+00   1.14e+00   5.23e-01   1.01e+01   9.42e+00 (  9.86e+01,  8.88e+01)
90      0.314   7.71e-01   1.11e+00   7.28e-01   7.07e+00   9.83e+00 (  9.65e+01,  8.41e+01)
95      2.524   5.17e+00   6.72e+00   5.08e+00   1.61e+02   9.92e+00 (  2.83e+03,  7.98e+01)
31 n: 1.136e-06 e: 5.736e-07 i: 3.478e-06 :: e: 1.249e-02 i: 9.062e-03 :: n: 3.068e+01 e:17.881 i:16.668 v:4.993e+03
>>> tau_he = 5.000000, nhe(0)=2.610903e+00
 5     -0.813   2.01e-03   2.09e-01   1.27e-03  -2.48e-02   6.02e-05 (  4.35e-01,  2.25e+01)
10     -1.028   2.60e-03   1.55e-04  -9.56e-04  -1.70e-01   3.55e-04 (  1.16e+00,  4.37e+01)
15     -0.791   3.08e-02  -3.33e-02  -3.52e-03  -8.45e-01   1.53e-03 (  1.70e+01,  6.29e+01)
20     -0.076   8.21e-02   3.63e-03   2.42e-02  -3.66e-01   5.61e-03 (  4.57e+01,  8.01e+01)
25     -0.000   9.77e-02   5.17e-02   2.51e-02  -3.68e-03   1.80e-02 (  5.58e+01,  9.51e+01)
30      0.009   1.45e-01   9.34e-02   4.86e-02   7.54e-02   5.14e-02 (  7.81e+01,  1.07e+02)
35      0.013   1.73e-01   1.29e-01   9.39e-02   1.14e-01   1.32e-01 (  8.71e+01,  1.14e+02)
40      0.027   2.00e-01   1.80e-01   1.20e-01   2.75e-01   3.03e-01 (  9.39e+01,  1.17e+02)
45      0.047   2.21e-01   2.29e-01   1.34e-01   5.76e-01   6.32e-01 (  9.46e+01,  1.17e+02)
50      0.077   2.61e-01   3.11e-01   1.57e-01   1.15e+00   1.19e+00 (  9.76e+01,  1.14e+02)
55      0.099   2.96e-01   4.10e-01   1.94e-01   1.91e+00   2.04e+00 (  9.53e+01,  1.10e+02)
60      0.136   3.59e-01   5.04e-01   2.50e-01   3.04e+00   3.20e+00 (  9.54e+01,  1.07e+02)
65      0.187   4.57e-01   6.02e-01   3.62e-01   4.44e+00   4.60e+00 (  9.56e+01,  1.04e+02)
70      0.246   6.02e-01   7.19e-01   4.36e-01   5.97e+00   6.09e+00 (  9.60e+01,  1.01e+02)
75      0.305   7.85e-01   8.45e-01   4.94e-01   7.44e+00   7.49e+00 (  9.50e+01,  9.76e+01)
80      0.350   9.83e-01   9.68e-01   5.12e-01   8.53e+00   8.64e+00 (  9.21e+01,  9.35e+01)
85      0.403   1.22e+00   1.14e+00   5.23e-01   1.01e+01   9.42e+00 (  9.89e+01,  8.88e+01)
90      0.314   7.70e-01   1.10e+00   7.28e-01   7.06e+00   9.83e+00 (  9.65e+01,  8.41e+01)
95      2.524   5.17e+00   6.72e+00   5.08e+00   1.61e+02   9.92e+00 (  2.83e+03,  7.98e+01)
32 n: 8.437e-07 e: 3.087e-06 i: 2.505e-07 :: e: 1.049e-02 i: 8.488e-03 :: n: 3.063e+01 e:17.843 i:16.663 v:4.993e+03
>>> tau_he = 5.000000, nhe(0)=2.603767e+00
 5     -0.809   2.00e-03   2.09e-01   1.27e-03  -2.47e-02   6.02e-05 (  4.33e-01,  2.25e+01)
10     -1.021   2.59e-03   1.55e-04  -9.40e-04  -1.69e-01   3.55e-04 (  1.15e+00,  4.37e+01)
15     -0.784   3.06e-02  -3.30e-02  -3.35e-03  -8.37e-01   1.53e-03 (  1.69e+01,  6.29e+01)
20     -0.073   8.18e-02   3.57e-03   2.38e-02  -3.57e-01   5.61e-03 (  4.53e+01,  8.01e+01)
25     -0.003   9.78e-02   5.16e-02   2.52e-02  -2.33e-02   1.80e-02 (  5.57e+01,  9.51e+01)
30     -0.002   1.46e-01   9.53e-02   5.27e-02  -1.53e-02   5.14e-02 (  7.84e+01,  1.07e+02)
35      0.013   1.72e-01   1.29e-01   9.42e-02   1.11e-01   1.32e-01 (  8.67e+01,  1.14e+02)
40      0.028   2.00e-01   1.79e-01   1.20e-01   2.76e-01   3.03e-01 (  9.33e+01,  1.17e+02)
45      0.047   2.20e-01   2.28e-01   1.34e-01   5.77e-01   6.32e-01 (  9.39e+01,  1.17e+02)
50      0.076   2.60e-01   3.10e-01   1.56e-01   1.15e+00   1.19e+00 (  9.68e+01,  1.14e+02)
55      0.099   2.95e-01   4.08e-01   1.93e-01   1.90e+00   2.04e+00 (  9.46e+01,  1.10e+02)
60      0.136   3.58e-01   5.02e-01   2.50e-01   3.03e+00   3.20e+00 (  9.47e+01,  1.07e+02)
65      0.187   4.56e-01   6.00e-01   3.61e-01   4.43e+00   4.60e+00 (  9.50e+01,  1.04e+02)
70      0.246   6.01e-01   7.17e-01   4.36e-01   5.96e+00   6.09e+00 (  9.55e+01,  1.01e+02)
75      0.304   7.84e-01   8.44e-01   4.93e-01   7.43e+00   7.49e+00 (  9.47e+01,  9.76e+01)
80      0.350   9.83e-01   9.68e-01   5.12e-01   8.53e+00   8.64e+00 (  9.19e+01,  9.35e+01)
85      0.403   1.22e+00   1.14e+00   5.23e-01   1.01e+01   9.42e+00 (  9.88e+01,  8.88e+01)
90      0.314   7.70e-01   1.10e+00   7.28e-01   7.07e+00   9.83e+00 (  9.64e+01,  8.41e+01)
95      2.524   5.17e+00   6.72e+00   5.08e+00   1.61e+02   9.92e+00 (  2.83e+03,  7.98e+01)
33 n: 8.193e-07 e: 3.941e-07 i: 2.624e-06 :: e: 8.875e-03 i: 6.239e-03 :: n: 3.070e+01 e:17.833 i:16.634 v:4.993e+03
>>> tau_he = 5.000000, nhe(0)=2.607525e+00
 5     -0.807   2.00e-03   2.09e-01   1.27e-03  -2.47e-02   6.02e-05 (  4.33e-01,  2.25e+01)
10     -1.016   2.56e-03   1.51e-04  -9.42e-04  -1.68e-01   3.55e-04 (  1.14e+00,  4.37e+01)
15     -0.780   3.04e-02  -3.30e-02  -3.30e-03  -8.34e-01   1.53e-03 (  1.68e+01,  6.29e+01)
20     -0.072   8.16e-02   3.82e-03   2.38e-02  -3.52e-01   5.61e-03 (  4.53e+01,  8.01e+01)
25      0.005   9.91e-02   4.98e-02   2.27e-02   3.95e-02   1.80e-02 (  5.65e+01,  9.51e+01)
30      0.009   1.44e-01   9.33e-02   4.92e-02   7.41e-02   5.14e-02 (  7.73e+01,  1.07e+02)
35      0.013   1.72e-01   1.29e-01   9.44e-02   1.13e-01   1.32e-01 (  8.64e+01,  1.14e+02)
40      0.028   1.98e-01   1.80e-01   1.20e-01   2.77e-01   3.03e-01 (  9.23e+01,  1.17e+02)
45      0.047   2.20e-01   2.28e-01   1.34e-01   5.75e-01   6.32e-01 (  9.38e+01,  1.17e+02)
50      0.076   2.60e-01   3.10e-01   1.56e-01   1.15e+00   1.19e+00 (  9.66e+01,  1.14e+02)
55      0.099   2.94e-01   4.08e-01   1.93e-01   1.90e+00   2.04e+00 (  9.44e+01,  1.10e+02)
60      0.136   3.58e-01   5.02e-01   2.50e-01   3.03e+00   3.20e+00 (  9.46e+01,  1.07e+02)
65      0.187   4.56e-01   6.00e-01   3.61e-01   4.43e+00   4.60e+00 (  9.50e+01,  1.04e+02)
70      0.246   6.02e-01   7.17e-01   4.35e-01   5.97e+00   6.09e+00 (  9.56e+01,  1.01e+02)
75      0.305   7.85e-01   8.44e-01   4.93e-01   7.44e+00   7.49e+00 (  9.49e+01,  9.76e+01)
80      0.350   9.84e-01   9.68e-01   5.12e-01   8.54e+00   8.64e+00 (  9.21e+01,  9.35e+01)
85      0.403   1.22e+00   1.14e+00   5.22e-01   1.01e+01   9.42e+00 (  9.89e+01,  8.88e+01)
90      0.314   7.70e-01   1.10e+00   7.27e-01   7.06e+00   9.83e+00 (  9.64e+01,  8.41e+01)
95      2.524   5.17e+00   6.72e+00   5.08e+00   1.61e+02   9.92e+00 (  2.83e+03,  7.98e+01)
34 n: 1.066e-06 e: 2.087e-06 i: 2.341e-07 :: e: 7.340e-03 i: 5.656e-03 :: n: 3.059e+01 e:17.803 i:16.628 v:4.993e+03
>>> tau_he = 5.000000, nhe(0)=2.591177e+00
 5     -0.804   2.00e-03   2.08e-01   1.28e-03  -2.45e-02   6.02e-05 (  4.30e-01,  2.25e+01)
10     -1.012   2.56e-03   1.47e-04  -9.15e-04  -1.67e-01   3.55e-04 (  1.13e+00,  4.37e+01)
15     -0.910   2.94e-02  -3.18e-02  -3.99e-04  -9.72e-01   1.53e-03 (  1.61e+01,  6.29e+01)
20     -0.086   8.36e-02   2.96e-02   1.90e-02  -4.10e-01   5.61e-03 (  4.61e+01,  8.01e+01)
25     -0.009   9.89e-02   5.27e-02   2.90e-02  -6.84e-02   1.80e-02 (  5.62e+01,  9.51e+01)
30     -0.001   1.45e-01   9.51e-02   5.24e-02  -6.69e-03   5.14e-02 (  7.76e+01,  1.07e+02)
35      0.014   1.71e-01   1.28e-01   9.41e-02   1.14e-01   1.32e-01 (  8.60e+01,  1.14e+02)
40      0.028   1.97e-01   1.79e-01   1.20e-01   2.79e-01   3.03e-01 (  9.19e+01,  1.17e+02)
45      0.047   2.19e-01   2.27e-01   1.34e-01   5.76e-01   6.32e-01 (  9.32e+01,  1.17e+02)
50      0.076   2.58e-01   3.08e-01   1.55e-01   1.14e+00   1.19e+00 (  9.59e+01,  1.14e+02)
55      0.099   2.93e-01   4.07e-01   1.92e-01   1.90e+00   2.04e+00 (  9.38e+01,  1.10e+02)
60      0.136   3.57e-01   5.00e-01   2.49e-01   3.03e+00   3.20e+00 (  9.41e+01,  1.07e+02)
65      0.187   4.55e-01   5.99e-01   3.60e-01   4.43e+00   4.60e+00 (  9.45e+01,  1.04e+02)
70      0.246   6.01e-01   7.16e-01   4.35e-01   5.96e+00   6.09e+00 (  9.53e+01,  1.01e+02)
75      0.305   7.85e-01   8.43e-01   4.93e-01   7.43e+00   7.49e+00 (  9.46e+01,  9.76e+01)
80      0.350   9.84e-01   9.68e-01   5.12e-01   8.53e+00   8.64e+00 (  9.19e+01,  9.35e+01)
85      0.403   1.22e+00   1.14e+00   5.22e-01   1.01e+01   9.42e+00 (  9.88e+01,  8.88e+01)
90      0.314   7.70e-01   1.10e+00   7.27e-01   7.06e+00   9.83e+00 (  9.64e+01,  8.41e+01)
95      2.524   5.17e+00   6.72e+00   5.08e+00   1.61e+02   9.92e+00 (  2.83e+03,  7.98e+01)
35 n: 7.413e-07 e: 9.331e-07 i: 5.080e-06 :: e: 6.289e-03 i: 6.440e-03 :: n: 3.065e+01 e:17.781 i:16.588 v:4.993e+03
>>> tau_he = 5.000000, nhe(0)=2.592809e+00
 5     -0.801   1.99e-03   2.07e-01   1.27e-03  -2.45e-02   6.02e-05 (  4.29e-01,  2.25e+01)
10     -1.012   2.52e-03   1.61e-04  -9.32e-04  -1.67e-01   3.55e-04 (  1.11e+00,  4.37e+01)
15     -0.770   3.02e-02  -3.27e-02  -3.18e-03  -8.23e-01   1.53e-03 (  1.66e+01,  6.29e+01)
20     -0.074   8.08e-02   2.64e-03   2.34e-02  -3.57e-01   5.61e-03 (  4.45e+01,  8.01e+01)
25     -0.004   9.71e-02   5.13e-02   2.56e-02  -2.97e-02   1.80e-02 (  5.51e+01,  9.51e+01)
30      0.010   1.43e-01   9.30e-02   4.89e-02   8.05e-02   5.14e-02 (  7.63e+01,  1.07e+02)
35      0.014   1.71e-01   1.28e-01   9.45e-02   1.15e-01   1.32e-01 (  8.56e+01,  1.14e+02)
40      0.028   1.97e-01   1.79e-01   1.20e-01   2.76e-01   3.03e-01 (  9.17e+01,  1.17e+02)
45      0.047   2.19e-01   2.27e-01   1.34e-01   5.75e-01   6.32e-01 (  9.29e+01,  1.17e+02)
50      0.076   2.58e-01   3.08e-01   1.55e-01   1.14e+00   1.19e+00 (  9.57e+01,  1.14e+02)
55      0.099   2.93e-01   4.07e-01   1.89e-01   1.90e+00   2.04e+00 (  9.37e+01,  1.10e+02)
60      0.136   3.57e-01   5.00e-01   2.49e-01   3.02e+00   3.20e+00 (  9.39e+01,  1.07e+02)
65      0.187   4.55e-01   5.98e-01   3.60e-01   4.43e+00   4.60e+00 (  9.45e+01,  1.04e+02)
70      0.246   6.02e-01   7.16e-01   4.34e-01   5.96e+00   6.09e+00 (  9.53e+01,  1.01e+02)
75      0.305   7.85e-01   8.43e-01   4.92e-01   7.44e+00   7.49e+00 (  9.47e+01,  9.76e+01)
80      0.351   9.85e-01   9.68e-01   5.11e-01   8.54e+00   8.64e+00 (  9.20e+01,  9.35e+01)
85      0.404   1.22e+00   1.14e+00   5.22e-01   1.01e+01   9.42e+00 (  9.89e+01,  8.88e+01)
90      0.314   7.70e-01   1.10e+00   7.27e-01   7.06e+00   9.83e+00 (  9.63e+01,  8.41e+01)
95      2.524   5.17e+00   6.72e+00   5.08e+00   1.61e+02   9.92e+00 (  2.83e+03,  7.98e+01)
36 n: 6.828e-07 e: 2.413e-06 i: 5.377e-07 :: e: 4.850e-03 i: 4.360e-03 :: n: 3.061e+01 e:17.745 i:16.574 v:4.993e+03
>>> tau_he = 5.000000, nhe(0)=2.584097e+00
 5     -0.796   1.99e-03   2.07e-01   1.27e-03  -2.43e-02   6.02e-05 (  4.26e-01,  2.25e+01)
10     -0.999   2.47e-03   1.46e-04  -9.09e-04  -1.65e-01   3.55e-04 (  1.08e+00,  4.37e+01)
15     -0.894   2.90e-02  -3.15e-02  -2.91e-04  -9.56e-01   1.53e-03 (  1.59e+01,  6.29e+01)
20     -0.071   8.05e-02   2.66e-03   2.31e-02  -3.46e-01   5.61e-03 (  4.41e+01,  8.01e+01)
25     -0.005   9.71e-02   5.13e-02   2.62e-02  -3.70e-02   1.80e-02 (  5.49e+01,  9.51e+01)
30     -0.002   1.44e-01   9.50e-02   5.36e-02  -1.33e-02   5.14e-02 (  7.67e+01,  1.07e+02)
35      0.013   1.71e-01   1.28e-01   9.48e-02   1.11e-01   1.32e-01 (  8.53e+01,  1.14e+02)
40      0.028   1.97e-01   1.78e-01   1.20e-01   2.76e-01   3.03e-01 (  9.13e+01,  1.17e+02)
45      0.047   2.18e-01   2.26e-01   1.33e-01   5.75e-01   6.32e-01 (  9.24e+01,  1.17e+02)
50      0.076   2.57e-01   3.07e-01   1.54e-01   1.14e+00   1.19e+00 (  9.51e+01,  1.14e+02)
55      0.098   2.92e-01   4.06e-01   1.88e-01   1.90e+00   2.04e+00 (  9.31e+01,  1.10e+02)
60      0.136   3.56e-01   4.99e-01   2.48e-01   3.02e+00   3.20e+00 (  9.34e+01,  1.07e+02)
65      0.186   4.55e-01   5.97e-01   3.60e-01   4.42e+00   4.60e+00 (  9.41e+01,  1.04e+02)
70      0.246   6.01e-01   7.14e-01   4.34e-01   5.96e+00   6.09e+00 (  9.49e+01,  1.01e+02)
75      0.305   7.85e-01   8.42e-01   4.92e-01   7.43e+00   7.49e+00 (  9.44e+01,  9.76e+01)
80      0.350   9.85e-01   9.67e-01   5.11e-01   8.54e+00   8.64e+00 (  9.18e+01,  9.35e+01)
85      0.404   1.22e+00   1.14e+00   5.22e-01   1.01e+01   9.42e+00 (  9.88e+01,  8.88e+01)
90      0.314   7.70e-01   1.10e+00   7.26e-01   7.06e+00   9.83e+00 (  9.62e+01,  8.41e+01)
95      2.524   5.17e+00   6.72e+00   5.08e+00   1.61e+02   9.92e+00 (  2.83e+03,  7.98e+01)
37 n: 6.895e-07 e: 7.228e-07 i: 2.059e-06 :: e: 4.864e-03 i: 3.503e-03 :: n: 3.067e+01 e:17.726 i:16.547 v:4.993e+03
>>> tau_he = 5.000000, nhe(0)=2.588546e+00
 5     -0.793   1.98e-03   2.06e-01   1.27e-03  -2.42e-02   6.02e-05 (  4.26e-01,  2.25e+01)
10     -0.989   2.43e-03   1.34e-04  -9.04e-04  -1.64e-01   3.55e-04 (  1.07e+00,  4.37e+01)
15     -0.889   2.89e-02  -3.15e-02  -2.18e-04  -9.52e-01   1.53e-03 (  1.58e+01,  6.29e+01)
20     -0.070   8.02e-02   2.83e-03   2.29e-02  -3.40e-01   5.61e-03 (  4.40e+01,  8.01e+01)
25      0.001   9.55e-02   5.04e-02   2.33e-02   9.90e-03   1.80e-02 (  5.40e+01,  9.51e+01)
30      0.009   1.43e-01   9.28e-02   4.99e-02   7.45e-02   5.14e-02 (  7.56e+01,  1.07e+02)
35      0.013   1.70e-01   1.28e-01   9.49e-02   1.13e-01   1.32e-01 (  8.48e+01,  1.14e+02)
40      0.028   1.96e-01   1.78e-01   1.20e-01   2.74e-01   3.03e-01 (  9.10e+01,  1.17e+02)
45      0.047   2.17e-01   2.26e-01   1.34e-01   5.74e-01   6.32e-01 (  9.21e+01,  1.17e+02)
50      0.075   2.57e-01   3.07e-01   1.54e-01   1.13e+00   1.19e+00 (  9.48e+01,  1.14e+02)
55      0.098   2.92e-01   4.06e-01   1.88e-01   1.89e+00   2.04e+00 (  9.29e+01,  1.10e+02)
60      0.135   3.56e-01   4.98e-01   2.48e-01   3.02e+00   3.20e+00 (  9.32e+01,  1.07e+02)
65      0.186   4.55e-01   5.96e-01   3.60e-01   4.42e+00   4.60e+00 (  9.39e+01,  1.04e+02)
70      0.246   6.02e-01   7.14e-01   4.33e-01   5.96e+00   6.09e+00 (  9.49e+01,  1.01e+02)
75      0.305   7.86e-01   8.41e-01   4.91e-01   7.43e+00   7.49e+00 (  9.44e+01,  9.76e+01)
80      0.351   9.86e-01   9.67e-01   5.10e-01   8.54e+00   8.64e+00 (  9.18e+01,  9.35e+01)
85      0.404   1.22e+00   1.14e+00   5.21e-01   1.01e+01   9.42e+00 (  9.89e+01,  8.88e+01)
90      0.313   7.70e-01   1.10e+00   7.26e-01   7.06e+00   9.83e+00 (  9.62e+01,  8.41e+01)
95      2.524   5.17e+00   6.72e+00   5.08e+00   1.61e+02   9.92e+00 (  2.83e+03,  7.98e+01)
38 n: 6.381e-07 e: 1.256e-06 i: 3.881e-07 :: e: 4.293e-03 i: 3.217e-03 :: n: 3.062e+01 e:17.705 i:16.536 v:4.993e+03
>>> tau_he = 5.000000, nhe(0)=2.578395e+00
 5     -0.789   1.98e-03   2.06e-01   1.27e-03  -2.41e-02   6.02e-05 (  4.23e-01,  2.25e+01)
10     -0.983   2.41e-03   1.23e-04  -8.83e-04  -1.62e-01   3.55e-04 (  1.05e+00,  4.37e+01)
15     -0.890   2.78e-02  -2.77e-02  -4.46e-03  -9.52e-01   1.53e-03 (  1.51e+01,  6.29e+01)
20     -0.070   8.02e-02   3.15e-03   2.32e-02  -3.39e-01   5.61e-03 (  4.39e+01,  8.01e+01)
25     -0.003   9.65e-02   5.11e-02   2.55e-02  -2.47e-02   1.80e-02 (  5.44e+01,  9.51e+01)
30     -0.002   1.44e-01   9.48e-02   5.38e-02  -1.28e-02   5.14e-02 (  7.61e+01,  1.07e+02)
35      0.013   1.70e-01   1.28e-01   9.51e-02   1.10e-01   1.32e-01 (  8.47e+01,  1.14e+02)
40      0.028   1.96e-01   1.78e-01   1.20e-01   2.75e-01   3.03e-01 (  9.07e+01,  1.17e+02)
45      0.047   2.17e-01   2.25e-01   1.33e-01   5.75e-01   6.32e-01 (  9.17e+01,  1.17e+02)
50      0.075   2.56e-01   3.06e-01   1.54e-01   1.13e+00   1.19e+00 (  9.43e+01,  1.14e+02)
55      0.098   2.91e-01   4.05e-01   1.88e-01   1.89e+00   2.04e+00 (  9.23e+01,  1.10e+02)
60      0.135   3.55e-01   4.97e-01   2.48e-01   3.02e+00   3.20e+00 (  9.28e+01,  1.07e+02)
65      0.186   4.54e-01   5.95e-01   3.59e-01   4.42e+00   4.60e+00 (  9.36e+01,  1.04e+02)
70      0.246   6.01e-01   7.13e-01   4.33e-01   5.95e+00   6.09e+00 (  9.46e+01,  1.01e+02)
75      0.305   7.86e-01   8.40e-01   4.91e-01   7.43e+00   7.49e+00 (  9.42e+01,  9.76e+01)
80      0.351   9.86e-01   9.67e-01   5.10e-01   8.54e+00   8.64e+00 (  9.17e+01,  9.35e+01)
85      0.404   1.22e+00   1.14e+00   5.21e-01   1.01e+01   9.42e+00 (  9.87e+01,  8.88e+01)
90      0.313   7.70e-01   1.10e+00   7.26e-01   7.06e+00   9.83e+00 (  9.61e+01,  8.41e+01)
95      2.524   5.17e+00   6.72e+00   5.08e+00   1.61e+02   9.92e+00 (  2.83e+03,  7.98e+01)
39 n: 6.966e-07 e: 7.092e-07 i: 1.317e-06 :: e: 4.351e-03 i: 3.260e-03 :: n: 3.068e+01 e:17.687 i:16.517 v:4.993e+03
>>> tau_he = 5.000000, nhe(0)=2.584471e+00
 5     -0.787   1.97e-03   2.06e-01   1.27e-03  -2.41e-02   6.02e-05 (  4.23e-01,  2.25e+01)
10     -0.975   2.37e-03   1.17e-04  -8.84e-04  -1.61e-01   3.55e-04 (  1.04e+00,  4.37e+01)
15     -0.888   2.77e-02  -2.77e-02  -4.51e-03  -9.50e-01   1.53e-03 (  1.51e+01,  6.29e+01)
20     -0.068   8.01e-02   3.35e-03   2.30e-02  -3.34e-01   5.61e-03 (  4.39e+01,  8.01e+01)
25      0.004   9.76e-02   4.92e-02   2.29e-02   3.73e-02   1.80e-02 (  5.51e+01,  9.51e+01)
30      0.009   1.42e-01   9.26e-02   5.00e-02   7.47e-02   5.14e-02 (  7.50e+01,  1.07e+02)
35      0.013   1.70e-01   1.28e-01   9.50e-02   1.13e-01   1.32e-01 (  8.42e+01,  1.14e+02)
40      0.028   1.96e-01   1.78e-01   1.21e-01   2.73e-01   3.03e-01 (  9.04e+01,  1.17e+02)
45      0.047   2.17e-01   2.25e-01   1.33e-01   5.74e-01   6.32e-01 (  9.15e+01,  1.17e+02)
50      0.075   2.55e-01   3.06e-01   1.54e-01   1.13e+00   1.19e+00 (  9.40e+01,  1.14e+02)
55      0.098   2.90e-01   4.05e-01   1.88e-01   1.89e+00   2.04e+00 (  9.21e+01,  1.10e+02)
60      0.135   3.54e-01   4.97e-01   2.48e-01   3.02e+00   3.20e+00 (  9.26e+01,  1.07e+02)
65      0.186   4.54e-01   5.95e-01   3.59e-01   4.42e+00   4.60e+00 (  9.34e+01,  1.04e+02)
70      0.246   6.02e-01   7.12e-01   4.32e-01   5.96e+00   6.09e+00 (  9.45e+01,  1.01e+02)
75      0.305   7.86e-01   8.40e-01   4.90e-01   7.43e+00   7.49e+00 (  9.42e+01,  9.76e+01)
80      0.351   9.87e-01   9.67e-01   5.09e-01   8.54e+00   8.64e+00 (  9.17e+01,  9.35e+01)
85      0.404   1.22e+00   1.14e+00   5.21e-01   1.01e+01   9.42e+00 (  9.87e+01,  8.88e+01)
90      0.313   7.69e-01   1.10e+00   7.25e-01   7.05e+00   9.83e+00 (  9.60e+01,  8.41e+01)
95      2.524   5.17e+00   6.72e+00   5.08e+00   1.61e+02   9.92e+00 (  2.83e+03,  7.98e+01)
40 n: 1.019e-06 e: 7.086e-07 i: 3.137e-07 :: e: 3.747e-03 i: 3.259e-03 :: n: 3.059e+01 e:17.674 i:16.508 v:4.993e+03
>>> tau_he = 5.000000, nhe(0)=2.568772e+00
 5     -0.785   1.97e-03   2.05e-01   1.27e-03  -2.40e-02   6.02e-05 (  4.21e-01,  2.25e+01)
10     -0.972   2.38e-03   1.07e-04  -8.57e-04  -1.61e-01   3.55e-04 (  1.04e+00,  4.37e+01)
15     -0.887   2.78e-02  -2.76e-02  -4.47e-03  -9.48e-01   1.53e-03 (  1.51e+01,  6.29e+01)
20     -0.073   8.03e-02   4.05e-03   2.45e-02  -3.50e-01   5.61e-03 (  4.39e+01,  8.01e+01)
25     -0.010   9.75e-02   5.19e-02   2.88e-02  -7.75e-02   1.80e-02 (  5.49e+01,  9.51e+01)
30     -0.001   1.43e-01   9.45e-02   5.34e-02  -6.32e-03   5.14e-02 (  7.55e+01,  1.07e+02)
35      0.013   1.69e-01   1.27e-01   9.49e-02   1.13e-01   1.32e-01 (  8.41e+01,  1.14e+02)
40      0.028   1.95e-01   1.78e-01   1.20e-01   2.75e-01   3.03e-01 (  9.02e+01,  1.17e+02)
45      0.047   2.16e-01   2.25e-01   1.33e-01   5.75e-01   6.32e-01 (  9.12e+01,  1.17e+02)
50      0.075   2.55e-01   3.05e-01   1.53e-01   1.13e+00   1.19e+00 (  9.36e+01,  1.14e+02)
55      0.098   2.90e-01   4.04e-01   1.87e-01   1.89e+00   2.04e+00 (  9.18e+01,  1.10e+02)
60      0.135   3.54e-01   4.96e-01   2.47e-01   3.02e+00   3.20e+00 (  9.23e+01,  1.07e+02)
65      0.186   4.54e-01   5.94e-01   3.59e-01   4.42e+00   4.60e+00 (  9.32e+01,  1.04e+02)
70      0.246   6.02e-01   7.11e-01   4.32e-01   5.95e+00   6.09e+00 (  9.43e+01,  1.01e+02)
75      0.305   7.87e-01   8.39e-01   4.90e-01   7.43e+00   7.49e+00 (  9.40e+01,  9.76e+01)
80      0.351   9.88e-01   9.66e-01   5.09e-01   8.54e+00   8.64e+00 (  9.15e+01,  9.35e+01)
85      0.404   1.23e+00   1.14e+00   5.20e-01   1.01e+01   9.42e+00 (  9.86e+01,  8.88e+01)
90      0.313   7.69e-01   1.10e+00   7.25e-01   7.05e+00   9.83e+00 (  9.60e+01,  8.41e+01)
95      2.524   5.17e+00   6.72e+00   5.08e+00   1.61e+02   9.92e+00 (  2.83e+03,  7.98e+01)
41 n: 7.257e-07 e: 1.077e-06 i: 1.061e-06 :: e: 3.454e-03 i: 3.078e-03 :: n: 3.065e+01 e:17.651 i:16.491 v:4.993e+03
>>> tau_he = 5.000000, nhe(0)=2.574890e+00
 5     -0.782   1.97e-03   2.05e-01   1.27e-03  -2.39e-02   6.02e-05 (  4.20e-01,  2.25e+01)
10     -0.966   2.34e-03   1.07e-04  -8.62e-04  -1.60e-01   3.55e-04 (  1.02e+00,  4.37e+01)
15     -0.879   2.88e-02  -3.11e-02  -1.38e-04  -9.41e-01   1.53e-03 (  1.57e+01,  6.29e+01)
20     -0.071   8.01e-02   4.09e-03   2.42e-02  -3.41e-01   5.61e-03 (  4.37e+01,  8.01e+01)
25     -0.003   9.58e-02   5.08e-02   2.57e-02  -2.57e-02   1.80e-02 (  5.38e+01,  9.51e+01)
30      0.010   1.41e-01   9.22e-02   4.97e-02   7.92e-02   5.14e-02 (  7.44e+01,  1.07e+02)
35      0.014   1.69e-01   1.27e-01   9.49e-02   1.14e-01   1.32e-01 (  8.37e+01,  1.14e+02)
40      0.028   1.95e-01   1.77e-01   1.21e-01   2.74e-01   3.03e-01 (  8.99e+01,  1.17e+02)
45      0.047   2.16e-01   2.25e-01   1.33e-01   5.75e-01   6.32e-01 (  9.09e+01,  1.17e+02)
50      0.075   2.54e-01   3.05e-01   1.53e-01   1.13e+00   1.19e+00 (  9.34e+01,  1.14e+02)
55      0.098   2.89e-01   4.04e-01   1.87e-01   1.89e+00   2.04e+00 (  9.15e+01,  1.10e+02)
60      0.135   3.54e-01   4.96e-01   2.47e-01   3.02e+00   3.20e+00 (  9.21e+01,  1.07e+02)
65      0.186   4.53e-01   5.93e-01   3.59e-01   4.42e+00   4.60e+00 (  9.30e+01,  1.04e+02)
70      0.246   6.02e-01   7.11e-01   4.32e-01   5.95e+00   6.09e+00 (  9.42e+01,  1.01e+02)
75      0.305   7.87e-01   8.39e-01   4.89e-01   7.43e+00   7.49e+00 (  9.39e+01,  9.76e+01)
80      0.351   9.89e-01   9.66e-01   5.08e-01   8.54e+00   8.64e+00 (  9.15e+01,  9.35e+01)
85      0.404   1.23e+00   1.14e+00   5.20e-01   1.01e+01   9.42e+00 (  9.86e+01,  8.88e+01)
90      0.313   7.69e-01   1.10e+00   7.24e-01   7.05e+00   9.83e+00 (  9.59e+01,  8.41e+01)
95      2.524   5.17e+00   6.72e+00   5.08e+00   1.61e+02   9.92e+00 (  2.83e+03,  7.98e+01)
42 n: 7.170e-07 e: 4.671e-07 i: 4.674e-07 :: e: 3.351e-03 i: 2.863e-03 :: n: 3.061e+01 e:17.641 i:16.477 v:4.993e+03
>>> tau_he = 5.000000, nhe(0)=2.566636e+00
 5     -0.780   1.96e-03   2.05e-01   1.27e-03  -2.38e-02   6.02e-05 (  4.19e-01,  2.25e+01)
10     -0.962   2.34e-03   9.78e-05  -8.46e-04  -1.59e-01   3.55e-04 (  1.02e+00,  4.37e+01)
15     -0.880   2.77e-02  -2.74e-02  -4.40e-03  -9.42e-01   1.53e-03 (  1.50e+01,  6.29e+01)
20     -0.069   7.99e-02   4.09e-03   2.39e-02  -3.34e-01   5.61e-03 (  4.36e+01,  8.01e+01)
25     -0.004   9.61e-02   5.10e-02   2.63e-02  -3.49e-02   1.80e-02 (  5.39e+01,  9.51e+01)
30      0.000   1.42e-01   9.38e-02   5.54e-02   1.16e-03   5.14e-02 (  7.45e+01,  1.07e+02)
35      0.013   1.69e-01   1.27e-01   9.54e-02   1.09e-01   1.32e-01 (  8.37e+01,  1.14e+02)
40      0.028   1.95e-01   1.77e-01   1.20e-01   2.73e-01   3.03e-01 (  8.98e+01,  1.17e+02)
45      0.047   2.16e-01   2.24e-01   1.33e-01   5.75e-01   6.32e-01 (  9.07e+01,  1.17e+02)
50      0.075   2.54e-01   3.04e-01   1.53e-01   1.13e+00   1.19e+00 (  9.31e+01,  1.14e+02)
55      0.098   2.89e-01   4.03e-01   1.87e-01   1.89e+00   2.04e+00 (  9.13e+01,  1.10e+02)
60      0.135   3.53e-01   4.95e-01   2.46e-01   3.02e+00   3.20e+00 (  9.18e+01,  1.07e+02)
65      0.186   4.53e-01   5.93e-01   3.59e-01   4.42e+00   4.60e+00 (  9.28e+01,  1.04e+02)
70      0.246   6.02e-01   7.10e-01   4.31e-01   5.95e+00   6.09e+00 (  9.40e+01,  1.01e+02)
75      0.304   7.87e-01   8.38e-01   4.89e-01   7.43e+00   7.49e+00 (  9.38e+01,  9.76e+01)
80      0.351   9.89e-01   9.66e-01   5.08e-01   8.54e+00   8.64e+00 (  9.14e+01,  9.35e+01)
85      0.404   1.23e+00   1.14e+00   5.19e-01   1.01e+01   9.42e+00 (  9.85e+01,  8.88e+01)
90      0.313   7.69e-01   1.10e+00   7.24e-01   7.05e+00   9.83e+00 (  9.59e+01,  8.41e+01)
95      2.524   5.17e+00   6.72e+00   5.08e+00   1.61e+02   9.92e+00 (  2.83e+03,  7.98e+01)
43 n: 6.749e-07 e: 7.008e-07 i: 5.033e-07 :: e: 3.115e-03 i: 2.828e-03 :: n: 3.068e+01 e:17.622 i:16.466 v:4.993e+03
>>> tau_he = 5.000000, nhe(0)=2.573971e+00
 5     -0.778   1.96e-03   2.05e-01   1.27e-03  -2.38e-02   6.02e-05 (  4.19e-01,  2.25e+01)
10     -0.955   2.30e-03   9.42e-05  -8.50e-04  -1.58e-01   3.55e-04 (  1.00e+00,  4.37e+01)
15     -0.873   2.86e-02  -3.10e-02  -6.48e-05  -9.35e-01   1.53e-03 (  1.56e+01,  6.29e+01)
20     -0.067   7.97e-02   4.00e-03   2.35e-02  -3.29e-01   5.61e-03 (  4.35e+01,  8.01e+01)
25      0.001   9.46e-02   5.01e-02   2.33e-02   1.05e-02   1.80e-02 (  5.31e+01,  9.51e+01)
30      0.009   1.41e-01   9.22e-02   5.06e-02   7.14e-02   5.14e-02 (  7.42e+01,  1.07e+02)
35      0.013   1.69e-01   1.27e-01   9.52e-02   1.12e-01   1.32e-01 (  8.33e+01,  1.14e+02)
40      0.028   1.95e-01   1.77e-01   1.21e-01   2.73e-01   3.03e-01 (  8.95e+01,  1.17e+02)
45      0.047   2.15e-01   2.24e-01   1.33e-01   5.75e-01   6.32e-01 (  9.05e+01,  1.17e+02)
50      0.075   2.53e-01   3.04e-01   1.53e-01   1.13e+00   1.19e+00 (  9.28e+01,  1.14e+02)
55      0.098   2.89e-01   4.03e-01   1.87e-01   1.89e+00   2.04e+00 (  9.11e+01,  1.10e+02)
60      0.135   3.53e-01   4.95e-01   2.46e-01   3.02e+00   3.20e+00 (  9.16e+01,  1.07e+02)
65      0.186   4.53e-01   5.92e-01   3.58e-01   4.42e+00   4.60e+00 (  9.26e+01,  1.04e+02)
70      0.245   6.02e-01   7.10e-01   4.31e-01   5.95e+00   6.09e+00 (  9.38e+01,  1.01e+02)
75      0.304   7.88e-01   8.37e-01   4.89e-01   7.43e+00   7.49e+00 (  9.36e+01,  9.76e+01)
80      0.351   9.90e-01   9.65e-01   5.07e-01   8.54e+00   8.64e+00 (  9.13e+01,  9.35e+01)
85      0.405   1.23e+00   1.14e+00   5.19e-01   1.01e+01   9.42e+00 (  9.84e+01,  8.88e+01)
90      0.313   7.69e-01   1.10e+00   7.23e-01   7.05e+00   9.83e+00 (  9.58e+01,  8.41e+01)
95      2.524   5.17e+00   6.72e+00   5.08e+00   1.61e+02   9.92e+00 (  2.83e+03,  7.98e+01)
44 n: 6.108e-07 e: 2.415e-07 i: 3.062e-07 :: e: 3.026e-03 i: 2.811e-03 :: n: 3.062e+01 e:17.619 i:16.456 v:4.993e+03
>>> tau_he = 5.000000, nhe(0)=2.564690e+00
 5     -0.776   1.96e-03   2.04e-01   1.27e-03  -2.37e-02   6.02e-05 (  4.17e-01,  2.25e+01)
10     -0.953   2.30e-03   8.55e-05  -8.34e-04  -1.58e-01   3.55e-04 (  1.00e+00,  4.37e+01)
15     -0.876   2.76e-02  -2.74e-02  -4.32e-03  -9.38e-01   1.53e-03 (  1.50e+01,  6.29e+01)
20     -0.068   7.97e-02   4.20e-03   2.37e-02  -3.30e-01   5.61e-03 (  4.34e+01,  8.01e+01)
25     -0.003   9.56e-02   5.08e-02   2.56e-02  -2.41e-02   1.80e-02 (  5.36e+01,  9.51e+01)
30      0.000   1.41e-01   9.37e-02   5.53e-02   2.75e-03   5.14e-02 (  7.43e+01,  1.07e+02)
35      0.013   1.69e-01   1.27e-01   9.55e-02   1.09e-01   1.32e-01 (  8.34e+01,  1.14e+02)
40      0.028   1.95e-01   1.77e-01   1.21e-01   2.73e-01   3.03e-01 (  8.95e+01,  1.17e+02)
45      0.047   2.15e-01   2.24e-01   1.33e-01   5.75e-01   6.32e-01 (  9.04e+01,  1.17e+02)
50      0.074   2.53e-01   3.04e-01   1.53e-01   1.13e+00   1.19e+00 (  9.27e+01,  1.14e+02)
55      0.098   2.88e-01   4.03e-01   1.87e-01   1.89e+00   2.04e+00 (  9.10e+01,  1.10e+02)
60      0.125   3.30e-01   4.66e-01   2.22e-01   2.79e+00   3.20e+00 (  8.57e+01,  1.07e+02)
65      0.186   4.53e-01   5.92e-01   3.58e-01   4.42e+00   4.60e+00 (  9.25e+01,  1.04e+02)
70      0.245   6.02e-01   7.09e-01   4.30e-01   5.95e+00   6.09e+00 (  9.37e+01,  1.01e+02)
75      0.304   7.88e-01   8.37e-01   4.88e-01   7.43e+00   7.49e+00 (  9.35e+01,  9.76e+01)
80      0.351   9.90e-01   9.65e-01   5.07e-01   8.54e+00   8.64e+00 (  9.12e+01,  9.35e+01)
85      0.405   1.23e+00   1.14e+00   5.19e-01   1.01e+01   9.42e+00 (  9.84e+01,  8.88e+01)
90      0.313   7.69e-01   1.10e+00   7.23e-01   7.05e+00   9.83e+00 (  9.57e+01,  8.41e+01)
95      2.524   5.17e+00   6.72e+00   5.08e+00   1.61e+02   9.92e+00 (  2.83e+03,  7.98e+01)
45 n: 1.692e-05 e: 1.115e-06 i: 8.463e-07 :: e: 5.242e-03 i: 5.675e-03 :: n: 3.070e+01 e:17.603 i:16.450 v:4.993e+03
>>> tau_he = 5.000000, nhe(0)=2.574040e+00
 5     -0.775   1.96e-03   2.04e-01   1.26e-03  -2.37e-02   6.02e-05 (  4.17e-01,  2.25e+01)
10     -0.947   2.26e-03   8.45e-05  -8.42e-04  -1.57e-01   3.55e-04 (  9.85e-01,  4.37e+01)
15     -0.874   2.75e-02  -2.74e-02  -4.35e-03  -9.36e-01   1.53e-03 (  1.50e+01,  6.29e+01)
20     -0.066   7.95e-02   4.06e-03   2.33e-02  -3.25e-01   5.61e-03 (  4.33e+01,  8.01e+01)
25      0.002   9.41e-02   4.98e-02   2.26e-02   1.95e-02   1.80e-02 (  5.28e+01,  9.51e+01)
30      0.009   1.41e-01   9.21e-02   5.07e-02   7.07e-02   5.14e-02 (  7.40e+01,  1.07e+02)
35      0.013   1.68e-01   1.27e-01   9.52e-02   1.12e-01   1.32e-01 (  8.31e+01,  1.14e+02)
40      0.028   1.94e-01   1.77e-01   1.21e-01   2.72e-01   3.03e-01 (  8.92e+01,  1.17e+02)
45      0.047   2.15e-01   2.24e-01   1.33e-01   5.75e-01   6.32e-01 (  9.01e+01,  1.17e+02)
50      0.074   2.52e-01   3.03e-01   1.52e-01   1.12e+00   1.19e+00 (  9.24e+01,  1.14e+02)
55      0.098   2.88e-01   4.03e-01   1.86e-01   1.90e+00   2.04e+00 (  9.09e+01,  1.10e+02)
60      0.126   3.33e-01   4.70e-01   2.23e-01   2.84e+00   3.20e+00 (  8.65e+01,  1.07e+02)
65      0.186   4.54e-01   5.92e-01   3.59e-01   4.44e+00   4.60e+00 (  9.25e+01,  1.04e+02)
70      0.245   6.02e-01   7.08e-01   4.30e-01   5.95e+00   6.09e+00 (  9.35e+01,  1.01e+02)
75      0.304   7.88e-01   8.36e-01   4.88e-01   7.43e+00   7.49e+00 (  9.34e+01,  9.76e+01)
80      0.351   9.91e-01   9.65e-01   5.06e-01   8.54e+00   8.64e+00 (  9.11e+01,  9.35e+01)
85      0.405   1.23e+00   1.14e+00   5.18e-01   1.01e+01   9.42e+00 (  9.83e+01,  8.88e+01)
90      0.313   7.69e-01   1.10e+00   7.23e-01   7.04e+00   9.83e+00 (  9.57e+01,  8.41e+01)
95      2.524   5.17e+00   6.72e+00   5.08e+00   1.61e+02   9.92e+00 (  2.83e+03,  7.98e+01)
46 n: 1.002e-05 e: 5.393e-07 i: 5.324e-07 :: e: 4.762e-03 i: 5.106e-03 :: n: 3.064e+01 e:17.608 i:16.443 v:4.993e+03
>>> tau_he = 5.000000, nhe(0)=2.564821e+00
 5     -0.774   1.95e-03   2.04e-01   1.27e-03  -2.37e-02   6.02e-05 (  4.16e-01,  2.25e+01)
10     -0.946   2.27e-03   7.38e-05  -8.26e-04  -1.57e-01   3.55e-04 (  9.87e-01,  4.37e+01)
15     -0.875   2.76e-02  -2.73e-02  -4.35e-03  -9.37e-01   1.53e-03 (  1.50e+01,  6.29e+01)
20     -0.069   7.97e-02   4.37e-03   2.40e-02  -3.32e-01   5.61e-03 (  4.34e+01,  8.01e+01)
25     -0.004   9.58e-02   5.08e-02   2.62e-02  -3.54e-02   1.80e-02 (  5.38e+01,  9.51e+01)
30      0.001   1.41e-01   9.40e-02   5.39e-02   7.64e-03   5.14e-02 (  7.42e+01,  1.07e+02)
35      0.013   1.68e-01   1.27e-01   9.53e-02   1.10e-01   1.32e-01 (  8.32e+01,  1.14e+02)
40      0.028   1.94e-01   1.76e-01   1.20e-01   2.72e-01   3.03e-01 (  8.93e+01,  1.17e+02)
45      0.047   2.15e-01   2.24e-01   1.32e-01   5.75e-01   6.32e-01 (  9.01e+01,  1.17e+02)
50      0.074   2.52e-01   3.02e-01   1.52e-01   1.12e+00   1.19e+00 (  9.23e+01,  1.14e+02)
55      0.098   2.88e-01   4.03e-01   1.86e-01   1.91e+00   2.04e+00 (  9.10e+01,  1.10e+02)
60      0.127   3.35e-01   4.73e-01   2.25e-01   2.87e+00   3.20e+00 (  8.72e+01,  1.07e+02)
65      0.187   4.54e-01   5.93e-01   3.59e-01   4.45e+00   4.60e+00 (  9.26e+01,  1.04e+02)
70      0.245   6.02e-01   7.08e-01   4.30e-01   5.95e+00   6.09e+00 (  9.34e+01,  1.01e+02)
75      0.304   7.89e-01   8.36e-01   4.87e-01   7.43e+00   7.49e+00 (  9.33e+01,  9.76e+01)
80      0.351   9.91e-01   9.64e-01   5.06e-01   8.54e+00   8.64e+00 (  9.10e+01,  9.35e+01)
85      0.405   1.23e+00   1.14e+00   5.18e-01   1.01e+01   9.42e+00 (  9.82e+01,  8.88e+01)
90      0.313   7.69e-01   1.10e+00   7.22e-01   7.04e+00   9.83e+00 (  9.56e+01,  8.41e+01)
95      2.524   5.17e+00   6.72e+00   5.08e+00   1.61e+02   9.92e+00 (  2.83e+03,  7.98e+01)
47 n: 5.724e-06 e: 6.072e-07 i: 3.363e-07 :: e: 3.937e-03 i: 4.236e-03 :: n: 3.070e+01 e:17.594 i:16.442 v:4.993e+03
>>> tau_he = 5.000000, nhe(0)=2.573374e+00
 5     -0.774   1.96e-03   2.04e-01   1.26e-03  -2.37e-02   6.02e-05 (  4.16e-01,  2.25e+01)
10     -0.942   2.24e-03   7.58e-05  -8.34e-04  -1.56e-01   3.55e-04 (  9.74e-01,  4.37e+01)
15     -0.869   2.85e-02  -3.09e-02  -4.46e-05  -9.31e-01   1.53e-03 (  1.55e+01,  6.29e+01)
20     -0.067   7.95e-02   4.21e-03   2.36e-02  -3.27e-01   5.61e-03 (  4.33e+01,  8.01e+01)
25      0.001   9.44e-02   4.99e-02   2.35e-02   5.01e-03   1.80e-02 (  5.30e+01,  9.51e+01)
30      0.008   1.41e-01   9.19e-02   5.10e-02   6.75e-02   5.14e-02 (  7.39e+01,  1.07e+02)
35      0.013   1.68e-01   1.26e-01   9.50e-02   1.12e-01   1.32e-01 (  8.29e+01,  1.14e+02)
40      0.028   1.94e-01   1.76e-01   1.20e-01   2.72e-01   3.03e-01 (  8.91e+01,  1.17e+02)
45      0.047   2.14e-01   2.23e-01   1.32e-01   5.75e-01   6.32e-01 (  9.00e+01,  1.17e+02)
50      0.074   2.52e-01   3.02e-01   1.52e-01   1.12e+00   1.19e+00 (  9.22e+01,  1.14e+02)
55      0.098   2.88e-01   4.03e-01   1.86e-01   1.91e+00   2.04e+00 (  9.10e+01,  1.10e+02)
60      0.128   3.36e-01   4.75e-01   2.26e-01   2.90e+00   3.20e+00 (  8.77e+01,  1.07e+02)
65      0.187   4.54e-01   5.93e-01   3.59e-01   4.45e+00   4.60e+00 (  9.26e+01,  1.04e+02)
70      0.245   6.02e-01   7.08e-01   4.30e-01   5.95e+00   6.09e+00 (  9.33e+01,  1.01e+02)
75      0.304   7.89e-01   8.35e-01   4.87e-01   7.43e+00   7.49e+00 (  9.32e+01,  9.76e+01)
80      0.351   9.91e-01   9.64e-01   5.06e-01   8.54e+00   8.64e+00 (  9.09e+01,  9.35e+01)
85      0.405   1.23e+00   1.14e+00   5.17e-01   1.01e+01   9.42e+00 (  9.81e+01,  8.88e+01)
90      0.313   7.69e-01   1.10e+00   7.22e-01   7.04e+00   9.83e+00 (  9.56e+01,  8.41e+01)
95      2.524   5.17e+00   6.72e+00   5.08e+00   1.61e+02   9.92e+00 (  2.83e+03,  7.98e+01)
48 n: 3.352e-06 e: 3.302e-07 i: 2.160e-07 :: e: 3.740e-03 i: 3.843e-03 :: n: 3.067e+01 e:17.603 i:16.438 v:4.993e+03
>>> tau_he = 5.000000, nhe(0)=2.567288e+00
 5     -0.773   1.95e-03   2.04e-01   1.26e-03  -2.36e-02   6.02e-05 (  4.16e-01,  2.25e+01)
10     -0.942   2.25e-03   6.81e-05  -8.25e-04  -1.56e-01   3.55e-04 (  9.78e-01,  4.37e+01)
15     -0.874   2.75e-02  -2.73e-02  -4.32e-03  -9.36e-01   1.53e-03 (  1.50e+01,  6.29e+01)
20     -0.067   7.96e-02   4.27e-03   2.36e-02  -3.27e-01   5.61e-03 (  4.33e+01,  8.01e+01)
25     -0.002   9.52e-02   5.04e-02   2.49e-02  -1.49e-02   1.80e-02 (  5.34e+01,  9.51e+01)
30      0.000   1.41e-01   9.34e-02   5.53e-02   6.26e-04   5.14e-02 (  7.41e+01,  1.07e+02)
35      0.013   1.68e-01   1.26e-01   9.55e-02   1.07e-01   1.32e-01 (  8.32e+01,  1.14e+02)
40      0.027   1.94e-01   1.76e-01   1.20e-01   2.71e-01   3.03e-01 (  8.93e+01,  1.17e+02)
45      0.047   2.14e-01   2.23e-01   1.32e-01   5.75e-01   6.32e-01 (  9.01e+01,  1.17e+02)
50      0.074   2.52e-01   3.02e-01   1.52e-01   1.12e+00   1.19e+00 (  9.23e+01,  1.14e+02)
55      0.098   2.89e-01   4.04e-01   1.86e-01   1.91e+00   2.04e+00 (  9.12e+01,  1.10e+02)
60      0.129   3.38e-01   4.77e-01   2.27e-01   2.93e+00   3.20e+00 (  8.82e+01,  1.07e+02)
65      0.187   4.55e-01   5.93e-01   3.59e-01   4.46e+00   4.60e+00 (  9.26e+01,  1.04e+02)
70      0.245   6.02e-01   7.08e-01   4.30e-01   5.95e+00   6.09e+00 (  9.33e+01,  1.01e+02)
75      0.304   7.89e-01   8.35e-01   4.87e-01   7.43e+00   7.49e+00 (  9.32e+01,  9.76e+01)
80      0.351   9.92e-01   9.64e-01   5.05e-01   8.54e+00   8.64e+00 (  9.09e+01,  9.35e+01)
85      0.405   1.23e+00   1.14e+00   5.17e-01   1.01e+01   9.42e+00 (  9.81e+01,  8.88e+01)
90      0.313   7.69e-01   1.10e+00   7.22e-01   7.04e+00   9.83e+00 (  9.55e+01,  8.41e+01)
95      2.524   5.17e+00   6.72e+00   5.08e+00   1.61e+02   9.92e+00 (  2.83e+03,  7.98e+01)
49 n: 2.194e-06 e: 2.273e-07 i: 1.527e-07 :: e: 3.176e-03 i: 3.076e-03 :: n: 3.073e+01 e:17.595 i:16.443 v:4.993e+03
 plasma volume = 148.723406
 stored energy(e,i,b,a) = 5.942578e+01 5.483594e+01 0.000000e+00 0.000000e+00
 betan = 1.296309
*power
 Pnb(e,i) = 0.000000e+00 0.000000e+00
 Prf(e,i) = 3.000149e+01 8.000398e+00
 Prad     = -4.259469e+01 
 Pei      = -7.890544e+00 
 Pfuse    = 5.057645e+01 
 Pfusi    = 1.422143e+01 
 Poh      = 0.000000e+00 
*confinement time
 taut, tauITER98y2, H98y2 : 1.897875e+00 1.986722e+00 9.552795e-01
 taue, taui : 1.974757e+00 2.479921e+00
 taut, tau89, H89 : 1.897875e+00 9.036295e-01 2.100280e+00
*temperature
 nea, nebar : 2.178875e+01 2.505077e+01 
 tea, tia : 6.812458e+00 6.663976e+00 (1.022281e+00)
 te0, ti0 : 1.608330e+01 1.577302e+01 (1.019672e+00)
 Sn : 2.264896e+03 
*current balance
 Ip,Ibs,Inb,Irf: 1.000000e+01 1.948332e+00 0.000000e+00 0.000000e+00
 fni,fbs: 0.195 0.195

 plasma volume = 148.723406
 stored energy(e,i,b,a) = 5.942578e+01 5.483594e+01 0.000000e+00 0.000000e+00
 betan = 1.296309
*power
 Pnb(e,i) = 0.000000e+00 0.000000e+00
 Prf(e,i) = 3.000149e+01 8.000398e+00
 Prad     = -4.259469e+01 
 Pei      = -7.890544e+00 
 Pfuse    = 5.057645e+01 
 Pfusi    = 1.422143e+01 
 Poh      = 0.000000e+00 
*confinement time
 taut, tauITER98y2, H98y2 : 1.897875e+00 1.986722e+00 9.552795e-01
 taue, taui : 1.974757e+00 2.479921e+00
 taut, tau89, H89 : 1.897875e+00 9.036295e-01 2.100280e+00
*temperature
 nea, nebar : 2.178875e+01 2.505077e+01 
 tea, tia : 6.812458e+00 6.663976e+00 (1.022281e+00)
 te0, ti0 : 1.608330e+01 1.577302e+01 (1.019672e+00)
 Sn : 2.264896e+03 
*current balance
 Ip,Ibs,Inb,Irf: 1.000000e+01 1.948332e+00 0.000000e+00 0.000000e+00
 fni,fbs: 0.195 0.195
 ELAPASED TIME = 46 sec

finalize
