NCAPTC: : NetCDF: Variable not found
Warning: ieee_overflow is signaling
Warning: ieee_underflow is signaling
Warning: ieee_inexact is signaling
FORTRAN STOP
 solver
 /global/common/software/atom/perlmutter/data/greentable/
 /global/common/software/atom/perlmutter/data/greentable/

          EFITD Version  07/09/2014


 type mode (2=file, 3=snap, 4=time, 5=input, 6=com file, 7=snap_ext):

 number of time slices?

 type input file names:
 #
 table_dir = </global/common/software/atom/perlmutter/data/greentable/>

  ----- time =     1 ms ----- ( 0)
 it=  1 chi2=0.00E+00 zm= 7.53E-03 err=5.202E+00 dz= 7.535E-03 chigam= 0.00E+00
 it=  2 chi2=0.00E+00 zm= 1.11E-02 err=1.018E+00 dz= 3.576E-03 chigam= 0.00E+00
 it=  3 chi2=0.00E+00 zm= 1.38E-02 err=5.975E-01 dz= 2.735E-03 chigam= 0.00E+00
 it=  4 chi2=0.00E+00 zm= 1.59E-02 err=3.541E-01 dz= 2.098E-03 chigam= 0.00E+00
 it=  5 chi2=0.00E+00 zm= 1.75E-02 err=2.081E-01 dz= 1.585E-03 chigam= 0.00E+00
 it=  6 chi2=0.00E+00 zm= 1.87E-02 err=1.253E-01 dz= 1.194E-03 chigam= 0.00E+00
 it=  7 chi2=0.00E+00 zm= 1.96E-02 err=7.148E-02 dz= 8.776E-04 chigam= 0.00E+00
 it=  8 chi2=0.00E+00 zm= 2.02E-02 err=4.278E-02 dz= 6.439E-04 chigam= 0.00E+00
 it=  9 chi2=0.00E+00 zm= 2.07E-02 err=2.632E-02 dz= 4.675E-04 chigam= 0.00E+00
 it= 10 chi2=0.00E+00 zm= 2.10E-02 err=1.642E-02 dz= 3.374E-04 chigam= 0.00E+00
 it= 11 chi2=0.00E+00 zm= 2.13E-02 err=9.985E-03 dz= 2.440E-04 chigam= 0.00E+00
 it= 12 chi2=0.00E+00 zm= 2.15E-02 err=9.166E-03 dz= 1.738E-04 chigam= 0.00E+00
 it= 13 chi2=0.00E+00 zm= 2.16E-02 err=5.562E-03 dz= 1.239E-04 chigam= 0.00E+00
 it= 14 chi2=0.00E+00 zm= 2.17E-02 err=3.403E-03 dz= 8.813E-05 chigam= 0.00E+00
 it= 15 chi2=0.00E+00 zm= 2.17E-02 err=2.097E-03 dz= 6.259E-05 chigam= 0.00E+00
 it= 16 chi2=0.00E+00 zm= 2.18E-02 err=1.299E-03 dz= 4.440E-05 chigam= 0.00E+00
 it= 17 chi2=0.00E+00 zm= 2.18E-02 err=8.081E-04 dz= 3.148E-05 chigam= 0.00E+00
 it= 18 chi2=0.00E+00 zm= 2.18E-02 err=5.041E-04 dz= 2.232E-05 chigam= 0.00E+00
 it= 19 chi2=0.00E+00 zm= 2.19E-02 err=1.569E-03 dz= 1.844E-05 chigam= 0.00E+00
 it= 20 chi2=0.00E+00 zm= 2.19E-02 err=8.460E-04 dz= 1.346E-05 chigam= 0.00E+00
 it= 21 chi2=0.00E+00 zm= 2.19E-02 err=4.616E-04 dz= 9.768E-06 chigam= 0.00E+00
 it= 22 chi2=0.00E+00 zm= 2.19E-02 err=2.559E-04 dz= 7.058E-06 chigam= 0.00E+00
 it= 23 chi2=0.00E+00 zm= 2.19E-02 err=1.450E-04 dz= 5.084E-06 chigam= 0.00E+00
 it= 24 chi2=0.00E+00 zm= 2.19E-02 err=8.437E-05 dz= 3.653E-06 chigam= 0.00E+00

      ******************** EFITD129 x 129  output ********************

       data used:   
  0 flux loops
  0 magnetic probes(i)
  0 full rogowski
  0 diamagnetic loop


 shot #   =          1 time(ms) =          1 chi**2   =  0.000E+00
 betat(%) =      1.770 betap    =      0.911 li       =      0.860
 vol(cm3) =  0.791E+07 rout(cm) =    172.338 zout(cm) =      0.666
 elong    =      1.361 utriang  =     -0.367 ltriang  =     -0.335
 a(cm)    =     41.569 lin(cm)  = ********** lout(cm) =     10.269
 ltop(cm) = ********** q*       =      2.425 rc(cm)   =    178.491
 zc(cm)   =      1.889 bt0(t)   =      2.000 qout     =      2.280
