========================================================================
= FASTRAN

nonlinear model = 0
ichi = 1
ineo = 0
reading state...
read formatted input, inprof...
init geometry...
read formatted input, inmetric...
nrho in inmetric = 101
rhob in inmetric = 1.259379e+00
solve avg grad-shafranv...
solve_avg_gs::Ip_temp = 9.893192e+00 
solve_avg_gs::Ip      = 1.000000e+01 
>>> tau_he = 5.000000, nhe(0)=1.206786e-01

 plasma volume = 147.279326
 stored energy(e,i,b,a) = 3.812101e+01 3.164191e+01 0.000000e+00 0.000000e+00
 betan = 0.796972
*power
 Pnb(e,i) = 0.000000e+00 0.000000e+00
 Prf(e,i) = 2.614202e+00 1.742755e+01
 Prad     = -6.624705e+01 
 Pei      = -4.568673e+01 
 Pfuse    = 7.748106e+00 
 Pfusi    = 1.161441e+00 
 Poh      = 0.000000e+00 
*confinement time
 taut, tauITER98y2, H98y2 : -1.870533e+00 -nan -nan
 taue, taui : -3.753122e-01 6.754139e-01
 taut, tau89, H89 : -1.870533e+00 -nan -nan
*temperature
 nea, nebar : 2.039352e+01 2.325305e+01 
 tea, tia : 4.927316e+00 4.408331e+00 (1.117728e+00)
 te0, ti0 : 9.395456e+00 4.949083e+00 (1.898424e+00)
 Sn : 1.499647e+03 
*current balance
 Ip,Ibs,Inb,Irf: 1.000000e+01 1.110420e+00 0.000000e+00 5.711698e-03
 fni,fbs: 0.112 0.111

Time advancing...
rho_bdry 0.900000 ...
te_bdry = 5.000307
ti_bdry = 5.000307
ne_bdry = 16.078026
rv_bdry = 279.463030
nrho_tr_bdry = 18
drho_bdry = 0.000000e+00
nrhob = 90
 [    0] t = 0.0000 
>>> tau_he = 5.000000, nhe(0)=1.206499e-01
 5     -0.002   2.21e-04   4.42e-02   3.30e-04  -8.50e-04   1.91e-07 (  1.65e-02, -4.62e+01)
10     -0.001  -8.27e-07  -8.79e-04  -2.51e-04  -4.36e-04   3.40e-06 ( -1.20e-04, -9.22e+01)
15     -0.001  -5.51e-06  -1.29e-04  -1.35e-04  -8.76e-04   4.15e-05 ( -1.15e-03, -1.37e+02)
20     -0.003   2.50e-04  -5.72e-04  -1.82e-04  -4.45e-03   3.85e-04 (  6.51e-02, -1.81e+02)
25     -0.018   1.76e-02  -8.50e-04   1.84e-03  -3.66e-02   2.78e-03 (  5.28e+00, -2.20e+02)
30     -0.020   4.76e-02  -1.74e-03   4.96e-03  -4.81e-02   1.57e-02 (  1.52e+01, -2.55e+02)
35      0.012   7.08e-02   9.99e+03   6.53e-03   3.43e-02   7.04e-02 (  1.75e+01, -2.87e+02)
40      0.008   4.40e-02   1.67e+04   4.30e-03   4.14e-02   2.50e-01 (  7.93e+00, -3.11e+02)
45      0.054   1.57e-01   1.86e+05   1.42e-02   8.17e-01   7.12e-01 (  1.88e+01, -3.24e+02)
50      0.253   8.08e-01   5.47e+05   1.06e-01   5.42e+00   1.64e+00 (  4.87e+01, -3.28e+02)
55      0.283   1.69e+00   5.15e+05   1.29e-01   5.94e+00   3.07e+00 (  3.84e+01, -3.25e+02)
60      0.310   4.25e+00   5.33e+05   1.60e-01   6.23e+00   4.79e+00 (  3.50e+01, -3.19e+02)
65      0.363   1.02e+01   7.10e+05   2.06e-01   7.27e+00   6.36e+00 (  3.90e+01, -3.11e+02)
70      0.414   2.22e+01   8.65e+05   2.47e-01   8.08e+00   7.39e+00 (  4.21e+01, -3.03e+02)
75      0.443   7.23e+01   9.78e+05   2.81e-01   8.33e+00   7.79e+00 (  4.20e+01, -2.96e+02)
80      0.444   2.04e+06   1.09e+06   3.01e-01   8.09e+00   7.73e+00 (  3.96e+01, -2.89e+02)
85      0.420   1.99e+06   1.14e+06   2.94e-01   7.45e+00   7.45e+00 (  3.68e+01, -2.82e+02)
90      0.663   1.60e+00   2.21e+00   1.34e+00   2.11e+01   7.09e+00 (  3.73e+02, -2.76e+02)
95      0.642   1.11e+00   1.60e+00   1.17e+00   5.13e+01   6.79e+00 (  8.17e+02, -2.73e+02)
 0 n: 1.279e-07 e: 1.633e-05 i: 2.656e-04 :: e: 0.000e+00 i: 0.000e+00 :: n: 2.791e+01 e:9.358 i:4.988 v:4.993e+03
>>> tau_he = 5.000000, nhe(0)=1.239934e-01
 5     -0.002   2.34e-04   1.29e-01   3.80e-04  -8.82e-04   1.91e-07 (  1.74e-02, -4.62e+01)
10     -0.000  -4.22e-06  -1.77e-04  -1.43e-04  -3.91e-04   3.40e-06 ( -6.12e-04, -9.22e+01)
15     -0.001  -1.31e-05  -2.89e-04  -2.07e-04  -1.22e-03   4.15e-05 ( -2.72e-03, -1.37e+02)
20     -0.007   2.14e-04  -1.30e-03  -5.28e-04  -1.10e-02   3.85e-04 (  5.56e-02, -1.81e+02)
25     -0.018   1.80e-02  -8.30e-04   1.87e-03  -3.77e-02   2.78e-03 (  5.39e+00, -2.20e+02)
30      0.045   1.20e-01   2.95e+04   1.54e-02   1.10e-01   1.57e-02 (  3.76e+01, -2.55e+02)
35      0.004   6.13e-02   9.52e-02   5.43e-03   1.25e-02   7.04e-02 (  1.50e+01, -2.87e+02)
40      0.004   3.88e-02   7.39e+03   2.68e-03   2.28e-02   2.50e-01 (  7.06e+00, -3.11e+02)
45      0.031   9.53e-02   1.27e+05   8.31e-03   4.81e-01   7.12e-01 (  1.13e+01, -3.24e+02)
50      0.233   7.65e-01   4.90e+05   1.03e-01   4.96e+00   1.64e+00 (  4.20e+01, -3.28e+02)
55      0.265   1.59e+00   4.55e+05   1.23e-01   5.42e+00   3.07e+00 (  3.44e+01, -3.25e+02)
60      0.312   4.95e+00   5.40e+05   1.61e-01   6.31e+00   4.79e+00 (  3.51e+01, -3.19e+02)
65      0.368   1.42e+01   7.14e+05   2.06e-01   7.38e+00   6.36e+00 (  3.93e+01, -3.11e+02)
70      0.418   2.83e+01   8.64e+05   2.47e-01   8.18e+00   7.39e+00 (  4.24e+01, -3.03e+02)
75      0.446   1.08e+02   9.76e+05   2.80e-01   8.39e+00   7.79e+00 (  4.22e+01, -2.96e+02)
80      0.448   2.06e+06   1.10e+06   3.01e-01   8.16e+00   7.73e+00 (  3.99e+01, -2.89e+02)
85      0.422   2.00e+06   1.15e+06   2.95e-01   7.52e+00   7.45e+00 (  3.71e+01, -2.82e+02)
90      0.662   1.60e+00   2.21e+00   1.34e+00   2.11e+01   7.09e+00 (  3.73e+02, -2.76e+02)
95      0.642   1.11e+00   1.60e+00   1.17e+00   5.13e+01   6.79e+00 (  8.17e+02, -2.73e+02)
 1 n: 2.901e-01 e: 3.654e-01 i: 5.712e-01 :: e: 1.512e-02 i: 1.596e-01 :: n: 2.574e+01 e:3.751 i:11.106 v:4.993e+03
>>> tau_he = 5.000000, nhe(0)=9.996632e-01
 5      1.907  -1.79e+01   3.67e-02   3.18e-04   6.74e-04   1.91e-07 ( -4.69e-04, -4.62e+01)
10      0.775  -1.56e+02   2.66e-03  -3.10e-04   1.32e-03   3.40e-06 ( -4.10e-03, -9.22e+01)
15      1.437   5.29e+03   4.41e-04   6.54e-03   3.49e-02   4.15e-05 (  1.39e-01, -1.37e+02)
20      0.682   2.67e+04   4.45e-02   4.72e-02   1.88e-01   3.85e-04 (  7.02e-01, -1.81e+02)
25      0.051   1.10e+04   3.54e-02   4.25e-02   1.13e-01   2.78e-03 (  2.90e-01, -2.20e+02)
30      0.000   1.21e+00  -8.99e-06  -1.86e-06   1.55e-05   1.57e-02 (  3.15e-05, -2.55e+02)
35      0.000   7.17e+01  -2.09e-05  -8.56e-06   3.30e-05   7.04e-02 (  1.85e-03, -2.87e+02)
40      0.001   3.47e+02   1.89e-03   1.79e-03   1.41e-02   2.50e-01 (  8.76e-03, -3.11e+02)
45      0.000   1.74e+01   1.24e-03  -1.89e-04   1.28e-03   7.12e-01 (  4.27e-04, -3.24e+02)
50      0.000   4.78e+02   1.37e-03   1.05e-04   3.82e-03   1.64e+00 (  1.15e-02, -3.28e+02)
55      0.004   6.36e+03   3.80e-03   5.78e-03   3.72e-02   3.07e+00 (  1.50e-01, -3.25e+02)
60      0.061   1.66e+05   7.23e-02   4.94e-02   8.68e-01   4.79e+00 (  3.81e+00, -3.19e+02)
65      0.172   6.05e+05   3.13e-01   1.25e-01   2.88e+00   6.36e+00 (  1.33e+01, -3.11e+02)
70      0.264   1.02e+06   6.48e-01   1.97e-01   4.62e+00   7.39e+00 (  2.16e+01, -3.03e+02)
75      0.321   1.28e+06   8.91e-01   2.43e-01   5.60e+00   7.79e+00 (  2.58e+01, -2.96e+02)
80      0.354   1.45e+06   1.15e+00   2.77e-01   6.15e+00   7.73e+00 (  2.79e+01, -2.89e+02)
85      0.341   1.43e+06   1.02e+00   2.90e-01   5.83e+00   7.45e+00 (  2.65e+01, -2.82e+02)
90      0.670   1.59e+00   2.25e+00   1.42e+00   2.10e+01   7.09e+00 (  3.61e+02, -2.76e+02)
95      0.642   1.11e+00   1.60e+00   1.17e+00   5.13e+01   6.79e+00 (  8.17e+02, -2.73e+02)
 2 n: 3.411e-03 e: 2.874e-01 i: 4.804e-01 :: e: 3.746e-01 i: 1.400e+01 :: n: 2.626e+01 e:9.953 i:5.638 v:4.993e+03
>>> tau_he = 5.000000, nhe(0)=1.666478e-01
 5    -10.593   3.50e-04   2.62e-02   4.95e-04  -3.66e-03   1.91e-07 (  5.78e-02, -4.62e+01)
10   -263.427   1.85e-02   8.54e-02   1.84e-01  -4.42e-01   3.40e-06 (  6.02e+00, -9.22e+01)
15    -33.599   2.63e-02   8.40e-02   1.86e-01  -8.04e-01   4.15e-05 (  1.12e+01, -1.37e+02)
20     -0.880   3.80e-02  -9.19e-04   7.62e-03  -2.32e-01   3.85e-04 (  1.63e+01, -1.81e+02)
25      0.078   1.18e-01   3.25e+04   1.48e-02   1.42e-01   2.78e-03 (  3.68e+01, -2.20e+02)
30      0.003   3.07e-02   5.40e+03   1.98e-03   1.32e-02   1.57e-02 (  5.98e+00, -2.55e+02)
35     -0.000   4.92e-04   2.50e+03  -2.01e-04  -1.01e-03   7.04e-02 (  5.50e-02, -2.87e+02)
40      0.010   2.32e-02   2.88e+04   1.55e-03   1.38e-01   2.50e-01 (  1.65e+00, -3.11e+02)
45      0.004   9.70e-03   1.28e+04  -1.97e-03   3.95e-02   7.12e-01 (  3.23e-01, -3.24e+02)
50      0.013   5.51e-02   8.23e+03   1.04e-02   1.30e-01   1.64e+00 (  7.09e-01, -3.28e+02)
55      0.044   4.31e-01   2.07e+04   3.70e-02   5.16e-01   3.07e+00 (  2.51e+00, -3.25e+02)
60      0.183   7.80e+00   1.58e+05   1.05e-01   2.83e+00   4.79e+00 (  1.39e+01, -3.19e+02)
65      0.300   6.32e+01   4.73e+05   1.74e-01   5.33e+00   6.36e+00 (  2.68e+01, -3.11e+02)
70      0.376   1.62e+06   7.02e+05   2.28e-01   6.85e+00   7.39e+00 (  3.43e+01, -3.03e+02)
75      0.421   1.84e+06   8.57e+05   2.67e-01   7.57e+00   7.79e+00 (  3.72e+01, -2.96e+02)
80      0.434   1.92e+06   1.01e+06   2.91e-01   7.71e+00   7.73e+00 (  3.71e+01, -2.89e+02)
85      0.409   1.87e+06   1.05e+06   2.85e-01   7.10e+00   7.45e+00 (  3.45e+01, -2.82e+02)
90      0.652   1.57e+00   2.19e+00   1.35e+00   2.04e+01   7.09e+00 (  3.65e+02, -2.76e+02)
95      0.642   1.11e+00   1.60e+00   1.17e+00   5.13e+01   6.79e+00 (  8.17e+02, -2.73e+02)
 3 n: 2.023e-03 e: 3.480e-01 i: 1.501e-01 :: e: 1.286e-01 i: 2.086e-01 :: n: 2.668e+01 e:4.135 i:10.223 v:4.993e+03
>>> tau_he = 5.000000, nhe(0)=8.994463e-01
 5      0.046   1.24e-03   2.39e-02   1.57e-04   1.59e-05   1.91e-07 (  5.51e-03, -4.62e+01)
10     11.929   2.21e-02   2.35e-03   3.13e-03   2.00e-02   3.40e-06 (  1.37e-01, -9.22e+01)
15      8.981   4.50e+04   4.12e-02   5.38e-02   2.15e-01   4.15e-05 (  1.23e+00, -1.37e+02)
20      0.587   2.05e+04   6.14e-02   6.08e-02   1.55e-01   3.85e-04 (  5.58e-01, -1.81e+02)
25      0.002  -2.74e+02   2.19e-03  -1.11e-03   3.50e-03   2.78e-03 ( -7.46e-03, -2.20e+02)
30      0.000   8.21e-01  -5.84e-06  -1.19e-06   9.62e-06   1.57e-02 (  2.22e-05, -2.55e+02)
35      0.000   2.15e+01   4.94e-04  -2.80e-05   3.03e-04   7.04e-02 (  5.77e-04, -2.87e+02)
40      0.010   1.87e+04   4.14e-02   6.51e-03   1.49e-01   2.50e-01 (  4.88e-01, -3.11e+02)
45      0.004   6.69e+03   5.37e-03   2.13e-03   5.06e-02   7.12e-01 (  1.69e-01, -3.24e+02)
50      0.009   1.45e+04   8.45e-03   4.99e-03   9.58e-02   1.64e+00 (  3.57e-01, -3.28e+02)
55      0.035   7.19e+04   5.49e-02   2.15e-02   4.38e-01   3.07e+00 (  1.73e+00, -3.25e+02)
60      0.146   4.48e+05   3.99e-01   9.13e-02   2.37e+00   4.79e+00 (  1.04e+01, -3.19e+02)
65      0.253   9.60e+05   1.28e+00   1.61e-01   4.58e+00   6.36e+00 (  2.13e+01, -3.11e+02)
70      0.332   1.35e+06   2.19e+00   2.18e-01   6.11e+00   7.39e+00 (  2.86e+01, -3.03e+02)
75      0.383   1.57e+06   2.84e+00   2.60e-01   6.93e+00   7.79e+00 (  3.18e+01, -2.96e+02)
80      0.407   1.69e+06   3.57e+00   2.88e-01   7.26e+00   7.73e+00 (  3.28e+01, -2.89e+02)
85      0.392   1.66e+06   3.11e+00   2.96e-01   6.83e+00   7.45e+00 (  3.07e+01, -2.82e+02)
90      0.663   1.58e+00   2.22e+00   1.38e+00   2.08e+01   7.09e+00 (  3.60e+02, -2.76e+02)
95      0.642   1.11e+00   1.60e+00   1.17e+00   5.13e+01   6.79e+00 (  8.17e+02, -2.73e+02)
 4 n: 1.868e-03 e: 1.861e-01 i: 2.640e-01 :: e: 3.269e-01 i: 4.943e+00 :: n: 2.720e+01 e:8.555 i:5.972 v:4.993e+03
>>> tau_he = 5.000000, nhe(0)=2.155356e-01
 5    -16.709   4.13e-04   2.44e-02   3.93e-04  -5.69e-03   1.91e-07 (  8.85e-02, -4.62e+01)
10   -250.057   1.60e-02   5.30e-02   1.25e-01  -4.14e-01   3.40e-06 (  6.28e+00, -9.22e+01)
15    -17.283   2.58e-02   6.59e-02   1.19e-01  -4.09e-01   4.15e-05 (  9.12e+00, -1.37e+02)
20     -0.135   1.38e-02  -4.71e-04   7.54e-04  -3.44e-02   3.85e-04 (  3.70e+00, -1.81e+02)
25     -0.000   5.99e-03   1.61e-03   2.36e-04  -4.91e-04   2.78e-03 (  1.05e+00, -2.20e+02)
30     -0.000   7.52e-05   1.43e+03  -2.18e-04  -4.73e-04   1.57e-02 (  8.80e-03, -2.55e+02)
35      0.000   9.23e-04   5.08e+03  -3.20e-04   2.93e-03   7.04e-02 (  4.60e-02, -2.87e+02)
40      0.042   1.89e-01   2.74e+04   1.39e-02   6.82e-01   2.50e-01 (  4.14e+00, -3.11e+02)
45      0.020   2.60e-01   1.52e+04   6.89e-03   2.57e-01   7.12e-01 (  1.29e+00, -3.24e+02)
50      0.030   6.89e+04   1.07e+04   1.66e-02   3.73e-01   1.64e+00 (  1.72e+00, -3.28e+02)
55      0.089   2.29e+05   3.24e+04   4.61e-02   1.24e+00   3.07e+00 (  5.53e+00, -3.25e+02)
60      0.209   7.30e+05   2.25e+05   1.17e-01   3.58e+00   4.79e+00 (  1.70e+01, -3.19e+02)
65      0.310   1.27e+06   5.31e+05   1.81e-01   5.79e+00   6.36e+00 (  2.84e+01, -3.11e+02)
70      0.380   1.63e+06   7.42e+05   2.30e-01   7.14e+00   7.39e+00 (  3.48e+01, -3.03e+02)
75      0.424   1.83e+06   8.87e+05   2.69e-01   7.78e+00   7.79e+00 (  3.71e+01, -2.96e+02)
80      0.439   1.91e+06   1.04e+06   2.94e-01   7.90e+00   7.73e+00 (  3.69e+01, -2.89e+02)
85      0.418   1.86e+06   1.07e+06   2.92e-01   7.33e+00   7.45e+00 (  3.43e+01, -2.82e+02)
90      0.655   1.58e+00   2.20e+00   1.35e+00   2.06e+01   7.09e+00 (  3.63e+02, -2.76e+02)
95      0.642   1.11e+00   1.60e+00   1.17e+00   5.13e+01   6.79e+00 (  8.17e+02, -2.73e+02)
 5 n: 1.214e-03 e: 1.809e-01 i: 7.328e-02 :: e: 2.385e-01 i: 2.079e-01 :: n: 2.753e+01 e:4.663 i:9.122 v:4.993e+03
>>> tau_he = 5.000000, nhe(0)=7.345514e-01
 5     -3.462   5.10e-04   1.93e-02   1.21e-04  -1.18e-03   1.91e-07 (  9.16e-03, -4.62e+01)
10     16.055   1.07e-02   1.21e-02   1.24e-02   2.66e-02   3.40e-06 (  3.38e-01, -9.22e+01)
15     11.392   1.01e-01   5.58e-02   7.36e-02   2.70e-01   4.15e-05 (  2.20e+00, -1.37e+02)
20      0.789   3.37e-01   8.13e-02   8.18e-02   2.02e-01   3.85e-04 (  1.41e+00, -1.81e+02)
25      0.000   2.50e+01  -1.30e-04  -5.85e-05   2.27e-04   2.78e-03 (  7.01e-04, -2.20e+02)
30      0.000   3.80e+00   9.51e-05  -1.30e-05   3.80e-05   1.57e-02 (  1.06e-04, -2.55e+02)
35      0.000   2.74e+02   4.22e-03  -3.62e-04   2.27e-03   7.04e-02 (  7.56e-03, -2.87e+02)
40      0.012   2.55e+04   4.76e-02   5.87e-03   1.77e-01   2.50e-01 (  6.84e-01, -3.11e+02)
45      0.021   4.83e+04   1.07e-01   9.77e-03   3.16e-01   7.12e-01 (  1.25e+00, -3.24e+02)
50      0.030   6.98e+04   1.12e-01   1.70e-02   4.15e-01   1.64e+00 (  1.75e+00, -3.28e+02)
55      0.078   2.04e+05   2.25e-01   4.22e-02   1.17e+00   3.07e+00 (  4.95e+00, -3.25e+02)
60      0.193   6.67e+05   1.47e+00   1.14e-01   3.43e+00   4.79e+00 (  1.56e+01, -3.19e+02)
65      0.288   1.16e+06   3.79e+00   1.75e-01   5.46e+00   6.36e+00 (  2.59e+01, -3.11e+02)
70      0.359   1.50e+06   5.91e+00   2.26e-01   6.79e+00   7.39e+00 (  3.20e+01, -3.03e+02)
75      0.406   1.70e+06   7.73e+00   2.67e-01   7.48e+00   7.79e+00 (  3.45e+01, -2.96e+02)
80      0.426   1.80e+06   9.88e+00   2.93e-01   7.69e+00   7.73e+00 (  3.48e+01, -2.89e+02)
85      0.410   1.76e+06   8.84e+00   2.98e-01   7.21e+00   7.45e+00 (  3.25e+01, -2.82e+02)
90      0.662   1.59e+00   2.21e+00   1.37e+00   2.08e+01   7.09e+00 (  3.60e+02, -2.76e+02)
95      0.642   1.11e+00   1.60e+00   1.17e+00   5.13e+01   6.79e+00 (  8.17e+02, -2.73e+02)
 6 n: 9.734e-04 e: 9.003e-02 i: 9.076e-02 :: e: 2.719e-01 i: 1.335e+00 :: n: 2.787e+01 e:7.581 i:6.433 v:4.993e+03
>>> tau_he = 5.000000, nhe(0)=2.859912e-01
 5    -16.632   4.20e-04   2.18e-02   3.05e-04  -5.62e-03   1.91e-07 (  7.73e-02, -4.62e+01)
10   -156.466   1.33e-02   3.88e-02   1.12e-01  -2.56e-01   3.40e-06 (  4.42e+00, -9.22e+01)
15     -9.418   2.40e-02   6.70e-02   9.63e-02  -2.21e-01   4.15e-05 (  7.08e+00, -1.37e+02)
20     -0.325   3.93e-03   5.72e-03   8.79e-03  -8.12e-02   3.85e-04 (  8.06e-01, -1.81e+02)
25     -0.000   3.15e-06   3.51e-05  -1.75e-05  -1.93e-04   2.78e-03 (  3.41e-04, -2.20e+02)
30     -0.000   1.02e-04   1.93e-02  -3.73e-04  -1.97e-05   1.57e-02 (  6.62e-03, -2.55e+02)
35      0.001   2.29e-03   4.98e+03  -2.22e-04   7.35e-03   7.04e-02 (  5.79e-02, -2.87e+02)
40      0.023   2.71e-01   5.62e+03   7.89e-03   3.44e-01   2.50e-01 (  1.79e+00, -3.11e+02)
45      0.043   1.24e+05   4.53e+04   1.85e-02   6.67e-01   7.12e-01 (  3.25e+00, -3.24e+02)
50      0.057   1.54e+05   3.50e+04   2.89e-02   8.46e-01   1.64e+00 (  3.89e+00, -3.28e+02)
55      0.118   3.48e+05   7.32e+04   6.33e-02   1.86e+00   3.07e+00 (  8.50e+00, -3.25e+02)
60      0.225   8.36e+05   2.84e+05   1.26e-01   4.11e+00   4.79e+00 (  1.96e+01, -3.19e+02)
65      0.315   1.32e+06   5.73e+05   1.85e-01   6.07e+00   6.36e+00 (  2.96e+01, -3.11e+02)
70      0.383   1.66e+06   7.72e+05   2.33e-01   7.31e+00   7.39e+00 (  3.53e+01, -3.03e+02)
75      0.425   1.84e+06   9.09e+05   2.71e-01   7.89e+00   7.79e+00 (  3.73e+01, -2.96e+02)
80      0.440   1.90e+06   1.06e+06   2.96e-01   7.97e+00   7.73e+00 (  3.69e+01, -2.89e+02)
85      0.420   1.85e+06   1.08e+06   2.95e-01   7.40e+00   7.45e+00 (  3.42e+01, -2.82e+02)
90      0.658   1.58e+00   2.20e+00   1.35e+00   2.07e+01   7.09e+00 (  3.62e+02, -2.76e+02)
95      0.642   1.11e+00   1.60e+00   1.17e+00   5.13e+01   6.79e+00 (  8.17e+02, -2.73e+02)
 7 n: 5.692e-04 e: 6.810e-02 i: 3.270e-02 :: e: 2.243e-01 i: 2.041e-01 :: n: 2.799e+01 e:5.146 i:8.465 v:4.993e+03
>>> tau_he = 5.000000, nhe(0)=6.292992e-01
 5     -7.110   4.22e-04   1.79e-02   1.35e-04  -2.41e-03   1.91e-07 (  1.74e-02, -4.62e+01)
10     11.735   8.88e-03   1.67e-02   2.37e-02   1.92e-02   3.40e-06 (  6.59e-01, -9.22e+01)
15      8.898   4.55e-02   5.88e-02   7.91e-02   2.09e-01   4.15e-05 (  2.83e+00, -1.37e+02)
20      0.745   6.04e-02   8.55e-02   8.79e-02   1.88e-01   3.85e-04 (  2.11e+00, -1.81e+02)
25      0.000   1.48e-05  -2.93e-05  -1.53e-05   1.51e-05   2.78e-03 (  1.28e-04, -2.20e+02)
30      0.000   1.19e+01   6.33e-05  -1.50e-05   7.15e-05   1.57e-02 (  3.38e-04, -2.55e+02)
35      0.001   1.25e+03   1.30e-02   3.50e-04   8.37e-03   7.04e-02 (  3.51e-02, -2.87e+02)
40      0.012   2.78e+04   6.25e-02   3.84e-03   1.79e-01   2.50e-01 (  7.58e-01, -3.11e+02)
45      0.027   7.02e+04   1.95e-01   1.22e-02   4.27e-01   7.12e-01 (  1.85e+00, -3.24e+02)
50      0.052   1.40e+05   3.56e-01   2.37e-02   8.04e-01   1.64e+00 (  3.55e+00, -3.28e+02)
55      0.111   3.31e+05   8.18e-01   6.19e-02   1.82e+00   3.07e+00 (  8.10e+00, -3.25e+02)
60      0.215   7.87e+05   3.96e+00   1.23e-01   3.97e+00   4.79e+00 (  1.85e+01, -3.19e+02)
65      0.302   1.24e+06   1.01e+01   1.81e-01   5.84e+00   6.36e+00 (  2.79e+01, -3.11e+02)
70      0.370   1.57e+06   1.72e+01   2.30e-01   7.08e+00   7.39e+00 (  3.35e+01, -3.03e+02)
75      0.414   1.75e+06   2.50e+01   2.69e-01   7.69e+00   7.79e+00 (  3.56e+01, -2.96e+02)
80      0.431   1.83e+06   3.62e+01   2.94e-01   7.82e+00   7.73e+00 (  3.54e+01, -2.89e+02)
85      0.415   1.78e+06   3.46e+01   2.98e-01   7.30e+00   7.45e+00 (  3.29e+01, -2.82e+02)
90      0.661   1.59e+00   2.21e+00   1.36e+00   2.08e+01   7.09e+00 (  3.60e+02, -2.76e+02)
95      0.642   1.11e+00   1.60e+00   1.17e+00   5.13e+01   6.79e+00 (  8.17e+02, -2.73e+02)
 8 n: 3.867e-04 e: 3.845e-02 i: 3.049e-02 :: e: 2.263e-01 i: 7.800e-01 :: n: 2.822e+01 e:7.054 i:6.816 v:4.993e+03
>>> tau_he = 5.000000, nhe(0)=3.496293e-01
 5    -16.309   4.15e-04   1.99e-02   2.07e-04  -5.46e-03   1.91e-07 (  6.47e-02, -4.62e+01)
10   -105.247   1.21e-02   3.32e-02   9.67e-02  -1.70e-01   3.40e-06 (  3.39e+00, -9.22e+01)
15     -5.732   2.38e-02   6.50e-02   8.72e-02  -1.33e-01   4.15e-05 (  6.02e+00, -1.37e+02)
20     -0.386   1.88e-02   6.30e-02   7.24e-02  -9.46e-02   3.85e-04 (  3.36e+00, -1.81e+02)
25     -0.000  -8.14e-07  -7.81e-05  -2.03e-05  -1.24e-04   2.78e-03 ( -7.26e-05, -2.20e+02)
30      0.000   1.26e-04   3.69e-03  -2.31e-04   3.30e-04   1.57e-02 (  5.15e-03, -2.55e+02)
35      0.002   6.87e-03   1.08e-01   5.90e-04   1.45e-02   7.04e-02 (  8.84e-02, -2.87e+02)
40      0.016   4.31e+04   3.65e-01   2.76e-03   2.41e-01   2.50e-01 (  1.18e+00, -3.11e+02)
45      0.045   1.33e+05   4.98e+04   1.84e-02   7.35e-01   7.12e-01 (  3.52e+00, -3.24e+02)
50      0.074   2.18e+05   6.07e+04   3.85e-02   1.20e+00   1.64e+00 (  5.56e+00, -3.28e+02)
55      0.132   4.23e+05   1.04e+05   7.09e-02   2.24e+00   3.07e+00 (  1.04e+01, -3.25e+02)
60      0.233   8.91e+05   3.18e+05   1.31e-01   4.38e+00   4.79e+00 (  2.09e+01, -3.19e+02)
65      0.317   1.34e+06   5.91e+05   1.87e-01   6.17e+00   6.36e+00 (  3.00e+01, -3.11e+02)
70      0.382   1.66e+06   7.84e+05   2.34e-01   7.36e+00   7.39e+00 (  3.54e+01, -3.03e+02)
75      0.424   1.83e+06   9.15e+05   2.71e-01   7.90e+00   7.79e+00 (  3.71e+01, -2.96e+02)
80      0.438   1.89e+06   1.06e+06   2.95e-01   7.95e+00   7.73e+00 (  3.65e+01, -2.89e+02)
85      0.419   1.83e+06   1.08e+06   2.96e-01   7.38e+00   7.45e+00 (  3.38e+01, -2.82e+02)
90      0.659   1.58e+00   2.20e+00   1.35e+00   2.07e+01   7.09e+00 (  3.62e+02, -2.76e+02)
95      0.642   1.11e+00   1.60e+00   1.17e+00   5.13e+01   6.79e+00 (  8.17e+02, -2.73e+02)
 9 n: 2.322e-04 e: 2.437e-02 i: 1.436e-02 :: e: 1.974e-01 i: 3.169e-01 :: n: 2.830e+01 e:5.537 i:8.132 v:4.993e+03
>>> tau_he = 5.000000, nhe(0)=5.787549e-01
 5     -9.743   4.11e-04   1.78e-02   1.45e-04  -3.27e-03   1.91e-07 (  2.58e-02, -4.62e+01)
10      0.417   8.58e-03   1.90e-02   3.13e-02   6.74e-04   3.40e-06 (  9.65e-01, -9.22e+01)
15      6.684   3.62e-02   6.59e-02   8.32e-02   1.56e-01   4.15e-05 (  3.60e+00, -1.37e+02)
20      0.626   4.05e-02   8.41e-02   8.53e-02   1.55e-01   3.85e-04 (  2.64e+00, -1.81e+02)
25     -0.000   2.68e-05  -1.52e-04  -8.69e-05  -6.60e-05   2.78e-03 (  6.64e-04, -2.20e+02)
30      0.000   2.70e-04   3.37e-04  -5.37e-05   1.60e-04   1.57e-02 (  9.43e-04, -2.55e+02)
35      0.002   2.53e+03   3.99e-02   1.39e-03   1.52e-02   7.04e-02 (  7.14e-02, -2.87e+02)
40      0.012   2.92e+04   6.25e-02   2.70e-03   1.78e-01   2.50e-01 (  8.00e-01, -3.11e+02)
45      0.036   9.90e+04   3.55e-01   1.16e-02   5.77e-01   7.12e-01 (  2.62e+00, -3.24e+02)
50      0.070   2.07e+05   7.26e-01   3.75e-02   1.16e+00   1.64e+00 (  5.28e+00, -3.28e+02)
55      0.129   4.16e+05   1.76e+00   7.04e-02   2.23e+00   3.07e+00 (  1.02e+01, -3.25e+02)
60      0.226   8.60e+05   8.09e+00   1.29e-01   4.28e+00   4.79e+00 (  2.02e+01, -3.19e+02)
65      0.309   1.29e+06   2.45e+01   1.84e-01   6.03e+00   6.36e+00 (  2.90e+01, -3.11e+02)
70      0.375   1.61e+06   5.53e+01   2.32e-01   7.22e+00   7.39e+00 (  3.43e+01, -3.03e+02)
75      0.418   1.78e+06   1.29e+02   2.70e-01   7.78e+00   7.79e+00 (  3.61e+01, -2.96e+02)
80      0.433   1.84e+06   9.97e+02   2.94e-01   7.85e+00   7.73e+00 (  3.57e+01, -2.89e+02)
85      0.416   1.79e+06   1.07e+06   2.97e-01   7.31e+00   7.45e+00 (  3.30e+01, -2.82e+02)
90      0.660   1.59e+00   2.21e+00   1.36e+00   2.08e+01   7.09e+00 (  3.61e+02, -2.76e+02)
95      0.642   1.11e+00   1.60e+00   1.17e+00   5.13e+01   6.79e+00 (  8.17e+02, -2.73e+02)
10 n: 1.548e-04 e: 1.641e-02 i: 1.079e-02 :: e: 1.827e-01 i: 5.545e-01 :: n: 2.843e+01 e:6.811 i:7.112 v:4.993e+03
>>> tau_he = 5.000000, nhe(0)=4.021608e-01
 5    -15.890   4.14e-04   1.92e-02   1.82e-04  -5.28e-03   1.91e-07 (  5.74e-02, -4.62e+01)
10    -79.591   1.10e-02   2.99e-02   8.17e-02  -1.28e-01   3.40e-06 (  2.72e+00, -9.22e+01)
15     -3.732   2.28e-02   6.23e-02   8.24e-02  -8.62e-02   4.15e-05 (  5.24e+00, -1.37e+02)
20     -0.308   2.02e-02   5.90e-02   8.28e-02  -7.44e-02   3.85e-04 (  3.40e+00, -1.81e+02)
25     -0.000   3.98e-06  -2.48e-04  -7.76e-05  -3.34e-04   2.78e-03 (  3.46e-04, -2.20e+02)
30      0.000   1.29e-04   1.67e-03  -1.89e-04   3.93e-04   1.57e-02 (  4.54e-03, -2.55e+02)
35      0.002   2.07e-02   9.26e-02   1.76e-03   2.28e-02   7.04e-02 (  1.27e-01, -2.87e+02)
40      0.015   3.72e+04   6.13e-02   2.72e-03   2.14e-01   2.50e-01 (  1.02e+00, -3.11e+02)
45      0.042   1.24e+05   1.58e+00   1.70e-02   6.87e-01   7.12e-01 (  3.28e+00, -3.24e+02)
50      0.083   2.58e+05   7.58e+04   4.27e-02   1.41e+00   1.64e+00 (  6.60e+00, -3.28e+02)
55      0.144   4.87e+05   1.46e+05   7.44e-02   2.54e+00   3.07e+00 (  1.20e+01, -3.25e+02)
60      0.236   9.23e+05   3.39e+05   1.33e-01   4.52e+00   4.79e+00 (  2.17e+01, -3.19e+02)
65      0.317   1.35e+06   6.02e+05   1.88e-01   6.22e+00   6.36e+00 (  3.02e+01, -3.11e+02)
70      0.382   1.66e+06   7.91e+05   2.34e-01   7.38e+00   7.39e+00 (  3.54e+01, -3.03e+02)
75      0.424   1.82e+06   9.18e+05   2.72e-01   7.90e+00   7.79e+00 (  3.70e+01, -2.96e+02)
80      0.437   1.87e+06   1.06e+06   2.95e-01   7.92e+00   7.73e+00 (  3.63e+01, -2.89e+02)
85      0.418   1.81e+06   1.07e+06   2.96e-01   7.35e+00   7.45e+00 (  3.35e+01, -2.82e+02)
90      0.659   1.58e+00   2.21e+00   1.36e+00   2.07e+01   7.09e+00 (  3.61e+02, -2.76e+02)
95      0.642   1.11e+00   1.60e+00   1.17e+00   5.13e+01   6.79e+00 (  8.17e+02, -2.73e+02)
11 n: 6.839e-05 e: 9.085e-03 i: 6.650e-03 :: e: 1.621e-01 i: 3.350e-01 :: n: 2.848e+01 e:5.845 i:7.998 v:4.993e+03
>>> tau_he = 5.000000, nhe(0)=5.603748e-01
 5    -11.614   4.17e-04   1.82e-02   1.55e-04  -3.87e-03   1.91e-07 (  3.29e-02, -4.62e+01)
10    -11.999   8.50e-03   2.01e-02   3.41e-02  -1.92e-02   3.40e-06 (  1.20e+00, -9.22e+01)
15      2.244   2.76e-02   5.99e-02   7.53e-02   5.18e-02   4.15e-05 (  3.58e+00, -1.37e+02)
20      0.504   3.51e-02   8.39e-02   8.52e-02   1.23e-01   3.85e-04 (  3.25e+00, -1.81e+02)
25     -0.000   2.03e-05  -1.79e-04  -1.17e-04  -3.92e-04   2.78e-03 (  8.64e-04, -2.20e+02)
30      0.000   1.02e-04   7.14e-04   3.53e-05   1.48e-04   1.57e-02 (  1.13e-03, -2.55e+02)
35      0.002   3.61e+03   3.68e-02   1.89e-03   2.07e-02   7.04e-02 (  1.02e-01, -2.87e+02)
40      0.012   2.83e+04   5.96e-02   3.79e-03   1.67e-01   2.50e-01 (  7.77e-01, -3.11e+02)
45      0.037   1.03e+05   3.17e-01   9.81e-03   5.90e-01   7.12e-01 (  2.73e+00, -3.24e+02)
50      0.076   2.32e+05   8.93e-01   4.12e-02   1.29e+00   1.64e+00 (  5.95e+00, -3.28e+02)
55      0.141   4.80e+05   2.85e+00   7.41e-02   2.53e+00   3.07e+00 (  1.18e+01, -3.25e+02)
60      0.232   9.02e+05   1.16e+01   1.32e-01   4.45e+00   4.79e+00 (  2.12e+01, -3.19e+02)
65      0.312   1.32e+06   4.12e+01   1.86e-01   6.14e+00   6.36e+00 (  2.96e+01, -3.11e+02)
70      0.377   1.63e+06   1.52e+02   2.33e-01   7.30e+00   7.39e+00 (  3.47e+01, -3.03e+02)
75      0.420   1.79e+06   9.15e+05   2.71e-01   7.82e+00   7.79e+00 (  3.64e+01, -2.96e+02)
80      0.434   1.85e+06   1.05e+06   2.95e-01   7.86e+00   7.73e+00 (  3.58e+01, -2.89e+02)
85      0.415   1.79e+06   1.07e+06   2.97e-01   7.31e+00   7.45e+00 (  3.31e+01, -2.82e+02)
90      0.660   1.59e+00   2.21e+00   1.36e+00   2.08e+01   7.09e+00 (  3.61e+02, -2.76e+02)
95      0.642   1.11e+00   1.60e+00   1.17e+00   5.13e+01   6.79e+00 (  8.17e+02, -2.73e+02)
12 n: 4.849e-05 e: 7.482e-03 i: 4.038e-03 :: e: 1.503e-01 i: 4.603e-01 :: n: 2.857e+01 e:6.731 i:7.355 v:4.993e+03
>>> tau_he = 5.000000, nhe(0)=4.472076e-01
 5    -15.845   4.21e-04   1.91e-02   1.72e-04  -5.23e-03   1.91e-07 (  5.45e-02, -4.62e+01)
10    -66.953   1.05e-02   2.76e-02   6.85e-02  -1.06e-01   3.40e-06 (  2.45e+00, -9.22e+01)
15     -3.194   2.26e-02   5.95e-02   7.98e-02  -7.32e-02   4.15e-05 (  4.99e+00, -1.37e+02)
20     -0.238   2.40e-02   7.05e-02   8.43e-02  -5.68e-02   3.85e-04 (  4.05e+00, -1.81e+02)
25     -0.001   1.49e-05  -6.85e-04  -3.75e-04  -2.05e-03   2.78e-03 (  1.37e-03, -2.20e+02)
30      0.000   1.16e-04   1.61e-03  -7.41e-05   3.49e-04   1.57e-02 (  3.93e-03, -2.55e+02)
35      0.003   4.50e-02   5.26e-02   2.46e-03   2.90e-02   7.04e-02 (  1.55e-01, -2.87e+02)
40      0.013   3.41e+04   7.81e-02   3.98e-03   1.95e-01   2.50e-01 (  9.41e-01, -3.11e+02)
45      0.040   1.16e+05   6.66e-01   1.53e-02   6.43e-01   7.12e-01 (  3.09e+00, -3.24e+02)
50      0.085   2.70e+05   2.79e+00   4.41e-02   1.47e+00   1.64e+00 (  6.91e+00, -3.28e+02)
55      0.148   5.19e+05   3.19e+01   7.72e-02   2.69e+00   3.07e+00 (  1.28e+01, -3.25e+02)
60      0.238   9.39e+05   3.50e+05   1.35e-01   4.59e+00   4.79e+00 (  2.21e+01, -3.19e+02)
65      0.317   1.35e+06   6.08e+05   1.88e-01   6.25e+00   6.36e+00 (  3.03e+01, -3.11e+02)
70      0.382   1.66e+06   7.96e+05   2.34e-01   7.39e+00   7.39e+00 (  3.54e+01, -3.03e+02)
75      0.423   1.82e+06   9.20e+05   2.72e-01   7.89e+00   7.79e+00 (  3.69e+01, -2.96e+02)
80      0.436   1.87e+06   1.05e+06   2.95e-01   7.90e+00   7.73e+00 (  3.61e+01, -2.89e+02)
85      0.417   1.80e+06   1.07e+06   2.96e-01   7.32e+00   7.45e+00 (  3.34e+01, -2.82e+02)
90      0.660   1.58e+00   2.21e+00   1.36e+00   2.07e+01   7.09e+00 (  3.61e+02, -2.76e+02)
95      0.642   1.11e+00   1.60e+00   1.17e+00   5.13e+01   6.79e+00 (  8.17e+02, -2.73e+02)
13 n: 2.236e-05 e: 3.572e-03 i: 3.314e-03 :: e: 1.332e-01 i: 3.291e-01 :: n: 2.861e+01 e:6.101 i:7.978 v:4.993e+03
>>> tau_he = 5.000000, nhe(0)=5.615142e-01
 5    -13.087   4.29e-04   1.88e-02   1.62e-04  -4.33e-03   1.91e-07 (  3.90e-02, -4.62e+01)
10    -22.535   8.77e-03   2.06e-02   3.41e-02  -3.57e-02   3.40e-06 (  1.43e+00, -9.22e+01)
15     -0.149   2.46e-02   5.71e-02   7.58e-02  -3.40e-03   4.15e-05 (  3.81e+00, -1.37e+02)
20      0.380   3.26e-02   8.37e-02   8.50e-02   9.19e-02   3.85e-04 (  3.83e+00, -1.81e+02)
25      0.000   7.80e-04   1.45e-03  -9.18e-04   8.75e-04   2.78e-03 (  4.80e-02, -2.20e+02)
30      0.000   1.43e-04   2.00e-03   1.81e-04   2.55e-04   1.57e-02 (  2.63e-03, -2.55e+02)
35      0.002   4.31e+03   2.91e-02   1.91e-03   2.42e-02   7.04e-02 (  1.22e-01, -2.87e+02)
40      0.011   2.86e+04   6.28e-02   5.86e-03   1.65e-01   2.50e-01 (  7.89e-01, -3.11e+02)
45      0.036   1.01e+05   2.66e-01   9.29e-03   5.73e-01   7.12e-01 (  2.68e+00, -3.24e+02)
50      0.079   2.48e+05   8.65e-01   4.29e-02   1.36e+00   1.64e+00 (  6.35e+00, -3.28e+02)
55      0.147   5.14e+05   3.18e+00   7.69e-02   2.68e+00   3.07e+00 (  1.26e+01, -3.25e+02)
60      0.235   9.26e+05   1.32e+01   1.34e-01   4.54e+00   4.79e+00 (  2.18e+01, -3.19e+02)
65      0.314   1.34e+06   4.84e+01   1.87e-01   6.19e+00   6.36e+00 (  2.99e+01, -3.11e+02)
70      0.379   1.64e+06   2.39e+02   2.34e-01   7.34e+00   7.39e+00 (  3.50e+01, -3.03e+02)
75      0.420   1.80e+06   9.19e+05   2.71e-01   7.85e+00   7.79e+00 (  3.65e+01, -2.96e+02)
80      0.434   1.85e+06   1.05e+06   2.95e-01   7.86e+00   7.73e+00 (  3.58e+01, -2.89e+02)
85      0.415   1.79e+06   1.06e+06   2.96e-01   7.29e+00   7.45e+00 (  3.31e+01, -2.82e+02)
90      0.660   1.59e+00   2.21e+00   1.36e+00   2.08e+01   7.09e+00 (  3.61e+02, -2.76e+02)
95      0.642   1.11e+00   1.60e+00   1.17e+00   5.13e+01   6.79e+00 (  8.17e+02, -2.73e+02)
14 n: 1.517e-05 e: 3.709e-03 i: 1.602e-03 :: e: 1.240e-01 i: 3.808e-01 :: n: 2.868e+01 e:6.742 i:7.564 v:4.993e+03
>>> tau_he = 5.000000, nhe(0)=4.874338e-01
 5    -16.133   4.32e-04   1.94e-02   1.68e-04  -5.30e-03   1.91e-07 (  5.41e-02, -4.62e+01)
10    -61.532   1.03e-02   2.60e-02   5.79e-02  -9.69e-02   3.40e-06 (  2.32e+00, -9.22e+01)
15     -3.062   2.19e-02   5.71e-02   7.83e-02  -6.99e-02   4.15e-05 (  4.82e+00, -1.37e+02)
20     -0.195   2.64e-02   7.68e-02   8.48e-02  -4.62e-02   3.85e-04 (  4.63e+00, -1.81e+02)
25     -0.001   3.76e-04   7.18e-04  -6.27e-04  -1.58e-03   2.78e-03 (  3.89e-02, -2.20e+02)
30      0.000   1.48e-04   2.89e-03   1.49e-04   3.91e-04   1.57e-02 (  5.18e-03, -2.55e+02)
35      0.003   6.48e-02   3.31e-02   2.25e-03   3.17e-02   7.04e-02 (  1.67e-01, -2.87e+02)
40      0.013   3.28e+04   7.49e-02   5.66e-03   1.86e-01   2.50e-01 (  9.06e-01, -3.11e+02)
45      0.037   1.06e+05   3.81e-01   1.04e-02   5.95e-01   7.12e-01 (  2.83e+00, -3.24e+02)
50      0.086   2.74e+05   1.53e+00   4.47e-02   1.49e+00   1.64e+00 (  7.04e+00, -3.28e+02)
55      0.151   5.38e+05   7.74e+00   7.89e-02   2.78e+00   3.07e+00 (  1.32e+01, -3.25e+02)
60      0.239   9.50e+05   2.18e+02   1.36e-01   4.63e+00   4.79e+00 (  2.23e+01, -3.19e+02)
65      0.317   1.36e+06   6.12e+05   1.89e-01   6.26e+00   6.36e+00 (  3.04e+01, -3.11e+02)
70      0.382   1.66e+06   7.99e+05   2.35e-01   7.40e+00   7.39e+00 (  3.54e+01, -3.03e+02)
75      0.422   1.82e+06   9.22e+05   2.72e-01   7.89e+00   7.79e+00 (  3.69e+01, -2.96e+02)
80      0.435   1.86e+06   1.05e+06   2.95e-01   7.89e+00   7.73e+00 (  3.60e+01, -2.89e+02)
85      0.416   1.80e+06   1.07e+06   2.96e-01   7.31e+00   7.45e+00 (  3.33e+01, -2.82e+02)
90      0.660   1.58e+00   2.21e+00   1.36e+00   2.08e+01   7.09e+00 (  3.61e+02, -2.76e+02)
95      0.642   1.11e+00   1.60e+00   1.17e+00   5.13e+01   6.79e+00 (  8.17e+02, -2.73e+02)
15 n: 6.079e-06 e: 1.481e-03 i: 1.789e-03 :: e: 1.100e-01 i: 2.777e-01 :: n: 2.871e+01 e:6.321 i:8.022 v:4.993e+03
>>> tau_he = 5.000000, nhe(0)=5.737774e-01
 5    -14.344   4.44e-04   1.94e-02   1.67e-04  -4.72e-03   1.91e-07 (  4.43e-02, -4.62e+01)
10    -31.200   9.05e-03   2.07e-02   3.29e-02  -4.90e-02   3.40e-06 (  1.63e+00, -9.22e+01)
15      0.167   2.19e-02   5.35e-02   7.25e-02   3.80e-03   4.15e-05 (  3.85e+00, -1.37e+02)
20      0.265   3.14e-02   8.37e-02   8.47e-02   6.34e-02   3.85e-04 (  4.39e+00, -1.81e+02)
25      0.002   2.23e-03   4.84e-03   2.92e-03   3.77e-03   2.78e-03 (  1.82e-01, -2.20e+02)
30      0.000   3.50e-04   5.35e-03   5.83e-04   7.18e-04   1.57e-02 (  8.79e-03, -2.55e+02)
35      0.002   5.01e+03   2.37e-02   2.25e-03   2.77e-02   7.04e-02 (  1.42e-01, -2.87e+02)
40      0.011   2.88e+04   5.38e-02   6.82e-03   1.64e-01   2.50e-01 (  7.95e-01, -3.11e+02)
45      0.035   1.01e+05   2.25e-01   9.09e-03   5.69e-01   7.12e-01 (  2.69e+00, -3.24e+02)
50      0.081   2.57e+05   7.90e-01   4.35e-02   1.40e+00   1.64e+00 (  6.61e+00, -3.28e+02)
55      0.150   5.34e+05   3.23e+00   7.86e-02   2.76e+00   3.07e+00 (  1.31e+01, -3.25e+02)
60      0.237   9.40e+05   1.39e+01   1.35e-01   4.60e+00   4.79e+00 (  2.21e+01, -3.19e+02)
65      0.315   1.35e+06   5.09e+01   1.88e-01   6.23e+00   6.36e+00 (  3.02e+01, -3.11e+02)
70      0.380   1.65e+06   2.71e+02   2.34e-01   7.36e+00   7.39e+00 (  3.52e+01, -3.03e+02)
75      0.421   1.80e+06   9.21e+05   2.72e-01   7.86e+00   7.79e+00 (  3.66e+01, -2.96e+02)
80      0.434   1.85e+06   1.05e+06   2.95e-01   7.86e+00   7.73e+00 (  3.58e+01, -2.89e+02)
85      0.415   1.79e+06   1.06e+06   2.96e-01   7.29e+00   7.45e+00 (  3.31e+01, -2.82e+02)
90      0.660   1.59e+00   2.21e+00   1.36e+00   2.08e+01   7.09e+00 (  3.61e+02, -2.76e+02)
95      0.642   1.11e+00   1.60e+00   1.17e+00   5.13e+01   6.79e+00 (  8.17e+02, -2.73e+02)
16 n: 5.081e-06 e: 2.003e-03 i: 6.721e-04 :: e: 1.026e-01 i: 3.169e-01 :: n: 2.876e+01 e:6.803 i:7.750 v:4.993e+03
>>> tau_he = 5.000000, nhe(0)=5.241382e-01
 5    -16.733   4.45e-04   1.98e-02   1.67e-04  -5.43e-03   1.91e-07 (  5.52e-02, -4.62e+01)
10    -60.037   1.01e-02   2.48e-02   4.95e-02  -9.35e-02   3.40e-06 (  2.26e+00, -9.22e+01)
15     -3.257   2.21e-02   5.52e-02   7.81e-02  -7.36e-02   4.15e-05 (  4.95e+00, -1.37e+02)
20     -0.098   2.78e-02   8.02e-02   8.48e-02  -2.28e-02   3.85e-04 (  5.16e+00, -1.81e+02)
25     -0.004   8.71e-04   2.31e-03   2.00e-03  -5.89e-03   2.78e-03 (  1.02e-01, -2.20e+02)
30      0.000   3.00e-04   6.01e-03   6.37e-04   7.16e-04   1.57e-02 (  1.11e-02, -2.55e+02)
35      0.003   6.17e-02   2.46e-02   2.36e-03   3.28e-02   7.04e-02 (  1.75e-01, -2.87e+02)
40      0.012   3.20e+04   6.27e-02   6.65e-03   1.80e-01   2.50e-01 (  8.84e-01, -3.11e+02)
45      0.037   1.07e+05   2.68e-01   1.01e-02   5.96e-01   7.12e-01 (  2.84e+00, -3.24e+02)
50      0.084   2.72e+05   1.10e+00   4.48e-02   1.47e+00   1.64e+00 (  6.99e+00, -3.28e+02)
55      0.156   5.66e+05   5.58e+00   8.34e-02   2.89e+00   3.07e+00 (  1.39e+01, -3.25e+02)
60      0.239   9.56e+05   3.92e+01   1.36e-01   4.65e+00   4.79e+00 (  2.25e+01, -3.19e+02)
65      0.317   1.36e+06   6.15e+05   1.89e-01   6.27e+00   6.36e+00 (  3.05e+01, -3.11e+02)
70      0.382   1.66e+06   8.01e+05   2.35e-01   7.40e+00   7.39e+00 (  3.55e+01, -3.03e+02)
75      0.422   1.82e+06   9.23e+05   2.72e-01   7.89e+00   7.79e+00 (  3.69e+01, -2.96e+02)
80      0.435   1.86e+06   1.06e+06   2.95e-01   7.88e+00   7.73e+00 (  3.60e+01, -2.89e+02)
85      0.415   1.80e+06   1.06e+06   2.96e-01   7.29e+00   7.45e+00 (  3.32e+01, -2.82e+02)
90      0.660   1.58e+00   2.21e+00   1.36e+00   2.08e+01   7.09e+00 (  3.61e+02, -2.76e+02)
95      0.642   1.11e+00   1.60e+00   1.17e+00   5.13e+01   6.79e+00 (  8.17e+02, -2.73e+02)
17 n: 2.256e-07 e: 6.465e-04 i: 1.050e-03 :: e: 9.131e-02 i: 2.393e-01 :: n: 2.879e+01 e:6.516 i:8.101 v:4.993e+03
>>> tau_he = 5.000000, nhe(0)=5.919108e-01
 5    -15.547   4.59e-04   2.00e-02   1.72e-04  -5.05e-03   1.91e-07 (  4.89e-02, -4.62e+01)
10    -37.707   8.95e-03   2.07e-02   3.13e-02  -5.87e-02   3.40e-06 (  1.72e+00, -9.22e+01)
15     -0.987   2.11e-02   5.17e-02   7.36e-02  -2.23e-02   4.15e-05 (  4.07e+00, -1.37e+02)
20      0.156   3.04e-02   8.35e-02   8.41e-02   3.67e-02   3.85e-04 (  4.89e+00, -1.81e+02)
25      0.017   1.05e-02   1.84e-02   2.05e-02   2.85e-02   2.78e-03 (  1.07e+00, -2.20e+02)
30      0.000   2.62e-04   3.65e-03   4.31e-04   6.05e-04   1.57e-02 (  8.12e-03, -2.55e+02)
35      0.002   3.19e-01   1.95e-02   2.47e-03   3.01e-02   7.04e-02 (  1.58e-01, -2.87e+02)
40      0.011   2.89e+04   4.96e-02   7.42e-03   1.62e-01   2.50e-01 (  7.98e-01, -3.11e+02)
45      0.032   9.38e+04   1.91e-01   1.18e-02   5.26e-01   7.12e-01 (  2.50e+00, -3.24e+02)
50      0.081   2.61e+05   7.01e-01   4.40e-02   1.41e+00   1.64e+00 (  6.70e+00, -3.28e+02)
55      0.155   5.59e+05   3.31e+00   8.29e-02   2.86e+00   3.07e+00 (  1.38e+01, -3.25e+02)
60      0.238   9.49e+05   1.45e+01   1.36e-01   4.62e+00   4.79e+00 (  2.23e+01, -3.19e+02)
65      0.316   1.35e+06   5.34e+01   1.88e-01   6.25e+00   6.36e+00 (  3.03e+01, -3.11e+02)
70      0.380   1.65e+06   3.06e+02   2.35e-01   7.38e+00   7.39e+00 (  3.53e+01, -3.03e+02)
75      0.421   1.81e+06   9.22e+05   2.72e-01   7.87e+00   7.79e+00 (  3.67e+01, -2.96e+02)
80      0.434   1.85e+06   1.05e+06   2.95e-01   7.86e+00   7.73e+00 (  3.59e+01, -2.89e+02)
85      0.415   1.79e+06   1.06e+06   2.96e-01   7.28e+00   7.45e+00 (  3.31e+01, -2.82e+02)
90      0.660   1.59e+00   2.21e+00   1.36e+00   2.08e+01   7.09e+00 (  3.61e+02, -2.76e+02)
95      0.642   1.11e+00   1.60e+00   1.17e+00   5.13e+01   6.79e+00 (  8.17e+02, -2.73e+02)
18 n: 1.477e-06 e: 1.165e-03 i: 2.985e-04 :: e: 7.929e-02 i: 2.610e-01 :: n: 2.884e+01 e:6.892 i:7.920 v:4.993e+03
>>> tau_he = 5.000000, nhe(0)=5.591017e-01
 5    -17.400   4.60e-04   2.03e-02   1.68e-04  -5.61e-03   1.91e-07 (  5.71e-02, -4.62e+01)
10    -60.394   9.99e-03   2.39e-02   4.31e-02  -9.33e-02   3.40e-06 (  2.25e+00, -9.22e+01)
15     -3.545   2.21e-02   5.38e-02   7.85e-02  -7.97e-02   4.15e-05 (  5.10e+00, -1.37e+02)
20     -0.125   2.89e-02   8.20e-02   8.50e-02  -2.87e-02   3.85e-04 (  5.68e+00, -1.81e+02)
25      0.010   9.66e-03   1.78e-02   1.62e-02   1.49e-02   2.78e-03 (  1.28e+00, -2.20e+02)
30      0.000   2.22e-04   3.87e-03   4.61e-04   5.69e-04   1.57e-02 (  9.88e-03, -2.55e+02)
35      0.003   5.56e-02   1.88e-02   2.46e-03   3.47e-02   7.04e-02 (  1.86e-01, -2.87e+02)
40      0.012   3.22e+04   5.32e-02   6.68e-03   1.79e-01   2.50e-01 (  8.90e-01, -3.11e+02)
45      0.036   1.06e+05   2.23e-01   9.81e-03   5.87e-01   7.12e-01 (  2.82e+00, -3.24e+02)
50      0.084   2.73e+05   8.75e-01   4.50e-02   1.47e+00   1.64e+00 (  7.02e+00, -3.28e+02)
55      0.157   5.68e+05   4.59e+00   8.37e-02   2.90e+00   3.07e+00 (  1.40e+01, -3.25e+02)
60      0.239   9.59e+05   2.77e+01   1.36e-01   4.65e+00   4.79e+00 (  2.26e+01, -3.19e+02)
65      0.317   1.36e+06   5.54e+02   1.89e-01   6.28e+00   6.36e+00 (  3.05e+01, -3.11e+02)
70      0.382   1.66e+06   8.02e+05   2.35e-01   7.40e+00   7.39e+00 (  3.55e+01, -3.03e+02)
75      0.422   1.82e+06   9.24e+05   2.72e-01   7.89e+00   7.79e+00 (  3.69e+01, -2.96e+02)
80      0.435   1.86e+06   1.06e+06   2.95e-01   7.87e+00   7.73e+00 (  3.60e+01, -2.89e+02)
85      0.415   1.80e+06   1.06e+06   2.96e-01   7.29e+00   7.45e+00 (  3.32e+01, -2.82e+02)
90      0.660   1.59e+00   2.21e+00   1.36e+00   2.08e+01   7.09e+00 (  3.61e+02, -2.76e+02)
95      0.642   1.11e+00   1.60e+00   1.17e+00   5.13e+01   6.79e+00 (  8.17e+02, -2.73e+02)
19 n: 2.555e-07 e: 2.929e-04 i: 6.586e-04 :: e: 7.419e-02 i: 2.104e-01 :: n: 2.888e+01 e:6.693 i:8.198 v:4.993e+03
>>> tau_he = 5.000000, nhe(0)=6.144025e-01
 5    -16.638   4.74e-04   2.06e-02   1.76e-04  -5.36e-03   1.91e-07 (  5.32e-02, -4.62e+01)
10    -44.801   9.13e-03   2.06e-02   2.95e-02  -6.91e-02   3.40e-06 (  1.85e+00, -9.22e+01)
15     -2.123   2.12e-02   5.06e-02   7.59e-02  -4.77e-02   4.15e-05 (  4.43e+00, -1.37e+02)
20      0.064   3.09e-02   8.32e-02   8.38e-02   1.49e-02   3.85e-04 (  5.54e+00, -1.81e+02)
25      0.021   1.69e-02   3.60e-02   5.08e-02   2.88e-02   2.78e-03 (  2.06e+00, -2.20e+02)
30      0.000   1.85e-04   2.46e-03   2.98e-04   4.88e-04   1.57e-02 (  7.59e-03, -2.55e+02)
35      0.002   1.04e-01   1.50e-02   1.98e-03   3.21e-02   7.04e-02 (  1.71e-01, -2.87e+02)
40      0.010   2.76e+04   4.95e-02   9.13e-03   1.55e-01   2.50e-01 (  7.64e-01, -3.11e+02)
45      0.033   9.60e+04   1.69e-01   1.20e-02   5.35e-01   7.12e-01 (  2.56e+00, -3.24e+02)
50      0.081   2.64e+05   6.30e-01   4.44e-02   1.42e+00   1.64e+00 (  6.77e+00, -3.28e+02)
55      0.155   5.64e+05   3.28e+00   8.33e-02   2.88e+00   3.07e+00 (  1.39e+01, -3.25e+02)
60      0.238   9.54e+05   1.56e+01   1.36e-01   4.64e+00   4.79e+00 (  2.24e+01, -3.19e+02)
65      0.317   1.36e+06   6.05e+01   1.89e-01   6.26e+00   6.36e+00 (  3.04e+01, -3.11e+02)
70      0.381   1.66e+06   5.26e+02   2.35e-01   7.39e+00   7.39e+00 (  3.54e+01, -3.03e+02)
75      0.421   1.81e+06   9.23e+05   2.72e-01   7.87e+00   7.79e+00 (  3.68e+01, -2.96e+02)
80      0.434   1.85e+06   1.05e+06   2.95e-01   7.86e+00   7.73e+00 (  3.59e+01, -2.89e+02)
85      0.414   1.79e+06   1.06e+06   2.96e-01   7.28e+00   7.45e+00 (  3.31e+01, -2.82e+02)
90      0.660   1.59e+00   2.21e+00   1.36e+00   2.08e+01   7.09e+00 (  3.61e+02, -2.76e+02)
95      0.642   1.11e+00   1.60e+00   1.17e+00   5.13e+01   6.79e+00 (  8.17e+02, -2.73e+02)
20 n: 1.148e-06 e: 7.302e-04 i: 1.444e-04 :: e: 6.618e-02 i: 2.154e-01 :: n: 2.895e+01 e:6.996 i:8.076 v:4.993e+03
>>> tau_he = 5.000000, nhe(0)=5.933185e-01
 5    -18.107   4.75e-04   2.09e-02   1.72e-04  -5.80e-03   1.91e-07 (  5.96e-02, -4.62e+01)
10    -61.778   9.91e-03   2.30e-02   3.77e-02  -9.48e-02   3.40e-06 (  2.25e+00, -9.22e+01)
15     -3.710   2.20e-02   5.25e-02   7.94e-02  -8.31e-02   4.15e-05 (  5.25e+00, -1.37e+02)
20     -0.156   2.93e-02   8.24e-02   8.46e-02  -3.54e-02   3.85e-04 (  6.12e+00, -1.81e+02)
25      0.004   1.65e-02   3.75e-02   5.27e-02   5.00e-03   2.78e-03 (  2.45e+00, -2.20e+02)
30      0.000   4.21e-05   6.40e-04   8.19e-05   1.21e-04   1.57e-02 (  2.30e-03, -2.55e+02)
35      0.003   6.00e-02   1.82e-02   3.22e-03   4.33e-02   7.04e-02 (  2.41e-01, -2.87e+02)
40      0.012   3.33e+04   4.72e-02   6.59e-03   1.84e-01   2.50e-01 (  9.22e-01, -3.11e+02)
45      0.036   1.07e+05   1.87e-01   9.69e-03   5.90e-01   7.12e-01 (  2.85e+00, -3.24e+02)
50      0.084   2.74e+05   7.36e-01   4.52e-02   1.47e+00   1.64e+00 (  7.05e+00, -3.28e+02)
55      0.157   5.70e+05   4.13e+00   8.39e-02   2.90e+00   3.07e+00 (  1.41e+01, -3.25e+02)
60      0.239   9.61e+05   2.50e+01   1.36e-01   4.66e+00   4.79e+00 (  2.26e+01, -3.19e+02)
65      0.318   1.36e+06   2.37e+02   1.89e-01   6.29e+00   6.36e+00 (  3.06e+01, -3.11e+02)
70      0.382   1.67e+06   8.03e+05   2.35e-01   7.41e+00   7.39e+00 (  3.55e+01, -3.03e+02)
75      0.422   1.82e+06   9.24e+05   2.72e-01   7.89e+00   7.79e+00 (  3.69e+01, -2.96e+02)
80      0.435   1.86e+06   1.06e+06   2.95e-01   7.87e+00   7.73e+00 (  3.60e+01, -2.89e+02)
85      0.415   1.79e+06   1.06e+06   2.96e-01   7.28e+00   7.45e+00 (  3.32e+01, -2.82e+02)
90      0.660   1.59e+00   2.21e+00   1.36e+00   2.08e+01   7.09e+00 (  3.61e+02, -2.76e+02)
95      0.642   1.11e+00   1.60e+00   1.17e+00   5.13e+01   6.79e+00 (  8.17e+02, -2.73e+02)
21 n: 1.341e-07 e: 1.370e-04 i: 4.346e-04 :: e: 6.003e-02 i: 1.780e-01 :: n: 2.898e+01 e:6.857 i:8.301 v:4.993e+03
>>> tau_he = 5.000000, nhe(0)=6.391838e-01
 5    -17.578   4.90e-04   2.12e-02   1.81e-04  -5.65e-03   1.91e-07 (  5.72e-02, -4.62e+01)
10    -50.179   9.21e-03   2.04e-02   2.75e-02  -7.69e-02   3.40e-06 (  1.95e+00, -9.22e+01)
15     -2.936   2.16e-02   4.97e-02   7.78e-02  -6.57e-02   4.15e-05 (  4.81e+00, -1.37e+02)
20     -0.033   3.04e-02   8.26e-02   8.33e-02  -7.54e-03   3.85e-04 (  5.96e+00, -1.81e+02)
25      0.007   2.15e-02   5.34e-02   7.23e-02   8.47e-03   2.78e-03 (  3.04e+00, -2.20e+02)
30      0.000   3.44e-05   3.29e-04   2.38e-05   1.08e-04   1.57e-02 (  1.82e-03, -2.55e+02)
35      0.003   7.19e-02   1.38e-02   2.15e-03   3.61e-02   7.04e-02 (  2.01e-01, -2.87e+02)
40      0.010   2.84e+04   4.48e-02   9.19e-03   1.57e-01   2.50e-01 (  7.87e-01, -3.11e+02)
45      0.033   9.72e+04   1.49e-01   1.20e-02   5.38e-01   7.12e-01 (  2.59e+00, -3.24e+02)
50      0.083   2.70e+05   5.91e-01   4.47e-02   1.45e+00   1.64e+00 (  6.93e+00, -3.28e+02)
55      0.156   5.67e+05   3.27e+00   8.37e-02   2.89e+00   3.07e+00 (  1.40e+01, -3.25e+02)
60      0.239   9.58e+05   1.70e+01   1.36e-01   4.65e+00   4.79e+00 (  2.25e+01, -3.19e+02)
65      0.317   1.36e+06   7.08e+01   1.89e-01   6.27e+00   6.36e+00 (  3.05e+01, -3.11e+02)
70      0.381   1.66e+06   2.74e+03   2.35e-01   7.40e+00   7.39e+00 (  3.55e+01, -3.03e+02)
75      0.422   1.81e+06   9.24e+05   2.72e-01   7.88e+00   7.79e+00 (  3.68e+01, -2.96e+02)
80      0.434   1.86e+06   1.06e+06   2.95e-01   7.87e+00   7.73e+00 (  3.60e+01, -2.89e+02)
85      0.414   1.79e+06   1.06e+06   2.96e-01   7.28e+00   7.45e+00 (  3.31e+01, -2.82e+02)
90      0.660   1.59e+00   2.21e+00   1.36e+00   2.08e+01   7.09e+00 (  3.61e+02, -2.76e+02)
95      0.642   1.11e+00   1.60e+00   1.17e+00   5.13e+01   6.79e+00 (  8.17e+02, -2.73e+02)
22 n: 9.969e-07 e: 4.812e-04 i: 7.643e-05 :: e: 5.385e-02 i: 1.767e-01 :: n: 2.906e+01 e:7.105 i:8.220 v:4.993e+03
>>> tau_he = 5.000000, nhe(0)=6.261131e-01
 5    -18.609   4.91e-04   2.15e-02   1.85e-04  -5.99e-03   1.91e-07 (  6.23e-02, -4.62e+01)
10    -63.323   9.83e-03   2.22e-02   3.32e-02  -9.69e-02   3.40e-06 (  2.26e+00, -9.22e+01)
15     -4.138   2.29e-02   5.13e-02   8.06e-02  -9.26e-02   4.15e-05 (  5.62e+00, -1.37e+02)
20     -0.205   3.05e-02   8.22e-02   8.42e-02  -4.73e-02   3.85e-04 (  6.71e+00, -1.81e+02)
25     -0.035   2.14e-02   6.33e-02   7.24e-02  -4.09e-02   2.78e-03 (  3.52e+00, -2.20e+02)
30      0.000   3.34e-05   3.36e-04   2.46e-05   1.12e-04   1.57e-02 (  2.22e-03, -2.55e+02)
35      0.003   4.97e-02   1.50e-02   2.78e-03   4.22e-02   7.04e-02 (  2.39e-01, -2.87e+02)
40      0.010   3.02e+04   4.94e-02   1.01e-02   1.65e-01   2.50e-01 (  8.35e-01, -3.11e+02)
45      0.033   9.98e+04   1.60e-01   1.24e-02   5.49e-01   7.12e-01 (  2.67e+00, -3.24e+02)
50      0.084   2.74e+05   6.33e-01   4.53e-02   1.47e+00   1.64e+00 (  7.04e+00, -3.28e+02)
55      0.157   5.73e+05   3.87e+00   8.41e-02   2.91e+00   3.07e+00 (  1.41e+01, -3.25e+02)
60      0.240   9.64e+05   2.44e+01   1.37e-01   4.67e+00   4.79e+00 (  2.27e+01, -3.19e+02)
65      0.318   1.37e+06   1.92e+02   1.89e-01   6.29e+00   6.36e+00 (  3.07e+01, -3.11e+02)
70      0.382   1.67e+06   8.04e+05   2.35e-01   7.41e+00   7.39e+00 (  3.56e+01, -3.03e+02)
75      0.422   1.82e+06   9.25e+05   2.72e-01   7.89e+00   7.79e+00 (  3.69e+01, -2.96e+02)
80      0.435   1.86e+06   1.06e+06   2.95e-01   7.87e+00   7.73e+00 (  3.60e+01, -2.89e+02)
85      0.415   1.80e+06   1.06e+06   2.96e-01   7.28e+00   7.45e+00 (  3.32e+01, -2.82e+02)
90      0.660   1.59e+00   2.21e+00   1.36e+00   2.08e+01   7.09e+00 (  3.62e+02, -2.76e+02)
95      0.642   1.11e+00   1.60e+00   1.17e+00   5.13e+01   6.79e+00 (  8.17e+02, -2.73e+02)
23 n: 8.670e-07 e: 6.515e-05 i: 3.047e-04 :: e: 4.867e-02 i: 1.485e-01 :: n: 2.907e+01 e:7.009 i:8.407 v:4.993e+03
>>> tau_he = 5.000000, nhe(0)=6.642020e-01
 5    -18.289   5.05e-04   2.19e-02   1.95e-04  -5.89e-03   1.91e-07 (  6.09e-02, -4.62e+01)
10    -54.664   9.25e-03   2.01e-02   2.57e-02  -8.35e-02   3.40e-06 (  2.02e+00, -9.22e+01)
15     -3.368   2.16e-02   4.89e-02   7.98e-02  -7.53e-02   4.15e-05 (  5.06e+00, -1.37e+02)
20     -0.102   3.02e-02   8.16e-02   8.28e-02  -2.38e-02   3.85e-04 (  6.35e+00, -1.81e+02)
25     -0.023   2.21e-02   6.37e-02   7.94e-02  -2.85e-02   2.78e-03 (  3.51e+00, -2.20e+02)
30      0.000   9.18e-04   1.15e-03   1.19e-04   4.30e-03   1.57e-02 (  6.10e-02, -2.55e+02)
35      0.002   5.02e-02   1.25e-02   2.88e-03   3.47e-02   7.04e-02 (  1.99e-01, -2.87e+02)
40      0.010   2.92e+04   4.60e-02   9.29e-03   1.58e-01   2.50e-01 (  8.10e-01, -3.11e+02)
45      0.031   9.49e+04   1.28e-01   1.32e-02   5.22e-01   7.12e-01 (  2.53e+00, -3.24e+02)
50      0.082   2.70e+05   5.29e-01   4.49e-02   1.44e+00   1.64e+00 (  6.94e+00, -3.28e+02)
55      0.156   5.70e+05   3.24e+00   8.39e-02   2.90e+00   3.07e+00 (  1.40e+01, -3.25e+02)
60      0.239   9.61e+05   1.83e+01   1.36e-01   4.65e+00   4.79e+00 (  2.26e+01, -3.19e+02)
65      0.317   1.37e+06   8.02e+01   1.89e-01   6.28e+00   6.36e+00 (  3.06e+01, -3.11e+02)
70      0.381   1.67e+06   8.04e+05   2.35e-01   7.40e+00   7.39e+00 (  3.55e+01, -3.03e+02)
75      0.422   1.82e+06   9.25e+05   2.72e-01   7.88e+00   7.79e+00 (  3.69e+01, -2.96e+02)
80      0.434   1.86e+06   1.06e+06   2.95e-01   7.87e+00   7.73e+00 (  3.60e+01, -2.89e+02)
85      0.414   1.79e+06   1.06e+06   2.96e-01   7.28e+00   7.45e+00 (  3.32e+01, -2.82e+02)
90      0.660   1.59e+00   2.21e+00   1.36e+00   2.08e+01   7.09e+00 (  3.61e+02, -2.76e+02)
95      0.642   1.11e+00   1.60e+00   1.17e+00   5.13e+01   6.79e+00 (  8.17e+02, -2.73e+02)
24 n: 1.459e-06 e: 3.318e-04 i: 4.358e-05 :: e: 4.381e-02 i: 1.456e-01 :: n: 2.909e+01 e:7.216 i:8.358 v:4.993e+03
>>> tau_he = 5.000000, nhe(0)=6.552389e-01
 5    -19.160   5.07e-04   2.21e-02   1.92e-04  -6.16e-03   1.91e-07 (  6.50e-02, -4.62e+01)
10    -65.250   9.75e-03   2.15e-02   2.96e-02  -9.94e-02   3.40e-06 (  2.27e+00, -9.22e+01)
15     -4.545   2.29e-02   5.01e-02   8.17e-02  -1.01e-01   4.15e-05 (  5.79e+00, -1.37e+02)
20     -0.184   3.08e-02   8.15e-02   8.39e-02  -4.34e-02   3.85e-04 (  7.05e+00, -1.81e+02)
25     -0.043   2.32e-02   6.58e-02   8.11e-02  -5.48e-02   2.78e-03 (  4.14e+00, -2.20e+02)
30      0.001   1.19e-03   1.63e-03   7.74e-05   5.95e-03   1.57e-02 (  9.49e-02, -2.55e+02)
35      0.002   3.59e-02   1.24e-02   2.96e-03   3.51e-02   7.04e-02 (  2.06e-01, -2.87e+02)
40      0.010   3.11e+04   4.70e-02   9.38e-03   1.67e-01   2.50e-01 (  8.61e-01, -3.11e+02)
45      0.033   1.01e+05   1.40e-01   1.24e-02   5.48e-01   7.12e-01 (  2.69e+00, -3.24e+02)
50      0.083   2.74e+05   5.49e-01   4.54e-02   1.46e+00   1.64e+00 (  7.04e+00, -3.28e+02)
55      0.157   5.75e+05   3.66e+00   8.43e-02   2.91e+00   3.07e+00 (  1.42e+01, -3.25e+02)
60      0.240   9.67e+05   2.38e+01   1.37e-01   4.67e+00   4.79e+00 (  2.28e+01, -3.19e+02)
65      0.318   1.37e+06   1.61e+02   1.90e-01   6.29e+00   6.36e+00 (  3.07e+01, -3.11e+02)
70      0.382   1.67e+06   8.05e+05   2.36e-01   7.41e+00   7.39e+00 (  3.57e+01, -3.03e+02)
75      0.422   1.82e+06   9.26e+05   2.72e-01   7.89e+00   7.79e+00 (  3.70e+01, -2.96e+02)
80      0.434   1.86e+06   1.06e+06   2.95e-01   7.87e+00   7.73e+00 (  3.61e+01, -2.89e+02)
85      0.414   1.80e+06   1.06e+06   2.96e-01   7.28e+00   7.45e+00 (  3.32e+01, -2.82e+02)
90      0.660   1.58e+00   2.21e+00   1.36e+00   2.08e+01   7.09e+00 (  3.62e+02, -2.76e+02)
95      0.642   1.11e+00   1.60e+00   1.17e+00   5.13e+01   6.79e+00 (  8.17e+02, -2.73e+02)
25 n: 7.948e-07 e: 3.210e-05 i: 2.391e-04 :: e: 3.953e-02 i: 1.241e-01 :: n: 2.910e+01 e:7.151 i:8.523 v:4.993e+03
>>> tau_he = 5.000000, nhe(0)=6.892797e-01
 5    -19.031   5.22e-04   2.26e-02   2.02e-04  -6.11e-03   1.91e-07 (  6.44e-02, -4.62e+01)
10    -58.650   9.27e-03   1.97e-02   2.38e-02  -8.91e-02   3.40e-06 (  2.08e+00, -9.22e+01)
15     -3.955   2.23e-02   4.79e-02   8.15e-02  -8.81e-02   4.15e-05 (  5.44e+00, -1.37e+02)
20     -0.183   3.10e-02   8.07e-02   8.23e-02  -4.35e-02   3.85e-04 (  6.88e+00, -1.81e+02)
25     -0.014   2.54e-02   7.27e-02   8.27e-02  -1.84e-02   2.78e-03 (  4.45e+00, -2.20e+02)
30      0.000   6.00e-04   6.87e-04  -2.21e-04   3.09e-03   1.57e-02 (  4.84e-02, -2.55e+02)
35      0.002   3.21e-02   9.87e-03   2.52e-03   2.78e-02   7.04e-02 (  1.67e-01, -2.87e+02)
40      0.009   9.76e+00   4.28e-02   9.20e-03   1.53e-01   2.50e-01 (  8.04e-01, -3.11e+02)
45      0.030   9.43e+04   1.19e-01   1.30e-02   5.11e-01   7.12e-01 (  2.52e+00, -3.24e+02)
50      0.082   2.71e+05   4.72e-01   4.51e-02   1.44e+00   1.64e+00 (  6.97e+00, -3.28e+02)
55      0.157   5.73e+05   3.17e+00   8.43e-02   2.90e+00   3.07e+00 (  1.41e+01, -3.25e+02)
60      0.240   9.66e+05   1.89e+01   1.37e-01   4.66e+00   4.79e+00 (  2.27e+01, -3.19e+02)
65      0.318   1.37e+06   8.20e+01   1.90e-01   6.29e+00   6.36e+00 (  3.07e+01, -3.11e+02)
70      0.382   1.67e+06   8.05e+05   2.36e-01   7.41e+00   7.39e+00 (  3.56e+01, -3.03e+02)
75      0.422   1.82e+06   9.26e+05   2.73e-01   7.88e+00   7.79e+00 (  3.70e+01, -2.96e+02)
80      0.434   1.86e+06   1.06e+06   2.95e-01   7.86e+00   7.73e+00 (  3.61e+01, -2.89e+02)
85      0.414   1.80e+06   1.06e+06   2.96e-01   7.27e+00   7.45e+00 (  3.32e+01, -2.82e+02)
90      0.660   1.58e+00   2.21e+00   1.36e+00   2.08e+01   7.09e+00 (  3.62e+02, -2.76e+02)
95      0.642   1.11e+00   1.60e+00   1.17e+00   5.13e+01   6.79e+00 (  8.17e+02, -2.73e+02)
26 n: 1.895e-06 e: 2.567e-04 i: 3.070e-05 :: e: 3.561e-02 i: 1.207e-01 :: n: 2.914e+01 e:7.333 i:8.497 v:4.993e+03
>>> tau_he = 5.000000, nhe(0)=6.859420e-01
 5    -19.773   5.25e-04   2.28e-02   2.01e-04  -6.35e-03   1.91e-07 (  6.81e-02, -4.62e+01)
10    -65.801   9.57e-03   2.07e-02   2.65e-02  -9.97e-02   3.40e-06 (  2.26e+00, -9.22e+01)
15     -4.941   2.31e-02   4.91e-02   8.34e-02  -1.10e-01   4.15e-05 (  5.97e+00, -1.37e+02)
20     -0.232   3.11e-02   8.08e-02   8.35e-02  -5.57e-02   3.85e-04 (  7.41e+00, -1.81e+02)
25     -0.032   2.73e-02   7.45e-02   8.42e-02  -4.31e-02   2.78e-03 (  5.23e+00, -2.20e+02)
30      0.000   9.36e-04   1.26e-03  -3.43e-04   5.09e-03   1.57e-02 (  8.79e-02, -2.55e+02)
35      0.002   2.67e-02   1.00e-02   2.74e-03   2.99e-02   7.04e-02 (  1.83e-01, -2.87e+02)
40      0.010   5.54e-01   4.37e-02   9.39e-03   1.61e-01   2.50e-01 (  8.60e-01, -3.11e+02)
45      0.031   9.82e+04   1.19e-01   1.34e-02   5.28e-01   7.12e-01 (  2.62e+00, -3.24e+02)
50      0.083   2.75e+05   4.79e-01   4.56e-02   1.46e+00   1.64e+00 (  7.07e+00, -3.28e+02)
55      0.157   5.78e+05   3.44e+00   8.47e-02   2.91e+00   3.07e+00 (  1.42e+01, -3.25e+02)
60      0.240   9.71e+05   2.26e+01   1.37e-01   4.67e+00   4.79e+00 (  2.29e+01, -3.19e+02)
65      0.318   1.38e+06   1.23e+02   1.90e-01   6.30e+00   6.36e+00 (  3.09e+01, -3.11e+02)
70      0.382   1.68e+06   8.06e+05   2.36e-01   7.42e+00   7.39e+00 (  3.58e+01, -3.03e+02)
75      0.422   1.83e+06   9.27e+05   2.73e-01   7.89e+00   7.79e+00 (  3.71e+01, -2.96e+02)
80      0.434   1.87e+06   1.06e+06   2.95e-01   7.87e+00   7.73e+00 (  3.61e+01, -2.89e+02)
85      0.414   1.80e+06   1.07e+06   2.96e-01   7.27e+00   7.45e+00 (  3.33e+01, -2.82e+02)
90      0.660   1.58e+00   2.21e+00   1.36e+00   2.08e+01   7.09e+00 (  3.62e+02, -2.76e+02)
95      0.642   1.11e+00   1.60e+00   1.17e+00   5.13e+01   6.79e+00 (  8.17e+02, -2.73e+02)
27 n: 1.490e-06 e: 1.861e-05 i: 1.921e-04 :: e: 5.557e-02 i: 1.044e-01 :: n: 2.917e+01 e:7.293 i:8.644 v:4.993e+03
>>> tau_he = 5.000000, nhe(0)=7.176149e-01
 5    -19.791   5.40e-04   2.33e-02   2.10e-04  -6.35e-03   1.91e-07 (  6.81e-02, -4.62e+01)
10    -60.903   9.16e-03   1.91e-02   2.19e-02  -9.21e-02   3.40e-06 (  2.10e+00, -9.22e+01)
15     -4.507   2.26e-02   4.70e-02   8.37e-02  -1.00e-01   4.15e-05 (  5.73e+00, -1.37e+02)
20     -0.185   3.10e-02   7.94e-02   8.20e-02  -4.46e-02   3.85e-04 (  7.23e+00, -1.81e+02)
25     -0.014   2.82e-02   7.91e-02   8.47e-02  -1.92e-02   2.78e-03 (  5.37e+00, -2.20e+02)
30      0.001   1.75e-03   2.85e-03  -4.71e-04   9.60e-03   1.57e-02 (  1.70e-01, -2.55e+02)
35      0.002   2.06e-02   8.29e-03   2.34e-03   2.43e-02   7.04e-02 (  1.54e-01, -2.87e+02)
40      0.009   5.21e-01   3.99e-02   1.05e-02   1.50e-01   2.50e-01 (  8.10e-01, -3.11e+02)
45      0.026   8.26e+04   9.35e-02   1.30e-02   4.48e-01   7.12e-01 (  2.21e+00, -3.24e+02)
50      0.081   2.71e+05   4.14e-01   4.53e-02   1.43e+00   1.64e+00 (  6.97e+00, -3.28e+02)
55      0.157   5.75e+05   2.99e+00   8.45e-02   2.90e+00   3.07e+00 (  1.42e+01, -3.25e+02)
60      0.240   9.69e+05   1.81e+01   1.37e-01   4.66e+00   4.79e+00 (  2.28e+01, -3.19e+02)
65      0.318   1.37e+06   7.04e+01   1.90e-01   6.29e+00   6.36e+00 (  3.08e+01, -3.11e+02)
70      0.382   1.67e+06   6.08e+02   2.36e-01   7.41e+00   7.39e+00 (  3.57e+01, -3.03e+02)
75      0.422   1.82e+06   9.26e+05   2.73e-01   7.88e+00   7.79e+00 (  3.70e+01, -2.96e+02)
80      0.434   1.86e+06   1.06e+06   2.95e-01   7.86e+00   7.73e+00 (  3.61e+01, -2.89e+02)
85      0.414   1.80e+06   1.07e+06   2.96e-01   7.26e+00   7.45e+00 (  3.33e+01, -2.82e+02)
90      0.660   1.58e+00   2.21e+00   1.36e+00   2.08e+01   7.09e+00 (  3.62e+02, -2.76e+02)
95      0.642   1.11e+00   1.60e+00   1.17e+00   5.13e+01   6.79e+00 (  8.17e+02, -2.73e+02)
28 n: 5.770e-06 e: 2.108e-04 i: 2.579e-05 :: e: 5.044e-02 i: 1.020e-01 :: n: 2.921e+01 e:7.456 i:8.633 v:4.993e+03
>>> tau_he = 5.000000, nhe(0)=7.170229e-01
 5    -20.428   5.44e-04   2.36e-02   2.12e-04  -6.54e-03   1.91e-07 (  7.14e-02, -4.62e+01)
10    -68.259   9.49e-03   2.00e-02   2.38e-02  -1.03e-01   3.40e-06 (  2.27e+00, -9.22e+01)
15     -5.361   2.32e-02   4.81e-02   8.54e-02  -1.19e-01   4.15e-05 (  6.16e+00, -1.37e+02)
20     -0.282   3.21e-02   7.99e-02   8.34e-02  -6.86e-02   3.85e-04 (  7.94e+00, -1.81e+02)
25     -0.039   3.19e-02   8.09e-02   8.61e-02  -5.65e-02   2.78e-03 (  6.56e+00, -2.20e+02)
30      0.001   2.19e-03   3.95e-03  -2.69e-04   1.21e-02   1.57e-02 (  2.45e-01, -2.55e+02)
35      0.002   1.55e-02   8.40e-03   2.40e-03   2.46e-02   7.04e-02 (  1.62e-01, -2.87e+02)
40      0.009   3.44e-01   4.12e-02   9.40e-03   1.59e-01   2.50e-01 (  8.69e-01, -3.11e+02)
45      0.031   1.02e+05   1.08e-01   1.36e-02   5.46e-01   7.12e-01 (  2.73e+00, -3.24e+02)
50      0.082   2.75e+05   4.24e-01   4.58e-02   1.45e+00   1.64e+00 (  7.06e+00, -3.28e+02)
55      0.157   5.78e+05   3.28e+00   8.48e-02   2.91e+00   3.07e+00 (  1.42e+01, -3.25e+02)
60      0.240   9.72e+05   2.21e+01   1.37e-01   4.67e+00   4.79e+00 (  2.29e+01, -3.19e+02)
65      0.318   1.38e+06   1.08e+02   1.90e-01   6.29e+00   6.36e+00 (  3.09e+01, -3.11e+02)
70      0.382   1.68e+06   8.06e+05   2.36e-01   7.41e+00   7.39e+00 (  3.58e+01, -3.03e+02)
75      0.422   1.83e+06   9.27e+05   2.73e-01   7.88e+00   7.79e+00 (  3.71e+01, -2.96e+02)
80      0.434   1.87e+06   1.06e+06   2.95e-01   7.86e+00   7.73e+00 (  3.62e+01, -2.89e+02)
85      0.414   1.80e+06   1.07e+06   2.96e-01   7.26e+00   7.45e+00 (  3.33e+01, -2.82e+02)
90      0.660   1.58e+00   2.21e+00   1.36e+00   2.07e+01   7.09e+00 (  3.62e+02, -2.76e+02)
95      0.642   1.11e+00   1.60e+00   1.17e+00   5.13e+01   6.79e+00 (  8.17e+02, -2.73e+02)
29 n: 9.364e-07 e: 1.509e-05 i: 1.612e-04 :: e: 4.729e-02 i: 8.704e-02 :: n: 2.921e+01 e:7.431 i:8.768 v:4.993e+03
>>> tau_he = 5.000000, nhe(0)=7.453488e-01
 5    -20.552   5.58e-04   2.41e-02   2.19e-04  -6.57e-03   1.91e-07 (  7.18e-02, -4.62e+01)
10    -64.432   9.13e-03   1.86e-02   2.02e-02  -9.69e-02   3.40e-06 (  2.14e+00, -9.22e+01)
15     -5.482   2.29e-02   4.64e-02   8.59e-02  -1.21e-01   4.15e-05 (  5.98e+00, -1.37e+02)
20     -0.245   3.19e-02   7.86e-02   8.21e-02  -5.99e-02   3.85e-04 (  7.78e+00, -1.81e+02)
25     -0.025   3.30e-02   8.41e-02   8.61e-02  -3.75e-02   2.78e-03 (  6.76e+00, -2.20e+02)
30      0.004   6.02e-03   1.03e-02   1.91e-03   3.41e-02   1.57e-02 (  7.00e-01, -2.55e+02)
35      0.001   1.15e-02   6.62e-03   1.77e-03   1.91e-02   7.04e-02 (  1.33e-01, -2.87e+02)
40      0.009   3.17e-01   3.67e-02   1.05e-02   1.48e-01   2.50e-01 (  8.18e-01, -3.11e+02)
45      0.028   9.29e+04   1.02e-01   1.41e-02   4.95e-01   7.12e-01 (  2.48e+00, -3.24e+02)
50      0.081   2.72e+05   3.82e-01   4.55e-02   1.43e+00   1.64e+00 (  6.99e+00, -3.28e+02)
55      0.157   5.76e+05   3.03e+00   8.46e-02   2.90e+00   3.07e+00 (  1.42e+01, -3.25e+02)
60      0.240   9.70e+05   1.98e+01   1.37e-01   4.66e+00   4.79e+00 (  2.28e+01, -3.19e+02)
65      0.318   1.37e+06   8.19e+01   1.90e-01   6.29e+00   6.36e+00 (  3.08e+01, -3.11e+02)
70      0.382   1.68e+06   2.16e+03   2.36e-01   7.41e+00   7.39e+00 (  3.57e+01, -3.03e+02)
75      0.422   1.83e+06   9.26e+05   2.73e-01   7.88e+00   7.79e+00 (  3.71e+01, -2.96e+02)
80      0.434   1.87e+06   1.06e+06   2.95e-01   7.86e+00   7.73e+00 (  3.61e+01, -2.89e+02)
85      0.414   1.80e+06   1.07e+06   2.96e-01   7.26e+00   7.45e+00 (  3.33e+01, -2.82e+02)
90      0.660   1.58e+00   2.21e+00   1.36e+00   2.07e+01   7.09e+00 (  3.62e+02, -2.76e+02)
95      0.642   1.11e+00   1.60e+00   1.17e+00   5.13e+01   6.79e+00 (  8.17e+02, -2.73e+02)
30 n: 4.182e-06 e: 1.740e-04 i: 2.317e-05 :: e: 4.284e-02 i: 8.266e-02 :: n: 2.914e+01 e:7.579 i:8.770 v:4.993e+03
>>> tau_he = 5.000000, nhe(0)=7.423626e-01
 5    -21.124   5.63e-04   2.44e-02   2.21e-04  -6.73e-03   1.91e-07 (  7.46e-02, -4.62e+01)
10    -71.037   9.45e-03   1.94e-02   2.19e-02  -1.07e-01   3.40e-06 (  2.28e+00, -9.22e+01)
15     -6.187   2.31e-02   4.75e-02   8.73e-02  -1.37e-01   4.15e-05 (  6.26e+00, -1.37e+02)
20     -0.327   3.26e-02   7.93e-02   8.35e-02  -8.01e-02   3.85e-04 (  8.31e+00, -1.81e+02)
25     -0.038   3.39e-02   8.56e-02   8.74e-02  -5.70e-02   2.78e-03 (  7.38e+00, -2.20e+02)
30      0.005   7.88e-03   1.35e-02   4.42e-03   4.05e-02   1.57e-02 (  1.03e+00, -2.55e+02)
35      0.001   8.52e-03   6.64e-03   2.20e-03   1.77e-02   7.04e-02 (  1.30e-01, -2.87e+02)
40      0.008   2.32e-01   3.61e-02   1.04e-02   1.46e-01   2.50e-01 (  8.17e-01, -3.11e+02)
45      0.029   9.50e+04   1.00e-01   1.42e-02   5.05e-01   7.12e-01 (  2.54e+00, -3.24e+02)
50      0.082   2.74e+05   3.88e-01   4.58e-02   1.44e+00   1.64e+00 (  7.04e+00, -3.28e+02)
55      0.157   5.78e+05   3.31e+00   8.48e-02   2.90e+00   3.07e+00 (  1.42e+01, -3.25e+02)
60      0.240   9.72e+05   2.39e+01   1.37e-01   4.66e+00   4.79e+00 (  2.29e+01, -3.19e+02)
65      0.318   1.38e+06   1.28e+02   1.90e-01   6.29e+00   6.36e+00 (  3.09e+01, -3.11e+02)
70      0.382   1.68e+06   8.05e+05   2.36e-01   7.41e+00   7.39e+00 (  3.58e+01, -3.03e+02)
75      0.422   1.83e+06   9.26e+05   2.73e-01   7.88e+00   7.79e+00 (  3.71e+01, -2.96e+02)
80      0.434   1.87e+06   1.06e+06   2.95e-01   7.86e+00   7.73e+00 (  3.62e+01, -2.89e+02)
85      0.414   1.80e+06   1.07e+06   2.96e-01   7.26e+00   7.45e+00 (  3.33e+01, -2.82e+02)
90      0.660   1.58e+00   2.21e+00   1.36e+00   2.07e+01   7.09e+00 (  3.62e+02, -2.76e+02)
95      0.642   1.11e+00   1.60e+00   1.17e+00   5.13e+01   6.79e+00 (  8.17e+02, -2.73e+02)
31 n: 5.037e-06 e: 1.503e-05 i: 1.544e-04 :: e: 3.946e-02 i: 7.028e-02 :: n: 2.906e+01 e:7.561 i:8.905 v:4.993e+03
>>> tau_he = 5.000000, nhe(0)=7.670503e-01
 5    -21.283   5.79e-04   2.49e-02   2.28e-04  -6.76e-03   1.91e-07 (  7.53e-02, -4.62e+01)
10    -67.799   9.16e-03   1.82e-02   1.91e-02  -1.01e-01   3.40e-06 (  2.17e+00, -9.22e+01)
15     -5.880   2.28e-02   4.59e-02   8.78e-02  -1.30e-01   4.15e-05 (  6.08e+00, -1.37e+02)
20     -0.294   3.26e-02   7.82e-02   8.25e-02  -7.23e-02   3.85e-04 (  8.17e+00, -1.81e+02)
25     -0.031   3.48e-02   8.81e-02   8.72e-02  -4.71e-02   2.78e-03 (  7.52e+00, -2.20e+02)
30      0.009   1.14e-02   2.16e-02   1.18e-02   5.77e-02   1.57e-02 (  1.54e+00, -2.55e+02)
35      0.001   6.06e-03   5.47e-03   1.74e-03   1.33e-02   7.04e-02 (  1.03e-01, -2.87e+02)
40      0.007   2.07e-01   3.30e-02   9.48e-03   1.30e-01   2.50e-01 (  7.38e-01, -3.11e+02)
45      0.027   8.95e+04   8.55e-02   1.35e-02   4.77e-01   7.12e-01 (  2.39e+00, -3.24e+02)
50      0.081   2.71e+05   3.56e-01   4.55e-02   1.43e+00   1.64e+00 (  6.96e+00, -3.28e+02)
55      0.157   5.76e+05   3.12e+00   8.46e-02   2.89e+00   3.07e+00 (  1.42e+01, -3.25e+02)
60      0.240   9.69e+05   2.21e+01   1.37e-01   4.65e+00   4.79e+00 (  2.28e+01, -3.19e+02)
65      0.318   1.37e+06   1.02e+02   1.90e-01   6.28e+00   6.36e+00 (  3.08e+01, -3.11e+02)
70      0.382   1.68e+06   8.04e+05   2.36e-01   7.40e+00   7.39e+00 (  3.57e+01, -3.03e+02)
75      0.422   1.83e+06   9.25e+05   2.73e-01   7.87e+00   7.79e+00 (  3.71e+01, -2.96e+02)
80      0.434   1.87e+06   1.06e+06   2.95e-01   7.86e+00   7.73e+00 (  3.61e+01, -2.89e+02)
85      0.413   1.80e+06   1.07e+06   2.96e-01   7.26e+00   7.45e+00 (  3.33e+01, -2.82e+02)
90      0.660   1.58e+00   2.21e+00   1.36e+00   2.07e+01   7.09e+00 (  3.62e+02, -2.76e+02)
95      0.642   1.11e+00   1.60e+00   1.17e+00   5.13e+01   6.79e+00 (  8.17e+02, -2.73e+02)
32 n: 1.105e-05 e: 1.571e-04 i: 2.221e-05 :: e: 3.577e-02 i: 6.655e-02 :: n: 2.900e+01 e:7.703 i:8.921 v:4.993e+03
>>> tau_he = 5.000000, nhe(0)=7.670609e-01
 5    -21.878   5.86e-04   2.52e-02   2.29e-04  -6.93e-03   1.91e-07 (  7.82e-02, -4.62e+01)
10    -74.042   9.48e-03   1.89e-02   2.04e-02  -1.10e-01   3.40e-06 (  2.31e+00, -9.22e+01)
15     -6.624   2.47e-02   5.82e-02   8.93e-02  -1.46e-01   4.15e-05 (  6.82e+00, -1.37e+02)
20     -0.369   3.32e-02   7.91e-02   8.39e-02  -9.08e-02   3.85e-04 (  8.69e+00, -1.81e+02)
25     -0.050   3.57e-02   8.96e-02   8.85e-02  -7.58e-02   2.78e-03 (  8.12e+00, -2.20e+02)
30      0.012   1.40e-02   2.66e-02   2.09e-02   6.20e-02   1.57e-02 (  2.09e+00, -2.55e+02)
35      0.001   5.92e-03   5.74e-03  -7.13e-04   1.54e-02   7.04e-02 (  1.28e-01, -2.87e+02)
40      0.008   1.74e-01   3.37e-02   9.53e-03   1.35e-01   2.50e-01 (  7.76e-01, -3.11e+02)
45      0.027   9.03e+04   8.52e-02   1.27e-02   4.81e-01   7.12e-01 (  2.41e+00, -3.24e+02)
50      0.081   2.74e+05   3.62e-01   4.59e-02   1.44e+00   1.64e+00 (  7.03e+00, -3.28e+02)
55      0.157   5.78e+05   3.39e+00   8.47e-02   2.90e+00   3.07e+00 (  1.42e+01, -3.25e+02)
60      0.240   9.71e+05   2.64e+01   1.37e-01   4.65e+00   4.79e+00 (  2.28e+01, -3.19e+02)
65      0.318   1.38e+06   1.64e+02   1.90e-01   6.28e+00   6.36e+00 (  3.08e+01, -3.11e+02)
70      0.382   1.68e+06   8.04e+05   2.36e-01   7.40e+00   7.39e+00 (  3.58e+01, -3.03e+02)
75      0.422   1.83e+06   9.25e+05   2.73e-01   7.87e+00   7.79e+00 (  3.71e+01, -2.96e+02)
80      0.434   1.87e+06   1.06e+06   2.95e-01   7.86e+00   7.73e+00 (  3.62e+01, -2.89e+02)
85      0.413   1.80e+06   1.07e+06   2.96e-01   7.26e+00   7.45e+00 (  3.33e+01, -2.82e+02)
90      0.660   1.58e+00   2.21e+00   1.36e+00   2.07e+01   7.09e+00 (  3.62e+02, -2.76e+02)
95      0.642   1.11e+00   1.60e+00   1.17e+00   5.13e+01   6.79e+00 (  8.17e+02, -2.73e+02)
33 n: 1.402e-05 e: 1.592e-05 i: 1.370e-04 :: e: 3.248e-02 i: 5.592e-02 :: n: 2.899e+01 e:7.698 i:9.050 v:4.993e+03
>>> tau_he = 5.000000, nhe(0)=7.938729e-01
 5    -22.237   6.02e-04   2.57e-02   2.36e-04  -7.01e-03   1.91e-07 (  7.93e-02, -4.62e+01)
10    -71.990   9.20e-03   1.81e-02   1.97e-02  -1.07e-01   3.40e-06 (  2.22e+00, -9.22e+01)
15     -6.399   2.44e-02   5.63e-02   9.00e-02  -1.40e-01   4.15e-05 (  6.67e+00, -1.37e+02)
20     -0.345   3.32e-02   7.77e-02   8.29e-02  -8.48e-02   3.85e-04 (  8.59e+00, -1.81e+02)
25     -0.049   3.64e-02   9.11e-02   8.82e-02  -7.14e-02   2.78e-03 (  8.26e+00, -2.20e+02)
30      0.014   1.81e-02   3.86e-02   3.10e-02   5.66e-02   1.57e-02 (  2.79e+00, -2.55e+02)
35      0.001   6.53e-03   7.04e-03  -1.44e-03   1.82e-02   7.04e-02 (  1.59e-01, -2.87e+02)
40      0.008   1.77e-01   3.41e-02   9.17e-03   1.37e-01   2.50e-01 (  7.95e-01, -3.11e+02)
45      0.027   9.06e+04   7.96e-02   1.27e-02   4.80e-01   7.12e-01 (  2.42e+00, -3.24e+02)
50      0.081   2.74e+05   3.40e-01   4.59e-02   1.44e+00   1.64e+00 (  7.02e+00, -3.28e+02)
55      0.157   5.77e+05   3.25e+00   8.47e-02   2.90e+00   3.07e+00 (  1.42e+01, -3.25e+02)
60      0.240   9.70e+05   2.46e+01   1.37e-01   4.65e+00   4.79e+00 (  2.28e+01, -3.19e+02)
65      0.318   1.38e+06   1.30e+02   1.90e-01   6.28e+00   6.36e+00 (  3.08e+01, -3.11e+02)
70      0.382   1.68e+06   8.04e+05   2.36e-01   7.40e+00   7.39e+00 (  3.58e+01, -3.03e+02)
75      0.422   1.83e+06   9.25e+05   2.73e-01   7.87e+00   7.79e+00 (  3.71e+01, -2.96e+02)
80      0.434   1.87e+06   1.06e+06   2.95e-01   7.86e+00   7.73e+00 (  3.62e+01, -2.89e+02)
85      0.413   1.80e+06   1.07e+06   2.96e-01   7.26e+00   7.45e+00 (  3.33e+01, -2.82e+02)
90      0.660   1.58e+00   2.21e+00   1.36e+00   2.07e+01   7.09e+00 (  3.62e+02, -2.76e+02)
95      0.642   1.11e+00   1.60e+00   1.17e+00   5.13e+01   6.79e+00 (  8.17e+02, -2.73e+02)
34 n: 1.236e-05 e: 1.493e-04 i: 2.219e-05 :: e: 2.915e-02 i: 5.256e-02 :: n: 2.906e+01 e:7.835 i:9.065 v:4.993e+03
>>> tau_he = 5.000000, nhe(0)=8.007914e-01
 5    -22.861   6.06e-04   2.62e-02   2.61e-04  -7.15e-03   1.91e-07 (  8.22e-02, -4.62e+01)
10    -78.086   9.46e-03   1.86e-02   2.08e-02  -1.15e-01   3.40e-06 (  2.35e+00, -9.22e+01)
15     -7.130   2.49e-02   5.72e-02   9.16e-02  -1.56e-01   4.15e-05 (  7.03e+00, -1.37e+02)
20     -0.418   3.37e-02   7.83e-02   8.40e-02  -1.03e-01   3.85e-04 (  9.10e+00, -1.81e+02)
25     -0.068   3.71e-02   9.19e-02   8.92e-02  -9.46e-02   2.78e-03 (  8.85e+00, -2.20e+02)
30      0.015   2.12e-02   4.44e-02   4.02e-02   4.70e-02   1.57e-02 (  3.59e+00, -2.55e+02)
35      0.001   6.60e-03   9.50e-03   3.07e-03   2.27e-02   7.04e-02 (  2.00e-01, -2.87e+02)
40      0.008   1.72e-01   3.83e-02   8.87e-03   1.58e-01   2.50e-01 (  9.20e-01, -3.11e+02)
45      0.029   1.01e+05   8.41e-02   1.44e-02   5.32e-01   7.12e-01 (  2.71e+00, -3.24e+02)
50      0.082   2.79e+05   3.51e-01   4.65e-02   1.46e+00   1.64e+00 (  7.16e+00, -3.28e+02)
55      0.157   5.81e+05   3.51e+00   8.50e-02   2.91e+00   3.07e+00 (  1.43e+01, -3.25e+02)
60      0.240   9.73e+05   2.87e+01   1.37e-01   4.66e+00   4.79e+00 (  2.29e+01, -3.19e+02)
65      0.319   1.38e+06   2.05e+02   1.90e-01   6.29e+00   6.36e+00 (  3.09e+01, -3.11e+02)
70      0.382   1.68e+06   8.05e+05   2.36e-01   7.41e+00   7.39e+00 (  3.58e+01, -3.03e+02)
75      0.422   1.83e+06   9.26e+05   2.73e-01   7.88e+00   7.79e+00 (  3.72e+01, -2.96e+02)
80      0.434   1.87e+06   1.06e+06   2.95e-01   7.86e+00   7.73e+00 (  3.62e+01, -2.89e+02)
85      0.414   1.81e+06   1.07e+06   2.96e-01   7.26e+00   7.45e+00 (  3.34e+01, -2.82e+02)
90      0.660   1.58e+00   2.21e+00   1.36e+00   2.07e+01   7.09e+00 (  3.62e+02, -2.76e+02)
95      0.642   1.11e+00   1.60e+00   1.17e+00   5.13e+01   6.79e+00 (  8.17e+02, -2.73e+02)
35 n: 8.470e-06 e: 1.943e-05 i: 1.069e-04 :: e: 2.623e-02 i: 4.331e-02 :: n: 2.916e+01 e:7.839 i:9.177 v:4.993e+03
>>> tau_he = 5.000000, nhe(0)=8.298794e-01
 5    -23.355   6.20e-04   2.67e-02   2.69e-04  -7.24e-03   1.91e-07 (  8.37e-02, -4.62e+01)
10    -76.221   9.18e-03   1.76e-02   1.83e-02  -1.12e-01   3.40e-06 (  2.27e+00, -9.22e+01)
15     -7.001   2.45e-02   5.51e-02   9.37e-02  -1.52e-01   4.15e-05 (  6.88e+00, -1.37e+02)
20     -0.402   3.35e-02   7.67e-02   8.30e-02  -9.82e-02   3.85e-04 (  9.02e+00, -1.81e+02)
25     -0.072   3.75e-02   9.22e-02   8.86e-02  -9.33e-02   2.78e-03 (  8.95e+00, -2.20e+02)
30      0.010   2.48e-02   5.37e-02   5.30e-02   2.73e-02   1.57e-02 (  4.34e+00, -2.55e+02)
35      0.002   8.73e-03   1.39e-02   4.20e-03   3.28e-02   7.04e-02 (  3.00e-01, -2.87e+02)
40      0.008   1.81e-01   3.93e-02   8.71e-03   1.67e-01   2.50e-01 (  9.82e-01, -3.11e+02)
45      0.026   9.33e+04   7.50e-02   1.42e-02   4.90e-01   7.12e-01 (  2.49e+00, -3.24e+02)
50      0.082   2.80e+05   3.34e-01   4.67e-02   1.46e+00   1.64e+00 (  7.19e+00, -3.28e+02)
55      0.158   5.82e+05   3.35e+00   8.51e-02   2.92e+00   3.07e+00 (  1.43e+01, -3.25e+02)
60      0.240   9.74e+05   2.62e+01   1.37e-01   4.66e+00   4.79e+00 (  2.29e+01, -3.19e+02)
65      0.319   1.38e+06   1.47e+02   1.90e-01   6.29e+00   6.36e+00 (  3.09e+01, -3.11e+02)
70      0.382   1.68e+06   8.06e+05   2.36e-01   7.41e+00   7.39e+00 (  3.58e+01, -3.03e+02)
75      0.422   1.83e+06   9.27e+05   2.73e-01   7.88e+00   7.79e+00 (  3.72e+01, -2.96e+02)
80      0.434   1.87e+06   1.06e+06   2.95e-01   7.87e+00   7.73e+00 (  3.63e+01, -2.89e+02)
85      0.414   1.81e+06   1.07e+06   2.96e-01   7.27e+00   7.45e+00 (  3.34e+01, -2.82e+02)
90      0.660   1.58e+00   2.21e+00   1.36e+00   2.07e+01   7.09e+00 (  3.62e+02, -2.76e+02)
95      0.642   1.11e+00   1.60e+00   1.17e+00   5.13e+01   6.79e+00 (  8.17e+02, -2.73e+02)
36 n: 5.145e-06 e: 1.352e-04 i: 2.290e-05 :: e: 2.346e-02 i: 4.123e-02 :: n: 2.925e+01 e:7.967 i:9.188 v:4.993e+03
>>> tau_he = 5.000000, nhe(0)=8.371392e-01
 5    -24.026   6.24e-04   2.70e-02   2.73e-04  -7.40e-03   1.91e-07 (  8.64e-02, -4.62e+01)
10    -81.628   9.36e-03   1.80e-02   1.89e-02  -1.19e-01   3.40e-06 (  2.37e+00, -9.22e+01)
15     -7.150   2.51e-02   5.56e-02   9.53e-02  -1.55e-01   4.15e-05 (  7.27e+00, -1.37e+02)
20     -0.471   3.40e-02   7.71e-02   8.40e-02  -1.15e-01   3.85e-04 (  9.48e+00, -1.81e+02)
25     -0.081   3.91e-02   9.22e-02   8.94e-02  -1.01e-01   2.78e-03 (  9.76e+00, -2.20e+02)
30      0.004   2.94e-02   5.86e-02   5.89e-02   9.89e-03   1.57e-02 (  5.57e+00, -2.55e+02)
35      0.001   5.97e-03   9.84e-03   2.64e-03   2.74e-02   7.04e-02 (  2.49e-01, -2.87e+02)
40      0.009   1.75e-01   3.99e-02   8.46e-03   1.85e-01   2.50e-01 (  1.09e+00, -3.11e+02)
45      0.029   1.36e+01   7.87e-02   1.46e-02   5.52e-01   7.12e-01 (  2.84e+00, -3.24e+02)
50      0.083   2.84e+05   3.43e-01   4.73e-02   1.48e+00   1.64e+00 (  7.30e+00, -3.28e+02)
55      0.158   5.85e+05   3.52e+00   8.54e-02   2.93e+00   3.07e+00 (  1.44e+01, -3.25e+02)
60      0.241   9.77e+05   2.87e+01   1.38e-01   4.67e+00   4.79e+00 (  2.30e+01, -3.19e+02)
65      0.319   1.38e+06   1.91e+02   1.90e-01   6.30e+00   6.36e+00 (  3.10e+01, -3.11e+02)
70      0.383   1.68e+06   8.07e+05   2.36e-01   7.42e+00   7.39e+00 (  3.59e+01, -3.03e+02)
75      0.423   1.83e+06   9.28e+05   2.73e-01   7.89e+00   7.79e+00 (  3.72e+01, -2.96e+02)
80      0.435   1.88e+06   1.06e+06   2.96e-01   7.87e+00   7.73e+00 (  3.63e+01, -2.89e+02)
85      0.414   1.81e+06   1.07e+06   2.96e-01   7.27e+00   7.45e+00 (  3.35e+01, -2.82e+02)
90      0.660   1.58e+00   2.21e+00   1.36e+00   2.07e+01   7.09e+00 (  3.62e+02, -2.76e+02)
95      0.642   1.11e+00   1.60e+00   1.17e+00   5.13e+01   6.79e+00 (  8.17e+02, -2.73e+02)
37 n: 3.849e-07 e: 2.102e-05 i: 9.388e-05 :: e: 2.112e-02 i: 3.462e-02 :: n: 2.924e+01 e:7.969 i:9.291 v:4.993e+03
>>> tau_he = 5.000000, nhe(0)=8.593445e-01
 5    -24.189   6.39e-04   2.76e-02   2.83e-04  -7.44e-03   1.91e-07 (  8.75e-02, -4.62e+01)
10    -79.486   9.09e-03   1.70e-02   1.68e-02  -1.16e-01   3.40e-06 (  2.28e+00, -9.22e+01)
15     -6.963   2.48e-02   5.39e-02   9.54e-02  -1.50e-01   4.15e-05 (  7.13e+00, -1.37e+02)
20     -0.453   3.39e-02   7.56e-02   8.34e-02  -1.11e-01   3.85e-04 (  9.38e+00, -1.81e+02)
25     -0.074   3.93e-02   9.21e-02   8.88e-02  -9.47e-02   2.78e-03 (  9.78e+00, -2.20e+02)
30      0.010   3.21e-02   6.67e-02   6.59e-02   2.57e-02   1.57e-02 (  6.21e+00, -2.55e+02)
35      0.002   8.10e-03   1.23e-02   4.00e-03   3.88e-02   7.04e-02 (  3.76e-01, -2.87e+02)
40      0.007   1.40e-01   3.50e-02   7.44e-03   1.44e-01   2.50e-01 (  8.73e-01, -3.11e+02)
45      0.026   8.23e+00   6.81e-02   1.42e-02   4.98e-01   7.12e-01 (  2.56e+00, -3.24e+02)
50      0.082   2.80e+05   3.22e-01   4.68e-02   1.46e+00   1.64e+00 (  7.19e+00, -3.28e+02)
55      0.158   5.83e+05   3.29e+00   8.52e-02   2.91e+00   3.07e+00 (  1.44e+01, -3.25e+02)
60      0.240   9.76e+05   2.51e+01   1.38e-01   4.66e+00   4.79e+00 (  2.30e+01, -3.19e+02)
65      0.319   1.38e+06   1.26e+02   1.90e-01   6.29e+00   6.36e+00 (  3.10e+01, -3.11e+02)
70      0.383   1.68e+06   8.06e+05   2.36e-01   7.41e+00   7.39e+00 (  3.59e+01, -3.03e+02)
75      0.422   1.83e+06   9.28e+05   2.73e-01   7.88e+00   7.79e+00 (  3.72e+01, -2.96e+02)
80      0.434   1.87e+06   1.06e+06   2.96e-01   7.87e+00   7.73e+00 (  3.63e+01, -2.89e+02)
85      0.414   1.81e+06   1.07e+06   2.96e-01   7.27e+00   7.45e+00 (  3.35e+01, -2.82e+02)
90      0.660   1.58e+00   2.21e+00   1.36e+00   2.07e+01   7.09e+00 (  3.62e+02, -2.76e+02)
95      0.642   1.11e+00   1.60e+00   1.17e+00   5.13e+01   6.79e+00 (  8.17e+02, -2.73e+02)
38 n: 5.608e-06 e: 1.134e-04 i: 2.379e-05 :: e: 1.935e-02 i: 3.472e-02 :: n: 2.937e+01 e:8.083 i:9.313 v:4.993e+03
>>> tau_he = 5.000000, nhe(0)=8.713549e-01
 5    -24.866   6.44e-04   2.80e-02   2.88e-04  -7.60e-03   1.91e-07 (  9.01e-02, -4.62e+01)
10    -84.013   9.23e-03   1.73e-02   1.72e-02  -1.22e-01   3.40e-06 (  2.37e+00, -9.22e+01)
15     -7.507   2.51e-02   5.43e-02   9.69e-02  -1.61e-01   4.15e-05 (  7.42e+00, -1.37e+02)
20     -0.542   3.44e-02   7.58e-02   8.42e-02  -1.32e-01   3.85e-04 (  9.82e+00, -1.81e+02)
25     -0.092   4.05e-02   9.21e-02   8.94e-02  -1.14e-01   2.78e-03 (  1.05e+01, -2.20e+02)
30      0.007   3.53e-02   7.06e-02   6.99e-02   1.79e-02   1.57e-02 (  7.31e+00, -2.55e+02)
35      0.002   9.24e-03   1.49e-02   4.62e-03   5.12e-02   7.04e-02 (  5.06e-01, -2.87e+02)
40      0.008   1.57e-01   3.69e-02   7.40e-03   1.77e-01   2.50e-01 (  1.07e+00, -3.11e+02)
45      0.027   3.86e+00   6.83e-02   1.32e-02   5.11e-01   7.12e-01 (  2.64e+00, -3.24e+02)
50      0.083   2.86e+05   3.30e-01   4.75e-02   1.49e+00   1.64e+00 (  7.35e+00, -3.28e+02)
55      0.158   5.87e+05   3.35e+00   8.56e-02   2.93e+00   3.07e+00 (  1.45e+01, -3.25e+02)
60      0.241   9.80e+05   2.56e+01   1.38e-01   4.67e+00   4.79e+00 (  2.31e+01, -3.19e+02)
65      0.319   1.39e+06   1.29e+02   1.91e-01   6.30e+00   6.36e+00 (  3.11e+01, -3.11e+02)
70      0.383   1.69e+06   8.07e+05   2.37e-01   7.42e+00   7.39e+00 (  3.60e+01, -3.03e+02)
75      0.423   1.84e+06   9.29e+05   2.73e-01   7.89e+00   7.79e+00 (  3.73e+01, -2.96e+02)
80      0.435   1.88e+06   1.06e+06   2.96e-01   7.87e+00   7.73e+00 (  3.64e+01, -2.89e+02)
85      0.414   1.81e+06   1.07e+06   2.96e-01   7.27e+00   7.45e+00 (  3.35e+01, -2.82e+02)
90      0.660   1.58e+00   2.21e+00   1.36e+00   2.07e+01   7.09e+00 (  3.62e+02, -2.76e+02)
95      0.642   1.11e+00   1.60e+00   1.17e+00   5.13e+01   6.79e+00 (  8.17e+02, -2.73e+02)
39 n: 2.166e-06 e: 2.370e-05 i: 7.320e-05 :: e: 3.120e-02 i: 3.018e-02 :: n: 2.940e+01 e:8.102 i:9.403 v:4.993e+03
>>> tau_he = 5.000000, nhe(0)=8.929660e-01
 5    -25.203   6.58e-04   2.85e-02   2.97e-04  -7.67e-03   1.91e-07 (  9.17e-02, -4.62e+01)
10    -98.660   8.89e-03   1.66e-02   1.44e-02  -1.43e-01   3.40e-06 (  2.27e+00, -9.22e+01)
15     -7.532   2.48e-02   5.35e-02   9.77e-02  -1.61e-01   4.15e-05 (  7.32e+00, -1.37e+02)
20     -0.536   3.43e-02   7.45e-02   8.38e-02  -1.30e-01   3.85e-04 (  9.79e+00, -1.81e+02)
25     -0.091   4.07e-02   9.17e-02   8.89e-02  -1.12e-01   2.78e-03 (  1.05e+01, -2.20e+02)
30      0.008   3.74e-02   7.63e-02   7.43e-02   1.91e-02   1.57e-02 (  7.93e+00, -2.55e+02)
35      0.003   1.03e-02   1.57e-02   4.63e-03   5.93e-02   7.04e-02 (  6.29e-01, -2.87e+02)
40      0.008   1.47e-01   3.51e-02   6.67e-03   1.69e-01   2.50e-01 (  1.03e+00, -3.11e+02)
45      0.026   3.21e+00   6.54e-02   1.31e-02   4.99e-01   7.12e-01 (  2.59e+00, -3.24e+02)
50      0.083   2.85e+05   3.17e-01   4.75e-02   1.48e+00   1.64e+00 (  7.32e+00, -3.28e+02)
55      0.158   5.86e+05   3.12e+00   8.56e-02   2.92e+00   3.07e+00 (  1.44e+01, -3.25e+02)
60      0.241   9.80e+05   2.22e+01   1.38e-01   4.67e+00   4.79e+00 (  2.31e+01, -3.19e+02)
65      0.319   1.39e+06   9.04e+01   1.91e-01   6.30e+00   6.36e+00 (  3.11e+01, -3.11e+02)
70      0.383   1.69e+06   1.51e+03   2.37e-01   7.42e+00   7.39e+00 (  3.60e+01, -3.03e+02)
75      0.423   1.84e+06   9.29e+05   2.73e-01   7.89e+00   7.79e+00 (  3.73e+01, -2.96e+02)
80      0.435   1.88e+06   1.06e+06   2.96e-01   7.87e+00   7.73e+00 (  3.64e+01, -2.89e+02)
85      0.414   1.81e+06   1.07e+06   2.96e-01   7.27e+00   7.45e+00 (  3.35e+01, -2.82e+02)
90      0.660   1.58e+00   2.21e+00   1.36e+00   2.08e+01   7.09e+00 (  3.63e+02, -2.76e+02)
95      0.642   1.11e+00   1.60e+00   1.17e+00   5.13e+01   6.79e+00 (  8.17e+02, -2.73e+02)
40 n: 2.981e-06 e: 9.217e-05 i: 2.316e-05 :: e: 3.522e-02 i: 3.057e-02 :: n: 2.945e+01 e:8.201 i:9.431 v:4.993e+03
>>> tau_he = 5.000000, nhe(0)=9.017020e-01
 5    -25.722   6.64e-04   2.89e-02   3.03e-04  -7.79e-03   1.91e-07 (  9.39e-02, -4.62e+01)
10   -102.842   9.00e-03   1.67e-02   1.46e-02  -1.48e-01   3.40e-06 (  2.34e+00, -9.22e+01)
15     -7.994   2.52e-02   5.38e-02   9.90e-02  -1.71e-01   4.15e-05 (  7.56e+00, -1.37e+02)
20     -0.558   3.38e-02   7.46e-02   8.46e-02  -1.35e-01   3.85e-04 (  9.89e+00, -1.81e+02)
25     -0.110   4.16e-02   9.20e-02   8.96e-02  -1.33e-01   2.78e-03 (  1.11e+01, -2.20e+02)
30     -0.017   4.00e-02   8.07e-02   7.99e-02  -3.81e-02   1.57e-02 (  8.92e+00, -2.55e+02)
35      0.004   1.25e-02   2.22e-02   5.82e-03   7.97e-02   7.04e-02 (  8.82e-01, -2.87e+02)
40      0.008   1.44e-01   3.71e-02   6.73e-03   1.84e-01   2.50e-01 (  1.14e+00, -3.11e+02)
45      0.026   2.42e+00   6.55e-02   1.36e-02   5.14e-01   7.12e-01 (  2.69e+00, -3.24e+02)
50      0.083   2.88e+05   3.22e-01   4.79e-02   1.50e+00   1.64e+00 (  7.41e+00, -3.28e+02)
55      0.158   5.88e+05   3.11e+00   8.58e-02   2.93e+00   3.07e+00 (  1.45e+01, -3.25e+02)
60      0.241   9.82e+05   2.19e+01   1.38e-01   4.68e+00   4.79e+00 (  2.31e+01, -3.19e+02)
65      0.319   1.39e+06   8.67e+01   1.91e-01   6.30e+00   6.36e+00 (  3.11e+01, -3.11e+02)
70      0.383   1.69e+06   9.20e+02   2.37e-01   7.42e+00   7.39e+00 (  3.61e+01, -3.03e+02)
75      0.423   1.84e+06   9.30e+05   2.74e-01   7.89e+00   7.79e+00 (  3.74e+01, -2.96e+02)
80      0.435   1.88e+06   1.06e+06   2.96e-01   7.88e+00   7.73e+00 (  3.64e+01, -2.89e+02)
85      0.414   1.82e+06   1.07e+06   2.96e-01   7.27e+00   7.45e+00 (  3.36e+01, -2.82e+02)
90      0.660   1.58e+00   2.21e+00   1.36e+00   2.08e+01   7.09e+00 (  3.63e+02, -2.76e+02)
95      0.642   1.11e+00   1.60e+00   1.17e+00   5.13e+01   6.79e+00 (  8.17e+02, -2.73e+02)
41 n: 9.884e-06 e: 2.348e-05 i: 6.581e-05 :: e: 4.043e-02 i: 2.741e-02 :: n: 2.931e+01 e:8.223 i:9.519 v:4.993e+03
>>> tau_he = 5.000000, nhe(0)=9.133245e-01
 5    -25.736   6.79e-04   2.94e-02   3.11e-04  -7.83e-03   1.91e-07 (  9.52e-02, -4.62e+01)
10    -73.260   8.90e-03   8.76e-03   1.71e-02  -1.06e-01   3.40e-06 (  2.29e+00, -9.22e+01)
15     -7.940   2.52e-02   5.29e-02   9.84e-02  -1.70e-01   4.15e-05 (  7.51e+00, -1.37e+02)
20     -0.552   3.39e-02   7.39e-02   8.45e-02  -1.34e-01   3.85e-04 (  9.87e+00, -1.81e+02)
25     -0.099   4.19e-02   9.20e-02   8.93e-02  -1.27e-01   2.78e-03 (  1.11e+01, -2.20e+02)
30     -0.019   4.11e-02   8.95e-02   8.08e-02  -4.75e-02   1.57e-02 (  9.27e+00, -2.55e+02)
35      0.003   9.81e-03   1.70e-02   9.85e-03   6.37e-02   7.04e-02 (  7.54e-01, -2.87e+02)
40      0.007   1.22e-01   3.54e-02   7.86e-03   1.58e-01   2.50e-01 (  1.01e+00, -3.11e+02)
45      0.025   2.18e+00   6.17e-02   1.41e-02   4.87e-01   7.12e-01 (  2.56e+00, -3.24e+02)
50      0.082   2.82e+05   3.05e-01   4.72e-02   1.47e+00   1.64e+00 (  7.25e+00, -3.28e+02)
55      0.157   5.84e+05   2.89e+00   8.54e-02   2.90e+00   3.07e+00 (  1.44e+01, -3.25e+02)
60      0.240   9.78e+05   1.95e+01   1.38e-01   4.66e+00   4.79e+00 (  2.30e+01, -3.19e+02)
65      0.319   1.39e+06   6.90e+01   1.91e-01   6.29e+00   6.36e+00 (  3.10e+01, -3.11e+02)
70      0.383   1.69e+06   2.95e+02   2.37e-01   7.41e+00   7.39e+00 (  3.60e+01, -3.03e+02)
75      0.422   1.84e+06   9.29e+05   2.73e-01   7.88e+00   7.79e+00 (  3.73e+01, -2.96e+02)
80      0.434   1.88e+06   1.06e+06   2.96e-01   7.86e+00   7.73e+00 (  3.64e+01, -2.89e+02)
85      0.413   1.81e+06   1.07e+06   2.96e-01   7.26e+00   7.45e+00 (  3.35e+01, -2.82e+02)
90      0.660   1.58e+00   2.21e+00   1.36e+00   2.07e+01   7.09e+00 (  3.63e+02, -2.76e+02)
95      0.642   1.11e+00   1.60e+00   1.17e+00   5.13e+01   6.79e+00 (  8.17e+02, -2.73e+02)
42 n: 5.812e-06 e: 7.019e-05 i: 2.902e-05 :: e: 3.941e-02 i: 2.808e-02 :: n: 2.926e+01 e:8.308 i:9.569 v:4.993e+03
>>> tau_he = 5.000000, nhe(0)=9.213221e-01
 5    -25.981   6.88e-04   2.99e-02   3.16e-04  -7.95e-03   1.91e-07 (  9.74e-02, -4.62e+01)
10    -95.330   9.45e-03   8.89e-03   1.93e-02  -1.38e-01   3.40e-06 (  2.46e+00, -9.22e+01)
15     -8.274   2.55e-02   5.33e-02   9.95e-02  -1.77e-01   4.15e-05 (  7.72e+00, -1.37e+02)
20     -0.586   3.43e-02   7.43e-02   8.52e-02  -1.43e-01   3.85e-04 (  1.02e+01, -1.81e+02)
25     -0.098   4.24e-02   9.24e-02   8.98e-02  -1.34e-01   2.78e-03 (  1.15e+01, -2.20e+02)
30     -0.017   4.29e-02   9.22e-02   8.15e-02  -4.66e-02   1.57e-02 (  1.01e+01, -2.55e+02)
35      0.004   1.09e-02   1.75e-02   1.27e-02   7.23e-02   7.04e-02 (  9.38e-01, -2.87e+02)
40      0.006   9.94e-02   3.35e-02   6.73e-03   1.39e-01   2.50e-01 (  9.08e-01, -3.11e+02)
45      0.024   1.76e+00   6.05e-02   1.50e-02   4.68e-01   7.12e-01 (  2.48e+00, -3.24e+02)
50      0.082   2.81e+05   3.05e-01   4.71e-02   1.46e+00   1.64e+00 (  7.21e+00, -3.28e+02)
55      0.157   5.82e+05   2.84e+00   8.52e-02   2.89e+00   3.07e+00 (  1.43e+01, -3.25e+02)
60      0.240   9.77e+05   1.91e+01   1.38e-01   4.65e+00   4.79e+00 (  2.30e+01, -3.19e+02)
65      0.319   1.38e+06   6.67e+01   1.91e-01   6.28e+00   6.36e+00 (  3.10e+01, -3.11e+02)
70      0.382   1.69e+06   2.65e+02   2.37e-01   7.40e+00   7.39e+00 (  3.60e+01, -3.03e+02)
75      0.422   1.84e+06   9.28e+05   2.73e-01   7.87e+00   7.79e+00 (  3.73e+01, -2.96e+02)
80      0.434   1.88e+06   1.06e+06   2.96e-01   7.86e+00   7.73e+00 (  3.64e+01, -2.89e+02)
85      0.413   1.81e+06   1.07e+06   2.96e-01   7.26e+00   7.45e+00 (  3.35e+01, -2.82e+02)
90      0.660   1.58e+00   2.21e+00   1.36e+00   2.07e+01   7.09e+00 (  3.63e+02, -2.76e+02)
95      0.642   1.11e+00   1.60e+00   1.17e+00   5.13e+01   6.79e+00 (  8.17e+02, -2.73e+02)
43 n: 6.886e-06 e: 2.886e-05 i: 6.025e-05 :: e: 4.037e-02 i: 2.592e-02 :: n: 2.923e+01 e:8.344 i:9.657 v:4.993e+03
>>> tau_he = 5.000000, nhe(0)=9.389675e-01
 5    -26.220   7.03e-04   3.04e-02   3.24e-04  -8.06e-03   1.91e-07 (  9.96e-02, -4.62e+01)
10    -76.161   9.02e-03   8.47e-03   1.69e-02  -1.10e-01   3.40e-06 (  2.35e+00, -9.22e+01)
15     -8.316   2.56e-02   5.25e-02   9.89e-02  -1.78e-01   4.15e-05 (  7.75e+00, -1.37e+02)
20     -0.588   3.44e-02   7.36e-02   8.52e-02  -1.45e-01   3.85e-04 (  1.02e+01, -1.81e+02)
25     -0.090   4.26e-02   9.22e-02   8.94e-02  -1.31e-01   2.78e-03 (  1.16e+01, -2.20e+02)
30     -0.013   4.43e-02   9.50e-02   8.20e-02  -3.80e-02   1.57e-02 (  1.05e+01, -2.55e+02)
35      0.006   1.32e-02   2.03e-02   1.49e-02   8.85e-02   7.04e-02 (  1.23e+00, -2.87e+02)
40      0.006   8.76e-02   3.20e-02   5.10e-03   1.27e-01   2.50e-01 (  8.52e-01, -3.11e+02)
45      0.023   1.59e+00   5.93e-02   1.45e-02   4.44e-01   7.12e-01 (  2.37e+00, -3.24e+02)
50      0.081   2.78e+05   2.95e-01   4.68e-02   1.44e+00   1.64e+00 (  7.14e+00, -3.28e+02)
55      0.156   5.79e+05   2.69e+00   8.50e-02   2.88e+00   3.07e+00 (  1.43e+01, -3.25e+02)
60      0.240   9.75e+05   1.76e+01   1.38e-01   4.64e+00   4.79e+00 (  2.29e+01, -3.19e+02)
65      0.318   1.38e+06   5.78e+01   1.91e-01   6.27e+00   6.36e+00 (  3.10e+01, -3.11e+02)
70      0.382   1.68e+06   1.80e+02   2.37e-01   7.39e+00   7.39e+00 (  3.59e+01, -3.03e+02)
75      0.422   1.83e+06   9.27e+05   2.73e-01   7.86e+00   7.79e+00 (  3.73e+01, -2.96e+02)
80      0.434   1.88e+06   1.06e+06   2.96e-01   7.85e+00   7.73e+00 (  3.63e+01, -2.89e+02)
85      0.413   1.81e+06   1.07e+06   2.96e-01   7.25e+00   7.45e+00 (  3.35e+01, -2.82e+02)
90      0.660   1.58e+00   2.21e+00   1.36e+00   2.07e+01   7.09e+00 (  3.63e+02, -2.76e+02)
95      0.642   1.11e+00   1.60e+00   1.17e+00   5.13e+01   6.79e+00 (  8.17e+02, -2.73e+02)
44 n: 1.032e-05 e: 7.308e-05 i: 2.464e-05 :: e: 3.832e-02 i: 2.557e-02 :: n: 2.920e+01 e:8.432 i:9.704 v:4.993e+03
>>> tau_he = 5.000000, nhe(0)=9.475834e-01
 5    -26.533   7.13e-04   3.09e-02   3.29e-04  -8.20e-03   1.91e-07 (  1.02e-01, -4.62e+01)
10    -78.889   9.20e-03   8.55e-03   1.71e-02  -1.14e-01   3.40e-06 (  2.43e+00, -9.22e+01)
15     -8.677   2.59e-02   5.30e-02   1.00e-01  -1.86e-01   4.15e-05 (  7.98e+00, -1.37e+02)
20     -0.623   3.49e-02   7.40e-02   8.59e-02  -1.54e-01   3.85e-04 (  1.05e+01, -1.81e+02)
25     -0.089   4.31e-02   9.26e-02   8.98e-02  -1.37e-01   2.78e-03 (  1.20e+01, -2.20e+02)
30     -0.014   4.38e-02   8.55e-02   8.20e-02  -4.53e-02   1.57e-02 (  1.08e+01, -2.55e+02)
35      0.007   1.46e-02   2.24e-02   1.45e-02   9.94e-02   7.04e-02 (  1.51e+00, -2.87e+02)
40      0.006   7.83e-02   3.18e-02   3.80e-03   1.25e-01   2.50e-01 (  8.53e-01, -3.11e+02)
45      0.022   1.35e+00   5.84e-02   1.44e-02   4.37e-01   7.12e-01 (  2.34e+00, -3.24e+02)
50      0.081   2.78e+05   2.95e-01   4.67e-02   1.44e+00   1.64e+00 (  7.13e+00, -3.28e+02)
55      0.156   5.78e+05   2.65e+00   8.50e-02   2.87e+00   3.07e+00 (  1.42e+01, -3.25e+02)
60      0.240   9.74e+05   1.73e+01   1.37e-01   4.63e+00   4.79e+00 (  2.29e+01, -3.19e+02)
65      0.318   1.38e+06   5.61e+01   1.91e-01   6.26e+00   6.36e+00 (  3.10e+01, -3.11e+02)
70      0.382   1.68e+06   1.68e+02   2.37e-01   7.39e+00   7.39e+00 (  3.59e+01, -3.03e+02)
75      0.422   1.83e+06   9.27e+05   2.73e-01   7.86e+00   7.79e+00 (  3.72e+01, -2.96e+02)
80      0.434   1.88e+06   1.06e+06   2.96e-01   7.84e+00   7.73e+00 (  3.63e+01, -2.89e+02)
85      0.412   1.81e+06   1.07e+06   2.96e-01   7.24e+00   7.45e+00 (  3.35e+01, -2.82e+02)
90      0.659   1.58e+00   2.21e+00   1.36e+00   2.07e+01   7.09e+00 (  3.63e+02, -2.76e+02)
95      0.642   1.11e+00   1.60e+00   1.17e+00   5.13e+01   6.79e+00 (  8.17e+02, -2.73e+02)
45 n: 1.239e-05 e: 2.989e-05 i: 5.482e-05 :: e: 3.730e-02 i: 2.371e-02 :: n: 2.916e+01 e:8.468 i:9.791 v:4.993e+03
>>> tau_he = 5.000000, nhe(0)=9.646317e-01
 5    -26.782   7.28e-04   3.15e-02   3.37e-04  -8.31e-03   1.91e-07 (  1.04e-01, -4.62e+01)
10    -79.404   9.13e-03   8.16e-03   1.66e-02  -1.15e-01   3.40e-06 (  2.41e+00, -9.22e+01)
15     -8.714   2.60e-02   5.22e-02   9.91e-02  -1.88e-01   4.15e-05 (  8.01e+00, -1.37e+02)
20     -0.625   3.50e-02   7.33e-02   8.58e-02  -1.55e-01   3.85e-04 (  1.06e+01, -1.81e+02)
25     -0.075   4.39e-02   9.23e-02   8.95e-02  -1.21e-01   2.78e-03 (  1.22e+01, -2.20e+02)
30     -0.010   4.50e-02   8.82e-02   8.21e-02  -3.49e-02   1.57e-02 (  1.12e+01, -2.55e+02)
35      0.009   1.77e-02   3.23e-02   2.01e-02   1.21e-01   7.04e-02 (  1.98e+00, -2.87e+02)
40      0.006   7.51e-02   3.47e-02   2.86e-03   1.27e-01   2.50e-01 (  8.89e-01, -3.11e+02)
45      0.021   1.21e+00   5.66e-02   1.40e-02   4.16e-01   7.12e-01 (  2.25e+00, -3.24e+02)
50      0.080   2.75e+05   2.86e-01   4.64e-02   1.43e+00   1.64e+00 (  7.06e+00, -3.28e+02)
55      0.156   5.76e+05   2.52e+00   8.48e-02   2.86e+00   3.07e+00 (  1.42e+01, -3.25e+02)
60      0.239   9.72e+05   1.61e+01   1.37e-01   4.62e+00   4.79e+00 (  2.28e+01, -3.19e+02)
65      0.318   1.38e+06   5.00e+01   1.90e-01   6.26e+00   6.36e+00 (  3.09e+01, -3.11e+02)
70      0.382   1.68e+06   1.31e+02   2.36e-01   7.38e+00   7.39e+00 (  3.59e+01, -3.03e+02)
75      0.422   1.83e+06   6.95e+02   2.73e-01   7.85e+00   7.79e+00 (  3.72e+01, -2.96e+02)
80      0.433   1.87e+06   1.06e+06   2.95e-01   7.84e+00   7.73e+00 (  3.63e+01, -2.89e+02)
85      0.412   1.81e+06   1.07e+06   2.95e-01   7.23e+00   7.45e+00 (  3.34e+01, -2.82e+02)
90      0.659   1.58e+00   2.21e+00   1.36e+00   2.07e+01   7.09e+00 (  3.63e+02, -2.76e+02)
95      0.642   1.11e+00   1.60e+00   1.17e+00   5.13e+01   6.79e+00 (  8.17e+02, -2.73e+02)
46 n: 1.903e-05 e: 7.138e-05 i: 2.125e-05 :: e: 3.518e-02 i: 2.312e-02 :: n: 2.911e+01 e:8.554 i:9.839 v:4.993e+03
>>> tau_he = 5.000000, nhe(0)=9.720358e-01
 5    -27.101   7.37e-04   3.19e-02   3.42e-04  -8.45e-03   1.91e-07 (  1.07e-01, -4.62e+01)
10    -82.153   9.32e-03   8.24e-03   1.68e-02  -1.20e-01   3.40e-06 (  2.49e+00, -9.22e+01)
15     -9.071   2.64e-02   5.27e-02   1.00e-01  -1.96e-01   4.15e-05 (  8.23e+00, -1.37e+02)
20     -0.659   3.54e-02   7.38e-02   8.65e-02  -1.64e-01   3.85e-04 (  1.09e+01, -1.81e+02)
25     -0.076   4.46e-02   9.29e-02   9.00e-02  -1.27e-01   2.78e-03 (  1.26e+01, -2.20e+02)
30     -0.009   4.65e-02   9.04e-02   8.15e-02  -3.25e-02   1.57e-02 (  1.18e+01, -2.55e+02)
35      0.007   1.36e-02   2.16e-02   1.19e-02   9.32e-02   7.04e-02 (  1.66e+00, -2.87e+02)
40      0.006   6.73e-02   3.47e-02   1.61e-03   1.26e-01   2.50e-01 (  9.05e-01, -3.11e+02)
45      0.021   1.05e+00   5.64e-02   1.36e-02   4.19e-01   7.12e-01 (  2.28e+00, -3.24e+02)
50      0.080   2.75e+05   2.84e-01   4.64e-02   1.42e+00   1.64e+00 (  7.04e+00, -3.28e+02)
55      0.156   5.75e+05   2.47e+00   8.47e-02   2.85e+00   3.07e+00 (  1.41e+01, -3.25e+02)
60      0.239   9.71e+05   1.58e+01   1.37e-01   4.61e+00   4.79e+00 (  2.28e+01, -3.19e+02)
65      0.318   1.38e+06   4.82e+01   1.90e-01   6.25e+00   6.36e+00 (  3.09e+01, -3.11e+02)
70      0.382   1.68e+06   1.22e+02   2.36e-01   7.37e+00   7.39e+00 (  3.59e+01, -3.03e+02)
75      0.421   1.83e+06   5.18e+02   2.73e-01   7.85e+00   7.79e+00 (  3.72e+01, -2.96e+02)
80      0.433   1.87e+06   1.06e+06   2.95e-01   7.83e+00   7.73e+00 (  3.63e+01, -2.89e+02)
85      0.412   1.81e+06   1.07e+06   2.95e-01   7.23e+00   7.45e+00 (  3.34e+01, -2.82e+02)
90      0.659   1.58e+00   2.21e+00   1.36e+00   2.07e+01   7.09e+00 (  3.63e+02, -2.76e+02)
95      0.642   1.11e+00   1.60e+00   1.17e+00   5.13e+01   6.79e+00 (  8.17e+02, -2.73e+02)
47 n: 1.069e-05 e: 2.950e-05 i: 5.279e-05 :: e: 3.355e-02 i: 2.161e-02 :: n: 2.912e+01 e:8.588 i:9.927 v:4.993e+03
>>> tau_he = 5.000000, nhe(0)=9.915606e-01
 5    -27.392   7.52e-04   3.25e-02   3.50e-04  -8.57e-03   1.91e-07 (  1.09e-01, -4.62e+01)
10    -82.662   9.28e-03   7.85e-03   1.62e-02  -1.20e-01   3.40e-06 (  2.48e+00, -9.22e+01)
15     -9.100   2.64e-02   5.19e-02   9.88e-02  -1.96e-01   4.15e-05 (  8.26e+00, -1.37e+02)
20     -0.660   3.55e-02   7.31e-02   8.65e-02  -1.65e-01   3.85e-04 (  1.10e+01, -1.81e+02)
25     -0.071   4.48e-02   9.25e-02   8.95e-02  -1.24e-01   2.78e-03 (  1.27e+01, -2.20e+02)
30     -0.005   4.74e-02   9.24e-02   8.11e-02  -2.09e-02   1.57e-02 (  1.22e+01, -2.55e+02)
35      0.010   1.72e-02   2.77e-02   1.63e-02   1.15e-01   7.04e-02 (  2.23e+00, -2.87e+02)
40      0.006   6.85e-02   3.66e-02   8.56e-04   1.39e-01   2.50e-01 (  1.01e+00, -3.11e+02)
45      0.020   9.56e-01   5.52e-02   1.34e-02   4.06e-01   7.12e-01 (  2.23e+00, -3.24e+02)
50      0.080   2.73e+05   2.76e-01   4.63e-02   1.41e+00   1.64e+00 (  7.01e+00, -3.28e+02)
55      0.155   5.74e+05   2.36e+00   8.47e-02   2.85e+00   3.07e+00 (  1.41e+01, -3.25e+02)
60      0.239   9.71e+05   1.47e+01   1.37e-01   4.61e+00   4.79e+00 (  2.28e+01, -3.19e+02)
65      0.318   1.38e+06   4.33e+01   1.90e-01   6.24e+00   6.36e+00 (  3.09e+01, -3.11e+02)
70      0.382   1.68e+06   1.00e+02   2.36e-01   7.37e+00   7.39e+00 (  3.59e+01, -3.03e+02)
75      0.421   1.83e+06   2.84e+02   2.73e-01   7.84e+00   7.79e+00 (  3.72e+01, -2.96e+02)
80      0.433   1.87e+06   1.06e+06   2.95e-01   7.83e+00   7.73e+00 (  3.63e+01, -2.89e+02)
85      0.412   1.81e+06   1.07e+06   2.95e-01   7.22e+00   7.45e+00 (  3.34e+01, -2.82e+02)
90      0.659   1.58e+00   2.21e+00   1.36e+00   2.07e+01   7.09e+00 (  3.63e+02, -2.76e+02)
95      0.642   1.11e+00   1.60e+00   1.17e+00   5.13e+01   6.79e+00 (  8.17e+02, -2.73e+02)
48 n: 1.616e-05 e: 7.566e-05 i: 1.744e-05 :: e: 3.125e-02 i: 2.110e-02 :: n: 2.910e+01 e:8.678 i:9.970 v:4.993e+03
>>> tau_he = 5.000000, nhe(0)=9.996512e-01
 5    -27.767   7.61e-04   3.29e-02   3.54e-04  -8.72e-03   1.91e-07 (  1.12e-01, -4.62e+01)
10    -85.664   9.47e-03   7.93e-03   1.65e-02  -1.25e-01   3.40e-06 (  2.57e+00, -9.22e+01)
15     -9.488   2.68e-02   5.24e-02   1.00e-01  -2.05e-01   4.15e-05 (  8.50e+00, -1.37e+02)
20     -0.725   3.40e-02   6.54e-02   8.72e-02  -1.82e-01   3.85e-04 (  1.07e+01, -1.81e+02)
25     -0.055   4.62e-02   9.26e-02   9.00e-02  -1.00e-01   2.78e-03 (  1.34e+01, -2.20e+02)
30     -0.005   4.86e-02   9.40e-02   8.09e-02  -1.94e-02   1.57e-02 (  1.28e+01, -2.55e+02)
35      0.011   2.02e-02   3.26e-02   2.08e-02   1.27e-01   7.04e-02 (  2.85e+00, -2.87e+02)
40      0.007   6.30e-02   3.75e-02  -1.73e-04   1.44e-01   2.50e-01 (  1.07e+00, -3.11e+02)
45      0.020   8.39e-01   5.53e-02   1.36e-02   4.10e-01   7.12e-01 (  2.27e+00, -3.24e+02)
50      0.080   2.74e+05   2.75e-01   4.64e-02   1.42e+00   1.64e+00 (  7.03e+00, -3.28e+02)
55      0.155   5.75e+05   2.32e+00   8.48e-02   2.85e+00   3.07e+00 (  1.41e+01, -3.25e+02)
60      0.239   9.72e+05   1.44e+01   1.37e-01   4.61e+00   4.79e+00 (  2.28e+01, -3.19e+02)
65      0.318   1.38e+06   4.18e+01   1.90e-01   6.24e+00   6.36e+00 (  3.09e+01, -3.11e+02)
70      0.382   1.68e+06   9.36e+01   2.37e-01   7.37e+00   7.39e+00 (  3.59e+01, -3.03e+02)
75      0.421   1.83e+06   2.42e+02   2.73e-01   7.84e+00   7.79e+00 (  3.72e+01, -2.96e+02)
80      0.433   1.87e+06   1.06e+06   2.95e-01   7.83e+00   7.73e+00 (  3.63e+01, -2.89e+02)
85      0.412   1.81e+06   1.07e+06   2.95e-01   7.22e+00   7.45e+00 (  3.34e+01, -2.82e+02)
90      0.659   1.58e+00   2.21e+00   1.36e+00   2.07e+01   7.09e+00 (  3.63e+02, -2.76e+02)
95      0.642   1.11e+00   1.60e+00   1.17e+00   5.13e+01   6.79e+00 (  8.17e+02, -2.73e+02)
49 n: 1.809e-05 e: 2.986e-05 i: 4.958e-05 :: e: 2.950e-02 i: 1.957e-02 :: n: 2.907e+01 e:8.708 i:10.058 v:4.993e+03
 plasma volume = 147.279326
 stored energy(e,i,b,a) = 3.557494e+01 3.509185e+01 0.000000e+00 0.000000e+00
 betan = 0.807298
*power
 Pnb(e,i) = 0.000000e+00 0.000000e+00
 Prf(e,i) = 2.614202e+00 1.742755e+01
 Prad     = -6.600723e+01 
 Pei      = 1.624570e+01 
 Pfuse    = 1.397503e+01 
 Pfusi    = 2.164711e+00 
 Poh      = 0.000000e+00 
*confinement time
 taut, tauITER98y2, H98y2 : -2.369323e+00 -nan -nan
 taue, taui : -1.072429e+00 -2.492144e+00
 taut, tau89, H89 : -2.369323e+00 -nan -nan
*temperature
 nea, nebar : 2.052672e+01 2.377716e+01 
 tea, tia : 4.622656e+00 4.763187e+00 (9.704963e-01)
 te0, ti0 : 7.518615e+00 8.068900e+00 (9.318018e-01)
 Sn : 1.499647e+03 
*current balance
 Ip,Ibs,Inb,Irf: 1.000000e+01 1.113158e+00 0.000000e+00 5.711698e-03
 fni,fbs: 0.112 0.111

 plasma volume = 147.279326
 stored energy(e,i,b,a) = 3.557494e+01 3.509185e+01 0.000000e+00 0.000000e+00
 betan = 0.807298
*power
 Pnb(e,i) = 0.000000e+00 0.000000e+00
 Prf(e,i) = 2.614202e+00 1.742755e+01
 Prad     = -6.600723e+01 
 Pei      = 1.624570e+01 
 Pfuse    = 1.397503e+01 
 Pfusi    = 2.164711e+00 
 Poh      = 0.000000e+00 
*confinement time
 taut, tauITER98y2, H98y2 : -2.369323e+00 -nan -nan
 taue, taui : -1.072429e+00 -2.492144e+00
 taut, tau89, H89 : -2.369323e+00 -nan -nan
*temperature
 nea, nebar : 2.052672e+01 2.377716e+01 
 tea, tia : 4.622656e+00 4.763187e+00 (9.704963e-01)
 te0, ti0 : 7.518615e+00 8.068900e+00 (9.318018e-01)
 Sn : 1.499647e+03 
*current balance
 Ip,Ibs,Inb,Irf: 1.000000e+01 1.113158e+00 0.000000e+00 5.711698e-03
 fni,fbs: 0.112 0.111
 ELAPASED TIME = 44 sec

finalize
