========================================================================
= FASTRAN

nonlinear model = 0
ichi = 1
ineo = 0
reading state...
read formatted input, inprof...
init geometry...
read formatted input, inmetric...
nrho in inmetric = 101
rhob in inmetric = 1.266727e+00
solve avg grad-shafranv...
solve_avg_gs::Ip_temp = 1.002090e+01 
solve_avg_gs::Ip      = 1.000000e+01 
>>> tau_he = 5.000000, nhe(0)=3.975775e+00

 plasma volume = 149.799370
 stored energy(e,i,b,a) = 6.907499e+01 6.833585e+01 0.000000e+00 0.000000e+00
 betan = 1.550571
*power
 Pnb(e,i) = 0.000000e+00 0.000000e+00
 Prf(e,i) = 7.574959e+00 3.242307e+01
 Prad     = -9.773845e+01 
 Pei      = 2.518729e+01 
 Pfuse    = 8.053949e+01 
 Pfusi    = 2.449291e+01 
 Poh      = 0.000000e+00 
*confinement time
 taut, tauITER98y2, H98y2 : 2.905585e+00 2.381645e+00 1.219991e+00
 taue, taui : 4.438328e+00 -9.841288e+01
 taut, tau89, H89 : 2.905585e+00 1.024694e+00 2.835563e+00
*temperature
 nea, nebar : 2.205332e+01 2.571928e+01 
 tea, tia : 7.508304e+00 8.173868e+00 (9.185742e-01)
 te0, ti0 : 1.975772e+01 2.592074e+01 (7.622360e-01)
 Sn : 1.999493e+03 
*current balance
 Ip,Ibs,Inb,Irf: 1.000000e+01 2.433456e+00 0.000000e+00 1.308458e-01
 fni,fbs: 0.256 0.243

Time advancing...
rho_bdry 0.900000 ...
te_bdry = 5.000307
ti_bdry = 5.000307
ne_bdry = 16.078026
rv_bdry = 279.463030
nrho_tr_bdry = 18
drho_bdry = 0.000000e+00
nrhob = 90
 [    0] t = 0.0000 
>>> tau_he = 5.000000, nhe(0)=4.028960e+00
 5     -0.033   6.06e-03   2.24e-01   4.44e-04  -3.44e-02   2.49e-07 (  1.00e+00,  5.18e+01)
10     -0.064   1.53e-02   3.48e-02  -3.17e-03  -1.33e-01   4.43e-06 (  4.92e+00,  1.07e+02)
15     -0.145   3.89e-02  -7.53e-02  -6.91e-03  -4.50e-01   5.40e-05 (  1.80e+01,  1.58e+02)
20     -0.218   1.19e-01  -2.55e-02   1.13e-02  -9.01e-01   5.01e-04 (  6.93e+01,  2.01e+02)
25     -0.125   1.55e-01   6.96e-02   3.13e-02  -6.43e-01   3.62e-03 (  1.04e+02,  2.31e+02)
30     -0.051   2.09e-01   1.09e-01  -1.13e-02  -3.18e-01   2.06e-02 (  1.52e+02,  2.50e+02)
35     -0.003   2.45e-01   1.41e-01   9.13e-03  -2.21e-02   9.21e-02 (  1.73e+02,  2.56e+02)
40      0.027   2.58e-01   1.74e-01   5.23e-02   2.59e-01   3.28e-01 (  1.77e+02,  2.51e+02)
45      0.061   2.77e-01   2.18e-01   1.11e-01   7.86e-01   9.36e-01 (  1.73e+02,  2.37e+02)
50      0.110   3.07e-01   3.34e-01   1.45e-01   2.07e+00   2.15e+00 (  1.67e+02,  2.17e+02)
55      0.136   3.25e-01   4.29e-01   1.75e-01   3.71e+00   4.05e+00 (  1.47e+02,  1.95e+02)
60      0.196   4.38e-01   5.38e-01   3.01e-01   6.10e+00   6.33e+00 (  1.41e+02,  1.76e+02)
65      0.268   6.53e-01   6.68e-01   4.02e-01   8.33e+00   8.41e+00 (  1.37e+02,  1.59e+02)
70      0.336   9.27e-01   8.14e-01   4.82e-01   9.87e+00   9.79e+00 (  1.30e+02,  1.43e+02)
75      0.382   1.16e+00   9.49e-01   5.30e-01   1.05e+01   1.03e+01 (  1.17e+02,  1.27e+02)
80      0.413   1.35e+00   1.09e+00   5.52e-01   1.08e+01   1.03e+01 (  1.10e+02,  1.11e+02)
85      0.342   9.84e-01   1.02e+00   5.66e-01   8.09e+00   9.93e+00 (  8.79e+01,  9.64e+01)
90      0.633   1.45e+00   2.21e+00   1.50e+00   2.02e+01   9.47e+00 (  4.26e+02,  8.18e+01)
95      0.528   9.28e-01   1.34e+00   9.66e-01   4.38e+01   9.09e+00 (  7.07e+02,  6.69e+01)
 0 n: 1.070e-09 e: 4.311e-07 i: 3.658e-06 :: e: 0.000e+00 i: 0.000e+00 :: n: 3.221e+01 e:19.784 i:25.819 v:4.993e+03
>>> tau_he = 5.000000, nhe(0)=4.020295e+00
 5     -0.029   5.80e-03   2.34e-01   7.01e-04  -2.98e-02   2.49e-07 (  9.51e-01,  5.18e+01)
10     -0.011   3.16e-03  -5.16e-03  -8.25e-04  -2.31e-02   4.43e-06 (  1.02e+00,  1.07e+02)
15     -0.152   3.70e-02  -7.31e-02  -8.06e-03  -4.74e-01   5.40e-05 (  1.74e+01,  1.58e+02)
20     -0.197   1.23e-01  -2.17e-02   1.26e-02  -8.14e-01   5.01e-04 (  7.18e+01,  2.01e+02)
25     -0.126   1.56e-01   7.22e-02   3.14e-02  -6.47e-01   3.62e-03 (  1.05e+02,  2.31e+02)
30     -0.050   2.07e-01   1.08e-01  -1.71e-03  -3.14e-01   2.06e-02 (  1.49e+02,  2.50e+02)
35     -0.002   2.45e-01   1.42e-01   8.99e-03  -1.78e-02   9.21e-02 (  1.73e+02,  2.56e+02)
40      0.026   2.58e-01   1.73e-01   5.24e-02   2.49e-01   3.28e-01 (  1.76e+02,  2.51e+02)
45      0.061   2.77e-01   2.18e-01   1.11e-01   7.92e-01   9.36e-01 (  1.73e+02,  2.37e+02)
50      0.110   3.07e-01   3.34e-01   1.45e-01   2.07e+00   2.15e+00 (  1.66e+02,  2.17e+02)
55      0.136   3.25e-01   4.28e-01   1.75e-01   3.69e+00   4.05e+00 (  1.46e+02,  1.95e+02)
60      0.197   4.39e-01   5.38e-01   3.01e-01   6.10e+00   6.33e+00 (  1.41e+02,  1.76e+02)
65      0.268   6.53e-01   6.68e-01   4.01e-01   8.32e+00   8.41e+00 (  1.37e+02,  1.59e+02)
70      0.336   9.27e-01   8.14e-01   4.82e-01   9.87e+00   9.79e+00 (  1.30e+02,  1.43e+02)
75      0.381   1.16e+00   9.49e-01   5.29e-01   1.04e+01   1.03e+01 (  1.17e+02,  1.27e+02)
80      0.417   1.37e+00   1.10e+00   5.55e-01   1.09e+01   1.03e+01 (  1.11e+02,  1.11e+02)
85      0.335   9.48e-01   1.01e+00   5.77e-01   7.74e+00   9.93e+00 (  8.53e+01,  9.64e+01)
90      0.636   1.46e+00   2.21e+00   1.50e+00   2.03e+01   9.47e+00 (  4.27e+02,  8.18e+01)
95      0.528   9.28e-01   1.34e+00   9.66e-01   4.38e+01   9.09e+00 (  7.07e+02,  6.69e+01)
 1 n: 2.494e-04 e: 2.075e-02 i: 1.089e-01 :: e: 7.498e-03 i: 5.800e-03 :: n: 3.474e+01 e:22.821 i:26.699 v:4.993e+03
>>> tau_he = 5.000000, nhe(0)=4.618210e+00
 5   -170.826   6.97e-03   1.10e+00   2.70e-03  -6.37e-02   2.49e-07 (  2.77e+00,  5.18e+01)
10    -64.911   1.55e-02   1.59e-02  -2.86e-03  -1.08e-01   4.43e-06 (  1.27e+01,  1.07e+02)
15   -192.716   1.10e-01  -6.34e-02   2.97e-02  -4.91e+00   5.40e-05 (  1.12e+02,  1.58e+02)
20    -25.415   3.24e-01   4.01e-01  -3.32e-02  -7.85e+00   5.01e-04 (  3.04e+02,  2.01e+02)
25     -1.343   3.17e-01   3.51e-01   1.05e-01  -3.67e+00   3.62e-03 (  2.91e+02,  2.31e+02)
30      0.178   2.71e-01   2.14e-01   5.49e-02   3.07e+00   2.06e-02 (  2.31e+02,  2.50e+02)
35      0.106   2.44e-01   2.07e-01   5.90e-02   1.69e+00   9.21e-02 (  1.87e+02,  2.56e+02)
40      0.091   2.18e-01   1.98e-01   4.75e-02   1.92e+00   3.28e-01 (  1.53e+02,  2.51e+02)
45      0.103   2.64e-01   2.76e-01   7.30e-02   1.94e+00   9.36e-01 (  1.65e+02,  2.37e+02)
50      0.105   2.82e-01   3.20e-01   1.27e-01   2.27e+00   2.15e+00 (  1.50e+02,  2.17e+02)
55      0.138   3.23e-01   4.24e-01   1.72e-01   4.02e+00   4.05e+00 (  1.43e+02,  1.95e+02)
60      0.209   4.69e-01   5.49e-01   3.17e-01   6.71e+00   6.33e+00 (  1.48e+02,  1.76e+02)
65      0.285   7.05e-01   6.91e-01   4.11e-01   9.04e+00   8.41e+00 (  1.46e+02,  1.59e+02)
70      0.355   9.94e-01   8.46e-01   4.94e-01   1.06e+01   9.79e+00 (  1.38e+02,  1.43e+02)
75      0.402   1.24e+00   9.90e-01   5.40e-01   1.12e+01   1.03e+01 (  1.25e+02,  1.27e+02)
80      0.435   1.44e+00   1.14e+00   5.61e-01   1.15e+01   1.03e+01 (  1.16e+02,  1.11e+02)
85      0.355   1.03e+00   1.04e+00   5.62e-01   8.50e+00   9.93e+00 (  9.18e+01,  9.64e+01)
90      0.629   1.45e+00   2.20e+00   1.49e+00   2.01e+01   9.47e+00 (  4.24e+02,  8.18e+01)
95      0.528   9.28e-01   1.34e+00   9.66e-01   4.38e+01   9.09e+00 (  7.07e+02,  6.69e+01)
 2 n: 2.591e-04 e: 1.152e-03 i: 7.836e-03 :: e: 8.592e-02 i: 9.676e-02 :: n: 3.192e+01 e:23.412 i:26.687 v:4.993e+03
>>> tau_he = 5.000000, nhe(0)=4.046110e+00
 5   -175.755   6.49e-03   7.13e-01   2.36e-03  -6.51e-02   2.49e-07 (  2.35e+00,  5.18e+01)
10   -141.860   1.98e-02  -1.40e-03  -1.07e-02  -2.35e-01   4.43e-06 (  1.51e+01,  1.07e+02)
15   -218.754   1.17e-01  -4.14e-02   2.60e-02  -5.54e+00   5.40e-05 (  1.11e+02,  1.58e+02)
20    -12.792   1.50e-01   7.23e-02   2.92e-02  -3.92e+00   5.01e-04 (  1.31e+02,  2.01e+02)
25     -0.775   3.40e-01   3.66e-01   1.53e-01  -2.08e+00   3.62e-03 (  2.98e+02,  2.31e+02)
30      0.098   3.00e-01   2.70e-01   9.13e-02   1.04e+00   2.06e-02 (  2.49e+02,  2.50e+02)
35      0.094   3.10e-01   2.71e-01   1.18e-01   9.78e-01   9.21e-02 (  2.41e+02,  2.56e+02)
40      0.009   2.74e-01   1.76e-01   5.37e-02   9.36e-02   3.28e-01 (  2.00e+02,  2.51e+02)
45      0.053   2.83e-01   2.19e-01   1.10e-01   7.04e-01   9.36e-01 (  1.83e+02,  2.37e+02)
50      0.102   3.09e-01   3.33e-01   1.47e-01   1.94e+00   2.15e+00 (  1.69e+02,  2.17e+02)
55      0.132   3.23e-01   4.25e-01   1.74e-01   3.60e+00   4.05e+00 (  1.45e+02,  1.95e+02)
60      0.194   4.36e-01   5.31e-01   3.00e-01   5.97e+00   6.33e+00 (  1.37e+02,  1.76e+02)
65      0.266   6.50e-01   6.60e-01   3.97e-01   8.17e+00   8.41e+00 (  1.33e+02,  1.59e+02)
70      0.334   9.25e-01   8.06e-01   4.77e-01   9.73e+00   9.79e+00 (  1.27e+02,  1.43e+02)
75      0.380   1.16e+00   9.42e-01   5.24e-01   1.03e+01   1.03e+01 (  1.15e+02,  1.27e+02)
80      0.411   1.35e+00   1.08e+00   5.46e-01   1.07e+01   1.03e+01 (  1.07e+02,  1.11e+02)
85      0.339   9.81e-01   1.00e+00   5.54e-01   7.98e+00   9.93e+00 (  8.59e+01,  9.64e+01)
90      0.627   1.44e+00   2.19e+00   1.49e+00   1.99e+01   9.47e+00 (  4.22e+02,  8.18e+01)
95      0.528   9.28e-01   1.34e+00   9.66e-01   4.38e+01   9.09e+00 (  7.07e+02,  6.69e+01)
 3 n: 5.314e-05 e: 2.098e-03 i: 1.428e-03 :: e: 4.516e-02 i: 6.117e-02 :: n: 3.152e+01 e:22.272 i:27.448 v:4.993e+03
>>> tau_he = 5.000000, nhe(0)=4.020792e+00
 5   -172.009   7.08e-03   7.31e-01   2.51e-03  -6.37e-02   2.49e-07 (  2.44e+00,  5.18e+01)
10   -132.673   2.07e-02  -1.14e-03  -9.31e-03  -2.20e-01   4.43e-06 (  1.49e+01,  1.07e+02)
15   -197.714   1.16e-01  -3.54e-02   2.71e-02  -5.01e+00   5.40e-05 (  1.01e+02,  1.58e+02)
20    -10.983   1.48e-01   7.39e-02   2.68e-02  -3.37e+00   5.01e-04 (  1.20e+02,  2.01e+02)
25     -0.635   3.19e-01   3.41e-01   1.07e-01  -1.66e+00   3.62e-03 (  2.50e+02,  2.31e+02)
30      0.078   3.06e-01   2.76e-01   9.39e-02   5.91e-01   2.06e-02 (  2.31e+02,  2.50e+02)
35      0.100   3.01e-01   2.60e-01   1.12e-01   9.47e-01   9.21e-02 (  2.15e+02,  2.56e+02)
40      0.025   2.56e-01   1.71e-01   5.33e-02   2.33e-01   3.28e-01 (  1.73e+02,  2.51e+02)
45      0.062   2.68e-01   2.13e-01   1.11e-01   8.12e-01   9.36e-01 (  1.62e+02,  2.37e+02)
50      0.106   2.94e-01   3.22e-01   1.35e-01   2.00e+00   2.15e+00 (  1.52e+02,  2.17e+02)
55      0.130   3.09e-01   4.11e-01   1.66e-01   3.53e+00   4.05e+00 (  1.32e+02,  1.95e+02)
60      0.186   4.17e-01   5.13e-01   2.86e-01   5.72e+00   6.33e+00 (  1.27e+02,  1.76e+02)
65      0.257   6.32e-01   6.40e-01   3.87e-01   7.88e+00   8.41e+00 (  1.25e+02,  1.59e+02)
70      0.325   9.11e-01   7.87e-01   4.67e-01   9.47e+00   9.79e+00 (  1.21e+02,  1.43e+02)
75      0.373   1.16e+00   9.25e-01   5.17e-01   1.01e+01   1.03e+01 (  1.11e+02,  1.27e+02)
80      0.407   1.35e+00   1.07e+00   5.42e-01   1.05e+01   1.03e+01 (  1.05e+02,  1.11e+02)
85      0.338   9.90e-01   9.98e-01   5.53e-01   7.94e+00   9.93e+00 (  8.41e+01,  9.64e+01)
90      0.628   1.44e+00   2.19e+00   1.49e+00   1.99e+01   9.47e+00 (  4.19e+02,  8.18e+01)
95      0.528   9.28e-01   1.34e+00   9.66e-01   4.38e+01   9.09e+00 (  7.07e+02,  6.69e+01)
 4 n: 3.398e-05 e: 5.980e-04 i: 1.690e-03 :: e: 4.449e-02 i: 6.584e-02 :: n: 3.141e+01 e:22.896 i:26.579 v:4.993e+03
>>> tau_he = 5.000000, nhe(0)=3.925669e+00
 5   -177.322   6.52e-03   6.99e-01   2.41e-03  -6.55e-02   2.49e-07 (  2.37e+00,  5.18e+01)
10   -287.386   2.26e-02   2.53e-02   1.38e-02  -4.76e-01   4.43e-06 (  1.71e+01,  1.07e+02)
15   -212.333   1.20e-01  -3.05e-02   3.09e-02  -5.38e+00   5.40e-05 (  1.07e+02,  1.58e+02)
20    -16.436   1.46e-01   8.04e-02   4.00e-02  -5.03e+00   5.01e-04 (  1.22e+02,  2.01e+02)
25     -0.752   1.95e-01   1.10e-01  -6.70e-02  -1.91e+00   3.62e-03 (  1.54e+02,  2.31e+02)
30     -0.013   3.22e-01   2.96e-01   1.32e-01  -7.67e-02   2.06e-02 (  2.48e+02,  2.50e+02)
35      0.082   3.14e-01   2.76e-01   1.38e-01   6.85e-01   9.21e-02 (  2.32e+02,  2.56e+02)
40      0.073   3.14e-01   2.66e-01   1.38e-01   6.96e-01   3.28e-01 (  2.22e+02,  2.51e+02)
45      0.060   2.80e-01   2.27e-01   1.18e-01   7.88e-01   9.36e-01 (  1.77e+02,  2.37e+02)
50      0.107   3.07e-01   3.43e-01   1.48e-01   2.02e+00   2.15e+00 (  1.66e+02,  2.17e+02)
55      0.134   3.25e-01   4.33e-01   1.77e-01   3.65e+00   4.05e+00 (  1.45e+02,  1.95e+02)
60      0.198   4.45e-01   5.41e-01   3.08e-01   6.11e+00   6.33e+00 (  1.40e+02,  1.76e+02)
65      0.273   6.69e-01   6.73e-01   4.04e-01   8.41e+00   8.41e+00 (  1.37e+02,  1.59e+02)
70      0.342   9.51e-01   8.22e-01   4.84e-01   1.00e+01   9.79e+00 (  1.30e+02,  1.43e+02)
75      0.389   1.19e+00   9.59e-01   5.28e-01   1.06e+01   1.03e+01 (  1.18e+02,  1.27e+02)
80      0.420   1.38e+00   1.10e+00   5.46e-01   1.09e+01   1.03e+01 (  1.10e+02,  1.11e+02)
85      0.340   9.87e-01   1.00e+00   5.43e-01   8.01e+00   9.93e+00 (  8.61e+01,  9.64e+01)
90      0.625   1.44e+00   2.19e+00   1.48e+00   1.98e+01   9.47e+00 (  4.20e+02,  8.18e+01)
95      0.528   9.28e-01   1.34e+00   9.66e-01   4.38e+01   9.09e+00 (  7.07e+02,  6.69e+01)
 5 n: 5.896e-05 e: 1.684e-03 i: 4.377e-04 :: e: 3.535e-02 i: 4.578e-02 :: n: 3.125e+01 e:21.886 i:26.863 v:4.993e+03
>>> tau_he = 5.000000, nhe(0)=3.918192e+00
 5   -168.783   6.75e-03   6.92e-01   2.47e-03  -6.25e-02   2.49e-07 (  2.34e+00,  5.18e+01)
10   -256.078   2.16e-02   2.35e-02   9.62e-03  -4.25e-01   4.43e-06 (  1.54e+01,  1.07e+02)
15   -188.121   1.13e-01  -2.93e-02   2.66e-02  -4.78e+00   5.40e-05 (  9.49e+01,  1.58e+02)
20    -10.444   1.43e-01   7.63e-02   2.96e-02  -3.20e+00   5.01e-04 (  1.14e+02,  2.01e+02)
25     -0.640   1.85e-01   1.04e-01  -4.79e-02  -1.64e+00   3.62e-03 (  1.38e+02,  2.31e+02)
30     -0.113   2.04e-01   1.08e-01   2.24e-03  -6.56e-01   2.06e-02 (  1.45e+02,  2.50e+02)
35     -0.018   2.35e-01   1.32e-01   2.21e-02  -1.28e-01   9.21e-02 (  1.61e+02,  2.56e+02)
40      0.014   2.52e-01   1.63e-01   5.81e-02   1.19e-01   3.28e-01 (  1.66e+02,  2.51e+02)
45      0.060   2.63e-01   2.07e-01   1.09e-01   7.90e-01   9.36e-01 (  1.57e+02,  2.37e+02)
50      0.102   2.86e-01   3.11e-01   1.36e-01   1.94e+00   2.15e+00 (  1.46e+02,  2.17e+02)
55      0.127   3.01e-01   4.00e-01   1.61e-01   3.47e+00   4.05e+00 (  1.27e+02,  1.95e+02)
60      0.183   4.10e-01   5.01e-01   2.80e-01   5.65e+00   6.33e+00 (  1.22e+02,  1.76e+02)
65      0.253   6.28e-01   6.28e-01   3.79e-01   7.80e+00   8.41e+00 (  1.22e+02,  1.59e+02)
70      0.321   9.11e-01   7.76e-01   4.60e-01   9.39e+00   9.79e+00 (  1.18e+02,  1.43e+02)
75      0.370   1.16e+00   9.15e-01   5.11e-01   1.01e+01   1.03e+01 (  1.08e+02,  1.27e+02)
80      0.406   1.38e+00   1.06e+00   5.37e-01   1.05e+01   1.03e+01 (  1.03e+02,  1.11e+02)
85      0.339   1.01e+00   9.95e-01   5.49e-01   7.97e+00   9.93e+00 (  8.25e+01,  9.64e+01)
90      0.628   1.44e+00   2.19e+00   1.49e+00   1.99e+01   9.47e+00 (  4.16e+02,  8.18e+01)
95      0.528   9.28e-01   1.34e+00   9.66e-01   4.38e+01   9.09e+00 (  7.07e+02,  6.69e+01)
 6 n: 3.723e-05 e: 4.737e-04 i: 6.398e-04 :: e: 3.153e-02 i: 4.635e-02 :: n: 3.141e+01 e:22.391 i:26.226 v:4.993e+03
>>> tau_he = 5.000000, nhe(0)=3.894427e+00
 5   -169.325   6.31e-03   6.88e-01   2.41e-03  -6.29e-02   2.49e-07 (  2.27e+00,  5.18e+01)
10   -266.568   2.11e-02   2.40e-02   9.46e-03  -4.44e-01   4.43e-06 (  1.55e+01,  1.07e+02)
15   -204.347   1.14e-01  -2.39e-02   2.69e-02  -5.21e+00   5.40e-05 (  9.71e+01,  1.58e+02)
20    -15.453   1.41e-01   7.92e-02   3.98e-02  -4.75e+00   5.01e-04 (  1.16e+02,  2.01e+02)
25     -0.636   3.08e-01   3.32e-01   1.36e-01  -1.65e+00   3.62e-03 (  2.39e+02,  2.31e+02)
30     -0.079   2.07e-01   1.13e-01  -1.47e-02  -4.96e-01   2.06e-02 (  1.53e+02,  2.50e+02)
35     -0.007   2.37e-01   1.43e-01   2.52e-02  -5.40e-02   9.21e-02 (  1.68e+02,  2.56e+02)
40      0.017   2.54e-01   1.78e-01   6.48e-02   1.53e-01   3.28e-01 (  1.73e+02,  2.51e+02)
45      0.061   2.71e-01   2.27e-01   1.21e-01   7.99e-01   9.36e-01 (  1.67e+02,  2.37e+02)
50      0.106   3.01e-01   3.41e-01   1.48e-01   2.02e+00   2.15e+00 (  1.59e+02,  2.17e+02)
55      0.133   3.22e-01   4.31e-01   1.75e-01   3.65e+00   4.05e+00 (  1.41e+02,  1.95e+02)
60      0.199   4.49e-01   5.41e-01   3.11e-01   6.20e+00   6.33e+00 (  1.40e+02,  1.76e+02)
65      0.276   6.82e-01   6.77e-01   4.05e-01   8.57e+00   8.41e+00 (  1.38e+02,  1.59e+02)
70      0.348   9.72e-01   8.29e-01   4.86e-01   1.02e+01   9.79e+00 (  1.31e+02,  1.43e+02)
75      0.395   1.22e+00   9.68e-01   5.28e-01   1.08e+01   1.03e+01 (  1.19e+02,  1.27e+02)
80      0.427   1.41e+00   1.11e+00   5.44e-01   1.11e+01   1.03e+01 (  1.10e+02,  1.11e+02)
85      0.342   1.00e+00   1.00e+00   5.34e-01   8.06e+00   9.93e+00 (  8.59e+01,  9.64e+01)
90      0.623   1.44e+00   2.18e+00   1.48e+00   1.98e+01   9.47e+00 (  4.19e+02,  8.18e+01)
95      0.528   9.28e-01   1.34e+00   9.66e-01   4.38e+01   9.09e+00 (  7.07e+02,  6.69e+01)
 7 n: 3.232e-05 e: 1.187e-03 i: 8.643e-04 :: e: 3.917e-02 i: 4.051e-02 :: n: 3.147e+01 e:21.636 i:26.461 v:4.993e+03
>>> tau_he = 5.000000, nhe(0)=3.926984e+00
 5   -164.308   6.54e-03   6.87e-01   2.45e-03  -6.12e-02   2.49e-07 (  2.30e+00,  5.18e+01)
10   -132.888   2.22e-02   5.31e-04  -9.02e-03  -2.22e-01   4.43e-06 (  1.59e+01,  1.07e+02)
15   -194.603   1.13e-01  -2.19e-02   2.40e-02  -4.97e+00   5.40e-05 (  9.26e+01,  1.58e+02)
20    -10.102   1.38e-01   7.27e-02   2.96e-02  -3.11e+00   5.01e-04 (  1.10e+02,  2.01e+02)
25     -0.640   1.74e-01   9.98e-02  -1.01e-02  -1.67e+00   3.62e-03 (  1.28e+02,  2.31e+02)
30     -0.031   1.96e-01   1.01e-01  -7.65e-03  -2.05e-01   2.06e-02 (  1.41e+02,  2.50e+02)
35      0.006   2.25e-01   1.29e-01   1.37e-02   5.00e-02   9.21e-02 (  1.55e+02,  2.56e+02)
40      0.022   2.42e-01   1.59e-01   5.43e-02   2.06e-01   3.28e-01 (  1.58e+02,  2.51e+02)
45      0.059   2.56e-01   2.03e-01   1.09e-01   7.85e-01   9.36e-01 (  1.51e+02,  2.37e+02)
50      0.098   2.79e-01   3.02e-01   1.34e-01   1.88e+00   2.15e+00 (  1.40e+02,  2.17e+02)
55      0.124   2.94e-01   3.91e-01   1.55e-01   3.40e+00   4.05e+00 (  1.22e+02,  1.95e+02)
60      0.181   4.07e-01   4.92e-01   2.76e-01   5.62e+00   6.33e+00 (  1.19e+02,  1.76e+02)
65      0.252   6.30e-01   6.20e-01   3.74e-01   7.78e+00   8.41e+00 (  1.19e+02,  1.59e+02)
70      0.321   9.21e-01   7.69e-01   4.55e-01   9.38e+00   9.79e+00 (  1.16e+02,  1.43e+02)
75      0.370   1.18e+00   9.10e-01   5.05e-01   1.01e+01   1.03e+01 (  1.07e+02,  1.27e+02)
80      0.406   1.40e+00   1.06e+00   5.31e-01   1.05e+01   1.03e+01 (  1.01e+02,  1.11e+02)
85      0.339   1.03e+00   9.89e-01   5.41e-01   7.98e+00   9.93e+00 (  8.10e+01,  9.64e+01)
90      0.627   1.44e+00   2.19e+00   1.48e+00   1.99e+01   9.47e+00 (  4.14e+02,  8.18e+01)
95      0.528   9.28e-01   1.34e+00   9.66e-01   4.38e+01   9.09e+00 (  7.07e+02,  6.69e+01)
 8 n: 3.532e-05 e: 5.754e-04 i: 4.936e-04 :: e: 3.852e-02 i: 5.327e-02 :: n: 3.157e+01 e:22.158 i:25.971 v:4.993e+03
>>> tau_he = 5.000000, nhe(0)=3.905347e+00
 5   -165.265   6.18e-03   6.78e-01   2.38e-03  -6.16e-02   2.49e-07 (  2.22e+00,  5.18e+01)
10   -257.993   1.98e-02   2.33e-02   6.93e-03  -4.31e-01   4.43e-06 (  1.44e+01,  1.07e+02)
15   -194.704   1.12e-01  -2.29e-02   2.54e-02  -4.98e+00   5.40e-05 (  9.21e+01,  1.58e+02)
20    -14.946   1.38e-01   7.63e-02   4.05e-02  -4.61e+00   5.01e-04 (  1.12e+02,  2.01e+02)
25     -0.635   1.79e-01   1.04e-01  -4.03e-02  -1.67e+00   3.62e-03 (  1.37e+02,  2.31e+02)
30      0.050   2.94e-01   2.70e-01   1.09e-01   3.49e-01   2.06e-02 (  2.19e+02,  2.50e+02)
35      0.013   2.39e-01   1.43e-01   2.41e-02   1.12e-01   9.21e-02 (  1.70e+02,  2.56e+02)
40      0.023   2.49e-01   1.77e-01   6.18e-02   2.20e-01   3.28e-01 (  1.69e+02,  2.51e+02)
45      0.097   3.03e-01   3.02e-01   1.54e-01   1.29e+00   9.36e-01 (  1.85e+02,  2.37e+02)
50      0.104   2.96e-01   3.39e-01   1.47e-01   2.01e+00   2.15e+00 (  1.55e+02,  2.17e+02)
55      0.132   3.18e-01   4.28e-01   1.71e-01   3.66e+00   4.05e+00 (  1.38e+02,  1.95e+02)
60      0.199   4.50e-01   5.37e-01   3.11e-01   6.22e+00   6.33e+00 (  1.37e+02,  1.76e+02)
65      0.277   6.90e-01   6.74e-01   4.02e-01   8.61e+00   8.41e+00 (  1.37e+02,  1.59e+02)
70      0.349   9.87e-01   8.28e-01   4.83e-01   1.03e+01   9.79e+00 (  1.30e+02,  1.43e+02)
75      0.398   1.24e+00   9.69e-01   5.24e-01   1.09e+01   1.03e+01 (  1.18e+02,  1.27e+02)
80      0.430   1.44e+00   1.11e+00   5.39e-01   1.12e+01   1.03e+01 (  1.10e+02,  1.11e+02)
85      0.344   1.02e+00   9.98e-01   5.26e-01   8.09e+00   9.93e+00 (  8.48e+01,  9.64e+01)
90      0.622   1.44e+00   2.18e+00   1.47e+00   1.97e+01   9.47e+00 (  4.16e+02,  8.18e+01)
95      0.528   9.28e-01   1.34e+00   9.66e-01   4.38e+01   9.09e+00 (  7.07e+02,  6.69e+01)
 9 n: 1.081e-04 e: 1.020e-03 i: 3.896e-04 :: e: 4.251e-02 i: 3.981e-02 :: n: 3.142e+01 e:21.501 i:26.349 v:4.993e+03
>>> tau_he = 5.000000, nhe(0)=3.908538e+00
 5   -162.403   6.48e-03   6.89e-01   2.46e-03  -6.05e-02   2.49e-07 (  2.27e+00,  5.18e+01)
10   -127.837   2.02e-02  -1.97e-03  -9.17e-03  -2.14e-01   4.43e-06 (  1.43e+01,  1.07e+02)
15   -188.987   1.13e-01  -2.10e-02   2.32e-02  -4.83e+00   5.40e-05 (  8.95e+01,  1.58e+02)
20     -9.974   1.37e-01   7.27e-02   3.00e-02  -3.07e+00   5.01e-04 (  1.08e+02,  2.01e+02)
25     -0.663   1.75e-01   9.99e-02  -2.49e-02  -1.69e+00   3.62e-03 (  1.30e+02,  2.31e+02)
30     -0.105   1.99e-01   1.04e-01   4.50e-03  -6.24e-01   2.06e-02 (  1.42e+02,  2.50e+02)
35      0.004   2.26e-01   1.30e-01   1.43e-02   3.15e-02   9.21e-02 (  1.56e+02,  2.56e+02)
40      0.023   2.40e-01   1.59e-01   5.38e-02   2.24e-01   3.28e-01 (  1.57e+02,  2.51e+02)
45      0.056   2.55e-01   2.00e-01   1.13e-01   7.21e-01   9.36e-01 (  1.49e+02,  2.37e+02)
50      0.097   2.75e-01   2.99e-01   1.33e-01   1.85e+00   2.15e+00 (  1.38e+02,  2.17e+02)
55      0.123   2.90e-01   3.88e-01   1.66e-01   3.40e+00   4.05e+00 (  1.19e+02,  1.95e+02)
60      0.180   4.05e-01   4.87e-01   2.77e-01   5.62e+00   6.33e+00 (  1.17e+02,  1.76e+02)
65      0.251   6.32e-01   6.15e-01   3.71e-01   7.77e+00   8.41e+00 (  1.17e+02,  1.59e+02)
70      0.320   9.28e-01   7.63e-01   4.51e-01   9.36e+00   9.79e+00 (  1.14e+02,  1.43e+02)
75      0.370   1.20e+00   9.05e-01   5.00e-01   1.01e+01   1.03e+01 (  1.05e+02,  1.27e+02)
80      0.407   1.43e+00   1.06e+00   5.25e-01   1.05e+01   1.03e+01 (  9.96e+01,  1.11e+02)
85      0.340   1.05e+00   9.84e-01   5.33e-01   7.98e+00   9.93e+00 (  7.96e+01,  9.64e+01)
90      0.626   1.44e+00   2.18e+00   1.48e+00   1.99e+01   9.47e+00 (  4.11e+02,  8.18e+01)
95      0.528   9.28e-01   1.34e+00   9.66e-01   4.38e+01   9.09e+00 (  7.07e+02,  6.69e+01)
10 n: 3.497e-05 e: 5.871e-04 i: 4.259e-04 :: e: 3.935e-02 i: 5.285e-02 :: n: 3.155e+01 e:22.035 i:25.951 v:4.993e+03
>>> tau_he = 5.000000, nhe(0)=3.898493e+00
 5   -164.353   6.19e-03   6.83e-01   2.40e-03  -6.13e-02   2.49e-07 (  2.22e+00,  5.18e+01)
10   -136.868   1.96e-02   3.13e-04  -9.26e-03  -2.29e-01   4.43e-06 (  1.42e+01,  1.07e+02)
15   -195.640   1.15e-01  -1.93e-02   2.55e-02  -5.01e+00   5.40e-05 (  9.32e+01,  1.58e+02)
20    -14.863   1.37e-01   7.68e-02   3.97e-02  -4.58e+00   5.01e-04 (  1.11e+02,  2.01e+02)
25     -0.653   1.82e-01   1.04e-01  -5.42e-02  -1.69e+00   3.62e-03 (  1.40e+02,  2.31e+02)
30      0.006   2.98e-01   2.73e-01   1.18e-01   3.57e-02   2.06e-02 (  2.20e+02,  2.50e+02)
35      0.080   3.00e-01   2.55e-01   1.28e-01   6.64e-01   9.21e-02 (  2.14e+02,  2.56e+02)
40      0.025   2.46e-01   1.77e-01   6.16e-02   2.45e-01   3.28e-01 (  1.67e+02,  2.51e+02)
45      0.058   2.65e-01   2.23e-01   1.26e-01   7.64e-01   9.36e-01 (  1.60e+02,  2.37e+02)
50      0.103   2.92e-01   3.37e-01   1.46e-01   2.00e+00   2.15e+00 (  1.52e+02,  2.17e+02)
55      0.132   3.16e-01   4.27e-01   1.70e-01   3.68e+00   4.05e+00 (  1.36e+02,  1.95e+02)
60      0.199   4.50e-01   5.35e-01   3.10e-01   6.24e+00   6.33e+00 (  1.36e+02,  1.76e+02)
65      0.277   6.93e-01   6.71e-01   3.99e-01   8.63e+00   8.41e+00 (  1.35e+02,  1.59e+02)
70      0.350   9.96e-01   8.25e-01   4.80e-01   1.03e+01   9.79e+00 (  1.29e+02,  1.43e+02)
75      0.399   1.26e+00   9.68e-01   5.20e-01   1.09e+01   1.03e+01 (  1.16e+02,  1.27e+02)
80      0.432   1.47e+00   1.11e+00   5.34e-01   1.12e+01   1.03e+01 (  1.08e+02,  1.11e+02)
85      0.345   1.03e+00   9.95e-01   5.19e-01   8.12e+00   9.93e+00 (  8.38e+01,  9.64e+01)
90      0.621   1.43e+00   2.17e+00   1.47e+00   1.97e+01   9.47e+00 (  4.14e+02,  8.18e+01)
95      0.528   9.28e-01   1.34e+00   9.66e-01   4.38e+01   9.09e+00 (  7.07e+02,  6.69e+01)
11 n: 4.548e-05 e: 9.181e-04 i: 4.572e-04 :: e: 4.567e-02 i: 3.906e-02 :: n: 3.142e+01 e:21.432 i:26.332 v:4.993e+03
>>> tau_he = 5.000000, nhe(0)=3.905646e+00
 5   -163.095   6.50e-03   6.87e-01   2.47e-03  -6.06e-02   2.49e-07 (  2.29e+00,  5.18e+01)
10   -129.473   2.15e-02  -2.14e-03  -9.09e-03  -2.16e-01   4.43e-06 (  1.51e+01,  1.07e+02)
15   -185.903   1.14e-01  -1.90e-02   2.34e-02  -4.75e+00   5.40e-05 (  8.87e+01,  1.58e+02)
20    -10.028   1.37e-01   7.38e-02   2.93e-02  -3.08e+00   5.01e-04 (  1.09e+02,  2.01e+02)
25     -0.645   1.78e-01   9.91e-02  -4.49e-02  -1.61e+00   3.62e-03 (  1.34e+02,  2.31e+02)
30     -0.140   1.99e-01   1.05e-01   1.44e-02  -7.47e-01   2.06e-02 (  1.41e+02,  2.50e+02)
35     -0.010   2.26e-01   1.28e-01   2.17e-02  -7.32e-02   9.21e-02 (  1.55e+02,  2.56e+02)
40      0.025   2.37e-01   1.58e-01   5.22e-02   2.44e-01   3.28e-01 (  1.55e+02,  2.51e+02)
45      0.057   2.52e-01   2.00e-01   1.10e-01   7.52e-01   9.36e-01 (  1.47e+02,  2.37e+02)
50      0.096   2.72e-01   2.99e-01   1.32e-01   1.87e+00   2.15e+00 (  1.36e+02,  2.17e+02)
55      0.122   2.88e-01   3.87e-01   1.64e-01   3.42e+00   4.05e+00 (  1.18e+02,  1.95e+02)
60      0.180   4.06e-01   4.86e-01   2.77e-01   5.64e+00   6.33e+00 (  1.16e+02,  1.76e+02)
65      0.251   6.36e-01   6.12e-01   3.68e-01   7.78e+00   8.41e+00 (  1.16e+02,  1.59e+02)
70      0.320   9.36e-01   7.60e-01   4.48e-01   9.37e+00   9.79e+00 (  1.13e+02,  1.43e+02)
75      0.371   1.21e+00   9.03e-01   4.97e-01   1.01e+01   1.03e+01 (  1.04e+02,  1.27e+02)
80      0.408   1.45e+00   1.05e+00   5.20e-01   1.05e+01   1.03e+01 (  9.85e+01,  1.11e+02)
85      0.340   1.06e+00   9.80e-01   5.27e-01   7.99e+00   9.93e+00 (  7.86e+01,  9.64e+01)
90      0.625   1.44e+00   2.18e+00   1.48e+00   1.98e+01   9.47e+00 (  4.09e+02,  8.18e+01)
95      0.528   9.28e-01   1.34e+00   9.66e-01   4.38e+01   9.09e+00 (  7.07e+02,  6.69e+01)
12 n: 3.489e-05 e: 5.845e-04 i: 3.817e-04 :: e: 3.945e-02 i: 5.198e-02 :: n: 3.155e+01 e:21.953 i:25.956 v:4.993e+03
>>> tau_he = 5.000000, nhe(0)=3.899633e+00
 5   -165.051   6.22e-03   6.82e-01   2.41e-03  -6.16e-02   2.49e-07 (  2.25e+00,  5.18e+01)
10   -254.751   1.96e-02   2.29e-02   6.40e-03  -4.27e-01   4.43e-06 (  1.41e+01,  1.07e+02)
15   -192.188   1.16e-01  -1.71e-02   2.68e-02  -4.92e+00   5.40e-05 (  9.23e+01,  1.58e+02)
20    -15.396   1.39e-01   7.92e-02   3.79e-02  -4.75e+00   5.01e-04 (  1.13e+02,  2.01e+02)
25     -0.634   2.97e-01   3.20e-01   1.32e-01  -1.61e+00   3.62e-03 (  2.31e+02,  2.31e+02)
30     -0.103   2.03e-01   1.11e-01  -4.35e-03  -5.94e-01   2.06e-02 (  1.49e+02,  2.50e+02)
35      0.000   2.31e-01   1.42e-01   2.44e-02   2.31e-03   9.21e-02 (  1.63e+02,  2.56e+02)
40      0.027   2.44e-01   1.75e-01   6.01e-02   2.66e-01   3.28e-01 (  1.65e+02,  2.51e+02)
45      0.059   2.62e-01   2.23e-01   1.22e-01   7.93e-01   9.36e-01 (  1.59e+02,  2.37e+02)
50      0.103   2.90e-01   3.38e-01   1.45e-01   2.02e+00   2.15e+00 (  1.51e+02,  2.17e+02)
55      0.132   3.14e-01   4.26e-01   1.69e-01   3.71e+00   4.05e+00 (  1.35e+02,  1.95e+02)
60      0.199   4.49e-01   5.33e-01   3.10e-01   6.26e+00   6.33e+00 (  1.35e+02,  1.76e+02)
65      0.277   6.95e-01   6.68e-01   3.97e-01   8.63e+00   8.41e+00 (  1.34e+02,  1.59e+02)
70      0.350   1.00e+00   8.22e-01   4.77e-01   1.03e+01   9.79e+00 (  1.27e+02,  1.43e+02)
75      0.399   1.27e+00   9.65e-01   5.16e-01   1.09e+01   1.03e+01 (  1.15e+02,  1.27e+02)
80      0.432   1.48e+00   1.11e+00   5.30e-01   1.12e+01   1.03e+01 (  1.07e+02,  1.11e+02)
85      0.346   1.05e+00   9.93e-01   5.14e-01   8.13e+00   9.93e+00 (  8.29e+01,  9.64e+01)
90      0.620   1.44e+00   2.17e+00   1.46e+00   1.97e+01   9.47e+00 (  4.13e+02,  8.18e+01)
95      0.528   9.28e-01   1.34e+00   9.66e-01   4.38e+01   9.09e+00 (  7.07e+02,  6.69e+01)
13 n: 3.446e-05 e: 8.307e-04 i: 8.274e-04 :: e: 4.788e-02 i: 3.855e-02 :: n: 3.157e+01 e:21.381 i:26.275 v:4.993e+03
>>> tau_he = 5.000000, nhe(0)=3.932128e+00
 5   -162.822   6.51e-03   6.88e-01   2.47e-03  -6.08e-02   2.49e-07 (  2.31e+00,  5.18e+01)
10   -128.235   2.16e-02  -2.15e-03  -9.05e-03  -2.15e-01   4.43e-06 (  1.53e+01,  1.07e+02)
15   -183.291   1.14e-01  -1.78e-02   2.36e-02  -4.70e+00   5.40e-05 (  8.83e+01,  1.58e+02)
20     -9.939   1.35e-01   7.22e-02   2.90e-02  -3.07e+00   5.01e-04 (  1.08e+02,  2.01e+02)
25     -0.652   1.72e-01   9.76e-02  -1.81e-02  -1.68e+00   3.62e-03 (  1.28e+02,  2.31e+02)
30     -0.078   1.97e-01   1.02e-01  -2.90e-03  -4.81e-01   2.06e-02 (  1.42e+02,  2.50e+02)
35      0.007   2.22e-01   1.29e-01   1.27e-02   6.10e-02   9.21e-02 (  1.54e+02,  2.56e+02)
40      0.026   2.36e-01   1.58e-01   5.16e-02   2.58e-01   3.28e-01 (  1.55e+02,  2.51e+02)
45      0.057   2.50e-01   2.00e-01   1.09e-01   7.66e-01   9.36e-01 (  1.46e+02,  2.37e+02)
50      0.096   2.71e-01   3.00e-01   1.31e-01   1.88e+00   2.15e+00 (  1.35e+02,  2.17e+02)
55      0.122   2.87e-01   3.87e-01   1.64e-01   3.43e+00   4.05e+00 (  1.17e+02,  1.95e+02)
60      0.180   4.06e-01   4.85e-01   2.78e-01   5.66e+00   6.33e+00 (  1.15e+02,  1.76e+02)
65      0.251   6.38e-01   6.11e-01   3.67e-01   7.80e+00   8.41e+00 (  1.15e+02,  1.59e+02)
70      0.320   9.42e-01   7.58e-01   4.46e-01   9.37e+00   9.79e+00 (  1.12e+02,  1.43e+02)
75      0.371   1.22e+00   9.01e-01   4.94e-01   1.01e+01   1.03e+01 (  1.03e+02,  1.27e+02)
80      0.408   1.47e+00   1.05e+00   5.17e-01   1.05e+01   1.03e+01 (  9.75e+01,  1.11e+02)
85      0.340   1.07e+00   9.77e-01   5.22e-01   7.99e+00   9.93e+00 (  7.78e+01,  9.64e+01)
90      0.624   1.44e+00   2.18e+00   1.47e+00   1.98e+01   9.47e+00 (  4.08e+02,  8.18e+01)
95      0.528   9.28e-01   1.34e+00   9.66e-01   4.38e+01   9.09e+00 (  7.07e+02,  6.69e+01)
14 n: 3.336e-05 e: 6.608e-04 i: 3.357e-04 :: e: 3.895e-02 i: 4.991e-02 :: n: 3.166e+01 e:21.930 i:25.909 v:4.993e+03
>>> tau_he = 5.000000, nhe(0)=3.917441e+00
 5   -164.611   6.21e-03   6.82e-01   2.41e-03  -6.15e-02   2.49e-07 (  2.26e+00,  5.18e+01)
10   -135.695   1.93e-02   1.44e-04  -9.17e-03  -2.28e-01   4.43e-06 (  1.39e+01,  1.07e+02)
15   -188.598   1.17e-01  -1.66e-02   2.81e-02  -4.84e+00   5.40e-05 (  9.17e+01,  1.58e+02)
20    -14.735   1.36e-01   7.60e-02   3.93e-02  -4.55e+00   5.01e-04 (  1.10e+02,  2.01e+02)
25     -0.645   1.79e-01   1.02e-01  -4.41e-02  -1.67e+00   3.62e-03 (  1.37e+02,  2.31e+02)
30      0.007   2.96e-01   2.71e-01   1.16e-01   4.76e-02   2.06e-02 (  2.21e+02,  2.50e+02)
35      0.081   2.95e-01   2.64e-01   1.34e-01   6.80e-01   9.21e-02 (  2.12e+02,  2.56e+02)
40      0.027   2.44e-01   1.76e-01   5.98e-02   2.66e-01   3.28e-01 (  1.67e+02,  2.51e+02)
45      0.094   2.97e-01   2.98e-01   1.51e-01   1.28e+00   9.36e-01 (  1.81e+02,  2.37e+02)
50      0.103   2.89e-01   3.38e-01   1.44e-01   2.04e+00   2.15e+00 (  1.51e+02,  2.17e+02)
55      0.132   3.14e-01   4.26e-01   1.69e-01   3.73e+00   4.05e+00 (  1.34e+02,  1.95e+02)
60      0.199   4.49e-01   5.32e-01   3.12e-01   6.29e+00   6.33e+00 (  1.34e+02,  1.76e+02)
65      0.277   6.97e-01   6.66e-01   3.95e-01   8.64e+00   8.41e+00 (  1.33e+02,  1.59e+02)
70      0.349   1.01e+00   8.20e-01   4.74e-01   1.03e+01   9.79e+00 (  1.26e+02,  1.43e+02)
75      0.399   1.28e+00   9.63e-01   5.14e-01   1.09e+01   1.03e+01 (  1.14e+02,  1.27e+02)
80      0.432   1.50e+00   1.11e+00   5.27e-01   1.12e+01   1.03e+01 (  1.06e+02,  1.11e+02)
85      0.346   1.06e+00   9.91e-01   5.11e-01   8.13e+00   9.93e+00 (  8.22e+01,  9.64e+01)
90      0.619   1.44e+00   2.17e+00   1.46e+00   1.96e+01   9.47e+00 (  4.12e+02,  8.18e+01)
95      0.528   9.28e-01   1.34e+00   9.66e-01   4.38e+01   9.09e+00 (  7.07e+02,  6.69e+01)
15 n: 7.843e-05 e: 7.891e-04 i: 5.126e-04 :: e: 4.686e-02 i: 4.671e-02 :: n: 3.145e+01 e:21.362 i:26.322 v:4.993e+03
>>> tau_he = 5.000000, nhe(0)=3.911891e+00
 5   -163.448   6.53e-03   6.88e-01   2.48e-03  -6.09e-02   2.49e-07 (  2.31e+00,  5.18e+01)
10   -128.592   2.11e-02  -2.24e-03  -9.06e-03  -2.15e-01   4.43e-06 (  1.48e+01,  1.07e+02)
15   -180.109   1.15e-01  -1.65e-02   2.43e-02  -4.61e+00   5.40e-05 (  8.71e+01,  1.58e+02)
20     -9.961   1.36e-01   7.39e-02   2.96e-02  -3.07e+00   5.01e-04 (  1.08e+02,  2.01e+02)
25     -0.643   1.76e-01   9.86e-02  -4.04e-02  -1.61e+00   3.62e-03 (  1.32e+02,  2.31e+02)
30     -0.143   1.99e-01   1.05e-01   9.31e-03  -7.61e-01   2.06e-02 (  1.43e+02,  2.50e+02)
35     -0.005   2.34e-01   1.29e-01   2.61e-02  -3.45e-02   9.21e-02 (  1.62e+02,  2.56e+02)
40      0.024   2.38e-01   1.59e-01   5.23e-02   2.39e-01   3.28e-01 (  1.57e+02,  2.51e+02)
45      0.054   2.53e-01   1.99e-01   1.12e-01   7.16e-01   9.36e-01 (  1.48e+02,  2.37e+02)
50      0.096   2.71e-01   3.00e-01   1.31e-01   1.89e+00   2.15e+00 (  1.36e+02,  2.17e+02)
55      0.123   2.88e-01   3.88e-01   1.65e-01   3.48e+00   4.05e+00 (  1.18e+02,  1.95e+02)
60      0.180   4.06e-01   4.85e-01   2.78e-01   5.68e+00   6.33e+00 (  1.15e+02,  1.76e+02)
65      0.251   6.38e-01   6.10e-01   3.66e-01   7.79e+00   8.41e+00 (  1.15e+02,  1.59e+02)
70      0.320   9.43e-01   7.56e-01   4.45e-01   9.35e+00   9.79e+00 (  1.11e+02,  1.43e+02)
75      0.370   1.23e+00   8.98e-01   4.92e-01   1.00e+01   1.03e+01 (  1.02e+02,  1.27e+02)
80      0.408   1.47e+00   1.05e+00   5.15e-01   1.05e+01   1.03e+01 (  9.67e+01,  1.11e+02)
85      0.340   1.08e+00   9.75e-01   5.20e-01   7.98e+00   9.93e+00 (  7.73e+01,  9.64e+01)
90      0.624   1.44e+00   2.17e+00   1.47e+00   1.98e+01   9.47e+00 (  4.07e+02,  8.18e+01)
95      0.528   9.28e-01   1.34e+00   9.66e-01   4.38e+01   9.09e+00 (  7.07e+02,  6.69e+01)
16 n: 3.361e-05 e: 5.976e-04 i: 3.215e-04 :: e: 3.436e-02 i: 4.903e-02 :: n: 3.159e+01 e:21.882 i:25.993 v:4.993e+03
>>> tau_he = 5.000000, nhe(0)=3.910318e+00
 5   -165.744   6.28e-03   6.86e-01   2.43e-03  -6.19e-02   2.49e-07 (  2.28e+00,  5.18e+01)
10   -253.545   1.94e-02   2.27e-02   6.29e-03  -4.25e-01   4.43e-06 (  1.39e+01,  1.07e+02)
15   -185.941   1.18e-01  -1.47e-02   3.77e-02  -4.77e+00   5.40e-05 (  9.13e+01,  1.58e+02)
20    -15.315   1.39e-01   7.92e-02   3.78e-02  -4.72e+00   5.01e-04 (  1.13e+02,  2.01e+02)
25     -0.638   2.96e-01   3.18e-01   1.30e-01  -1.62e+00   3.62e-03 (  2.29e+02,  2.31e+02)
30     -0.016   2.98e-01   2.75e-01   1.26e-01  -8.98e-02   2.06e-02 (  2.21e+02,  2.50e+02)
35      0.006   2.38e-01   1.42e-01   2.89e-02   4.93e-02   9.21e-02 (  1.70e+02,  2.56e+02)
40      0.027   2.44e-01   1.76e-01   6.00e-02   2.69e-01   3.28e-01 (  1.66e+02,  2.51e+02)
45      0.057   2.62e-01   2.21e-01   1.23e-01   7.66e-01   9.36e-01 (  1.59e+02,  2.37e+02)
50      0.103   2.89e-01   3.38e-01   1.44e-01   2.05e+00   2.15e+00 (  1.51e+02,  2.17e+02)
55      0.133   3.14e-01   4.27e-01   1.69e-01   3.76e+00   4.05e+00 (  1.35e+02,  1.95e+02)
60      0.199   4.49e-01   5.32e-01   3.12e-01   6.30e+00   6.33e+00 (  1.34e+02,  1.76e+02)
65      0.276   6.96e-01   6.65e-01   3.94e-01   8.64e+00   8.41e+00 (  1.32e+02,  1.59e+02)
70      0.349   1.01e+00   8.18e-01   4.73e-01   1.02e+01   9.79e+00 (  1.26e+02,  1.43e+02)
75      0.398   1.28e+00   9.60e-01   5.12e-01   1.08e+01   1.03e+01 (  1.13e+02,  1.27e+02)
80      0.431   1.50e+00   1.11e+00   5.25e-01   1.12e+01   1.03e+01 (  1.05e+02,  1.11e+02)
85      0.346   1.06e+00   9.90e-01   5.09e-01   8.13e+00   9.93e+00 (  8.17e+01,  9.64e+01)
90      0.619   1.43e+00   2.17e+00   1.46e+00   1.96e+01   9.47e+00 (  4.11e+02,  8.18e+01)
95      0.528   9.28e-01   1.34e+00   9.66e-01   4.38e+01   9.09e+00 (  7.07e+02,  6.69e+01)
17 n: 3.036e-05 e: 7.489e-04 i: 8.340e-04 :: e: 4.513e-02 i: 4.458e-02 :: n: 3.158e+01 e:21.335 i:26.257 v:4.993e+03
>>> tau_he = 5.000000, nhe(0)=3.932201e+00
 5   -163.733   6.53e-03   6.86e-01   2.48e-03  -6.12e-02   2.49e-07 (  2.34e+00,  5.18e+01)
10   -129.600   2.17e-02  -2.27e-03  -8.98e-03  -2.18e-01   4.43e-06 (  1.53e+01,  1.07e+02)
15   -179.343   1.16e-01  -1.44e-02   2.86e-02  -4.60e+00   5.40e-05 (  8.78e+01,  1.58e+02)
20     -9.942   1.35e-01   7.33e-02   2.91e-02  -3.07e+00   5.01e-04 (  1.08e+02,  2.01e+02)
25     -0.648   1.70e-01   9.74e-02  -9.93e-03  -1.67e+00   3.62e-03 (  1.26e+02,  2.31e+02)
30     -0.113   1.94e-01   1.02e-01   1.44e-02  -6.75e-01   2.06e-02 (  1.39e+02,  2.50e+02)
35      0.001   2.24e-01   1.29e-01   1.47e-02   7.89e-03   9.21e-02 (  1.56e+02,  2.56e+02)
40      0.026   2.43e-01   1.59e-01   5.12e-02   2.55e-01   3.28e-01 (  1.61e+02,  2.51e+02)
45      0.056   2.51e-01   1.99e-01   1.09e-01   7.48e-01   9.36e-01 (  1.48e+02,  2.37e+02)
50      0.096   2.71e-01   3.01e-01   1.30e-01   1.91e+00   2.15e+00 (  1.36e+02,  2.17e+02)
55      0.123   2.88e-01   3.89e-01   1.65e-01   3.49e+00   4.05e+00 (  1.18e+02,  1.95e+02)
60      0.181   4.07e-01   4.86e-01   2.79e-01   5.71e+00   6.33e+00 (  1.15e+02,  1.76e+02)
65      0.251   6.40e-01   6.10e-01   3.66e-01   7.82e+00   8.41e+00 (  1.15e+02,  1.59e+02)
70      0.320   9.46e-01   7.56e-01   4.44e-01   9.37e+00   9.79e+00 (  1.11e+02,  1.43e+02)
75      0.370   1.23e+00   8.97e-01   4.91e-01   1.00e+01   1.03e+01 (  1.02e+02,  1.27e+02)
80      0.408   1.48e+00   1.05e+00   5.13e-01   1.05e+01   1.03e+01 (  9.63e+01,  1.11e+02)
85      0.340   1.09e+00   9.74e-01   5.18e-01   7.98e+00   9.93e+00 (  7.70e+01,  9.64e+01)
90      0.624   1.44e+00   2.17e+00   1.47e+00   1.98e+01   9.47e+00 (  4.07e+02,  8.18e+01)
95      0.528   9.28e-01   1.34e+00   9.66e-01   4.38e+01   9.09e+00 (  7.07e+02,  6.69e+01)
18 n: 3.038e-05 e: 6.111e-04 i: 3.053e-04 :: e: 3.427e-02 i: 4.802e-02 :: n: 3.170e+01 e:21.839 i:25.907 v:4.993e+03
>>> tau_he = 5.000000, nhe(0)=3.925223e+00
 5   -164.881   6.25e-03   6.81e-01   2.42e-03  -6.17e-02   2.49e-07 (  2.28e+00,  5.18e+01)
10   -252.260   1.90e-02   2.25e-02   5.99e-03  -4.24e-01   4.43e-06 (  1.37e+01,  1.07e+02)
15   -181.714   1.17e-01  -1.41e-02   6.47e-02  -4.67e+00   5.40e-05 (  9.01e+01,  1.58e+02)
20    -15.148   1.38e-01   7.81e-02   3.81e-02  -4.68e+00   5.01e-04 (  1.12e+02,  2.01e+02)
25     -0.636   1.76e-01   1.01e-01  -4.12e-02  -1.65e+00   3.62e-03 (  1.35e+02,  2.31e+02)
30     -0.047   1.97e-01   1.06e-01  -4.38e-03  -3.05e-01   2.06e-02 (  1.45e+02,  2.50e+02)
35      0.078   2.97e-01   2.52e-01   1.26e-01   6.58e-01   9.21e-02 (  2.13e+02,  2.56e+02)
40      0.076   2.90e-01   2.55e-01   1.27e-01   7.69e-01   3.28e-01 (  1.99e+02,  2.51e+02)
45      0.058   2.61e-01   2.21e-01   1.20e-01   7.89e-01   9.36e-01 (  1.60e+02,  2.37e+02)
50      0.103   2.89e-01   3.39e-01   1.43e-01   2.07e+00   2.15e+00 (  1.52e+02,  2.17e+02)
55      0.133   3.14e-01   4.27e-01   1.69e-01   3.78e+00   4.05e+00 (  1.35e+02,  1.95e+02)
60      0.199   4.49e-01   5.32e-01   3.12e-01   6.32e+00   6.33e+00 (  1.34e+02,  1.76e+02)
65      0.276   6.96e-01   6.64e-01   3.94e-01   8.64e+00   8.41e+00 (  1.32e+02,  1.59e+02)
70      0.348   1.01e+00   8.16e-01   4.72e-01   1.02e+01   9.79e+00 (  1.25e+02,  1.43e+02)
75      0.397   1.28e+00   9.59e-01   5.11e-01   1.08e+01   1.03e+01 (  1.13e+02,  1.27e+02)
80      0.431   1.51e+00   1.11e+00   5.24e-01   1.11e+01   1.03e+01 (  1.05e+02,  1.11e+02)
85      0.346   1.07e+00   9.89e-01   5.08e-01   8.12e+00   9.93e+00 (  8.14e+01,  9.64e+01)
90      0.619   1.43e+00   2.17e+00   1.46e+00   1.96e+01   9.47e+00 (  4.11e+02,  8.18e+01)
95      0.528   9.28e-01   1.34e+00   9.66e-01   4.38e+01   9.09e+00 (  7.07e+02,  6.69e+01)
19 n: 7.983e-05 e: 6.724e-04 i: 4.887e-04 :: e: 4.119e-02 i: 4.082e-02 :: n: 3.149e+01 e:21.338 i:26.322 v:4.993e+03
>>> tau_he = 5.000000, nhe(0)=3.919767e+00
 5   -163.387   6.55e-03   6.97e-01   2.50e-03  -6.10e-02   2.49e-07 (  2.33e+00,  5.18e+01)
10   -124.835   2.07e-02  -2.14e-03  -9.10e-03  -2.09e-01   4.43e-06 (  1.45e+01,  1.07e+02)
15   -175.634   1.16e-01  -1.53e-02   2.71e-02  -4.51e+00   5.40e-05 (  8.65e+01,  1.58e+02)
20     -9.922   1.36e-01   7.38e-02   3.00e-02  -3.06e+00   5.01e-04 (  1.08e+02,  2.01e+02)
25     -0.611   1.75e-01   9.80e-02  -3.27e-02  -1.59e+00   3.62e-03 (  1.31e+02,  2.31e+02)
30     -0.103   1.98e-01   1.04e-01  -9.73e-04  -6.19e-01   2.06e-02 (  1.43e+02,  2.50e+02)
35     -0.020   2.28e-01   1.31e-01   2.51e-02  -1.42e-01   9.21e-02 (  1.58e+02,  2.56e+02)
40      0.015   2.41e-01   1.59e-01   5.81e-02   1.35e-01   3.28e-01 (  1.59e+02,  2.51e+02)
45      0.056   2.51e-01   2.00e-01   1.08e-01   7.50e-01   9.36e-01 (  1.49e+02,  2.37e+02)
50      0.097   2.72e-01   3.03e-01   1.30e-01   1.93e+00   2.15e+00 (  1.38e+02,  2.17e+02)
55      0.124   2.89e-01   3.90e-01   1.65e-01   3.52e+00   4.05e+00 (  1.19e+02,  1.95e+02)
60      0.181   4.08e-01   4.87e-01   2.79e-01   5.73e+00   6.33e+00 (  1.16e+02,  1.76e+02)
65      0.251   6.41e-01   6.11e-01   3.66e-01   7.83e+00   8.41e+00 (  1.15e+02,  1.59e+02)
70      0.320   9.48e-01   7.56e-01   4.44e-01   9.38e+00   9.79e+00 (  1.11e+02,  1.43e+02)
75      0.370   1.23e+00   8.97e-01   4.91e-01   1.00e+01   1.03e+01 (  1.01e+02,  1.27e+02)
80      0.408   1.48e+00   1.05e+00   5.13e-01   1.05e+01   1.03e+01 (  9.61e+01,  1.11e+02)
85      0.340   1.09e+00   9.73e-01   5.17e-01   7.98e+00   9.93e+00 (  7.68e+01,  9.64e+01)
90      0.624   1.44e+00   2.17e+00   1.47e+00   1.98e+01   9.47e+00 (  4.07e+02,  8.18e+01)
95      0.528   9.28e-01   1.34e+00   9.66e-01   4.38e+01   9.09e+00 (  7.07e+02,  6.69e+01)
20 n: 3.060e-05 e: 5.715e-04 i: 2.786e-04 :: e: 2.958e-02 i: 4.451e-02 :: n: 3.164e+01 e:21.852 i:26.047 v:4.993e+03
>>> tau_he = 5.000000, nhe(0)=3.925426e+00
 5   -166.119   6.34e-03   6.96e-01   2.45e-03  -6.21e-02   2.49e-07 (  2.31e+00,  5.18e+01)
10   -132.656   1.92e-02   2.25e-04  -9.20e-03  -2.23e-01   4.43e-06 (  1.37e+01,  1.07e+02)
15   -178.239   1.17e-01  -1.48e-02   8.72e-02  -4.58e+00   5.40e-05 (  8.92e+01,  1.58e+02)
20    -15.296   1.40e-01   7.89e-02   3.77e-02  -4.72e+00   5.01e-04 (  1.13e+02,  2.01e+02)
25     -0.619   2.96e-01   3.16e-01   1.27e-01  -1.62e+00   3.62e-03 (  2.30e+02,  2.31e+02)
30      0.010   2.94e-01   2.70e-01   1.15e-01   6.77e-02   2.06e-02 (  2.20e+02,  2.50e+02)
35      0.000   2.40e-01   1.43e-01   3.14e-02   2.25e-03   9.21e-02 (  1.71e+02,  2.56e+02)
40      0.020   2.47e-01   1.74e-01   6.33e-02   1.92e-01   3.28e-01 (  1.67e+02,  2.51e+02)
45      0.059   2.61e-01   2.21e-01   1.18e-01   8.00e-01   9.36e-01 (  1.59e+02,  2.37e+02)
50      0.104   2.88e-01   3.38e-01   1.42e-01   2.08e+00   2.15e+00 (  1.52e+02,  2.17e+02)
55      0.133   3.14e-01   4.26e-01   1.69e-01   3.79e+00   4.05e+00 (  1.35e+02,  1.95e+02)
60      0.199   4.48e-01   5.31e-01   3.11e-01   6.32e+00   6.33e+00 (  1.33e+02,  1.76e+02)
65      0.275   6.96e-01   6.63e-01   3.93e-01   8.63e+00   8.41e+00 (  1.31e+02,  1.59e+02)
70      0.347   1.01e+00   8.15e-01   4.71e-01   1.02e+01   9.79e+00 (  1.25e+02,  1.43e+02)
75      0.397   1.28e+00   9.57e-01   5.10e-01   1.08e+01   1.03e+01 (  1.12e+02,  1.27e+02)
80      0.430   1.51e+00   1.10e+00   5.23e-01   1.11e+01   1.03e+01 (  1.04e+02,  1.11e+02)
85      0.346   1.07e+00   9.88e-01   5.08e-01   8.12e+00   9.93e+00 (  8.11e+01,  9.64e+01)
90      0.619   1.43e+00   2.17e+00   1.46e+00   1.96e+01   9.47e+00 (  4.10e+02,  8.18e+01)
95      0.528   9.28e-01   1.34e+00   9.66e-01   4.38e+01   9.09e+00 (  7.07e+02,  6.69e+01)
21 n: 2.662e-05 e: 6.373e-04 i: 7.909e-04 :: e: 4.004e-02 i: 4.386e-02 :: n: 3.162e+01 e:21.358 i:26.327 v:4.993e+03
>>> tau_he = 5.000000, nhe(0)=3.945822e+00
 5   -165.006   6.59e-03   6.92e-01   2.49e-03  -6.17e-02   2.49e-07 (  2.37e+00,  5.18e+01)
10   -129.403   2.14e-02  -2.25e-03  -8.99e-03  -2.17e-01   4.43e-06 (  1.51e+01,  1.07e+02)
15   -140.916   1.20e-01  -1.16e-02   4.02e-02  -3.62e+00   5.40e-05 (  8.99e+01,  1.58e+02)
20     -9.992   1.36e-01   7.36e-02   2.92e-02  -3.08e+00   5.01e-04 (  1.08e+02,  2.01e+02)
25     -0.664   1.70e-01   9.74e-02  -9.45e-03  -1.69e+00   3.62e-03 (  1.27e+02,  2.31e+02)
30     -0.105   1.97e-01   1.02e-01   4.94e-03  -6.34e-01   2.06e-02 (  1.42e+02,  2.50e+02)
35      0.008   2.32e-01   1.29e-01   1.85e-02   6.66e-02   9.21e-02 (  1.62e+02,  2.56e+02)
40      0.022   2.39e-01   1.59e-01   5.32e-02   2.16e-01   3.28e-01 (  1.58e+02,  2.51e+02)
45      0.057   2.50e-01   2.00e-01   1.05e-01   7.78e-01   9.36e-01 (  1.49e+02,  2.37e+02)
50      0.097   2.72e-01   3.04e-01   1.30e-01   1.95e+00   2.15e+00 (  1.38e+02,  2.17e+02)
55      0.124   2.89e-01   3.91e-01   1.66e-01   3.53e+00   4.05e+00 (  1.19e+02,  1.95e+02)
60      0.182   4.09e-01   4.88e-01   2.80e-01   5.75e+00   6.33e+00 (  1.16e+02,  1.76e+02)
65      0.252   6.42e-01   6.11e-01   3.66e-01   7.85e+00   8.41e+00 (  1.15e+02,  1.59e+02)
70      0.321   9.50e-01   7.57e-01   4.45e-01   9.39e+00   9.79e+00 (  1.11e+02,  1.43e+02)
75      0.370   1.24e+00   8.97e-01   4.91e-01   1.01e+01   1.03e+01 (  1.01e+02,  1.27e+02)
80      0.408   1.49e+00   1.05e+00   5.12e-01   1.05e+01   1.03e+01 (  9.59e+01,  1.11e+02)
85      0.340   1.09e+00   9.73e-01   5.16e-01   7.98e+00   9.93e+00 (  7.67e+01,  9.64e+01)
90      0.624   1.44e+00   2.17e+00   1.47e+00   1.98e+01   9.47e+00 (  4.06e+02,  8.18e+01)
95      0.528   9.28e-01   1.34e+00   9.66e-01   4.38e+01   9.09e+00 (  7.07e+02,  6.69e+01)
22 n: 2.646e-05 e: 5.620e-04 i: 2.524e-04 :: e: 2.884e-02 i: 4.384e-02 :: n: 3.170e+01 e:21.840 i:26.015 v:4.993e+03
>>> tau_he = 5.000000, nhe(0)=3.935540e+00
 5   -166.422   6.34e-03   6.89e-01   2.44e-03  -6.23e-02   2.49e-07 (  2.32e+00,  5.18e+01)
10   -251.879   1.90e-02   2.26e-02   6.16e-03  -4.23e-01   4.43e-06 (  1.36e+01,  1.07e+02)
15   -144.468   1.21e-01  -1.04e-02   6.30e-02  -3.71e+00   5.40e-05 (  9.20e+01,  1.58e+02)
20    -15.177   1.39e-01   7.83e-02   3.82e-02  -4.68e+00   5.01e-04 (  1.12e+02,  2.01e+02)
25     -0.652   1.76e-01   1.01e-01  -3.46e-02  -1.68e+00   3.62e-03 (  1.35e+02,  2.31e+02)
30     -0.084   2.02e-01   1.09e-01  -1.01e-02  -5.24e-01   2.06e-02 (  1.50e+02,  2.50e+02)
35      0.080   2.96e-01   2.64e-01   1.36e-01   6.56e-01   9.21e-02 (  2.13e+02,  2.56e+02)
40      0.025   2.45e-01   1.75e-01   5.97e-02   2.43e-01   3.28e-01 (  1.68e+02,  2.51e+02)
45      0.094   2.96e-01   2.96e-01   1.46e-01   1.30e+00   9.36e-01 (  1.83e+02,  2.37e+02)
50      0.104   2.89e-01   3.39e-01   1.42e-01   2.09e+00   2.15e+00 (  1.53e+02,  2.17e+02)
55      0.133   3.15e-01   4.27e-01   1.70e-01   3.81e+00   4.05e+00 (  1.36e+02,  1.95e+02)
60      0.199   4.48e-01   5.31e-01   3.11e-01   6.32e+00   6.33e+00 (  1.34e+02,  1.76e+02)
65      0.275   6.95e-01   6.63e-01   3.93e-01   8.63e+00   8.41e+00 (  1.31e+02,  1.59e+02)
70      0.347   1.01e+00   8.14e-01   4.71e-01   1.02e+01   9.79e+00 (  1.24e+02,  1.43e+02)
75      0.396   1.28e+00   9.55e-01   5.09e-01   1.08e+01   1.03e+01 (  1.12e+02,  1.27e+02)
80      0.430   1.51e+00   1.10e+00   5.22e-01   1.11e+01   1.03e+01 (  1.04e+02,  1.11e+02)
85      0.346   1.07e+00   9.88e-01   5.08e-01   8.12e+00   9.93e+00 (  8.09e+01,  9.64e+01)
90      0.619   1.43e+00   2.17e+00   1.46e+00   1.96e+01   9.47e+00 (  4.10e+02,  8.18e+01)
95      0.528   9.28e-01   1.34e+00   9.66e-01   4.38e+01   9.09e+00 (  7.07e+02,  6.69e+01)
23 n: 6.869e-05 e: 5.535e-04 i: 4.112e-04 :: e: 3.520e-02 i: 4.139e-02 :: n: 3.155e+01 e:21.374 i:26.422 v:4.993e+03
>>> tau_he = 5.000000, nhe(0)=3.939367e+00
 5   -165.106   6.64e-03   7.05e-01   2.52e-03  -6.17e-02   2.49e-07 (  2.38e+00,  5.18e+01)
10   -124.762   2.06e-02  -2.09e-03  -9.10e-03  -2.09e-01   4.43e-06 (  1.44e+01,  1.07e+02)
15   -136.423   1.19e-01  -1.34e-02   5.01e-02  -3.50e+00   5.40e-05 (  8.79e+01,  1.58e+02)
20     -9.998   1.37e-01   7.42e-02   2.99e-02  -3.08e+00   5.01e-04 (  1.08e+02,  2.01e+02)
25     -0.624   1.75e-01   9.80e-02  -3.40e-02  -1.62e+00   3.62e-03 (  1.32e+02,  2.31e+02)
30     -0.096   2.01e-01   1.04e-01  -7.87e-03  -5.61e-01   2.06e-02 (  1.46e+02,  2.50e+02)
35     -0.007   2.36e-01   1.30e-01   2.66e-02  -5.24e-02   9.21e-02 (  1.64e+02,  2.56e+02)
40      0.022   2.39e-01   1.59e-01   5.30e-02   2.16e-01   3.28e-01 (  1.59e+02,  2.51e+02)
45      0.054   2.54e-01   1.99e-01   1.09e-01   7.23e-01   9.36e-01 (  1.51e+02,  2.37e+02)
50      0.097   2.73e-01   3.04e-01   1.30e-01   1.94e+00   2.15e+00 (  1.40e+02,  2.17e+02)
55      0.125   2.90e-01   3.92e-01   1.67e-01   3.55e+00   4.05e+00 (  1.21e+02,  1.95e+02)
60      0.182   4.09e-01   4.89e-01   2.80e-01   5.77e+00   6.33e+00 (  1.17e+02,  1.76e+02)
65      0.252   6.42e-01   6.12e-01   3.67e-01   7.87e+00   8.41e+00 (  1.15e+02,  1.59e+02)
70      0.321   9.49e-01   7.58e-01   4.45e-01   9.40e+00   9.79e+00 (  1.11e+02,  1.43e+02)
75      0.370   1.23e+00   8.98e-01   4.91e-01   1.01e+01   1.03e+01 (  1.01e+02,  1.27e+02)
80      0.408   1.49e+00   1.05e+00   5.12e-01   1.05e+01   1.03e+01 (  9.59e+01,  1.11e+02)
85      0.340   1.09e+00   9.73e-01   5.17e-01   7.97e+00   9.93e+00 (  7.67e+01,  9.64e+01)
90      0.624   1.44e+00   2.17e+00   1.47e+00   1.98e+01   9.47e+00 (  4.07e+02,  8.18e+01)
95      0.528   9.28e-01   1.34e+00   9.66e-01   4.38e+01   9.09e+00 (  7.07e+02,  6.69e+01)
24 n: 2.605e-05 e: 5.379e-04 i: 2.388e-04 :: e: 2.418e-02 i: 4.092e-02 :: n: 3.168e+01 e:21.877 i:26.162 v:4.993e+03
>>> tau_he = 5.000000, nhe(0)=3.943024e+00
 5   -167.918   6.44e-03   7.05e-01   2.47e-03  -6.28e-02   2.49e-07 (  2.36e+00,  5.18e+01)
10   -132.295   1.93e-02   3.04e-04  -9.21e-03  -2.22e-01   4.43e-06 (  1.38e+01,  1.07e+02)
15   -144.109   1.22e-01  -1.06e-02   5.42e-02  -3.70e+00   5.40e-05 (  9.22e+01,  1.58e+02)
20    -15.370   1.40e-01   7.90e-02   3.75e-02  -4.74e+00   5.01e-04 (  1.14e+02,  2.01e+02)
25     -0.636   2.98e-01   3.17e-01   1.26e-01  -1.66e+00   3.62e-03 (  2.32e+02,  2.31e+02)
30      0.004   2.98e-01   2.74e-01   1.18e-01   2.60e-02   2.06e-02 (  2.24e+02,  2.50e+02)
35      0.004   2.40e-01   1.43e-01   2.82e-02   2.88e-02   9.21e-02 (  1.72e+02,  2.56e+02)
40      0.025   2.44e-01   1.74e-01   5.91e-02   2.51e-01   3.28e-01 (  1.67e+02,  2.51e+02)
45      0.057   2.62e-01   2.19e-01   1.18e-01   7.73e-01   9.36e-01 (  1.61e+02,  2.37e+02)
50      0.103   2.89e-01   3.38e-01   1.42e-01   2.08e+00   2.15e+00 (  1.53e+02,  2.17e+02)
55      0.133   3.15e-01   4.27e-01   1.69e-01   3.81e+00   4.05e+00 (  1.36e+02,  1.95e+02)
60      0.199   4.47e-01   5.31e-01   3.11e-01   6.32e+00   6.33e+00 (  1.34e+02,  1.76e+02)
65      0.275   6.94e-01   6.62e-01   3.93e-01   8.62e+00   8.41e+00 (  1.31e+02,  1.59e+02)
70      0.346   1.01e+00   8.13e-01   4.71e-01   1.02e+01   9.79e+00 (  1.24e+02,  1.43e+02)
75      0.395   1.28e+00   9.54e-01   5.09e-01   1.08e+01   1.03e+01 (  1.12e+02,  1.27e+02)
80      0.429   1.51e+00   1.10e+00   5.22e-01   1.11e+01   1.03e+01 (  1.04e+02,  1.11e+02)
85      0.346   1.07e+00   9.87e-01   5.08e-01   8.11e+00   9.93e+00 (  8.09e+01,  9.64e+01)
90      0.619   1.43e+00   2.17e+00   1.46e+00   1.96e+01   9.47e+00 (  4.10e+02,  8.18e+01)
95      0.528   9.28e-01   1.34e+00   9.66e-01   4.38e+01   9.09e+00 (  7.07e+02,  6.69e+01)
25 n: 2.465e-05 e: 5.826e-04 i: 7.947e-04 :: e: 3.650e-02 i: 4.465e-02 :: n: 3.165e+01 e:21.401 i:26.435 v:4.993e+03
>>> tau_he = 5.000000, nhe(0)=3.962171e+00
 5   -166.758   6.68e-03   7.00e-01   2.51e-03  -6.24e-02   2.49e-07 (  2.42e+00,  5.18e+01)
10   -129.190   2.14e-02  -2.19e-03  -9.00e-03  -2.17e-01   4.43e-06 (  1.51e+01,  1.07e+02)
15   -138.610   1.21e-01  -1.04e-02   6.76e-02  -3.56e+00   5.40e-05 (  8.98e+01,  1.58e+02)
20    -10.060   1.37e-01   7.41e-02   2.93e-02  -3.10e+00   5.01e-04 (  1.09e+02,  2.01e+02)
25     -0.663   1.71e-01   9.76e-02  -9.33e-03  -1.71e+00   3.62e-03 (  1.28e+02,  2.31e+02)
30     -0.103   1.98e-01   1.02e-01  -2.82e-04  -6.31e-01   2.06e-02 (  1.44e+02,  2.50e+02)
35      0.008   2.34e-01   1.30e-01   1.76e-02   6.13e-02   9.21e-02 (  1.64e+02,  2.56e+02)
40      0.025   2.45e-01   1.60e-01   5.06e-02   2.49e-01   3.28e-01 (  1.64e+02,  2.51e+02)
45      0.056   2.52e-01   2.00e-01   1.05e-01   7.59e-01   9.36e-01 (  1.51e+02,  2.37e+02)
50      0.097   2.74e-01   3.05e-01   1.30e-01   1.96e+00   2.15e+00 (  1.40e+02,  2.17e+02)
55      0.125   2.91e-01   3.93e-01   1.67e-01   3.56e+00   4.05e+00 (  1.21e+02,  1.95e+02)
60      0.182   4.10e-01   4.90e-01   2.81e-01   5.78e+00   6.33e+00 (  1.17e+02,  1.76e+02)
65      0.252   6.43e-01   6.14e-01   3.68e-01   7.89e+00   8.41e+00 (  1.16e+02,  1.59e+02)
70      0.321   9.50e-01   7.59e-01   4.45e-01   9.42e+00   9.79e+00 (  1.11e+02,  1.43e+02)
75      0.371   1.24e+00   8.98e-01   4.91e-01   1.01e+01   1.03e+01 (  1.02e+02,  1.27e+02)
80      0.408   1.49e+00   1.05e+00   5.13e-01   1.05e+01   1.03e+01 (  9.59e+01,  1.11e+02)
85      0.340   1.09e+00   9.73e-01   5.17e-01   7.97e+00   9.93e+00 (  7.68e+01,  9.64e+01)
90      0.623   1.44e+00   2.17e+00   1.47e+00   1.98e+01   9.47e+00 (  4.07e+02,  8.18e+01)
95      0.528   9.28e-01   1.34e+00   9.66e-01   4.38e+01   9.09e+00 (  7.07e+02,  6.69e+01)
26 n: 2.372e-05 e: 5.233e-04 i: 2.286e-04 :: e: 2.427e-02 i: 4.013e-02 :: n: 3.173e+01 e:21.868 i:26.137 v:4.993e+03
>>> tau_he = 5.000000, nhe(0)=3.951008e+00
 5   -168.255   6.44e-03   6.97e-01   2.47e-03  -6.29e-02   2.49e-07 (  2.37e+00,  5.18e+01)
10   -250.674   1.91e-02   2.27e-02   6.32e-03  -4.21e-01   4.43e-06 (  1.37e+01,  1.07e+02)
15   -145.209   1.25e-01   5.25e-03   3.78e-02  -3.73e+00   5.40e-05 (  9.38e+01,  1.58e+02)
20    -15.246   1.40e-01   7.85e-02   3.81e-02  -4.70e+00   5.01e-04 (  1.13e+02,  2.01e+02)
25     -0.653   1.77e-01   1.01e-01  -3.41e-02  -1.69e+00   3.62e-03 (  1.36e+02,  2.31e+02)
30     -0.001   2.97e-01   2.71e-01   1.18e-01  -3.36e-03   2.06e-02 (  2.22e+02,  2.50e+02)
35      0.080   2.98e-01   2.65e-01   1.37e-01   6.53e-01   9.21e-02 (  2.15e+02,  2.56e+02)
40      0.075   2.97e-01   2.54e-01   1.26e-01   7.62e-01   3.28e-01 (  2.05e+02,  2.51e+02)
45      0.094   2.99e-01   2.95e-01   1.47e-01   1.29e+00   9.36e-01 (  1.85e+02,  2.37e+02)
50      0.104   2.90e-01   3.39e-01   1.42e-01   2.10e+00   2.15e+00 (  1.55e+02,  2.17e+02)
55      0.134   3.16e-01   4.28e-01   1.70e-01   3.82e+00   4.05e+00 (  1.37e+02,  1.95e+02)
60      0.199   4.47e-01   5.32e-01   3.11e-01   6.33e+00   6.33e+00 (  1.34e+02,  1.76e+02)
65      0.275   6.93e-01   6.62e-01   3.93e-01   8.62e+00   8.41e+00 (  1.31e+02,  1.59e+02)
70      0.346   1.00e+00   8.13e-01   4.71e-01   1.02e+01   9.79e+00 (  1.24e+02,  1.43e+02)
75      0.395   1.28e+00   9.53e-01   5.09e-01   1.08e+01   1.03e+01 (  1.12e+02,  1.27e+02)
80      0.428   1.51e+00   1.10e+00   5.23e-01   1.11e+01   1.03e+01 (  1.04e+02,  1.11e+02)
85      0.345   1.07e+00   9.87e-01   5.09e-01   8.10e+00   9.93e+00 (  8.09e+01,  9.64e+01)
90      0.619   1.43e+00   2.17e+00   1.46e+00   1.96e+01   9.47e+00 (  4.11e+02,  8.18e+01)
95      0.528   9.28e-01   1.34e+00   9.66e-01   4.38e+01   9.09e+00 (  7.07e+02,  6.69e+01)
27 n: 7.958e-05 e: 5.447e-04 i: 4.362e-04 :: e: 3.876e-02 i: 5.436e-02 :: n: 3.147e+01 e:21.394 i:26.461 v:4.993e+03
>>> tau_he = 5.000000, nhe(0)=3.927049e+00
 5   -166.607   6.67e-03   7.05e-01   2.53e-03  -6.22e-02   2.49e-07 (  2.40e+00,  5.18e+01)
10   -126.990   2.09e-02  -2.16e-03  -9.09e-03  -2.13e-01   4.43e-06 (  1.46e+01,  1.07e+02)
15   -136.527   1.22e-01  -8.88e-03   6.02e-02  -3.50e+00   5.40e-05 (  8.88e+01,  1.58e+02)
20    -14.657   1.37e-01   7.59e-02   3.55e-02  -4.51e+00   5.01e-04 (  1.09e+02,  2.01e+02)
25     -0.655   1.75e-01   9.98e-02  -3.01e-02  -1.71e+00   3.62e-03 (  1.32e+02,  2.31e+02)
30     -0.110   1.98e-01   1.05e-01   8.43e-03  -6.51e-01   2.06e-02 (  1.43e+02,  2.50e+02)
35     -0.018   2.39e-01   1.32e-01   3.14e-02  -1.22e-01   9.21e-02 (  1.66e+02,  2.56e+02)
40      0.013   2.44e-01   1.60e-01   5.87e-02   1.17e-01   3.28e-01 (  1.62e+02,  2.51e+02)
45      0.053   2.57e-01   2.00e-01   1.10e-01   6.95e-01   9.36e-01 (  1.54e+02,  2.37e+02)
50      0.098   2.76e-01   3.06e-01   1.30e-01   1.96e+00   2.15e+00 (  1.42e+02,  2.17e+02)
55      0.126   2.93e-01   3.95e-01   1.68e-01   3.58e+00   4.05e+00 (  1.23e+02,  1.95e+02)
60      0.183   4.10e-01   4.92e-01   2.81e-01   5.80e+00   6.33e+00 (  1.18e+02,  1.76e+02)
65      0.252   6.42e-01   6.15e-01   3.68e-01   7.89e+00   8.41e+00 (  1.16e+02,  1.59e+02)
70      0.321   9.48e-01   7.59e-01   4.46e-01   9.41e+00   9.79e+00 (  1.11e+02,  1.43e+02)
75      0.370   1.23e+00   8.98e-01   4.92e-01   1.01e+01   1.03e+01 (  1.02e+02,  1.27e+02)
80      0.407   1.48e+00   1.05e+00   5.13e-01   1.05e+01   1.03e+01 (  9.60e+01,  1.11e+02)
85      0.340   1.08e+00   9.74e-01   5.19e-01   7.97e+00   9.93e+00 (  7.70e+01,  9.64e+01)
90      0.624   1.44e+00   2.17e+00   1.47e+00   1.98e+01   9.47e+00 (  4.07e+02,  8.18e+01)
95      0.528   9.28e-01   1.34e+00   9.66e-01   4.38e+01   9.09e+00 (  7.07e+02,  6.69e+01)
28 n: 2.963e-05 e: 4.248e-04 i: 2.365e-04 :: e: 2.263e-02 i: 3.996e-02 :: n: 3.162e+01 e:21.809 i:26.207 v:4.993e+03
>>> tau_he = 5.000000, nhe(0)=3.934720e+00
 5   -168.432   6.48e-03   7.06e-01   2.49e-03  -6.29e-02   2.49e-07 (  2.37e+00,  5.18e+01)
10   -132.598   1.94e-02   2.49e-04  -9.15e-03  -2.23e-01   4.43e-06 (  1.39e+01,  1.07e+02)
15   -143.927   1.26e-01   7.42e-03   3.26e-02  -3.70e+00   5.40e-05 (  9.35e+01,  1.58e+02)
20    -15.258   1.41e-01   8.01e-02   3.75e-02  -4.70e+00   5.01e-04 (  1.14e+02,  2.01e+02)
25     -0.642   1.82e-01   1.03e-01  -5.71e-02  -1.68e+00   3.62e-03 (  1.40e+02,  2.31e+02)
30     -0.076   2.01e-01   1.09e-01  -1.02e-02  -4.83e-01   2.06e-02 (  1.49e+02,  2.50e+02)
35     -0.010   2.34e-01   1.43e-01   2.72e-02  -7.55e-02   9.21e-02 (  1.66e+02,  2.56e+02)
40      0.020   2.47e-01   1.74e-01   6.28e-02   1.89e-01   3.28e-01 (  1.68e+02,  2.51e+02)
45      0.057   2.63e-01   2.18e-01   1.19e-01   7.55e-01   9.36e-01 (  1.61e+02,  2.37e+02)
50      0.104   2.90e-01   3.37e-01   1.41e-01   2.09e+00   2.15e+00 (  1.54e+02,  2.17e+02)
55      0.134   3.15e-01   4.28e-01   1.70e-01   3.82e+00   4.05e+00 (  1.37e+02,  1.95e+02)
60      0.198   4.46e-01   5.32e-01   3.10e-01   6.32e+00   6.33e+00 (  1.34e+02,  1.76e+02)
65      0.274   6.91e-01   6.62e-01   3.93e-01   8.61e+00   8.41e+00 (  1.31e+02,  1.59e+02)
70      0.345   1.00e+00   8.12e-01   4.71e-01   1.02e+01   9.79e+00 (  1.24e+02,  1.43e+02)
75      0.394   1.28e+00   9.52e-01   5.10e-01   1.07e+01   1.03e+01 (  1.12e+02,  1.27e+02)
80      0.428   1.50e+00   1.10e+00   5.23e-01   1.10e+01   1.03e+01 (  1.04e+02,  1.11e+02)
85      0.345   1.06e+00   9.87e-01   5.11e-01   8.10e+00   9.93e+00 (  8.09e+01,  9.64e+01)
90      0.620   1.44e+00   2.17e+00   1.46e+00   1.97e+01   9.47e+00 (  4.11e+02,  8.18e+01)
95      0.528   9.28e-01   1.34e+00   9.66e-01   4.38e+01   9.09e+00 (  7.07e+02,  6.69e+01)
29 n: 2.589e-05 e: 4.075e-04 i: 2.426e-04 :: e: 2.231e-02 i: 2.793e-02 :: n: 3.166e+01 e:21.435 i:26.586 v:4.993e+03
>>> tau_he = 5.000000, nhe(0)=3.976519e+00
 5   -167.964   6.79e-03   7.21e-01   2.55e-03  -6.28e-02   2.49e-07 (  2.46e+00,  5.18e+01)
10   -124.679   2.10e-02  -1.94e-03  -9.06e-03  -2.09e-01   4.43e-06 (  1.48e+01,  1.07e+02)
15   -137.025   1.23e-01  -9.66e-03   5.01e-02  -3.52e+00   5.40e-05 (  8.96e+01,  1.58e+02)
20    -14.875   1.38e-01   7.49e-02   3.36e-02  -4.58e+00   5.01e-04 (  1.10e+02,  2.01e+02)
25     -0.627   1.80e-01   9.77e-02  -5.57e-02  -1.65e+00   3.62e-03 (  1.38e+02,  2.31e+02)
30     -0.033   1.96e-01   1.00e-01  -1.52e-02  -2.25e-01   2.06e-02 (  1.44e+02,  2.50e+02)
35     -0.001   2.27e-01   1.31e-01   1.56e-02  -7.85e-03   9.21e-02 (  1.58e+02,  2.56e+02)
40      0.021   2.40e-01   1.59e-01   5.40e-02   2.05e-01   3.28e-01 (  1.59e+02,  2.51e+02)
45      0.055   2.53e-01   2.00e-01   1.07e-01   7.37e-01   9.36e-01 (  1.51e+02,  2.37e+02)
50      0.097   2.74e-01   3.05e-01   1.30e-01   1.95e+00   2.15e+00 (  1.41e+02,  2.17e+02)
55      0.125   2.92e-01   3.94e-01   1.67e-01   3.56e+00   4.05e+00 (  1.22e+02,  1.95e+02)
60      0.183   4.12e-01   4.92e-01   2.82e-01   5.81e+00   6.33e+00 (  1.18e+02,  1.76e+02)
65      0.254   6.45e-01   6.17e-01   3.69e-01   7.93e+00   8.41e+00 (  1.17e+02,  1.59e+02)
70      0.322   9.52e-01   7.62e-01   4.47e-01   9.46e+00   9.79e+00 (  1.12e+02,  1.43e+02)
75      0.372   1.24e+00   9.01e-01   4.93e-01   1.01e+01   1.03e+01 (  1.02e+02,  1.27e+02)
80      0.408   1.48e+00   1.05e+00   5.14e-01   1.05e+01   1.03e+01 (  9.64e+01,  1.11e+02)
85      0.340   1.08e+00   9.74e-01   5.18e-01   7.98e+00   9.93e+00 (  7.71e+01,  9.64e+01)
90      0.624   1.44e+00   2.17e+00   1.47e+00   1.98e+01   9.47e+00 (  4.08e+02,  8.18e+01)
95      0.528   9.28e-01   1.34e+00   9.66e-01   4.38e+01   9.09e+00 (  7.07e+02,  6.69e+01)
30 n: 1.761e-05 e: 4.939e-04 i: 1.866e-04 :: e: 2.142e-02 i: 3.550e-02 :: n: 3.179e+01 e:21.932 i:26.347 v:4.993e+03
>>> tau_he = 5.000000, nhe(0)=3.981683e+00
 5   -171.094   6.60e-03   7.19e-01   2.51e-03  -6.40e-02   2.49e-07 (  2.44e+00,  5.18e+01)
10   -131.848   1.96e-02   4.85e-04  -9.23e-03  -2.22e-01   4.43e-06 (  1.41e+01,  1.07e+02)
15   -144.941   1.27e-01   5.97e-03   2.84e-02  -3.72e+00   5.40e-05 (  9.46e+01,  1.58e+02)
20    -15.602   1.42e-01   7.91e-02   3.63e-02  -4.81e+00   5.01e-04 (  1.16e+02,  2.01e+02)
25     -0.579   3.01e-01   3.21e-01   1.25e-01  -1.53e+00   3.62e-03 (  2.39e+02,  2.31e+02)
30      0.052   2.89e-01   2.64e-01   1.02e-01   3.78e-01   2.06e-02 (  2.20e+02,  2.50e+02)
35      0.081   2.95e-01   2.63e-01   1.32e-01   6.84e-01   9.21e-02 (  2.14e+02,  2.56e+02)
40      0.023   2.46e-01   1.74e-01   5.90e-02   2.30e-01   3.28e-01 (  1.68e+02,  2.51e+02)
45      0.058   2.64e-01   2.17e-01   1.16e-01   7.90e-01   9.36e-01 (  1.63e+02,  2.37e+02)
50      0.103   2.90e-01   3.37e-01   1.41e-01   2.08e+00   2.15e+00 (  1.54e+02,  2.17e+02)
55      0.133   3.15e-01   4.26e-01   1.69e-01   3.80e+00   4.05e+00 (  1.37e+02,  1.95e+02)
60      0.198   4.45e-01   5.30e-01   3.09e-01   6.30e+00   6.33e+00 (  1.34e+02,  1.76e+02)
65      0.274   6.90e-01   6.61e-01   3.92e-01   8.59e+00   8.41e+00 (  1.31e+02,  1.59e+02)
70      0.345   1.00e+00   8.11e-01   4.70e-01   1.02e+01   9.79e+00 (  1.24e+02,  1.43e+02)
75      0.394   1.28e+00   9.51e-01   5.09e-01   1.07e+01   1.03e+01 (  1.11e+02,  1.27e+02)
80      0.427   1.50e+00   1.10e+00   5.23e-01   1.10e+01   1.03e+01 (  1.03e+02,  1.11e+02)
85      0.345   1.07e+00   9.87e-01   5.10e-01   8.10e+00   9.93e+00 (  8.08e+01,  9.64e+01)
90      0.620   1.44e+00   2.17e+00   1.46e+00   1.97e+01   9.47e+00 (  4.11e+02,  8.18e+01)
95      0.528   9.28e-01   1.34e+00   9.66e-01   4.38e+01   9.09e+00 (  7.07e+02,  6.69e+01)
31 n: 2.820e-05 e: 4.779e-04 i: 6.513e-04 :: e: 3.464e-02 i: 5.088e-02 :: n: 3.163e+01 e:21.481 i:26.584 v:4.993e+03
>>> tau_he = 5.000000, nhe(0)=3.970462e+00
 5   -169.666   6.80e-03   7.09e-01   2.54e-03  -6.34e-02   2.49e-07 (  2.47e+00,  5.18e+01)
10   -242.380   2.12e-02   1.99e-02   6.89e-03  -4.07e-01   4.43e-06 (  1.50e+01,  1.07e+02)
15   -139.969   1.26e-01   6.49e-03   3.39e-02  -3.60e+00   5.40e-05 (  9.17e+01,  1.58e+02)
20    -14.867   1.38e-01   7.55e-02   3.45e-02  -4.58e+00   5.01e-04 (  1.10e+02,  2.01e+02)
25     -0.679   1.75e-01   9.88e-02  -2.69e-02  -1.75e+00   3.62e-03 (  1.33e+02,  2.31e+02)
30     -0.118   2.01e-01   1.04e-01  -1.70e-03  -6.94e-01   2.06e-02 (  1.48e+02,  2.50e+02)
35     -0.005   2.37e-01   1.30e-01   2.21e-02  -3.63e-02   9.21e-02 (  1.67e+02,  2.56e+02)
40      0.023   2.47e-01   1.60e-01   5.05e-02   2.32e-01   3.28e-01 (  1.66e+02,  2.51e+02)
45      0.056   2.54e-01   2.02e-01   1.03e-01   7.76e-01   9.36e-01 (  1.53e+02,  2.37e+02)
50      0.099   2.76e-01   3.08e-01   1.30e-01   1.99e+00   2.15e+00 (  1.43e+02,  2.17e+02)
55      0.126   2.94e-01   3.96e-01   1.69e-01   3.59e+00   4.05e+00 (  1.24e+02,  1.95e+02)
60      0.183   4.12e-01   4.93e-01   2.82e-01   5.82e+00   6.33e+00 (  1.19e+02,  1.76e+02)
65      0.253   6.44e-01   6.17e-01   3.70e-01   7.93e+00   8.41e+00 (  1.17e+02,  1.59e+02)
70      0.322   9.51e-01   7.62e-01   4.48e-01   9.46e+00   9.79e+00 (  1.12e+02,  1.43e+02)
75      0.371   1.24e+00   9.01e-01   4.93e-01   1.01e+01   1.03e+01 (  1.02e+02,  1.27e+02)
80      0.408   1.48e+00   1.05e+00   5.14e-01   1.05e+01   1.03e+01 (  9.65e+01,  1.11e+02)
85      0.340   1.08e+00   9.75e-01   5.19e-01   7.98e+00   9.93e+00 (  7.72e+01,  9.64e+01)
90      0.624   1.44e+00   2.17e+00   1.47e+00   1.98e+01   9.47e+00 (  4.08e+02,  8.18e+01)
95      0.528   9.28e-01   1.34e+00   9.66e-01   4.38e+01   9.09e+00 (  7.07e+02,  6.69e+01)
32 n: 1.977e-05 e: 4.045e-04 i: 1.976e-04 :: e: 2.049e-02 i: 3.653e-02 :: n: 3.174e+01 e:21.868 i:26.309 v:4.993e+03
>>> tau_he = 5.000000, nhe(0)=3.968965e+00
 5   -170.358   6.58e-03   7.12e-01   2.50e-03  -6.37e-02   2.49e-07 (  2.43e+00,  5.18e+01)
10   -245.193   1.93e-02   2.27e-02   6.13e-03  -4.12e-01   4.43e-06 (  1.39e+01,  1.07e+02)
15   -143.677   1.28e-01   8.04e-03   2.57e-02  -3.69e+00   5.40e-05 (  9.41e+01,  1.58e+02)
20    -15.316   1.41e-01   7.93e-02   3.73e-02  -4.72e+00   5.01e-04 (  1.14e+02,  2.01e+02)
25     -0.655   1.80e-01   1.02e-01  -4.91e-02  -1.70e+00   3.62e-03 (  1.39e+02,  2.31e+02)
30      0.001   2.98e-01   2.71e-01   1.17e-01   5.39e-03   2.06e-02 (  2.23e+02,  2.50e+02)
35      0.007   2.40e-01   1.40e-01   2.36e-02   5.71e-02   9.21e-02 (  1.72e+02,  2.56e+02)
40      0.026   2.51e-01   1.73e-01   5.64e-02   2.67e-01   3.28e-01 (  1.73e+02,  2.51e+02)
45      0.095   2.99e-01   2.94e-01   1.44e-01   1.31e+00   9.36e-01 (  1.86e+02,  2.37e+02)
50      0.105   2.91e-01   3.39e-01   1.41e-01   2.11e+00   2.15e+00 (  1.56e+02,  2.17e+02)
55      0.134   3.16e-01   4.28e-01   1.70e-01   3.83e+00   4.05e+00 (  1.38e+02,  1.95e+02)
60      0.198   4.46e-01   5.32e-01   3.09e-01   6.31e+00   6.33e+00 (  1.35e+02,  1.76e+02)
65      0.274   6.89e-01   6.62e-01   3.93e-01   8.59e+00   8.41e+00 (  1.31e+02,  1.59e+02)
70      0.345   9.98e-01   8.11e-01   4.71e-01   1.02e+01   9.79e+00 (  1.24e+02,  1.43e+02)
75      0.393   1.27e+00   9.51e-01   5.10e-01   1.07e+01   1.03e+01 (  1.11e+02,  1.27e+02)
80      0.427   1.50e+00   1.10e+00   5.24e-01   1.10e+01   1.03e+01 (  1.03e+02,  1.11e+02)
85      0.345   1.06e+00   9.87e-01   5.12e-01   8.09e+00   9.93e+00 (  8.09e+01,  9.64e+01)
90      0.620   1.44e+00   2.17e+00   1.46e+00   1.97e+01   9.47e+00 (  4.11e+02,  8.18e+01)
95      0.528   9.28e-01   1.34e+00   9.66e-01   4.38e+01   9.09e+00 (  7.07e+02,  6.69e+01)
33 n: 6.741e-05 e: 3.963e-04 i: 3.384e-04 :: e: 2.668e-02 i: 4.009e-02 :: n: 3.165e+01 e:21.477 i:26.601 v:4.993e+03
>>> tau_he = 5.000000, nhe(0)=3.977044e+00
 5   -168.813   6.81e-03   7.23e-01   2.56e-03  -6.31e-02   2.49e-07 (  2.47e+00,  5.18e+01)
10   -123.916   1.99e-02  -1.85e-03  -9.11e-03  -2.08e-01   4.43e-06 (  1.40e+01,  1.07e+02)
15   -138.459   1.21e-01   1.17e-03   2.97e-02  -3.56e+00   5.40e-05 (  8.79e+01,  1.58e+02)
20    -14.865   1.39e-01   7.56e-02   3.43e-02  -4.58e+00   5.01e-04 (  1.10e+02,  2.01e+02)
25     -0.633   1.78e-01   9.82e-02  -4.70e-02  -1.65e+00   3.62e-03 (  1.36e+02,  2.31e+02)
30     -0.062   1.95e-01   1.01e-01   2.10e-03  -4.01e-01   2.06e-02 (  1.42e+02,  2.50e+02)
35      0.007   2.35e-01   1.31e-01   1.78e-02   5.73e-02   9.21e-02 (  1.65e+02,  2.56e+02)
40      0.024   2.47e-01   1.61e-01   5.13e-02   2.40e-01   3.28e-01 (  1.66e+02,  2.51e+02)
45      0.054   2.57e-01   2.01e-01   1.08e-01   7.17e-01   9.36e-01 (  1.55e+02,  2.37e+02)
50      0.098   2.78e-01   3.08e-01   1.31e-01   1.97e+00   2.15e+00 (  1.44e+02,  2.17e+02)
55      0.126   2.96e-01   3.97e-01   1.55e-01   3.59e+00   4.05e+00 (  1.25e+02,  1.95e+02)
60      0.184   4.13e-01   4.95e-01   2.83e-01   5.83e+00   6.33e+00 (  1.20e+02,  1.76e+02)
65      0.254   6.44e-01   6.19e-01   3.71e-01   7.94e+00   8.41e+00 (  1.18e+02,  1.59e+02)
70      0.322   9.49e-01   7.64e-01   4.49e-01   9.47e+00   9.79e+00 (  1.13e+02,  1.43e+02)
75      0.371   1.23e+00   9.02e-01   4.94e-01   1.01e+01   1.03e+01 (  1.03e+02,  1.27e+02)
80      0.408   1.48e+00   1.05e+00   5.15e-01   1.05e+01   1.03e+01 (  9.67e+01,  1.11e+02)
85      0.340   1.08e+00   9.76e-01   5.20e-01   7.98e+00   9.93e+00 (  7.75e+01,  9.64e+01)
90      0.624   1.44e+00   2.17e+00   1.47e+00   1.98e+01   9.47e+00 (  4.08e+02,  8.18e+01)
95      0.528   9.28e-01   1.34e+00   9.66e-01   4.38e+01   9.09e+00 (  7.07e+02,  6.69e+01)
34 n: 2.053e-05 e: 3.922e-04 i: 1.769e-04 :: e: 1.963e-02 i: 3.513e-02 :: n: 3.173e+01 e:21.896 i:26.383 v:4.993e+03
>>> tau_he = 5.000000, nhe(0)=3.972919e+00
 5   -170.852   6.62e-03   7.24e-01   2.52e-03  -6.39e-02   2.49e-07 (  2.44e+00,  5.18e+01)
10   -129.468   1.94e-02   5.65e-04  -9.27e-03  -2.18e-01   4.43e-06 (  1.39e+01,  1.07e+02)
15   -143.307   1.28e-01   7.66e-03   2.46e-02  -3.68e+00   5.40e-05 (  9.41e+01,  1.58e+02)
20    -15.442   1.42e-01   7.98e-02   3.70e-02  -4.76e+00   5.01e-04 (  1.15e+02,  2.01e+02)
25     -0.644   3.00e-01   3.20e-01   1.25e-01  -1.69e+00   3.62e-03 (  2.34e+02,  2.31e+02)
30     -0.044   2.00e-01   1.06e-01  -1.48e-02  -2.92e-01   2.06e-02 (  1.50e+02,  2.50e+02)
35      0.080   2.99e-01   2.65e-01   1.36e-01   6.54e-01   9.21e-02 (  2.15e+02,  2.56e+02)
40      0.026   2.52e-01   1.75e-01   5.71e-02   2.66e-01   3.28e-01 (  1.74e+02,  2.51e+02)
45      0.057   2.64e-01   2.18e-01   1.16e-01   7.65e-01   9.36e-01 (  1.63e+02,  2.37e+02)
50      0.104   2.92e-01   3.37e-01   1.41e-01   2.09e+00   2.15e+00 (  1.56e+02,  2.17e+02)
55      0.134   3.16e-01   4.28e-01   1.70e-01   3.82e+00   4.05e+00 (  1.39e+02,  1.95e+02)
60      0.198   4.45e-01   5.32e-01   3.06e-01   6.30e+00   6.33e+00 (  1.35e+02,  1.76e+02)
65      0.273   6.87e-01   6.61e-01   3.93e-01   8.58e+00   8.41e+00 (  1.31e+02,  1.59e+02)
70      0.344   9.96e-01   8.10e-01   4.71e-01   1.01e+01   9.79e+00 (  1.24e+02,  1.43e+02)
75      0.393   1.27e+00   9.50e-01   5.10e-01   1.07e+01   1.03e+01 (  1.11e+02,  1.27e+02)
80      0.426   1.50e+00   1.10e+00   5.24e-01   1.10e+01   1.03e+01 (  1.03e+02,  1.11e+02)
85      0.344   1.06e+00   9.87e-01   5.13e-01   8.09e+00   9.93e+00 (  8.10e+01,  9.64e+01)
90      0.620   1.44e+00   2.17e+00   1.46e+00   1.97e+01   9.47e+00 (  4.12e+02,  8.18e+01)
95      0.528   9.28e-01   1.34e+00   9.66e-01   4.38e+01   9.09e+00 (  7.07e+02,  6.69e+01)
35 n: 2.795e-05 e: 3.984e-04 i: 5.060e-04 :: e: 2.975e-02 i: 4.586e-02 :: n: 3.160e+01 e:21.494 i:26.629 v:4.993e+03
>>> tau_he = 5.000000, nhe(0)=3.969488e+00
 5   -170.230   6.83e-03   7.20e-01   2.56e-03  -6.34e-02   2.49e-07 (  2.48e+00,  5.18e+01)
10   -127.389   2.12e-02  -2.00e-03  -9.08e-03  -2.14e-01   4.43e-06 (  1.50e+01,  1.07e+02)
15   -138.972   1.26e-01   7.09e-03   2.81e-02  -3.57e+00   5.40e-05 (  9.14e+01,  1.58e+02)
20    -14.829   1.39e-01   7.57e-02   3.53e-02  -4.56e+00   5.01e-04 (  1.10e+02,  2.01e+02)
25     -0.660   1.74e-01   9.92e-02  -1.84e-02  -1.73e+00   3.62e-03 (  1.31e+02,  2.31e+02)
30     -0.089   2.02e-01   1.04e-01  -8.44e-03  -5.42e-01   2.06e-02 (  1.49e+02,  2.50e+02)
35     -0.011   2.40e-01   1.32e-01   2.50e-02  -8.03e-02   9.21e-02 (  1.69e+02,  2.56e+02)
40      0.025   2.48e-01   1.61e-01   5.06e-02   2.46e-01   3.28e-01 (  1.67e+02,  2.51e+02)
45      0.056   2.56e-01   2.02e-01   1.05e-01   7.57e-01   9.36e-01 (  1.55e+02,  2.37e+02)
50      0.099   2.78e-01   3.09e-01   1.31e-01   1.98e+00   2.15e+00 (  1.45e+02,  2.17e+02)
55      0.126   2.96e-01   3.98e-01   1.56e-01   3.60e+00   4.05e+00 (  1.26e+02,  1.95e+02)
60      0.184   4.13e-01   4.96e-01   2.83e-01   5.84e+00   6.33e+00 (  1.20e+02,  1.76e+02)
65      0.254   6.45e-01   6.20e-01   3.72e-01   7.96e+00   8.41e+00 (  1.18e+02,  1.59e+02)
70      0.323   9.49e-01   7.65e-01   4.50e-01   9.49e+00   9.79e+00 (  1.13e+02,  1.43e+02)
75      0.372   1.23e+00   9.04e-01   4.95e-01   1.01e+01   1.03e+01 (  1.03e+02,  1.27e+02)
80      0.408   1.48e+00   1.05e+00   5.16e-01   1.05e+01   1.03e+01 (  9.70e+01,  1.11e+02)
85      0.340   1.08e+00   9.77e-01   5.21e-01   7.98e+00   9.93e+00 (  7.77e+01,  9.64e+01)
90      0.624   1.44e+00   2.17e+00   1.47e+00   1.98e+01   9.47e+00 (  4.09e+02,  8.18e+01)
95      0.528   9.28e-01   1.34e+00   9.66e-01   4.38e+01   9.09e+00 (  7.07e+02,  6.69e+01)
36 n: 1.684e-05 e: 3.490e-04 i: 1.782e-04 :: e: 1.962e-02 i: 3.309e-02 :: n: 3.171e+01 e:21.871 i:26.398 v:4.993e+03
>>> tau_he = 5.000000, nhe(0)=3.971536e+00
 5   -171.580   6.64e-03   7.20e-01   2.52e-03  -6.40e-02   2.49e-07 (  2.45e+00,  5.18e+01)
10   -131.573   1.95e-02   4.40e-04  -9.20e-03  -2.21e-01   4.43e-06 (  1.40e+01,  1.07e+02)
15   -135.728   1.30e-01   6.98e-03   2.24e-02  -3.48e+00   5.40e-05 (  9.53e+01,  1.58e+02)
20    -15.305   1.42e-01   7.93e-02   3.78e-02  -4.71e+00   5.01e-04 (  1.14e+02,  2.01e+02)
25     -0.645   1.80e-01   1.01e-01  -4.28e-02  -1.69e+00   3.62e-03 (  1.39e+02,  2.31e+02)
30      0.010   2.98e-01   2.72e-01   1.12e-01   6.36e-02   2.06e-02 (  2.25e+02,  2.50e+02)
35      0.001   2.43e-01   1.42e-01   2.61e-02   5.15e-03   9.21e-02 (  1.74e+02,  2.56e+02)
40      0.027   2.52e-01   1.74e-01   5.62e-02   2.75e-01   3.28e-01 (  1.73e+02,  2.51e+02)
45      0.094   3.00e-01   2.93e-01   1.45e-01   1.29e+00   9.36e-01 (  1.87e+02,  2.37e+02)
50      0.104   2.92e-01   3.37e-01   1.41e-01   2.10e+00   2.15e+00 (  1.57e+02,  2.17e+02)
55      0.134   3.16e-01   4.28e-01   1.70e-01   3.82e+00   4.05e+00 (  1.39e+02,  1.95e+02)
60      0.198   4.45e-01   5.31e-01   3.06e-01   6.30e+00   6.33e+00 (  1.35e+02,  1.76e+02)
65      0.273   6.86e-01   6.61e-01   3.93e-01   8.58e+00   8.41e+00 (  1.31e+02,  1.59e+02)
70      0.344   9.94e-01   8.10e-01   4.71e-01   1.01e+01   9.79e+00 (  1.24e+02,  1.43e+02)
75      0.392   1.27e+00   9.50e-01   5.11e-01   1.07e+01   1.03e+01 (  1.11e+02,  1.27e+02)
80      0.426   1.49e+00   1.10e+00   5.25e-01   1.10e+01   1.03e+01 (  1.04e+02,  1.11e+02)
85      0.344   1.06e+00   9.88e-01   5.14e-01   8.08e+00   9.93e+00 (  8.11e+01,  9.64e+01)
90      0.620   1.44e+00   2.17e+00   1.46e+00   1.97e+01   9.47e+00 (  4.12e+02,  8.18e+01)
95      0.528   9.28e-01   1.34e+00   9.66e-01   4.38e+01   9.09e+00 (  7.07e+02,  6.69e+01)
37 n: 6.677e-05 e: 3.513e-04 i: 3.233e-04 :: e: 2.540e-02 i: 3.933e-02 :: n: 3.164e+01 e:21.511 i:26.693 v:4.993e+03
>>> tau_he = 5.000000, nhe(0)=3.981647e+00
 5   -170.172   6.87e-03   7.26e-01   2.57e-03  -6.37e-02   2.49e-07 (  2.50e+00,  5.18e+01)
10   -126.036   2.01e-02  -1.89e-03  -9.10e-03  -2.12e-01   4.43e-06 (  1.42e+01,  1.07e+02)
15   -138.001   1.27e-01   6.71e-03   2.55e-02  -3.55e+00   5.40e-05 (  9.11e+01,  1.58e+02)
20    -14.874   1.40e-01   7.60e-02   3.48e-02  -4.58e+00   5.01e-04 (  1.11e+02,  2.01e+02)
25     -0.650   1.78e-01   9.88e-02  -4.01e-02  -1.67e+00   3.62e-03 (  1.36e+02,  2.31e+02)
30     -0.086   2.01e-01   1.03e-01  -4.03e-03  -5.30e-01   2.06e-02 (  1.47e+02,  2.50e+02)
35      0.009   2.36e-01   1.32e-01   1.64e-02   7.66e-02   9.21e-02 (  1.66e+02,  2.56e+02)
40      0.026   2.47e-01   1.63e-01   5.10e-02   2.56e-01   3.28e-01 (  1.66e+02,  2.51e+02)
45      0.053   2.59e-01   2.02e-01   1.09e-01   7.07e-01   9.36e-01 (  1.56e+02,  2.37e+02)
50      0.098   2.79e-01   3.09e-01   1.31e-01   1.96e+00   2.15e+00 (  1.45e+02,  2.17e+02)
55      0.127   2.97e-01   3.99e-01   1.56e-01   3.60e+00   4.05e+00 (  1.26e+02,  1.95e+02)
60      0.185   4.14e-01   4.98e-01   2.84e-01   5.85e+00   6.33e+00 (  1.21e+02,  1.76e+02)
65      0.255   6.45e-01   6.22e-01   3.73e-01   7.98e+00   8.41e+00 (  1.19e+02,  1.59e+02)
70      0.323   9.49e-01   7.67e-01   4.50e-01   9.50e+00   9.79e+00 (  1.14e+02,  1.43e+02)
75      0.372   1.23e+00   9.05e-01   4.96e-01   1.01e+01   1.03e+01 (  1.03e+02,  1.27e+02)
80      0.409   1.47e+00   1.05e+00   5.17e-01   1.05e+01   1.03e+01 (  9.73e+01,  1.11e+02)
85      0.340   1.07e+00   9.77e-01   5.22e-01   7.98e+00   9.93e+00 (  7.79e+01,  9.64e+01)
90      0.624   1.44e+00   2.17e+00   1.47e+00   1.98e+01   9.47e+00 (  4.09e+02,  8.18e+01)
95      0.528   9.28e-01   1.34e+00   9.66e-01   4.38e+01   9.09e+00 (  7.07e+02,  6.69e+01)
38 n: 1.931e-05 e: 3.374e-04 i: 1.588e-04 :: e: 1.918e-02 i: 3.149e-02 :: n: 3.169e+01 e:21.905 i:26.482 v:4.993e+03
>>> tau_he = 5.000000, nhe(0)=3.975183e+00
 5   -172.215   6.70e-03   7.26e-01   2.53e-03  -6.44e-02   2.49e-07 (  2.48e+00,  5.18e+01)
10   -131.641   1.97e-02   5.16e-04  -9.21e-03  -2.21e-01   4.43e-06 (  1.41e+01,  1.07e+02)
15   -135.318   1.31e-01   6.91e-03   2.16e-02  -3.48e+00   5.40e-05 (  9.55e+01,  1.58e+02)
20    -15.408   1.43e-01   7.99e-02   3.73e-02  -4.75e+00   5.01e-04 (  1.15e+02,  2.01e+02)
25     -0.671   1.84e-01   1.03e-01  -6.16e-02  -1.74e+00   3.62e-03 (  1.44e+02,  2.31e+02)
30     -0.002   3.00e-01   2.73e-01   1.17e-01  -1.48e-02   2.06e-02 (  2.26e+02,  2.50e+02)
35      0.080   3.00e-01   2.66e-01   1.36e-01   6.54e-01   9.21e-02 (  2.16e+02,  2.56e+02)
40      0.076   2.99e-01   2.54e-01   1.26e-01   7.70e-01   3.28e-01 (  2.06e+02,  2.51e+02)
45      0.056   2.65e-01   2.18e-01   1.16e-01   7.53e-01   9.36e-01 (  1.64e+02,  2.37e+02)
50      0.104   2.92e-01   3.36e-01   1.41e-01   2.08e+00   2.15e+00 (  1.56e+02,  2.17e+02)
55      0.134   3.16e-01   4.27e-01   1.70e-01   3.81e+00   4.05e+00 (  1.39e+02,  1.95e+02)
60      0.198   4.44e-01   5.31e-01   3.06e-01   6.29e+00   6.33e+00 (  1.35e+02,  1.76e+02)
65      0.273   6.85e-01   6.61e-01   3.93e-01   8.57e+00   8.41e+00 (  1.31e+02,  1.59e+02)
70      0.343   9.92e-01   8.10e-01   4.71e-01   1.01e+01   9.79e+00 (  1.24e+02,  1.43e+02)
75      0.392   1.27e+00   9.49e-01   5.11e-01   1.07e+01   1.03e+01 (  1.11e+02,  1.27e+02)
80      0.425   1.49e+00   1.09e+00   5.25e-01   1.10e+01   1.03e+01 (  1.04e+02,  1.11e+02)
85      0.344   1.06e+00   9.88e-01   5.15e-01   8.08e+00   9.93e+00 (  8.12e+01,  9.64e+01)
90      0.620   1.44e+00   2.17e+00   1.47e+00   1.97e+01   9.47e+00 (  4.12e+02,  8.18e+01)
95      0.528   9.28e-01   1.34e+00   9.66e-01   4.38e+01   9.09e+00 (  7.07e+02,  6.69e+01)
39 n: 7.588e-05 e: 3.562e-04 i: 3.564e-04 :: e: 2.859e-02 i: 4.542e-02 :: n: 3.150e+01 e:21.528 i:26.745 v:4.993e+03
>>> tau_he = 5.000000, nhe(0)=3.958241e+00
 5   -171.394   6.90e-03   7.25e-01   2.58e-03  -6.40e-02   2.49e-07 (  2.51e+00,  5.18e+01)
10   -128.639   2.14e-02  -2.00e-03  -9.07e-03  -2.16e-01   4.43e-06 (  1.50e+01,  1.07e+02)
15   -137.890   1.28e-01   8.15e-03   2.48e-02  -3.54e+00   5.40e-05 (  9.13e+01,  1.58e+02)
20    -14.947   1.41e-01   7.79e-02   3.51e-02  -4.60e+00   5.01e-04 (  1.12e+02,  2.01e+02)
25     -0.641   1.83e-01   1.01e-01  -5.82e-02  -1.67e+00   3.62e-03 (  1.40e+02,  2.31e+02)
30     -0.115   2.01e-01   1.06e-01   4.40e-03  -6.79e-01   2.06e-02 (  1.46e+02,  2.50e+02)
35     -0.020   2.42e-01   1.33e-01   3.05e-02  -1.35e-01   9.21e-02 (  1.69e+02,  2.56e+02)
40      0.015   2.46e-01   1.62e-01   5.76e-02   1.35e-01   3.28e-01 (  1.65e+02,  2.51e+02)
45      0.055   2.58e-01   2.02e-01   1.07e-01   7.34e-01   9.36e-01 (  1.56e+02,  2.37e+02)
50      0.099   2.79e-01   3.10e-01   1.31e-01   1.99e+00   2.15e+00 (  1.46e+02,  2.17e+02)
55      0.127   2.98e-01   4.00e-01   1.57e-01   3.61e+00   4.05e+00 (  1.27e+02,  1.95e+02)
60      0.185   4.15e-01   4.99e-01   2.84e-01   5.86e+00   6.33e+00 (  1.21e+02,  1.76e+02)
65      0.255   6.45e-01   6.23e-01   3.73e-01   7.99e+00   8.41e+00 (  1.19e+02,  1.59e+02)
70      0.323   9.49e-01   7.68e-01   4.51e-01   9.51e+00   9.79e+00 (  1.14e+02,  1.43e+02)
75      0.373   1.23e+00   9.06e-01   4.97e-01   1.01e+01   1.03e+01 (  1.04e+02,  1.27e+02)
80      0.409   1.47e+00   1.05e+00   5.18e-01   1.06e+01   1.03e+01 (  9.76e+01,  1.11e+02)
85      0.340   1.07e+00   9.78e-01   5.23e-01   7.99e+00   9.93e+00 (  7.81e+01,  9.64e+01)
90      0.624   1.44e+00   2.18e+00   1.47e+00   1.98e+01   9.47e+00 (  4.09e+02,  8.18e+01)
95      0.528   9.28e-01   1.34e+00   9.66e-01   4.38e+01   9.09e+00 (  7.07e+02,  6.69e+01)
40 n: 1.793e-05 e: 2.691e-04 i: 1.642e-04 :: e: 1.902e-02 i: 3.070e-02 :: n: 3.163e+01 e:21.859 i:26.532 v:4.993e+03
>>> tau_he = 5.000000, nhe(0)=3.966134e+00
 5   -172.922   6.74e-03   7.26e-01   2.55e-03  -6.46e-02   2.49e-07 (  2.49e+00,  5.18e+01)
10   -245.440   1.99e-02   2.29e-02   6.87e-03  -4.12e-01   4.43e-06 (  1.42e+01,  1.07e+02)
15   -134.779   1.31e-01   8.07e-03   2.16e-02  -3.46e+00   5.40e-05 (  9.54e+01,  1.58e+02)
20    -15.412   1.43e-01   8.10e-02   3.67e-02  -4.74e+00   5.01e-04 (  1.16e+02,  2.01e+02)
25     -0.567   3.02e-01   3.23e-01   1.26e-01  -1.49e+00   3.62e-03 (  2.36e+02,  2.31e+02)
30     -0.079   2.03e-01   1.09e-01  -1.25e-02  -5.00e-01   2.06e-02 (  1.51e+02,  2.50e+02)
35     -0.012   2.35e-01   1.42e-01   2.51e-02  -9.20e-02   9.21e-02 (  1.67e+02,  2.56e+02)
40      0.021   2.48e-01   1.73e-01   6.07e-02   2.00e-01   3.28e-01 (  1.68e+02,  2.51e+02)
45      0.058   2.63e-01   2.17e-01   1.14e-01   7.81e-01   9.36e-01 (  1.63e+02,  2.37e+02)
50      0.104   2.91e-01   3.36e-01   1.40e-01   2.09e+00   2.15e+00 (  1.56e+02,  2.17e+02)
55      0.134   3.16e-01   4.27e-01   1.69e-01   3.81e+00   4.05e+00 (  1.38e+02,  1.95e+02)
60      0.197   4.44e-01   5.31e-01   3.05e-01   6.28e+00   6.33e+00 (  1.35e+02,  1.76e+02)
65      0.272   6.84e-01   6.61e-01   3.93e-01   8.56e+00   8.41e+00 (  1.31e+02,  1.59e+02)
70      0.343   9.91e-01   8.10e-01   4.71e-01   1.01e+01   9.79e+00 (  1.24e+02,  1.43e+02)
75      0.392   1.26e+00   9.49e-01   5.11e-01   1.07e+01   1.03e+01 (  1.11e+02,  1.27e+02)
80      0.425   1.49e+00   1.09e+00   5.26e-01   1.10e+01   1.03e+01 (  1.04e+02,  1.11e+02)
85      0.344   1.06e+00   9.88e-01   5.16e-01   8.08e+00   9.93e+00 (  8.13e+01,  9.64e+01)
90      0.621   1.44e+00   2.17e+00   1.47e+00   1.97e+01   9.47e+00 (  4.12e+02,  8.18e+01)
95      0.528   9.28e-01   1.34e+00   9.66e-01   4.38e+01   9.09e+00 (  7.07e+02,  6.69e+01)
41 n: 1.786e-05 e: 3.477e-04 i: 6.282e-04 :: e: 2.556e-02 i: 3.998e-02 :: n: 3.167e+01 e:21.524 i:26.692 v:4.993e+03
>>> tau_he = 5.000000, nhe(0)=3.988763e+00
 5   -171.534   6.90e-03   7.28e-01   2.58e-03  -6.41e-02   2.49e-07 (  2.53e+00,  5.18e+01)
10   -127.386   2.16e-02  -1.92e-03  -9.04e-03  -2.14e-01   4.43e-06 (  1.53e+01,  1.07e+02)
15   -131.131   1.28e-01   5.82e-03   2.24e-02  -3.37e+00   5.40e-05 (  9.23e+01,  1.58e+02)
20    -14.896   1.40e-01   7.59e-02   3.47e-02  -4.59e+00   5.01e-04 (  1.11e+02,  2.01e+02)
25     -0.665   1.76e-01   9.90e-02  -3.09e-02  -1.75e+00   3.62e-03 (  1.34e+02,  2.31e+02)
30     -0.035   1.97e-01   1.01e-01  -1.37e-02  -2.39e-01   2.06e-02 (  1.45e+02,  2.50e+02)
35      0.004   2.38e-01   1.33e-01   1.93e-02   3.23e-02   9.21e-02 (  1.67e+02,  2.56e+02)
40      0.022   2.43e-01   1.62e-01   5.33e-02   2.15e-01   3.28e-01 (  1.63e+02,  2.51e+02)
45      0.056   2.56e-01   2.03e-01   1.05e-01   7.66e-01   9.36e-01 (  1.55e+02,  2.37e+02)
50      0.099   2.79e-01   3.10e-01   1.32e-01   1.99e+00   2.15e+00 (  1.46e+02,  2.17e+02)
55      0.127   2.98e-01   3.99e-01   1.57e-01   3.60e+00   4.05e+00 (  1.27e+02,  1.95e+02)
60      0.185   4.16e-01   4.99e-01   2.85e-01   5.87e+00   6.33e+00 (  1.22e+02,  1.76e+02)
65      0.256   6.47e-01   6.24e-01   3.74e-01   8.01e+00   8.41e+00 (  1.20e+02,  1.59e+02)
70      0.324   9.51e-01   7.70e-01   4.52e-01   9.54e+00   9.79e+00 (  1.14e+02,  1.43e+02)
75      0.373   1.23e+00   9.08e-01   4.98e-01   1.02e+01   1.03e+01 (  1.04e+02,  1.27e+02)
80      0.410   1.47e+00   1.06e+00   5.19e-01   1.06e+01   1.03e+01 (  9.78e+01,  1.11e+02)
85      0.340   1.07e+00   9.79e-01   5.23e-01   7.99e+00   9.93e+00 (  7.83e+01,  9.64e+01)
90      0.624   1.44e+00   2.18e+00   1.47e+00   1.98e+01   9.47e+00 (  4.09e+02,  8.18e+01)
95      0.528   9.28e-01   1.34e+00   9.66e-01   4.38e+01   9.09e+00 (  7.07e+02,  6.69e+01)
42 n: 1.092e-05 e: 2.894e-04 i: 1.432e-04 :: e: 1.965e-02 i: 3.012e-02 :: n: 3.176e+01 e:21.873 i:26.477 v:4.993e+03
>>> tau_he = 5.000000, nhe(0)=3.987102e+00
 5   -172.493   6.71e-03   7.26e-01   2.54e-03  -6.45e-02   2.49e-07 (  2.49e+00,  5.18e+01)
10   -130.446   1.96e-02   5.24e-04  -9.21e-03  -2.19e-01   4.43e-06 (  1.40e+01,  1.07e+02)
15   -134.038   1.31e-01   6.99e-03   2.01e-02  -3.45e+00   5.40e-05 (  9.48e+01,  1.58e+02)
20    -15.309   1.42e-01   7.90e-02   3.75e-02  -4.71e+00   5.01e-04 (  1.14e+02,  2.01e+02)
25     -0.649   1.81e-01   1.01e-01  -5.02e-02  -1.71e+00   3.62e-03 (  1.41e+02,  2.31e+02)
30      0.047   2.93e-01   2.65e-01   1.03e-01   3.35e-01   2.06e-02 (  2.21e+02,  2.50e+02)
35      0.080   3.00e-01   2.65e-01   1.36e-01   6.52e-01   9.21e-02 (  2.16e+02,  2.56e+02)
40      0.024   2.47e-01   1.73e-01   5.76e-02   2.39e-01   3.28e-01 (  1.70e+02,  2.51e+02)
45      0.094   3.00e-01   2.92e-01   1.44e-01   1.30e+00   9.36e-01 (  1.86e+02,  2.37e+02)
50      0.104   2.91e-01   3.36e-01   1.40e-01   2.09e+00   2.15e+00 (  1.56e+02,  2.17e+02)
55      0.133   3.15e-01   4.26e-01   1.69e-01   3.79e+00   4.05e+00 (  1.38e+02,  1.95e+02)
60      0.197   4.43e-01   5.30e-01   3.05e-01   6.26e+00   6.33e+00 (  1.34e+02,  1.76e+02)
65      0.272   6.83e-01   6.60e-01   3.92e-01   8.54e+00   8.41e+00 (  1.31e+02,  1.59e+02)
70      0.343   9.90e-01   8.09e-01   4.71e-01   1.01e+01   9.79e+00 (  1.24e+02,  1.43e+02)
75      0.391   1.26e+00   9.48e-01   5.11e-01   1.07e+01   1.03e+01 (  1.11e+02,  1.27e+02)
80      0.425   1.49e+00   1.09e+00   5.26e-01   1.10e+01   1.03e+01 (  1.04e+02,  1.11e+02)
85      0.344   1.06e+00   9.88e-01   5.16e-01   8.08e+00   9.93e+00 (  8.12e+01,  9.64e+01)
90      0.621   1.44e+00   2.17e+00   1.47e+00   1.97e+01   9.47e+00 (  4.12e+02,  8.18e+01)
95      0.528   9.28e-01   1.34e+00   9.66e-01   4.38e+01   9.09e+00 (  7.07e+02,  6.69e+01)
43 n: 6.246e-05 e: 3.006e-04 i: 3.541e-04 :: e: 2.646e-02 i: 4.317e-02 :: n: 3.156e+01 e:21.537 i:26.723 v:4.993e+03
>>> tau_he = 5.000000, nhe(0)=3.967750e+00
 5   -171.147   6.89e-03   7.27e-01   2.58e-03  -6.40e-02   2.49e-07 (  2.51e+00,  5.18e+01)
10   -126.959   2.01e-02  -1.93e-03  -9.12e-03  -2.13e-01   4.43e-06 (  1.41e+01,  1.07e+02)
15   -136.696   1.27e-01   7.96e-03   2.23e-02  -3.51e+00   5.40e-05 (  9.07e+01,  1.58e+02)
20    -14.866   1.41e-01   7.72e-02   3.56e-02  -4.58e+00   5.01e-04 (  1.11e+02,  2.01e+02)
25     -0.649   1.81e-01   1.00e-01  -4.76e-02  -1.67e+00   3.62e-03 (  1.38e+02,  2.31e+02)
30     -0.124   2.03e-01   1.06e-01  -1.54e-03  -7.17e-01   2.06e-02 (  1.49e+02,  2.50e+02)
35     -0.008   2.40e-01   1.32e-01   2.50e-02  -5.96e-02   9.21e-02 (  1.68e+02,  2.56e+02)
40      0.023   2.44e-01   1.62e-01   5.25e-02   2.21e-01   3.28e-01 (  1.64e+02,  2.51e+02)
45      0.054   2.58e-01   2.03e-01   1.08e-01   7.22e-01   9.36e-01 (  1.56e+02,  2.37e+02)
50      0.099   2.81e-01   3.11e-01   1.32e-01   1.98e+00   2.15e+00 (  1.47e+02,  2.17e+02)
55      0.127   2.99e-01   4.01e-01   1.57e-01   3.61e+00   4.05e+00 (  1.27e+02,  1.95e+02)
60      0.185   4.16e-01   5.00e-01   2.85e-01   5.87e+00   6.33e+00 (  1.22e+02,  1.76e+02)
65      0.256   6.46e-01   6.25e-01   3.74e-01   8.01e+00   8.41e+00 (  1.20e+02,  1.59e+02)
70      0.324   9.50e-01   7.70e-01   4.52e-01   9.54e+00   9.79e+00 (  1.14e+02,  1.43e+02)
75      0.373   1.23e+00   9.08e-01   4.98e-01   1.02e+01   1.03e+01 (  1.04e+02,  1.27e+02)
80      0.410   1.47e+00   1.06e+00   5.19e-01   1.06e+01   1.03e+01 (  9.80e+01,  1.11e+02)
85      0.340   1.07e+00   9.79e-01   5.24e-01   7.99e+00   9.93e+00 (  7.84e+01,  9.64e+01)
90      0.624   1.44e+00   2.18e+00   1.47e+00   1.98e+01   9.47e+00 (  4.10e+02,  8.18e+01)
95      0.528   9.28e-01   1.34e+00   9.66e-01   4.38e+01   9.09e+00 (  7.07e+02,  6.69e+01)
44 n: 1.419e-05 e: 2.286e-04 i: 1.362e-04 :: e: 1.821e-02 i: 2.940e-02 :: n: 3.167e+01 e:21.843 i:26.546 v:4.993e+03
>>> tau_he = 5.000000, nhe(0)=3.975128e+00
 5   -172.496   6.75e-03   7.29e-01   2.55e-03  -6.45e-02   2.49e-07 (  2.50e+00,  5.18e+01)
10   -130.980   1.98e-02   5.16e-04  -9.17e-03  -2.20e-01   4.43e-06 (  1.42e+01,  1.07e+02)
15   -133.301   1.31e-01   7.74e-03   2.02e-02  -3.43e+00   5.40e-05 (  9.46e+01,  1.58e+02)
20    -15.296   1.43e-01   8.02e-02   3.71e-02  -4.71e+00   5.01e-04 (  1.15e+02,  2.01e+02)
25     -0.648   3.01e-01   3.21e-01   1.24e-01  -1.68e+00   3.62e-03 (  2.35e+02,  2.31e+02)
30     -0.003   3.00e-01   2.73e-01   1.17e-01  -1.58e-02   2.06e-02 (  2.24e+02,  2.50e+02)
35      0.004   2.41e-01   1.40e-01   2.48e-02   3.37e-02   9.21e-02 (  1.72e+02,  2.56e+02)
40      0.026   2.46e-01   1.73e-01   5.66e-02   2.60e-01   3.28e-01 (  1.68e+02,  2.51e+02)
45      0.057   2.64e-01   2.17e-01   1.15e-01   7.66e-01   9.36e-01 (  1.63e+02,  2.37e+02)
50      0.104   2.91e-01   3.35e-01   1.40e-01   2.08e+00   2.15e+00 (  1.56e+02,  2.17e+02)
55      0.133   3.15e-01   4.26e-01   1.69e-01   3.79e+00   4.05e+00 (  1.38e+02,  1.95e+02)
60      0.197   4.43e-01   5.30e-01   3.04e-01   6.26e+00   6.33e+00 (  1.34e+02,  1.76e+02)
65      0.272   6.82e-01   6.59e-01   3.92e-01   8.53e+00   8.41e+00 (  1.31e+02,  1.59e+02)
70      0.342   9.88e-01   8.08e-01   4.71e-01   1.01e+01   9.79e+00 (  1.24e+02,  1.43e+02)
75      0.391   1.26e+00   9.47e-01   5.11e-01   1.07e+01   1.03e+01 (  1.11e+02,  1.27e+02)
80      0.424   1.49e+00   1.09e+00   5.26e-01   1.10e+01   1.03e+01 (  1.04e+02,  1.11e+02)
85      0.344   1.05e+00   9.88e-01   5.17e-01   8.08e+00   9.93e+00 (  8.13e+01,  9.64e+01)
90      0.621   1.44e+00   2.17e+00   1.47e+00   1.97e+01   9.47e+00 (  4.12e+02,  8.18e+01)
95      0.528   9.28e-01   1.34e+00   9.66e-01   4.38e+01   9.09e+00 (  7.07e+02,  6.69e+01)
45 n: 1.584e-05 e: 3.195e-04 i: 6.731e-04 :: e: 2.682e-02 i: 4.253e-02 :: n: 3.168e+01 e:21.523 i:26.655 v:4.993e+03
>>> tau_he = 5.000000, nhe(0)=3.986677e+00
 5   -171.530   6.88e-03   7.20e-01   2.57e-03  -6.42e-02   2.49e-07 (  2.53e+00,  5.18e+01)
10   -241.907   2.15e-02   1.99e-02   7.37e-03  -4.07e-01   4.43e-06 (  1.52e+01,  1.07e+02)
15   -130.737   1.29e-01   7.45e-03   2.07e-02  -3.36e+00   5.40e-05 (  9.23e+01,  1.58e+02)
20    -14.825   1.40e-01   7.63e-02   3.51e-02  -4.57e+00   5.01e-04 (  1.11e+02,  2.01e+02)
25     -0.663   1.74e-01   9.91e-02  -1.87e-02  -1.73e+00   3.62e-03 (  1.31e+02,  2.31e+02)
30     -0.060   1.95e-01   1.01e-01   4.00e-03  -3.90e-01   2.06e-02 (  1.42e+02,  2.50e+02)
35      0.006   2.37e-01   1.32e-01   1.76e-02   5.24e-02   9.21e-02 (  1.67e+02,  2.56e+02)
40      0.025   2.48e-01   1.63e-01   5.09e-02   2.52e-01   3.28e-01 (  1.68e+02,  2.51e+02)
45      0.056   2.57e-01   2.04e-01   1.06e-01   7.58e-01   9.36e-01 (  1.56e+02,  2.37e+02)
50      0.099   2.80e-01   3.12e-01   1.32e-01   1.99e+00   2.15e+00 (  1.47e+02,  2.17e+02)
55      0.127   2.99e-01   4.01e-01   1.57e-01   3.61e+00   4.05e+00 (  1.28e+02,  1.95e+02)
60      0.186   4.17e-01   5.01e-01   2.86e-01   5.88e+00   6.33e+00 (  1.23e+02,  1.76e+02)
65      0.256   6.48e-01   6.26e-01   3.75e-01   8.03e+00   8.41e+00 (  1.20e+02,  1.59e+02)
70      0.325   9.51e-01   7.71e-01   4.53e-01   9.56e+00   9.79e+00 (  1.15e+02,  1.43e+02)
75      0.374   1.23e+00   9.10e-01   4.99e-01   1.02e+01   1.03e+01 (  1.04e+02,  1.27e+02)
80      0.410   1.47e+00   1.06e+00   5.20e-01   1.06e+01   1.03e+01 (  9.82e+01,  1.11e+02)
85      0.341   1.07e+00   9.80e-01   5.24e-01   7.99e+00   9.93e+00 (  7.85e+01,  9.64e+01)
90      0.624   1.44e+00   2.18e+00   1.47e+00   1.98e+01   9.47e+00 (  4.10e+02,  8.18e+01)
95      0.528   9.28e-01   1.34e+00   9.66e-01   4.38e+01   9.09e+00 (  7.07e+02,  6.69e+01)
46 n: 1.062e-05 e: 2.271e-04 i: 1.441e-04 :: e: 1.978e-02 i: 3.077e-02 :: n: 3.174e+01 e:21.815 i:26.435 v:4.993e+03
>>> tau_he = 5.000000, nhe(0)=3.979378e+00
 5   -171.650   6.69e-03   7.22e-01   2.53e-03  -6.42e-02   2.49e-07 (  2.48e+00,  5.18e+01)
10   -130.490   1.96e-02   4.29e-04  -9.18e-03  -2.19e-01   4.43e-06 (  1.40e+01,  1.07e+02)
15   -132.605   1.30e-01   7.78e-03   1.95e-02  -3.41e+00   5.40e-05 (  9.39e+01,  1.58e+02)
20    -15.128   1.41e-01   7.89e-02   3.79e-02  -4.66e+00   5.01e-04 (  1.13e+02,  2.01e+02)
25     -0.643   1.78e-01   1.01e-01  -3.70e-02  -1.69e+00   3.62e-03 (  1.37e+02,  2.31e+02)
30     -0.040   1.99e-01   1.05e-01  -1.00e-02  -2.67e-01   2.06e-02 (  1.47e+02,  2.50e+02)
35      0.080   3.00e-01   2.64e-01   1.34e-01   6.53e-01   9.21e-02 (  2.15e+02,  2.56e+02)
40      0.027   2.53e-01   1.74e-01   5.57e-02   2.69e-01   3.28e-01 (  1.74e+02,  2.51e+02)
45      0.058   2.64e-01   2.17e-01   1.12e-01   7.92e-01   9.36e-01 (  1.64e+02,  2.37e+02)
50      0.104   2.92e-01   3.35e-01   1.40e-01   2.09e+00   2.15e+00 (  1.56e+02,  2.17e+02)
55      0.133   3.15e-01   4.25e-01   1.69e-01   3.79e+00   4.05e+00 (  1.38e+02,  1.95e+02)
60      0.197   4.42e-01   5.29e-01   3.04e-01   6.25e+00   6.33e+00 (  1.34e+02,  1.76e+02)
65      0.271   6.81e-01   6.59e-01   3.92e-01   8.52e+00   8.41e+00 (  1.31e+02,  1.59e+02)
70      0.342   9.87e-01   8.08e-01   4.71e-01   1.01e+01   9.79e+00 (  1.24e+02,  1.43e+02)
75      0.390   1.26e+00   9.47e-01   5.11e-01   1.07e+01   1.03e+01 (  1.11e+02,  1.27e+02)
80      0.424   1.48e+00   1.09e+00   5.26e-01   1.10e+01   1.03e+01 (  1.03e+02,  1.11e+02)
85      0.344   1.05e+00   9.88e-01   5.18e-01   8.07e+00   9.93e+00 (  8.13e+01,  9.64e+01)
90      0.621   1.44e+00   2.17e+00   1.47e+00   1.97e+01   9.47e+00 (  4.12e+02,  8.18e+01)
95      0.528   9.28e-01   1.34e+00   9.66e-01   4.38e+01   9.09e+00 (  7.07e+02,  6.69e+01)
47 n: 1.838e-05 e: 2.443e-04 i: 2.841e-04 :: e: 1.982e-02 i: 3.185e-02 :: n: 3.161e+01 e:21.529 i:26.709 v:4.993e+03
>>> tau_he = 5.000000, nhe(0)=3.978277e+00
 5   -171.105   6.88e-03   7.31e-01   2.58e-03  -6.38e-02   2.49e-07 (  2.51e+00,  5.18e+01)
10   -125.199   1.97e-02  -1.88e-03  -9.14e-03  -2.10e-01   4.43e-06 (  1.39e+01,  1.07e+02)
15   -135.758   1.27e-01   7.40e-03   2.06e-02  -3.48e+00   5.40e-05 (  9.04e+01,  1.58e+02)
20    -14.819   1.40e-01   7.64e-02   3.60e-02  -4.55e+00   5.01e-04 (  1.11e+02,  2.01e+02)
25     -0.634   1.79e-01   9.96e-02  -4.11e-02  -1.66e+00   3.62e-03 (  1.36e+02,  2.31e+02)
30     -0.085   2.03e-01   1.05e-01  -9.19e-03  -5.27e-01   2.06e-02 (  1.49e+02,  2.50e+02)
35     -0.012   2.41e-01   1.32e-01   2.65e-02  -8.47e-02   9.21e-02 (  1.69e+02,  2.56e+02)
40      0.025   2.48e-01   1.63e-01   5.09e-02   2.47e-01   3.28e-01 (  1.68e+02,  2.51e+02)
45      0.057   2.57e-01   2.05e-01   1.04e-01   7.80e-01   9.36e-01 (  1.56e+02,  2.37e+02)
50      0.100   2.81e-01   3.13e-01   1.32e-01   2.00e+00   2.15e+00 (  1.47e+02,  2.17e+02)
55      0.127   3.00e-01   4.01e-01   1.58e-01   3.61e+00   4.05e+00 (  1.28e+02,  1.95e+02)
60      0.186   4.17e-01   5.02e-01   2.86e-01   5.89e+00   6.33e+00 (  1.23e+02,  1.76e+02)
65      0.257   6.48e-01   6.27e-01   3.75e-01   8.04e+00   8.41e+00 (  1.21e+02,  1.59e+02)
70      0.325   9.52e-01   7.72e-01   4.54e-01   9.57e+00   9.79e+00 (  1.15e+02,  1.43e+02)
75      0.374   1.23e+00   9.11e-01   4.99e-01   1.02e+01   1.03e+01 (  1.05e+02,  1.27e+02)
80      0.410   1.47e+00   1.06e+00   5.20e-01   1.06e+01   1.03e+01 (  9.84e+01,  1.11e+02)
85      0.341   1.07e+00   9.80e-01   5.24e-01   8.00e+00   9.93e+00 (  7.87e+01,  9.64e+01)
90      0.624   1.44e+00   2.18e+00   1.47e+00   1.98e+01   9.47e+00 (  4.10e+02,  8.18e+01)
95      0.528   9.28e-01   1.34e+00   9.66e-01   4.38e+01   9.09e+00 (  7.07e+02,  6.69e+01)
48 n: 9.380e-06 e: 2.243e-04 i: 1.227e-04 :: e: 1.647e-02 i: 2.694e-02 :: n: 3.171e+01 e:21.854 i:26.565 v:4.993e+03
>>> tau_he = 5.000000, nhe(0)=3.985487e+00
 5   -173.154   6.77e-03   7.33e-01   2.55e-03  -6.46e-02   2.49e-07 (  2.50e+00,  5.18e+01)
10   -129.745   1.95e-02  -1.91e-03  -9.30e-03  -2.18e-01   4.43e-06 (  1.39e+01,  1.07e+02)
15   -132.673   1.31e-01   7.01e-03   1.91e-02  -3.41e+00   5.40e-05 (  9.42e+01,  1.58e+02)
20    -15.320   1.43e-01   7.94e-02   3.74e-02  -4.71e+00   5.01e-04 (  1.15e+02,  2.01e+02)
25     -0.656   1.84e-01   1.03e-01  -6.37e-02  -1.73e+00   3.62e-03 (  1.44e+02,  2.31e+02)
30      0.011   2.99e-01   2.71e-01   1.09e-01   7.53e-02   2.06e-02 (  2.25e+02,  2.50e+02)
35     -0.000   2.43e-01   1.40e-01   2.58e-02  -3.23e-03   9.21e-02 (  1.74e+02,  2.56e+02)
40      0.027   2.52e-01   1.73e-01   5.52e-02   2.72e-01   3.28e-01 (  1.73e+02,  2.51e+02)
45      0.094   2.98e-01   2.93e-01   1.42e-01   1.30e+00   9.36e-01 (  1.85e+02,  2.37e+02)
50      0.104   2.91e-01   3.34e-01   1.40e-01   2.09e+00   2.15e+00 (  1.56e+02,  2.17e+02)
55      0.133   3.15e-01   4.25e-01   1.68e-01   3.78e+00   4.05e+00 (  1.38e+02,  1.95e+02)
60      0.196   4.42e-01   5.28e-01   3.03e-01   6.24e+00   6.33e+00 (  1.34e+02,  1.76e+02)
65      0.271   6.81e-01   6.58e-01   3.92e-01   8.51e+00   8.41e+00 (  1.31e+02,  1.59e+02)
70      0.342   9.87e-01   8.07e-01   4.70e-01   1.01e+01   9.79e+00 (  1.24e+02,  1.43e+02)
75      0.390   1.26e+00   9.46e-01   5.11e-01   1.07e+01   1.03e+01 (  1.11e+02,  1.27e+02)
80      0.424   1.48e+00   1.09e+00   5.26e-01   1.10e+01   1.03e+01 (  1.03e+02,  1.11e+02)
85      0.344   1.05e+00   9.88e-01   5.18e-01   8.07e+00   9.93e+00 (  8.13e+01,  9.64e+01)
90      0.621   1.44e+00   2.17e+00   1.47e+00   1.97e+01   9.47e+00 (  4.12e+02,  8.18e+01)
95      0.528   9.28e-01   1.34e+00   9.66e-01   4.38e+01   9.09e+00 (  7.07e+02,  6.69e+01)
49 n: 6.747e-05 e: 2.152e-04 i: 2.602e-04 :: e: 2.109e-02 i: 3.508e-02 :: n: 3.165e+01 e:21.587 i:26.798 v:4.993e+03
 plasma volume = 149.799370
 stored energy(e,i,b,a) = 6.706860e+01 6.665627e+01 0.000000e+00 0.000000e+00
 betan = 1.508978
*power
 Pnb(e,i) = 0.000000e+00 0.000000e+00
 Prf(e,i) = 7.574959e+00 3.242307e+01
 Prad     = -9.762230e+01 
 Pei      = 2.815928e+01 
 Pfuse    = 7.704064e+01 
 Pfusi    = 2.361041e+01 
 Poh      = 0.000000e+00 
*confinement time
 taut, tauITER98y2, H98y2 : 3.107946e+00 2.546737e+00 1.220364e+00
 taue, taui : 4.426217e+00 -1.465335e+01
 taut, tau89, H89 : 3.107946e+00 1.074755e+00 2.891770e+00
*temperature
 nea, nebar : 2.209918e+01 2.583268e+01 
 tea, tia : 7.279662e+00 7.945202e+00 (9.162337e-01)
 te0, ti0 : 1.927698e+01 2.488156e+01 (7.747495e-01)
 Sn : 1.999493e+03 
*current balance
 Ip,Ibs,Inb,Irf: 1.000000e+01 2.307463e+00 0.000000e+00 1.308458e-01
 fni,fbs: 0.244 0.231

 plasma volume = 149.799370
 stored energy(e,i,b,a) = 6.706860e+01 6.665627e+01 0.000000e+00 0.000000e+00
 betan = 1.508978
*power
 Pnb(e,i) = 0.000000e+00 0.000000e+00
 Prf(e,i) = 7.574959e+00 3.242307e+01
 Prad     = -9.762230e+01 
 Pei      = 2.815928e+01 
 Pfuse    = 7.704064e+01 
 Pfusi    = 2.361041e+01 
 Poh      = 0.000000e+00 
*confinement time
 taut, tauITER98y2, H98y2 : 3.107946e+00 2.546737e+00 1.220364e+00
 taue, taui : 4.426217e+00 -1.465335e+01
 taut, tau89, H89 : 3.107946e+00 1.074755e+00 2.891770e+00
*temperature
 nea, nebar : 2.209918e+01 2.583268e+01 
 tea, tia : 7.279662e+00 7.945202e+00 (9.162337e-01)
 te0, ti0 : 1.927698e+01 2.488156e+01 (7.747495e-01)
 Sn : 1.999493e+03 
*current balance
 Ip,Ibs,Inb,Irf: 1.000000e+01 2.307463e+00 0.000000e+00 1.308458e-01
 fni,fbs: 0.244 0.231
 ELAPASED TIME = 46 sec

finalize
