NCAPTC: : NetCDF: Variable not found
Warning: ieee_overflow is signaling
Warning: ieee_underflow is signaling
Warning: ieee_inexact is signaling
FORTRAN STOP
 solver
 /global/common/software/atom/perlmutter/data/greentable/
 /global/common/software/atom/perlmutter/data/greentable/

          EFITD Version  07/09/2014


 type mode (2=file, 3=snap, 4=time, 5=input, 6=com file, 7=snap_ext):

 number of time slices?

 type input file names:
 #
 table_dir = </global/common/software/atom/perlmutter/data/greentable/>

  ----- time =     0 ms ----- ( 0)
 it=  1 chi2=0.00E+00 zm= 7.53E-03 err=5.202E+00 dz= 7.535E-03 chigam= 0.00E+00
 it=  2 chi2=0.00E+00 zm= 1.06E-02 err=7.968E-01 dz= 3.108E-03 chigam= 0.00E+00
 it=  3 chi2=0.00E+00 zm= 1.30E-02 err=4.474E-01 dz= 2.340E-03 chigam= 0.00E+00
 it=  4 chi2=0.00E+00 zm= 1.48E-02 err=2.696E-01 dz= 1.779E-03 chigam= 0.00E+00
 it=  5 chi2=0.00E+00 zm= 1.61E-02 err=1.626E-01 dz= 1.365E-03 chigam= 0.00E+00
 it=  6 chi2=0.00E+00 zm= 1.72E-02 err=9.872E-02 dz= 1.047E-03 chigam= 0.00E+00
 it=  7 chi2=0.00E+00 zm= 1.80E-02 err=5.993E-02 dz= 7.938E-04 chigam= 0.00E+00
 it=  8 chi2=0.00E+00 zm= 1.86E-02 err=3.878E-02 dz= 6.028E-04 chigam= 0.00E+00
 it=  9 chi2=0.00E+00 zm= 1.90E-02 err=2.452E-02 dz= 4.559E-04 chigam= 0.00E+00
 it= 10 chi2=0.00E+00 zm= 1.94E-02 err=1.606E-02 dz= 3.422E-04 chigam= 0.00E+00
 it= 11 chi2=0.00E+00 zm= 1.96E-02 err=1.020E-02 dz= 2.525E-04 chigam= 0.00E+00
 it= 12 chi2=0.00E+00 zm= 1.98E-02 err=6.847E-03 dz= 1.871E-04 chigam= 0.00E+00
 it= 13 chi2=0.00E+00 zm= 1.99E-02 err=5.191E-03 dz= 1.393E-04 chigam= 0.00E+00
 it= 14 chi2=0.00E+00 zm= 2.01E-02 err=3.400E-03 dz= 1.027E-04 chigam= 0.00E+00
 it= 15 chi2=0.00E+00 zm= 2.01E-02 err=2.263E-03 dz= 7.557E-05 chigam= 0.00E+00
 it= 16 chi2=0.00E+00 zm= 2.02E-02 err=1.527E-03 dz= 5.550E-05 chigam= 0.00E+00
 it= 17 chi2=0.00E+00 zm= 2.02E-02 err=3.693E-03 dz= 4.509E-05 chigam= 0.00E+00
 it= 18 chi2=0.00E+00 zm= 2.03E-02 err=2.024E-03 dz= 3.360E-05 chigam= 0.00E+00
 it= 19 chi2=0.00E+00 zm= 2.03E-02 err=1.136E-03 dz= 2.491E-05 chigam= 0.00E+00
 it= 20 chi2=0.00E+00 zm= 2.03E-02 err=6.565E-04 dz= 1.840E-05 chigam= 0.00E+00
 it= 21 chi2=0.00E+00 zm= 2.03E-02 err=3.921E-04 dz= 1.356E-05 chigam= 0.00E+00
 it= 22 chi2=0.00E+00 zm= 2.03E-02 err=2.424E-04 dz= 9.965E-06 chigam= 0.00E+00
 it= 23 chi2=0.00E+00 zm= 2.03E-02 err=1.550E-04 dz= 7.316E-06 chigam= 0.00E+00
 it= 24 chi2=0.00E+00 zm= 2.03E-02 err=1.022E-04 dz= 5.365E-06 chigam= 0.00E+00
 it= 25 chi2=0.00E+00 zm= 2.03E-02 err=6.927E-05 dz= 3.933E-06 chigam= 0.00E+00

      ******************** EFITD129 x 129  output ********************

       data used:   
  0 flux loops
  0 magnetic probes(i)
  0 full rogowski
  0 diamagnetic loop


 shot #   =          1 time(ms) =          0 chi**2   =  0.000E+00
 betat(%) =      0.821 betap    =      0.410 li       =      0.862
 vol(cm3) =  0.770E+07 rout(cm) =    172.102 zout(cm) =      0.837
 elong    =      1.339 utriang  =     -0.343 ltriang  =     -0.311
 a(cm)    =     41.333 lin(cm)  = ********** lout(cm) =     10.742
 ltop(cm) = ********** q*       =      2.269 rc(cm)   =    175.815
 zc(cm)   =      1.805 bt0(t)   =      2.000 qout     =      2.180
