NCAPTC: : NetCDF: Variable not found
Warning: ieee_overflow is signaling
Warning: ieee_underflow is signaling
Warning: ieee_inexact is signaling
FORTRAN STOP
 solver
 /global/common/software/atom/perlmutter/data/greentable/
 /global/common/software/atom/perlmutter/data/greentable/

          EFITD Version  07/09/2014


 type mode (2=file, 3=snap, 4=time, 5=input, 6=com file, 7=snap_ext):

 number of time slices?

 type input file names:
 #
 table_dir = </global/common/software/atom/perlmutter/data/greentable/>

  ----- time =     0 ms ----- ( 0)
 it=  1 chi2=0.00E+00 zm= 7.53E-03 err=5.202E+00 dz= 7.535E-03 chigam= 0.00E+00
 it=  2 chi2=0.00E+00 zm= 1.09E-02 err=8.636E-01 dz= 3.366E-03 chigam= 0.00E+00
 it=  3 chi2=0.00E+00 zm= 1.34E-02 err=5.002E-01 dz= 2.540E-03 chigam= 0.00E+00
 it=  4 chi2=0.00E+00 zm= 1.54E-02 err=2.952E-01 dz= 1.919E-03 chigam= 0.00E+00
 it=  5 chi2=0.00E+00 zm= 1.68E-02 err=1.778E-01 dz= 1.459E-03 chigam= 0.00E+00
 it=  6 chi2=0.00E+00 zm= 1.79E-02 err=1.096E-01 dz= 1.117E-03 chigam= 0.00E+00
 it=  7 chi2=0.00E+00 zm= 1.88E-02 err=7.311E-02 dz= 8.525E-04 chigam= 0.00E+00
 it=  8 chi2=0.00E+00 zm= 1.94E-02 err=3.922E-02 dz= 6.354E-04 chigam= 0.00E+00
 it=  9 chi2=0.00E+00 zm= 1.99E-02 err=2.265E-02 dz= 4.719E-04 chigam= 0.00E+00
 it= 10 chi2=0.00E+00 zm= 2.03E-02 err=1.703E-02 dz= 3.582E-04 chigam= 0.00E+00
 it= 11 chi2=0.00E+00 zm= 2.05E-02 err=1.179E-02 dz= 2.696E-04 chigam= 0.00E+00
 it= 12 chi2=0.00E+00 zm= 2.07E-02 err=7.540E-03 dz= 1.988E-04 chigam= 0.00E+00
 it= 13 chi2=0.00E+00 zm= 2.09E-02 err=5.012E-03 dz= 1.469E-04 chigam= 0.00E+00
 it= 14 chi2=0.00E+00 zm= 2.10E-02 err=3.371E-03 dz= 1.083E-04 chigam= 0.00E+00
 it= 15 chi2=0.00E+00 zm= 2.11E-02 err=2.291E-03 dz= 7.965E-05 chigam= 0.00E+00
 it= 16 chi2=0.00E+00 zm= 2.11E-02 err=1.570E-03 dz= 5.850E-05 chigam= 0.00E+00
 it= 17 chi2=0.00E+00 zm= 2.12E-02 err=1.084E-03 dz= 4.292E-05 chigam= 0.00E+00
 it= 18 chi2=0.00E+00 zm= 2.12E-02 err=7.524E-04 dz= 3.146E-05 chigam= 0.00E+00
 it= 19 chi2=0.00E+00 zm= 2.12E-02 err=5.250E-04 dz= 2.305E-05 chigam= 0.00E+00
 it= 20 chi2=0.00E+00 zm= 2.12E-02 err=3.680E-04 dz= 1.688E-05 chigam= 0.00E+00
 it= 21 chi2=0.00E+00 zm= 2.12E-02 err=2.590E-04 dz= 1.235E-05 chigam= 0.00E+00
 it= 22 chi2=0.00E+00 zm= 2.13E-02 err=1.828E-04 dz= 9.041E-06 chigam= 0.00E+00
 it= 23 chi2=0.00E+00 zm= 2.13E-02 err=1.294E-04 dz= 6.615E-06 chigam= 0.00E+00
 it= 24 chi2=0.00E+00 zm= 2.13E-02 err=9.194E-05 dz= 4.840E-06 chigam= 0.00E+00

      ******************** EFITD129 x 129  output ********************

       data used:   
  0 flux loops
  0 magnetic probes(i)
  0 full rogowski
  0 diamagnetic loop


 shot #   =          1 time(ms) =          0 chi**2   =  0.000E+00
 betat(%) =      1.159 betap    =      0.585 li       =      0.860
 vol(cm3) =  0.777E+07 rout(cm) =    172.193 zout(cm) =      0.813
 elong    =      1.346 utriang  =     -0.372 ltriang  =     -0.308
 a(cm)    =     41.424 lin(cm)  = ********** lout(cm) =     10.558
 ltop(cm) = ********** q*       =      2.319 rc(cm)   =    176.771
 zc(cm)   =      1.854 bt0(t)   =      2.000 qout     =      2.212
