NCAPTC: : NetCDF: Variable not found
Warning: ieee_overflow is signaling
Warning: ieee_underflow is signaling
Warning: ieee_inexact is signaling
FORTRAN STOP
 solver
 /global/common/software/atom/perlmutter/data/greentable/
 /global/common/software/atom/perlmutter/data/greentable/

          EFITD Version  07/09/2014


 type mode (2=file, 3=snap, 4=time, 5=input, 6=com file, 7=snap_ext):

 number of time slices?

 type input file names:
 #
 table_dir = </global/common/software/atom/perlmutter/data/greentable/>

  ----- time =     0 ms ----- ( 0)
 it=  1 chi2=0.00E+00 zm= 7.53E-03 err=5.202E+00 dz= 7.535E-03 chigam= 0.00E+00
 it=  2 chi2=0.00E+00 zm= 9.85E-03 err=8.679E-01 dz= 2.320E-03 chigam= 0.00E+00
 it=  3 chi2=0.00E+00 zm= 1.16E-02 err=4.619E-01 dz= 1.776E-03 chigam= 0.00E+00
 it=  4 chi2=0.00E+00 zm= 1.30E-02 err=2.546E-01 dz= 1.414E-03 chigam= 0.00E+00
 it=  5 chi2=0.00E+00 zm= 1.42E-02 err=1.406E-01 dz= 1.135E-03 chigam= 0.00E+00
 it=  6 chi2=0.00E+00 zm= 1.51E-02 err=7.854E-02 dz= 9.107E-04 chigam= 0.00E+00
 it=  7 chi2=0.00E+00 zm= 1.58E-02 err=4.771E-02 dz= 7.165E-04 chigam= 0.00E+00
 it=  8 chi2=0.00E+00 zm= 1.64E-02 err=2.895E-02 dz= 5.565E-04 chigam= 0.00E+00
 it=  9 chi2=0.00E+00 zm= 1.68E-02 err=1.368E-02 dz= 4.163E-04 chigam= 0.00E+00
 it= 10 chi2=0.00E+00 zm= 1.71E-02 err=6.697E-03 dz= 3.002E-04 chigam= 0.00E+00
 it= 11 chi2=0.00E+00 zm= 1.73E-02 err=4.369E-03 dz= 2.199E-04 chigam= 0.00E+00
 it= 12 chi2=0.00E+00 zm= 1.75E-02 err=2.842E-03 dz= 1.602E-04 chigam= 0.00E+00
 it= 13 chi2=0.00E+00 zm= 1.76E-02 err=1.844E-03 dz= 1.161E-04 chigam= 0.00E+00
 it= 14 chi2=0.00E+00 zm= 1.77E-02 err=1.193E-03 dz= 8.389E-05 chigam= 0.00E+00
 it= 15 chi2=0.00E+00 zm= 1.77E-02 err=7.702E-04 dz= 6.043E-05 chigam= 0.00E+00
 it= 16 chi2=0.00E+00 zm= 1.78E-02 err=4.962E-04 dz= 4.344E-05 chigam= 0.00E+00
 it= 17 chi2=0.00E+00 zm= 1.78E-02 err=2.551E-03 dz= 2.897E-05 chigam= 0.00E+00
 it= 18 chi2=0.00E+00 zm= 1.78E-02 err=1.369E-03 dz= 2.016E-05 chigam= 0.00E+00
 it= 19 chi2=0.00E+00 zm= 1.78E-02 err=7.421E-04 dz= 1.405E-05 chigam= 0.00E+00
 it= 20 chi2=0.00E+00 zm= 1.78E-02 err=4.068E-04 dz= 9.796E-06 chigam= 0.00E+00
 it= 21 chi2=0.00E+00 zm= 1.78E-02 err=2.260E-04 dz= 6.846E-06 chigam= 0.00E+00
 it= 22 chi2=0.00E+00 zm= 1.78E-02 err=1.313E-04 dz= 4.792E-06 chigam= 0.00E+00
 it= 23 chi2=0.00E+00 zm= 1.79E-02 err=8.215E-05 dz= 3.362E-06 chigam= 0.00E+00

      ******************** EFITD129 x 129  output ********************

       data used:   
  0 flux loops
  0 magnetic probes(i)
  0 full rogowski
  0 diamagnetic loop


 shot #   =          1 time(ms) =          0 chi**2   =  0.000E+00
 betat(%) =      0.904 betap    =      0.456 li       =      0.770
 vol(cm3) =  0.773E+07 rout(cm) =    172.062 zout(cm) =      0.711
 elong    =      1.349 utriang  =     -0.376 ltriang  =     -0.312
 a(cm)    =     41.293 lin(cm)  = ********** lout(cm) =     10.820
 ltop(cm) = ********** q*       =      2.296 rc(cm)   =    176.108
 zc(cm)   =      1.575 bt0(t)   =      2.000 qout     =      2.177
