NCAPTC: : NetCDF: Variable not found
Warning: ieee_overflow is signaling
Warning: ieee_underflow is signaling
Warning: ieee_inexact is signaling
FORTRAN STOP
 solver
 /global/common/software/atom/perlmutter/data/greentable/
 /global/common/software/atom/perlmutter/data/greentable/

          EFITD Version  07/09/2014


 type mode (2=file, 3=snap, 4=time, 5=input, 6=com file, 7=snap_ext):

 number of time slices?

 type input file names:
 #
 table_dir = </global/common/software/atom/perlmutter/data/greentable/>

  ----- time =     1 ms ----- ( 0)
 it=  1 chi2=0.00E+00 zm= 7.53E-03 err=5.202E+00 dz= 7.535E-03 chigam= 0.00E+00
 it=  2 chi2=0.00E+00 zm= 1.06E-02 err=8.168E-01 dz= 3.072E-03 chigam= 0.00E+00
 it=  3 chi2=0.00E+00 zm= 1.29E-02 err=4.472E-01 dz= 2.297E-03 chigam= 0.00E+00
 it=  4 chi2=0.00E+00 zm= 1.46E-02 err=2.638E-01 dz= 1.729E-03 chigam= 0.00E+00
 it=  5 chi2=0.00E+00 zm= 1.60E-02 err=1.595E-01 dz= 1.317E-03 chigam= 0.00E+00
 it=  6 chi2=0.00E+00 zm= 1.69E-02 err=9.303E-02 dz= 9.946E-04 chigam= 0.00E+00
 it=  7 chi2=0.00E+00 zm= 1.77E-02 err=5.849E-02 dz= 7.492E-04 chigam= 0.00E+00
 it=  8 chi2=0.00E+00 zm= 1.83E-02 err=3.600E-02 dz= 5.634E-04 chigam= 0.00E+00
 it=  9 chi2=0.00E+00 zm= 1.87E-02 err=2.280E-02 dz= 4.239E-04 chigam= 0.00E+00
 it= 10 chi2=0.00E+00 zm= 1.90E-02 err=1.746E-02 dz= 3.195E-04 chigam= 0.00E+00
 it= 11 chi2=0.00E+00 zm= 1.92E-02 err=1.112E-02 dz= 2.372E-04 chigam= 0.00E+00
 it= 12 chi2=0.00E+00 zm= 1.94E-02 err=7.187E-03 dz= 1.753E-04 chigam= 0.00E+00
 it= 13 chi2=0.00E+00 zm= 1.95E-02 err=4.711E-03 dz= 1.292E-04 chigam= 0.00E+00
 it= 14 chi2=0.00E+00 zm= 1.96E-02 err=3.127E-03 dz= 9.492E-05 chigam= 0.00E+00
 it= 15 chi2=0.00E+00 zm= 1.97E-02 err=1.414E-03 dz= 6.490E-05 chigam= 0.00E+00
 it= 16 chi2=0.00E+00 zm= 1.97E-02 err=8.342E-04 dz= 4.681E-05 chigam= 0.00E+00
 it= 17 chi2=0.00E+00 zm= 1.98E-02 err=1.499E-03 dz= 3.251E-05 chigam= 0.00E+00
 it= 18 chi2=0.00E+00 zm= 1.98E-02 err=8.821E-04 dz= 2.335E-05 chigam= 0.00E+00
 it= 19 chi2=0.00E+00 zm= 1.98E-02 err=5.328E-04 dz= 1.682E-05 chigam= 0.00E+00
 it= 20 chi2=0.00E+00 zm= 1.98E-02 err=3.304E-04 dz= 1.214E-05 chigam= 0.00E+00
 it= 21 chi2=0.00E+00 zm= 1.98E-02 err=2.101E-04 dz= 8.784E-06 chigam= 0.00E+00
 it= 22 chi2=0.00E+00 zm= 1.98E-02 err=1.481E-04 dz= 6.366E-06 chigam= 0.00E+00
 it= 23 chi2=0.00E+00 zm= 1.99E-02 err=1.062E-04 dz= 4.619E-06 chigam= 0.00E+00
 it= 24 chi2=0.00E+00 zm= 1.99E-02 err=7.566E-05 dz= 3.355E-06 chigam= 0.00E+00

      ******************** EFITD129 x 129  output ********************

       data used:   
  0 flux loops
  0 magnetic probes(i)
  0 full rogowski
  0 diamagnetic loop


 shot #   =          1 time(ms) =          1 chi**2   =  0.000E+00
 betat(%) =      0.885 betap    =      0.443 li       =      0.859
 vol(cm3) =  0.772E+07 rout(cm) =    172.111 zout(cm) =      0.807
 elong    =      1.342 utriang  =     -0.375 ltriang  =     -0.310
 a(cm)    =     41.342 lin(cm)  = ********** lout(cm) =     10.723
 ltop(cm) = ********** q*       =      2.284 rc(cm)   =    176.035
 zc(cm)   =      1.773 bt0(t)   =      2.000 qout     =      2.185
