========================================================================
= FASTRAN

nonlinear model = 0
ichi = 1
ineo = 0
reading state...
read formatted input, inprof...
init geometry...
read formatted input, inmetric...
nrho in inmetric = 101
rhob in inmetric = 1.263926e+00
solve avg grad-shafranv...
solve_avg_gs::Ip_temp = 1.002227e+01 
solve_avg_gs::Ip      = 1.000000e+01 
>>> tau_he = 5.000000, nhe(0)=3.344450e+00

 plasma volume = 148.863816
 stored energy(e,i,b,a) = 5.982549e+01 5.774330e+01 0.000000e+00 0.000000e+00
 betan = 1.333416
*power
 Pnb(e,i) = 0.000000e+00 0.000000e+00
 Prf(e,i) = 5.531823e+00 3.451302e+01
 Prad     = -1.026266e+01 
 Pei      = -8.418199e-02 
 Pfuse    = 5.849563e+01 
 Pfusi    = 2.030560e+01 
 Poh      = 0.000000e+00 
*confinement time
 taut, tauITER98y2, H98y2 : 1.082751e+00 1.240570e+00 8.727848e-01
 taue, taui : 1.114471e+00 2.831972e+00
 taut, tau89, H89 : 1.082751e+00 6.624046e-01 1.634577e+00
*temperature
 nea, nebar : 1.866030e+01 2.143297e+01 
 tea, tia : 7.767195e+00 7.985358e+00 (9.726797e-01)
 te0, ti0 : 2.101382e+01 2.818348e+01 (7.456076e-01)
 Sn : 0.000000e+00 
*current balance
 Ip,Ibs,Inb,Irf: 1.000000e+01 2.130241e+00 0.000000e+00 1.622698e-01
 fni,fbs: 0.229 0.213

Time advancing...
rho_bdry 0.900000 ...
te_bdry = 3.746797
ti_bdry = 3.746714
ne_bdry = 14.498656
rv_bdry = 279.463030
nrho_tr_bdry = 18
drho_bdry = 0.000000e+00
nrhob = 90
 [    0] t = 0.0000 
>>> tau_he = 5.000000, nhe(0)=3.364808e+00
 5     -0.000   1.33e-02   2.53e-01   1.67e-03  -1.04e-03   0.00e+00 (  1.77e+00,  6.91e+01)
10      0.002   3.06e-02   7.21e-02  -3.61e-03   9.29e-03   0.00e+00 (  7.87e+00,  1.35e+02)
15      0.040   1.04e-01  -4.89e-02  -6.48e-03   2.84e-01   0.00e+00 (  3.82e+01,  1.88e+02)
20      0.066   1.73e-01   5.86e-02   1.04e-02   5.49e-01   0.00e+00 (  7.96e+01,  2.30e+02)
25      0.096   2.30e-01   1.78e-01   3.29e-02   8.91e-01   0.00e+00 (  1.22e+02,  2.63e+02)
30      0.236   4.35e-01   4.26e-01   1.29e-01   2.42e+00   0.00e+00 (  2.50e+02,  2.84e+02)
35      0.211   4.23e-01   4.76e-01   1.89e-01   2.35e+00   0.00e+00 (  2.52e+02,  2.93e+02)
40      0.192   4.29e-01   5.47e-01   1.63e-01   2.30e+00   0.00e+00 (  2.49e+02,  2.92e+02)
45      0.204   4.83e-01   6.79e-01   2.69e-01   2.59e+00   0.00e+00 (  2.51e+02,  2.83e+02)
50      0.215   5.33e-01   8.21e-01   3.48e-01   2.87e+00   0.00e+00 (  2.37e+02,  2.69e+02)
55      0.216   5.87e-01   9.59e-01   4.88e-01   2.99e+00   0.00e+00 (  2.24e+02,  2.53e+02)
60      0.222   6.33e-01   1.08e+00   6.29e-01   3.19e+00   0.00e+00 (  2.09e+02,  2.36e+02)
65      0.235   6.83e-01   1.21e+00   7.80e-01   3.47e+00   0.00e+00 (  1.97e+02,  2.19e+02)
70      0.242   7.29e-01   1.29e+00   9.03e-01   3.64e+00   0.00e+00 (  1.84e+02,  2.05e+02)
75      0.242   7.55e-01   1.35e+00   9.99e-01   3.73e+00   0.00e+00 (  1.71e+02,  1.91e+02)
80      0.237   7.51e-01   1.35e+00   1.02e+00   3.83e+00   0.00e+00 (  1.58e+02,  1.79e+02)
85      0.300   7.76e-01   1.39e+00   1.03e+00   5.87e+00   0.00e+00 (  1.44e+02,  1.70e+02)
90      0.592   1.34e+00   1.93e+00   1.23e+00   2.11e+01   0.00e+00 (  3.21e+02,  1.62e+02)
95      0.377   7.23e-01   1.05e+00   7.82e-01   2.38e+01   0.00e+00 (  3.81e+02,  1.54e+02)
 0 e: 1.240e-06 i: 1.171e-05 :: e: 0.000e+00 i: 0.000e+00 :: n: 2.762e+01 e:21.059 i:28.223 v:4.993e+03
>>> tau_he = 5.000000, nhe(0)=3.367419e+00
 5      0.000   1.35e-02   2.84e-01   1.77e-03   2.87e-05   0.00e+00 (  1.81e+00,  6.91e+01)
10      0.001   3.05e-02   7.39e-02  -3.63e-03   5.47e-03   0.00e+00 (  8.04e+00,  1.35e+02)
15      0.049   1.21e-01  -4.37e-02  -3.78e-03   3.50e-01   0.00e+00 (  4.53e+01,  1.88e+02)
20      0.070   1.79e-01   6.65e-02   9.26e-03   5.75e-01   0.00e+00 (  8.31e+01,  2.30e+02)
25      0.094   2.31e-01   1.85e-01   3.40e-02   8.76e-01   0.00e+00 (  1.25e+02,  2.63e+02)
30      0.220   4.19e-01   4.05e-01   1.27e-01   2.26e+00   0.00e+00 (  2.37e+02,  2.84e+02)
35      0.209   4.22e-01   4.73e-01   1.86e-01   2.33e+00   0.00e+00 (  2.50e+02,  2.93e+02)
40      0.191   4.28e-01   5.44e-01   1.50e-01   2.28e+00   0.00e+00 (  2.48e+02,  2.92e+02)
45      0.204   4.82e-01   6.77e-01   2.68e-01   2.58e+00   0.00e+00 (  2.50e+02,  2.83e+02)
50      0.215   5.33e-01   8.21e-01   3.48e-01   2.87e+00   0.00e+00 (  2.37e+02,  2.69e+02)
55      0.217   5.88e-01   9.61e-01   4.89e-01   3.00e+00   0.00e+00 (  2.24e+02,  2.53e+02)
60      0.223   6.35e-01   1.09e+00   6.26e-01   3.20e+00   0.00e+00 (  2.10e+02,  2.36e+02)
65      0.233   6.80e-01   1.20e+00   7.74e-01   3.44e+00   0.00e+00 (  1.96e+02,  2.19e+02)
70      0.242   7.29e-01   1.29e+00   9.03e-01   3.64e+00   0.00e+00 (  1.84e+02,  2.05e+02)
75      0.242   7.56e-01   1.35e+00   1.00e+00   3.74e+00   0.00e+00 (  1.72e+02,  1.91e+02)
80      0.239   7.58e-01   1.37e+00   1.04e+00   3.86e+00   0.00e+00 (  1.61e+02,  1.79e+02)
85      0.304   7.84e-01   1.41e+00   1.05e+00   5.95e+00   0.00e+00 (  1.47e+02,  1.70e+02)
90      0.590   1.34e+00   1.92e+00   1.22e+00   2.10e+01   0.00e+00 (  3.17e+02,  1.62e+02)
95      0.377   7.23e-01   1.05e+00   7.82e-01   2.38e+01   0.00e+00 (  3.81e+02,  1.54e+02)
 1 e: 6.694e-02 i: 3.368e-01 :: e: 6.278e-03 i: 8.385e-03 :: n: 2.762e+01 e:25.206 i:35.760 v:4.993e+03
>>> tau_he = 5.000000, nhe(0)=3.726390e+00
 5     -0.044   2.14e-02   5.66e-01   5.53e-03  -2.07e-01   0.00e+00 (  1.08e+01,  6.91e+01)
10     -0.453   1.10e-01   2.05e-03  -1.03e-02  -2.70e+00   0.00e+00 (  9.49e+01,  1.35e+02)
15      1.279   1.01e+00   1.03e+00   4.38e-01   9.13e+00   0.00e+00 (  8.61e+02,  1.88e+02)
20      1.440   9.01e-01   8.76e-01   4.14e-01   1.19e+01   0.00e+00 (  7.24e+02,  2.30e+02)
25      0.460   4.82e-01   5.38e-01   2.46e-01   4.28e+00   0.00e+00 (  3.45e+02,  2.63e+02)
30      0.154   3.32e-01   3.84e-01   1.50e-01   1.58e+00   0.00e+00 (  1.83e+02,  2.84e+02)
35      0.129   3.41e-01   4.10e-01   1.47e-01   1.44e+00   0.00e+00 (  1.86e+02,  2.93e+02)
40      0.117   3.73e-01   4.97e-01   1.52e-01   1.40e+00   0.00e+00 (  2.00e+02,  2.92e+02)
45      0.132   4.22e-01   6.12e-01   2.44e-01   1.68e+00   0.00e+00 (  2.05e+02,  2.83e+02)
50      0.147   4.95e-01   7.63e-01   3.46e-01   1.96e+00   0.00e+00 (  2.11e+02,  2.69e+02)
55      0.160   5.55e-01   8.99e-01   4.57e-01   2.21e+00   0.00e+00 (  2.06e+02,  2.53e+02)
60      0.170   6.08e-01   1.02e+00   5.70e-01   2.44e+00   0.00e+00 (  1.97e+02,  2.36e+02)
65      0.182   6.56e-01   1.11e+00   6.99e-01   2.68e+00   0.00e+00 (  1.87e+02,  2.19e+02)
70      0.199   7.03e-01   1.21e+00   8.36e-01   3.00e+00   0.00e+00 (  1.77e+02,  2.05e+02)
75      0.204   7.39e-01   1.27e+00   9.38e-01   3.14e+00   0.00e+00 (  1.70e+02,  1.91e+02)
80      0.202   7.41e-01   1.28e+00   9.71e-01   3.27e+00   0.00e+00 (  1.60e+02,  1.79e+02)
85      0.267   7.29e-01   1.26e+00   9.18e-01   5.23e+00   0.00e+00 (  1.30e+02,  1.70e+02)
90      0.586   1.34e+00   1.89e+00   1.19e+00   2.09e+01   0.00e+00 (  3.02e+02,  1.62e+02)
95      0.377   7.23e-01   1.05e+00   7.82e-01   2.38e+01   0.00e+00 (  3.81e+02,  1.54e+02)
 2 e: 1.343e-02 i: 8.634e-02 :: e: 2.052e-01 i: 1.907e-01 :: n: 2.762e+01 e:23.820 i:35.771 v:4.993e+03
>>> tau_he = 5.000000, nhe(0)=3.739361e+00
 5     -0.065   2.31e-02   5.51e-01   5.02e-03  -3.06e-01   0.00e+00 (  1.37e+01,  6.91e+01)
10     -0.546   1.13e-01  -2.00e-02  -1.94e-02  -3.25e+00   0.00e+00 (  1.05e+02,  1.35e+02)
15      0.699   7.08e-01   7.11e-01   1.65e-01   4.99e+00   0.00e+00 (  5.37e+02,  1.88e+02)
20      0.813   6.25e-01   6.30e-01   2.36e-01   6.71e+00   0.00e+00 (  4.61e+02,  2.30e+02)
25      0.429   4.22e-01   4.36e-01   1.70e-01   3.99e+00   0.00e+00 (  2.96e+02,  2.63e+02)
30      0.147   3.16e-01   3.33e-01   1.21e-01   1.51e+00   0.00e+00 (  1.72e+02,  2.84e+02)
35      0.124   3.16e-01   3.48e-01   1.25e-01   1.39e+00   0.00e+00 (  1.61e+02,  2.93e+02)
40      0.122   3.33e-01   4.18e-01   1.45e-01   1.46e+00   0.00e+00 (  1.61e+02,  2.92e+02)
45      0.134   3.68e-01   4.99e-01   2.10e-01   1.70e+00   0.00e+00 (  1.57e+02,  2.83e+02)
50      0.151   4.21e-01   6.22e-01   2.77e-01   2.01e+00   0.00e+00 (  1.56e+02,  2.69e+02)
55      0.168   4.72e-01   7.51e-01   3.84e-01   2.34e+00   0.00e+00 (  1.52e+02,  2.53e+02)
60      0.185   5.20e-01   8.70e-01   5.04e-01   2.65e+00   0.00e+00 (  1.46e+02,  2.36e+02)
65      0.165   5.05e-01   8.24e-01   5.32e-01   2.43e+00   0.00e+00 (  1.25e+02,  2.19e+02)
70      0.219   6.18e-01   1.09e+00   7.59e-01   3.30e+00   0.00e+00 (  1.36e+02,  2.05e+02)
75      0.229   6.57e-01   1.17e+00   8.73e-01   3.54e+00   0.00e+00 (  1.32e+02,  1.91e+02)
80      0.232   6.70e-01   1.22e+00   9.25e-01   3.76e+00   0.00e+00 (  1.26e+02,  1.79e+02)
85      0.285   6.93e-01   1.24e+00   9.05e-01   5.58e+00   0.00e+00 (  1.08e+02,  1.70e+02)
90      0.588   1.35e+00   1.89e+00   1.19e+00   2.09e+01   0.00e+00 (  2.92e+02,  1.62e+02)
95      0.377   7.23e-01   1.05e+00   7.82e-01   2.38e+01   0.00e+00 (  3.81e+02,  1.54e+02)
 3 e: 4.962e-03 i: 1.852e-02 :: e: 2.290e-01 i: 2.372e-01 :: n: 2.762e+01 e:23.950 i:34.575 v:4.993e+03
>>> tau_he = 5.000000, nhe(0)=3.693871e+00
 5     -0.065   2.20e-02   5.07e-01   5.18e-03  -3.07e-01   0.00e+00 (  1.33e+01,  6.91e+01)
10     -0.390   1.12e-01  -2.00e-02  -3.64e-02  -2.32e+00   0.00e+00 (  1.00e+02,  1.35e+02)
15      0.670   6.91e-01   6.67e-01   1.01e-01   4.78e+00   0.00e+00 (  4.62e+02,  1.88e+02)
20      0.679   6.11e-01   6.30e-01   1.91e-01   5.61e+00   0.00e+00 (  4.13e+02,  2.30e+02)
25      0.448   4.43e-01   4.69e-01   1.87e-01   4.16e+00   0.00e+00 (  3.08e+02,  2.63e+02)
30      0.170   3.39e-01   3.82e-01   1.53e-01   1.74e+00   0.00e+00 (  1.95e+02,  2.84e+02)
35      0.142   3.38e-01   4.06e-01   1.48e-01   1.58e+00   0.00e+00 (  1.85e+02,  2.93e+02)
40      0.135   3.57e-01   4.91e-01   1.70e-01   1.62e+00   0.00e+00 (  1.85e+02,  2.92e+02)
45      0.149   4.05e-01   6.10e-01   2.52e-01   1.89e+00   0.00e+00 (  1.84e+02,  2.83e+02)
50      0.162   4.57e-01   7.33e-01   3.20e-01   2.16e+00   0.00e+00 (  1.79e+02,  2.69e+02)
55      0.170   5.06e-01   8.51e-01   4.34e-01   2.36e+00   0.00e+00 (  1.71e+02,  2.53e+02)
60      0.180   5.48e-01   9.49e-01   5.42e-01   2.58e+00   0.00e+00 (  1.61e+02,  2.36e+02)
65      0.155   5.33e-01   8.82e-01   5.65e-01   2.29e+00   0.00e+00 (  1.37e+02,  2.19e+02)
70      0.200   6.30e-01   1.10e+00   7.63e-01   3.01e+00   0.00e+00 (  1.43e+02,  2.05e+02)
75      0.203   6.55e-01   1.15e+00   8.54e-01   3.14e+00   0.00e+00 (  1.35e+02,  1.91e+02)
80      0.200   6.62e-01   1.16e+00   8.70e-01   3.23e+00   0.00e+00 (  1.28e+02,  1.79e+02)
85      0.257   6.71e-01   1.16e+00   8.27e-01   5.03e+00   0.00e+00 (  1.07e+02,  1.70e+02)
90      0.582   1.34e+00   1.87e+00   1.17e+00   2.07e+01   0.00e+00 (  2.92e+02,  1.62e+02)
95      0.377   7.23e-01   1.05e+00   7.82e-01   2.38e+01   0.00e+00 (  3.81e+02,  1.54e+02)
 4 e: 4.717e-03 i: 8.396e-03 :: e: 1.812e-01 i: 1.733e-01 :: n: 2.762e+01 e:22.874 i:34.822 v:4.993e+03
>>> tau_he = 5.000000, nhe(0)=3.702347e+00
 5     -0.068   2.19e-02   5.04e-01   4.58e-03  -3.18e-01   0.00e+00 (  1.30e+01,  6.91e+01)
10     -0.306   1.20e-01  -1.12e-02  -4.25e-02  -1.82e+00   0.00e+00 (  9.92e+01,  1.35e+02)
15      0.576   5.96e-01   5.50e-01   2.73e-02   4.11e+00   0.00e+00 (  3.46e+02,  1.88e+02)
20      0.514   5.25e-01   5.28e-01   1.11e-01   4.24e+00   0.00e+00 (  3.16e+02,  2.30e+02)
25      0.382   4.10e-01   4.17e-01   1.61e-01   3.55e+00   0.00e+00 (  2.65e+02,  2.63e+02)
30      0.168   3.35e-01   3.59e-01   1.35e-01   1.73e+00   0.00e+00 (  1.89e+02,  2.84e+02)
35      0.141   3.32e-01   3.78e-01   1.37e-01   1.58e+00   0.00e+00 (  1.79e+02,  2.93e+02)
40      0.135   3.48e-01   4.49e-01   1.57e-01   1.61e+00   0.00e+00 (  1.76e+02,  2.92e+02)
45      0.145   3.88e-01   5.47e-01   2.29e-01   1.85e+00   0.00e+00 (  1.72e+02,  2.83e+02)
50      0.161   4.35e-01   6.62e-01   2.90e-01   2.14e+00   0.00e+00 (  1.65e+02,  2.69e+02)
55      0.173   4.80e-01   7.80e-01   3.99e-01   2.40e+00   0.00e+00 (  1.56e+02,  2.53e+02)
60      0.187   5.23e-01   8.89e-01   5.16e-01   2.68e+00   0.00e+00 (  1.48e+02,  2.36e+02)
65      0.169   5.10e-01   8.48e-01   5.50e-01   2.49e+00   0.00e+00 (  1.26e+02,  2.19e+02)
70      0.214   6.05e-01   1.07e+00   7.48e-01   3.23e+00   0.00e+00 (  1.31e+02,  2.05e+02)
75      0.222   6.34e-01   1.13e+00   8.43e-01   3.42e+00   0.00e+00 (  1.24e+02,  1.91e+02)
80      0.224   6.42e-01   1.17e+00   8.83e-01   3.62e+00   0.00e+00 (  1.17e+02,  1.79e+02)
85      0.275   6.67e-01   1.18e+00   8.57e-01   5.39e+00   0.00e+00 (  9.93e+01,  1.70e+02)
90      0.584   1.34e+00   1.88e+00   1.18e+00   2.08e+01   0.00e+00 (  2.87e+02,  1.62e+02)
95      0.377   7.23e-01   1.05e+00   7.82e-01   2.38e+01   0.00e+00 (  3.81e+02,  1.54e+02)
 5 e: 1.697e-03 i: 3.608e-03 :: e: 1.698e-01 i: 1.732e-01 :: n: 2.762e+01 e:23.332 i:34.658 v:4.993e+03
>>> tau_he = 5.000000, nhe(0)=3.696100e+00
 5     -0.071   2.18e-02   4.95e-01   4.93e-03  -3.34e-01   0.00e+00 (  1.33e+01,  6.91e+01)
10     -0.297   1.35e-01  -1.36e-03  -5.05e-02  -1.77e+00   0.00e+00 (  1.09e+02,  1.35e+02)
15      0.593   6.18e-01   5.59e-01   3.05e-02   4.23e+00   0.00e+00 (  3.42e+02,  1.88e+02)
20      0.486   5.47e-01   5.33e-01   1.22e-01   4.01e+00   0.00e+00 (  3.18e+02,  2.30e+02)
25      0.397   4.30e-01   4.44e-01   1.74e-01   3.70e+00   0.00e+00 (  2.79e+02,  2.63e+02)
30      0.184   3.60e-01   3.76e-01   1.33e-01   1.89e+00   0.00e+00 (  2.11e+02,  2.84e+02)
35      0.153   3.53e-01   4.17e-01   1.55e-01   1.71e+00   0.00e+00 (  2.00e+02,  2.93e+02)
40      0.147   3.70e-01   4.98e-01   1.56e-01   1.75e+00   0.00e+00 (  1.97e+02,  2.92e+02)
45      0.160   4.17e-01   6.18e-01   2.52e-01   2.02e+00   0.00e+00 (  1.95e+02,  2.83e+02)
50      0.172   4.68e-01   7.42e-01   3.21e-01   2.29e+00   0.00e+00 (  1.87e+02,  2.69e+02)
55      0.179   5.15e-01   8.63e-01   4.40e-01   2.48e+00   0.00e+00 (  1.77e+02,  2.53e+02)
60      0.189   5.57e-01   9.67e-01   5.56e-01   2.72e+00   0.00e+00 (  1.66e+02,  2.36e+02)
65      0.204   6.02e-01   1.07e+00   6.87e-01   3.00e+00   0.00e+00 (  1.57e+02,  2.19e+02)
70      0.208   6.33e-01   1.12e+00   7.82e-01   3.14e+00   0.00e+00 (  1.44e+02,  2.05e+02)
75      0.210   6.55e-01   1.16e+00   8.62e-01   3.25e+00   0.00e+00 (  1.34e+02,  1.91e+02)
80      0.206   6.61e-01   1.16e+00   8.78e-01   3.34e+00   0.00e+00 (  1.26e+02,  1.79e+02)
85      0.264   6.61e-01   1.16e+00   8.40e-01   5.17e+00   0.00e+00 (  1.03e+02,  1.70e+02)
90      0.582   1.34e+00   1.87e+00   1.17e+00   2.07e+01   0.00e+00 (  2.89e+02,  1.62e+02)
95      0.377   7.23e-01   1.05e+00   7.82e-01   2.38e+01   0.00e+00 (  3.81e+02,  1.54e+02)
 6 e: 1.298e-03 i: 2.435e-03 :: e: 1.207e-01 i: 1.072e-01 :: n: 2.762e+01 e:22.935 i:35.534 v:4.993e+03
>>> tau_he = 5.000000, nhe(0)=3.729604e+00
 5     -0.077   2.43e-02   5.11e-01   4.22e-03  -3.62e-01   0.00e+00 (  1.48e+01,  6.91e+01)
10     -0.232   1.45e-01   5.06e-03  -5.51e-02  -1.38e+00   0.00e+00 (  1.11e+02,  1.35e+02)
15      0.091   2.16e-01   1.07e-01  -5.22e-02   6.47e-01   0.00e+00 (  1.10e+02,  1.88e+02)
20      0.446   5.32e-01   4.97e-01   1.14e-01   3.68e+00   0.00e+00 (  2.90e+02,  2.30e+02)
25      0.379   4.24e-01   4.27e-01   1.53e-01   3.53e+00   0.00e+00 (  2.63e+02,  2.63e+02)
30      0.188   3.66e-01   3.69e-01   1.21e-01   1.94e+00   0.00e+00 (  2.13e+02,  2.84e+02)
35      0.160   3.55e-01   4.06e-01   1.52e-01   1.79e+00   0.00e+00 (  2.01e+02,  2.93e+02)
40      0.148   3.70e-01   4.75e-01   1.50e-01   1.77e+00   0.00e+00 (  1.97e+02,  2.92e+02)
45      0.160   4.12e-01   5.82e-01   2.38e-01   2.03e+00   0.00e+00 (  1.92e+02,  2.83e+02)
50      0.174   4.63e-01   7.05e-01   3.03e-01   2.32e+00   0.00e+00 (  1.85e+02,  2.69e+02)
55      0.185   5.09e-01   8.31e-01   4.24e-01   2.56e+00   0.00e+00 (  1.74e+02,  2.53e+02)
60      0.197   5.53e-01   9.45e-01   5.50e-01   2.82e+00   0.00e+00 (  1.64e+02,  2.36e+02)
65      0.179   5.43e-01   9.13e-01   5.91e-01   2.64e+00   0.00e+00 (  1.41e+02,  2.19e+02)
70      0.221   6.35e-01   1.13e+00   7.89e-01   3.34e+00   0.00e+00 (  1.43e+02,  2.05e+02)
75      0.226   6.61e-01   1.18e+00   8.80e-01   3.49e+00   0.00e+00 (  1.34e+02,  1.91e+02)
80      0.226   6.64e-01   1.21e+00   9.14e-01   3.66e+00   0.00e+00 (  1.25e+02,  1.79e+02)
85      0.278   6.78e-01   1.20e+00   8.78e-01   5.44e+00   0.00e+00 (  1.04e+02,  1.70e+02)
90      0.585   1.34e+00   1.88e+00   1.18e+00   2.08e+01   0.00e+00 (  2.88e+02,  1.62e+02)
95      0.377   7.23e-01   1.05e+00   7.82e-01   2.38e+01   0.00e+00 (  3.81e+02,  1.54e+02)
 7 e: 1.382e-03 i: 5.192e-03 :: e: 1.044e-01 i: 1.095e-01 :: n: 2.762e+01 e:23.684 i:36.412 v:4.993e+03
>>> tau_he = 5.000000, nhe(0)=3.762447e+00
 5     -0.084   2.43e-02   5.40e-01   4.18e-03  -3.93e-01   0.00e+00 (  1.52e+01,  6.91e+01)
10     -0.235   1.62e-01   1.42e-02  -6.30e-02  -1.40e+00   0.00e+00 (  1.25e+02,  1.35e+02)
15      0.727   7.21e-01   6.44e-01   6.08e-02   5.19e+00   0.00e+00 (  3.87e+02,  1.88e+02)
20      0.480   5.74e-01   5.36e-01   1.34e-01   3.97e+00   0.00e+00 (  3.16e+02,  2.30e+02)
25      0.391   4.57e-01   4.58e-01   1.67e-01   3.64e+00   0.00e+00 (  2.86e+02,  2.63e+02)
30      0.207   3.94e-01   4.03e-01   1.41e-01   2.12e+00   0.00e+00 (  2.38e+02,  2.84e+02)
35      0.173   3.78e-01   4.40e-01   1.68e-01   1.93e+00   0.00e+00 (  2.23e+02,  2.93e+02)
40      0.158   3.92e-01   5.11e-01   1.59e-01   1.90e+00   0.00e+00 (  2.19e+02,  2.92e+02)
45      0.173   4.37e-01   6.34e-01   2.54e-01   2.19e+00   0.00e+00 (  2.14e+02,  2.83e+02)
50      0.185   4.93e-01   7.66e-01   3.27e-01   2.46e+00   0.00e+00 (  2.07e+02,  2.69e+02)
55      0.191   5.43e-01   8.98e-01   4.57e-01   2.66e+00   0.00e+00 (  1.95e+02,  2.53e+02)
60      0.203   5.86e-01   1.02e+00   5.90e-01   2.91e+00   0.00e+00 (  1.83e+02,  2.36e+02)
65      0.218   6.35e-01   1.14e+00   7.34e-01   3.21e+00   0.00e+00 (  1.74e+02,  2.19e+02)
70      0.221   6.69e-01   1.19e+00   8.32e-01   3.34e+00   0.00e+00 (  1.59e+02,  2.05e+02)
75      0.222   6.91e-01   1.23e+00   9.16e-01   3.43e+00   0.00e+00 (  1.48e+02,  1.91e+02)
80      0.219   6.88e-01   1.24e+00   9.38e-01   3.55e+00   0.00e+00 (  1.37e+02,  1.79e+02)
85      0.274   6.86e-01   1.22e+00   8.88e-01   5.37e+00   0.00e+00 (  1.10e+02,  1.70e+02)
90      0.584   1.34e+00   1.88e+00   1.18e+00   2.08e+01   0.00e+00 (  2.91e+02,  1.62e+02)
95      0.377   7.23e-01   1.05e+00   7.82e-01   2.38e+01   0.00e+00 (  3.81e+02,  1.54e+02)
 8 e: 1.023e-03 i: 1.721e-03 :: e: 8.495e-02 i: 6.912e-02 :: n: 2.762e+01 e:23.572 i:37.460 v:4.993e+03
>>> tau_he = 5.000000, nhe(0)=3.799177e+00
 5     -0.095   2.57e-02   5.63e-01   2.77e-03  -4.45e-01   0.00e+00 (  1.62e+01,  6.91e+01)
10     -0.303   1.86e-01   3.04e-02  -6.67e-02  -1.80e+00   0.00e+00 (  1.38e+02,  1.35e+02)
15      0.125   2.45e-01   9.27e-02  -9.15e-02   8.95e-01   0.00e+00 (  1.23e+02,  1.88e+02)
20      0.466   5.73e-01   5.25e-01   1.23e-01   3.84e+00   0.00e+00 (  3.01e+02,  2.30e+02)
25      0.400   4.73e-01   4.62e-01   1.78e-01   3.72e+00   0.00e+00 (  2.89e+02,  2.63e+02)
30      0.222   4.10e-01   4.09e-01   1.38e-01   2.28e+00   0.00e+00 (  2.47e+02,  2.84e+02)
35      0.180   3.90e-01   4.40e-01   1.69e-01   2.01e+00   0.00e+00 (  2.32e+02,  2.93e+02)
40      0.163   3.98e-01   5.02e-01   1.57e-01   1.95e+00   0.00e+00 (  2.24e+02,  2.92e+02)
45      0.173   4.46e-01   6.15e-01   2.45e-01   2.20e+00   0.00e+00 (  2.21e+02,  2.83e+02)
50      0.190   4.97e-01   7.49e-01   3.28e-01   2.54e+00   0.00e+00 (  2.11e+02,  2.69e+02)
55      0.199   5.49e-01   8.89e-01   4.57e-01   2.76e+00   0.00e+00 (  2.00e+02,  2.53e+02)
60      0.211   5.95e-01   1.02e+00   5.91e-01   3.02e+00   0.00e+00 (  1.88e+02,  2.36e+02)
65      0.228   6.45e-01   1.14e+00   7.40e-01   3.35e+00   0.00e+00 (  1.79e+02,  2.19e+02)
70      0.234   6.84e-01   1.22e+00   8.52e-01   3.52e+00   0.00e+00 (  1.65e+02,  2.05e+02)
75      0.236   7.10e-01   1.27e+00   9.46e-01   3.65e+00   0.00e+00 (  1.54e+02,  1.91e+02)
80      0.234   7.08e-01   1.29e+00   9.84e-01   3.80e+00   0.00e+00 (  1.42e+02,  1.79e+02)
85      0.288   7.08e-01   1.27e+00   9.35e-01   5.63e+00   0.00e+00 (  1.15e+02,  1.70e+02)
90      0.587   1.35e+00   1.89e+00   1.19e+00   2.09e+01   0.00e+00 (  2.92e+02,  1.62e+02)
95      0.377   7.23e-01   1.05e+00   7.82e-01   2.38e+01   0.00e+00 (  3.81e+02,  1.54e+02)
 9 e: 1.182e-03 i: 5.314e-03 :: e: 5.681e-02 i: 5.588e-02 :: n: 2.762e+01 e:24.254 i:38.424 v:4.993e+03
>>> tau_he = 5.000000, nhe(0)=3.831266e+00
 5     -0.101   2.74e-02   5.98e-01   2.70e-03  -4.76e-01   0.00e+00 (  1.79e+01,  6.91e+01)
10     -0.297   2.01e-01   3.63e-02  -7.30e-02  -1.77e+00   0.00e+00 (  1.49e+02,  1.35e+02)
15      0.831   8.81e-01   7.45e-01   1.12e-01   5.93e+00   0.00e+00 (  4.60e+02,  1.88e+02)
20      0.505   6.20e-01   5.67e-01   1.44e-01   4.17e+00   0.00e+00 (  3.27e+02,  2.30e+02)
25      0.427   5.07e-01   4.95e-01   1.94e-01   3.97e+00   0.00e+00 (  3.10e+02,  2.63e+02)
30      0.237   4.35e-01   4.42e-01   1.55e-01   2.43e+00   0.00e+00 (  2.68e+02,  2.84e+02)
35      0.193   4.14e-01   4.69e-01   1.85e-01   2.16e+00   0.00e+00 (  2.55e+02,  2.93e+02)
40      0.174   4.19e-01   5.32e-01   1.65e-01   2.08e+00   0.00e+00 (  2.45e+02,  2.92e+02)
45      0.185   4.70e-01   6.56e-01   2.57e-01   2.35e+00   0.00e+00 (  2.43e+02,  2.83e+02)
50      0.202   5.25e-01   8.02e-01   3.43e-01   2.69e+00   0.00e+00 (  2.34e+02,  2.69e+02)
55      0.208   5.81e-01   9.48e-01   4.83e-01   2.88e+00   0.00e+00 (  2.22e+02,  2.53e+02)
60      0.218   6.29e-01   1.08e+00   6.22e-01   3.12e+00   0.00e+00 (  2.09e+02,  2.36e+02)
65      0.232   6.79e-01   1.21e+00   7.80e-01   3.42e+00   0.00e+00 (  1.97e+02,  2.19e+02)
70      0.236   7.20e-01   1.28e+00   8.97e-01   3.56e+00   0.00e+00 (  1.82e+02,  2.05e+02)
75      0.236   7.45e-01   1.33e+00   9.90e-01   3.64e+00   0.00e+00 (  1.70e+02,  1.91e+02)
80      0.231   7.39e-01   1.33e+00   1.02e+00   3.74e+00   0.00e+00 (  1.57e+02,  1.79e+02)
85      0.288   7.25e-01   1.30e+00   9.62e-01   5.64e+00   0.00e+00 (  1.24e+02,  1.70e+02)
90      0.588   1.34e+00   1.89e+00   1.19e+00   2.09e+01   0.00e+00 (  2.96e+02,  1.62e+02)
95      0.377   7.23e-01   1.05e+00   7.82e-01   2.38e+01   0.00e+00 (  3.81e+02,  1.54e+02)
10 e: 1.480e-03 i: 2.219e-03 :: e: 1.114e-01 i: 8.912e-02 :: n: 2.762e+01 e:24.162 i:39.215 v:4.993e+03
>>> tau_he = 5.000000, nhe(0)=3.856418e+00
 5     -0.111   2.85e-02   6.13e-01   1.51e-03  -5.21e-01   0.00e+00 (  1.88e+01,  6.91e+01)
10     -0.230   2.19e-01   4.94e-02  -8.22e-02  -1.37e+00   0.00e+00 (  1.55e+02,  1.35e+02)
15      0.165   2.73e-01   1.02e-01  -9.82e-02   1.18e+00   0.00e+00 (  1.31e+02,  1.88e+02)
20      0.128   2.62e-01   1.69e-01   5.29e-04   1.06e+00   0.00e+00 (  1.32e+02,  2.30e+02)
25      0.431   5.21e-01   5.02e-01   1.85e-01   4.01e+00   0.00e+00 (  3.11e+02,  2.63e+02)
30      0.240   4.49e-01   4.46e-01   1.45e-01   2.47e+00   0.00e+00 (  2.76e+02,  2.84e+02)
35      0.202   4.28e-01   4.74e-01   1.88e-01   2.25e+00   0.00e+00 (  2.65e+02,  2.93e+02)
40      0.177   4.28e-01   5.28e-01   1.67e-01   2.12e+00   0.00e+00 (  2.53e+02,  2.92e+02)
45      0.190   4.78e-01   6.47e-01   2.50e-01   2.41e+00   0.00e+00 (  2.50e+02,  2.83e+02)
50      0.209   5.31e-01   7.94e-01   3.37e-01   2.78e+00   0.00e+00 (  2.40e+02,  2.69e+02)
55      0.215   5.91e-01   9.48e-01   4.74e-01   2.98e+00   0.00e+00 (  2.29e+02,  2.53e+02)
60      0.226   6.41e-01   1.08e+00   6.25e-01   3.24e+00   0.00e+00 (  2.16e+02,  2.36e+02)
65      0.241   6.92e-01   1.22e+00   7.90e-01   3.55e+00   0.00e+00 (  2.05e+02,  2.19e+02)
70      0.247   7.38e-01   1.31e+00   9.18e-01   3.72e+00   0.00e+00 (  1.90e+02,  2.05e+02)
75      0.248   7.66e-01   1.37e+00   1.02e+00   3.82e+00   0.00e+00 (  1.78e+02,  1.91e+02)
80      0.243   7.63e-01   1.38e+00   1.07e+00   3.94e+00   0.00e+00 (  1.65e+02,  1.79e+02)
85      0.300   7.48e-01   1.35e+00   1.01e+00   5.87e+00   0.00e+00 (  1.31e+02,  1.70e+02)
90      0.591   1.35e+00   1.90e+00   1.21e+00   2.10e+01   0.00e+00 (  2.98e+02,  1.62e+02)
95      0.377   7.23e-01   1.05e+00   7.82e-01   2.38e+01   0.00e+00 (  3.81e+02,  1.54e+02)
11 e: 1.040e-03 i: 4.901e-03 :: e: 9.600e-02 i: 8.811e-02 :: n: 2.762e+01 e:24.730 i:40.256 v:4.993e+03
>>> tau_he = 5.000000, nhe(0)=3.886962e+00
 5     -0.116   3.03e-02   6.55e-01   1.55e-03  -5.44e-01   0.00e+00 (  2.04e+01,  6.91e+01)
10     -0.219   2.30e-01   4.91e-02  -8.59e-02  -1.31e+00   0.00e+00 (  1.62e+02,  1.35e+02)
15      0.998   1.03e+00   8.43e-01   1.54e-01   7.13e+00   0.00e+00 (  5.18e+02,  1.88e+02)
20      0.594   7.10e-01   6.47e-01   1.78e-01   4.90e+00   0.00e+00 (  3.74e+02,  2.30e+02)
25      0.454   5.50e-01   5.34e-01   2.01e-01   4.22e+00   0.00e+00 (  3.29e+02,  2.63e+02)
30      0.254   4.71e-01   4.68e-01   1.56e-01   2.61e+00   0.00e+00 (  2.92e+02,  2.84e+02)
35      0.213   4.47e-01   4.97e-01   2.00e-01   2.38e+00   0.00e+00 (  2.82e+02,  2.93e+02)
40      0.185   4.44e-01   5.49e-01   1.61e-01   2.22e+00   0.00e+00 (  2.69e+02,  2.92e+02)
45      0.200   4.97e-01   6.77e-01   2.57e-01   2.54e+00   0.00e+00 (  2.67e+02,  2.83e+02)
50      0.219   5.54e-01   8.33e-01   3.51e-01   2.91e+00   0.00e+00 (  2.58e+02,  2.69e+02)
55      0.222   6.16e-01   9.94e-01   4.95e-01   3.09e+00   0.00e+00 (  2.47e+02,  2.53e+02)
60      0.232   6.69e-01   1.14e+00   6.53e-01   3.32e+00   0.00e+00 (  2.34e+02,  2.36e+02)
65      0.245   7.20e-01   1.27e+00   8.22e-01   3.60e+00   0.00e+00 (  2.21e+02,  2.19e+02)
70      0.249   7.68e-01   1.36e+00   9.55e-01   3.76e+00   0.00e+00 (  2.06e+02,  2.05e+02)
75      0.248   7.96e-01   1.42e+00   1.06e+00   3.82e+00   0.00e+00 (  1.93e+02,  1.91e+02)
80      0.242   7.90e-01   1.43e+00   1.10e+00   3.91e+00   0.00e+00 (  1.78e+02,  1.79e+02)
85      0.301   7.65e-01   1.38e+00   1.03e+00   5.90e+00   0.00e+00 (  1.40e+02,  1.70e+02)
90      0.592   1.35e+00   1.91e+00   1.21e+00   2.11e+01   0.00e+00 (  3.02e+02,  1.62e+02)
95      0.377   7.23e-01   1.05e+00   7.82e-01   2.38e+01   0.00e+00 (  3.81e+02,  1.54e+02)
12 e: 1.716e-03 i: 3.836e-03 :: e: 1.484e-01 i: 1.212e-01 :: n: 2.762e+01 e:24.592 i:40.751 v:4.993e+03
>>> tau_he = 5.000000, nhe(0)=3.901983e+00
 5     -0.124   3.40e-02   6.55e-01   8.98e-04  -5.79e-01   0.00e+00 (  2.31e+01,  6.91e+01)
10     -0.129   2.43e-01   6.56e-02  -9.71e-02  -7.69e-01   0.00e+00 (  1.62e+02,  1.35e+02)
15      0.879   9.18e-01   7.63e-01   7.70e-02   6.27e+00   0.00e+00 (  4.20e+02,  1.88e+02)
20      0.144   2.80e-01   1.81e-01  -4.12e-03   1.19e+00   0.00e+00 (  1.40e+02,  2.30e+02)
25      0.296   5.08e-01   4.80e-01   8.04e-02   2.75e+00   0.00e+00 (  2.97e+02,  2.63e+02)
30      0.262   4.84e-01   4.75e-01   1.52e-01   2.70e+00   0.00e+00 (  2.99e+02,  2.84e+02)
35      0.223   4.61e-01   5.01e-01   1.89e-01   2.49e+00   0.00e+00 (  2.92e+02,  2.93e+02)
40      0.191   4.52e-01   5.49e-01   1.65e-01   2.29e+00   0.00e+00 (  2.75e+02,  2.92e+02)
45      0.205   5.04e-01   6.71e-01   2.48e-01   2.61e+00   0.00e+00 (  2.73e+02,  2.83e+02)
50      0.224   5.60e-01   8.27e-01   3.47e-01   2.99e+00   0.00e+00 (  2.64e+02,  2.69e+02)
55      0.229   6.24e-01   9.91e-01   4.93e-01   3.17e+00   0.00e+00 (  2.54e+02,  2.53e+02)
60      0.238   6.78e-01   1.14e+00   6.55e-01   3.42e+00   0.00e+00 (  2.40e+02,  2.36e+02)
65      0.252   7.31e-01   1.28e+00   8.29e-01   3.71e+00   0.00e+00 (  2.27e+02,  2.19e+02)
70      0.257   7.82e-01   1.39e+00   9.71e-01   3.88e+00   0.00e+00 (  2.13e+02,  2.05e+02)
75      0.258   8.12e-01   1.46e+00   1.09e+00   3.98e+00   0.00e+00 (  2.00e+02,  1.91e+02)
80      0.251   8.09e-01   1.47e+00   1.13e+00   4.06e+00   0.00e+00 (  1.86e+02,  1.79e+02)
85      0.311   7.86e-01   1.43e+00   1.07e+00   6.08e+00   0.00e+00 (  1.47e+02,  1.70e+02)
90      0.595   1.35e+00   1.92e+00   1.22e+00   2.12e+01   0.00e+00 (  3.04e+02,  1.62e+02)
95      0.377   7.23e-01   1.05e+00   7.82e-01   2.38e+01   0.00e+00 (  3.81e+02,  1.54e+02)
13 e: 1.504e-03 i: 4.759e-03 :: e: 1.320e-01 i: 1.102e-01 :: n: 2.762e+01 e:24.774 i:40.672 v:4.993e+03
>>> tau_he = 5.000000, nhe(0)=3.900828e+00
 5     -0.127   3.37e-02   6.48e-01   4.06e-04  -5.94e-01   0.00e+00 (  2.31e+01,  6.91e+01)
10     -0.081   2.58e-01   7.40e-02  -1.01e-01  -4.79e-01   0.00e+00 (  1.65e+02,  1.35e+02)
15      0.191   2.96e-01   1.30e-01  -4.95e-03   1.37e+00   0.00e+00 (  1.28e+02,  1.88e+02)
20      0.160   2.95e-01   1.92e-01  -7.85e-03   1.32e+00   0.00e+00 (  1.49e+02,  2.30e+02)
25      0.304   5.22e-01   4.92e-01   8.72e-02   2.83e+00   0.00e+00 (  3.06e+02,  2.63e+02)
30      0.269   4.96e-01   4.86e-01   1.57e-01   2.76e+00   0.00e+00 (  3.06e+02,  2.84e+02)
35      0.229   4.72e-01   5.16e-01   1.96e-01   2.56e+00   0.00e+00 (  3.01e+02,  2.93e+02)
40      0.197   4.62e-01   5.66e-01   1.70e-01   2.35e+00   0.00e+00 (  2.86e+02,  2.92e+02)
45      0.212   5.17e-01   6.95e-01   2.53e-01   2.69e+00   0.00e+00 (  2.86e+02,  2.83e+02)
50      0.230   5.76e-01   8.57e-01   3.59e-01   3.07e+00   0.00e+00 (  2.77e+02,  2.69e+02)
55      0.233   6.41e-01   1.03e+00   5.09e-01   3.23e+00   0.00e+00 (  2.67e+02,  2.53e+02)
60      0.241   6.98e-01   1.18e+00   6.76e-01   3.46e+00   0.00e+00 (  2.53e+02,  2.36e+02)
65      0.253   7.51e-01   1.32e+00   8.52e-01   3.72e+00   0.00e+00 (  2.39e+02,  2.19e+02)
70      0.257   8.04e-01   1.42e+00   9.96e-01   3.88e+00   0.00e+00 (  2.25e+02,  2.05e+02)
75      0.255   8.35e-01   1.49e+00   1.11e+00   3.93e+00   0.00e+00 (  2.11e+02,  1.91e+02)
80      0.247   8.28e-01   1.50e+00   1.15e+00   4.00e+00   0.00e+00 (  1.96e+02,  1.79e+02)
85      0.310   7.98e-01   1.45e+00   1.09e+00   6.07e+00   0.00e+00 (  1.55e+02,  1.70e+02)
90      0.596   1.35e+00   1.92e+00   1.22e+00   2.12e+01   0.00e+00 (  3.07e+02,  1.62e+02)
95      0.377   7.23e-01   1.05e+00   7.82e-01   2.38e+01   0.00e+00 (  3.81e+02,  1.54e+02)
14 e: 5.835e-04 i: 5.009e-03 :: e: 1.238e-01 i: 1.153e-01 :: n: 2.762e+01 e:24.758 i:41.581 v:4.993e+03
>>> tau_he = 5.000000, nhe(0)=3.923999e+00
 5     -0.130   3.25e-02   6.89e-01  -3.23e-05  -6.11e-01   0.00e+00 (  2.23e+01,  6.91e+01)
10     -0.075   2.55e-01   6.22e-02  -8.97e-02  -4.43e-01   0.00e+00 (  1.61e+02,  1.35e+02)
15      0.966   1.00e+00   8.21e-01   9.73e-02   6.89e+00   0.00e+00 (  4.47e+02,  1.88e+02)
20      0.674   7.90e-01   7.11e-01   2.04e-01   5.56e+00   0.00e+00 (  4.08e+02,  2.30e+02)
25      0.302   5.29e-01   4.90e-01   7.85e-02   2.81e+00   0.00e+00 (  3.06e+02,  2.63e+02)
30      0.271   4.97e-01   4.82e-01   1.49e-01   2.78e+00   0.00e+00 (  3.03e+02,  2.84e+02)
35      0.230   4.71e-01   5.12e-01   2.06e-01   2.57e+00   0.00e+00 (  2.97e+02,  2.93e+02)
40      0.199   4.63e-01   5.59e-01   1.70e-01   2.38e+00   0.00e+00 (  2.84e+02,  2.92e+02)
45      0.213   5.16e-01   6.82e-01   2.44e-01   2.71e+00   0.00e+00 (  2.84e+02,  2.83e+02)
50      0.232   5.74e-01   8.42e-01   3.52e-01   3.09e+00   0.00e+00 (  2.75e+02,  2.69e+02)
55      0.236   6.40e-01   1.01e+00   5.02e-01   3.27e+00   0.00e+00 (  2.65e+02,  2.53e+02)
60      0.244   6.96e-01   1.17e+00   6.69e-01   3.50e+00   0.00e+00 (  2.52e+02,  2.36e+02)
65      0.256   7.51e-01   1.31e+00   8.47e-01   3.78e+00   0.00e+00 (  2.39e+02,  2.19e+02)
70      0.262   8.06e-01   1.42e+00   9.97e-01   3.96e+00   0.00e+00 (  2.25e+02,  2.05e+02)
75      0.262   8.38e-01   1.50e+00   1.12e+00   4.05e+00   0.00e+00 (  2.12e+02,  1.91e+02)
80      0.253   8.37e-01   1.51e+00   1.17e+00   4.09e+00   0.00e+00 (  1.98e+02,  1.79e+02)
85      0.317   8.10e-01   1.47e+00   1.11e+00   6.21e+00   0.00e+00 (  1.58e+02,  1.70e+02)
90      0.598   1.35e+00   1.93e+00   1.23e+00   2.13e+01   0.00e+00 (  3.09e+02,  1.62e+02)
95      0.377   7.23e-01   1.05e+00   7.82e-01   2.38e+01   0.00e+00 (  3.81e+02,  1.54e+02)
15 e: 9.515e-04 i: 4.408e-03 :: e: 1.443e-01 i: 1.168e-01 :: n: 2.762e+01 e:24.820 i:41.371 v:4.993e+03
>>> tau_he = 5.000000, nhe(0)=3.920302e+00
 5     -0.135   3.51e-02   6.70e-01  -2.49e-04  -6.31e-01   0.00e+00 (  2.45e+01,  6.91e+01)
10     -0.032   2.76e-01   8.01e-02  -1.06e-01  -1.88e-01   0.00e+00 (  1.69e+02,  1.35e+02)
15      0.203   3.07e-01   1.33e-01   7.30e-03   1.45e+00   0.00e+00 (  1.30e+02,  1.88e+02)
20      0.167   3.01e-01   1.92e-01  -1.07e-03   1.38e+00   0.00e+00 (  1.49e+02,  2.30e+02)
25      0.312   5.36e-01   4.94e-01   8.03e-02   2.91e+00   0.00e+00 (  3.08e+02,  2.63e+02)
30      0.278   5.08e-01   4.94e-01   1.55e-01   2.85e+00   0.00e+00 (  3.11e+02,  2.84e+02)
35      0.238   4.83e-01   5.24e-01   1.99e-01   2.65e+00   0.00e+00 (  3.07e+02,  2.93e+02)
40      0.204   4.71e-01   5.72e-01   1.75e-01   2.45e+00   0.00e+00 (  2.92e+02,  2.92e+02)
45      0.220   5.25e-01   7.01e-01   2.48e-01   2.79e+00   0.00e+00 (  2.93e+02,  2.83e+02)
50      0.238   5.86e-01   8.66e-01   3.61e-01   3.17e+00   0.00e+00 (  2.85e+02,  2.69e+02)
55      0.240   6.52e-01   1.04e+00   5.14e-01   3.33e+00   0.00e+00 (  2.74e+02,  2.53e+02)
60      0.247   7.09e-01   1.19e+00   6.84e-01   3.54e+00   0.00e+00 (  2.60e+02,  2.36e+02)
65      0.257   7.63e-01   1.34e+00   8.62e-01   3.79e+00   0.00e+00 (  2.46e+02,  2.19e+02)
70      0.262   8.19e-01   1.45e+00   1.01e+00   3.95e+00   0.00e+00 (  2.33e+02,  2.05e+02)
75      0.259   8.52e-01   1.52e+00   1.13e+00   4.00e+00   0.00e+00 (  2.19e+02,  1.91e+02)
80      0.251   8.46e-01   1.53e+00   1.18e+00   4.07e+00   0.00e+00 (  2.04e+02,  1.79e+02)
85      0.316   8.17e-01   1.49e+00   1.12e+00   6.18e+00   0.00e+00 (  1.63e+02,  1.70e+02)
90      0.598   1.35e+00   1.93e+00   1.23e+00   2.13e+01   0.00e+00 (  3.11e+02,  1.62e+02)
95      0.377   7.23e-01   1.05e+00   7.82e-01   2.38e+01   0.00e+00 (  3.81e+02,  1.54e+02)
16 e: 5.426e-04 i: 4.945e-03 :: e: 1.216e-01 i: 1.110e-01 :: n: 2.762e+01 e:24.777 i:42.051 v:4.993e+03
>>> tau_he = 5.000000, nhe(0)=3.936785e+00
 5     -0.136   3.69e-02   7.03e-01   2.76e-04  -6.37e-01   0.00e+00 (  2.57e+01,  6.91e+01)
10     -0.029   2.70e-01   6.51e-02  -9.59e-02  -1.74e-01   0.00e+00 (  1.63e+02,  1.35e+02)
15      1.033   1.10e+00   8.44e-01   1.47e-01   7.37e+00   0.00e+00 (  4.81e+02,  1.88e+02)
20      0.165   3.14e-01   2.05e-01  -5.98e-04   1.36e+00   0.00e+00 (  1.58e+02,  2.30e+02)
25      0.314   5.36e-01   4.93e-01   7.57e-02   2.92e+00   0.00e+00 (  3.05e+02,  2.63e+02)
30      0.280   5.05e-01   4.89e-01   1.48e-01   2.88e+00   0.00e+00 (  3.05e+02,  2.84e+02)
35      0.239   4.83e-01   5.20e-01   1.96e-01   2.67e+00   0.00e+00 (  3.04e+02,  2.93e+02)
40      0.206   4.71e-01   5.67e-01   1.75e-01   2.46e+00   0.00e+00 (  2.90e+02,  2.92e+02)
45      0.221   5.24e-01   6.93e-01   2.43e-01   2.80e+00   0.00e+00 (  2.90e+02,  2.83e+02)
50      0.239   5.83e-01   8.55e-01   3.56e-01   3.19e+00   0.00e+00 (  2.82e+02,  2.69e+02)
55      0.242   6.50e-01   1.03e+00   5.08e-01   3.35e+00   0.00e+00 (  2.72e+02,  2.53e+02)
60      0.249   7.07e-01   1.18e+00   6.78e-01   3.57e+00   0.00e+00 (  2.59e+02,  2.36e+02)
65      0.259   7.61e-01   1.33e+00   8.57e-01   3.82e+00   0.00e+00 (  2.45e+02,  2.19e+02)
70      0.265   8.18e-01   1.44e+00   1.01e+00   3.99e+00   0.00e+00 (  2.32e+02,  2.05e+02)
75      0.264   8.50e-01   1.52e+00   1.14e+00   4.08e+00   0.00e+00 (  2.18e+02,  1.91e+02)
80      0.254   8.51e-01   1.53e+00   1.19e+00   4.11e+00   0.00e+00 (  2.05e+02,  1.79e+02)
85      0.320   8.23e-01   1.50e+00   1.14e+00   6.27e+00   0.00e+00 (  1.65e+02,  1.70e+02)
90      0.599   1.35e+00   1.93e+00   1.24e+00   2.13e+01   0.00e+00 (  3.12e+02,  1.62e+02)
95      0.377   7.23e-01   1.05e+00   7.82e-01   2.38e+01   0.00e+00 (  3.81e+02,  1.54e+02)
17 e: 1.124e-03 i: 5.090e-03 :: e: 1.237e-01 i: 1.031e-01 :: n: 2.762e+01 e:24.860 i:42.062 v:4.993e+03
>>> tau_he = 5.000000, nhe(0)=3.938208e+00
 5     -0.140   3.57e-02   6.93e-01  -8.65e-04  -6.57e-01   0.00e+00 (  2.51e+01,  6.91e+01)
10      0.009   2.89e-01   8.25e-02  -1.09e-01   5.19e-02   0.00e+00 (  1.69e+02,  1.35e+02)
15      0.902   9.89e-01   7.78e-01   6.97e-02   6.44e+00   0.00e+00 (  4.11e+02,  1.88e+02)
20      0.723   8.43e-01   7.48e-01   2.22e-01   5.97e+00   0.00e+00 (  4.32e+02,  2.30e+02)
25      0.319   5.44e-01   5.02e-01   8.24e-02   2.96e+00   0.00e+00 (  3.12e+02,  2.63e+02)
30      0.283   5.10e-01   4.96e-01   1.53e-01   2.91e+00   0.00e+00 (  3.10e+02,  2.84e+02)
35      0.242   4.88e-01   5.27e-01   2.00e-01   2.70e+00   0.00e+00 (  3.09e+02,  2.93e+02)
40      0.209   4.75e-01   5.76e-01   1.78e-01   2.50e+00   0.00e+00 (  2.95e+02,  2.92e+02)
45      0.224   5.30e-01   7.06e-01   2.47e-01   2.85e+00   0.00e+00 (  2.96e+02,  2.83e+02)
50      0.243   5.91e-01   8.73e-01   3.63e-01   3.23e+00   0.00e+00 (  2.88e+02,  2.69e+02)
55      0.243   6.57e-01   1.05e+00   5.17e-01   3.38e+00   0.00e+00 (  2.78e+02,  2.53e+02)
60      0.249   7.14e-01   1.20e+00   6.88e-01   3.58e+00   0.00e+00 (  2.64e+02,  2.36e+02)
65      0.259   7.68e-01   1.34e+00   8.66e-01   3.81e+00   0.00e+00 (  2.49e+02,  2.19e+02)
70      0.263   8.25e-01   1.46e+00   1.02e+00   3.97e+00   0.00e+00 (  2.36e+02,  2.05e+02)
75      0.260   8.59e-01   1.53e+00   1.14e+00   4.02e+00   0.00e+00 (  2.22e+02,  1.91e+02)
80      0.253   8.54e-01   1.54e+00   1.19e+00   4.09e+00   0.00e+00 (  2.07e+02,  1.79e+02)
85      0.318   8.27e-01   1.50e+00   1.14e+00   6.23e+00   0.00e+00 (  1.68e+02,  1.70e+02)
90      0.599   1.35e+00   1.93e+00   1.24e+00   2.13e+01   0.00e+00 (  3.14e+02,  1.62e+02)
95      0.377   7.23e-01   1.05e+00   7.82e-01   2.38e+01   0.00e+00 (  3.81e+02,  1.54e+02)
18 e: 1.143e-03 i: 4.442e-03 :: e: 1.327e-01 i: 1.069e-01 :: n: 2.762e+01 e:24.539 i:41.388 v:4.993e+03
>>> tau_he = 5.000000, nhe(0)=3.921661e+00
 5     -0.141   3.17e-02   6.67e-01  -2.86e-03  -6.62e-01   0.00e+00 (  2.23e+01,  6.91e+01)
10      0.037   2.90e-01   8.53e-02  -1.12e-01   2.17e-01   0.00e+00 (  1.63e+02,  1.35e+02)
15      0.206   3.02e-01   1.19e-01   1.32e-02   1.47e+00   0.00e+00 (  1.18e+02,  1.88e+02)
20      0.169   2.97e-01   1.88e-01   1.25e-03   1.40e+00   0.00e+00 (  1.43e+02,  2.30e+02)
25      0.310   5.31e-01   4.84e-01   6.91e-02   2.88e+00   0.00e+00 (  2.97e+02,  2.63e+02)
30      0.279   5.03e-01   4.87e-01   1.46e-01   2.86e+00   0.00e+00 (  3.01e+02,  2.84e+02)
35      0.238   4.81e-01   5.21e-01   2.09e-01   2.65e+00   0.00e+00 (  3.01e+02,  2.93e+02)
40      0.207   4.72e-01   5.71e-01   1.76e-01   2.48e+00   0.00e+00 (  2.91e+02,  2.92e+02)
45      0.223   5.26e-01   6.99e-01   2.46e-01   2.83e+00   0.00e+00 (  2.92e+02,  2.83e+02)
50      0.241   5.86e-01   8.63e-01   3.59e-01   3.21e+00   0.00e+00 (  2.85e+02,  2.69e+02)
55      0.243   6.53e-01   1.03e+00   5.12e-01   3.36e+00   0.00e+00 (  2.74e+02,  2.53e+02)
60      0.249   7.09e-01   1.19e+00   6.81e-01   3.57e+00   0.00e+00 (  2.60e+02,  2.36e+02)
65      0.258   7.63e-01   1.33e+00   8.58e-01   3.81e+00   0.00e+00 (  2.46e+02,  2.19e+02)
70      0.264   8.20e-01   1.45e+00   1.01e+00   3.98e+00   0.00e+00 (  2.33e+02,  2.05e+02)
75      0.262   8.56e-01   1.52e+00   1.13e+00   4.04e+00   0.00e+00 (  2.20e+02,  1.91e+02)
80      0.253   8.54e-01   1.54e+00   1.19e+00   4.10e+00   0.00e+00 (  2.06e+02,  1.79e+02)
85      0.320   8.29e-01   1.51e+00   1.14e+00   6.27e+00   0.00e+00 (  1.68e+02,  1.70e+02)
90      0.600   1.35e+00   1.94e+00   1.24e+00   2.14e+01   0.00e+00 (  3.14e+02,  1.62e+02)
95      0.377   7.23e-01   1.05e+00   7.82e-01   2.38e+01   0.00e+00 (  3.81e+02,  1.54e+02)
19 e: 5.497e-04 i: 5.379e-03 :: e: 1.058e-01 i: 9.139e-02 :: n: 2.762e+01 e:24.531 i:41.755 v:4.993e+03
>>> tau_he = 5.000000, nhe(0)=3.929685e+00
 5     -0.135   3.42e-02   6.90e-01  -1.88e-04  -6.35e-01   0.00e+00 (  2.40e+01,  6.91e+01)
10      0.029   2.79e-01   6.79e-02  -9.99e-02   1.71e-01   0.00e+00 (  1.56e+02,  1.35e+02)
15      0.909   9.91e-01   7.73e-01   6.68e-02   6.49e+00   0.00e+00 (  4.01e+02,  1.88e+02)
20      0.170   3.14e-01   2.02e-01  -5.24e-03   1.40e+00   0.00e+00 (  1.54e+02,  2.30e+02)
25      0.313   5.32e-01   4.84e-01   7.07e-02   2.91e+00   0.00e+00 (  2.96e+02,  2.63e+02)
30      0.279   5.02e-01   4.84e-01   1.44e-01   2.87e+00   0.00e+00 (  2.98e+02,  2.84e+02)
35      0.238   4.79e-01   5.19e-01   2.08e-01   2.66e+00   0.00e+00 (  2.97e+02,  2.93e+02)
40      0.209   4.71e-01   5.70e-01   1.76e-01   2.50e+00   0.00e+00 (  2.89e+02,  2.92e+02)
45      0.225   5.25e-01   7.00e-01   2.49e-01   2.85e+00   0.00e+00 (  2.90e+02,  2.83e+02)
50      0.242   5.85e-01   8.65e-01   3.60e-01   3.23e+00   0.00e+00 (  2.83e+02,  2.69e+02)
55      0.243   6.51e-01   1.04e+00   5.13e-01   3.37e+00   0.00e+00 (  2.73e+02,  2.53e+02)
60      0.249   7.08e-01   1.19e+00   6.82e-01   3.57e+00   0.00e+00 (  2.59e+02,  2.36e+02)
65      0.258   7.61e-01   1.33e+00   8.57e-01   3.80e+00   0.00e+00 (  2.45e+02,  2.19e+02)
70      0.263   8.19e-01   1.44e+00   1.01e+00   3.96e+00   0.00e+00 (  2.32e+02,  2.05e+02)
75      0.261   8.53e-01   1.52e+00   1.13e+00   4.02e+00   0.00e+00 (  2.19e+02,  1.91e+02)
80      0.254   8.50e-01   1.53e+00   1.18e+00   4.11e+00   0.00e+00 (  2.05e+02,  1.79e+02)
85      0.319   8.29e-01   1.51e+00   1.14e+00   6.25e+00   0.00e+00 (  1.68e+02,  1.70e+02)
90      0.600   1.35e+00   1.94e+00   1.24e+00   2.14e+01   0.00e+00 (  3.15e+02,  1.62e+02)
95      0.377   7.23e-01   1.05e+00   7.82e-01   2.38e+01   0.00e+00 (  3.81e+02,  1.54e+02)
20 e: 7.686e-04 i: 3.324e-03 :: e: 9.692e-02 i: 7.856e-02 :: n: 2.762e+01 e:24.520 i:41.706 v:4.993e+03
>>> tau_he = 5.000000, nhe(0)=3.929041e+00
 5     -0.140   3.52e-02   6.80e-01  -7.48e-04  -6.58e-01   0.00e+00 (  2.48e+01,  6.91e+01)
10      0.054   2.92e-01   7.98e-02  -1.09e-01   3.22e-01   0.00e+00 (  1.60e+02,  1.35e+02)
15      0.215   3.13e-01   1.26e-01   2.22e-02   1.53e+00   0.00e+00 (  1.22e+02,  1.88e+02)
20      0.706   8.25e-01   7.27e-01   2.09e-01   5.83e+00   0.00e+00 (  4.13e+02,  2.30e+02)
25      0.312   5.31e-01   4.86e-01   7.38e-02   2.91e+00   0.00e+00 (  2.99e+02,  2.63e+02)
30      0.277   5.01e-01   4.84e-01   1.45e-01   2.85e+00   0.00e+00 (  2.98e+02,  2.84e+02)
35      0.237   4.78e-01   5.19e-01   2.08e-01   2.65e+00   0.00e+00 (  2.98e+02,  2.93e+02)
40      0.208   4.70e-01   5.71e-01   1.76e-01   2.49e+00   0.00e+00 (  2.89e+02,  2.92e+02)
45      0.224   5.25e-01   7.02e-01   2.50e-01   2.85e+00   0.00e+00 (  2.91e+02,  2.83e+02)
50      0.242   5.85e-01   8.66e-01   3.60e-01   3.22e+00   0.00e+00 (  2.83e+02,  2.69e+02)
55      0.242   6.51e-01   1.04e+00   5.13e-01   3.36e+00   0.00e+00 (  2.72e+02,  2.53e+02)
60      0.248   7.07e-01   1.19e+00   6.81e-01   3.55e+00   0.00e+00 (  2.58e+02,  2.36e+02)
65      0.256   7.59e-01   1.32e+00   8.55e-01   3.78e+00   0.00e+00 (  2.43e+02,  2.19e+02)
70      0.261   8.16e-01   1.44e+00   1.01e+00   3.94e+00   0.00e+00 (  2.31e+02,  2.05e+02)
75      0.259   8.51e-01   1.51e+00   1.12e+00   4.00e+00   0.00e+00 (  2.18e+02,  1.91e+02)
80      0.253   8.48e-01   1.53e+00   1.18e+00   4.09e+00   0.00e+00 (  2.04e+02,  1.79e+02)
85      0.319   8.28e-01   1.51e+00   1.14e+00   6.24e+00   0.00e+00 (  1.68e+02,  1.70e+02)
90      0.600   1.35e+00   1.94e+00   1.24e+00   2.14e+01   0.00e+00 (  3.15e+02,  1.62e+02)
95      0.377   7.23e-01   1.05e+00   7.82e-01   2.38e+01   0.00e+00 (  3.81e+02,  1.54e+02)
21 e: 1.493e-03 i: 9.119e-03 :: e: 1.036e-01 i: 8.500e-02 :: n: 2.762e+01 e:24.380 i:42.048 v:4.993e+03
>>> tau_he = 5.000000, nhe(0)=3.937317e+00
 5     -0.138   3.50e-02   7.01e-01  -2.36e-04  -6.47e-01   0.00e+00 (  2.47e+01,  6.91e+01)
10      0.042   2.80e-01   6.66e-02  -9.92e-02   2.50e-01   0.00e+00 (  1.54e+02,  1.35e+02)
15      0.955   1.03e+00   7.98e-01   7.49e-02   6.82e+00   0.00e+00 (  4.13e+02,  1.88e+02)
20      0.172   3.10e-01   1.97e-01  -4.49e-03   1.42e+00   0.00e+00 (  1.49e+02,  2.30e+02)
25      0.313   5.29e-01   4.79e-01   6.53e-02   2.91e+00   0.00e+00 (  2.90e+02,  2.63e+02)
30      0.281   5.00e-01   4.81e-01   1.42e-01   2.88e+00   0.00e+00 (  2.94e+02,  2.84e+02)
35      0.241   4.80e-01   5.15e-01   1.93e-01   2.70e+00   0.00e+00 (  2.96e+02,  2.93e+02)
40      0.210   4.69e-01   5.66e-01   1.77e-01   2.51e+00   0.00e+00 (  2.86e+02,  2.92e+02)
45      0.226   5.22e-01   6.95e-01   2.48e-01   2.87e+00   0.00e+00 (  2.87e+02,  2.83e+02)
50      0.243   5.81e-01   8.58e-01   3.57e-01   3.24e+00   0.00e+00 (  2.79e+02,  2.69e+02)
55      0.244   6.47e-01   1.03e+00   5.08e-01   3.38e+00   0.00e+00 (  2.69e+02,  2.53e+02)
60      0.249   7.02e-01   1.18e+00   6.76e-01   3.58e+00   0.00e+00 (  2.55e+02,  2.36e+02)
65      0.258   7.54e-01   1.32e+00   8.49e-01   3.80e+00   0.00e+00 (  2.40e+02,  2.19e+02)
70      0.264   8.12e-01   1.43e+00   1.00e+00   3.97e+00   0.00e+00 (  2.28e+02,  2.05e+02)
75      0.262   8.47e-01   1.51e+00   1.12e+00   4.04e+00   0.00e+00 (  2.15e+02,  1.91e+02)
80      0.255   8.45e-01   1.53e+00   1.18e+00   4.13e+00   0.00e+00 (  2.02e+02,  1.79e+02)
85      0.321   8.28e-01   1.51e+00   1.14e+00   6.28e+00   0.00e+00 (  1.68e+02,  1.70e+02)
90      0.601   1.35e+00   1.94e+00   1.24e+00   2.14e+01   0.00e+00 (  3.15e+02,  1.62e+02)
95      0.377   7.23e-01   1.05e+00   7.82e-01   2.38e+01   0.00e+00 (  3.81e+02,  1.54e+02)
22 e: 8.513e-04 i: 4.331e-03 :: e: 8.678e-02 i: 6.736e-02 :: n: 2.762e+01 e:24.471 i:41.994 v:4.993e+03
>>> tau_he = 5.000000, nhe(0)=3.936586e+00
 5     -0.143   3.57e-02   6.90e-01  -1.00e-03  -6.73e-01   0.00e+00 (  2.54e+01,  6.91e+01)
10      0.069   2.97e-01   8.19e-02  -1.11e-01   4.12e-01   0.00e+00 (  1.59e+02,  1.35e+02)
15      0.222   3.20e-01   1.31e-01   3.00e-02   1.58e+00   0.00e+00 (  1.24e+02,  1.88e+02)
20      0.698   8.20e-01   7.20e-01   1.99e-01   5.76e+00   0.00e+00 (  4.02e+02,  2.30e+02)
25      0.316   5.35e-01   4.88e-01   7.30e-02   2.94e+00   0.00e+00 (  2.97e+02,  2.63e+02)
30      0.282   5.03e-01   4.87e-01   1.47e-01   2.90e+00   0.00e+00 (  2.99e+02,  2.84e+02)
35      0.243   4.83e-01   5.21e-01   1.97e-01   2.71e+00   0.00e+00 (  3.01e+02,  2.93e+02)
40      0.211   4.72e-01   5.74e-01   1.79e-01   2.53e+00   0.00e+00 (  2.90e+02,  2.92e+02)
45      0.228   5.27e-01   7.07e-01   2.53e-01   2.89e+00   0.00e+00 (  2.92e+02,  2.83e+02)
50      0.244   5.87e-01   8.72e-01   3.62e-01   3.26e+00   0.00e+00 (  2.84e+02,  2.69e+02)
55      0.244   6.52e-01   1.04e+00   5.17e-01   3.39e+00   0.00e+00 (  2.73e+02,  2.53e+02)
60      0.249   7.07e-01   1.19e+00   6.84e-01   3.57e+00   0.00e+00 (  2.58e+02,  2.36e+02)
65      0.256   7.59e-01   1.33e+00   8.56e-01   3.78e+00   0.00e+00 (  2.43e+02,  2.19e+02)
70      0.261   8.16e-01   1.44e+00   1.01e+00   3.94e+00   0.00e+00 (  2.30e+02,  2.05e+02)
75      0.259   8.50e-01   1.51e+00   1.12e+00   3.99e+00   0.00e+00 (  2.17e+02,  1.91e+02)
80      0.252   8.46e-01   1.53e+00   1.18e+00   4.07e+00   0.00e+00 (  2.03e+02,  1.79e+02)
85      0.318   8.28e-01   1.51e+00   1.14e+00   6.23e+00   0.00e+00 (  1.69e+02,  1.70e+02)
90      0.600   1.35e+00   1.94e+00   1.24e+00   2.14e+01   0.00e+00 (  3.16e+02,  1.62e+02)
95      0.377   7.23e-01   1.05e+00   7.82e-01   2.38e+01   0.00e+00 (  3.81e+02,  1.54e+02)
23 e: 1.322e-03 i: 8.505e-03 :: e: 9.415e-02 i: 7.678e-02 :: n: 2.762e+01 e:24.298 i:42.339 v:4.993e+03
>>> tau_he = 5.000000, nhe(0)=3.944779e+00
 5     -0.141   3.63e-02   7.12e-01  -1.56e-05  -6.59e-01   0.00e+00 (  2.57e+01,  6.91e+01)
10      0.057   2.84e-01   6.68e-02  -9.97e-02   3.36e-01   0.00e+00 (  1.52e+02,  1.35e+02)
15      0.993   1.06e+00   8.19e-01   8.19e-02   7.08e+00   0.00e+00 (  4.21e+02,  1.88e+02)
20      0.175   3.10e-01   1.94e-01  -1.47e-03   1.44e+00   0.00e+00 (  1.47e+02,  2.30e+02)
25      0.315   5.31e-01   4.79e-01   6.24e-02   2.93e+00   0.00e+00 (  2.88e+02,  2.63e+02)
30      0.284   5.02e-01   4.83e-01   1.42e-01   2.92e+00   0.00e+00 (  2.95e+02,  2.84e+02)
35      0.244   4.82e-01   5.15e-01   1.94e-01   2.72e+00   0.00e+00 (  2.96e+02,  2.93e+02)
40      0.213   4.66e-01   5.62e-01   1.72e-01   2.55e+00   0.00e+00 (  2.84e+02,  2.92e+02)
45      0.228   5.23e-01   6.94e-01   2.47e-01   2.89e+00   0.00e+00 (  2.87e+02,  2.83e+02)
50      0.245   5.81e-01   8.56e-01   3.56e-01   3.26e+00   0.00e+00 (  2.79e+02,  2.69e+02)
55      0.245   6.46e-01   1.03e+00   5.08e-01   3.40e+00   0.00e+00 (  2.68e+02,  2.53e+02)
60      0.251   7.01e-01   1.18e+00   6.75e-01   3.59e+00   0.00e+00 (  2.54e+02,  2.36e+02)
65      0.259   7.53e-01   1.31e+00   8.47e-01   3.82e+00   0.00e+00 (  2.39e+02,  2.19e+02)
70      0.265   8.10e-01   1.43e+00   1.00e+00   3.99e+00   0.00e+00 (  2.27e+02,  2.05e+02)
75      0.263   8.45e-01   1.50e+00   1.12e+00   4.06e+00   0.00e+00 (  2.14e+02,  1.91e+02)
80      0.255   8.46e-01   1.52e+00   1.18e+00   4.12e+00   0.00e+00 (  2.01e+02,  1.79e+02)
85      0.322   8.30e-01   1.51e+00   1.14e+00   6.30e+00   0.00e+00 (  1.68e+02,  1.70e+02)
90      0.601   1.35e+00   1.94e+00   1.25e+00   2.14e+01   0.00e+00 (  3.16e+02,  1.62e+02)
95      0.377   7.23e-01   1.05e+00   7.82e-01   2.38e+01   0.00e+00 (  3.81e+02,  1.54e+02)
24 e: 8.526e-04 i: 5.162e-03 :: e: 7.933e-02 i: 6.105e-02 :: n: 2.762e+01 e:24.440 i:42.328 v:4.993e+03
>>> tau_he = 5.000000, nhe(0)=3.945110e+00
 5     -0.146   3.66e-02   7.00e-01  -1.34e-03  -6.86e-01   0.00e+00 (  2.60e+01,  6.91e+01)
10      0.084   3.03e-01   8.45e-02  -1.13e-01   4.99e-01   0.00e+00 (  1.60e+02,  1.35e+02)
15      0.910   1.01e+00   7.68e-01   5.96e-02   6.49e+00   0.00e+00 (  3.90e+02,  1.88e+02)
20      0.699   8.26e-01   7.20e-01   1.95e-01   5.77e+00   0.00e+00 (  3.99e+02,  2.30e+02)
25      0.321   5.40e-01   4.90e-01   7.20e-02   2.98e+00   0.00e+00 (  2.97e+02,  2.63e+02)
30      0.287   5.08e-01   4.91e-01   1.49e-01   2.95e+00   0.00e+00 (  3.01e+02,  2.84e+02)
35      0.246   4.86e-01   5.24e-01   1.99e-01   2.75e+00   0.00e+00 (  3.02e+02,  2.93e+02)
40      0.214   4.74e-01   5.77e-01   1.82e-01   2.56e+00   0.00e+00 (  2.92e+02,  2.92e+02)
45      0.231   5.29e-01   7.10e-01   2.53e-01   2.93e+00   0.00e+00 (  2.94e+02,  2.83e+02)
50      0.247   5.89e-01   8.76e-01   3.63e-01   3.29e+00   0.00e+00 (  2.85e+02,  2.69e+02)
55      0.246   6.54e-01   1.05e+00   5.19e-01   3.42e+00   0.00e+00 (  2.74e+02,  2.53e+02)
60      0.250   7.10e-01   1.20e+00   6.86e-01   3.59e+00   0.00e+00 (  2.59e+02,  2.36e+02)
65      0.258   7.61e-01   1.33e+00   8.58e-01   3.80e+00   0.00e+00 (  2.44e+02,  2.19e+02)
70      0.262   8.18e-01   1.44e+00   1.01e+00   3.95e+00   0.00e+00 (  2.31e+02,  2.05e+02)
75      0.259   8.51e-01   1.51e+00   1.13e+00   4.00e+00   0.00e+00 (  2.18e+02,  1.91e+02)
80      0.252   8.48e-01   1.53e+00   1.18e+00   4.08e+00   0.00e+00 (  2.04e+02,  1.79e+02)
85      0.318   8.31e-01   1.51e+00   1.14e+00   6.23e+00   0.00e+00 (  1.70e+02,  1.70e+02)
90      0.601   1.35e+00   1.94e+00   1.25e+00   2.14e+01   0.00e+00 (  3.17e+02,  1.62e+02)
95      0.377   7.23e-01   1.05e+00   7.82e-01   2.38e+01   0.00e+00 (  3.81e+02,  1.54e+02)
25 e: 8.119e-04 i: 3.789e-03 :: e: 8.765e-02 i: 6.641e-02 :: n: 2.762e+01 e:24.152 i:41.722 v:4.993e+03
>>> tau_he = 5.000000, nhe(0)=3.930468e+00
 5     -0.147   3.29e-02   6.76e-01  -3.36e-03  -6.88e-01   0.00e+00 (  2.33e+01,  6.91e+01)
10      0.100   3.03e-01   8.72e-02  -1.15e-01   5.98e-01   0.00e+00 (  1.55e+02,  1.35e+02)
15      0.217   3.10e-01   1.18e-01   2.76e-02   1.55e+00   0.00e+00 (  1.13e+02,  1.88e+02)
20      0.173   2.92e-01   1.82e-01   4.89e-03   1.43e+00   0.00e+00 (  1.34e+02,  2.30e+02)
25      0.312   5.28e-01   4.74e-01   6.10e-02   2.90e+00   0.00e+00 (  2.85e+02,  2.63e+02)
30      0.282   5.01e-01   4.82e-01   1.41e-01   2.90e+00   0.00e+00 (  2.93e+02,  2.84e+02)
35      0.243   4.81e-01   5.17e-01   1.94e-01   2.71e+00   0.00e+00 (  2.96e+02,  2.93e+02)
40      0.212   4.70e-01   5.69e-01   1.79e-01   2.54e+00   0.00e+00 (  2.87e+02,  2.92e+02)
45      0.228   5.24e-01   6.99e-01   2.50e-01   2.90e+00   0.00e+00 (  2.89e+02,  2.83e+02)
50      0.244   5.83e-01   8.62e-01   3.58e-01   3.26e+00   0.00e+00 (  2.80e+02,  2.69e+02)
55      0.244   6.48e-01   1.03e+00   5.10e-01   3.39e+00   0.00e+00 (  2.70e+02,  2.53e+02)
60      0.249   7.03e-01   1.18e+00   6.77e-01   3.58e+00   0.00e+00 (  2.55e+02,  2.36e+02)
65      0.257   7.55e-01   1.32e+00   8.49e-01   3.79e+00   0.00e+00 (  2.40e+02,  2.19e+02)
70      0.263   8.12e-01   1.43e+00   1.00e+00   3.97e+00   0.00e+00 (  2.28e+02,  2.05e+02)
75      0.261   8.46e-01   1.51e+00   1.12e+00   4.04e+00   0.00e+00 (  2.15e+02,  1.91e+02)
80      0.255   8.45e-01   1.52e+00   1.18e+00   4.13e+00   0.00e+00 (  2.02e+02,  1.79e+02)
85      0.321   8.31e-01   1.51e+00   1.14e+00   6.28e+00   0.00e+00 (  1.69e+02,  1.70e+02)
90      0.601   1.35e+00   1.94e+00   1.25e+00   2.14e+01   0.00e+00 (  3.16e+02,  1.62e+02)
95      0.377   7.23e-01   1.05e+00   7.82e-01   2.38e+01   0.00e+00 (  3.81e+02,  1.54e+02)
26 e: 5.287e-04 i: 5.472e-03 :: e: 7.742e-02 i: 5.962e-02 :: n: 2.762e+01 e:24.181 i:41.972 v:4.993e+03
>>> tau_he = 5.000000, nhe(0)=3.935589e+00
 5     -0.139   3.54e-02   6.95e-01  -4.00e-04  -6.52e-01   0.00e+00 (  2.49e+01,  6.91e+01)
10      0.086   2.89e-01   6.80e-02  -1.01e-01   5.09e-01   0.00e+00 (  1.48e+02,  1.35e+02)
15      0.918   1.02e+00   7.67e-01   5.93e-02   6.55e+00   0.00e+00 (  3.86e+02,  1.88e+02)
20      0.178   3.13e-01   1.97e-01  -1.30e-03   1.47e+00   0.00e+00 (  1.47e+02,  2.30e+02)
25      0.315   5.29e-01   4.77e-01   6.47e-02   2.93e+00   0.00e+00 (  2.85e+02,  2.63e+02)
30      0.283   4.95e-01   4.81e-01   1.42e-01   2.91e+00   0.00e+00 (  2.88e+02,  2.84e+02)
35      0.244   4.80e-01   5.16e-01   1.93e-01   2.72e+00   0.00e+00 (  2.94e+02,  2.93e+02)
40      0.213   4.66e-01   5.66e-01   1.61e-01   2.56e+00   0.00e+00 (  2.83e+02,  2.92e+02)
45      0.229   5.24e-01   7.02e-01   2.53e-01   2.91e+00   0.00e+00 (  2.88e+02,  2.83e+02)
50      0.245   5.83e-01   8.66e-01   3.60e-01   3.27e+00   0.00e+00 (  2.80e+02,  2.69e+02)
55      0.245   6.48e-01   1.03e+00   5.13e-01   3.40e+00   0.00e+00 (  2.69e+02,  2.53e+02)
60      0.249   7.03e-01   1.18e+00   6.79e-01   3.58e+00   0.00e+00 (  2.55e+02,  2.36e+02)
65      0.257   7.54e-01   1.32e+00   8.50e-01   3.79e+00   0.00e+00 (  2.40e+02,  2.19e+02)
70      0.262   8.12e-01   1.43e+00   1.00e+00   3.95e+00   0.00e+00 (  2.28e+02,  2.05e+02)
75      0.260   8.46e-01   1.50e+00   1.12e+00   4.01e+00   0.00e+00 (  2.15e+02,  1.91e+02)
80      0.253   8.44e-01   1.52e+00   1.17e+00   4.09e+00   0.00e+00 (  2.01e+02,  1.79e+02)
85      0.319   8.30e-01   1.51e+00   1.14e+00   6.24e+00   0.00e+00 (  1.69e+02,  1.70e+02)
90      0.601   1.35e+00   1.94e+00   1.25e+00   2.14e+01   0.00e+00 (  3.17e+02,  1.62e+02)
95      0.377   7.23e-01   1.05e+00   7.82e-01   2.38e+01   0.00e+00 (  3.81e+02,  1.54e+02)
27 e: 6.907e-04 i: 3.534e-03 :: e: 6.509e-02 i: 4.860e-02 :: n: 2.762e+01 e:24.185 i:42.019 v:4.993e+03
>>> tau_he = 5.000000, nhe(0)=3.937086e+00
 5     -0.144   3.62e-02   6.88e-01  -1.14e-03  -6.74e-01   0.00e+00 (  2.55e+01,  6.91e+01)
10      0.106   3.02e-01   8.07e-02  -1.10e-01   6.28e-01   0.00e+00 (  1.53e+02,  1.35e+02)
15      0.226   3.21e-01   1.26e-01   3.59e-02   1.61e+00   0.00e+00 (  1.18e+02,  1.88e+02)
20      0.699   8.20e-01   7.14e-01   1.92e-01   5.77e+00   0.00e+00 (  3.94e+02,  2.30e+02)
25      0.315   5.30e-01   4.81e-01   6.79e-02   2.93e+00   0.00e+00 (  2.90e+02,  2.63e+02)
30      0.281   4.99e-01   4.81e-01   1.42e-01   2.89e+00   0.00e+00 (  2.92e+02,  2.84e+02)
35      0.242   4.79e-01   5.16e-01   1.93e-01   2.71e+00   0.00e+00 (  2.95e+02,  2.93e+02)
40      0.212   4.68e-01   5.70e-01   1.68e-01   2.54e+00   0.00e+00 (  2.86e+02,  2.92e+02)
45      0.228   5.24e-01   7.02e-01   2.53e-01   2.90e+00   0.00e+00 (  2.88e+02,  2.83e+02)
50      0.244   5.82e-01   8.64e-01   3.59e-01   3.25e+00   0.00e+00 (  2.79e+02,  2.69e+02)
55      0.244   6.47e-01   1.03e+00   5.11e-01   3.38e+00   0.00e+00 (  2.68e+02,  2.53e+02)
60      0.248   7.01e-01   1.18e+00   6.77e-01   3.56e+00   0.00e+00 (  2.54e+02,  2.36e+02)
65      0.256   7.52e-01   1.31e+00   8.47e-01   3.77e+00   0.00e+00 (  2.39e+02,  2.19e+02)
70      0.261   8.09e-01   1.43e+00   9.98e-01   3.94e+00   0.00e+00 (  2.26e+02,  2.05e+02)
75      0.260   8.43e-01   1.50e+00   1.11e+00   4.01e+00   0.00e+00 (  2.14e+02,  1.91e+02)
80      0.253   8.41e-01   1.52e+00   1.17e+00   4.09e+00   0.00e+00 (  2.00e+02,  1.79e+02)
85      0.319   8.29e-01   1.51e+00   1.14e+00   6.24e+00   0.00e+00 (  1.68e+02,  1.70e+02)
90      0.601   1.35e+00   1.94e+00   1.25e+00   2.14e+01   0.00e+00 (  3.17e+02,  1.62e+02)
95      0.377   7.23e-01   1.05e+00   7.82e-01   2.38e+01   0.00e+00 (  3.81e+02,  1.54e+02)
28 e: 1.327e-03 i: 8.888e-03 :: e: 7.637e-02 i: 5.733e-02 :: n: 2.762e+01 e:24.103 i:42.304 v:4.993e+03
>>> tau_he = 5.000000, nhe(0)=3.943991e+00
 5     -0.141   3.63e-02   7.08e-01  -4.37e-04  -6.59e-01   0.00e+00 (  2.57e+01,  6.91e+01)
10      0.089   2.89e-01   6.65e-02  -1.00e-01   5.31e-01   0.00e+00 (  1.47e+02,  1.35e+02)
15      0.972   1.06e+00   8.00e-01   7.07e-02   6.94e+00   0.00e+00 (  4.02e+02,  1.88e+02)
20      0.179   3.12e-01   1.94e-01  -6.59e-05   1.48e+00   0.00e+00 (  1.45e+02,  2.30e+02)
25      0.316   5.29e-01   4.76e-01   6.17e-02   2.94e+00   0.00e+00 (  2.84e+02,  2.63e+02)
30      0.284   5.00e-01   4.80e-01   1.41e-01   2.92e+00   0.00e+00 (  2.91e+02,  2.84e+02)
35      0.245   4.80e-01   5.14e-01   1.93e-01   2.73e+00   0.00e+00 (  2.93e+02,  2.93e+02)
40      0.214   4.64e-01   5.63e-01   1.62e-01   2.57e+00   0.00e+00 (  2.82e+02,  2.92e+02)
45      0.230   5.22e-01   6.97e-01   2.51e-01   2.92e+00   0.00e+00 (  2.86e+02,  2.83e+02)
50      0.246   5.80e-01   8.59e-01   3.57e-01   3.27e+00   0.00e+00 (  2.77e+02,  2.69e+02)
55      0.245   6.44e-01   1.03e+00   5.10e-01   3.40e+00   0.00e+00 (  2.66e+02,  2.53e+02)
60      0.250   6.99e-01   1.18e+00   6.75e-01   3.59e+00   0.00e+00 (  2.52e+02,  2.36e+02)
65      0.258   7.50e-01   1.31e+00   8.45e-01   3.80e+00   0.00e+00 (  2.37e+02,  2.19e+02)
70      0.263   8.07e-01   1.42e+00   9.96e-01   3.97e+00   0.00e+00 (  2.25e+02,  2.05e+02)
75      0.262   8.42e-01   1.50e+00   1.11e+00   4.04e+00   0.00e+00 (  2.12e+02,  1.91e+02)
80      0.255   8.40e-01   1.52e+00   1.17e+00   4.12e+00   0.00e+00 (  1.99e+02,  1.79e+02)
85      0.320   8.29e-01   1.51e+00   1.14e+00   6.27e+00   0.00e+00 (  1.68e+02,  1.70e+02)
90      0.601   1.35e+00   1.94e+00   1.25e+00   2.14e+01   0.00e+00 (  3.17e+02,  1.62e+02)
95      0.377   7.23e-01   1.05e+00   7.82e-01   2.38e+01   0.00e+00 (  3.81e+02,  1.54e+02)
29 e: 7.192e-04 i: 4.581e-03 :: e: 6.065e-02 i: 4.503e-02 :: n: 2.762e+01 e:24.216 i:42.367 v:4.993e+03
>>> tau_he = 5.000000, nhe(0)=3.945978e+00
 5     -0.146   3.68e-02   7.00e-01  -1.43e-03  -6.87e-01   0.00e+00 (  2.61e+01,  6.91e+01)
10      0.112   3.07e-01   8.32e-02  -1.12e-01   6.69e-01   0.00e+00 (  1.54e+02,  1.35e+02)
15      0.892   1.01e+00   7.91e-01   1.86e-01   6.36e+00   0.00e+00 (  3.75e+02,  1.88e+02)
20      0.705   8.29e-01   7.18e-01   1.93e-01   5.82e+00   0.00e+00 (  3.94e+02,  2.30e+02)
25      0.320   5.36e-01   4.86e-01   6.92e-02   2.98e+00   0.00e+00 (  2.92e+02,  2.63e+02)
30      0.287   5.05e-01   4.87e-01   1.46e-01   2.95e+00   0.00e+00 (  2.96e+02,  2.84e+02)
35      0.246   4.83e-01   5.20e-01   1.97e-01   2.75e+00   0.00e+00 (  2.98e+02,  2.93e+02)
40      0.216   4.68e-01   5.70e-01   1.65e-01   2.58e+00   0.00e+00 (  2.86e+02,  2.92e+02)
45      0.231   5.26e-01   7.07e-01   2.54e-01   2.94e+00   0.00e+00 (  2.91e+02,  2.83e+02)
50      0.247   5.85e-01   8.70e-01   3.61e-01   3.29e+00   0.00e+00 (  2.82e+02,  2.69e+02)
55      0.246   6.50e-01   1.04e+00   5.16e-01   3.41e+00   0.00e+00 (  2.70e+02,  2.53e+02)
60      0.250   7.04e-01   1.19e+00   6.81e-01   3.58e+00   0.00e+00 (  2.56e+02,  2.36e+02)
65      0.257   7.55e-01   1.32e+00   8.52e-01   3.79e+00   0.00e+00 (  2.40e+02,  2.19e+02)
70      0.262   8.12e-01   1.43e+00   1.00e+00   3.95e+00   0.00e+00 (  2.28e+02,  2.05e+02)
75      0.259   8.45e-01   1.50e+00   1.12e+00   4.01e+00   0.00e+00 (  2.15e+02,  1.91e+02)
80      0.252   8.43e-01   1.52e+00   1.17e+00   4.09e+00   0.00e+00 (  2.01e+02,  1.79e+02)
85      0.319   8.30e-01   1.51e+00   1.14e+00   6.24e+00   0.00e+00 (  1.69e+02,  1.70e+02)
90      0.601   1.35e+00   1.94e+00   1.25e+00   2.14e+01   0.00e+00 (  3.17e+02,  1.62e+02)
95      0.377   7.23e-01   1.05e+00   7.82e-01   2.38e+01   0.00e+00 (  3.81e+02,  1.54e+02)
30 e: 6.739e-04 i: 4.194e-03 :: e: 6.878e-02 i: 5.088e-02 :: n: 2.762e+01 e:24.004 i:41.724 v:4.993e+03
>>> tau_he = 5.000000, nhe(0)=3.930573e+00
 5     -0.147   3.30e-02   6.74e-01  -3.47e-03  -6.91e-01   0.00e+00 (  2.33e+01,  6.91e+01)
10      0.126   3.08e-01   8.80e-02  -1.16e-01   7.49e-01   0.00e+00 (  1.51e+02,  1.35e+02)
15      0.219   3.11e-01   1.15e-01   3.15e-02   1.56e+00   0.00e+00 (  1.10e+02,  1.88e+02)
20      0.176   2.93e-01   1.82e-01   5.60e-03   1.45e+00   0.00e+00 (  1.32e+02,  2.30e+02)
25      0.313   5.27e-01   4.72e-01   6.10e-02   2.91e+00   0.00e+00 (  2.82e+02,  2.63e+02)
30      0.283   4.95e-01   4.80e-01   1.41e-01   2.91e+00   0.00e+00 (  2.88e+02,  2.84e+02)
35      0.244   4.80e-01   5.15e-01   1.93e-01   2.72e+00   0.00e+00 (  2.94e+02,  2.93e+02)
40      0.214   4.65e-01   5.66e-01   1.62e-01   2.56e+00   0.00e+00 (  2.84e+02,  2.92e+02)
45      0.229   5.23e-01   7.01e-01   2.53e-01   2.91e+00   0.00e+00 (  2.87e+02,  2.83e+02)
50      0.245   5.82e-01   8.63e-01   3.59e-01   3.26e+00   0.00e+00 (  2.79e+02,  2.69e+02)
55      0.244   6.46e-01   1.03e+00   5.11e-01   3.39e+00   0.00e+00 (  2.68e+02,  2.53e+02)
60      0.249   7.01e-01   1.18e+00   6.77e-01   3.57e+00   0.00e+00 (  2.53e+02,  2.36e+02)
65      0.257   7.52e-01   1.31e+00   8.47e-01   3.78e+00   0.00e+00 (  2.38e+02,  2.19e+02)
70      0.262   8.09e-01   1.43e+00   9.97e-01   3.95e+00   0.00e+00 (  2.26e+02,  2.05e+02)
75      0.260   8.43e-01   1.50e+00   1.11e+00   4.02e+00   0.00e+00 (  2.13e+02,  1.91e+02)
80      0.254   8.41e-01   1.52e+00   1.17e+00   4.11e+00   0.00e+00 (  2.00e+02,  1.79e+02)
85      0.320   8.29e-01   1.51e+00   1.14e+00   6.26e+00   0.00e+00 (  1.68e+02,  1.70e+02)
90      0.601   1.35e+00   1.94e+00   1.25e+00   2.14e+01   0.00e+00 (  3.17e+02,  1.62e+02)
95      0.377   7.23e-01   1.05e+00   7.82e-01   2.38e+01   0.00e+00 (  3.81e+02,  1.54e+02)
31 e: 5.093e-04 i: 5.582e-03 :: e: 6.698e-02 i: 4.848e-02 :: n: 2.762e+01 e:24.002 i:41.976 v:4.993e+03
>>> tau_he = 5.000000, nhe(0)=3.935696e+00
 5     -0.139   3.54e-02   6.94e-01  -4.87e-04  -6.51e-01   0.00e+00 (  2.49e+01,  6.91e+01)
10      0.109   2.93e-01   6.76e-02  -1.01e-01   6.48e-01   0.00e+00 (  1.44e+02,  1.35e+02)
15      0.898   1.01e+00   7.49e-01   5.03e-02   6.41e+00   0.00e+00 (  3.71e+02,  1.88e+02)
20      0.181   3.14e-01   1.96e-01  -4.40e-05   1.50e+00   0.00e+00 (  1.46e+02,  2.30e+02)
25      0.316   5.27e-01   4.74e-01   6.29e-02   2.94e+00   0.00e+00 (  2.81e+02,  2.63e+02)
30      0.282   4.94e-01   4.78e-01   1.40e-01   2.90e+00   0.00e+00 (  2.86e+02,  2.84e+02)
35      0.244   4.77e-01   5.13e-01   1.92e-01   2.72e+00   0.00e+00 (  2.91e+02,  2.93e+02)
40      0.214   4.64e-01   5.65e-01   1.62e-01   2.56e+00   0.00e+00 (  2.81e+02,  2.92e+02)
45      0.229   5.22e-01   7.00e-01   2.55e-01   2.91e+00   0.00e+00 (  2.85e+02,  2.83e+02)
50      0.245   5.80e-01   8.62e-01   3.58e-01   3.26e+00   0.00e+00 (  2.77e+02,  2.69e+02)
55      0.244   6.44e-01   1.03e+00   5.11e-01   3.39e+00   0.00e+00 (  2.66e+02,  2.53e+02)
60      0.249   6.99e-01   1.18e+00   6.76e-01   3.57e+00   0.00e+00 (  2.52e+02,  2.36e+02)
65      0.256   7.50e-01   1.31e+00   8.46e-01   3.78e+00   0.00e+00 (  2.37e+02,  2.19e+02)
70      0.262   8.07e-01   1.42e+00   9.96e-01   3.95e+00   0.00e+00 (  2.25e+02,  2.05e+02)
75      0.260   8.41e-01   1.50e+00   1.11e+00   4.01e+00   0.00e+00 (  2.12e+02,  1.91e+02)
80      0.253   8.39e-01   1.51e+00   1.17e+00   4.10e+00   0.00e+00 (  1.99e+02,  1.79e+02)
85      0.319   8.28e-01   1.50e+00   1.14e+00   6.24e+00   0.00e+00 (  1.68e+02,  1.70e+02)
90      0.601   1.35e+00   1.94e+00   1.25e+00   2.14e+01   0.00e+00 (  3.17e+02,  1.62e+02)
95      0.377   7.23e-01   1.05e+00   7.82e-01   2.38e+01   0.00e+00 (  3.81e+02,  1.54e+02)
32 e: 6.032e-04 i: 3.115e-03 :: e: 5.055e-02 i: 3.531e-02 :: n: 2.762e+01 e:24.059 i:42.034 v:4.993e+03
>>> tau_he = 5.000000, nhe(0)=3.937440e+00
 5     -0.144   3.62e-02   6.88e-01  -1.19e-03  -6.74e-01   0.00e+00 (  2.55e+01,  6.91e+01)
10      0.126   3.07e-01   8.03e-02  -1.10e-01   7.49e-01   0.00e+00 (  1.49e+02,  1.35e+02)
15      0.229   3.23e-01   1.24e-01   3.96e-02   1.63e+00   0.00e+00 (  1.16e+02,  1.88e+02)
20      0.710   8.32e-01   7.16e-01   1.94e-01   5.86e+00   0.00e+00 (  3.95e+02,  2.30e+02)
25      0.316   5.29e-01   4.79e-01   6.77e-02   2.94e+00   0.00e+00 (  2.87e+02,  2.63e+02)
30      0.282   4.98e-01   4.80e-01   1.42e-01   2.90e+00   0.00e+00 (  2.90e+02,  2.84e+02)
35      0.243   4.78e-01   5.15e-01   1.94e-01   2.71e+00   0.00e+00 (  2.93e+02,  2.93e+02)
40      0.213   4.64e-01   5.66e-01   1.62e-01   2.56e+00   0.00e+00 (  2.83e+02,  2.92e+02)
45      0.229   5.23e-01   7.03e-01   2.55e-01   2.91e+00   0.00e+00 (  2.87e+02,  2.83e+02)
50      0.244   5.81e-01   8.65e-01   3.59e-01   3.25e+00   0.00e+00 (  2.78e+02,  2.69e+02)
55      0.244   6.45e-01   1.03e+00   5.12e-01   3.38e+00   0.00e+00 (  2.67e+02,  2.53e+02)
60      0.248   7.00e-01   1.18e+00   6.77e-01   3.55e+00   0.00e+00 (  2.52e+02,  2.36e+02)
65      0.255   7.50e-01   1.31e+00   8.45e-01   3.76e+00   0.00e+00 (  2.37e+02,  2.19e+02)
70      0.261   8.07e-01   1.42e+00   9.95e-01   3.93e+00   0.00e+00 (  2.25e+02,  2.05e+02)
75      0.259   8.40e-01   1.49e+00   1.11e+00   4.00e+00   0.00e+00 (  2.12e+02,  1.91e+02)
80      0.252   8.38e-01   1.51e+00   1.16e+00   4.08e+00   0.00e+00 (  1.99e+02,  1.79e+02)
85      0.318   8.27e-01   1.50e+00   1.14e+00   6.23e+00   0.00e+00 (  1.68e+02,  1.70e+02)
90      0.601   1.35e+00   1.94e+00   1.25e+00   2.14e+01   0.00e+00 (  3.17e+02,  1.62e+02)
95      0.377   7.23e-01   1.05e+00   7.82e-01   2.38e+01   0.00e+00 (  3.81e+02,  1.54e+02)
33 e: 1.400e-03 i: 9.136e-03 :: e: 6.846e-02 i: 4.874e-02 :: n: 2.762e+01 e:23.966 i:42.343 v:4.993e+03
>>> tau_he = 5.000000, nhe(0)=3.944941e+00
 5     -0.140   3.65e-02   7.08e-01  -4.94e-04  -6.58e-01   0.00e+00 (  2.57e+01,  6.91e+01)
10      0.108   2.93e-01   6.57e-02  -1.00e-01   6.44e-01   0.00e+00 (  1.44e+02,  1.35e+02)
15      0.963   1.06e+00   7.91e-01   6.49e-02   6.87e+00   0.00e+00 (  3.92e+02,  1.88e+02)
20      0.183   3.14e-01   1.94e-01   1.03e-03   1.51e+00   0.00e+00 (  1.44e+02,  2.30e+02)
25      0.308   5.27e-01   4.77e-01   5.95e-02   2.86e+00   0.00e+00 (  2.80e+02,  2.63e+02)
30      0.285   4.99e-01   4.79e-01   1.40e-01   2.93e+00   0.00e+00 (  2.88e+02,  2.84e+02)
35      0.245   4.78e-01   5.13e-01   1.93e-01   2.74e+00   0.00e+00 (  2.91e+02,  2.93e+02)
40      0.215   4.63e-01   5.62e-01   1.63e-01   2.57e+00   0.00e+00 (  2.81e+02,  2.92e+02)
45      0.230   5.20e-01   6.95e-01   2.52e-01   2.92e+00   0.00e+00 (  2.84e+02,  2.83e+02)
50      0.245   5.78e-01   8.56e-01   3.56e-01   3.27e+00   0.00e+00 (  2.75e+02,  2.69e+02)
55      0.245   6.42e-01   1.02e+00   5.08e-01   3.40e+00   0.00e+00 (  2.64e+02,  2.53e+02)
60      0.250   6.97e-01   1.17e+00   6.73e-01   3.58e+00   0.00e+00 (  2.50e+02,  2.36e+02)
65      0.257   7.47e-01   1.30e+00   8.42e-01   3.79e+00   0.00e+00 (  2.35e+02,  2.19e+02)
70      0.263   8.04e-01   1.42e+00   9.93e-01   3.97e+00   0.00e+00 (  2.23e+02,  2.05e+02)
75      0.262   8.39e-01   1.49e+00   1.11e+00   4.04e+00   0.00e+00 (  2.11e+02,  1.91e+02)
80      0.255   8.38e-01   1.51e+00   1.17e+00   4.13e+00   0.00e+00 (  1.98e+02,  1.79e+02)
85      0.320   8.28e-01   1.51e+00   1.14e+00   6.27e+00   0.00e+00 (  1.67e+02,  1.70e+02)
90      0.601   1.35e+00   1.94e+00   1.25e+00   2.14e+01   0.00e+00 (  3.17e+02,  1.62e+02)
95      0.377   7.23e-01   1.05e+00   7.82e-01   2.38e+01   0.00e+00 (  3.81e+02,  1.54e+02)
34 e: 6.723e-04 i: 4.280e-03 :: e: 5.003e-02 i: 3.585e-02 :: n: 2.762e+01 e:24.120 i:42.435 v:4.993e+03
>>> tau_he = 5.000000, nhe(0)=3.947648e+00
 5     -0.147   3.70e-02   7.01e-01  -1.50e-03  -6.87e-01   0.00e+00 (  2.61e+01,  6.91e+01)
10      0.130   3.11e-01   8.29e-02  -1.13e-01   7.72e-01   0.00e+00 (  1.51e+02,  1.35e+02)
15      0.893   1.02e+00   7.89e-01   1.86e-01   6.37e+00   0.00e+00 (  3.70e+02,  1.88e+02)
20      0.714   8.37e-01   7.22e-01   1.95e-01   5.89e+00   0.00e+00 (  3.94e+02,  2.30e+02)
25      0.313   5.35e-01   4.88e-01   6.83e-02   2.91e+00   0.00e+00 (  2.89e+02,  2.63e+02)
30      0.288   5.01e-01   4.87e-01   1.46e-01   2.96e+00   0.00e+00 (  2.93e+02,  2.84e+02)
35      0.247   4.83e-01   5.20e-01   1.98e-01   2.76e+00   0.00e+00 (  2.97e+02,  2.93e+02)
40      0.217   4.68e-01   5.70e-01   1.66e-01   2.59e+00   0.00e+00 (  2.86e+02,  2.92e+02)
45      0.232   5.26e-01   7.07e-01   2.55e-01   2.95e+00   0.00e+00 (  2.90e+02,  2.83e+02)
50      0.247   5.85e-01   8.70e-01   3.61e-01   3.29e+00   0.00e+00 (  2.81e+02,  2.69e+02)
55      0.246   6.49e-01   1.04e+00   5.15e-01   3.41e+00   0.00e+00 (  2.70e+02,  2.53e+02)
60      0.250   7.03e-01   1.19e+00   6.81e-01   3.58e+00   0.00e+00 (  2.55e+02,  2.36e+02)
65      0.257   7.54e-01   1.32e+00   8.51e-01   3.78e+00   0.00e+00 (  2.39e+02,  2.19e+02)
70      0.262   8.10e-01   1.43e+00   1.00e+00   3.95e+00   0.00e+00 (  2.27e+02,  2.05e+02)
75      0.259   8.44e-01   1.50e+00   1.12e+00   4.00e+00   0.00e+00 (  2.14e+02,  1.91e+02)
80      0.252   8.41e-01   1.52e+00   1.17e+00   4.08e+00   0.00e+00 (  2.00e+02,  1.79e+02)
85      0.318   8.29e-01   1.51e+00   1.14e+00   6.23e+00   0.00e+00 (  1.69e+02,  1.70e+02)
90      0.601   1.35e+00   1.94e+00   1.25e+00   2.14e+01   0.00e+00 (  3.18e+02,  1.62e+02)
95      0.377   7.23e-01   1.05e+00   7.82e-01   2.38e+01   0.00e+00 (  3.81e+02,  1.54e+02)
35 e: 6.615e-04 i: 4.168e-03 :: e: 6.054e-02 i: 4.429e-02 :: n: 2.762e+01 e:23.917 i:41.834 v:4.993e+03
>>> tau_he = 5.000000, nhe(0)=3.933398e+00
 5     -0.148   3.33e-02   6.77e-01  -3.57e-03  -6.93e-01   0.00e+00 (  2.34e+01,  6.91e+01)
10      0.142   3.13e-01   8.82e-02  -1.16e-01   8.42e-01   0.00e+00 (  1.49e+02,  1.35e+02)
15      0.222   3.14e-01   1.15e-01   3.57e-02   1.59e+00   0.00e+00 (  1.09e+02,  1.88e+02)
20      0.183   3.02e-01   1.83e-01   7.08e-03   1.51e+00   0.00e+00 (  1.35e+02,  2.30e+02)
25      0.314   5.28e-01   4.72e-01   6.04e-02   2.93e+00   0.00e+00 (  2.81e+02,  2.63e+02)
30      0.284   4.96e-01   4.80e-01   1.41e-01   2.92e+00   0.00e+00 (  2.88e+02,  2.84e+02)
35      0.245   4.80e-01   5.15e-01   1.94e-01   2.73e+00   0.00e+00 (  2.93e+02,  2.93e+02)
40      0.215   4.65e-01   5.66e-01   1.64e-01   2.57e+00   0.00e+00 (  2.83e+02,  2.92e+02)
45      0.230   5.23e-01   7.00e-01   2.53e-01   2.92e+00   0.00e+00 (  2.87e+02,  2.83e+02)
50      0.245   5.81e-01   8.62e-01   3.58e-01   3.27e+00   0.00e+00 (  2.78e+02,  2.69e+02)
55      0.245   6.45e-01   1.03e+00   5.11e-01   3.39e+00   0.00e+00 (  2.67e+02,  2.53e+02)
60      0.249   7.00e-01   1.18e+00   6.76e-01   3.57e+00   0.00e+00 (  2.52e+02,  2.36e+02)
65      0.257   7.50e-01   1.31e+00   8.45e-01   3.78e+00   0.00e+00 (  2.37e+02,  2.19e+02)
70      0.262   8.07e-01   1.42e+00   9.96e-01   3.96e+00   0.00e+00 (  2.25e+02,  2.05e+02)
75      0.261   8.42e-01   1.50e+00   1.11e+00   4.03e+00   0.00e+00 (  2.12e+02,  1.91e+02)
80      0.254   8.40e-01   1.51e+00   1.17e+00   4.11e+00   0.00e+00 (  1.99e+02,  1.79e+02)
85      0.320   8.29e-01   1.51e+00   1.14e+00   6.26e+00   0.00e+00 (  1.68e+02,  1.70e+02)
90      0.601   1.35e+00   1.94e+00   1.25e+00   2.14e+01   0.00e+00 (  3.18e+02,  1.62e+02)
95      0.377   7.23e-01   1.05e+00   7.82e-01   2.38e+01   0.00e+00 (  3.81e+02,  1.54e+02)
36 e: 5.006e-04 i: 5.653e-03 :: e: 6.211e-02 i: 4.291e-02 :: n: 2.762e+01 e:23.934 i:42.070 v:4.993e+03
>>> tau_he = 5.000000, nhe(0)=3.938157e+00
 5     -0.139   3.57e-02   6.96e-01  -5.72e-04  -6.52e-01   0.00e+00 (  2.50e+01,  6.91e+01)
10      0.123   2.97e-01   6.76e-02  -1.02e-01   7.34e-01   0.00e+00 (  1.42e+02,  1.35e+02)
15      0.903   1.02e+00   7.50e-01   4.95e-02   6.44e+00   0.00e+00 (  3.68e+02,  1.88e+02)
20      0.185   3.16e-01   1.97e-01   1.01e-03   1.53e+00   0.00e+00 (  1.45e+02,  2.30e+02)
25      0.308   5.27e-01   4.77e-01   6.17e-02   2.87e+00   0.00e+00 (  2.80e+02,  2.63e+02)
30      0.284   4.94e-01   4.79e-01   1.40e-01   2.92e+00   0.00e+00 (  2.85e+02,  2.84e+02)
35      0.245   4.78e-01   5.14e-01   1.93e-01   2.74e+00   0.00e+00 (  2.91e+02,  2.93e+02)
40      0.215   4.64e-01   5.65e-01   1.63e-01   2.58e+00   0.00e+00 (  2.81e+02,  2.92e+02)
45      0.230   5.22e-01   7.01e-01   2.55e-01   2.92e+00   0.00e+00 (  2.85e+02,  2.83e+02)
50      0.245   5.80e-01   8.63e-01   3.59e-01   3.27e+00   0.00e+00 (  2.77e+02,  2.69e+02)
55      0.245   6.45e-01   1.03e+00   5.11e-01   3.40e+00   0.00e+00 (  2.66e+02,  2.53e+02)
60      0.249   6.99e-01   1.18e+00   6.77e-01   3.57e+00   0.00e+00 (  2.52e+02,  2.36e+02)
65      0.257   7.50e-01   1.31e+00   8.46e-01   3.78e+00   0.00e+00 (  2.37e+02,  2.19e+02)
70      0.262   8.07e-01   1.42e+00   9.96e-01   3.95e+00   0.00e+00 (  2.25e+02,  2.05e+02)
75      0.260   8.41e-01   1.50e+00   1.11e+00   4.01e+00   0.00e+00 (  2.12e+02,  1.91e+02)
80      0.253   8.39e-01   1.51e+00   1.17e+00   4.10e+00   0.00e+00 (  1.99e+02,  1.79e+02)
85      0.319   8.28e-01   1.51e+00   1.14e+00   6.24e+00   0.00e+00 (  1.68e+02,  1.70e+02)
90      0.601   1.35e+00   1.94e+00   1.25e+00   2.14e+01   0.00e+00 (  3.18e+02,  1.62e+02)
95      0.377   7.23e-01   1.05e+00   7.82e-01   2.38e+01   0.00e+00 (  3.81e+02,  1.54e+02)
37 e: 5.917e-04 i: 3.094e-03 :: e: 4.545e-02 i: 3.108e-02 :: n: 2.762e+01 e:23.995 i:42.153 v:4.993e+03
>>> tau_he = 5.000000, nhe(0)=3.940489e+00
 5     -0.144   3.63e-02   6.91e-01  -1.32e-03  -6.75e-01   0.00e+00 (  2.55e+01,  6.91e+01)
10      0.140   3.11e-01   8.06e-02  -1.11e-01   8.32e-01   0.00e+00 (  1.47e+02,  1.35e+02)
15      0.232   3.26e-01   1.24e-01   4.35e-02   1.66e+00   0.00e+00 (  1.15e+02,  1.88e+02)
20      0.720   8.41e-01   7.21e-01   1.96e-01   5.94e+00   0.00e+00 (  3.95e+02,  2.30e+02)
25      0.318   5.31e-01   4.80e-01   6.72e-02   2.96e+00   0.00e+00 (  2.87e+02,  2.63e+02)
30      0.284   4.95e-01   4.81e-01   1.42e-01   2.92e+00   0.00e+00 (  2.88e+02,  2.84e+02)
35      0.244   4.79e-01   5.16e-01   1.94e-01   2.73e+00   0.00e+00 (  2.93e+02,  2.93e+02)
40      0.215   4.65e-01   5.67e-01   1.64e-01   2.57e+00   0.00e+00 (  2.83e+02,  2.92e+02)
45      0.230   5.23e-01   7.02e-01   2.55e-01   2.92e+00   0.00e+00 (  2.87e+02,  2.83e+02)
50      0.245   5.81e-01   8.64e-01   3.59e-01   3.26e+00   0.00e+00 (  2.78e+02,  2.69e+02)
55      0.244   6.45e-01   1.03e+00   5.12e-01   3.39e+00   0.00e+00 (  2.67e+02,  2.53e+02)
60      0.248   7.00e-01   1.18e+00   6.77e-01   3.56e+00   0.00e+00 (  2.52e+02,  2.36e+02)
65      0.256   7.50e-01   1.31e+00   8.46e-01   3.77e+00   0.00e+00 (  2.37e+02,  2.19e+02)
70      0.261   8.07e-01   1.42e+00   9.96e-01   3.94e+00   0.00e+00 (  2.25e+02,  2.05e+02)
75      0.260   8.41e-01   1.49e+00   1.11e+00   4.01e+00   0.00e+00 (  2.12e+02,  1.91e+02)
80      0.253   8.38e-01   1.51e+00   1.16e+00   4.09e+00   0.00e+00 (  1.98e+02,  1.79e+02)
85      0.319   8.28e-01   1.50e+00   1.14e+00   6.23e+00   0.00e+00 (  1.68e+02,  1.70e+02)
90      0.601   1.35e+00   1.94e+00   1.25e+00   2.14e+01   0.00e+00 (  3.18e+02,  1.62e+02)
95      0.377   7.23e-01   1.05e+00   7.82e-01   2.38e+01   0.00e+00 (  3.81e+02,  1.54e+02)
38 e: 1.436e-03 i: 9.347e-03 :: e: 6.531e-02 i: 4.528e-02 :: n: 2.762e+01 e:23.915 i:42.446 v:4.993e+03
>>> tau_he = 5.000000, nhe(0)=3.947574e+00
 5     -0.141   3.67e-02   7.10e-01  -5.87e-04  -6.59e-01   0.00e+00 (  2.58e+01,  6.91e+01)
10      0.121   2.97e-01   6.59e-02  -1.00e-01   7.22e-01   0.00e+00 (  1.42e+02,  1.35e+02)
15      0.970   1.07e+00   7.94e-01   6.46e-02   6.92e+00   0.00e+00 (  3.91e+02,  1.88e+02)
20      0.186   3.16e-01   1.94e-01   2.04e-03   1.54e+00   0.00e+00 (  1.44e+02,  2.30e+02)
25      0.310   5.29e-01   4.78e-01   5.94e-02   2.88e+00   0.00e+00 (  2.80e+02,  2.63e+02)
30      0.286   5.01e-01   4.80e-01   1.40e-01   2.94e+00   0.00e+00 (  2.89e+02,  2.84e+02)
35      0.247   4.79e-01   5.14e-01   1.94e-01   2.76e+00   0.00e+00 (  2.91e+02,  2.93e+02)
40      0.216   4.64e-01   5.63e-01   1.64e-01   2.59e+00   0.00e+00 (  2.81e+02,  2.92e+02)
45      0.231   5.21e-01   6.96e-01   2.52e-01   2.93e+00   0.00e+00 (  2.84e+02,  2.83e+02)
50      0.246   5.79e-01   8.58e-01   3.59e-01   3.28e+00   0.00e+00 (  2.75e+02,  2.69e+02)
55      0.246   6.43e-01   1.02e+00   5.09e-01   3.41e+00   0.00e+00 (  2.65e+02,  2.53e+02)
60      0.250   6.97e-01   1.17e+00   6.74e-01   3.59e+00   0.00e+00 (  2.51e+02,  2.36e+02)
65      0.258   7.48e-01   1.31e+00   8.43e-01   3.80e+00   0.00e+00 (  2.36e+02,  2.19e+02)
70      0.264   8.05e-01   1.42e+00   9.94e-01   3.98e+00   0.00e+00 (  2.24e+02,  2.05e+02)
75      0.262   8.40e-01   1.49e+00   1.11e+00   4.04e+00   0.00e+00 (  2.11e+02,  1.91e+02)
80      0.255   8.38e-01   1.51e+00   1.17e+00   4.13e+00   0.00e+00 (  1.98e+02,  1.79e+02)
85      0.320   8.29e-01   1.51e+00   1.14e+00   6.27e+00   0.00e+00 (  1.68e+02,  1.70e+02)
90      0.601   1.35e+00   1.94e+00   1.25e+00   2.14e+01   0.00e+00 (  3.18e+02,  1.62e+02)
95      0.377   7.23e-01   1.05e+00   7.82e-01   2.38e+01   0.00e+00 (  3.81e+02,  1.54e+02)
39 e: 6.354e-04 i: 4.319e-03 :: e: 4.587e-02 i: 3.315e-02 :: n: 2.762e+01 e:24.071 i:42.557 v:4.993e+03
>>> tau_he = 5.000000, nhe(0)=3.950694e+00
 5     -0.147   3.72e-02   7.04e-01  -1.64e-03  -6.89e-01   0.00e+00 (  2.62e+01,  6.91e+01)
10      0.142   3.15e-01   8.35e-02  -1.13e-01   8.45e-01   0.00e+00 (  1.50e+02,  1.35e+02)
15      0.899   1.04e+00   7.91e-01   1.89e-01   6.42e+00   0.00e+00 (  3.69e+02,  1.88e+02)
20      0.722   8.46e-01   7.26e-01   1.97e-01   5.96e+00   0.00e+00 (  3.94e+02,  2.30e+02)
25      0.315   5.37e-01   4.89e-01   6.79e-02   2.93e+00   0.00e+00 (  2.89e+02,  2.63e+02)
30      0.289   5.03e-01   4.88e-01   1.46e-01   2.97e+00   0.00e+00 (  2.93e+02,  2.84e+02)
35      0.249   4.84e-01   5.21e-01   1.99e-01   2.78e+00   0.00e+00 (  2.97e+02,  2.93e+02)
40      0.218   4.68e-01   5.71e-01   1.67e-01   2.61e+00   0.00e+00 (  2.87e+02,  2.92e+02)
45      0.233   5.26e-01   7.07e-01   2.54e-01   2.96e+00   0.00e+00 (  2.90e+02,  2.83e+02)
50      0.248   5.85e-01   8.71e-01   3.61e-01   3.30e+00   0.00e+00 (  2.81e+02,  2.69e+02)
55      0.247   6.49e-01   1.04e+00   5.16e-01   3.42e+00   0.00e+00 (  2.70e+02,  2.53e+02)
60      0.250   7.04e-01   1.19e+00   6.82e-01   3.59e+00   0.00e+00 (  2.55e+02,  2.36e+02)
65      0.257   7.55e-01   1.32e+00   8.51e-01   3.79e+00   0.00e+00 (  2.40e+02,  2.19e+02)
70      0.262   8.11e-01   1.43e+00   1.00e+00   3.96e+00   0.00e+00 (  2.27e+02,  2.05e+02)
75      0.260   8.45e-01   1.50e+00   1.12e+00   4.01e+00   0.00e+00 (  2.14e+02,  1.91e+02)
80      0.253   8.42e-01   1.52e+00   1.17e+00   4.09e+00   0.00e+00 (  2.00e+02,  1.79e+02)
85      0.319   8.30e-01   1.51e+00   1.14e+00   6.24e+00   0.00e+00 (  1.69e+02,  1.70e+02)
90      0.601   1.35e+00   1.94e+00   1.25e+00   2.14e+01   0.00e+00 (  3.18e+02,  1.62e+02)
95      0.377   7.23e-01   1.05e+00   7.82e-01   2.38e+01   0.00e+00 (  3.81e+02,  1.54e+02)
40 e: 6.348e-04 i: 4.264e-03 :: e: 5.679e-02 i: 4.163e-02 :: n: 2.762e+01 e:23.883 i:41.948 v:4.993e+03
>>> tau_he = 5.000000, nhe(0)=3.936418e+00
 5     -0.148   3.35e-02   6.79e-01  -3.68e-03  -6.95e-01   0.00e+00 (  2.35e+01,  6.91e+01)
10      0.153   3.17e-01   8.90e-02  -1.17e-01   9.08e-01   0.00e+00 (  1.48e+02,  1.35e+02)
15      0.225   3.17e-01   1.15e-01   3.87e-02   1.61e+00   0.00e+00 (  1.08e+02,  1.88e+02)
20      0.186   3.04e-01   1.84e-01   7.82e-03   1.54e+00   0.00e+00 (  1.35e+02,  2.30e+02)
25      0.308   5.28e-01   4.76e-01   5.91e-02   2.86e+00   0.00e+00 (  2.80e+02,  2.63e+02)
30      0.286   4.97e-01   4.82e-01   1.41e-01   2.93e+00   0.00e+00 (  2.89e+02,  2.84e+02)
35      0.246   4.81e-01   5.17e-01   1.95e-01   2.75e+00   0.00e+00 (  2.94e+02,  2.93e+02)
40      0.216   4.66e-01   5.67e-01   1.65e-01   2.59e+00   0.00e+00 (  2.84e+02,  2.92e+02)
45      0.231   5.24e-01   7.01e-01   2.52e-01   2.93e+00   0.00e+00 (  2.88e+02,  2.83e+02)
50      0.246   5.82e-01   8.63e-01   3.58e-01   3.28e+00   0.00e+00 (  2.79e+02,  2.69e+02)
55      0.245   6.46e-01   1.03e+00   5.11e-01   3.40e+00   0.00e+00 (  2.68e+02,  2.53e+02)
60      0.250   7.01e-01   1.18e+00   6.77e-01   3.58e+00   0.00e+00 (  2.53e+02,  2.36e+02)
65      0.257   7.52e-01   1.31e+00   8.47e-01   3.79e+00   0.00e+00 (  2.38e+02,  2.19e+02)
70      0.263   8.09e-01   1.43e+00   9.98e-01   3.97e+00   0.00e+00 (  2.26e+02,  2.05e+02)
75      0.261   8.43e-01   1.50e+00   1.11e+00   4.03e+00   0.00e+00 (  2.13e+02,  1.91e+02)
80      0.254   8.41e-01   1.52e+00   1.17e+00   4.12e+00   0.00e+00 (  1.99e+02,  1.79e+02)
85      0.320   8.31e-01   1.51e+00   1.14e+00   6.26e+00   0.00e+00 (  1.69e+02,  1.70e+02)
90      0.601   1.35e+00   1.94e+00   1.25e+00   2.14e+01   0.00e+00 (  3.18e+02,  1.62e+02)
95      0.377   7.23e-01   1.05e+00   7.82e-01   2.38e+01   0.00e+00 (  3.81e+02,  1.54e+02)
41 e: 4.969e-04 i: 5.725e-03 :: e: 6.086e-02 i: 4.157e-02 :: n: 2.762e+01 e:23.896 i:42.163 v:4.993e+03
>>> tau_he = 5.000000, nhe(0)=3.940584e+00
 5     -0.139   3.58e-02   6.98e-01  -6.60e-04  -6.53e-01   0.00e+00 (  2.50e+01,  6.91e+01)
10      0.134   3.01e-01   6.79e-02  -1.02e-01   7.95e-01   0.00e+00 (  1.41e+02,  1.35e+02)
15      0.907   1.03e+00   7.52e-01   4.93e-02   6.47e+00   0.00e+00 (  3.67e+02,  1.88e+02)
20      0.690   8.18e-01   6.98e-01   1.81e-01   5.69e+00   0.00e+00 (  3.73e+02,  2.30e+02)
25      0.307   5.33e-01   4.77e-01   6.16e-02   2.85e+00   0.00e+00 (  2.82e+02,  2.63e+02)
30      0.286   4.96e-01   4.80e-01   1.41e-01   2.93e+00   0.00e+00 (  2.86e+02,  2.84e+02)
35      0.246   4.79e-01   5.15e-01   1.93e-01   2.75e+00   0.00e+00 (  2.91e+02,  2.93e+02)
40      0.216   4.65e-01   5.66e-01   1.64e-01   2.59e+00   0.00e+00 (  2.82e+02,  2.92e+02)
45      0.231   5.23e-01   7.01e-01   2.54e-01   2.93e+00   0.00e+00 (  2.86e+02,  2.83e+02)
50      0.246   5.81e-01   8.63e-01   3.59e-01   3.28e+00   0.00e+00 (  2.77e+02,  2.69e+02)
55      0.246   6.45e-01   1.03e+00   5.12e-01   3.41e+00   0.00e+00 (  2.67e+02,  2.53e+02)
60      0.250   7.00e-01   1.18e+00   6.77e-01   3.58e+00   0.00e+00 (  2.52e+02,  2.36e+02)
65      0.257   7.51e-01   1.31e+00   8.47e-01   3.79e+00   0.00e+00 (  2.38e+02,  2.19e+02)
70      0.263   8.08e-01   1.43e+00   9.98e-01   3.96e+00   0.00e+00 (  2.25e+02,  2.05e+02)
75      0.261   8.42e-01   1.50e+00   1.11e+00   4.02e+00   0.00e+00 (  2.13e+02,  1.91e+02)
80      0.253   8.40e-01   1.52e+00   1.17e+00   4.10e+00   0.00e+00 (  1.99e+02,  1.79e+02)
85      0.319   8.30e-01   1.51e+00   1.14e+00   6.25e+00   0.00e+00 (  1.69e+02,  1.70e+02)
90      0.601   1.35e+00   1.94e+00   1.25e+00   2.14e+01   0.00e+00 (  3.18e+02,  1.62e+02)
95      0.377   7.23e-01   1.05e+00   7.82e-01   2.38e+01   0.00e+00 (  3.81e+02,  1.54e+02)
42 e: 3.906e-04 i: 3.013e-03 :: e: 4.918e-02 i: 3.303e-02 :: n: 2.762e+01 e:23.846 i:41.989 v:4.993e+03
>>> tau_he = 5.000000, nhe(0)=3.936707e+00
 5     -0.146   3.37e-02   6.85e-01  -3.20e-03  -6.84e-01   0.00e+00 (  2.37e+01,  6.91e+01)
10      0.147   3.11e-01   8.20e-02  -1.12e-01   8.73e-01   0.00e+00 (  1.46e+02,  1.35e+02)
15      0.230   3.23e-01   1.22e-01   4.24e-02   1.64e+00   0.00e+00 (  1.12e+02,  1.88e+02)
20      0.188   3.05e-01   1.84e-01   8.13e-03   1.55e+00   0.00e+00 (  1.34e+02,  2.30e+02)
25      0.305   5.31e-01   4.75e-01   5.89e-02   2.84e+00   0.00e+00 (  2.80e+02,  2.63e+02)
30      0.286   4.97e-01   4.81e-01   1.41e-01   2.94e+00   0.00e+00 (  2.87e+02,  2.84e+02)
35      0.246   4.80e-01   5.16e-01   1.94e-01   2.75e+00   0.00e+00 (  2.92e+02,  2.93e+02)
40      0.216   4.65e-01   5.66e-01   1.65e-01   2.59e+00   0.00e+00 (  2.83e+02,  2.92e+02)
45      0.231   5.23e-01   7.01e-01   2.54e-01   2.93e+00   0.00e+00 (  2.86e+02,  2.83e+02)
50      0.246   5.81e-01   8.63e-01   3.58e-01   3.28e+00   0.00e+00 (  2.78e+02,  2.69e+02)
55      0.245   6.45e-01   1.03e+00   5.11e-01   3.40e+00   0.00e+00 (  2.67e+02,  2.53e+02)
60      0.250   7.00e-01   1.18e+00   6.76e-01   3.58e+00   0.00e+00 (  2.52e+02,  2.36e+02)
65      0.257   7.51e-01   1.31e+00   8.46e-01   3.79e+00   0.00e+00 (  2.37e+02,  2.19e+02)
70      0.263   8.07e-01   1.43e+00   9.97e-01   3.96e+00   0.00e+00 (  2.25e+02,  2.05e+02)
75      0.261   8.42e-01   1.50e+00   1.11e+00   4.02e+00   0.00e+00 (  2.12e+02,  1.91e+02)
80      0.254   8.40e-01   1.51e+00   1.17e+00   4.11e+00   0.00e+00 (  1.99e+02,  1.79e+02)
85      0.319   8.29e-01   1.51e+00   1.14e+00   6.25e+00   0.00e+00 (  1.68e+02,  1.70e+02)
90      0.601   1.35e+00   1.94e+00   1.25e+00   2.14e+01   0.00e+00 (  3.18e+02,  1.62e+02)
95      0.377   7.23e-01   1.05e+00   7.82e-01   2.38e+01   0.00e+00 (  3.81e+02,  1.54e+02)
43 e: 4.912e-04 i: 5.610e-03 :: e: 5.751e-02 i: 3.861e-02 :: n: 2.762e+01 e:23.898 i:42.396 v:4.993e+03
>>> tau_he = 5.000000, nhe(0)=3.946131e+00
 5     -0.140   3.65e-02   7.09e-01  -4.99e-04  -6.54e-01   0.00e+00 (  2.55e+01,  6.91e+01)
10      0.130   2.98e-01   6.49e-02  -1.00e-01   7.71e-01   0.00e+00 (  1.40e+02,  1.35e+02)
15      0.970   1.08e+00   7.93e-01   6.46e-02   6.92e+00   0.00e+00 (  3.88e+02,  1.88e+02)
20      0.698   8.25e-01   7.02e-01   1.83e-01   5.76e+00   0.00e+00 (  3.75e+02,  2.30e+02)
25      0.308   5.34e-01   4.79e-01   6.14e-02   2.87e+00   0.00e+00 (  2.82e+02,  2.63e+02)
30      0.287   4.97e-01   4.81e-01   1.41e-01   2.95e+00   0.00e+00 (  2.86e+02,  2.84e+02)
35      0.247   4.80e-01   5.15e-01   1.94e-01   2.76e+00   0.00e+00 (  2.91e+02,  2.93e+02)
40      0.217   4.65e-01   5.65e-01   1.65e-01   2.59e+00   0.00e+00 (  2.82e+02,  2.92e+02)
45      0.232   5.22e-01   7.00e-01   2.53e-01   2.94e+00   0.00e+00 (  2.86e+02,  2.83e+02)
50      0.247   5.81e-01   8.62e-01   3.58e-01   3.28e+00   0.00e+00 (  2.77e+02,  2.69e+02)
55      0.246   6.45e-01   1.03e+00   5.11e-01   3.41e+00   0.00e+00 (  2.66e+02,  2.53e+02)
60      0.250   6.99e-01   1.18e+00   6.76e-01   3.59e+00   0.00e+00 (  2.52e+02,  2.36e+02)
65      0.257   7.50e-01   1.31e+00   8.46e-01   3.79e+00   0.00e+00 (  2.37e+02,  2.19e+02)
70      0.263   8.07e-01   1.42e+00   9.96e-01   3.97e+00   0.00e+00 (  2.25e+02,  2.05e+02)
75      0.261   8.41e-01   1.50e+00   1.11e+00   4.03e+00   0.00e+00 (  2.12e+02,  1.91e+02)
80      0.254   8.39e-01   1.51e+00   1.17e+00   4.11e+00   0.00e+00 (  1.99e+02,  1.79e+02)
85      0.320   8.30e-01   1.51e+00   1.14e+00   6.26e+00   0.00e+00 (  1.68e+02,  1.70e+02)
90      0.601   1.35e+00   1.94e+00   1.25e+00   2.14e+01   0.00e+00 (  3.18e+02,  1.62e+02)
95      0.377   7.23e-01   1.05e+00   7.82e-01   2.38e+01   0.00e+00 (  3.81e+02,  1.54e+02)
44 e: 4.018e-04 i: 3.662e-03 :: e: 4.871e-02 i: 3.511e-02 :: n: 2.762e+01 e:23.897 i:42.380 v:4.993e+03
>>> tau_he = 5.000000, nhe(0)=3.946429e+00
 5     -0.148   3.46e-02   6.99e-01  -3.47e-03  -6.96e-01   0.00e+00 (  2.43e+01,  6.91e+01)
10      0.147   3.14e-01   8.34e-02  -1.13e-01   8.74e-01   0.00e+00 (  1.47e+02,  1.35e+02)
15      0.233   3.29e-01   1.27e-01   4.65e-02   1.66e+00   0.00e+00 (  1.15e+02,  1.88e+02)
20      0.192   3.08e-01   1.86e-01   9.20e-03   1.58e+00   0.00e+00 (  1.36e+02,  2.30e+02)
25      0.309   5.37e-01   4.80e-01   5.98e-02   2.88e+00   0.00e+00 (  2.83e+02,  2.63e+02)
30      0.290   5.01e-01   4.86e-01   1.44e-01   2.98e+00   0.00e+00 (  2.91e+02,  2.84e+02)
35      0.249   4.83e-01   5.18e-01   1.97e-01   2.78e+00   0.00e+00 (  2.95e+02,  2.93e+02)
40      0.218   4.67e-01   5.68e-01   1.67e-01   2.61e+00   0.00e+00 (  2.85e+02,  2.92e+02)
45      0.233   5.24e-01   7.02e-01   2.52e-01   2.96e+00   0.00e+00 (  2.88e+02,  2.83e+02)
50      0.248   5.82e-01   8.65e-01   3.62e-01   3.31e+00   0.00e+00 (  2.79e+02,  2.69e+02)
55      0.247   6.47e-01   1.03e+00   5.12e-01   3.43e+00   0.00e+00 (  2.68e+02,  2.53e+02)
60      0.251   7.02e-01   1.18e+00   6.78e-01   3.60e+00   0.00e+00 (  2.53e+02,  2.36e+02)
65      0.258   7.52e-01   1.31e+00   8.48e-01   3.81e+00   0.00e+00 (  2.38e+02,  2.19e+02)
70      0.264   8.09e-01   1.43e+00   9.99e-01   3.98e+00   0.00e+00 (  2.26e+02,  2.05e+02)
75      0.262   8.43e-01   1.50e+00   1.12e+00   4.04e+00   0.00e+00 (  2.13e+02,  1.91e+02)
80      0.254   8.41e-01   1.52e+00   1.17e+00   4.12e+00   0.00e+00 (  1.99e+02,  1.79e+02)
85      0.320   8.31e-01   1.51e+00   1.14e+00   6.26e+00   0.00e+00 (  1.69e+02,  1.70e+02)
90      0.602   1.35e+00   1.94e+00   1.25e+00   2.14e+01   0.00e+00 (  3.18e+02,  1.62e+02)
95      0.377   7.23e-01   1.05e+00   7.82e-01   2.38e+01   0.00e+00 (  3.81e+02,  1.54e+02)
45 e: 4.814e-04 i: 5.580e-03 :: e: 5.819e-02 i: 3.995e-02 :: n: 2.762e+01 e:23.979 i:42.780 v:4.993e+03
>>> tau_he = 5.000000, nhe(0)=3.955760e+00
 5     -0.142   3.76e-02   7.24e-01  -3.52e-04  -6.67e-01   0.00e+00 (  2.64e+01,  6.91e+01)
10      0.130   3.01e-01   6.60e-02  -1.01e-01   7.75e-01   0.00e+00 (  1.43e+02,  1.35e+02)
15      1.028   1.13e+00   8.32e-01   7.95e-02   7.34e+00   0.00e+00 (  4.10e+02,  1.88e+02)
20      0.713   8.41e-01   7.15e-01   1.89e-01   5.89e+00   0.00e+00 (  3.83e+02,  2.30e+02)
25      0.313   5.41e-01   4.85e-01   6.29e-02   2.91e+00   0.00e+00 (  2.86e+02,  2.63e+02)
30      0.291   5.03e-01   4.86e-01   1.43e-01   2.99e+00   0.00e+00 (  2.91e+02,  2.84e+02)
35      0.250   4.84e-01   5.19e-01   1.97e-01   2.80e+00   0.00e+00 (  2.95e+02,  2.93e+02)
40      0.219   4.68e-01   5.68e-01   1.68e-01   2.62e+00   0.00e+00 (  2.85e+02,  2.92e+02)
45      0.234   5.25e-01   7.02e-01   2.51e-01   2.97e+00   0.00e+00 (  2.88e+02,  2.83e+02)
50      0.249   5.83e-01   8.65e-01   3.62e-01   3.32e+00   0.00e+00 (  2.79e+02,  2.69e+02)
55      0.248   6.48e-01   1.03e+00   5.12e-01   3.44e+00   0.00e+00 (  2.69e+02,  2.53e+02)
60      0.252   7.03e-01   1.18e+00   6.79e-01   3.61e+00   0.00e+00 (  2.54e+02,  2.36e+02)
65      0.259   7.54e-01   1.32e+00   8.50e-01   3.82e+00   0.00e+00 (  2.39e+02,  2.19e+02)
70      0.264   8.11e-01   1.43e+00   1.00e+00   3.99e+00   0.00e+00 (  2.27e+02,  2.05e+02)
75      0.262   8.45e-01   1.50e+00   1.12e+00   4.05e+00   0.00e+00 (  2.14e+02,  1.91e+02)
80      0.255   8.43e-01   1.52e+00   1.17e+00   4.13e+00   0.00e+00 (  2.00e+02,  1.79e+02)
85      0.321   8.32e-01   1.51e+00   1.14e+00   6.28e+00   0.00e+00 (  1.69e+02,  1.70e+02)
90      0.602   1.35e+00   1.94e+00   1.25e+00   2.14e+01   0.00e+00 (  3.18e+02,  1.62e+02)
95      0.377   7.23e-01   1.05e+00   7.82e-01   2.38e+01   0.00e+00 (  3.81e+02,  1.54e+02)
46 e: 4.309e-04 i: 4.446e-03 :: e: 5.276e-02 i: 4.076e-02 :: n: 2.762e+01 e:23.970 i:42.824 v:4.993e+03
>>> tau_he = 5.000000, nhe(0)=3.957456e+00
 5     -0.152   3.54e-02   7.13e-01  -3.94e-03  -7.11e-01   0.00e+00 (  2.50e+01,  6.91e+01)
10      0.150   3.19e-01   8.71e-02  -1.16e-01   8.94e-01   0.00e+00 (  1.50e+02,  1.35e+02)
15      0.915   1.04e+00   7.58e-01   4.89e-02   6.53e+00   0.00e+00 (  3.70e+02,  1.88e+02)
20      0.188   3.11e-01   1.87e-01   6.78e-03   1.55e+00   0.00e+00 (  1.37e+02,  2.30e+02)
25      0.315   5.45e-01   4.86e-01   6.07e-02   2.93e+00   0.00e+00 (  2.87e+02,  2.63e+02)
30      0.295   5.09e-01   4.91e-01   1.45e-01   3.03e+00   0.00e+00 (  2.95e+02,  2.84e+02)
35      0.253   4.88e-01   5.23e-01   2.00e-01   2.83e+00   0.00e+00 (  2.99e+02,  2.93e+02)
40      0.220   4.82e-01   5.61e-01   1.84e-01   2.63e+00   0.00e+00 (  2.95e+02,  2.92e+02)
45      0.236   5.28e-01   7.04e-01   2.49e-01   2.99e+00   0.00e+00 (  2.91e+02,  2.83e+02)
50      0.251   5.86e-01   8.67e-01   3.62e-01   3.34e+00   0.00e+00 (  2.82e+02,  2.69e+02)
55      0.250   6.51e-01   1.04e+00   5.14e-01   3.46e+00   0.00e+00 (  2.71e+02,  2.53e+02)
60      0.253   7.06e-01   1.19e+00   6.81e-01   3.63e+00   0.00e+00 (  2.56e+02,  2.36e+02)
65      0.260   7.57e-01   1.32e+00   8.53e-01   3.84e+00   0.00e+00 (  2.41e+02,  2.19e+02)
70      0.266   8.14e-01   1.44e+00   1.00e+00   4.01e+00   0.00e+00 (  2.28e+02,  2.05e+02)
75      0.263   8.48e-01   1.51e+00   1.12e+00   4.07e+00   0.00e+00 (  2.15e+02,  1.91e+02)
80      0.256   8.46e-01   1.53e+00   1.18e+00   4.14e+00   0.00e+00 (  2.01e+02,  1.79e+02)
85      0.322   8.35e-01   1.52e+00   1.15e+00   6.30e+00   0.00e+00 (  1.70e+02,  1.70e+02)
90      0.602   1.35e+00   1.94e+00   1.25e+00   2.14e+01   0.00e+00 (  3.19e+02,  1.62e+02)
95      0.377   7.23e-01   1.05e+00   7.82e-01   2.38e+01   0.00e+00 (  3.81e+02,  1.54e+02)
47 e: 6.660e-04 i: 4.775e-03 :: e: 5.164e-02 i: 3.508e-02 :: n: 2.762e+01 e:23.997 i:42.378 v:4.993e+03
>>> tau_he = 5.000000, nhe(0)=3.947205e+00
 5     -0.150   3.43e-02   6.94e-01  -3.94e-03  -7.05e-01   0.00e+00 (  2.41e+01,  6.91e+01)
10      0.162   3.24e-01   9.03e-02  -1.19e-01   9.63e-01   0.00e+00 (  1.50e+02,  1.35e+02)
15      0.234   3.28e-01   1.21e-01   4.57e-02   1.67e+00   0.00e+00 (  1.12e+02,  1.88e+02)
20      0.187   3.14e-01   1.92e-01   3.88e-03   1.54e+00   0.00e+00 (  1.40e+02,  2.30e+02)
25      0.313   5.44e-01   4.86e-01   6.42e-02   2.92e+00   0.00e+00 (  2.88e+02,  2.63e+02)
30      0.292   5.06e-01   4.90e-01   1.45e-01   3.00e+00   0.00e+00 (  2.94e+02,  2.84e+02)
35      0.251   4.88e-01   5.24e-01   1.99e-01   2.80e+00   0.00e+00 (  2.99e+02,  2.93e+02)
40      0.219   4.82e-01   5.64e-01   1.83e-01   2.62e+00   0.00e+00 (  2.96e+02,  2.92e+02)
45      0.235   5.29e-01   7.10e-01   2.52e-01   2.98e+00   0.00e+00 (  2.93e+02,  2.83e+02)
50      0.250   5.89e-01   8.74e-01   3.62e-01   3.33e+00   0.00e+00 (  2.84e+02,  2.69e+02)
55      0.248   6.53e-01   1.04e+00   5.18e-01   3.44e+00   0.00e+00 (  2.73e+02,  2.53e+02)
60      0.252   7.09e-01   1.19e+00   6.85e-01   3.61e+00   0.00e+00 (  2.58e+02,  2.36e+02)
65      0.259   7.60e-01   1.33e+00   8.56e-01   3.81e+00   0.00e+00 (  2.43e+02,  2.19e+02)
70      0.264   8.17e-01   1.44e+00   1.01e+00   3.98e+00   0.00e+00 (  2.30e+02,  2.05e+02)
75      0.261   8.51e-01   1.51e+00   1.13e+00   4.03e+00   0.00e+00 (  2.17e+02,  1.91e+02)
80      0.254   8.48e-01   1.53e+00   1.18e+00   4.11e+00   0.00e+00 (  2.03e+02,  1.79e+02)
85      0.320   8.35e-01   1.52e+00   1.15e+00   6.27e+00   0.00e+00 (  1.71e+02,  1.70e+02)
90      0.602   1.35e+00   1.94e+00   1.25e+00   2.14e+01   0.00e+00 (  3.19e+02,  1.62e+02)
95      0.377   7.23e-01   1.05e+00   7.82e-01   2.38e+01   0.00e+00 (  3.81e+02,  1.54e+02)
48 e: 5.398e-04 i: 6.019e-03 :: e: 6.318e-02 i: 4.409e-02 :: n: 2.762e+01 e:23.924 i:42.704 v:4.993e+03
>>> tau_he = 5.000000, nhe(0)=3.954076e+00
 5     -0.142   3.69e-02   7.16e-01  -9.31e-04  -6.65e-01   0.00e+00 (  2.58e+01,  6.91e+01)
10      0.142   3.06e-01   6.81e-02  -1.03e-01   8.44e-01   0.00e+00 (  1.42e+02,  1.35e+02)
15      0.961   1.08e+00   7.88e-01   6.04e-02   6.85e+00   0.00e+00 (  3.85e+02,  1.88e+02)
20      0.737   8.62e-01   7.30e-01   1.97e-01   6.08e+00   0.00e+00 (  3.95e+02,  2.30e+02)
25      0.312   5.40e-01   4.83e-01   6.19e-02   2.90e+00   0.00e+00 (  2.85e+02,  2.63e+02)
30      0.289   5.01e-01   4.83e-01   1.40e-01   2.97e+00   0.00e+00 (  2.88e+02,  2.84e+02)
35      0.250   4.84e-01   5.17e-01   1.95e-01   2.79e+00   0.00e+00 (  2.94e+02,  2.93e+02)
40      0.220   4.68e-01   5.67e-01   1.67e-01   2.63e+00   0.00e+00 (  2.84e+02,  2.92e+02)
45      0.233   5.25e-01   7.00e-01   2.50e-01   2.96e+00   0.00e+00 (  2.88e+02,  2.83e+02)
50      0.249   5.83e-01   8.62e-01   3.60e-01   3.31e+00   0.00e+00 (  2.79e+02,  2.69e+02)
55      0.248   6.48e-01   1.03e+00   5.11e-01   3.44e+00   0.00e+00 (  2.69e+02,  2.53e+02)
60      0.252   7.03e-01   1.18e+00   6.78e-01   3.61e+00   0.00e+00 (  2.54e+02,  2.36e+02)
65      0.260   7.54e-01   1.32e+00   8.49e-01   3.83e+00   0.00e+00 (  2.39e+02,  2.19e+02)
70      0.265   8.12e-01   1.43e+00   1.00e+00   4.00e+00   0.00e+00 (  2.27e+02,  2.05e+02)
75      0.263   8.47e-01   1.51e+00   1.12e+00   4.07e+00   0.00e+00 (  2.15e+02,  1.91e+02)
80      0.256   8.45e-01   1.53e+00   1.18e+00   4.15e+00   0.00e+00 (  2.01e+02,  1.79e+02)
85      0.322   8.35e-01   1.52e+00   1.15e+00   6.30e+00   0.00e+00 (  1.70e+02,  1.70e+02)
90      0.602   1.35e+00   1.94e+00   1.25e+00   2.14e+01   0.00e+00 (  3.19e+02,  1.62e+02)
95      0.377   7.23e-01   1.05e+00   7.82e-01   2.38e+01   0.00e+00 (  3.81e+02,  1.54e+02)
49 e: 4.651e-04 i: 4.079e-03 :: e: 5.156e-02 i: 3.662e-02 :: n: 2.762e+01 e:23.948 i:42.504 v:4.993e+03
 plasma volume = 148.863816
 stored energy(e,i,b,a) = 6.273865e+01 6.134378e+01 0.000000e+00 0.000000e+00
 betan = 1.407290
*power
 Pnb(e,i) = 0.000000e+00 0.000000e+00
 Prf(e,i) = 5.531823e+00 3.451302e+01
 Prad     = -1.059518e+01 
 Pei      = 2.905380e+00 
 Pfuse    = 6.546904e+01 
 Pfusi    = 2.345035e+01 
 Poh      = 0.000000e+00 
*confinement time
 taut, tauITER98y2, H98y2 : 1.048268e+00 1.168864e+00 8.968261e-01
 taue, taui : 9.909588e-01 2.985830e+00
 taut, tau89, H89 : 1.048268e+00 6.344333e-01 1.652290e+00
*temperature
 nea, nebar : 1.866030e+01 2.143297e+01 
 tea, tia : 8.124448e+00 8.508790e+00 (9.548300e-01)
 te0, ti0 : 2.193566e+01 3.091597e+01 (7.095252e-01)
 Sn : 0.000000e+00 
*current balance
 Ip,Ibs,Inb,Irf: 1.000000e+01 2.166352e+00 0.000000e+00 1.622698e-01
 fni,fbs: 0.233 0.217

 plasma volume = 148.863816
 stored energy(e,i,b,a) = 6.273865e+01 6.134378e+01 0.000000e+00 0.000000e+00
 betan = 1.407290
*power
 Pnb(e,i) = 0.000000e+00 0.000000e+00
 Prf(e,i) = 5.531823e+00 3.451302e+01
 Prad     = -1.059518e+01 
 Pei      = 2.905380e+00 
 Pfuse    = 6.546904e+01 
 Pfusi    = 2.345035e+01 
 Poh      = 0.000000e+00 
*confinement time
 taut, tauITER98y2, H98y2 : 1.048268e+00 1.168864e+00 8.968261e-01
 taue, taui : 9.909588e-01 2.985830e+00
 taut, tau89, H89 : 1.048268e+00 6.344333e-01 1.652290e+00
*temperature
 nea, nebar : 1.866030e+01 2.143297e+01 
 tea, tia : 8.124448e+00 8.508790e+00 (9.548300e-01)
 te0, ti0 : 2.193566e+01 3.091597e+01 (7.095252e-01)
 Sn : 0.000000e+00 
*current balance
 Ip,Ibs,Inb,Irf: 1.000000e+01 2.166352e+00 0.000000e+00 1.622698e-01
 fni,fbs: 0.233 0.217
 ELAPASED TIME = 46 sec

finalize
