========================================================================
= FASTRAN

nonlinear model = 0
ichi = 1
ineo = 0
reading state...
read formatted input, inprof...
init geometry...
read formatted input, inmetric...
nrho in inmetric = 101
rhob in inmetric = 1.271235e+00
solve avg grad-shafranv...
solve_avg_gs::Ip_temp = 9.965432e+00 
solve_avg_gs::Ip      = 1.000000e+01 
>>> tau_he = 5.000000, nhe(0)=3.716524e+00

 plasma volume = 151.391440
 stored energy(e,i,b,a) = 9.558383e+01 8.414367e+01 0.000000e+00 0.000000e+00
 betan = 2.010967
*power
 Pnb(e,i) = 0.000000e+00 0.000000e+00
 Prf(e,i) = 1.160616e+01 2.839251e+01
 Prad     = -9.840092e+01 
 Pei      = 0.000000e+00 
 Pfuse    = 1.000544e+02 
 Pfusi    = 4.070227e+01 
 Poh      = 0.000000e+00 
*confinement time
 taut, tauITER98y2, H98y2 : 2.182365e+00 1.574440e+00 1.386122e+00
 taue, taui : 7.208609e+00 2.067297e+00
 taut, tau89, H89 : 2.182365e+00 7.723419e-01 2.825647e+00
*temperature
 nea, nebar : 2.054153e+01 2.349242e+01 
 tea, tia : 1.112375e+01 1.112375e+01 (1.000000e+00)
 te0, ti0 : 2.802534e+01 2.802534e+01 (1.000000e+00)
 Sn : 0.000000e+00 
*current balance
 Ip,Ibs,Inb,Irf: 1.000000e+01 3.179709e+00 0.000000e+00 3.148034e-01
 fni,fbs: 0.349 0.318

Time advancing...
rho_bdry 0.900000 ...
te_bdry = 5.000307
ti_bdry = 5.000307
ne_bdry = 16.078026
rv_bdry = 279.463030
nrho_tr_bdry = 18
drho_bdry = 0.000000e+00
nrhob = 90
 [    0] t = 0.0000 
>>> tau_he = 5.000000, nhe(0)=3.767550e+00
 5     -0.009   9.87e-03   3.14e-01   3.25e-03  -4.62e-02   0.00e+00 (  3.24e+00,  3.15e+01)
10      0.001   5.12e-03  -2.00e-03   3.36e-04   7.89e-03   0.00e+00 (  2.13e+00,  6.73e+01)
15     -0.003   1.27e-03  -3.37e-03  -2.75e-03  -2.42e-02   0.00e+00 (  6.20e-01,  9.84e+01)
20      0.000   2.60e-02  -9.12e-02  -7.96e-03   3.18e-03   0.00e+00 (  1.43e+01,  1.23e+02)
25      0.005   5.67e-02  -7.80e-02   2.22e-03   4.67e-02   0.00e+00 (  3.38e+01,  1.40e+02)
30      0.021   1.96e-01  -9.83e-02   4.35e-02   2.25e-01   0.00e+00 (  1.24e+02,  1.51e+02)
35      0.031   2.61e-01  -5.87e-02   4.02e-02   3.58e-01   0.00e+00 (  1.70e+02,  1.60e+02)
40      0.045   3.79e-01   2.84e-02   6.88e-02   5.63e-01   0.00e+00 (  2.49e+02,  1.66e+02)
45      0.060   4.78e-01   1.18e-01   8.52e-02   7.95e-01   0.00e+00 (  3.12e+02,  1.70e+02)
50      0.139   6.56e-01   3.70e-01   1.36e-01   1.94e+00   0.00e+00 (  4.18e+02,  1.70e+02)
55      0.227   7.94e-01   6.59e-01   3.73e-01   3.31e+00   0.00e+00 (  4.86e+02,  1.67e+02)
60      0.307   9.04e-01   9.47e-01   5.38e-01   4.64e+00   0.00e+00 (  5.21e+02,  1.61e+02)
65      0.375   9.89e-01   1.24e+00   8.20e-01   5.85e+00   0.00e+00 (  5.28e+02,  1.52e+02)
70      0.424   1.07e+00   1.54e+00   1.15e+00   6.80e+00   0.00e+00 (  5.17e+02,  1.40e+02)
75      0.437   1.12e+00   1.76e+00   1.41e+00   7.20e+00   0.00e+00 (  4.80e+02,  1.26e+02)
80      0.417   1.12e+00   1.85e+00   1.51e+00   7.29e+00   0.00e+00 (  4.13e+02,  1.10e+02)
85      0.487   1.15e+00   1.98e+00   1.54e+00   1.08e+01   0.00e+00 (  3.79e+02,  9.45e+01)
90      3.237   7.09e+00   8.95e+00   6.19e+00   1.46e+02   0.00e+00 (  3.24e+03,  7.89e+01)
95      0.473   8.33e-01   1.20e+00   8.56e-01   4.03e+01   0.00e+00 (  6.51e+02,  6.31e+01)
 0 e: 7.282e-07 i: 5.529e-06 :: e: 0.000e+00 i: 0.000e+00 :: n: 3.012e+01 e:27.948 i:27.804 v:4.993e+03
>>> tau_he = 5.000000, nhe(0)=3.752125e+00
 5     -0.007   9.40e-03   3.57e-01   3.18e-03  -3.65e-02   0.00e+00 (  2.97e+00,  3.15e+01)
10      0.001   4.50e-03  -2.33e-03   1.48e-04   5.53e-03   0.00e+00 (  1.87e+00,  6.73e+01)
15     -0.003   1.27e-03  -3.22e-03  -2.64e-03  -2.42e-02   0.00e+00 (  6.27e-01,  9.84e+01)
20      0.001   2.84e-02  -9.54e-02  -8.30e-03   1.17e-02   0.00e+00 (  1.57e+01,  1.23e+02)
25      0.006   6.88e-02  -8.77e-02   4.55e-03   6.22e-02   0.00e+00 (  4.19e+01,  1.40e+02)
30      0.021   1.95e-01  -9.81e-02   4.30e-02   2.19e-01   0.00e+00 (  1.23e+02,  1.51e+02)
35      0.030   2.65e-01  -5.87e-02   4.07e-02   3.49e-01   0.00e+00 (  1.73e+02,  1.60e+02)
40      0.060   3.89e-01   6.92e-02   8.49e-02   7.45e-01   0.00e+00 (  2.56e+02,  1.66e+02)
45      0.072   4.70e-01   1.41e-01   8.00e-02   9.48e-01   0.00e+00 (  3.05e+02,  1.70e+02)
50      0.151   6.51e-01   3.92e-01   1.59e-01   2.11e+00   0.00e+00 (  4.12e+02,  1.70e+02)
55      0.231   7.93e-01   6.70e-01   3.77e-01   3.36e+00   0.00e+00 (  4.84e+02,  1.67e+02)
60      0.296   9.01e-01   9.35e-01   5.40e-01   4.47e+00   0.00e+00 (  5.19e+02,  1.61e+02)
65      0.354   9.83e-01   1.21e+00   8.06e-01   5.53e+00   0.00e+00 (  5.23e+02,  1.52e+02)
70      0.418   1.07e+00   1.53e+00   1.14e+00   6.70e+00   0.00e+00 (  5.15e+02,  1.40e+02)
75      0.434   1.12e+00   1.76e+00   1.40e+00   7.16e+00   0.00e+00 (  4.78e+02,  1.26e+02)
80      0.414   1.12e+00   1.84e+00   1.50e+00   7.24e+00   0.00e+00 (  4.10e+02,  1.10e+02)
85      0.498   1.18e+00   2.02e+00   1.58e+00   1.10e+01   0.00e+00 (  4.02e+02,  9.45e+01)
90      3.190   7.13e+00   8.88e+00   6.00e+00   1.44e+02   0.00e+00 (  3.04e+03,  7.89e+01)
95      0.473   8.33e-01   1.20e+00   8.56e-01   4.03e+01   0.00e+00 (  6.51e+02,  6.31e+01)
 1 e: 1.369e-01 i: 4.747e-01 :: e: 4.479e-03 i: 9.244e-03 :: n: 3.012e+01 e:26.513 i:35.189 v:4.993e+03
>>> tau_he = 5.000000, nhe(0)=4.165717e+00
 5     -0.005   1.89e-02   3.09e+00   2.54e-03  -2.58e-02   0.00e+00 (  5.01e+00,  3.15e+01)
10     -0.006   7.84e-03   4.16e-02   3.30e-03  -3.75e-02   0.00e+00 (  4.97e+00,  6.73e+01)
15     -0.055   1.63e-01  -3.16e-02   4.68e-02  -4.11e-01   0.00e+00 (  1.59e+02,  9.84e+01)
20     -0.170   3.30e-01   1.45e-02   8.46e-02  -1.47e+00   0.00e+00 (  3.52e+02,  1.23e+02)
25      0.028   3.17e-01   8.00e-02   5.30e-02   2.72e-01   0.00e+00 (  2.93e+02,  1.40e+02)
30      0.125   2.77e-01   1.30e-01   2.72e-02   1.34e+00   0.00e+00 (  1.78e+02,  1.51e+02)
35      0.483   5.63e-01   4.53e-01   1.80e-01   5.61e+00   0.00e+00 (  3.09e+02,  1.60e+02)
40      0.640   6.72e-01   5.29e-01   2.55e-01   7.98e+00   0.00e+00 (  3.12e+02,  1.66e+02)
45      0.468   6.16e-01   7.30e-01   4.12e-01   6.20e+00   0.00e+00 (  2.54e+02,  1.70e+02)
50      0.342   5.51e-01   8.11e-01   3.58e-01   4.77e+00   0.00e+00 (  2.14e+02,  1.70e+02)
55      0.244   5.21e-01   7.78e-01   4.23e-01   3.56e+00   0.00e+00 (  2.00e+02,  1.67e+02)
60      0.132   4.66e-01   5.43e-01   3.57e-01   1.99e+00   0.00e+00 (  1.75e+02,  1.61e+02)
65      0.117   5.49e-01   6.17e-01   4.44e-01   1.82e+00   0.00e+00 (  1.98e+02,  1.52e+02)
70      0.195   7.32e-01   1.03e+00   7.74e-01   3.13e+00   0.00e+00 (  2.50e+02,  1.40e+02)
75      0.215   7.99e-01   1.20e+00   9.53e-01   3.55e+00   0.00e+00 (  2.53e+02,  1.26e+02)
80      0.226   8.20e-01   1.27e+00   1.00e+00   3.95e+00   0.00e+00 (  2.40e+02,  1.10e+02)
85      0.310   9.86e-01   1.47e+00   1.06e+00   6.86e+00   0.00e+00 (  2.88e+02,  9.45e+01)
90      3.205   7.34e+00   9.18e+00   5.99e+00   1.44e+02   0.00e+00 (  2.96e+03,  7.89e+01)
95      0.473   8.33e-01   1.20e+00   8.56e-01   4.03e+01   0.00e+00 (  6.51e+02,  6.31e+01)
 2 e: 6.074e-02 i: 4.575e-02 :: e: 1.392e-01 i: 2.451e-01 :: n: 3.012e+01 e:30.129 i:31.720 v:4.993e+03
>>> tau_he = 5.000000, nhe(0)=4.012875e+00
 5     -0.009   1.50e-02   2.15e+00   5.98e-03  -4.60e-02   0.00e+00 (  5.41e+00,  3.15e+01)
10     -0.008   1.72e-02   2.00e-02   5.46e-03  -5.11e-02   0.00e+00 (  1.46e+01,  6.73e+01)
15     -0.174   1.92e-01  -8.23e-02   5.75e-02  -1.29e+00   0.00e+00 (  2.31e+02,  9.84e+01)
20     -0.401   3.08e-01   4.57e-02   5.34e-02  -3.45e+00   0.00e+00 (  3.96e+02,  1.23e+02)
25     -0.128   6.27e-01   6.47e-01   3.89e-01  -1.24e+00   0.00e+00 (  7.75e+02,  1.40e+02)
30      0.270   5.35e-01   4.50e-01   2.81e-01   2.89e+00   0.00e+00 (  5.12e+02,  1.51e+02)
35      0.240   4.42e-01   4.34e-01   2.18e-01   2.79e+00   0.00e+00 (  3.60e+02,  1.60e+02)
40      0.358   4.51e-01   5.06e-01   2.83e-01   4.46e+00   0.00e+00 (  3.05e+02,  1.66e+02)
45      0.297   4.66e-01   6.42e-01   2.42e-01   3.93e+00   0.00e+00 (  2.60e+02,  1.70e+02)
50      0.207   4.68e-01   6.46e-01   2.76e-01   2.88e+00   0.00e+00 (  2.21e+02,  1.70e+02)
55      0.136   4.63e-01   5.64e-01   3.21e-01   1.98e+00   0.00e+00 (  1.91e+02,  1.67e+02)
60      0.074   4.24e-01   4.03e-01   2.74e-01   1.12e+00   0.00e+00 (  1.54e+02,  1.61e+02)
65      0.110   4.87e-01   5.42e-01   3.96e-01   1.72e+00   0.00e+00 (  1.54e+02,  1.52e+02)
70      0.143   5.15e-01   6.70e-01   5.22e-01   2.30e+00   0.00e+00 (  1.42e+02,  1.40e+02)
75      0.174   5.37e-01   7.92e-01   6.44e-01   2.87e+00   0.00e+00 (  1.29e+02,  1.26e+02)
80      0.197   5.37e-01   8.74e-01   6.92e-01   3.45e+00   0.00e+00 (  1.14e+02,  1.10e+02)
85      0.286   7.29e-01   1.13e+00   8.06e-01   6.33e+00   0.00e+00 (  1.48e+02,  9.45e+01)
90      2.776   6.44e+00   7.95e+00   4.95e+00   1.25e+02   0.00e+00 (  2.28e+03,  7.89e+01)
95      0.473   8.33e-01   1.20e+00   8.56e-01   4.03e+01   0.00e+00 (  6.51e+02,  6.31e+01)
 3 e: 3.948e-02 i: 9.349e-03 :: e: 1.963e-01 i: 4.226e-01 :: n: 3.012e+01 e:25.001 i:31.561 v:4.993e+03
>>> tau_he = 5.000000, nhe(0)=3.999092e+00
 5     -0.009   1.36e-02   1.61e+00   4.54e-03  -4.56e-02   0.00e+00 (  4.39e+00,  3.15e+01)
10     -0.006   2.24e-02   4.90e-03   3.44e-03  -3.85e-02   0.00e+00 (  1.69e+01,  6.73e+01)
15     -0.161   1.41e-01  -3.49e-02   2.91e-02  -1.20e+00   0.00e+00 (  1.38e+02,  9.84e+01)
20     -0.126   2.10e-01   4.60e-02   3.09e-02  -1.08e+00   0.00e+00 (  2.09e+02,  1.23e+02)
25     -0.037   2.45e-01   9.69e-02   3.19e-02  -3.56e-01   0.00e+00 (  2.28e+02,  1.40e+02)
30      0.128   3.69e-01   3.27e-01   9.56e-02   1.37e+00   0.00e+00 (  2.79e+02,  1.51e+02)
35      0.182   3.44e-01   3.27e-01   1.17e-01   2.11e+00   0.00e+00 (  2.24e+02,  1.60e+02)
40      0.229   3.46e-01   3.81e-01   1.42e-01   2.85e+00   0.00e+00 (  1.87e+02,  1.66e+02)
45      0.220   3.61e-01   4.47e-01   1.95e-01   2.91e+00   0.00e+00 (  1.62e+02,  1.70e+02)
50      0.185   3.66e-01   4.88e-01   2.29e-01   2.57e+00   0.00e+00 (  1.38e+02,  1.70e+02)
55      0.107   3.07e-01   3.72e-01   2.17e-01   1.56e+00   0.00e+00 (  1.01e+02,  1.67e+02)
60      0.096   3.16e-01   3.51e-01   2.43e-01   1.46e+00   0.00e+00 (  9.11e+01,  1.61e+02)
65      0.126   3.57e-01   4.54e-01   3.27e-01   1.96e+00   0.00e+00 (  8.86e+01,  1.52e+02)
70      0.148   3.81e-01   5.52e-01   4.30e-01   2.38e+00   0.00e+00 (  8.18e+01,  1.40e+02)
75      0.170   4.04e-01   6.42e-01   5.27e-01   2.81e+00   0.00e+00 (  7.52e+01,  1.26e+02)
80      0.187   4.23e-01   7.13e-01   5.73e-01   3.27e+00   0.00e+00 (  6.83e+01,  1.10e+02)
85      0.276   6.57e-01   9.86e-01   6.90e-01   6.12e+00   0.00e+00 (  9.99e+01,  9.45e+01)
90      1.496   3.38e+00   4.31e+00   2.55e+00   6.74e+01   0.00e+00 (  1.10e+03,  7.89e+01)
95      0.473   8.33e-01   1.20e+00   8.56e-01   4.03e+01   0.00e+00 (  6.51e+02,  6.31e+01)
 4 e: 2.104e-03 i: 2.013e-02 :: e: 2.722e-01 i: 4.396e-01 :: n: 3.012e+01 e:26.128 i:27.646 v:4.993e+03
>>> tau_he = 5.000000, nhe(0)=3.742795e+00
 5     -0.009   1.03e-02   1.40e+00   5.81e-03  -4.41e-02   0.00e+00 (  3.74e+00,  3.15e+01)
10     -0.005   2.61e-02   9.00e-04   5.19e-03  -3.41e-02   0.00e+00 (  2.16e+01,  6.73e+01)
15     -0.166   1.25e-01  -3.23e-02   2.40e-02  -1.24e+00   0.00e+00 (  1.27e+02,  9.84e+01)
20     -0.084   1.92e-01   4.07e-02   1.19e-02  -7.19e-01   0.00e+00 (  1.99e+02,  1.23e+02)
25     -0.001   3.92e-01   3.68e-01   1.46e-01  -8.82e-03   0.00e+00 (  3.81e+02,  1.40e+02)
30      0.103   3.50e-01   3.33e-01   1.33e-01   1.10e+00   0.00e+00 (  2.78e+02,  1.51e+02)
35      0.159   3.42e-01   3.46e-01   1.42e-01   1.85e+00   0.00e+00 (  2.38e+02,  1.60e+02)
40      0.204   3.41e-01   4.29e-01   1.67e-01   2.55e+00   0.00e+00 (  1.99e+02,  1.66e+02)
45      0.198   3.67e-01   4.99e-01   2.27e-01   2.62e+00   0.00e+00 (  1.77e+02,  1.70e+02)
50      0.164   3.80e-01   5.43e-01   2.45e-01   2.28e+00   0.00e+00 (  1.55e+02,  1.70e+02)
55      0.093   3.30e-01   4.12e-01   2.39e-01   1.35e+00   0.00e+00 (  1.17e+02,  1.67e+02)
60      0.080   3.39e-01   3.78e-01   2.50e-01   1.21e+00   0.00e+00 (  1.04e+02,  1.61e+02)
65      0.101   3.64e-01   4.43e-01   3.20e-01   1.58e+00   0.00e+00 (  9.47e+01,  1.52e+02)
70      0.117   3.62e-01   4.90e-01   3.87e-01   1.87e+00   0.00e+00 (  8.02e+01,  1.40e+02)
75      0.131   3.58e-01   5.35e-01   4.44e-01   2.15e+00   0.00e+00 (  6.77e+01,  1.26e+02)
80      0.143   3.57e-01   5.71e-01   4.60e-01   2.50e+00   0.00e+00 (  5.75e+01,  1.10e+02)
85      0.246   6.06e-01   8.48e-01   5.59e-01   5.45e+00   0.00e+00 (  8.92e+01,  9.45e+01)
90      1.507   3.42e+00   4.37e+00   2.54e+00   6.78e+01   0.00e+00 (  1.11e+03,  7.89e+01)
95      0.473   8.33e-01   1.20e+00   8.56e-01   4.03e+01   0.00e+00 (  6.51e+02,  6.31e+01)
 5 e: 2.228e-02 i: 2.082e-03 :: e: 2.643e-01 i: 4.685e-01 :: n: 3.012e+01 e:22.595 i:27.487 v:4.993e+03
>>> tau_he = 5.000000, nhe(0)=3.728470e+00
 5     -0.008   9.79e-03   1.26e+00   4.34e-03  -3.91e-02   0.00e+00 (  3.15e+00,  3.15e+01)
10     -0.005   2.87e-02   1.75e-03   4.84e-03  -3.05e-02   0.00e+00 (  2.10e+01,  6.73e+01)
15     -0.112   1.22e-01  -4.07e-02   1.58e-02  -8.35e-01   0.00e+00 (  1.07e+02,  9.84e+01)
20     -0.016   1.69e-01   2.79e-02   1.33e-02  -1.35e-01   0.00e+00 (  1.48e+02,  1.23e+02)
25     -0.008   1.92e-01   7.60e-02   1.81e-02  -8.22e-02   0.00e+00 (  1.52e+02,  1.40e+02)
30      0.045   2.01e-01   1.07e-01   1.34e-02   4.77e-01   0.00e+00 (  1.33e+02,  1.51e+02)
35      0.118   2.81e-01   2.51e-01   7.03e-02   1.37e+00   0.00e+00 (  1.64e+02,  1.60e+02)
40      0.149   2.75e-01   3.12e-01   1.03e-01   1.86e+00   0.00e+00 (  1.34e+02,  1.66e+02)
45      0.149   2.89e-01   3.42e-01   1.69e-01   1.97e+00   0.00e+00 (  1.16e+02,  1.70e+02)
50      0.132   2.96e-01   3.69e-01   1.91e-01   1.85e+00   0.00e+00 (  9.99e+01,  1.70e+02)
55      0.093   2.62e-01   3.12e-01   2.04e-01   1.35e+00   0.00e+00 (  7.69e+01,  1.67e+02)
60      0.088   2.61e-01   3.07e-01   2.10e-01   1.33e+00   0.00e+00 (  6.58e+01,  1.61e+02)
65      0.108   2.79e-01   3.62e-01   2.64e-01   1.69e+00   0.00e+00 (  5.90e+01,  1.52e+02)
70      0.124   2.90e-01   4.26e-01   3.39e-01   1.99e+00   0.00e+00 (  5.15e+01,  1.40e+02)
75      0.140   3.07e-01   4.86e-01   4.08e-01   2.31e+00   0.00e+00 (  4.59e+01,  1.26e+02)
80      0.154   3.39e-01   5.37e-01   4.40e-01   2.69e+00   0.00e+00 (  4.21e+01,  1.10e+02)
85      0.252   6.33e-01   8.18e-01   5.45e-01   5.58e+00   0.00e+00 (  6.82e+01,  9.45e+01)
90      0.848   1.98e+00   2.51e+00   1.39e+00   3.82e+01   0.00e+00 (  5.97e+02,  7.89e+01)
95      0.473   8.33e-01   1.20e+00   8.56e-01   4.03e+01   0.00e+00 (  6.51e+02,  6.31e+01)
 6 e: 2.167e-03 i: 1.043e-02 :: e: 3.301e-01 i: 4.839e-01 :: n: 3.012e+01 e:23.650 i:24.927 v:4.993e+03
>>> tau_he = 5.000000, nhe(0)=3.517479e+00
 5     -0.007   8.02e-03   1.17e+00   5.29e-03  -3.64e-02   0.00e+00 (  2.75e+00,  3.15e+01)
10     -0.004   1.78e-02   1.94e-03   3.20e-03  -2.24e-02   0.00e+00 (  1.36e+01,  6.73e+01)
15     -0.107   1.12e-01  -3.42e-02   1.13e-02  -7.96e-01   0.00e+00 (  1.01e+02,  9.84e+01)
20     -0.016   1.63e-01   4.34e-02  -2.40e-03  -1.38e-01   0.00e+00 (  1.46e+02,  1.23e+02)
25      0.025   1.84e-01   8.87e-02   6.84e-03   2.43e-01   0.00e+00 (  1.52e+02,  1.40e+02)
30      0.045   2.09e-01   1.36e-01  -3.60e-03   4.81e-01   0.00e+00 (  1.47e+02,  1.51e+02)
35      0.119   2.82e-01   2.89e-01   9.92e-02   1.38e+00   0.00e+00 (  1.74e+02,  1.60e+02)
40      0.146   2.93e-01   3.70e-01   1.19e-01   1.82e+00   0.00e+00 (  1.53e+02,  1.66e+02)
45      0.146   3.06e-01   4.10e-01   1.85e-01   1.93e+00   0.00e+00 (  1.33e+02,  1.70e+02)
50      0.131   3.22e-01   4.46e-01   2.30e-01   1.83e+00   0.00e+00 (  1.18e+02,  1.70e+02)
55      0.086   2.88e-01   3.71e-01   2.18e-01   1.26e+00   0.00e+00 (  9.22e+01,  1.67e+02)
60      0.079   2.91e-01   3.44e-01   2.24e-01   1.19e+00   0.00e+00 (  8.03e+01,  1.61e+02)
65      0.093   3.00e-01   3.78e-01   2.73e-01   1.45e+00   0.00e+00 (  6.94e+01,  1.52e+02)
70      0.101   2.88e-01   3.97e-01   3.19e-01   1.62e+00   0.00e+00 (  5.60e+01,  1.40e+02)
75      0.109   2.78e-01   4.21e-01   3.52e-01   1.80e+00   0.00e+00 (  4.55e+01,  1.26e+02)
80      0.119   2.80e-01   4.38e-01   3.41e-01   2.09e+00   0.00e+00 (  3.79e+01,  1.10e+02)
85      0.244   6.13e-01   7.60e-01   4.81e-01   5.40e+00   0.00e+00 (  7.08e+01,  9.45e+01)
90      0.848   1.98e+00   2.51e+00   1.37e+00   3.82e+01   0.00e+00 (  6.07e+02,  7.89e+01)
95      0.473   8.33e-01   1.20e+00   8.56e-01   4.03e+01   0.00e+00 (  6.51e+02,  6.31e+01)
 7 e: 1.330e-02 i: 1.462e-03 :: e: 2.828e-01 i: 4.454e-01 :: n: 3.012e+01 e:21.141 i:25.421 v:4.993e+03
>>> tau_he = 5.000000, nhe(0)=3.560775e+00
 5     -0.007   8.17e-03   1.16e+00   4.14e-03  -3.37e-02   0.00e+00 (  2.54e+00,  3.15e+01)
10     -0.004   2.46e-02   1.62e-03   3.84e-03  -2.30e-02   0.00e+00 (  1.70e+01,  6.73e+01)
15     -0.049   9.44e-02  -4.16e-02   1.41e-02  -3.66e-01   0.00e+00 (  7.53e+01,  9.84e+01)
20      0.002   1.41e-01   2.54e-02   9.73e-03   1.44e-02   0.00e+00 (  1.13e+02,  1.23e+02)
25      0.019   1.65e-01   6.64e-02   5.90e-03   1.87e-01   0.00e+00 (  1.21e+02,  1.40e+02)
30      0.041   1.80e-01   1.02e-01   1.58e-02   4.41e-01   0.00e+00 (  1.12e+02,  1.51e+02)
35      0.058   1.87e-01   1.33e-01   1.91e-02   6.69e-01   0.00e+00 (  1.00e+02,  1.60e+02)
40      0.111   2.41e-01   2.62e-01   8.83e-02   1.38e+00   0.00e+00 (  1.08e+02,  1.66e+02)
45      0.114   2.44e-01   2.78e-01   1.35e-01   1.51e+00   0.00e+00 (  9.05e+01,  1.70e+02)
50      0.086   2.20e-01   2.55e-01   1.55e-01   1.20e+00   0.00e+00 (  6.86e+01,  1.70e+02)
55      0.086   2.35e-01   2.76e-01   1.88e-01   1.25e+00   0.00e+00 (  6.36e+01,  1.67e+02)
60      0.083   2.31e-01   2.80e-01   1.94e-01   1.26e+00   0.00e+00 (  5.34e+01,  1.61e+02)
65      0.099   2.43e-01   3.26e-01   2.37e-01   1.55e+00   0.00e+00 (  4.64e+01,  1.52e+02)
70      0.111   2.48e-01   3.66e-01   2.95e-01   1.78e+00   0.00e+00 (  3.94e+01,  1.40e+02)
75      0.123   2.65e-01   4.11e-01   3.50e-01   2.04e+00   0.00e+00 (  3.47e+01,  1.26e+02)
80      0.140   3.12e-01   4.61e-01   3.78e-01   2.45e+00   0.00e+00 (  3.27e+01,  1.10e+02)
85      0.246   6.86e-01   7.46e-01   4.84e-01   5.45e+00   0.00e+00 (  5.72e+01,  9.45e+01)
90      0.844   2.00e+00   2.49e+00   1.37e+00   3.80e+01   0.00e+00 (  5.77e+02,  7.89e+01)
95      0.473   8.33e-01   1.20e+00   8.56e-01   4.03e+01   0.00e+00 (  6.51e+02,  6.31e+01)
 8 e: 3.493e-03 i: 6.131e-03 :: e: 3.632e-01 i: 4.842e-01 :: n: 3.012e+01 e:22.461 i:23.606 v:4.993e+03
>>> tau_he = 5.000000, nhe(0)=3.391726e+00
 5     -0.007   7.11e-03   1.12e+00   5.00e-03  -3.19e-02   0.00e+00 (  2.35e+00,  3.15e+01)
10     -0.003   1.54e-02   2.10e-03   2.86e-03  -1.89e-02   0.00e+00 (  1.11e+01,  6.73e+01)
15     -0.051   9.08e-02  -3.97e-02   9.89e-03  -3.80e-01   0.00e+00 (  7.55e+01,  9.84e+01)
20     -0.002   1.35e-01   4.42e-02  -1.47e-02  -1.41e-02   0.00e+00 (  1.13e+02,  1.23e+02)
25      0.029   1.67e-01   9.04e-02   6.23e-03   2.83e-01   0.00e+00 (  1.31e+02,  1.40e+02)
30      0.043   1.91e-01   1.30e-01  -2.84e-03   4.64e-01   0.00e+00 (  1.29e+02,  1.51e+02)
35      0.104   2.55e-01   2.68e-01   9.90e-02   1.21e+00   0.00e+00 (  1.49e+02,  1.60e+02)
40      0.120   2.64e-01   3.32e-01   1.30e-01   1.49e+00   0.00e+00 (  1.30e+02,  1.66e+02)
45      0.120   2.73e-01   3.53e-01   1.62e-01   1.58e+00   0.00e+00 (  1.11e+02,  1.70e+02)
50      0.113   2.90e-01   3.93e-01   2.13e-01   1.57e+00   0.00e+00 (  1.00e+02,  1.70e+02)
55      0.083   2.66e-01   3.42e-01   2.08e-01   1.21e+00   0.00e+00 (  8.05e+01,  1.67e+02)
60      0.077   2.65e-01   3.23e-01   2.11e-01   1.16e+00   0.00e+00 (  6.87e+01,  1.61e+02)
65      0.087   2.66e-01   3.42e-01   2.47e-01   1.36e+00   0.00e+00 (  5.73e+01,  1.52e+02)
70      0.092   2.51e-01   3.49e-01   2.83e-01   1.47e+00   0.00e+00 (  4.51e+01,  1.40e+02)
75      0.097   2.37e-01   3.62e-01   3.05e-01   1.60e+00   0.00e+00 (  3.56e+01,  1.26e+02)
80      0.116   2.69e-01   4.02e-01   3.21e-01   2.03e+00   0.00e+00 (  3.23e+01,  1.10e+02)
85      0.239   6.42e-01   7.08e-01   4.22e-01   5.29e+00   0.00e+00 (  6.10e+01,  9.45e+01)
90      0.845   2.00e+00   2.50e+00   1.35e+00   3.80e+01   0.00e+00 (  5.90e+02,  7.89e+01)
95      0.473   8.33e-01   1.20e+00   8.56e-01   4.03e+01   0.00e+00 (  6.51e+02,  6.31e+01)
 9 e: 9.468e-03 i: 1.964e-03 :: e: 2.761e-01 i: 4.072e-01 :: n: 3.012e+01 e:20.436 i:24.469 v:4.993e+03
>>> tau_he = 5.000000, nhe(0)=3.475018e+00
 5     -0.006   7.53e-03   1.13e+00   4.02e-03  -3.08e-02   0.00e+00 (  2.28e+00,  3.15e+01)
10     -0.003   1.69e-02   3.19e-03   2.86e-03  -1.97e-02   0.00e+00 (  1.12e+01,  6.73e+01)
15     -0.037   7.47e-02  -4.00e-02   1.27e-02  -2.75e-01   0.00e+00 (  5.66e+01,  9.84e+01)
20      0.008   1.32e-01   2.56e-02   5.75e-03   6.57e-02   0.00e+00 (  1.01e+02,  1.23e+02)
25      0.022   1.56e-01   6.76e-02   6.47e-03   2.10e-01   0.00e+00 (  1.11e+02,  1.40e+02)
30      0.040   1.71e-01   1.01e-01   1.53e-02   4.23e-01   0.00e+00 (  1.05e+02,  1.51e+02)
35      0.053   1.74e-01   1.23e-01   2.23e-02   6.14e-01   0.00e+00 (  9.06e+01,  1.60e+02)
40      0.093   2.24e-01   2.33e-01   8.78e-02   1.15e+00   0.00e+00 (  9.74e+01,  1.66e+02)
45      0.079   1.98e-01   2.11e-01   1.13e-01   1.05e+00   0.00e+00 (  7.12e+01,  1.70e+02)
50      0.080   2.08e-01   2.33e-01   1.49e-01   1.12e+00   0.00e+00 (  6.27e+01,  1.70e+02)
55      0.080   2.20e-01   2.62e-01   1.77e-01   1.17e+00   0.00e+00 (  5.73e+01,  1.67e+02)
60      0.082   2.18e-01   2.68e-01   1.87e-01   1.23e+00   0.00e+00 (  4.80e+01,  1.61e+02)
65      0.096   2.27e-01   3.09e-01   2.26e-01   1.50e+00   0.00e+00 (  4.11e+01,  1.52e+02)
70      0.106   2.29e-01   3.41e-01   2.77e-01   1.69e+00   0.00e+00 (  3.41e+01,  1.40e+02)
75      0.116   2.47e-01   3.76e-01   3.24e-01   1.91e+00   0.00e+00 (  3.00e+01,  1.26e+02)
80      0.132   3.01e-01   4.18e-01   3.43e-01   2.31e+00   0.00e+00 (  2.80e+01,  1.10e+02)
85      0.242   7.52e-01   7.05e-01   4.41e-01   5.35e+00   0.00e+00 (  5.11e+01,  9.45e+01)
90      0.842   2.02e+00   2.48e+00   1.35e+00   3.79e+01   0.00e+00 (  5.65e+02,  7.89e+01)
95      0.473   8.33e-01   1.20e+00   8.56e-01   4.03e+01   0.00e+00 (  6.51e+02,  6.31e+01)
10 e: 4.871e-03 i: 4.302e-03 :: e: 3.402e-01 i: 4.477e-01 :: n: 3.012e+01 e:21.970 i:23.016 v:4.993e+03
>>> tau_he = 5.000000, nhe(0)=3.331421e+00
 5     -0.006   6.78e-03   1.10e+00   4.68e-03  -2.91e-02   0.00e+00 (  2.19e+00,  3.15e+01)
10     -0.003   1.32e-02   3.04e-03   2.49e-03  -1.69e-02   0.00e+00 (  9.29e+00,  6.73e+01)
15     -0.042   8.04e-02  -3.82e-02   9.64e-03  -3.16e-01   0.00e+00 (  6.44e+01,  9.84e+01)
20      0.004   1.28e-01   4.39e-02  -1.42e-02   3.82e-02   0.00e+00 (  1.04e+02,  1.23e+02)
25      0.032   1.61e-01   9.35e-02   6.46e-03   3.11e-01   0.00e+00 (  1.23e+02,  1.40e+02)
30      0.044   1.88e-01   1.32e-01  -1.03e-03   4.69e-01   0.00e+00 (  1.25e+02,  1.51e+02)
35      0.095   2.47e-01   2.59e-01   9.61e-02   1.10e+00   0.00e+00 (  1.42e+02,  1.60e+02)
40      0.103   2.54e-01   3.06e-01   1.20e-01   1.28e+00   0.00e+00 (  1.22e+02,  1.66e+02)
45      0.116   2.73e-01   3.63e-01   1.64e-01   1.53e+00   0.00e+00 (  1.10e+02,  1.70e+02)
50      0.105   2.79e-01   3.72e-01   2.05e-01   1.47e+00   0.00e+00 (  9.54e+01,  1.70e+02)
55      0.081   2.60e-01   3.34e-01   2.04e-01   1.18e+00   0.00e+00 (  7.73e+01,  1.67e+02)
60      0.077   2.58e-01   3.19e-01   2.09e-01   1.16e+00   0.00e+00 (  6.54e+01,  1.61e+02)
65      0.086   2.56e-01   3.36e-01   2.42e-01   1.34e+00   0.00e+00 (  5.39e+01,  1.52e+02)
70      0.089   2.38e-01   3.33e-01   2.71e-01   1.42e+00   0.00e+00 (  4.16e+01,  1.40e+02)
75      0.091   2.20e-01   3.35e-01   2.79e-01   1.50e+00   0.00e+00 (  3.17e+01,  1.26e+02)
80      0.111   2.56e-01   3.72e-01   2.96e-01   1.93e+00   0.00e+00 (  2.85e+01,  1.10e+02)
85      0.243   6.87e-01   7.01e-01   4.01e-01   5.38e+00   0.00e+00 (  5.64e+01,  9.45e+01)
90      0.843   2.02e+00   2.49e+00   1.34e+00   3.80e+01   0.00e+00 (  5.79e+02,  7.89e+01)
95      0.473   8.33e-01   1.20e+00   8.56e-01   4.03e+01   0.00e+00 (  6.51e+02,  6.31e+01)
11 e: 7.742e-03 i: 2.812e-03 :: e: 2.362e-01 i: 3.468e-01 :: n: 3.012e+01 e:20.165 i:24.143 v:4.993e+03
>>> tau_he = 5.000000, nhe(0)=3.444212e+00
 5     -0.006   7.33e-03   1.14e+00   3.96e-03  -2.94e-02   0.00e+00 (  2.19e+00,  3.15e+01)
10     -0.003   1.33e-02   4.27e-03   2.22e-03  -1.89e-02   0.00e+00 (  8.70e+00,  6.73e+01)
15     -0.024   7.00e-02  -3.67e-02   1.32e-02  -1.81e-01   0.00e+00 (  5.17e+01,  9.84e+01)
20      0.011   1.27e-01   2.54e-02   5.93e-03   9.30e-02   0.00e+00 (  9.47e+01,  1.23e+02)
25      0.027   1.52e-01   6.86e-02   6.93e-03   2.64e-01   0.00e+00 (  1.07e+02,  1.40e+02)
30      0.039   1.69e-01   1.01e-01   1.38e-02   4.19e-01   0.00e+00 (  1.03e+02,  1.51e+02)
35      0.048   1.71e-01   1.21e-01   3.37e-02   5.59e-01   0.00e+00 (  8.86e+01,  1.60e+02)
40      0.058   1.85e-01   1.56e-01   6.43e-02   7.20e-01   0.00e+00 (  7.97e+01,  1.66e+02)
45      0.072   1.97e-01   1.96e-01   1.17e-01   9.59e-01   0.00e+00 (  7.06e+01,  1.70e+02)
50      0.077   2.09e-01   2.26e-01   1.44e-01   1.07e+00   0.00e+00 (  6.30e+01,  1.70e+02)
55      0.079   2.18e-01   2.57e-01   1.73e-01   1.15e+00   0.00e+00 (  5.64e+01,  1.67e+02)
60      0.083   2.17e-01   2.69e-01   1.87e-01   1.25e+00   0.00e+00 (  4.73e+01,  1.61e+02)
65      0.098   2.26e-01   3.06e-01   2.27e-01   1.53e+00   0.00e+00 (  4.03e+01,  1.52e+02)
70      0.107   2.29e-01   3.42e-01   2.78e-01   1.72e+00   0.00e+00 (  3.34e+01,  1.40e+02)
75      0.116   2.46e-01   3.72e-01   3.22e-01   1.91e+00   0.00e+00 (  2.89e+01,  1.26e+02)
80      0.130   3.02e-01   4.04e-01   3.32e-01   2.27e+00   0.00e+00 (  2.61e+01,  1.10e+02)
85      0.241   8.17e-01   6.85e-01   4.22e-01   5.34e+00   0.00e+00 (  4.77e+01,  9.45e+01)
90      0.840   2.03e+00   2.47e+00   1.34e+00   3.78e+01   0.00e+00 (  5.57e+02,  7.89e+01)
95      0.473   8.33e-01   1.20e+00   8.56e-01   4.03e+01   0.00e+00 (  6.51e+02,  6.31e+01)
12 e: 6.273e-03 i: 3.426e-03 :: e: 2.929e-01 i: 3.961e-01 :: n: 3.012e+01 e:21.895 i:22.875 v:4.993e+03
>>> tau_he = 5.000000, nhe(0)=3.316602e+00
 5     -0.006   6.72e-03   1.12e+00   4.65e-03  -2.82e-02   0.00e+00 (  2.15e+00,  3.15e+01)
10     -0.003   1.20e-02   3.72e-03   2.38e-03  -1.69e-02   0.00e+00 (  8.32e+00,  6.73e+01)
15     -0.038   7.51e-02  -3.94e-02   1.01e-02  -2.85e-01   0.00e+00 (  5.91e+01,  9.84e+01)
20      0.008   1.27e-01   4.45e-02  -1.44e-02   6.71e-02   0.00e+00 (  1.01e+02,  1.23e+02)
25      0.083   2.47e-01   2.42e-01   6.58e-02   8.09e-01   0.00e+00 (  1.87e+02,  1.40e+02)
30      0.045   1.89e-01   1.34e-01  -1.76e-03   4.81e-01   0.00e+00 (  1.26e+02,  1.51e+02)
35      0.092   2.47e-01   2.57e-01   9.62e-02   1.07e+00   0.00e+00 (  1.42e+02,  1.60e+02)
40      0.097   2.53e-01   3.00e-01   1.16e-01   1.21e+00   0.00e+00 (  1.23e+02,  1.66e+02)
45      0.108   2.70e-01   3.50e-01   1.62e-01   1.43e+00   0.00e+00 (  1.10e+02,  1.70e+02)
50      0.103   2.81e-01   3.69e-01   2.05e-01   1.43e+00   0.00e+00 (  9.73e+01,  1.70e+02)
55      0.082   2.64e-01   3.39e-01   2.05e-01   1.19e+00   0.00e+00 (  7.93e+01,  1.67e+02)
60      0.079   2.63e-01   3.30e-01   2.17e-01   1.19e+00   0.00e+00 (  6.74e+01,  1.61e+02)
65      0.090   2.65e-01   3.52e-01   2.53e-01   1.40e+00   0.00e+00 (  5.62e+01,  1.52e+02)
70      0.091   2.44e-01   3.43e-01   2.78e-01   1.45e+00   0.00e+00 (  4.30e+01,  1.40e+02)
75      0.091   2.21e-01   3.37e-01   2.81e-01   1.51e+00   0.00e+00 (  3.19e+01,  1.26e+02)
80      0.109   2.52e-01   3.64e-01   2.90e-01   1.91e+00   0.00e+00 (  2.73e+01,  1.10e+02)
85      0.241   7.08e-01   6.84e-01   3.81e-01   5.34e+00   0.00e+00 (  5.32e+01,  9.45e+01)
90      0.842   2.02e+00   2.49e+00   1.33e+00   3.79e+01   0.00e+00 (  5.73e+02,  7.89e+01)
95      0.473   8.33e-01   1.20e+00   8.56e-01   4.03e+01   0.00e+00 (  6.51e+02,  6.31e+01)
13 e: 7.202e-03 i: 3.710e-03 :: e: 1.916e-01 i: 2.856e-01 :: n: 3.012e+01 e:20.147 i:24.145 v:4.993e+03
>>> tau_he = 5.000000, nhe(0)=3.444370e+00
 5     -0.006   7.34e-03   1.15e+00   3.94e-03  -2.91e-02   0.00e+00 (  2.18e+00,  3.15e+01)
10     -0.003   1.26e-02   4.49e-03   2.13e-03  -1.86e-02   0.00e+00 (  8.18e+00,  6.73e+01)
15     -0.023   6.74e-02  -3.56e-02   1.30e-02  -1.71e-01   0.00e+00 (  4.94e+01,  9.84e+01)
20      0.008   1.20e-01   2.69e-02   5.30e-03   7.12e-02   0.00e+00 (  8.77e+01,  1.23e+02)
25      0.033   1.59e-01   8.48e-02   8.62e-04   3.20e-01   0.00e+00 (  1.09e+02,  1.40e+02)
30      0.039   1.70e-01   1.02e-01   1.41e-02   4.21e-01   0.00e+00 (  1.04e+02,  1.51e+02)
35      0.046   1.72e-01   1.19e-01   4.02e-02   5.33e-01   0.00e+00 (  9.02e+01,  1.60e+02)
40      0.056   1.84e-01   1.47e-01   5.82e-02   6.94e-01   0.00e+00 (  8.09e+01,  1.66e+02)
45      0.068   1.98e-01   1.88e-01   1.17e-01   9.03e-01   0.00e+00 (  7.25e+01,  1.70e+02)
50      0.075   2.13e-01   2.20e-01   1.42e-01   1.05e+00   0.00e+00 (  6.54e+01,  1.70e+02)
55      0.082   2.24e-01   2.56e-01   1.75e-01   1.19e+00   0.00e+00 (  5.91e+01,  1.67e+02)
60      0.086   2.24e-01   2.78e-01   1.92e-01   1.30e+00   0.00e+00 (  4.96e+01,  1.61e+02)
65      0.105   2.39e-01   3.27e-01   2.40e-01   1.63e+00   0.00e+00 (  4.32e+01,  1.52e+02)
70      0.114   2.43e-01   3.64e-01   2.94e-01   1.82e+00   0.00e+00 (  3.59e+01,  1.40e+02)
75      0.122   2.58e-01   3.93e-01   3.38e-01   2.01e+00   0.00e+00 (  3.05e+01,  1.26e+02)
80      0.133   3.12e-01   4.13e-01   3.41e-01   2.33e+00   0.00e+00 (  2.63e+01,  1.10e+02)
85      0.241   8.63e-01   6.78e-01   4.14e-01   5.33e+00   0.00e+00 (  4.60e+01,  9.45e+01)
90      0.839   2.03e+00   2.47e+00   1.34e+00   3.78e+01   0.00e+00 (  5.53e+02,  7.89e+01)
95      0.473   8.33e-01   1.20e+00   8.56e-01   4.03e+01   0.00e+00 (  6.51e+02,  6.31e+01)
14 e: 7.608e-03 i: 3.148e-03 :: e: 2.299e-01 i: 3.213e-01 :: n: 3.012e+01 e:22.032 i:22.930 v:4.993e+03
>>> tau_he = 5.000000, nhe(0)=3.322432e+00
 5     -0.006   6.77e-03   1.14e+00   4.66e-03  -2.79e-02   0.00e+00 (  2.16e+00,  3.15e+01)
10     -0.003   1.10e-02   4.05e-03   2.29e-03  -1.72e-02   0.00e+00 (  7.61e+00,  6.73e+01)
15     -0.037   7.21e-02  -3.98e-02   1.00e-02  -2.74e-01   0.00e+00 (  5.64e+01,  9.84e+01)
20      0.007   1.26e-01   4.53e-02  -1.45e-02   6.00e-02   0.00e+00 (  9.87e+01,  1.23e+02)
25      0.038   1.56e-01   9.61e-02   5.92e-03   3.71e-01   0.00e+00 (  1.15e+02,  1.40e+02)
30      0.047   1.88e-01   1.37e-01  -3.42e-03   5.04e-01   0.00e+00 (  1.26e+02,  1.51e+02)
35      0.092   2.52e-01   2.61e-01   9.71e-02   1.07e+00   0.00e+00 (  1.48e+02,  1.60e+02)
40      0.095   2.59e-01   3.01e-01   1.15e-01   1.18e+00   0.00e+00 (  1.29e+02,  1.66e+02)
45      0.105   2.77e-01   3.48e-01   1.62e-01   1.39e+00   0.00e+00 (  1.16e+02,  1.70e+02)
50      0.105   2.91e-01   3.78e-01   2.07e-01   1.47e+00   0.00e+00 (  1.04e+02,  1.70e+02)
55      0.083   2.75e-01   3.55e-01   2.10e-01   1.21e+00   0.00e+00 (  8.56e+01,  1.67e+02)
60      0.083   2.79e-01   3.51e-01   2.34e-01   1.26e+00   0.00e+00 (  7.40e+01,  1.61e+02)
65      0.097   2.86e-01   3.85e-01   2.75e-01   1.51e+00   0.00e+00 (  6.28e+01,  1.52e+02)
70      0.097   2.64e-01   3.73e-01   2.99e-01   1.55e+00   0.00e+00 (  4.83e+01,  1.40e+02)
75      0.097   2.38e-01   3.63e-01   3.07e-01   1.60e+00   0.00e+00 (  3.57e+01,  1.26e+02)
80      0.111   2.56e-01   3.73e-01   2.99e-01   1.94e+00   0.00e+00 (  2.81e+01,  1.10e+02)
85      0.243   7.22e-01   6.84e-01   3.79e-01   5.38e+00   0.00e+00 (  5.26e+01,  9.45e+01)
90      0.842   2.03e+00   2.48e+00   1.33e+00   3.79e+01   0.00e+00 (  5.71e+02,  7.89e+01)
95      0.473   8.33e-01   1.20e+00   8.56e-01   4.03e+01   0.00e+00 (  6.51e+02,  6.31e+01)
15 e: 7.008e-03 i: 4.671e-03 :: e: 1.217e-01 i: 2.104e-01 :: n: 3.012e+01 e:20.302 i:24.453 v:4.993e+03
>>> tau_he = 5.000000, nhe(0)=3.473464e+00
 5     -0.006   7.58e-03   1.20e+00   3.93e-03  -2.91e-02   0.00e+00 (  2.24e+00,  3.15e+01)
10     -0.003   1.16e-02   5.19e-03   2.04e-03  -1.86e-02   0.00e+00 (  7.51e+00,  6.73e+01)
15     -0.022   6.52e-02  -2.80e-02   1.21e-02  -1.65e-01   0.00e+00 (  4.74e+01,  9.84e+01)
20      0.013   1.17e-01   2.57e-02   9.02e-03   1.10e-01   0.00e+00 (  8.49e+01,  1.23e+02)
25      0.036   1.62e-01   8.69e-02  -3.49e-03   3.50e-01   0.00e+00 (  1.11e+02,  1.40e+02)
30      0.041   1.74e-01   1.03e-01   1.30e-02   4.34e-01   0.00e+00 (  1.07e+02,  1.51e+02)
35      0.045   1.76e-01   1.18e-01   3.98e-02   5.24e-01   0.00e+00 (  9.35e+01,  1.60e+02)
40      0.053   1.90e-01   1.44e-01   5.75e-02   6.64e-01   0.00e+00 (  8.53e+01,  1.66e+02)
45      0.065   2.04e-01   1.80e-01   1.20e-01   8.61e-01   0.00e+00 (  7.70e+01,  1.70e+02)
50      0.074   2.17e-01   2.13e-01   1.42e-01   1.03e+00   0.00e+00 (  6.89e+01,  1.70e+02)
55      0.082   2.33e-01   2.63e-01   1.76e-01   1.20e+00   0.00e+00 (  6.35e+01,  1.67e+02)
60      0.088   2.31e-01   2.73e-01   1.92e-01   1.32e+00   0.00e+00 (  5.29e+01,  1.61e+02)
65      0.114   2.58e-01   3.56e-01   2.60e-01   1.77e+00   0.00e+00 (  4.82e+01,  1.52e+02)
70      0.124   2.64e-01   3.99e-01   3.19e-01   1.98e+00   0.00e+00 (  4.04e+01,  1.40e+02)
75      0.133   2.78e-01   4.32e-01   3.69e-01   2.20e+00   0.00e+00 (  3.41e+01,  1.26e+02)
80      0.140   3.25e-01   4.40e-01   3.64e-01   2.45e+00   0.00e+00 (  2.79e+01,  1.10e+02)
85      0.240   8.76e-01   6.78e-01   4.17e-01   5.32e+00   0.00e+00 (  4.55e+01,  9.45e+01)
90      0.839   2.04e+00   2.47e+00   1.33e+00   3.78e+01   0.00e+00 (  5.51e+02,  7.89e+01)
95      0.473   8.33e-01   1.20e+00   8.56e-01   4.03e+01   0.00e+00 (  6.51e+02,  6.31e+01)
16 e: 9.095e-03 i: 3.088e-03 :: e: 1.707e-01 i: 2.522e-01 :: n: 3.012e+01 e:22.410 i:23.265 v:4.993e+03
>>> tau_he = 5.000000, nhe(0)=3.357259e+00
 5     -0.006   6.99e-03   1.19e+00   4.92e-03  -2.88e-02   0.00e+00 (  2.23e+00,  3.15e+01)
10     -0.003   1.07e-02   4.58e-03   2.32e-03  -1.78e-02   0.00e+00 (  7.39e+00,  6.73e+01)
15     -0.031   6.89e-02  -4.16e-02   1.01e-02  -2.32e-01   0.00e+00 (  5.40e+01,  9.84e+01)
20      0.008   1.30e-01   4.69e-02  -1.57e-02   7.09e-02   0.00e+00 (  1.02e+02,  1.23e+02)
25      0.042   1.61e-01   1.01e-01   5.43e-03   4.07e-01   0.00e+00 (  1.20e+02,  1.40e+02)
30      0.102   2.67e-01   2.50e-01   6.99e-02   1.09e+00   0.00e+00 (  1.82e+02,  1.51e+02)
35      0.094   2.61e-01   2.66e-01   9.84e-02   1.09e+00   0.00e+00 (  1.56e+02,  1.60e+02)
40      0.095   2.68e-01   3.04e-01   1.11e-01   1.18e+00   0.00e+00 (  1.38e+02,  1.66e+02)
45      0.105   2.87e-01   3.52e-01   1.65e-01   1.39e+00   0.00e+00 (  1.26e+02,  1.70e+02)
50      0.109   3.07e-01   3.93e-01   2.12e-01   1.52e+00   0.00e+00 (  1.15e+02,  1.70e+02)
55      0.086   2.92e-01   3.74e-01   2.20e-01   1.26e+00   0.00e+00 (  9.51e+01,  1.67e+02)
60      0.088   3.00e-01   3.78e-01   2.49e-01   1.32e+00   0.00e+00 (  8.35e+01,  1.61e+02)
65      0.105   3.14e-01   4.29e-01   3.04e-01   1.64e+00   0.00e+00 (  7.25e+01,  1.52e+02)
70      0.105   2.93e-01   4.16e-01   3.31e-01   1.68e+00   0.00e+00 (  5.67e+01,  1.40e+02)
75      0.105   2.64e-01   4.03e-01   3.38e-01   1.73e+00   0.00e+00 (  4.20e+01,  1.26e+02)
80      0.116   2.66e-01   3.98e-01   3.20e-01   2.03e+00   0.00e+00 (  3.06e+01,  1.10e+02)
85      0.241   7.11e-01   6.83e-01   3.81e-01   5.34e+00   0.00e+00 (  5.28e+01,  9.45e+01)
90      0.842   2.03e+00   2.48e+00   1.32e+00   3.79e+01   0.00e+00 (  5.72e+02,  7.89e+01)
95      0.473   8.33e-01   1.20e+00   8.56e-01   4.03e+01   0.00e+00 (  6.51e+02,  6.31e+01)
17 e: 7.567e-03 i: 5.549e-03 :: e: 7.392e-02 i: 1.634e-01 :: n: 3.012e+01 e:20.588 i:24.941 v:4.993e+03
>>> tau_he = 5.000000, nhe(0)=3.518099e+00
 5     -0.006   7.92e-03   1.25e+00   3.96e-03  -3.00e-02   0.00e+00 (  2.35e+00,  3.15e+01)
10     -0.003   1.14e-02   5.83e-03   2.07e-03  -1.93e-02   0.00e+00 (  7.39e+00,  6.73e+01)
15     -0.022   6.62e-02  -2.82e-02   1.23e-02  -1.66e-01   0.00e+00 (  4.83e+01,  9.84e+01)
20      0.014   1.21e-01   2.64e-02   9.23e-03   1.23e-01   0.00e+00 (  8.80e+01,  1.23e+02)
25      0.032   1.55e-01   7.16e-02   5.85e-03   3.14e-01   0.00e+00 (  1.07e+02,  1.40e+02)
30      0.039   1.78e-01   1.03e-01   1.74e-02   4.21e-01   0.00e+00 (  1.09e+02,  1.51e+02)
35      0.045   1.82e-01   1.17e-01   3.92e-02   5.23e-01   0.00e+00 (  9.83e+01,  1.60e+02)
40      0.052   1.97e-01   1.42e-01   5.56e-02   6.54e-01   0.00e+00 (  9.15e+01,  1.66e+02)
45      0.064   2.13e-01   1.77e-01   1.12e-01   8.48e-01   0.00e+00 (  8.34e+01,  1.70e+02)
50      0.074   2.27e-01   2.13e-01   1.42e-01   1.04e+00   0.00e+00 (  7.51e+01,  1.70e+02)
55      0.085   2.44e-01   2.69e-01   1.79e-01   1.24e+00   0.00e+00 (  6.95e+01,  1.67e+02)
60      0.096   2.53e-01   3.08e-01   2.10e-01   1.45e+00   0.00e+00 (  6.05e+01,  1.61e+02)
65      0.124   2.81e-01   3.90e-01   2.82e-01   1.94e+00   0.00e+00 (  5.50e+01,  1.52e+02)
70      0.136   2.89e-01   4.41e-01   3.50e-01   2.18e+00   0.00e+00 (  4.65e+01,  1.40e+02)
75      0.148   3.05e-01   4.84e-01   4.08e-01   2.43e+00   0.00e+00 (  3.95e+01,  1.26e+02)
80      0.153   3.47e-01   4.87e-01   4.09e-01   2.67e+00   0.00e+00 (  3.13e+01,  1.10e+02)
85      0.240   8.61e-01   6.87e-01   4.28e-01   5.32e+00   0.00e+00 (  4.60e+01,  9.45e+01)
90      0.839   2.03e+00   2.47e+00   1.34e+00   3.78e+01   0.00e+00 (  5.52e+02,  7.89e+01)
95      0.473   8.33e-01   1.20e+00   8.56e-01   4.03e+01   0.00e+00 (  6.51e+02,  6.31e+01)
18 e: 1.046e-02 i: 3.347e-03 :: e: 1.161e-01 i: 1.866e-01 :: n: 3.012e+01 e:22.873 i:23.695 v:4.993e+03
>>> tau_he = 5.000000, nhe(0)=3.400546e+00
 5     -0.006   7.30e-03   1.24e+00   5.02e-03  -2.96e-02   0.00e+00 (  2.35e+00,  3.15e+01)
10     -0.003   1.05e-02   5.22e-03   2.38e-03  -1.88e-02   0.00e+00 (  7.32e+00,  6.73e+01)
15     -0.030   7.08e-02  -4.29e-02   1.09e-02  -2.25e-01   0.00e+00 (  5.59e+01,  9.84e+01)
20      0.010   1.35e-01   4.94e-02  -1.73e-02   8.29e-02   0.00e+00 (  1.07e+02,  1.23e+02)
25      0.046   1.66e-01   1.07e-01   4.86e-03   4.50e-01   0.00e+00 (  1.25e+02,  1.40e+02)
30      0.051   1.97e-01   1.43e-01  -7.77e-03   5.43e-01   0.00e+00 (  1.35e+02,  1.51e+02)
35      0.097   2.73e-01   2.72e-01   9.98e-02   1.12e+00   0.00e+00 (  1.66e+02,  1.60e+02)
40      0.096   2.80e-01   3.10e-01   1.09e-01   1.20e+00   0.00e+00 (  1.49e+02,  1.66e+02)
45      0.108   3.02e-01   3.61e-01   1.67e-01   1.43e+00   0.00e+00 (  1.38e+02,  1.70e+02)
50      0.115   3.30e-01   4.14e-01   2.19e-01   1.60e+00   0.00e+00 (  1.30e+02,  1.70e+02)
55      0.090   3.12e-01   3.95e-01   2.30e-01   1.32e+00   0.00e+00 (  1.07e+02,  1.67e+02)
60      0.090   3.18e-01   3.82e-01   2.59e-01   1.35e+00   0.00e+00 (  9.34e+01,  1.61e+02)
65      0.115   3.47e-01   4.80e-01   3.38e-01   1.79e+00   0.00e+00 (  8.49e+01,  1.52e+02)
70      0.115   3.30e-01   4.69e-01   3.69e-01   1.84e+00   0.00e+00 (  6.78e+01,  1.40e+02)
75      0.115   3.00e-01   4.56e-01   3.81e-01   1.90e+00   0.00e+00 (  5.11e+01,  1.26e+02)
80      0.117   2.66e-01   4.16e-01   3.25e-01   2.04e+00   0.00e+00 (  3.28e+01,  1.10e+02)
85      0.243   7.00e-01   6.99e-01   3.99e-01   5.39e+00   0.00e+00 (  5.52e+01,  9.45e+01)
90      0.842   2.02e+00   2.49e+00   1.33e+00   3.79e+01   0.00e+00 (  5.76e+02,  7.89e+01)
95      0.473   8.33e-01   1.20e+00   8.56e-01   4.03e+01   0.00e+00 (  6.51e+02,  6.31e+01)
19 e: 8.402e-03 i: 6.320e-03 :: e: 3.532e-02 i: 1.096e-01 :: n: 3.012e+01 e:20.931 i:25.557 v:4.993e+03
>>> tau_he = 5.000000, nhe(0)=3.572128e+00
 5     -0.006   8.38e-03   1.31e+00   3.98e-03  -3.11e-02   0.00e+00 (  2.50e+00,  3.15e+01)
10     -0.003   1.12e-02   6.72e-03   2.12e-03  -2.03e-02   0.00e+00 (  7.28e+00,  6.73e+01)
15     -0.023   6.67e-02  -1.09e-02   1.44e-02  -1.74e-01   0.00e+00 (  4.89e+01,  9.84e+01)
20      0.016   1.25e-01   2.66e-02   9.76e-03   1.39e-01   0.00e+00 (  9.13e+01,  1.23e+02)
25      0.046   1.61e-01   7.32e-02   5.65e-03   4.45e-01   0.00e+00 (  1.11e+02,  1.40e+02)
30      0.044   1.82e-01   1.05e-01   1.70e-02   4.70e-01   0.00e+00 (  1.14e+02,  1.51e+02)
35      0.049   1.91e-01   1.15e-01   3.94e-02   5.66e-01   0.00e+00 (  1.05e+02,  1.60e+02)
40      0.052   2.06e-01   1.40e-01   5.39e-02   6.52e-01   0.00e+00 (  9.79e+01,  1.66e+02)
45      0.063   2.22e-01   1.74e-01   9.56e-02   8.33e-01   0.00e+00 (  9.02e+01,  1.70e+02)
50      0.075   2.38e-01   2.13e-01   1.42e-01   1.05e+00   0.00e+00 (  8.20e+01,  1.70e+02)
55      0.088   2.57e-01   2.75e-01   1.81e-01   1.28e+00   0.00e+00 (  7.66e+01,  1.67e+02)
60      0.103   2.72e-01   3.25e-01   2.21e-01   1.56e+00   0.00e+00 (  6.83e+01,  1.61e+02)
65      0.134   3.04e-01   4.22e-01   3.04e-01   2.10e+00   0.00e+00 (  6.24e+01,  1.52e+02)
70      0.148   3.16e-01   4.83e-01   3.80e-01   2.38e+00   0.00e+00 (  5.36e+01,  1.40e+02)
75      0.163   3.35e-01   5.40e-01   4.51e-01   2.69e+00   0.00e+00 (  4.62e+01,  1.26e+02)
80      0.168   3.73e-01   5.49e-01   4.62e-01   2.94e+00   0.00e+00 (  3.60e+01,  1.10e+02)
85      0.241   8.23e-01   7.00e-01   4.46e-01   5.33e+00   0.00e+00 (  4.71e+01,  9.45e+01)
90      0.840   2.03e+00   2.47e+00   1.34e+00   3.78e+01   0.00e+00 (  5.55e+02,  7.89e+01)
95      0.473   8.33e-01   1.20e+00   8.56e-01   4.03e+01   0.00e+00 (  6.51e+02,  6.31e+01)
20 e: 1.179e-02 i: 3.769e-03 :: e: 7.829e-02 i: 1.341e-01 :: n: 3.012e+01 e:23.413 i:24.226 v:4.993e+03
>>> tau_he = 5.000000, nhe(0)=3.452183e+00
 5     -0.006   7.70e-03   1.31e+00   5.13e-03  -3.07e-02   0.00e+00 (  2.50e+00,  3.15e+01)
10     -0.003   1.05e-02   5.18e-03   2.57e-03  -1.95e-02   0.00e+00 (  7.40e+00,  6.73e+01)
15     -0.031   7.28e-02  -4.69e-02   1.19e-02  -2.34e-01   0.00e+00 (  5.80e+01,  9.84e+01)
20      0.010   1.43e-01   5.17e-02  -1.88e-02   8.75e-02   0.00e+00 (  1.13e+02,  1.23e+02)
25      0.111   2.71e-01   2.86e-01   8.18e-02   1.08e+00   0.00e+00 (  2.06e+02,  1.40e+02)
30      0.054   2.07e-01   1.49e-01  -1.48e-02   5.79e-01   0.00e+00 (  1.44e+02,  1.51e+02)
35      0.109   2.83e-01   2.76e-01   9.96e-02   1.26e+00   0.00e+00 (  1.77e+02,  1.60e+02)
40      0.099   2.93e-01   3.17e-01   1.07e-01   1.23e+00   0.00e+00 (  1.62e+02,  1.66e+02)
45      0.112   3.19e-01   3.69e-01   1.66e-01   1.48e+00   0.00e+00 (  1.52e+02,  1.70e+02)
50      0.121   3.50e-01   4.35e-01   2.26e-01   1.69e+00   0.00e+00 (  1.44e+02,  1.70e+02)
55      0.094   3.31e-01   4.17e-01   2.36e-01   1.37e+00   0.00e+00 (  1.20e+02,  1.67e+02)
60      0.098   3.51e-01   4.38e-01   2.89e-01   1.48e+00   0.00e+00 (  1.09e+02,  1.61e+02)
65      0.124   3.80e-01   5.25e-01   3.69e-01   1.93e+00   0.00e+00 (  9.81e+01,  1.52e+02)
70      0.124   3.68e-01   5.24e-01   4.08e-01   1.98e+00   0.00e+00 (  8.03e+01,  1.40e+02)
75      0.125   3.40e-01   5.12e-01   4.27e-01   2.06e+00   0.00e+00 (  6.21e+01,  1.26e+02)
80      0.130   3.00e-01   4.82e-01   3.89e-01   2.28e+00   0.00e+00 (  4.02e+01,  1.10e+02)
85      0.240   6.71e-01   6.99e-01   4.12e-01   5.31e+00   0.00e+00 (  5.76e+01,  9.45e+01)
90      0.843   2.02e+00   2.49e+00   1.33e+00   3.80e+01   0.00e+00 (  5.81e+02,  7.89e+01)
95      0.473   8.33e-01   1.20e+00   8.56e-01   4.03e+01   0.00e+00 (  6.51e+02,  6.31e+01)
21 e: 1.001e-02 i: 6.969e-03 :: e: 6.901e-02 i: 1.030e-01 :: n: 3.012e+01 e:21.261 i:26.122 v:4.993e+03
>>> tau_he = 5.000000, nhe(0)=3.619625e+00
 5     -0.007   8.79e-03   1.35e+00   4.01e-03  -3.25e-02   0.00e+00 (  2.64e+00,  3.15e+01)
10     -0.003   1.15e-02   7.25e-03   2.22e-03  -2.14e-02   0.00e+00 (  7.57e+00,  6.73e+01)
15     -0.024   6.96e-02  -1.26e-02   1.51e-02  -1.81e-01   0.00e+00 (  5.13e+01,  9.84e+01)
20      0.019   1.29e-01   2.70e-02   1.03e-02   1.60e-01   0.00e+00 (  9.36e+01,  1.23e+02)
25      0.039   1.62e-01   7.11e-02   5.16e-03   3.73e-01   0.00e+00 (  1.10e+02,  1.40e+02)
30      0.046   1.89e-01   1.07e-01   1.98e-02   4.93e-01   0.00e+00 (  1.19e+02,  1.51e+02)
35      0.047   1.97e-01   1.18e-01   3.75e-02   5.51e-01   0.00e+00 (  1.10e+02,  1.60e+02)
40      0.053   2.15e-01   1.40e-01   5.26e-02   6.62e-01   0.00e+00 (  1.05e+02,  1.66e+02)
45      0.061   2.31e-01   1.69e-01   7.67e-02   8.10e-01   0.00e+00 (  9.70e+01,  1.70e+02)
50      0.075   2.48e-01   2.15e-01   1.43e-01   1.04e+00   0.00e+00 (  8.87e+01,  1.70e+02)
55      0.091   2.71e-01   2.82e-01   1.81e-01   1.32e+00   0.00e+00 (  8.41e+01,  1.67e+02)
60      0.110   2.90e-01   3.42e-01   2.33e-01   1.67e+00   0.00e+00 (  7.60e+01,  1.61e+02)
65      0.144   3.27e-01   4.52e-01   3.26e-01   2.25e+00   0.00e+00 (  7.01e+01,  1.52e+02)
70      0.160   3.41e-01   5.23e-01   4.08e-01   2.56e+00   0.00e+00 (  6.07e+01,  1.40e+02)
75      0.178   3.64e-01   5.94e-01   4.92e-01   2.93e+00   0.00e+00 (  5.33e+01,  1.26e+02)
80      0.189   4.05e-01   6.22e-01   5.16e-01   3.30e+00   0.00e+00 (  4.23e+01,  1.10e+02)
85      0.248   8.00e-01   7.36e-01   4.82e-01   5.48e+00   0.00e+00 (  5.01e+01,  9.45e+01)
90      0.841   2.02e+00   2.48e+00   1.35e+00   3.79e+01   0.00e+00 (  5.59e+02,  7.89e+01)
95      0.473   8.33e-01   1.20e+00   8.56e-01   4.03e+01   0.00e+00 (  6.51e+02,  6.31e+01)
22 e: 1.276e-02 i: 4.514e-03 :: e: 6.813e-02 i: 1.107e-01 :: n: 3.012e+01 e:23.860 i:24.632 v:4.993e+03
>>> tau_he = 5.000000, nhe(0)=3.490343e+00
 5     -0.006   8.00e-03   1.34e+00   5.22e-03  -3.17e-02   0.00e+00 (  2.63e+00,  3.15e+01)
10     -0.003   1.05e-02   5.59e-03   2.65e-03  -2.04e-02   0.00e+00 (  7.49e+00,  6.73e+01)
15     -0.032   7.58e-02  -4.74e-02   1.15e-02  -2.37e-01   0.00e+00 (  6.07e+01,  9.84e+01)
20      0.015   1.46e-01   5.33e-02  -2.01e-02   1.29e-01   0.00e+00 (  1.16e+02,  1.23e+02)
25      0.055   1.67e-01   1.13e-01   2.06e-03   5.32e-01   0.00e+00 (  1.25e+02,  1.40e+02)
30      0.057   2.15e-01   1.54e-01  -1.93e-02   6.14e-01   0.00e+00 (  1.51e+02,  1.51e+02)
35      0.114   2.97e-01   2.86e-01   1.03e-01   1.33e+00   0.00e+00 (  1.89e+02,  1.60e+02)
40      0.102   3.07e-01   3.25e-01   1.01e-01   1.27e+00   0.00e+00 (  1.74e+02,  1.66e+02)
45      0.116   3.35e-01   3.81e-01   1.59e-01   1.54e+00   0.00e+00 (  1.66e+02,  1.70e+02)
50      0.128   3.71e-01   4.57e-01   2.34e-01   1.78e+00   0.00e+00 (  1.60e+02,  1.70e+02)
55      0.096   3.52e-01   4.14e-01   2.54e-01   1.40e+00   0.00e+00 (  1.34e+02,  1.67e+02)
60      0.106   3.79e-01   4.76e-01   3.11e-01   1.60e+00   0.00e+00 (  1.23e+02,  1.61e+02)
65      0.133   4.12e-01   5.74e-01   4.00e-01   2.07e+00   0.00e+00 (  1.12e+02,  1.52e+02)
70      0.132   4.04e-01   5.76e-01   4.46e-01   2.12e+00   0.00e+00 (  9.32e+01,  1.40e+02)
75      0.134   3.78e-01   5.69e-01   4.71e-01   2.21e+00   0.00e+00 (  7.37e+01,  1.26e+02)
80      0.140   3.28e-01   5.36e-01   4.34e-01   2.44e+00   0.00e+00 (  4.76e+01,  1.10e+02)
85      0.244   6.55e-01   7.28e-01   4.42e-01   5.40e+00   0.00e+00 (  6.19e+01,  9.45e+01)
90      0.844   2.01e+00   2.50e+00   1.34e+00   3.80e+01   0.00e+00 (  5.88e+02,  7.89e+01)
95      0.473   8.33e-01   1.20e+00   8.56e-01   4.03e+01   0.00e+00 (  6.51e+02,  6.31e+01)
23 e: 1.156e-02 i: 7.280e-03 :: e: 8.165e-02 i: 8.901e-02 :: n: 3.012e+01 e:21.544 i:26.712 v:4.993e+03
>>> tau_he = 5.000000, nhe(0)=3.667095e+00
 5     -0.007   9.25e-03   1.41e+00   4.00e-03  -3.35e-02   0.00e+00 (  2.79e+00,  3.15e+01)
10     -0.003   1.57e-02   7.18e-03   2.72e-03  -2.08e-02   0.00e+00 (  1.04e+01,  6.73e+01)
15     -0.023   7.06e-02  -1.21e-02   1.54e-02  -1.71e-01   0.00e+00 (  5.19e+01,  9.84e+01)
20      0.020   1.33e-01   2.72e-02   1.35e-02   1.76e-01   0.00e+00 (  9.58e+01,  1.23e+02)
25      0.049   1.68e-01   7.40e-02   5.12e-03   4.77e-01   0.00e+00 (  1.15e+02,  1.40e+02)
30      0.049   1.95e-01   1.09e-01   1.95e-02   5.25e-01   0.00e+00 (  1.24e+02,  1.51e+02)
35      0.049   2.03e-01   1.18e-01   3.74e-02   5.69e-01   0.00e+00 (  1.14e+02,  1.60e+02)
40      0.054   2.28e-01   1.40e-01   5.15e-02   6.70e-01   0.00e+00 (  1.14e+02,  1.66e+02)
45      0.062   2.41e-01   1.67e-01   6.90e-02   8.25e-01   0.00e+00 (  1.04e+02,  1.70e+02)
50      0.076   2.57e-01   2.16e-01   1.44e-01   1.06e+00   0.00e+00 (  9.52e+01,  1.70e+02)
55      0.094   2.82e-01   2.76e-01   1.89e-01   1.36e+00   0.00e+00 (  9.08e+01,  1.67e+02)
60      0.117   3.06e-01   3.56e-01   2.43e-01   1.76e+00   0.00e+00 (  8.31e+01,  1.61e+02)
65      0.147   3.35e-01   4.52e-01   3.29e-01   2.29e+00   0.00e+00 (  7.46e+01,  1.52e+02)
70      0.169   3.62e-01   5.54e-01   4.31e-01   2.71e+00   0.00e+00 (  6.73e+01,  1.40e+02)
75      0.190   3.89e-01   6.38e-01   5.26e-01   3.13e+00   0.00e+00 (  6.00e+01,  1.26e+02)
80      0.204   4.33e-01   6.82e-01   5.67e-01   3.57e+00   0.00e+00 (  4.86e+01,  1.10e+02)
85      0.225   6.88e-01   6.94e-01   4.38e-01   4.99e+00   0.00e+00 (  4.75e+01,  9.45e+01)
90      0.842   2.02e+00   2.48e+00   1.36e+00   3.79e+01   0.00e+00 (  5.63e+02,  7.89e+01)
95      0.473   8.33e-01   1.20e+00   8.56e-01   4.03e+01   0.00e+00 (  6.51e+02,  6.31e+01)
24 e: 1.369e-02 i: 5.309e-03 :: e: 6.345e-02 i: 1.238e-01 :: n: 3.012e+01 e:24.313 i:25.081 v:4.993e+03
>>> tau_he = 5.000000, nhe(0)=3.531270e+00
 5     -0.007   8.35e-03   1.40e+00   5.32e-03  -3.30e-02   0.00e+00 (  2.78e+00,  3.15e+01)
10     -0.003   1.06e-02   6.32e-03   2.56e-03  -2.11e-02   0.00e+00 (  7.61e+00,  6.73e+01)
15     -0.027   7.66e-02  -5.21e-02   1.21e-02  -2.02e-01   0.00e+00 (  6.18e+01,  9.84e+01)
20      0.016   1.52e-01   5.54e-02  -2.12e-02   1.42e-01   0.00e+00 (  1.21e+02,  1.23e+02)
25      0.060   1.76e-01   1.19e-01   2.32e-03   5.82e-01   0.00e+00 (  1.34e+02,  1.40e+02)
30      0.060   2.23e-01   1.59e-01  -2.53e-02   6.46e-01   0.00e+00 (  1.60e+02,  1.51e+02)
35      0.118   3.08e-01   2.94e-01   1.05e-01   1.37e+00   0.00e+00 (  1.99e+02,  1.60e+02)
40      0.105   3.18e-01   3.32e-01   1.03e-01   1.31e+00   0.00e+00 (  1.85e+02,  1.66e+02)
45      0.120   3.48e-01   3.90e-01   1.51e-01   1.59e+00   0.00e+00 (  1.78e+02,  1.70e+02)
50      0.134   3.88e-01   4.74e-01   2.44e-01   1.86e+00   0.00e+00 (  1.73e+02,  1.70e+02)
55      0.150   4.37e-01   5.94e-01   3.26e-01   2.18e+00   0.00e+00 (  1.72e+02,  1.67e+02)
60      0.113   4.02e-01   5.09e-01   3.31e-01   1.71e+00   0.00e+00 (  1.36e+02,  1.61e+02)
65      0.139   4.39e-01   6.13e-01   4.27e-01   2.17e+00   0.00e+00 (  1.24e+02,  1.52e+02)
70      0.139   4.32e-01   6.18e-01   4.75e-01   2.22e+00   0.00e+00 (  1.04e+02,  1.40e+02)
75      0.141   4.10e-01   6.13e-01   5.05e-01   2.32e+00   0.00e+00 (  8.39e+01,  1.26e+02)
80      0.150   3.56e-01   5.90e-01   4.73e-01   2.62e+00   0.00e+00 (  5.53e+01,  1.10e+02)
85      0.244   6.30e-01   7.46e-01   4.69e-01   5.40e+00   0.00e+00 (  6.52e+01,  9.45e+01)
90      0.845   2.00e+00   2.50e+00   1.35e+00   3.81e+01   0.00e+00 (  5.95e+02,  7.89e+01)
95      0.473   8.33e-01   1.20e+00   8.56e-01   4.03e+01   0.00e+00 (  6.51e+02,  6.31e+01)
25 e: 1.360e-02 i: 7.467e-03 :: e: 1.043e-01 i: 1.130e-01 :: n: 3.012e+01 e:21.787 i:27.235 v:4.993e+03
>>> tau_he = 5.000000, nhe(0)=3.707595e+00
 5     -0.007   9.65e-03   1.46e+00   4.00e-03  -3.49e-02   0.00e+00 (  2.93e+00,  3.15e+01)
10     -0.003   1.60e-02   7.84e-03   2.80e-03  -2.17e-02   0.00e+00 (  1.06e+01,  6.73e+01)
15     -0.023   7.23e-02  -1.25e-02   1.58e-02  -1.70e-01   0.00e+00 (  5.33e+01,  9.84e+01)
20      0.023   1.37e-01   2.78e-02   1.38e-02   1.95e-01   0.00e+00 (  9.86e+01,  1.23e+02)
25      0.059   1.70e-01   7.61e-02   6.03e-03   5.70e-01   0.00e+00 (  1.17e+02,  1.40e+02)
30      0.052   1.99e-01   1.12e-01   1.75e-02   5.53e-01   0.00e+00 (  1.27e+02,  1.51e+02)
35      0.051   2.08e-01   1.19e-01   3.71e-02   5.87e-01   0.00e+00 (  1.18e+02,  1.60e+02)
40      0.055   2.34e-01   1.40e-01   5.09e-02   6.88e-01   0.00e+00 (  1.18e+02,  1.66e+02)
45      0.064   2.47e-01   1.68e-01   6.49e-02   8.42e-01   0.00e+00 (  1.09e+02,  1.70e+02)
50      0.077   2.65e-01   2.17e-01   1.45e-01   1.07e+00   0.00e+00 (  1.00e+02,  1.70e+02)
55      0.094   2.87e-01   2.73e-01   1.88e-01   1.36e+00   0.00e+00 (  9.42e+01,  1.67e+02)
60      0.121   3.17e-01   3.64e-01   2.47e-01   1.83e+00   0.00e+00 (  8.83e+01,  1.61e+02)
65      0.157   3.58e-01   4.96e-01   3.54e-01   2.45e+00   0.00e+00 (  8.21e+01,  1.52e+02)
70      0.176   3.78e-01   5.78e-01   4.48e-01   2.83e+00   0.00e+00 (  7.26e+01,  1.40e+02)
75      0.199   4.08e-01   6.70e-01   5.50e-01   3.28e+00   0.00e+00 (  6.53e+01,  1.26e+02)
80      0.217   4.54e-01   7.32e-01   6.06e-01   3.80e+00   0.00e+00 (  5.40e+01,  1.10e+02)
85      0.261   7.57e-01   8.15e-01   5.55e-01   5.77e+00   0.00e+00 (  5.72e+01,  9.45e+01)
90      0.843   2.01e+00   2.48e+00   1.37e+00   3.80e+01   0.00e+00 (  5.68e+02,  7.89e+01)
95      0.473   8.33e-01   1.20e+00   8.56e-01   4.03e+01   0.00e+00 (  6.51e+02,  6.31e+01)
26 e: 1.424e-02 i: 6.316e-03 :: e: 6.278e-02 i: 1.156e-01 :: n: 3.012e+01 e:24.661 i:25.423 v:4.993e+03
>>> tau_he = 5.000000, nhe(0)=3.561549e+00
 5     -0.007   8.61e-03   1.43e+00   5.41e-03  -3.42e-02   0.00e+00 (  2.90e+00,  3.15e+01)
10     -0.004   1.07e-02   6.70e-03   2.53e-03  -2.74e-02   0.00e+00 (  7.76e+00,  6.73e+01)
15     -0.028   7.88e-02  -5.40e-02   1.24e-02  -2.05e-01   0.00e+00 (  6.40e+01,  9.84e+01)
20      0.010   1.49e-01   5.84e-02  -1.17e-02   8.90e-02   0.00e+00 (  1.19e+02,  1.23e+02)
25      0.063   1.82e-01   1.24e-01   1.87e-03   6.09e-01   0.00e+00 (  1.40e+02,  1.40e+02)
30      0.129   3.28e-01   3.02e-01   7.63e-02   1.38e+00   0.00e+00 (  2.38e+02,  1.51e+02)
35      0.124   3.23e-01   3.01e-01   1.14e-01   1.44e+00   0.00e+00 (  2.11e+02,  1.60e+02)
40      0.108   3.27e-01   3.40e-01   1.05e-01   1.35e+00   0.00e+00 (  1.93e+02,  1.66e+02)
45      0.122   3.59e-01   4.01e-01   1.46e-01   1.62e+00   0.00e+00 (  1.87e+02,  1.70e+02)
50      0.138   4.00e-01   4.88e-01   2.49e-01   1.92e+00   0.00e+00 (  1.83e+02,  1.70e+02)
55      0.151   4.49e-01   6.03e-01   3.30e-01   2.20e+00   0.00e+00 (  1.80e+02,  1.67e+02)
60      0.119   4.15e-01   5.33e-01   3.43e-01   1.79e+00   0.00e+00 (  1.44e+02,  1.61e+02)
65      0.143   4.58e-01   6.45e-01   4.46e-01   2.23e+00   0.00e+00 (  1.33e+02,  1.52e+02)
70      0.144   4.53e-01   6.51e-01   4.98e-01   2.30e+00   0.00e+00 (  1.12e+02,  1.40e+02)
75      0.146   4.35e-01   6.50e-01   5.34e-01   2.41e+00   0.00e+00 (  9.22e+01,  1.26e+02)
80      0.157   3.81e-01   6.31e-01   5.05e-01   2.74e+00   0.00e+00 (  6.23e+01,  1.10e+02)
85      0.245   6.17e-01   7.70e-01   4.91e-01   5.42e+00   0.00e+00 (  6.92e+01,  9.45e+01)
90      0.847   1.99e+00   2.51e+00   1.36e+00   3.81e+01   0.00e+00 (  6.02e+02,  7.89e+01)
95      0.473   8.33e-01   1.20e+00   8.56e-01   4.03e+01   0.00e+00 (  6.51e+02,  6.31e+01)
27 e: 1.607e-02 i: 7.473e-03 :: e: 1.246e-01 i: 1.340e-01 :: n: 3.012e+01 e:21.907 i:27.544 v:4.993e+03
>>> tau_he = 5.000000, nhe(0)=3.730937e+00
 5     -0.007   9.89e-03   1.47e+00   4.01e-03  -3.59e-02   0.00e+00 (  3.03e+00,  3.15e+01)
10     -0.004   1.67e-02   8.39e-03   2.86e-03  -2.21e-02   0.00e+00 (  1.11e+01,  6.73e+01)
15     -0.023   7.38e-02  -1.34e-02   1.62e-02  -1.72e-01   0.00e+00 (  5.45e+01,  9.84e+01)
20      0.024   1.39e-01   2.87e-02   1.39e-02   2.08e-01   0.00e+00 (  1.01e+02,  1.23e+02)
25      0.060   1.76e-01   7.78e-02   6.26e-03   5.82e-01   0.00e+00 (  1.21e+02,  1.40e+02)
30      0.053   2.00e-01   1.08e-01   1.73e-02   5.66e-01   0.00e+00 (  1.26e+02,  1.51e+02)
35      0.052   2.10e-01   1.18e-01   3.66e-02   6.03e-01   0.00e+00 (  1.20e+02,  1.60e+02)
40      0.052   2.31e-01   1.32e-01   5.17e-02   6.53e-01   0.00e+00 (  1.18e+02,  1.66e+02)
45      0.065   2.52e-01   1.70e-01   6.29e-02   8.57e-01   0.00e+00 (  1.13e+02,  1.70e+02)
50      0.078   2.70e-01   2.18e-01   1.45e-01   1.09e+00   0.00e+00 (  1.03e+02,  1.70e+02)
55      0.094   2.91e-01   2.72e-01   1.88e-01   1.37e+00   0.00e+00 (  9.61e+01,  1.67e+02)
60      0.124   3.24e-01   3.69e-01   2.50e-01   1.87e+00   0.00e+00 (  9.14e+01,  1.61e+02)
65      0.161   3.66e-01   5.05e-01   3.61e-01   2.50e+00   0.00e+00 (  8.52e+01,  1.52e+02)
70      0.181   3.89e-01   5.92e-01   4.58e-01   2.90e+00   0.00e+00 (  7.59e+01,  1.40e+02)
75      0.205   4.21e-01   6.92e-01   5.67e-01   3.38e+00   0.00e+00 (  6.89e+01,  1.26e+02)
80      0.226   4.68e-01   7.66e-01   6.32e-01   3.95e+00   0.00e+00 (  5.80e+01,  1.10e+02)
85      0.268   7.50e-01   8.52e-01   5.88e-01   5.94e+00   0.00e+00 (  6.09e+01,  9.45e+01)
90      0.844   2.00e+00   2.49e+00   1.37e+00   3.80e+01   0.00e+00 (  5.72e+02,  7.89e+01)
95      0.473   8.33e-01   1.20e+00   8.56e-01   4.03e+01   0.00e+00 (  6.51e+02,  6.31e+01)
28 e: 1.455e-02 i: 7.427e-03 :: e: 6.473e-02 i: 1.258e-01 :: n: 3.012e+01 e:24.826 i:25.547 v:4.993e+03
>>> tau_he = 5.000000, nhe(0)=3.572415e+00
 5     -0.007   8.70e-03   1.44e+00   5.46e-03  -3.49e-02   0.00e+00 (  2.95e+00,  3.15e+01)
10     -0.004   1.09e-02   6.73e-03   2.58e-03  -2.79e-02   0.00e+00 (  7.96e+00,  6.73e+01)
15     -0.028   8.03e-02  -5.49e-02   1.24e-02  -2.08e-01   0.00e+00 (  6.54e+01,  9.84e+01)
20      0.011   1.52e-01   6.02e-02  -1.25e-02   9.72e-02   0.00e+00 (  1.21e+02,  1.23e+02)
25      0.065   1.85e-01   1.27e-01  -7.95e-04   6.27e-01   0.00e+00 (  1.42e+02,  1.40e+02)
30      0.063   2.24e-01   1.62e-01  -2.37e-02   6.68e-01   0.00e+00 (  1.60e+02,  1.51e+02)
35      0.124   3.21e-01   3.03e-01   1.08e-01   1.44e+00   0.00e+00 (  2.10e+02,  1.60e+02)
40      0.111   3.33e-01   3.46e-01   1.07e-01   1.38e+00   0.00e+00 (  1.99e+02,  1.66e+02)
45      0.126   3.66e-01   4.10e-01   1.44e-01   1.66e+00   0.00e+00 (  1.94e+02,  1.70e+02)
50      0.141   4.07e-01   4.99e-01   2.52e-01   1.97e+00   0.00e+00 (  1.88e+02,  1.70e+02)
55      0.153   4.55e-01   6.10e-01   3.34e-01   2.22e+00   0.00e+00 (  1.85e+02,  1.67e+02)
60      0.122   4.25e-01   5.47e-01   3.51e-01   1.84e+00   0.00e+00 (  1.49e+02,  1.61e+02)
65      0.146   4.69e-01   6.61e-01   4.57e-01   2.27e+00   0.00e+00 (  1.38e+02,  1.52e+02)
70      0.147   4.66e-01   6.70e-01   5.12e-01   2.35e+00   0.00e+00 (  1.18e+02,  1.40e+02)
75      0.149   4.49e-01   6.72e-01   5.50e-01   2.46e+00   0.00e+00 (  9.71e+01,  1.26e+02)
80      0.161   3.97e-01   6.57e-01   5.26e-01   2.81e+00   0.00e+00 (  6.74e+01,  1.10e+02)
85      0.241   5.99e-01   7.77e-01   4.99e-01   5.33e+00   0.00e+00 (  7.14e+01,  9.45e+01)
90      0.848   1.99e+00   2.51e+00   1.36e+00   3.82e+01   0.00e+00 (  6.08e+02,  7.89e+01)
95      0.473   8.33e-01   1.20e+00   8.56e-01   4.03e+01   0.00e+00 (  6.51e+02,  6.31e+01)
29 e: 1.799e-02 i: 7.406e-03 :: e: 1.119e-01 i: 1.244e-01 :: n: 3.012e+01 e:21.929 i:27.722 v:4.993e+03
>>> tau_he = 5.000000, nhe(0)=3.744017e+00
 5     -0.007   1.00e-02   1.49e+00   4.00e-03  -3.64e-02   0.00e+00 (  3.07e+00,  3.15e+01)
10     -0.004   1.69e-02   8.62e-03   2.89e-03  -2.24e-02   0.00e+00 (  1.12e+01,  6.73e+01)
15     -0.022   7.35e-02  -1.28e-02   1.62e-02  -1.67e-01   0.00e+00 (  5.41e+01,  9.84e+01)
20      0.026   1.40e-01   2.83e-02   1.42e-02   2.20e-01   0.00e+00 (  1.00e+02,  1.23e+02)
25      0.065   1.74e-01   7.87e-02   6.06e-03   6.28e-01   0.00e+00 (  1.20e+02,  1.40e+02)
30      0.054   2.01e-01   1.10e-01   1.72e-02   5.79e-01   0.00e+00 (  1.27e+02,  1.51e+02)
35      0.053   2.11e-01   1.18e-01   3.64e-02   6.12e-01   0.00e+00 (  1.20e+02,  1.60e+02)
40      0.053   2.32e-01   1.31e-01   5.14e-02   6.60e-01   0.00e+00 (  1.18e+02,  1.66e+02)
45      0.065   2.53e-01   1.69e-01   6.21e-02   8.64e-01   0.00e+00 (  1.13e+02,  1.70e+02)
50      0.079   2.71e-01   2.18e-01   1.46e-01   1.10e+00   0.00e+00 (  1.04e+02,  1.70e+02)
55      0.094   2.91e-01   2.69e-01   1.87e-01   1.37e+00   0.00e+00 (  9.61e+01,  1.67e+02)
60      0.125   3.25e-01   3.70e-01   2.51e-01   1.89e+00   0.00e+00 (  9.21e+01,  1.61e+02)
65      0.162   3.69e-01   5.06e-01   3.62e-01   2.52e+00   0.00e+00 (  8.59e+01,  1.52e+02)
70      0.183   3.92e-01   5.97e-01   4.61e-01   2.93e+00   0.00e+00 (  7.68e+01,  1.40e+02)
75      0.207   4.25e-01   6.99e-01   5.72e-01   3.42e+00   0.00e+00 (  7.01e+01,  1.26e+02)
80      0.230   4.75e-01   7.82e-01   6.44e-01   4.02e+00   0.00e+00 (  6.00e+01,  1.10e+02)
85      0.274   7.47e-01   8.78e-01   6.11e-01   6.06e+00   0.00e+00 (  6.36e+01,  9.45e+01)
90      0.845   2.00e+00   2.49e+00   1.38e+00   3.80e+01   0.00e+00 (  5.76e+02,  7.89e+01)
95      0.473   8.33e-01   1.20e+00   8.56e-01   4.03e+01   0.00e+00 (  6.51e+02,  6.31e+01)
30 e: 1.493e-02 i: 8.355e-03 :: e: 6.409e-02 i: 1.286e-01 :: n: 3.012e+01 e:24.924 i:25.605 v:4.993e+03
>>> tau_he = 5.000000, nhe(0)=3.577421e+00
 5     -0.007   8.75e-03   1.45e+00   5.50e-03  -3.53e-02   0.00e+00 (  2.99e+00,  3.15e+01)
10     -0.005   1.10e-02   6.89e-03   2.65e-03  -2.81e-02   0.00e+00 (  8.11e+00,  6.73e+01)
15     -0.028   8.05e-02  -5.53e-02   1.25e-02  -2.08e-01   0.00e+00 (  6.56e+01,  9.84e+01)
20      0.012   1.53e-01   6.07e-02  -1.26e-02   1.03e-01   0.00e+00 (  1.22e+02,  1.23e+02)
25      0.066   1.87e-01   1.28e-01  -7.64e-03   6.36e-01   0.00e+00 (  1.44e+02,  1.40e+02)
30      0.064   2.27e-01   1.64e-01  -2.77e-02   6.80e-01   0.00e+00 (  1.64e+02,  1.51e+02)
35      0.125   3.23e-01   3.05e-01   1.09e-01   1.45e+00   0.00e+00 (  2.12e+02,  1.60e+02)
40      0.111   3.35e-01   3.49e-01   1.08e-01   1.39e+00   0.00e+00 (  2.01e+02,  1.66e+02)
45      0.127   3.68e-01   4.14e-01   1.45e-01   1.68e+00   0.00e+00 (  1.96e+02,  1.70e+02)
50      0.142   4.10e-01   5.04e-01   2.54e-01   1.98e+00   0.00e+00 (  1.91e+02,  1.70e+02)
55      0.152   4.56e-01   6.11e-01   3.35e-01   2.22e+00   0.00e+00 (  1.85e+02,  1.67e+02)
60      0.122   4.27e-01   5.51e-01   3.53e-01   1.85e+00   0.00e+00 (  1.51e+02,  1.61e+02)
65      0.146   4.71e-01   6.64e-01   4.59e-01   2.28e+00   0.00e+00 (  1.39e+02,  1.52e+02)
70      0.147   4.68e-01   6.74e-01   5.15e-01   2.36e+00   0.00e+00 (  1.18e+02,  1.40e+02)
75      0.150   4.52e-01   6.76e-01   5.53e-01   2.47e+00   0.00e+00 (  9.82e+01,  1.26e+02)
80      0.162   4.04e-01   6.66e-01   5.32e-01   2.82e+00   0.00e+00 (  6.96e+01,  1.10e+02)
85      0.242   5.97e-01   7.90e-01   5.10e-01   5.35e+00   0.00e+00 (  7.40e+01,  9.45e+01)
90      0.848   1.99e+00   2.52e+00   1.37e+00   3.82e+01   0.00e+00 (  6.12e+02,  7.89e+01)
95      0.473   8.33e-01   1.20e+00   8.56e-01   4.03e+01   0.00e+00 (  6.51e+02,  6.31e+01)
31 e: 1.983e-02 i: 7.437e-03 :: e: 1.058e-01 i: 1.197e-01 :: n: 3.012e+01 e:21.897 i:27.800 v:4.993e+03
>>> tau_he = 5.000000, nhe(0)=3.749742e+00
 5     -0.007   1.01e-02   1.49e+00   3.99e-03  -3.67e-02   0.00e+00 (  3.09e+00,  3.15e+01)
10     -0.004   1.72e-02   8.65e-03   2.93e-03  -2.26e-02   0.00e+00 (  1.15e+01,  6.73e+01)
15     -0.022   7.35e-02  -1.24e-02   1.62e-02  -1.65e-01   0.00e+00 (  5.40e+01,  9.84e+01)
20      0.026   1.40e-01   2.81e-02   1.43e-02   2.27e-01   0.00e+00 (  9.97e+01,  1.23e+02)
25      0.068   1.74e-01   7.93e-02   5.87e-03   6.54e-01   0.00e+00 (  1.20e+02,  1.40e+02)
30      0.055   2.01e-01   1.11e-01   1.72e-02   5.83e-01   0.00e+00 (  1.27e+02,  1.51e+02)
35      0.053   2.11e-01   1.17e-01   3.61e-02   6.13e-01   0.00e+00 (  1.19e+02,  1.60e+02)
40      0.053   2.31e-01   1.31e-01   5.12e-02   6.61e-01   0.00e+00 (  1.18e+02,  1.66e+02)
45      0.065   2.53e-01   1.69e-01   6.19e-02   8.64e-01   0.00e+00 (  1.13e+02,  1.70e+02)
50      0.079   2.70e-01   2.17e-01   1.45e-01   1.10e+00   0.00e+00 (  1.03e+02,  1.70e+02)
55      0.094   2.88e-01   2.67e-01   1.86e-01   1.36e+00   0.00e+00 (  9.46e+01,  1.67e+02)
60      0.125   3.23e-01   3.68e-01   2.49e-01   1.89e+00   0.00e+00 (  9.09e+01,  1.61e+02)
65      0.161   3.66e-01   5.03e-01   3.59e-01   2.52e+00   0.00e+00 (  8.47e+01,  1.52e+02)
70      0.183   3.90e-01   5.93e-01   4.59e-01   2.93e+00   0.00e+00 (  7.58e+01,  1.40e+02)
75      0.207   4.24e-01   6.96e-01   5.70e-01   3.42e+00   0.00e+00 (  6.94e+01,  1.26e+02)
80      0.230   4.76e-01   7.82e-01   6.45e-01   4.03e+00   0.00e+00 (  6.03e+01,  1.10e+02)
85      0.276   7.46e-01   8.91e-01   6.22e-01   6.11e+00   0.00e+00 (  6.50e+01,  9.45e+01)
90      0.845   2.00e+00   2.49e+00   1.38e+00   3.81e+01   0.00e+00 (  5.77e+02,  7.89e+01)
95      0.473   8.33e-01   1.20e+00   8.56e-01   4.03e+01   0.00e+00 (  6.51e+02,  6.31e+01)
32 e: 1.532e-02 i: 9.187e-03 :: e: 6.542e-02 i: 1.280e-01 :: n: 3.012e+01 e:24.946 i:25.574 v:4.993e+03
>>> tau_he = 5.000000, nhe(0)=3.574798e+00
 5     -0.007   8.72e-03   1.45e+00   5.52e-03  -3.55e-02   0.00e+00 (  2.99e+00,  3.15e+01)
10     -0.005   1.12e-02   6.87e-03   2.70e-03  -2.81e-02   0.00e+00 (  8.27e+00,  6.73e+01)
15     -0.028   8.05e-02  -5.53e-02   1.24e-02  -2.09e-01   0.00e+00 (  6.57e+01,  9.84e+01)
20      0.014   1.54e-01   6.15e-02  -2.41e-02   1.18e-01   0.00e+00 (  1.23e+02,  1.23e+02)
25      0.133   3.17e-01   3.31e-01   1.04e-01   1.29e+00   0.00e+00 (  2.45e+02,  1.40e+02)
30      0.064   2.29e-01   1.65e-01  -3.02e-02   6.86e-01   0.00e+00 (  1.65e+02,  1.51e+02)
35      0.125   3.22e-01   3.06e-01   1.10e-01   1.45e+00   0.00e+00 (  2.12e+02,  1.60e+02)
40      0.111   3.35e-01   3.50e-01   1.08e-01   1.39e+00   0.00e+00 (  2.01e+02,  1.66e+02)
45      0.127   3.68e-01   4.17e-01   1.47e-01   1.68e+00   0.00e+00 (  1.97e+02,  1.70e+02)
50      0.142   4.10e-01   5.06e-01   2.55e-01   1.98e+00   0.00e+00 (  1.91e+02,  1.70e+02)
55      0.151   4.55e-01   6.09e-01   3.34e-01   2.20e+00   0.00e+00 (  1.84e+02,  1.67e+02)
60      0.121   4.25e-01   5.48e-01   3.52e-01   1.83e+00   0.00e+00 (  1.49e+02,  1.61e+02)
65      0.145   4.68e-01   6.60e-01   4.56e-01   2.26e+00   0.00e+00 (  1.38e+02,  1.52e+02)
70      0.146   4.65e-01   6.68e-01   5.11e-01   2.34e+00   0.00e+00 (  1.17e+02,  1.40e+02)
75      0.148   4.48e-01   6.70e-01   5.48e-01   2.44e+00   0.00e+00 (  9.68e+01,  1.26e+02)
80      0.160   4.02e-01   6.61e-01   5.28e-01   2.80e+00   0.00e+00 (  6.95e+01,  1.10e+02)
85      0.242   5.96e-01   7.94e-01   5.13e-01   5.35e+00   0.00e+00 (  7.53e+01,  9.45e+01)
90      0.849   1.98e+00   2.52e+00   1.37e+00   3.82e+01   0.00e+00 (  6.15e+02,  7.89e+01)
95      0.473   8.33e-01   1.20e+00   8.56e-01   4.03e+01   0.00e+00 (  6.51e+02,  6.31e+01)
33 e: 2.189e-02 i: 7.745e-03 :: e: 1.107e-01 i: 1.286e-01 :: n: 3.012e+01 e:21.769 i:27.651 v:4.993e+03
>>> tau_he = 5.000000, nhe(0)=3.738897e+00
 5     -0.008   9.94e-03   1.46e+00   3.99e-03  -3.68e-02   0.00e+00 (  3.06e+00,  3.15e+01)
10     -0.004   1.78e-02   8.04e-03   2.94e-03  -2.26e-02   0.00e+00 (  1.19e+01,  6.73e+01)
15     -0.023   7.36e-02  -2.53e-02   1.64e-02  -1.68e-01   0.00e+00 (  5.40e+01,  9.84e+01)
20      0.027   1.37e-01   2.75e-02   1.44e-02   2.32e-01   0.00e+00 (  9.67e+01,  1.23e+02)
25      0.049   1.69e-01   7.25e-02   5.44e-03   4.70e-01   0.00e+00 (  1.13e+02,  1.40e+02)
30      0.054   2.00e-01   1.09e-01   1.71e-02   5.80e-01   0.00e+00 (  1.26e+02,  1.51e+02)
35      0.053   2.09e-01   1.16e-01   3.59e-02   6.12e-01   0.00e+00 (  1.18e+02,  1.60e+02)
40      0.053   2.30e-01   1.30e-01   5.10e-02   6.59e-01   0.00e+00 (  1.17e+02,  1.66e+02)
45      0.065   2.51e-01   1.68e-01   6.20e-02   8.63e-01   0.00e+00 (  1.12e+02,  1.70e+02)
50      0.079   2.68e-01   2.15e-01   1.44e-01   1.10e+00   0.00e+00 (  1.02e+02,  1.70e+02)
55      0.093   2.85e-01   2.64e-01   1.85e-01   1.36e+00   0.00e+00 (  9.26e+01,  1.67e+02)
60      0.124   3.19e-01   3.64e-01   2.47e-01   1.88e+00   0.00e+00 (  8.89e+01,  1.61e+02)
65      0.160   3.62e-01   4.97e-01   3.55e-01   2.50e+00   0.00e+00 (  8.27e+01,  1.52e+02)
70      0.182   3.85e-01   5.86e-01   4.54e-01   2.91e+00   0.00e+00 (  7.39e+01,  1.40e+02)
75      0.206   4.20e-01   6.88e-01   5.64e-01   3.39e+00   0.00e+00 (  6.77e+01,  1.26e+02)
80      0.229   4.73e-01   7.75e-01   6.39e-01   4.00e+00   0.00e+00 (  5.94e+01,  1.10e+02)
85      0.277   7.46e-01   8.94e-01   6.24e-01   6.13e+00   0.00e+00 (  6.53e+01,  9.45e+01)
90      0.845   1.99e+00   2.49e+00   1.38e+00   3.81e+01   0.00e+00 (  5.78e+02,  7.89e+01)
95      0.473   8.33e-01   1.20e+00   8.56e-01   4.03e+01   0.00e+00 (  6.51e+02,  6.31e+01)
34 e: 1.561e-02 i: 1.001e-02 :: e: 7.312e-02 i: 1.294e-01 :: n: 3.012e+01 e:24.813 i:25.328 v:4.993e+03
>>> tau_he = 5.000000, nhe(0)=3.553349e+00
 5     -0.007   8.53e-03   1.41e+00   5.51e-03  -3.51e-02   0.00e+00 (  2.92e+00,  3.15e+01)
10     -0.004   1.11e-02   6.23e-03   2.62e-03  -2.76e-02   0.00e+00 (  8.17e+00,  6.73e+01)
15     -0.027   8.00e-02  -5.28e-02   1.14e-02  -2.04e-01   0.00e+00 (  6.50e+01,  9.84e+01)
20      0.016   1.46e-01   6.07e-02  -2.38e-02   1.35e-01   0.00e+00 (  1.15e+02,  1.23e+02)
25      0.057   1.77e-01   1.19e-01  -1.86e-03   5.49e-01   0.00e+00 (  1.33e+02,  1.40e+02)
30      0.064   2.26e-01   1.65e-01  -2.80e-02   6.85e-01   0.00e+00 (  1.63e+02,  1.51e+02)
35      0.124   3.21e-01   3.06e-01   1.10e-01   1.45e+00   0.00e+00 (  2.10e+02,  1.60e+02)
40      0.111   3.34e-01   3.51e-01   1.08e-01   1.39e+00   0.00e+00 (  2.00e+02,  1.66e+02)
45      0.127   3.68e-01   4.19e-01   1.50e-01   1.68e+00   0.00e+00 (  1.96e+02,  1.70e+02)
50      0.142   4.09e-01   5.07e-01   2.56e-01   1.97e+00   0.00e+00 (  1.89e+02,  1.70e+02)
55      0.150   4.51e-01   6.06e-01   3.33e-01   2.18e+00   0.00e+00 (  1.81e+02,  1.67e+02)
60      0.119   4.24e-01   5.44e-01   3.50e-01   1.80e+00   0.00e+00 (  1.48e+02,  1.61e+02)
65      0.143   4.63e-01   6.53e-01   4.51e-01   2.23e+00   0.00e+00 (  1.35e+02,  1.52e+02)
70      0.144   4.58e-01   6.58e-01   5.04e-01   2.31e+00   0.00e+00 (  1.14e+02,  1.40e+02)
75      0.146   4.41e-01   6.58e-01   5.39e-01   2.41e+00   0.00e+00 (  9.44e+01,  1.26e+02)
80      0.157   3.97e-01   6.50e-01   5.20e-01   2.75e+00   0.00e+00 (  6.82e+01,  1.10e+02)
85      0.241   5.95e-01   7.92e-01   5.11e-01   5.34e+00   0.00e+00 (  7.56e+01,  9.45e+01)
90      0.849   1.98e+00   2.52e+00   1.37e+00   3.82e+01   0.00e+00 (  6.16e+02,  7.89e+01)
95      0.473   8.33e-01   1.20e+00   8.56e-01   4.03e+01   0.00e+00 (  6.51e+02,  6.31e+01)
35 e: 2.278e-02 i: 7.736e-03 :: e: 8.841e-02 i: 1.067e-01 :: n: 3.012e+01 e:21.618 i:27.547 v:4.993e+03
>>> tau_he = 5.000000, nhe(0)=3.731015e+00
 5     -0.007   9.85e-03   1.46e+00   3.95e-03  -3.62e-02   0.00e+00 (  3.01e+00,  3.15e+01)
10     -0.004   1.74e-02   8.02e-03   2.85e-03  -2.21e-02   0.00e+00 (  1.15e+01,  6.73e+01)
15     -0.021   7.16e-02  -1.07e-02   1.60e-02  -1.58e-01   0.00e+00 (  5.21e+01,  9.84e+01)
20      0.027   1.35e-01   2.65e-02   1.44e-02   2.32e-01   0.00e+00 (  9.47e+01,  1.23e+02)
25      0.051   1.68e-01   7.34e-02   6.09e-03   4.92e-01   0.00e+00 (  1.12e+02,  1.40e+02)
30      0.054   1.98e-01   1.08e-01   1.71e-02   5.76e-01   0.00e+00 (  1.24e+02,  1.51e+02)
35      0.052   2.07e-01   1.14e-01   3.56e-02   6.06e-01   0.00e+00 (  1.15e+02,  1.60e+02)
40      0.052   2.27e-01   1.28e-01   5.04e-02   6.53e-01   0.00e+00 (  1.14e+02,  1.66e+02)
45      0.064   2.48e-01   1.66e-01   6.23e-02   8.53e-01   0.00e+00 (  1.09e+02,  1.70e+02)
50      0.078   2.64e-01   2.12e-01   1.43e-01   1.08e+00   0.00e+00 (  9.93e+01,  1.70e+02)
55      0.093   2.81e-01   2.72e-01   1.78e-01   1.35e+00   0.00e+00 (  9.00e+01,  1.67e+02)
60      0.123   3.14e-01   3.59e-01   2.44e-01   1.86e+00   0.00e+00 (  8.63e+01,  1.61e+02)
65      0.158   3.56e-01   4.88e-01   3.48e-01   2.47e+00   0.00e+00 (  8.00e+01,  1.52e+02)
70      0.179   3.79e-01   5.76e-01   4.47e-01   2.88e+00   0.00e+00 (  7.14e+01,  1.40e+02)
75      0.203   4.13e-01   6.76e-01   5.55e-01   3.35e+00   0.00e+00 (  6.55e+01,  1.26e+02)
80      0.226   4.69e-01   7.63e-01   6.30e-01   3.95e+00   0.00e+00 (  5.79e+01,  1.10e+02)
85      0.276   7.47e-01   8.90e-01   6.21e-01   6.11e+00   0.00e+00 (  6.48e+01,  9.45e+01)
90      0.845   2.00e+00   2.49e+00   1.38e+00   3.81e+01   0.00e+00 (  5.77e+02,  7.89e+01)
95      0.473   8.33e-01   1.20e+00   8.56e-01   4.03e+01   0.00e+00 (  6.51e+02,  6.31e+01)
36 e: 1.633e-02 i: 1.046e-02 :: e: 7.969e-02 i: 1.313e-01 :: n: 3.012e+01 e:24.760 i:25.203 v:4.993e+03
>>> tau_he = 5.000000, nhe(0)=3.542272e+00
 5     -0.007   8.45e-03   1.41e+00   5.51e-03  -3.48e-02   0.00e+00 (  2.90e+00,  3.15e+01)
10     -0.004   1.11e-02   6.33e-03   2.63e-03  -2.73e-02   0.00e+00 (  8.13e+00,  6.73e+01)
15     -0.027   7.91e-02  -5.23e-02   1.14e-02  -2.03e-01   0.00e+00 (  6.43e+01,  9.84e+01)
20      0.015   1.45e-01   6.09e-02  -2.40e-02   1.28e-01   0.00e+00 (  1.15e+02,  1.23e+02)
25      0.064   1.80e-01   1.25e-01   1.61e-03   6.23e-01   0.00e+00 (  1.37e+02,  1.40e+02)
30      0.064   2.26e-01   1.65e-01  -2.89e-02   6.82e-01   0.00e+00 (  1.63e+02,  1.51e+02)
35      0.123   3.17e-01   3.04e-01   1.10e-01   1.43e+00   0.00e+00 (  2.07e+02,  1.60e+02)
40      0.110   3.31e-01   3.51e-01   1.08e-01   1.37e+00   0.00e+00 (  1.97e+02,  1.66e+02)
45      0.126   3.66e-01   4.18e-01   1.53e-01   1.66e+00   0.00e+00 (  1.94e+02,  1.70e+02)
50      0.140   4.07e-01   5.05e-01   2.56e-01   1.95e+00   0.00e+00 (  1.87e+02,  1.70e+02)
55      0.147   4.45e-01   5.98e-01   3.30e-01   2.14e+00   0.00e+00 (  1.78e+02,  1.67e+02)
60      0.117   4.18e-01   5.35e-01   3.45e-01   1.76e+00   0.00e+00 (  1.45e+02,  1.61e+02)
65      0.141   4.55e-01   6.41e-01   4.44e-01   2.19e+00   0.00e+00 (  1.32e+02,  1.52e+02)
70      0.142   4.50e-01   6.44e-01   4.94e-01   2.27e+00   0.00e+00 (  1.11e+02,  1.40e+02)
75      0.143   4.30e-01   6.42e-01   5.27e-01   2.36e+00   0.00e+00 (  9.10e+01,  1.26e+02)
80      0.154   3.88e-01   6.34e-01   5.07e-01   2.69e+00   0.00e+00 (  6.59e+01,  1.10e+02)
85      0.241   5.94e-01   7.86e-01   5.06e-01   5.33e+00   0.00e+00 (  7.52e+01,  9.45e+01)
90      0.849   1.98e+00   2.52e+00   1.37e+00   3.82e+01   0.00e+00 (  6.15e+02,  7.89e+01)
95      0.473   8.33e-01   1.20e+00   8.56e-01   4.03e+01   0.00e+00 (  6.51e+02,  6.31e+01)
37 e: 2.391e-02 i: 8.094e-03 :: e: 8.047e-02 i: 1.038e-01 :: n: 3.012e+01 e:21.504 i:27.480 v:4.993e+03
>>> tau_he = 5.000000, nhe(0)=3.726015e+00
 5     -0.007   9.79e-03   1.45e+00   3.92e-03  -3.61e-02   0.00e+00 (  2.98e+00,  3.15e+01)
10     -0.004   1.76e-02   7.93e-03   2.86e-03  -2.19e-02   0.00e+00 (  1.16e+01,  6.73e+01)
15     -0.021   7.12e-02  -1.02e-02   1.60e-02  -1.57e-01   0.00e+00 (  5.16e+01,  9.84e+01)
20      0.026   1.34e-01   2.63e-02   1.43e-02   2.28e-01   0.00e+00 (  9.41e+01,  1.23e+02)
25      0.061   1.67e-01   7.28e-02   6.45e-03   5.90e-01   0.00e+00 (  1.12e+02,  1.40e+02)
30      0.053   1.96e-01   1.08e-01   1.71e-02   5.68e-01   0.00e+00 (  1.23e+02,  1.51e+02)
35      0.051   2.04e-01   1.13e-01   3.53e-02   5.97e-01   0.00e+00 (  1.13e+02,  1.60e+02)
40      0.055   2.31e-01   1.36e-01   4.92e-02   6.90e-01   0.00e+00 (  1.15e+02,  1.66e+02)
45      0.064   2.44e-01   1.63e-01   6.27e-02   8.42e-01   0.00e+00 (  1.07e+02,  1.70e+02)
50      0.077   2.60e-01   2.09e-01   1.42e-01   1.07e+00   0.00e+00 (  9.66e+01,  1.70e+02)
55      0.092   2.76e-01   2.67e-01   1.76e-01   1.34e+00   0.00e+00 (  8.71e+01,  1.67e+02)
60      0.121   3.08e-01   3.52e-01   2.39e-01   1.83e+00   0.00e+00 (  8.32e+01,  1.61e+02)
65      0.156   3.48e-01   4.78e-01   3.42e-01   2.44e+00   0.00e+00 (  7.71e+01,  1.52e+02)
70      0.177   3.71e-01   5.65e-01   4.40e-01   2.84e+00   0.00e+00 (  6.87e+01,  1.40e+02)
75      0.200   4.07e-01   6.63e-01   5.46e-01   3.30e+00   0.00e+00 (  6.30e+01,  1.26e+02)
80      0.223   4.64e-01   7.48e-01   6.19e-01   3.89e+00   0.00e+00 (  5.61e+01,  1.10e+02)
85      0.274   7.49e-01   8.81e-01   6.13e-01   6.07e+00   0.00e+00 (  6.38e+01,  9.45e+01)
90      0.845   2.00e+00   2.49e+00   1.38e+00   3.80e+01   0.00e+00 (  5.76e+02,  7.89e+01)
95      0.473   8.33e-01   1.20e+00   8.56e-01   4.03e+01   0.00e+00 (  6.51e+02,  6.31e+01)
38 e: 1.711e-02 i: 1.098e-02 :: e: 8.462e-02 i: 1.314e-01 :: n: 3.012e+01 e:24.719 i:25.085 v:4.993e+03
>>> tau_he = 5.000000, nhe(0)=3.531727e+00
 5     -0.007   8.36e-03   1.40e+00   5.52e-03  -3.47e-02   0.00e+00 (  2.87e+00,  3.15e+01)
10     -0.004   1.11e-02   6.29e-03   2.64e-03  -2.71e-02   0.00e+00 (  8.15e+00,  6.73e+01)
15     -0.027   7.88e-02  -5.20e-02   1.12e-02  -2.05e-01   0.00e+00 (  6.42e+01,  9.84e+01)
20      0.014   1.49e-01   6.13e-02  -2.43e-02   1.18e-01   0.00e+00 (  1.18e+02,  1.23e+02)
25      0.064   1.80e-01   1.27e-01  -3.25e-03   6.16e-01   0.00e+00 (  1.38e+02,  1.40e+02)
30      0.131   3.26e-01   3.05e-01   8.18e-02   1.40e+00   0.00e+00 (  2.35e+02,  1.51e+02)
35      0.122   3.15e-01   3.04e-01   1.10e-01   1.41e+00   0.00e+00 (  2.05e+02,  1.60e+02)
40      0.109   3.28e-01   3.50e-01   1.08e-01   1.36e+00   0.00e+00 (  1.95e+02,  1.66e+02)
45      0.125   3.63e-01   4.19e-01   1.57e-01   1.65e+00   0.00e+00 (  1.92e+02,  1.70e+02)
50      0.138   4.03e-01   5.04e-01   2.56e-01   1.93e+00   0.00e+00 (  1.85e+02,  1.70e+02)
55      0.144   4.40e-01   5.92e-01   3.28e-01   2.10e+00   0.00e+00 (  1.74e+02,  1.67e+02)
60      0.114   4.13e-01   5.27e-01   3.37e-01   1.73e+00   0.00e+00 (  1.42e+02,  1.61e+02)
65      0.138   4.48e-01   6.31e-01   4.36e-01   2.16e+00   0.00e+00 (  1.28e+02,  1.52e+02)
70      0.139   4.41e-01   6.30e-01   4.85e-01   2.22e+00   0.00e+00 (  1.08e+02,  1.40e+02)
75      0.140   4.21e-01   6.25e-01   5.14e-01   2.31e+00   0.00e+00 (  8.79e+01,  1.26e+02)
80      0.150   3.79e-01   6.16e-01   4.93e-01   2.62e+00   0.00e+00 (  6.35e+01,  1.10e+02)
85      0.240   5.94e-01   7.78e-01   4.98e-01   5.31e+00   0.00e+00 (  7.45e+01,  9.45e+01)
90      0.849   1.99e+00   2.52e+00   1.36e+00   3.82e+01   0.00e+00 (  6.15e+02,  7.89e+01)
95      0.473   8.33e-01   1.20e+00   8.56e-01   4.03e+01   0.00e+00 (  6.51e+02,  6.31e+01)
39 e: 2.539e-02 i: 8.522e-03 :: e: 8.730e-02 i: 1.171e-01 :: n: 3.012e+01 e:21.368 i:27.362 v:4.993e+03
>>> tau_he = 5.000000, nhe(0)=3.717143e+00
 5     -0.007   9.68e-03   1.43e+00   3.91e-03  -3.60e-02   0.00e+00 (  2.94e+00,  3.15e+01)
10     -0.004   1.59e-02   7.93e-03   2.72e-03  -2.19e-02   0.00e+00 (  1.05e+01,  6.73e+01)
15     -0.021   7.10e-02  -1.02e-02   1.60e-02  -1.59e-01   0.00e+00 (  5.15e+01,  9.84e+01)
20      0.026   1.33e-01   2.66e-02   1.40e-02   2.25e-01   0.00e+00 (  9.35e+01,  1.23e+02)
25      0.060   1.68e-01   7.27e-02   6.34e-03   5.81e-01   0.00e+00 (  1.12e+02,  1.40e+02)
30      0.058   1.90e-01   9.88e-02   1.84e-02   6.21e-01   0.00e+00 (  1.16e+02,  1.51e+02)
35      0.051   2.02e-01   1.10e-01   3.48e-02   5.89e-01   0.00e+00 (  1.11e+02,  1.60e+02)
40      0.055   2.29e-01   1.34e-01   4.88e-02   6.81e-01   0.00e+00 (  1.13e+02,  1.66e+02)
45      0.062   2.40e-01   1.62e-01   6.27e-02   8.23e-01   0.00e+00 (  1.04e+02,  1.70e+02)
50      0.076   2.56e-01   2.06e-01   1.40e-01   1.06e+00   0.00e+00 (  9.43e+01,  1.70e+02)
55      0.091   2.71e-01   2.63e-01   1.74e-01   1.32e+00   0.00e+00 (  8.46e+01,  1.67e+02)
60      0.120   3.03e-01   3.47e-01   2.39e-01   1.82e+00   0.00e+00 (  8.08e+01,  1.61e+02)
65      0.151   3.34e-01   4.46e-01   3.26e-01   2.35e+00   0.00e+00 (  7.28e+01,  1.52e+02)
70      0.175   3.66e-01   5.56e-01   4.33e-01   2.81e+00   0.00e+00 (  6.65e+01,  1.40e+02)
75      0.198   4.01e-01   6.53e-01   5.38e-01   3.27e+00   0.00e+00 (  6.10e+01,  1.26e+02)
80      0.220   4.61e-01   7.36e-01   6.10e-01   3.85e+00   0.00e+00 (  5.44e+01,  1.10e+02)
85      0.273   7.54e-01   8.72e-01   6.06e-01   6.04e+00   0.00e+00 (  6.27e+01,  9.45e+01)
90      0.845   2.00e+00   2.49e+00   1.38e+00   3.80e+01   0.00e+00 (  5.74e+02,  7.89e+01)
95      0.473   8.33e-01   1.20e+00   8.56e-01   4.03e+01   0.00e+00 (  6.51e+02,  6.31e+01)
40 e: 1.797e-02 i: 1.158e-02 :: e: 9.454e-02 i: 1.385e-01 :: n: 3.012e+01 e:24.639 i:24.902 v:4.993e+03
>>> tau_he = 5.000000, nhe(0)=3.515206e+00
 5     -0.007   8.23e-03   1.38e+00   5.52e-03  -3.43e-02   0.00e+00 (  2.82e+00,  3.15e+01)
10     -0.003   1.13e-02   6.14e-03   2.77e-03  -2.12e-02   0.00e+00 (  8.29e+00,  6.73e+01)
15     -0.037   7.79e-02  -5.06e-02   1.07e-02  -2.74e-01   0.00e+00 (  6.34e+01,  9.84e+01)
20      0.013   1.48e-01   6.22e-02  -2.48e-02   1.15e-01   0.00e+00 (  1.17e+02,  1.23e+02)
25      0.130   3.02e-01   3.19e-01   9.87e-02   1.26e+00   0.00e+00 (  2.30e+02,  1.40e+02)
30      0.061   2.19e-01   1.63e-01  -2.07e-02   6.55e-01   0.00e+00 (  1.55e+02,  1.51e+02)
35      0.120   3.12e-01   3.02e-01   1.10e-01   1.40e+00   0.00e+00 (  2.02e+02,  1.60e+02)
40      0.108   3.26e-01   3.51e-01   1.07e-01   1.35e+00   0.00e+00 (  1.93e+02,  1.66e+02)
45      0.126   3.62e-01   4.20e-01   1.61e-01   1.67e+00   0.00e+00 (  1.90e+02,  1.70e+02)
50      0.137   4.01e-01   5.05e-01   2.56e-01   1.91e+00   0.00e+00 (  1.83e+02,  1.70e+02)
55      0.142   4.37e-01   5.89e-01   3.27e-01   2.07e+00   0.00e+00 (  1.72e+02,  1.67e+02)
60      0.113   4.09e-01   5.23e-01   3.36e-01   1.70e+00   0.00e+00 (  1.40e+02,  1.61e+02)
65      0.137   4.45e-01   6.27e-01   4.34e-01   2.13e+00   0.00e+00 (  1.27e+02,  1.52e+02)
70      0.136   4.36e-01   6.21e-01   4.78e-01   2.19e+00   0.00e+00 (  1.06e+02,  1.40e+02)
75      0.137   4.13e-01   6.12e-01   5.04e-01   2.26e+00   0.00e+00 (  8.56e+01,  1.26e+02)
80      0.147   3.71e-01   6.02e-01   4.81e-01   2.57e+00   0.00e+00 (  6.16e+01,  1.10e+02)
85      0.239   5.94e-01   7.71e-01   4.91e-01   5.29e+00   0.00e+00 (  7.38e+01,  9.45e+01)
90      0.848   1.99e+00   2.52e+00   1.36e+00   3.82e+01   0.00e+00 (  6.14e+02,  7.89e+01)
95      0.473   8.33e-01   1.20e+00   8.56e-01   4.03e+01   0.00e+00 (  6.51e+02,  6.31e+01)
41 e: 2.689e-02 i: 9.196e-03 :: e: 8.544e-02 i: 1.228e-01 :: n: 3.012e+01 e:21.205 i:27.165 v:4.993e+03
>>> tau_he = 5.000000, nhe(0)=3.702150e+00
 5     -0.007   9.51e-03   1.40e+00   3.89e-03  -3.55e-02   0.00e+00 (  2.88e+00,  3.15e+01)
10     -0.004   1.35e-02   7.79e-03   2.43e-03  -2.30e-02   0.00e+00 (  8.84e+00,  6.73e+01)
15     -0.021   6.92e-02  -1.02e-02   1.69e-02  -1.57e-01   0.00e+00 (  5.00e+01,  9.84e+01)
20      0.026   1.30e-01   2.55e-02   1.40e-02   2.25e-01   0.00e+00 (  9.04e+01,  1.23e+02)
25      0.055   1.75e-01   8.61e-02   5.89e-03   5.34e-01   0.00e+00 (  1.14e+02,  1.40e+02)
30      0.057   1.88e-01   9.75e-02   1.82e-02   6.14e-01   0.00e+00 (  1.15e+02,  1.51e+02)
35      0.050   2.00e-01   1.09e-01   3.45e-02   5.83e-01   0.00e+00 (  1.09e+02,  1.60e+02)
40      0.054   2.26e-01   1.32e-01   4.83e-02   6.71e-01   0.00e+00 (  1.11e+02,  1.66e+02)
45      0.061   2.37e-01   1.59e-01   6.26e-02   8.11e-01   0.00e+00 (  1.02e+02,  1.70e+02)
50      0.075   2.53e-01   2.02e-01   1.39e-01   1.05e+00   0.00e+00 (  9.21e+01,  1.70e+02)
55      0.090   2.67e-01   2.58e-01   1.73e-01   1.31e+00   0.00e+00 (  8.24e+01,  1.67e+02)
60      0.119   2.99e-01   3.42e-01   2.36e-01   1.80e+00   0.00e+00 (  7.86e+01,  1.61e+02)
65      0.150   3.30e-01   4.40e-01   3.22e-01   2.34e+00   0.00e+00 (  7.10e+01,  1.52e+02)
70      0.174   3.61e-01   5.49e-01   4.28e-01   2.79e+00   0.00e+00 (  6.47e+01,  1.40e+02)
75      0.197   3.97e-01   6.45e-01   5.32e-01   3.25e+00   0.00e+00 (  5.93e+01,  1.26e+02)
80      0.219   4.59e-01   7.27e-01   6.03e-01   3.82e+00   0.00e+00 (  5.31e+01,  1.10e+02)
85      0.271   7.59e-01   8.64e-01   5.99e-01   6.01e+00   0.00e+00 (  6.16e+01,  9.45e+01)
90      0.844   2.00e+00   2.49e+00   1.38e+00   3.80e+01   0.00e+00 (  5.73e+02,  7.89e+01)
95      0.473   8.33e-01   1.20e+00   8.56e-01   4.03e+01   0.00e+00 (  6.51e+02,  6.31e+01)
42 e: 1.890e-02 i: 1.223e-02 :: e: 9.992e-02 i: 1.402e-01 :: n: 3.012e+01 e:24.532 i:24.653 v:4.993e+03
>>> tau_he = 5.000000, nhe(0)=3.492391e+00
 5     -0.007   8.05e-03   1.35e+00   5.50e-03  -3.36e-02   0.00e+00 (  2.75e+00,  3.15e+01)
10     -0.003   1.11e-02   5.75e-03   2.71e-03  -2.08e-02   0.00e+00 (  8.16e+00,  6.73e+01)
15     -0.038   7.74e-02  -5.01e-02   9.35e-03  -2.79e-01   0.00e+00 (  6.29e+01,  9.84e+01)
20      0.015   1.40e-01   6.17e-02  -2.46e-02   1.27e-01   0.00e+00 (  1.10e+02,  1.23e+02)
25      0.048   1.69e-01   1.17e-01  -2.50e-03   4.67e-01   0.00e+00 (  1.26e+02,  1.40e+02)
30      0.061   2.18e-01   1.63e-01  -2.04e-02   6.56e-01   0.00e+00 (  1.55e+02,  1.51e+02)
35      0.120   3.10e-01   3.04e-01   1.11e-01   1.40e+00   0.00e+00 (  2.01e+02,  1.60e+02)
40      0.108   3.24e-01   3.51e-01   1.07e-01   1.34e+00   0.00e+00 (  1.92e+02,  1.66e+02)
45      0.125   3.61e-01   4.21e-01   1.64e-01   1.66e+00   0.00e+00 (  1.89e+02,  1.70e+02)
50      0.136   4.00e-01   5.05e-01   2.57e-01   1.90e+00   0.00e+00 (  1.82e+02,  1.70e+02)
55      0.141   4.35e-01   5.87e-01   3.27e-01   2.05e+00   0.00e+00 (  1.70e+02,  1.67e+02)
60      0.111   4.07e-01   5.20e-01   3.34e-01   1.68e+00   0.00e+00 (  1.38e+02,  1.61e+02)
65      0.136   4.42e-01   6.24e-01   4.32e-01   2.11e+00   0.00e+00 (  1.26e+02,  1.52e+02)
70      0.134   4.32e-01   6.13e-01   4.73e-01   2.15e+00   0.00e+00 (  1.04e+02,  1.40e+02)
75      0.135   4.07e-01   6.01e-01   4.96e-01   2.22e+00   0.00e+00 (  8.40e+01,  1.26e+02)
80      0.142   3.63e-01   5.84e-01   4.71e-01   2.48e+00   0.00e+00 (  5.99e+01,  1.10e+02)
85      0.243   6.06e-01   7.76e-01   4.90e-01   5.37e+00   0.00e+00 (  7.47e+01,  9.45e+01)
90      0.848   1.99e+00   2.52e+00   1.36e+00   3.82e+01   0.00e+00 (  6.13e+02,  7.89e+01)
95      0.473   8.33e-01   1.20e+00   8.56e-01   4.03e+01   0.00e+00 (  6.51e+02,  6.31e+01)
43 e: 2.786e-02 i: 9.656e-03 :: e: 7.212e-02 i: 1.083e-01 :: n: 3.012e+01 e:21.078 i:27.103 v:4.993e+03
>>> tau_he = 5.000000, nhe(0)=3.697277e+00
 5     -0.007   9.47e-03   1.41e+00   3.84e-03  -3.49e-02   0.00e+00 (  2.84e+00,  3.15e+01)
10     -0.004   1.32e-02   8.24e-03   2.36e-03  -2.22e-02   0.00e+00 (  8.61e+00,  6.73e+01)
15     -0.021   6.92e-02  -9.02e-03   1.57e-02  -1.53e-01   0.00e+00 (  4.97e+01,  9.84e+01)
20      0.026   1.29e-01   2.46e-02   1.41e-02   2.22e-01   0.00e+00 (  8.90e+01,  1.23e+02)
25      0.055   1.74e-01   8.68e-02   5.77e-03   5.35e-01   0.00e+00 (  1.13e+02,  1.40e+02)
30      0.057   1.87e-01   9.74e-02   1.82e-02   6.11e-01   0.00e+00 (  1.14e+02,  1.51e+02)
35      0.050   1.98e-01   1.07e-01   3.42e-02   5.76e-01   0.00e+00 (  1.07e+02,  1.60e+02)
40      0.053   2.23e-01   1.30e-01   4.77e-02   6.58e-01   0.00e+00 (  1.09e+02,  1.66e+02)
45      0.060   2.35e-01   1.54e-01   6.80e-02   7.93e-01   0.00e+00 (  9.98e+01,  1.70e+02)
50      0.077   2.50e-01   1.92e-01   1.36e-01   1.07e+00   0.00e+00 (  9.02e+01,  1.70e+02)
55      0.089   2.63e-01   2.53e-01   1.72e-01   1.29e+00   0.00e+00 (  8.02e+01,  1.67e+02)
60      0.118   2.94e-01   3.37e-01   2.32e-01   1.78e+00   0.00e+00 (  7.65e+01,  1.61e+02)
65      0.149   3.26e-01   4.35e-01   3.19e-01   2.33e+00   0.00e+00 (  6.92e+01,  1.52e+02)
70      0.173   3.57e-01   5.42e-01   4.24e-01   2.77e+00   0.00e+00 (  6.31e+01,  1.40e+02)
75      0.196   3.95e-01   6.38e-01   5.27e-01   3.23e+00   0.00e+00 (  5.80e+01,  1.26e+02)
80      0.217   4.59e-01   7.20e-01   5.98e-01   3.80e+00   0.00e+00 (  5.21e+01,  1.10e+02)
85      0.270   7.65e-01   8.57e-01   5.93e-01   5.98e+00   0.00e+00 (  6.06e+01,  9.45e+01)
90      0.844   2.00e+00   2.49e+00   1.38e+00   3.80e+01   0.00e+00 (  5.71e+02,  7.89e+01)
95      0.473   8.33e-01   1.20e+00   8.56e-01   4.03e+01   0.00e+00 (  6.51e+02,  6.31e+01)
44 e: 2.023e-02 i: 1.276e-02 :: e: 1.030e-01 i: 1.429e-01 :: n: 3.012e+01 e:24.548 i:24.567 v:4.993e+03
>>> tau_he = 5.000000, nhe(0)=3.484457e+00
 5     -0.007   8.01e-03   1.36e+00   5.51e-03  -3.33e-02   0.00e+00 (  2.74e+00,  3.15e+01)
10     -0.003   1.10e-02   5.88e-03   2.73e-03  -2.08e-02   0.00e+00 (  8.11e+00,  6.73e+01)
15     -0.037   7.72e-02  -4.98e-02   1.02e-02  -2.73e-01   0.00e+00 (  6.28e+01,  9.84e+01)
20      0.014   1.40e-01   6.22e-02  -2.50e-02   1.17e-01   0.00e+00 (  1.10e+02,  1.23e+02)
25      0.051   1.71e-01   1.20e-01  -2.05e-03   4.98e-01   0.00e+00 (  1.29e+02,  1.40e+02)
30      0.062   2.19e-01   1.65e-01  -2.29e-02   6.59e-01   0.00e+00 (  1.57e+02,  1.51e+02)
35      0.120   3.09e-01   3.04e-01   1.12e-01   1.39e+00   0.00e+00 (  2.00e+02,  1.60e+02)
40      0.105   3.26e-01   3.51e-01   1.06e-01   1.30e+00   0.00e+00 (  1.92e+02,  1.66e+02)
45      0.124   3.59e-01   4.22e-01   1.67e-01   1.64e+00   0.00e+00 (  1.88e+02,  1.70e+02)
50      0.135   3.98e-01   5.06e-01   2.58e-01   1.89e+00   0.00e+00 (  1.81e+02,  1.70e+02)
55      0.139   4.33e-01   5.86e-01   3.26e-01   2.03e+00   0.00e+00 (  1.69e+02,  1.67e+02)
60      0.109   4.04e-01   5.17e-01   3.33e-01   1.65e+00   0.00e+00 (  1.37e+02,  1.61e+02)
65      0.134   4.40e-01   6.20e-01   4.29e-01   2.09e+00   0.00e+00 (  1.25e+02,  1.52e+02)
70      0.132   4.28e-01   6.05e-01   4.67e-01   2.12e+00   0.00e+00 (  1.03e+02,  1.40e+02)
75      0.132   4.03e-01   5.92e-01   4.89e-01   2.18e+00   0.00e+00 (  8.27e+01,  1.26e+02)
80      0.139   3.58e-01   5.73e-01   4.63e-01   2.43e+00   0.00e+00 (  5.87e+01,  1.10e+02)
85      0.242   6.07e-01   7.70e-01   4.83e-01   5.37e+00   0.00e+00 (  7.42e+01,  9.45e+01)
90      0.848   1.99e+00   2.52e+00   1.36e+00   3.82e+01   0.00e+00 (  6.13e+02,  7.89e+01)
95      0.473   8.33e-01   1.20e+00   8.56e-01   4.03e+01   0.00e+00 (  6.51e+02,  6.31e+01)
45 e: 2.940e-02 i: 1.040e-02 :: e: 7.275e-02 i: 1.100e-01 :: n: 3.012e+01 e:21.009 i:27.124 v:4.993e+03
>>> tau_he = 5.000000, nhe(0)=3.698823e+00
 5     -0.007   9.49e-03   1.41e+00   3.81e-03  -3.47e-02   0.00e+00 (  2.84e+00,  3.15e+01)
10     -0.004   1.34e-02   8.29e-03   2.38e-03  -2.22e-02   0.00e+00 (  8.72e+00,  6.73e+01)
15     -0.020   6.90e-02  -8.51e-03   1.56e-02  -1.52e-01   0.00e+00 (  4.95e+01,  9.84e+01)
20      0.025   1.29e-01   2.42e-02   1.40e-02   2.17e-01   0.00e+00 (  8.91e+01,  1.23e+02)
25      0.045   1.63e-01   6.82e-02   5.38e-03   4.39e-01   0.00e+00 (  1.07e+02,  1.40e+02)
30      0.048   1.89e-01   1.01e-01   1.65e-02   5.13e-01   0.00e+00 (  1.16e+02,  1.51e+02)
35      0.049   1.96e-01   1.06e-01   3.38e-02   5.69e-01   0.00e+00 (  1.06e+02,  1.60e+02)
40      0.052   2.21e-01   1.28e-01   4.72e-02   6.49e-01   0.00e+00 (  1.07e+02,  1.66e+02)
45      0.059   2.33e-01   1.51e-01   6.74e-02   7.82e-01   0.00e+00 (  9.81e+01,  1.70e+02)
50      0.075   2.48e-01   1.94e-01   1.37e-01   1.05e+00   0.00e+00 (  8.86e+01,  1.70e+02)
55      0.088   2.60e-01   2.48e-01   1.70e-01   1.28e+00   0.00e+00 (  7.84e+01,  1.67e+02)
60      0.117   2.90e-01   3.32e-01   2.29e-01   1.77e+00   0.00e+00 (  7.47e+01,  1.61e+02)
65      0.148   3.22e-01   4.29e-01   3.15e-01   2.31e+00   0.00e+00 (  6.77e+01,  1.52e+02)
70      0.172   3.54e-01   5.37e-01   4.20e-01   2.76e+00   0.00e+00 (  6.17e+01,  1.40e+02)
75      0.195   3.93e-01   6.33e-01   5.24e-01   3.22e+00   0.00e+00 (  5.69e+01,  1.26e+02)
80      0.217   4.59e-01   7.14e-01   5.94e-01   3.79e+00   0.00e+00 (  5.12e+01,  1.10e+02)
85      0.269   7.72e-01   8.50e-01   5.88e-01   5.96e+00   0.00e+00 (  5.96e+01,  9.45e+01)
90      0.844   2.00e+00   2.49e+00   1.38e+00   3.80e+01   0.00e+00 (  5.70e+02,  7.89e+01)
95      0.473   8.33e-01   1.20e+00   8.56e-01   4.03e+01   0.00e+00 (  6.51e+02,  6.31e+01)
46 e: 2.161e-02 i: 1.347e-02 :: e: 1.064e-01 i: 1.458e-01 :: n: 3.012e+01 e:24.606 i:24.530 v:4.993e+03
>>> tau_he = 5.000000, nhe(0)=3.480968e+00
 5     -0.007   8.00e-03   1.36e+00   5.53e-03  -3.31e-02   0.00e+00 (  2.73e+00,  3.15e+01)
10     -0.003   1.10e-02   5.99e-03   2.75e-03  -2.08e-02   0.00e+00 (  8.12e+00,  6.73e+01)
15     -0.037   7.73e-02  -5.00e-02   1.01e-02  -2.75e-01   0.00e+00 (  6.31e+01,  9.84e+01)
20      0.012   1.41e-01   6.31e-02  -2.55e-02   1.07e-01   0.00e+00 (  1.12e+02,  1.23e+02)
25      0.053   1.73e-01   1.23e-01  -7.57e-03   5.13e-01   0.00e+00 (  1.31e+02,  1.40e+02)
30      0.128   3.18e-01   3.04e-01   8.67e-02   1.37e+00   0.00e+00 (  2.29e+02,  1.51e+02)
35      0.119   3.09e-01   3.06e-01   1.13e-01   1.39e+00   0.00e+00 (  2.01e+02,  1.60e+02)
40      0.104   3.26e-01   3.53e-01   1.06e-01   1.30e+00   0.00e+00 (  1.92e+02,  1.66e+02)
45      0.124   3.59e-01   4.25e-01   1.69e-01   1.64e+00   0.00e+00 (  1.88e+02,  1.70e+02)
50      0.135   3.98e-01   5.09e-01   2.59e-01   1.88e+00   0.00e+00 (  1.81e+02,  1.70e+02)
55      0.138   4.32e-01   5.87e-01   3.27e-01   2.01e+00   0.00e+00 (  1.69e+02,  1.67e+02)
60      0.108   4.04e-01   5.16e-01   3.33e-01   1.63e+00   0.00e+00 (  1.37e+02,  1.61e+02)
65      0.132   4.41e-01   6.17e-01   4.28e-01   2.06e+00   0.00e+00 (  1.25e+02,  1.52e+02)
70      0.130   4.26e-01   6.01e-01   4.64e-01   2.09e+00   0.00e+00 (  1.03e+02,  1.40e+02)
75      0.130   4.00e-01   5.84e-01   4.83e-01   2.14e+00   0.00e+00 (  8.20e+01,  1.26e+02)
80      0.134   3.43e-01   5.50e-01   4.33e-01   2.34e+00   0.00e+00 (  5.61e+01,  1.10e+02)
85      0.244   6.11e-01   7.68e-01   4.83e-01   5.39e+00   0.00e+00 (  7.43e+01,  9.45e+01)
90      0.848   1.99e+00   2.52e+00   1.36e+00   3.82e+01   0.00e+00 (  6.12e+02,  7.89e+01)
95      0.473   8.33e-01   1.20e+00   8.56e-01   4.03e+01   0.00e+00 (  6.51e+02,  6.31e+01)
47 e: 3.156e-02 i: 1.113e-02 :: e: 8.775e-02 i: 1.263e-01 :: n: 3.012e+01 e:20.939 i:27.132 v:4.993e+03
>>> tau_he = 5.000000, nhe(0)=3.699403e+00
 5     -0.007   9.48e-03   1.41e+00   3.79e-03  -3.48e-02   0.00e+00 (  2.83e+00,  3.15e+01)
10     -0.004   1.38e-02   8.19e-03   2.42e-03  -2.22e-02   0.00e+00 (  8.98e+00,  6.73e+01)
15     -0.020   6.79e-02  -8.38e-03   1.67e-02  -1.52e-01   0.00e+00 (  4.87e+01,  9.84e+01)
20      0.025   1.29e-01   2.45e-02   1.38e-02   2.13e-01   0.00e+00 (  8.97e+01,  1.23e+02)
25      0.047   1.62e-01   6.87e-02   6.05e-03   4.54e-01   0.00e+00 (  1.06e+02,  1.40e+02)
30      0.052   1.84e-01   9.27e-02   1.74e-02   5.54e-01   0.00e+00 (  1.11e+02,  1.51e+02)
35      0.049   1.95e-01   1.04e-01   3.32e-02   5.64e-01   0.00e+00 (  1.05e+02,  1.60e+02)
40      0.052   2.20e-01   1.26e-01   4.67e-02   6.43e-01   0.00e+00 (  1.06e+02,  1.66e+02)
45      0.058   2.31e-01   1.49e-01   6.65e-02   7.73e-01   0.00e+00 (  9.70e+01,  1.70e+02)
50      0.075   2.45e-01   1.91e-01   1.36e-01   1.04e+00   0.00e+00 (  8.73e+01,  1.70e+02)
55      0.087   2.57e-01   2.45e-01   1.68e-01   1.27e+00   0.00e+00 (  7.72e+01,  1.67e+02)
60      0.117   2.88e-01   3.28e-01   2.27e-01   1.76e+00   0.00e+00 (  7.35e+01,  1.61e+02)
65      0.152   3.28e-01   4.51e-01   3.24e-01   2.37e+00   0.00e+00 (  6.83e+01,  1.52e+02)
70      0.172   3.52e-01   5.34e-01   4.18e-01   2.76e+00   0.00e+00 (  6.08e+01,  1.40e+02)
75      0.196   3.93e-01   6.31e-01   5.23e-01   3.23e+00   0.00e+00 (  5.62e+01,  1.26e+02)
80      0.218   4.61e-01   7.14e-01   5.94e-01   3.81e+00   0.00e+00 (  5.06e+01,  1.10e+02)
85      0.269   7.80e-01   8.47e-01   5.85e-01   5.95e+00   0.00e+00 (  5.89e+01,  9.45e+01)
90      0.844   2.01e+00   2.49e+00   1.37e+00   3.80e+01   0.00e+00 (  5.68e+02,  7.89e+01)
95      0.473   8.33e-01   1.20e+00   8.56e-01   4.03e+01   0.00e+00 (  6.51e+02,  6.31e+01)
48 e: 2.303e-02 i: 1.444e-02 :: e: 1.082e-01 i: 1.473e-01 :: n: 3.012e+01 e:24.640 i:24.444 v:4.993e+03
>>> tau_he = 5.000000, nhe(0)=3.472872e+00
 5     -0.007   7.94e-03   1.35e+00   5.54e-03  -3.30e-02   0.00e+00 (  2.72e+00,  3.15e+01)
10     -0.003   1.10e-02   5.90e-03   2.75e-03  -2.07e-02   0.00e+00 (  8.11e+00,  6.73e+01)
15     -0.038   7.75e-02  -5.03e-02   9.06e-03  -2.85e-01   0.00e+00 (  6.35e+01,  9.84e+01)
20      0.012   1.41e-01   6.46e-02  -2.64e-02   9.95e-02   0.00e+00 (  1.12e+02,  1.23e+02)
25      0.130   2.96e-01   3.17e-01   1.01e-01   1.26e+00   0.00e+00 (  2.26e+02,  1.40e+02)
30      0.061   2.17e-01   1.66e-01  -1.89e-02   6.47e-01   0.00e+00 (  1.54e+02,  1.51e+02)
35      0.119   3.09e-01   3.08e-01   1.13e-01   1.39e+00   0.00e+00 (  2.01e+02,  1.60e+02)
40      0.105   3.27e-01   3.56e-01   1.07e-01   1.31e+00   0.00e+00 (  1.93e+02,  1.66e+02)
45      0.124   3.61e-01   4.30e-01   1.72e-01   1.65e+00   0.00e+00 (  1.90e+02,  1.70e+02)
50      0.135   4.00e-01   5.15e-01   2.61e-01   1.88e+00   0.00e+00 (  1.82e+02,  1.70e+02)
55      0.138   4.34e-01   5.92e-01   3.30e-01   2.01e+00   0.00e+00 (  1.70e+02,  1.67e+02)
60      0.107   4.06e-01   5.20e-01   3.35e-01   1.62e+00   0.00e+00 (  1.38e+02,  1.61e+02)
65      0.131   4.42e-01   6.17e-01   4.29e-01   2.04e+00   0.00e+00 (  1.26e+02,  1.52e+02)
70      0.129   4.27e-01   6.00e-01   4.64e-01   2.07e+00   0.00e+00 (  1.03e+02,  1.40e+02)
75      0.128   4.00e-01   5.82e-01   4.82e-01   2.12e+00   0.00e+00 (  8.24e+01,  1.26e+02)
80      0.132   3.42e-01   5.46e-01   4.30e-01   2.31e+00   0.00e+00 (  5.61e+01,  1.10e+02)
85      0.243   6.12e-01   7.65e-01   4.79e-01   5.39e+00   0.00e+00 (  7.44e+01,  9.45e+01)
90      0.848   1.99e+00   2.52e+00   1.36e+00   3.82e+01   0.00e+00 (  6.12e+02,  7.89e+01)
95      0.473   8.33e-01   1.20e+00   8.56e-01   4.03e+01   0.00e+00 (  6.51e+02,  6.31e+01)
49 e: 3.409e-02 i: 1.204e-02 :: e: 8.975e-02 i: 1.331e-01 :: n: 3.012e+01 e:20.836 i:27.060 v:4.993e+03
 plasma volume = 151.391440
 stored energy(e,i,b,a) = 6.151567e+01 6.739314e+01 0.000000e+00 0.000000e+00
 betan = 1.442358
*power
 Pnb(e,i) = 0.000000e+00 0.000000e+00
 Prf(e,i) = 1.160616e+01 2.839251e+01
 Prad     = -9.383704e+01 
 Pei      = 5.294347e+01 
 Pfuse    = 6.190668e+01 
 Pfusi    = 2.145974e+01 
 Poh      = 0.000000e+00 
*confinement time
 taut, tauITER98y2, H98y2 : 4.365639e+00 3.195127e+00 1.366343e+00
 taue, taui : 1.885869e+00 -2.140570e+00
 taut, tau89, H89 : 4.365639e+00 1.289840e+00 3.384637e+00
*temperature
 nea, nebar : 2.054153e+01 2.349242e+01 
 tea, tia : 7.303869e+00 8.712396e+00 (8.383308e-01)
 te0, ti0 : 1.836332e+01 2.675442e+01 (6.863661e-01)
 Sn : 0.000000e+00 
*current balance
 Ip,Ibs,Inb,Irf: 1.000000e+01 2.178889e+00 0.000000e+00 3.148034e-01
 fni,fbs: 0.249 0.218

 plasma volume = 151.391440
 stored energy(e,i,b,a) = 6.151567e+01 6.739314e+01 0.000000e+00 0.000000e+00
 betan = 1.442358
*power
 Pnb(e,i) = 0.000000e+00 0.000000e+00
 Prf(e,i) = 1.160616e+01 2.839251e+01
 Prad     = -9.383704e+01 
 Pei      = 5.294347e+01 
 Pfuse    = 6.190668e+01 
 Pfusi    = 2.145974e+01 
 Poh      = 0.000000e+00 
*confinement time
 taut, tauITER98y2, H98y2 : 4.365639e+00 3.195127e+00 1.366343e+00
 taue, taui : 1.885869e+00 -2.140570e+00
 taut, tau89, H89 : 4.365639e+00 1.289840e+00 3.384637e+00
*temperature
 nea, nebar : 2.054153e+01 2.349242e+01 
 tea, tia : 7.303869e+00 8.712396e+00 (8.383308e-01)
 te0, ti0 : 1.836332e+01 2.675442e+01 (6.863661e-01)
 Sn : 0.000000e+00 
*current balance
 Ip,Ibs,Inb,Irf: 1.000000e+01 2.178889e+00 0.000000e+00 3.148034e-01
 fni,fbs: 0.249 0.218
 ELAPASED TIME = 47 sec

finalize
